07-20 16:38:30.977   749  2144 D libgps  : proxy_gnss_sv_status_cb: called. num_svs(5)
07-20 16:38:30.977 30623 30654 D HwLBSService HigeoLocationManager: enter setChrDataCallback, eventId:19029,subEventId:3,content:1532075901999,0,48.000000
07-20 16:38:30.978 30623 30651 D HwLBSService HigeoLocationManager: recevieChrDataFromFusionDaemon id:19029, count:3 , content:1532075901999,0,48.000000
07-20 16:38:30.978 30623 30651 D HwLBSService LBSChrLog: logExtendGpsPosStatus status: 1532075901999,0,48.000000
07-20 16:38:30.978 30623 30651 D HwLBSService.LBSChrLogManager: gps_pos_status: 1532075901999,0,48.000000
07-20 16:38:30.981  2180  2192 D NcDft_ServiceImpl: notifyNcDftEvent domain is : 0 ;eventID is: 25 ;List is [0, 5, 1532075901999,0,48.000000]
07-20 16:38:30.982  2180  2338 D NcDft_HwLBSService.HiGeoSessionEvent: setGpsPosStatus:1532075901999,0,48.000000
07-20 16:38:30.982  1197 22952 I chatty  : uid=1000(system) ipl_recv expire 140 lines
07-20 16:38:30.982  2180  2338 E NcDft_GnssDftManager: no position report in 4s
07-20 16:38:30.983  2180  2338 D NcDft_GnssDftManager: handlerLostLocation , GPS_LOW_SIGNAl
07-20 16:38:30.983  2180  2338 D NcDft_GnssDftManager: mSvCount is : 10NormalSv num is : 0BestSv num is : 0
07-20 16:38:30.983  2180  2338 D NcDft_GnssDftManager: reportPosErr, errorcode = 19
07-20 16:38:30.983  2180  2338 I iMonitor: create: 910000007
07-20 16:38:30.983  2180  2338 I iMonitor: create: 910009006
07-20 16:38:30.983  2180  2338 I iMonitor: create: 910009002
07-20 16:38:30.985  2180  2338 I iMonitor: create: 910009005
07-20 16:38:30.988  2209  3617 D PhoneInterfaceManager: [PhoneIntfMgr] getDataEnabled: subId=0 phoneId=0
07-20 16:38:30.989  2209  3617 D PhoneInterfaceManager: [PhoneIntfMgr] getDataEnabled: subId=0 retVal=true
07-20 16:38:30.995  2180  2338 I iMonitor: create: 910009009
07-20 16:38:30.995  2180  2338 I iMonitor: create: 910009004
07-20 16:38:30.995  2180  2338 I iMonitor: create: 910009003
07-20 16:38:30.996  2180  2338 I iMonitor: create: 910009008
07-20 16:38:30.996  2180  2338 I iMonitor: create: 910009008
07-20 16:38:30.997  2180  2338 I iMonitor: create: 910009008
07-20 16:38:30.998  2180  2338 I iMonitor: create: 910009008
07-20 16:38:30.998  2180  2338 I iMonitor: send: 910000007
07-20 16:38:31.010  2180  2299 W zygote64: Checksum mismatch for dex HwChrService.apk
07-20 16:38:31.012  2180  2299 W zygote64: Checksum mismatch for dex HwUserExperience.apk
07-20 16:38:31.012  2180  2299 W zygote64: Checksum mismatch for dex HwUserExperience.apk
07-20 16:38:31.014  2180  2299 W zygote64: Checksum mismatch for dex HiView.apk
07-20 16:38:31.014  2180  2299 W zygote64: Checksum mismatch for dex HiView.apk
07-20 16:38:31.032 24996 24996 I Monkey  : :Sending Touch (ACTION_DOWN): 0:(802.0,43.0)
07-20 16:38:31.035 24996 24996 I Monkey  : :Sending Touch (ACTION_UP): 0:(807.53064,41.725937)
07-20 16:38:31.038 24996 24996 I Monkey  : Sleeping for 300 milliseconds
07-20 16:38:31.039  1766  1766 I chatty  : uid=10039(u0_a39) com.android.systemui expire 156 lines
07-20 16:38:31.341 24996 24996 I Monkey  : :Sending Touch (ACTION_DOWN): 0:(344.0,1095.0)
07-20 16:38:31.350 24996 24996 I Monkey  : :Sending Touch (ACTION_UP): 0:(334.38327,1093.3517)
07-20 16:38:31.354 24996 24996 I Monkey  : Sleeping for 300 milliseconds
07-20 16:38:31.658 24996 24996 I Monkey  : :Sending Touch (ACTION_DOWN): 0:(106.0,955.0)
07-20 16:38:31.669 24996 24996 I Monkey  : :Sending Touch (ACTION_MOVE): 0:(117.151306,950.35266)
07-20 16:38:31.674 24996 24996 I Monkey  : :Sending Touch (ACTION_MOVE): 0:(134.48546,948.66345)
07-20 16:38:31.682 24996 24996 I Monkey  : :Sending Touch (ACTION_MOVE): 0:(148.69594,939.96893)
07-20 16:38:31.688 24996 24996 I Monkey  : :Sending Touch (ACTION_UP): 0:(157.20895,932.356)
07-20 16:38:31.699 24996 24996 I Monkey  : Sleeping for 300 milliseconds
07-20 16:38:31.755   746   790 W         : iawared check failed: pid = 7987  uid=99000
07-20 16:38:31.985   749  2144 D libgps  : proxy_gnss_sv_status_cb: called. num_svs(5)
07-20 16:38:32.002 24996 24996 I Monkey  : :Sending Touch (ACTION_DOWN): 0:(986.0,467.0)
07-20 16:38:32.010 24996 24996 I Monkey  : :Sending Touch (ACTION_UP): 0:(988.55664,467.1318)
07-20 16:38:32.021 24996 24996 I Monkey  : Sleeping for 300 milliseconds
07-20 16:38:32.323 24996 24996 I Monkey  : :Sending Touch (ACTION_DOWN): 0:(958.0,369.0)
07-20 16:38:32.332 24996 24996 I Monkey  : :Sending Touch (ACTION_UP): 0:(955.1362,387.25195)
07-20 16:38:32.335 24996 24996 I Monkey  : Sleeping for 300 milliseconds
07-20 16:38:32.639 24996 24996 I Monkey  : :Sending Touch (ACTION_DOWN): 0:(586.0,106.0)
07-20 16:38:32.644 24996 24996 I Monkey  : :Sending Touch (ACTION_UP): 0:(580.38165,103.399124)
07-20 16:38:32.652 24996 24996 I Monkey  : Sleeping for 300 milliseconds
07-20 16:38:32.956 24996 24996 I Monkey  : :Sending Touch (ACTION_DOWN): 0:(71.0,653.0)
07-20 16:38:32.975 24996 24996 I Monkey  : :Sending Touch (ACTION_UP): 0:(72.39705,645.0905)
07-20 16:38:32.985 24996 24996 I Monkey  : Sleeping for 300 milliseconds
07-20 16:38:33.004   749  2144 D libgps  : proxy_gnss_sv_status_cb: called. num_svs(5)
07-20 16:38:33.004  1197  2067 I chatty  : uid=1000(system) HwBinder:1197_4 expire 28 lines
07-20 16:38:33.286 24996 24996 I Monkey  : :Switch: #Intent;action=android.intent.action.MAIN;category=android.intent.category.LAUNCHER;launchFlags=0x10200000;component=com.jieshun.jslife/.activity.common.WelcomeActivity;end
07-20 16:38:33.294 24996 24996 I Monkey  :     // Allowing start of Intent { act=android.intent.action.MAIN cat=[android.intent.category.LAUNCHER] cmp=com.jieshun.jslife/.activity.common.WelcomeActivity } in package com.jieshun.jslife
07-20 16:38:33.302 24996 24996 I Monkey  : Sleeping for 300 milliseconds
07-20 16:38:33.326   746   790 W         : iawared check failed: pid = 7987  uid=99000
07-20 16:38:33.330   746   802 I Pged-IPgedBinderService: ****action is 1, pid num is 13***
07-20 16:38:33.330   746   802 I Pged-Freezer: freezePids
07-20 16:38:33.330   746   802 I Pged-Freezer: Freeze process: 18730
07-20 16:38:33.331   746   802 I Pged-Freezer: Freeze process: 18021
07-20 16:38:33.331   746   802 I Pged-Freezer: Freeze process: 18541
07-20 16:38:33.331   746   802 I Pged-Freezer: Freeze process: 18417
07-20 16:38:33.331   746   802 I Pged-Freezer: Freeze process: 18035
07-20 16:38:33.332   746   802 I Pged-Freezer: Freeze process: 18301
07-20 16:38:33.332   746   802 I Pged-Freezer: Freeze process: 23446
07-20 16:38:33.332   746   802 I Pged-Freezer: Freeze process: 7042
07-20 16:38:33.332   746   802 I Pged-Freezer: Freeze process: 21643
07-20 16:38:33.332   746   802 I Pged-Freezer: Freeze process: 7075
07-20 16:38:33.333   746   802 I Pged-Freezer: Freeze process: 7133
07-20 16:38:33.333   746   802 I Pged-Freezer: Freeze process: 20168
07-20 16:38:33.603 24996 24996 I Monkey  : :Sending Touch (ACTION_DOWN): 0:(292.0,1867.0)
07-20 16:38:33.604 24996 24996 I Monkey  : :Sending Touch (ACTION_UP): 0:(296.8817,1853.955)
07-20 16:38:33.606 24996 24996 I Monkey  : Sleeping for 300 milliseconds
07-20 16:38:33.909 24996 24996 I Monkey  : :Sending Touch (ACTION_DOWN): 0:(138.0,1147.0)
07-20 16:38:33.913 24996 24996 I Monkey  : :Sending Touch (ACTION_UP): 0:(121.51573,1168.0948)
07-20 16:38:33.916 24996 24996 I Monkey  : Sleeping for 300 milliseconds
07-20 16:38:33.970  6101  6202 I chatty  : uid=10176(u0_a176) RenderThread expire 10 lines
07-20 16:38:33.996   749  2144 D libgps  : proxy_gnss_sv_status_cb: called. num_svs(5)
07-20 16:38:34.029   655   655 I chatty  : uid=1000(system) allocator@2.0-s expire 10 lines
07-20 16:38:34.040  3129  3129 I wangchen: SysInfo.getSysParam: orientation=1||config d=3.0,w=1080,h=1920||metrics d=3.0,w=1080,h=1920||sdk=26,bar_h=72
07-20 16:38:34.040  3129  3129 I KeymapLoader: w=1080 h=1920 ori=true appScale=3.3 s1=3.0
07-20 16:38:34.220 24996 24996 I Monkey  : :Sending Touch (ACTION_DOWN): 0:(282.0,592.0)
07-20 16:38:34.227 24996 24996 I Monkey  : :Sending Touch (ACTION_UP): 0:(284.53915,605.93005)
07-20 16:38:34.235 24996 24996 I Monkey  : Sleeping for 300 milliseconds
07-20 16:38:34.536 24996 24996 I Monkey  : :Switch: #Intent;action=android.intent.action.MAIN;category=android.intent.category.LAUNCHER;launchFlags=0x10200000;component=com.jieshun.jslife/.activity.common.WelcomeActivity;end
07-20 16:38:34.544 24996 24996 I Monkey  :     // Allowing start of Intent { act=android.intent.action.MAIN cat=[android.intent.category.LAUNCHER] cmp=com.jieshun.jslife/.activity.common.WelcomeActivity } in package com.jieshun.jslife
07-20 16:38:34.567 24996 24996 I Monkey  : Sleeping for 300 milliseconds
07-20 16:38:34.835   746   802 I Pged-IPgedBinderService: ****action is 2, pid num is 13***
07-20 16:38:34.835   746   802 I Pged-Freezer: thawPids
07-20 16:38:34.868 24996 24996 I Monkey  : :Sending Touch (ACTION_DOWN): 0:(1055.0,1418.0)
07-20 16:38:34.870 24996 24996 I Monkey  : :Sending Touch (ACTION_UP): 0:(1056.7571,1424.6969)
07-20 16:38:34.871 24996 24996 I Monkey  : Sleeping for 300 milliseconds
07-20 16:38:34.871  1197  2276 I chatty  : uid=1000(system) Binder:1197_B expire 13 lines
07-20 16:38:34.888  6101  6101 W ViewRootImpl[ConsumeOrderDetailActivity]: Dropping event due to root view being removed: MotionEvent { action=ACTION_UP, actionButton=0, id[0]=0, x[0]=891.7571, y[0]=803.6969, toolType[0]=TOOL_TYPE_UNKNOWN, buttonState=0, metaState=0, flags=0x0, edgeFlags=0x0, pointerCount=1, historySize=0, eventTime=27538864, downTime=27538862, deviceId=0, source=0x1002 }
07-20 16:38:34.892  3129  3129 I wangchen: SysInfo.getSysParam: orientation=1||config d=3.0,w=1080,h=1920||metrics d=3.0,w=1080,h=1920||sdk=26,bar_h=72
07-20 16:38:34.892  3129  3129 I KeymapLoader: w=1080 h=1920 ori=true appScale=3.3 s1=3.0
07-20 16:38:34.967   749  2144 D libgps  : proxy_gnss_sv_status_cb: called. num_svs(5)
07-20 16:38:34.974  1197  2138 I chatty  : uid=1000(system) LocationThread expire 142 lines
07-20 16:38:35.140  1197  1367 I chatty  : uid=1000(system) android.anim expire 10 lines
07-20 16:38:35.174 24996 24996 I Monkey  : :Sending Touch (ACTION_DOWN): 0:(1012.0,818.0)
07-20 16:38:35.178 24996 24996 I Monkey  : :Sending Touch (ACTION_UP): 0:(1005.7057,817.5364)
07-20 16:38:35.181 24996 24996 I Monkey  : Sleeping for 300 milliseconds
07-20 16:38:35.485 24996 24996 I Monkey  : :Sending Touch (ACTION_DOWN): 0:(420.0,685.0)
07-20 16:38:35.496 24996 24996 I Monkey  :     //[calendar_time:2018-07-20 16:38:35.495  system_uptime:39162212]
07-20 16:38:35.498 24996 24996 I Monkey  :     // Sending event #200
07-20 16:38:35.499 24996 24996 I Monkey  : :Sending Touch (ACTION_UP): 0:(421.0369,684.9783)
07-20 16:38:35.503 24996 24996 I Monkey  : Sleeping for 300 milliseconds
07-20 16:38:35.723  1197  1373 I chatty  : uid=1000(system) UEventObserver expire 4 lines
07-20 16:38:35.742   747  1325 D dubaid  : [HourlyRoutine.cpp] handleRequestOffset# timestamp=1532073600000, expire=1284258
07-20 16:38:35.745  1197  1635 I chatty  : uid=1000(system) WifiStateMachin expire 2 lines
07-20 16:38:35.753  1197  1227 I chatty  : uid=1000(system) batterystats-sy expire 2 lines
07-20 16:38:35.756  1197  1197 I chatty  : uid=1000 system_server expire 6 lines
07-20 16:38:35.768  2196 25108 I chatty  : uid=1000(system) com.huawei.powergenie expire 1 line
07-20 16:38:35.769  3107 15661 I CloudAlbum[8.1.2.303]: [OperationUtil] cancelNotify
07-20 16:38:35.771  1726  1739 I bt_btif bt interface: read_energy_info
07-20 16:38:35.805 24996 24996 I Monkey  : :Sending Touch (ACTION_DOWN): 0:(809.0,351.0)
07-20 16:38:35.810 24996 24996 I Monkey  : :Sending Touch (ACTION_UP): 0:(807.5873,356.60916)
07-20 16:38:35.812 24996 24996 I Monkey  : Sleeping for 300 milliseconds
07-20 16:38:35.829  1197  1222 I chatty  : uid=1000(system) ActivityManager expire 1 line
07-20 16:38:35.985   749  2144 D libgps  : proxy_gnss_sv_status_cb: called. num_svs(5)
07-20 16:38:35.989  1197  2138 I chatty  : uid=1000(system) LocationThread expire 31 lines
07-20 16:38:36.107  6101 19852 I chatty  : uid=10176(u0_a176) Binder:6101_5 expire 4 lines
07-20 16:38:36.107  6101  6111 I chatty  : uid=10176(u0_a176) HeapTaskDaemon expire 1 line
07-20 16:38:36.113 24996 24996 I Monkey  : :Sending Touch (ACTION_DOWN): 0:(656.0,637.0)
07-20 16:38:36.117 24996 24996 I Monkey  : :Sending Touch (ACTION_UP): 0:(676.1256,640.49)
07-20 16:38:36.119 24996 24996 I Monkey  : Sleeping for 300 milliseconds
07-20 16:38:36.423 24996 24996 I Monkey  : :Sending Touch (ACTION_DOWN): 0:(387.0,591.0)
07-20 16:38:36.433 24996 24996 I Monkey  : :Sending Touch (ACTION_UP): 0:(384.45132,586.80176)
07-20 16:38:36.439 24996 24996 I Monkey  : Sleeping for 300 milliseconds
07-20 16:38:36.742 24996 24996 I Monkey  : :Sending Touch (ACTION_DOWN): 0:(571.0,479.0)
07-20 16:38:36.750 24996 24996 I Monkey  : :Sending Touch (ACTION_UP): 0:(565.58655,475.96457)
07-20 16:38:36.753 24996 24996 I Monkey  : Sleeping for 300 milliseconds
07-20 16:38:36.991   761   841 I chatty  : uid=1000(system) /vendor/bin/fusion_daemon expire 35 lines
07-20 16:38:36.992   749  2144 D libgps  : proxy_gnss_sv_status_cb: called. num_svs(5)
07-20 16:38:37.019   740   740 E Thermal-daemon: [pa_0] temp_new :36  temp_old :35
07-20 16:38:37.020  2196 30910 I chatty  : uid=1000(system) Binder:2196_B expire 8 lines
07-20 16:38:37.021   740   740 E Thermal-daemon: Report temperature: [pa_0] temp :36  report_threshold:1
07-20 16:38:37.057 24996 24996 I Monkey  : :Sending Touch (ACTION_DOWN): 0:(666.0,1258.0)
07-20 16:38:37.065 24996 24996 I Monkey  : :Sending Touch (ACTION_UP): 0:(664.8635,1258.3536)
07-20 16:38:37.070 24996 24996 I Monkey  : Sleeping for 300 milliseconds
07-20 16:38:37.311  3157  3204 W libc    : Set property "ril.hw_modem0.rssi" to "-70"
07-20 16:38:37.319  2209  2209 W libc    : Set property "gsm.rssi.sim1" to "-70"
07-20 16:38:37.372 24996 24996 I Monkey  : :Sending Touch (ACTION_DOWN): 0:(654.0,1361.0)
07-20 16:38:37.377 24996 24996 I Monkey  : :Sending Touch (ACTION_UP): 0:(653.4862,1359.1995)
07-20 16:38:37.381 24996 24996 I Monkey  : Sleeping for 300 milliseconds
07-20 16:38:37.684 24996 24996 I Monkey  : :Sending Touch (ACTION_DOWN): 0:(386.0,1328.0)
07-20 16:38:37.690 24996 24996 I Monkey  : :Sending Touch (ACTION_UP): 0:(384.59457,1336.8741)
07-20 16:38:37.693 24996 24996 I Monkey  : Sleeping for 300 milliseconds
07-20 16:38:37.995   761   842 I chatty  : uid=1000(system) /vendor/bin/fusion_daemon expire 24 lines
07-20 16:38:37.995   749  2144 D libgps  : proxy_gnss_sv_status_cb: called. num_svs(6)
07-20 16:38:37.999 24996 24996 I Monkey  : :Sending Touch (ACTION_DOWN): 0:(182.0,1759.0)
07-20 16:38:38.004 24996 24996 I Monkey  : :Sending Touch (ACTION_MOVE): 0:(177.41612,1744.785)
07-20 16:38:38.011 24996 24996 I Monkey  : :Sending Touch (ACTION_MOVE): 0:(175.58968,1737.2998)
07-20 16:38:38.019 24996 24996 I Monkey  : :Sending Touch (ACTION_MOVE): 0:(173.14383,1724.7777)
07-20 16:38:38.022 24996 24996 I Monkey  : :Sending Touch (ACTION_MOVE): 0:(164.34863,1705.9166)
07-20 16:38:38.031 24996 24996 I Monkey  : :Sending Touch (ACTION_MOVE): 0:(163.75806,1697.5598)
07-20 16:38:38.036 24996 24996 I Monkey  : :Sending Touch (ACTION_MOVE): 0:(154.68233,1693.6798)
07-20 16:38:38.041 24996 24996 I Monkey  : :Sending Touch (ACTION_MOVE): 0:(152.64209,1682.4874)
07-20 16:38:38.048 24996 24996 I Monkey  : :Sending Touch (ACTION_MOVE): 0:(150.4559,1668.4601)
07-20 16:38:38.053 24996 24996 I Monkey  : :Sending Touch (ACTION_MOVE): 0:(140.68048,1649.1462)
07-20 16:38:38.056 24996 24996 I Monkey  : :Sending Touch (ACTION_UP): 0:(138.10428,1635.349)
07-20 16:38:38.060 24996 24996 I Monkey  : Sleeping for 300 milliseconds
07-20 16:38:38.086   746   790 W         : iawared check failed: pid = 7987  uid=99000
07-20 16:38:38.364 24996 24996 I Monkey  : :Sending Touch (ACTION_DOWN): 0:(824.0,1010.0)
07-20 16:38:38.371 24996 24996 I Monkey  : :Sending Touch (ACTION_UP): 0:(816.55914,1005.00574)
07-20 16:38:38.374 24996 24996 I Monkey  : Sleeping for 300 milliseconds
07-20 16:38:38.676 24996 24996 E Input   : getAxisValue(): x--4.0-0.0--4.0
07-20 16:38:38.676 24996 24996 E Input   : getAxisValue(): y--1.0-0.0--1.0
07-20 16:38:38.676 24996 24996 I Monkey  : :Sending Trackball (ACTION_MOVE): 0:(-4.0,-1.0)
07-20 16:38:38.679 24996 24996 E Input   : getAxisValue(): y--5.0-0.0--5.0
07-20 16:38:38.680 24996 24996 I Monkey  : :Sending Trackball (ACTION_MOVE): 0:(1.0,-5.0)
07-20 16:38:38.683 24996 24996 I Monkey  : :Sending Trackball (ACTION_MOVE): 0:(1.0,3.0)
07-20 16:38:38.687 24996 24996 E Input   : getAxisValue(): y--3.0-0.0--3.0
07-20 16:38:38.687 24996 24996 I Monkey  : :Sending Trackball (ACTION_MOVE): 0:(3.0,-3.0)
07-20 16:38:38.689  3129  3129 D KeyEvent: obtain, mHwFlags=0
07-20 16:38:38.690  3129  3129 I chatty  : uid=10053(u0_a53) com.baidu.input_huawei identical 35 lines
07-20 16:38:38.690  3129  3129 D KeyEvent: obtain, mHwFlags=0
07-20 16:38:38.690 24996 24996 E Input   : getAxisValue(): y--3.0-0.0--3.0
07-20 16:38:38.690  3129  3129 D KeyEvent: obtain, mHwFlags=0
07-20 16:38:38.690  3129  3129 D KeyEvent: obtain, mHwFlags=0
07-20 16:38:38.691 24996 24996 I Monkey  : :Sending Trackball (ACTION_MOVE): 0:(2.0,-3.0)
07-20 16:38:38.693 24996 24996 E Input   : getAxisValue(): x--5.0-0.0--5.0
07-20 16:38:38.694 24996 24996 I Monkey  : :Sending Trackball (ACTION_MOVE): 0:(-5.0,1.0)
07-20 16:38:38.697 24996 24996 E Input   : getAxisValue(): x--4.0-0.0--4.0
07-20 16:38:38.698 24996 24996 I Monkey  : :Sending Trackball (ACTION_MOVE): 0:(-4.0,1.0)
07-20 16:38:38.702 24996 24996 E Input   : getAxisValue(): y--3.0-0.0--3.0
07-20 16:38:38.703 24996 24996 I Monkey  : :Sending Trackball (ACTION_MOVE): 0:(4.0,-3.0)
07-20 16:38:38.707 24996 24996 E Input   : getAxisValue(): x--1.0-0.0--1.0
07-20 16:38:38.710 24996 24996 I Monkey  : :Sending Trackball (ACTION_MOVE): 0:(-1.0,1.0)
07-20 16:38:38.713 24996 24996 E Input   : getAxisValue(): x--3.0-0.0--3.0
07-20 16:38:38.714 24996 24996 I Monkey  : :Sending Trackball (ACTION_MOVE): 0:(-3.0,4.0)
07-20 16:38:38.718  3129  3129 I wangchen: SysInfo.getSysParam: orientation=1||config d=3.0,w=1080,h=1920||metrics d=3.0,w=1080,h=1920||sdk=26,bar_h=72
07-20 16:38:38.718  3129  3129 I KeymapLoader: w=1080 h=1920 ori=true appScale=3.3 s1=3.0
07-20 16:38:38.720 24996 24996 I Monkey  : :Sending Trackball (ACTION_DOWN): 0:(0.0,0.0)
07-20 16:38:38.724 24996 24996 I Monkey  : :Sending Trackball (ACTION_UP): 0:(0.0,0.0)
07-20 16:38:38.725  3129  3129 D KeyEvent: obtain, mHwFlags=0
07-20 16:38:38.726  3129  3129 D KeyEvent: obtain, mHwFlags=0
07-20 16:38:38.731 24996 24996 I Monkey  : Sleeping for 300 milliseconds
07-20 16:38:38.732  3129  3129 D KeyEvent: obtain, mHwFlags=0
07-20 16:38:38.733  3129  3129 D KeyEvent: obtain, mHwFlags=0
07-20 16:38:38.736  3129  3129 D KeyEvent: obtain, mHwFlags=0
07-20 16:38:38.763 24996 25011 I Monkey  :     // Rejecting start of Intent { act=android.intent.action.CALL dat=tel:xxxxxxxxxx cmp=com.android.server.telecom/.components.UserCallActivity } in package com.android.server.telecom
07-20 16:38:38.769  3129  3129 I wangchen: SysInfo.getSysParam: orientation=1||config d=3.0,w=1080,h=1920||metrics d=3.0,w=1080,h=1920||sdk=26,bar_h=72
07-20 16:38:38.769  3129  3129 I KeymapLoader: w=1080 h=1920 ori=true appScale=3.3 s1=3.0
07-20 16:38:38.781   746   790 W         : iawared check failed: pid = 7987  uid=99000
07-20 16:38:38.785   746   802 I Pged-IPgedBinderService: ****action is 1, pid num is 13***
07-20 16:38:38.785   746   802 I Pged-Freezer: freezePids
07-20 16:38:38.785   746   802 I Pged-Freezer: Freeze process: 18730
07-20 16:38:38.785   746   802 I Pged-Freezer: Freeze process: 18021
07-20 16:38:38.786   746   802 I Pged-Freezer: Freeze process: 18541
07-20 16:38:38.786   746   802 I Pged-Freezer: Freeze process: 18417
07-20 16:38:38.786   746   802 I Pged-Freezer: Freeze process: 18035
07-20 16:38:38.786   746   802 I Pged-Freezer: Freeze process: 18301
07-20 16:38:38.786   746   802 I Pged-Freezer: Freeze process: 23446
07-20 16:38:38.787   746   802 I Pged-Freezer: Freeze process: 7042
07-20 16:38:38.787   746   802 I Pged-Freezer: Freeze process: 21643
07-20 16:38:38.787   746   802 I Pged-Freezer: Freeze process: 7075
07-20 16:38:38.787   746   802 I Pged-Freezer: Freeze process: 7133
07-20 16:38:38.787   746   802 I Pged-Freezer: Freeze process: 20168
07-20 16:38:38.953   749  2144 D libgps  : proxy_gnss_sv_status_cb: called. num_svs(6)
07-20 16:38:39.032 24996 24996 I Monkey  : :Sending Touch (ACTION_DOWN): 0:(176.0,395.0)
07-20 16:38:39.036 24996 24996 I Monkey  : :Sending Touch (ACTION_UP): 0:(156.66525,381.69714)
07-20 16:38:39.038 24996 24996 I Monkey  : Sleeping for 300 milliseconds
07-20 16:38:39.200  3157  3204 W libc    : Set property "ril.hw_modem0.rssi" to "-74"
07-20 16:38:39.203  2209  2209 W libc    : Set property "gsm.rssi.sim1" to "-74"
07-20 16:38:39.340 24996 24996 I Monkey  : :Sending Touch (ACTION_DOWN): 0:(130.0,1579.0)
07-20 16:38:39.342 24996 24996 I Monkey  : :Sending Touch (ACTION_UP): 0:(115.13513,1588.7681)
07-20 16:38:39.344 24996 24996 I Monkey  : Sleeping for 300 milliseconds
07-20 16:38:39.645 24996 24996 I Monkey  : :Sending Touch (ACTION_DOWN): 0:(44.0,560.0)
07-20 16:38:39.648 24996 24996 I Monkey  : :Sending Touch (ACTION_UP): 0:(53.692177,563.5546)
07-20 16:38:39.649 24996 24996 I Monkey  : Sleeping for 300 milliseconds
07-20 16:38:39.951 24996 24996 I Monkey  : :Sending Touch (ACTION_DOWN): 0:(1053.0,580.0)
07-20 16:38:39.956 24996 24996 I Monkey  : :Sending Touch (ACTION_UP): 0:(1068.6608,580.66345)
07-20 16:38:39.957 24996 24996 I Monkey  : Sleeping for 300 milliseconds
07-20 16:38:39.967   749  2144 D libgps  : proxy_gnss_sv_status_cb: called. num_svs(6)
07-20 16:38:39.967  1197  1246 I chatty  : uid=1000(system) HwBinder:1197_1 expire 18 lines
07-20 16:38:40.258 24996 24996 I Monkey  : :Switch: #Intent;action=android.intent.action.MAIN;category=android.intent.category.LAUNCHER;launchFlags=0x10200000;component=com.jieshun.jslife/.activity.common.WelcomeActivity;end
07-20 16:38:40.261 24996 24996 I Monkey  :     // Allowing start of Intent { act=android.intent.action.MAIN cat=[android.intent.category.LAUNCHER] cmp=com.jieshun.jslife/.activity.common.WelcomeActivity } in package com.jieshun.jslife
07-20 16:38:40.268 24996 24996 I Monkey  : Sleeping for 300 milliseconds
07-20 16:38:40.290   746   802 I Pged-IPgedBinderService: ****action is 2, pid num is 13***
07-20 16:38:40.290   746   802 I Pged-Freezer: thawPids
07-20 16:38:40.569 24996 24996 I Monkey  : :Sending Touch (ACTION_DOWN): 0:(363.0,1633.0)
07-20 16:38:40.571 24996 24996 I Monkey  : :Sending Touch (ACTION_UP): 0:(369.6364,1641.8256)
07-20 16:38:40.572 24996 24996 I Monkey  : Sleeping for 300 milliseconds
07-20 16:38:40.876 24996 24996 I Monkey  : :Sending Touch (ACTION_DOWN): 0:(324.0,404.0)
07-20 16:38:40.879 24996 24996 I Monkey  : :Sending Touch (ACTION_UP): 0:(325.65305,402.31775)
07-20 16:38:40.881 24996 24996 I Monkey  : Sleeping for 300 milliseconds
07-20 16:38:40.975   749  2144 D libgps  : proxy_gnss_sv_status_cb: called. num_svs(6)
07-20 16:38:41.186 24996 24996 I Monkey  : :Sending Touch (ACTION_DOWN): 0:(356.0,1260.0)
07-20 16:38:41.192 24996 24996 I Monkey  : :Sending Touch (ACTION_UP): 0:(358.3774,1267.348)
07-20 16:38:41.195 24996 24996 I Monkey  : Sleeping for 300 milliseconds
07-20 16:38:41.478  1766  1766 I chatty  : uid=10039(u0_a39) com.android.systemui expire 297 lines
07-20 16:38:41.500 24996 24996 I Monkey  : :Sending Touch (ACTION_DOWN): 0:(870.0,225.0)
07-20 16:38:41.505 24996 24996 I Monkey  : :Sending Touch (ACTION_UP): 0:(873.47815,235.42673)
07-20 16:38:41.510 24996 24996 I Monkey  : Sleeping for 300 milliseconds
07-20 16:38:41.511  6101  6101 I chatty  : uid=10176(u0_a176) com.jieshun.jslife expire 300 lines
07-20 16:38:41.814 24996 24996 I Monkey  : :Sending Touch (ACTION_DOWN): 0:(194.0,900.0)
07-20 16:38:41.822 24996 24996 I Monkey  : :Sending Touch (ACTION_UP): 0:(202.47328,886.94653)
07-20 16:38:41.826 24996 24996 I Monkey  : Sleeping for 300 milliseconds
07-20 16:38:41.985   749  2144 D libgps  : proxy_gnss_sv_status_cb: called. num_svs(6)
07-20 16:38:42.024   740   740 E Thermal-daemon: [pa_0] temp_new :35  temp_old :36
07-20 16:38:42.025   740   740 E Thermal-daemon: Report temperature: [pa_0] temp :35  report_threshold:1
07-20 16:38:42.130 24996 24996 I Monkey  : :Sending Touch (ACTION_DOWN): 0:(673.0,1244.0)
07-20 16:38:42.143 24996 24996 I Monkey  : :Sending Touch (ACTION_UP): 0:(688.9625,1243.7672)
07-20 16:38:42.150 24996 24996 I Monkey  : Sleeping for 300 milliseconds
07-20 16:38:42.158   681   681 D SensorHub: Get acc data 0.143652, 0.191536, 9.988609
07-20 16:38:42.454 24996 24996 I Monkey  : :Sending Touch (ACTION_DOWN): 0:(909.0,1432.0)
07-20 16:38:42.463 24996 24996 I Monkey  : :Sending Touch (ACTION_UP): 0:(909.2383,1432.0299)
07-20 16:38:42.472 24996 24996 I Monkey  : Sleeping for 300 milliseconds
07-20 16:38:42.775 24996 24996 I Monkey  : :Sending Touch (ACTION_DOWN): 0:(936.0,344.0)
07-20 16:38:42.781 24996 24996 I Monkey  : :Sending Touch (ACTION_UP): 0:(938.9378,342.9678)
07-20 16:38:42.785 24996 24996 I Monkey  : Sleeping for 300 milliseconds
07-20 16:38:42.947  1197  2116 I chatty  : uid=1000(system) watchdog expire 1 line
07-20 16:38:42.987   749  2144 D libgps  : proxy_gnss_sv_status_cb: called. num_svs(6)
07-20 16:38:43.088 24996 24996 I Monkey  : :Sending Touch (ACTION_DOWN): 0:(1061.0,349.0)
07-20 16:38:43.092 24996 24996 I Monkey  : :Sending Touch (ACTION_UP): 0:(1065.5139,338.011)
07-20 16:38:43.098 24996 24996 I Monkey  : Sleeping for 300 milliseconds
07-20 16:38:43.401 24996 24996 I Monkey  : :Sending Touch (ACTION_DOWN): 0:(13.0,1144.0)
07-20 16:38:43.409 24996 24996 I Monkey  : :Sending Touch (ACTION_UP): 0:(20.148808,1132.6096)
07-20 16:38:43.412 24996 24996 I Monkey  : Sleeping for 300 milliseconds
07-20 16:38:43.715 24996 24996 I Monkey  : :Sending Touch (ACTION_DOWN): 0:(510.0,1118.0)
07-20 16:38:43.722 24996 24996 I Monkey  : :Sending Touch (ACTION_UP): 0:(509.64072,1133.5952)
07-20 16:38:43.726 24996 24996 I Monkey  : Sleeping for 300 milliseconds
07-20 16:38:43.869  3129  3129 I wangchen: SysInfo.getSysParam: orientation=1||config d=3.0,w=1080,h=1920||metrics d=3.0,w=1080,h=1920||sdk=26,bar_h=72
07-20 16:38:43.869  3129  3129 I KeymapLoader: w=1080 h=1920 ori=true appScale=3.3 s1=3.0
07-20 16:38:43.885  1197  3767 I chatty  : uid=1000(system) Binder:1197_14 expire 11 lines
07-20 16:38:43.992   749  2144 D libgps  : proxy_gnss_sv_status_cb: called. num_svs(6)
07-20 16:38:44.029 24996 24996 I Monkey  : :Sending Touch (ACTION_DOWN): 0:(677.0,34.0)
07-20 16:38:44.043 24996 24996 I Monkey  : :Sending Touch (ACTION_UP): 0:(690.32556,35.280483)
07-20 16:38:44.049 24996 24996 I Monkey  : Sleeping for 300 milliseconds
07-20 16:38:44.352 24996 24996 I Monkey  : :Sending Touch (ACTION_DOWN): 0:(875.0,1051.0)
07-20 16:38:44.355 24996 24996 I Monkey  : :Sending Touch (ACTION_UP): 0:(875.8025,1057.9464)
07-20 16:38:44.359 24996 24996 I Monkey  : Sleeping for 300 milliseconds
07-20 16:38:44.654  9864 10327 E SQLiteLog: (1) 
07-20 16:38:44.662 24996 24996 I Monkey  : :Sending Touch (ACTION_DOWN): 0:(376.0,652.0)
07-20 16:38:44.668 24996 24996 I Monkey  : :Sending Touch (ACTION_UP): 0:(383.78046,645.79364)
07-20 16:38:44.672 24996 24996 I Monkey  : Sleeping for 300 milliseconds
07-20 16:38:44.975 24996 24996 I Monkey  : :Sending Touch (ACTION_DOWN): 0:(178.0,1166.0)
07-20 16:38:44.979 24996 24996 I Monkey  : :Sending Touch (ACTION_UP): 0:(178.22658,1187.0438)
07-20 16:38:44.984 24996 24996 I Monkey  : Sleeping for 300 milliseconds
07-20 16:38:44.997   749  2144 D libgps  : proxy_gnss_sv_status_cb: called. num_svs(6)
07-20 16:38:44.998  1197 22952 I chatty  : uid=1000(system) ipl_recv expire 121 lines
07-20 16:38:45.006  1197  2138 I chatty  : uid=1000(system) LocationThread expire 156 lines
07-20 16:38:45.288 24996 24996 I Monkey  : :Sending Touch (ACTION_DOWN): 0:(623.0,121.0)
07-20 16:38:45.295 24996 24996 I Monkey  : :Sending Touch (ACTION_UP): 0:(620.3731,129.15271)
07-20 16:38:45.296   687  1134 I chatty  : uid=1000(system) Binder:687_3 expire 3 lines
07-20 16:38:45.299  1197 10361 I chatty  : uid=1000(system) Binder:1197_20 expire 29 lines
07-20 16:38:45.301  1197  1391 I chatty  : uid=1000(system) InputDispatcher expire 17 lines
07-20 16:38:45.326  1197  2276 I chatty  : uid=1000(system) Binder:1197_B expire 1 line
07-20 16:38:45.327 24996 24996 I Monkey  :     // Injection Failed
07-20 16:38:45.327 24996 24996 I Monkey  : Sleeping for 300 milliseconds
07-20 16:38:45.350  3129  3129 I wangchen: SysInfo.getSysParam: orientation=1||config d=3.0,w=1080,h=1920||metrics d=3.0,w=1080,h=1920||sdk=26,bar_h=72
07-20 16:38:45.350  3129  3129 I KeymapLoader: w=1080 h=1920 ori=true appScale=3.3 s1=3.0
07-20 16:38:45.609  3107 15661 I CloudAlbum[8.1.2.303]: [OperationUtil] cancelNotify
07-20 16:38:45.631 24996 24996 I Monkey  : :Sending Touch (ACTION_DOWN): 0:(131.0,432.0)
07-20 16:38:45.638 24996 24996 I Monkey  : :Sending Touch (ACTION_UP): 0:(137.24852,441.68225)
07-20 16:38:45.643 24996 24996 I Monkey  : Sleeping for 300 milliseconds
07-20 16:38:45.946 24996 24996 I Monkey  : :Sending Touch (ACTION_DOWN): 0:(495.0,1254.0)
07-20 16:38:45.952 24996 24996 I Monkey  : :Sending Touch (ACTION_UP): 0:(490.9753,1251.4501)
07-20 16:38:45.956 24996 24996 I Monkey  : Sleeping for 300 milliseconds
07-20 16:38:45.997   749  2144 D libgps  : proxy_gnss_sv_status_cb: called. num_svs(6)
07-20 16:38:46.006  1197  2138 I chatty  : uid=1000(system) LocationThread expire 6 lines
07-20 16:38:46.015  1197 24968 I chatty  : uid=1000 system_server expire 2 lines
07-20 16:38:46.196  1197  1392 I chatty  : uid=1000(system) InputReader expire 48 lines
07-20 16:38:46.211  1197  1223 I chatty  : uid=1000(system) android.ui expire 98 lines
07-20 16:38:46.260 24996 24996 I Monkey  : :Sending Touch (ACTION_DOWN): 0:(1067.0,43.0)
07-20 16:38:46.265 24996 24996 I Monkey  : :Sending Touch (ACTION_UP): 0:(1080.0,42.348415)
07-20 16:38:46.272 24996 24996 I Monkey  :     // Injection Failed
07-20 16:38:46.273 24996 24996 I Monkey  : Sleeping for 300 milliseconds
07-20 16:38:46.284  1766  1887 I chatty  : uid=10039(u0_a39) SystemUI_subThr expire 10 lines
07-20 16:38:46.311  1766  2098 I chatty  : uid=10039(u0_a39) RenderThread expire 11 lines
07-20 16:38:46.386   655   655 I chatty  : uid=1000(system) allocator@2.0-s expire 71 lines
07-20 16:38:46.475  1766  2445 I chatty  : uid=10039(u0_a39) PhoneStatusBar expire 12 lines
07-20 16:38:46.574 24996 24996 I Monkey  : :Sending Touch (ACTION_DOWN): 0:(923.0,511.0)
07-20 16:38:46.577 24996 24996 I Monkey  : :Sending Touch (ACTION_UP): 0:(919.1738,517.7666)
07-20 16:38:46.580 24996 24996 I Monkey  : Sleeping for 300 milliseconds
07-20 16:38:46.884 24996 24996 I Monkey  : :Sending Touch (ACTION_DOWN): 0:(1065.0,1403.0)
07-20 16:38:46.892 24996 24996 I Monkey  : :Sending Touch (ACTION_UP): 0:(1063.2317,1411.9066)
07-20 16:38:46.905 24996 24996 I Monkey  : Sleeping for 300 milliseconds
07-20 16:38:46.980   749  2144 D libgps  : proxy_gnss_sv_status_cb: called. num_svs(6)
07-20 16:38:46.980  1197  2067 I chatty  : uid=1000(system) HwBinder:1197_4 expire 11 lines
07-20 16:38:46.992  1197 24960 I chatty  : uid=1000 system_server expire 2 lines
07-20 16:38:47.028   740   740 E Thermal-daemon: [pa_0] temp_new :36  temp_old :35
07-20 16:38:47.030   740   740 E Thermal-daemon: Report temperature: [pa_0] temp :36  report_threshold:1
07-20 16:38:47.031   740   740 E Thermal-daemon: [flash_led] temp_new :38  temp_old :37
07-20 16:38:47.033   740   740 E Thermal-daemon: Report temperature: [flash_led] temp :38  report_threshold:1
07-20 16:38:47.209 24996 24996 I Monkey  : :Sending Touch (ACTION_DOWN): 0:(1027.0,610.0)
07-20 16:38:47.216 24996 24996 I Monkey  : :Sending Touch (ACTION_UP): 0:(1031.2942,610.46796)
07-20 16:38:47.219 24996 24996 I Monkey  : Sleeping for 300 milliseconds
07-20 16:38:47.470 24996 25011 I Monkey  :     // activityResuming(com.jieshun.jslife)
07-20 16:38:47.523 24996 24996 I Monkey  : :Sending Touch (ACTION_DOWN): 0:(944.0,367.0)
07-20 16:38:47.528 24996 24996 I Monkey  : :Sending Touch (ACTION_UP): 0:(949.8317,361.94888)
07-20 16:38:47.530 24996 24996 I Monkey  : Sleeping for 300 milliseconds
07-20 16:38:47.546  3129  3129 I wangchen: SysInfo.getSysParam: orientation=1||config d=3.0,w=1080,h=1920||metrics d=3.0,w=1080,h=1920||sdk=26,bar_h=72
07-20 16:38:47.547  3129  3129 I KeymapLoader: w=1080 h=1920 ori=true appScale=3.3 s1=3.0
07-20 16:38:47.559  1197  1367 I chatty  : uid=1000(system) android.anim expire 11 lines
07-20 16:38:47.560  1197  1197 I chatty  : uid=1000 system_server expire 24 lines
07-20 16:38:47.615  2150  2551 E HsmCoreServiceImpl: onTransact in code is: 103
07-20 16:38:47.615  2150  2551 I MediaProcessHandler: playingUids: 
07-20 16:38:47.831 24996 24996 I Monkey  : :Sending Touch (ACTION_DOWN): 0:(719.0,951.0)
07-20 16:38:47.832 24996 24996 I Monkey  : :Sending Touch (ACTION_UP): 0:(722.47003,960.4065)
07-20 16:38:47.832 24996 24996 I Monkey  : Sleeping for 300 milliseconds
07-20 16:38:47.857 24996 25011 I Monkey  :     // Allowing start of Intent { cmp=com.jieshun.jslife/.activity.userinfo.ConsumeOrderDetailActivity } in package com.jieshun.jslife
07-20 16:38:47.870  3107 15661 I CloudAlbum[8.1.2.303]: [OperationUtil] cancelNotify
07-20 16:38:47.887   746   790 W         : iawared check failed: pid = 7987  uid=99000
07-20 16:38:47.891  6101  6101 V ActivityThread: ActivityThread,callActivityOnCreate
07-20 16:38:47.892  1197  3767 I chatty  : uid=1000(system) Binder:1197_14 expire 17 lines
07-20 16:38:47.892   746   802 I Pged-IPgedBinderService: ****action is 1, pid num is 13***
07-20 16:38:47.892   746   802 I Pged-Freezer: freezePids
07-20 16:38:47.892   746   802 I Pged-Freezer: Freeze process: 18730
07-20 16:38:47.892   746   802 I Pged-Freezer: Freeze process: 18021
07-20 16:38:47.893   746   802 I Pged-Freezer: Freeze process: 18541
07-20 16:38:47.893   746   802 I Pged-Freezer: Freeze process: 18417
07-20 16:38:47.893   746   802 I Pged-Freezer: Freeze process: 18035
07-20 16:38:47.893   746   802 I Pged-Freezer: Freeze process: 18301
07-20 16:38:47.894   746   802 I Pged-Freezer: Freeze process: 23446
07-20 16:38:47.894   746   802 I Pged-Freezer: Freeze process: 7042
07-20 16:38:47.894   746   802 I Pged-Freezer: Freeze process: 21643
07-20 16:38:47.894   746   802 I Pged-Freezer: Freeze process: 7075
07-20 16:38:47.894   746   802 I Pged-Freezer: Freeze process: 7133
07-20 16:38:47.895   746   802 I Pged-Freezer: Freeze process: 20168
07-20 16:38:47.919  6101  6202 I chatty  : uid=10176(u0_a176) RenderThread expire 50 lines
07-20 16:38:47.924  6101  6101 D ActivityThread: add activity client record, r= ActivityRecord{16509af token=android.os.BinderProxy@3ef77cf {com.jieshun.jslife/com.jieshun.jslife.activity.userinfo.ConsumeOrderDetailActivity}} token= android.os.BinderProxy@3ef77cf
07-20 16:38:47.926  6101 25173 I chatty  : uid=10176(u0_a176) pool-8-thread-1 expire 1 line
07-20 16:38:47.952  6101  6101 D ActivityThread: Remove activity client record, r= ActivityRecord{ff6a token=android.os.BinderProxy@109ba62 {com.jieshun.jslife/com.jieshun.jslife.activity.userinfo.ConsumeOrderDetailActivity}} token= android.os.BinderProxy@109ba62
07-20 16:38:47.954  1197 10361 I chatty  : uid=1000(system) Binder:1197_20 expire 5 lines
07-20 16:38:47.956  1197  3767 I chatty  : uid=1000(system) Binder:1197_14 expire 24 lines
07-20 16:38:47.957   749  2144 D libgps  : proxy_gnss_sv_status_cb: called. num_svs(6)
07-20 16:38:47.957  1197  1395 I chatty  : uid=1000(system) HwBinder:1197_2 expire 24 lines
07-20 16:38:47.958   761   841 I chatty  : uid=1000(system) /vendor/bin/fusion_daemon expire 34 lines
07-20 16:38:47.960  1197  1367 I chatty  : uid=1000(system) android.anim expire 43 lines
07-20 16:38:47.960  3129  3129 I wangchen: SysInfo.getSysParam: orientation=1||config d=3.0,w=1080,h=1920||metrics d=3.0,w=1080,h=1920||sdk=26,bar_h=72
07-20 16:38:47.960  3129  3129 I KeymapLoader: w=1080 h=1920 ori=true appScale=3.3 s1=3.0
07-20 16:38:47.961  1197  2138 I chatty  : uid=1000(system) LocationThread expire 13 lines
07-20 16:38:47.962  1197 24966 I chatty  : uid=1000 system_server expire 2 lines
07-20 16:38:47.974  1197  2276 I chatty  : uid=1000(system) Binder:1197_B expire 47 lines
07-20 16:38:47.974  1197  1231 I chatty  : uid=1000(system) android.display expire 12 lines
07-20 16:38:47.980  2150  2551 E HsmCoreServiceImpl: onTransact in code is: 103
07-20 16:38:47.980  2150  2551 I MediaProcessHandler: playingUids: 
07-20 16:38:47.995  1197  2580 I chatty  : uid=1000(system) Binder:1197_D expire 3 lines
07-20 16:38:48.014  3129  3129 I wangchen: SysInfo.getSysParam: orientation=1||config d=3.0,w=1080,h=1920||metrics d=3.0,w=1080,h=1920||sdk=26,bar_h=72
07-20 16:38:48.014  3129  3129 I KeymapLoader: w=1080 h=1920 ori=true appScale=3.3 s1=3.0
07-20 16:38:48.133 24996 24996 I Monkey  : :Sending Trackball (ACTION_MOVE): 0:(1.0,4.0)
07-20 16:38:48.134 24996 24996 I Monkey  : :Sending Trackball (ACTION_MOVE): 0:(4.0,4.0)
07-20 16:38:48.135 24996 24996 E Input   : getAxisValue(): x--3.0-0.0--3.0
07-20 16:38:48.135 24996 24996 I Monkey  : :Sending Trackball (ACTION_MOVE): 0:(-3.0,2.0)
07-20 16:38:48.136 24996 24996 I Monkey  :     //[calendar_time:2018-07-20 16:38:48.136  system_uptime:39174852]
07-20 16:38:48.136 24996 24996 I Monkey  :     // Sending event #300
07-20 16:38:48.136 24996 24996 E Input   : getAxisValue(): x--3.0-0.0--3.0
07-20 16:38:48.136 24996 24996 I Monkey  : :Sending Trackball (ACTION_MOVE): 0:(-3.0,0.0)
07-20 16:38:48.137 24996 24996 I Monkey  : :Sending Trackball (ACTION_MOVE): 0:(1.0,3.0)
07-20 16:38:48.137 24996 24996 I Monkey  : :Sending Trackball (ACTION_MOVE): 0:(3.0,2.0)
07-20 16:38:48.138 24996 24996 I Monkey  : :Sending Trackball (ACTION_MOVE): 0:(3.0,3.0)
07-20 16:38:48.138 24996 24996 E Input   : getAxisValue(): x--3.0-0.0--3.0
07-20 16:38:48.138 24996 24996 I Monkey  : :Sending Trackball (ACTION_MOVE): 0:(-3.0,1.0)
07-20 16:38:48.139 24996 24996 E Input   : getAxisValue(): y--5.0-0.0--5.0
07-20 16:38:48.139 24996 24996 I Monkey  : :Sending Trackball (ACTION_MOVE): 0:(2.0,-5.0)
07-20 16:38:48.139 24996 24996 E Input   : getAxisValue(): y--2.0-0.0--2.0
07-20 16:38:48.139 24996 24996 I Monkey  : :Sending Trackball (ACTION_MOVE): 0:(0.0,-2.0)
07-20 16:38:48.140 24996 24996 I Monkey  : :Sending Touch (ACTION_DOWN): 0:(514.0,1493.0)
07-20 16:38:48.140 24996 24996 I Monkey  : :Sending Touch (ACTION_UP): 0:(517.15845,1509.577)
07-20 16:38:48.140  3129  3129 D KeyEvent: obtain, mHwFlags=0
07-20 16:38:48.141  3129  3129 D KeyEvent: obtain, mHwFlags=0
07-20 16:38:48.141  3129  3129 D KeyEvent: obtain, mHwFlags=0
07-20 16:38:48.141  3129  3129 D KeyEvent: obtain, mHwFlags=0
07-20 16:38:48.141  3129  3129 D KeyEvent: obtain, mHwFlags=0
07-20 16:38:48.141 24996 24996 I Monkey  : Sleeping for 300 milliseconds
07-20 16:38:48.163  3129  3129 I wangchen: SysInfo.getSysParam: orientation=1||config d=3.0,w=1080,h=1920||metrics d=3.0,w=1080,h=1920||sdk=26,bar_h=72
07-20 16:38:48.163  3129  3129 I KeymapLoader: w=1080 h=1920 ori=true appScale=3.3 s1=3.0
07-20 16:38:48.164  3129  3129 D KeyEvent: obtain, mHwFlags=0
07-20 16:38:48.165  3129  3129 D KeyEvent: obtain, mHwFlags=0
07-20 16:38:48.178  3129  3129 I wangchen: SysInfo.getSysParam: orientation=1||config d=3.0,w=1080,h=1920||metrics d=3.0,w=1080,h=1920||sdk=26,bar_h=72
07-20 16:38:48.179  3129  3129 I KeymapLoader: w=1080 h=1920 ori=true appScale=3.3 s1=3.0
07-20 16:38:48.446 24996 24996 I Monkey  : :Sending Touch (ACTION_DOWN): 0:(181.0,1784.0)
07-20 16:38:48.451 24996 24996 I Monkey  : :Sending Touch (ACTION_UP): 0:(180.75145,1781.5491)
07-20 16:38:48.454 24996 24996 I Monkey  : Sleeping for 300 milliseconds
07-20 16:38:48.757 24996 24996 I Monkey  : :Sending Touch (ACTION_DOWN): 0:(1067.0,1863.0)
07-20 16:38:48.769 24996 24996 I Monkey  : :Sending Touch (ACTION_UP): 0:(1068.8822,1868.0032)
07-20 16:38:48.772 24996 24996 I Monkey  : Sleeping for 300 milliseconds
07-20 16:38:48.979   749  2144 D libgps  : proxy_gnss_sv_status_cb: called. num_svs(6)
07-20 16:38:48.992  1197 24967 I chatty  : uid=1000 system_server expire 2 lines
07-20 16:38:49.075 24996 24996 I Monkey  : :Sending Touch (ACTION_DOWN): 0:(1053.0,296.0)
07-20 16:38:49.080 24996 24996 I Monkey  : :Sending Touch (ACTION_UP): 0:(1041.271,295.07504)
07-20 16:38:49.084 24996 24996 I Monkey  : Sleeping for 300 milliseconds
07-20 16:38:49.387 24996 24996 I Monkey  : :Sending Touch (ACTION_DOWN): 0:(498.0,479.0)
07-20 16:38:49.393 24996 24996 I Monkey  : :Sending Touch (ACTION_UP): 0:(497.1692,474.11716)
07-20 16:38:49.398   746   802 I Pged-IPgedBinderService: ****action is 2, pid num is 13***
07-20 16:38:49.399   746   802 I Pged-Freezer: thawPids
07-20 16:38:49.400 24996 24996 I Monkey  : Sleeping for 300 milliseconds
07-20 16:38:49.418  2196  2750 D PgedBinderAdapter: unfrz ok, pid: [18730, 18021, 18541, 18417, 18035, 18301, 23446, 7042, 21643, 7075, 7133, 20168]
07-20 16:38:49.703 24996 24996 I Monkey  : :Sending Touch (ACTION_DOWN): 0:(340.0,1899.0)
07-20 16:38:49.707 24996 24996 I Monkey  : :Sending Touch (ACTION_UP): 0:(345.45718,1902.1825)
07-20 16:38:49.713 24996 24996 I Monkey  : Sleeping for 300 milliseconds
07-20 16:38:49.992   761   842 I chatty  : uid=1000(system) /vendor/bin/fusion_daemon expire 22 lines
07-20 16:38:49.993   749  2144 D libgps  : proxy_gnss_sv_status_cb: called. num_svs(6)
07-20 16:38:50.011  1197 24968 I chatty  : uid=1000 system_server expire 2 lines
07-20 16:38:50.023 24996 24996 I Monkey  : :Sending Touch (ACTION_DOWN): 0:(317.0,1740.0)
07-20 16:38:50.032 24996 24996 I Monkey  : :Sending Touch (ACTION_UP): 0:(310.8669,1738.0065)
07-20 16:38:50.036 24996 24996 I Monkey  : Sleeping for 300 milliseconds
07-20 16:38:50.309 24996 25011 I Monkey  :     // activityResuming(com.jieshun.jslife)
07-20 16:38:50.342 24996 24996 I Monkey  : :Sending Touch (ACTION_DOWN): 0:(598.0,765.0)
07-20 16:38:50.362 24996 24996 I Monkey  : :Sending Touch (ACTION_UP): 0:(596.76,768.7225)
07-20 16:38:50.366 24996 24996 I Monkey  : Sleeping for 300 milliseconds
07-20 16:38:50.403  3129  3129 I wangchen: SysInfo.getSysParam: orientation=1||config d=3.0,w=1080,h=1920||metrics d=3.0,w=1080,h=1920||sdk=26,bar_h=72
07-20 16:38:50.403  3129  3129 I KeymapLoader: w=1080 h=1920 ori=true appScale=3.3 s1=3.0
07-20 16:38:50.461  2150  2551 E HsmCoreServiceImpl: onTransact in code is: 103
07-20 16:38:50.461  2150  2551 I MediaProcessHandler: playingUids: 
07-20 16:38:50.573 24996 25011 I Monkey  :     // activityResuming(com.jieshun.jslife)
07-20 16:38:50.637   687   916 I chatty  : uid=1000(system) unnamed expire 1 line
07-20 16:38:50.638  6101  6357 I chatty  : uid=10176(u0_a176) Tmcom-MapRender expire 20 lines
07-20 16:38:50.667 24996 24996 I Monkey  : :Sending Touch (ACTION_DOWN): 0:(774.0,909.0)
07-20 16:38:50.669 24996 24996 I Monkey  : :Sending Touch (ACTION_UP): 0:(759.9313,921.0218)
07-20 16:38:50.671 24996 24996 I Monkey  : Sleeping for 300 milliseconds
07-20 16:38:50.700  2150  2551 E HsmCoreServiceImpl: onTransact in code is: 103
07-20 16:38:50.700  2150  2551 I MediaProcessHandler: playingUids: 
07-20 16:38:50.707  3129  3129 I wangchen: SysInfo.getSysParam: orientation=1||config d=3.0,w=1080,h=1920||metrics d=3.0,w=1080,h=1920||sdk=26,bar_h=72
07-20 16:38:50.707  3129  3129 I KeymapLoader: w=1080 h=1920 ori=true appScale=3.3 s1=3.0
07-20 16:38:50.723 24996 25011 I Monkey  :     // Allowing start of Intent { cmp=com.jieshun.jslife/.activity.userinfo.ConsumeOrderDetailActivity } in package com.jieshun.jslife
07-20 16:38:50.728  2196 30910 I PGServer: android calls fast hibernateApps
07-20 16:38:50.728  2196 30910 I AppFastHibernation: fast hibernate duration: 1500 reason: start activity
07-20 16:38:50.728   746   802 I Pged-IPgedBinderService: ****action is 1, pid num is 13***
07-20 16:38:50.728   746   802 I Pged-Freezer: freezePids
07-20 16:38:50.728   746   802 I Pged-Freezer: Freeze process: 18730
07-20 16:38:50.729   746   802 I Pged-Freezer: Freeze process: 18021
07-20 16:38:50.729   746   802 I Pged-Freezer: Freeze process: 18541
07-20 16:38:50.729   746   802 I Pged-Freezer: Freeze process: 18417
07-20 16:38:50.729   746   802 I Pged-Freezer: Freeze process: 18035
07-20 16:38:50.730   746   802 I Pged-Freezer: Freeze process: 18301
07-20 16:38:50.730   746   802 I Pged-Freezer: Freeze process: 23446
07-20 16:38:50.730   746   802 I Pged-Freezer: Freeze process: 7042
07-20 16:38:50.730   746   802 I Pged-Freezer: Freeze process: 21643
07-20 16:38:50.730   746   802 I Pged-Freezer: Freeze process: 7075
07-20 16:38:50.730   746   802 I Pged-Freezer: Freeze process: 7133
07-20 16:38:50.731   746   802 I Pged-Freezer: Freeze process: 20168
07-20 16:38:50.731  2196  2750 D PgedBinderAdapter: frz ok, pid: [18730, 18021, 18541, 18417, 18035, 18301, 23446, 7042, 21643, 7075, 7133, 20168]
07-20 16:38:50.779  6101  6101 V ActivityThread: ActivityThread,callActivityOnCreate
07-20 16:38:50.801  6101  6101 D ActivityThread: add activity client record, r= ActivityRecord{88eb237 token=android.os.BinderProxy@42b5e29 {com.jieshun.jslife/com.jieshun.jslife.activity.userinfo.ConsumeOrderDetailActivity}} token= android.os.BinderProxy@42b5e29
07-20 16:38:50.802  6101 20070 I chatty  : uid=10176(u0_a176) Smack Packet Wr expire 2 lines
07-20 16:38:50.802  6101 25185 I chatty  : uid=10176(u0_a176) pool-8-thread-1 expire 1 line
07-20 16:38:50.812  1197  3974 I chatty  : uid=1000(system) Binder:1197_18 expire 22 lines
07-20 16:38:50.847  6101 20071 I chatty  : uid=10176(u0_a176) Smack Packet Re expire 2 lines
07-20 16:38:50.854  3129  3129 I wangchen: SysInfo.getSysParam: orientation=1||config d=3.0,w=1080,h=1920||metrics d=3.0,w=1080,h=1920||sdk=26,bar_h=72
07-20 16:38:50.854  3129  3129 I KeymapLoader: w=1080 h=1920 ori=true appScale=3.3 s1=3.0
07-20 16:38:50.866  2196  2296 I ScenarioService: check surface view pkg: com.jieshun.jslife
07-20 16:38:50.866  1766 10222 I chatty  : uid=10039(u0_a39) Binder:1766_C expire 7 lines
07-20 16:38:50.866  2150  2551 E HsmCoreServiceImpl: onTransact in code is: 103
07-20 16:38:50.866  2150  2551 I MediaProcessHandler: playingUids: 
07-20 16:38:50.881  3129  3129 I wangchen: SysInfo.getSysParam: orientation=1||config d=3.0,w=1080,h=1920||metrics d=3.0,w=1080,h=1920||sdk=26,bar_h=72
07-20 16:38:50.881  3129  3129 I KeymapLoader: w=1080 h=1920 ori=true appScale=3.3 s1=3.0
07-20 16:38:50.958   749  2144 D libgps  : proxy_gnss_sv_status_cb: called. num_svs(7)
07-20 16:38:50.961  1197 24960 I chatty  : uid=1000 system_server expire 4 lines
07-20 16:38:50.972 24996 24996 I Monkey  : :Sending Touch (ACTION_DOWN): 0:(399.0,1068.0)
07-20 16:38:50.973 24996 24996 I Monkey  : :Sending Touch (ACTION_UP): 0:(404.38983,1078.3022)
07-20 16:38:50.974 24996 24996 I Monkey  : Sleeping for 300 milliseconds
07-20 16:38:51.275 24996 24996 I Monkey  : :Sending Touch (ACTION_DOWN): 0:(520.0,265.0)
07-20 16:38:51.279 24996 24996 I Monkey  : :Sending Touch (ACTION_UP): 0:(520.33264,269.64468)
07-20 16:38:51.283 24996 24996 I Monkey  : Sleeping for 300 milliseconds
07-20 16:38:51.556 24996 25011 I Monkey  :     // activityResuming(com.jieshun.jslife)
07-20 16:38:51.585 24996 24996 I Monkey  : :Sending Touch (ACTION_DOWN): 0:(989.0,880.0)
07-20 16:38:51.592 24996 24996 I Monkey  : :Sending Touch (ACTION_UP): 0:(990.567,880.75073)
07-20 16:38:51.594 24996 24996 I Monkey  : Sleeping for 300 milliseconds
07-20 16:38:51.611  6101  6101 I chatty  : uid=10176(u0_a176) com.jieshun.jslife expire 455 lines
07-20 16:38:51.629  6101  6106 I chatty  : uid=10176(u0_a176) Jit thread pool expire 5 lines
07-20 16:38:51.691  2150  2551 E HsmCoreServiceImpl: onTransact in code is: 103
07-20 16:38:51.691  2150  2551 I MediaProcessHandler: playingUids: 
07-20 16:38:51.743  6101  6101 D ActivityThread: Remove activity client record, r= ActivityRecord{8ce8c3d token=android.os.BinderProxy@b4d1ced {com.jieshun.jslife/com.jieshun.jslife.activity.userinfo.ConsumeRecordActivity}} token= android.os.BinderProxy@b4d1ced
07-20 16:38:51.761   687   687 D SurfaceFlinger: duplicate layer name: changing Background for - SurfaceView - com.jieshun.jslife/com.jieshun.jslife.activity.common.MainFragmentActivity to Background for - SurfaceView - com.jieshun.jslife/com.jieshun.jslife.activity.common.MainFragmentActivity#1
07-20 16:38:51.788   687   885 E BufferQueueProducer: [SurfaceView - com.jieshun.jslife/com.jieshun.jslife.activity.common.MainFragmentActivity#1] disconnect: not connected (req=1)
07-20 16:38:51.852   687   882 E BufferQueueProducer: [com.jieshun.jslife/com.jieshun.jslife.activity.userinfo.ConsumeOrderDetailActivity#0] disconnect: not connected (req=1)
07-20 16:38:51.857  6101  6101 D ActivityThread: Remove activity client record, r= ActivityRecord{16509af token=android.os.BinderProxy@3ef77cf {com.jieshun.jslife/com.jieshun.jslife.activity.userinfo.ConsumeOrderDetailActivity}} token= android.os.BinderProxy@3ef77cf
07-20 16:38:51.859  1197  3974 I chatty  : uid=1000(system) Binder:1197_18 expire 23 lines
07-20 16:38:51.875 24996 25011 I Monkey  :     // activityResuming(com.jieshun.jslife)
07-20 16:38:51.877  3129  3129 I wangchen: SysInfo.getSysParam: orientation=1||config d=3.0,w=1080,h=1920||metrics d=3.0,w=1080,h=1920||sdk=26,bar_h=72
07-20 16:38:51.877  3129  3129 I KeymapLoader: w=1080 h=1920 ori=true appScale=3.3 s1=3.0
07-20 16:38:51.894 24996 24996 E Input   : getAxisValue(): y--3.0-0.0--3.0
07-20 16:38:51.895 24996 24996 I Monkey  : :Sending Trackball (ACTION_MOVE): 0:(3.0,-3.0)
07-20 16:38:51.896 24996 24996 E Input   : getAxisValue(): x--1.0-0.0--1.0
07-20 16:38:51.896 24996 24996 E Input   : getAxisValue(): y--2.0-0.0--2.0
07-20 16:38:51.896 24996 24996 I Monkey  : :Sending Trackball (ACTION_MOVE): 0:(-1.0,-2.0)
07-20 16:38:51.896 24996 24996 I Monkey  : :Sending Trackball (ACTION_MOVE): 0:(0.0,1.0)
