07-20 16:22:42.176 21074 21074 W ContextImpl: Calling a method in the system process without a qualified user: android.app.ContextImpl.startService:1656 android.content.ContextWrapper.startService:644 android.content.ContextWrapper.startService:644 com.android.settings.deviceinfo.UsbReceiver.startUsbService:282 com.android.settings.deviceinfo.UsbReceiver.onUsbStateReceive:206 
07-20 16:22:42.243 21074 21074 W ContextImpl: Calling a method in the system process without a qualified user: android.app.ContextImpl.startService:1656 android.content.ContextWrapper.startService:644 android.content.ContextWrapper.startService:644 com.android.settings.deviceinfo.UsbReceiver.startUsbService:282 com.android.settings.deviceinfo.UsbReceiver.onUsbStateReceive:159 
07-20 16:22:42.248 21074 21074 W ContextImpl: Calling a method in the system process without a qualified user: android.app.ContextImpl.startService:1656 android.content.ContextWrapper.startService:644 android.content.ContextWrapper.startService:644 com.android.settings.deviceinfo.UsbReceiver.startUsbService:282 com.android.settings.deviceinfo.UsbReceiver.onUsbStateReceive:206 
07-20 16:22:42.873  1197  2116 I chatty  : uid=1000(system) watchdog expire 6 lines
07-20 16:22:43.003   749  2144 D libgps  : proxy_gnss_sv_status_cb: called. num_svs(5)
07-20 16:22:46.983   749  2144 I chatty  : uid=1000(system) IPC Thread identical 15 lines
07-20 16:22:47.999   749  2144 D libgps  : proxy_gnss_sv_status_cb: called. num_svs(5)
07-20 16:22:48.988   749  2144 D libgps  : proxy_gnss_sv_status_cb: called. num_svs(4)
07-20 16:22:53.981   749  2144 D libgps  : proxy_gnss_sv_status_cb: called. num_svs(4)
07-20 16:22:54.514  1197  3686 I chatty  : uid=1000(system) Binder:1197_13 expire 10 lines
07-20 16:22:54.983   749  2144 D libgps  : proxy_gnss_sv_status_cb: called. num_svs(3)
07-20 16:22:55.984   749  2144 D libgps  : proxy_gnss_sv_status_cb: called. num_svs(4)
07-20 16:22:56.329 23680 23680 D ActivityThread: ActivityThread,attachApplication
07-20 16:22:56.961   749  2144 D libgps  : proxy_gnss_sv_status_cb: called. num_svs(4)
07-20 16:22:56.968  1197  1219 I chatty  : uid=1000(system) android.bg expire 4 lines
07-20 16:22:56.971  1197  1197 I chatty  : uid=1000 system_server expire 11 lines
07-20 16:22:57.954  1197  3009 I chatty  : uid=1000(system) Binder:1197_10 expire 10 lines
07-20 16:22:57.987   749  2144 D libgps  : proxy_gnss_sv_status_cb: called. num_svs(4)
07-20 16:22:58.988   749  2144 D libgps  : proxy_gnss_sv_status_cb: called. num_svs(4)
07-20 16:22:59.980   749  2144 D libgps  : proxy_gnss_sv_status_cb: called. num_svs(4)
07-20 16:23:00.310  1197  2225 I chatty  : uid=1000(system) Binder:1197_A expire 10 lines
07-20 16:23:00.975   749  2144 D libgps  : proxy_gnss_sv_status_cb: called. num_svs(4)
07-20 16:23:01.984   749  2144 D libgps  : proxy_gnss_sv_status_cb: called. num_svs(4)
07-20 16:23:02.956  1197  1373 I chatty  : uid=1000(system) UEventObserver expire 10 lines
07-20 16:23:02.985   749  2144 D libgps  : proxy_gnss_sv_status_cb: called. num_svs(4)
07-20 16:23:03.982   749  2144 D libgps  : proxy_gnss_sv_status_cb: called. num_svs(3)
07-20 16:23:11.994   749  2144 D libgps  : proxy_gnss_sv_status_cb: called. num_svs(3)
07-20 16:23:12.997   749  2144 D libgps  : proxy_gnss_sv_status_cb: called. num_svs(2)
07-20 16:23:13.985   749  2144 D libgps  : proxy_gnss_sv_status_cb: called. num_svs(2)
07-20 16:23:14.984   749  2144 D libgps  : proxy_gnss_sv_status_cb: called. num_svs(3)
07-20 16:23:19.994   749  2144 I chatty  : uid=1000(system) IPC Thread identical 11 lines
07-20 16:23:20.977   749  2144 D libgps  : proxy_gnss_sv_status_cb: called. num_svs(3)
07-20 16:23:21.980   749  2144 D libgps  : proxy_gnss_sv_status_cb: called. num_svs(2)
07-20 16:23:22.977   749  2144 D libgps  : proxy_gnss_sv_status_cb: called. num_svs(2)
07-20 16:23:23.982   749  2144 D libgps  : proxy_gnss_sv_status_cb: called. num_svs(2)
07-20 16:23:24.974   749  2144 D libgps  : proxy_gnss_sv_status_cb: called. num_svs(3)
07-20 16:23:25.984   749  2144 D libgps  : proxy_gnss_sv_status_cb: called. num_svs(2)
07-20 16:23:27.980   749  2144 D libgps  : proxy_gnss_sv_status_cb: called. num_svs(2)
07-20 16:23:28.979   749  2144 D libgps  : proxy_gnss_sv_status_cb: called. num_svs(3)
07-20 16:23:29.977   749  2144 D libgps  : proxy_gnss_sv_status_cb: called. num_svs(2)
07-20 16:23:30.983   749  2144 D libgps  : proxy_gnss_sv_status_cb: called. num_svs(2)
07-20 16:23:31.985   749  2144 D libgps  : proxy_gnss_sv_status_cb: called. num_svs(2)
07-20 16:23:32.666  1197  1197 I chatty  : uid=1000 system_server expire 10 lines
07-20 16:23:32.983   749  2144 D libgps  : proxy_gnss_sv_status_cb: called. num_svs(2)
07-20 16:23:33.984   749  2144 D libgps  : proxy_gnss_sv_status_cb: called. num_svs(2)
07-20 16:23:34.987   749  2144 D libgps  : proxy_gnss_sv_status_cb: called. num_svs(2)
07-20 16:23:35.971   749  2144 D libgps  : proxy_gnss_sv_status_cb: called. num_svs(3)
07-20 16:23:41.973   749  2144 D libgps  : proxy_gnss_sv_status_cb: called. num_svs(3)
07-20 16:23:42.978   749  2144 D libgps  : proxy_gnss_sv_status_cb: called. num_svs(4)
07-20 16:23:50.986   749  2144 I chatty  : uid=1000(system) IPC Thread identical 12 lines
07-20 16:23:51.989   749  2144 D libgps  : proxy_gnss_sv_status_cb: called. num_svs(4)
07-20 16:23:52.993   749  2144 D libgps  : proxy_gnss_sv_status_cb: called. num_svs(4)
07-20 16:23:53.991   749  2144 D libgps  : proxy_gnss_sv_status_cb: called. num_svs(6)
07-20 16:23:54.990   749  2144 D libgps  : proxy_gnss_sv_status_cb: called. num_svs(5)
07-20 16:23:55.992   749  2144 D libgps  : proxy_gnss_sv_status_cb: called. num_svs(6)
07-20 16:23:56.991   749  2144 D libgps  : proxy_gnss_sv_status_cb: called. num_svs(6)
07-20 16:23:57.989  1197  2225 I chatty  : uid=1000(system) Binder:1197_A expire 9 lines
07-20 16:23:57.991   749  2144 D libgps  : proxy_gnss_sv_status_cb: called. num_svs(6)
07-20 16:23:58.995   749  2144 D libgps  : proxy_gnss_sv_status_cb: called. num_svs(6)
07-20 16:23:59.990   749  2144 D libgps  : proxy_gnss_sv_status_cb: called. num_svs(6)
07-20 16:24:00.998   749  2144 D libgps  : proxy_gnss_sv_status_cb: called. num_svs(6)
07-20 16:24:01.994   749  2144 D libgps  : proxy_gnss_sv_status_cb: called. num_svs(6)
07-20 16:24:02.991   749  2144 D libgps  : proxy_gnss_sv_status_cb: called. num_svs(6)
07-20 16:24:03.992   749  2144 D libgps  : proxy_gnss_sv_status_cb: called. num_svs(5)
07-20 16:24:05.000   749  2144 D libgps  : proxy_gnss_sv_status_cb: called. num_svs(5)
07-20 16:24:05.999   749  2144 D libgps  : proxy_gnss_sv_status_cb: called. num_svs(7)
07-20 16:24:06.989   749  2144 D libgps  : proxy_gnss_sv_status_cb: called. num_svs(6)
07-20 16:24:11.990   749  2144 D libgps  : proxy_gnss_sv_status_cb: called. num_svs(6)
07-20 16:24:12.994   749  2144 D libgps  : proxy_gnss_sv_status_cb: called. num_svs(6)
07-20 16:24:13.996   749  2144 I chatty  : uid=1000(system) IPC Thread identical 14 lines
07-20 16:24:15.002   749  2144 D libgps  : proxy_gnss_sv_status_cb: called. num_svs(6)
07-20 16:24:16.001   749  2144 D libgps  : proxy_gnss_sv_status_cb: called. num_svs(5)
07-20 16:24:16.996   749  2144 D libgps  : proxy_gnss_sv_status_cb: called. num_svs(5)
07-20 16:24:17.997   749  2144 D libgps  : proxy_gnss_sv_status_cb: called. num_svs(5)
07-20 16:24:18.994   749  2144 D libgps  : proxy_gnss_sv_status_cb: called. num_svs(6)
07-20 16:24:20.002   749  2144 D libgps  : proxy_gnss_sv_status_cb: called. num_svs(7)
07-20 16:24:22.002   749  2144 D libgps  : proxy_gnss_sv_status_cb: called. num_svs(7)
07-20 16:24:22.999   749  2144 D libgps  : proxy_gnss_sv_status_cb: called. num_svs(7)
07-20 16:24:24.002   749  2144 D libgps  : proxy_gnss_sv_status_cb: called. num_svs(7)
07-20 16:24:24.571  1197  3009 I chatty  : uid=1000(system) Binder:1197_10 expire 9 lines
07-20 16:24:24.999   749  2144 D libgps  : proxy_gnss_sv_status_cb: called. num_svs(7)
07-20 16:24:26.003   749  2144 D libgps  : proxy_gnss_sv_status_cb: called. num_svs(7)
07-20 16:24:27.002   749  2144 D libgps  : proxy_gnss_sv_status_cb: called. num_svs(8)
07-20 16:24:28.015   749  2144 D libgps  : proxy_gnss_sv_status_cb: called. num_svs(7)
07-20 16:24:29.000   749  2144 D libgps  : proxy_gnss_sv_status_cb: called. num_svs(8)
07-20 16:24:30.003   749  2144 D libgps  : proxy_gnss_sv_status_cb: called. num_svs(8)
07-20 16:24:30.999   749  2144 D libgps  : proxy_gnss_sv_status_cb: called. num_svs(8)
07-20 16:24:32.002   749  2144 D libgps  : proxy_gnss_sv_status_cb: called. num_svs(8)
07-20 16:24:33.000   749  2144 D libgps  : proxy_gnss_sv_status_cb: called. num_svs(8)
07-20 16:24:33.591  1197  1197 I chatty  : uid=1000 system_server expire 9 lines
07-20 16:24:34.005   749  2144 D libgps  : proxy_gnss_sv_status_cb: called. num_svs(7)
07-20 16:24:36.010   749  2144 D libgps  : proxy_gnss_sv_status_cb: called. num_svs(7)
07-20 16:24:37.015   749  2144 D libgps  : proxy_gnss_sv_status_cb: called. num_svs(8)
07-20 16:24:38.012   749  2144 D libgps  : proxy_gnss_sv_status_cb: called. num_svs(7)
07-20 16:24:39.002   749  2144 D libgps  : proxy_gnss_sv_status_cb: called. num_svs(6)
07-20 16:24:39.999   749  2144 D libgps  : proxy_gnss_sv_status_cb: called. num_svs(6)
07-20 16:24:41.008   749  2144 D libgps  : proxy_gnss_sv_status_cb: called. num_svs(7)
07-20 16:24:41.992   749  2144 D libgps  : proxy_gnss_sv_status_cb: called. num_svs(6)
07-20 16:24:42.993   749  2144 D libgps  : proxy_gnss_sv_status_cb: called. num_svs(6)
07-20 16:24:43.988   749  2144 D libgps  : proxy_gnss_sv_status_cb: called. num_svs(6)
07-20 16:24:44.994   749  2144 D libgps  : proxy_gnss_sv_status_cb: called. num_svs(5)
07-20 16:24:45.987   749  2144 D libgps  : proxy_gnss_sv_status_cb: called. num_svs(5)
07-20 16:24:46.985   749  2144 D libgps  : proxy_gnss_sv_status_cb: called. num_svs(4)
07-20 16:24:47.993   749  2144 D libgps  : proxy_gnss_sv_status_cb: called. num_svs(5)
07-20 16:24:48.983   749  2144 D libgps  : proxy_gnss_sv_status_cb: called. num_svs(3)
07-20 16:24:49.987   749  2144 D libgps  : proxy_gnss_sv_status_cb: called. num_svs(4)
07-20 16:24:51.988   749  2144 D libgps  : proxy_gnss_sv_status_cb: called. num_svs(4)
07-20 16:24:52.988   749  2144 D libgps  : proxy_gnss_sv_status_cb: called. num_svs(4)
07-20 16:24:53.982   749  2144 D libgps  : proxy_gnss_sv_status_cb: called. num_svs(4)
07-20 16:24:54.594  1197 10219 I chatty  : uid=1000(system) Binder:1197_1D expire 10 lines
07-20 16:24:54.988   749  2144 D libgps  : proxy_gnss_sv_status_cb: called. num_svs(4)
07-20 16:24:59.990   749  2144 D libgps  : proxy_gnss_sv_status_cb: called. num_svs(4)
07-20 16:25:00.979   749  2144 D libgps  : proxy_gnss_sv_status_cb: called. num_svs(5)
07-20 16:25:01.999   749  2144 D libgps  : proxy_gnss_sv_status_cb: called. num_svs(5)
07-20 16:25:02.989   749  2144 D libgps  : proxy_gnss_sv_status_cb: called. num_svs(5)
07-20 16:25:03.982   749  2144 D libgps  : proxy_gnss_sv_status_cb: called. num_svs(5)
07-20 16:25:04.988   749  2144 D libgps  : proxy_gnss_sv_status_cb: called. num_svs(4)
07-20 16:25:11.993   749  2144 D libgps  : proxy_gnss_sv_status_cb: called. num_svs(4)
07-20 16:25:12.997   749  2144 D libgps  : proxy_gnss_sv_status_cb: called. num_svs(5)
07-20 16:25:13.982   749  2144 D libgps  : proxy_gnss_sv_status_cb: called. num_svs(5)
07-20 16:25:18.983   749  2144 I chatty  : uid=1000(system) IPC Thread identical 5 lines
07-20 16:25:19.984   749  2144 D libgps  : proxy_gnss_sv_status_cb: called. num_svs(5)
07-20 16:25:20.990   749  2144 D libgps  : proxy_gnss_sv_status_cb: called. num_svs(4)
07-20 16:25:21.986   749  2144 D libgps  : proxy_gnss_sv_status_cb: called. num_svs(2)
07-20 16:25:22.991   749  2144 D libgps  : proxy_gnss_sv_status_cb: called. num_svs(3)
07-20 16:25:23.000  1197  3686 I chatty  : uid=1000(system) Binder:1197_13 expire 6 lines
07-20 16:25:23.982   749  2144 D libgps  : proxy_gnss_sv_status_cb: called. num_svs(2)
07-20 16:25:24.985   749  2144 D libgps  : proxy_gnss_sv_status_cb: called. num_svs(2)
07-20 16:25:25.984   749  2144 D libgps  : proxy_gnss_sv_status_cb: called. num_svs(2)
07-20 16:25:26.982   749  2144 D libgps  : proxy_gnss_sv_status_cb: called. num_svs(2)
07-20 16:25:27.984   749  2144 D libgps  : proxy_gnss_sv_status_cb: called. num_svs(1)
07-20 16:25:28.009  1197 10219 I chatty  : uid=1000(system) Binder:1197_1D expire 1 line
07-20 16:25:28.982   749  2144 D libgps  : proxy_gnss_sv_status_cb: called. num_svs(1)
07-20 16:25:29.981   749  2144 D libgps  : proxy_gnss_sv_status_cb: called. num_svs(1)
07-20 16:25:30.553  1197  2580 I chatty  : uid=1000(system) Binder:1197_D expire 10 lines
07-20 16:25:30.970   749  2144 D libgps  : proxy_gnss_sv_status_cb: called. num_svs(1)
07-20 16:25:31.058  1197  1197 I chatty  : uid=1000 system_server expire 13 lines
07-20 16:25:31.858  1197  3686 I chatty  : uid=1000(system) Binder:1197_13 expire 10 lines
07-20 16:25:31.869  1197 10340 I chatty  : uid=1000(system) Binder:1197_1F expire 12 lines
07-20 16:25:31.975   749  2144 D libgps  : proxy_gnss_sv_status_cb: called. num_svs(1)
07-20 16:25:32.977   749  2144 D libgps  : proxy_gnss_sv_status_cb: called. num_svs(1)
07-20 16:25:33.969   749  2144 D libgps  : proxy_gnss_sv_status_cb: called. num_svs(1)
07-20 16:25:33.994  1197  1373 I chatty  : uid=1000(system) UEventObserver expire 10 lines
07-20 16:25:34.977   749  2144 D libgps  : proxy_gnss_sv_status_cb: called. num_svs(1)
07-20 16:25:35.982   749  2144 D libgps  : proxy_gnss_sv_status_cb: called. num_svs(2)
07-20 16:25:36.981   749  2144 I chatty  : uid=1000(system) IPC Thread identical 10 lines
07-20 16:25:37.980   749  2144 D libgps  : proxy_gnss_sv_status_cb: called. num_svs(2)
07-20 16:25:38.985   749  2144 D libgps  : proxy_gnss_sv_status_cb: called. num_svs(3)
07-20 16:25:39.991   749  2144 D libgps  : proxy_gnss_sv_status_cb: called. num_svs(2)
07-20 16:25:40.982   749  2144 D libgps  : proxy_gnss_sv_status_cb: called. num_svs(2)
07-20 16:25:41.988   749  2144 D libgps  : proxy_gnss_sv_status_cb: called. num_svs(3)
07-20 16:25:42.887  1197  2116 I chatty  : uid=1000(system) watchdog expire 8 lines
07-20 16:25:42.989   749  2144 D libgps  : proxy_gnss_sv_status_cb: called. num_svs(3)
07-20 16:25:43.988   749  2144 D libgps  : proxy_gnss_sv_status_cb: called. num_svs(4)
07-20 16:25:47.984   749  2144 D libgps  : proxy_gnss_sv_status_cb: called. num_svs(4)
07-20 16:25:48.992   749  2144 D libgps  : proxy_gnss_sv_status_cb: called. num_svs(5)
07-20 16:25:50.992   749  2144 D libgps  : proxy_gnss_sv_status_cb: called. num_svs(5)
07-20 16:25:51.993   749  2144 D libgps  : proxy_gnss_sv_status_cb: called. num_svs(5)
07-20 16:25:52.996   749  2144 D libgps  : proxy_gnss_sv_status_cb: called. num_svs(5)
07-20 16:25:53.989   749  2144 D libgps  : proxy_gnss_sv_status_cb: called. num_svs(5)
07-20 16:25:54.033  1197  1650 I chatty  : uid=1000(system) ConnectivitySer expire 1 line
07-20 16:25:54.989   749  2144 D libgps  : proxy_gnss_sv_status_cb: called. num_svs(4)
07-20 16:25:55.994   749  2144 D libgps  : proxy_gnss_sv_status_cb: called. num_svs(4)
07-20 16:25:57.014   749  2144 D libgps  : proxy_gnss_sv_status_cb: called. num_svs(5)
07-20 16:25:59.990   749  2144 D libgps  : proxy_gnss_sv_status_cb: called. num_svs(5)
07-20 16:26:00.988   749  2144 D libgps  : proxy_gnss_sv_status_cb: called. num_svs(5)
07-20 16:26:01.992   749  2144 D libgps  : proxy_gnss_sv_status_cb: called. num_svs(5)
07-20 16:26:02.989   749  2144 D libgps  : proxy_gnss_sv_status_cb: called. num_svs(5)
07-20 16:26:04.002   749  2144 D libgps  : proxy_gnss_sv_status_cb: called. num_svs(5)
07-20 16:26:04.975   749  2144 D libgps  : proxy_gnss_sv_status_cb: called. num_svs(5)
07-20 16:26:05.986   749  2144 D libgps  : proxy_gnss_sv_status_cb: called. num_svs(5)
07-20 16:26:06.994   749  2144 D libgps  : proxy_gnss_sv_status_cb: called. num_svs(4)
07-20 16:26:07.990   749  2144 D libgps  : proxy_gnss_sv_status_cb: called. num_svs(4)
07-20 16:26:08.983   749  2144 D libgps  : proxy_gnss_sv_status_cb: called. num_svs(4)
07-20 16:26:09.995   749  2144 D libgps  : proxy_gnss_sv_status_cb: called. num_svs(5)
07-20 16:26:10.313  1197  2580 I chatty  : uid=1000(system) Binder:1197_D expire 11 lines
07-20 16:26:10.994   749  2144 D libgps  : proxy_gnss_sv_status_cb: called. num_svs(5)
07-20 16:26:11.987   749  2144 D libgps  : proxy_gnss_sv_status_cb: called. num_svs(5)
07-20 16:26:12.993   749  2144 D libgps  : proxy_gnss_sv_status_cb: called. num_svs(5)
07-20 16:26:16.986   749  2144 D libgps  : proxy_gnss_sv_status_cb: called. num_svs(5)
07-20 16:26:17.991   749  2144 D libgps  : proxy_gnss_sv_status_cb: called. num_svs(4)
07-20 16:26:19.987   749  2144 I chatty  : uid=1000(system) IPC Thread identical 14 lines
07-20 16:26:20.984   749  2144 D libgps  : proxy_gnss_sv_status_cb: called. num_svs(4)
07-20 16:26:21.982   749  2144 D libgps  : proxy_gnss_sv_status_cb: called. num_svs(4)
07-20 16:26:22.983   749  2144 D libgps  : proxy_gnss_sv_status_cb: called. num_svs(4)
07-20 16:26:23.985   749  2144 D libgps  : proxy_gnss_sv_status_cb: called. num_svs(4)
07-20 16:26:24.988   749  2144 D libgps  : proxy_gnss_sv_status_cb: called. num_svs(4)
07-20 16:26:29.987   749  2144 D libgps  : proxy_gnss_sv_status_cb: called. num_svs(4)
07-20 16:26:30.990   749  2144 D libgps  : proxy_gnss_sv_status_cb: called. num_svs(5)
07-20 16:26:31.980   749  2144 D libgps  : proxy_gnss_sv_status_cb: called. num_svs(4)
07-20 16:26:32.082  1197  3977 I chatty  : uid=1000(system) Binder:1197_1B expire 21 lines
07-20 16:26:32.662  1197  1197 I chatty  : uid=1000 system_server expire 18 lines
07-20 16:26:32.983   749  2144 D libgps  : proxy_gnss_sv_status_cb: called. num_svs(4)
07-20 16:26:33.989   749  2144 D libgps  : proxy_gnss_sv_status_cb: called. num_svs(4)
07-20 16:26:34.984   749  2144 D libgps  : proxy_gnss_sv_status_cb: called. num_svs(4)
07-20 16:26:37.995   749  2144 D libgps  : proxy_gnss_sv_status_cb: called. num_svs(4)
07-20 16:26:38.000  1197 10223 I chatty  : uid=1000(system) Binder:1197_1E expire 10 lines
07-20 16:26:38.993   749  2144 D libgps  : proxy_gnss_sv_status_cb: called. num_svs(5)
07-20 16:26:40.991   749  2144 D libgps  : proxy_gnss_sv_status_cb: called. num_svs(5)
07-20 16:26:41.998   749  2144 D libgps  : proxy_gnss_sv_status_cb: called. num_svs(4)
07-20 16:26:42.986   749  2144 D libgps  : proxy_gnss_sv_status_cb: called. num_svs(3)
07-20 16:26:48.992   749  2144 D libgps  : proxy_gnss_sv_status_cb: called. num_svs(3)
07-20 16:26:49.997   749  2144 D libgps  : proxy_gnss_sv_status_cb: called. num_svs(4)
07-20 16:26:50.990   749  2144 D libgps  : proxy_gnss_sv_status_cb: called. num_svs(3)
07-20 16:26:51.996   749  2144 D libgps  : proxy_gnss_sv_status_cb: called. num_svs(3)
07-20 16:26:53.001  1197  2580 I chatty  : uid=1000(system) Binder:1197_D expire 10 lines
07-20 16:26:53.009   749  2144 D libgps  : proxy_gnss_sv_status_cb: called. num_svs(3)
07-20 16:26:54.009   749  2144 D libgps  : proxy_gnss_sv_status_cb: called. num_svs(3)
07-20 16:26:54.993   749  2144 D libgps  : proxy_gnss_sv_status_cb: called. num_svs(3)
07-20 16:26:55.996   749  2144 I chatty  : uid=1000(system) IPC Thread identical 10 lines
07-20 16:26:56.992   749  2144 D libgps  : proxy_gnss_sv_status_cb: called. num_svs(3)
07-20 16:26:57.994   749  2144 D libgps  : proxy_gnss_sv_status_cb: called. num_svs(4)
07-20 16:26:59.994   749  2144 D libgps  : proxy_gnss_sv_status_cb: called. num_svs(4)
07-20 16:27:00.996   749  2144 D libgps  : proxy_gnss_sv_status_cb: called. num_svs(4)
07-20 16:27:03.993   749  2144 D libgps  : proxy_gnss_sv_status_cb: called. num_svs(4)
07-20 16:27:04.995   749  2144 D libgps  : proxy_gnss_sv_status_cb: called. num_svs(4)
07-20 16:27:11.995   749  2144 D libgps  : proxy_gnss_sv_status_cb: called. num_svs(4)
07-20 16:27:13.005   749  2144 D libgps  : proxy_gnss_sv_status_cb: called. num_svs(4)
07-20 16:27:14.000   749  2144 D libgps  : proxy_gnss_sv_status_cb: called. num_svs(4)
07-20 16:27:14.991   749  2144 D libgps  : proxy_gnss_sv_status_cb: called. num_svs(4)
07-20 16:27:16.006   749  2144 D libgps  : proxy_gnss_sv_status_cb: called. num_svs(3)
07-20 16:27:16.995   749  2144 D libgps  : proxy_gnss_sv_status_cb: called. num_svs(4)
07-20 16:27:17.191  1197  1219 I chatty  : uid=1000(system) android.bg expire 3 lines
07-20 16:27:17.998   749  2144 D libgps  : proxy_gnss_sv_status_cb: called. num_svs(3)
07-20 16:27:18.996   749  2144 D libgps  : proxy_gnss_sv_status_cb: called. num_svs(3)
07-20 16:27:19.992   749  2144 I chatty  : uid=1000(system) IPC Thread identical 10 lines
07-20 16:27:20.992   749  2144 D libgps  : proxy_gnss_sv_status_cb: called. num_svs(3)
07-20 16:27:22.000   749  2144 D libgps  : proxy_gnss_sv_status_cb: called. num_svs(4)
07-20 16:27:22.995   749  2144 D libgps  : proxy_gnss_sv_status_cb: called. num_svs(4)
07-20 16:27:23.984   749  2144 D libgps  : proxy_gnss_sv_status_cb: called. num_svs(4)
07-20 16:27:24.996   749  2144 D libgps  : proxy_gnss_sv_status_cb: called. num_svs(5)
07-20 16:27:28.003   749  2144 D libgps  : proxy_gnss_sv_status_cb: called. num_svs(5)
07-20 16:27:28.981   749  2144 D libgps  : proxy_gnss_sv_status_cb: called. num_svs(5)
07-20 16:27:31.998   749  2144 D libgps  : proxy_gnss_sv_status_cb: called. num_svs(5)
07-20 16:27:32.657  1197  1197 I chatty  : uid=1000 system_server expire 10 lines
07-20 16:27:32.994   749  2144 D libgps  : proxy_gnss_sv_status_cb: called. num_svs(5)
07-20 16:27:33.993   749  2144 D libgps  : proxy_gnss_sv_status_cb: called. num_svs(5)
07-20 16:27:34.480  1197  1234 I chatty  : uid=1000(system) PowerManagerSer expire 4 lines
07-20 16:27:34.991   749  2144 D libgps  : proxy_gnss_sv_status_cb: called. num_svs(5)
07-20 16:27:36.990   749  2144 D libgps  : proxy_gnss_sv_status_cb: called. num_svs(5)
07-20 16:27:38.003   749  2144 D libgps  : proxy_gnss_sv_status_cb: called. num_svs(5)
07-20 16:27:39.002   749  2144 D libgps  : proxy_gnss_sv_status_cb: called. num_svs(6)
07-20 16:27:40.004   749  2144 D libgps  : proxy_gnss_sv_status_cb: called. num_svs(6)
07-20 16:27:40.999   749  2144 D libgps  : proxy_gnss_sv_status_cb: called. num_svs(6)
07-20 16:27:41.996   749  2144 D libgps  : proxy_gnss_sv_status_cb: called. num_svs(5)
07-20 16:27:43.004   749  2144 D libgps  : proxy_gnss_sv_status_cb: called. num_svs(5)
07-20 16:27:43.968  1197  2580 I chatty  : uid=1000(system) Binder:1197_D expire 18 lines
07-20 16:27:44.000   749  2144 D libgps  : proxy_gnss_sv_status_cb: called. num_svs(5)
07-20 16:27:44.028  1197 10223 I chatty  : uid=1000(system) Binder:1197_1E expire 13 lines
07-20 16:27:45.002   749  2144 D libgps  : proxy_gnss_sv_status_cb: called. num_svs(5)
07-20 16:27:47.002   749  2144 D libgps  : proxy_gnss_sv_status_cb: called. num_svs(5)
07-20 16:27:47.842  1197  1367 I chatty  : uid=1000(system) android.anim expire 11 lines
07-20 16:27:47.963   749  2144 D libgps  : proxy_gnss_sv_status_cb: called. num_svs(5)
07-20 16:27:48.111  6101  6101 D ActivityThread: Remove activity client record, r= ActivityRecord{3ffe889 token=android.os.BinderProxy@c96643a {com.jieshun.jslife/com.jieshun.jslife.activity.userinfo.UserAlignActivity}} token= android.os.BinderProxy@c96643a
07-20 16:27:48.959   749  2144 D libgps  : proxy_gnss_sv_status_cb: called. num_svs(5)
07-20 16:27:49.990   749  2144 D libgps  : proxy_gnss_sv_status_cb: called. num_svs(4)
07-20 16:27:54.001   749  2144 D libgps  : proxy_gnss_sv_status_cb: called. num_svs(4)
07-20 16:27:54.986   749  2144 D libgps  : proxy_gnss_sv_status_cb: called. num_svs(4)
07-20 16:27:56.995   749  2144 I chatty  : uid=1000(system) IPC Thread identical 10 lines
07-20 16:27:57.992   749  2144 D libgps  : proxy_gnss_sv_status_cb: called. num_svs(4)
07-20 16:27:58.789  1197  1222 I chatty  : uid=1000(system) ActivityManager expire 1 line
07-20 16:27:58.838  6101  6101 D ActivityThread: Remove activity client record, r= ActivityRecord{804a1c6 token=android.os.BinderProxy@b4ac9a {com.jieshun.jslife/com.jieshun.jslife.activity.userinfo.UserInfoNewActivity}} token= android.os.BinderProxy@b4ac9a
07-20 16:27:58.859  1197  2580 I chatty  : uid=1000(system) Binder:1197_D expire 10 lines
07-20 16:27:58.989   749  2144 D libgps  : proxy_gnss_sv_status_cb: called. num_svs(4)
07-20 16:27:59.990   749  2144 D libgps  : proxy_gnss_sv_status_cb: called. num_svs(4)
07-20 16:28:00.986   749  2144 D libgps  : proxy_gnss_sv_status_cb: called. num_svs(4)
07-20 16:28:04.984   749  2144 D libgps  : proxy_gnss_sv_status_cb: called. num_svs(4)
07-20 16:28:05.026  1197  1373 I chatty  : uid=1000(system) UEventObserver expire 6 lines
07-20 16:28:05.990   749  2144 D libgps  : proxy_gnss_sv_status_cb: called. num_svs(4)
07-20 16:28:11.991   749  2144 D libgps  : proxy_gnss_sv_status_cb: called. num_svs(4)
07-20 16:28:12.982   749  2144 D libgps  : proxy_gnss_sv_status_cb: called. num_svs(4)
07-20 16:28:15.996   749  2144 I chatty  : uid=1000(system) IPC Thread identical 11 lines
07-20 16:28:16.986   749  2144 D libgps  : proxy_gnss_sv_status_cb: called. num_svs(4)
07-20 16:28:17.404  1197  3977 I chatty  : uid=1000(system) Binder:1197_1B expire 9 lines
07-20 16:28:17.998   749  2144 D libgps  : proxy_gnss_sv_status_cb: called. num_svs(4)
07-20 16:28:18.986   749  2144 D libgps  : proxy_gnss_sv_status_cb: called. num_svs(4)
07-20 16:28:22.994   749  2144 D libgps  : proxy_gnss_sv_status_cb: called. num_svs(4)
07-20 16:28:23.991   749  2144 D libgps  : proxy_gnss_sv_status_cb: called. num_svs(4)
07-20 16:28:24.989   749  2144 D libgps  : proxy_gnss_sv_status_cb: called. num_svs(4)
07-20 16:28:25.998   749  2144 D libgps  : proxy_gnss_sv_status_cb: called. num_svs(4)
07-20 16:28:28.994   749  2144 D libgps  : proxy_gnss_sv_status_cb: called. num_svs(4)
07-20 16:28:29.993   749  2144 D libgps  : proxy_gnss_sv_status_cb: called. num_svs(3)
07-20 16:28:31.995   749  2144 D libgps  : proxy_gnss_sv_status_cb: called. num_svs(3)
07-20 16:28:32.983   749  2144 D libgps  : proxy_gnss_sv_status_cb: called. num_svs(3)
07-20 16:28:33.244  1197  2580 I chatty  : uid=1000(system) Binder:1197_D expire 5 lines
07-20 16:28:33.981   749  2144 D libgps  : proxy_gnss_sv_status_cb: called. num_svs(3)
07-20 16:28:34.983   749  2144 D libgps  : proxy_gnss_sv_status_cb: called. num_svs(3)
07-20 16:28:35.260  1197  1197 I chatty  : uid=1000 system_server expire 7 lines
07-20 16:28:35.988   749  2144 D libgps  : proxy_gnss_sv_status_cb: called. num_svs(3)
07-20 16:28:38.985   749  2144 D libgps  : proxy_gnss_sv_status_cb: called. num_svs(3)
07-20 16:28:39.982   749  2144 D libgps  : proxy_gnss_sv_status_cb: called. num_svs(3)
07-20 16:28:40.979   749  2144 I chatty  : uid=1000(system) IPC Thread identical 10 lines
07-20 16:28:41.997   749  2144 D libgps  : proxy_gnss_sv_status_cb: called. num_svs(3)
07-20 16:28:42.982   749  2144 D libgps  : proxy_gnss_sv_status_cb: called. num_svs(3)
07-20 16:28:43.985   749  2144 D libgps  : proxy_gnss_sv_status_cb: called. num_svs(4)
07-20 16:28:49.994   749  2144 D libgps  : proxy_gnss_sv_status_cb: called. num_svs(4)
07-20 16:28:50.989   749  2144 D libgps  : proxy_gnss_sv_status_cb: called. num_svs(5)
07-20 16:28:51.991   749  2144 D libgps  : proxy_gnss_sv_status_cb: called. num_svs(4)
07-20 16:28:53.985   749  2144 D libgps  : proxy_gnss_sv_status_cb: called. num_svs(4)
07-20 16:28:54.729  1197  3686 I chatty  : uid=1000(system) Binder:1197_13 expire 3 lines
07-20 16:28:54.986   749  2144 D libgps  : proxy_gnss_sv_status_cb: called. num_svs(4)
07-20 16:28:55.994   749  2144 D libgps  : proxy_gnss_sv_status_cb: called. num_svs(4)
07-20 16:28:56.988   749  2144 D libgps  : proxy_gnss_sv_status_cb: called. num_svs(5)
07-20 16:28:58.977   749  2144 D libgps  : proxy_gnss_sv_status_cb: called. num_svs(5)
07-20 16:29:00.005   749  2144 D libgps  : proxy_gnss_sv_status_cb: called. num_svs(5)
07-20 16:29:00.988   749  2144 D libgps  : proxy_gnss_sv_status_cb: called. num_svs(5)
07-20 16:29:02.999   749  2144 D libgps  : proxy_gnss_sv_status_cb: called. num_svs(5)
07-20 16:29:03.987   749  2144 D libgps  : proxy_gnss_sv_status_cb: called. num_svs(5)
07-20 16:29:04.996   749  2144 D libgps  : proxy_gnss_sv_status_cb: called. num_svs(5)
07-20 16:29:05.991   749  2144 D libgps  : proxy_gnss_sv_status_cb: called. num_svs(5)
07-20 16:29:07.996   749  2144 D libgps  : proxy_gnss_sv_status_cb: called. num_svs(5)
07-20 16:29:08.254  1197 10223 I chatty  : uid=1000(system) Binder:1197_1E expire 4 lines
07-20 16:29:08.992   749  2144 D libgps  : proxy_gnss_sv_status_cb: called. num_svs(5)
07-20 16:29:09.989   749  2144 D libgps  : proxy_gnss_sv_status_cb: called. num_svs(5)
07-20 16:29:10.999   749  2144 I chatty  : uid=1000(system) IPC Thread identical 4 lines
07-20 16:29:11.986   749  2144 D libgps  : proxy_gnss_sv_status_cb: called. num_svs(5)
07-20 16:29:12.983   749  2144 D libgps  : proxy_gnss_sv_status_cb: called. num_svs(5)
07-20 16:29:16.996   749  2144 D libgps  : proxy_gnss_sv_status_cb: called. num_svs(5)
07-20 16:29:18.001   749  2144 D libgps  : proxy_gnss_sv_status_cb: called. num_svs(4)
07-20 16:29:18.435   494   633 W SocketListener: sending broadcast to Pid = 1197, Uid = 1000 
07-20 16:29:18.439  1197  1630 I chatty  : uid=1000(system) NetdConnector expire 2 lines
07-20 16:29:18.446  1197  1229 I chatty  : uid=1000(system) android.fg expire 3 lines
07-20 16:29:18.993   749  2144 D libgps  : proxy_gnss_sv_status_cb: called. num_svs(5)
07-20 16:29:19.994   749  2144 D libgps  : proxy_gnss_sv_status_cb: called. num_svs(6)
07-20 16:29:21.002   749  2144 D libgps  : proxy_gnss_sv_status_cb: called. num_svs(5)
07-20 16:29:22.001   749  2144 D libgps  : proxy_gnss_sv_status_cb: called. num_svs(5)
07-20 16:29:23.025   749  2144 D libgps  : proxy_gnss_sv_status_cb: called. num_svs(4)
07-20 16:29:23.296  1197  2580 I chatty  : uid=1000(system) Binder:1197_D expire 7 lines
07-20 16:29:23.297  1197  1222 I chatty  : uid=1000(system) ActivityManager expire 1 line
07-20 16:29:23.619  1197  3977 I chatty  : uid=1000(system) Binder:1197_1B expire 40 lines
07-20 16:29:23.962   749  2144 D libgps  : proxy_gnss_sv_status_cb: called. num_svs(4)
07-20 16:29:24.308  6101  6101 V ActivityThread: ActivityThread,callActivityOnCreate
07-20 16:29:24.400  1197 10223 I chatty  : uid=1000(system) Binder:1197_1E expire 54 lines
07-20 16:29:24.402 23975 23975 D ActivityThread: ActivityThread,attachApplication
07-20 16:29:24.447  1197  1650 I chatty  : uid=1000(system) ConnectivitySer expire 11 lines
07-20 16:29:24.476  6101  6101 D ActivityThread: add activity client record, r= ActivityRecord{9f095e token=android.os.BinderProxy@8c9b102 {com.jieshun.jslife/jst.com.paylibrary.activity.JstWebviewActivity}} token= android.os.BinderProxy@8c9b102
07-20 16:29:24.537  1197  1367 I chatty  : uid=1000(system) android.anim expire 36 lines
07-20 16:29:24.976   749  2144 D libgps  : proxy_gnss_sv_status_cb: called. num_svs(5)
07-20 16:29:25.982   749  2144 D libgps  : proxy_gnss_sv_status_cb: called. num_svs(4)
07-20 16:29:26.215  6101  6101 V ActivityThread: ActivityThread,callActivityOnCreate
07-20 16:29:26.321  6101  6101 D ActivityThread: add activity client record, r= ActivityRecord{8ce8c3d token=android.os.BinderProxy@b4d1ced {com.jieshun.jslife/com.jieshun.jslife.activity.userinfo.ConsumeRecordActivity}} token= android.os.BinderProxy@b4d1ced
07-20 16:29:26.327  1197  2225 I chatty  : uid=1000(system) Binder:1197_A expire 34 lines
07-20 16:29:26.845  6101  6101 V ActivityThread: ActivityThread,callActivityOnCreate
07-20 16:29:26.884  6101  6101 D ActivityThread: add activity client record, r= ActivityRecord{e305d0c token=android.os.BinderProxy@5399b2 {com.jieshun.jslife/com.jieshun.jslife.activity.userinfo.ConsumeOrderDetailActivity}} token= android.os.BinderProxy@5399b2
07-20 16:29:26.960   749  2144 D libgps  : proxy_gnss_sv_status_cb: called. num_svs(4)
07-20 16:29:27.279  6101  6101 D ActivityThread: Remove activity client record, r= ActivityRecord{9f095e token=android.os.BinderProxy@8c9b102 {com.jieshun.jslife/jst.com.paylibrary.activity.JstWebviewActivity}} token= android.os.BinderProxy@8c9b102
07-20 16:29:28.012   749  2144 D libgps  : proxy_gnss_sv_status_cb: called. num_svs(5)
07-20 16:29:28.960   749  2144 D libgps  : proxy_gnss_sv_status_cb: called. num_svs(5)
07-20 16:29:29.960   749  2144 D libgps  : proxy_gnss_sv_status_cb: called. num_svs(5)
07-20 16:29:30.520  1197  1197 I chatty  : uid=1000 system_server expire 8 lines
07-20 16:29:30.977   749  2144 D libgps  : proxy_gnss_sv_status_cb: called. num_svs(5)
07-20 16:29:32.006   749  2144 D libgps  : proxy_gnss_sv_status_cb: called. num_svs(5)
07-20 16:29:33.000   749  2144 D libgps  : proxy_gnss_sv_status_cb: called. num_svs(5)
07-20 16:29:34.012   749  2144 D libgps  : proxy_gnss_sv_status_cb: called. num_svs(5)
07-20 16:29:34.323  1197  1391 I chatty  : uid=1000(system) InputDispatcher expire 3 lines
07-20 16:29:34.473  1197  1660 I chatty  : uid=1000(system) AudioService expire 4 lines
07-20 16:29:34.814  1197 10223 I chatty  : uid=1000(system) Binder:1197_1E expire 14 lines
07-20 16:29:34.987   749  2144 D libgps  : proxy_gnss_sv_status_cb: called. num_svs(5)
07-20 16:29:35.649  1197  1373 I chatty  : uid=1000(system) UEventObserver expire 2 lines
07-20 16:29:35.671  1197  1197 I chatty  : uid=1000 system_server expire 8 lines
07-20 16:29:35.989   749  2144 D libgps  : proxy_gnss_sv_status_cb: called. num_svs(5)
07-20 16:29:36.300  1197  1227 I chatty  : uid=1000(system) batterystats-sy expire 2 lines
07-20 16:29:36.669  1197  2225 I chatty  : uid=1000(system) Binder:1197_A expire 16 lines
07-20 16:29:36.955   749  2144 D libgps  : proxy_gnss_sv_status_cb: called. num_svs(5)
07-20 16:29:37.018  6101  6101 W ViewRootImpl[ConsumeOrderDetailActivity]: Dropping event due to root view being removed: MotionEvent { action=ACTION_UP, actionButton=0, id[0]=0, x[0]=823.29297, y[0]=1175.169, toolType[0]=TOOL_TYPE_UNKNOWN, buttonState=0, metaState=0, flags=0x0, edgeFlags=0x0, pointerCount=1, historySize=0, eventTime=27001000, downTime=27000997, deviceId=0, source=0x1002 }
07-20 16:29:37.288  1197  1367 I chatty  : uid=1000(system) android.anim expire 15 lines
07-20 16:29:37.985   749  2144 D libgps  : proxy_gnss_sv_status_cb: called. num_svs(5)
07-20 16:29:38.272  1197  3686 I chatty  : uid=1000(system) Binder:1197_13 expire 15 lines
07-20 16:29:38.986   749  2144 D libgps  : proxy_gnss_sv_status_cb: called. num_svs(5)
07-20 16:29:39.555  6101  6101 W ViewRootImpl[ConsumeOrderDetailActivity]: Dropping event due to root view being removed: MotionEvent { action=ACTION_UP, actionButton=0, id[0]=0, x[0]=672.8966, y[0]=885.791, toolType[0]=TOOL_TYPE_UNKNOWN, buttonState=0, metaState=0, flags=0x0, edgeFlags=0x0, pointerCount=1, historySize=0, eventTime=27003516, downTime=27003510, deviceId=0, source=0x1002 }
07-20 16:29:40.008   749  2144 D libgps  : proxy_gnss_sv_status_cb: called. num_svs(5)
07-20 16:29:40.163  1197  1391 I chatty  : uid=1000(system) InputDispatcher expire 7 lines
07-20 16:29:40.996   749  2144 D libgps  : proxy_gnss_sv_status_cb: called. num_svs(5)
07-20 16:29:41.997   749  2144 D libgps  : proxy_gnss_sv_status_cb: called. num_svs(5)
07-20 16:29:42.902  1197  2116 I chatty  : uid=1000(system) watchdog expire 1 line
07-20 16:29:43.001   749  2144 D libgps  : proxy_gnss_sv_status_cb: called. num_svs(6)
07-20 16:29:44.002   749  2144 D libgps  : proxy_gnss_sv_status_cb: called. num_svs(6)
07-20 16:29:45.049   749  2144 D libgps  : proxy_gnss_sv_status_cb: called. num_svs(5)
07-20 16:29:45.971   749  2144 D libgps  : proxy_gnss_sv_status_cb: called. num_svs(6)
07-20 16:29:46.992  1197 10340 I chatty  : uid=1000(system) Binder:1197_1F expire 54 lines
07-20 16:29:47.025   749  2144 D libgps  : proxy_gnss_sv_status_cb: called. num_svs(6)
07-20 16:29:47.994   749  2144 D libgps  : proxy_gnss_sv_status_cb: called. num_svs(5)
07-20 16:29:48.961   749  2144 D libgps  : proxy_gnss_sv_status_cb: called. num_svs(5)
07-20 16:29:49.941  1197  2225 I chatty  : uid=1000(system) Binder:1197_A expire 8 lines
07-20 16:29:50.031   749  2144 D libgps  : proxy_gnss_sv_status_cb: called. num_svs(5)
07-20 16:29:50.290  1197 10223 I chatty  : uid=1000(system) Binder:1197_1E expire 25 lines
07-20 16:29:50.312  6101  6101 W ViewRootImpl[ConsumeOrderDetailActivity]: Dropping event due to root view being removed: MotionEvent { action=ACTION_UP, actionButton=0, id[0]=0, x[0]=412.05725, y[0]=921.9337, toolType[0]=TOOL_TYPE_UNKNOWN, buttonState=0, metaState=0, flags=0x0, edgeFlags=0x0, pointerCount=1, historySize=0, eventTime=27014276, downTime=27014272, deviceId=0, source=0x1002 }
07-20 16:29:50.544  1197  1367 I chatty  : uid=1000(system) android.anim expire 18 lines
07-20 16:29:50.990   749  2144 D libgps  : proxy_gnss_sv_status_cb: called. num_svs(5)
07-20 16:29:52.001   749  2144 D libgps  : proxy_gnss_sv_status_cb: called. num_svs(6)
07-20 16:29:52.962   749  2144 D libgps  : proxy_gnss_sv_status_cb: called. num_svs(5)
07-20 16:29:53.229  6101  6101 V ActivityThread: ActivityThread,callActivityOnCreate
07-20 16:29:53.263  6101  6101 D ActivityThread: add activity client record, r= ActivityRecord{d4b414a token=android.os.BinderProxy@b5a85ea {com.jieshun.jslife/com.jieshun.jslife.activity.userinfo.ConsumeOrderDetailActivity}} token= android.os.BinderProxy@b5a85ea
07-20 16:29:53.295  6101  6101 D ActivityThread: Remove activity client record, r= ActivityRecord{e305d0c token=android.os.BinderProxy@5399b2 {com.jieshun.jslife/com.jieshun.jslife.activity.userinfo.ConsumeOrderDetailActivity}} token= android.os.BinderProxy@5399b2
07-20 16:29:53.990   749  2144 D libgps  : proxy_gnss_sv_status_cb: called. num_svs(5)
07-20 16:29:54.737  1197  3686 I chatty  : uid=1000(system) Binder:1197_13 expire 14 lines
07-20 16:29:54.896   739   804 E /system/bin/storaged: pid_info get_pids failed
07-20 16:29:54.962   749  2144 D libgps  : proxy_gnss_sv_status_cb: called. num_svs(5)
07-20 16:29:56.000   749  2144 D libgps  : proxy_gnss_sv_status_cb: called. num_svs(5)
07-20 16:29:56.997   749  2144 D libgps  : proxy_gnss_sv_status_cb: called. num_svs(5)
07-20 16:29:57.975   749  2144 D libgps  : proxy_gnss_sv_status_cb: called. num_svs(5)
07-20 16:29:58.025  1197 10340 I chatty  : uid=1000(system) Binder:1197_1F expire 9 lines
07-20 16:29:58.981   749  2144 D libgps  : proxy_gnss_sv_status_cb: called. num_svs(5)
07-20 16:29:59.977   749  2144 D libgps  : proxy_gnss_sv_status_cb: called. num_svs(6)
07-20 16:30:00.239  1197  1210 I chatty  : uid=1000(system) Binder:1197_1 expire 1 line
07-20 16:30:00.965   749  2144 D libgps  : proxy_gnss_sv_status_cb: called. num_svs(6)
07-20 16:30:00.996  1197  1367 I chatty  : uid=1000(system) android.anim expire 4 lines
07-20 16:30:00.997  6101  6101 V ActivityThread: ActivityThread,callActivityOnCreate
07-20 16:30:01.027  1197 10223 I chatty  : uid=1000(system) Binder:1197_1E expire 45 lines
07-20 16:30:01.028  1197  1367 I chatty  : uid=1000(system) android.anim expire 48 lines
07-20 16:30:01.030  6101  6101 D ActivityThread: add activity client record, r= ActivityRecord{f40f91f token=android.os.BinderProxy@f5a1099 {com.jieshun.jslife/com.jieshun.jslife.activity.userinfo.ConsumeOrderDetailActivity}} token= android.os.BinderProxy@f5a1099
07-20 16:30:01.033  1197 10340 I chatty  : uid=1000(system) Binder:1197_1F expire 53 lines
07-20 16:30:01.061  6101  6101 D ActivityThread: Remove activity client record, r= ActivityRecord{d4b414a token=android.os.BinderProxy@b5a85ea {com.jieshun.jslife/com.jieshun.jslife.activity.userinfo.ConsumeOrderDetailActivity}} token= android.os.BinderProxy@b5a85ea
07-20 16:30:01.855  1197  1391 I chatty  : uid=1000(system) InputDispatcher expire 4 lines
07-20 16:30:01.966   749  2144 D libgps  : proxy_gnss_sv_status_cb: called. num_svs(6)
07-20 16:30:02.009  1197  1210 I chatty  : uid=1000(system) Binder:1197_1 expire 26 lines
07-20 16:30:02.228  6101  6101 V ActivityThread: ActivityThread,callActivityOnCreate
07-20 16:30:02.261  6101  6101 D ActivityThread: add activity client record, r= ActivityRecord{32bcdaf token=android.os.BinderProxy@9ebc6a9 {com.jieshun.jslife/com.jieshun.jslife.activity.userinfo.ConsumeOrderDetailActivity}} token= android.os.BinderProxy@9ebc6a9
07-20 16:30:02.285  6101  6101 D ActivityThread: Remove activity client record, r= ActivityRecord{f40f91f token=android.os.BinderProxy@f5a1099 {com.jieshun.jslife/com.jieshun.jslife.activity.userinfo.ConsumeOrderDetailActivity}} token= android.os.BinderProxy@f5a1099
07-20 16:30:02.558  1197  1222 I chatty  : uid=1000(system) ActivityManager expire 1 line
07-20 16:30:02.998   749  2144 D libgps  : proxy_gnss_sv_status_cb: called. num_svs(6)
07-20 16:30:03.992   749  2144 D libgps  : proxy_gnss_sv_status_cb: called. num_svs(6)
07-20 16:30:05.003   749  2144 D libgps  : proxy_gnss_sv_status_cb: called. num_svs(6)
07-20 16:30:05.865  1197  1373 I chatty  : uid=1000(system) UEventObserver expire 2 lines
07-20 16:30:05.890  1197  1197 I chatty  : uid=1000 system_server expire 2 lines
07-20 16:30:05.998   749  2144 D libgps  : proxy_gnss_sv_status_cb: called. num_svs(6)
07-20 16:30:06.976  6101  6101 W ViewRootImpl[ConsumeOrderDetailActivity]: Dropping event due to root view being removed: MotionEvent { action=ACTION_UP, actionButton=0, id[0]=0, x[0]=-61.992798, y[0]=936.2146, toolType[0]=TOOL_TYPE_UNKNOWN, buttonState=0, metaState=0, flags=0x0, edgeFlags=0x0, pointerCount=1, historySize=0, eventTime=27030940, downTime=27030931, deviceId=0, source=0x1002 }
07-20 16:30:07.004   749  2144 D libgps  : proxy_gnss_sv_status_cb: called. num_svs(6)
07-20 16:30:07.978   749  2144 D libgps  : proxy_gnss_sv_status_cb: called. num_svs(6)
07-20 16:30:08.348  1197  1210 I chatty  : uid=1000(system) Binder:1197_1 expire 20 lines
07-20 16:30:08.358  1197  1367 I chatty  : uid=1000(system) android.anim expire 54 lines
07-20 16:30:08.359  6101  6101 V ActivityThread: ActivityThread,callActivityOnCreate
07-20 16:30:08.393  1197 10340 I chatty  : uid=1000(system) Binder:1197_1F expire 47 lines
07-20 16:30:08.397  6101  6101 D ActivityThread: add activity client record, r= ActivityRecord{6dddb27 token=android.os.BinderProxy@7764d61 {com.jieshun.jslife/com.jieshun.jslife.activity.userinfo.ConsumeOrderDetailActivity}} token= android.os.BinderProxy@7764d61
07-20 16:30:08.449  1197 10223 I chatty  : uid=1000(system) Binder:1197_1E expire 33 lines
07-20 16:30:08.979   749  2144 D libgps  : proxy_gnss_sv_status_cb: called. num_svs(6)
07-20 16:30:09.992   749  2144 D libgps  : proxy_gnss_sv_status_cb: called. num_svs(5)
07-20 16:30:10.998   749  2144 D libgps  : proxy_gnss_sv_status_cb: called. num_svs(5)
07-20 16:30:11.973   749  2144 D libgps  : proxy_gnss_sv_status_cb: called. num_svs(5)
07-20 16:30:12.905  1197  2116 I chatty  : uid=1000(system) watchdog expire 1 line
07-20 16:30:13.023   749  2144 D libgps  : proxy_gnss_sv_status_cb: called. num_svs(5)
07-20 16:30:13.982  1197  1391 I chatty  : uid=1000(system) InputDispatcher expire 4 lines
07-20 16:30:14.006   749  2144 D libgps  : proxy_gnss_sv_status_cb: called. num_svs(5)
07-20 16:30:14.370  6101  6101 V ActivityThread: ActivityThread,callActivityOnCreate
07-20 16:30:14.406  6101  6101 D ActivityThread: add activity client record, r= ActivityRecord{76612fd token=android.os.BinderProxy@57184c7 {com.jieshun.jslife/com.jieshun.jslife.activity.userinfo.ConsumeOrderDetailActivity}} token= android.os.BinderProxy@57184c7
07-20 16:30:14.434  6101  6101 D ActivityThread: Remove activity client record, r= ActivityRecord{6dddb27 token=android.os.BinderProxy@7764d61 {com.jieshun.jslife/com.jieshun.jslife.activity.userinfo.ConsumeOrderDetailActivity}} token= android.os.BinderProxy@7764d61
07-20 16:30:14.438  6101  6101 D ActivityThread: Remove activity client record, r= ActivityRecord{32bcdaf token=android.os.BinderProxy@9ebc6a9 {com.jieshun.jslife/com.jieshun.jslife.activity.userinfo.ConsumeOrderDetailActivity}} token= android.os.BinderProxy@9ebc6a9
07-20 16:30:14.971   749  2144 D libgps  : proxy_gnss_sv_status_cb: called. num_svs(5)
07-20 16:30:15.996   749  2144 D libgps  : proxy_gnss_sv_status_cb: called. num_svs(5)
07-20 16:30:16.997   749  2144 D libgps  : proxy_gnss_sv_status_cb: called. num_svs(5)
07-20 16:30:17.154  1197  2225 I chatty  : uid=1000(system) Binder:1197_A expire 5 lines
07-20 16:30:17.175  6101  6101 W ViewRootImpl[ConsumeOrderDetailActivity]: Dropping event due to root view being removed: MotionEvent { action=ACTION_UP, actionButton=0, id[0]=0, x[0]=213.32236, y[0]=-103.78198, toolType[0]=TOOL_TYPE_UNKNOWN, buttonState=0, metaState=0, flags=0x0, edgeFlags=0x0, pointerCount=1, historySize=0, eventTime=27041142, downTime=27041137, deviceId=0, source=0x1002 }
07-20 16:30:17.985   749  2144 D libgps  : proxy_gnss_sv_status_cb: called. num_svs(5)
07-20 16:30:18.005  1197  1222 I chatty  : uid=1000(system) ActivityManager expire 1 line
07-20 16:30:18.157  1197 10223 I chatty  : uid=1000(system) Binder:1197_1E expire 17 lines
07-20 16:30:18.236  1197  2225 I chatty  : uid=1000(system) Binder:1197_A expire 23 lines
07-20 16:30:18.730  1197  1391 I chatty  : uid=1000(system) InputDispatcher expire 9 lines
07-20 16:30:18.883  1197  1197 I chatty  : uid=1000 system_server expire 18 lines
07-20 16:30:18.886  1197  1660 I chatty  : uid=1000(system) AudioService expire 6 lines
07-20 16:30:18.968  1197  1210 I chatty  : uid=1000(system) Binder:1197_1 expire 20 lines
07-20 16:30:19.000   749  2144 D libgps  : proxy_gnss_sv_status_cb: called. num_svs(5)
07-20 16:30:19.206  1197 10340 I chatty  : uid=1000(system) Binder:1197_1F expire 15 lines
07-20 16:30:19.235  6101  6101 W ViewRootImpl[ConsumeOrderDetailActivity]: Dropping event due to root view being removed: MotionEvent { action=ACTION_UP, actionButton=0, id[0]=0, x[0]=-2.6260376, y[0]=830.8508, toolType[0]=TOOL_TYPE_UNKNOWN, buttonState=0, metaState=0, flags=0x0, edgeFlags=0x0, pointerCount=1, historySize=0, eventTime=27043195, downTime=27043185, deviceId=0, source=0x1002 }
07-20 16:30:19.485  1197  1367 I chatty  : uid=1000(system) android.anim expire 25 lines
07-20 16:30:19.993   749  2144 D libgps  : proxy_gnss_sv_status_cb: called. num_svs(5)
07-20 16:30:20.958   749  2144 D libgps  : proxy_gnss_sv_status_cb: called. num_svs(5)
07-20 16:30:21.993   749  2144 D libgps  : proxy_gnss_sv_status_cb: called. num_svs(6)
07-20 16:30:22.949  6101  6101 W ViewRootImpl[ConsumeOrderDetailActivity]: Dropping event due to root view being removed: MotionEvent { action=ACTION_UP, actionButton=0, id[0]=0, x[0]=39.54448, y[0]=-60.24823, toolType[0]=TOOL_TYPE_UNKNOWN, buttonState=0, metaState=0, flags=0x0, edgeFlags=0x0, pointerCount=1, historySize=0, eventTime=27046928, downTime=27046924, deviceId=0, source=0x1002 }
07-20 16:30:23.012   749  2144 D libgps  : proxy_gnss_sv_status_cb: called. num_svs(6)
07-20 16:30:23.985   749  2144 D libgps  : proxy_gnss_sv_status_cb: called. num_svs(6)
07-20 16:30:24.979   749  2144 D libgps  : proxy_gnss_sv_status_cb: called. num_svs(6)
07-20 16:30:25.417  6101  6101 W ViewRootImpl[ConsumeOrderDetailActivity]: Dropping event due to root view being removed: MotionEvent { action=ACTION_UP, actionButton=0, id[0]=0, x[0]=752.02527, y[0]=-223.19678, toolType[0]=TOOL_TYPE_UNKNOWN, buttonState=0, metaState=0, flags=0x0, edgeFlags=0x0, pointerCount=1, historySize=0, eventTime=27049381, downTime=27049373, deviceId=0, source=0x1002 }
07-20 16:30:25.419  6101  6101 W ViewRootImpl[ConsumeOrderDetailActivity]: Dropping event due to root view being removed: MotionEvent { action=ACTION_MOVE, actionButton=0, id[0]=0, x[0]=-3.0, y[0]=-1.0, toolType[0]=TOOL_TYPE_UNKNOWN, buttonState=0, metaState=0, flags=0x0, edgeFlags=0x0, pointerCount=1, historySize=0, eventTime=27049366, downTime=-1, deviceId=0, source=0x10004 }
07-20 16:30:25.990   749  2144 D libgps  : proxy_gnss_sv_status_cb: called. num_svs(6)
07-20 16:30:26.961   749  2144 D libgps  : proxy_gnss_sv_status_cb: called. num_svs(6)
07-20 16:30:28.012   749  2144 D libgps  : proxy_gnss_sv_status_cb: called. num_svs(6)
07-20 16:30:28.760  6101  6101 W ViewRootImpl[ConsumeOrderDetailActivity]: Dropping event due to root view being removed: MotionEvent { action=ACTION_UP, actionButton=0, id[0]=0, x[0]=473.768, y[0]=1106.0685, toolType[0]=TOOL_TYPE_UNKNOWN, buttonState=0, metaState=0, flags=0x0, edgeFlags=0x0, pointerCount=1, historySize=0, eventTime=27052711, downTime=27052706, deviceId=0, source=0x1002 }
07-20 16:30:28.977   749  2144 D libgps  : proxy_gnss_sv_status_cb: called. num_svs(6)
07-20 16:30:29.676  1197 10223 I chatty  : uid=1000(system) Binder:1197_1E expire 7 lines
07-20 16:30:29.962   749  2144 D libgps  : proxy_gnss_sv_status_cb: called. num_svs(6)
07-20 16:30:29.990  1197  2225 I chatty  : uid=1000(system) Binder:1197_A expire 4 lines
07-20 16:30:30.985   749  2144 D libgps  : proxy_gnss_sv_status_cb: called. num_svs(6)
07-20 16:30:31.994   749  2144 D libgps  : proxy_gnss_sv_status_cb: called. num_svs(6)
07-20 16:30:32.663  1197  1197 I chatty  : uid=1000 system_server expire 12 lines
07-20 16:30:32.995   749  2144 D libgps  : proxy_gnss_sv_status_cb: called. num_svs(5)
07-20 16:30:34.031   749  2144 D libgps  : proxy_gnss_sv_status_cb: called. num_svs(5)
07-20 16:30:34.993   749  2144 D libgps  : proxy_gnss_sv_status_cb: called. num_svs(5)
07-20 16:30:35.108  1197 10223 I chatty  : uid=1000(system) Binder:1197_1E expire 11 lines
07-20 16:30:35.145  1197  2225 I chatty  : uid=1000(system) Binder:1197_A expire 11 lines
07-20 16:30:35.396  6101  6101 W ViewRootImpl[ConsumeOrderDetailActivity]: Dropping event due to root view being removed: MotionEvent { action=ACTION_UP, actionButton=0, id[0]=0, x[0]=838.8127, y[0]=1269.3701, toolType[0]=TOOL_TYPE_UNKNOWN, buttonState=0, metaState=0, flags=0x0, edgeFlags=0x0, pointerCount=1, historySize=0, eventTime=27059347, downTime=27059340, deviceId=0, source=0x1002 }
07-20 16:30:35.611  1197  1367 I chatty  : uid=1000(system) android.anim expire 10 lines
