07-20 15:36:39.902  2150  2447 D AntiBruteForceProcessor: resetTotalFailedTimes current total times = 0
07-20 15:36:39.920  1197  1367 I chatty  : uid=1000(system) android.anim expire 15 lines
07-20 15:36:39.937  1766  1766 V KeyguardDisplayManager: hide
07-20 15:36:39.938  1766  1766 V KeyguardViewMediator: updateInputRestrictedLocked 1 isInputApp = false, inputRestricted = false
07-20 15:36:39.938  1197  1197 I chatty  : uid=1000 system_server expire 23 lines
07-20 15:36:39.960  1197  2845 I chatty  : uid=1000(system) Binder:1197_F expire 28 lines
07-20 15:36:39.962  1197  1630 I chatty  : uid=1000(system) NetdConnector expire 4 lines
07-20 15:36:39.995  1197  4055 I chatty  : uid=1000(system) Binder:1197_1C expire 16 lines
07-20 15:36:40.033  1197 10223 I chatty  : uid=1000(system) Binder:1197_1E expire 11 lines
07-20 15:36:40.041  1197  1647 I chatty  : uid=1000(system) WifiP2pService expire 6 lines
07-20 15:36:40.114  1197  1231 I chatty  : uid=1000(system) android.display expire 6 lines
07-20 15:36:40.116 16367 16367 D ActivityThread: ActivityThread,attachApplication
07-20 15:36:40.148  2936  2948 W SettingsEx: SettingsEx.Systemex.getInt deprecated use Settings.System.getInt instead ;callers=com.huawei.recsys.util.SystemUtil.getNotificationUpdateMode:169 com.huawei.recsys.util.SystemUtil.isAllowUpdate:104 com.huawei.recsys.controller.notification.http.NotificationUpdateController.startNotificationUpdate:85 
07-20 15:36:40.156  2936  2948 W SettingsEx: SettingsEx.Systemex.getInt deprecated use Settings.System.getInt instead ;callers=com.huawei.recsys.util.SystemUtil.getNotificationUpdateMode:169 com.huawei.recsys.util.SystemUtil.isAllowUpdate:104 com.huawei.recsys.controller.notification.http.NotificationUpdateController.startNotificationUpdate:85 
07-20 15:36:40.162  1197  3009 I chatty  : uid=1000(system) Binder:1197_10 expire 5 lines
07-20 15:36:40.687  1197  1219 I chatty  : uid=1000(system) android.bg expire 4 lines
07-20 15:36:40.917  1197  2224 I chatty  : uid=1000(system) Binder:1197_9 expire 5 lines
07-20 15:36:40.983  1197  3767 I chatty  : uid=1000(system) Binder:1197_14 expire 11 lines
07-20 15:36:41.404  1197  1391 I chatty  : uid=1000(system) InputDispatcher expire 2 lines
07-20 15:36:43.002  1197  1392 I chatty  : uid=1000(system) InputReader expire 2 lines
07-20 15:36:43.158  2936  2960 W SettingsEx: SettingsEx.Systemex.getInt deprecated use Settings.System.getInt instead ;callers=com.huawei.recsys.util.SystemUtil.getNotificationUpdateMode:169 com.huawei.recsys.util.SystemUtil.isAllowUpdate:104 com.huawei.recsys.controller.notification.http.NotificationUpdateController.startNotificationUpdate:85 
07-20 15:36:43.287  2936  2948 W SettingsEx: SettingsEx.Systemex.getInt deprecated use Settings.System.getInt instead ;callers=com.huawei.recsys.util.SystemUtil.getNotificationUpdateMode:169 com.huawei.recsys.util.SystemUtil.isAllowUpdate:104 com.huawei.recsys.controller.notification.http.NotificationUpdateController.startNotificationUpdate:85 
07-20 15:36:43.316  1766  1766 W FingerprintManager: Invalid acquired message: 6, 1001
07-20 15:36:43.326  5399  5399 V ActivityThread: Finishing stop of ActivityRecord{cce8105 token=android.os.BinderProxy@5e2a59e {com.tencent.mm/com.tencent.mm.ui.LauncherUI}}
07-20 15:36:43.423  1766  1766 V KeyguardViewMediator: updateInputRestrictedLocked 1 isInputApp = false, inputRestricted = true
07-20 15:36:43.511  1766  1766 V KeyguardStatusView: refresh statusview showing:true
07-20 15:36:43.517  1766  1766 V KeyguardDisplayManager: show
07-20 15:36:43.523  2150  5309 D AntiBruteForceProcessor: RemainingAuthenticateNum = 5
07-20 15:36:43.594  1197  1223 I chatty  : uid=1000(system) android.ui expire 2 lines
07-20 15:36:43.854  5399  5399 V ActivityThread: Handle window ActivityRecord{cce8105 token=android.os.BinderProxy@5e2a59e {com.tencent.mm/com.tencent.mm.ui.LauncherUI}} visibility: false
07-20 15:36:43.988  1197 10361 I chatty  : uid=1000(system) Binder:1197_20 expire 10 lines
07-20 15:36:44.011  1197 10219 I chatty  : uid=1000(system) Binder:1197_1D expire 9 lines
07-20 15:36:44.057  1197  1197 I chatty  : uid=1000 system_server expire 17 lines
07-20 15:36:44.080  1197 10223 I chatty  : uid=1000(system) Binder:1197_1E expire 15 lines
07-20 15:36:44.122  1197  2845 I chatty  : uid=1000(system) Binder:1197_F expire 5 lines
07-20 15:36:44.142  1197  2760 I chatty  : uid=1000(system) HwDeviceUsageCo expire 1 line
07-20 15:36:44.376  2936 11788 W ContextImpl: Calling a method in the system process without a qualified user: android.app.ContextImpl.bindService:1736 android.content.ContextWrapper.bindService:678 com.huawei.nb.dataservice.dsclient.RemoteServiceConnection.open:90 com.huawei.nb.dataservice.dsclient.DataServiceProxy.connect:105 com.huawei.nb.dataservice.rsclient.internal.RemoteRuleService.start:27 
07-20 15:36:44.615  1197  2224 I chatty  : uid=1000(system) Binder:1197_9 expire 10 lines
07-20 15:36:49.478  1197  1234 I chatty  : uid=1000(system) PowerManagerSer expire 16 lines
07-20 15:37:04.078   494   629 W SocketListener: sending broadcast to Pid = 1197, Uid = 1000 
07-20 15:37:04.080  1197  1630 I chatty  : uid=1000(system) NetdConnector expire 10 lines
07-20 15:37:04.083  1197  1229 I chatty  : uid=1000(system) android.fg expire 5 lines
07-20 15:37:04.091  1197  2224 I chatty  : uid=1000(system) Binder:1197_9 expire 11 lines
07-20 15:37:04.101  1197  1227 I chatty  : uid=1000(system) batterystats-sy expire 3 lines
07-20 15:37:06.448   494   629 W SocketListener: sending broadcast to Pid = 1197, Uid = 1000 
07-20 15:37:06.467  1197  3767 I chatty  : uid=1000(system) Binder:1197_14 expire 6 lines
07-20 15:37:09.074  1197  2116 I chatty  : uid=1000(system) watchdog expire 1 line
07-20 15:40:15.111   494   629 W SocketListener: sending broadcast to Pid = 1197, Uid = 1000 
07-20 15:40:15.111   494   629 W SocketListener: sending broadcast to Pid = 1197, Uid = 1000 
07-20 15:40:15.295  1197 10361 I chatty  : uid=1000(system) Binder:1197_20 expire 10 lines
07-20 15:40:33.080   494   629 W SocketListener: sending broadcast to Pid = 1197, Uid = 1000 
07-20 15:40:36.066  1197  1246 I chatty  : uid=1000(system) HwBinder:1197_1 expire 3 lines
07-20 15:40:36.066  1197  1377 I chatty  : uid=1000(system) fingerprintServ expire 8 lines
07-20 15:40:36.084  1766  1766 W FingerprintManager: Invalid acquired message: 6, 1002
07-20 15:40:36.086  1197  2224 I chatty  : uid=1000(system) Binder:1197_9 expire 21 lines
07-20 15:40:36.100  1197  1720 I chatty  : uid=1000(system) PhotonicModulat expire 8 lines
07-20 15:40:36.100  1197  1231 I chatty  : uid=1000(system) android.display expire 7 lines
07-20 15:40:36.101  1197  1367 I chatty  : uid=1000(system) android.anim expire 18 lines
07-20 15:40:36.132  1197  3776 I chatty  : uid=1000(system) Binder:1197_16 expire 12 lines
07-20 15:40:36.135  1197  1630 I chatty  : uid=1000(system) NetdConnector expire 8 lines
07-20 15:40:36.247  2150  5309 D FaceRecognizeService: resetTimeout begin!
07-20 15:40:36.247  2150  2447 E FaceRecognizeService: handleMessage EVT = 1002
07-20 15:40:36.247  2150  2447 D AntiBruteForceProcessor: Reset facerecognize lockout, clearAttemptCounter=true
07-20 15:40:36.248  2150  2447 D AntiBruteForceProcessor: resetTotalFailedTimes current total times = 0
07-20 15:40:36.248  1766  1766 V KeyguardDisplayManager: hide
07-20 15:40:36.249  1766  1766 V KeyguardViewMediator: updateInputRestrictedLocked 1 isInputApp = false, inputRestricted = false
07-20 15:40:36.250  1197  1197 I chatty  : uid=1000 system_server expire 10 lines
07-20 15:40:36.255  5399  5399 V ActivityThread: Handle window ActivityRecord{cce8105 token=android.os.BinderProxy@5e2a59e {com.tencent.mm/com.tencent.mm.ui.LauncherUI}} visibility: true
07-20 15:40:36.354  1197  1394 I chatty  : uid=1000(system) StorageManagerS expire 2 lines
07-20 15:40:36.354   428   436 I vold    : TrimTask running tasks: 0
07-20 15:40:36.355  1197  1397 I chatty  : uid=1000(system) VoldConnector expire 1 line
07-20 15:40:36.367  1197  1647 I chatty  : uid=1000(system) WifiP2pService expire 3 lines
07-20 15:40:36.411  1197  1234 I chatty  : uid=1000(system) PowerManagerSer expire 3 lines
07-20 15:40:36.462  1197  1222 I chatty  : uid=1000(system) ActivityManager expire 1 line
07-20 15:40:36.465  1197  3775 I chatty  : uid=1000(system) Binder:1197_15 expire 4 lines
07-20 15:40:36.513  1197  1367 I chatty  : uid=1000(system) android.anim expire 8 lines
07-20 15:40:36.520  1197 10219 I chatty  : uid=1000(system) Binder:1197_1D expire 2 lines
07-20 15:40:36.529  1197  1720 I chatty  : uid=1000(system) PhotonicModulat expire 39 lines
07-20 15:40:36.548  1197  1197 I chatty  : uid=1000 system_server expire 19 lines
07-20 15:40:36.548  1197  1647 I chatty  : uid=1000(system) WifiP2pService expire 6 lines
07-20 15:40:36.550  2936  2960 W SettingsEx: SettingsEx.Systemex.getInt deprecated use Settings.System.getInt instead ;callers=com.huawei.recsys.util.SystemUtil.getNotificationUpdateMode:169 com.huawei.recsys.util.SystemUtil.isAllowUpdate:104 com.huawei.recsys.controller.notification.http.NotificationUpdateController.startNotificationUpdate:85 
07-20 15:40:36.556  1197  1222 I chatty  : uid=1000(system) ActivityManager expire 5 lines
07-20 15:40:36.576  1197 10361 I chatty  : uid=1000(system) Binder:1197_20 expire 8 lines
07-20 15:40:36.601  2936 15328 W ContextImpl: Calling a method in the system process without a qualified user: android.app.ContextImpl.bindService:1736 android.content.ContextWrapper.bindService:678 com.huawei.nb.dataservice.dsclient.RemoteServiceConnection.open:90 com.huawei.nb.dataservice.dsclient.DataServiceProxy.connect:105 com.huawei.nb.dataservice.rsclient.internal.RemoteRuleService.start:27 
07-20 15:40:36.618  1197  3767 I chatty  : uid=1000(system) Binder:1197_14 expire 2 lines
07-20 15:40:36.633 16533 16533 D ActivityThread: ActivityThread,attachApplication
07-20 15:40:36.651  1197  2224 I chatty  : uid=1000(system) Binder:1197_9 expire 10 lines
07-20 15:40:36.662   494   629 W SocketListener: sending broadcast to Pid = 1197, Uid = 1000 
07-20 15:40:36.662  1197  1630 I chatty  : uid=1000(system) NetdConnector expire 4 lines
07-20 15:40:36.664  1197  1229 I chatty  : uid=1000(system) android.fg expire 1 line
07-20 15:40:36.702  1197  2845 I chatty  : uid=1000(system) Binder:1197_F expire 13 lines
07-20 15:40:36.726  1197  3776 I chatty  : uid=1000(system) Binder:1197_16 expire 21 lines
07-20 15:40:36.808  1197 10223 I chatty  : uid=1000(system) Binder:1197_1E expire 9 lines
07-20 15:40:36.833  2936  2960 W SettingsEx: SettingsEx.Systemex.getInt deprecated use Settings.System.getInt instead ;callers=com.huawei.recsys.util.SystemUtil.getNotificationUpdateMode:169 com.huawei.recsys.util.SystemUtil.isAllowUpdate:104 com.huawei.recsys.controller.notification.http.NotificationUpdateController.startNotificationUpdate:85 
07-20 15:40:36.850  2936  2960 W SettingsEx: SettingsEx.Systemex.getInt deprecated use Settings.System.getInt instead ;callers=com.huawei.recsys.util.SystemUtil.getNotificationUpdateMode:169 com.huawei.recsys.util.SystemUtil.isAllowUpdate:104 com.huawei.recsys.controller.notification.http.NotificationUpdateController.startNotificationUpdate:85 
07-20 15:40:36.933  1197  1234 I chatty  : uid=1000(system) PowerManagerSer expire 18 lines
07-20 15:40:37.206  1197  4055 I chatty  : uid=1000(system) Binder:1197_1C expire 25 lines
07-20 15:40:37.266  1197  1219 I chatty  : uid=1000(system) android.bg expire 4 lines
07-20 15:40:37.303   494   635 E FrameworkListener: read() failed (Connection reset by peer)
07-20 15:40:37.346  1197  1391 I chatty  : uid=1000(system) InputDispatcher expire 6 lines
07-20 15:40:37.414  1197  1223 I chatty  : uid=1000(system) android.ui expire 3 lines
07-20 15:40:37.417  2117  2414 I HwNetworkPolicyManager: getHwUidPolicy uid = 10058 policy = 0
07-20 15:40:37.426  1766  9096 I CommandQueue: updateBarBgColor
07-20 15:40:37.426  1766  9096 D CommandQueue: CommandQueue, setBarBackgroundColor
07-20 15:40:37.782  1197  1392 I chatty  : uid=1000(system) InputReader expire 2 lines
07-20 15:40:37.977  1197  1377 I chatty  : uid=1000(system) fingerprintServ expire 10 lines
07-20 15:40:37.980  3986  3986 V ActivityThread: Finishing stop of ActivityRecord{d5bd12d token=android.os.BinderProxy@225b823 {com.huawei.android.launcher/com.huawei.android.launcher.unihome.UniHomeLauncher}}
07-20 15:40:37.988  1197  3975 I chatty  : uid=1000(system) Binder:1197_19 expire 12 lines
07-20 15:40:38.004  1197  1246 I chatty  : uid=1000(system) HwBinder:1197_1 expire 1 line
07-20 15:40:38.005  1766  1766 W FingerprintManager: Invalid acquired message: 6, 1001
07-20 15:40:38.141  1197  1231 I chatty  : uid=1000(system) android.display expire 3 lines
07-20 15:40:38.151  1766  1766 V KeyguardViewMediator: updateInputRestrictedLocked 1 isInputApp = false, inputRestricted = true
07-20 15:40:38.179  1766  1766 V KeyguardStatusView: refresh statusview showing:true
07-20 15:40:38.181  1766  1766 V KeyguardDisplayManager: show
07-20 15:40:38.185  2150  5309 D AntiBruteForceProcessor: RemainingAuthenticateNum = 5
07-20 15:40:38.459  3986  3986 V ActivityThread: Handle window ActivityRecord{d5bd12d token=android.os.BinderProxy@225b823 {com.huawei.android.launcher/com.huawei.android.launcher.unihome.UniHomeLauncher}} visibility: false
07-20 15:40:38.549  1197  2760 I chatty  : uid=1000(system) HwDeviceUsageCo expire 1 line
07-20 15:40:38.708  2936 15370 W ContextImpl: Calling a method in the system process without a qualified user: android.app.ContextImpl.bindService:1736 android.content.ContextWrapper.bindService:678 com.huawei.nb.dataservice.dsclient.RemoteServiceConnection.open:90 com.huawei.nb.dataservice.dsclient.DataServiceProxy.connect:105 com.huawei.nb.dataservice.rsclient.internal.RemoteRuleService.start:27 
07-20 15:40:38.802  1197  1650 I chatty  : uid=1000(system) ConnectivitySer expire 1 line
07-20 15:40:44.225  1197 10361 I chatty  : uid=1000(system) Binder:1197_20 expire 9 lines
07-20 15:40:54.107   494   629 W SocketListener: sending broadcast to Pid = 1197, Uid = 1000 
07-20 15:40:54.109  1197  1630 I chatty  : uid=1000(system) NetdConnector expire 10 lines
07-20 15:40:54.113  1197  1229 I chatty  : uid=1000(system) android.fg expire 5 lines
07-20 15:40:54.131  1197  1227 I chatty  : uid=1000(system) batterystats-sy expire 3 lines
07-20 15:40:54.147  1197  1222 I chatty  : uid=1000(system) ActivityManager expire 4 lines
07-20 15:40:54.169  1197  4055 I chatty  : uid=1000(system) Binder:1197_1C expire 11 lines
07-20 15:40:54.278  1197  3975 I chatty  : uid=1000(system) Binder:1197_19 expire 10 lines
07-20 15:40:54.412 16671 16671 D ActivityThread: ActivityThread,attachApplication
07-20 15:40:54.429   494   629 W SocketListener: sending broadcast to Pid = 1197, Uid = 1000 
07-20 15:40:54.445  1197  3776 I chatty  : uid=1000(system) Binder:1197_16 expire 10 lines
07-20 15:40:54.557  1197  2224 I chatty  : uid=1000(system) Binder:1197_9 expire 12 lines
07-20 15:40:54.871  1197  3009 I chatty  : uid=1000(system) Binder:1197_10 expire 11 lines
07-20 15:40:55.376  1197  1197 I chatty  : uid=1000 system_server expire 16 lines
07-20 15:41:04.749   494   629 W SocketListener: sending broadcast to Pid = 1197, Uid = 1000 
07-20 15:41:07.168  1197  2116 I chatty  : uid=1000(system) watchdog expire 1 line
07-20 15:41:07.323  1197  4055 I chatty  : uid=1000(system) Binder:1197_1C expire 18 lines
07-20 15:41:07.371   494   629 W SocketListener: sending broadcast to Pid = 1197, Uid = 1000 
07-20 15:41:09.301  1197  1234 I chatty  : uid=1000(system) PowerManagerSer expire 10 lines
07-20 15:42:12.101   494   629 W SocketListener: sending broadcast to Pid = 1197, Uid = 1000 
07-20 15:43:39.761  1197  1246 I chatty  : uid=1000(system) HwBinder:1197_1 expire 3 lines
07-20 15:43:39.761  1197  1377 I chatty  : uid=1000(system) fingerprintServ expire 8 lines
07-20 15:43:39.785  1197  1720 I chatty  : uid=1000(system) PhotonicModulat expire 2 lines
07-20 15:43:39.785  1766  1766 W FingerprintManager: Invalid acquired message: 6, 1002
07-20 15:43:39.785  1197  1231 I chatty  : uid=1000(system) android.display expire 5 lines
07-20 15:43:39.796  1197  3686 I chatty  : uid=1000(system) Binder:1197_13 expire 25 lines
07-20 15:43:39.797  1197  2224 I chatty  : uid=1000(system) Binder:1197_9 expire 1 line
07-20 15:43:39.800  1197  1367 I chatty  : uid=1000(system) android.anim expire 9 lines
07-20 15:43:39.809  1197  1630 I chatty  : uid=1000(system) NetdConnector expire 6 lines
07-20 15:43:39.836  1197  4055 I chatty  : uid=1000(system) Binder:1197_1C expire 9 lines
07-20 15:43:39.984  1197  1223 I chatty  : uid=1000(system) android.ui expire 1 line
07-20 15:43:39.999  2150  5309 D FaceRecognizeService: resetTimeout begin!
07-20 15:43:39.999  2150  2447 E FaceRecognizeService: handleMessage EVT = 1002
07-20 15:43:39.999  2150  2447 D AntiBruteForceProcessor: Reset facerecognize lockout, clearAttemptCounter=true
07-20 15:43:40.000  1766  1766 V KeyguardDisplayManager: hide
07-20 15:43:40.001  1197  1197 I chatty  : uid=1000 system_server expire 9 lines
07-20 15:43:40.001  1766  1766 V KeyguardViewMediator: updateInputRestrictedLocked 1 isInputApp = false, inputRestricted = false
07-20 15:43:40.002  2150  2447 D AntiBruteForceProcessor: resetTotalFailedTimes current total times = 0
07-20 15:43:40.005  1197  3776 I chatty  : uid=1000(system) Binder:1197_16 expire 7 lines
07-20 15:43:40.019  3986  3986 V ActivityThread: Handle window ActivityRecord{d5bd12d token=android.os.BinderProxy@225b823 {com.huawei.android.launcher/com.huawei.android.launcher.unihome.UniHomeLauncher}} visibility: true
07-20 15:43:40.033  1197  1234 I chatty  : uid=1000(system) PowerManagerSer expire 7 lines
07-20 15:43:40.034  1197  3009 I chatty  : uid=1000(system) Binder:1197_10 expire 5 lines
07-20 15:43:40.074  1197  3767 I chatty  : uid=1000(system) Binder:1197_14 expire 1 line
07-20 15:43:40.087  1197  1394 I chatty  : uid=1000(system) StorageManagerS expire 2 lines
07-20 15:43:40.089   428   436 I vold    : TrimTask running tasks: 0
07-20 15:43:40.089  1197  1397 I chatty  : uid=1000(system) VoldConnector expire 1 line
07-20 15:43:40.092  1197  1647 I chatty  : uid=1000(system) WifiP2pService expire 3 lines
07-20 15:43:40.096  1197  2579 I chatty  : uid=1000(system) Binder:1197_C expire 17 lines
07-20 15:43:40.209  1197 10219 I chatty  : uid=1000(system) Binder:1197_1D expire 22 lines
07-20 15:43:40.210  1197  4055 I chatty  : uid=1000(system) Binder:1197_1C expire 9 lines
07-20 15:43:40.213  1197  3686 I chatty  : uid=1000(system) Binder:1197_13 expire 12 lines
07-20 15:43:40.214  1197  1630 I chatty  : uid=1000(system) NetdConnector expire 6 lines
07-20 15:43:40.242  2936  2993 W SettingsEx: SettingsEx.Systemex.getInt deprecated use Settings.System.getInt instead ;callers=com.huawei.recsys.util.SystemUtil.getNotificationUpdateMode:169 com.huawei.recsys.util.SystemUtil.isAllowUpdate:104 com.huawei.recsys.controller.notification.http.NotificationUpdateController.startNotificationUpdate:85 
07-20 15:43:40.249  1197  1222 I chatty  : uid=1000(system) ActivityManager expire 2 lines
07-20 15:43:40.253  1197  3776 I chatty  : uid=1000(system) Binder:1197_16 expire 9 lines
07-20 15:43:40.278  1197  1197 I chatty  : uid=1000 system_server expire 21 lines
07-20 15:43:40.278  1197  1647 I chatty  : uid=1000(system) WifiP2pService expire 6 lines
07-20 15:43:40.295  1197  2224 I chatty  : uid=1000(system) Binder:1197_9 expire 4 lines
07-20 15:43:40.379  1197  2194 I chatty  : uid=1000(system) Binder:1197_6 expire 11 lines
07-20 15:43:40.381  2936 15682 W ContextImpl: Calling a method in the system process without a qualified user: android.app.ContextImpl.bindService:1736 android.content.ContextWrapper.bindService:678 com.huawei.nb.dataservice.dsclient.RemoteServiceConnection.open:90 com.huawei.nb.dataservice.dsclient.DataServiceProxy.connect:105 com.huawei.nb.dataservice.rsclient.internal.RemoteRuleService.start:27 
07-20 15:43:40.386 16757 16757 D ActivityThread: ActivityThread,attachApplication
07-20 15:43:40.748   494   629 W SocketListener: sending broadcast to Pid = 1197, Uid = 1000 
07-20 15:43:40.750  1197  1229 I chatty  : uid=1000(system) android.fg expire 1 line
07-20 15:43:40.991  1197  1367 I chatty  : uid=1000(system) android.anim expire 11 lines
07-20 15:43:41.036  1197  1223 I chatty  : uid=1000(system) android.ui expire 2 lines
07-20 15:43:41.041  1197  3975 I chatty  : uid=1000(system) Binder:1197_19 expire 10 lines
07-20 15:43:41.041  2117  2414 I HwNetworkPolicyManager: getHwUidPolicy uid = 10122 policy = 0
07-20 15:43:41.069  1197  1219 I chatty  : uid=1000(system) android.bg expire 4 lines
07-20 15:43:41.072  1766  2141 I CommandQueue: updateBarBgColor
07-20 15:43:41.072  1766  2141 D CommandQueue: CommandQueue, setBarBackgroundColor
07-20 15:43:41.122   494   635 E FrameworkListener: read() failed (Connection reset by peer)
07-20 15:43:41.153  1197  3009 I chatty  : uid=1000(system) Binder:1197_10 expire 8 lines
07-20 15:43:41.164  1197  1231 I chatty  : uid=1000(system) android.display expire 6 lines
07-20 15:43:42.365  1197 10361 I chatty  : uid=1000(system) Binder:1197_20 expire 4 lines
07-20 15:43:43.518  1197  1234 I chatty  : uid=1000(system) PowerManagerSer expire 15 lines
07-20 15:43:43.529  1197  1720 I chatty  : uid=1000(system) PhotonicModulat expire 43 lines
07-20 15:43:44.104  1197  1392 I chatty  : uid=1000(system) InputReader expire 2 lines
07-20 15:43:44.451  1197  1377 I chatty  : uid=1000(system) fingerprintServ expire 10 lines
07-20 15:43:44.487  5399  5399 V ActivityThread: Finishing stop of ActivityRecord{cce8105 token=android.os.BinderProxy@5e2a59e {com.tencent.mm/com.tencent.mm.ui.LauncherUI}}
07-20 15:43:44.542  1197  1246 I chatty  : uid=1000(system) HwBinder:1197_1 expire 4 lines
07-20 15:43:44.556  1766  1766 V KeyguardViewMediator: updateInputRestrictedLocked 1 isInputApp = false, inputRestricted = true
07-20 15:43:44.633  1766  1766 V KeyguardStatusView: refresh statusview showing:true
07-20 15:43:44.636  1766  1766 V KeyguardDisplayManager: show
07-20 15:43:44.642  2150  5309 D AntiBruteForceProcessor: RemainingAuthenticateNum = 5
07-20 15:43:44.646  1197  3009 I chatty  : uid=1000(system) Binder:1197_10 expire 6 lines
07-20 15:43:44.680  1197  4055 I chatty  : uid=1000(system) Binder:1197_1C expire 3 lines
07-20 15:43:44.689  1197  1223 I chatty  : uid=1000(system) android.ui expire 2 lines
07-20 15:43:44.840  1197  1197 I chatty  : uid=1000 system_server expire 11 lines
07-20 15:43:44.880  1197  1234 I chatty  : uid=1000(system) PowerManagerSer expire 12 lines
07-20 15:43:44.884  1197 10219 I chatty  : uid=1000(system) Binder:1197_1D expire 4 lines
07-20 15:43:44.896  5399  5399 V ActivityThread: Handle window ActivityRecord{cce8105 token=android.os.BinderProxy@5e2a59e {com.tencent.mm/com.tencent.mm.ui.LauncherUI}} visibility: false
07-20 15:43:44.938  1766  1766 W FingerprintManager: Invalid acquired message: 6, 1001
07-20 15:43:45.040  1197  2579 I chatty  : uid=1000(system) Binder:1197_C expire 1 line
07-20 15:43:45.042  1197  1367 I chatty  : uid=1000(system) android.anim expire 20 lines
07-20 15:43:45.120  1197  2760 I chatty  : uid=1000(system) HwDeviceUsageCo expire 1 line
07-20 15:43:45.302  1197  3975 I chatty  : uid=1000(system) Binder:1197_19 expire 6 lines
07-20 15:43:45.347  2936 18321 W ContextImpl: Calling a method in the system process without a qualified user: android.app.ContextImpl.bindService:1736 android.content.ContextWrapper.bindService:678 com.huawei.nb.dataservice.dsclient.RemoteServiceConnection.open:90 com.huawei.nb.dataservice.dsclient.DataServiceProxy.connect:105 com.huawei.nb.dataservice.rsclient.internal.RemoteRuleService.start:27 
07-20 15:43:47.583  1197  2171 I chatty  : uid=1000(system) MultiTaskManage expire 5 lines
07-20 15:43:47.610  2150  2150 I HwCoreAppHelperService: LocalReceiver receives:android.intent.action.PACKAGE_RESTARTED,pkg:com.cjol,uid:10175
07-20 15:43:47.611  1197  1222 I chatty  : uid=1000(system) ActivityManager expire 2 lines
07-20 15:43:47.703  1197  1231 I chatty  : uid=1000(system) android.display expire 8 lines
07-20 15:43:47.704  1197  1650 I chatty  : uid=1000(system) ConnectivitySer expire 2 lines
07-20 15:43:48.606  1197  2225 I chatty  : uid=1000(system) Binder:1197_A expire 9 lines
07-20 15:43:49.536  1197  2223 I chatty  : uid=1000(system) Binder:1197_8 expire 11 lines
07-20 15:43:50.557  1197  2845 I chatty  : uid=1000(system) Binder:1197_F expire 14 lines
07-20 15:43:50.612  1197 10340 I chatty  : uid=1000(system) Binder:1197_1F expire 6 lines
07-20 15:43:55.379   494   629 W SocketListener: sending broadcast to Pid = 1197, Uid = 1000 
07-20 15:43:55.381  1197  1630 I chatty  : uid=1000(system) NetdConnector expire 10 lines
07-20 15:43:55.385  1197  1229 I chatty  : uid=1000(system) android.fg expire 7 lines
07-20 15:43:55.404  1197  1227 I chatty  : uid=1000(system) batterystats-sy expire 4 lines
07-20 15:44:12.081   494   629 W SocketListener: sending broadcast to Pid = 1197, Uid = 1000 
07-20 15:44:12.090   494   629 W SocketListener: sending broadcast to Pid = 1197, Uid = 1000 
07-20 15:44:12.100  1197  3977 I chatty  : uid=1000(system) Binder:1197_1B expire 14 lines
07-20 15:44:23.089   494   629 W SocketListener: sending broadcast to Pid = 1197, Uid = 1000 
07-20 15:44:23.091  1197  2116 I chatty  : uid=1000(system) watchdog expire 1 line
07-20 15:44:23.112   494   629 W SocketListener: sending broadcast to Pid = 1197, Uid = 1000 
07-20 15:44:23.152   494   629 W SocketListener: sending broadcast to Pid = 1197, Uid = 1000 
07-20 15:44:23.155  1197  1630 I chatty  : uid=1000(system) NetdConnector expire 8 lines
07-20 15:44:23.161  1197  3775 I chatty  : uid=1000(system) Binder:1197_15 expire 11 lines
07-20 15:45:23.083   494   629 W SocketListener: sending broadcast to Pid = 1197, Uid = 1000 
07-20 15:45:24.149  1197  1377 I chatty  : uid=1000(system) fingerprintServ expire 8 lines
07-20 15:45:24.176  1766  1766 W FingerprintManager: Invalid acquired message: 6, 1002
07-20 15:45:24.179  1197  1720 I chatty  : uid=1000(system) PhotonicModulat expire 2 lines
07-20 15:45:24.187  1197  2845 I chatty  : uid=1000(system) Binder:1197_F expire 2 lines
07-20 15:45:24.189  1197  1197 I chatty  : uid=1000 system_server expire 20 lines
07-20 15:45:24.440  1197  3976 I chatty  : uid=1000(system) Binder:1197_1A expire 4 lines
07-20 15:45:24.455  2150  5309 D FaceRecognizeService: resetTimeout begin!
07-20 15:45:24.455  2150  2447 E FaceRecognizeService: handleMessage EVT = 1002
07-20 15:45:24.455  2150  2447 D AntiBruteForceProcessor: Reset facerecognize lockout, clearAttemptCounter=true
07-20 15:45:24.455  1197  3775 I chatty  : uid=1000(system) Binder:1197_15 expire 6 lines
07-20 15:45:24.456  2150  2447 D AntiBruteForceProcessor: resetTotalFailedTimes current total times = 0
07-20 15:45:24.458  1766  1766 V KeyguardDisplayManager: hide
07-20 15:45:24.459  1766  1766 V KeyguardViewMediator: updateInputRestrictedLocked 1 isInputApp = false, inputRestricted = false
07-20 15:45:24.490  1197  3977 I chatty  : uid=1000(system) Binder:1197_1B expire 2 lines
07-20 15:45:24.493  5399  5399 V ActivityThread: Handle window ActivityRecord{cce8105 token=android.os.BinderProxy@5e2a59e {com.tencent.mm/com.tencent.mm.ui.LauncherUI}} visibility: true
07-20 15:45:24.505  1197  1234 I chatty  : uid=1000(system) PowerManagerSer expire 7 lines
07-20 15:45:24.599  1197  1394 I chatty  : uid=1000(system) StorageManagerS expire 2 lines
07-20 15:45:24.600   428   436 I vold    : TrimTask running tasks: 0
07-20 15:45:24.602  1197  1397 I chatty  : uid=1000(system) VoldConnector expire 1 line
07-20 15:45:24.610  1197  1197 I chatty  : uid=1000 system_server expire 23 lines
07-20 15:45:24.611  1197  1647 I chatty  : uid=1000(system) WifiP2pService expire 9 lines
07-20 15:45:24.616  1197  2845 I chatty  : uid=1000(system) Binder:1197_F expire 3 lines
07-20 15:45:24.640  1197  3976 I chatty  : uid=1000(system) Binder:1197_1A expire 14 lines
07-20 15:45:24.640  1197  1630 I chatty  : uid=1000(system) NetdConnector expire 8 lines
07-20 15:45:24.649  1197  3775 I chatty  : uid=1000(system) Binder:1197_15 expire 17 lines
07-20 15:45:24.667  1197  2225 I chatty  : uid=1000(system) Binder:1197_A expire 7 lines
07-20 15:45:24.672  1197  1222 I chatty  : uid=1000(system) ActivityManager expire 4 lines
07-20 15:45:24.691  1197  1226 I chatty  : uid=1000(system) keyAppHanderThr expire 1 line
07-20 15:45:24.726  1197  3977 I chatty  : uid=1000(system) Binder:1197_1B expire 5 lines
07-20 15:45:24.765  1197  1367 I chatty  : uid=1000(system) android.anim expire 6 lines
07-20 15:45:24.787  1197 10340 I chatty  : uid=1000(system) Binder:1197_1F expire 7 lines
07-20 15:45:24.805 16918 16918 D ActivityThread: ActivityThread,attachApplication
07-20 15:45:24.824  2936  2948 W SettingsEx: SettingsEx.Systemex.getInt deprecated use Settings.System.getInt instead ;callers=com.huawei.recsys.util.SystemUtil.getNotificationUpdateMode:169 com.huawei.recsys.util.SystemUtil.isAllowUpdate:104 com.huawei.recsys.controller.notification.http.NotificationUpdateController.startNotificationUpdate:85 
07-20 15:45:24.870  2936 18342 W ContextImpl: Calling a method in the system process without a qualified user: android.app.ContextImpl.bindService:1736 android.content.ContextWrapper.bindService:678 com.huawei.nb.dataservice.dsclient.RemoteServiceConnection.open:90 com.huawei.nb.dataservice.dsclient.DataServiceProxy.connect:105 com.huawei.nb.dataservice.rsclient.internal.RemoteRuleService.start:27 
07-20 15:45:24.929  1197  3767 I chatty  : uid=1000(system) Binder:1197_14 expire 10 lines
07-20 15:45:24.988   494   629 W SocketListener: sending broadcast to Pid = 1197, Uid = 1000 
07-20 15:45:24.991  1197  1229 I chatty  : uid=1000(system) android.fg expire 1 line
07-20 15:45:25.326  1197  1219 I chatty  : uid=1000(system) android.bg expire 8 lines
07-20 15:45:25.370  1197  2223 I chatty  : uid=1000(system) Binder:1197_8 expire 17 lines
07-20 15:45:25.444 16996 16996 D ActivityThread: ActivityThread,attachApplication
07-20 15:45:25.507  1197  3686 I chatty  : uid=1000(system) Binder:1197_13 expire 9 lines
07-20 15:45:29.636  1197  1223 I chatty  : uid=1000(system) android.ui expire 2 lines
07-20 15:45:42.486  1197  1392 I chatty  : uid=1000(system) InputReader expire 2 lines
07-20 15:45:42.688  1197  1234 I chatty  : uid=1000(system) PowerManagerSer expire 16 lines
07-20 15:45:42.824  1197  1377 I chatty  : uid=1000(system) fingerprintServ expire 10 lines
07-20 15:45:42.911  5399  5399 V ActivityThread: Finishing stop of ActivityRecord{cce8105 token=android.os.BinderProxy@5e2a59e {com.tencent.mm/com.tencent.mm.ui.LauncherUI}}
07-20 15:45:42.928  1197  1246 I chatty  : uid=1000(system) HwBinder:1197_1 expire 1 line
07-20 15:45:42.930  1766  1766 W FingerprintManager: Invalid acquired message: 6, 1001
07-20 15:45:42.937  1197  1231 I chatty  : uid=1000(system) android.display expire 4 lines
07-20 15:45:42.948  1197  1720 I chatty  : uid=1000(system) PhotonicModulat expire 2 lines
07-20 15:45:43.020  1197  1197 I chatty  : uid=1000 system_server expire 8 lines
07-20 15:45:43.030  1197  1906 I chatty  : uid=1000(system) Binder:1197_5 expire 3 lines
07-20 15:45:43.030  1766  1766 V KeyguardViewMediator: updateInputRestrictedLocked 1 isInputApp = false, inputRestricted = true
07-20 15:45:43.062  1197 10361 I chatty  : uid=1000(system) Binder:1197_20 expire 15 lines
07-20 15:45:43.081  1197  3775 I chatty  : uid=1000(system) Binder:1197_15 expire 4 lines
07-20 15:45:43.094  1197  3767 I chatty  : uid=1000(system) Binder:1197_14 expire 11 lines
07-20 15:45:43.147  1766  1766 V KeyguardStatusView: refresh statusview showing:true
07-20 15:45:43.151  1766  1766 V KeyguardDisplayManager: show
07-20 15:45:43.161  2150  5309 D AntiBruteForceProcessor: RemainingAuthenticateNum = 5
07-20 15:45:43.436  5399  5399 V ActivityThread: Handle window ActivityRecord{cce8105 token=android.os.BinderProxy@5e2a59e {com.tencent.mm/com.tencent.mm.ui.LauncherUI}} visibility: false
07-20 15:45:43.645  1197  2760 I chatty  : uid=1000(system) HwDeviceUsageCo expire 1 line
07-20 15:45:43.938  2936  7628 W ContextImpl: Calling a method in the system process without a qualified user: android.app.ContextImpl.bindService:1736 android.content.ContextWrapper.bindService:678 com.huawei.nb.dataservice.dsclient.RemoteServiceConnection.open:90 com.huawei.nb.dataservice.dsclient.DataServiceProxy.connect:105 com.huawei.nb.dataservice.rsclient.internal.RemoteRuleService.start:27 
07-20 15:45:47.642  1197  2116 I chatty  : uid=1000(system) watchdog expire 2 lines
07-20 15:45:54.395  1197  2223 I chatty  : uid=1000(system) Binder:1197_8 expire 16 lines
07-20 15:45:54.399  1197  3686 I chatty  : uid=1000(system) Binder:1197_13 expire 10 lines
07-20 15:45:54.413  1197  1906 I chatty  : uid=1000(system) Binder:1197_5 expire 11 lines
07-20 15:45:54.416  1197  3767 I chatty  : uid=1000(system) Binder:1197_14 expire 10 lines
07-20 15:45:54.431  1197  3775 I chatty  : uid=1000(system) Binder:1197_15 expire 15 lines
07-20 15:46:14.107   494   629 W SocketListener: sending broadcast to Pid = 1197, Uid = 1000 
07-20 15:46:14.108  1197  1630 I chatty  : uid=1000(system) NetdConnector expire 12 lines
07-20 15:46:14.111  1197  1229 I chatty  : uid=1000(system) android.fg expire 2 lines
07-20 15:46:14.128  1197  1227 I chatty  : uid=1000(system) batterystats-sy expire 1 line
07-20 15:48:48.064  1197  1246 I chatty  : uid=1000(system) HwBinder:1197_1 expire 3 lines
07-20 15:48:48.065  1197  1377 I chatty  : uid=1000(system) fingerprintServ expire 8 lines
07-20 15:48:48.076  1197  1234 I chatty  : uid=1000(system) PowerManagerSer expire 18 lines
07-20 15:48:48.082  1766  1766 W FingerprintManager: Invalid acquired message: 6, 1002
07-20 15:48:48.098  1197  1197 I chatty  : uid=1000 system_server expire 27 lines
07-20 15:48:48.102  1197  1720 I chatty  : uid=1000(system) PhotonicModulat expire 14 lines
07-20 15:48:48.102  1197  1231 I chatty  : uid=1000(system) android.display expire 7 lines
07-20 15:48:48.109  1197  3775 I chatty  : uid=1000(system) Binder:1197_15 expire 6 lines
07-20 15:48:48.128  1197  1367 I chatty  : uid=1000(system) android.anim expire 23 lines
07-20 15:48:48.293  1197  1223 I chatty  : uid=1000(system) android.ui expire 1 line
07-20 15:48:48.317  2150  5309 D FaceRecognizeService: resetTimeout begin!
07-20 15:48:48.317  2150  2447 E FaceRecognizeService: handleMessage EVT = 1002
07-20 15:48:48.317  2150  2447 D AntiBruteForceProcessor: Reset facerecognize lockout, clearAttemptCounter=true
07-20 15:48:48.318  1766  1766 V KeyguardDisplayManager: hide
07-20 15:48:48.319  1197  3767 I chatty  : uid=1000(system) Binder:1197_14 expire 7 lines
07-20 15:48:48.319  1766  1766 V KeyguardViewMediator: updateInputRestrictedLocked 1 isInputApp = false, inputRestricted = false
07-20 15:48:48.321  1197  1906 I chatty  : uid=1000(system) Binder:1197_5 expire 9 lines
07-20 15:48:48.355  5399  5399 V ActivityThread: Handle window ActivityRecord{cce8105 token=android.os.BinderProxy@5e2a59e {com.tencent.mm/com.tencent.mm.ui.LauncherUI}} visibility: true
07-20 15:48:48.355  1197 10361 I chatty  : uid=1000(system) Binder:1197_20 expire 3 lines
07-20 15:48:48.367  1197  2224 I chatty  : uid=1000(system) Binder:1197_9 expire 5 lines
07-20 15:48:48.395  2150  2447 D AntiBruteForceProcessor: resetTotalFailedTimes current total times = 0
07-20 15:48:48.423  1197  1394 I chatty  : uid=1000(system) StorageManagerS expire 2 lines
07-20 15:48:48.424   428   436 I vold    : TrimTask running tasks: 0
07-20 15:48:48.424  1197  1397 I chatty  : uid=1000(system) VoldConnector expire 1 line
07-20 15:48:48.438  1197  2845 I chatty  : uid=1000(system) Binder:1197_F expire 3 lines
07-20 15:48:48.449  1197  1647 I chatty  : uid=1000(system) WifiP2pService expire 6 lines
07-20 15:48:48.476   494   629 W SocketListener: sending broadcast to Pid = 1197, Uid = 1000 
07-20 15:48:48.527  1197  1222 I chatty  : uid=1000(system) ActivityManager expire 1 line
07-20 15:48:48.616  1197 10340 I chatty  : uid=1000(system) Binder:1197_1F expire 3 lines
07-20 15:48:48.630  1197  1720 I chatty  : uid=1000(system) PhotonicModulat expire 60 lines
07-20 15:48:48.642  2936  2948 W SettingsEx: SettingsEx.Systemex.getInt deprecated use Settings.System.getInt instead ;callers=com.huawei.recsys.util.SystemUtil.getNotificationUpdateMode:169 com.huawei.recsys.util.SystemUtil.isAllowUpdate:104 com.huawei.recsys.controller.notification.http.NotificationUpdateController.startNotificationUpdate:85 
07-20 15:48:48.654  1197  3686 I chatty  : uid=1000(system) Binder:1197_13 expire 7 lines
07-20 15:48:48.671 17125 17125 D ActivityThread: ActivityThread,attachApplication
07-20 15:48:48.672  1197  2224 I chatty  : uid=1000(system) Binder:1197_9 expire 23 lines
07-20 15:48:48.675  1197  1222 I chatty  : uid=1000(system) ActivityManager expire 2 lines
07-20 15:48:48.679  1197  2223 I chatty  : uid=1000(system) Binder:1197_8 expire 21 lines
07-20 15:48:48.682  1197  3767 I chatty  : uid=1000(system) Binder:1197_14 expire 7 lines
07-20 15:48:48.699  2936 11786 W ContextImpl: Calling a method in the system process without a qualified user: android.app.ContextImpl.bindService:1736 android.content.ContextWrapper.bindService:678 com.huawei.nb.dataservice.dsclient.RemoteServiceConnection.open:90 com.huawei.nb.dataservice.dsclient.DataServiceProxy.connect:105 com.huawei.nb.dataservice.rsclient.internal.RemoteRuleService.start:27 
07-20 15:48:48.733  1197 10361 I chatty  : uid=1000(system) Binder:1197_20 expire 3 lines
07-20 15:48:48.864  1197  1197 I chatty  : uid=1000 system_server expire 11 lines
07-20 15:48:48.916  1197  1234 I chatty  : uid=1000(system) PowerManagerSer expire 2 lines
07-20 15:48:48.994  1197  2845 I chatty  : uid=1000(system) Binder:1197_F expire 23 lines
07-20 15:48:49.190  1197  2116 I chatty  : uid=1000(system) watchdog expire 1 line
07-20 15:48:49.193  1197  1219 I chatty  : uid=1000(system) android.bg expire 4 lines
07-20 15:48:50.085  1197  1391 I chatty  : uid=1000(system) InputDispatcher expire 15 lines
07-20 15:48:53.636  1197  3775 I chatty  : uid=1000(system) Binder:1197_15 expire 5 lines
07-20 15:48:54.249  1197  1223 I chatty  : uid=1000(system) android.ui expire 3 lines
07-20 15:48:54.260  2117  2414 I HwNetworkPolicyManager: getHwUidPolicy uid = 10058 policy = 0
07-20 15:48:54.324  1766  9158 I CommandQueue: updateBarBgColor
07-20 15:48:54.324  1766  9158 D CommandQueue: CommandQueue, setBarBackgroundColor
07-20 15:48:54.329  3986  3986 W ViewRootImpl[UniHomeLauncher]: Cancelling event due to no window focus: KeyEvent { action=ACTION_UP, keyCode=KEYCODE_BACK, scanCode=158, metaState=0, flags=0x28, hwFlags=0x0, repeatCount=0, eventTime=24581686, downTime=24581566, deviceId=6, source=0x101 }
07-20 15:48:54.329  3986  3986 I chatty  : uid=10058(u0_a58) com.huawei.android.launcher identical 7 lines
07-20 15:48:54.329  3986  3986 W ViewRootImpl[UniHomeLauncher]: Cancelling event due to no window focus: KeyEvent { action=ACTION_UP, keyCode=KEYCODE_BACK, scanCode=158, metaState=0, flags=0x28, hwFlags=0x0, repeatCount=0, eventTime=24581686, downTime=24581566, deviceId=6, source=0x101 }
07-20 15:48:54.359  1197  1367 I chatty  : uid=1000(system) android.anim expire 12 lines
07-20 15:48:55.264  2117  2414 I HwNetworkPolicyManager: getHwUidPolicy uid = 10131 policy = 0
07-20 15:48:55.273  1197  2225 I chatty  : uid=1000(system) Binder:1197_A expire 10 lines
07-20 15:48:55.275  1766  2141 I CommandQueue: updateBarBgColor
07-20 15:48:55.275  1766  2141 D CommandQueue: CommandQueue, setBarBackgroundColor
07-20 15:48:55.342  1197  1231 I chatty  : uid=1000(system) android.display expire 2 lines
07-20 15:48:55.520  1197  1367 I chatty  : uid=1000(system) android.anim expire 16 lines
07-20 15:48:55.536  1197  2225 I chatty  : uid=1000(system) Binder:1197_A expire 24 lines
07-20 15:48:55.536  1197  1720 I chatty  : uid=1000(system) PhotonicModulat expire 143 lines
07-20 15:48:55.537  1197  1223 I chatty  : uid=1000(system) android.ui expire 1 line
07-20 15:48:56.747  9864  9864 V ActivityThread: ActivityThread,callActivityOnCreate
07-20 15:48:56.766  9864  9864 D ActivityThread: add activity client record, r= ActivityRecord{89b3172 token=android.os.BinderProxy@7decde3 {com.tencent.mobileqq/com.tencent.mobileqq.activity.PublicFragmentActivity}} token= android.os.BinderProxy@7decde3
07-20 15:48:56.771  1197  3686 I chatty  : uid=1000(system) Binder:1197_13 expire 10 lines
07-20 15:48:57.145  1197 10361 I chatty  : uid=1000(system) Binder:1197_20 expire 13 lines
07-20 15:48:57.468  1197  1391 I chatty  : uid=1000(system) InputDispatcher expire 2 lines
07-20 15:48:57.758  1197  1197 I chatty  : uid=1000 system_server expire 1 line
07-20 15:48:57.760  1197  1234 I chatty  : uid=1000(system) PowerManagerSer expire 2 lines
07-20 15:48:57.926  9864  9864 D ActivityThread: Remove activity client record, r= ActivityRecord{89b3172 token=android.os.BinderProxy@7decde3 {com.tencent.mobileqq/com.tencent.mobileqq.activity.PublicFragmentActivity}} token= android.os.BinderProxy@7decde3
07-20 15:48:58.034  1197  1720 I chatty  : uid=1000(system) PhotonicModulat expire 174 lines
07-20 15:48:58.753  1197  2225 I chatty  : uid=1000(system) Binder:1197_A expire 2 lines
07-20 15:48:59.551  1197  3686 I chatty  : uid=1000(system) Binder:1197_13 expire 11 lines
07-20 15:49:00.004  1197  1197 I chatty  : uid=1000 system_server expire 2 lines
07-20 15:49:02.581  1197  1223 I chatty  : uid=1000(system) android.ui expire 1 line
07-20 15:49:03.650  1197 10361 I chatty  : uid=1000(system) Binder:1197_20 expire 6 lines
07-20 15:49:03.659  1197  1631 I chatty  : uid=1000(system) NetworkStats expire 7 lines
07-20 15:49:03.663  1197  1630 I chatty  : uid=1000(system) NetdConnector expire 4 lines
07-20 15:49:03.874  1197  2224 I chatty  : uid=1000(system) Binder:1197_9 expire 3 lines
07-20 15:49:17.559  9864  9864 V ActivityThread: ActivityThread,callActivityOnCreate
07-20 15:49:17.591  9864  9864 D ActivityThread: add activity client record, r= ActivityRecord{38d149c token=android.os.BinderProxy@11e0be3 {com.tencent.mobileqq/com.tencent.mobileqq.activity.FriendProfileCardActivity}} token= android.os.BinderProxy@11e0be3
07-20 15:49:17.596  1197  1225 I chatty  : uid=1000(system) ThirdAppHandler expire 2 lines
07-20 15:49:17.617 17311 17311 D ActivityThread: ActivityThread,attachApplication
07-20 15:49:17.617  1197 10361 I chatty  : uid=1000(system) Binder:1197_20 expire 21 lines
07-20 15:49:17.618  1197  3686 I chatty  : uid=1000(system) Binder:1197_13 expire 34 lines
07-20 15:49:17.625 17323 17323 D ActivityThread: ActivityThread,attachApplication
07-20 15:49:17.647  1197  1367 I chatty  : uid=1000(system) android.anim expire 19 lines
07-20 15:49:17.980  1197  2224 I chatty  : uid=1000(system) Binder:1197_9 expire 13 lines
07-20 15:49:18.063  1197  2845 I chatty  : uid=1000(system) Binder:1197_F expire 50 lines
07-20 15:49:18.266  1197  3767 I chatty  : uid=1000(system) Binder:1197_14 expire 6 lines
07-20 15:49:19.191  1197  2116 I chatty  : uid=1000(system) watchdog expire 1 line
07-20 15:49:19.210  9864  9864 V ActivityThread: ActivityThread,callActivityOnCreate
07-20 15:49:19.234  9864  9864 D ActivityThread: add activity client record, r= ActivityRecord{d2c0150 token=android.os.BinderProxy@c828ba1 {com.tencent.mobileqq/com.tencent.mobileqq.activity.FriendProfileImageActivity}} token= android.os.BinderProxy@c828ba1
07-20 15:49:19.362  1197  1650 I chatty  : uid=1000(system) ConnectivitySer expire 10 lines
07-20 15:49:20.737  1197  1392 I chatty  : uid=1000(system) InputReader expire 2 lines
07-20 15:49:20.756  1197  1391 I chatty  : uid=1000(system) InputDispatcher expire 6 lines
07-20 15:49:21.303  9864  9864 D ActivityThread: Remove activity client record, r= ActivityRecord{d2c0150 token=android.os.BinderProxy@c828ba1 {com.tencent.mobileqq/com.tencent.mobileqq.activity.FriendProfileImageActivity}} token= android.os.BinderProxy@c828ba1
07-20 15:49:21.990  9864  9864 D ActivityThread: Remove activity client record, r= ActivityRecord{38d149c token=android.os.BinderProxy@11e0be3 {com.tencent.mobileqq/com.tencent.mobileqq.activity.FriendProfileCardActivity}} token= android.os.BinderProxy@11e0be3
07-20 15:49:26.661  1197  1223 I chatty  : uid=1000(system) android.ui expire 1 line
07-20 15:49:32.866  9864  9864 V ActivityThread: ActivityThread,callActivityOnCreate
07-20 15:49:32.901  9864  9864 D ActivityThread: add activity client record, r= ActivityRecord{4579a0f token=android.os.BinderProxy@3fc2 {com.tencent.mobileqq/com.tencent.mobileqq.activity.FriendProfileCardActivity}} token= android.os.BinderProxy@3fc2
07-20 15:49:32.945  1197  2224 I chatty  : uid=1000(system) Binder:1197_9 expire 16 lines
07-20 15:49:32.947  1197  1367 I chatty  : uid=1000(system) android.anim expire 13 lines
07-20 15:49:35.684  9864  9864 D ActivityThread: Remove activity client record, r= ActivityRecord{4579a0f token=android.os.BinderProxy@3fc2 {com.tencent.mobileqq/com.tencent.mobileqq.activity.FriendProfileCardActivity}} token= android.os.BinderProxy@3fc2
07-20 15:49:35.688  1197  3686 I chatty  : uid=1000(system) Binder:1197_13 expire 2 lines
07-20 15:49:38.949  9864  9864 V ActivityThread: ActivityThread,callActivityOnCreate
07-20 15:49:38.980  9864  9864 D ActivityThread: add activity client record, r= ActivityRecord{7beb241 token=android.os.BinderProxy@7baa398 {com.tencent.mobileqq/com.tencent.mobileqq.activity.FriendProfileCardActivity}} token= android.os.BinderProxy@7baa398
07-20 15:49:38.983  1197  2845 I chatty  : uid=1000(system) Binder:1197_F expire 48 lines
07-20 15:49:39.339  1197  1367 I chatty  : uid=1000(system) android.anim expire 26 lines
07-20 15:49:40.288  1197  1223 I chatty  : uid=1000(system) android.ui expire 8 lines
07-20 15:49:40.478  1197  2224 I chatty  : uid=1000(system) Binder:1197_9 expire 17 lines
07-20 15:49:40.523  2117  2414 I HwNetworkPolicyManager: getHwUidPolicy uid = 10131 policy = 0
07-20 15:49:40.532 17323 17323 V ActivityThread: ActivityThread,callActivityOnCreate
07-20 15:49:40.616  1197 10361 I chatty  : uid=1000(system) Binder:1197_20 expire 26 lines
07-20 15:49:40.719 17323 17323 D ActivityThread: add activity client record, r= ActivityRecord{8c0774 token=android.os.BinderProxy@31b43c2 {com.tencent.mobileqq/cooperation.qzone.QzoneGPUPluginProxyActivity}} token= android.os.BinderProxy@31b43c2
07-20 15:49:40.722  1197  3767 I chatty  : uid=1000(system) Binder:1197_14 expire 35 lines
07-20 15:49:40.819  1197  1906 I chatty  : uid=1000(system) Binder:1197_5 expire 2 lines
07-20 15:49:42.014  1197  1392 I chatty  : uid=1000(system) InputReader expire 3 lines
07-20 15:49:42.027  1197  1391 I chatty  : uid=1000(system) InputDispatcher expire 6 lines
07-20 15:49:42.313  2117  2414 I HwNetworkPolicyManager: getHwUidPolicy uid = 10131 policy = 0
07-20 15:49:42.704 17323 17323 D ActivityThread: Remove activity client record, r= ActivityRecord{8c0774 token=android.os.BinderProxy@31b43c2 {com.tencent.mobileqq/cooperation.qzone.QzoneGPUPluginProxyActivity}} token= android.os.BinderProxy@31b43c2
07-20 15:49:43.418  9864  9864 D ActivityThread: Remove activity client record, r= ActivityRecord{7beb241 token=android.os.BinderProxy@7baa398 {com.tencent.mobileqq/com.tencent.mobileqq.activity.FriendProfileCardActivity}} token= android.os.BinderProxy@7baa398
07-20 15:49:43.878 17802 17802 D ActivityThread: ActivityThread,attachApplication
07-20 15:49:45.413  9864  9864 W ViewRootImpl[SplashActivity]: Cancelling event due to no window focus: KeyEvent { action=ACTION_UP, keyCode=KEYCODE_BACK, scanCode=158, metaState=0, flags=0x28, hwFlags=0x1e, repeatCount=0, eventTime=24632914, downTime=24632885, deviceId=6, source=0x101 }
07-20 15:49:45.413  9864  9864 I chatty  : uid=10131(u0_a131) com.tencent.mobileqq identical 5 lines
07-20 15:49:45.413  9864  9864 W ViewRootImpl[SplashActivity]: Cancelling event due to no window focus: KeyEvent { action=ACTION_UP, keyCode=KEYCODE_BACK, scanCode=158, metaState=0, flags=0x28, hwFlags=0x1e, repeatCount=0, eventTime=24632914, downTime=24632885, deviceId=6, source=0x101 }
07-20 15:49:45.492  9864  9864 W ViewRootImpl[SplashActivity]: Cancelling event due to no window focus: KeyEvent { action=ACTION_UP, keyCode=KEYCODE_BACK, scanCode=158, metaState=0, flags=0x28, hwFlags=0x1e, repeatCount=0, eventTime=24632914, downTime=24632885, deviceId=6, source=0x101 }
07-20 15:49:45.492  9864  9864 W ViewRootImpl[SplashActivity]: Cancelling event due to no window focus: KeyEvent { action=ACTION_UP, keyCode=KEYCODE_BACK, scanCode=158, metaState=0, flags=0x28, hwFlags=0x1e, repeatCount=0, eventTime=24632914, downTime=24632885, deviceId=6, source=0x101 }
07-20 15:49:45.503  2117  2414 I HwNetworkPolicyManager: getHwUidPolicy uid = 10058 policy = 0
07-20 15:49:45.507  1766 15584 I CommandQueue: updateBarBgColor
07-20 15:49:45.508  1766 15584 D CommandQueue: CommandQueue, setBarBackgroundColor
07-20 15:49:45.514  3986  3986 W ViewRootImpl[UniHomeLauncher]: Cancelling event due to no window focus: KeyEvent { action=ACTION_UP, keyCode=KEYCODE_BACK, scanCode=158, metaState=0, flags=0x28, hwFlags=0x0, repeatCount=0, eventTime=24632955, downTime=24632885, deviceId=6, source=0x101 }
07-20 15:49:45.515  3986  3986 I chatty  : uid=10058(u0_a58) com.huawei.android.launcher identical 7 lines
07-20 15:49:45.515  3986  3986 W ViewRootImpl[UniHomeLauncher]: Cancelling event due to no window focus: KeyEvent { action=ACTION_UP, keyCode=KEYCODE_BACK, scanCode=158, metaState=0, flags=0x28, hwFlags=0x0, repeatCount=0, eventTime=24632955, downTime=24632885, deviceId=6, source=0x101 }
07-20 15:49:45.985  1197  1234 I chatty  : uid=1000(system) PowerManagerSer expire 7 lines
07-20 15:49:46.008  1197  1720 I chatty  : uid=1000(system) PhotonicModulat expire 60 lines
