07-20 16:37:35.003   749  2144 D libgps  : proxy_gnss_sv_status_cb: called. num_svs(7)
07-20 16:37:35.994   749  2144 D libgps  : proxy_gnss_sv_status_cb: called. num_svs(7)
07-20 16:37:41.994   749  2144 D libgps  : proxy_gnss_sv_status_cb: called. num_svs(7)
07-20 16:37:42.994   749  2144 D libgps  : proxy_gnss_sv_status_cb: called. num_svs(7)
07-20 16:37:43.999   749  2144 I chatty  : uid=1000(system) IPC Thread identical 1 line
07-20 16:37:45.005   749  2144 D libgps  : proxy_gnss_sv_status_cb: called. num_svs(7)
07-20 16:37:45.994   749  2144 D libgps  : proxy_gnss_sv_status_cb: called. num_svs(7)
07-20 16:37:47.005   749  2144 D libgps  : proxy_gnss_sv_status_cb: called. num_svs(7)
07-20 16:37:47.469  1197  1197 I chatty  : uid=1000 system_server expire 4 lines
07-20 16:37:48.004   749  2144 D libgps  : proxy_gnss_sv_status_cb: called. num_svs(7)
07-20 16:37:49.008   749  2144 D libgps  : proxy_gnss_sv_status_cb: called. num_svs(7)
07-20 16:37:50.010   749  2144 D libgps  : proxy_gnss_sv_status_cb: called. num_svs(7)
07-20 16:37:50.294  1197  3767 I chatty  : uid=1000(system) Binder:1197_14 expire 3 lines
07-20 16:37:51.007   749  2144 D libgps  : proxy_gnss_sv_status_cb: called. num_svs(7)
07-20 16:37:52.004   749  2144 D libgps  : proxy_gnss_sv_status_cb: called. num_svs(7)
07-20 16:37:53.007   749  2144 D libgps  : proxy_gnss_sv_status_cb: called. num_svs(6)
07-20 16:37:53.997   749  2144 D libgps  : proxy_gnss_sv_status_cb: called. num_svs(6)
07-20 16:37:55.017   749  2144 D libgps  : proxy_gps_location_cb: called.
07-20 16:37:55.023   749  2144 D libgps  : proxy_gnss_sv_status_cb: called. num_svs(6)
07-20 16:37:55.028  1197  2138 I chatty  : uid=1000(system) LocationThread expire 34 lines
07-20 16:37:55.031  1197 24960 I chatty  : uid=1000 system_server expire 6 lines
07-20 16:37:56.002   749  2144 D libgps  : proxy_gps_location_cb: called.
07-20 16:37:56.003   749  2144 D libgps  : proxy_gnss_sv_status_cb: called. num_svs(6)
07-20 16:37:56.028  1197 24966 I chatty  : uid=1000 system_server expire 6 lines
07-20 16:37:56.999   749  2144 D libgps  : proxy_gps_location_cb: called.
07-20 16:37:57.002   749  2144 D libgps  : proxy_gnss_sv_status_cb: called. num_svs(6)
07-20 16:37:57.017  1197 24967 I chatty  : uid=1000 system_server expire 6 lines
07-20 16:37:58.005   749  2144 D libgps  : proxy_gnss_sv_status_cb: called. num_svs(6)
07-20 16:37:58.020  1197 24968 I chatty  : uid=1000 system_server expire 4 lines
07-20 16:37:59.012   749  2144 D libgps  : proxy_gnss_sv_status_cb: called. num_svs(6)
07-20 16:38:00.009   749  2144 D libgps  : proxy_gps_location_cb: called.
07-20 16:38:00.011   749  2144 D libgps  : proxy_gnss_sv_status_cb: called. num_svs(6)
07-20 16:38:01.008   749  2144 D libgps  : proxy_gnss_sv_status_cb: called. num_svs(6)
07-20 16:38:02.012   749  2144 D libgps  : proxy_gnss_sv_status_cb: called. num_svs(6)
07-20 16:38:03.000   749  2144 D libgps  : proxy_gnss_sv_status_cb: called. num_svs(6)
07-20 16:38:03.964   749  2144 D libgps  : proxy_gnss_sv_status_cb: called. num_svs(6)
07-20 16:38:05.002   749  2144 D libgps  : proxy_gnss_sv_status_cb: called. num_svs(6)
07-20 16:38:05.134  1197  3767 I chatty  : uid=1000(system) Binder:1197_14 expire 1 line
07-20 16:38:05.435  1197  3974 I chatty  : uid=1000(system) Binder:1197_18 expire 4 lines
07-20 16:38:05.445  1197  3767 I chatty  : uid=1000(system) Binder:1197_14 expire 13 lines
07-20 16:38:06.004   749  2144 D libgps  : proxy_gnss_sv_status_cb: called. num_svs(6)
07-20 16:38:06.015  1197  2138 I chatty  : uid=1000(system) LocationThread expire 34 lines
07-20 16:38:06.020  1197 24968 I chatty  : uid=1000 system_server expire 6 lines
07-20 16:38:07.003   749  2144 D libgps  : proxy_gnss_sv_status_cb: called. num_svs(6)
07-20 16:38:07.025  1197 24960 I chatty  : uid=1000 system_server expire 6 lines
07-20 16:38:07.996   749  2144 D libgps  : proxy_gnss_sv_status_cb: called. num_svs(6)
07-20 16:38:08.017  1197 24966 I chatty  : uid=1000 system_server expire 6 lines
07-20 16:38:09.015   749  2144 D libgps  : proxy_gnss_sv_status_cb: called. num_svs(6)
07-20 16:38:09.035  1197 24967 I chatty  : uid=1000 system_server expire 6 lines
07-20 16:38:10.023   749  2144 D libgps  : proxy_gnss_sv_status_cb: called. num_svs(6)
07-20 16:38:11.023   749  2144 D libgps  : proxy_gps_location_cb: called.
07-20 16:38:11.024   749  2144 D libgps  : proxy_gnss_sv_status_cb: called. num_svs(5)
07-20 16:38:12.003   749  2144 D libgps  : proxy_gps_location_cb: called.
07-20 16:38:12.005   749  2144 D libgps  : proxy_gnss_sv_status_cb: called. num_svs(5)
07-20 16:38:12.944  1197  2116 I chatty  : uid=1000(system) watchdog expire 1 line
07-20 16:38:12.976   749  2144 D libgps  : proxy_gps_location_cb: called.
07-20 16:38:12.976   749  2144 D libgps  : proxy_gnss_sv_status_cb: called. num_svs(5)
07-20 16:38:13.909  1197  1222 I chatty  : uid=1000(system) ActivityManager expire 1 line
07-20 16:38:13.954   749  2144 D libgps  : proxy_gps_location_cb: called.
07-20 16:38:13.954   749  2144 D libgps  : proxy_gnss_sv_status_cb: called. num_svs(5)
07-20 16:38:14.235  1197  1391 I chatty  : uid=1000(system) InputDispatcher expire 3 lines
07-20 16:38:14.384  1197  1197 I chatty  : uid=1000 system_server expire 4 lines
07-20 16:38:14.386  1197  1660 I chatty  : uid=1000(system) AudioService expire 8 lines
07-20 16:38:14.717  1197 10361 I chatty  : uid=1000(system) Binder:1197_20 expire 9 lines
07-20 16:38:14.752  1197  3009 I chatty  : uid=1000(system) Binder:1197_10 expire 22 lines
07-20 16:38:15.005   749  2144 D libgps  : proxy_gps_location_cb: called.
07-20 16:38:15.007   749  2144 D libgps  : proxy_gnss_sv_status_cb: called. num_svs(5)
07-20 16:38:15.462  6101  6101 V ActivityThread: ActivityThread,callActivityOnCreate
07-20 16:38:15.498  6101  6101 D ActivityThread: add activity client record, r= ActivityRecord{bc7ad9f token=android.os.BinderProxy@8ed5119 {com.jieshun.jslife/com.jieshun.jslife.activity.userinfo.ConsumeOrderDetailActivity}} token= android.os.BinderProxy@8ed5119
07-20 16:38:15.510  1197  3767 I chatty  : uid=1000(system) Binder:1197_14 expire 12 lines
07-20 16:38:15.538  1197  1367 I chatty  : uid=1000(system) android.anim expire 15 lines
07-20 16:38:15.972   749  2144 D libgps  : proxy_gnss_sv_status_cb: called. num_svs(5)
--------- beginning of main
07-20 16:38:16.949 24996 24996 I Monkey  : :Sending Touch (ACTION_DOWN): 0:(426.0,1220.0)
07-20 16:38:16.962 24996 24996 I Monkey  : :Sending Touch (ACTION_UP): 0:(436.50937,1206.4222)
07-20 16:38:16.975 24996 24996 I Monkey  : Sleeping for 300 milliseconds
07-20 16:38:16.993   749  2144 D libgps  : proxy_gnss_sv_status_cb: called. num_svs(5)
07-20 16:38:17.002  1197  2138 I chatty  : uid=1000(system) LocationThread expire 3 lines
07-20 16:38:17.022  6101  6202 I chatty  : uid=10176(u0_a176) RenderThread expire 18 lines
07-20 16:38:17.086  3129  3129 I wangchen: SysInfo.getSysParam: orientation=1||config d=3.0,w=1080,h=1920||metrics d=3.0,w=1080,h=1920||sdk=26,bar_h=72
07-20 16:38:17.086  3129  3129 I KeymapLoader: w=1080 h=1920 ori=true appScale=3.3 s1=3.0
07-20 16:38:17.282 24996 24996 I Monkey  : :Sending Touch (ACTION_DOWN): 0:(131.0,300.0)
07-20 16:38:17.290 24996 24996 I Monkey  : :Sending Touch (ACTION_UP): 0:(138.46985,319.9465)
07-20 16:38:17.291   687  2895 I chatty  : uid=1000(system) Binder:687_5 expire 4 lines
07-20 16:38:17.294 24996 24996 I Monkey  : Sleeping for 300 milliseconds
07-20 16:38:17.333  6101  6101 W ViewRootImpl[ConsumeOrderDetailActivity]: Dropping event due to root view being removed: MotionEvent { action=ACTION_UP, actionButton=0, id[0]=0, x[0]=-26.530151, y[0]=-301.0535, toolType[0]=TOOL_TYPE_UNKNOWN, buttonState=0, metaState=0, flags=0x0, edgeFlags=0x0, pointerCount=1, historySize=0, eventTime=27521284, downTime=27521276, deviceId=0, source=0x1002 }
07-20 16:38:17.343  3129  3129 I wangchen: SysInfo.getSysParam: orientation=1||config d=3.0,w=1080,h=1920||metrics d=3.0,w=1080,h=1920||sdk=26,bar_h=72
07-20 16:38:17.343  3129  3129 I KeymapLoader: w=1080 h=1920 ori=true appScale=3.3 s1=3.0
07-20 16:38:17.600 24996 24996 I Monkey  : :Sending Touch (ACTION_DOWN): 0:(564.0,1750.0)
07-20 16:38:17.606 24996 24996 I Monkey  : :Sending Touch (ACTION_UP): 0:(550.83875,1751.053)
07-20 16:38:17.613 24996 24996 I Monkey  : Sleeping for 300 milliseconds
07-20 16:38:17.640  1197  1373 I chatty  : uid=1000(system) UEventObserver expire 2 lines
07-20 16:38:17.659  1197  1197 I chatty  : uid=1000 system_server expire 2 lines
07-20 16:38:17.666  3107 15661 I CloudAlbum[8.1.2.303]: [OperationUtil] cancelNotify
07-20 16:38:17.673  2196  2196 I chatty  : uid=1000(system) com.huawei.powergenie expire 4 lines
07-20 16:38:17.914 24996 24996 I Monkey  : :Sending Key (ACTION_DOWN): 4    // KEYCODE_BACK
07-20 16:38:17.915  1197 10361 I chatty  : uid=1000(system) Binder:1197_20 expire 20 lines
07-20 16:38:17.923  1197  1391 I chatty  : uid=1000(system) InputDispatcher expire 2 lines
07-20 16:38:17.925  3129  3129 D KeyEvent: obtain, mHwFlags=0
07-20 16:38:17.928 24996 24996 I Monkey  : :Sending Key (ACTION_UP): 4    // KEYCODE_BACK
07-20 16:38:17.938  3129  3129 D KeyEvent: obtain, mHwFlags=0
07-20 16:38:17.939 24996 24996 I Monkey  : Sleeping for 300 milliseconds
07-20 16:38:17.942 24996 25011 I Monkey  :     // activityResuming(com.jieshun.jslife)
07-20 16:38:17.963  1197  3974 I chatty  : uid=1000(system) Binder:1197_18 expire 5 lines
07-20 16:38:17.993   749  2144 D libgps  : proxy_gnss_sv_status_cb: called. num_svs(5)
07-20 16:38:18.008  1197  3974 I chatty  : uid=1000(system) Binder:1197_18 expire 13 lines
07-20 16:38:18.012  1197  2138 I chatty  : uid=1000(system) LocationThread expire 2 lines
07-20 16:38:18.028  1197 24968 I chatty  : uid=1000 system_server expire 2 lines
07-20 16:38:18.032  1197  2138 I chatty  : uid=1000(system) LocationThread expire 1 line
07-20 16:38:18.043   687   885 I chatty  : uid=1000(system) Binder:687_2 expire 6 lines
07-20 16:38:18.052  3129  3129 I wangchen: SysInfo.getSysParam: orientation=1||config d=3.0,w=1080,h=1920||metrics d=3.0,w=1080,h=1920||sdk=26,bar_h=72
07-20 16:38:18.052  3129  3129 I KeymapLoader: w=1080 h=1920 ori=true appScale=3.3 s1=3.0
07-20 16:38:18.092  2150  2551 E HsmCoreServiceImpl: onTransact in code is: 103
07-20 16:38:18.092  2150  2551 I MediaProcessHandler: playingUids: 
07-20 16:38:18.092  1197  3974 I chatty  : uid=1000(system) Binder:1197_18 expire 31 lines
07-20 16:38:18.240 24996 24996 I Monkey  : :Sending Touch (ACTION_DOWN): 0:(989.0,1029.0)
07-20 16:38:18.242 24996 24996 I Monkey  : :Sending Touch (ACTION_UP): 0:(986.23346,1028.5184)
07-20 16:38:18.244 24996 24996 I Monkey  : Sleeping for 300 milliseconds
07-20 16:38:18.273 24996 25011 I Monkey  :     // Allowing start of Intent { cmp=com.jieshun.jslife/.activity.userinfo.ConsumeOrderDetailActivity } in package com.jieshun.jslife
07-20 16:38:18.277  2196  5310 I chatty  : uid=1000(system) Binder:2196_7 expire 8 lines
07-20 16:38:18.277   746   802 I Pged-IPgedBinderService: ****action is 1, pid num is 13***
07-20 16:38:18.277   746   802 I Pged-Freezer: freezePids
07-20 16:38:18.277   746   802 I Pged-Freezer: Freeze process: 18730
07-20 16:38:18.278   746   802 I Pged-Freezer: Freeze process: 18021
07-20 16:38:18.278   746   802 I Pged-Freezer: Freeze process: 18541
07-20 16:38:18.279   746   802 I Pged-Freezer: Freeze process: 18417
07-20 16:38:18.279   746   802 I Pged-Freezer: Freeze process: 18035
07-20 16:38:18.279   746   802 I Pged-Freezer: Freeze process: 18301
07-20 16:38:18.279   746   802 I Pged-Freezer: Freeze process: 23446
07-20 16:38:18.280   746   802 I Pged-Freezer: Freeze process: 7042
07-20 16:38:18.280   746   802 I Pged-Freezer: Freeze process: 21643
07-20 16:38:18.280   746   802 I Pged-Freezer: Freeze process: 7075
07-20 16:38:18.280   746   802 I Pged-Freezer: Freeze process: 7133
07-20 16:38:18.280   746   802 I Pged-Freezer: Freeze process: 20168
07-20 16:38:18.307  1197  1367 I chatty  : uid=1000(system) android.anim expire 24 lines
07-20 16:38:18.308  6101  6101 V ActivityThread: ActivityThread,callActivityOnCreate
07-20 16:38:18.334  6101  6101 D ActivityThread: add activity client record, r= ActivityRecord{ff6a token=android.os.BinderProxy@109ba62 {com.jieshun.jslife/com.jieshun.jslife.activity.userinfo.ConsumeOrderDetailActivity}} token= android.os.BinderProxy@109ba62
07-20 16:38:18.336  6101 25028 I chatty  : uid=10176(u0_a176) pool-8-thread-1 expire 1 line
07-20 16:38:18.344  1197 10361 I chatty  : uid=1000(system) Binder:1197_20 expire 32 lines
07-20 16:38:18.345  1766  1766 I chatty  : uid=10039(u0_a39) com.android.systemui expire 141 lines
07-20 16:38:18.357  6101  6101 D ActivityThread: Remove activity client record, r= ActivityRecord{bc7ad9f token=android.os.BinderProxy@8ed5119 {com.jieshun.jslife/com.jieshun.jslife.activity.userinfo.ConsumeOrderDetailActivity}} token= android.os.BinderProxy@8ed5119
07-20 16:38:18.366  3129  3129 I wangchen: SysInfo.getSysParam: orientation=1||config d=3.0,w=1080,h=1920||metrics d=3.0,w=1080,h=1920||sdk=26,bar_h=72
07-20 16:38:18.366  3129  3129 I KeymapLoader: w=1080 h=1920 ori=true appScale=3.3 s1=3.0
07-20 16:38:18.374  1197  1367 I chatty  : uid=1000(system) android.anim expire 18 lines
07-20 16:38:18.396  2150  2551 E HsmCoreServiceImpl: onTransact in code is: 103
07-20 16:38:18.396  2150  2551 I MediaProcessHandler: playingUids: 
07-20 16:38:18.430  3129  3129 I wangchen: SysInfo.getSysParam: orientation=1||config d=3.0,w=1080,h=1920||metrics d=3.0,w=1080,h=1920||sdk=26,bar_h=72
07-20 16:38:18.430  3129  3129 I KeymapLoader: w=1080 h=1920 ori=true appScale=3.3 s1=3.0
07-20 16:38:18.544 24996 24996 I Monkey  : :Sending Key (ACTION_DOWN): 24    // KEYCODE_VOLUME_UP
07-20 16:38:18.550  1197  1391 I chatty  : uid=1000(system) InputDispatcher expire 6 lines
07-20 16:38:18.697  3129  3129 D KeyEvent: obtain, mHwFlags=0
07-20 16:38:18.699 24996 24996 I Monkey  : :Sending Key (ACTION_UP): 24    // KEYCODE_VOLUME_UP
07-20 16:38:18.701  1197  1197 I chatty  : uid=1000 system_server expire 8 lines
07-20 16:38:18.701  1197  1660 I chatty  : uid=1000(system) AudioService expire 7 lines
07-20 16:38:18.704  3129  3129 D KeyEvent: obtain, mHwFlags=0
07-20 16:38:18.705 24996 24996 I Monkey  : Sleeping for 300 milliseconds
07-20 16:38:18.974   749  2144 D libgps  : proxy_gps_location_cb: called.
07-20 16:38:18.975   749  2144 D libgps  : proxy_gnss_sv_status_cb: called. num_svs(5)
07-20 16:38:18.983  1197  2138 I chatty  : uid=1000(system) LocationThread expire 20 lines
07-20 16:38:18.986  1197  2138 I chatty  : uid=1000(system) LocationThread expire 226 lines
07-20 16:38:18.986  1197 24960 I chatty  : uid=1000 system_server expire 4 lines
07-20 16:38:19.007 24996 24996 I Monkey  : :Sending Touch (ACTION_DOWN): 0:(298.0,203.0)
07-20 16:38:19.011 24996 24996 I Monkey  : :Sending Touch (ACTION_UP): 0:(295.0812,198.516)
07-20 16:38:19.013 24996 24996 I Monkey  : Sleeping for 300 milliseconds
07-20 16:38:19.024  1197  1197 I chatty  : uid=1000 system_server expire 16 lines
07-20 16:38:19.031   724 19351 I APM_AudioPolicyManager: setStreamVolumeIndex() stream 2, device 0x0002, index 3
07-20 16:38:19.031   724 19351 I APM_AudioPolicyManager: curStream 2, curStreamDevice 2, vgs value false, is curStream active 0
07-20 16:38:19.032   724 19351 D APM_AudioPolicyManager: set streamType 2, volume = 3, device = 2 for sws
07-20 16:38:19.032   724 19351 D APM::Gains: volIndexToDb sUseVolCurveCust true
07-20 16:38:19.037   724 14873 I APM_AudioPolicyManager: setStreamVolumeIndex() stream 8, device 0x0002, index 3
07-20 16:38:19.037   724 14873 I APM_AudioPolicyManager: curStream 8, curStreamDevice 2, vgs value false, is curStream active 0
07-20 16:38:19.037   724 19351 I APM_AudioPolicyManager: setStreamVolumeIndex() stream 7, device 0x0002, index 15
07-20 16:38:19.038   724 19351 I APM_AudioPolicyManager: curStream 7, curStreamDevice 2, vgs value false, is curStream active 0
07-20 16:38:19.038   724 19351 I APM_AudioPolicyManager: setStreamVolumeIndex() stream 5, device 0x0002, index 3
07-20 16:38:19.038   724 19351 I APM_AudioPolicyManager: curStream 5, curStreamDevice 2, vgs value false, is curStream active 0
07-20 16:38:19.039   724 19351 I APM_AudioPolicyManager: setStreamVolumeIndex() stream 1, device 0x0002, index 3
07-20 16:38:19.039   724 19351 I APM_AudioPolicyManager: curStream 1, curStreamDevice 2, vgs value false, is curStream active 0
07-20 16:38:19.112  1197  2225 I chatty  : uid=1000(system) Binder:1197_A expire 4 lines
07-20 16:38:19.126  1197  2225 I chatty  : uid=1000(system) Binder:1197_A expire 4 lines
07-20 16:38:19.140  2949  4896 D WorkSource: Insert in WorkSource{} @ 0 uid 10149 name com.google.android.gms
07-20 16:38:19.141  2949  4896 D WorkSource: Insert in WorkSource{} @ 0 uid 10149 name com.google.android.gms
07-20 16:38:19.154  2949  4896 D WorkSource: Insert in WorkSource{} @ 0 uid 10149 name com.google.android.gms
07-20 16:38:19.213  2949  4896 D WorkSource: Insert in WorkSource{} @ 0 uid 10149 name com.google.android.gms
07-20 16:38:19.214  2949  4896 D WorkSource: Insert in WorkSource{} @ 0 uid 10149 name com.google.android.gms
07-20 16:38:19.259  2949  4896 D WorkSource: Insert in WorkSource{} @ 0 uid 10149 name com.google.android.gms
07-20 16:38:19.260  2949  4896 D WorkSource: Insert in WorkSource{} @ 0 uid 10149 name com.google.android.gms
07-20 16:38:19.277  2949  4896 D WorkSource: Insert in WorkSource{} @ 0 uid 10149 name com.google.android.gms
07-20 16:38:19.314  2949 25034 I NetRec  : [2540] abqn.a: Refreshing scores for 150 networks.
07-20 16:38:19.319 24996 24996 I Monkey  : :Sending Touch (ACTION_DOWN): 0:(1020.0,1817.0)
07-20 16:38:19.323 24996 24996 I Monkey  : :Sending Touch (ACTION_UP): 0:(1022.66907,1814.1484)
07-20 16:38:19.330 24996 24996 I Monkey  : Sleeping for 300 milliseconds
07-20 16:38:19.334  2949 25035 I NetRec  : [2541] abqn.a: Refreshing scores for 150 networks.
07-20 16:38:19.552   379   379 E         : get_valid_oeminfo_region:EXCEPTION:[using_region_age:backup_region_age]=[0x0:0xca],Difference is more than one
07-20 16:38:19.552   379   379 E         : 
07-20 16:38:19.553   379   379 E         : get_valid_oeminfo_region:EXCEPTION:[using_region_age:backup_region_age]=[0x0:0xca],Difference is more than one
07-20 16:38:19.553   379   379 E         : 
07-20 16:38:19.555   379   379 E         : pid 1197, opration oeminfo_write OK
07-20 16:38:19.555   379   379 E         : 
07-20 16:38:19.633 24996 24996 I Monkey  : :Sending Touch (ACTION_DOWN): 0:(372.0,967.0)
07-20 16:38:19.639 24996 24996 I Monkey  : :Sending Touch (ACTION_UP): 0:(385.10202,966.2576)
07-20 16:38:19.642 24996 24996 I Monkey  : Sleeping for 300 milliseconds
07-20 16:38:19.785   746   802 I Pged-IPgedBinderService: ****action is 2, pid num is 13***
07-20 16:38:19.785   746   802 I Pged-Freezer: thawPids
07-20 16:38:19.813  5638  5638 I PushLog2951: [main-1]action is com.huawei.intent.action.PUSH(android/:307)
07-20 16:38:19.817  5638  5638 I PushLog2951: [main-1]dispatchIntent over(android/:210)
07-20 16:38:19.817  5638  5658 I PushLog2951: [ReceiverDispatcher-256]heartbeatArrive(android/:144)
07-20 16:38:19.822  5638  5658 I PushLog2951: [ReceiverDispatcher-256]heartbeatArrive, send heart beat(android/:151)
07-20 16:38:19.838  5638  5658 I PushLog2951: [ReceiverDispatcher-256]init push bastet failed!(android/:79)
07-20 16:38:19.839  5638  5658 I PushLog2951: [ReceiverDispatcher-256]set HEARTBEAT_RSP_TIMEOUT Alarm(android/:291)
07-20 16:38:19.858  5638  5658 I PushLog2951: [ReceiverDispatcher-256]process cmdid to send to pushSrv:DA(android/:104)
07-20 16:38:19.860  5638  5658 I PushLog2951: [ReceiverDispatcher-256]send msg to remote srv success(android/:106)
07-20 16:38:19.944 24996 24996 I Monkey  : :Sending Key (ACTION_DOWN): 25    // KEYCODE_VOLUME_DOWN
07-20 16:38:19.962  5638  6631 I PushLog2951: [SocketRead_09:31:39-489]process cmdid to receive from pushSrv:DB(android/:231)
07-20 16:38:19.997   749  2144 D libgps  : proxy_gps_location_cb: called.
07-20 16:38:19.999   749  2144 D libgps  : proxy_gnss_sv_status_cb: called. num_svs(5)
07-20 16:38:20.000  1197 22952 I chatty  : uid=1000(system) ipl_recv expire 129 lines
07-20 16:38:20.015  1197 24966 I chatty  : uid=1000 system_server expire 4 lines
07-20 16:38:20.050  5638  6631 I PushLog2951: [SocketRead_09:31:39-489]dispatchIntent over(android/:210)
07-20 16:38:20.099  3129  3129 D KeyEvent: obtain, mHwFlags=0
07-20 16:38:20.100 24996 24996 I Monkey  : :Sending Key (ACTION_UP): 25    // KEYCODE_VOLUME_DOWN
07-20 16:38:20.101  1197  2276 I chatty  : uid=1000(system) Binder:1197_B expire 14 lines
07-20 16:38:20.110  3129  3129 D KeyEvent: obtain, mHwFlags=0
07-20 16:38:20.111 24996 24996 I Monkey  : Sleeping for 300 milliseconds
07-20 16:38:20.372  2949 25034 W NetRec  : [2540] abqn.a: Unexpected exception com.android.volley.NoConnectionError: java.net.ConnectException: Failed to connect to mobilenetworkscoring-pa.googleapis.com/172.217.160.106:443 while waiting for score updates (com.android.volley.NoConnectionError: java.net.ConnectException: Failed to connect to mobilenetworkscoring-pa.googleapis.com/172.217.160.106:443). Rescheduling.
07-20 16:38:20.380  2949 25034 I NetRec  : [2540] abqn.a: Still entries pending update, scheduling new refresh_scores_task refresh.
07-20 16:38:20.389  2949 25035 W NetRec  : [2541] abqn.a: Unexpected exception com.android.volley.NoConnectionError: java.net.ConnectException: Failed to connect to mobilenetworkscoring-pa.googleapis.com/172.217.160.106:443 while waiting for score updates (com.android.volley.NoConnectionError: java.net.ConnectException: Failed to connect to mobilenetworkscoring-pa.googleapis.com/172.217.160.106:443). Rescheduling.
07-20 16:38:20.394  2949 25035 I NetRec  : [2541] abqn.a: Still entries pending update, scheduling new rapid_refresh_scores_task refresh.
07-20 16:38:20.394  2949 25034 I NetRec  : [2540] abqn.a: Completed refresh_scores_task score refresh task in 1139 ms, returning 1
07-20 16:38:20.409  2949 25035 I NetRec  : [2541] abqn.a: Completed rapid_refresh_scores_task score refresh task in 1129 ms, returning 1
07-20 16:38:20.416 24996 24996 I Monkey  : :Sending Touch (ACTION_DOWN): 0:(39.0,1077.0)
07-20 16:38:20.430 24996 24996 I Monkey  : :Sending Touch (ACTION_UP): 0:(46.83982,1090.5796)
07-20 16:38:20.435 24996 24996 I Monkey  : Sleeping for 300 milliseconds
07-20 16:38:20.443  1197  3767 I chatty  : uid=1000(system) Binder:1197_14 expire 13 lines
07-20 16:38:20.655  6101 19884 I chatty  : uid=10176(u0_a176) Binder:6101_6 expire 4 lines
07-20 16:38:20.736  1197  2276 I chatty  : uid=1000(system) Binder:1197_B expire 5 lines
07-20 16:38:20.738 24996 24996 I Monkey  : :Sending Touch (ACTION_DOWN): 0:(624.0,1438.0)
07-20 16:38:20.741 24996 24996 I Monkey  : :Sending Touch (ACTION_UP): 0:(610.24915,1435.2798)
07-20 16:38:20.744 24996 24996 I Monkey  : Sleeping for 300 milliseconds
07-20 16:38:20.987   749  2144 D libgps  : proxy_gps_location_cb: called.
07-20 16:38:20.987  1197  2067 I chatty  : uid=1000(system) HwBinder:1197_4 expire 28 lines
07-20 16:38:20.989   749  2144 D libgps  : proxy_gnss_sv_status_cb: called. num_svs(5)
07-20 16:38:21.001  1197 24967 I chatty  : uid=1000 system_server expire 4 lines
07-20 16:38:21.046 24996 24996 I Monkey  : :Sending Touch (ACTION_DOWN): 0:(93.0,624.0)
07-20 16:38:21.052 24996 24996 I Monkey  : :Sending Touch (ACTION_UP): 0:(96.2735,625.2064)
07-20 16:38:21.055 24996 24996 I Monkey  : Sleeping for 300 milliseconds
07-20 16:38:21.358 24996 24996 I Monkey  : :Sending Touch (ACTION_DOWN): 0:(333.0,724.0)
07-20 16:38:21.366 24996 24996 I Monkey  : :Sending Touch (ACTION_UP): 0:(330.62704,713.8377)
07-20 16:38:21.370 24996 24996 I Monkey  : Sleeping for 300 milliseconds
07-20 16:38:21.674 24996 24996 I Monkey  : :Sending Touch (ACTION_DOWN): 0:(888.0,1437.0)
07-20 16:38:21.684 24996 24996 I Monkey  : :Sending Touch (ACTION_UP): 0:(885.5086,1435.3384)
07-20 16:38:21.690 24996 24996 I Monkey  : Sleeping for 300 milliseconds
07-20 16:38:21.992 24996 24996 I Monkey  : :Sending Touch (ACTION_DOWN): 0:(151.0,153.0)
07-20 16:38:22.002   749  2144 D libgps  : proxy_gps_location_cb: called.
07-20 16:38:22.002 24996 24996 I Monkey  : :Sending Touch (ACTION_UP): 0:(165.71375,155.06247)
07-20 16:38:22.003   749  2144 D libgps  : proxy_gnss_sv_status_cb: called. num_svs(5)
07-20 16:38:22.008   740   740 E Thermal-daemon: [flash_led] temp_new :38  temp_old :37
07-20 16:38:22.010   740   740 E Thermal-daemon: Report temperature: [flash_led] temp :38  report_threshold:1
07-20 16:38:22.013 24996 24996 I Monkey  : Sleeping for 300 milliseconds
07-20 16:38:22.024  1197 24968 I chatty  : uid=1000 system_server expire 2 lines
07-20 16:38:22.048  1197  2580 I chatty  : uid=1000(system) Binder:1197_D expire 5 lines
07-20 16:38:22.316 24996 24996 I Monkey  : :Sending Touch (ACTION_DOWN): 0:(729.0,1898.0)
07-20 16:38:22.320 24996 24996 I Monkey  : :Sending Touch (ACTION_UP): 0:(728.73566,1918.9086)
07-20 16:38:22.324 24996 24996 I Monkey  : Sleeping for 300 milliseconds
07-20 16:38:22.630 24996 24996 I Monkey  : :Sending Touch (ACTION_DOWN): 0:(237.0,1848.0)
07-20 16:38:22.635 24996 24996 I Monkey  : :Sending Touch (ACTION_UP): 0:(229.42773,1854.3037)
07-20 16:38:22.640 24996 24996 I Monkey  : Sleeping for 300 milliseconds
07-20 16:38:22.948 24996 24996 I Monkey  : :Sending Touch (ACTION_DOWN): 0:(450.0,1221.0)
07-20 16:38:22.954 24996 24996 I Monkey  : :Sending Touch (ACTION_MOVE): 0:(455.08063,1221.5477)
07-20 16:38:22.959 24996 24996 I Monkey  : :Sending Touch (ACTION_MOVE): 0:(456.40967,1225.0543)
07-20 16:38:22.964 24996 24996 I Monkey  : :Sending Touch (ACTION_UP): 0:(463.48346,1225.3998)
07-20 16:38:22.968 24996 24996 I Monkey  : Sleeping for 300 milliseconds
07-20 16:38:23.001   749  2144 D libgps  : proxy_gps_location_cb: called.
07-20 16:38:23.004   749  2144 D libgps  : proxy_gnss_sv_status_cb: called. num_svs(5)
07-20 16:38:23.093  3129  3129 I wangchen: SysInfo.getSysParam: orientation=1||config d=3.0,w=1080,h=1920||metrics d=3.0,w=1080,h=1920||sdk=26,bar_h=72
07-20 16:38:23.093  3129  3129 I KeymapLoader: w=1080 h=1920 ori=true appScale=3.3 s1=3.0
07-20 16:38:23.271 24996 24996 I app_process: Deoptimizing int com.android.commands.monkey.MonkeyMotionEvent.injectEvent(android.view.IWindowManager, android.app.IActivityManager, int) due to JIT inline cache
07-20 16:38:23.272 24996 24996 E Input   : getAxisValue(): x--4.0-0.0--4.0
07-20 16:38:23.273 24996 24996 I Monkey  : :Sending Trackball (ACTION_MOVE): 0:(-4.0,3.0)
07-20 16:38:23.277 24996 24996 I Monkey  : :Sending Trackball (ACTION_MOVE): 0:(3.0,0.0)
07-20 16:38:23.281 24996 24996 E Input   : getAxisValue(): x--2.0-0.0--2.0
07-20 16:38:23.282 24996 24996 E Input   : getAxisValue(): y--4.0-0.0--4.0
07-20 16:38:23.283 24996 24996 I Monkey  : :Sending Trackball (ACTION_MOVE): 0:(-2.0,-4.0)
07-20 16:38:23.287  3129  3129 D KeyEvent: obtain, mHwFlags=0
07-20 16:38:23.290  3129  3129 D KeyEvent: obtain, mHwFlags=0
07-20 16:38:23.290 24996 24996 I Monkey  : :Sending Trackball (ACTION_MOVE): 0:(4.0,4.0)
07-20 16:38:23.294 24996 24996 E Input   : getAxisValue(): x--5.0-0.0--5.0
07-20 16:38:23.294 24996 24996 E Input   : getAxisValue(): y--3.0-0.0--3.0
07-20 16:38:23.295 24996 24996 I Monkey  : :Sending Trackball (ACTION_MOVE): 0:(-5.0,-3.0)
07-20 16:38:23.298 24996 24996 E Input   : getAxisValue(): x--5.0-0.0--5.0
07-20 16:38:23.299 24996 24996 I Monkey  : :Sending Trackball (ACTION_MOVE): 0:(-5.0,3.0)
07-20 16:38:23.302 24996 24996 E Input   : getAxisValue(): x--5.0-0.0--5.0
07-20 16:38:23.303 24996 24996 I Monkey  : :Sending Trackball (ACTION_MOVE): 0:(-5.0,1.0)
07-20 16:38:23.304  3129  3129 D KeyEvent: obtain, mHwFlags=0
07-20 16:38:23.309  3129  3129 D KeyEvent: obtain, mHwFlags=0
07-20 16:38:23.312 24996 24996 I Monkey  : :Sending Trackball (ACTION_MOVE): 0:(3.0,3.0)
07-20 16:38:23.315 24996 24996 I Monkey  : :Sending Trackball (ACTION_MOVE): 0:(4.0,1.0)
07-20 16:38:23.318 24996 24996 E Input   : getAxisValue(): y--5.0-0.0--5.0
07-20 16:38:23.319 24996 24996 I Monkey  : :Sending Trackball (ACTION_MOVE): 0:(2.0,-5.0)
07-20 16:38:23.325  3129  3129 D KeyEvent: obtain, mHwFlags=0
07-20 16:38:23.326  3129  3129 D KeyEvent: obtain, mHwFlags=0
07-20 16:38:23.328 24996 24996 I Monkey  : :Sending Touch (ACTION_DOWN): 0:(749.0,1569.0)
07-20 16:38:23.333 24996 24996 I Monkey  : :Sending Touch (ACTION_UP): 0:(751.1153,1587.1519)
07-20 16:38:23.342 24996 24996 I Monkey  : Sleeping for 300 milliseconds
07-20 16:38:23.377  6101  6101 W ViewRootImpl[ConsumeOrderDetailActivity]: Dropping event due to root view being removed: MotionEvent { action=ACTION_UP, actionButton=0, id[0]=0, x[0]=586.1153, y[0]=966.15186, toolType[0]=TOOL_TYPE_UNKNOWN, buttonState=0, metaState=0, flags=0x0, edgeFlags=0x0, pointerCount=1, historySize=0, eventTime=27527326, downTime=27527320, deviceId=0, source=0x1002 }
07-20 16:38:23.377  6101  6101 W ViewRootImpl[ConsumeOrderDetailActivity]: Dropping event due to root view being removed: MotionEvent { action=ACTION_MOVE, actionButton=0, id[0]=0, x[0]=2.0, y[0]=-5.0, toolType[0]=TOOL_TYPE_UNKNOWN, buttonState=0, metaState=0, flags=0x0, edgeFlags=0x0, pointerCount=1, historySize=1, eventTime=27527312, downTime=-1, deviceId=0, source=0x10004 }
07-20 16:38:23.384  3129  3129 I wangchen: SysInfo.getSysParam: orientation=1||config d=3.0,w=1080,h=1920||metrics d=3.0,w=1080,h=1920||sdk=26,bar_h=72
07-20 16:38:23.384  3129  3129 I KeymapLoader: w=1080 h=1920 ori=true appScale=3.3 s1=3.0
07-20 16:38:23.643 24996 24996 E Input   : getAxisValue(): x--1.0-0.0--1.0
07-20 16:38:23.644 24996 24996 E Input   : getAxisValue(): y--4.0-0.0--4.0
07-20 16:38:23.644 24996 24996 I Monkey  : :Sending Trackball (ACTION_MOVE): 0:(-1.0,-4.0)
07-20 16:38:23.649 24996 24996 I Monkey  : :Sending Trackball (ACTION_MOVE): 0:(3.0,3.0)
07-20 16:38:23.652 24996 24996 E Input   : getAxisValue(): y--1.0-0.0--1.0
07-20 16:38:23.652 24996 24996 I Monkey  : :Sending Trackball (ACTION_MOVE): 0:(2.0,-1.0)
07-20 16:38:23.656 24996 24996 I Monkey  : :Sending Trackball (ACTION_MOVE): 0:(4.0,1.0)
07-20 16:38:23.661  3129  3129 D KeyEvent: obtain, mHwFlags=0
07-20 16:38:23.662  3129  3129 D KeyEvent: obtain, mHwFlags=0
07-20 16:38:23.663 24996 24996 E Input   : getAxisValue(): y--4.0-0.0--4.0
07-20 16:38:23.665 24996 24996 I Monkey  : :Sending Trackball (ACTION_MOVE): 0:(1.0,-4.0)
07-20 16:38:23.669 24996 24996 E Input   : getAxisValue(): x--2.0-0.0--2.0
07-20 16:38:23.670 24996 24996 E Input   : getAxisValue(): y--4.0-0.0--4.0
07-20 16:38:23.670 24996 24996 I Monkey  : :Sending Trackball (ACTION_MOVE): 0:(-2.0,-4.0)
07-20 16:38:23.673 24996 24996 E Input   : getAxisValue(): x--4.0-0.0--4.0
07-20 16:38:23.673 24996 24996 E Input   : getAxisValue(): y--4.0-0.0--4.0
07-20 16:38:23.675 24996 24996 I Monkey  : :Sending Trackball (ACTION_MOVE): 0:(-4.0,-4.0)
07-20 16:38:23.680 24996 24996 E Input   : getAxisValue(): x--1.0-0.0--1.0
07-20 16:38:23.680 24996 24996 E Input   : getAxisValue(): y--1.0-0.0--1.0
07-20 16:38:23.681 24996 24996 I Monkey  : :Sending Trackball (ACTION_MOVE): 0:(-1.0,-1.0)
07-20 16:38:23.684 24996 24996 E Input   : getAxisValue(): x--4.0-0.0--4.0
07-20 16:38:23.684 24996 24996 E Input   : getAxisValue(): y--2.0-0.0--2.0
07-20 16:38:23.685 24996 24996 I Monkey  : :Sending Trackball (ACTION_MOVE): 0:(-4.0,-2.0)
07-20 16:38:23.690 24996 24996 E Input   : getAxisValue(): x--2.0-0.0--2.0
07-20 16:38:23.691 24996 24996 I Monkey  : :Sending Trackball (ACTION_MOVE): 0:(-2.0,1.0)
07-20 16:38:23.694 24996 24996 E Input   : getAxisValue(): x--4.0-0.0--4.0
07-20 16:38:23.694 24996 24996 E Input   : getAxisValue(): y--3.0-0.0--3.0
07-20 16:38:23.694 24996 24996 I Monkey  : :Sending Trackball (ACTION_MOVE): 0:(-4.0,-3.0)
07-20 16:38:23.698 24996 24996 I Monkey  : :Sending Trackball (ACTION_MOVE): 0:(3.0,0.0)
07-20 16:38:23.701  3129  3129 D KeyEvent: obtain, mHwFlags=0
07-20 16:38:23.702  3129  3129 D KeyEvent: obtain, mHwFlags=0
07-20 16:38:23.702 24996 24996 I Monkey  : :Sending Trackball (ACTION_MOVE): 0:(0.0,2.0)
07-20 16:38:23.703  3129  3129 D KeyEvent: obtain, mHwFlags=0
07-20 16:38:23.704  3129  3129 D KeyEvent: obtain, mHwFlags=0
07-20 16:38:23.704  3129  3129 D KeyEvent: obtain, mHwFlags=0
07-20 16:38:23.712 24996 24996 I Monkey  : :Sending Trackball (ACTION_MOVE): 0:(4.0,0.0)
07-20 16:38:23.717 24996 24996 I Monkey  : :Sending Trackball (ACTION_MOVE): 0:(1.0,4.0)
07-20 16:38:23.720 24996 24996 I Monkey  : :Sending Trackball (ACTION_MOVE): 0:(0.0,3.0)
07-20 16:38:23.721  3129  3129 I wangchen: SysInfo.getSysParam: orientation=1||config d=3.0,w=1080,h=1920||metrics d=3.0,w=1080,h=1920||sdk=26,bar_h=72
07-20 16:38:23.721  3129  3129 I KeymapLoader: w=1080 h=1920 ori=true appScale=3.3 s1=3.0
07-20 16:38:23.723  3129  3129 D KeyEvent: obtain, mHwFlags=0
07-20 16:38:23.725  3129  3129 D KeyEvent: obtain, mHwFlags=0
07-20 16:38:23.725 24996 24996 I Monkey  : :Sending Trackball (ACTION_MOVE): 0:(1.0,0.0)
07-20 16:38:23.725  3129  3129 D KeyEvent: obtain, mHwFlags=0
07-20 16:38:23.726  3129  3129 D KeyEvent: obtain, mHwFlags=0
07-20 16:38:23.729 24996 24996 I Monkey  : :Sending Trackball (ACTION_MOVE): 0:(4.0,3.0)
07-20 16:38:23.731 24996 24996 E Input   : getAxisValue(): x--4.0-0.0--4.0
07-20 16:38:23.731 24996 24996 E Input   : getAxisValue(): y--3.0-0.0--3.0
07-20 16:38:23.731  3129  3129 I wangchen: SysInfo.getSysParam: orientation=1||config d=3.0,w=1080,h=1920||metrics d=3.0,w=1080,h=1920||sdk=26,bar_h=72
07-20 16:38:23.731  3129  3129 I KeymapLoader: w=1080 h=1920 ori=true appScale=3.3 s1=3.0
07-20 16:38:23.732 24996 24996 I Monkey  : :Sending Trackball (ACTION_MOVE): 0:(-4.0,-3.0)
07-20 16:38:23.733  3129  3129 D KeyEvent: obtain, mHwFlags=0
07-20 16:38:23.733  3129  3129 D KeyEvent: obtain, mHwFlags=0
07-20 16:38:23.734  3129  3129 D KeyEvent: obtain, mHwFlags=0
07-20 16:38:23.734  3129  3129 D KeyEvent: obtain, mHwFlags=0
07-20 16:38:23.734 24996 24996 E Input   : getAxisValue(): y--4.0-0.0--4.0
07-20 16:38:23.735 24996 24996 I Monkey  : :Sending Trackball (ACTION_MOVE): 0:(1.0,-4.0)
07-20 16:38:23.741 24996 24996 I Monkey  : :Sending Touch (ACTION_DOWN): 0:(394.0,118.0)
07-20 16:38:23.746 24996 24996 I Monkey  :     //[calendar_time:2018-07-20 16:38:23.744  system_uptime:39150462]
07-20 16:38:23.747 24996 24996 I Monkey  :     // Sending event #100
07-20 16:38:23.748 24996 24996 I Monkey  : :Sending Touch (ACTION_UP): 0:(391.1519,121.16012)
07-20 16:38:23.751 24996 24996 I Monkey  : Sleeping for 300 milliseconds
07-20 16:38:23.753  3129  3129 I wangchen: SysInfo.getSysParam: orientation=1||config d=3.0,w=1080,h=1920||metrics d=3.0,w=1080,h=1920||sdk=26,bar_h=72
07-20 16:38:23.753  3129  3129 I KeymapLoader: w=1080 h=1920 ori=true appScale=3.3 s1=3.0
07-20 16:38:23.754  3129  3129 D KeyEvent: obtain, mHwFlags=0
07-20 16:38:23.755  3129  3129 D KeyEvent: obtain, mHwFlags=0
07-20 16:38:23.765  3129  3129 I wangchen: SysInfo.getSysParam: orientation=1||config d=3.0,w=1080,h=1920||metrics d=3.0,w=1080,h=1920||sdk=26,bar_h=72
07-20 16:38:23.765  3129  3129 I KeymapLoader: w=1080 h=1920 ori=true appScale=3.3 s1=3.0
07-20 16:38:23.986   749  2144 D libgps  : proxy_gnss_sv_status_cb: called. num_svs(5)
07-20 16:38:24.054 24996 24996 I Monkey  : :Sending Touch (ACTION_DOWN): 0:(533.0,1549.0)
07-20 16:38:24.064 24996 24996 I Monkey  : :Sending Touch (ACTION_MOVE): 0:(530.8705,1553.9198)
07-20 16:38:24.070   681   681 D SensorHub: Get acc data 0.143652, 0.201113, 9.988609
07-20 16:38:24.071 24996 24996 I Monkey  : :Sending Touch (ACTION_MOVE): 0:(528.89886,1568.6669)
07-20 16:38:24.076 24996 24996 I Monkey  : :Sending Touch (ACTION_MOVE): 0:(527.95026,1568.7314)
07-20 16:38:24.080 24996 24996 I Monkey  : :Sending Touch (ACTION_MOVE): 0:(525.9545,1569.3706)
07-20 16:38:24.087 24996 24996 I Monkey  : :Sending Touch (ACTION_UP): 0:(524.9235,1589.2802)
07-20 16:38:24.090 24996 24996 I Monkey  : Sleeping for 300 milliseconds
07-20 16:38:24.329  3157  3204 W libc    : Set property "ril.hw_modem0.rssi" to "-72"
07-20 16:38:24.335  2209  2209 W libc    : Set property "gsm.rssi.sim1" to "-72"
07-20 16:38:24.393 24996 24996 I Monkey  : :Sending Touch (ACTION_DOWN): 0:(498.0,682.0)
07-20 16:38:24.399 24996 24996 I Monkey  : :Sending Touch (ACTION_UP): 0:(510.84857,680.805)
07-20 16:38:24.403 24996 24996 I Monkey  : Sleeping for 300 milliseconds
07-20 16:38:24.710 24996 24996 I Monkey  : :Sending Touch (ACTION_DOWN): 0:(338.0,930.0)
07-20 16:38:24.716 24996 24996 I Monkey  : :Sending Touch (ACTION_UP): 0:(320.57886,928.26764)
07-20 16:38:24.725 24996 24996 I Monkey  : Sleeping for 300 milliseconds
07-20 16:38:24.996   749  2144 D libgps  : proxy_gps_location_cb: called.
07-20 16:38:24.997  1197  1396 I chatty  : uid=1000(system) HwBinder:1197_3 expire 17 lines
07-20 16:38:24.998   749  2144 D libgps  : proxy_gnss_sv_status_cb: called. num_svs(5)
07-20 16:38:25.021  1197  2138 I chatty  : uid=1000(system) LocationThread expire 32 lines
07-20 16:38:25.030 24996 24996 I Monkey  : :Sending Touch (ACTION_DOWN): 0:(152.0,1532.0)
07-20 16:38:25.040 24996 24996 I Monkey  : :Sending Touch (ACTION_UP): 0:(152.62312,1538.2559)
07-20 16:38:25.042  1197  1223 I chatty  : uid=1000(system) android.ui expire 128 lines
07-20 16:38:25.049 24996 24996 I Monkey  : Sleeping for 300 milliseconds
07-20 16:38:25.050  1197  1231 I chatty  : uid=1000(system) android.display expire 10 lines
07-20 16:38:25.120  1197  2580 I chatty  : uid=1000(system) Binder:1197_D expire 5 lines
07-20 16:38:25.351 24996 24996 I Monkey  : :Sending Touch (ACTION_DOWN): 0:(48.0,936.0)
07-20 16:38:25.355 24996 24996 I Monkey  : :Sending Touch (ACTION_UP): 0:(41.929684,933.6944)
07-20 16:38:25.360 24996 24996 I Monkey  : Sleeping for 300 milliseconds
07-20 16:38:25.663 24996 24996 I Monkey  : :Sending Touch (ACTION_DOWN): 0:(372.0,50.0)
07-20 16:38:25.672 24996 24996 I Monkey  : :Sending Touch (ACTION_UP): 0:(372.3926,53.91121)
07-20 16:38:25.675 24996 24996 I Monkey  : Sleeping for 300 milliseconds
07-20 16:38:25.978 24996 24996 I Monkey  : :Sending Touch (ACTION_DOWN): 0:(756.0,1776.0)
07-20 16:38:25.982 24996 24996 I Monkey  : :Sending Touch (ACTION_UP): 0:(758.0466,1789.9424)
07-20 16:38:25.985 24996 24996 I Monkey  : Sleeping for 300 milliseconds
07-20 16:38:25.987   761   842 I chatty  : uid=1000(system) /vendor/bin/fusion_daemon expire 25 lines
07-20 16:38:25.988   749  2144 D libgps  : proxy_gps_location_cb: called.
07-20 16:38:25.989   761   841 I chatty  : uid=1000(system) /vendor/bin/fusion_daemon expire 34 lines
07-20 16:38:25.989   749  2144 D libgps  : proxy_gnss_sv_status_cb: called. num_svs(5)
07-20 16:38:26.001  6402  6412 I chatty  : uid=10176(u0_a176) HeapTaskDaemon expire 1 line
07-20 16:38:26.005  1197 24968 I chatty  : uid=1000 system_server expire 10 lines
07-20 16:38:26.010  1197 10361 I chatty  : uid=1000(system) Binder:1197_20 expire 11 lines
07-20 16:38:26.012 24996 25011 I Monkey  :     // Rejecting start of Intent { act=android.intent.action.CALL dat=tel:xxxxxxxxxx cmp=com.android.server.telecom/.components.UserCallActivity } in package com.android.server.telecom
07-20 16:38:26.042   746   790 W         : iawared check failed: pid = 7987  uid=99000
07-20 16:38:26.045   746   802 I Pged-IPgedBinderService: ****action is 1, pid num is 13***
07-20 16:38:26.045   746   802 I Pged-Freezer: freezePids
07-20 16:38:26.045   746   802 I Pged-Freezer: Freeze process: 18730
07-20 16:38:26.046   746   802 I Pged-Freezer: Freeze process: 18021
07-20 16:38:26.046   746   802 I Pged-Freezer: Freeze process: 18541
07-20 16:38:26.046   746   802 I Pged-Freezer: Freeze process: 18417
07-20 16:38:26.046   746   802 I Pged-Freezer: Freeze process: 18035
07-20 16:38:26.047   746   802 I Pged-Freezer: Freeze process: 18301
07-20 16:38:26.047   746   802 I Pged-Freezer: Freeze process: 23446
07-20 16:38:26.047   746   802 I Pged-Freezer: Freeze process: 7042
07-20 16:38:26.047   746   802 I Pged-Freezer: Freeze process: 21643
07-20 16:38:26.047   746   802 I Pged-Freezer: Freeze process: 7075
07-20 16:38:26.047   746   802 I Pged-Freezer: Freeze process: 7133
07-20 16:38:26.048   746   802 I Pged-Freezer: Freeze process: 20168
07-20 16:38:26.286 24996 24996 E Input   : getAxisValue(): x--4.0-0.0--4.0
07-20 16:38:26.286 24996 24996 E Input   : getAxisValue(): y--4.0-0.0--4.0
07-20 16:38:26.286 24996 24996 I Monkey  : :Sending Trackball (ACTION_MOVE): 0:(-4.0,-4.0)
07-20 16:38:26.288 24996 24996 E Input   : getAxisValue(): x--5.0-0.0--5.0
07-20 16:38:26.288 24996 24996 E Input   : getAxisValue(): y--1.0-0.0--1.0
07-20 16:38:26.288 24996 24996 I Monkey  : :Sending Trackball (ACTION_MOVE): 0:(-5.0,-1.0)
07-20 16:38:26.290 24996 24996 E Input   : getAxisValue(): y--1.0-0.0--1.0
07-20 16:38:26.290 24996 24996 I Monkey  : :Sending Trackball (ACTION_MOVE): 0:(3.0,-1.0)
07-20 16:38:26.291 24996 24996 E Input   : getAxisValue(): y--5.0-0.0--5.0
07-20 16:38:26.291 24996 24996 I Monkey  : :Sending Trackball (ACTION_MOVE): 0:(0.0,-5.0)
07-20 16:38:26.293 24996 24996 I Monkey  : :Sending Trackball (ACTION_MOVE): 0:(1.0,0.0)
07-20 16:38:26.294 24996 24996 I Monkey  : :Sending Trackball (ACTION_MOVE): 0:(4.0,1.0)
07-20 16:38:26.295 24996 24996 E Input   : getAxisValue(): y--4.0-0.0--4.0
07-20 16:38:26.295 24996 24996 I Monkey  : :Sending Trackball (ACTION_MOVE): 0:(4.0,-4.0)
07-20 16:38:26.297 24996 24996 E Input   : getAxisValue(): y--5.0-0.0--5.0
07-20 16:38:26.297 24996 24996 I Monkey  : :Sending Trackball (ACTION_MOVE): 0:(2.0,-5.0)
07-20 16:38:26.299 24996 24996 E Input   : getAxisValue(): x--3.0-0.0--3.0
07-20 16:38:26.299 24996 24996 I Monkey  : :Sending Trackball (ACTION_MOVE): 0:(-3.0,2.0)
07-20 16:38:26.301 24996 24996 E Input   : getAxisValue(): y--1.0-0.0--1.0
07-20 16:38:26.302 24996 24996 I Monkey  : :Sending Trackball (ACTION_MOVE): 0:(2.0,-1.0)
07-20 16:38:26.305 24996 24996 I Monkey  : :Sending Touch (ACTION_DOWN): 0:(260.0,905.0)
07-20 16:38:26.308 24996 24996 I Monkey  : :Sending Touch (ACTION_UP): 0:(251.52623,902.88666)
07-20 16:38:26.309 24996 24996 I Monkey  : Sleeping for 300 milliseconds
07-20 16:38:26.310  3129  3129 D KeyEvent: obtain, mHwFlags=0
07-20 16:38:26.310  3129  3129 I chatty  : uid=10053(u0_a53) com.baidu.input_huawei identical 11 lines
07-20 16:38:26.310  3129  3129 D KeyEvent: obtain, mHwFlags=0
07-20 16:38:26.331  3129  3129 I wangchen: SysInfo.getSysParam: orientation=1||config d=3.0,w=1080,h=1920||metrics d=3.0,w=1080,h=1920||sdk=26,bar_h=72
07-20 16:38:26.331  3129  3129 I KeymapLoader: w=1080 h=1920 ori=true appScale=3.3 s1=3.0
07-20 16:38:26.379  1766  2445 I chatty  : uid=10039(u0_a39) PhoneStatusBar expire 10 lines
07-20 16:38:26.611 24996 24996 I Monkey  : :Sending Touch (ACTION_DOWN): 0:(624.0,722.0)
07-20 16:38:26.614 24996 24996 I Monkey  : :Sending Touch (ACTION_UP): 0:(619.23157,722.923)
07-20 16:38:26.618 24996 24996 I Monkey  : Sleeping for 300 milliseconds
07-20 16:38:26.919 24996 24996 E Input   : getAxisValue(): x--2.0-0.0--2.0
07-20 16:38:26.919 24996 24996 I Monkey  : :Sending Trackball (ACTION_MOVE): 0:(-2.0,0.0)
07-20 16:38:26.922 24996 24996 E Input   : getAxisValue(): y--1.0-0.0--1.0
07-20 16:38:26.922 24996 24996 I Monkey  : :Sending Trackball (ACTION_MOVE): 0:(4.0,-1.0)
07-20 16:38:26.924 24996 24996 I Monkey  : :Sending Trackball (ACTION_MOVE): 0:(3.0,0.0)
07-20 16:38:26.926 24996 24996 E Input   : getAxisValue(): x--5.0-0.0--5.0
07-20 16:38:26.926 24996 24996 I Monkey  : :Sending Trackball (ACTION_MOVE): 0:(-5.0,0.0)
07-20 16:38:26.928 24996 24996 I Monkey  : :Sending Trackball (ACTION_MOVE): 0:(1.0,1.0)
07-20 16:38:26.930 24996 24996 I Monkey  : :Sending Trackball (ACTION_MOVE): 0:(2.0,3.0)
07-20 16:38:26.931 24996 24996 I Monkey  : :Sending Trackball (ACTION_MOVE): 0:(3.0,4.0)
07-20 16:38:26.932 24996 24996 E Input   : getAxisValue(): x--1.0-0.0--1.0
07-20 16:38:26.932 24996 24996 E Input   : getAxisValue(): y--1.0-0.0--1.0
07-20 16:38:26.933 24996 24996 I Monkey  : :Sending Trackball (ACTION_MOVE): 0:(-1.0,-1.0)
07-20 16:38:26.934  3129  3129 D KeyEvent: obtain, mHwFlags=0
07-20 16:38:26.934  3129  3129 D KeyEvent: obtain, mHwFlags=0
07-20 16:38:26.934 24996 24996 E Input   : getAxisValue(): x--3.0-0.0--3.0
07-20 16:38:26.935 24996 24996 I Monkey  : :Sending Trackball (ACTION_MOVE): 0:(-3.0,3.0)
07-20 16:38:26.936 24996 24996 E Input   : getAxisValue(): y--2.0-0.0--2.0
07-20 16:38:26.936 24996 24996 I Monkey  : :Sending Trackball (ACTION_MOVE): 0:(0.0,-2.0)
07-20 16:38:26.938 24996 24996 I Monkey  : :Switch: #Intent;action=android.intent.action.MAIN;category=android.intent.category.LAUNCHER;launchFlags=0x10200000;component=com.jieshun.jslife/.activity.common.WelcomeActivity;end
07-20 16:38:26.942 24996 24996 I Monkey  :     // Allowing start of Intent { act=android.intent.action.MAIN cat=[android.intent.category.LAUNCHER] cmp=com.jieshun.jslife/.activity.common.WelcomeActivity } in package com.jieshun.jslife
07-20 16:38:26.948 24996 24996 I Monkey  : Sleeping for 300 milliseconds
07-20 16:38:26.952  3129  3129 I wangchen: SysInfo.getSysParam: orientation=1||config d=3.0,w=1080,h=1920||metrics d=3.0,w=1080,h=1920||sdk=26,bar_h=72
07-20 16:38:26.952  3129  3129 I KeymapLoader: w=1080 h=1920 ori=true appScale=3.3 s1=3.0
07-20 16:38:26.953  3129  3129 D KeyEvent: obtain, mHwFlags=0
07-20 16:38:26.954  3129  3129 D KeyEvent: obtain, mHwFlags=0
07-20 16:38:26.954   749  2144 D libgps  : proxy_gnss_sv_status_cb: called. num_svs(5)
07-20 16:38:26.957  1197 24960 I chatty  : uid=1000 system_server expire 10 lines
07-20 16:38:27.013   740   740 E Thermal-daemon: [flash_led] temp_new :37  temp_old :38
07-20 16:38:27.014   740   740 E Thermal-daemon: Report temperature: [flash_led] temp :37  report_threshold:1
07-20 16:38:27.249 24996 24996 I Monkey  : :Sending Touch (ACTION_DOWN): 0:(279.0,1457.0)
07-20 16:38:27.251 24996 24996 I Monkey  : :Sending Touch (ACTION_UP): 0:(289.93066,1445.7104)
07-20 16:38:27.251 24996 24996 I Monkey  : Sleeping for 300 milliseconds
07-20 16:38:27.550   746   802 I Pged-IPgedBinderService: ****action is 2, pid num is 13***
07-20 16:38:27.550   746   802 I Pged-Freezer: thawPids
07-20 16:38:27.556 24996 24996 I Monkey  : :Sending Touch (ACTION_DOWN): 0:(682.0,477.0)
07-20 16:38:27.559 24996 24996 I Monkey  : :Sending Touch (ACTION_UP): 0:(678.91034,473.73654)
07-20 16:38:27.562 24996 24996 I Monkey  : Sleeping for 300 milliseconds
07-20 16:38:27.865 24996 24996 I Monkey  : :Sending Touch (ACTION_DOWN): 0:(390.0,686.0)
07-20 16:38:27.874 24996 24996 I Monkey  : :Sending Touch (ACTION_MOVE): 0:(385.3875,685.0419)
07-20 16:38:27.878 24996 24996 I Monkey  : :Sending Touch (ACTION_MOVE): 0:(384.25888,684.644)
07-20 16:38:27.883 24996 24996 I Monkey  : :Sending Touch (ACTION_UP): 0:(380.4825,684.07056)
07-20 16:38:27.888 24996 24996 I Monkey  : Sleeping for 300 milliseconds
07-20 16:38:27.975   749  2144 D libgps  : proxy_gnss_sv_status_cb: called. num_svs(5)
07-20 16:38:27.985  1197 24966 I chatty  : uid=1000 system_server expire 10 lines
07-20 16:38:28.190 24996 24996 I Monkey  : :Sending Touch (ACTION_DOWN): 0:(372.0,1721.0)
07-20 16:38:28.193 24996 24996 I Monkey  : :Sending Touch (ACTION_UP): 0:(391.3706,1708.6749)
07-20 16:38:28.195 24996 24996 I Monkey  : Sleeping for 300 milliseconds
07-20 16:38:28.501 24996 24996 I Monkey  : :Sending Touch (ACTION_DOWN): 0:(207.0,893.0)
07-20 16:38:28.510 24996 24996 I Monkey  : :Sending Touch (ACTION_UP): 0:(206.10742,890.5922)
07-20 16:38:28.513 24996 24996 I Monkey  : Sleeping for 300 milliseconds
07-20 16:38:28.816 24996 24996 I Monkey  : :Sending Touch (ACTION_DOWN): 0:(231.0,1090.0)
07-20 16:38:28.824 24996 24996 I Monkey  : :Sending Touch (ACTION_UP): 0:(245.01726,1084.3903)
07-20 16:38:28.830 24996 24996 I Monkey  : Sleeping for 300 milliseconds
07-20 16:38:28.992   749  2144 D libgps  : proxy_gnss_sv_status_cb: called. num_svs(5)
07-20 16:38:29.008  1197 24967 I chatty  : uid=1000 system_server expire 10 lines
07-20 16:38:29.134 24996 24996 I Monkey  : :Sending Touch (ACTION_DOWN): 0:(467.0,834.0)
07-20 16:38:29.143 24996 24996 I Monkey  : :Sending Touch (ACTION_UP): 0:(470.82632,827.27783)
07-20 16:38:29.147  6101  6101 I chatty  : uid=10176(u0_a176) com.jieshun.jslife expire 256 lines
07-20 16:38:29.151 24996 24996 I Monkey  : Sleeping for 300 milliseconds
07-20 16:38:29.453 24996 24996 I Monkey  : :Sending Touch (ACTION_DOWN): 0:(28.0,1841.0)
07-20 16:38:29.459 24996 24996 I Monkey  : :Sending Touch (ACTION_UP): 0:(27.91498,1825.0704)
07-20 16:38:29.461 24996 24996 I Monkey  : Sleeping for 300 milliseconds
07-20 16:38:29.767 24996 24996 I Monkey  : :Sending Touch (ACTION_DOWN): 0:(0.0,1034.0)
07-20 16:38:29.775 24996 24996 I Monkey  : :Sending Touch (ACTION_UP): 0:(15.8187475,1041.0002)
07-20 16:38:29.781 24996 24996 I Monkey  : Sleeping for 300 milliseconds
07-20 16:38:29.986   749  2144 D libgps  : proxy_gnss_sv_status_cb: called. num_svs(5)
07-20 16:38:30.084 24996 24996 I Monkey  : :Sending Touch (ACTION_DOWN): 0:(474.0,819.0)
07-20 16:38:30.090 24996 24996 I Monkey  : :Sending Touch (ACTION_UP): 0:(458.6029,820.5259)
07-20 16:38:30.094 24996 24996 I Monkey  : Sleeping for 300 milliseconds
07-20 16:38:30.241  3157  3200 W libc    : Set property "ril.hw_modem1.rssi" to "-49"
07-20 16:38:30.248  2209  2209 W libc    : Set property "gsm.rssi.sim2" to "-49"
07-20 16:38:30.256  1197  1197 I chatty  : uid=1000 system_server expire 16 lines
07-20 16:38:30.398 24996 24996 I Monkey  : :Sending Touch (ACTION_DOWN): 0:(673.0,145.0)
07-20 16:38:30.405 24996 24996 I Monkey  : :Sending Touch (ACTION_UP): 0:(670.9034,148.05711)
07-20 16:38:30.414 24996 24996 I Monkey  : Sleeping for 300 milliseconds
07-20 16:38:30.717 24996 24996 I Monkey  : :Sending Touch (ACTION_DOWN): 0:(212.0,156.0)
07-20 16:38:30.724 24996 24996 I Monkey  : :Sending Touch (ACTION_UP): 0:(216.3008,159.16617)
07-20 16:38:30.730 24996 24996 I Monkey  : Sleeping for 300 milliseconds
