--------- beginning of system
07-20 15:25:48.491  9977  9977 V ActivityThread: Finishing stop of ActivityRecord{6d8ea9d token=android.os.BinderProxy@475905f {com.tencent.qqmusic/com.tencent.qqmusic.business.lockscreennew.LockScreenActivity}}
07-20 15:25:53.379  1197  1226 I chatty  : uid=1000(system) keyAppHanderThr expire 2 lines
07-20 15:25:53.406  1197  1905 I chatty  : uid=1000(system) Binder:1197_4 expire 7 lines
07-20 15:25:53.424  1197  1630 I chatty  : uid=1000(system) NetdConnector expire 10 lines
07-20 15:25:53.680  1197  2223 I chatty  : uid=1000(system) Binder:1197_8 expire 14 lines
07-20 15:25:53.681 14853 14853 D ActivityThread: ActivityThread,attachApplication
07-20 15:25:53.699  1197  1905 I chatty  : uid=1000(system) Binder:1197_4 expire 12 lines
07-20 15:25:53.731  1197  2225 I chatty  : uid=1000(system) Binder:1197_A expire 24 lines
07-20 15:25:54.088  1197  3776 I chatty  : uid=1000(system) Binder:1197_16 expire 6 lines
07-20 15:25:54.846  1197  1197 I chatty  : uid=1000 system_server expire 23 lines
07-20 15:25:59.488  1197  1219 I chatty  : uid=1000(system) android.bg expire 2 lines
07-20 15:26:00.178  1197  2116 I chatty  : uid=1000(system) watchdog expire 5 lines
07-20 15:26:06.546  1197  1222 I chatty  : uid=1000(system) ActivityManager expire 7 lines
07-20 15:26:08.437  1197  1234 I chatty  : uid=1000(system) PowerManagerSer expire 10 lines
07-20 15:26:09.159   494   629 W SocketListener: sending broadcast to Pid = 1197, Uid = 1000 
07-20 15:26:09.164  1197  1229 I chatty  : uid=1000(system) android.fg expire 7 lines
07-20 15:26:09.179  1197  2225 I chatty  : uid=1000(system) Binder:1197_A expire 6 lines
07-20 15:26:09.197  1197  1227 I chatty  : uid=1000(system) batterystats-sy expire 3 lines
07-20 15:26:12.358   494   629 W SocketListener: sending broadcast to Pid = 1197, Uid = 1000 
07-20 15:26:23.814   494   629 W SocketListener: sending broadcast to Pid = 1197, Uid = 1000 
07-20 15:26:23.821  1197  1630 I chatty  : uid=1000(system) NetdConnector expire 12 lines
07-20 15:26:39.691  1197  2223 I chatty  : uid=1000(system) Binder:1197_8 expire 10 lines
07-20 15:26:42.246   494   629 W SocketListener: sending broadcast to Pid = 1197, Uid = 1000 
07-20 15:27:07.797  1197  1905 I chatty  : uid=1000(system) Binder:1197_4 expire 4 lines
07-20 15:27:08.067  1197  3976 I chatty  : uid=1000(system) Binder:1197_1A expire 3 lines
07-20 15:27:08.255  1197  1231 I chatty  : uid=1000(system) android.display expire 5 lines
07-20 15:27:20.240  1197  4055 I chatty  : uid=1000(system) Binder:1197_1C expire 3 lines
07-20 15:27:20.241  1197  1650 I chatty  : uid=1000(system) ConnectivitySer expire 6 lines
07-20 15:27:42.581  1197  3775 I chatty  : uid=1000(system) Binder:1197_15 expire 4 lines
07-20 15:27:42.632  2936  2960 W SettingsEx: SettingsEx.Systemex.getInt deprecated use Settings.System.getInt instead ;callers=com.huawei.recsys.util.SystemUtil.getNotificationUpdateMode:169 com.huawei.recsys.util.SystemUtil.isAllowUpdate:104 com.huawei.recsys.controller.notification.http.NotificationUpdateController.startNotificationUpdate:85 
07-20 15:27:42.941  2936  2960 I chatty  : uid=1000(system) Binder:2936_3 identical 2 lines
07-20 15:27:42.964  2936  2960 W SettingsEx: SettingsEx.Systemex.getInt deprecated use Settings.System.getInt instead ;callers=com.huawei.recsys.util.SystemUtil.getNotificationUpdateMode:169 com.huawei.recsys.util.SystemUtil.isAllowUpdate:104 com.huawei.recsys.controller.notification.http.NotificationUpdateController.startNotificationUpdate:85 
07-20 15:27:42.996   494   631 W SocketListener: sending broadcast to Pid = 1197, Uid = 1000 
07-20 15:27:43.006  1197  1631 I chatty  : uid=1000(system) NetworkStats expire 10 lines
07-20 15:27:43.186  1197  3009 I chatty  : uid=1000(system) Binder:1197_10 expire 3 lines
07-20 15:27:49.445   494   631 W SocketListener: sending broadcast to Pid = 1197, Uid = 1000 
07-20 15:27:49.446  1197  1630 I chatty  : uid=1000(system) NetdConnector expire 10 lines
07-20 15:28:00.263   494   629 W SocketListener: sending broadcast to Pid = 1197, Uid = 1000 
07-20 15:28:02.732  1197  1392 I chatty  : uid=1000(system) InputReader expire 8 lines
07-20 15:28:02.748  1197  1377 I chatty  : uid=1000(system) fingerprintServ expire 6 lines
07-20 15:28:02.765  1197  2224 I chatty  : uid=1000(system) Binder:1197_9 expire 3 lines
07-20 15:28:02.798  1197  1246 I chatty  : uid=1000(system) HwBinder:1197_1 expire 1 line
07-20 15:28:02.859  1197  1720 I chatty  : uid=1000(system) PhotonicModulat expire 1 line
07-20 15:28:02.865  1197  1367 I chatty  : uid=1000(system) android.anim expire 1 line
07-20 15:28:02.891  1197  1394 I chatty  : uid=1000(system) StorageManagerS expire 2 lines
07-20 15:28:02.892   428   436 I vold    : TrimTask running tasks: 0
07-20 15:28:02.892  1197  1397 I chatty  : uid=1000(system) VoldConnector expire 1 line
07-20 15:28:02.896  1197  1197 I chatty  : uid=1000 system_server expire 2 lines
07-20 15:28:02.902   494   629 W SocketListener: sending broadcast to Pid = 1197, Uid = 1000 
07-20 15:28:02.903  1197  2194 I chatty  : uid=1000(system) Binder:1197_6 expire 4 lines
07-20 15:28:02.904  1197  2223 I chatty  : uid=1000(system) Binder:1197_8 expire 10 lines
07-20 15:28:02.905  1197  1229 I chatty  : uid=1000(system) android.fg expire 1 line
07-20 15:28:02.907  1197  1197 I chatty  : uid=1000 system_server expire 22 lines
07-20 15:28:02.913  1197  1647 I chatty  : uid=1000(system) WifiP2pService expire 6 lines
07-20 15:28:02.919  1197  1234 I chatty  : uid=1000(system) PowerManagerSer expire 11 lines
07-20 15:28:02.961  1197  3009 I chatty  : uid=1000(system) Binder:1197_10 expire 3 lines
07-20 15:28:02.965  1197  2224 I chatty  : uid=1000(system) Binder:1197_9 expire 5 lines
07-20 15:28:03.080  1197  1367 I chatty  : uid=1000(system) android.anim expire 6 lines
07-20 15:28:03.082  1197  1231 I chatty  : uid=1000(system) android.display expire 2 lines
07-20 15:28:03.083  1197  1223 I chatty  : uid=1000(system) android.ui expire 4 lines
07-20 15:28:03.084  1197  1720 I chatty  : uid=1000(system) PhotonicModulat expire 32 lines
07-20 15:28:03.162  1197  3976 I chatty  : uid=1000(system) Binder:1197_1A expire 25 lines
07-20 15:28:03.165  2936  2960 W SettingsEx: SettingsEx.Systemex.getInt deprecated use Settings.System.getInt instead ;callers=com.huawei.recsys.util.SystemUtil.getNotificationUpdateMode:169 com.huawei.recsys.util.SystemUtil.isAllowUpdate:104 com.huawei.recsys.controller.notification.http.NotificationUpdateController.startNotificationUpdate:85 
07-20 15:28:03.170  1197  1222 I chatty  : uid=1000(system) ActivityManager expire 3 lines
07-20 15:28:03.195  2936 18342 W ContextImpl: Calling a method in the system process without a qualified user: android.app.ContextImpl.bindService:1736 android.content.ContextWrapper.bindService:678 com.huawei.nb.dataservice.dsclient.RemoteServiceConnection.open:90 com.huawei.nb.dataservice.dsclient.DataServiceProxy.connect:105 com.huawei.nb.dataservice.rsclient.internal.RemoteRuleService.start:27 
07-20 15:28:03.256  2936  2993 W SettingsEx: SettingsEx.Systemex.getInt deprecated use Settings.System.getInt instead ;callers=com.huawei.recsys.util.SystemUtil.getNotificationUpdateMode:169 com.huawei.recsys.util.SystemUtil.isAllowUpdate:104 com.huawei.recsys.controller.notification.http.NotificationUpdateController.startNotificationUpdate:85 
07-20 15:28:03.437  2936  2993 W SettingsEx: SettingsEx.Systemex.getInt deprecated use Settings.System.getInt instead ;callers=com.huawei.recsys.util.SystemUtil.getNotificationUpdateMode:169 com.huawei.recsys.util.SystemUtil.isAllowUpdate:104 com.huawei.recsys.controller.notification.http.NotificationUpdateController.startNotificationUpdate:85 
07-20 15:28:04.191  1197  1391 I chatty  : uid=1000(system) InputDispatcher expire 7 lines
07-20 15:28:04.245  1197  1905 I chatty  : uid=1000(system) Binder:1197_4 expire 28 lines
07-20 15:28:04.280  1197  1630 I chatty  : uid=1000(system) NetdConnector expire 4 lines
07-20 15:28:04.291  1766  1766 V KeyguardStatusView: refresh statusview showing:true
07-20 15:28:04.294  1197  1377 I chatty  : uid=1000(system) fingerprintServ expire 18 lines
07-20 15:28:04.319  1197  1246 I chatty  : uid=1000(system) HwBinder:1197_1 expire 4 lines
07-20 15:28:04.344  1197  3685 I chatty  : uid=1000(system) Binder:1197_12 expire 4 lines
07-20 15:28:04.344  2117  2414 I HwNetworkPolicyManager: getHwUidPolicy uid = 10058 policy = 0
07-20 15:28:04.354  1766  1766 W FingerprintManager: Invalid acquired message: 6, 1001
07-20 15:28:04.445  1197  2276 I chatty  : uid=1000(system) Binder:1197_B expire 15 lines
07-20 15:28:05.037  1766  1766 W FingerprintManager: Invalid acquired message: 6, 1002
07-20 15:28:05.337  2150 15696 D FaceRecognizeService: resetTimeout begin!
07-20 15:28:05.337  2150  2447 E FaceRecognizeService: handleMessage EVT = 1002
07-20 15:28:05.337  2150  2447 D AntiBruteForceProcessor: Reset facerecognize lockout, clearAttemptCounter=true
07-20 15:28:05.337  2150  2447 D AntiBruteForceProcessor: resetTotalFailedTimes current total times = 0
07-20 15:28:05.409  1766  1766 V KeyguardDisplayManager: hide
07-20 15:28:05.409  1766  1766 V KeyguardViewMediator: updateInputRestrictedLocked 1 isInputApp = false, inputRestricted = false
07-20 15:28:05.412  1766 15584 I CommandQueue: updateBarBgColor
07-20 15:28:05.412  1766 15584 D CommandQueue: CommandQueue, setBarBackgroundColor
07-20 15:28:05.423  1197  3767 I chatty  : uid=1000(system) Binder:1197_14 expire 1 line
07-20 15:28:05.423  1197  3775 I chatty  : uid=1000(system) Binder:1197_15 expire 4 lines
07-20 15:28:05.426  1197  4055 I chatty  : uid=1000(system) Binder:1197_1C expire 1 line
07-20 15:28:05.450  9977  9977 D ActivityThread: Remove activity client record, r= ActivityRecord{6d8ea9d token=android.os.BinderProxy@475905f {com.tencent.qqmusic/com.tencent.qqmusic.business.lockscreennew.LockScreenActivity}} token= android.os.BinderProxy@475905f
07-20 15:28:05.518  1197  3776 I chatty  : uid=1000(system) Binder:1197_16 expire 50 lines
07-20 15:28:05.584  1197  2223 I chatty  : uid=1000(system) Binder:1197_8 expire 13 lines
07-20 15:28:05.602  1197  1222 I chatty  : uid=1000(system) ActivityManager expire 1 line
07-20 15:28:05.608 14948 14948 D ActivityThread: ActivityThread,attachApplication
07-20 15:28:05.609  1197  4055 I chatty  : uid=1000(system) Binder:1197_1C expire 9 lines
07-20 15:28:06.489  1197  1219 I chatty  : uid=1000(system) android.bg expire 12 lines
07-20 15:28:06.513  1197  2276 I chatty  : uid=1000(system) Binder:1197_B expire 11 lines
07-20 15:28:06.529  1197  1367 I chatty  : uid=1000(system) android.anim expire 19 lines
07-20 15:28:06.563  1197  3685 I chatty  : uid=1000(system) Binder:1197_12 expire 33 lines
07-20 15:28:06.566  1197  1223 I chatty  : uid=1000(system) android.ui expire 3 lines
07-20 15:28:06.569  2117  2414 I HwNetworkPolicyManager: getHwUidPolicy uid = 10131 policy = 0
07-20 15:28:06.572  1197  1197 I chatty  : uid=1000 system_server expire 12 lines
07-20 15:28:06.589  1766 15584 I CommandQueue: updateBarBgColor
07-20 15:28:06.590  1766 15584 D CommandQueue: CommandQueue, setBarBackgroundColor
07-20 15:28:06.613  1197  1905 I chatty  : uid=1000(system) Binder:1197_4 expire 1 line
07-20 15:28:06.628  1197  3767 I chatty  : uid=1000(system) Binder:1197_14 expire 12 lines
07-20 15:28:06.646 15037 15037 D ActivityThread: ActivityThread,attachApplication
07-20 15:28:06.647  1197  1231 I chatty  : uid=1000(system) android.display expire 2 lines
07-20 15:28:06.673  1197  2224 I chatty  : uid=1000(system) Binder:1197_9 expire 12 lines
07-20 15:28:06.684  1197  1225 I chatty  : uid=1000(system) ThirdAppHandler expire 2 lines
07-20 15:28:06.710 15057 15057 D ActivityThread: ActivityThread,attachApplication
07-20 15:28:08.459  1197  1650 I chatty  : uid=1000(system) ConnectivitySer expire 10 lines
07-20 15:28:09.079  1197  1234 I chatty  : uid=1000(system) PowerManagerSer expire 1 line
07-20 15:28:09.374  9864  9864 V ActivityThread: ActivityThread,callActivityOnCreate
07-20 15:28:09.390  9864  9864 D ActivityThread: add activity client record, r= ActivityRecord{48f8f2b token=android.os.BinderProxy@e980d28 {com.tencent.mobileqq/com.tencent.mobileqq.activity.PublicFragmentActivity}} token= android.os.BinderProxy@e980d28
07-20 15:28:10.704  9864  9864 V ActivityThread: ActivityThread,callActivityOnCreate
07-20 15:28:10.728  9864  9864 D ActivityThread: add activity client record, r= ActivityRecord{a25ccf4 token=android.os.BinderProxy@d0a8ea6 {com.tencent.mobileqq/com.tencent.mobileqq.activity.ChatActivity}} token= android.os.BinderProxy@d0a8ea6
07-20 15:28:10.852 15319 15319 D ActivityThread: ActivityThread,attachApplication
07-20 15:28:11.314  1197  1392 I chatty  : uid=1000(system) InputReader expire 1 line
07-20 15:28:11.322  1197  1391 I chatty  : uid=1000(system) InputDispatcher expire 2 lines
07-20 15:28:11.343  1197  1720 I chatty  : uid=1000(system) PhotonicModulat expire 167 lines
07-20 15:28:12.485  1197  1391 I chatty  : uid=1000(system) InputDispatcher expire 2 lines
07-20 15:28:12.627  1197  2223 I chatty  : uid=1000(system) Binder:1197_8 expire 13 lines
07-20 15:28:12.662  1197  3976 I chatty  : uid=1000(system) Binder:1197_1A expire 14 lines
07-20 15:28:12.682  1197  1367 I chatty  : uid=1000(system) android.anim expire 11 lines
07-20 15:28:12.739  1197  3685 I chatty  : uid=1000(system) Binder:1197_12 expire 19 lines
07-20 15:28:12.955  9864  9864 D ActivityThread: Remove activity client record, r= ActivityRecord{a25ccf4 token=android.os.BinderProxy@d0a8ea6 {com.tencent.mobileqq/com.tencent.mobileqq.activity.ChatActivity}} token= android.os.BinderProxy@d0a8ea6
07-20 15:28:13.383  1197  1223 I chatty  : uid=1000(system) android.ui expire 2 lines
07-20 15:28:13.386  2117  2414 I HwNetworkPolicyManager: getHwUidPolicy uid = 10131 policy = 0
07-20 15:28:13.401 15057 15057 V ActivityThread: ActivityThread,callActivityOnCreate
07-20 15:28:13.481  1197  3776 I chatty  : uid=1000(system) Binder:1197_16 expire 6 lines
07-20 15:28:13.500  1197  3767 I chatty  : uid=1000(system) Binder:1197_14 expire 14 lines
07-20 15:28:13.525 15057 15057 D ActivityThread: add activity client record, r= ActivityRecord{1f62328 token=android.os.BinderProxy@517ce68 {com.tencent.mobileqq/com.tencent.mobileqq.activity.QQBrowserActivity}} token= android.os.BinderProxy@517ce68
07-20 15:28:14.301  1197  1630 I chatty  : uid=1000(system) NetdConnector expire 2 lines
07-20 15:28:16.342  1197  1720 I chatty  : uid=1000(system) PhotonicModulat expire 30 lines
07-20 15:28:17.246  1197  1234 I chatty  : uid=1000(system) PowerManagerSer expire 16 lines
07-20 15:28:17.599  1197  1223 I chatty  : uid=1000(system) android.ui expire 5 lines
07-20 15:28:30.190  1197  2116 I chatty  : uid=1000(system) watchdog expire 1 line
07-20 15:28:33.033  1197  1374 I chatty  : uid=1000(system) Binder:1197_3 expire 31 lines
07-20 15:28:35.882  1197  2195 I chatty  : uid=1000(system) Binder:1197_7 expire 3 lines
07-20 15:28:36.974  1197  2579 I chatty  : uid=1000(system) Binder:1197_C expire 26 lines
07-20 15:28:38.894  1197  1392 I chatty  : uid=1000(system) InputReader expire 3 lines
07-20 15:28:38.912  1197  1391 I chatty  : uid=1000(system) InputDispatcher expire 6 lines
07-20 15:28:39.228  2117  2414 I HwNetworkPolicyManager: getHwUidPolicy uid = 10131 policy = 0
07-20 15:28:39.254  1197  1367 I chatty  : uid=1000(system) android.anim expire 18 lines
07-20 15:28:39.624  9864  9864 W ViewRootImpl[SplashActivity]: Cancelling event due to no window focus: KeyEvent { action=ACTION_UP, keyCode=KEYCODE_BACK, scanCode=158, metaState=0, flags=0x28, hwFlags=0x1e, repeatCount=0, eventTime=23925981, downTime=23925973, deviceId=6, source=0x101 }
07-20 15:28:39.624  9864  9864 I chatty  : uid=10131(u0_a131) com.tencent.mobileqq identical 5 lines
07-20 15:28:39.624  9864  9864 W ViewRootImpl[SplashActivity]: Cancelling event due to no window focus: KeyEvent { action=ACTION_UP, keyCode=KEYCODE_BACK, scanCode=158, metaState=0, flags=0x28, hwFlags=0x1e, repeatCount=0, eventTime=23925981, downTime=23925973, deviceId=6, source=0x101 }
07-20 15:28:39.647  9864  9864 W ViewRootImpl[SplashActivity]: Cancelling event due to no window focus: KeyEvent { action=ACTION_UP, keyCode=KEYCODE_BACK, scanCode=158, metaState=0, flags=0x28, hwFlags=0x1e, repeatCount=0, eventTime=23925981, downTime=23925973, deviceId=6, source=0x101 }
07-20 15:28:39.647  9864  9864 W ViewRootImpl[SplashActivity]: Cancelling event due to no window focus: KeyEvent { action=ACTION_UP, keyCode=KEYCODE_BACK, scanCode=158, metaState=0, flags=0x28, hwFlags=0x1e, repeatCount=0, eventTime=23925981, downTime=23925973, deviceId=6, source=0x101 }
07-20 15:28:39.653  2117  2414 I HwNetworkPolicyManager: getHwUidPolicy uid = 10058 policy = 0
07-20 15:28:39.656  1197  3976 I chatty  : uid=1000(system) Binder:1197_1A expire 11 lines
07-20 15:28:39.657  1766  2141 I CommandQueue: updateBarBgColor
07-20 15:28:39.657  1766  2141 D CommandQueue: CommandQueue, setBarBackgroundColor
07-20 15:28:39.668  3986  3986 W ViewRootImpl[UniHomeLauncher]: Cancelling event due to no window focus: KeyEvent { action=ACTION_UP, keyCode=KEYCODE_BACK, scanCode=158, metaState=0, flags=0x28, hwFlags=0x0, repeatCount=0, eventTime=23926023, downTime=23925973, deviceId=6, source=0x101 }
07-20 15:28:39.669  3986  3986 I chatty  : uid=10058(u0_a58) com.huawei.android.launcher identical 7 lines
07-20 15:28:39.669  3986  3986 W ViewRootImpl[UniHomeLauncher]: Cancelling event due to no window focus: KeyEvent { action=ACTION_UP, keyCode=KEYCODE_BACK, scanCode=158, metaState=0, flags=0x28, hwFlags=0x0, repeatCount=0, eventTime=23926023, downTime=23925973, deviceId=6, source=0x101 }
07-20 15:28:39.968  9864  9864 D ActivityThread: Remove activity client record, r= ActivityRecord{48f8f2b token=android.os.BinderProxy@e980d28 {com.tencent.mobileqq/com.tencent.mobileqq.activity.PublicFragmentActivity}} token= android.os.BinderProxy@e980d28
07-20 15:28:40.005 15057 15057 D ActivityThread: Remove activity client record, r= ActivityRecord{1f62328 token=android.os.BinderProxy@517ce68 {com.tencent.mobileqq/com.tencent.mobileqq.activity.QQBrowserActivity}} token= android.os.BinderProxy@517ce68
07-20 15:28:40.163  1197  1720 I chatty  : uid=1000(system) PhotonicModulat expire 60 lines
07-20 15:28:40.985  1197  2580 I chatty  : uid=1000(system) Binder:1197_D expire 2 lines
07-20 15:28:41.098  3986  3986 V ActivityThread: Finishing stop of ActivityRecord{d5bd12d token=android.os.BinderProxy@225b823 {com.huawei.android.launcher/com.huawei.android.launcher.unihome.UniHomeLauncher}}
07-20 15:28:41.113  1197  1377 I chatty  : uid=1000(system) fingerprintServ expire 10 lines
07-20 15:28:41.160  1197  1246 I chatty  : uid=1000(system) HwBinder:1197_1 expire 1 line
07-20 15:28:41.162  1766  1766 W FingerprintManager: Invalid acquired message: 6, 1001
07-20 15:28:41.181  1197  2223 I chatty  : uid=1000(system) Binder:1197_8 expire 6 lines
07-20 15:28:41.217  1197  1197 I chatty  : uid=1000 system_server expire 19 lines
07-20 15:28:41.225  1197  1231 I chatty  : uid=1000(system) android.display expire 13 lines
07-20 15:28:41.235  1197  3686 I chatty  : uid=1000(system) Binder:1197_13 expire 3 lines
07-20 15:28:41.248  1197  1374 I chatty  : uid=1000(system) Binder:1197_3 expire 6 lines
07-20 15:28:41.249  1197  2195 I chatty  : uid=1000(system) Binder:1197_7 expire 3 lines
07-20 15:28:41.250  1766  1766 V KeyguardViewMediator: updateInputRestrictedLocked 1 isInputApp = false, inputRestricted = true
07-20 15:28:41.271  1197  1647 I chatty  : uid=1000(system) WifiP2pService expire 3 lines
07-20 15:28:41.297  1197  1630 I chatty  : uid=1000(system) NetdConnector expire 10 lines
07-20 15:28:41.307  1766  1766 V KeyguardStatusView: refresh statusview showing:true
07-20 15:28:41.310  1766  1766 V KeyguardDisplayManager: show
07-20 15:28:41.311  1197  3975 I chatty  : uid=1000(system) Binder:1197_19 expire 1 line
07-20 15:28:41.318  2150  2482 D AntiBruteForceProcessor: RemainingAuthenticateNum = 5
07-20 15:28:41.325  1197  3976 I chatty  : uid=1000(system) Binder:1197_1A expire 32 lines
07-20 15:28:41.327  1197  2580 I chatty  : uid=1000(system) Binder:1197_D expire 27 lines
07-20 15:28:41.401  1197  2223 I chatty  : uid=1000(system) Binder:1197_8 expire 3 lines
07-20 15:28:41.426  1197  1223 I chatty  : uid=1000(system) android.ui expire 3 lines
07-20 15:28:41.569  1197  1234 I chatty  : uid=1000(system) PowerManagerSer expire 5 lines
07-20 15:28:41.600  3986  3986 V ActivityThread: Handle window ActivityRecord{d5bd12d token=android.os.BinderProxy@225b823 {com.huawei.android.launcher/com.huawei.android.launcher.unihome.UniHomeLauncher}} visibility: false
07-20 15:28:41.747  1197  1367 I chatty  : uid=1000(system) android.anim expire 7 lines
07-20 15:28:41.834  1197  2760 I chatty  : uid=1000(system) HwDeviceUsageCo expire 1 line
07-20 15:28:42.213  2936  7628 W ContextImpl: Calling a method in the system process without a qualified user: android.app.ContextImpl.bindService:1736 android.content.ContextWrapper.bindService:678 com.huawei.nb.dataservice.dsclient.RemoteServiceConnection.open:90 com.huawei.nb.dataservice.dsclient.DataServiceProxy.connect:105 com.huawei.nb.dataservice.rsclient.internal.RemoteRuleService.start:27 
07-20 15:28:42.699  9977  9977 V ActivityThread: ActivityThread,callActivityOnCreate
07-20 15:28:42.717  2117  2414 I HwNetworkPolicyManager: getHwUidPolicy uid = 10132 policy = 0
07-20 15:28:42.740  1197  1222 I chatty  : uid=1000(system) ActivityManager expire 6 lines
07-20 15:28:42.816  9977  9977 D ActivityThread: add activity client record, r= ActivityRecord{ee06d04 token=android.os.BinderProxy@4b90f10 {com.tencent.qqmusic/com.tencent.qqmusic.business.lockscreennew.LockScreenActivity}} token= android.os.BinderProxy@4b90f10
07-20 15:28:42.857  9977  9977 V ActivityThread: Handle window ActivityRecord{ee06d04 token=android.os.BinderProxy@4b90f10 {com.tencent.qqmusic/com.tencent.qqmusic.business.lockscreennew.LockScreenActivity}} visibility: true
07-20 15:28:42.858  9977  9977 V ActivityThread: Finishing stop of ActivityRecord{ee06d04 token=android.os.BinderProxy@4b90f10 {com.tencent.qqmusic/com.tencent.qqmusic.business.lockscreennew.LockScreenActivity}}
07-20 15:28:42.877  1766  9096 I CommandQueue: updateBarBgColor
07-20 15:28:42.877  1766  9096 D CommandQueue: CommandQueue, setBarBackgroundColor
07-20 15:28:44.255  1197  2171 I chatty  : uid=1000(system) MultiTaskManage expire 15 lines
07-20 15:28:44.326  2150  2150 I HwCoreAppHelperService: LocalReceiver receives:android.intent.action.PACKAGE_RESTARTED,pkg:com.sina.weibo,uid:10097
07-20 15:28:44.342  1197  1906 I chatty  : uid=1000(system) Binder:1197_5 expire 3 lines
07-20 15:28:44.342  1197  1650 I chatty  : uid=1000(system) ConnectivitySer expire 10 lines
07-20 15:28:44.356  1197  3009 I chatty  : uid=1000(system) Binder:1197_10 expire 1 line
07-20 15:28:44.397  1197 10361 I chatty  : uid=1000(system) Binder:1197_20 expire 1 line
07-20 15:28:44.428  1197 10219 I chatty  : uid=1000(system) Binder:1197_1D expire 26 lines
07-20 15:29:00.192  1197  2116 I chatty  : uid=1000(system) watchdog expire 3 lines
07-20 15:29:11.879   494   629 W SocketListener: sending broadcast to Pid = 1197, Uid = 1000 
07-20 15:29:11.883  1197  1229 I chatty  : uid=1000(system) android.fg expire 4 lines
07-20 15:29:11.894  1197 10219 I chatty  : uid=1000(system) Binder:1197_1D expire 10 lines
07-20 15:29:11.911  1197  1227 I chatty  : uid=1000(system) batterystats-sy expire 2 lines
07-20 15:29:12.864   494   629 W SocketListener: sending broadcast to Pid = 1197, Uid = 1000 
07-20 15:29:13.852  1197  3976 I chatty  : uid=1000(system) Binder:1197_1A expire 4 lines
07-20 15:29:26.645  1197  1197 I chatty  : uid=1000 system_server expire 2 lines
07-20 15:29:29.984  1197  3974 I chatty  : uid=1000(system) Binder:1197_18 expire 4 lines
07-20 15:29:44.264  1197  1219 I chatty  : uid=1000(system) android.bg expire 1 line
07-20 15:30:04.263   494   629 W SocketListener: sending broadcast to Pid = 1197, Uid = 1000 
07-20 15:30:04.264  1197  1630 I chatty  : uid=1000(system) NetdConnector expire 10 lines
07-20 15:30:09.418   494   629 W SocketListener: sending broadcast to Pid = 1197, Uid = 1000 
07-20 15:30:19.588   494   629 W SocketListener: sending broadcast to Pid = 1197, Uid = 1000 
07-20 15:30:19.597  1197  1229 I chatty  : uid=1000(system) android.fg expire 10 lines
07-20 15:30:19.606  1197  3974 I chatty  : uid=1000(system) Binder:1197_18 expire 6 lines
07-20 15:30:19.618  1197  1227 I chatty  : uid=1000(system) batterystats-sy expire 5 lines
07-20 15:30:30.198  1197  2116 I chatty  : uid=1000(system) watchdog expire 4 lines
07-20 15:30:42.854   494   629 W SocketListener: sending broadcast to Pid = 1197, Uid = 1000 
07-20 15:30:53.060   494   629 W SocketListener: sending broadcast to Pid = 1197, Uid = 1000 
07-20 15:30:53.288  1197  1197 I chatty  : uid=1000 system_server expire 22 lines
07-20 15:30:53.296  1197  1226 I chatty  : uid=1000(system) keyAppHanderThr expire 3 lines
07-20 15:30:53.298  1197  1222 I chatty  : uid=1000(system) ActivityManager expire 6 lines
07-20 15:30:53.377  1197  3976 I chatty  : uid=1000(system) Binder:1197_1A expire 6 lines
07-20 15:30:53.463  1197 10219 I chatty  : uid=1000(system) Binder:1197_1D expire 5 lines
07-20 15:30:53.500  1197 10361 I chatty  : uid=1000(system) Binder:1197_20 expire 18 lines
07-20 15:30:53.510  1197  3009 I chatty  : uid=1000(system) Binder:1197_10 expire 11 lines
07-20 15:30:53.548 15619 15619 D ActivityThread: ActivityThread,attachApplication
07-20 15:30:53.563   494   629 W SocketListener: sending broadcast to Pid = 1197, Uid = 1000 
07-20 15:30:53.565  1197  1630 I chatty  : uid=1000(system) NetdConnector expire 10 lines
07-20 15:30:53.724  1197  2276 I chatty  : uid=1000(system) Binder:1197_B expire 11 lines
07-20 15:30:53.735  1197  1906 I chatty  : uid=1000(system) Binder:1197_5 expire 3 lines
07-20 15:31:04.551   494   629 W SocketListener: sending broadcast to Pid = 1197, Uid = 1000 
07-20 15:31:04.573  1197  3009 I chatty  : uid=1000(system) Binder:1197_10 expire 11 lines
07-20 15:31:08.540  1197  1234 I chatty  : uid=1000(system) PowerManagerSer expire 12 lines
07-20 15:31:08.572  1197 10361 I chatty  : uid=1000(system) Binder:1197_20 expire 12 lines
07-20 15:31:14.192   494   629 W SocketListener: sending broadcast to Pid = 1197, Uid = 1000 
07-20 15:31:36.453   494   629 W SocketListener: sending broadcast to Pid = 1197, Uid = 1000 
07-20 15:31:36.473  1197  3009 I chatty  : uid=1000(system) Binder:1197_10 expire 3 lines
07-20 15:31:39.006   494   629 W SocketListener: sending broadcast to Pid = 1197, Uid = 1000 
07-20 15:31:49.862   494   629 W SocketListener: sending broadcast to Pid = 1197, Uid = 1000 
07-20 15:31:49.865  1197  1630 I chatty  : uid=1000(system) NetdConnector expire 4 lines
07-20 15:32:13.667   494   629 W SocketListener: sending broadcast to Pid = 1197, Uid = 1000 
07-20 15:32:14.353  1197  1392 I chatty  : uid=1000(system) InputReader expire 8 lines
07-20 15:32:14.365  1197  1377 I chatty  : uid=1000(system) fingerprintServ expire 6 lines
07-20 15:32:14.400  1197  1246 I chatty  : uid=1000(system) HwBinder:1197_1 expire 1 line
07-20 15:32:14.496  1197  1720 I chatty  : uid=1000(system) PhotonicModulat expire 2 lines
07-20 15:32:14.497  1197  1231 I chatty  : uid=1000(system) android.display expire 4 lines
07-20 15:32:14.508  1197  1367 I chatty  : uid=1000(system) android.anim expire 3 lines
07-20 15:32:14.510  1197  1394 I chatty  : uid=1000(system) StorageManagerS expire 2 lines
07-20 15:32:14.511   428   436 I vold    : TrimTask running tasks: 0
07-20 15:32:14.512  1197  1397 I chatty  : uid=1000(system) VoldConnector expire 1 line
07-20 15:32:14.514  1197  2843 I chatty  : uid=1000(system) Binder:1197_E expire 9 lines
07-20 15:32:14.522  1197  1647 I chatty  : uid=1000(system) WifiP2pService expire 3 lines
07-20 15:32:14.541  1197  1234 I chatty  : uid=1000(system) PowerManagerSer expire 8 lines
07-20 15:32:14.568  1197 10361 I chatty  : uid=1000(system) Binder:1197_20 expire 4 lines
07-20 15:32:14.702  1197  1223 I chatty  : uid=1000(system) android.ui expire 1 line
07-20 15:32:14.783  2936  2993 W SettingsEx: SettingsEx.Systemex.getInt deprecated use Settings.System.getInt instead ;callers=com.huawei.recsys.util.SystemUtil.getNotificationUpdateMode:169 com.huawei.recsys.util.SystemUtil.isAllowUpdate:104 com.huawei.recsys.controller.notification.http.NotificationUpdateController.startNotificationUpdate:85 
07-20 15:32:14.815  1197  2276 I chatty  : uid=1000(system) Binder:1197_B expire 1 line
07-20 15:32:14.828  2936 11786 W ContextImpl: Calling a method in the system process without a qualified user: android.app.ContextImpl.bindService:1736 android.content.ContextWrapper.bindService:678 com.huawei.nb.dataservice.dsclient.RemoteServiceConnection.open:90 com.huawei.nb.dataservice.dsclient.DataServiceProxy.connect:105 com.huawei.nb.dataservice.rsclient.internal.RemoteRuleService.start:27 
07-20 15:32:14.863  2936  2993 W SettingsEx: SettingsEx.Systemex.getInt deprecated use Settings.System.getInt instead ;callers=com.huawei.recsys.util.SystemUtil.getNotificationUpdateMode:169 com.huawei.recsys.util.SystemUtil.isAllowUpdate:104 com.huawei.recsys.controller.notification.http.NotificationUpdateController.startNotificationUpdate:85 
07-20 15:32:14.874  1197  1197 I chatty  : uid=1000 system_server expire 2 lines
07-20 15:32:15.922  1197  1391 I chatty  : uid=1000(system) InputDispatcher expire 7 lines
07-20 15:32:15.968  1197 10361 I chatty  : uid=1000(system) Binder:1197_20 expire 13 lines
07-20 15:32:15.984  1197  2276 I chatty  : uid=1000(system) Binder:1197_B expire 15 lines
07-20 15:32:16.015  1197  3976 I chatty  : uid=1000(system) Binder:1197_1A expire 1 line
07-20 15:32:16.025  1766  1766 V KeyguardStatusView: refresh statusview showing:true
07-20 15:32:16.028  1197  1377 I chatty  : uid=1000(system) fingerprintServ expire 10 lines
07-20 15:32:16.052  1197  1246 I chatty  : uid=1000(system) HwBinder:1197_1 expire 2 lines
07-20 15:32:16.070  1197  1223 I chatty  : uid=1000(system) android.ui expire 8 lines
07-20 15:32:16.078  1197  3974 I chatty  : uid=1000(system) Binder:1197_18 expire 10 lines
07-20 15:32:16.078  2117  2414 I HwNetworkPolicyManager: getHwUidPolicy uid = 10058 policy = 0
07-20 15:32:16.084  1197  1222 I chatty  : uid=1000(system) ActivityManager expire 5 lines
07-20 15:32:16.103  1766  1766 W FingerprintManager: Invalid acquired message: 6, 1001
07-20 15:32:16.440  1197  1367 I chatty  : uid=1000(system) android.anim expire 9 lines
07-20 15:32:23.930  1197  1234 I chatty  : uid=1000(system) PowerManagerSer expire 26 lines
07-20 15:32:26.148   494   629 W SocketListener: sending broadcast to Pid = 1197, Uid = 1000 
07-20 15:32:26.150  1197  1630 I chatty  : uid=1000(system) NetdConnector expire 4 lines
07-20 15:32:26.152  1197  1229 I chatty  : uid=1000(system) android.fg expire 2 lines
07-20 15:32:26.172  1197  1720 I chatty  : uid=1000(system) PhotonicModulat expire 4 lines
07-20 15:32:26.175  1197  2225 I chatty  : uid=1000(system) Binder:1197_A expire 15 lines
07-20 15:32:26.191  1197  1227 I chatty  : uid=1000(system) batterystats-sy expire 1 line
07-20 15:32:26.198  1197  3682 I chatty  : uid=1000(system) Binder:1197_11 expire 1 line
07-20 15:32:26.199  1197  1231 I chatty  : uid=1000(system) android.display expire 7 lines
07-20 15:32:26.225  1197  1197 I chatty  : uid=1000 system_server expire 32 lines
07-20 15:32:26.231  1197  2845 I chatty  : uid=1000(system) Binder:1197_F expire 3 lines
07-20 15:32:26.306  1197  1647 I chatty  : uid=1000(system) WifiP2pService expire 6 lines
07-20 15:32:26.450  1197  2760 I chatty  : uid=1000(system) HwDeviceUsageCo expire 1 line
07-20 15:32:26.731  2936 11788 W ContextImpl: Calling a method in the system process without a qualified user: android.app.ContextImpl.bindService:1736 android.content.ContextWrapper.bindService:678 com.huawei.nb.dataservice.dsclient.RemoteServiceConnection.open:90 com.huawei.nb.dataservice.dsclient.DataServiceProxy.connect:105 com.huawei.nb.dataservice.rsclient.internal.RemoteRuleService.start:27 
07-20 15:32:26.877  1197  3974 I chatty  : uid=1000(system) Binder:1197_18 expire 15 lines
07-20 15:32:26.934  2117  2414 I HwNetworkPolicyManager: getHwUidPolicy uid = 10132 policy = 0
07-20 15:32:26.948   494   629 W SocketListener: sending broadcast to Pid = 1197, Uid = 1000 
07-20 15:32:26.999  9977  9977 V ActivityThread: Finishing stop of ActivityRecord{ee06d04 token=android.os.BinderProxy@4b90f10 {com.tencent.qqmusic/com.tencent.qqmusic.business.lockscreennew.LockScreenActivity}}
07-20 15:32:30.209  1197  2116 I chatty  : uid=1000(system) watchdog expire 1 line
07-20 15:32:34.394  1197  1392 I chatty  : uid=1000(system) InputReader expire 8 lines
07-20 15:32:34.407  1197  1377 I chatty  : uid=1000(system) fingerprintServ expire 6 lines
07-20 15:32:34.416  1197  2843 I chatty  : uid=1000(system) Binder:1197_E expire 7 lines
07-20 15:32:34.492  1197  1394 I chatty  : uid=1000(system) StorageManagerS expire 2 lines
07-20 15:32:34.495   428   436 I vold    : TrimTask running tasks: 0
07-20 15:32:34.496  1197  1397 I chatty  : uid=1000(system) VoldConnector expire 1 line
07-20 15:32:34.507  1197  1211 I chatty  : uid=1000(system) Binder:1197_2 expire 1 line
07-20 15:32:34.541  1197 10361 I chatty  : uid=1000(system) Binder:1197_20 expire 3 lines
07-20 15:32:34.582  1197  1234 I chatty  : uid=1000(system) PowerManagerSer expire 26 lines
07-20 15:32:34.743  1197  1197 I chatty  : uid=1000 system_server expire 16 lines
07-20 15:32:34.744  1197  1367 I chatty  : uid=1000(system) android.anim expire 4 lines
07-20 15:32:34.746  1197  2843 I chatty  : uid=1000(system) Binder:1197_E expire 5 lines
07-20 15:32:34.753  1197 10361 I chatty  : uid=1000(system) Binder:1197_20 expire 6 lines
07-20 15:32:34.794  2936  2960 W SettingsEx: SettingsEx.Systemex.getInt deprecated use Settings.System.getInt instead ;callers=com.huawei.recsys.util.SystemUtil.getNotificationUpdateMode:169 com.huawei.recsys.util.SystemUtil.isAllowUpdate:104 com.huawei.recsys.controller.notification.http.NotificationUpdateController.startNotificationUpdate:85 
07-20 15:32:34.799  1197  1222 I chatty  : uid=1000(system) ActivityManager expire 15 lines
07-20 15:32:34.829  2936 15328 W ContextImpl: Calling a method in the system process without a qualified user: android.app.ContextImpl.bindService:1736 android.content.ContextWrapper.bindService:678 com.huawei.nb.dataservice.dsclient.RemoteServiceConnection.open:90 com.huawei.nb.dataservice.dsclient.DataServiceProxy.connect:105 com.huawei.nb.dataservice.rsclient.internal.RemoteRuleService.start:27 
07-20 15:32:34.835  1197  1211 I chatty  : uid=1000(system) Binder:1197_2 expire 2 lines
07-20 15:32:34.839  1197  3976 I chatty  : uid=1000(system) Binder:1197_1A expire 12 lines
07-20 15:32:34.874  2936  2993 W SettingsEx: SettingsEx.Systemex.getInt deprecated use Settings.System.getInt instead ;callers=com.huawei.recsys.util.SystemUtil.getNotificationUpdateMode:169 com.huawei.recsys.util.SystemUtil.isAllowUpdate:104 com.huawei.recsys.controller.notification.http.NotificationUpdateController.startNotificationUpdate:85 
07-20 15:32:36.008  1197  1720 I chatty  : uid=1000(system) PhotonicModulat expire 32 lines
07-20 15:32:39.545  1197  1223 I chatty  : uid=1000(system) android.ui expire 2 lines
07-20 15:32:44.494  1197  2225 I chatty  : uid=1000(system) Binder:1197_A expire 5 lines
07-20 15:32:44.513  1197  1377 I chatty  : uid=1000(system) fingerprintServ expire 10 lines
07-20 15:32:44.527  9977  9977 V ActivityThread: Finishing stop of ActivityRecord{ee06d04 token=android.os.BinderProxy@4b90f10 {com.tencent.qqmusic/com.tencent.qqmusic.business.lockscreennew.LockScreenActivity}}
07-20 15:32:44.604  1197  1231 I chatty  : uid=1000(system) android.display expire 7 lines
07-20 15:32:44.701  1197  1246 I chatty  : uid=1000(system) HwBinder:1197_1 expire 2 lines
07-20 15:32:44.743  1197  3974 I chatty  : uid=1000(system) Binder:1197_18 expire 17 lines
07-20 15:32:44.753  1766  1766 W FingerprintManager: Invalid acquired message: 6, 1001
07-20 15:32:44.768  1197  1647 I chatty  : uid=1000(system) WifiP2pService expire 3 lines
07-20 15:32:44.874  1197  2760 I chatty  : uid=1000(system) HwDeviceUsageCo expire 1 line
07-20 15:32:45.065  1197  1234 I chatty  : uid=1000(system) PowerManagerSer expire 4 lines
07-20 15:32:45.172  2936 15370 W ContextImpl: Calling a method in the system process without a qualified user: android.app.ContextImpl.bindService:1736 android.content.ContextWrapper.bindService:678 com.huawei.nb.dataservice.dsclient.RemoteServiceConnection.open:90 com.huawei.nb.dataservice.dsclient.DataServiceProxy.connect:105 com.huawei.nb.dataservice.rsclient.internal.RemoteRuleService.start:27 
07-20 15:32:45.208  1197  1222 I chatty  : uid=1000(system) ActivityManager expire 17 lines
07-20 15:32:45.265  1197  2276 I chatty  : uid=1000(system) Binder:1197_B expire 7 lines
07-20 15:32:45.325  9977  9977 V ActivityThread: Finishing stop of ActivityRecord{ee06d04 token=android.os.BinderProxy@4b90f10 {com.tencent.qqmusic/com.tencent.qqmusic.business.lockscreennew.LockScreenActivity}}
07-20 15:32:52.450  2936  2948 W SettingsEx: SettingsEx.Systemex.getInt deprecated use Settings.System.getInt instead ;callers=com.huawei.recsys.util.SystemUtil.getNotificationUpdateMode:169 com.huawei.recsys.util.SystemUtil.isAllowUpdate:104 com.huawei.recsys.controller.notification.http.NotificationUpdateController.startNotificationUpdate:85 
07-20 15:32:52.602  2936  2948 I chatty  : uid=1000(system) Binder:2936_2 identical 4 lines
07-20 15:32:52.669  2936  2948 W SettingsEx: SettingsEx.Systemex.getInt deprecated use Settings.System.getInt instead ;callers=com.huawei.recsys.util.SystemUtil.getNotificationUpdateMode:169 com.huawei.recsys.util.SystemUtil.isAllowUpdate:104 com.huawei.recsys.controller.notification.http.NotificationUpdateController.startNotificationUpdate:85 
07-20 15:32:52.707   494   631 W SocketListener: sending broadcast to Pid = 1197, Uid = 1000 
07-20 15:32:52.708  1197  1630 I chatty  : uid=1000(system) NetdConnector expire 10 lines
07-20 15:32:52.710  1197  1229 I chatty  : uid=1000(system) android.fg expire 5 lines
07-20 15:32:52.713  1197  2845 I chatty  : uid=1000(system) Binder:1197_F expire 4 lines
07-20 15:32:52.717  1197  1631 I chatty  : uid=1000(system) NetworkStats expire 5 lines
07-20 15:32:52.759  1197  2224 I chatty  : uid=1000(system) Binder:1197_9 expire 7 lines
07-20 15:33:00.211  1197  2116 I chatty  : uid=1000(system) watchdog expire 5 lines
07-20 15:33:03.047   494   629 W SocketListener: sending broadcast to Pid = 1197, Uid = 1000 
07-20 15:33:03.075  1197  1227 I chatty  : uid=1000(system) batterystats-sy expire 2 lines
07-20 15:34:03.087  1197  1197 I chatty  : uid=1000 system_server expire 9 lines
07-20 15:34:07.964   494   629 W SocketListener: sending broadcast to Pid = 1197, Uid = 1000 
07-20 15:34:23.798  2936  2948 W SettingsEx: SettingsEx.Systemex.getInt deprecated use Settings.System.getInt instead ;callers=com.huawei.recsys.util.SystemUtil.getNotificationUpdateMode:169 com.huawei.recsys.util.SystemUtil.isAllowUpdate:104 com.huawei.recsys.controller.notification.http.NotificationUpdateController.startNotificationUpdate:85 
07-20 15:34:24.116  2936  2948 W SettingsEx: SettingsEx.Systemex.getInt deprecated use Settings.System.getInt instead ;callers=com.huawei.recsys.util.SystemUtil.getNotificationUpdateMode:169 com.huawei.recsys.util.SystemUtil.isAllowUpdate:104 com.huawei.recsys.controller.notification.http.NotificationUpdateController.startNotificationUpdate:85 
07-20 15:34:34.375   494   629 W SocketListener: sending broadcast to Pid = 1197, Uid = 1000 
07-20 15:34:34.378  1197  1630 I chatty  : uid=1000(system) NetdConnector expire 4 lines
07-20 15:35:09.066   494   629 W SocketListener: sending broadcast to Pid = 1197, Uid = 1000 
07-20 15:35:09.676  1197  3009 I chatty  : uid=1000(system) Binder:1197_10 expire 1 line
07-20 15:35:12.467   739   804 E /system/bin/storaged: pid_info get_pids failed
07-20 15:35:14.327  1197  1377 I chatty  : uid=1000(system) fingerprintServ expire 2 lines
07-20 15:35:14.330  1197  3974 I chatty  : uid=1000(system) Binder:1197_18 expire 9 lines
07-20 15:35:14.336  1197  3976 I chatty  : uid=1000(system) Binder:1197_1A expire 2 lines
07-20 15:35:14.336  1766  1766 W FingerprintManager: Invalid acquired message: 6, 1002
07-20 15:35:14.355  1197  1720 I chatty  : uid=1000(system) PhotonicModulat expire 2 lines
07-20 15:35:14.357  1197  1197 I chatty  : uid=1000 system_server expire 29 lines
07-20 15:35:14.358  1197  1367 I chatty  : uid=1000(system) android.anim expire 6 lines
07-20 15:35:14.361  1197  3974 I chatty  : uid=1000(system) Binder:1197_18 expire 15 lines
07-20 15:35:14.365  1197  2845 I chatty  : uid=1000(system) Binder:1197_F expire 17 lines
07-20 15:35:14.365  1197  3976 I chatty  : uid=1000(system) Binder:1197_1A expire 24 lines
07-20 15:35:14.388  1197  1630 I chatty  : uid=1000(system) NetdConnector expire 10 lines
07-20 15:35:14.448  1197  1246 I chatty  : uid=1000(system) HwBinder:1197_1 expire 2 lines
07-20 15:35:14.448  1197  1377 I chatty  : uid=1000(system) fingerprintServ expire 6 lines
07-20 15:35:14.508  1197  1234 I chatty  : uid=1000(system) PowerManagerSer expire 13 lines
07-20 15:35:14.546  1197  1231 I chatty  : uid=1000(system) android.display expire 3 lines
07-20 15:35:14.546  1197  1223 I chatty  : uid=1000(system) android.ui expire 3 lines
07-20 15:35:14.626  1766  1766 V KeyguardDisplayManager: hide
07-20 15:35:14.627  1766  1766 V KeyguardViewMediator: updateInputRestrictedLocked 1 isInputApp = false, inputRestricted = false
07-20 15:35:14.628  3986  3986 V ActivityThread: Handle window ActivityRecord{d5bd12d token=android.os.BinderProxy@225b823 {com.huawei.android.launcher/com.huawei.android.launcher.unihome.UniHomeLauncher}} visibility: true
07-20 15:35:14.632  1197  3009 I chatty  : uid=1000(system) Binder:1197_10 expire 19 lines
07-20 15:35:14.635  2150 15696 D FaceRecognizeService: resetTimeout begin!
07-20 15:35:14.636  2150  2447 E FaceRecognizeService: handleMessage EVT = 1002
07-20 15:35:14.636  2150  2447 D AntiBruteForceProcessor: Reset facerecognize lockout, clearAttemptCounter=true
07-20 15:35:14.637  2150  2447 D AntiBruteForceProcessor: resetTotalFailedTimes current total times = 0
07-20 15:35:14.684  1197  3685 I chatty  : uid=1000(system) Binder:1197_12 expire 3 lines
07-20 15:35:14.684  2117  2414 I HwNetworkPolicyManager: getHwUidPolicy uid = 10058 policy = 0
07-20 15:35:14.728  1197  2224 I chatty  : uid=1000(system) Binder:1197_9 expire 10 lines
07-20 15:35:14.736  1197  1394 I chatty  : uid=1000(system) StorageManagerS expire 2 lines
07-20 15:35:14.737   428   436 I vold    : TrimTask running tasks: 0
07-20 15:35:14.738  1197  1397 I chatty  : uid=1000(system) VoldConnector expire 1 line
07-20 15:35:14.744  1197  1647 I chatty  : uid=1000(system) WifiP2pService expire 9 lines
07-20 15:35:14.837  1197 10361 I chatty  : uid=1000(system) Binder:1197_20 expire 7 lines
07-20 15:35:14.844  1197  1222 I chatty  : uid=1000(system) ActivityManager expire 6 lines
07-20 15:35:14.845  1197  1211 I chatty  : uid=1000(system) Binder:1197_2 expire 6 lines
07-20 15:35:14.855  1197  2843 I chatty  : uid=1000(system) Binder:1197_E expire 8 lines
07-20 15:35:14.855  1766 15584 I CommandQueue: updateBarBgColor
07-20 15:35:14.856  1766 15584 D CommandQueue: CommandQueue, setBarBackgroundColor
07-20 15:35:14.898  1197  2225 I chatty  : uid=1000(system) Binder:1197_A expire 10 lines
07-20 15:35:14.928  2936  2948 W SettingsEx: SettingsEx.Systemex.getInt deprecated use Settings.System.getInt instead ;callers=com.huawei.recsys.util.SystemUtil.getNotificationUpdateMode:169 com.huawei.recsys.util.SystemUtil.isAllowUpdate:104 com.huawei.recsys.controller.notification.http.NotificationUpdateController.startNotificationUpdate:85 
07-20 15:35:15.013  1197 10340 I chatty  : uid=1000(system) Binder:1197_1F expire 18 lines
07-20 15:35:15.013  9977  9977 D ActivityThread: Remove activity client record, r= ActivityRecord{ee06d04 token=android.os.BinderProxy@4b90f10 {com.tencent.qqmusic/com.tencent.qqmusic.business.lockscreennew.LockScreenActivity}} token= android.os.BinderProxy@4b90f10
07-20 15:35:15.038  1197  2276 I chatty  : uid=1000(system) Binder:1197_B expire 11 lines
07-20 15:35:15.075  2936 15682 W ContextImpl: Calling a method in the system process without a qualified user: android.app.ContextImpl.bindService:1736 android.content.ContextWrapper.bindService:678 com.huawei.nb.dataservice.dsclient.RemoteServiceConnection.open:90 com.huawei.nb.dataservice.dsclient.DataServiceProxy.connect:105 com.huawei.nb.dataservice.rsclient.internal.RemoteRuleService.start:27 
07-20 15:35:15.151 15822 15822 D ActivityThread: ActivityThread,attachApplication
07-20 15:35:15.250  2936  2960 W SettingsEx: SettingsEx.Systemex.getInt deprecated use Settings.System.getInt instead ;callers=com.huawei.recsys.util.SystemUtil.getNotificationUpdateMode:169 com.huawei.recsys.util.SystemUtil.isAllowUpdate:104 com.huawei.recsys.controller.notification.http.NotificationUpdateController.startNotificationUpdate:85 
07-20 15:35:15.423  1197  3009 I chatty  : uid=1000(system) Binder:1197_10 expire 6 lines
07-20 15:35:15.455  1197  3976 I chatty  : uid=1000(system) Binder:1197_1A expire 18 lines
07-20 15:35:15.458  1197  2843 I chatty  : uid=1000(system) Binder:1197_E expire 4 lines
07-20 15:35:15.460  1197  1197 I chatty  : uid=1000 system_server expire 22 lines
07-20 15:35:15.514  2936  2960 W SettingsEx: SettingsEx.Systemex.getInt deprecated use Settings.System.getInt instead ;callers=com.huawei.recsys.util.SystemUtil.getNotificationUpdateMode:169 com.huawei.recsys.util.SystemUtil.isAllowUpdate:104 com.huawei.recsys.controller.notification.http.NotificationUpdateController.startNotificationUpdate:85 
07-20 15:35:15.743  1197 10340 I chatty  : uid=1000(system) Binder:1197_1F expire 3 lines
07-20 15:35:15.763  1197  1367 I chatty  : uid=1000(system) android.anim expire 11 lines
07-20 15:35:15.785  1197  1211 I chatty  : uid=1000(system) Binder:1197_2 expire 18 lines
07-20 15:35:15.794  1197  1223 I chatty  : uid=1000(system) android.ui expire 3 lines
07-20 15:35:15.799  1197  1906 I chatty  : uid=1000(system) Binder:1197_5 expire 12 lines
07-20 15:35:15.799  2117  2414 I HwNetworkPolicyManager: getHwUidPolicy uid = 10122 policy = 0
07-20 15:35:15.826  1766  9096 I CommandQueue: updateBarBgColor
07-20 15:35:15.827  1766  9096 D CommandQueue: CommandQueue, setBarBackgroundColor
07-20 15:35:15.917  1197  1231 I chatty  : uid=1000(system) android.display expire 2 lines
07-20 15:35:15.951  1197  1219 I chatty  : uid=1000(system) android.bg expire 15 lines
07-20 15:35:16.754  1197  3974 I chatty  : uid=1000(system) Binder:1197_18 expire 20 lines
07-20 15:35:18.308  1197  1234 I chatty  : uid=1000(system) PowerManagerSer expire 1 line
07-20 15:35:18.328  1197  1720 I chatty  : uid=1000(system) PhotonicModulat expire 81 lines
07-20 15:35:22.839  1197  1229 I chatty  : uid=1000(system) android.fg expire 1 line
07-20 15:35:23.738  1197  1392 I chatty  : uid=1000(system) InputReader expire 1 line
07-20 15:35:23.751  1197  1391 I chatty  : uid=1000(system) InputDispatcher expire 6 lines
07-20 15:35:24.068  1197  1367 I chatty  : uid=1000(system) android.anim expire 14 lines
07-20 15:35:24.102  1197  1720 I chatty  : uid=1000(system) PhotonicModulat expire 141 lines
07-20 15:35:25.073  1197  3685 I chatty  : uid=1000(system) Binder:1197_12 expire 21 lines
07-20 15:35:25.119  1197  1211 I chatty  : uid=1000(system) Binder:1197_2 expire 16 lines
07-20 15:35:26.482  1197  1234 I chatty  : uid=1000(system) PowerManagerSer expire 2 lines
07-20 15:35:26.882  1197  2845 I chatty  : uid=1000(system) Binder:1197_F expire 2 lines
07-20 15:35:26.920  1197  1223 I chatty  : uid=1000(system) android.ui expire 3 lines
07-20 15:35:26.928  1197 10219 I chatty  : uid=1000(system) Binder:1197_1D expire 12 lines
07-20 15:35:26.928  2117  2414 I HwNetworkPolicyManager: getHwUidPolicy uid = 10058 policy = 0
07-20 15:35:26.930  1197  3776 I chatty  : uid=1000(system) Binder:1197_16 expire 4 lines
07-20 15:35:26.931  1766  9096 I CommandQueue: updateBarBgColor
07-20 15:35:26.931  1766  9096 D CommandQueue: CommandQueue, setBarBackgroundColor
07-20 15:35:26.936  3986  3986 W ViewRootImpl[UniHomeLauncher]: Cancelling event due to no window focus: KeyEvent { action=ACTION_UP, keyCode=KEYCODE_BACK, scanCode=158, metaState=0, flags=0x28, hwFlags=0x0, repeatCount=0, eventTime=24333250, downTime=24333082, deviceId=6, source=0x101 }
07-20 15:35:26.936  3986  3986 I chatty  : uid=10058(u0_a58) com.huawei.android.launcher identical 7 lines
07-20 15:35:26.936  3986  3986 W ViewRootImpl[UniHomeLauncher]: Cancelling event due to no window focus: KeyEvent { action=ACTION_UP, keyCode=KEYCODE_BACK, scanCode=158, metaState=0, flags=0x28, hwFlags=0x0, repeatCount=0, eventTime=24333250, downTime=24333082, deviceId=6, source=0x101 }
07-20 15:35:27.852  1197  2276 I chatty  : uid=1000(system) Binder:1197_B expire 6 lines
07-20 15:35:27.879  2117  2414 I HwNetworkPolicyManager: getHwUidPolicy uid = 10122 policy = 0
07-20 15:35:27.908  1766  9096 I CommandQueue: updateBarBgColor
07-20 15:35:27.908  1766  9096 D CommandQueue: CommandQueue, setBarBackgroundColor
07-20 15:35:27.987  1197  1231 I chatty  : uid=1000(system) android.display expire 2 lines
07-20 15:35:28.069  1197  3009 I chatty  : uid=1000(system) Binder:1197_10 expire 2 lines
07-20 15:35:28.122  1197  1720 I chatty  : uid=1000(system) PhotonicModulat expire 201 lines
07-20 15:35:28.171  1197  1367 I chatty  : uid=1000(system) android.anim expire 5 lines
07-20 15:35:28.871  1197  1211 I chatty  : uid=1000(system) Binder:1197_2 expire 7 lines
