07-20 15:52:57.976  1197  1234 I chatty  : uid=1000(system) PowerManagerSer expire 18 lines
07-20 15:53:01.833  1197  2138 I chatty  : uid=1000(system) LocationThread expire 8 lines
07-20 15:53:01.849  1197 20259 I chatty  : uid=1000 system_server expire 2 lines
07-20 15:53:01.867  1197  1231 I chatty  : uid=1000(system) android.display expire 26 lines
07-20 15:53:02.158  1197  1906 I chatty  : uid=1000(system) Binder:1197_5 expire 20 lines
07-20 15:53:02.891  1197  1395 I chatty  : uid=1000(system) HwBinder:1197_2 expire 1 line
07-20 15:53:04.083  3986  3986 V ActivityThread: Finishing stop of ActivityRecord{d5bd12d token=android.os.BinderProxy@225b823 {com.huawei.android.launcher/com.huawei.android.launcher.unihome.UniHomeLauncher}}
07-20 15:53:04.124  1197  1377 I chatty  : uid=1000(system) fingerprintServ expire 12 lines
07-20 15:53:04.176  1197 10340 I chatty  : uid=1000(system) Binder:1197_1F expire 31 lines
07-20 15:53:04.200  1197  2067 I chatty  : uid=1000(system) HwBinder:1197_4 expire 10 lines
07-20 15:53:04.204  1766  1766 W FingerprintManager: Invalid acquired message: 6, 1001
07-20 15:53:04.205  1197  1720 I chatty  : uid=1000(system) PhotonicModulat expire 10 lines
07-20 15:53:04.362  1197  1647 I chatty  : uid=1000(system) WifiP2pService expire 12 lines
07-20 15:53:04.389  1197  1630 I chatty  : uid=1000(system) NetdConnector expire 12 lines
07-20 15:53:04.448 20314 20314 D ActivityThread: ActivityThread,attachApplication
07-20 15:53:04.452  1197  3775 I chatty  : uid=1000(system) Binder:1197_15 expire 8 lines
07-20 15:53:04.521  1197  2760 I chatty  : uid=1000(system) HwDeviceUsageCo expire 4 lines
07-20 15:53:04.708 20314 20314 W ContextImpl: Calling a method in the system process without a qualified user: android.app.ContextImpl.startService:1656 android.content.ContextWrapper.startService:644 com.huawei.systemmanager.SystemManagerApplication.startMainService:354 com.huawei.systemmanager.SystemManagerApplication.startServices:201 com.huawei.systemmanager.SystemManagerApplication.onCreate:138 
07-20 15:53:04.737 20314 20314 W ContextImpl: Calling a method in the system process without a qualified user: android.app.ContextImpl.startService:1656 android.content.ContextWrapper.startService:644 com.huawei.systemmanager.SystemManagerApplication.startPermissionService:279 com.huawei.systemmanager.SystemManagerApplication.startServices:202 com.huawei.systemmanager.SystemManagerApplication.onCreate:138 
07-20 15:53:04.756 20314 20314 W ContextImpl: Calling a method in the system process without a qualified user: android.app.ContextImpl.startService:1656 android.content.ContextWrapper.startService:644 com.huawei.systemmanager.SystemManagerApplication.startBgStaticsService:300 com.huawei.systemmanager.SystemManagerApplication.startServices:207 com.huawei.systemmanager.SystemManagerApplication.onCreate:138 
07-20 15:53:04.760 20314 20314 W ContextImpl: Calling a method in the system process without a qualified user: android.app.ContextImpl.startService:1656 android.content.ContextWrapper.startService:644 com.huawei.systemmanager.SystemManagerApplication.startDeviceStorageMonitorService:307 com.huawei.systemmanager.SystemManagerApplication.startServices:209 com.huawei.systemmanager.SystemManagerApplication.onCreate:138 
07-20 15:53:04.798 20314 20314 W ContextImpl: Calling a method in the system process without a qualified user: android.app.ContextImpl.startService:1656 android.content.ContextWrapper.startService:644 com.huawei.systemmanager.SystemManagerApplication.startSpaceCleanService:328 com.huawei.systemmanager.SystemManagerApplication.startServices:213 com.huawei.systemmanager.SystemManagerApplication.onCreate:138 
07-20 15:53:04.837 20314 20314 W ContextImpl: Calling a method in the system process without a qualified user: android.app.ContextImpl.startService:1656 android.content.ContextWrapper.startService:644 com.huawei.systemmanager.SystemManagerApplication.startSmartControlResidentService:338 com.huawei.systemmanager.SystemManagerApplication.startServices:216 com.huawei.systemmanager.SystemManagerApplication.onCreate:138 
07-20 15:53:04.845 20314 20314 W ContextImpl: Calling a method in the system process without a qualified user: android.app.ContextImpl.startService:1656 android.content.ContextWrapper.startService:644 com.huawei.systemmanager.SystemManagerApplication.startAntivirusService:343 com.huawei.systemmanager.SystemManagerApplication.startServices:217 com.huawei.systemmanager.SystemManagerApplication.onCreate:138 
07-20 15:53:04.908  2936  7628 W ContextImpl: Calling a method in the system process without a qualified user: android.app.ContextImpl.bindService:1736 android.content.ContextWrapper.bindService:678 com.huawei.nb.dataservice.dsclient.RemoteServiceConnection.open:90 com.huawei.nb.dataservice.dsclient.DataServiceProxy.connect:105 com.huawei.nb.dataservice.rsclient.internal.RemoteRuleService.start:27 
07-20 15:53:04.915 20314 20314 W ContextImpl: Calling a method in the system process without a qualified user: android.app.ContextImpl.startService:1656 android.content.ContextWrapper.startService:644 com.huawei.systemmanager.SystemManagerApplication.startCoreService:238 com.huawei.systemmanager.SystemManagerApplication.startServices:219 com.huawei.systemmanager.SystemManagerApplication.onCreate:138 
07-20 15:53:05.091 20314 20354 W ContextImpl: Calling a method in the system process without a qualified user: android.app.ContextImpl.startService:1656 android.content.ContextWrapper.startService:644 tmsdk.common.TMSDKContext.start:153 tmsdk.common.TMSDKContext.access$000:0 tmsdk.common.TMSDKContext$1.run:0 
07-20 15:53:05.177 20314 20314 W ContextImpl: Calling a method in the system process without a qualified user: android.app.ContextImpl.bindService:1736 android.content.ContextWrapper.bindService:678 com.huawei.systemmanager.hsmstat.HsmStatProxy.bindService:263 com.huawei.systemmanager.hsmstat.HsmStatProxy.-wrap0:0 com.huawei.systemmanager.hsmstat.HsmStatProxy$1.handleMessage:65 
07-20 15:53:05.816  1197  4055 I chatty  : uid=1000(system) Binder:1197_1C expire 1 line
07-20 15:53:09.023  1766  1766 V KeyguardViewMediator: updateInputRestrictedLocked 1 isInputApp = false, inputRestricted = true
07-20 15:53:09.023  1197  1197 I chatty  : uid=1000 system_server expire 18 lines
07-20 15:53:09.165  1766  1766 V KeyguardStatusView: refresh statusview showing:true
07-20 15:53:09.171  1766  1766 V KeyguardDisplayManager: show
07-20 15:53:09.185  2150  5309 D AntiBruteForceProcessor: RemainingAuthenticateNum = 5
07-20 15:53:09.230  3986  3986 V ActivityThread: Handle window ActivityRecord{d5bd12d token=android.os.BinderProxy@225b823 {com.huawei.android.launcher/com.huawei.android.launcher.unihome.UniHomeLauncher}} visibility: false
07-20 15:53:09.302  1197  2843 I chatty  : uid=1000(system) Binder:1197_E expire 1 line
07-20 15:53:09.932  1197  3976 I chatty  : uid=1000(system) Binder:1197_1A expire 14 lines
07-20 15:53:21.990  1197  1650 I chatty  : uid=1000(system) ConnectivitySer expire 5 lines
07-20 15:53:43.530  1197  3776 I chatty  : uid=1000(system) Binder:1197_16 expire 14 lines
07-20 15:54:03.306  1197  2580 I chatty  : uid=1000(system) Binder:1197_D expire 17 lines
07-20 15:54:41.239  1197  1234 I chatty  : uid=1000(system) PowerManagerSer expire 90 lines
07-20 15:54:41.242  1766  1766 W FingerprintManager: Invalid acquired message: 6, 1002
07-20 15:54:41.244  1197  3776 I chatty  : uid=1000(system) Binder:1197_16 expire 15 lines
07-20 15:54:41.293  1197  2580 I chatty  : uid=1000(system) Binder:1197_D expire 21 lines
07-20 15:54:41.307  1197  1197 I chatty  : uid=1000 system_server expire 88 lines
07-20 15:54:41.373  1197  1377 I chatty  : uid=1000(system) fingerprintServ expire 32 lines
07-20 15:54:41.435  1197  1367 I chatty  : uid=1000(system) android.anim expire 14 lines
07-20 15:54:41.436  1197  1223 I chatty  : uid=1000(system) android.ui expire 11 lines
07-20 15:54:41.918  1197  3976 I chatty  : uid=1000(system) Binder:1197_1A expire 23 lines
07-20 15:54:41.988  1766  1766 W FingerprintManager: Invalid acquired message: 6, 1003
07-20 15:54:41.988  1766  1766 W FingerprintManager: Invalid acquired message: 6, 1001
07-20 15:54:42.006  1197  2195 I chatty  : uid=1000(system) Binder:1197_7 expire 39 lines
07-20 15:54:42.018  1197  3977 I chatty  : uid=1000(system) Binder:1197_1B expire 18 lines
07-20 15:54:42.635  1197  1246 I chatty  : uid=1000(system) HwBinder:1197_1 expire 6 lines
07-20 15:54:42.646  1766  1766 W FingerprintManager: Invalid acquired message: 6, 1002
07-20 15:54:43.301  1766  1766 W FingerprintManager: Invalid acquired message: 6, 1003
07-20 15:54:43.302  1766  1766 W FingerprintManager: Invalid acquired message: 6, 1001
07-20 15:54:43.660  1766  1766 W FingerprintManager: Invalid acquired message: 6, 1002
07-20 15:54:44.006  1766  1766 W FingerprintManager: Invalid acquired message: 6, 1001
07-20 15:54:46.835  1197  1392 I chatty  : uid=1000(system) InputReader expire 16 lines
07-20 15:54:46.876  1197  1231 I chatty  : uid=1000(system) android.display expire 12 lines
07-20 15:54:46.898  1197  1905 I chatty  : uid=1000(system) Binder:1197_4 expire 11 lines
07-20 15:54:46.915  1197  1374 I chatty  : uid=1000(system) Binder:1197_3 expire 23 lines
07-20 15:54:46.945  1197  1394 I chatty  : uid=1000(system) StorageManagerS expire 6 lines
07-20 15:54:46.946   428   436 I vold    : TrimTask running tasks: 0
07-20 15:54:46.948  1197  1397 I chatty  : uid=1000(system) VoldConnector expire 3 lines
07-20 15:54:47.005  1197  1211 I chatty  : uid=1000(system) Binder:1197_2 expire 13 lines
07-20 15:54:47.296  2936 13666 W SettingsEx: SettingsEx.Systemex.getInt deprecated use Settings.System.getInt instead ;callers=com.huawei.recsys.util.SystemUtil.getNotificationUpdateMode:169 com.huawei.recsys.util.SystemUtil.isAllowUpdate:104 com.huawei.recsys.controller.notification.http.NotificationUpdateController.startNotificationUpdate:85 
07-20 15:54:47.305  1197  1222 I chatty  : uid=1000(system) ActivityManager expire 13 lines
07-20 15:54:47.381  2936 11786 W ContextImpl: Calling a method in the system process without a qualified user: android.app.ContextImpl.bindService:1736 android.content.ContextWrapper.bindService:678 com.huawei.nb.dataservice.dsclient.RemoteServiceConnection.open:90 com.huawei.nb.dataservice.dsclient.DataServiceProxy.connect:105 com.huawei.nb.dataservice.rsclient.internal.RemoteRuleService.start:27 
07-20 15:54:49.683  2150  5309 D FaceRecognizeService: resetTimeout begin!
07-20 15:54:49.684  2150  2447 E FaceRecognizeService: handleMessage EVT = 1002
07-20 15:54:49.684  2150  2447 D AntiBruteForceProcessor: Reset facerecognize lockout, clearAttemptCounter=true
07-20 15:54:49.733  2150  2447 D AntiBruteForceProcessor: resetTotalFailedTimes current total times = 0
07-20 15:54:49.768  1766  1766 V KeyguardDisplayManager: hide
07-20 15:54:49.770  1766  1766 V KeyguardViewMediator: updateInputRestrictedLocked 1 isInputApp = false, inputRestricted = false
07-20 15:54:49.796  1197  2067 I chatty  : uid=1000(system) HwBinder:1197_4 expire 12 lines
07-20 15:54:50.001 20504 20504 D ActivityThread: ActivityThread,attachApplication
07-20 15:54:50.017 20517 20517 D ActivityThread: ActivityThread,attachApplication
07-20 15:54:50.619  1197  1219 I chatty  : uid=1000(system) android.bg expire 12 lines
07-20 15:54:51.692 20614 20614 D ActivityThread: ActivityThread,attachApplication
07-20 15:55:16.716  1197  1197 I chatty  : uid=1000 system_server expire 23 lines
07-20 15:55:16.720  1197  1234 I chatty  : uid=1000(system) PowerManagerSer expire 21 lines
07-20 15:55:18.180  1197  1373 I chatty  : uid=1000(system) UEventObserver expire 16 lines
07-20 15:55:19.657  1197 10340 I chatty  : uid=1000(system) Binder:1197_1F expire 21 lines
07-20 15:55:19.771  3986  3986 V ActivityThread: Finishing stop of ActivityRecord{d5bd12d token=android.os.BinderProxy@225b823 {com.huawei.android.launcher/com.huawei.android.launcher.unihome.UniHomeLauncher}}
07-20 15:55:19.783  1197  1905 I chatty  : uid=1000(system) Binder:1197_4 expire 18 lines
07-20 15:55:19.808  1197  1377 I chatty  : uid=1000(system) fingerprintServ expire 10 lines
07-20 15:55:19.871  1766  1766 W FingerprintManager: Invalid acquired message: 6, 1001
07-20 15:55:19.893  1197  1720 I chatty  : uid=1000(system) PhotonicModulat expire 35 lines
07-20 15:55:19.948  1197  3776 I chatty  : uid=1000(system) Binder:1197_16 expire 26 lines
07-20 15:55:20.502  2936 11788 W ContextImpl: Calling a method in the system process without a qualified user: android.app.ContextImpl.bindService:1736 android.content.ContextWrapper.bindService:678 com.huawei.nb.dataservice.dsclient.RemoteServiceConnection.open:90 com.huawei.nb.dataservice.dsclient.DataServiceProxy.connect:105 com.huawei.nb.dataservice.rsclient.internal.RemoteRuleService.start:27 
07-20 15:55:21.486  1197  3976 I chatty  : uid=1000(system) Binder:1197_1A expire 18 lines
07-20 15:55:21.649  1197  2580 I chatty  : uid=1000(system) Binder:1197_D expire 10 lines
07-20 15:55:23.022  1197  2171 I chatty  : uid=1000(system) MultiTaskManage expire 10 lines
07-20 15:55:23.048  2150  2150 I HwCoreAppHelperService: LocalReceiver receives:android.intent.action.PACKAGE_RESTARTED,pkg:com.android.settings,uid:1000
07-20 15:55:23.107  2150  2150 I HwCoreAppHelperService: LocalReceiver receives:android.intent.action.PACKAGE_RESTARTED,pkg:com.huawei.appmarket,uid:10087
07-20 15:55:23.203  1197  1374 I chatty  : uid=1000(system) Binder:1197_3 expire 10 lines
07-20 15:55:23.250 20751 20751 D ActivityThread: ActivityThread,attachApplication
07-20 15:55:23.738  2117  2117 W ContextImpl: Calling a method in the system process without a qualified user: android.app.ContextImpl.startService:1656 android.content.ContextWrapper.startService:644 android.content.ContextWrapper.startService:644 com.huawei.systemmanager.netassistant.traffic.trafficcorrection.NATAdjustSmsReceiver.onReceive:30 android.app.ActivityThread.handleReceiver:3695 
07-20 15:55:23.749  1197  2223 I chatty  : uid=1000(system) Binder:1197_8 expire 10 lines
07-20 15:55:23.750  2209  2450 W SettingsEx: SettingsEx.Systemex.getString deprecated use Settings.System.getString instead ;callers=com.android.internal.telephony.InboundSmsHandler$SmsBroadcastReceiver.onReceive:1728 android.app.LoadedApk$ReceiverDispatcher$Args.lambda$-android_app_LoadedApk$ReceiverDispatcher$Args_57741:1423 android.app.-$Lambda$FilBqgnXJrN9Mgyks1XHeAxzSTk.$m$0:4 
07-20 15:55:24.822  1197 10361 I chatty  : uid=1000(system) Binder:1197_20 expire 30 lines
07-20 15:55:24.822  1766  1766 V KeyguardViewMediator: updateInputRestrictedLocked 1 isInputApp = false, inputRestricted = true
07-20 15:55:24.895  1766  1766 V KeyguardStatusView: refresh statusview showing:true
07-20 15:55:24.915  1766  1766 V KeyguardDisplayManager: show
07-20 15:55:24.923  2150  2482 D AntiBruteForceProcessor: RemainingAuthenticateNum = 5
07-20 15:55:24.952  1197  1367 I chatty  : uid=1000(system) android.anim expire 11 lines
07-20 15:55:24.969  3986  3986 V ActivityThread: Handle window ActivityRecord{d5bd12d token=android.os.BinderProxy@225b823 {com.huawei.android.launcher/com.huawei.android.launcher.unihome.UniHomeLauncher}} visibility: false
07-20 15:55:43.234   428   436 I vold    : TrimTask running tasks: 0
07-20 15:55:43.281  1197  2195 I chatty  : uid=1000(system) Binder:1197_7 expire 10 lines
07-20 15:55:43.326  1197  1234 I chatty  : uid=1000(system) PowerManagerSer expire 22 lines
07-20 15:55:43.431  1197  1197 I chatty  : uid=1000 system_server expire 70 lines
07-20 15:55:43.441  1197 10340 I chatty  : uid=1000(system) Binder:1197_1F expire 26 lines
07-20 15:55:43.524  1197  1647 I chatty  : uid=1000(system) WifiP2pService expire 12 lines
07-20 15:55:43.818  2936  2993 W SettingsEx: SettingsEx.Systemex.getInt deprecated use Settings.System.getInt instead ;callers=com.huawei.recsys.util.SystemUtil.getNotificationUpdateMode:169 com.huawei.recsys.util.SystemUtil.isAllowUpdate:104 com.huawei.recsys.controller.notification.http.NotificationUpdateController.startNotificationUpdate:85 
07-20 15:55:43.896  2936 15328 W ContextImpl: Calling a method in the system process without a qualified user: android.app.ContextImpl.bindService:1736 android.content.ContextWrapper.bindService:678 com.huawei.nb.dataservice.dsclient.RemoteServiceConnection.open:90 com.huawei.nb.dataservice.dsclient.DataServiceProxy.connect:105 com.huawei.nb.dataservice.rsclient.internal.RemoteRuleService.start:27 
07-20 15:55:44.357  1197  1374 I chatty  : uid=1000(system) Binder:1197_3 expire 15 lines
07-20 15:55:47.469  2150  5309 D FaceRecognizeService: resetTimeout begin!
07-20 15:55:47.474  2150  2447 E FaceRecognizeService: handleMessage EVT = 1002
07-20 15:55:47.474  2150  2447 D AntiBruteForceProcessor: Reset facerecognize lockout, clearAttemptCounter=true
07-20 15:55:47.504  2150  2447 D AntiBruteForceProcessor: resetTotalFailedTimes current total times = 0
07-20 15:55:47.545  1766  1766 V KeyguardDisplayManager: hide
07-20 15:55:47.546  1197  1377 I chatty  : uid=1000(system) fingerprintServ expire 16 lines
07-20 15:55:47.547  1197  3977 I chatty  : uid=1000(system) Binder:1197_1B expire 16 lines
07-20 15:55:47.547  1766  1766 V KeyguardViewMediator: updateInputRestrictedLocked 1 isInputApp = false, inputRestricted = false
07-20 15:55:47.580  1197  3963 I chatty  : uid=1000(system) Binder:1197_17 expire 6 lines
07-20 15:55:47.745 20881 20881 D ActivityThread: ActivityThread,attachApplication
07-20 15:55:51.826 20916 20916 D ActivityThread: ActivityThread,attachApplication
07-20 15:57:03.031  1197 10361 I chatty  : uid=1000(system) Binder:1197_20 expire 10 lines
07-20 15:57:03.057  1197  1211 I chatty  : uid=1000(system) Binder:1197_2 expire 13 lines
07-20 15:57:32.686  3986  3986 V ActivityThread: Finishing stop of ActivityRecord{d5bd12d token=android.os.BinderProxy@225b823 {com.huawei.android.launcher/com.huawei.android.launcher.unihome.UniHomeLauncher}}
07-20 15:57:32.687  1197  1223 I chatty  : uid=1000(system) android.ui expire 5 lines
07-20 15:57:32.783  1197  1234 I chatty  : uid=1000(system) PowerManagerSer expire 21 lines
07-20 15:57:32.794  1197  1720 I chatty  : uid=1000(system) PhotonicModulat expire 4 lines
07-20 15:57:32.807  1197  1231 I chatty  : uid=1000(system) android.display expire 7 lines
07-20 15:57:32.957  1766  1766 W FingerprintManager: Invalid acquired message: 6, 1001
07-20 15:57:32.984  1197  1905 I chatty  : uid=1000(system) Binder:1197_4 expire 9 lines
07-20 15:57:33.619  2936 15370 W ContextImpl: Calling a method in the system process without a qualified user: android.app.ContextImpl.bindService:1736 android.content.ContextWrapper.bindService:678 com.huawei.nb.dataservice.dsclient.RemoteServiceConnection.open:90 com.huawei.nb.dataservice.dsclient.DataServiceProxy.connect:105 com.huawei.nb.dataservice.rsclient.internal.RemoteRuleService.start:27 
07-20 15:57:37.608  1766  1766 V KeyguardViewMediator: updateInputRestrictedLocked 1 isInputApp = false, inputRestricted = true
07-20 15:57:37.710  1766  1766 V KeyguardStatusView: refresh statusview showing:true
07-20 15:57:37.735  1766  1766 V KeyguardDisplayManager: show
07-20 15:57:37.768  2150  2482 D AntiBruteForceProcessor: RemainingAuthenticateNum = 5
07-20 15:57:37.772  1197 10361 I chatty  : uid=1000(system) Binder:1197_20 expire 11 lines
07-20 15:57:37.787  3986  3986 V ActivityThread: Handle window ActivityRecord{d5bd12d token=android.os.BinderProxy@225b823 {com.huawei.android.launcher/com.huawei.android.launcher.unihome.UniHomeLauncher}} visibility: false
07-20 15:57:37.798  1197  2223 I chatty  : uid=1000(system) Binder:1197_8 expire 13 lines
07-20 15:57:37.880  1197  1367 I chatty  : uid=1000(system) android.anim expire 3 lines
07-20 15:57:45.231  1197  1219 I chatty  : uid=1000(system) android.bg expire 11 lines
07-20 15:58:36.252  1766  1766 W PowerUI : unknown intent: Intent { act=android.intent.action.ACTION_POWER_DISCONNECTED flg=0x4000010 (has extras) }
07-20 15:58:36.260  1197  1227 I chatty  : uid=1000(system) batterystats-sy expire 4 lines
07-20 15:58:36.278  1197  1229 I chatty  : uid=1000(system) android.fg expire 4 lines
07-20 15:58:36.337  1197  1222 I chatty  : uid=1000(system) ActivityManager expire 14 lines
07-20 15:58:36.371  1197  1197 I chatty  : uid=1000 system_server expire 44 lines
07-20 15:58:36.398 21074 21074 D ActivityThread: ActivityThread,attachApplication
07-20 15:58:36.452  1197  1234 I chatty  : uid=1000(system) PowerManagerSer expire 8 lines
07-20 15:58:36.455 21098 21098 D ActivityThread: ActivityThread,attachApplication
07-20 15:58:36.469 21115 21115 D ActivityThread: ActivityThread,attachApplication
07-20 15:58:36.472  1197 10340 I chatty  : uid=1000(system) Binder:1197_1F expire 2 lines
07-20 15:58:36.546   428   436 I vold    : TrimTask running tasks: 0
07-20 15:58:36.559  1197  1634 I chatty  : uid=1000(system) WifiService expire 1 line
07-20 15:58:36.665  1197  2225 I chatty  : uid=1000(system) Binder:1197_A expire 10 lines
07-20 15:58:36.687  1197  3976 I chatty  : uid=1000(system) Binder:1197_1A expire 1 line
07-20 15:58:36.690  2936  2993 W SettingsEx: SettingsEx.Systemex.getInt deprecated use Settings.System.getInt instead ;callers=com.huawei.recsys.util.SystemUtil.getNotificationUpdateMode:169 com.huawei.recsys.util.SystemUtil.isAllowUpdate:104 com.huawei.recsys.controller.notification.http.NotificationUpdateController.startNotificationUpdate:85 
07-20 15:58:36.789  2936 15682 W ContextImpl: Calling a method in the system process without a qualified user: android.app.ContextImpl.bindService:1736 android.content.ContextWrapper.bindService:678 com.huawei.nb.dataservice.dsclient.RemoteServiceConnection.open:90 com.huawei.nb.dataservice.dsclient.DataServiceProxy.connect:105 com.huawei.nb.dataservice.rsclient.internal.RemoteRuleService.start:27 
07-20 15:58:37.264  1197  2764 I chatty  : uid=1000(system) HwUsbHDBManager expire 2 lines
07-20 15:58:37.525 21172 21172 D ActivityThread: ActivityThread,attachApplication
07-20 15:58:41.651  1197  1373 I chatty  : uid=1000(system) UEventObserver expire 4 lines
07-20 15:58:41.684  1766  1766 W PowerUI : unknown intent: Intent { act=android.intent.action.ACTION_POWER_CONNECTED flg=0x4000010 (has extras) }
07-20 15:58:41.751   749   749 I chatty  : uid=1000(system) gnss@1.0-servic expire 4 lines
07-20 15:58:41.752  1197  1630 I chatty  : uid=1000(system) NetdConnector expire 2 lines
07-20 15:58:41.773  1197  1211 I chatty  : uid=1000(system) Binder:1197_2 expire 7 lines
07-20 15:58:41.815  1197 10340 I chatty  : uid=1000(system) Binder:1197_1F expire 13 lines
07-20 15:58:41.830 21247 21247 D ActivityThread: ActivityThread,attachApplication
07-20 15:58:41.930  1197  1367 I chatty  : uid=1000(system) android.anim expire 10 lines
07-20 15:58:41.983   749  2144 I chatty  : uid=1000(system) IPC Thread expire 14 lines
07-20 15:58:42.760  1197  2116 I chatty  : uid=1000(system) watchdog expire 1 line
07-20 15:58:42.793 21329 21329 D ActivityThread: ActivityThread,attachApplication
07-20 15:58:46.869 21365 21365 D ActivityThread: ActivityThread,attachApplication
07-20 15:58:48.093  1197  3963 I chatty  : uid=1000(system) Binder:1197_17 expire 13 lines
07-20 15:58:48.124  1197  1197 I chatty  : uid=1000 system_server expire 28 lines
07-20 15:58:48.186  1197  1377 I chatty  : uid=1000(system) fingerprintServ expire 17 lines
07-20 15:58:48.196  1197  3776 I chatty  : uid=1000(system) Binder:1197_16 expire 3 lines
07-20 15:58:48.197  1766  1766 W FingerprintManager: Invalid acquired message: 6, 1002
07-20 15:58:48.391 21074 21074 W ContextImpl: Calling a method in the system process without a qualified user: android.app.ContextImpl.startService:1656 android.content.ContextWrapper.startService:644 android.content.ContextWrapper.startService:644 com.android.settings.deviceinfo.UsbReceiver.startUsbService:282 com.android.settings.deviceinfo.UsbReceiver.onUsbStateReceive:159 
07-20 15:58:48.398 21074 21074 W ContextImpl: Calling a method in the system process without a qualified user: android.app.ContextImpl.startService:1656 android.content.ContextWrapper.startService:644 android.content.ContextWrapper.startService:644 com.android.settings.deviceinfo.UsbReceiver.startUsbService:282 com.android.settings.deviceinfo.UsbReceiver.onUsbStateReceive:216 
07-20 15:58:48.430 21074 21074 W ContextImpl: Calling a method in the system process without a qualified user: android.app.ContextImpl.startService:1656 android.content.ContextWrapper.startService:644 android.content.ContextWrapper.startService:644 com.android.settings.deviceinfo.UsbReceiver.startUsbService:282 com.android.settings.deviceinfo.UsbReceiver.onUsbStateReceive:159 
07-20 15:58:48.434 21074 21074 W ContextImpl: Calling a method in the system process without a qualified user: android.app.ContextImpl.startService:1656 android.content.ContextWrapper.startService:644 android.content.ContextWrapper.startService:644 com.android.settings.deviceinfo.UsbReceiver.startUsbService:282 com.android.settings.deviceinfo.UsbReceiver.onUsbStateReceive:216 
07-20 15:58:48.436  1197  1222 I chatty  : uid=1000(system) ActivityManager expire 9 lines
07-20 15:58:48.829  1197  1906 I chatty  : uid=1000(system) Binder:1197_5 expire 58 lines
07-20 15:58:48.908  1766  1766 W ViewRootImpl[Toast]: EGLdebug relayoutWindow Surface isSurface(name=null)  (appName =com.android.systemui) ( mSurfaceControllerIsValid =false) (mNativeObject  =0)/@0x691911d,viewVisibility is0
07-20 15:58:48.926  1766  1766 W ViewRootImpl[Toast]: EGLdebug relayoutWindow Surface isSurface(name=null)  (appName =com.android.systemui) ( mSurfaceControllerIsValid =true) (mNativeObject  =71bfd59000)/@0x691911d,relayoutResult is7
07-20 15:58:49.000  1766  1766 W FingerprintManager: Invalid acquired message: 6, 1003
07-20 15:58:49.000  1766  1766 W FingerprintManager: Invalid acquired message: 6, 1001
07-20 15:58:53.715  2150  2482 D FaceRecognizeService: resetTimeout begin!
07-20 15:58:53.716  2150  2447 E FaceRecognizeService: handleMessage EVT = 1002
07-20 15:58:53.717  2150  2447 D AntiBruteForceProcessor: Reset facerecognize lockout, clearAttemptCounter=true
07-20 15:58:53.763  2150  2447 D AntiBruteForceProcessor: resetTotalFailedTimes current total times = 0
07-20 15:58:53.790  1197  1367 I chatty  : uid=1000(system) android.anim expire 6 lines
07-20 15:58:53.799  1766  1766 V KeyguardDisplayManager: hide
07-20 15:58:53.803  1766  1766 V KeyguardViewMediator: updateInputRestrictedLocked 1 isInputApp = false, inputRestricted = false
07-20 15:58:53.816  1197  1246 I chatty  : uid=1000(system) HwBinder:1197_1 expire 3 lines
07-20 15:58:53.822  1197  1223 I chatty  : uid=1000(system) android.ui expire 2 lines
07-20 15:58:53.826  1197  3976 I chatty  : uid=1000(system) Binder:1197_1A expire 3 lines
07-20 15:58:53.833  1197  1211 I chatty  : uid=1000(system) Binder:1197_2 expire 5 lines
07-20 15:58:53.835  1197  1630 I chatty  : uid=1000(system) NetdConnector expire 6 lines
07-20 15:58:53.909  1197  1647 I chatty  : uid=1000(system) WifiP2pService expire 6 lines
07-20 15:58:53.978  1197  2223 I chatty  : uid=1000(system) Binder:1197_8 expire 12 lines
07-20 15:58:54.017  1197  1374 I chatty  : uid=1000(system) Binder:1197_3 expire 2 lines
07-20 15:58:54.034 21475 21475 D ActivityThread: ActivityThread,attachApplication
07-20 15:58:54.521   749  2144 I chatty  : uid=1000(system) IPC Thread expire 16 lines
07-20 15:58:55.531  1197  1229 I chatty  : uid=1000(system) android.fg expire 6 lines
07-20 15:58:55.532 21074 21074 W ContextImpl: Calling a method in the system process without a qualified user: android.app.ContextImpl.sendBroadcast:1074 android.content.ContextWrapper.sendBroadcast:431 com.android.settings.deviceinfo.UsbSettingsService$5.onClick:688 com.android.settings.deviceinfo.UsbSettingsService$DialogItemListener.onClick:725 com.android.internal.app.AlertController$AlertParams$3.onItemClick:1168 
07-20 15:58:55.625  1197  2764 I chatty  : uid=1000(system) HwUsbHDBManager expire 2 lines
07-20 15:58:55.722 21074 21074 W ContextImpl: Calling a method in the system process without a qualified user: android.app.ContextImpl.startService:1656 android.content.ContextWrapper.startService:644 android.content.ContextWrapper.startService:644 com.android.settings.deviceinfo.UsbReceiver.startUsbService:282 com.android.settings.deviceinfo.UsbReceiver.onUsbStateReceive:159 
07-20 15:58:55.730 21074 21074 W ContextImpl: Calling a method in the system process without a qualified user: android.app.ContextImpl.startService:1656 android.content.ContextWrapper.startService:644 android.content.ContextWrapper.startService:644 com.android.settings.deviceinfo.UsbReceiver.startUsbService:282 com.android.settings.deviceinfo.UsbReceiver.onUsbStateReceive:206 
07-20 15:58:55.951 21074 21074 W ContextImpl: Calling a method in the system process without a qualified user: android.app.ContextImpl.startService:1656 android.content.ContextWrapper.startService:644 android.content.ContextWrapper.startService:644 com.android.settings.deviceinfo.UsbReceiver.startUsbService:282 com.android.settings.deviceinfo.UsbReceiver.onUsbStateReceive:159 
07-20 15:58:55.959 21074 21074 W ContextImpl: Calling a method in the system process without a qualified user: android.app.ContextImpl.startService:1656 android.content.ContextWrapper.startService:644 android.content.ContextWrapper.startService:644 com.android.settings.deviceinfo.UsbReceiver.startUsbService:282 com.android.settings.deviceinfo.UsbReceiver.onUsbStateReceive:206 
07-20 15:58:56.007 21074 21074 W ContextImpl: Calling a method in the system process without a qualified user: android.app.ContextImpl.startService:1656 android.content.ContextWrapper.startService:644 android.content.ContextWrapper.startService:644 com.android.settings.deviceinfo.UsbReceiver.startUsbService:282 com.android.settings.deviceinfo.UsbReceiver.onUsbStateReceive:159 
07-20 15:58:56.017 21074 21074 W ContextImpl: Calling a method in the system process without a qualified user: android.app.ContextImpl.startService:1656 android.content.ContextWrapper.startService:644 android.content.ContextWrapper.startService:644 com.android.settings.deviceinfo.UsbReceiver.startUsbService:282 com.android.settings.deviceinfo.UsbReceiver.onUsbStateReceive:206 
07-20 15:59:06.606  1197  3977 I chatty  : uid=1000(system) Binder:1197_1B expire 12 lines
07-20 15:59:09.037  1197 10361 I chatty  : uid=1000(system) Binder:1197_20 expire 8 lines
07-20 15:59:10.124 21522 21522 D ActivityThread: ActivityThread,attachApplication
07-20 15:59:10.252  1197  2223 I chatty  : uid=1000(system) Binder:1197_8 expire 8 lines
07-20 15:59:10.522   749  2144 I chatty  : uid=1000(system) IPC Thread expire 13 lines
07-20 15:59:10.762  1197  1219 I chatty  : uid=1000(system) android.bg expire 13 lines
07-20 15:59:11.916  1197  1373 I chatty  : uid=1000(system) UEventObserver expire 14 lines
07-20 15:59:11.939  1197  1227 I chatty  : uid=1000(system) batterystats-sy expire 6 lines
07-20 15:59:11.953  1197  1197 I chatty  : uid=1000 system_server expire 13 lines
07-20 15:59:12.006  1197  3963 I chatty  : uid=1000(system) Binder:1197_17 expire 14 lines
07-20 15:59:12.762  1197  2116 I chatty  : uid=1000(system) watchdog expire 21 lines
07-20 15:59:17.584  1197  2138 I chatty  : uid=1000(system) LocationThread expire 6 lines
07-20 15:59:17.590  1197 21597 I chatty  : uid=1000 system_server expire 2 lines
07-20 15:59:17.794   494   633 W SocketListener: sending broadcast to Pid = 1197, Uid = 1000 
07-20 15:59:19.386  1197  1234 I chatty  : uid=1000(system) PowerManagerSer expire 12 lines
07-20 15:59:26.889 21074 21074 W ContextImpl: Calling a method in the system process without a qualified user: android.app.ContextImpl.startService:1656 android.content.ContextWrapper.startService:644 android.content.ContextWrapper.startService:644 com.android.settings.deviceinfo.UsbReceiver.startUsbService:282 com.android.settings.deviceinfo.UsbReceiver.onUsbStateReceive:159 
07-20 15:59:26.895 21074 21074 W ContextImpl: Calling a method in the system process without a qualified user: android.app.ContextImpl.startService:1656 android.content.ContextWrapper.startService:644 android.content.ContextWrapper.startService:644 com.android.settings.deviceinfo.UsbReceiver.startUsbService:282 com.android.settings.deviceinfo.UsbReceiver.onUsbStateReceive:206 
07-20 15:59:26.964 21074 21074 W ContextImpl: Calling a method in the system process without a qualified user: android.app.ContextImpl.startService:1656 android.content.ContextWrapper.startService:644 android.content.ContextWrapper.startService:644 com.android.settings.deviceinfo.UsbReceiver.startUsbService:282 com.android.settings.deviceinfo.UsbReceiver.onUsbStateReceive:159 
07-20 15:59:26.970 21074 21074 W ContextImpl: Calling a method in the system process without a qualified user: android.app.ContextImpl.startService:1656 android.content.ContextWrapper.startService:644 android.content.ContextWrapper.startService:644 com.android.settings.deviceinfo.UsbReceiver.startUsbService:282 com.android.settings.deviceinfo.UsbReceiver.onUsbStateReceive:206 
07-20 15:59:32.713  1197  3977 I chatty  : uid=1000(system) Binder:1197_1B expire 13 lines
07-20 15:59:54.842   739   804 E /system/bin/storaged: open file /data/storaged/storaged.txt failed!2
07-20 15:59:54.842   739   804 E /system/bin/storaged: write(append)  diskstat data failed!ts:1532073594,read bytes:1215430656, write bytes: 1048768512
07-20 15:59:54.877   739   804 E /system/bin/storaged: curr_io_stats:  size: 182
07-20 15:59:54.884   739   804 E /system/bin/storaged: open file /data/storaged/storaged.txt failed!2
07-20 15:59:54.884   739   804 E /system/bin/storaged: write(append)  uid data failed!
07-20 15:59:54.885   739   804 E /system/bin/storaged: pid_info get_pids failed
07-20 16:00:00.007  1197  1197 I chatty  : uid=1000 system_server expire 23 lines
07-20 16:00:00.348  2936 18321 W ContextImpl: Calling a method in the system process without a qualified user: android.app.ContextImpl.bindService:1736 android.content.ContextWrapper.bindService:678 com.huawei.nb.dataservice.dsclient.RemoteServiceConnection.open:90 com.huawei.nb.dataservice.dsclient.DataServiceProxy.connect:105 com.huawei.nb.dataservice.rsclient.internal.RemoteRuleService.start:27 
07-20 16:00:00.391  2936 18342 W ContextImpl: Calling a method in the system process without a qualified user: android.app.ContextImpl.bindService:1736 android.content.ContextWrapper.bindService:678 com.huawei.nb.dataservice.dsclient.RemoteServiceConnection.open:90 com.huawei.nb.dataservice.dsclient.DataServiceProxy.connect:105 com.huawei.nb.dataservice.rsclient.internal.RemoteRuleService.start:27 
07-20 16:00:16.520  3986  3986 V ActivityThread: Finishing stop of ActivityRecord{d5bd12d token=android.os.BinderProxy@225b823 {com.huawei.android.launcher/com.huawei.android.launcher.unihome.UniHomeLauncher}}
07-20 16:00:16.536  1197  1234 I chatty  : uid=1000(system) PowerManagerSer expire 22 lines
07-20 16:00:16.536  1197  3963 I chatty  : uid=1000(system) Binder:1197_17 expire 49 lines
07-20 16:00:16.553  1197  1377 I chatty  : uid=1000(system) fingerprintServ expire 10 lines
07-20 16:00:16.620  1766  1766 W FingerprintManager: Invalid acquired message: 6, 1001
07-20 16:00:16.703  1197  1720 I chatty  : uid=1000(system) PhotonicModulat expire 11 lines
07-20 16:00:16.721  1197  1231 I chatty  : uid=1000(system) android.display expire 14 lines
07-20 16:00:16.874  1197 10340 I chatty  : uid=1000(system) Binder:1197_1F expire 17 lines
07-20 16:00:16.940  1197  3976 I chatty  : uid=1000(system) Binder:1197_1A expire 13 lines
07-20 16:00:16.981  1197  2760 I chatty  : uid=1000(system) HwDeviceUsageCo expire 3 lines
07-20 16:00:17.371  2936  7628 W ContextImpl: Calling a method in the system process without a qualified user: android.app.ContextImpl.bindService:1736 android.content.ContextWrapper.bindService:678 com.huawei.nb.dataservice.dsclient.RemoteServiceConnection.open:90 com.huawei.nb.dataservice.dsclient.DataServiceProxy.connect:105 com.huawei.nb.dataservice.rsclient.internal.RemoteRuleService.start:27 
07-20 16:00:21.507  1766  1766 V KeyguardViewMediator: updateInputRestrictedLocked 1 isInputApp = false, inputRestricted = true
07-20 16:00:21.650  1766  1766 V KeyguardStatusView: refresh statusview showing:true
07-20 16:00:21.670  1766  1766 V KeyguardDisplayManager: show
07-20 16:00:21.681  2150  2482 D AntiBruteForceProcessor: RemainingAuthenticateNum = 5
07-20 16:00:21.724  1197 10361 I chatty  : uid=1000(system) Binder:1197_20 expire 12 lines
07-20 16:00:21.739  3986  3986 V ActivityThread: Handle window ActivityRecord{d5bd12d token=android.os.BinderProxy@225b823 {com.huawei.android.launcher/com.huawei.android.launcher.unihome.UniHomeLauncher}} visibility: false
07-20 16:00:21.898  1197  1367 I chatty  : uid=1000(system) android.anim expire 17 lines
07-20 16:00:31.097  1197  1392 I chatty  : uid=1000(system) InputReader expire 17 lines
07-20 16:00:31.170  1197  3776 I chatty  : uid=1000(system) Binder:1197_16 expire 15 lines
07-20 16:00:31.177  1197  1394 I chatty  : uid=1000(system) StorageManagerS expire 6 lines
07-20 16:00:31.179   428   436 I vold    : TrimTask running tasks: 0
07-20 16:00:31.180  1197  1397 I chatty  : uid=1000(system) VoldConnector expire 3 lines
07-20 16:00:31.196  1197  1647 I chatty  : uid=1000(system) WifiP2pService expire 12 lines
07-20 16:00:31.378  2936  2948 W SettingsEx: SettingsEx.Systemex.getInt deprecated use Settings.System.getInt instead ;callers=com.huawei.recsys.util.SystemUtil.getNotificationUpdateMode:169 com.huawei.recsys.util.SystemUtil.isAllowUpdate:104 com.huawei.recsys.controller.notification.http.NotificationUpdateController.startNotificationUpdate:85 
07-20 16:00:31.385  1197  1222 I chatty  : uid=1000(system) ActivityManager expire 10 lines
07-20 16:00:31.398  1197  1374 I chatty  : uid=1000(system) Binder:1197_3 expire 23 lines
07-20 16:00:31.404  1197  1223 I chatty  : uid=1000(system) android.ui expire 23 lines
07-20 16:00:31.541  2936 11786 W ContextImpl: Calling a method in the system process without a qualified user: android.app.ContextImpl.bindService:1736 android.content.ContextWrapper.bindService:678 com.huawei.nb.dataservice.dsclient.RemoteServiceConnection.open:90 com.huawei.nb.dataservice.dsclient.DataServiceProxy.connect:105 com.huawei.nb.dataservice.rsclient.internal.RemoteRuleService.start:27 
07-20 16:00:33.155  2936 18996 W SettingsEx: SettingsEx.Systemex.getInt deprecated use Settings.System.getInt instead ;callers=com.huawei.recsys.util.SystemUtil.getNotificationUpdateMode:169 com.huawei.recsys.util.SystemUtil.isAllowUpdate:104 com.huawei.recsys.controller.notification.http.NotificationUpdateController.startNotificationUpdate:85 
07-20 16:00:34.693  2150  2482 D FaceRecognizeService: resetTimeout begin!
07-20 16:00:34.694  1197  3977 I chatty  : uid=1000(system) Binder:1197_1B expire 14 lines
07-20 16:00:34.696  2150  2447 E FaceRecognizeService: handleMessage EVT = 1002
07-20 16:00:34.696  2150  2447 D AntiBruteForceProcessor: Reset facerecognize lockout, clearAttemptCounter=true
07-20 16:00:34.745  2150  2447 D AntiBruteForceProcessor: resetTotalFailedTimes current total times = 0
07-20 16:00:34.787  1766  1766 V KeyguardDisplayManager: hide
07-20 16:00:34.788  1197  1377 I chatty  : uid=1000(system) fingerprintServ expire 16 lines
07-20 16:00:34.790  1766  1766 V KeyguardViewMediator: updateInputRestrictedLocked 1 isInputApp = false, inputRestricted = false
07-20 16:00:34.806  1197  1246 I chatty  : uid=1000(system) HwBinder:1197_1 expire 25 lines
07-20 16:00:34.814  1197  1630 I chatty  : uid=1000(system) NetdConnector expire 10 lines
07-20 16:00:34.932  1197  2223 I chatty  : uid=1000(system) Binder:1197_8 expire 20 lines
07-20 16:00:34.940  1197  2195 I chatty  : uid=1000(system) Binder:1197_7 expire 24 lines
07-20 16:00:34.942  1197  1906 I chatty  : uid=1000(system) Binder:1197_5 expire 13 lines
07-20 16:00:34.986  1197 10340 I chatty  : uid=1000(system) Binder:1197_1F expire 26 lines
07-20 16:00:34.991 21735 21735 D ActivityThread: ActivityThread,attachApplication
07-20 16:00:35.001  1197  2580 I chatty  : uid=1000(system) Binder:1197_D expire 16 lines
07-20 16:00:35.512  1197  1197 I chatty  : uid=1000 system_server expire 44 lines
07-20 16:00:36.051 21765 21765 D ActivityThread: ActivityThread,attachApplication
07-20 16:00:37.732  1197  1211 I chatty  : uid=1000(system) Binder:1197_2 expire 8 lines
07-20 16:00:39.790  1197  1704 I chatty  : uid=1000(system) StatisticsCHRMs expire 4 lines
07-20 16:01:14.656  1197  1234 I chatty  : uid=1000(system) PowerManagerSer expire 18 lines
07-20 16:01:17.742  1197 10361 I chatty  : uid=1000(system) Binder:1197_20 expire 11 lines
07-20 16:01:20.776  3986  3986 V ActivityThread: Finishing stop of ActivityRecord{d5bd12d token=android.os.BinderProxy@225b823 {com.huawei.android.launcher/com.huawei.android.launcher.unihome.UniHomeLauncher}}
07-20 16:01:20.885  1766  1766 W FingerprintManager: Invalid acquired message: 6, 1001
07-20 16:01:21.035  1197 10340 I chatty  : uid=1000(system) Binder:1197_1F expire 27 lines
07-20 16:01:21.077  1197  1905 I chatty  : uid=1000(system) Binder:1197_4 expire 10 lines
07-20 16:01:21.456  2936 11788 W ContextImpl: Calling a method in the system process without a qualified user: android.app.ContextImpl.bindService:1736 android.content.ContextWrapper.bindService:678 com.huawei.nb.dataservice.dsclient.RemoteServiceConnection.open:90 com.huawei.nb.dataservice.dsclient.DataServiceProxy.connect:105 com.huawei.nb.dataservice.rsclient.internal.RemoteRuleService.start:27 
07-20 16:01:25.702  1766  1766 V KeyguardViewMediator: updateInputRestrictedLocked 1 isInputApp = false, inputRestricted = true
07-20 16:01:25.842  1766  1766 V KeyguardStatusView: refresh statusview showing:true
07-20 16:01:25.865  1766  1766 V KeyguardDisplayManager: show
07-20 16:01:25.881  2150  5309 D AntiBruteForceProcessor: RemainingAuthenticateNum = 5
07-20 16:01:25.912  3986  3986 V ActivityThread: Handle window ActivityRecord{d5bd12d token=android.os.BinderProxy@225b823 {com.huawei.android.launcher/com.huawei.android.launcher.unihome.UniHomeLauncher}} visibility: false
07-20 16:01:42.028  1197  1234 I chatty  : uid=1000(system) PowerManagerSer expire 12 lines
07-20 16:01:42.091   428   436 I vold    : TrimTask running tasks: 0
07-20 16:01:42.587  2936 18996 W SettingsEx: SettingsEx.Systemex.getInt deprecated use Settings.System.getInt instead ;callers=com.huawei.recsys.util.SystemUtil.getNotificationUpdateMode:169 com.huawei.recsys.util.SystemUtil.isAllowUpdate:104 com.huawei.recsys.controller.notification.http.NotificationUpdateController.startNotificationUpdate:85 
07-20 16:01:42.622  1197  3976 I chatty  : uid=1000(system) Binder:1197_1A expire 12 lines
07-20 16:01:42.719  2936 15328 W ContextImpl: Calling a method in the system process without a qualified user: android.app.ContextImpl.bindService:1736 android.content.ContextWrapper.bindService:678 com.huawei.nb.dataservice.dsclient.RemoteServiceConnection.open:90 com.huawei.nb.dataservice.dsclient.DataServiceProxy.connect:105 com.huawei.nb.dataservice.rsclient.internal.RemoteRuleService.start:27 
07-20 16:01:42.820  1197  3775 I chatty  : uid=1000(system) Binder:1197_15 expire 42 lines
07-20 16:01:43.175  1197  1197 I chatty  : uid=1000 system_server expire 23 lines
07-20 16:01:49.612  1197  1391 I chatty  : uid=1000(system) InputDispatcher expire 15 lines
07-20 16:01:58.110  1197  2195 I chatty  : uid=1000(system) Binder:1197_7 expire 33 lines
07-20 16:02:03.523  1197  1377 I chatty  : uid=1000(system) fingerprintServ expire 59 lines
07-20 16:02:03.546  1766  1766 W FingerprintManager: Invalid acquired message: 6, 1002
07-20 16:02:04.018  1766  1766 W FingerprintManager: Invalid acquired message: 6, 1001
07-20 16:02:04.057  1766  1766 W FingerprintManager: Invalid acquired message: 6, 1002
07-20 16:02:04.912  1766  1766 W FingerprintManager: Invalid acquired message: 6, 1003
07-20 16:02:04.912  1766  1766 W FingerprintManager: Invalid acquired message: 6, 1001
07-20 16:02:04.923  1197  3776 I chatty  : uid=1000(system) Binder:1197_16 expire 49 lines
07-20 16:02:04.930  1766  1766 W ViewRootImpl[Toast]: EGLdebug relayoutWindow Surface isSurface(name=null)  (appName =com.android.systemui) ( mSurfaceControllerIsValid =false) (mNativeObject  =0)/@0x30ad9c7,viewVisibility is0
07-20 16:02:04.953  1766  1766 W ViewRootImpl[Toast]: EGLdebug relayoutWindow Surface isSurface(name=null)  (appName =com.android.systemui) ( mSurfaceControllerIsValid =true) (mNativeObject  =718a85c000)/@0x30ad9c7,relayoutResult is7
07-20 16:02:06.314  1766  1766 W FingerprintManager: Invalid acquired message: 6, 1002
07-20 16:02:07.056  1197  1367 I chatty  : uid=1000(system) android.anim expire 34 lines
07-20 16:02:07.410  1766  1766 W ViewRootImpl[Toast]: EGLdebug relayoutWindow Surface isSurface(name=null)  (appName =com.android.systemui) ( mSurfaceControllerIsValid =false) (mNativeObject  =0)/@0x7a77360,viewVisibility is0
07-20 16:02:07.444  1766  1766 W ViewRootImpl[Toast]: EGLdebug relayoutWindow Surface isSurface(name=null)  (appName =com.android.systemui) ( mSurfaceControllerIsValid =true) (mNativeObject  =718a85c000)/@0x7a77360,relayoutResult is7
07-20 16:02:07.482  1766  1766 W FingerprintManager: Invalid acquired message: 6, 1003
07-20 16:02:07.482  1766  1766 W FingerprintManager: Invalid acquired message: 6, 1001
07-20 16:02:08.474  1197  1395 I chatty  : uid=1000(system) HwBinder:1197_2 expire 10 lines
07-20 16:02:08.491  1766  1766 W FingerprintManager: Invalid acquired message: 6, 1002
07-20 16:02:08.831  1766  1766 W FingerprintManager: Invalid acquired message: 6, 1001
07-20 16:02:10.553  1766  1766 W FingerprintManager: Invalid acquired message: 6, 1002
07-20 16:02:10.968 22056 22056 D ActivityThread: ActivityThread,attachApplication
07-20 16:02:11.123  1766  1766 W ViewRootImpl[Toast]: EGLdebug relayoutWindow Surface isSurface(name=null)  (appName =com.android.systemui) ( mSurfaceControllerIsValid =false) (mNativeObject  =0)/@0x27bda24,viewVisibility is0
07-20 16:02:11.140  1766  1766 W ViewRootImpl[Toast]: EGLdebug relayoutWindow Surface isSurface(name=null)  (appName =com.android.systemui) ( mSurfaceControllerIsValid =true) (mNativeObject  =718a85c000)/@0x27bda24,relayoutResult is7
07-20 16:02:11.175  1766  1766 W FingerprintManager: Invalid acquired message: 6, 1003
07-20 16:02:11.175  1766  1766 W FingerprintManager: Invalid acquired message: 6, 1001
07-20 16:02:11.177  1766  1766 W FingerprintManager: Invalid acquired message: 6, 1002
07-20 16:02:11.417  1766  1766 W FingerprintManager: Invalid acquired message: 6, 1001
07-20 16:02:11.432  1766  1766 W FingerprintManager: Invalid acquired message: 6, 1002
07-20 16:02:11.648  1766  1766 W FingerprintManager: Invalid acquired message: 6, 1003
07-20 16:02:11.648  1766  1766 W FingerprintManager: Invalid acquired message: 6, 1001
07-20 16:02:13.279  1197  1373 I chatty  : uid=1000(system) UEventObserver expire 21 lines
07-20 16:02:13.469  2150  5309 D FaceRecognizeService: resetTimeout begin!
07-20 16:02:13.470  2150  2447 E FaceRecognizeService: handleMessage EVT = 1002
07-20 16:02:13.470  2150  2447 D AntiBruteForceProcessor: Reset facerecognize lockout, clearAttemptCounter=true
07-20 16:02:13.509  2150  2447 D AntiBruteForceProcessor: resetTotalFailedTimes current total times = 0
07-20 16:02:13.510  1197  2225 I chatty  : uid=1000(system) Binder:1197_A expire 30 lines
07-20 16:02:13.553  1766  1766 V KeyguardDisplayManager: hide
07-20 16:02:13.554  1197  1377 I chatty  : uid=1000(system) fingerprintServ expire 16 lines
07-20 16:02:13.555  1766  1766 V KeyguardViewMediator: updateInputRestrictedLocked 1 isInputApp = false, inputRestricted = false
07-20 16:02:13.561  1197  1905 I chatty  : uid=1000(system) Binder:1197_4 expire 5 lines
07-20 16:02:13.634  1197  1647 I chatty  : uid=1000(system) WifiP2pService expire 12 lines
07-20 16:02:13.642  1197 10361 I chatty  : uid=1000(system) Binder:1197_20 expire 11 lines
07-20 16:02:13.659  1197  3775 I chatty  : uid=1000(system) Binder:1197_15 expire 33 lines
07-20 16:02:13.676  1197  1197 I chatty  : uid=1000 system_server expire 11 lines
07-20 16:02:13.679 22116 22116 D ActivityThread: ActivityThread,attachApplication
07-20 16:02:14.764 22149 22149 D ActivityThread: ActivityThread,attachApplication
07-20 16:02:15.857  2117  2414 I HwNetworkPolicyManager: getHwUidPolicy uid = 1000 policy = 0
07-20 16:02:15.871 21074 21074 V ActivityThread: ActivityThread,callActivityOnCreate
07-20 16:02:15.956 21074 22220 I HwGeneralManager: isSupportTrikey is:true
07-20 16:02:15.979 21074 21074 D ActivityThread: add activity client record, r= ActivityRecord{2cf6914 token=android.os.BinderProxy@53113fa {com.android.settings/com.android.settings.HWSettings}} token= android.os.BinderProxy@53113fa
07-20 16:02:15.983 21074 21074 W ContextImpl: Calling a method in the system process without a qualified user: android.app.ContextImpl.sendBroadcast:1095 android.content.ContextWrapper.sendBroadcast:436 com.android.settings.HWSettings.onResume:161 android.app.Instrumentation.callActivityOnResume:1364 android.app.Activity.performResume:7479 
07-20 16:02:15.988 22226 22226 D ActivityThread: ActivityThread,attachApplication
07-20 16:02:16.031  1766 15584 I CommandQueue: updateBarBgColor
07-20 16:02:16.031  1766 15584 D CommandQueue: CommandQueue, setBarBackgroundColor
07-20 16:02:16.233 22265 22265 D ActivityThread: ActivityThread,attachApplication
07-20 16:02:16.518  1197  1398 I chatty  : uid=1000(system) CryptdConnector expire 1 line
07-20 16:02:16.858  2150  2482 D HwBootanimService: Boot or Shutdown sound is Capable :false
07-20 16:02:17.029   428   436 D VoldCmdListener: sdlock poll
07-20 16:02:17.029   428   436 I         : poll
