07-20 15:51:30.161  2936  7628 W ContextImpl: Calling a method in the system process without a qualified user: android.app.ContextImpl.bindService:1736 android.content.ContextWrapper.bindService:678 com.huawei.nb.dataservice.dsclient.RemoteServiceConnection.open:90 com.huawei.nb.dataservice.dsclient.DataServiceProxy.connect:105 com.huawei.nb.dataservice.rsclient.internal.RemoteRuleService.start:27 
07-20 15:51:30.645  1197  1394 I chatty  : uid=1000(system) StorageManagerS expire 4 lines
07-20 15:51:30.647   428   436 I vold    : TrimTask running tasks: 0
07-20 15:51:30.649  1197  1397 I chatty  : uid=1000(system) VoldConnector expire 2 lines
07-20 15:51:30.951  2936  2948 W SettingsEx: SettingsEx.Systemex.getInt deprecated use Settings.System.getInt instead ;callers=com.huawei.recsys.util.SystemUtil.getNotificationUpdateMode:169 com.huawei.recsys.util.SystemUtil.isAllowUpdate:104 com.huawei.recsys.controller.notification.http.NotificationUpdateController.startNotificationUpdate:85 
07-20 15:51:31.156  2936 11786 W ContextImpl: Calling a method in the system process without a qualified user: android.app.ContextImpl.bindService:1736 android.content.ContextWrapper.bindService:678 com.huawei.nb.dataservice.dsclient.RemoteServiceConnection.open:90 com.huawei.nb.dataservice.dsclient.DataServiceProxy.connect:105 com.huawei.nb.dataservice.rsclient.internal.RemoteRuleService.start:27 
07-20 15:51:32.104  2936 11788 W ContextImpl: Calling a method in the system process without a qualified user: android.app.ContextImpl.bindService:1736 android.content.ContextWrapper.bindService:678 com.huawei.nb.dataservice.dsclient.RemoteServiceConnection.open:90 com.huawei.nb.dataservice.dsclient.DataServiceProxy.connect:105 com.huawei.nb.dataservice.rsclient.internal.RemoteRuleService.start:27 
07-20 15:51:32.843   428   436 I vold    : TrimTask running tasks: 0
07-20 15:51:33.198  2936  2993 W SettingsEx: SettingsEx.Systemex.getInt deprecated use Settings.System.getInt instead ;callers=com.huawei.recsys.util.SystemUtil.getNotificationUpdateMode:169 com.huawei.recsys.util.SystemUtil.isAllowUpdate:104 com.huawei.recsys.controller.notification.http.NotificationUpdateController.startNotificationUpdate:85 
07-20 15:51:33.397  2936 15328 W ContextImpl: Calling a method in the system process without a qualified user: android.app.ContextImpl.bindService:1736 android.content.ContextWrapper.bindService:678 com.huawei.nb.dataservice.dsclient.RemoteServiceConnection.open:90 com.huawei.nb.dataservice.dsclient.DataServiceProxy.connect:105 com.huawei.nb.dataservice.rsclient.internal.RemoteRuleService.start:27 
07-20 15:51:33.702  2150  5309 D FaceRecognizeService: resetTimeout begin!
07-20 15:51:33.703  2150  2447 E FaceRecognizeService: handleMessage EVT = 1002
07-20 15:51:33.703  2150  2447 D AntiBruteForceProcessor: Reset facerecognize lockout, clearAttemptCounter=true
07-20 15:51:33.735  2150  2447 D AntiBruteForceProcessor: resetTotalFailedTimes current total times = 0
07-20 15:51:33.777  1197  2225 I chatty  : uid=1000(system) Binder:1197_A expire 1 line
07-20 15:51:33.779  1197  1367 I chatty  : uid=1000(system) android.anim expire 2 lines
07-20 15:51:33.787  1766  1766 V KeyguardDisplayManager: hide
07-20 15:51:33.790  1766  1766 V KeyguardViewMediator: updateInputRestrictedLocked 1 isInputApp = false, inputRestricted = false
07-20 15:51:33.794  1197  3976 I chatty  : uid=1000(system) Binder:1197_1A expire 10 lines
07-20 15:51:33.840  1197  3975 I chatty  : uid=1000(system) Binder:1197_19 expire 9 lines
07-20 15:51:33.841  1197  3686 I chatty  : uid=1000(system) Binder:1197_13 expire 7 lines
07-20 15:51:33.896  1197  1197 I chatty  : uid=1000 system_server expire 33 lines
07-20 15:51:33.896  1197  1647 I chatty  : uid=1000(system) WifiP2pService expire 6 lines
07-20 15:51:34.057  1197  4055 I chatty  : uid=1000(system) Binder:1197_1C expire 10 lines
07-20 15:51:34.065  1197  1222 I chatty  : uid=1000(system) ActivityManager expire 1 line
07-20 15:51:34.073  1197  2225 I chatty  : uid=1000(system) Binder:1197_A expire 9 lines
07-20 15:51:34.079 19501 19501 D ActivityThread: ActivityThread,attachApplication
07-20 15:51:34.601  1197  1219 I chatty  : uid=1000(system) android.bg expire 4 lines
07-20 15:51:35.997  1197  1392 I chatty  : uid=1000(system) InputReader expire 10 lines
07-20 15:51:36.231  1197  1234 I chatty  : uid=1000(system) PowerManagerSer expire 38 lines
07-20 15:51:36.231  1197  2845 I chatty  : uid=1000(system) Binder:1197_F expire 13 lines
07-20 15:51:36.265  3986  3986 V ActivityThread: Finishing stop of ActivityRecord{d5bd12d token=android.os.BinderProxy@225b823 {com.huawei.android.launcher/com.huawei.android.launcher.unihome.UniHomeLauncher}}
07-20 15:51:36.289  1197  1377 I chatty  : uid=1000(system) fingerprintServ expire 10 lines
07-20 15:51:36.351  1197  1246 I chatty  : uid=1000(system) HwBinder:1197_1 expire 1 line
07-20 15:51:36.352  1766  1766 W FingerprintManager: Invalid acquired message: 6, 1001
07-20 15:51:36.518  1197  1720 I chatty  : uid=1000(system) PhotonicModulat expire 29 lines
07-20 15:51:36.555  1197  1231 I chatty  : uid=1000(system) android.display expire 7 lines
07-20 15:51:36.633  1766  1766 V KeyguardViewMediator: updateInputRestrictedLocked 1 isInputApp = false, inputRestricted = true
07-20 15:51:36.755  1197  1223 I chatty  : uid=1000(system) android.ui expire 3 lines
07-20 15:51:36.922  1766  1766 V KeyguardStatusView: refresh statusview showing:true
07-20 15:51:36.928  1766  1766 V KeyguardDisplayManager: show
07-20 15:51:36.936  2150  2482 D AntiBruteForceProcessor: RemainingAuthenticateNum = 5
07-20 15:51:37.013  1197  2223 I chatty  : uid=1000(system) Binder:1197_8 expire 2 lines
07-20 15:51:37.026  1197  1367 I chatty  : uid=1000(system) android.anim expire 4 lines
07-20 15:51:37.081  1197 10361 I chatty  : uid=1000(system) Binder:1197_20 expire 3 lines
07-20 15:51:37.089  1197  3977 I chatty  : uid=1000(system) Binder:1197_1B expire 6 lines
07-20 15:51:37.097  1197  3767 I chatty  : uid=1000(system) Binder:1197_14 expire 12 lines
07-20 15:51:37.135  1197  1630 I chatty  : uid=1000(system) NetdConnector expire 2 lines
07-20 15:51:37.312  1197  2760 I chatty  : uid=1000(system) HwDeviceUsageCo expire 1 line
07-20 15:51:37.454  2936 15370 W ContextImpl: Calling a method in the system process without a qualified user: android.app.ContextImpl.bindService:1736 android.content.ContextWrapper.bindService:678 com.huawei.nb.dataservice.dsclient.RemoteServiceConnection.open:90 com.huawei.nb.dataservice.dsclient.DataServiceProxy.connect:105 com.huawei.nb.dataservice.rsclient.internal.RemoteRuleService.start:27 
07-20 15:51:37.866  1197  1720 I chatty  : uid=1000(system) PhotonicModulat expire 2 lines
07-20 15:51:37.889  1197  1223 I chatty  : uid=1000(system) android.ui expire 4 lines
07-20 15:51:37.917  1197  3977 I chatty  : uid=1000(system) Binder:1197_1B expire 6 lines
07-20 15:51:37.948  1197  1234 I chatty  : uid=1000(system) PowerManagerSer expire 8 lines
07-20 15:51:37.971  1197  1394 I chatty  : uid=1000(system) StorageManagerS expire 2 lines
07-20 15:51:37.975   428   436 I vold    : TrimTask running tasks: 0
07-20 15:51:37.977  1197  1397 I chatty  : uid=1000(system) VoldConnector expire 1 line
07-20 15:51:37.991  1197  1197 I chatty  : uid=1000 system_server expire 11 lines
07-20 15:51:37.991  1197  1647 I chatty  : uid=1000(system) WifiP2pService expire 6 lines
07-20 15:51:38.081  1197  4055 I chatty  : uid=1000(system) Binder:1197_1C expire 39 lines
07-20 15:51:38.329  2936 13666 W SettingsEx: SettingsEx.Systemex.getInt deprecated use Settings.System.getInt instead ;callers=com.huawei.recsys.util.SystemUtil.getNotificationUpdateMode:169 com.huawei.recsys.util.SystemUtil.isAllowUpdate:104 com.huawei.recsys.controller.notification.http.NotificationUpdateController.startNotificationUpdate:85 
07-20 15:51:38.358  1197  1222 I chatty  : uid=1000(system) ActivityManager expire 3 lines
07-20 15:51:38.556  2936 15682 W ContextImpl: Calling a method in the system process without a qualified user: android.app.ContextImpl.bindService:1736 android.content.ContextWrapper.bindService:678 com.huawei.nb.dataservice.dsclient.RemoteServiceConnection.open:90 com.huawei.nb.dataservice.dsclient.DataServiceProxy.connect:105 com.huawei.nb.dataservice.rsclient.internal.RemoteRuleService.start:27 
07-20 15:51:39.355  1197  3767 I chatty  : uid=1000(system) Binder:1197_14 expire 46 lines
07-20 15:51:42.729  1197  2116 I chatty  : uid=1000(system) watchdog expire 1 line
07-20 15:51:44.058  1197  1229 I chatty  : uid=1000(system) android.fg expire 6 lines
07-20 15:51:59.104  1197  2225 I chatty  : uid=1000(system) Binder:1197_A expire 19 lines
07-20 15:51:59.148  2150  5309 D FaceRecognizeService: resetTimeout begin!
07-20 15:51:59.148  2150  2447 E FaceRecognizeService: handleMessage EVT = 1002
07-20 15:51:59.148  2150  2447 D AntiBruteForceProcessor: Reset facerecognize lockout, clearAttemptCounter=true
07-20 15:51:59.150  2150  2447 D AntiBruteForceProcessor: resetTotalFailedTimes current total times = 0
07-20 15:51:59.152  1197  4055 I chatty  : uid=1000(system) Binder:1197_1C expire 3 lines
07-20 15:51:59.159  1197  1367 I chatty  : uid=1000(system) android.anim expire 4 lines
07-20 15:51:59.187  1766  1766 V KeyguardDisplayManager: hide
07-20 15:51:59.189  1197  1377 I chatty  : uid=1000(system) fingerprintServ expire 16 lines
07-20 15:51:59.189  1766  1766 V KeyguardViewMediator: updateInputRestrictedLocked 1 isInputApp = false, inputRestricted = false
07-20 15:51:59.191  1197 10219 I chatty  : uid=1000(system) Binder:1197_1D expire 4 lines
07-20 15:51:59.202  1197  3767 I chatty  : uid=1000(system) Binder:1197_14 expire 4 lines
07-20 15:51:59.207  1197  1906 I chatty  : uid=1000(system) Binder:1197_5 expire 7 lines
07-20 15:51:59.211  1197  1630 I chatty  : uid=1000(system) NetdConnector expire 2 lines
07-20 15:51:59.211  1197  1246 I chatty  : uid=1000(system) HwBinder:1197_1 expire 2 lines
07-20 15:51:59.224  1197 10340 I chatty  : uid=1000(system) Binder:1197_1F expire 1 line
07-20 15:51:59.292  1197  3975 I chatty  : uid=1000(system) Binder:1197_19 expire 10 lines
07-20 15:51:59.313 19625 19625 D ActivityThread: ActivityThread,attachApplication
07-20 15:51:59.344  1197 10361 I chatty  : uid=1000(system) Binder:1197_20 expire 3 lines
07-20 15:51:59.957  1197  1219 I chatty  : uid=1000(system) android.bg expire 4 lines
07-20 15:51:59.963  1197  1197 I chatty  : uid=1000 system_server expire 10 lines
07-20 15:52:00.474  1197  2843 I chatty  : uid=1000(system) Binder:1197_E expire 3 lines
07-20 15:52:01.684  1197  1392 I chatty  : uid=1000(system) InputReader expire 10 lines
07-20 15:52:02.119  3986  3986 V ActivityThread: Finishing stop of ActivityRecord{d5bd12d token=android.os.BinderProxy@225b823 {com.huawei.android.launcher/com.huawei.android.launcher.unihome.UniHomeLauncher}}
07-20 15:52:02.195  1766  1766 W FingerprintManager: Invalid acquired message: 6, 1001
07-20 15:52:02.232  1197  1234 I chatty  : uid=1000(system) PowerManagerSer expire 20 lines
07-20 15:52:02.246  1197  1720 I chatty  : uid=1000(system) PhotonicModulat expire 4 lines
07-20 15:52:02.258  1197  1197 I chatty  : uid=1000 system_server expire 40 lines
07-20 15:52:02.286  1197  1231 I chatty  : uid=1000(system) android.display expire 7 lines
07-20 15:52:02.317  1197 10219 I chatty  : uid=1000(system) Binder:1197_1D expire 8 lines
07-20 15:52:02.326  1197 10361 I chatty  : uid=1000(system) Binder:1197_20 expire 10 lines
07-20 15:52:02.329  1766  1766 V KeyguardViewMediator: updateInputRestrictedLocked 1 isInputApp = false, inputRestricted = true
07-20 15:52:02.349  1197  2843 I chatty  : uid=1000(system) Binder:1197_E expire 24 lines
07-20 15:52:02.393  1197  1647 I chatty  : uid=1000(system) WifiP2pService expire 9 lines
07-20 15:52:02.397  1766  1766 V KeyguardStatusView: refresh statusview showing:true
07-20 15:52:02.404  1766  1766 V KeyguardDisplayManager: show
07-20 15:52:02.406  1197  2225 I chatty  : uid=1000(system) Binder:1197_A expire 12 lines
07-20 15:52:02.414  2150  5309 D AntiBruteForceProcessor: RemainingAuthenticateNum = 5
07-20 15:52:02.448  1197  1630 I chatty  : uid=1000(system) NetdConnector expire 4 lines
07-20 15:52:02.461  1197  1906 I chatty  : uid=1000(system) Binder:1197_5 expire 9 lines
07-20 15:52:02.483  1197  1223 I chatty  : uid=1000(system) android.ui expire 4 lines
07-20 15:52:02.652  3986  3986 V ActivityThread: Handle window ActivityRecord{d5bd12d token=android.os.BinderProxy@225b823 {com.huawei.android.launcher/com.huawei.android.launcher.unihome.UniHomeLauncher}} visibility: false
07-20 15:52:02.682  1197  1367 I chatty  : uid=1000(system) android.anim expire 5 lines
07-20 15:52:02.691  1197  3975 I chatty  : uid=1000(system) Binder:1197_19 expire 10 lines
07-20 15:52:02.726  1197  3976 I chatty  : uid=1000(system) Binder:1197_1A expire 11 lines
07-20 15:52:02.930  1197  2760 I chatty  : uid=1000(system) HwDeviceUsageCo expire 1 line
07-20 15:52:03.242  2936 18321 W ContextImpl: Calling a method in the system process without a qualified user: android.app.ContextImpl.bindService:1736 android.content.ContextWrapper.bindService:678 com.huawei.nb.dataservice.dsclient.RemoteServiceConnection.open:90 com.huawei.nb.dataservice.dsclient.DataServiceProxy.connect:105 com.huawei.nb.dataservice.rsclient.internal.RemoteRuleService.start:27 
07-20 15:52:03.735  1197  1394 I chatty  : uid=1000(system) StorageManagerS expire 2 lines
07-20 15:52:03.736   428   436 I vold    : TrimTask running tasks: 0
07-20 15:52:03.739  1197  1397 I chatty  : uid=1000(system) VoldConnector expire 1 line
07-20 15:52:04.095  2936  2993 W SettingsEx: SettingsEx.Systemex.getInt deprecated use Settings.System.getInt instead ;callers=com.huawei.recsys.util.SystemUtil.getNotificationUpdateMode:169 com.huawei.recsys.util.SystemUtil.isAllowUpdate:104 com.huawei.recsys.controller.notification.http.NotificationUpdateController.startNotificationUpdate:85 
07-20 15:52:04.132  1197  1222 I chatty  : uid=1000(system) ActivityManager expire 5 lines
07-20 15:52:04.334  2936 18342 W ContextImpl: Calling a method in the system process without a qualified user: android.app.ContextImpl.bindService:1736 android.content.ContextWrapper.bindService:678 com.huawei.nb.dataservice.dsclient.RemoteServiceConnection.open:90 com.huawei.nb.dataservice.dsclient.DataServiceProxy.connect:105 com.huawei.nb.dataservice.rsclient.internal.RemoteRuleService.start:27 
07-20 15:52:05.539  2150  2482 D FaceRecognizeService: resetTimeout begin!
07-20 15:52:05.546  2150  2447 E FaceRecognizeService: handleMessage EVT = 1002
07-20 15:52:05.547  2150  2447 D AntiBruteForceProcessor: Reset facerecognize lockout, clearAttemptCounter=true
07-20 15:52:05.553  1197 10340 I chatty  : uid=1000(system) Binder:1197_1F expire 8 lines
07-20 15:52:05.588  2150  2447 D AntiBruteForceProcessor: resetTotalFailedTimes current total times = 0
07-20 15:52:05.632  1766  1766 V KeyguardDisplayManager: hide
07-20 15:52:05.633  1197  1377 I chatty  : uid=1000(system) fingerprintServ expire 6 lines
07-20 15:52:05.634  1766  1766 V KeyguardViewMediator: updateInputRestrictedLocked 1 isInputApp = false, inputRestricted = false
07-20 15:52:05.637  1197  3767 I chatty  : uid=1000(system) Binder:1197_14 expire 7 lines
07-20 15:52:05.647  1197  1246 I chatty  : uid=1000(system) HwBinder:1197_1 expire 2 lines
07-20 15:52:05.743 19733 19733 D ActivityThread: ActivityThread,attachApplication
07-20 15:52:06.362  1197  1219 I chatty  : uid=1000(system) android.bg expire 4 lines
07-20 15:52:12.731  1197  2116 I chatty  : uid=1000(system) watchdog expire 1 line
07-20 15:52:16.544  1197  1229 I chatty  : uid=1000(system) android.fg expire 1 line
07-20 15:52:16.605 19800 19800 D ActivityThread: ActivityThread,attachApplication
07-20 15:52:16.672  1197  1373 I chatty  : uid=1000(system) UEventObserver expire 2 lines
07-20 15:52:16.709  1766  1766 W PowerUI : unknown intent: Intent { act=android.intent.action.ACTION_POWER_CONNECTED flg=0x4000010 (has extras) }
07-20 15:52:16.716  1197  1227 I chatty  : uid=1000(system) batterystats-sy expire 1 line
07-20 15:52:16.716  1197  2843 I chatty  : uid=1000(system) Binder:1197_E expire 10 lines
07-20 15:52:16.721  1197  1197 I chatty  : uid=1000 system_server expire 24 lines
07-20 15:52:16.767  1197  1234 I chatty  : uid=1000(system) PowerManagerSer expire 3 lines
07-20 15:52:16.800  1197  2760 I chatty  : uid=1000(system) HwDeviceUsageCo expire 1 line
07-20 15:52:16.810  1197  1219 I chatty  : uid=1000(system) android.bg expire 8 lines
07-20 15:52:16.829  1197  1222 I chatty  : uid=1000(system) ActivityManager expire 7 lines
07-20 15:52:16.831  1197  1227 I chatty  : uid=1000(system) batterystats-sy expire 1 line
07-20 15:52:16.886  1197  1630 I chatty  : uid=1000(system) NetdConnector expire 2 lines
07-20 15:52:16.917 19829 19829 D ActivityThread: ActivityThread,attachApplication
07-20 15:52:16.921  1197 10340 I chatty  : uid=1000(system) Binder:1197_1F expire 6 lines
07-20 15:52:16.927  1197  1373 I chatty  : uid=1000(system) UEventObserver expire 2 lines
07-20 15:52:16.932  1197  2223 I chatty  : uid=1000(system) Binder:1197_8 expire 7 lines
07-20 15:52:16.938  1197 10219 I chatty  : uid=1000(system) Binder:1197_1D expire 20 lines
07-20 15:52:16.948  1197  1223 I chatty  : uid=1000(system) android.ui expire 2 lines
07-20 15:52:16.953  1197 10361 I chatty  : uid=1000(system) Binder:1197_20 expire 6 lines
07-20 15:52:16.964  1197  3975 I chatty  : uid=1000(system) Binder:1197_19 expire 4 lines
07-20 15:52:16.969   749   749 D libgps  : proxy_gps_set_position_mode: mode = 1, recurrence = 0, min_interval = 1000, preferred_accuracy = 0, preferred_time = 0
07-20 15:52:16.970  1197  2138 I chatty  : uid=1000(system) LocationThread expire 3 lines
07-20 15:52:16.970   749   749 D libgps  : proxy_gps_start: called.
07-20 15:52:17.066  1197  2225 I chatty  : uid=1000(system) Binder:1197_A expire 5 lines
07-20 15:52:17.078  1197  3976 I chatty  : uid=1000(system) Binder:1197_1A expire 11 lines
07-20 15:52:17.088 19855 19855 D ActivityThread: ActivityThread,attachApplication
07-20 15:52:17.090   749   749 D libgps  : proxy_gps_start: return = 0.
07-20 15:52:17.125  1197  3767 I chatty  : uid=1000(system) Binder:1197_14 expire 4 lines
07-20 15:52:17.228   749  2144 D libgps  : proxy_agps_ril_request_setid_cb: called.
07-20 15:52:17.232   749  2144 D libgps  : proxy_agps_ril_set_set_id: called.
07-20 15:52:17.233   749   749 D libgps  : proxy_gps_inject_time: exit
07-20 15:52:17.290  1197  4055 I chatty  : uid=1000(system) Binder:1197_1C expire 13 lines
07-20 15:52:17.292  1197 19902 I chatty  : uid=1000 system_server expire 6 lines
07-20 15:52:17.297   749   749 D libgps  : proxy_gps_inject_location: called.
07-20 15:52:17.777   749  2144 D libgps  : proxy_gnss_sv_status_cb: called. num_svs(0)
07-20 15:52:17.924  1197  3977 I chatty  : uid=1000(system) Binder:1197_1B expire 11 lines
07-20 15:52:18.129 19800 19800 W ContextImpl: Calling a method in the system process without a qualified user: android.app.ContextImpl.startService:1656 android.content.ContextWrapper.startService:644 android.content.ContextWrapper.startService:644 com.android.settings.deviceinfo.UsbReceiver.startUsbService:282 com.android.settings.deviceinfo.UsbReceiver.onUsbStateReceive:159 
07-20 15:52:18.135 19800 19800 W ContextImpl: Calling a method in the system process without a qualified user: android.app.ContextImpl.startService:1656 android.content.ContextWrapper.startService:644 android.content.ContextWrapper.startService:644 com.android.settings.deviceinfo.UsbReceiver.startUsbService:282 com.android.settings.deviceinfo.UsbReceiver.onUsbStateReceive:206 
07-20 15:52:18.426 19985 19985 D ActivityThread: ActivityThread,attachApplication
07-20 15:52:18.574 20012 20012 D ActivityThread: ActivityThread,attachApplication
07-20 15:52:18.719   749  2144 D libgps  : proxy_gnss_sv_status_cb: called. num_svs(0)
07-20 15:52:19.766   749  2144 D libgps  : proxy_gnss_sv_status_cb: called. num_svs(0)
07-20 15:52:20.759   749  2144 D libgps  : proxy_gnss_sv_status_cb: called. num_svs(1)
07-20 15:52:21.750   749  2144 D libgps  : proxy_gnss_sv_status_cb: called. num_svs(1)
07-20 15:52:22.748   749  2144 D libgps  : proxy_gnss_sv_status_cb: called. num_svs(1)
07-20 15:52:23.772   749  2144 D libgps  : proxy_gnss_sv_status_cb: called. num_svs(1)
07-20 15:52:24.753   749  2144 D libgps  : proxy_gnss_sv_status_cb: called. num_svs(1)
07-20 15:52:24.776 20118 20118 D ActivityThread: ActivityThread,attachApplication
07-20 15:52:25.752   749  2144 D libgps  : proxy_gnss_sv_status_cb: called. num_svs(2)
07-20 15:52:25.867  1197  1229 I chatty  : uid=1000(system) android.fg expire 3 lines
07-20 15:52:25.867 19800 19800 W ContextImpl: Calling a method in the system process without a qualified user: android.app.ContextImpl.sendBroadcast:1074 android.content.ContextWrapper.sendBroadcast:431 com.android.settings.deviceinfo.UsbSettingsService$5.onClick:688 com.android.settings.deviceinfo.UsbSettingsService$DialogItemListener.onClick:725 com.android.internal.app.AlertController$AlertParams$3.onItemClick:1168 
07-20 15:52:25.964  1197  2764 I chatty  : uid=1000(system) HwUsbHDBManager expire 2 lines
07-20 15:52:26.079 19800 19800 W ContextImpl: Calling a method in the system process without a qualified user: android.app.ContextImpl.startService:1656 android.content.ContextWrapper.startService:644 android.content.ContextWrapper.startService:644 com.android.settings.deviceinfo.UsbReceiver.startUsbService:282 com.android.settings.deviceinfo.UsbReceiver.onUsbStateReceive:159 
07-20 15:52:26.086 19800 19800 W ContextImpl: Calling a method in the system process without a qualified user: android.app.ContextImpl.startService:1656 android.content.ContextWrapper.startService:644 android.content.ContextWrapper.startService:644 com.android.settings.deviceinfo.UsbReceiver.startUsbService:282 com.android.settings.deviceinfo.UsbReceiver.onUsbStateReceive:206 
07-20 15:52:26.187  1197  1367 I chatty  : uid=1000(system) android.anim expire 15 lines
07-20 15:52:26.245 19800 19800 W ContextImpl: Calling a method in the system process without a qualified user: android.app.ContextImpl.startService:1656 android.content.ContextWrapper.startService:644 android.content.ContextWrapper.startService:644 com.android.settings.deviceinfo.UsbReceiver.startUsbService:282 com.android.settings.deviceinfo.UsbReceiver.onUsbStateReceive:159 
07-20 15:52:26.250 19800 19800 W ContextImpl: Calling a method in the system process without a qualified user: android.app.ContextImpl.startService:1656 android.content.ContextWrapper.startService:644 android.content.ContextWrapper.startService:644 com.android.settings.deviceinfo.UsbReceiver.startUsbService:282 com.android.settings.deviceinfo.UsbReceiver.onUsbStateReceive:206 
07-20 15:52:26.307 19800 19800 W ContextImpl: Calling a method in the system process without a qualified user: android.app.ContextImpl.startService:1656 android.content.ContextWrapper.startService:644 android.content.ContextWrapper.startService:644 com.android.settings.deviceinfo.UsbReceiver.startUsbService:282 com.android.settings.deviceinfo.UsbReceiver.onUsbStateReceive:159 
07-20 15:52:26.312 19800 19800 W ContextImpl: Calling a method in the system process without a qualified user: android.app.ContextImpl.startService:1656 android.content.ContextWrapper.startService:644 android.content.ContextWrapper.startService:644 com.android.settings.deviceinfo.UsbReceiver.startUsbService:282 com.android.settings.deviceinfo.UsbReceiver.onUsbStateReceive:206 
07-20 15:52:26.758   749  2144 D libgps  : proxy_gnss_sv_status_cb: called. num_svs(2)
07-20 15:52:27.756   749  2144 D libgps  : proxy_gnss_sv_status_cb: called. num_svs(1)
07-20 15:52:28.753   749  2144 D libgps  : proxy_gnss_sv_status_cb: called. num_svs(1)
07-20 15:52:29.350  1197  1197 I chatty  : uid=1000 system_server expire 11 lines
07-20 15:52:29.465 20170 20170 D ActivityThread: ActivityThread,attachApplication
07-20 15:52:29.486  1197 10219 I chatty  : uid=1000(system) Binder:1197_1D expire 7 lines
07-20 15:52:29.524  1197  3976 I chatty  : uid=1000(system) Binder:1197_1A expire 5 lines
07-20 15:52:29.558  2117  2414 I HwNetworkPolicyManager: getHwUidPolicy uid = 10176 policy = 0
07-20 15:52:29.595  1766 15555 I CommandQueue: updateBarBgColor
07-20 15:52:29.595  1766 15555 D CommandQueue: CommandQueue, setBarBackgroundColor
07-20 15:52:29.645  1197  3977 I chatty  : uid=1000(system) Binder:1197_1B expire 20 lines
07-20 15:52:29.737   749  2144 D libgps  : proxy_gnss_sv_status_cb: called. num_svs(2)
07-20 15:52:29.767  1197  1231 I chatty  : uid=1000(system) android.display expire 2 lines
07-20 15:52:30.740   749  2144 D libgps  : proxy_gnss_sv_status_cb: called. num_svs(3)
07-20 15:52:31.514  1197  1391 I chatty  : uid=1000(system) InputDispatcher expire 6 lines
07-20 15:52:31.589  1766 15555 I CommandQueue: updateBarBgColor
07-20 15:52:31.589  1766 15555 D CommandQueue: CommandQueue, setBarBackgroundColor
07-20 15:52:31.622  1197  2843 I chatty  : uid=1000(system) Binder:1197_E expire 11 lines
07-20 15:52:31.735   749  2144 D libgps  : proxy_gnss_sv_status_cb: called. num_svs(2)
07-20 15:52:31.878  1197  1223 I chatty  : uid=1000(system) android.ui expire 3 lines
07-20 15:52:31.894  1197  1367 I chatty  : uid=1000(system) android.anim expire 6 lines
07-20 15:52:32.538  1197  3977 I chatty  : uid=1000(system) Binder:1197_1B expire 12 lines
07-20 15:52:32.743   749  2144 D libgps  : proxy_gnss_sv_status_cb: called. num_svs(2)
07-20 15:52:32.966  1197 10219 I chatty  : uid=1000(system) Binder:1197_1D expire 7 lines
07-20 15:52:33.574  1197  1222 I chatty  : uid=1000(system) ActivityManager expire 1 line
07-20 15:52:33.736   749  2144 D libgps  : proxy_gnss_sv_status_cb: called. num_svs(2)
07-20 15:52:34.743   749  2144 D libgps  : proxy_gnss_sv_status_cb: called. num_svs(2)
07-20 15:52:34.832  1197  2223 I chatty  : uid=1000(system) Binder:1197_8 expire 12 lines
07-20 15:52:35.761   749  2144 D libgps  : proxy_gnss_sv_status_cb: called. num_svs(2)
07-20 15:52:38.763   749  2144 I chatty  : uid=1000(system) IPC Thread identical 31 lines
07-20 15:52:42.735  1197  2116 I chatty  : uid=1000(system) watchdog expire 12 lines
07-20 15:52:47.150  1197  1373 I chatty  : uid=1000(system) UEventObserver expire 10 lines
07-20 15:52:47.180  1197  1197 I chatty  : uid=1000 system_server expire 10 lines
07-20 15:52:57.245  1197  3686 I chatty  : uid=1000(system) Binder:1197_13 expire 5 lines
07-20 15:52:57.976  1197  1234 I chatty  : uid=1000(system) PowerManagerSer expire 18 lines
07-20 15:53:01.833  1197  2138 I chatty  : uid=1000(system) LocationThread expire 8 lines
07-20 15:53:01.849  1197 20259 I chatty  : uid=1000 system_server expire 2 lines
07-20 15:53:01.867  1197  1231 I chatty  : uid=1000(system) android.display expire 26 lines
07-20 15:53:02.158  1197  1906 I chatty  : uid=1000(system) Binder:1197_5 expire 20 lines
07-20 15:53:02.891  1197  1395 I chatty  : uid=1000(system) HwBinder:1197_2 expire 1 line
07-20 15:53:04.083  3986  3986 V ActivityThread: Finishing stop of ActivityRecord{d5bd12d token=android.os.BinderProxy@225b823 {com.huawei.android.launcher/com.huawei.android.launcher.unihome.UniHomeLauncher}}
07-20 15:53:04.124  1197  1377 I chatty  : uid=1000(system) fingerprintServ expire 12 lines
07-20 15:53:04.176  1197 10340 I chatty  : uid=1000(system) Binder:1197_1F expire 31 lines
07-20 15:53:04.200  1197  2067 I chatty  : uid=1000(system) HwBinder:1197_4 expire 10 lines
07-20 15:53:04.204  1766  1766 W FingerprintManager: Invalid acquired message: 6, 1001
07-20 15:53:04.205  1197  1720 I chatty  : uid=1000(system) PhotonicModulat expire 10 lines
07-20 15:53:04.362  1197  1647 I chatty  : uid=1000(system) WifiP2pService expire 12 lines
07-20 15:53:04.389  1197  1630 I chatty  : uid=1000(system) NetdConnector expire 12 lines
07-20 15:53:04.448 20314 20314 D ActivityThread: ActivityThread,attachApplication
07-20 15:53:04.452  1197  3775 I chatty  : uid=1000(system) Binder:1197_15 expire 8 lines
07-20 15:53:04.521  1197  2760 I chatty  : uid=1000(system) HwDeviceUsageCo expire 4 lines
07-20 15:53:04.708 20314 20314 W ContextImpl: Calling a method in the system process without a qualified user: android.app.ContextImpl.startService:1656 android.content.ContextWrapper.startService:644 com.huawei.systemmanager.SystemManagerApplication.startMainService:354 com.huawei.systemmanager.SystemManagerApplication.startServices:201 com.huawei.systemmanager.SystemManagerApplication.onCreate:138 
07-20 15:53:04.737 20314 20314 W ContextImpl: Calling a method in the system process without a qualified user: android.app.ContextImpl.startService:1656 android.content.ContextWrapper.startService:644 com.huawei.systemmanager.SystemManagerApplication.startPermissionService:279 com.huawei.systemmanager.SystemManagerApplication.startServices:202 com.huawei.systemmanager.SystemManagerApplication.onCreate:138 
07-20 15:53:04.756 20314 20314 W ContextImpl: Calling a method in the system process without a qualified user: android.app.ContextImpl.startService:1656 android.content.ContextWrapper.startService:644 com.huawei.systemmanager.SystemManagerApplication.startBgStaticsService:300 com.huawei.systemmanager.SystemManagerApplication.startServices:207 com.huawei.systemmanager.SystemManagerApplication.onCreate:138 
07-20 15:53:04.760 20314 20314 W ContextImpl: Calling a method in the system process without a qualified user: android.app.ContextImpl.startService:1656 android.content.ContextWrapper.startService:644 com.huawei.systemmanager.SystemManagerApplication.startDeviceStorageMonitorService:307 com.huawei.systemmanager.SystemManagerApplication.startServices:209 com.huawei.systemmanager.SystemManagerApplication.onCreate:138 
07-20 15:53:04.798 20314 20314 W ContextImpl: Calling a method in the system process without a qualified user: android.app.ContextImpl.startService:1656 android.content.ContextWrapper.startService:644 com.huawei.systemmanager.SystemManagerApplication.startSpaceCleanService:328 com.huawei.systemmanager.SystemManagerApplication.startServices:213 com.huawei.systemmanager.SystemManagerApplication.onCreate:138 
07-20 15:53:04.837 20314 20314 W ContextImpl: Calling a method in the system process without a qualified user: android.app.ContextImpl.startService:1656 android.content.ContextWrapper.startService:644 com.huawei.systemmanager.SystemManagerApplication.startSmartControlResidentService:338 com.huawei.systemmanager.SystemManagerApplication.startServices:216 com.huawei.systemmanager.SystemManagerApplication.onCreate:138 
07-20 15:53:04.845 20314 20314 W ContextImpl: Calling a method in the system process without a qualified user: android.app.ContextImpl.startService:1656 android.content.ContextWrapper.startService:644 com.huawei.systemmanager.SystemManagerApplication.startAntivirusService:343 com.huawei.systemmanager.SystemManagerApplication.startServices:217 com.huawei.systemmanager.SystemManagerApplication.onCreate:138 
07-20 15:53:04.908  2936  7628 W ContextImpl: Calling a method in the system process without a qualified user: android.app.ContextImpl.bindService:1736 android.content.ContextWrapper.bindService:678 com.huawei.nb.dataservice.dsclient.RemoteServiceConnection.open:90 com.huawei.nb.dataservice.dsclient.DataServiceProxy.connect:105 com.huawei.nb.dataservice.rsclient.internal.RemoteRuleService.start:27 
07-20 15:53:04.915 20314 20314 W ContextImpl: Calling a method in the system process without a qualified user: android.app.ContextImpl.startService:1656 android.content.ContextWrapper.startService:644 com.huawei.systemmanager.SystemManagerApplication.startCoreService:238 com.huawei.systemmanager.SystemManagerApplication.startServices:219 com.huawei.systemmanager.SystemManagerApplication.onCreate:138 
07-20 15:53:05.091 20314 20354 W ContextImpl: Calling a method in the system process without a qualified user: android.app.ContextImpl.startService:1656 android.content.ContextWrapper.startService:644 tmsdk.common.TMSDKContext.start:153 tmsdk.common.TMSDKContext.access$000:0 tmsdk.common.TMSDKContext$1.run:0 
07-20 15:53:05.177 20314 20314 W ContextImpl: Calling a method in the system process without a qualified user: android.app.ContextImpl.bindService:1736 android.content.ContextWrapper.bindService:678 com.huawei.systemmanager.hsmstat.HsmStatProxy.bindService:263 com.huawei.systemmanager.hsmstat.HsmStatProxy.-wrap0:0 com.huawei.systemmanager.hsmstat.HsmStatProxy$1.handleMessage:65 
07-20 15:53:05.816  1197  4055 I chatty  : uid=1000(system) Binder:1197_1C expire 1 line
07-20 15:53:09.023  1766  1766 V KeyguardViewMediator: updateInputRestrictedLocked 1 isInputApp = false, inputRestricted = true
07-20 15:53:09.023  1197  1197 I chatty  : uid=1000 system_server expire 18 lines
07-20 15:53:09.165  1766  1766 V KeyguardStatusView: refresh statusview showing:true
07-20 15:53:09.171  1766  1766 V KeyguardDisplayManager: show
07-20 15:53:09.185  2150  5309 D AntiBruteForceProcessor: RemainingAuthenticateNum = 5
07-20 15:53:09.230  3986  3986 V ActivityThread: Handle window ActivityRecord{d5bd12d token=android.os.BinderProxy@225b823 {com.huawei.android.launcher/com.huawei.android.launcher.unihome.UniHomeLauncher}} visibility: false
07-20 15:53:09.302  1197  2843 I chatty  : uid=1000(system) Binder:1197_E expire 1 line
07-20 15:53:09.932  1197  3976 I chatty  : uid=1000(system) Binder:1197_1A expire 14 lines
07-20 15:53:21.990  1197  1650 I chatty  : uid=1000(system) ConnectivitySer expire 5 lines
07-20 15:53:43.530  1197  3776 I chatty  : uid=1000(system) Binder:1197_16 expire 14 lines
07-20 15:54:03.306  1197  2580 I chatty  : uid=1000(system) Binder:1197_D expire 17 lines
07-20 15:54:41.239  1197  1234 I chatty  : uid=1000(system) PowerManagerSer expire 90 lines
07-20 15:54:41.242  1766  1766 W FingerprintManager: Invalid acquired message: 6, 1002
07-20 15:54:41.244  1197  3776 I chatty  : uid=1000(system) Binder:1197_16 expire 15 lines
07-20 15:54:41.293  1197  2580 I chatty  : uid=1000(system) Binder:1197_D expire 21 lines
07-20 15:54:41.307  1197  1197 I chatty  : uid=1000 system_server expire 88 lines
07-20 15:54:41.373  1197  1377 I chatty  : uid=1000(system) fingerprintServ expire 32 lines
07-20 15:54:41.435  1197  1367 I chatty  : uid=1000(system) android.anim expire 14 lines
07-20 15:54:41.436  1197  1223 I chatty  : uid=1000(system) android.ui expire 11 lines
07-20 15:54:41.918  1197  3976 I chatty  : uid=1000(system) Binder:1197_1A expire 23 lines
07-20 15:54:41.988  1766  1766 W FingerprintManager: Invalid acquired message: 6, 1003
07-20 15:54:41.988  1766  1766 W FingerprintManager: Invalid acquired message: 6, 1001
07-20 15:54:42.006  1197  2195 I chatty  : uid=1000(system) Binder:1197_7 expire 39 lines
07-20 15:54:42.018  1197  3977 I chatty  : uid=1000(system) Binder:1197_1B expire 18 lines
07-20 15:54:42.635  1197  1246 I chatty  : uid=1000(system) HwBinder:1197_1 expire 6 lines
07-20 15:54:42.646  1766  1766 W FingerprintManager: Invalid acquired message: 6, 1002
07-20 15:54:43.301  1766  1766 W FingerprintManager: Invalid acquired message: 6, 1003
07-20 15:54:43.302  1766  1766 W FingerprintManager: Invalid acquired message: 6, 1001
07-20 15:54:43.660  1766  1766 W FingerprintManager: Invalid acquired message: 6, 1002
07-20 15:54:44.006  1766  1766 W FingerprintManager: Invalid acquired message: 6, 1001
07-20 15:54:46.835  1197  1392 I chatty  : uid=1000(system) InputReader expire 16 lines
07-20 15:54:46.876  1197  1231 I chatty  : uid=1000(system) android.display expire 12 lines
07-20 15:54:46.898  1197  1905 I chatty  : uid=1000(system) Binder:1197_4 expire 11 lines
07-20 15:54:46.915  1197  1374 I chatty  : uid=1000(system) Binder:1197_3 expire 23 lines
07-20 15:54:46.945  1197  1394 I chatty  : uid=1000(system) StorageManagerS expire 6 lines
07-20 15:54:46.946   428   436 I vold    : TrimTask running tasks: 0
07-20 15:54:46.948  1197  1397 I chatty  : uid=1000(system) VoldConnector expire 3 lines
07-20 15:54:47.005  1197  1211 I chatty  : uid=1000(system) Binder:1197_2 expire 13 lines
07-20 15:54:47.296  2936 13666 W SettingsEx: SettingsEx.Systemex.getInt deprecated use Settings.System.getInt instead ;callers=com.huawei.recsys.util.SystemUtil.getNotificationUpdateMode:169 com.huawei.recsys.util.SystemUtil.isAllowUpdate:104 com.huawei.recsys.controller.notification.http.NotificationUpdateController.startNotificationUpdate:85 
07-20 15:54:47.305  1197  1222 I chatty  : uid=1000(system) ActivityManager expire 13 lines
07-20 15:54:47.381  2936 11786 W ContextImpl: Calling a method in the system process without a qualified user: android.app.ContextImpl.bindService:1736 android.content.ContextWrapper.bindService:678 com.huawei.nb.dataservice.dsclient.RemoteServiceConnection.open:90 com.huawei.nb.dataservice.dsclient.DataServiceProxy.connect:105 com.huawei.nb.dataservice.rsclient.internal.RemoteRuleService.start:27 
07-20 15:54:49.683  2150  5309 D FaceRecognizeService: resetTimeout begin!
07-20 15:54:49.684  2150  2447 E FaceRecognizeService: handleMessage EVT = 1002
07-20 15:54:49.684  2150  2447 D AntiBruteForceProcessor: Reset facerecognize lockout, clearAttemptCounter=true
07-20 15:54:49.733  2150  2447 D AntiBruteForceProcessor: resetTotalFailedTimes current total times = 0
07-20 15:54:49.768  1766  1766 V KeyguardDisplayManager: hide
07-20 15:54:49.770  1766  1766 V KeyguardViewMediator: updateInputRestrictedLocked 1 isInputApp = false, inputRestricted = false
07-20 15:54:49.796  1197  2067 I chatty  : uid=1000(system) HwBinder:1197_4 expire 12 lines
07-20 15:54:50.001 20504 20504 D ActivityThread: ActivityThread,attachApplication
07-20 15:54:50.017 20517 20517 D ActivityThread: ActivityThread,attachApplication
07-20 15:54:50.619  1197  1219 I chatty  : uid=1000(system) android.bg expire 12 lines
07-20 15:54:51.692 20614 20614 D ActivityThread: ActivityThread,attachApplication
07-20 15:55:16.716  1197  1197 I chatty  : uid=1000 system_server expire 23 lines
07-20 15:55:16.720  1197  1234 I chatty  : uid=1000(system) PowerManagerSer expire 21 lines
07-20 15:55:18.180  1197  1373 I chatty  : uid=1000(system) UEventObserver expire 16 lines
07-20 15:55:19.657  1197 10340 I chatty  : uid=1000(system) Binder:1197_1F expire 21 lines
07-20 15:55:19.771  3986  3986 V ActivityThread: Finishing stop of ActivityRecord{d5bd12d token=android.os.BinderProxy@225b823 {com.huawei.android.launcher/com.huawei.android.launcher.unihome.UniHomeLauncher}}
07-20 15:55:19.783  1197  1905 I chatty  : uid=1000(system) Binder:1197_4 expire 18 lines
07-20 15:55:19.808  1197  1377 I chatty  : uid=1000(system) fingerprintServ expire 10 lines
07-20 15:55:19.871  1766  1766 W FingerprintManager: Invalid acquired message: 6, 1001
07-20 15:55:19.893  1197  1720 I chatty  : uid=1000(system) PhotonicModulat expire 35 lines
07-20 15:55:19.948  1197  3776 I chatty  : uid=1000(system) Binder:1197_16 expire 26 lines
07-20 15:55:20.502  2936 11788 W ContextImpl: Calling a method in the system process without a qualified user: android.app.ContextImpl.bindService:1736 android.content.ContextWrapper.bindService:678 com.huawei.nb.dataservice.dsclient.RemoteServiceConnection.open:90 com.huawei.nb.dataservice.dsclient.DataServiceProxy.connect:105 com.huawei.nb.dataservice.rsclient.internal.RemoteRuleService.start:27 
07-20 15:55:21.486  1197  3976 I chatty  : uid=1000(system) Binder:1197_1A expire 18 lines
07-20 15:55:21.649  1197  2580 I chatty  : uid=1000(system) Binder:1197_D expire 10 lines
07-20 15:55:23.022  1197  2171 I chatty  : uid=1000(system) MultiTaskManage expire 10 lines
07-20 15:55:23.048  2150  2150 I HwCoreAppHelperService: LocalReceiver receives:android.intent.action.PACKAGE_RESTARTED,pkg:com.android.settings,uid:1000
07-20 15:55:23.107  2150  2150 I HwCoreAppHelperService: LocalReceiver receives:android.intent.action.PACKAGE_RESTARTED,pkg:com.huawei.appmarket,uid:10087
07-20 15:55:23.203  1197  1374 I chatty  : uid=1000(system) Binder:1197_3 expire 10 lines
07-20 15:55:23.250 20751 20751 D ActivityThread: ActivityThread,attachApplication
07-20 15:55:23.738  2117  2117 W ContextImpl: Calling a method in the system process without a qualified user: android.app.ContextImpl.startService:1656 android.content.ContextWrapper.startService:644 android.content.ContextWrapper.startService:644 com.huawei.systemmanager.netassistant.traffic.trafficcorrection.NATAdjustSmsReceiver.onReceive:30 android.app.ActivityThread.handleReceiver:3695 
07-20 15:55:23.749  1197  2223 I chatty  : uid=1000(system) Binder:1197_8 expire 10 lines
07-20 15:55:23.750  2209  2450 W SettingsEx: SettingsEx.Systemex.getString deprecated use Settings.System.getString instead ;callers=com.android.internal.telephony.InboundSmsHandler$SmsBroadcastReceiver.onReceive:1728 android.app.LoadedApk$ReceiverDispatcher$Args.lambda$-android_app_LoadedApk$ReceiverDispatcher$Args_57741:1423 android.app.-$Lambda$FilBqgnXJrN9Mgyks1XHeAxzSTk.$m$0:4 
07-20 15:55:24.822  1197 10361 I chatty  : uid=1000(system) Binder:1197_20 expire 30 lines
07-20 15:55:24.822  1766  1766 V KeyguardViewMediator: updateInputRestrictedLocked 1 isInputApp = false, inputRestricted = true
07-20 15:55:24.895  1766  1766 V KeyguardStatusView: refresh statusview showing:true
07-20 15:55:24.915  1766  1766 V KeyguardDisplayManager: show
07-20 15:55:24.923  2150  2482 D AntiBruteForceProcessor: RemainingAuthenticateNum = 5
07-20 15:55:24.952  1197  1367 I chatty  : uid=1000(system) android.anim expire 11 lines
07-20 15:55:24.969  3986  3986 V ActivityThread: Handle window ActivityRecord{d5bd12d token=android.os.BinderProxy@225b823 {com.huawei.android.launcher/com.huawei.android.launcher.unihome.UniHomeLauncher}} visibility: false
07-20 15:55:43.234   428   436 I vold    : TrimTask running tasks: 0
07-20 15:55:43.281  1197  2195 I chatty  : uid=1000(system) Binder:1197_7 expire 10 lines
07-20 15:55:43.326  1197  1234 I chatty  : uid=1000(system) PowerManagerSer expire 22 lines
07-20 15:55:43.431  1197  1197 I chatty  : uid=1000 system_server expire 70 lines
07-20 15:55:43.441  1197 10340 I chatty  : uid=1000(system) Binder:1197_1F expire 26 lines
07-20 15:55:43.524  1197  1647 I chatty  : uid=1000(system) WifiP2pService expire 12 lines
07-20 15:55:43.818  2936  2993 W SettingsEx: SettingsEx.Systemex.getInt deprecated use Settings.System.getInt instead ;callers=com.huawei.recsys.util.SystemUtil.getNotificationUpdateMode:169 com.huawei.recsys.util.SystemUtil.isAllowUpdate:104 com.huawei.recsys.controller.notification.http.NotificationUpdateController.startNotificationUpdate:85 
07-20 15:55:43.896  2936 15328 W ContextImpl: Calling a method in the system process without a qualified user: android.app.ContextImpl.bindService:1736 android.content.ContextWrapper.bindService:678 com.huawei.nb.dataservice.dsclient.RemoteServiceConnection.open:90 com.huawei.nb.dataservice.dsclient.DataServiceProxy.connect:105 com.huawei.nb.dataservice.rsclient.internal.RemoteRuleService.start:27 
07-20 15:55:44.357  1197  1374 I chatty  : uid=1000(system) Binder:1197_3 expire 15 lines
07-20 15:55:47.469  2150  5309 D FaceRecognizeService: resetTimeout begin!
07-20 15:55:47.474  2150  2447 E FaceRecognizeService: handleMessage EVT = 1002
07-20 15:55:47.474  2150  2447 D AntiBruteForceProcessor: Reset facerecognize lockout, clearAttemptCounter=true
07-20 15:55:47.504  2150  2447 D AntiBruteForceProcessor: resetTotalFailedTimes current total times = 0
07-20 15:55:47.545  1766  1766 V KeyguardDisplayManager: hide
07-20 15:55:47.546  1197  1377 I chatty  : uid=1000(system) fingerprintServ expire 16 lines
07-20 15:55:47.547  1197  3977 I chatty  : uid=1000(system) Binder:1197_1B expire 16 lines
07-20 15:55:47.547  1766  1766 V KeyguardViewMediator: updateInputRestrictedLocked 1 isInputApp = false, inputRestricted = false
07-20 15:55:47.580  1197  3963 I chatty  : uid=1000(system) Binder:1197_17 expire 6 lines
07-20 15:55:47.745 20881 20881 D ActivityThread: ActivityThread,attachApplication
07-20 15:55:51.826 20916 20916 D ActivityThread: ActivityThread,attachApplication
07-20 15:57:03.031  1197 10361 I chatty  : uid=1000(system) Binder:1197_20 expire 10 lines
07-20 15:57:03.057  1197  1211 I chatty  : uid=1000(system) Binder:1197_2 expire 13 lines
07-20 15:57:32.686  3986  3986 V ActivityThread: Finishing stop of ActivityRecord{d5bd12d token=android.os.BinderProxy@225b823 {com.huawei.android.launcher/com.huawei.android.launcher.unihome.UniHomeLauncher}}
07-20 15:57:32.687  1197  1223 I chatty  : uid=1000(system) android.ui expire 5 lines
07-20 15:57:32.783  1197  1234 I chatty  : uid=1000(system) PowerManagerSer expire 21 lines
07-20 15:57:32.794  1197  1720 I chatty  : uid=1000(system) PhotonicModulat expire 4 lines
07-20 15:57:32.807  1197  1231 I chatty  : uid=1000(system) android.display expire 7 lines
07-20 15:57:32.957  1766  1766 W FingerprintManager: Invalid acquired message: 6, 1001
07-20 15:57:32.984  1197  1905 I chatty  : uid=1000(system) Binder:1197_4 expire 9 lines
07-20 15:57:33.619  2936 15370 W ContextImpl: Calling a method in the system process without a qualified user: android.app.ContextImpl.bindService:1736 android.content.ContextWrapper.bindService:678 com.huawei.nb.dataservice.dsclient.RemoteServiceConnection.open:90 com.huawei.nb.dataservice.dsclient.DataServiceProxy.connect:105 com.huawei.nb.dataservice.rsclient.internal.RemoteRuleService.start:27 
07-20 15:57:37.608  1766  1766 V KeyguardViewMediator: updateInputRestrictedLocked 1 isInputApp = false, inputRestricted = true
07-20 15:57:37.710  1766  1766 V KeyguardStatusView: refresh statusview showing:true
07-20 15:57:37.735  1766  1766 V KeyguardDisplayManager: show
07-20 15:57:37.768  2150  2482 D AntiBruteForceProcessor: RemainingAuthenticateNum = 5
07-20 15:57:37.772  1197 10361 I chatty  : uid=1000(system) Binder:1197_20 expire 11 lines
07-20 15:57:37.787  3986  3986 V ActivityThread: Handle window ActivityRecord{d5bd12d token=android.os.BinderProxy@225b823 {com.huawei.android.launcher/com.huawei.android.launcher.unihome.UniHomeLauncher}} visibility: false
07-20 15:57:37.798  1197  2223 I chatty  : uid=1000(system) Binder:1197_8 expire 13 lines
07-20 15:57:37.880  1197  1367 I chatty  : uid=1000(system) android.anim expire 3 lines
07-20 15:57:45.231  1197  1219 I chatty  : uid=1000(system) android.bg expire 11 lines
07-20 15:58:36.252  1766  1766 W PowerUI : unknown intent: Intent { act=android.intent.action.ACTION_POWER_DISCONNECTED flg=0x4000010 (has extras) }
07-20 15:58:36.260  1197  1227 I chatty  : uid=1000(system) batterystats-sy expire 4 lines
07-20 15:58:36.278  1197  1229 I chatty  : uid=1000(system) android.fg expire 4 lines
07-20 15:58:36.337  1197  1222 I chatty  : uid=1000(system) ActivityManager expire 14 lines
07-20 15:58:36.371  1197  1197 I chatty  : uid=1000 system_server expire 44 lines
07-20 15:58:36.398 21074 21074 D ActivityThread: ActivityThread,attachApplication
07-20 15:58:36.452  1197  1234 I chatty  : uid=1000(system) PowerManagerSer expire 8 lines
07-20 15:58:36.455 21098 21098 D ActivityThread: ActivityThread,attachApplication
07-20 15:58:36.469 21115 21115 D ActivityThread: ActivityThread,attachApplication
07-20 15:58:36.472  1197 10340 I chatty  : uid=1000(system) Binder:1197_1F expire 2 lines
07-20 15:58:36.546   428   436 I vold    : TrimTask running tasks: 0
07-20 15:58:36.559  1197  1634 I chatty  : uid=1000(system) WifiService expire 1 line
07-20 15:58:36.665  1197  2225 I chatty  : uid=1000(system) Binder:1197_A expire 10 lines
07-20 15:58:36.687  1197  3976 I chatty  : uid=1000(system) Binder:1197_1A expire 1 line
07-20 15:58:36.690  2936  2993 W SettingsEx: SettingsEx.Systemex.getInt deprecated use Settings.System.getInt instead ;callers=com.huawei.recsys.util.SystemUtil.getNotificationUpdateMode:169 com.huawei.recsys.util.SystemUtil.isAllowUpdate:104 com.huawei.recsys.controller.notification.http.NotificationUpdateController.startNotificationUpdate:85 
07-20 15:58:36.789  2936 15682 W ContextImpl: Calling a method in the system process without a qualified user: android.app.ContextImpl.bindService:1736 android.content.ContextWrapper.bindService:678 com.huawei.nb.dataservice.dsclient.RemoteServiceConnection.open:90 com.huawei.nb.dataservice.dsclient.DataServiceProxy.connect:105 com.huawei.nb.dataservice.rsclient.internal.RemoteRuleService.start:27 
07-20 15:58:37.264  1197  2764 I chatty  : uid=1000(system) HwUsbHDBManager expire 2 lines
07-20 15:58:37.525 21172 21172 D ActivityThread: ActivityThread,attachApplication
07-20 15:58:41.651  1197  1373 I chatty  : uid=1000(system) UEventObserver expire 4 lines
07-20 15:58:41.684  1766  1766 W PowerUI : unknown intent: Intent { act=android.intent.action.ACTION_POWER_CONNECTED flg=0x4000010 (has extras) }
07-20 15:58:41.751   749   749 I chatty  : uid=1000(system) gnss@1.0-servic expire 4 lines
07-20 15:58:41.752  1197  1630 I chatty  : uid=1000(system) NetdConnector expire 2 lines
07-20 15:58:41.773  1197  1211 I chatty  : uid=1000(system) Binder:1197_2 expire 7 lines
07-20 15:58:41.815  1197 10340 I chatty  : uid=1000(system) Binder:1197_1F expire 13 lines
07-20 15:58:41.830 21247 21247 D ActivityThread: ActivityThread,attachApplication
07-20 15:58:41.930  1197  1367 I chatty  : uid=1000(system) android.anim expire 10 lines
07-20 15:58:41.983   749  2144 I chatty  : uid=1000(system) IPC Thread expire 14 lines
07-20 15:58:42.760  1197  2116 I chatty  : uid=1000(system) watchdog expire 1 line
07-20 15:58:42.793 21329 21329 D ActivityThread: ActivityThread,attachApplication
07-20 15:58:46.869 21365 21365 D ActivityThread: ActivityThread,attachApplication
07-20 15:58:48.093  1197  3963 I chatty  : uid=1000(system) Binder:1197_17 expire 13 lines
07-20 15:58:48.124  1197  1197 I chatty  : uid=1000 system_server expire 28 lines
