07-20 16:38:51.897 24996 24996 I Monkey  : :Sending Trackball (ACTION_MOVE): 0:(4.0,3.0)
07-20 16:38:51.897 24996 24996 E Input   : getAxisValue(): x--2.0-0.0--2.0
07-20 16:38:51.897 24996 24996 E Input   : getAxisValue(): y--1.0-0.0--1.0
07-20 16:38:51.897 24996 24996 I Monkey  : :Sending Trackball (ACTION_MOVE): 0:(-2.0,-1.0)
07-20 16:38:51.898 24996 24996 E Input   : getAxisValue(): y--2.0-0.0--2.0
07-20 16:38:51.898 24996 24996 I Monkey  : :Sending Trackball (ACTION_MOVE): 0:(3.0,-2.0)
07-20 16:38:51.898 24996 24996 I Monkey  : :Sending Trackball (ACTION_MOVE): 0:(2.0,4.0)
07-20 16:38:51.898 24996 24996 E Input   : getAxisValue(): y--3.0-0.0--3.0
07-20 16:38:51.898 24996 24996 I Monkey  : :Sending Trackball (ACTION_MOVE): 0:(3.0,-3.0)
07-20 16:38:51.899 24996 24996 I Monkey  : :Sending Trackball (ACTION_MOVE): 0:(2.0,2.0)
07-20 16:38:51.899 24996 24996 E Input   : getAxisValue(): x--1.0-0.0--1.0
07-20 16:38:51.899 24996 24996 I Monkey  : :Sending Trackball (ACTION_MOVE): 0:(-1.0,4.0)
07-20 16:38:51.900 24996 24996 I Monkey  : :Sending Touch (ACTION_DOWN): 0:(17.0,1081.0)
07-20 16:38:51.901 24996 24996 I Monkey  : :Sending Touch (ACTION_UP): 0:(2.8023367,1089.886)
07-20 16:38:51.901 24996 24996 I Monkey  : Sleeping for 300 milliseconds
07-20 16:38:51.910  1197  3767 I chatty  : uid=1000(system) Binder:1197_14 expire 54 lines
07-20 16:38:51.910 24996 25011 I Monkey  :     // Allowing start of Intent { cmp=com.jieshun.jslife/.activity.userinfo.OpenDoorApplyWebViewActivity } in package com.jieshun.jslife
07-20 16:38:51.916  3129  3129 D KeyEvent: obtain, mHwFlags=0
07-20 16:38:51.917  3129  3129 D KeyEvent: obtain, mHwFlags=0
07-20 16:38:51.938   687   885 E BufferQueueProducer: [SurfaceView - com.jieshun.jslife/com.jieshun.jslife.activity.common.MainFragmentActivity#1] disconnect: not connected (req=1)
07-20 16:38:51.956  6101  6101 V ActivityThread: ActivityThread,callActivityOnCreate
07-20 16:38:51.957  1197  3974 I chatty  : uid=1000(system) Binder:1197_18 expire 13 lines
07-20 16:38:51.958  1197  1367 I chatty  : uid=1000(system) android.anim expire 31 lines
07-20 16:38:51.959   749  2144 D libgps  : proxy_gnss_sv_status_cb: called. num_svs(7)
07-20 16:38:51.963  1197  2138 I chatty  : uid=1000(system) LocationThread expire 15 lines
07-20 16:38:51.964  1197 24966 I chatty  : uid=1000 system_server expire 4 lines
07-20 16:38:52.018  1197  2276 I chatty  : uid=1000(system) Binder:1197_B expire 8 lines
07-20 16:38:52.018  1197  1650 I chatty  : uid=1000(system) ConnectivitySer expire 6 lines
07-20 16:38:52.019  2209  3617 D PhoneInterfaceManager: [PhoneIntfMgr] getDataEnabled: subId=0 phoneId=0
07-20 16:38:52.019  2209  3617 D PhoneInterfaceManager: [PhoneIntfMgr] getDataEnabled: subId=0 retVal=true
07-20 16:38:52.036   740   740 E Thermal-daemon: [flash_led] temp_new :37  temp_old :38
07-20 16:38:52.036  2196  5310 I ThermalService: Receive temperature change, type: 3, temp: 37 from thermald
07-20 16:38:52.036  2196  4503 D HwThermalStateManager: Thermal type: 3 cur_temperature:37
07-20 16:38:52.036  2196  4503 W HwThermalStateManager: warning: no config thermal type:3 temperature:37
07-20 16:38:52.036   740   740 E Thermal-daemon: Report temperature: [flash_led] temp :37  report_threshold:1
07-20 16:38:52.053 25205 25205 I         : power log dlsym ok
07-20 16:38:52.053 25205 25205 E /system/bin/webview_zygote32: failed to make and chown /acct/uid_99027: Permission denied
07-20 16:38:52.053 25205 25205 E Zygote  : createProcessGroup(99027, 0) failed: Permission denied
07-20 16:38:52.053  6101  6101 D ActivityThread: add activity client record, r= ActivityRecord{3da66f4 token=android.os.BinderProxy@2c9a10b {com.jieshun.jslife/com.jieshun.jslife.activity.userinfo.OpenDoorApplyWebViewActivity}} token= android.os.BinderProxy@2c9a10b
07-20 16:38:52.054 25205 25205 I /system/bin/webview_zygote32: Reinit property: dalvik.vm.checkjni= false
07-20 16:38:52.056  2150  2551 E HsmCoreServiceImpl: onTransact in code is: 103
07-20 16:38:52.056  2150  2551 I MediaProcessHandler: playingUids: 
07-20 16:38:52.057  6101  6201 I chatty  : uid=10176(u0_a176) pool-3-thread-1 expire 9 lines
07-20 16:38:52.060  6101  6101 D ActivityThread: Remove activity client record, r= ActivityRecord{88eb237 token=android.os.BinderProxy@42b5e29 {com.jieshun.jslife/com.jieshun.jslife.activity.userinfo.ConsumeOrderDetailActivity}} token= android.os.BinderProxy@42b5e29
07-20 16:38:52.064  6101 25195 I chatty  : uid=10176(u0_a176) TbsHandlerThrea expire 4 lines
07-20 16:38:52.067 25205 25205 I SamplingProfilerIntegration: Profiling disabled.
07-20 16:38:52.068 25205 25205 E libc    : Access denied finding property "runtime.mmitest.isrunning"
07-20 16:38:52.063 25205 25205 W re-initialized>: type=1400 audit(0.0:4220): avc: denied { read } for name="u:object_r:mmi_prop:s0" dev="tmpfs" ino=3473 scontext=u:r:isolated_app:s0:c512,c768 tcontext=u:object_r:mmi_prop:s0 tclass=file permissive=0
07-20 16:38:52.069 25205 25205 D ActivityThread: ActivityThread,attachApplication
07-20 16:38:52.072   494 25218 D libc    : GetAddrInfoHandler addr: xxx.80.80.80
07-20 16:38:52.079   414   414 W /system/bin/hwservicemanager: Cannot open /odm/manifest.xml
07-20 16:38:52.088 25205 25205 I HwCust  : Constructor found for class android.app.HwCustApplicationPackageManagerImpl
07-20 16:38:52.088 25205 25205 D HwCust  : Create obj success use class android.app.HwCustApplicationPackageManagerImpl
07-20 16:38:52.093   413   413 E ServiceManager: try to find service failed, not allowed access from isolated processes.
07-20 16:38:52.096   414   414 W /system/bin/hwservicemanager: Cannot open /odm/manifest.xml
07-20 16:38:52.097 25205 25205 D HwFLClassLoader: USE_FEATURE_LIST had not init! 
07-20 16:38:52.102 25205 25205 E asset   : createFromFile(): lock file /data/resource-cache/product@overlay@frameworkResOverlay.apk@idmap.
07-20 16:38:52.106 25224 25224 E asset   : setgid: Operation not permitted
07-20 16:38:52.107   687   687 D SurfaceFlinger: duplicate layer name: changing com.jieshun.jslife/com.jieshun.jslife.activity.userinfo.OpenDoorApplyWebViewActivity to com.jieshun.jslife/com.jieshun.jslife.activity.userinfo.OpenDoorApplyWebViewActivity#1
07-20 16:38:52.117  3129  3129 I wangchen: SysInfo.getSysParam: orientation=1||config d=3.0,w=1080,h=1920||metrics d=3.0,w=1080,h=1920||sdk=26,bar_h=72
07-20 16:38:52.117  3129  3129 I KeymapLoader: w=1080 h=1920 ori=true appScale=3.3 s1=3.0
07-20 16:38:52.120  3129  3129 I wangchen: SysInfo.getSysParam: orientation=1||config d=3.0,w=1080,h=1920||metrics d=3.0,w=1080,h=1920||sdk=26,bar_h=72
07-20 16:38:52.120  3129  3129 I KeymapLoader: w=1080 h=1920 ori=true appScale=3.3 s1=3.0
07-20 16:38:52.121 25205 25205 E EasyInvokeUtils: no target fieldName
07-20 16:38:52.122 25205 25205 I chatty  : uid=99027(u0_i27) identical 6 lines
07-20 16:38:52.122 25205 25205 E EasyInvokeUtils: no target fieldName
07-20 16:38:52.127   413   413 E ServiceManager: try to find service failed, not allowed access from isolated processes.
07-20 16:38:52.128 25205 25205 I LoadedApk: No resource references to update in package com.google.android.webview
07-20 16:38:52.128 25205 25205 E MemoryLeakMonitorManager: MemoryLeakMonitor.jar is not exist!
07-20 16:38:52.129  2196  2296 I ScenarioService: check surface view pkg: com.jieshun.jslife
07-20 16:38:52.131   687   882 E BufferQueueProducer: [com.jieshun.jslife/com.jieshun.jslife.activity.common.MainFragmentActivity#0] disconnect: not connected (req=1)
07-20 16:38:52.181 25205 25205 E Minikin : Could not get cmap table size!
07-20 16:38:52.183 25205 25205 I cr_ChildProcessService: Creating new ChildProcessService pid=25205
07-20 16:38:52.202 24996 24996 I Monkey  : :Sending Touch (ACTION_DOWN): 0:(770.0,1297.0)
07-20 16:38:52.204 24996 24996 I Monkey  : :Sending Touch (ACTION_UP): 0:(774.29034,1311.896)
07-20 16:38:52.205 24996 24996 I Monkey  : Sleeping for 300 milliseconds
07-20 16:38:52.208 25205 25227 I cr_LibraryLoader: Time to load native libraries: 0 ms (timestamps 6190-6190)
07-20 16:38:52.209 25205 25227 I chromium: [INFO:library_loader_hooks.cc(36)] Chromium logging enabled: level = 0, default verbosity = 0
07-20 16:38:52.209 25205 25227 I cr_LibraryLoader: Expected native library version number "66.0.3359.126", actual native library version number "66.0.3359.126"
07-20 16:38:52.233   746   802 I Pged-IPgedBinderService: ****action is 2, pid num is 13***
07-20 16:38:52.233   746   802 I Pged-Freezer: thawPids
07-20 16:38:52.235  2196  2750 D PgedBinderAdapter: unfrz ok, pid: [18730, 18021, 18541, 18417, 18035, 18301, 23446, 7042, 21643, 7075, 7133, 20168]
07-20 16:38:52.251  6101 24006 I chatty  : uid=10176(u0_a176) Chrome_InProcGp expire 2 lines
07-20 16:38:52.488   687  2895 E BufferQueueProducer: [com.jieshun.jslife/com.jieshun.jslife.activity.userinfo.OpenDoorApplyWebViewActivity#1] disconnect: not connected (req=1)
07-20 16:38:52.508 24996 24996 I Monkey  : :Sending Touch (ACTION_DOWN): 0:(763.0,470.0)
07-20 16:38:52.509  3129  3129 I wangchen: SysInfo.getSysParam: orientation=1||config d=3.0,w=1080,h=1920||metrics d=3.0,w=1080,h=1920||sdk=26,bar_h=72
07-20 16:38:52.509  3129  3129 I KeymapLoader: w=1080 h=1920 ori=true appScale=3.3 s1=3.0
07-20 16:38:52.513 24996 24996 I Monkey  : :Sending Touch (ACTION_UP): 0:(767.6369,471.92334)
07-20 16:38:52.519 24996 24996 I Monkey  : Sleeping for 300 milliseconds
07-20 16:38:52.819 24996 24996 E Input   : getAxisValue(): x--2.0-0.0--2.0
07-20 16:38:52.820 24996 24996 E Input   : getAxisValue(): y--2.0-0.0--2.0
07-20 16:38:52.820 24996 24996 I Monkey  : :Sending Trackball (ACTION_MOVE): 0:(-2.0,-2.0)
07-20 16:38:52.822 24996 24996 E Input   : getAxisValue(): y--4.0-0.0--4.0
07-20 16:38:52.823 24996 24996 I Monkey  : :Sending Trackball (ACTION_MOVE): 0:(2.0,-4.0)
07-20 16:38:52.825 24996 24996 E Input   : getAxisValue(): x--5.0-0.0--5.0
07-20 16:38:52.825 24996 24996 I Monkey  : :Sending Trackball (ACTION_MOVE): 0:(-5.0,3.0)
07-20 16:38:52.827 24996 24996 E Input   : getAxisValue(): x--3.0-0.0--3.0
07-20 16:38:52.827 24996 24996 E Input   : getAxisValue(): y--4.0-0.0--4.0
07-20 16:38:52.828 24996 24996 I Monkey  : :Sending Trackball (ACTION_MOVE): 0:(-3.0,-4.0)
07-20 16:38:52.829 24996 24996 E Input   : getAxisValue(): x--5.0-0.0--5.0
07-20 16:38:52.830 24996 24996 E Input   : getAxisValue(): y--4.0-0.0--4.0
07-20 16:38:52.830 24996 24996 I Monkey  : :Sending Trackball (ACTION_MOVE): 0:(-5.0,-4.0)
07-20 16:38:52.831 24996 24996 E Input   : getAxisValue(): x--4.0-0.0--4.0
07-20 16:38:52.832 24996 24996 E Input   : getAxisValue(): y--3.0-0.0--3.0
07-20 16:38:52.832 24996 24996 I Monkey  : :Sending Trackball (ACTION_MOVE): 0:(-4.0,-3.0)
07-20 16:38:52.834 24996 24996 E Input   : getAxisValue(): x--3.0-0.0--3.0
07-20 16:38:52.835 24996 24996 I Monkey  : :Sending Trackball (ACTION_MOVE): 0:(-3.0,1.0)
07-20 16:38:52.838 24996 24996 I Monkey  : :Sending Trackball (ACTION_MOVE): 0:(3.0,4.0)
07-20 16:38:52.841 24996 24996 E Input   : getAxisValue(): x--4.0-0.0--4.0
07-20 16:38:52.841 24996 24996 E Input   : getAxisValue(): y--2.0-0.0--2.0
07-20 16:38:52.841  3129  3129 D KeyEvent: obtain, mHwFlags=0
07-20 16:38:52.841  3129  3129 D KeyEvent: obtain, mHwFlags=0
07-20 16:38:52.841 24996 24996 I Monkey  : :Sending Trackball (ACTION_MOVE): 0:(-4.0,-2.0)
07-20 16:38:52.841  3129  3129 D KeyEvent: obtain, mHwFlags=0
07-20 16:38:52.842  3129  3129 D KeyEvent: obtain, mHwFlags=0
07-20 16:38:52.843 24996 24996 E Input   : getAxisValue(): y--1.0-0.0--1.0
07-20 16:38:52.843 24996 24996 I Monkey  : :Sending Trackball (ACTION_MOVE): 0:(1.0,-1.0)
07-20 16:38:52.849 24996 24996 I Monkey  : :Sending Touch (ACTION_DOWN): 0:(481.0,7.0)
07-20 16:38:52.857 24996 24996 I Monkey  : :Sending Touch (ACTION_UP): 0:(480.60248,14.068987)
07-20 16:38:52.858 24996 24996 I Monkey  : Sleeping for 300 milliseconds
07-20 16:38:52.858  3129  3129 D KeyEvent: obtain, mHwFlags=0
07-20 16:38:52.961   749  2144 D libgps  : proxy_gnss_sv_status_cb: called. num_svs(7)
07-20 16:38:52.966  1197 24967 I chatty  : uid=1000 system_server expire 2 lines
07-20 16:38:53.161 24996 24996 I Monkey  : :Sending Touch (ACTION_DOWN): 0:(402.0,770.0)
07-20 16:38:53.165 24996 24996 I Monkey  : :Sending Touch (ACTION_UP): 0:(403.7311,788.7318)
07-20 16:38:53.169 24996 24996 I Monkey  : Sleeping for 300 milliseconds
07-20 16:38:53.435  2196  4753 I DownloadState: @@@@@@@@@@@@ uid :10176 download :true
07-20 16:38:53.435  2196  4753 I PGServer: report state:5 event type:1 pid:0 uid:10176 pkg:null to pid: 1197
07-20 16:38:53.471 24996 24996 I Monkey  : :Sending Touch (ACTION_DOWN): 0:(1023.0,1346.0)
07-20 16:38:53.486 24996 24996 I Monkey  : :Sending Touch (ACTION_UP): 0:(1019.2771,1346.2991)
07-20 16:38:53.489 24996 24996 I Monkey  : Sleeping for 300 milliseconds
07-20 16:38:53.791 24996 24996 I Monkey  : :Sending Touch (ACTION_DOWN): 0:(141.0,642.0)
07-20 16:38:53.796 24996 24996 I Monkey  : :Sending Touch (ACTION_UP): 0:(146.88478,636.1368)
07-20 16:38:53.801 24996 24996 I Monkey  : Sleeping for 300 milliseconds
07-20 16:38:53.914  9958 10037 D MSF.C.NetConnTag: pa ok: 99898
07-20 16:38:53.915  9958 10037 D MSF.C.NetConnTag: netSend ssoSeq:99898 uin:*5595 cmd:GRIBLjU2IAk8IH4zPywQNC4mMTgZNzA0Pg 101028 3834139
07-20 16:38:53.976   749  2144 D libgps  : proxy_gnss_sv_status_cb: called. num_svs(7)
07-20 16:38:53.979  9958 10060 D MSF.C.NetConnTag: netRecv ssoSeq:99898 uin:*5595 cmd:GRIBLjU2IAk8IH4zPywQNC4mMTgZNzA0Pg 101328 cross:0
07-20 16:38:53.985  9864 10157 I UndealCount.QZoneUnreadServletLogic: recv Qzone Unread Push: Feed
07-20 16:38:53.987  9958 10048 I MSF.S.AppProcessManager: SendToApp process:com.tencent.mobileqq fromServiceMsg: FromServiceMsg msName:unknown ssoSeq:99898 serviceCmd:SQQzoneSvc.getUndealCount appSeq:677 failCode:1000 cost=7 needBoot=false
07-20 16:38:53.992  1197 24968 I chatty  : uid=1000 system_server expire 2 lines
07-20 16:38:54.024  9864 10157 E UndealCount.QZoneUnreadServletLogic: creditlevel:2 message:
07-20 16:38:54.024  9864 10157 D groffatest: saveGrayOperate: 8
07-20 16:38:54.031  9864 25250 I MainAssistObserver.LebaTabRedTouch: updateTabLebaNotify: totalCount=0, qz=0, numRedTouch=0, redNumPointNums=0, numRedNums=0, readInJoyNotifyCount=0, nearbyNum=0, storyRedNum=0, campusRedTouchCountForAdd=0, allPeopleVoteRedNumCount=0
07-20 16:38:54.031  9864 25250 D UndealCount.MainAssistObserver: isNewQzoneMsgExist: true
07-20 16:38:54.031  9864 25250 I MainAssistObserver.LebaTabRedTouch: updateTabLebaNotify hasReddot; redpointMums = 0,isReadinjoyNotifyNeedsDisplayfalse,nearbyHasRedPoint = false, allPeopleVotePointCount=0
07-20 16:38:54.102 24996 24996 I Monkey  : :Sending Touch (ACTION_DOWN): 0:(25.0,338.0)
07-20 16:38:54.107 24996 24996 I Monkey  : :Sending Touch (ACTION_UP): 0:(24.049437,337.8369)
07-20 16:38:54.110 24996 24996 I Monkey  : Sleeping for 300 milliseconds
07-20 16:38:54.411 24996 24996 I Monkey  : :Sending Touch (ACTION_DOWN): 0:(720.0,607.0)
07-20 16:38:54.416 24996 24996 I Monkey  : :Sending Touch (ACTION_UP): 0:(719.9581,615.4417)
07-20 16:38:54.419 24996 24996 I Monkey  : Sleeping for 300 milliseconds
07-20 16:38:54.722 24996 24996 I Monkey  : :Sending Touch (ACTION_DOWN): 0:(808.0,1634.0)
07-20 16:38:54.728 24996 24996 I Monkey  : :Sending Touch (ACTION_UP): 0:(807.50085,1628.5201)
07-20 16:38:54.735 24996 24996 I Monkey  : Sleeping for 300 milliseconds
07-20 16:38:54.948 24996 25011 I Monkey  :     // activityResuming(com.jieshun.jslife)
07-20 16:38:55.012   749  2144 D libgps  : proxy_gnss_sv_status_cb: called. num_svs(7)
07-20 16:38:55.044 24996 24996 I Monkey  : :Sending Touch (ACTION_DOWN): 0:(163.0,1121.0)
07-20 16:38:55.047 24996 24996 I Monkey  : :Sending Touch (ACTION_UP): 0:(161.2146,1112.1846)
07-20 16:38:55.047 24996 24996 I Monkey  : Sleeping for 300 milliseconds
07-20 16:38:55.071   687   687 D SurfaceFlinger: duplicate layer name: changing SurfaceView - com.jieshun.jslife/com.jieshun.jslife.activity.common.MainFragmentActivity to SurfaceView - com.jieshun.jslife/com.jieshun.jslife.activity.common.MainFragmentActivity#2
07-20 16:38:55.072   687   687 D SurfaceFlinger: duplicate layer name: changing Background for - SurfaceView - com.jieshun.jslife/com.jieshun.jslife.activity.common.MainFragmentActivity to Background for - SurfaceView - com.jieshun.jslife/com.jieshun.jslife.activity.common.MainFragmentActivity#2
07-20 16:38:55.100  2150  2551 E HsmCoreServiceImpl: onTransact in code is: 103
07-20 16:38:55.101  2150  2551 I MediaProcessHandler: playingUids: 
07-20 16:38:55.104   687   885 E BufferQueueProducer: [SurfaceView - com.jieshun.jslife/com.jieshun.jslife.activity.common.MainFragmentActivity#2] disconnect: not connected (req=1)
07-20 16:38:55.134   687  2895 E BufferQueueProducer: [com.jieshun.jslife/com.jieshun.jslife.activity.userinfo.OpenDoorApplyWebViewActivity#0] disconnect: not connected (req=1)
07-20 16:38:55.144  3129  3129 I wangchen: SysInfo.getSysParam: orientation=1||config d=3.0,w=1080,h=1920||metrics d=3.0,w=1080,h=1920||sdk=26,bar_h=72
07-20 16:38:55.145  3129  3129 I KeymapLoader: w=1080 h=1920 ori=true appScale=3.3 s1=3.0
07-20 16:38:55.348 24996 24996 I Monkey  : :Sending Touch (ACTION_DOWN): 0:(76.0,1345.0)
07-20 16:38:55.350 24996 24996 I Monkey  : :Sending Touch (ACTION_UP): 0:(90.060234,1329.6622)
07-20 16:38:55.351 24996 24996 I Monkey  : Sleeping for 300 milliseconds
07-20 16:38:55.370 24996 25011 I Monkey  :     // Allowing start of Intent { cmp=com.jieshun.jslife/.activity.userinfo.AboutJSActivity } in package com.jieshun.jslife
07-20 16:38:55.377   687  2895 E BufferQueueProducer: [SurfaceView - com.jieshun.jslife/com.jieshun.jslife.activity.common.MainFragmentActivity#2] disconnect: not connected (req=1)
07-20 16:38:55.394   746   790 W         : iawared check failed: pid = 7987  uid=99000
07-20 16:38:55.394  6101  6101 V ActivityThread: ActivityThread,callActivityOnCreate
07-20 16:38:55.397  2196  5310 I PGServer: android calls fast hibernateApps
07-20 16:38:55.397  2196  5310 I AppFastHibernation: fast hibernate duration: 1500 reason: start activity
07-20 16:38:55.397   746   802 I Pged-IPgedBinderService: ****action is 1, pid num is 13***
07-20 16:38:55.397   746   802 I Pged-Freezer: freezePids
07-20 16:38:55.397   746   802 I Pged-Freezer: Freeze process: 18730
07-20 16:38:55.398   746   802 I Pged-Freezer: Freeze process: 18021
07-20 16:38:55.398   746   802 I Pged-Freezer: Freeze process: 18541
07-20 16:38:55.398   746   802 I Pged-Freezer: Freeze process: 18417
07-20 16:38:55.398   746   802 I Pged-Freezer: Freeze process: 18035
07-20 16:38:55.398   746   802 I Pged-Freezer: Freeze process: 18301
07-20 16:38:55.399   746   802 I Pged-Freezer: Freeze process: 23446
07-20 16:38:55.399   746   802 I Pged-Freezer: Freeze process: 7042
07-20 16:38:55.399   746   802 I Pged-Freezer: Freeze process: 21643
07-20 16:38:55.399   746   802 I Pged-Freezer: Freeze process: 7075
07-20 16:38:55.399   746   802 I Pged-Freezer: Freeze process: 7133
07-20 16:38:55.399   746   802 I Pged-Freezer: Freeze process: 20168
07-20 16:38:55.400  2196  2750 D PgedBinderAdapter: frz ok, pid: [18730, 18021, 18541, 18417, 18035, 18301, 23446, 7042, 21643, 7075, 7133, 20168]
07-20 16:38:55.463  6101  6101 D ActivityThread: add activity client record, r= ActivityRecord{322e34a token=android.os.BinderProxy@91c6a53 {com.jieshun.jslife/com.jieshun.jslife.activity.userinfo.AboutJSActivity}} token= android.os.BinderProxy@91c6a53
07-20 16:38:55.485  2150  2551 E HsmCoreServiceImpl: onTransact in code is: 103
07-20 16:38:55.485  2150  2551 I MediaProcessHandler: playingUids: 
07-20 16:38:55.486  1197 10361 I chatty  : uid=1000(system) Binder:1197_20 expire 12 lines
07-20 16:38:55.503  6101  6101 D ActivityThread: Remove activity client record, r= ActivityRecord{3da66f4 token=android.os.BinderProxy@2c9a10b {com.jieshun.jslife/com.jieshun.jslife.activity.userinfo.OpenDoorApplyWebViewActivity}} token= android.os.BinderProxy@2c9a10b
07-20 16:38:55.503  1197  2580 I chatty  : uid=1000(system) Binder:1197_D expire 13 lines
07-20 16:38:55.511  3129  3129 I wangchen: SysInfo.getSysParam: orientation=1||config d=3.0,w=1080,h=1920||metrics d=3.0,w=1080,h=1920||sdk=26,bar_h=72
07-20 16:38:55.511  3129  3129 I KeymapLoader: w=1080 h=1920 ori=true appScale=3.3 s1=3.0
07-20 16:38:55.529  1197  1367 I chatty  : uid=1000(system) android.anim expire 24 lines
07-20 16:38:55.537  2196  2296 I ScenarioService: check surface view pkg: com.jieshun.jslife
07-20 16:38:55.539   687   882 E BufferQueueProducer: [com.jieshun.jslife/com.jieshun.jslife.activity.common.MainFragmentActivity#0] disconnect: not connected (req=1)
07-20 16:38:55.543  1197  1224 I chatty  : uid=1000(system) ActivityManager expire 1 line
07-20 16:38:55.560  2150  2551 E HsmCoreServiceImpl: onTransact in code is: 102
07-20 16:38:55.560  2150  2551 I MediaProcessHandler: processOp opType: 1, uid: 10176, pid: 25205
07-20 16:38:55.560  2150  2551 W MediaProcessHandler: remove target not exist, maybe the UI process: uid: 10176, pid: 25205
07-20 16:38:55.560  2150  2551 I MediaProcessHandler: executedCallBack opType: 1 mMediaStatusObservers.size=0
07-20 16:38:55.560  1197  1388 I chatty  : uid=1000(system) sManagerService expire 1 line
07-20 16:38:55.652 24996 24996 I Monkey  : :Sending Touch (ACTION_DOWN): 0:(1075.0,1386.0)
07-20 16:38:55.653 24996 24996 I Monkey  : :Sending Touch (ACTION_UP): 0:(1075.0214,1386.6631)
07-20 16:38:55.654 24996 24996 I Monkey  : Sleeping for 300 milliseconds
07-20 16:38:55.962 24996 24996 I Monkey  : :Sending Touch (ACTION_DOWN): 0:(994.0,1521.0)
07-20 16:38:55.966 24996 24996 I Monkey  : :Sending Touch (ACTION_UP): 0:(993.4746,1533.0723)
07-20 16:38:55.969 24996 24996 I Monkey  : Sleeping for 300 milliseconds
07-20 16:38:55.974   749  2144 D libgps  : proxy_gnss_sv_status_cb: called. num_svs(7)
07-20 16:38:55.976  1197 22952 I chatty  : uid=1000(system) ipl_recv expire 11 lines
07-20 16:38:55.981  1197  2138 I chatty  : uid=1000(system) LocationThread expire 16 lines
07-20 16:38:56.058   663   663 I audio_hw_primary: usb_ext_get_parameters: check show hires (false)
07-20 16:38:56.058   724 19351 I hash_map_utils: key: 'typec_need_show_hires' value: ''
07-20 16:38:56.060  1197  1197 I chatty  : uid=1000 system_server expire 2 lines
07-20 16:38:56.271 24996 24996 I Monkey  : :Sending Touch (ACTION_DOWN): 0:(978.0,421.0)
07-20 16:38:56.275 24996 24996 I Monkey  : :Sending Touch (ACTION_UP): 0:(981.6597,416.77856)
07-20 16:38:56.279 24996 24996 I Monkey  : Sleeping for 300 milliseconds
07-20 16:38:56.581 24996 24996 I Monkey  : :Sending Touch (ACTION_DOWN): 0:(1022.0,906.0)
07-20 16:38:56.585 24996 24996 I Monkey  : :Sending Touch (ACTION_UP): 0:(1020.6474,913.156)
07-20 16:38:56.590 24996 24996 I Monkey  : Sleeping for 300 milliseconds
07-20 16:38:56.734  2196  4503 I LogPowerAdapter: do thermal temperature:35action:app_ctrl value:0 to PG
07-20 16:38:56.735  2196  4503 D HwPolicyDispatcher: send ctrl to PG,0
07-20 16:38:56.737  2196  2756 I TClean  : TClean trigger policy = 0
07-20 16:38:56.739  2196  2756 I HardwareAdapter: file:/sys/class/hw_power/charger/direct_charger/adaptor_detect, fileExists:false, fileCanRead:false
07-20 16:38:56.741  2196  2756 I HardwareAdapter: isOnlyChargingType adaptor_detect=null
07-20 16:38:56.743  2196  2756 I HardwareAdapter: isOnlyChargingType chargerType=0
07-20 16:38:56.744  2196  2756 I ash     : not only power charing.
07-20 16:38:56.893 24996 24996 I Monkey  : :Sending Touch (ACTION_DOWN): 0:(483.0,1331.0)
07-20 16:38:56.900 24996 24996 I Monkey  : :Sending Touch (ACTION_UP): 0:(482.43402,1337.1414)
07-20 16:38:56.902   746   802 I Pged-IPgedBinderService: ****action is 2, pid num is 13***
07-20 16:38:56.902   746   802 I Pged-Freezer: thawPids
07-20 16:38:56.912 24996 24996 I Monkey  : Sleeping for 300 milliseconds
07-20 16:38:56.922  2196  2750 D PgedBinderAdapter: unfrz ok, pid: [18730, 18021, 18541, 18417, 18035, 18301, 23446, 7042, 21643, 7075, 7133, 20168]
07-20 16:38:57.013   749  2144 D libgps  : proxy_gnss_sv_status_cb: called. num_svs(7)
07-20 16:38:57.014  1197  1246 I chatty  : uid=1000(system) HwBinder:1197_1 expire 13 lines
07-20 16:38:57.037   740   740 E Thermal-daemon: [battery] temp_new :35  temp_old :34
07-20 16:38:57.038  2196  5310 I ThermalService: Receive temperature change, type: 9, temp: 35 from thermald
07-20 16:38:57.039  2196  5310 I ThermalTrace_ThermalRaise: Battery:35
07-20 16:38:57.040   740   740 E Thermal-daemon: Report temperature: [battery] temp :35  report_threshold:1
07-20 16:38:57.056  6101 19852 I zygote  : Explicit concurrent copying GC freed 19756(1473KB) AllocSpace objects, 5(4MB) LOS objects, 49% free, 7MB/15MB, paused 1.214ms total 134.499ms
07-20 16:38:57.216 24996 24996 I Monkey  : :Sending Touch (ACTION_DOWN): 0:(544.0,1220.0)
07-20 16:38:57.220 24996 24996 I Monkey  : :Sending Touch (ACTION_UP): 0:(544.7234,1220.7385)
07-20 16:38:57.222 24996 24996 I Monkey  : Sleeping for 300 milliseconds
07-20 16:38:57.290  1197  1392 I chatty  : uid=1000(system) InputReader expire 48 lines
07-20 16:38:57.296  1197  1223 I chatty  : uid=1000(system) android.ui expire 91 lines
07-20 16:38:57.312   655   655 I chatty  : uid=1000(system) allocator@2.0-s expire 82 lines
07-20 16:38:57.329  6101  6101 V AudioManager: playSoundEffect   effectType: 0
07-20 16:38:57.331 24996 25011 I Monkey  :     // activityResuming(com.jieshun.jslife)
07-20 16:38:57.459  6101  6202 D mali_winsys: EGLint new_window_surface(egl_winsys_display *, void *, EGLSurface, EGLConfig, egl_winsys_surface **, egl_color_buffer_format *, EGLBoolean) returns 0x3000
07-20 16:38:57.466   687   687 D SurfaceFlinger: duplicate layer name: changing SurfaceView - com.jieshun.jslife/com.jieshun.jslife.activity.common.MainFragmentActivity to SurfaceView - com.jieshun.jslife/com.jieshun.jslife.activity.common.MainFragmentActivity#3
07-20 16:38:57.469   687   687 D SurfaceFlinger: duplicate layer name: changing Background for - SurfaceView - com.jieshun.jslife/com.jieshun.jslife.activity.common.MainFragmentActivity to Background for - SurfaceView - com.jieshun.jslife/com.jieshun.jslife.activity.common.MainFragmentActivity#3
07-20 16:38:57.471  2150  2551 E HsmCoreServiceImpl: onTransact in code is: 103
07-20 16:38:57.471  2150  2551 I MediaProcessHandler: playingUids: 
07-20 16:38:57.474  6101  6357 W GLSurfaceView: Warning, !readyToDraw() but waiting for draw finished! Early reporting draw finished.
07-20 16:38:57.476  1197  1222 I chatty  : uid=1000(system) ActivityManager expire 1 line
07-20 16:38:57.478  6101  6101 I com.jieshun.jslife.activity.common.MainFragmentActivity: onResume()======
07-20 16:38:57.482  6101  6101 D XMPP    :  JSJK requestjsjk_biz_member_balance_qry json : {"appId":"1645285811190497301","mobile":"17665231523","sign":"a98cefd2284da5acaf24f97a87797d02","systemType":"02"}
07-20 16:38:57.482  6101  6101 D XMPP    :  JSJK URLjsjk_biz_member_balance_qry URL : http://121.34.253.98:28120/jst-gateway/member/balanceMoney
07-20 16:38:57.486  6101  6357 I iGraphicsGLIntercept: [iGraphicsCoreGameOptPrepare] isiGraphicsCoreOptApp = 0
07-20 16:38:57.489  6101  6357 D mali_winsys: EGLint new_window_surface(egl_winsys_display *, void *, EGLSurface, EGLConfig, egl_winsys_surface **, egl_color_buffer_format *, EGLBoolean) returns 0x3000
07-20 16:38:57.494  6101  6201 I MobclickAgent: Extend current session: DAF2027164C425AB69D60125B658F1BB
07-20 16:38:57.518   687   882 E BufferQueueProducer: [com.jieshun.jslife/com.jieshun.jslife.activity.userinfo.AboutJSActivity#0] disconnect: not connected (req=1)
07-20 16:38:57.518  6101  6202 W libEGL  : EGLNativeWindowType 0xc02cd008 disconnect failed
07-20 16:38:57.525 24996 24996 I Monkey  : :Sending Touch (ACTION_DOWN): 0:(548.0,950.0)
07-20 16:38:57.526  6101  6101 W InputMethodManager: startInputReason = 1
07-20 16:38:57.527  6101  6101 D widget.PullToRefreshLayout: disallowInterceptTouchEvent=false
07-20 16:38:57.527  6101  6101 D widget.PullToRefreshLayout: ACTION_DOWN  startX=548, startY=878.0
07-20 16:38:57.527  6101  6101 D widget.PullToRefreshLayout: super.onTouchEvent(ev) = true
07-20 16:38:57.528 24996 24996 I Monkey  : :Sending Touch (ACTION_UP): 0:(525.3346,957.0)
07-20 16:38:57.528  6101  6101 I System.out: ******jscarlife*********************onMapStatusChange*********************2******
07-20 16:38:57.528  6101  6101 D widget.PullToRefreshLayout: disallowInterceptTouchEvent=false
07-20 16:38:57.529  6101  6101 D widget.PullToRefreshLayout: ACTION_UP  currentX=525, currentY=957
07-20 16:38:57.529  6101  6101 D widget.PullToRefreshLayout: super.onTouchEvent(ev) = true
07-20 16:38:57.529 24996 24996 I Monkey  : Sleeping for 300 milliseconds
07-20 16:38:57.531  3129  3129 I wangchen: SysInfo.getSysParam: orientation=1||config d=3.0,w=1080,h=1920||metrics d=3.0,w=1080,h=1920||sdk=26,bar_h=72
07-20 16:38:57.531  3129  3129 I KeymapLoader: w=1080 h=1920 ori=true appScale=3.3 s1=3.0
07-20 16:38:57.537  6101  6101 V AudioManager: playSoundEffect   effectType: 0
07-20 16:38:57.540 24996 25011 I Monkey  :     // Allowing start of Intent { cmp=com.jieshun.jslife/.activity.userinfo.usercars.UserCarsNewActivity } in package com.jieshun.jslife
07-20 16:38:57.541  1197 10361 I chatty  : uid=1000(system) Binder:1197_20 expire 23 lines
07-20 16:38:57.548  2196  5310 I PGServer: android calls fast hibernateApps
07-20 16:38:57.548  2196  5310 I AppFastHibernation: fast hibernate duration: 1500 reason: start activity
07-20 16:38:57.548   746   802 I Pged-IPgedBinderService: ****action is 1, pid num is 13***
07-20 16:38:57.548   746   802 I Pged-Freezer: freezePids
07-20 16:38:57.548   746   802 I Pged-Freezer: Freeze process: 18730
07-20 16:38:57.549   746   802 I Pged-Freezer: Freeze process: 18021
07-20 16:38:57.549   746   802 I Pged-Freezer: Freeze process: 18541
07-20 16:38:57.549  6101  6101 I com.jieshun.jslife.activity.common.MainFragmentActivity: onPause()======
07-20 16:38:57.549   746   802 I Pged-Freezer: Freeze process: 18417
07-20 16:38:57.549  6101  6101 D JTC     : NEAR onPause
07-20 16:38:57.549   746   802 I Pged-Freezer: Freeze process: 18035
07-20 16:38:57.550   746   802 I Pged-Freezer: Freeze process: 18301
07-20 16:38:57.550   746   802 I Pged-Freezer: Freeze process: 23446
07-20 16:38:57.550   746   802 I Pged-Freezer: Freeze process: 7042
07-20 16:38:57.550   746   802 I Pged-Freezer: Freeze process: 21643
07-20 16:38:57.550   746   802 I Pged-Freezer: Freeze process: 7075
07-20 16:38:57.550   746   802 I Pged-Freezer: Freeze process: 7133
07-20 16:38:57.551   746   802 I Pged-Freezer: Freeze process: 20168
07-20 16:38:57.551  2196  2750 D PgedBinderAdapter: frz ok, pid: [18730, 18021, 18541, 18417, 18035, 18301, 23446, 7042, 21643, 7075, 7133, 20168]
07-20 16:38:57.557   687  1876 E BufferQueueProducer: [SurfaceView - com.jieshun.jslife/com.jieshun.jslife.activity.common.MainFragmentActivity#3] disconnect: not connected (req=1)
07-20 16:38:57.557  6101  6357 W libEGL  : EGLNativeWindowType 0xc17dc808 disconnect failed
07-20 16:38:57.569  1197  6671 I chatty  : uid=1000(system) MobileQosDetect expire 10 lines
07-20 16:38:57.572  6101  6101 D XMPP    : response: {"code":"204","msg":""}
07-20 16:38:57.572  6101  6101 D XMPP    : response: {"code":"204","msg":""}
07-20 16:38:57.573  6101  6101 D XMPP    :  JSJK requestjsjk_biz_member_login json : {"LATITUDE":"1045:114.043462","LONGITUDE":"1044:22.571359","UDID":"1006:866592034445428","appId":"1645285811190497301","mobile":"17665231523","sign":"7ad7dbcc3636ffa6d88613a896e45dbc","systemType":"02","userId":"5e7718bea7d8438faf9986281e7b531f"}
07-20 16:38:57.573  6101  6101 D XMPP    :  JSJK URLjsjk_biz_member_login URL : http://121.34.253.98:28120/jst-gateway/member/login
07-20 16:38:57.575  6101  6101 D HwCust  : Create obj success use class android.app.HwCustActivityImpl
07-20 16:38:57.575  6101  6101 D HwCust  : Create obj success use class android.app.HwCustHwWallpaperManagerImpl
07-20 16:38:57.576  6101  6101 V ActivityThread: ActivityThread,callActivityOnCreate
07-20 16:38:57.576  1197  2580 I chatty  : uid=1000(system) Binder:1197_D expire 15 lines
07-20 16:38:57.580  6101  6101 D HwRTBlurUtils: check blur style for HwPhoneWindow, themeResId : 0x7f0c0092, context : com.jieshun.jslife.activity.userinfo.usercars.UserCarsNewActivity@23f8c87, Nhwext : 0, get Blur : disable with , null
07-20 16:38:57.582  1197  1367 I chatty  : uid=1000(system) android.anim expire 51 lines
07-20 16:38:57.582  6101  6101 D HwRTBlurUtils: check blur style for HwPhoneWindow, themeResId : 0x7f0c0214, context : android.view.ContextThemeWrapper@12c1e38, Nhwext : 0, get Blur : disable with , null
07-20 16:38:57.589  6101  6101 D CubicBezierInterpolator: CubicBezierInterpolator  mControlPoint1x = 0.23, mControlPoint1y = 0.06, mControlPoint2x = 0.09, mControlPoint2y = 0.97
07-20 16:38:57.589  6101  6101 D CubicBezierInterpolator: CubicBezierInterpolator  mControlPoint1x = 0.6, mControlPoint1y = 0.9, mControlPoint2x = 0.8, mControlPoint2y = 1.0
07-20 16:38:57.589  6101  6101 D CubicBezierInterpolator: CubicBezierInterpolator  mControlPoint1x = 0.23, mControlPoint1y = 0.06, mControlPoint2x = 0.09, mControlPoint2y = 0.97
07-20 16:38:57.589  6101  6101 D CubicBezierInterpolator: CubicBezierInterpolator  mControlPoint1x = 0.6, mControlPoint1y = 0.9, mControlPoint2x = 0.8, mControlPoint2y = 1.0
07-20 16:38:57.605  6101  6101 D com.jieshun.jslife.activity.userinfo.usercars.UserCarsNewActivity: context = com.jieshun.jslife.application.GlobalApplication@148bbf9, isLogin=false, savedInstanceState = null
07-20 16:38:57.606  6101  6202 D OpenGLRenderer:   HWUI Binary is  enabled
07-20 16:38:57.608  1197  2580 I chatty  : uid=1000(system) Binder:1197_D expire 33 lines
07-20 16:38:57.611  6101  6101 D http    :  HTTP Url: http://syxjsh.jslife.com.cn/jslife-service/car/user_vehicle_query 
07-20 16:38:57.611  6101  6101 D http    : {"userId":"5e7718bea7d8438faf9986281e7b531f","bizSource":"APP_ANDROID","bizType":"JSLIFE","token":"e66602f776b0479d91fc2a094bf287b4"}
07-20 16:38:57.622  6101  6101 D ActivityThread: add activity client record, r= ActivityRecord{850cdac token=android.os.BinderProxy@dce4aa1 {com.jieshun.jslife/com.jieshun.jslife.activity.userinfo.usercars.UserCarsNewActivity}} token= android.os.BinderProxy@dce4aa1
07-20 16:38:57.624  6101  6202 D OpenGLRenderer:   HWUI Binary is  enabled
07-20 16:38:57.626  6101  6201 I MobclickAgent: Extend current session: DAF2027164C425AB69D60125B658F1BB
07-20 16:38:57.630  6101  6101 I PressGestureDetector: enabledInPad = false,isPcCastMode = false
07-20 16:38:57.644  6101  6202 D mali_winsys: EGLint new_window_surface(egl_winsys_display *, void *, EGLSurface, EGLConfig, egl_winsys_surface **, egl_color_buffer_format *, EGLBoolean) returns 0x3000
07-20 16:38:57.644  6101  6101 I PressGestureDetector: enabledInPad = false,isPcCastMode = false
07-20 16:38:57.648   687   687 D SurfaceFlinger: duplicate layer name: changing com.jieshun.jslife/com.jieshun.jslife.activity.userinfo.usercars.UserCarsNewActivity to com.jieshun.jslife/com.jieshun.jslife.activity.userinfo.usercars.UserCarsNewActivity#1
07-20 16:38:57.659  6101  6202 D mali_winsys: EGLint new_window_surface(egl_winsys_display *, void *, EGLSurface, EGLConfig, egl_winsys_surface **, egl_color_buffer_format *, EGLBoolean) returns 0x3000
07-20 16:38:57.659  6101  6202 D OpenGLRenderer:   HWUI Binary is  enabled
07-20 16:38:57.659  6101  6101 W InputMethodManager: startInputReason = 1
07-20 16:38:57.660  6101  6202 D OpenGLRenderer:   HWUI Binary is  enabled
07-20 16:38:57.660  6101  6101 D XMPP    : response: {"code":"200","msg":"","data":{"jkUrl":"http://testjsjk.jieshunpay.cn:18113/jtc/public/account/account.html?access=91f88514710f16a212a32ab0bfe898b41dc3d40c456f6396"}}
07-20 16:38:57.660  6101  6101 D XMPP    : jkurl: http://testjsjk.jieshunpay.cn:18113/jtc/public/account/account.html?access=91f88514710f16a212a32ab0bfe898b41dc3d40c456f6396
07-20 16:38:57.662  3129  3129 I wangchen: SysInfo.getSysParam: orientation=1||config d=3.0,w=1080,h=1920||metrics d=3.0,w=1080,h=1920||sdk=26,bar_h=72
07-20 16:38:57.662  3129  3129 I KeymapLoader: w=1080 h=1920 ori=true appScale=3.3 s1=3.0
07-20 16:38:57.665  1197  3767 I chatty  : uid=1000(system) Binder:1197_14 expire 63 lines
07-20 16:38:57.666  2150  2551 E HsmCoreServiceImpl: onTransact in code is: 103
07-20 16:38:57.666  2150  2551 I MediaProcessHandler: playingUids: 
07-20 16:38:57.700   687  1876 E BufferQueueProducer: [com.jieshun.jslife/com.jieshun.jslife.activity.common.MainFragmentActivity#0] disconnect: not connected (req=1)
07-20 16:38:57.700  6101  6202 W libEGL  : EGLNativeWindowType 0xcf645008 disconnect failed
07-20 16:38:57.748  1197  1207 I chatty  : uid=1000(system) HeapTaskDaemon expire 1 line
07-20 16:38:57.749  6101  6101 E Input   : getAxisValue(): x-114.0--390.0--276.0
07-20 16:38:57.749  6101  6101 E Input   : getAxisValue(): y-143.0--846.0--703.0
07-20 16:38:57.749  6101  6101 E Input   : getAxisValue(): x-114.0--390.0--276.0
07-20 16:38:57.750  6101  6101 E Input   : getAxisValue(): y-143.0--846.0--703.0
07-20 16:38:57.750  6101  6101 E Input   : getAxisValue(): x-114.0--390.0--276.0
07-20 16:38:57.750  6101  6101 E Input   : getAxisValue(): y-143.0--846.0--703.0
07-20 16:38:57.764  6101  6101 E Input   : getAxisValue(): x-114.0--390.0--276.0
07-20 16:38:57.764  6101  6101 E Input   : getAxisValue(): y-143.0--846.0--703.0
07-20 16:38:57.781  6101  6101 E Input   : getAxisValue(): x-114.0--390.0--276.0
07-20 16:38:57.781  6101  6101 E Input   : getAxisValue(): y-143.0--846.0--703.0
07-20 16:38:57.798  6101  6101 E Input   : getAxisValue(): x-114.0--390.0--276.0
07-20 16:38:57.798  6101  6101 E Input   : getAxisValue(): y-143.0--846.0--703.0
07-20 16:38:57.799  6101  6101 I http    : 
07-20 16:38:57.799  6101  6101 I http    :  HTTP {"resultCode":"0","message":"","obj":null,"seqId":"3b66f82558234fd893cd7af8c279656a","vehicleList":[{"carId":"3ef6f6b7082146568772344951cc387b","carNo":"-CX0001","carBrand":null,"carType":null,"carPicUrl":null,"carSeries":null,"carColor":null,"engineNo":null,"structNo":null,"isSignatory":"0","signatoryId":"","isMonthCardCar":"0","channelId":"","isDefault":"0","isBlacklist":"0","authenStatus":"0"},{"carId":"4501fbb2d46f45cfb9ada8b53e4e8330","carNo":"-ABC123","carBrand":null,"carType":null,"carPicUrl":null,"carSeries":null,"carColor":null,"engineNo":null,"structNo":null,"isSignatory":"0","signatoryId":"","isMonthCardCar":"0","channelId":"","isDefault":"0","isBlacklist":"0","authenStatus":"0"},{"carId":"53dbec0a0bfa4e3e9bffc9432e8a0730","carNo":"-FFF111","carBrand":null,"carType":null,"carPicUrl":null,"carSeries":null,"carColor":null,"engineNo":null,"structNo":null,"isSignatory":"0","signatoryId":"","isMonthCardCar":"0","channelId":"","isDefault":"0","isBlacklist":"0","authenStatus":"0"},{"carId":"614b60387ccc400bb34ad915aa6665c1","carNo":"-N00003","carBrand":null,"carType":null,"carPicUrl":null,"carSeries":null,"carColor":null,"engineNo":null,"structNo":null,"isSignatory":"0","signatoryId":"","isMonthCardCar":"0","channelId":"","isDefault":"0","isBlacklist":"0","authenStatus":"0"},{"carId":"8fd212c5c3264144a6e0d0009bab08ae","carNo":"-UJDEJS","carBrand":null,"carType":null,"carPicUrl":null,"carSeries":null,"carColor":null,"engineNo":null,"structNo":null,"isSignatory":"0","signatoryId":"","isMonthCardCar":"0","channelId":"","isDefault":"0","isBlacklist":"0","authenStatus":"0"},{"carId":"90ac898567e84620bfb26fe604f62dd6","carNo":"-N00002","carBrand":null,"carType":null,"carPicUrl":null,"carSeries":null,"carColor":null,"engineNo":null,"structNo":null,"isSignatory":"0","signatoryId":"","isMonthCardCar":"0","channelId":"","isDefault":"0","isBlacklist":"0","authenStatus":"0"},{"carId":"97f4c01958cf4f4fa591dde7f3bf704c","carNo":"-AAA222","carBrand":null,"carType":null,"carPicUrl":null,"carSeries":null,"carColor":null,"engineNo":null,"structNo":null,"isSignatory":"0","signatoryId":"","isMonthCardCar":"0","channelId":"","isDefault":"0","isBlacklist":"0","authenStatus":"0"},{"carId":"998263e3ca794eb4a424d7653d5aa039","carNo":"-C00256","carBrand":null,"carType":null,"carPicUrl":null,"carSeries":null,"carColor":null,"engineNo":null,"structNo":null,"isSignatory":"1","signatoryId":"33633ba035f844f0990c6ee0d213dabf","isMonthCardCar":"0","channelId":null,"isDefault":"0","isBlacklist":"0","authenStatus":"2"},{"carId":"a4beee5418864e4e9df7a4772790932e","carNo":"-TEST123","carBrand":null,"carType":null,"carPicUrl":null,"carSeries":null,"carColor":null,"engineNo":null,"structNo":null,"isSignatory":"0","signatoryId":"","isMonthCardCar":"0","channelId":"","isDefault":"0","isBlacklist":"0","authenStatus":"0"}],"right":true}
07-20 16:38:57.805  6101  6101 D http    :  HTTP Url: http://syxjsh.jslife.com.cn/jslife-service/car/authentication/query_appeal_record 
07-20 16:38:57.805  6101  6101 D http    : {"status":"-1","userId":"5e7718bea7d8438faf9986281e7b531f","bizSource":"APP_ANDROID","bizType":"JSLIFE","token":"e66602f776b0479d91fc2a094bf287b4"}
07-20 16:38:57.816  6101  6101 E Input   : getAxisValue(): x-114.0--390.0--276.0
07-20 16:38:57.816  6101  6101 E Input   : getAxisValue(): y-143.0--846.0--703.0
07-20 16:38:57.816  6101  6101 E Input   : getAxisValue(): x-114.0--390.0--276.0
07-20 16:38:57.816  6101  6101 E Input   : getAxisValue(): y-143.0--846.0--703.0
07-20 16:38:57.816  6101  6101 D adapter.MiltilViewListAdapter: viewProvider == null then initialize view  itemBeanSize = 0
07-20 16:38:57.816  6101  6101 D ViewHolder: convertView is null    new ViewHolder===
07-20 16:38:57.829  6101  6101 D ViewHolder: view is null    convertView.findViewById===
07-20 16:38:57.830 24996 24996 I Monkey  : :Sending Touch (ACTION_DOWN): 0:(990.0,1067.0)
07-20 16:38:57.831 24996 24996 I Monkey  : :Sending Touch (ACTION_UP): 0:(988.1992,1069.2968)
07-20 16:38:57.832 24996 24996 I Monkey  : Sleeping for 300 milliseconds
07-20 16:38:57.937   687  2895 E BufferQueueProducer: [com.jieshun.jslife/com.jieshun.jslife.activity.userinfo.usercars.UserCarsNewActivity#0] disconnect: not connected (req=1)
07-20 16:38:57.972   749  2144 D libgps  : proxy_gnss_sv_status_cb: called. num_svs(7)
07-20 16:38:58.004  3129  3129 I wangchen: SysInfo.getSysParam: orientation=1||config d=3.0,w=1080,h=1920||metrics d=3.0,w=1080,h=1920||sdk=26,bar_h=72
07-20 16:38:58.004  3129  3129 I KeymapLoader: w=1080 h=1920 ori=true appScale=3.3 s1=3.0
07-20 16:38:58.133 24996 24996 E Input   : getAxisValue(): y--4.0-0.0--4.0
07-20 16:38:58.133 24996 24996 I Monkey  : :Sending Trackball (ACTION_MOVE): 0:(3.0,-4.0)
07-20 16:38:58.135 24996 24996 I Monkey  : :Sending Trackball (ACTION_MOVE): 0:(4.0,2.0)
07-20 16:38:58.136 24996 24996 E Input   : getAxisValue(): x--3.0-0.0--3.0
07-20 16:38:58.136 24996 24996 I Monkey  : :Sending Trackball (ACTION_MOVE): 0:(-3.0,2.0)
07-20 16:38:58.138 24996 24996 E Input   : getAxisValue(): x--3.0-0.0--3.0
07-20 16:38:58.139 24996 24996 I Monkey  : :Sending Trackball (ACTION_MOVE): 0:(-3.0,3.0)
07-20 16:38:58.141 24996 24996 I Monkey  : :Sending Trackball (ACTION_MOVE): 0:(2.0,2.0)
07-20 16:38:58.143 24996 24996 E Input   : getAxisValue(): x--1.0-0.0--1.0
07-20 16:38:58.143 24996 24996 I Monkey  : :Sending Trackball (ACTION_MOVE): 0:(-1.0,1.0)
07-20 16:38:58.144 24996 24996 E Input   : getAxisValue(): y--1.0-0.0--1.0
07-20 16:38:58.145 24996 24996 I Monkey  : :Sending Trackball (ACTION_MOVE): 0:(3.0,-1.0)
07-20 16:38:58.146 24996 24996 E Input   : getAxisValue(): x--3.0-0.0--3.0
07-20 16:38:58.146 24996 24996 I Monkey  : :Sending Trackball (ACTION_MOVE): 0:(-3.0,4.0)
07-20 16:38:58.148 24996 24996 I Monkey  : :Sending Trackball (ACTION_MOVE): 0:(2.0,3.0)
07-20 16:38:58.150 24996 24996 I Monkey  :     //[calendar_time:2018-07-20 16:38:58.150  system_uptime:39184866]
07-20 16:38:58.151 24996 24996 I Monkey  :     // Sending event #400
07-20 16:38:58.151 24996 24996 E Input   : getAxisValue(): x--1.0-0.0--1.0
07-20 16:38:58.151 24996 24996 E Input   : getAxisValue(): y--4.0-0.0--4.0
07-20 16:38:58.151 24996 24996 I Monkey  : :Sending Trackball (ACTION_MOVE): 0:(-1.0,-4.0)
07-20 16:38:58.155 24996 24996 I Monkey  : :Sending Touch (ACTION_DOWN): 0:(241.0,1163.0)
07-20 16:38:58.157  3129  3129 D KeyEvent: obtain, mHwFlags=0
07-20 16:38:58.158  3129  3129 I chatty  : uid=10053(u0_a53) com.baidu.input_huawei identical 21 lines
07-20 16:38:58.158  3129  3129 D KeyEvent: obtain, mHwFlags=0
07-20 16:38:58.158  3129  3129 D KeyEvent: obtain, mHwFlags=0
07-20 16:38:58.159  3129  3129 D KeyEvent: obtain, mHwFlags=0
07-20 16:38:58.159 24996 24996 I Monkey  : :Sending Touch (ACTION_UP): 0:(233.55525,1164.1053)
07-20 16:38:58.161 24996 24996 I Monkey  : Sleeping for 300 milliseconds
07-20 16:38:58.172 24996 25011 I Monkey  :     // Allowing start of Intent { cmp=com.jieshun.jslife/.activity.opendoor.OpenFastPassActivity } in package com.jieshun.jslife
07-20 16:38:58.210  3129  3129 D KeyEvent: obtain, mHwFlags=0
07-20 16:38:58.211  3129  3129 D KeyEvent: obtain, mHwFlags=0
07-20 16:38:58.216  6101  6101 V ActivityThread: ActivityThread,callActivityOnCreate
07-20 16:38:58.248  6101  6101 D ActivityThread: add activity client record, r= ActivityRecord{d3db160 token=android.os.BinderProxy@bc61194 {com.jieshun.jslife/com.jieshun.jslife.activity.opendoor.OpenFastPassActivity}} token= android.os.BinderProxy@bc61194
07-20 16:38:58.275  3129  3129 I wangchen: SysInfo.getSysParam: orientation=1||config d=3.0,w=1080,h=1920||metrics d=3.0,w=1080,h=1920||sdk=26,bar_h=72
07-20 16:38:58.275  3129  3129 I KeymapLoader: w=1080 h=1920 ori=true appScale=3.3 s1=3.0
07-20 16:38:58.279  3129  3129 I wangchen: SysInfo.getSysParam: orientation=1||config d=3.0,w=1080,h=1920||metrics d=3.0,w=1080,h=1920||sdk=26,bar_h=72
07-20 16:38:58.279  3129  3129 I KeymapLoader: w=1080 h=1920 ori=true appScale=3.3 s1=3.0
07-20 16:38:58.307   687  2895 E BufferQueueProducer: [com.jieshun.jslife/com.jieshun.jslife.activity.userinfo.usercars.UserCarsNewActivity#1] disconnect: not connected (req=1)
07-20 16:38:58.308  2150  2551 E HsmCoreServiceImpl: onTransact in code is: 103
07-20 16:38:58.308  2150  2551 I MediaProcessHandler: playingUids: 
07-20 16:38:58.462 24996 24996 I Monkey  : :Sending Touch (ACTION_DOWN): 0:(730.0,1775.0)
07-20 16:38:58.463 24996 24996 I Monkey  : :Sending Touch (ACTION_UP): 0:(730.0694,1779.6997)
07-20 16:38:58.464 24996 24996 I Monkey  : Sleeping for 300 milliseconds
07-20 16:38:58.668 24996 25011 I Monkey  :     // activityResuming(com.jieshun.jslife)
07-20 16:38:58.744   687  1876 E BufferQueueProducer: [com.jieshun.jslife/com.jieshun.jslife.activity.opendoor.OpenFastPassActivity#0] disconnect: not connected (req=1)
07-20 16:38:58.751  6101  6101 D ActivityThread: Remove activity client record, r= ActivityRecord{322e34a token=android.os.BinderProxy@91c6a53 {com.jieshun.jslife/com.jieshun.jslife.activity.userinfo.AboutJSActivity}} token= android.os.BinderProxy@91c6a53
07-20 16:38:58.760  3129  3129 I wangchen: SysInfo.getSysParam: orientation=1||config d=3.0,w=1080,h=1920||metrics d=3.0,w=1080,h=1920||sdk=26,bar_h=72
07-20 16:38:58.760  3129  3129 I KeymapLoader: w=1080 h=1920 ori=true appScale=3.3 s1=3.0
07-20 16:38:58.765 24996 24996 I Monkey  : :Sending Touch (ACTION_DOWN): 0:(862.0,345.0)
07-20 16:38:58.767 24996 24996 I Monkey  : :Sending Touch (ACTION_UP): 0:(867.24255,345.98334)
07-20 16:38:58.768 24996 24996 I Monkey  : Sleeping for 300 milliseconds
07-20 16:38:58.799  2150  2551 E HsmCoreServiceImpl: onTransact in code is: 103
07-20 16:38:58.799  2150  2551 I MediaProcessHandler: playingUids: 
07-20 16:38:58.866 24996 25011 I Monkey  :     // Allowing start of Intent { cmp=com.jieshun.jslife/.activity.common.MainFragmentActivity } in package com.jieshun.jslife
07-20 16:38:58.880 24996 25011 I Monkey  :     // activityResuming(com.jieshun.jslife)
07-20 16:38:58.961   687  1134 E BufferQueueProducer: [SurfaceView - com.jieshun.jslife/com.jieshun.jslife.activity.common.MainFragmentActivity#0] disconnect: not connected (req=1)
07-20 16:38:58.961   749  2144 D libgps  : proxy_gnss_sv_status_cb: called. num_svs(7)
07-20 16:38:58.961   761   841 I chatty  : uid=1000(system) /vendor/bin/fusion_daemon expire 44 lines
07-20 16:38:58.961  1197  2067 I chatty  : uid=1000(system) HwBinder:1197_4 expire 30 lines
07-20 16:38:58.993  2150  2551 E HsmCoreServiceImpl: onTransact in code is: 103
07-20 16:38:58.993  2150  2551 I MediaProcessHandler: playingUids: 
07-20 16:38:59.002  3129  3129 I wangchen: SysInfo.getSysParam: orientation=1||config d=3.0,w=1080,h=1920||metrics d=3.0,w=1080,h=1920||sdk=26,bar_h=72
07-20 16:38:59.003  3129  3129 I KeymapLoader: w=1080 h=1920 ori=true appScale=3.3 s1=3.0
07-20 16:38:59.032   687  1134 E BufferQueueProducer: [com.jieshun.jslife/com.jieshun.jslife.activity.userinfo.usercars.UserCarsNewActivity#1] disconnect: not connected (req=1)
07-20 16:38:59.053   746   802 I Pged-IPgedBinderService: ****action is 2, pid num is 13***
07-20 16:38:59.053   746   802 I Pged-Freezer: thawPids
07-20 16:38:59.055  2196  2750 D PgedBinderAdapter: unfrz ok, pid: [18730, 18021, 18541, 18417, 18035, 18301, 23446, 7042, 21643, 7075, 7133, 20168]
07-20 16:38:59.068 24996 24996 I Monkey  : :Switch: #Intent;action=android.intent.action.MAIN;category=android.intent.category.LAUNCHER;launchFlags=0x10200000;component=com.jieshun.jslife/.activity.common.WelcomeActivity;end
07-20 16:38:59.070 24996 24996 I Monkey  :     // Allowing start of Intent { act=android.intent.action.MAIN cat=[android.intent.category.LAUNCHER] cmp=com.jieshun.jslife/.activity.common.WelcomeActivity } in package com.jieshun.jslife
07-20 16:38:59.074 24996 24996 I Monkey  : Sleeping for 300 milliseconds
07-20 16:38:59.270 24996 25011 I Monkey  :     // Allowing start of Intent { cmp=com.jieshun.jslife/.activity.userinfo.UserInfoNewActivity } in package com.jieshun.jslife
