07-20 16:46:33.996  1197  2138 D HwLocalLocationProvider: this loc is Better than Last Location
07-20 16:46:34.001  1197 25957 D HwLocalLocationProvider: cellid is Exist, update  cellinfo to DB
07-20 16:46:34.001  1197 25957 D HwLocalLocationProvider: update loc to cell database
07-20 16:46:34.013  1197  2138 W ProcBatteryStats: timer is running , not start, name: , uid: 1000, tag: LocationManagerService
07-20 16:46:34.022  1197  2138 W ProcBatteryStats: timer is not running , not stop, name: , uid: 1000, tag: LocationManagerService
07-20 16:46:34.994   749  2144 D libgps  : proxy_gnss_sv_status_cb: called. num_svs(3)
07-20 16:46:35.005  1197  2138 D HwLocalLocationProvider: this loc is Better than Last Location
07-20 16:46:35.011  1197 25949 D HwLocalLocationProvider: cellid is Exist, update  cellinfo to DB
07-20 16:46:35.012  1197 25949 D HwLocalLocationProvider: update loc to cell database
07-20 16:46:35.019  1197  2138 W ProcBatteryStats: timer is running , not start, name: , uid: 1000, tag: LocationManagerService
07-20 16:46:35.024  1197  2138 W ProcBatteryStats: timer is not running , not stop, name: , uid: 1000, tag: LocationManagerService
07-20 16:46:35.991   749  2144 D libgps  : proxy_gnss_sv_status_cb: called. num_svs(3)
07-20 16:46:36.001  1197  2138 D HwLocalLocationProvider: this loc is Better than Last Location
07-20 16:46:36.005  1197 25955 D HwLocalLocationProvider: cellid is Exist, update  cellinfo to DB
07-20 16:46:36.005  1197 25955 D HwLocalLocationProvider: update loc to cell database
07-20 16:46:36.022  1197  2138 W ProcBatteryStats: timer is running , not start, name: , uid: 1000, tag: LocationManagerService
07-20 16:46:36.032  1197  2138 W ProcBatteryStats: timer is not running , not stop, name: , uid: 1000, tag: LocationManagerService
07-20 16:46:36.997   749  2144 D libgps  : proxy_gnss_sv_status_cb: called. num_svs(3)
07-20 16:46:37.007  1197  2138 D HwLocalLocationProvider: this loc is Better than Last Location
07-20 16:46:37.012  1197 25956 D HwLocalLocationProvider: cellid is Exist, update  cellinfo to DB
07-20 16:46:37.012  1197 25956 D HwLocalLocationProvider: update loc to cell database
07-20 16:46:37.022  1197  2138 W ProcBatteryStats: timer is running , not start, name: , uid: 1000, tag: LocationManagerService
07-20 16:46:37.034  1197  2138 W ProcBatteryStats: timer is not running , not stop, name: , uid: 1000, tag: LocationManagerService
07-20 16:46:37.994   749  2144 D libgps  : proxy_gnss_sv_status_cb: called. num_svs(3)
07-20 16:46:38.005  1197  2138 D HwLocalLocationProvider: this loc is Better than Last Location
07-20 16:46:38.009  1197 25957 D HwLocalLocationProvider: cellid is Exist, update  cellinfo to DB
07-20 16:46:38.009  1197 25957 D HwLocalLocationProvider: update loc to cell database
07-20 16:46:38.018  1197  2138 W ProcBatteryStats: timer is running , not start, name: , uid: 1000, tag: LocationManagerService
07-20 16:46:38.029  1197  2138 W ProcBatteryStats: timer is not running , not stop, name: , uid: 1000, tag: LocationManagerService
07-20 16:46:38.975   749  2144 D libgps  : proxy_gnss_sv_status_cb: called. num_svs(3)
07-20 16:46:38.984  1197  2138 D HwLocalLocationProvider: this loc is Better than Last Location
07-20 16:46:38.991  1197 25949 D HwLocalLocationProvider: cellid is Exist, update  cellinfo to DB
07-20 16:46:38.992  1197 25949 D HwLocalLocationProvider: update loc to cell database
07-20 16:46:39.003  1197  2138 W ProcBatteryStats: timer is running , not start, name: , uid: 1000, tag: LocationManagerService
07-20 16:46:39.014  1197  2138 W ProcBatteryStats: timer is not running , not stop, name: , uid: 1000, tag: LocationManagerService
07-20 16:46:39.991   749  2144 D libgps  : proxy_gnss_sv_status_cb: called. num_svs(3)
07-20 16:46:40.003  1197  2138 D HwLocalLocationProvider: this loc is Better than Last Location
07-20 16:46:40.006  1197 25955 D HwLocalLocationProvider: cellid is Exist, update  cellinfo to DB
07-20 16:46:40.006  1197 25955 D HwLocalLocationProvider: update loc to cell database
07-20 16:46:40.017  1197  2138 W ProcBatteryStats: timer is running , not start, name: , uid: 1000, tag: LocationManagerService
07-20 16:46:40.030  1197  2138 W ProcBatteryStats: timer is not running , not stop, name: , uid: 1000, tag: LocationManagerService
07-20 16:46:40.989   749  2144 D libgps  : proxy_gnss_sv_status_cb: called. num_svs(3)
07-20 16:46:40.998  1197  2138 D HwLocalLocationProvider: this loc is Better than Last Location
07-20 16:46:41.002  1197 25956 D HwLocalLocationProvider: cellid is Exist, update  cellinfo to DB
07-20 16:46:41.002  1197 25956 D HwLocalLocationProvider: update loc to cell database
07-20 16:46:41.008  1197  2138 W ProcBatteryStats: timer is running , not start, name: , uid: 1000, tag: LocationManagerService
07-20 16:46:41.016  1197  2138 W ProcBatteryStats: timer is not running , not stop, name: , uid: 1000, tag: LocationManagerService
07-20 16:46:41.698  1197  1234 I DisplayPowerController: mPowerRequest.useSmartBacklight : false
07-20 16:46:41.983   749  2144 D libgps  : proxy_gnss_sv_status_cb: called. num_svs(3)
07-20 16:46:41.995  1197  2138 D HwLocalLocationProvider: this loc is Better than Last Location
07-20 16:46:42.002  1197 25957 D HwLocalLocationProvider: cellid is Exist, update  cellinfo to DB
07-20 16:46:42.002  1197 25957 D HwLocalLocationProvider: update loc to cell database
07-20 16:46:42.006  1197  2138 W ProcBatteryStats: timer is running , not start, name: , uid: 1000, tag: LocationManagerService
07-20 16:46:42.015  1197  2138 W ProcBatteryStats: timer is running , not start, name: , uid: 10176, tag: LocationManagerService
07-20 16:46:42.019  1197  2138 W ProcBatteryStats: timer is not running , not stop, name: , uid: 1000, tag: LocationManagerService
07-20 16:46:42.025  1197  3974 W ProcBatteryStats: timer is not running , not stop, name: , uid: 10176, tag: LocationManagerService
07-20 16:46:42.983   749  2144 D libgps  : proxy_gnss_sv_status_cb: called. num_svs(3)
07-20 16:46:42.989  1197  2116 W Watchdog: hungtask: writing kick
07-20 16:46:42.994  1197  2138 D HwLocalLocationProvider: this loc is Better than Last Location
07-20 16:46:43.001  1197 25949 D HwLocalLocationProvider: cellid is Exist, update  cellinfo to DB
07-20 16:46:43.001  1197 25949 D HwLocalLocationProvider: update loc to cell database
07-20 16:46:43.010  1197  2138 W ProcBatteryStats: timer is running , not start, name: , uid: 1000, tag: LocationManagerService
07-20 16:46:43.021  1197  2138 W ProcBatteryStats: timer is not running , not stop, name: , uid: 1000, tag: LocationManagerService
07-20 16:46:43.977   749  2144 D libgps  : proxy_gnss_sv_status_cb: called. num_svs(3)
07-20 16:46:43.988  1197  2138 D HwLocalLocationProvider: this loc is Better than Last Location
07-20 16:46:43.992  1197 25955 D HwLocalLocationProvider: cellid is Exist, update  cellinfo to DB
07-20 16:46:43.992  1197 25955 D HwLocalLocationProvider: update loc to cell database
07-20 16:46:44.000  1197  2138 W ProcBatteryStats: timer is running , not start, name: , uid: 1000, tag: LocationManagerService
07-20 16:46:44.012  1197  2138 W ProcBatteryStats: timer is not running , not stop, name: , uid: 1000, tag: LocationManagerService
07-20 16:46:44.766  1197  1234 I DisplayPowerController: mPowerRequest.useSmartBacklight : false
07-20 16:46:44.982   749  2144 D libgps  : proxy_gnss_sv_status_cb: called. num_svs(3)
07-20 16:46:44.991  1197  2138 D HwLocalLocationProvider: this loc is Better than Last Location
07-20 16:46:44.994  1197 25956 D HwLocalLocationProvider: cellid is Exist, update  cellinfo to DB
07-20 16:46:44.994  1197 25956 D HwLocalLocationProvider: update loc to cell database
07-20 16:46:45.002  1197  2138 W ProcBatteryStats: timer is running , not start, name: , uid: 1000, tag: LocationManagerService
07-20 16:46:45.013  1197  2138 W ProcBatteryStats: timer is not running , not stop, name: , uid: 1000, tag: LocationManagerService
07-20 16:46:45.598  1197  1197 D WifiService: onReceive, action:android.intent.action.BATTERY_CHANGED
07-20 16:46:45.598  1197  1197 D WifiService: ACTION_BATTERY_CHANGED pluggedType: 2
07-20 16:46:45.985   749  2144 D libgps  : proxy_gnss_sv_status_cb: called. num_svs(3)
07-20 16:46:45.993  1197  2138 D HwLocalLocationProvider: this loc is Better than Last Location
07-20 16:46:45.997  1197 25957 D HwLocalLocationProvider: cellid is Exist, update  cellinfo to DB
07-20 16:46:45.998  1197 25957 D HwLocalLocationProvider: update loc to cell database
07-20 16:46:46.003  1197  2138 W ProcBatteryStats: timer is running , not start, name: , uid: 1000, tag: LocationManagerService
07-20 16:46:46.015  1197  2138 W ProcBatteryStats: timer is not running , not stop, name: , uid: 1000, tag: LocationManagerService
07-20 16:46:46.990   749  2144 D libgps  : proxy_gnss_sv_status_cb: called. num_svs(3)
07-20 16:46:47.987   749  2144 D libgps  : proxy_gnss_sv_status_cb: called. num_svs(3)
07-20 16:46:48.698  1197  1234 I PowerManagerService: Going to sleep due to screen timeout (uid 1000)...
07-20 16:46:48.699  1197  1234 E PowerManagerService: startDreaming = true
07-20 16:46:48.700  1197  1234 I PowerManagerService: Sleeping (uid 1000)...
07-20 16:46:48.701  1197  3775 D HwInputMethodManagerService: ------------startInput--------------
07-20 16:46:48.702  1197  1234 I DisplayPowerController: LightSensorEnable change true -> false
07-20 16:46:48.702  1197  3775 D HwInputMethodManagerService: hideSecSoftInput = false
07-20 16:46:48.704  1197  1234 I DisplayPowerController: mPowerRequest.useSmartBacklight : false
07-20 16:46:48.705  1197  1234 I DisplayPowerController: ScreenState change 1 -> 0
07-20 16:46:48.724  1197  1197 I ActivityManager: Killing 11715:com.huawei.android.UEInfoCheck/1001 (adj 906): empty for 2892s
07-20 16:46:48.756  1197  1234 I DisplayPowerController: set brightness to DIM brightness:6
07-20 16:46:48.776  1197  2580 D ActivityManager: cleanUpApplicationRecord app: ProcessRecord{c48c3a1 11715:com.huawei.android.UEInfoCheck/1001}, app.bad: false, restarting: false, allowRestart: true
07-20 16:46:48.792  6101  6101 V ActivityThread: Finishing stop of ActivityRecord{aff4849 token=android.os.BinderProxy@40c27ee {com.jieshun.jslife/com.jieshun.jslife.activity.userinfo.ConsumeOrderDetailActivity}}
07-20 16:46:48.807  1197  3974 V WindowManager: notifyAppStopped: AppWindowToken{8d65f5b token=Token{556ce6a ActivityRecord{dcc6455 u0 com.jieshun.jslife/.activity.userinfo.ConsumeOrderDetailActivity t1819}}}
07-20 16:46:48.829  1197  1377 I FingerprintService: authenticate run
07-20 16:46:48.829  1197  1377 W HwFingerprintService: setLivenessSwitch:start
07-20 16:46:48.829  1197  1377 W HwFingerprintService: checkNeedLivenessList:start
07-20 16:46:48.830  1197  1377 W HwFingerprintService: NEED_LIVENESS_AUTHENTICATION = 0
07-20 16:46:48.834  1197  1377 W HwFingerprintService: framework setLivenessSwitch is ok ---end
07-20 16:46:48.852  1197  1377 V FingerprintService: startAuthentication(com.android.systemui)
07-20 16:46:48.853  1197  1377 V FingerprintService: starting client AuthenticationClient(com.android.systemui), initiatedByClient = true)
07-20 16:46:48.869  1197  1377 W FingerprintService: client com.android.systemui is authenticating...
07-20 16:46:48.873  1197  3775 D ActivityManager: Skipping, home or recents stack task: TaskRecord{f45f4d4 #3 A=com.huawei.android.launcher U=0 StackId=0 sz=1}
07-20 16:46:48.874  1197  3775 D ActivityManager: Skipping intent:flg=0x10800000 cmp=com.tencent.qqmusic/.business.lockscreennew.LockScreenActivity
07-20 16:46:48.874  1197  3775 D ActivityManager: Skipping intent:flg=0x10804000 cmp=com.android.systemui/.recents.RecentsActivity bnds=[48,664][1032,2032]
07-20 16:46:48.874  1197  3775 D ActivityManager: Skipping intent:act=android.intent.action.MAIN flg=0x10840000 hwFlg=0x100 cmp=com.android.incallui/.InCallActivity
07-20 16:46:48.874  1197  3775 D ActivityManager: Skipping intent:flg=0x70840000 cmp=com.android.stk/.StkDialogActivity
07-20 16:46:48.874  1197  3775 D ActivityManager: Skipping intent:act=android.intent.action.MAIN cat=[android.intent.category.HOME] flg=0x10800300 cmp=com.android.settings/.FallbackHome
07-20 16:46:48.884  1197  1395 W FingerprintService: onAcquired 1
07-20 16:46:48.884  1197  1377 W FingerprintService: onAcquired 2
07-20 16:46:48.884  1197  1377 D PickUpWakeScreenManager: isPickupSensorSupport isSensorSupport = true
07-20 16:46:48.885  1766  1766 W FingerprintManager: Invalid acquired message: 6, 1001
07-20 16:46:48.920  1197  1234 I DisplayPowerController: mPowerRequest.useSmartBacklight : false
07-20 16:46:48.921  1197  1234 I DisplayPowerController: Blocking screen off
07-20 16:46:48.921  1197  1231 I WindowManager: Taking screenshot from Surface with crop:[Rect(0, 0 - 1080, 1920)], width:[1080], height:[1920], minLayer:[11000], maxLayer:[21065], inRotation:[false], rot:[0]
07-20 16:46:48.924  1197  1234 I DisplayPowerController: set brightness to DIM brightness:6
07-20 16:46:48.925  1197  1197 I WindowOrientationListener: WindowOrientationListener disabled
07-20 16:46:48.926  1197  1720 D LightsService: HighPrecision, Set button brihtness:0, bcaklight brightness:0
07-20 16:46:48.950  1197  1234 I DisplayPowerController: Unblocked screen off after 30 ms
07-20 16:46:48.951  1197  1234 I DisplayPowerController: mPowerRequest.useSmartBacklight : false
07-20 16:46:48.964  1197  1234 D HwPhoneWindowManager: screenTurnedOff
07-20 16:46:48.964  1197  1234 D PickUpWakeScreenManager: mIsPickupSwitchOn = false
07-20 16:46:48.969  1197  1234 I DisplayPowerController: mPowerRequest.useSmartBacklight : false
07-20 16:46:48.969  1197  1720 W LocalDisplayAdapter: @@@@@@ LocalDisplayAdapter--updateDeviceInfoLocked--change the mInfo to null
07-20 16:46:48.971  1197  1231 W LocalDisplayAdapter: @@@@@@ LocalDisplayAdapter--getDisplayDeviceInfoLocked--mInfo = DisplayDeviceInfo{"": uniqueId="local:0", 1080 x 1920, modeId 1, defaultModeId 1, supportedModes [{id=1, width=1080, height=1920, fps=60.000004}], colorMode 0, supportedColorModes [0], HdrCapabilities android.view.Display$HdrCapabilities@1d6308, density 480, 422.03 x 424.069 dpi, appVsyncOff 2000000, presDeadline 13666666, touch INTERNAL, rotation 0, type BUILT_IN, state OFF, FLAG_DEFAULT_DISPLAY, FLAG_ROTATES_WITH_CONTENT, FLAG_SECURE, FLAG_SUPPORTS_PROTECTED_BUFFERS}
07-20 16:46:48.971  1197  1231 I DisplayManagerService: Display device changed state: "", OFF
07-20 16:46:48.971  1197  1231 W LogicalDisplay: @@@@@@ LogicalDisplay--updateLocked--mPrimaryDisplayDeviceInfo = DisplayDeviceInfo{"": uniqueId="local:0", 1080 x 1920, modeId 1, defaultModeId 1, supportedModes [{id=1, width=1080, height=1920, fps=60.000004}], colorMode 0, supportedColorModes [0], HdrCapabilities android.view.Display$HdrCapabilities@1d6308, density 480, 422.03 x 424.069 dpi, appVsyncOff 2000000, presDeadline 13666666, touch INTERNAL, rotation 0, type BUILT_IN, state ON, FLAG_DEFAULT_DISPLAY, FLAG_ROTATES_WITH_CONTENT, FLAG_SECURE, FLAG_SUPPORTS_PROTECTED_BUFFERS}; deviceInfo = DisplayDeviceInfo{"": uniqueId="local:0", 1080 x 1920, modeId 1, defaultModeId 1, supportedModes [{id=1, width=1080, height=1920, fps=60.000004}], colorMode 0, supportedColorModes [0], HdrCapabilities android.view.Display$HdrCapabilities@1d6308, density 480, 422.03 x 424.069 dpi, appVsyncOff 2000000, presDeadline 13666666, touch INTERNAL, rotation 0, type BUILT_IN, state OFF, FLAG_DEFAULT_DISPLAY, FLAG_ROTATES_WITH_CONTENT, FLAG_SECURE, FLAG_SUPPORTS_PROTECTED_BUFFERS}
07-20 16:46:49.000  1197  1197 D HwWifiP2pService: onReceive, action:android.intent.action.SCREEN_OFF
07-20 16:46:49.001  1197  1647 D WifiP2pService: P2pDisabledState{ when=0 what=143467 target=com.android.internal.util.StateMachine$SmHandler }
07-20 16:46:49.001  1197  1647 D WifiP2pService: DefaultState{ when=0 what=143467 target=com.android.internal.util.StateMachine$SmHandler }
07-20 16:46:49.001  1197  1647 D HwWifiP2pService: SleepPolicy:1
07-20 16:46:49.016  1197  1197 D WifiService: onReceive, action:android.intent.action.SCREEN_OFF
07-20 16:46:49.032   749  2144 D libgps  : proxy_gnss_sv_status_cb: called. num_svs(3)
07-20 16:46:49.038  1197  3686 D NetdConnector: SND -> {1780 bandwidth gettetherstats}
07-20 16:46:49.039  1197  1630 D NetdConnector: RCV <- {200 1780 Tethering stats list completed}
07-20 16:46:49.040  1197  1630 D NetdConnector: RCV <- {200 1780 Tethering stats list completed}
07-20 16:46:49.046  1197  3686 W NetworkStatsFactory: mStatsXtProcUid: /proc/net/comm/stats does not exist!
07-20 16:46:49.047  1197  3686 D HwNetworkStatsService: hwRecordUidAndProcSnapshotLocked currentTime = 1532076400561
07-20 16:46:49.056  1197  3686 I NetworkStatsFactory: javaReadNetworkStatsUidAndProcDetail. cost time = 9
07-20 16:46:49.082  1197  3686 D HwNetworkStatsService: hwMaybeUidAndProcPersistLocked currentTime = 1532076400561
07-20 16:46:49.084  1197 10361 D SmartHeartBeat: isPendingPackage, false, pkg:com.android.deskclock, action:com.android.deskclock.ALARM_ALERT,not pending alarm with AlarmClockInfo
07-20 16:46:49.112  1197  2760 E HwOEMInfoAdapter: writeByteArrayToOeminfo has run 
07-20 16:46:49.126  1197  1223 I HwPhoneWindowManager: OverscanTimeout run
07-20 16:46:49.279  1197  1197 I HwAudioService: check HiRes Icon false
07-20 16:46:49.297  1197  1197 I HwAudioService: broadcastHiresIntent : false
07-20 16:46:49.328  1197  1234 I DisplayPowerController: mPowerRequest.useSmartBacklight : false
07-20 16:46:49.375  1197 10361 I NetworkStats: getSummaryForAllPid stats size= 450
07-20 16:46:49.450  2936  7628 W ContextImpl: Calling a method in the system process without a qualified user: android.app.ContextImpl.bindService:1736 android.content.ContextWrapper.bindService:678 com.huawei.nb.dataservice.dsclient.RemoteServiceConnection.open:90 com.huawei.nb.dataservice.dsclient.DataServiceProxy.connect:105 com.huawei.nb.dataservice.rsclient.internal.RemoteRuleService.start:27 
07-20 16:46:49.788  1197  2194 I ActivityManager: Need to start process com.tencent.mobileqq for provider ContentProviderInfo{name=com.tencent.mqq.shared_file_accessor.ContentProviderImpl className=com.tencent.mqq.shared_file_accessor.ContentProviderImpl}, callerApp: ProcessRecord{eb5cf38 9958:com.tencent.mobileqq:MSF/u0a131}
07-20 16:46:49.788  1197  2194 V ActivityManager: startProcess: name=com.tencent.mobileqq app=null knownToBeDead=false thread=null pid=-1
07-20 16:46:49.810  1197  2194 I ActivityManager: Start proc 26014:com.tencent.mobileqq/u0a131 for content provider com.tencent.mobileqq/com.tencent.mqq.shared_file_accessor.ContentProviderImpl
07-20 16:46:49.811  1197  2194 V ActivityManager_MU: Waiting to start provider ContentProviderRecord{29864ca u0 com.tencent.mobileqq/com.tencent.mqq.shared_file_accessor.ContentProviderImpl} launchingApp=ProcessRecord{916d835 26014:com.tencent.mobileqq/u0a131} caller pid= 9958
07-20 16:46:49.828 26014 26014 D ActivityThread: ActivityThread,attachApplication
07-20 16:46:49.829  1197  2580 D ActivityManager: ActivityManagerService,attachApplication,callingPid = 26014
07-20 16:46:49.978   749  2144 D libgps  : proxy_gnss_sv_status_cb: called. num_svs(3)
07-20 16:46:50.013  1197  2194 V ActivityManager: Successfully start provider ContentProviderRecord{29864ca u0 com.tencent.mobileqq/com.tencent.mqq.shared_file_accessor.ContentProviderImpl} launchingApp=ProcessRecord{916d835 26014:com.tencent.mobileqq/u0a131} caller pid= 9958
07-20 16:46:50.270  1197  2580 V BroadcastQueue: Finished with ordered broadcast BroadcastRecord{24baa27 u-1 android.intent.action.SCREEN_OFF}
07-20 16:46:50.981   749  2144 D libgps  : proxy_gnss_sv_status_cb: called. num_svs(3)
07-20 16:46:51.171  1197  1373 D HwBatteryService: onUEvent fcpStatus = 0,scpStatus =0,ovpStatus=0
07-20 16:46:51.175  1197  1373 I UsbDeviceManager: water_intrused state= 0
07-20 16:46:51.197  1197  1197 D WifiService: onReceive, action:android.intent.action.BATTERY_CHANGED
07-20 16:46:51.197  1197  1197 D WifiService: ACTION_BATTERY_CHANGED pluggedType: 2
07-20 16:46:51.952  1197  2194 D SmartHeartBeat: setAlarmsPending ...
07-20 16:46:51.992   749  2144 D libgps  : proxy_gnss_sv_status_cb: called. num_svs(3)
07-20 16:46:51.993  1197  2171 D ProcessCleaner: [aware_mem] start process cleaner setPackageStoppedState
07-20 16:46:51.994  1197  2171 I ActivityManager: Killing 23446:com.huawei.appmarket/u0a87 (adj 906): iAwareF[SmartClean](cch-empty)
07-20 16:46:51.999  1197  2171 D ActivityManager: cleanUpApplicationRecord app: ProcessRecord{d039dd8 23446:com.huawei.appmarket/u0a87}, app.bad: false, restarting: false, allowRestart: false
07-20 16:46:52.008  1197  2171 D ProcessCleaner: [aware_mem] process cleaner success pid:23446,uid:10087,com.huawei.appmarket,[com.huawei.appmarket],mHasShownUi:false,null,class:0,0,0,0,adj:906 is killed
07-20 16:46:52.013  1197  2171 D ProcessCleaner: [aware_mem] start process cleaner cleanPackageRes, clnAlarm:true, hasPerceptAlarm:false, isNative:false, cleanResult: false
07-20 16:46:52.017  1197  1197 D HwAlarmManagerService: remove package alarm com.huawei.appmarket' (com.huawei.appmarket/.service.alarm.control.PowerConnectedRepeatingTaskService)
07-20 16:46:52.024  1197  1197 D SmartHeartBeat: isPendingPackage, false, pkg:com.android.deskclock, action:com.android.deskclock.ALARM_ALERT,not pending alarm with AlarmClockInfo
07-20 16:46:52.026  2150  2150 I HwCoreAppHelperService: LocalReceiver receives:android.intent.action.PACKAGE_RESTARTED,pkg:com.huawei.appmarket,uid:10087
07-20 16:46:52.027  1197  1197 V AlarmManager: UninstallReceiver onReceive action:android.intent.action.PACKAGE_RESTARTED
07-20 16:46:52.036  1197  1222 W BroadcastQueue: Background execution not allowed: receiving Intent { act=android.intent.action.PACKAGE_RESTARTED dat=package:com.huawei.appmarket flg=0x10 (has extras) } to com.jingdong.app.mall/.broadcastReceiver.AppStateRecevier
07-20 16:46:52.036  1197  1222 V BroadcastQueue: Finished with ordered broadcast BroadcastRecord{5829370 u0 android.intent.action.PACKAGE_RESTARTED}
07-20 16:46:52.214  1197  1197 V HwActivityManagerService: cleanupPackageNotifications, userId=0|[com.huawei.appmarket]
07-20 16:46:52.503  1197  1197 I HwAudioService: check HiRes Icon false
07-20 16:46:52.506  1197  1197 I HwAudioService: broadcastHiresIntent : false
07-20 16:46:52.988   749  2144 D libgps  : proxy_gnss_sv_status_cb: called. num_svs(3)
07-20 16:46:53.739  1197  2194 I HwAftPolicyService: notifyKeyguardStateChange, Keyguard state has change to true
07-20 16:46:53.740  1766  1766 V KeyguardViewMediator: updateInputRestrictedLocked 1 isInputApp = false, inputRestricted = true
07-20 16:46:53.741  1197  3686 V BroadcastQueue: Finished with ordered broadcast BroadcastRecord{af38a5 u0 com.android.internal.policy.impl.PhoneWindowManager.DELAYED_KEYGUARD}
07-20 16:46:53.743  1197  1197 I HwAftPolicyService: call aft hidl keyguard showing state=true
07-20 16:46:53.854  1766  1766 V KeyguardStatusView: refresh statusview showing:true
07-20 16:46:53.877  1766  1766 V KeyguardDisplayManager: show
07-20 16:46:53.879  1197  2580 D ActivityManager: setLockScreenShown showing : true callingPid = 1766
07-20 16:46:53.900  2150  2551 D AntiBruteForceProcessor: RemainingAuthenticateNum = 5
07-20 16:46:53.909  1197  2580 E WindowManager: win=Window{c119637 u0 com.jieshun.jslife/com.jieshun.jslife.activity.userinfo.ConsumeOrderDetailActivity} destroySurfaces: appStopped=true win.mWindowRemovalAllowed=false win.mRemoveOnExit=false
07-20 16:46:53.910  1197  2580 I WindowManager: Destroying surface Surface(name=com.jieshun.jslife/com.jieshun.jslife.activity.userinfo.ConsumeOrderDetailActivity) called by com.android.server.wm.WindowStateAnimator.destroySurface:2072 com.android.server.wm.WindowStateAnimator.destroySurfaceLocked:884 com.android.server.wm.HwWindowStateAnimator.destroySurfaceLocked:1006 com.android.server.wm.WindowState.destroyOrSaveSurfaceUnchecked:2998 com.android.server.wm.WindowState.destroySurface:2951 com.android.server.wm.WindowManagerService.tryStartExitingAnimation:2632 com.android.server.wm.WindowManagerService.relayoutWindow:2449 com.android.server.wm.Session.relayout:234 
07-20 16:46:53.912  1197  2580 D WindowManager: face_rotation: isIntelliServiceEnabled: ro swtich off
07-20 16:46:53.913  1197  2580 I WindowManager: rotationForOrientationLw(orient=5, last=0); user=0 
07-20 16:46:53.913  1197  2580 D WindowManager: face_rotation: isIntelliServiceEnabled: ro swtich off
07-20 16:46:53.913  1197  2580 D HwPhoneWindowManager: face_rotation: not enabled,use sensor real
07-20 16:46:53.913  1197  2580 D HwPhoneWindowManager: face_rotation:real sensor rotation = -1
07-20 16:46:53.913  1197  2580 D HwPhoneWindowManager: face_rotation: rotation = 0
07-20 16:46:53.913  1197  2580 I WindowManager: Selected orientation 5, got rotation 0 which has compatible metrics
07-20 16:46:53.924  6101  6101 V ActivityThread: Handle window ActivityRecord{aff4849 token=android.os.BinderProxy@40c27ee {com.jieshun.jslife/com.jieshun.jslife.activity.userinfo.ConsumeOrderDetailActivity}} visibility: false
07-20 16:46:53.936  1197  2580 D SmartHeartBeat: setAlarmsPending ...
07-20 16:46:53.960  1197  2194 W WindowManager: reset canBeSeen for statusbar when keyguard on
07-20 16:46:53.978   749  2144 D libgps  : proxy_gnss_sv_status_cb: called. num_svs(3)
07-20 16:46:53.989  1197  3686 W WindowManager: reset canBeSeen for statusbar when keyguard on
07-20 16:46:54.065  1197  2194 D WindowManager: finishDrawingWindow: Window{eb72f30 u0 StatusBar} mDrawState=DRAW_PENDING
07-20 16:46:54.070  1197  1367 W WindowManager: reset canBeSeen for statusbar when keyguard on
07-20 16:46:54.097  1197  1197 I HwActivityManagerService: OverscanTimeout run
07-20 16:46:54.988   749  2144 D libgps  : proxy_gnss_sv_status_cb: called. num_svs(3)
07-20 16:47:07.987   749  2144 I chatty  : uid=1000(system) IPC Thread identical 13 lines
07-20 16:47:08.987   749  2144 D libgps  : proxy_gnss_sv_status_cb: called. num_svs(3)
07-20 16:47:09.985   749  2144 D libgps  : proxy_gnss_sv_status_cb: called. num_svs(4)
07-20 16:47:10.642  1197  2580 W HwAlarmManagerService: isContainsAppUidInWorksource-->happend NameNotFoundException
07-20 16:47:10.649  1197  2580 D SmartHeartBeat: isPendingPackage, false, pkg:com.android.deskclock, action:com.android.deskclock.ALARM_ALERT,not pending alarm with AlarmClockInfo
07-20 16:47:10.652  1197  2580 I HwAlarmManagerService: hwSetAlarm listenerTag: *job.deadline*
07-20 16:47:10.653  1197  2580 I JobScheduler.Time: mNextJobExpiredElapsedMillis: 39983863
07-20 16:47:10.655  1197  2580 W HwAlarmManagerService: isContainsAppUidInWorksource-->happend NameNotFoundException
07-20 16:47:10.659  1197  2580 D SmartHeartBeat: isPendingPackage, false, pkg:com.android.deskclock, action:com.android.deskclock.ALARM_ALERT,not pending alarm with AlarmClockInfo
07-20 16:47:10.662  1197  2580 I HwAlarmManagerService: hwSetAlarm listenerTag: *job.deadline*
07-20 16:47:10.663  1197  2580 I JobScheduler.Time: mNextJobExpiredElapsedMillis: 39947356
07-20 16:47:10.994   749  2144 D libgps  : proxy_gnss_sv_status_cb: called. num_svs(4)
07-20 16:47:11.989   749  2144 I chatty  : uid=1000(system) IPC Thread identical 1 line
07-20 16:47:12.988   749  2144 D libgps  : proxy_gnss_sv_status_cb: called. num_svs(4)
07-20 16:47:12.991  1197  2116 W Watchdog: hungtask: writing kick
07-20 16:47:13.989   749  2144 D libgps  : proxy_gnss_sv_status_cb: called. num_svs(4)
07-20 16:47:19.991   749  2144 I chatty  : uid=1000(system) IPC Thread identical 6 lines
07-20 16:47:20.986   749  2144 D libgps  : proxy_gnss_sv_status_cb: called. num_svs(4)
07-20 16:47:21.378  1197  1373 D HwBatteryService: onUEvent fcpStatus = 0,scpStatus =0,ovpStatus=0
07-20 16:47:21.379  1197  1373 I UsbDeviceManager: water_intrused state= 0
07-20 16:47:21.407  1197  1197 D WifiService: onReceive, action:android.intent.action.BATTERY_CHANGED
07-20 16:47:21.407  1197  1197 D WifiService: ACTION_BATTERY_CHANGED pluggedType: 2
07-20 16:47:21.544  1197  2580 W ProcBatteryStats: timer is running , not start, name: com.android.phone, uid: 1001, tag: RILJ
07-20 16:47:21.555  1197  2194 W ProcBatteryStats: timer is not running , not stop, name: com.android.phone, uid: 1001, tag: RILJ
07-20 16:47:21.981   749  2144 D libgps  : proxy_gnss_sv_status_cb: called. num_svs(4)
07-20 16:47:34.986   749  2144 I chatty  : uid=1000(system) IPC Thread identical 13 lines
07-20 16:47:35.985   749  2144 D libgps  : proxy_gnss_sv_status_cb: called. num_svs(4)
07-20 16:47:36.987   749  2144 D libgps  : proxy_gnss_sv_status_cb: called. num_svs(3)
07-20 16:47:39.985   749  2144 I chatty  : uid=1000(system) IPC Thread identical 3 lines
07-20 16:47:40.987   749  2144 D libgps  : proxy_gnss_sv_status_cb: called. num_svs(3)
07-20 16:47:41.986   749  2144 D libgps  : proxy_gnss_sv_status_cb: called. num_svs(4)
07-20 16:47:42.985   749  2144 D libgps  : proxy_gnss_sv_status_cb: called. num_svs(4)
07-20 16:47:42.993  1197  2116 W Watchdog: hungtask: writing kick
07-20 16:47:43.985   749  2144 D libgps  : proxy_gnss_sv_status_cb: called. num_svs(4)
07-20 16:47:44.984   749  2144 D libgps  : proxy_gnss_sv_status_cb: called. num_svs(4)
07-20 16:47:45.454  1197  1197 V AlarmManager: Received TIME_TICK alarm; rescheduling
07-20 16:47:45.462  1197  1197 I HwAlarmManagerService: hwSetAlarm listenerTag: time_tick
07-20 16:47:45.490  1197  2580 V BroadcastQueue: Finished with ordered broadcast BroadcastRecord{8d9b8a0 u0 ALARM_ACTION(5938)}
07-20 16:47:45.517  1197  2580 D SmartHeartBeat: isPendingPackage, false, pkg:com.android.deskclock, action:com.android.deskclock.ALARM_ALERT,not pending alarm with AlarmClockInfo
07-20 16:47:45.581  1197  3686 D SmartHeartBeat: isPendingPackage, false, pkg:com.android.deskclock, action:com.android.deskclock.ALARM_ALERT,not pending alarm with AlarmClockInfo
07-20 16:47:45.600  1197  1197 D WifiService: onReceive, action:android.intent.action.BATTERY_CHANGED
07-20 16:47:45.600  1197  1197 D WifiService: ACTION_BATTERY_CHANGED pluggedType: 2
07-20 16:47:45.788  1197  2580 V BroadcastQueue: Finished with ordered broadcast BroadcastRecord{2785da3 u-1 android.intent.action.TIME_TICK}
07-20 16:47:45.980   749  2144 D libgps  : proxy_gnss_sv_status_cb: called. num_svs(4)
07-20 16:47:49.983   749  2144 I chatty  : uid=1000(system) IPC Thread identical 4 lines
07-20 16:47:50.992   749  2144 D libgps  : proxy_gnss_sv_status_cb: called. num_svs(4)
07-20 16:47:51.587  1197  1373 D HwBatteryService: onUEvent fcpStatus = 0,scpStatus =0,ovpStatus=0
07-20 16:47:51.588  1197  1373 I UsbDeviceManager: water_intrused state= 0
07-20 16:47:51.604  1197  1197 D WifiService: onReceive, action:android.intent.action.BATTERY_CHANGED
07-20 16:47:51.604  1197  1197 D WifiService: ACTION_BATTERY_CHANGED pluggedType: 2
07-20 16:47:51.978   749  2144 D libgps  : proxy_gnss_sv_status_cb: called. num_svs(5)
07-20 16:47:52.989   749  2144 I chatty  : uid=1000(system) IPC Thread identical 1 line
07-20 16:47:53.989   749  2144 D libgps  : proxy_gnss_sv_status_cb: called. num_svs(5)
07-20 16:47:54.318  1197  1197 W HwAlarmManagerService: isContainsAppUidInWorksource-->happend NameNotFoundException
07-20 16:47:54.330  1197  1631 D NetdConnector: SND -> {1781 bandwidth gettetherstats}
07-20 16:47:54.335  1197  1630 D NetdConnector: RCV <- {200 1781 Tethering stats list completed}
07-20 16:47:54.337  1197  1630 D NetdConnector: RCV <- {200 1781 Tethering stats list completed}
07-20 16:47:54.347  1197  1631 W NetworkStatsFactory: mStatsXtProcUid: /proc/net/comm/stats does not exist!
07-20 16:47:54.347  1197  1631 D HwNetworkStatsService: hwRecordUidAndProcSnapshotLocked currentTime = 1532076465846
07-20 16:47:54.369  1197  1197 I HwAlarmManagerService: hwSetAlarm listenerTag: *job.delay*
07-20 16:47:54.370  1197  1197 I JobScheduler.Time: mNextDelayExpiredElapsedMillis: 39901707
07-20 16:47:54.371  1197  1197 D JobServiceContext: Scheduling time out for 'com.android.server.content.SyncJobService' jId: 106329, in 18 s
07-20 16:47:54.376  1197  1197 D JobServiceContext: handleServiceBound for 5b39c41 #1000/106329 com.tencent.mtt.account.sync/com.tencent.mtt.account.sync:android
07-20 16:47:54.376  1197  1197 D JobServiceContext: Scheduling time out for 'com.android.server.content.SyncJobService' jId: 106329, in 8 s
07-20 16:47:54.377  1197  1197 I SyncManager: SyncJobService->onStartJob:put job to map, jobid:106329
07-20 16:47:54.377  1197  1197 D JobServiceContext: doCallback of : JobStatus{5b39c41 #1000/106329 com.tencent.mtt.account.sync/com.tencent.mtt.account.sync:android u=0 s=10028 TIME=-37s231ms:+4m22s769ms NET=1 PERSISTED READY} v:VERB_STARTING
07-20 16:47:54.377  1197  1197 D JobServiceContext: Scheduling time out for 'com.android.server.content.SyncJobService' jId: 106329, in 600 s
07-20 16:47:54.382  1197  1219 I SyncManager: dispatchSyncOperation:we are going to sync JobId: 106329, XXXXXXXXX u0 (com.tencent.mtt.account.sync), com.tencent.mtt.account.sync, PERIODIC, reason: Periodic, period: 1200000, flexMillis: 48000
07-20 16:47:54.389  1197  1631 I NetworkStatsFactory: javaReadNetworkStatsUidAndProcDetail. cost time = 41
07-20 16:47:54.397  1197  1631 D HwNetworkStatsService: hwMaybeUidAndProcPersistLocked currentTime = 1532076465846
07-20 16:47:54.439  1197  1219 E SyncManager: Bind attempt failed - target: ComponentInfo{com.tencent.mtt/com.tencent.mtt.browser.push.external.account.SyncService}
07-20 16:47:54.440  1197  1219 I SyncManager: SyncJobService->callJobFinished: remove job to map, jobid:106329
07-20 16:47:54.443  1197  1197 D JobServiceContext: doCallback of : JobStatus{5b39c41 #1000/106329 com.tencent.mtt.account.sync/com.tencent.mtt.account.sync:android u=0 s=10028 TIME=-37s296ms:+4m22s704ms NET=1 PERSISTED READY} v:VERB_EXECUTING
07-20 16:47:54.452  1197  1631 D NetdConnector: SND -> {1782 bandwidth setglobalalert 2097152}
07-20 16:47:54.454  1197  1630 D NetdConnector: RCV <- {200 1782 Bandwidth command succeeeded}
07-20 16:47:54.454  1197  1630 D NetdConnector: RCV <- {200 1782 Bandwidth command succeeeded}
07-20 16:47:54.459  1197  1631 V BroadcastQueue: Finished with ordered broadcast BroadcastRecord{a4751cd u0 com.android.server.action.NETWORK_STATS_POLL}
07-20 16:47:54.467  1197  3767 V BroadcastQueue: Finished with ordered broadcast BroadcastRecord{bf593 u0 com.tencent.mobileqq:MSF_161146652}
07-20 16:47:54.596  1197  2580 I NetworkStats: getSummaryForAllPid stats size= 450
07-20 16:47:54.984   749  2144 D libgps  : proxy_gnss_sv_status_cb: called. num_svs(5)
07-20 16:48:07.988   749  2144 I chatty  : uid=1000(system) IPC Thread identical 13 lines
07-20 16:48:08.997   749  2144 D libgps  : proxy_gnss_sv_status_cb: called. num_svs(5)
07-20 16:48:09.996   749  2144 D libgps  : proxy_gnss_sv_status_cb: called. num_svs(6)
07-20 16:48:10.988   749  2144 I chatty  : uid=1000(system) IPC Thread identical 1 line
07-20 16:48:11.991   749  2144 D libgps  : proxy_gnss_sv_status_cb: called. num_svs(6)
07-20 16:48:12.987   749  2144 D libgps  : proxy_gnss_sv_status_cb: called. num_svs(4)
07-20 16:48:12.995  1197  2116 W Watchdog: hungtask: writing kick
07-20 16:48:13.986   749  2144 D libgps  : proxy_gnss_sv_status_cb: called. num_svs(4)
07-20 16:48:17.987   749  2144 I chatty  : uid=1000(system) IPC Thread identical 4 lines
07-20 16:48:18.958   749  2144 D libgps  : proxy_gnss_sv_status_cb: called. num_svs(4)
07-20 16:48:19.985   749  2144 D libgps  : proxy_gnss_sv_status_cb: called. num_svs(3)
07-20 16:48:20.988   749  2144 D libgps  : proxy_gnss_sv_status_cb: called. num_svs(3)
07-20 16:48:21.795  1197  1373 D HwBatteryService: onUEvent fcpStatus = 0,scpStatus =0,ovpStatus=0
07-20 16:48:21.796  1197  1373 I UsbDeviceManager: water_intrused state= 0
07-20 16:48:21.824  1197  1197 D WifiService: onReceive, action:android.intent.action.BATTERY_CHANGED
07-20 16:48:21.824  1197  1197 D WifiService: ACTION_BATTERY_CHANGED pluggedType: 2
07-20 16:48:21.981   749  2144 D libgps  : proxy_gnss_sv_status_cb: called. num_svs(3)
07-20 16:48:32.982   749  2144 I chatty  : uid=1000(system) IPC Thread identical 11 lines
07-20 16:48:33.983   749  2144 D libgps  : proxy_gnss_sv_status_cb: called. num_svs(3)
07-20 16:48:34.256  1197  2194 D SmartHeartBeat: isPendingPackage, false, pkg:com.android.deskclock, action:com.android.deskclock.ALARM_ALERT,not pending alarm with AlarmClockInfo
07-20 16:48:34.980   749  2144 D libgps  : proxy_gnss_sv_status_cb: called. num_svs(3)
07-20 16:48:37.981   749  2144 I chatty  : uid=1000(system) IPC Thread identical 3 lines
07-20 16:48:38.979   749  2144 D libgps  : proxy_gnss_sv_status_cb: called. num_svs(3)
07-20 16:48:39.636  1197  1197 V AlarmManager: Received TIME_TICK alarm; rescheduling
07-20 16:48:39.654  1197  1197 I HwAlarmManagerService: hwSetAlarm listenerTag: time_tick
07-20 16:48:39.666  1197  3686 V BroadcastQueue: Finished with ordered broadcast BroadcastRecord{1ea2594 u0 com.huawei.intent.action.PUSH}
07-20 16:48:39.816  1197  3686 D SmartHeartBeat: isPendingPackage, false, pkg:com.android.deskclock, action:com.android.deskclock.ALARM_ALERT,not pending alarm with AlarmClockInfo
07-20 16:48:39.970   749  2144 D libgps  : proxy_gnss_sv_status_cb: called. num_svs(3)
07-20 16:48:39.976  1197  3767 V BroadcastQueue: Finished with ordered broadcast BroadcastRecord{e4b55e7 u-1 android.intent.action.TIME_TICK}
07-20 16:48:40.987   749  2144 D libgps  : proxy_gnss_sv_status_cb: called. num_svs(3)
07-20 16:48:41.985   749  2144 D libgps  : proxy_gnss_sv_status_cb: called. num_svs(4)
07-20 16:48:42.988   749  2144 D libgps  : proxy_gnss_sv_status_cb: called. num_svs(4)
07-20 16:48:42.996  1197  2116 W Watchdog: hungtask: writing kick
07-20 16:48:43.987   749  2144 D libgps  : proxy_gnss_sv_status_cb: called. num_svs(3)
07-20 16:48:44.987   749  2144 D libgps  : proxy_gnss_sv_status_cb: called. num_svs(4)
07-20 16:48:45.592  1197  1197 D WifiService: onReceive, action:android.intent.action.BATTERY_CHANGED
07-20 16:48:45.592  1197  1197 D WifiService: ACTION_BATTERY_CHANGED pluggedType: 2
07-20 16:48:45.984   749  2144 D libgps  : proxy_gnss_sv_status_cb: called. num_svs(4)
07-20 16:48:46.986   749  2144 D libgps  : proxy_gnss_sv_status_cb: called. num_svs(3)
07-20 16:48:47.982   749  2144 I chatty  : uid=1000(system) IPC Thread identical 1 line
07-20 16:48:48.987   749  2144 D libgps  : proxy_gnss_sv_status_cb: called. num_svs(3)
07-20 16:48:49.987   749  2144 D libgps  : proxy_gnss_sv_status_cb: called. num_svs(4)
07-20 16:48:50.983   749  2144 D libgps  : proxy_gnss_sv_status_cb: called. num_svs(3)
07-20 16:48:51.981   749  2144 D libgps  : proxy_gnss_sv_status_cb: called. num_svs(3)
07-20 16:48:52.001  1197  1373 D HwBatteryService: onUEvent fcpStatus = 0,scpStatus =0,ovpStatus=0
07-20 16:48:52.004  1197  1373 I UsbDeviceManager: water_intrused state= 0
07-20 16:48:52.022  1197  1197 D WifiService: onReceive, action:android.intent.action.BATTERY_CHANGED
07-20 16:48:52.022  1197  1197 D WifiService: ACTION_BATTERY_CHANGED pluggedType: 2
07-20 16:48:52.980   749  2144 D libgps  : proxy_gnss_sv_status_cb: called. num_svs(3)
07-20 16:48:57.979   749  2144 I chatty  : uid=1000(system) IPC Thread identical 5 lines
07-20 16:48:58.978   749  2144 D libgps  : proxy_gnss_sv_status_cb: called. num_svs(3)
07-20 16:48:59.344  1197  2194 V BroadcastQueue: Finished with ordered broadcast BroadcastRecord{8d2f57e u0 com.tencent.mobileqq:MSF_161146652}
07-20 16:48:59.357  1197  3767 V BroadcastQueue: Finished with ordered broadcast BroadcastRecord{6131adf u0 com.netease.nim.ACTION.ALARM.REPEATING}
07-20 16:48:59.982   749  2144 D libgps  : proxy_gnss_sv_status_cb: called. num_svs(3)
07-20 16:49:02.987   749  2144 I chatty  : uid=1000(system) IPC Thread identical 3 lines
07-20 16:49:03.983   749  2144 D libgps  : proxy_gnss_sv_status_cb: called. num_svs(3)
07-20 16:49:04.988   749  2144 D libgps  : proxy_gnss_sv_status_cb: called. num_svs(4)
07-20 16:49:05.987   749  2144 I chatty  : uid=1000(system) IPC Thread identical 1 line
07-20 16:49:06.988   749  2144 D libgps  : proxy_gnss_sv_status_cb: called. num_svs(4)
07-20 16:49:07.990   749  2144 D libgps  : proxy_gnss_sv_status_cb: called. num_svs(5)
07-20 16:49:11.991   749  2144 I chatty  : uid=1000(system) IPC Thread identical 4 lines
07-20 16:49:12.994   749  2144 D libgps  : proxy_gnss_sv_status_cb: called. num_svs(5)
07-20 16:49:12.998  1197  2116 W Watchdog: hungtask: writing kick
07-20 16:49:13.990   749  2144 D libgps  : proxy_gnss_sv_status_cb: called. num_svs(5)
07-20 16:49:19.987   749  2144 I chatty  : uid=1000(system) IPC Thread identical 6 lines
07-20 16:49:20.986   749  2144 D libgps  : proxy_gnss_sv_status_cb: called. num_svs(5)
07-20 16:49:21.986   749  2144 D libgps  : proxy_gnss_sv_status_cb: called. num_svs(4)
07-20 16:49:22.213  1197  1373 D HwBatteryService: onUEvent fcpStatus = 0,scpStatus =0,ovpStatus=0
07-20 16:49:22.215  1197  1373 I UsbDeviceManager: water_intrused state= 0
07-20 16:49:22.235  1197  1197 D WifiService: onReceive, action:android.intent.action.BATTERY_CHANGED
07-20 16:49:22.235  1197  1197 D WifiService: ACTION_BATTERY_CHANGED pluggedType: 2
07-20 16:49:22.983   749  2144 D libgps  : proxy_gnss_sv_status_cb: called. num_svs(4)
--------- beginning of main
07-20 16:49:31.786  3157  3200 W libc    : Set property "ril.hw_modem1.rssi" to "-50"
07-20 16:49:31.793  2209  2209 W libc    : Set property "gsm.rssi.sim2" to "-50"
07-20 16:49:31.982  1197  1395 I chatty  : uid=1000(system) HwBinder:1197_2 expire 40 lines
07-20 16:49:33.816  1766  1887 I HwMobileSignalController(1): subId:1 phoneType:1 networktype:2 targetClass:1 masterLevel:5 slaveLevel:-1
07-20 16:49:36.535  2209  2461 W PhoneInterfaceManager: shouldBlockLocation running ...
07-20 16:49:36.548  2209  2461 I PhoneInterfaceManager: shouldBlockLocation  ret:false
07-20 16:49:37.663   740   740 E Thermal-daemon: [ap] temp_new :35  temp_old :36
07-20 16:49:37.665   740   740 E Thermal-daemon: Report temperature: [ap] temp :35  report_threshold:1
07-20 16:49:37.979  1197  1246 I chatty  : uid=1000(system) HwBinder:1197_1 expire 45 lines
07-20 16:49:38.991   749  2144 I chatty  : uid=1000(system) IPC Thread identical 16 lines
07-20 16:49:39.981   749  2144 D libgps  : proxy_gnss_sv_status_cb: called. num_svs(4)
07-20 16:49:40.988   749  2144 D libgps  : proxy_gnss_sv_status_cb: called. num_svs(3)
07-20 16:49:41.534  2209  2461 W PhoneInterfaceManager: shouldBlockLocation running ...
07-20 16:49:41.549  2209  2461 I PhoneInterfaceManager: shouldBlockLocation  ret:false
07-20 16:49:41.559  6101  6101 I chatty  : uid=10176(u0_a176) com.jieshun.jslife expire 45 lines
07-20 16:49:41.988   749  2144 D libgps  : proxy_gnss_sv_status_cb: called. num_svs(3)
07-20 16:49:42.985   749  2144 D libgps  : proxy_gnss_sv_status_cb: called. num_svs(4)
07-20 16:49:43.000  1197  2116 W Watchdog: hungtask: writing kick
07-20 16:49:43.985   749  2144 D libgps  : proxy_gnss_sv_status_cb: called. num_svs(3)
07-20 16:49:44.988   749  2144 D libgps  : proxy_gnss_sv_status_cb: called. num_svs(3)
07-20 16:49:45.591  1197  1197 D WifiService: onReceive, action:android.intent.action.BATTERY_CHANGED
07-20 16:49:45.591  1197  1197 D WifiService: ACTION_BATTERY_CHANGED pluggedType: 2
07-20 16:49:45.592  1766  1766 D KeyguardUpdateMonitor: received broadcast android.intent.action.BATTERY_CHANGED
07-20 16:49:45.592  1766  1766 W KeyguardUpdateMonitor: ACTION_BATTERY_CHANGED AMP: 500000; Volt: 5013000
07-20 16:49:45.598  3107 15661 I CloudAlbum[8.1.2.303]: [OperationUtil] cancelNotify
07-20 16:49:45.644  1766  1766 V KeyguardUpdateMonitor: RefreshBatteryInfo isBatteryLow: 72
07-20 16:49:45.644  1766  1766 W KeyguardUpdateMonitor: ChargingSpeed  Wattage: 2506500 ST: 5000000 --> 7500000
07-20 16:49:45.644  1766  1766 I KgBattery: BatteryInfo updated:  2lPc0
07-20 16:49:45.644  1766  1766 W AppHandler: sendMessage with obj100
07-20 16:49:45.644  1766  1766 D KeyguardUpdateMonitor: handleBatteryUpdate
07-20 16:49:45.645  1766  1766 V KeyguardUpdateMonitor: RefreshBatteryInfo isBatteryLow: 72
07-20 16:49:45.646  1766  1766 W HwKeyguardBottomArea: updateBatteryInfo : false  true
07-20 16:49:45.647  1766  1766 W HwLockScreenPanel: Handle message: 100
07-20 16:49:45.648  1766  1766 W KgBattery: getCharge info with type: text
07-20 16:49:45.652  1766  1766 W HwKeyguardBottomArea: updateBatteryInfo : false  true
07-20 16:49:45.653  1766  1766 W HwLockScreenPanel: refreshBatteryInfo: null
07-20 16:49:45.666  1766  1766 W HwKeyguardDragHelper: AnimationBlocked
07-20 16:49:45.667  1766  1766 W PanelView: set notification panel padding = 1914
07-20 16:49:45.668  1766  1766 W PanelView: set mBlockAnimation false
07-20 16:49:45.668  1766  1766 V MagazineUtils: Is User Assigned Wallpaper? : 0  false
07-20 16:49:45.668  1766  1766 V MagazineUtils: Is User Assigned Wallpaper? : 0  false
07-20 16:49:45.790  3400  3568 I AppLogManager: PrintWoker poll timeout , shutdown
07-20 16:49:45.982   761   842 I chatty  : uid=1000(system) /vendor/bin/fusion_daemon expire 38 lines
07-20 16:49:45.984   749  2144 D libgps  : proxy_gnss_sv_status_cb: called. num_svs(3)
07-20 16:49:46.535  2209  2461 W PhoneInterfaceManager: shouldBlockLocation running ...
07-20 16:49:46.548  2209  2461 I PhoneInterfaceManager: shouldBlockLocation  ret:false
07-20 16:49:46.984   761   841 I chatty  : uid=1000(system) /vendor/bin/fusion_daemon expire 72 lines
07-20 16:49:47.986  1197  1396 I chatty  : uid=1000(system) HwBinder:1197_3 expire 25 lines
07-20 16:49:48.201  1197  1197 I chatty  : uid=1000 system_server expire 14 lines
07-20 16:49:49.979   749  2144 I chatty  : uid=1000(system) IPC Thread identical 4 lines
07-20 16:49:50.978   749  2144 D libgps  : proxy_gnss_sv_status_cb: called. num_svs(3)
07-20 16:49:51.534  2209  2461 W PhoneInterfaceManager: shouldBlockLocation running ...
07-20 16:49:51.548  2209  2461 I PhoneInterfaceManager: shouldBlockLocation  ret:false
07-20 16:49:51.552  1197  3767 I chatty  : uid=1000(system) Binder:1197_14 expire 5 lines
07-20 16:49:51.569  1197  3767 W ProcBatteryStats: timer is running , not start, name: com.android.phone, uid: 1001, tag: RILJ
07-20 16:49:51.581  1197  2194 W ProcBatteryStats: timer is not running , not stop, name: com.android.phone, uid: 1001, tag: RILJ
07-20 16:49:51.985   749  2144 D libgps  : proxy_gnss_sv_status_cb: called. num_svs(3)
07-20 16:49:52.417  1197  1373 D HwBatteryService: onUEvent fcpStatus = 0,scpStatus =0,ovpStatus=0
07-20 16:49:52.418  1197  1373 I UsbDeviceManager: water_intrused state= 0
07-20 16:49:52.442  1766  1766 D KeyguardUpdateMonitor: received broadcast android.intent.action.BATTERY_CHANGED
07-20 16:49:52.443  1766  1766 W KeyguardUpdateMonitor: ACTION_BATTERY_CHANGED AMP: 500000; Volt: 5017000
07-20 16:49:52.443  1766  1766 V KeyguardUpdateMonitor: RefreshBatteryInfo isBatteryLow: 72
07-20 16:49:52.443  1766  1766 W KeyguardUpdateMonitor: ChargingSpeed  Wattage: 2508500 ST: 5000000 --> 7500000
07-20 16:49:52.443  1766  1766 I KgBattery: BatteryInfo updated:  2lPc0
07-20 16:49:52.443  1766  1766 W AppHandler: sendMessage with obj100
07-20 16:49:52.443  1766  1766 D KeyguardUpdateMonitor: handleBatteryUpdate
07-20 16:49:52.444  1766  1766 V KeyguardUpdateMonitor: RefreshBatteryInfo isBatteryLow: 72
07-20 16:49:52.445  1766  1766 W HwKeyguardBottomArea: updateBatteryInfo : false  true
07-20 16:49:52.446  1766  1766 W HwLockScreenPanel: Handle message: 100
07-20 16:49:52.446  1766  1766 W KgBattery: getCharge info with type: text
07-20 16:49:52.447  1197  1197 D WifiService: onReceive, action:android.intent.action.BATTERY_CHANGED
07-20 16:49:52.447  1197  1197 D WifiService: ACTION_BATTERY_CHANGED pluggedType: 2
07-20 16:49:52.452  3107 15661 I CloudAlbum[8.1.2.303]: [OperationUtil] cancelNotify
07-20 16:49:52.459  1766  1766 W HwKeyguardBottomArea: updateBatteryInfo : false  true
07-20 16:49:52.459  1766  1766 W HwLockScreenPanel: refreshBatteryInfo: null
07-20 16:49:52.466  1766  1766 W HwKeyguardDragHelper: AnimationBlocked
07-20 16:49:52.467  1766  1766 W PanelView: set notification panel padding = 1914
07-20 16:49:52.468  1766  1766 W PanelView: set mBlockAnimation false
07-20 16:49:52.468  1766  1766 V MagazineUtils: Is User Assigned Wallpaper? : 0  false
07-20 16:49:52.470  1766  1766 V MagazineUtils: Is User Assigned Wallpaper? : 0  false
07-20 16:49:52.987   749  2144 D libgps  : proxy_gnss_sv_status_cb: called. num_svs(3)
07-20 16:49:52.987  1197  1246 I chatty  : uid=1000(system) HwBinder:1197_1 expire 35 lines
07-20 16:49:54.220  1197  2139 I chatty  : uid=1000(system) LocationManager expire 7 lines
07-20 16:49:54.982  1197  1395 I chatty  : uid=1000(system) HwBinder:1197_2 expire 35 lines
07-20 16:49:55.680  3157  3200 W libc    : Set property "ril.hw_modem1.rssi" to "-55"
07-20 16:49:55.687  2209  2209 W libc    : Set property "gsm.rssi.sim2" to "-55"
07-20 16:49:55.705  1766  1887 I HwMobileSignalController(1): subId:1 phoneType:1 networktype:2 targetClass:1 masterLevel:5 slaveLevel:-1
07-20 16:49:56.536  2209  2461 W PhoneInterfaceManager: shouldBlockLocation running ...
07-20 16:49:56.549  2209  2461 I PhoneInterfaceManager: shouldBlockLocation  ret:false
07-20 16:49:56.560  6101  6101 I chatty  : uid=10176(u0_a176) com.jieshun.jslife expire 45 lines
07-20 16:50:01.180   681   888 D SensorHub: Get acc data 0.124498, 0.220267, 9.979033
07-20 16:50:01.535  2209  2461 W PhoneInterfaceManager: shouldBlockLocation running ...
07-20 16:50:01.548  2209  2461 I PhoneInterfaceManager: shouldBlockLocation  ret:false
07-20 16:50:01.707  1766  1887 I HwMobileSignalController(1): subId:1 phoneType:1 networktype:2 targetClass:1 masterLevel:5 slaveLevel:-1
07-20 16:50:02.685   740   740 E Thermal-daemon: [ap] temp_new :36  temp_old :35
07-20 16:50:02.687   740   740 E Thermal-daemon: Report temperature: [ap] temp :36  report_threshold:1
07-20 16:50:04.977   761   842 I chatty  : uid=1000(system) /vendor/bin/fusion_daemon expire 30 lines
