07-20 16:38:24.998   749  2144 D libgps  : proxy_gnss_sv_status_cb: called. num_svs(5)
07-20 16:38:25.021  1197  2138 I chatty  : uid=1000(system) LocationThread expire 32 lines
07-20 16:38:25.120  1197  2580 I chatty  : uid=1000(system) Binder:1197_D expire 5 lines
07-20 16:38:25.988   749  2144 D libgps  : proxy_gps_location_cb: called.
07-20 16:38:25.989   749  2144 D libgps  : proxy_gnss_sv_status_cb: called. num_svs(5)
07-20 16:38:26.005  1197 24968 I chatty  : uid=1000 system_server expire 10 lines
07-20 16:38:26.010  1197 10361 I chatty  : uid=1000(system) Binder:1197_20 expire 11 lines
07-20 16:38:26.954   749  2144 D libgps  : proxy_gnss_sv_status_cb: called. num_svs(5)
07-20 16:38:26.957  1197 24960 I chatty  : uid=1000 system_server expire 10 lines
07-20 16:38:27.975   749  2144 D libgps  : proxy_gnss_sv_status_cb: called. num_svs(5)
07-20 16:38:27.985  1197 24966 I chatty  : uid=1000 system_server expire 10 lines
07-20 16:38:28.992   749  2144 D libgps  : proxy_gnss_sv_status_cb: called. num_svs(5)
07-20 16:38:29.008  1197 24967 I chatty  : uid=1000 system_server expire 10 lines
07-20 16:38:29.986   749  2144 D libgps  : proxy_gnss_sv_status_cb: called. num_svs(5)
07-20 16:38:30.977   749  2144 D libgps  : proxy_gnss_sv_status_cb: called. num_svs(5)
07-20 16:38:31.985   749  2144 D libgps  : proxy_gnss_sv_status_cb: called. num_svs(5)
07-20 16:38:33.004   749  2144 D libgps  : proxy_gnss_sv_status_cb: called. num_svs(5)
07-20 16:38:33.996   749  2144 D libgps  : proxy_gnss_sv_status_cb: called. num_svs(5)
07-20 16:38:34.871  1197  2276 I chatty  : uid=1000(system) Binder:1197_B expire 13 lines
07-20 16:38:34.888  6101  6101 W ViewRootImpl[ConsumeOrderDetailActivity]: Dropping event due to root view being removed: MotionEvent { action=ACTION_UP, actionButton=0, id[0]=0, x[0]=891.7571, y[0]=803.6969, toolType[0]=TOOL_TYPE_UNKNOWN, buttonState=0, metaState=0, flags=0x0, edgeFlags=0x0, pointerCount=1, historySize=0, eventTime=27538864, downTime=27538862, deviceId=0, source=0x1002 }
07-20 16:38:34.967   749  2144 D libgps  : proxy_gnss_sv_status_cb: called. num_svs(5)
07-20 16:38:35.140  1197  1367 I chatty  : uid=1000(system) android.anim expire 10 lines
07-20 16:38:35.723  1197  1373 I chatty  : uid=1000(system) UEventObserver expire 4 lines
07-20 16:38:35.753  1197  1227 I chatty  : uid=1000(system) batterystats-sy expire 2 lines
07-20 16:38:35.756  1197  1197 I chatty  : uid=1000 system_server expire 6 lines
07-20 16:38:35.829  1197  1222 I chatty  : uid=1000(system) ActivityManager expire 1 line
07-20 16:38:35.985   749  2144 D libgps  : proxy_gnss_sv_status_cb: called. num_svs(5)
07-20 16:38:35.989  1197  2138 I chatty  : uid=1000(system) LocationThread expire 31 lines
07-20 16:38:36.992   749  2144 D libgps  : proxy_gnss_sv_status_cb: called. num_svs(5)
07-20 16:38:37.995   749  2144 D libgps  : proxy_gnss_sv_status_cb: called. num_svs(6)
07-20 16:38:38.953   749  2144 D libgps  : proxy_gnss_sv_status_cb: called. num_svs(6)
07-20 16:38:39.967   749  2144 D libgps  : proxy_gnss_sv_status_cb: called. num_svs(6)
07-20 16:38:40.975   749  2144 D libgps  : proxy_gnss_sv_status_cb: called. num_svs(6)
07-20 16:38:41.985   749  2144 D libgps  : proxy_gnss_sv_status_cb: called. num_svs(6)
07-20 16:38:42.947  1197  2116 I chatty  : uid=1000(system) watchdog expire 1 line
07-20 16:38:42.987   749  2144 D libgps  : proxy_gnss_sv_status_cb: called. num_svs(6)
07-20 16:38:43.885  1197  3767 I chatty  : uid=1000(system) Binder:1197_14 expire 11 lines
07-20 16:38:43.992   749  2144 D libgps  : proxy_gnss_sv_status_cb: called. num_svs(6)
07-20 16:38:44.997   749  2144 D libgps  : proxy_gnss_sv_status_cb: called. num_svs(6)
07-20 16:38:45.299  1197 10361 I chatty  : uid=1000(system) Binder:1197_20 expire 29 lines
07-20 16:38:45.326  1197  2276 I chatty  : uid=1000(system) Binder:1197_B expire 1 line
07-20 16:38:45.997   749  2144 D libgps  : proxy_gnss_sv_status_cb: called. num_svs(6)
07-20 16:38:46.006  1197  2138 I chatty  : uid=1000(system) LocationThread expire 6 lines
07-20 16:38:46.015  1197 24968 I chatty  : uid=1000 system_server expire 2 lines
07-20 16:38:46.980   749  2144 D libgps  : proxy_gnss_sv_status_cb: called. num_svs(6)
07-20 16:38:46.992  1197 24960 I chatty  : uid=1000 system_server expire 2 lines
07-20 16:38:47.559  1197  1367 I chatty  : uid=1000(system) android.anim expire 11 lines
07-20 16:38:47.891  6101  6101 V ActivityThread: ActivityThread,callActivityOnCreate
07-20 16:38:47.924  6101  6101 D ActivityThread: add activity client record, r= ActivityRecord{16509af token=android.os.BinderProxy@3ef77cf {com.jieshun.jslife/com.jieshun.jslife.activity.userinfo.ConsumeOrderDetailActivity}} token= android.os.BinderProxy@3ef77cf
07-20 16:38:47.952  6101  6101 D ActivityThread: Remove activity client record, r= ActivityRecord{ff6a token=android.os.BinderProxy@109ba62 {com.jieshun.jslife/com.jieshun.jslife.activity.userinfo.ConsumeOrderDetailActivity}} token= android.os.BinderProxy@109ba62
07-20 16:38:47.954  1197 10361 I chatty  : uid=1000(system) Binder:1197_20 expire 5 lines
07-20 16:38:47.956  1197  3767 I chatty  : uid=1000(system) Binder:1197_14 expire 24 lines
07-20 16:38:47.957   749  2144 D libgps  : proxy_gnss_sv_status_cb: called. num_svs(6)
07-20 16:38:47.960  1197  1367 I chatty  : uid=1000(system) android.anim expire 43 lines
07-20 16:38:47.961  1197  2138 I chatty  : uid=1000(system) LocationThread expire 13 lines
07-20 16:38:47.962  1197 24966 I chatty  : uid=1000 system_server expire 2 lines
07-20 16:38:47.974  1197  2276 I chatty  : uid=1000(system) Binder:1197_B expire 47 lines
07-20 16:38:47.995  1197  2580 I chatty  : uid=1000(system) Binder:1197_D expire 3 lines
07-20 16:38:48.979   749  2144 D libgps  : proxy_gnss_sv_status_cb: called. num_svs(6)
07-20 16:38:48.992  1197 24967 I chatty  : uid=1000 system_server expire 2 lines
07-20 16:38:49.993   749  2144 D libgps  : proxy_gnss_sv_status_cb: called. num_svs(6)
07-20 16:38:50.011  1197 24968 I chatty  : uid=1000 system_server expire 2 lines
07-20 16:38:50.779  6101  6101 V ActivityThread: ActivityThread,callActivityOnCreate
07-20 16:38:50.801  6101  6101 D ActivityThread: add activity client record, r= ActivityRecord{88eb237 token=android.os.BinderProxy@42b5e29 {com.jieshun.jslife/com.jieshun.jslife.activity.userinfo.ConsumeOrderDetailActivity}} token= android.os.BinderProxy@42b5e29
07-20 16:38:50.812  1197  3974 I chatty  : uid=1000(system) Binder:1197_18 expire 22 lines
07-20 16:38:50.958   749  2144 D libgps  : proxy_gnss_sv_status_cb: called. num_svs(7)
07-20 16:38:50.961  1197 24960 I chatty  : uid=1000 system_server expire 4 lines
07-20 16:38:51.743  6101  6101 D ActivityThread: Remove activity client record, r= ActivityRecord{8ce8c3d token=android.os.BinderProxy@b4d1ced {com.jieshun.jslife/com.jieshun.jslife.activity.userinfo.ConsumeRecordActivity}} token= android.os.BinderProxy@b4d1ced
07-20 16:38:51.857  6101  6101 D ActivityThread: Remove activity client record, r= ActivityRecord{16509af token=android.os.BinderProxy@3ef77cf {com.jieshun.jslife/com.jieshun.jslife.activity.userinfo.ConsumeOrderDetailActivity}} token= android.os.BinderProxy@3ef77cf
07-20 16:38:51.859  1197  3974 I chatty  : uid=1000(system) Binder:1197_18 expire 23 lines
07-20 16:38:51.910  1197  3767 I chatty  : uid=1000(system) Binder:1197_14 expire 54 lines
07-20 16:38:51.956  6101  6101 V ActivityThread: ActivityThread,callActivityOnCreate
07-20 16:38:51.958  1197  1367 I chatty  : uid=1000(system) android.anim expire 31 lines
07-20 16:38:51.959   749  2144 D libgps  : proxy_gnss_sv_status_cb: called. num_svs(7)
07-20 16:38:51.963  1197  2138 I chatty  : uid=1000(system) LocationThread expire 15 lines
07-20 16:38:51.964  1197 24966 I chatty  : uid=1000 system_server expire 4 lines
07-20 16:38:52.018  1197  2276 I chatty  : uid=1000(system) Binder:1197_B expire 8 lines
07-20 16:38:52.018  1197  1650 I chatty  : uid=1000(system) ConnectivitySer expire 6 lines
07-20 16:38:52.053  6101  6101 D ActivityThread: add activity client record, r= ActivityRecord{3da66f4 token=android.os.BinderProxy@2c9a10b {com.jieshun.jslife/com.jieshun.jslife.activity.userinfo.OpenDoorApplyWebViewActivity}} token= android.os.BinderProxy@2c9a10b
07-20 16:38:52.060  6101  6101 D ActivityThread: Remove activity client record, r= ActivityRecord{88eb237 token=android.os.BinderProxy@42b5e29 {com.jieshun.jslife/com.jieshun.jslife.activity.userinfo.ConsumeOrderDetailActivity}} token= android.os.BinderProxy@42b5e29
07-20 16:38:52.069 25205 25205 D ActivityThread: ActivityThread,attachApplication
07-20 16:38:52.961   749  2144 D libgps  : proxy_gnss_sv_status_cb: called. num_svs(7)
07-20 16:38:52.966  1197 24967 I chatty  : uid=1000 system_server expire 2 lines
07-20 16:38:53.976   749  2144 D libgps  : proxy_gnss_sv_status_cb: called. num_svs(7)
07-20 16:38:53.992  1197 24968 I chatty  : uid=1000 system_server expire 2 lines
07-20 16:38:55.012   749  2144 D libgps  : proxy_gnss_sv_status_cb: called. num_svs(7)
07-20 16:38:55.394  6101  6101 V ActivityThread: ActivityThread,callActivityOnCreate
07-20 16:38:55.463  6101  6101 D ActivityThread: add activity client record, r= ActivityRecord{322e34a token=android.os.BinderProxy@91c6a53 {com.jieshun.jslife/com.jieshun.jslife.activity.userinfo.AboutJSActivity}} token= android.os.BinderProxy@91c6a53
07-20 16:38:55.486  1197 10361 I chatty  : uid=1000(system) Binder:1197_20 expire 12 lines
07-20 16:38:55.503  6101  6101 D ActivityThread: Remove activity client record, r= ActivityRecord{3da66f4 token=android.os.BinderProxy@2c9a10b {com.jieshun.jslife/com.jieshun.jslife.activity.userinfo.OpenDoorApplyWebViewActivity}} token= android.os.BinderProxy@2c9a10b
07-20 16:38:55.503  1197  2580 I chatty  : uid=1000(system) Binder:1197_D expire 13 lines
07-20 16:38:55.974   749  2144 D libgps  : proxy_gnss_sv_status_cb: called. num_svs(7)
07-20 16:38:56.060  1197  1197 I chatty  : uid=1000 system_server expire 2 lines
07-20 16:38:57.013   749  2144 D libgps  : proxy_gnss_sv_status_cb: called. num_svs(7)
07-20 16:38:57.476  1197  1222 I chatty  : uid=1000(system) ActivityManager expire 1 line
07-20 16:38:57.541  1197 10361 I chatty  : uid=1000(system) Binder:1197_20 expire 23 lines
07-20 16:38:57.576  6101  6101 V ActivityThread: ActivityThread,callActivityOnCreate
07-20 16:38:57.582  1197  1367 I chatty  : uid=1000(system) android.anim expire 51 lines
07-20 16:38:57.608  1197  2580 I chatty  : uid=1000(system) Binder:1197_D expire 33 lines
07-20 16:38:57.622  6101  6101 D ActivityThread: add activity client record, r= ActivityRecord{850cdac token=android.os.BinderProxy@dce4aa1 {com.jieshun.jslife/com.jieshun.jslife.activity.userinfo.usercars.UserCarsNewActivity}} token= android.os.BinderProxy@dce4aa1
07-20 16:38:57.665  1197  3767 I chatty  : uid=1000(system) Binder:1197_14 expire 63 lines
07-20 16:38:57.972   749  2144 D libgps  : proxy_gnss_sv_status_cb: called. num_svs(7)
07-20 16:38:58.216  6101  6101 V ActivityThread: ActivityThread,callActivityOnCreate
07-20 16:38:58.248  6101  6101 D ActivityThread: add activity client record, r= ActivityRecord{d3db160 token=android.os.BinderProxy@bc61194 {com.jieshun.jslife/com.jieshun.jslife.activity.opendoor.OpenFastPassActivity}} token= android.os.BinderProxy@bc61194
07-20 16:38:58.751  6101  6101 D ActivityThread: Remove activity client record, r= ActivityRecord{322e34a token=android.os.BinderProxy@91c6a53 {com.jieshun.jslife/com.jieshun.jslife.activity.userinfo.AboutJSActivity}} token= android.os.BinderProxy@91c6a53
07-20 16:38:58.961   749  2144 D libgps  : proxy_gnss_sv_status_cb: called. num_svs(7)
07-20 16:38:59.308  6101  6101 V ActivityThread: ActivityThread,callActivityOnCreate
07-20 16:38:59.347  6101  6101 D ActivityThread: add activity client record, r= ActivityRecord{af80402 token=android.os.BinderProxy@22ff41c {com.jieshun.jslife/com.jieshun.jslife.activity.userinfo.UserInfoNewActivity}} token= android.os.BinderProxy@22ff41c
07-20 16:38:59.376  1197  1367 I chatty  : uid=1000(system) android.anim expire 3 lines
07-20 16:38:59.393  1197 10361 I chatty  : uid=1000(system) Binder:1197_20 expire 2 lines
07-20 16:38:59.395  1197  1367 I chatty  : uid=1000(system) android.anim expire 2 lines
07-20 16:38:59.398  1197 10361 I chatty  : uid=1000(system) Binder:1197_20 expire 5 lines
07-20 16:38:59.402  1197  3767 I chatty  : uid=1000(system) Binder:1197_14 expire 2 lines
07-20 16:38:59.404  1197  1367 I chatty  : uid=1000(system) android.anim expire 19 lines
07-20 16:38:59.474  1197 10361 I chatty  : uid=1000(system) Binder:1197_20 expire 27 lines
07-20 16:38:59.524  1197  1197 I chatty  : uid=1000 system_server expire 11 lines
07-20 16:38:59.529  1197  3767 I chatty  : uid=1000(system) Binder:1197_14 expire 27 lines
07-20 16:38:59.972   749  2144 D libgps  : proxy_gnss_sv_status_cb: called. num_svs(7)
07-20 16:38:59.998  1197  1391 I chatty  : uid=1000(system) InputDispatcher expire 6 lines
07-20 16:39:00.243  1197  1660 I chatty  : uid=1000(system) AudioService expire 4 lines
07-20 16:39:00.391  1197  3974 I chatty  : uid=1000(system) Binder:1197_18 expire 48 lines
07-20 16:39:00.591  1197  2580 I chatty  : uid=1000(system) Binder:1197_D expire 13 lines
07-20 16:39:00.622  6101  6101 D ActivityThread: Remove activity client record, r= ActivityRecord{850cdac token=android.os.BinderProxy@dce4aa1 {com.jieshun.jslife/com.jieshun.jslife.activity.userinfo.usercars.UserCarsNewActivity}} token= android.os.BinderProxy@dce4aa1
07-20 16:39:00.631  6101  6101 D ActivityThread: Remove activity client record, r= ActivityRecord{d3db160 token=android.os.BinderProxy@bc61194 {com.jieshun.jslife/com.jieshun.jslife.activity.opendoor.OpenFastPassActivity}} token= android.os.BinderProxy@bc61194
07-20 16:39:00.984   749  2144 D libgps  : proxy_gnss_sv_status_cb: called. num_svs(7)
07-20 16:39:01.562  6101  6101 V ActivityThread: ActivityThread,callActivityOnCreate
07-20 16:39:01.574  6101  6101 D ActivityThread: add activity client record, r= ActivityRecord{8533270 token=android.os.BinderProxy@7d52072 {com.jieshun.jslife/com.jieshun.jslife.activity.userinfo.UserAlignActivity}} token= android.os.BinderProxy@7d52072
07-20 16:39:01.975   749  2144 D libgps  : proxy_gnss_sv_status_cb: called. num_svs(7)
07-20 16:39:02.998   749  2144 D libgps  : proxy_gnss_sv_status_cb: called. num_svs(7)
07-20 16:39:03.958   749  2144 D libgps  : proxy_gnss_sv_status_cb: called. num_svs(7)
07-20 16:39:04.002  6101  6101 D ActivityThread: Remove activity client record, r= ActivityRecord{8533270 token=android.os.BinderProxy@7d52072 {com.jieshun.jslife/com.jieshun.jslife.activity.userinfo.UserAlignActivity}} token= android.os.BinderProxy@7d52072
07-20 16:39:04.575  1197 10361 I chatty  : uid=1000(system) Binder:1197_20 expire 2 lines
07-20 16:39:04.578  6101  6101 V ActivityThread: ActivityThread,callActivityOnCreate
07-20 16:39:04.600  6101  6101 D ActivityThread: add activity client record, r= ActivityRecord{3b35b71 token=android.os.BinderProxy@a8f4a64 {com.jieshun.jslife/com.jieshun.jslife.activity.userinfo.SetRealNameActivity}} token= android.os.BinderProxy@a8f4a64
07-20 16:39:04.604  1197  3767 I chatty  : uid=1000(system) Binder:1197_14 expire 14 lines
07-20 16:39:04.646  1197  1367 I chatty  : uid=1000(system) android.anim expire 41 lines
07-20 16:39:04.674  1197  2580 I chatty  : uid=1000(system) Binder:1197_D expire 44 lines
07-20 16:39:04.972   749  2144 D libgps  : proxy_gnss_sv_status_cb: called. num_svs(7)
07-20 16:39:05.986   749  2144 D libgps  : proxy_gnss_sv_status_cb: called. num_svs(7)
07-20 16:39:06.191  1197 10361 I chatty  : uid=1000(system) Binder:1197_20 expire 20 lines
07-20 16:39:06.623  1197  1229 I chatty  : uid=1000(system) android.fg expire 2 lines
07-20 16:39:06.959   749  2144 D libgps  : proxy_gnss_sv_status_cb: called. num_svs(7)
07-20 16:39:07.058  6101  6101 D ActivityThread: Remove activity client record, r= ActivityRecord{3b35b71 token=android.os.BinderProxy@a8f4a64 {com.jieshun.jslife/com.jieshun.jslife.activity.userinfo.SetRealNameActivity}} token= android.os.BinderProxy@a8f4a64
07-20 16:39:07.990   749  2144 D libgps  : proxy_gnss_sv_status_cb: called. num_svs(7)
07-20 16:39:08.307  6101  6101 W ViewRootImpl[UserInfoNewActivity]: Dropping event due to root view being removed: MotionEvent { action=ACTION_UP, actionButton=0, id[0]=0, x[0]=188.44592, y[0]=721.838, toolType[0]=TOOL_TYPE_UNKNOWN, buttonState=0, metaState=0, flags=0x0, edgeFlags=0x0, pointerCount=1, historySize=0, eventTime=27572260, downTime=27572250, deviceId=0, source=0x1002 }
07-20 16:39:08.900  1197  3974 I chatty  : uid=1000(system) Binder:1197_18 expire 40 lines
07-20 16:39:08.997   749  2144 D libgps  : proxy_gnss_sv_status_cb: called. num_svs(7)
07-20 16:39:09.244  1197  1391 I chatty  : uid=1000(system) InputDispatcher expire 2 lines
07-20 16:39:09.607  6101  6101 V ActivityThread: ActivityThread,callActivityOnCreate
07-20 16:39:09.645  6101  6101 D ActivityThread: add activity client record, r= ActivityRecord{7a9894e token=android.os.BinderProxy@8058f25 {com.jieshun.jslife/com.jieshun.jslife.activity.userinfo.UserInfoNewActivity}} token= android.os.BinderProxy@8058f25
07-20 16:39:09.962   749  2144 D libgps  : proxy_gnss_sv_status_cb: called. num_svs(7)
07-20 16:39:10.824  1197  1223 I chatty  : uid=1000(system) android.ui expire 34 lines
07-20 16:39:10.827  1197  2276 I chatty  : uid=1000(system) Binder:1197_B expire 14 lines
07-20 16:39:10.871  6101  6101 V ActivityThread: ActivityThread,callActivityOnCreate
07-20 16:39:10.884  6101  6101 D ActivityThread: add activity client record, r= ActivityRecord{8abacb1 token=android.os.BinderProxy@498ee4b {com.jieshun.jslife/com.jieshun.jslife.activity.userinfo.SetRealNameActivity}} token= android.os.BinderProxy@498ee4b
07-20 16:39:10.898  1197  2580 I chatty  : uid=1000(system) Binder:1197_D expire 12 lines
07-20 16:39:10.912  6101  6101 D ActivityThread: Remove activity client record, r= ActivityRecord{af80402 token=android.os.BinderProxy@22ff41c {com.jieshun.jslife/com.jieshun.jslife.activity.userinfo.UserInfoNewActivity}} token= android.os.BinderProxy@22ff41c
07-20 16:39:10.913  1197 10361 I chatty  : uid=1000(system) Binder:1197_20 expire 10 lines
07-20 16:39:10.930  1197  1367 I chatty  : uid=1000(system) android.anim expire 11 lines
07-20 16:39:10.961   749  2144 D libgps  : proxy_gnss_sv_status_cb: called. num_svs(7)
07-20 16:39:10.965  1197  3767 I chatty  : uid=1000(system) Binder:1197_14 expire 17 lines
07-20 16:39:12.002   749  2144 D libgps  : proxy_gnss_sv_status_cb: called. num_svs(6)
07-20 16:39:12.951  1197  2116 I chatty  : uid=1000(system) watchdog expire 4 lines
07-20 16:39:12.998   749  2144 D libgps  : proxy_gnss_sv_status_cb: called. num_svs(6)
07-20 16:39:14.004   749  2144 I chatty  : uid=1000(system) IPC Thread identical 10 lines
07-20 16:39:15.000   749  2144 D libgps  : proxy_gnss_sv_status_cb: called. num_svs(6)
07-20 16:39:15.946  1197  1229 I chatty  : uid=1000(system) android.fg expire 1 line
07-20 16:39:15.991   749  2144 D libgps  : proxy_gnss_sv_status_cb: called. num_svs(6)
07-20 16:39:16.998   749  2144 D libgps  : proxy_gnss_sv_status_cb: called. num_svs(6)
07-20 16:39:18.003   749  2144 D libgps  : proxy_gnss_sv_status_cb: called. num_svs(6)
07-20 16:39:18.052  1197  1373 I chatty  : uid=1000(system) UEventObserver expire 6 lines
07-20 16:39:18.081  1197  1197 I chatty  : uid=1000 system_server expire 10 lines
07-20 16:39:18.989   749  2144 D libgps  : proxy_gnss_sv_status_cb: called. num_svs(6)
07-20 16:39:25.001   749  2144 D libgps  : proxy_gnss_sv_status_cb: called. num_svs(6)
07-20 16:39:25.135  1197  2580 I chatty  : uid=1000(system) Binder:1197_D expire 10 lines
07-20 16:39:26.002   749  2144 D libgps  : proxy_gnss_sv_status_cb: called. num_svs(6)
07-20 16:39:26.192  1197 10361 I chatty  : uid=1000(system) Binder:1197_20 expire 12 lines
07-20 16:39:26.980   749  2144 D libgps  : proxy_gnss_sv_status_cb: called. num_svs(6)
07-20 16:39:27.147 25392 25392 D ActivityThread: ActivityThread,attachApplication
07-20 16:39:27.990   749  2144 D libgps  : proxy_gnss_sv_status_cb: called. num_svs(6)
07-20 16:39:29.001   749  2144 D libgps  : proxy_gnss_sv_status_cb: called. num_svs(6)
07-20 16:39:29.995   749  2144 D libgps  : proxy_gnss_sv_status_cb: called. num_svs(6)
07-20 16:39:31.005   749  2144 D libgps  : proxy_gnss_sv_status_cb: called. num_svs(6)
07-20 16:39:35.996   749  2144 D libgps  : proxy_gnss_sv_status_cb: called. num_svs(6)
07-20 16:39:36.991   749  2144 D libgps  : proxy_gnss_sv_status_cb: called. num_svs(6)
07-20 16:39:38.994   749  2144 I chatty  : uid=1000(system) IPC Thread identical 16 lines
07-20 16:39:40.011   749  2144 D libgps  : proxy_gnss_sv_status_cb: called. num_svs(6)
07-20 16:39:40.992   749  2144 D libgps  : proxy_gnss_sv_status_cb: called. num_svs(5)
07-20 16:39:41.995   749  2144 D libgps  : proxy_gnss_sv_status_cb: called. num_svs(6)
07-20 16:39:42.997   749  2144 D libgps  : proxy_gnss_sv_status_cb: called. num_svs(4)
07-20 16:39:43.985   749  2144 D libgps  : proxy_gnss_sv_status_cb: called. num_svs(5)
07-20 16:39:44.993   749  2144 D libgps  : proxy_gnss_sv_status_cb: called. num_svs(5)
07-20 16:39:45.995   749  2144 D libgps  : proxy_gnss_sv_status_cb: called. num_svs(5)
07-20 16:39:47.996   749  2144 D libgps  : proxy_gnss_sv_status_cb: called. num_svs(5)
07-20 16:39:48.988   749  2144 D libgps  : proxy_gnss_sv_status_cb: called. num_svs(5)
07-20 16:39:54.987   749  2144 D libgps  : proxy_gnss_sv_status_cb: called. num_svs(5)
07-20 16:39:55.158  1197 10361 I chatty  : uid=1000(system) Binder:1197_20 expire 18 lines
07-20 16:39:55.997   749  2144 D libgps  : proxy_gnss_sv_status_cb: called. num_svs(5)
07-20 16:39:57.005   749  2144 D libgps  : proxy_gnss_sv_status_cb: called. num_svs(5)
07-20 16:39:58.986   749  2144 D libgps  : proxy_gnss_sv_status_cb: called. num_svs(5)
07-20 16:39:59.693  1197  2276 I chatty  : uid=1000(system) Binder:1197_B expire 9 lines
07-20 16:39:59.970   749  2144 D libgps  : proxy_gnss_sv_status_cb: called. num_svs(5)
07-20 16:40:01.015   749  2144 D libgps  : proxy_gnss_sv_status_cb: called. num_svs(5)
07-20 16:40:01.999   749  2144 D libgps  : proxy_gnss_sv_status_cb: called. num_svs(5)
07-20 16:40:09.992   749  2144 D libgps  : proxy_gnss_sv_status_cb: called. num_svs(5)
07-20 16:40:10.980   749  2144 D libgps  : proxy_gnss_sv_status_cb: called. num_svs(5)
07-20 16:40:11.197  1197 10361 I chatty  : uid=1000(system) Binder:1197_20 expire 10 lines
07-20 16:40:12.001   749  2144 D libgps  : proxy_gnss_sv_status_cb: called. num_svs(5)
07-20 16:40:12.998   749  2144 D libgps  : proxy_gnss_sv_status_cb: called. num_svs(5)
07-20 16:40:16.995   749  2144 I chatty  : uid=1000(system) IPC Thread identical 15 lines
07-20 16:40:17.989   749  2144 D libgps  : proxy_gnss_sv_status_cb: called. num_svs(5)
07-20 16:40:18.496  1197  1197 I chatty  : uid=1000 system_server expire 6 lines
07-20 16:40:18.977   749  2144 D libgps  : proxy_gnss_sv_status_cb: called. num_svs(5)
07-20 16:40:20.990   749  2144 D libgps  : proxy_gnss_sv_status_cb: called. num_svs(5)
07-20 16:40:21.998   749  2144 D libgps  : proxy_gnss_sv_status_cb: called. num_svs(5)
07-20 16:40:24.000   749  2144 D libgps  : proxy_gnss_sv_status_cb: called. num_svs(5)
07-20 16:40:24.994   749  2144 D libgps  : proxy_gnss_sv_status_cb: called. num_svs(5)
07-20 16:40:25.995   749  2144 D libgps  : proxy_gnss_sv_status_cb: called. num_svs(5)
07-20 16:40:26.986   749  2144 D libgps  : proxy_gnss_sv_status_cb: called. num_svs(5)
07-20 16:40:30.984   749  2144 D libgps  : proxy_gnss_sv_status_cb: called. num_svs(5)
07-20 16:40:31.995   749  2144 D libgps  : proxy_gnss_sv_status_cb: called. num_svs(5)
07-20 16:40:38.993   749  2144 D libgps  : proxy_gnss_sv_status_cb: called. num_svs(5)
07-20 16:40:39.979   749  2144 D libgps  : proxy_gnss_sv_status_cb: called. num_svs(5)
07-20 16:40:40.960   749  2144 D libgps  : proxy_gnss_sv_status_cb: called. num_svs(5)
07-20 16:40:41.601  6101  6101 D ActivityThread: Remove activity client record, r= ActivityRecord{8abacb1 token=android.os.BinderProxy@498ee4b {com.jieshun.jslife/com.jieshun.jslife.activity.userinfo.SetRealNameActivity}} token= android.os.BinderProxy@498ee4b
07-20 16:40:41.601  1197  3767 I chatty  : uid=1000(system) Binder:1197_14 expire 33 lines
07-20 16:40:41.975   749  2144 D libgps  : proxy_gnss_sv_status_cb: called. num_svs(5)
07-20 16:40:42.116  1197  2580 I chatty  : uid=1000(system) Binder:1197_D expire 3 lines
07-20 16:40:42.198  1197  1367 I chatty  : uid=1000(system) android.anim expire 7 lines
07-20 16:40:42.993   749  2144 D libgps  : proxy_gnss_sv_status_cb: called. num_svs(6)
07-20 16:40:43.998   749  2144 D libgps  : proxy_gnss_sv_status_cb: called. num_svs(6)
07-20 16:40:44.992   749  2144 D libgps  : proxy_gnss_sv_status_cb: called. num_svs(6)
07-20 16:40:45.983  1197 10361 I chatty  : uid=1000(system) Binder:1197_20 expire 19 lines
07-20 16:40:45.999   749  2144 D libgps  : proxy_gnss_sv_status_cb: called. num_svs(6)
07-20 16:40:46.995   749  2144 D libgps  : proxy_gnss_sv_status_cb: called. num_svs(6)
07-20 16:40:47.221  1197  1222 I chatty  : uid=1000(system) ActivityManager expire 1 line
07-20 16:40:47.880  1197  2225 I chatty  : uid=1000(system) Binder:1197_A expire 35 lines
07-20 16:40:47.909  6101  6101 V ActivityThread: ActivityThread,callActivityOnCreate
07-20 16:40:47.959   749  2144 D libgps  : proxy_gnss_sv_status_cb: called. num_svs(6)
07-20 16:40:47.986  6101  6101 D ActivityThread: add activity client record, r= ActivityRecord{95b1760 token=android.os.BinderProxy@e8094e8 {com.jieshun.jslife/com.jieshun.jslife.activity.minicommunity.MonthlyCardPaymentActivity}} token= android.os.BinderProxy@e8094e8
07-20 16:40:48.020  6101  6101 D ActivityThread: Remove activity client record, r= ActivityRecord{7a9894e token=android.os.BinderProxy@8058f25 {com.jieshun.jslife/com.jieshun.jslife.activity.userinfo.UserInfoNewActivity}} token= android.os.BinderProxy@8058f25
07-20 16:40:48.054  1197 10361 I chatty  : uid=1000(system) Binder:1197_20 expire 39 lines
07-20 16:40:48.170  1197  3767 I chatty  : uid=1000(system) Binder:1197_14 expire 33 lines
07-20 16:40:48.216  1197  1367 I chatty  : uid=1000(system) android.anim expire 49 lines
07-20 16:40:48.224  6101  6101 V ActivityThread: ActivityThread,callActivityOnCreate
07-20 16:40:48.239  6101  6101 D ActivityThread: add activity client record, r= ActivityRecord{61fa48 token=android.os.BinderProxy@62df0e0 {com.jieshun.jslife/com.jieshun.jslife.activity.userinfo.ConsumeRecordActivity}} token= android.os.BinderProxy@62df0e0
07-20 16:40:48.538  6101  6101 V ActivityThread: ActivityThread,callActivityOnCreate
07-20 16:40:48.567  6101  6101 D ActivityThread: add activity client record, r= ActivityRecord{81ed168 token=android.os.BinderProxy@dd0e623 {com.jieshun.jslife/com.jieshun.jslife.activity.userinfo.ConsumeOrderDetailActivity}} token= android.os.BinderProxy@dd0e623
07-20 16:40:48.674  1197  1373 I chatty  : uid=1000(system) UEventObserver expire 2 lines
07-20 16:40:48.692  1197  1197 I chatty  : uid=1000 system_server expire 2 lines
07-20 16:40:48.964   749  2144 D libgps  : proxy_gnss_sv_status_cb: called. num_svs(6)
07-20 16:40:49.992   749  2144 I chatty  : uid=1000(system) IPC Thread identical 1 line
07-20 16:40:50.993   749  2144 D libgps  : proxy_gnss_sv_status_cb: called. num_svs(6)
07-20 16:40:51.983   749  2144 D libgps  : proxy_gnss_sv_status_cb: called. num_svs(6)
07-20 16:40:52.058  1197  1222 I chatty  : uid=1000(system) ActivityManager expire 1 line
07-20 16:40:52.095  6101  6101 D ActivityThread: Remove activity client record, r= ActivityRecord{81ed168 token=android.os.BinderProxy@dd0e623 {com.jieshun.jslife/com.jieshun.jslife.activity.userinfo.ConsumeOrderDetailActivity}} token= android.os.BinderProxy@dd0e623
07-20 16:40:52.699  1197  3767 I chatty  : uid=1000(system) Binder:1197_14 expire 16 lines
07-20 16:40:52.709  6101  6101 V ActivityThread: ActivityThread,callActivityOnCreate
07-20 16:40:52.741  6101  6101 D ActivityThread: add activity client record, r= ActivityRecord{ec073b8 token=android.os.BinderProxy@dd56958 {com.jieshun.jslife/com.jieshun.jslife.activity.userinfo.ConsumeOrderDetailActivity}} token= android.os.BinderProxy@dd56958
07-20 16:40:52.752  1197 10361 I chatty  : uid=1000(system) Binder:1197_20 expire 26 lines
07-20 16:40:52.775  1197  1367 I chatty  : uid=1000(system) android.anim expire 15 lines
07-20 16:40:52.956   749  2144 D libgps  : proxy_gnss_sv_status_cb: called. num_svs(6)
07-20 16:40:53.987   749  2144 D libgps  : proxy_gnss_sv_status_cb: called. num_svs(6)
07-20 16:40:54.988   749  2144 D libgps  : proxy_gnss_sv_status_cb: called. num_svs(5)
07-20 16:40:55.986   749  2144 D libgps  : proxy_gnss_sv_status_cb: called. num_svs(5)
07-20 16:40:56.128  1197  3009 I chatty  : uid=1000(system) Binder:1197_10 expire 17 lines
07-20 16:40:56.133  1197  1650 I chatty  : uid=1000(system) ConnectivitySer expire 1 line
07-20 16:40:56.956   749  2144 D libgps  : proxy_gnss_sv_status_cb: called. num_svs(5)
07-20 16:40:57.420  6101  6101 W ViewRootImpl[ConsumeOrderDetailActivity]: Dropping event due to root view being removed: MotionEvent { action=ACTION_UP, actionButton=0, id[0]=0, x[0]=870.6638, y[0]=1246.7555, toolType[0]=TOOL_TYPE_UNKNOWN, buttonState=0, metaState=0, flags=0x0, edgeFlags=0x0, pointerCount=1, historySize=0, eventTime=27681393, downTime=27681388, deviceId=0, source=0x1002 }
07-20 16:40:57.983   749  2144 D libgps  : proxy_gnss_sv_status_cb: called. num_svs(5)
07-20 16:40:58.985   749  2144 D libgps  : proxy_gnss_sv_status_cb: called. num_svs(5)
07-20 16:40:59.955   749  2144 D libgps  : proxy_gnss_sv_status_cb: called. num_svs(5)
07-20 16:41:00.000  1197  1197 I chatty  : uid=1000 system_server expire 2 lines
07-20 16:41:00.979   749  2144 D libgps  : proxy_gnss_sv_status_cb: called. num_svs(5)
07-20 16:41:01.970   749  2144 D libgps  : proxy_gnss_sv_status_cb: called. num_svs(5)
07-20 16:41:02.505  1197  2225 I chatty  : uid=1000(system) Binder:1197_A expire 3 lines
07-20 16:41:02.693  1197  1222 I chatty  : uid=1000(system) ActivityManager expire 1 line
07-20 16:41:02.974   749  2144 D libgps  : proxy_gnss_sv_status_cb: called. num_svs(5)
07-20 16:41:03.067  1197 10361 I chatty  : uid=1000(system) Binder:1197_20 expire 33 lines
07-20 16:41:03.092  6101  6101 W ViewRootImpl[ConsumeOrderDetailActivity]: Dropping event due to root view being removed: MotionEvent { action=ACTION_MOVE, actionButton=0, id[0]=0, x[0]=830.99854, y[0]=883.64905, toolType[0]=TOOL_TYPE_UNKNOWN, buttonState=0, metaState=0, flags=0x0, edgeFlags=0x0, pointerCount=1, historySize=0, eventTime=27687058, downTime=27687053, deviceId=0, source=0x1002 }
07-20 16:41:03.094  1197  3767 I chatty  : uid=1000(system) Binder:1197_14 expire 27 lines
07-20 16:41:03.345  1197  1367 I chatty  : uid=1000(system) android.anim expire 13 lines
07-20 16:41:03.993   749  2144 D libgps  : proxy_gnss_sv_status_cb: called. num_svs(6)
07-20 16:41:05.000   749  2144 I chatty  : uid=1000(system) IPC Thread identical 1 line
07-20 16:41:05.994   749  2144 D libgps  : proxy_gnss_sv_status_cb: called. num_svs(6)
07-20 16:41:07.020   749  2144 D libgps  : proxy_gnss_sv_status_cb: called. num_svs(7)
07-20 16:41:07.235  1197  1219 I chatty  : uid=1000(system) android.bg expire 1 line
07-20 16:41:07.974   749  2144 D libgps  : proxy_gnss_sv_status_cb: called. num_svs(7)
07-20 16:41:08.977   749  2144 D libgps  : proxy_gnss_sv_status_cb: called. num_svs(7)
07-20 16:41:09.981   749  2144 D libgps  : proxy_gnss_sv_status_cb: called. num_svs(7)
07-20 16:41:10.183  1197  1391 I chatty  : uid=1000(system) InputDispatcher expire 2 lines
07-20 16:41:10.858  6101  6101 V ActivityThread: ActivityThread,callActivityOnCreate
07-20 16:41:10.892  6101  6101 D ActivityThread: add activity client record, r= ActivityRecord{d3b0a4e token=android.os.BinderProxy@dbe58f {com.jieshun.jslife/com.jieshun.jslife.activity.userinfo.ConsumeOrderDetailActivity}} token= android.os.BinderProxy@dbe58f
07-20 16:41:10.925  6101  6101 D ActivityThread: Remove activity client record, r= ActivityRecord{ec073b8 token=android.os.BinderProxy@dd56958 {com.jieshun.jslife/com.jieshun.jslife.activity.userinfo.ConsumeOrderDetailActivity}} token= android.os.BinderProxy@dd56958
07-20 16:41:10.929  1197 10361 I chatty  : uid=1000(system) Binder:1197_20 expire 4 lines
07-20 16:41:10.938  1197  3767 I chatty  : uid=1000(system) Binder:1197_14 expire 2 lines
07-20 16:41:10.940  1197  1367 I chatty  : uid=1000(system) android.anim expire 4 lines
07-20 16:41:10.952  1197 10361 I chatty  : uid=1000(system) Binder:1197_20 expire 15 lines
07-20 16:41:10.963   749  2144 D libgps  : proxy_gnss_sv_status_cb: called. num_svs(7)
07-20 16:41:11.229  1197  1367 I chatty  : uid=1000(system) android.anim expire 19 lines
07-20 16:41:11.293  1197  3009 I chatty  : uid=1000(system) Binder:1197_10 expire 3 lines
07-20 16:41:12.002   749  2144 D libgps  : proxy_gnss_sv_status_cb: called. num_svs(7)
07-20 16:41:12.964  1197  2116 I chatty  : uid=1000(system) watchdog expire 1 line
07-20 16:41:12.991   749  2144 D libgps  : proxy_gnss_sv_status_cb: called. num_svs(7)
07-20 16:41:13.960   749  2144 D libgps  : proxy_gnss_sv_status_cb: called. num_svs(7)
07-20 16:41:14.824  1197  3767 I chatty  : uid=1000(system) Binder:1197_14 expire 17 lines
07-20 16:41:14.906  1197  2225 I chatty  : uid=1000(system) Binder:1197_A expire 6 lines
07-20 16:41:14.983   749  2144 D libgps  : proxy_gnss_sv_status_cb: called. num_svs(7)
07-20 16:41:15.993   749  2144 D libgps  : proxy_gnss_sv_status_cb: called. num_svs(7)
07-20 16:41:17.001   749  2144 D libgps  : proxy_gnss_sv_status_cb: called. num_svs(7)
07-20 16:41:17.994   749  2144 D libgps  : proxy_gnss_sv_status_cb: called. num_svs(7)
07-20 16:41:18.883  1197  1373 I chatty  : uid=1000(system) UEventObserver expire 2 lines
07-20 16:41:18.905  1197  1197 I chatty  : uid=1000 system_server expire 10 lines
07-20 16:41:18.990   749  2144 D libgps  : proxy_gnss_sv_status_cb: called. num_svs(7)
07-20 16:41:20.026   749  2144 D libgps  : proxy_gnss_sv_status_cb: called. num_svs(7)
07-20 16:41:20.200  1197  1222 I chatty  : uid=1000(system) ActivityManager expire 1 line
07-20 16:41:20.996   749  2144 D libgps  : proxy_gnss_sv_status_cb: called. num_svs(7)
07-20 16:41:21.336  1197  2276 I chatty  : uid=1000(system) Binder:1197_B expire 10 lines
07-20 16:41:21.352  1197 10361 I chatty  : uid=1000(system) Binder:1197_20 expire 13 lines
07-20 16:41:22.005   749  2144 D libgps  : proxy_gnss_sv_status_cb: called. num_svs(7)
07-20 16:41:24.003   749  2144 I chatty  : uid=1000(system) IPC Thread identical 3 lines
07-20 16:41:24.995   749  2144 D libgps  : proxy_gnss_sv_status_cb: called. num_svs(7)
07-20 16:41:26.001   749  2144 D libgps  : proxy_gnss_sv_status_cb: called. num_svs(7)
07-20 16:41:28.001   749  2144 D libgps  : proxy_gnss_sv_status_cb: called. num_svs(7)
07-20 16:41:28.960  1197  1391 I chatty  : uid=1000(system) InputDispatcher expire 8 lines
07-20 16:41:29.012   749  2144 D libgps  : proxy_gnss_sv_status_cb: called. num_svs(6)
07-20 16:41:29.961   749  2144 D libgps  : proxy_gnss_sv_status_cb: called. num_svs(6)
07-20 16:41:30.980   749  2144 D libgps  : proxy_gnss_sv_status_cb: called. num_svs(6)
07-20 16:41:31.198  1197  3767 I chatty  : uid=1000(system) Binder:1197_14 expire 15 lines
07-20 16:41:31.668  1197  1660 I chatty  : uid=1000(system) AudioService expire 4 lines
07-20 16:41:31.971   749  2144 D libgps  : proxy_gnss_sv_status_cb: called. num_svs(5)
07-20 16:41:32.332  1197  2276 I chatty  : uid=1000(system) Binder:1197_B expire 33 lines
07-20 16:41:32.371  6101  6101 V ActivityThread: ActivityThread,callActivityOnCreate
07-20 16:41:32.408  6101  6101 D ActivityThread: add activity client record, r= ActivityRecord{bdaac93 token=android.os.BinderProxy@da67622 {com.jieshun.jslife/com.jieshun.jslife.activity.userinfo.ConsumeOrderDetailActivity}} token= android.os.BinderProxy@da67622
07-20 16:41:32.441  6101  6101 D ActivityThread: Remove activity client record, r= ActivityRecord{d3b0a4e token=android.os.BinderProxy@dbe58f {com.jieshun.jslife/com.jieshun.jslife.activity.userinfo.ConsumeOrderDetailActivity}} token= android.os.BinderProxy@dbe58f
07-20 16:41:32.957   749  2144 D libgps  : proxy_gnss_sv_status_cb: called. num_svs(4)
07-20 16:41:33.792  1197 10361 I chatty  : uid=1000(system) Binder:1197_20 expire 2 lines
07-20 16:41:34.007   749  2144 D libgps  : proxy_gnss_sv_status_cb: called. num_svs(4)
07-20 16:41:34.996   749  2144 D libgps  : proxy_gnss_sv_status_cb: called. num_svs(4)
07-20 16:41:35.985   749  2144 D libgps  : proxy_gnss_sv_status_cb: called. num_svs(5)
07-20 16:41:36.984   749  2144 D libgps  : proxy_gnss_sv_status_cb: called. num_svs(6)
07-20 16:41:37.600  1197  2225 I chatty  : uid=1000(system) Binder:1197_A expire 5 lines
07-20 16:41:37.843  1197 10361 I chatty  : uid=1000(system) Binder:1197_20 expire 2 lines
07-20 16:41:37.879  1197  2225 I chatty  : uid=1000(system) Binder:1197_A expire 1 line
07-20 16:41:38.003   749  2144 D libgps  : proxy_gnss_sv_status_cb: called. num_svs(6)
07-20 16:41:38.112  1197  1367 I chatty  : uid=1000(system) android.anim expire 5 lines
07-20 16:41:38.993   749  2144 D libgps  : proxy_gnss_sv_status_cb: called. num_svs(5)
07-20 16:41:39.032  1197  1222 I chatty  : uid=1000(system) ActivityManager expire 1 line
07-20 16:41:39.091  1197  3009 I chatty  : uid=1000(system) Binder:1197_10 expire 3 lines
07-20 16:41:39.995   749  2144 D libgps  : proxy_gnss_sv_status_cb: called. num_svs(5)
07-20 16:41:41.003   749  2144 D libgps  : proxy_gnss_sv_status_cb: called. num_svs(5)
07-20 16:41:41.989   749  2144 D libgps  : proxy_gnss_sv_status_cb: called. num_svs(6)
07-20 16:41:42.967  1197  2116 I chatty  : uid=1000(system) watchdog expire 1 line
07-20 16:41:43.005   749  2144 D libgps  : proxy_gnss_sv_status_cb: called. num_svs(6)
07-20 16:41:43.997   749  2144 D libgps  : proxy_gnss_sv_status_cb: called. num_svs(7)
07-20 16:41:44.317  1197  3009 I chatty  : uid=1000(system) Binder:1197_10 expire 40 lines
07-20 16:41:44.379  1197  2276 I chatty  : uid=1000(system) Binder:1197_B expire 20 lines
07-20 16:41:44.399  1197  1367 I chatty  : uid=1000(system) android.anim expire 13 lines
07-20 16:41:44.444  1197  2225 I chatty  : uid=1000(system) Binder:1197_A expire 6 lines
07-20 16:41:44.982   749  2144 D libgps  : proxy_gnss_sv_status_cb: called. num_svs(7)
07-20 16:41:45.599  1197  1197 I chatty  : uid=1000 system_server expire 2 lines
07-20 16:41:45.914  6101  6101 V ActivityThread: ActivityThread,callActivityOnCreate
07-20 16:41:45.949  6101  6101 D ActivityThread: add activity client record, r= ActivityRecord{aff4849 token=android.os.BinderProxy@40c27ee {com.jieshun.jslife/com.jieshun.jslife.activity.userinfo.ConsumeOrderDetailActivity}} token= android.os.BinderProxy@40c27ee
07-20 16:41:45.963   749  2144 D libgps  : proxy_gnss_sv_status_cb: called. num_svs(7)
07-20 16:41:45.978  6101  6101 D ActivityThread: Remove activity client record, r= ActivityRecord{bdaac93 token=android.os.BinderProxy@da67622 {com.jieshun.jslife/com.jieshun.jslife.activity.userinfo.ConsumeOrderDetailActivity}} token= android.os.BinderProxy@da67622
07-20 16:41:47.003   749  2144 D libgps  : proxy_gnss_sv_status_cb: called. num_svs(7)
07-20 16:41:48.004   749  2144 D libgps  : proxy_gnss_sv_status_cb: called. num_svs(7)
07-20 16:41:48.080  1197  2194 I chatty  : uid=1000(system) Binder:1197_6 expire 2 lines
07-20 16:41:48.703  1197  2276 I chatty  : uid=1000(system) Binder:1197_B expire 2 lines
07-20 16:41:48.705  1197  1223 I chatty  : uid=1000(system) android.ui expire 8 lines
07-20 16:41:48.717  1197  2276 I chatty  : uid=1000(system) Binder:1197_B expire 7 lines
07-20 16:41:48.731  1197  1223 I chatty  : uid=1000(system) android.ui expire 22 lines
07-20 16:41:48.981   749  2144 D libgps  : proxy_gnss_sv_status_cb: called. num_svs(7)
07-20 16:41:49.090  1197  1373 I chatty  : uid=1000(system) UEventObserver expire 2 lines
07-20 16:41:49.133  1197  1197 I chatty  : uid=1000 system_server expire 2 lines
07-20 16:41:50.006   749  2144 D libgps  : proxy_gnss_sv_status_cb: called. num_svs(7)
07-20 16:41:52.994   749  2144 I chatty  : uid=1000(system) IPC Thread identical 3 lines
07-20 16:41:54.011   749  2144 D libgps  : proxy_gnss_sv_status_cb: called. num_svs(7)
07-20 16:41:54.183  1197  2194 I chatty  : uid=1000(system) Binder:1197_6 expire 2 lines
07-20 16:41:54.197  1197  3686 I chatty  : uid=1000(system) Binder:1197_13 expire 1 line
07-20 16:41:54.261  1197  2276 I chatty  : uid=1000(system) Binder:1197_B expire 1 line
07-20 16:41:54.292  1197  1222 I chatty  : uid=1000(system) ActivityManager expire 1 line
07-20 16:41:54.371  1197  2194 I chatty  : uid=1000(system) Binder:1197_6 expire 5 lines
07-20 16:41:54.999   749  2144 D libgps  : proxy_gnss_sv_status_cb: called. num_svs(7)
07-20 16:41:56.011   749  2144 D libgps  : proxy_gnss_sv_status_cb: called. num_svs(7)
07-20 16:41:56.511  1197  2276 I chatty  : uid=1000(system) Binder:1197_B expire 1 line
07-20 16:41:56.520  1197  2194 I chatty  : uid=1000(system) Binder:1197_6 expire 1 line
07-20 16:41:57.005   749  2144 D libgps  : proxy_gnss_sv_status_cb: called. num_svs(7)
07-20 16:41:57.995   749  2144 I chatty  : uid=1000(system) IPC Thread identical 1 line
07-20 16:41:59.013   749  2144 D libgps  : proxy_gnss_sv_status_cb: called. num_svs(7)
07-20 16:42:00.006  1197  1197 I chatty  : uid=1000 system_server expire 2 lines
07-20 16:42:00.014   749  2144 D libgps  : proxy_gnss_sv_status_cb: called. num_svs(7)
07-20 16:42:00.352  1197  3686 I chatty  : uid=1000(system) Binder:1197_13 expire 1 line
07-20 16:42:00.998   749  2144 D libgps  : proxy_gnss_sv_status_cb: called. num_svs(7)
07-20 16:42:11.006   749  2144 I chatty  : uid=1000(system) IPC Thread identical 10 lines
07-20 16:42:12.008   749  2144 D libgps  : proxy_gnss_sv_status_cb: called. num_svs(7)
07-20 16:42:12.969  1197  2116 I chatty  : uid=1000(system) watchdog expire 1 line
07-20 16:42:13.005   749  2144 D libgps  : proxy_gnss_sv_status_cb: called. num_svs(7)
07-20 16:42:16.005   749  2144 I chatty  : uid=1000(system) IPC Thread identical 3 lines
07-20 16:42:17.017   749  2144 D libgps  : proxy_gnss_sv_status_cb: called. num_svs(7)
07-20 16:42:17.322  1197  3009 I chatty  : uid=1000(system) Binder:1197_10 expire 1 line
07-20 16:42:17.328  1197  2138 I chatty  : uid=1000(system) LocationThread expire 1 line
07-20 16:42:17.347  1197  3686 I chatty  : uid=1000(system) Binder:1197_13 expire 1 line
07-20 16:42:17.463  1197  3009 W HwAlarmManagerService: isContainsAppUidInWorksource-->happend NameNotFoundException
07-20 16:42:17.482  1197  3009 D SmartHeartBeat: isPendingPackage, false, pkg:com.android.deskclock, action:com.android.deskclock.ALARM_ALERT,not pending alarm with AlarmClockInfo
07-20 16:42:17.521  1197  3009 W HwAlarmManagerService: isContainsAppUidInWorksource-->happend NameNotFoundException
07-20 16:42:18.001   749  2144 D libgps  : proxy_gnss_sv_status_cb: called. num_svs(7)
07-20 16:42:18.612  1197  3009 V BroadcastQueue: Finished with ordered broadcast BroadcastRecord{7a8a51e u0 com.google.android.gms.gcm.ACTION_SCHEDULE}
07-20 16:42:18.626  1197  3009 V BroadcastQueue: Finished with ordered broadcast BroadcastRecord{851a1ff u0 com.google.android.gms.gcm.ACTION_SCHEDULE}
07-20 16:42:18.652  1197  2194 V BroadcastQueue: Finished with ordered broadcast BroadcastRecord{a28ee15 u0 com.xiaomi.push.PING_TIMER}
07-20 16:42:18.998   749  2144 D libgps  : proxy_gnss_sv_status_cb: called. num_svs(7)
07-20 16:42:19.300  1197  1373 D HwBatteryService: onUEvent fcpStatus = 0,scpStatus =0,ovpStatus=0
07-20 16:42:19.302  1197  1373 I UsbDeviceManager: water_intrused state= 0
07-20 16:42:19.327  1197  1197 D WifiService: onReceive, action:android.intent.action.BATTERY_CHANGED
07-20 16:42:19.328  1197  1197 D WifiService: ACTION_BATTERY_CHANGED pluggedType: 2
07-20 16:42:19.996   749  2144 D libgps  : proxy_gnss_sv_status_cb: called. num_svs(7)
07-20 16:42:21.016   749  2144 D libgps  : proxy_gnss_sv_status_cb: called. num_svs(7)
07-20 16:42:21.518  1197  3009 W ProcBatteryStats: timer is running , not start, name: com.android.phone, uid: 1001, tag: RILJ
07-20 16:42:21.527  1197  3009 W ProcBatteryStats: timer is not running , not stop, name: com.android.phone, uid: 1001, tag: RILJ
07-20 16:42:22.007   749  2144 D libgps  : proxy_gnss_sv_status_cb: called. num_svs(6)
07-20 16:42:23.003   749  2144 D libgps  : proxy_gnss_sv_status_cb: called. num_svs(5)
07-20 16:42:24.008   749  2144 D libgps  : proxy_gnss_sv_status_cb: called. num_svs(6)
07-20 16:42:25.003   749  2144 D libgps  : proxy_gnss_sv_status_cb: called. num_svs(5)
07-20 16:42:25.233  1197  2194 V BroadcastQueue: Finished with ordered broadcast BroadcastRecord{bb75691 u0 com.android.internal.telephony.data-stall}
07-20 16:42:26.011   749  2144 D libgps  : proxy_gnss_sv_status_cb: called. num_svs(5)
07-20 16:42:41.007   749  2144 I chatty  : uid=1000(system) IPC Thread identical 15 lines
07-20 16:42:42.012   749  2144 D libgps  : proxy_gnss_sv_status_cb: called. num_svs(5)
07-20 16:42:42.971  1197  2116 W Watchdog: hungtask: writing kick
07-20 16:42:42.994   749  2144 D libgps  : proxy_gnss_sv_status_cb: called. num_svs(5)
07-20 16:42:43.992   749  2144 I chatty  : uid=1000(system) IPC Thread identical 1 line
07-20 16:42:45.005   749  2144 D libgps  : proxy_gnss_sv_status_cb: called. num_svs(5)
07-20 16:42:45.594  1197  1197 D WifiService: onReceive, action:android.intent.action.BATTERY_CHANGED
07-20 16:42:45.595  1197  1197 D WifiService: ACTION_BATTERY_CHANGED pluggedType: 2
07-20 16:42:45.997   749  2144 D libgps  : proxy_gnss_sv_status_cb: called. num_svs(5)
07-20 16:42:46.520  1197  3009 W ProcBatteryStats: timer is running , not start, name: com.android.phone, uid: 1001, tag: RILJ
07-20 16:42:46.533  1197  2194 W ProcBatteryStats: timer is not running , not stop, name: com.android.phone, uid: 1001, tag: RILJ
07-20 16:42:46.997   749  2144 D libgps  : proxy_gnss_sv_status_cb: called. num_svs(5)
07-20 16:42:47.488  1197  3009 V BroadcastQueue: Finished with ordered broadcast BroadcastRecord{5e3d1f7 u0 com.google.android.gms.gcm.ACTION_CHECK_QUEUE}
07-20 16:42:47.565  1197  2194 W HwAlarmManagerService: isContainsAppUidInWorksource-->happend NameNotFoundException
07-20 16:42:47.601  1197  3009 D SmartHeartBeat: isPendingPackage, false, pkg:com.android.deskclock, action:com.android.deskclock.ALARM_ALERT,not pending alarm with AlarmClockInfo
07-20 16:42:47.685  1197  3009 W HwAlarmManagerService: isContainsAppUidInWorksource-->happend NameNotFoundException
07-20 16:42:47.994   749  2144 D libgps  : proxy_gnss_sv_status_cb: called. num_svs(5)
07-20 16:42:48.811  1197  2194 V BroadcastQueue: Finished with ordered broadcast BroadcastRecord{96fcffc u0 com.google.android.gms.gcm.ACTION_SCHEDULE}
07-20 16:42:48.824  1197  3009 V BroadcastQueue: Finished with ordered broadcast BroadcastRecord{ee28685 u0 com.google.android.gms.gcm.ACTION_SCHEDULE}
07-20 16:42:48.994   749  2144 D libgps  : proxy_gnss_sv_status_cb: called. num_svs(4)
07-20 16:42:49.508  1197  1373 D HwBatteryService: onUEvent fcpStatus = 0,scpStatus =0,ovpStatus=0
07-20 16:42:49.510  1197  1373 I UsbDeviceManager: water_intrused state= 0
07-20 16:42:49.532  1197  1197 D WifiService: onReceive, action:android.intent.action.BATTERY_CHANGED
07-20 16:42:49.532  1197  1197 D WifiService: ACTION_BATTERY_CHANGED pluggedType: 2
07-20 16:42:49.994   749  2144 D libgps  : proxy_gnss_sv_status_cb: called. num_svs(4)
07-20 16:42:54.004   749  2144 I chatty  : uid=1000(system) IPC Thread identical 4 lines
07-20 16:42:54.993   749  2144 D libgps  : proxy_gnss_sv_status_cb: called. num_svs(4)
07-20 16:42:55.246  1197  2194 V BroadcastQueue: Finished with ordered broadcast BroadcastRecord{6e7efe8 u0 com.android.internal.telephony.data-stall}
07-20 16:42:55.990   749  2144 D libgps  : proxy_gnss_sv_status_cb: called. num_svs(4)
07-20 16:42:59.001   749  2144 I chatty  : uid=1000(system) IPC Thread identical 3 lines
07-20 16:42:59.994   749  2144 D libgps  : proxy_gnss_sv_status_cb: called. num_svs(4)
07-20 16:43:00.003  1197  1197 V AlarmManager: Received TIME_TICK alarm; rescheduling
07-20 16:43:00.004  1197  1197 I HwAlarmManagerService: hwSetAlarm listenerTag: time_tick
07-20 16:43:00.315  1197  3686 V BroadcastQueue: Finished with ordered broadcast BroadcastRecord{1f0ca6 u-1 android.intent.action.TIME_TICK}
07-20 16:43:01.003   749  2144 D libgps  : proxy_gnss_sv_status_cb: called. num_svs(4)
07-20 16:43:11.006   749  2144 I chatty  : uid=1000(system) IPC Thread identical 10 lines
07-20 16:43:11.999   749  2144 D libgps  : proxy_gnss_sv_status_cb: called. num_svs(4)
07-20 16:43:12.972  1197  2116 W Watchdog: hungtask: writing kick
07-20 16:43:12.993   749  2144 D libgps  : proxy_gnss_sv_status_cb: called. num_svs(4)
07-20 16:43:13.997   749  2144 I chatty  : uid=1000(system) IPC Thread identical 1 line
07-20 16:43:15.003   749  2144 D libgps  : proxy_gnss_sv_status_cb: called. num_svs(4)
07-20 16:43:15.994   749  2144 D libgps  : proxy_gnss_sv_status_cb: called. num_svs(5)
07-20 16:43:17.001   749  2144 D libgps  : proxy_gnss_sv_status_cb: called. num_svs(5)
07-20 16:43:17.600  1197  2194 V BroadcastQueue: Finished with ordered broadcast BroadcastRecord{b402294 u0 com.google.android.gms.gcm.ACTION_CHECK_QUEUE}
07-20 16:43:17.671  1197  3686 W HwAlarmManagerService: isContainsAppUidInWorksource-->happend NameNotFoundException
07-20 16:43:17.708  1197  3686 D SmartHeartBeat: isPendingPackage, false, pkg:com.android.deskclock, action:com.android.deskclock.ALARM_ALERT,not pending alarm with AlarmClockInfo
07-20 16:43:17.795  1197  3686 W HwAlarmManagerService: isContainsAppUidInWorksource-->happend NameNotFoundException
07-20 16:43:17.991   749  2144 D libgps  : proxy_gnss_sv_status_cb: called. num_svs(5)
