07-20 16:30:18.883  1197  1197 I chatty  : uid=1000 system_server expire 18 lines
07-20 16:30:18.886  1197  1660 I chatty  : uid=1000(system) AudioService expire 6 lines
07-20 16:30:18.968  1197  1210 I chatty  : uid=1000(system) Binder:1197_1 expire 20 lines
07-20 16:30:19.000   749  2144 D libgps  : proxy_gnss_sv_status_cb: called. num_svs(5)
07-20 16:30:19.206  1197 10340 I chatty  : uid=1000(system) Binder:1197_1F expire 15 lines
07-20 16:30:19.235  6101  6101 W ViewRootImpl[ConsumeOrderDetailActivity]: Dropping event due to root view being removed: MotionEvent { action=ACTION_UP, actionButton=0, id[0]=0, x[0]=-2.6260376, y[0]=830.8508, toolType[0]=TOOL_TYPE_UNKNOWN, buttonState=0, metaState=0, flags=0x0, edgeFlags=0x0, pointerCount=1, historySize=0, eventTime=27043195, downTime=27043185, deviceId=0, source=0x1002 }
07-20 16:30:19.485  1197  1367 I chatty  : uid=1000(system) android.anim expire 25 lines
07-20 16:30:19.993   749  2144 D libgps  : proxy_gnss_sv_status_cb: called. num_svs(5)
--------- beginning of main
07-20 16:30:20.228  2196  5500 I PGServer: android calls fast hibernateApps
07-20 16:30:20.228  2196  5500 I AppFastHibernation: fast hibernate duration: 1500 reason: start activity
07-20 16:30:20.228   746 10107 I Pged-IPgedBinderService: ****action is 1, pid num is 13***
07-20 16:30:20.228   746 10107 I Pged-Freezer: freezePids
07-20 16:30:20.228   746 10107 I Pged-Freezer: Freeze process: 18730
07-20 16:30:20.229   746 10107 I Pged-Freezer: Freeze process: 18021
07-20 16:30:20.229   746 10107 I Pged-Freezer: Freeze process: 18541
07-20 16:30:20.229   746 10107 I Pged-Freezer: Freeze process: 18417
07-20 16:30:20.230   746 10107 I Pged-Freezer: Freeze process: 18035
07-20 16:30:20.230   746 10107 I Pged-Freezer: Freeze process: 18301
07-20 16:30:20.230   746 10107 I Pged-Freezer: Freeze process: 23446
07-20 16:30:20.230   746 10107 I Pged-Freezer: Freeze process: 7042
07-20 16:30:20.231   746 10107 I Pged-Freezer: Freeze process: 21643
07-20 16:30:20.231   746 10107 I Pged-Freezer: Freeze process: 7075
07-20 16:30:20.231   746 10107 I Pged-Freezer: Freeze process: 7133
07-20 16:30:20.231   746 10107 I Pged-Freezer: Freeze process: 20168
07-20 16:30:20.231  2196  2750 D PgedBinderAdapter: frz ok, pid: [18730, 18021, 18541, 18417, 18035, 18301, 23446, 7042, 21643, 7075, 7133, 20168]
07-20 16:30:20.451 23951 23951 I Monkey  : :Switch: #Intent;action=android.intent.action.MAIN;category=android.intent.category.LAUNCHER;launchFlags=0x10200000;component=com.jieshun.jslife/.activity.common.WelcomeActivity;end
07-20 16:30:20.455 23951 23951 I Monkey  :     // Allowing start of Intent { act=android.intent.action.MAIN cat=[android.intent.category.LAUNCHER] cmp=com.jieshun.jslife/.activity.common.WelcomeActivity } in package com.jieshun.jslife
07-20 16:30:20.463 23951 23951 I Monkey  : Sleeping for 300 milliseconds
07-20 16:30:20.764 23951 23951 E Input   : getAxisValue(): x--2.0-0.0--2.0
07-20 16:30:20.764 23951 23951 I Monkey  : :Sending Trackball (ACTION_MOVE): 0:(-2.0,1.0)
07-20 16:30:20.765 23951 23951 E Input   : getAxisValue(): x--5.0-0.0--5.0
07-20 16:30:20.765 23951 23951 E Input   : getAxisValue(): y--1.0-0.0--1.0
07-20 16:30:20.765 23951 23951 I Monkey  : :Sending Trackball (ACTION_MOVE): 0:(-5.0,-1.0)
07-20 16:30:20.765 23951 23951 E Input   : getAxisValue(): x--3.0-0.0--3.0
07-20 16:30:20.766 23951 23951 E Input   : getAxisValue(): y--5.0-0.0--5.0
07-20 16:30:20.766 23951 23951 I Monkey  : :Sending Trackball (ACTION_MOVE): 0:(-3.0,-5.0)
07-20 16:30:20.766 23951 23951 E Input   : getAxisValue(): x--1.0-0.0--1.0
07-20 16:30:20.766 23951 23951 E Input   : getAxisValue(): y--5.0-0.0--5.0
07-20 16:30:20.766 23951 23951 I Monkey  : :Sending Trackball (ACTION_MOVE): 0:(-1.0,-5.0)
07-20 16:30:20.766 23951 23951 E Input   : getAxisValue(): y--4.0-0.0--4.0
07-20 16:30:20.766 23951 23951 I Monkey  : :Sending Trackball (ACTION_MOVE): 0:(2.0,-4.0)
07-20 16:30:20.767 23951 23951 I Monkey  :     //[calendar_time:2018-07-20 16:30:20.767  system_uptime:38667483]
07-20 16:30:20.767 23951 23951 I Monkey  :     // Sending event #500
07-20 16:30:20.767 23951 23951 E Input   : getAxisValue(): x--4.0-0.0--4.0
07-20 16:30:20.767 23951 23951 I Monkey  : :Sending Trackball (ACTION_MOVE): 0:(-4.0,0.0)
07-20 16:30:20.767 23951 23951 E Input   : getAxisValue(): x--2.0-0.0--2.0
07-20 16:30:20.768 23951 23951 I Monkey  : :Sending Trackball (ACTION_MOVE): 0:(-2.0,2.0)
07-20 16:30:20.768 23951 23951 E Input   : getAxisValue(): x--4.0-0.0--4.0
07-20 16:30:20.768 23951 23951 I Monkey  : :Sending Trackball (ACTION_MOVE): 0:(-4.0,4.0)
07-20 16:30:20.768 23951 23951 E Input   : getAxisValue(): y--5.0-0.0--5.0
07-20 16:30:20.768 23951 23951 I Monkey  : :Sending Trackball (ACTION_MOVE): 0:(2.0,-5.0)
07-20 16:30:20.769 23951 23951 I Monkey  : :Sending Trackball (ACTION_MOVE): 0:(3.0,1.0)
07-20 16:30:20.769 23951 23951 I Monkey  : :Sending Touch (ACTION_DOWN): 0:(109.0,1049.0)
07-20 16:30:20.770 23951 23951 I Monkey  : :Sending Touch (ACTION_UP): 0:(100.71627,1051.8854)
07-20 16:30:20.771 23951 23951 I Monkey  : Sleeping for 300 milliseconds
07-20 16:30:20.783  3129  3129 D KeyEvent: obtain, mHwFlags=0
07-20 16:30:20.783  3129  3129 I chatty  : uid=10053(u0_a53) com.baidu.input_huawei identical 30 lines
07-20 16:30:20.783  3129  3129 D KeyEvent: obtain, mHwFlags=0
07-20 16:30:20.804  3129  3129 I wangchen: SysInfo.getSysParam: orientation=1||config d=3.0,w=1080,h=1920||metrics d=3.0,w=1080,h=1920||sdk=26,bar_h=72
07-20 16:30:20.805  3129  3129 I KeymapLoader: w=1080 h=1920 ori=true appScale=3.3 s1=3.0
07-20 16:30:20.958   761   842 I chatty  : uid=1000(system) /vendor/bin/fusion_daemon expire 23 lines
07-20 16:30:20.958   749  2144 D libgps  : proxy_gnss_sv_status_cb: called. num_svs(5)
07-20 16:30:20.959   761   841 I chatty  : uid=1000(system) /vendor/bin/fusion_daemon expire 47 lines
07-20 16:30:21.072 23951 23951 I Monkey  : :Sending Touch (ACTION_DOWN): 0:(483.0,103.0)
07-20 16:30:21.075  1197  1223 I chatty  : uid=1000(system) android.ui expire 69 lines
07-20 16:30:21.076 23951 23951 I Monkey  : :Sending Touch (ACTION_UP): 0:(480.18832,102.84483)
07-20 16:30:21.077 23951 23951 I Monkey  : Sleeping for 300 milliseconds
07-20 16:30:21.379 23951 23951 I Monkey  : :Sending Touch (ACTION_DOWN): 0:(921.0,857.0)
07-20 16:30:21.382 23951 23951 I Monkey  : :Sending Touch (ACTION_UP): 0:(914.7973,857.45)
07-20 16:30:21.383 23951 23951 I Monkey  : Sleeping for 300 milliseconds
07-20 16:30:21.494   740   740 E Thermal-daemon: [charger_ic] temp_new :38  temp_old :37
07-20 16:30:21.495  2196  5500 I ThermalService: Receive temperature change, type: 2, temp: 38 from thermald
07-20 16:30:21.495  2196  4503 D HwThermalStateManager: Thermal type: 2 cur_temperature:38
07-20 16:30:21.495   740   740 E Thermal-daemon: Report temperature: [charger_ic] temp :38  report_threshold:1
07-20 16:30:21.684 23951 23951 I Monkey  : :Sending Touch (ACTION_DOWN): 0:(443.0,1801.0)
07-20 16:30:21.686 23951 23951 I Monkey  : :Sending Touch (ACTION_UP): 0:(444.89423,1823.4647)
07-20 16:30:21.689 23951 23951 I Monkey  : Sleeping for 300 milliseconds
07-20 16:30:21.734   746 10107 I Pged-IPgedBinderService: ****action is 2, pid num is 13***
07-20 16:30:21.734   746 10107 I Pged-Freezer: thawPids
07-20 16:30:21.740  2196  2750 D PgedBinderAdapter: unfrz ok, pid: [18730, 18021, 18541, 18417, 18035, 18301, 23446, 7042, 21643, 7075, 7133, 20168]
07-20 16:30:21.991 23951 23951 I Monkey  : :Sending Touch (ACTION_DOWN): 0:(274.0,1471.0)
07-20 16:30:21.993   749  2144 D libgps  : proxy_gnss_sv_status_cb: called. num_svs(6)
07-20 16:30:21.993  1197  1246 I chatty  : uid=1000(system) HwBinder:1197_1 expire 15 lines
07-20 16:30:21.998 23951 23951 I Monkey  : :Sending Touch (ACTION_UP): 0:(279.07648,1472.1996)
07-20 16:30:22.002 23951 23951 I Monkey  : Sleeping for 300 milliseconds
07-20 16:30:22.303 23951 23951 I Monkey  : :Switch: #Intent;action=android.intent.action.MAIN;category=android.intent.category.LAUNCHER;launchFlags=0x10200000;component=com.jieshun.jslife/.activity.common.WelcomeActivity;end
07-20 16:30:22.313 23951 23951 I Monkey  :     // Allowing start of Intent { act=android.intent.action.MAIN cat=[android.intent.category.LAUNCHER] cmp=com.jieshun.jslife/.activity.common.WelcomeActivity } in package com.jieshun.jslife
07-20 16:30:22.321  2196  5500 I PGServer: android calls fast hibernateApps
07-20 16:30:22.321  2196  5500 I AppFastHibernation: fast hibernate duration: 1500 reason: start activity
07-20 16:30:22.321   746 10107 I Pged-IPgedBinderService: ****action is 1, pid num is 13***
07-20 16:30:22.321   746 10107 I Pged-Freezer: freezePids
07-20 16:30:22.321   746 10107 I Pged-Freezer: Freeze process: 18730
07-20 16:30:22.322   746 10107 I Pged-Freezer: Freeze process: 18021
07-20 16:30:22.322   746 10107 I Pged-Freezer: Freeze process: 18541
07-20 16:30:22.323   746 10107 I Pged-Freezer: Freeze process: 18417
07-20 16:30:22.323   746 10107 I Pged-Freezer: Freeze process: 18035
07-20 16:30:22.323   746 10107 I Pged-Freezer: Freeze process: 18301
07-20 16:30:22.323   746 10107 I Pged-Freezer: Freeze process: 23446
07-20 16:30:22.323   746 10107 I Pged-Freezer: Freeze process: 7042
07-20 16:30:22.324 23951 23951 I Monkey  : Sleeping for 300 milliseconds
07-20 16:30:22.324   746 10107 I Pged-Freezer: Freeze process: 21643
07-20 16:30:22.324   746 10107 I Pged-Freezer: Freeze process: 7075
07-20 16:30:22.325   746 10107 I Pged-Freezer: Freeze process: 7133
07-20 16:30:22.325   746 10107 I Pged-Freezer: Freeze process: 20168
07-20 16:30:22.325  2196  2750 D PgedBinderAdapter: frz ok, pid: [18730, 18021, 18541, 18417, 18035, 18301, 23446, 7042, 21643, 7075, 7133, 20168]
07-20 16:30:22.625 23951 23951 I Monkey  : :Sending Touch (ACTION_DOWN): 0:(138.0,1206.0)
07-20 16:30:22.627 23951 23951 I Monkey  : :Sending Touch (ACTION_UP): 0:(134.67886,1223.1415)
07-20 16:30:22.628 23951 23951 I Monkey  : Sleeping for 300 milliseconds
07-20 16:30:22.631  6101 19884 I chatty  : uid=10176(u0_a176) Binder:6101_6 expire 2 lines
07-20 16:30:22.671  6101  6101 I chatty  : uid=10176(u0_a176) com.jieshun.jslife expire 192 lines
07-20 16:30:22.684  6101  6202 I chatty  : uid=10176(u0_a176) RenderThread expire 16 lines
07-20 16:30:22.696   655   655 I GRALLOC : 	 shrFd=10,fmt=0x1,intFmt=0x1,btStrd=3072,size=2310144,pid=655 
07-20 16:30:22.696   655   655 I GRALLOC : 	 yuv=2,w=750,h=750,Stride u=0 v=0,offset u=0 v=0 
07-20 16:30:22.696   655   655 I GRALLOC : 	 iova_size=2310144,conUsg=0x900,proUsg=0x900,	 strd=768,[afbc]HdrStrd=0 PyldStrd=0 Scrmbl=0,ionhnd = 1 
07-20 16:30:22.696   655   655 I chatty  : uid=1000(system) allocator@2.0-s identical 24 lines
07-20 16:30:22.696   655   655 I GRALLOC : 	 shrFd=10,fmt=0x1,intFmt=0x1,btStrd=3072,size=2310144,pid=655 
07-20 16:30:22.696   655   655 I GRALLOC : 	 yuv=2,w=750,h=750,Stride u=0 v=0,offset u=0 v=0 
07-20 16:30:22.696   655   655 I GRALLOC : 	 iova_size=2310144,conUsg=0x900,proUsg=0x900,	 strd=768,[afbc]HdrStrd=0 PyldStrd=0 Scrmbl=0,ionhnd = 1 
07-20 16:30:22.700  3129  3129 I wangchen: SysInfo.getSysParam: orientation=1||config d=3.0,w=1080,h=1920||metrics d=3.0,w=1080,h=1920||sdk=26,bar_h=72
07-20 16:30:22.700  3129  3129 I KeymapLoader: w=1080 h=1920 ori=true appScale=3.3 s1=3.0
07-20 16:30:22.711   655   655 I GRALLOC : 	 shrFd=10,fmt=0x1,intFmt=0x1,btStrd=3072,size=2310144,pid=655 
07-20 16:30:22.711   655   655 I GRALLOC : 	 yuv=2,w=750,h=750,Stride u=0 v=0,offset u=0 v=0 
07-20 16:30:22.711   655   655 I GRALLOC : 	 iova_size=2310144,conUsg=0xb00,proUsg=0xb00,	 strd=768,[afbc]HdrStrd=0 PyldStrd=0 Scrmbl=0,ionhnd = 1 
07-20 16:30:22.930 23951 23951 I Monkey  : :Sending Touch (ACTION_DOWN): 0:(202.0,563.0)
07-20 16:30:22.934 23951 23951 I Monkey  : :Sending Touch (ACTION_UP): 0:(204.54448,560.7518)
07-20 16:30:22.935   687  2895 E BufferQueueProducer: [com.jieshun.jslife/com.jieshun.jslife.activity.userinfo.ConsumeOrderDetailActivity#0] disconnect: not connected (req=1)
07-20 16:30:22.939 23951 23951 I Monkey  : Sleeping for 300 milliseconds
07-20 16:30:22.949  6101  6101 W ViewRootImpl[ConsumeOrderDetailActivity]: Dropping event due to root view being removed: MotionEvent { action=ACTION_UP, actionButton=0, id[0]=0, x[0]=39.54448, y[0]=-60.24823, toolType[0]=TOOL_TYPE_UNKNOWN, buttonState=0, metaState=0, flags=0x0, edgeFlags=0x0, pointerCount=1, historySize=0, eventTime=27046928, downTime=27046924, deviceId=0, source=0x1002 }
07-20 16:30:22.960  3129  3129 I wangchen: SysInfo.getSysParam: orientation=1||config d=3.0,w=1080,h=1920||metrics d=3.0,w=1080,h=1920||sdk=26,bar_h=72
07-20 16:30:22.961  3129  3129 I KeymapLoader: w=1080 h=1920 ori=true appScale=3.3 s1=3.0
07-20 16:30:23.012   749  2144 D libgps  : proxy_gnss_sv_status_cb: called. num_svs(6)
07-20 16:30:23.012  1197  2433 I chatty  : uid=1000(system) HwBinder:1197_5 expire 30 lines
07-20 16:30:23.240 23951 23951 E Input   : getAxisValue(): y--4.0-0.0--4.0
07-20 16:30:23.240 23951 23951 I Monkey  : :Sending Trackball (ACTION_MOVE): 0:(3.0,-4.0)
07-20 16:30:23.243 23951 23951 E Input   : getAxisValue(): x--1.0-0.0--1.0
07-20 16:30:23.243 23951 23951 I Monkey  : :Sending Trackball (ACTION_MOVE): 0:(-1.0,0.0)
07-20 16:30:23.246 23951 23951 I Monkey  : :Sending Trackball (ACTION_MOVE): 0:(3.0,1.0)
07-20 16:30:23.250 23951 23951 E Input   : getAxisValue(): x--3.0-0.0--3.0
07-20 16:30:23.250 23951 23951 I Monkey  : :Sending Trackball (ACTION_MOVE): 0:(-3.0,1.0)
07-20 16:30:23.251  3129  3129 D KeyEvent: obtain, mHwFlags=0
07-20 16:30:23.253 23951 23951 E Input   : getAxisValue(): x--3.0-0.0--3.0
07-20 16:30:23.253  3129  3129 D KeyEvent: obtain, mHwFlags=0
07-20 16:30:23.254 23951 23951 I Monkey  : :Sending Trackball (ACTION_MOVE): 0:(-3.0,2.0)
07-20 16:30:23.254  3129  3129 D KeyEvent: obtain, mHwFlags=0
07-20 16:30:23.255  3129  3129 D KeyEvent: obtain, mHwFlags=0
07-20 16:30:23.256 23951 23951 E Input   : getAxisValue(): x--2.0-0.0--2.0
07-20 16:30:23.257 23951 23951 E Input   : getAxisValue(): y--3.0-0.0--3.0
07-20 16:30:23.257 23951 23951 I Monkey  : :Sending Trackball (ACTION_MOVE): 0:(-2.0,-3.0)
07-20 16:30:23.259 23951 23951 E Input   : getAxisValue(): x--2.0-0.0--2.0
07-20 16:30:23.259 23951 23951 E Input   : getAxisValue(): y--5.0-0.0--5.0
07-20 16:30:23.260 23951 23951 I Monkey  : :Sending Trackball (ACTION_MOVE): 0:(-2.0,-5.0)
07-20 16:30:23.262 23951 23951 I Monkey  : :Sending Trackball (ACTION_MOVE): 0:(3.0,2.0)
07-20 16:30:23.265 23951 23951 E Input   : getAxisValue(): y--5.0-0.0--5.0
07-20 16:30:23.265 23951 23951 I Monkey  : :Sending Trackball (ACTION_MOVE): 0:(4.0,-5.0)
07-20 16:30:23.268 23951 23951 E Input   : getAxisValue(): y--2.0-0.0--2.0
07-20 16:30:23.268 23951 23951 I Monkey  : :Sending Trackball (ACTION_MOVE): 0:(0.0,-2.0)
07-20 16:30:23.271  3129  3129 D KeyEvent: obtain, mHwFlags=0
07-20 16:30:23.272  3129  3129 D KeyEvent: obtain, mHwFlags=0
07-20 16:30:23.272 23951 23951 I Monkey  : :Sending Key (ACTION_DOWN): 25    // KEYCODE_VOLUME_DOWN
07-20 16:30:23.272  3129  3129 D KeyEvent: obtain, mHwFlags=0
07-20 16:30:23.273  1197  1210 I chatty  : uid=1000(system) Binder:1197_1 expire 11 lines
07-20 16:30:23.278  3129  3129 I wangchen: SysInfo.getSysParam: orientation=1||config d=3.0,w=1080,h=1920||metrics d=3.0,w=1080,h=1920||sdk=26,bar_h=72
07-20 16:30:23.278  3129  3129 I KeymapLoader: w=1080 h=1920 ori=true appScale=3.3 s1=3.0
07-20 16:30:23.282  1197  1391 I chatty  : uid=1000(system) InputDispatcher expire 13 lines
07-20 16:30:23.288  3129  3129 D KeyEvent: obtain, mHwFlags=0
07-20 16:30:23.288  3129  3129 D KeyEvent: obtain, mHwFlags=0
07-20 16:30:23.430  3129  3129 D KeyEvent: obtain, mHwFlags=0
07-20 16:30:23.431 23951 23951 I Monkey  : :Sending Key (ACTION_UP): 25    // KEYCODE_VOLUME_DOWN
07-20 16:30:23.432  1197 10223 I chatty  : uid=1000(system) Binder:1197_1E expire 10 lines
07-20 16:30:23.438  1197  1197 I chatty  : uid=1000 system_server expire 16 lines
07-20 16:30:23.441  1766  2051 I chatty  : uid=10039(u0_a39) VolumeDialogCon expire 10 lines
07-20 16:30:23.444  3129  3129 D KeyEvent: obtain, mHwFlags=0
07-20 16:30:23.446  1197  2225 I chatty  : uid=1000(system) Binder:1197_A expire 10 lines
07-20 16:30:23.446 23951 23951 I Monkey  : Sleeping for 300 milliseconds
07-20 16:30:23.447  1766  1766 I chatty  : uid=10039(u0_a39) com.android.systemui expire 160 lines
07-20 16:30:23.462  1766  2098 I chatty  : uid=10039(u0_a39) RenderThread expire 11 lines
07-20 16:30:23.522   655   655 I GRALLOC : 	 shrFd=10,fmt=0x1,intFmt=0x1,btStrd=4352,size=1273856,pid=655 
07-20 16:30:23.522   655   655 I GRALLOC : 	 yuv=2,w=1080,h=290,Stride u=0 v=0,offset u=0 v=0 
07-20 16:30:23.522   655   655 I GRALLOC : 	 iova_size=1273856,conUsg=0x900,proUsg=0x900,	 strd=1088,[afbc]HdrStrd=0 PyldStrd=0 Scrmbl=0,ionhnd = 1 
07-20 16:30:23.525   655   655 I GRALLOC : 	 shrFd=10,fmt=0x1,intFmt=0x1,btStrd=4352,size=1273856,pid=655 
07-20 16:30:23.525   655   655 I GRALLOC : 	 yuv=2,w=1080,h=290,Stride u=0 v=0,offset u=0 v=0 
07-20 16:30:23.525   655   655 I GRALLOC : 	 iova_size=1273856,conUsg=0x900,proUsg=0x900,	 strd=1088,[afbc]HdrStrd=0 PyldStrd=0 Scrmbl=0,ionhnd = 1 
07-20 16:30:23.543   655   655 I GRALLOC : 	 shrFd=10,fmt=0x1,intFmt=0x1,btStrd=4352,size=1273856,pid=655 
07-20 16:30:23.543   655   655 I GRALLOC : 	 yuv=2,w=1080,h=290,Stride u=0 v=0,offset u=0 v=0 
07-20 16:30:23.543   655   655 I GRALLOC : 	 iova_size=1273856,conUsg=0xb00,proUsg=0xb00,	 strd=1088,[afbc]HdrStrd=0 PyldStrd=0 Scrmbl=0,ionhnd = 1 
07-20 16:30:23.710  6402  6467 I chatty  : uid=10176(u0_a176) ServiceStartArg expire 5 lines
07-20 16:30:23.712  2209  2461 W PhoneInterfaceManager: shouldBlockLocation running ...
07-20 16:30:23.723  2209  2461 I PhoneInterfaceManager: shouldBlockLocation  ret:false
07-20 16:30:23.752 23951 23951 I Monkey  : :Sending Touch (ACTION_DOWN): 0:(905.0,1174.0)
07-20 16:30:23.766 23951 23951 I Monkey  : :Sending Touch (ACTION_UP): 0:(911.6303,1185.5059)
07-20 16:30:23.771   687   885 E BufferQueueProducer: [VolumeDialog#0] disconnect: not connected (req=1)
07-20 16:30:23.773 23951 23951 I Monkey  : Sleeping for 300 milliseconds
07-20 16:30:23.829   746 10107 I Pged-IPgedBinderService: ****action is 2, pid num is 13***
07-20 16:30:23.830   746 10107 I Pged-Freezer: thawPids
07-20 16:30:23.848  2196  2750 D PgedBinderAdapter: unfrz ok, pid: [18730, 18021, 18541, 18417, 18035, 18301, 23446, 7042, 21643, 7075, 7133, 20168]
07-20 16:30:23.895   655   655 I GRALLOC : 	 shrFd=10,fmt=0x1,intFmt=0x1,btStrd=3072,size=2310144,pid=655 
07-20 16:30:23.895   655   655 I GRALLOC : 	 yuv=2,w=750,h=750,Stride u=0 v=0,offset u=0 v=0 
07-20 16:30:23.895   655   655 I GRALLOC : 	 iova_size=2310144,conUsg=0x900,proUsg=0x900,	 strd=768,[afbc]HdrStrd=0 PyldStrd=0 Scrmbl=0,ionhnd = 1 
07-20 16:30:23.897   655   655 I GRALLOC : 	 shrFd=10,fmt=0x1,intFmt=0x1,btStrd=3072,size=2310144,pid=655 
07-20 16:30:23.897   655   655 I GRALLOC : 	 yuv=2,w=750,h=750,Stride u=0 v=0,offset u=0 v=0 
07-20 16:30:23.897   655   655 I GRALLOC : 	 iova_size=2310144,conUsg=0x900,proUsg=0x900,	 strd=768,[afbc]HdrStrd=0 PyldStrd=0 Scrmbl=0,ionhnd = 1 
07-20 16:30:23.899   655   655 I GRALLOC : 	 shrFd=10,fmt=0x1,intFmt=0x1,btStrd=3072,size=2310144,pid=655 
07-20 16:30:23.899   655   655 I GRALLOC : 	 yuv=2,w=750,h=750,Stride u=0 v=0,offset u=0 v=0 
07-20 16:30:23.899   655   655 I GRALLOC : 	 iova_size=2310144,conUsg=0x900,proUsg=0x900,	 strd=768,[afbc]HdrStrd=0 PyldStrd=0 Scrmbl=0,ionhnd = 1 
07-20 16:30:23.908  3129  3129 I wangchen: SysInfo.getSysParam: orientation=1||config d=3.0,w=1080,h=1920||metrics d=3.0,w=1080,h=1920||sdk=26,bar_h=72
07-20 16:30:23.909  3129  3129 I KeymapLoader: w=1080 h=1920 ori=true appScale=3.3 s1=3.0
07-20 16:30:23.923   655   655 I GRALLOC : 	 shrFd=10,fmt=0x1,intFmt=0x1,btStrd=3072,size=2310144,pid=655 
07-20 16:30:23.923   655   655 I GRALLOC : 	 yuv=2,w=750,h=750,Stride u=0 v=0,offset u=0 v=0 
07-20 16:30:23.923   655   655 I GRALLOC : 	 iova_size=2310144,conUsg=0xb00,proUsg=0xb00,	 strd=768,[afbc]HdrStrd=0 PyldStrd=0 Scrmbl=0,ionhnd = 1 
07-20 16:30:23.985   749  2144 D libgps  : proxy_gnss_sv_status_cb: called. num_svs(6)
07-20 16:30:24.075 23951 23951 I Monkey  : :Sending Touch (ACTION_DOWN): 0:(395.0,858.0)
07-20 16:30:24.083 23951 23951 I Monkey  : :Sending Touch (ACTION_UP): 0:(415.05832,858.4794)
07-20 16:30:24.087 23951 23951 I Monkey  : Sleeping for 300 milliseconds
07-20 16:30:24.241  1766  2445 I chatty  : uid=10039(u0_a39) PhoneStatusBar expire 10 lines
07-20 16:30:24.389 23951 23951 I Monkey  : :Sending Touch (ACTION_DOWN): 0:(260.0,621.0)
07-20 16:30:24.394 23951 23951 I Monkey  : :Sending Touch (ACTION_UP): 0:(261.13803,617.0103)
07-20 16:30:24.400 23951 23951 I Monkey  : Sleeping for 300 milliseconds
07-20 16:30:24.570  1197  1387 I chatty  : uid=1000(system) AlarmManager expire 5 lines
07-20 16:30:24.617 20168 20196 I WakeLock: 1 lock44
07-20 16:30:24.625 20168 20196 I TimerService: 1 Timer Service started 1
07-20 16:30:24.626 20168 20196 I BackgroundManager: 1 next interval : 5 minutes, check internal account : false, check pop3 account : false
07-20 16:30:24.631 20168 20196 I UICommand: 1 checkStatisticsAsync
07-20 16:30:24.634 20168 20196 I isAllowNetUsage: 1 allow:true
07-20 16:30:24.641 20168 20196 I BackgroundManager: 1 timing poll
07-20 16:30:24.642 20168 20196 I WakeLock: 1 release44
07-20 16:30:24.692  9958  9958 D MSFAliveJobService: MSF_Alive_Log MSFAliveJobService onCreate 
07-20 16:30:24.695  2180 24338 I BDLog   : BD.Scheduler:Hour task coming
07-20 16:30:24.703 23951 23951 I Monkey  : :Sending Touch (ACTION_DOWN): 0:(21.0,63.0)
07-20 16:30:24.710 23951 23951 I Monkey  : :Sending Touch (ACTION_UP): 0:(6.1853046,53.413723)
07-20 16:30:24.719 23951 23951 I Monkey  : Sleeping for 300 milliseconds
07-20 16:30:24.726  9958  9958 D MSFAliveJobService: MSF_Alive_Log MSFAliveJobService onStartJob 
07-20 16:30:24.730  9958  9958 D MSF.C.ConfigManager: MSF_Alive_Log get config jobscheduler_enable=1
07-20 16:30:24.731  9958  9958 D MSFAliveManager: MSF_Alive_Log get job state = 4
07-20 16:30:24.731  9958  9958 D MSFAliveJobService: MSF_Alive_Log MSFAliveJobService handleMessage not enable
07-20 16:30:24.732  2949  4896 D WorkSource: Insert in WorkSource{} @ 0 uid 10149 name com.google.android.gms
07-20 16:30:24.733  2949  4896 D WorkSource: Insert in WorkSource{} @ 0 uid 10149 name com.google.android.gms
07-20 16:30:24.737 20168 20196 I TimerService: 1 destroy timer service
07-20 16:30:24.738  1766  1887 I chatty  : uid=10039(u0_a39) SystemUI_subThr expire 7 lines
07-20 16:30:24.764  2949  4896 D WorkSource: Insert in WorkSource{} @ 0 uid 10149 name com.google.android.gms
07-20 16:30:24.764  2949  4896 D WorkSource: Insert in WorkSource{} @ 0 uid 10149 name com.google.android.gms
07-20 16:30:24.773  2949  4896 D WorkSource: Insert in WorkSource{} @ 0 uid 10149 name com.google.android.gms
07-20 16:30:24.788  2949  4896 D WorkSource: Insert in WorkSource{} @ 0 uid 10149 name com.google.android.gms
07-20 16:30:24.788  2949  4896 D WorkSource: Insert in WorkSource{} @ 0 uid 10149 name com.google.android.gms
07-20 16:30:24.797  2949  4896 D WorkSource: Insert in WorkSource{} @ 0 uid 10149 name com.google.android.gms
07-20 16:30:24.805  2949 24341 I NetRec  : [2491] abqn.a: Refreshing scores for 150 networks.
07-20 16:30:24.829  2949 24342 I NetRec  : [2492] abqn.a: Refreshing scores for 150 networks.
07-20 16:30:24.979   749  2144 D libgps  : proxy_gnss_sv_status_cb: called. num_svs(6)
07-20 16:30:25.021 23951 23951 I Monkey  : :Sending Touch (ACTION_DOWN): 0:(933.0,759.0)
07-20 16:30:25.025 23951 23951 I Monkey  : :Sending Touch (ACTION_UP): 0:(940.85614,752.558)
07-20 16:30:25.027 23951 23951 I Monkey  : Sleeping for 300 milliseconds
07-20 16:30:25.330 23951 23951 I Monkey  : :Sending Trackball (ACTION_MOVE): 0:(2.0,3.0)
07-20 16:30:25.334 23951 23951 E Input   : getAxisValue(): x--5.0-0.0--5.0
07-20 16:30:25.334 23951 23951 E Input   : getAxisValue(): y--3.0-0.0--3.0
07-20 16:30:25.335 23951 23951 I Monkey  : :Sending Trackball (ACTION_MOVE): 0:(-5.0,-3.0)
07-20 16:30:25.338 23951 23951 E Input   : getAxisValue(): x--4.0-0.0--4.0
07-20 16:30:25.339 23951 23951 E Input   : getAxisValue(): y--3.0-0.0--3.0
07-20 16:30:25.340 23951 23951 I Monkey  : :Sending Trackball (ACTION_MOVE): 0:(-4.0,-3.0)
07-20 16:30:25.342 23951 23951 E Input   : getAxisValue(): y--2.0-0.0--2.0
07-20 16:30:25.344 23951 23951 I Monkey  : :Sending Trackball (ACTION_MOVE): 0:(3.0,-2.0)
07-20 16:30:25.346  3129  3129 D KeyEvent: obtain, mHwFlags=0
07-20 16:30:25.346   681   681 D SensorHub: Get acc data 0.143652, 0.191536, 9.988609
07-20 16:30:25.347  3129  3129 D KeyEvent: obtain, mHwFlags=0
07-20 16:30:25.350  3129  3129 D KeyEvent: obtain, mHwFlags=0
07-20 16:30:25.351 23951 23951 I Monkey  : :Sending Trackball (ACTION_MOVE): 0:(1.0,3.0)
07-20 16:30:25.354 23951 23951 E Input   : getAxisValue(): y--2.0-0.0--2.0
07-20 16:30:25.354 23951 23951 I Monkey  : :Sending Trackball (ACTION_MOVE): 0:(2.0,-2.0)
07-20 16:30:25.359 23951 23951 E Input   : getAxisValue(): x--2.0-0.0--2.0
07-20 16:30:25.360 23951 23951 I Monkey  : :Sending Trackball (ACTION_MOVE): 0:(-2.0,2.0)
07-20 16:30:25.362  3129  3129 D KeyEvent: obtain, mHwFlags=0
07-20 16:30:25.363  3129  3129 D KeyEvent: obtain, mHwFlags=0
07-20 16:30:25.363 23951 23951 E Input   : getAxisValue(): x--2.0-0.0--2.0
07-20 16:30:25.363 23951 23951 E Input   : getAxisValue(): y--5.0-0.0--5.0
07-20 16:30:25.363 23951 23951 I Monkey  : :Sending Trackball (ACTION_MOVE): 0:(-2.0,-5.0)
07-20 16:30:25.368 23951 23951 E Input   : getAxisValue(): x--3.0-0.0--3.0
07-20 16:30:25.369 23951 23951 I Monkey  : :Sending Trackball (ACTION_MOVE): 0:(-3.0,4.0)
07-20 16:30:25.372 23951 23951 E Input   : getAxisValue(): x--3.0-0.0--3.0
07-20 16:30:25.372 23951 23951 E Input   : getAxisValue(): y--1.0-0.0--1.0
07-20 16:30:25.373 23951 23951 I Monkey  : :Sending Trackball (ACTION_MOVE): 0:(-3.0,-1.0)
07-20 16:30:25.380 23951 23951 I Monkey  : :Sending Touch (ACTION_DOWN): 0:(926.0,409.0)
07-20 16:30:25.380  3129  3129 D KeyEvent: obtain, mHwFlags=0
07-20 16:30:25.382  3129  3129 D KeyEvent: obtain, mHwFlags=0
07-20 16:30:25.389 23951 23951 I Monkey  : :Sending Touch (ACTION_UP): 0:(917.02527,397.80322)
07-20 16:30:25.390   687  1134 E BufferQueueProducer: [com.jieshun.jslife/com.jieshun.jslife.activity.userinfo.ConsumeOrderDetailActivity#0] disconnect: not connected (req=1)
07-20 16:30:25.392 23951 23951 I Monkey  : Sleeping for 300 milliseconds
07-20 16:30:25.417  6101  6101 W ViewRootImpl[ConsumeOrderDetailActivity]: Dropping event due to root view being removed: MotionEvent { action=ACTION_UP, actionButton=0, id[0]=0, x[0]=752.02527, y[0]=-223.19678, toolType[0]=TOOL_TYPE_UNKNOWN, buttonState=0, metaState=0, flags=0x0, edgeFlags=0x0, pointerCount=1, historySize=0, eventTime=27049381, downTime=27049373, deviceId=0, source=0x1002 }
07-20 16:30:25.419  6101  6101 W ViewRootImpl[ConsumeOrderDetailActivity]: Dropping event due to root view being removed: MotionEvent { action=ACTION_MOVE, actionButton=0, id[0]=0, x[0]=-3.0, y[0]=-1.0, toolType[0]=TOOL_TYPE_UNKNOWN, buttonState=0, metaState=0, flags=0x0, edgeFlags=0x0, pointerCount=1, historySize=0, eventTime=27049366, downTime=-1, deviceId=0, source=0x10004 }
07-20 16:30:25.430  3129  3129 I wangchen: SysInfo.getSysParam: orientation=1||config d=3.0,w=1080,h=1920||metrics d=3.0,w=1080,h=1920||sdk=26,bar_h=72
07-20 16:30:25.430  3129  3129 I KeymapLoader: w=1080 h=1920 ori=true appScale=3.3 s1=3.0
07-20 16:30:25.695 23951 23951 I Monkey  : :Sending Touch (ACTION_DOWN): 0:(237.0,888.0)
07-20 16:30:25.704 23951 23951 I Monkey  : :Sending Touch (ACTION_UP): 0:(234.57343,869.1979)
07-20 16:30:25.708 23951 23951 I Monkey  : Sleeping for 300 milliseconds
07-20 16:30:25.827  2949 24341 W NetRec  : [2491] abqn.a: Unexpected exception com.android.volley.NoConnectionError: java.net.ConnectException: Failed to connect to mobilenetworkscoring-pa.googleapis.com/172.217.160.106:443 while waiting for score updates (com.android.volley.NoConnectionError: java.net.ConnectException: Failed to connect to mobilenetworkscoring-pa.googleapis.com/172.217.160.106:443). Rescheduling.
07-20 16:30:25.834  2949 24341 I NetRec  : [2491] abqn.a: Still entries pending update, scheduling new rapid_refresh_scores_task refresh.
07-20 16:30:25.843  2949 24342 W NetRec  : [2492] abqn.a: Unexpected exception com.android.volley.NoConnectionError: java.net.ConnectException: Failed to connect to mobilenetworkscoring-pa.googleapis.com/172.217.160.106:443 while waiting for score updates (com.android.volley.NoConnectionError: java.net.ConnectException: Failed to connect to mobilenetworkscoring-pa.googleapis.com/172.217.160.106:443). Rescheduling.
07-20 16:30:25.844  2949 24341 I NetRec  : [2491] abqn.a: Completed rapid_refresh_scores_task score refresh task in 1067 ms, returning 1
07-20 16:30:25.849  2949 24342 I NetRec  : [2492] abqn.a: Still entries pending update, scheduling new refresh_scores_task refresh.
07-20 16:30:25.859  2949 24342 I NetRec  : [2492] abqn.a: Completed refresh_scores_task score refresh task in 1061 ms, returning 1
07-20 16:30:25.990   749  2144 D libgps  : proxy_gnss_sv_status_cb: called. num_svs(6)
07-20 16:30:25.991  1197  1395 I chatty  : uid=1000(system) HwBinder:1197_2 expire 20 lines
07-20 16:30:26.011 23951 23951 I Monkey  : :Sending Touch (ACTION_DOWN): 0:(739.0,180.0)
07-20 16:30:26.018 23951 23951 I Monkey  : :Sending Touch (ACTION_UP): 0:(730.9431,184.43776)
07-20 16:30:26.022 23951 23951 I Monkey  : Sleeping for 300 milliseconds
07-20 16:30:26.327 23951 23951 I Monkey  : :Sending Touch (ACTION_DOWN): 0:(992.0,1034.0)
07-20 16:30:26.339 23951 23951 I Monkey  : :Sending Touch (ACTION_UP): 0:(985.8465,1028.9573)
07-20 16:30:26.348 23951 23951 I Monkey  : Sleeping for 300 milliseconds
07-20 16:30:26.499   740   740 E Thermal-daemon: [battery] temp_new :35  temp_old :34
07-20 16:30:26.500  2196  5500 I ThermalService: Receive temperature change, type: 9, temp: 35 from thermald
07-20 16:30:26.500  2196  5500 I ThermalTrace_ThermalRaise: Battery:35
07-20 16:30:26.503   740   740 E Thermal-daemon: Report temperature: [battery] temp :35  report_threshold:1
07-20 16:30:26.649 23951 23951 I Monkey  : :Switch: #Intent;action=android.intent.action.MAIN;category=android.intent.category.LAUNCHER;launchFlags=0x10200000;component=com.jieshun.jslife/.activity.common.WelcomeActivity;end
07-20 16:30:26.660 23951 23951 I Monkey  :     // Allowing start of Intent { act=android.intent.action.MAIN cat=[android.intent.category.LAUNCHER] cmp=com.jieshun.jslife/.activity.common.WelcomeActivity } in package com.jieshun.jslife
07-20 16:30:26.672 23951 23951 I Monkey  : Sleeping for 300 milliseconds
07-20 16:30:26.695   746   790 W         : iawared check failed: pid = 7987  uid=99000
07-20 16:30:26.699  2196  5500 I PGServer: android calls fast hibernateApps
07-20 16:30:26.699  2196  5500 I AppFastHibernation: fast hibernate duration: 1500 reason: start activity
07-20 16:30:26.700   746 10107 I Pged-IPgedBinderService: ****action is 1, pid num is 13***
07-20 16:30:26.700   746 10107 I Pged-Freezer: freezePids
07-20 16:30:26.700   746 10107 I Pged-Freezer: Freeze process: 18730
07-20 16:30:26.700   746 10107 I Pged-Freezer: Freeze process: 18021
07-20 16:30:26.701   746 10107 I Pged-Freezer: Freeze process: 18541
07-20 16:30:26.701   746 10107 I Pged-Freezer: Freeze process: 18417
07-20 16:30:26.701   746 10107 I Pged-Freezer: Freeze process: 18035
07-20 16:30:26.701   746 10107 I Pged-Freezer: Freeze process: 18301
07-20 16:30:26.702   746 10107 I Pged-Freezer: Freeze process: 23446
07-20 16:30:26.702   746 10107 I Pged-Freezer: Freeze process: 7042
07-20 16:30:26.702   746 10107 I Pged-Freezer: Freeze process: 21643
07-20 16:30:26.702   746 10107 I Pged-Freezer: Freeze process: 7075
07-20 16:30:26.703   746 10107 I Pged-Freezer: Freeze process: 7133
07-20 16:30:26.703   746 10107 I Pged-Freezer: Freeze process: 20168
07-20 16:30:26.703  2196  2750 D PgedBinderAdapter: frz ok, pid: [18730, 18021, 18541, 18417, 18035, 18301, 23446, 7042, 21643, 7075, 7133, 20168]
07-20 16:30:26.961   749  2144 D libgps  : proxy_gnss_sv_status_cb: called. num_svs(6)
07-20 16:30:26.973 23951 23951 I Monkey  : :Sending Touch (ACTION_DOWN): 0:(675.0,1233.0)
07-20 16:30:26.975 23951 23951 I Monkey  : :Sending Touch (ACTION_UP): 0:(683.0002,1248.7306)
07-20 16:30:26.976 23951 23951 I Monkey  : Sleeping for 300 milliseconds
07-20 16:30:27.013   655   655 I GRALLOC : 	 shrFd=10,fmt=0x1,intFmt=0x1,btStrd=3072,size=2310144,pid=655 
07-20 16:30:27.013   655   655 I GRALLOC : 	 yuv=2,w=750,h=750,Stride u=0 v=0,offset u=0 v=0 
07-20 16:30:27.013   655   655 I GRALLOC : 	 iova_size=2310144,conUsg=0x900,proUsg=0x900,	 strd=768,[afbc]HdrStrd=0 PyldStrd=0 Scrmbl=0,ionhnd = 1 
07-20 16:30:27.013   655   655 I GRALLOC : 	 shrFd=10,fmt=0x1,intFmt=0x1,btStrd=3072,size=2310144,pid=655 
07-20 16:30:27.013   655   655 I GRALLOC : 	 yuv=2,w=750,h=750,Stride u=0 v=0,offset u=0 v=0 
07-20 16:30:27.013   655   655 I GRALLOC : 	 iova_size=2310144,conUsg=0x900,proUsg=0x900,	 strd=768,[afbc]HdrStrd=0 PyldStrd=0 Scrmbl=0,ionhnd = 1 
07-20 16:30:27.013   655   655 I GRALLOC : 	 shrFd=10,fmt=0x1,intFmt=0x1,btStrd=3072,size=2310144,pid=655 
07-20 16:30:27.013   655   655 I GRALLOC : 	 yuv=2,w=750,h=750,Stride u=0 v=0,offset u=0 v=0 
07-20 16:30:27.013   655   655 I GRALLOC : 	 iova_size=2310144,conUsg=0x900,proUsg=0x900,	 strd=768,[afbc]HdrStrd=0 PyldStrd=0 Scrmbl=0,ionhnd = 1 
07-20 16:30:27.017  3129  3129 I wangchen: SysInfo.getSysParam: orientation=1||config d=3.0,w=1080,h=1920||metrics d=3.0,w=1080,h=1920||sdk=26,bar_h=72
07-20 16:30:27.017  3129  3129 I KeymapLoader: w=1080 h=1920 ori=true appScale=3.3 s1=3.0
07-20 16:30:27.018   655   655 I GRALLOC : 	 shrFd=10,fmt=0x1,intFmt=0x1,btStrd=3072,size=2310144,pid=655 
07-20 16:30:27.018   655   655 I GRALLOC : 	 yuv=2,w=750,h=750,Stride u=0 v=0,offset u=0 v=0 
07-20 16:30:27.018   655   655 I GRALLOC : 	 iova_size=2310144,conUsg=0xb00,proUsg=0xb00,	 strd=768,[afbc]HdrStrd=0 PyldStrd=0 Scrmbl=0,ionhnd = 1 
07-20 16:30:27.097  1197  6671 I chatty  : uid=1000(system) MobileQosDetect expire 9 lines
07-20 16:30:27.279 23951 23951 I Monkey  : :Sending Touch (ACTION_DOWN): 0:(695.0,1645.0)
07-20 16:30:27.284   687  2895 E BufferQueueProducer: [com.jieshun.jslife/com.jieshun.jslife.activity.userinfo.ConsumeOrderDetailActivity#0] disconnect: not connected (req=1)
07-20 16:30:27.286 23951 23951 I Monkey  : :Sending Touch (ACTION_UP): 0:(680.99396,1641.5131)
07-20 16:30:27.305 23951 23951 I Monkey  :     // Injection Failed
07-20 16:30:27.306 23951 23951 I Monkey  : Sleeping for 300 milliseconds
07-20 16:30:27.325  3129  3129 I wangchen: SysInfo.getSysParam: orientation=1||config d=3.0,w=1080,h=1920||metrics d=3.0,w=1080,h=1920||sdk=26,bar_h=72
07-20 16:30:27.325  3129  3129 I KeymapLoader: w=1080 h=1920 ori=true appScale=3.3 s1=3.0
07-20 16:30:27.609 23951 23951 I Monkey  : :Sending Touch (ACTION_DOWN): 0:(770.0,1224.0)
07-20 16:30:27.614 23951 23951 I Monkey  : :Sending Touch (ACTION_UP): 0:(780.8738,1217.7771)
07-20 16:30:27.620 23951 23951 I Monkey  : Sleeping for 300 milliseconds
07-20 16:30:27.733   655   655 I GRALLOC : 	 shrFd=10,fmt=0x1,intFmt=0x1,btStrd=3072,size=2310144,pid=655 
07-20 16:30:27.733   655   655 I GRALLOC : 	 yuv=2,w=750,h=750,Stride u=0 v=0,offset u=0 v=0 
07-20 16:30:27.733   655   655 I GRALLOC : 	 iova_size=2310144,conUsg=0x900,proUsg=0x900,	 strd=768,[afbc]HdrStrd=0 PyldStrd=0 Scrmbl=0,ionhnd = 1 
07-20 16:30:27.739   655   655 I GRALLOC : 	 shrFd=10,fmt=0x1,intFmt=0x1,btStrd=3072,size=2310144,pid=655 
07-20 16:30:27.739   655   655 I GRALLOC : 	 yuv=2,w=750,h=750,Stride u=0 v=0,offset u=0 v=0 
07-20 16:30:27.739   655   655 I GRALLOC : 	 iova_size=2310144,conUsg=0x900,proUsg=0x900,	 strd=768,[afbc]HdrStrd=0 PyldStrd=0 Scrmbl=0,ionhnd = 1 
07-20 16:30:27.751  3129  3129 I wangchen: SysInfo.getSysParam: orientation=1||config d=3.0,w=1080,h=1920||metrics d=3.0,w=1080,h=1920||sdk=26,bar_h=72
07-20 16:30:27.752  3129  3129 I KeymapLoader: w=1080 h=1920 ori=true appScale=3.3 s1=3.0
07-20 16:30:27.758   655   655 I GRALLOC : 	 shrFd=10,fmt=0x1,intFmt=0x1,btStrd=3072,size=2310144,pid=655 
07-20 16:30:27.758   655   655 I GRALLOC : 	 yuv=2,w=750,h=750,Stride u=0 v=0,offset u=0 v=0 
07-20 16:30:27.758   655   655 I GRALLOC : 	 iova_size=2310144,conUsg=0xb00,proUsg=0xb00,	 strd=768,[afbc]HdrStrd=0 PyldStrd=0 Scrmbl=0,ionhnd = 1 
07-20 16:30:27.923 23951 23951 I Monkey  : :Sending Touch (ACTION_DOWN): 0:(363.0,1303.0)
07-20 16:30:27.934 23951 23951 I Monkey  : :Sending Touch (ACTION_UP): 0:(374.73267,1292.0653)
07-20 16:30:27.943 23951 23951 I Monkey  : Sleeping for 300 milliseconds
07-20 16:30:28.012   749  2144 D libgps  : proxy_gnss_sv_status_cb: called. num_svs(6)
07-20 16:30:28.206   746 10107 I Pged-IPgedBinderService: ****action is 2, pid num is 13***
07-20 16:30:28.206   746 10107 I Pged-Freezer: thawPids
07-20 16:30:28.212  2196  2750 D PgedBinderAdapter: unfrz ok, pid: [18730, 18021, 18541, 18417, 18035, 18301, 23446, 7042, 21643, 7075, 7133, 20168]
07-20 16:30:28.244 23951 23951 I Monkey  : :Sending Key (ACTION_DOWN): 25    // KEYCODE_VOLUME_DOWN
07-20 16:30:28.244  1197 10340 I chatty  : uid=1000(system) Binder:1197_1F expire 25 lines
07-20 16:30:28.399  3129  3129 D KeyEvent: obtain, mHwFlags=0
07-20 16:30:28.399 23951 23951 I Monkey  : :Sending Key (ACTION_UP): 25    // KEYCODE_VOLUME_DOWN
07-20 16:30:28.408  3129  3129 D KeyEvent: obtain, mHwFlags=0
07-20 16:30:28.409 23951 23951 I Monkey  : Sleeping for 300 milliseconds
07-20 16:30:28.511   655   655 I GRALLOC : 	 shrFd=10,fmt=0x1,intFmt=0x1,btStrd=4352,size=1273856,pid=655 
07-20 16:30:28.511   655   655 I GRALLOC : 	 yuv=2,w=1080,h=290,Stride u=0 v=0,offset u=0 v=0 
07-20 16:30:28.511   655   655 I GRALLOC : 	 iova_size=1273856,conUsg=0x900,proUsg=0x900,	 strd=1088,[afbc]HdrStrd=0 PyldStrd=0 Scrmbl=0,ionhnd = 1 
07-20 16:30:28.515   655   655 I GRALLOC : 	 shrFd=10,fmt=0x1,intFmt=0x1,btStrd=4352,size=1273856,pid=655 
07-20 16:30:28.515   655   655 I GRALLOC : 	 yuv=2,w=1080,h=290,Stride u=0 v=0,offset u=0 v=0 
07-20 16:30:28.515   655   655 I GRALLOC : 	 iova_size=1273856,conUsg=0x900,proUsg=0x900,	 strd=1088,[afbc]HdrStrd=0 PyldStrd=0 Scrmbl=0,ionhnd = 1 
07-20 16:30:28.527   655   655 I GRALLOC : 	 shrFd=10,fmt=0x1,intFmt=0x1,btStrd=4352,size=1273856,pid=655 
07-20 16:30:28.527   655   655 I GRALLOC : 	 yuv=2,w=1080,h=290,Stride u=0 v=0,offset u=0 v=0 
07-20 16:30:28.527   655   655 I GRALLOC : 	 iova_size=1273856,conUsg=0xb00,proUsg=0xb00,	 strd=1088,[afbc]HdrStrd=0 PyldStrd=0 Scrmbl=0,ionhnd = 1 
07-20 16:30:28.712 23951 23951 I Monkey  : :Sending Touch (ACTION_DOWN): 0:(647.0,1719.0)
07-20 16:30:28.718 23951 23951 I Monkey  : :Sending Touch (ACTION_UP): 0:(638.768,1727.0685)
07-20 16:30:28.721   687  1134 E BufferQueueProducer: [com.jieshun.jslife/com.jieshun.jslife.activity.userinfo.ConsumeOrderDetailActivity#0] disconnect: not connected (req=1)
07-20 16:30:28.729 23951 23951 I Monkey  : Sleeping for 300 milliseconds
07-20 16:30:28.743   687   882 E BufferQueueProducer: [VolumeDialog#0] disconnect: not connected (req=1)
07-20 16:30:28.760  6101  6101 W ViewRootImpl[ConsumeOrderDetailActivity]: Dropping event due to root view being removed: MotionEvent { action=ACTION_UP, actionButton=0, id[0]=0, x[0]=473.768, y[0]=1106.0685, toolType[0]=TOOL_TYPE_UNKNOWN, buttonState=0, metaState=0, flags=0x0, edgeFlags=0x0, pointerCount=1, historySize=0, eventTime=27052711, downTime=27052706, deviceId=0, source=0x1002 }
07-20 16:30:28.795  2209  2461 W PhoneInterfaceManager: shouldBlockLocation running ...
07-20 16:30:28.803  3129  3129 I wangchen: SysInfo.getSysParam: orientation=1||config d=3.0,w=1080,h=1920||metrics d=3.0,w=1080,h=1920||sdk=26,bar_h=72
07-20 16:30:28.803  3129  3129 I KeymapLoader: w=1080 h=1920 ori=true appScale=3.3 s1=3.0
07-20 16:30:28.812  2209  2461 I PhoneInterfaceManager: shouldBlockLocation  ret:false
07-20 16:30:28.977   749  2144 D libgps  : proxy_gnss_sv_status_cb: called. num_svs(6)
07-20 16:30:28.995  1197  1207 I chatty  : uid=1000(system) HeapTaskDaemon expire 1 line
07-20 16:30:29.031 23951 23951 I Monkey  : :Sending Touch (ACTION_DOWN): 0:(359.0,582.0)
07-20 16:30:29.034 23951 23951 I Monkey  : :Sending Touch (ACTION_UP): 0:(347.0169,581.8872)
07-20 16:30:29.036 23951 23951 I Monkey  : Sleeping for 300 milliseconds
07-20 16:30:29.346 23951 23951 I Monkey  : :Sending Touch (ACTION_DOWN): 0:(512.0,610.0)
07-20 16:30:29.360 23951 23951 I Monkey  : :Sending Touch (ACTION_UP): 0:(509.14996,610.2886)
07-20 16:30:29.365 23951 23951 I Monkey  : Sleeping for 300 milliseconds
07-20 16:30:29.666 23951 23951 I Monkey  : :Switch: #Intent;action=android.intent.action.MAIN;category=android.intent.category.LAUNCHER;launchFlags=0x10200000;component=com.jieshun.jslife/.activity.common.WelcomeActivity;end
07-20 16:30:29.676  1197 10223 I chatty  : uid=1000(system) Binder:1197_1E expire 7 lines
07-20 16:30:29.683 23951 23951 I Monkey  :     // Allowing start of Intent { act=android.intent.action.MAIN cat=[android.intent.category.LAUNCHER] cmp=com.jieshun.jslife/.activity.common.WelcomeActivity } in package com.jieshun.jslife
07-20 16:30:29.686  2196  5500 I PGServer: android calls fast hibernateApps
07-20 16:30:29.686  2196  5500 I AppFastHibernation: fast hibernate duration: 1500 reason: start activity
07-20 16:30:29.686   746 10107 I Pged-IPgedBinderService: ****action is 1, pid num is 13***
07-20 16:30:29.686   746 10107 I Pged-Freezer: freezePids
07-20 16:30:29.686   746 10107 I Pged-Freezer: Freeze process: 18730
07-20 16:30:29.687   746 10107 I Pged-Freezer: Freeze process: 18021
07-20 16:30:29.687   746 10107 I Pged-Freezer: Freeze process: 18541
07-20 16:30:29.687 23951 23951 I Monkey  : Sleeping for 300 milliseconds
07-20 16:30:29.687   746 10107 I Pged-Freezer: Freeze process: 18417
07-20 16:30:29.688   746 10107 I Pged-Freezer: Freeze process: 18035
07-20 16:30:29.688   746 10107 I Pged-Freezer: Freeze process: 18301
07-20 16:30:29.688   746 10107 I Pged-Freezer: Freeze process: 23446
07-20 16:30:29.688   746 10107 I Pged-Freezer: Freeze process: 7042
07-20 16:30:29.689   746 10107 I Pged-Freezer: Freeze process: 21643
07-20 16:30:29.689   746 10107 I Pged-Freezer: Freeze process: 7075
07-20 16:30:29.689   746 10107 I Pged-Freezer: Freeze process: 7133
07-20 16:30:29.689   746 10107 I Pged-Freezer: Freeze process: 20168
07-20 16:30:29.690  2196  2750 D PgedBinderAdapter: frz ok, pid: [18730, 18021, 18541, 18417, 18035, 18301, 23446, 7042, 21643, 7075, 7133, 20168]
07-20 16:30:29.834  6101 20070 I chatty  : uid=10176(u0_a176) Smack Packet Wr expire 2 lines
07-20 16:30:29.870  6101 20071 I chatty  : uid=10176(u0_a176) Smack Packet Re expire 2 lines
07-20 16:30:29.962   749  2144 D libgps  : proxy_gnss_sv_status_cb: called. num_svs(6)
07-20 16:30:29.988 23951 23951 I Monkey  : :Switch: #Intent;action=android.intent.action.MAIN;category=android.intent.category.LAUNCHER;launchFlags=0x10200000;component=com.jieshun.jslife/.activity.common.WelcomeActivity;end
07-20 16:30:29.990  1197  2225 I chatty  : uid=1000(system) Binder:1197_A expire 4 lines
07-20 16:30:29.990 23951 23951 I Monkey  :     // Allowing start of Intent { act=android.intent.action.MAIN cat=[android.intent.category.LAUNCHER] cmp=com.jieshun.jslife/.activity.common.WelcomeActivity } in package com.jieshun.jslife
07-20 16:30:29.995 23951 23951 I Monkey  : Sleeping for 300 milliseconds
07-20 16:30:30.296 23951 23951 I Monkey  : :Sending Touch (ACTION_DOWN): 0:(414.0,942.0)
07-20 16:30:30.297 23951 23951 I Monkey  : :Sending Touch (ACTION_UP): 0:(414.00684,938.9001)
07-20 16:30:30.297 23951 23951 I Monkey  : Sleeping for 300 milliseconds
07-20 16:30:30.601 23951 23951 I Monkey  : :Sending Touch (ACTION_DOWN): 0:(421.0,1522.0)
07-20 16:30:30.603 23951 23951 I Monkey  : :Sending Touch (ACTION_UP): 0:(417.43726,1501.0698)
07-20 16:30:30.606 23951 23951 I Monkey  : Sleeping for 300 milliseconds
07-20 16:30:30.910 23951 23951 I Monkey  : :Sending Touch (ACTION_DOWN): 0:(675.0,85.0)
07-20 16:30:30.918 23951 23951 I Monkey  : :Sending Touch (ACTION_UP): 0:(678.59906,65.51483)
07-20 16:30:30.921 23951 23951 I Monkey  : Sleeping for 300 milliseconds
07-20 16:30:30.985   749  2144 D libgps  : proxy_gnss_sv_status_cb: called. num_svs(6)
07-20 16:30:31.194   746 10107 I Pged-IPgedBinderService: ****action is 2, pid num is 13***
07-20 16:30:31.194   746 10107 I Pged-Freezer: thawPids
07-20 16:30:31.208  2196  2750 D PgedBinderAdapter: unfrz ok, pid: [18730, 18021, 18541, 18417, 18035, 18301, 23446, 7042, 21643, 7075, 7133, 20168]
07-20 16:30:31.223 23951 23951 I Monkey  : :Sending Touch (ACTION_DOWN): 0:(980.0,382.0)
07-20 16:30:31.230 23951 23951 I Monkey  : :Sending Touch (ACTION_UP): 0:(982.84937,386.5476)
07-20 16:30:31.233 23951 23951 I Monkey  : Sleeping for 300 milliseconds
07-20 16:30:31.535 23951 23951 I Monkey  : :Sending Touch (ACTION_DOWN): 0:(355.0,1871.0)
07-20 16:30:31.539 23951 23951 I Monkey  : :Sending Touch (ACTION_UP): 0:(356.7215,1866.1163)
07-20 16:30:31.541 23951 23951 I Monkey  : Sleeping for 300 milliseconds
07-20 16:30:31.846 23951 23951 I Monkey  : :Sending Touch (ACTION_DOWN): 0:(895.0,1335.0)
07-20 16:30:31.853 23951 23951 I Monkey  : :Sending Touch (ACTION_UP): 0:(895.0458,1347.7931)
07-20 16:30:31.864 23951 23951 I Monkey  : Sleeping for 300 milliseconds
07-20 16:30:32.166 23951 23951 I Monkey  : :Sending Touch (ACTION_DOWN): 0:(397.0,1864.0)
07-20 16:30:32.173 23951 23951 I Monkey  : :Sending Touch (ACTION_MOVE): 0:(404.20407,1879.978)
07-20 16:30:32.176 23951 23951 I Monkey  : :Sending Touch (ACTION_MOVE): 0:(410.64035,1883.1831)
07-20 16:30:32.179 23951 23951 I Monkey  : :Sending Touch (ACTION_MOVE): 0:(421.34848,1896.8325)
07-20 16:30:32.182 23951 23951 I Monkey  : :Sending Touch (ACTION_MOVE): 0:(430.19727,1899.6976)
07-20 16:30:32.184 23951 23951 I Monkey  : :Sending Touch (ACTION_MOVE): 0:(436.1547,1909.8019)
07-20 16:30:32.188 23951 23951 I Monkey  : :Sending Touch (ACTION_MOVE): 0:(447.466,1910.6665)
07-20 16:30:32.190 23951 23951 I Monkey  : :Sending Touch (ACTION_MOVE): 0:(454.1947,1918.8607)
07-20 16:30:32.194 23951 23951 I Monkey  : :Sending Touch (ACTION_MOVE): 0:(463.57852,1920.0)
07-20 16:30:32.198 23951 23951 I Monkey  :     //[calendar_time:2018-07-20 16:30:32.197  system_uptime:38678914]
07-20 16:30:32.199 23951 23951 I Monkey  :     // Sending event #600
07-20 16:30:32.199 23951 23951 I Monkey  : :Sending Touch (ACTION_UP): 0:(465.05804,1920.0)
07-20 16:30:32.203 23951 23951 I Monkey  : Sleeping for 300 milliseconds
07-20 16:30:32.506 23951 23951 I Monkey  : :Sending Touch (ACTION_DOWN): 0:(624.0,633.0)
07-20 16:30:32.511 23951 23951 I Monkey  : :Sending Touch (ACTION_UP): 0:(624.0622,637.01526)
07-20 16:30:32.512  3157  3204 W libc    : Set property "ril.hw_modem0.rssi" to "-72"
07-20 16:30:32.515 23951 23951 I Monkey  : Sleeping for 300 milliseconds
07-20 16:30:32.523  2209  2209 W libc    : Set property "gsm.rssi.sim1" to "-72"
07-20 16:30:32.531  1197  1231 I chatty  : uid=1000(system) android.display expire 6 lines
07-20 16:30:31.994   749  2144 D libgps  : proxy_gnss_sv_status_cb: called. num_svs(6)
07-20 16:30:32.663  1197  1197 I chatty  : uid=1000 system_server expire 2 lines
07-20 16:30:32.670  2196  2196 I MsgReceiver: intent action: android.intent.action.BATTERY_CHANGED
07-20 16:30:32.671  3107 15661 I CloudAlbum[8.1.2.303]: [OperationUtil] cancelNotify
07-20 16:30:32.818 23951 23951 I Monkey  : :Sending Touch (ACTION_DOWN): 0:(321.0,322.0)
07-20 16:30:32.822  1197  1223 I chatty  : uid=1000(system) android.ui expire 73 lines
07-20 16:30:32.827 23951 23951 I Monkey  : :Sending Touch (ACTION_UP): 0:(306.10037,305.80692)
07-20 16:30:32.830 23951 23951 I Monkey  : Sleeping for 300 milliseconds
07-20 16:30:32.994   761   842 I chatty  : uid=1000(system) /vendor/bin/fusion_daemon expire 22 lines
07-20 16:30:32.995   761   841 I chatty  : uid=1000(system) /vendor/bin/fusion_daemon expire 45 lines
07-20 16:30:32.995   749  2144 D libgps  : proxy_gnss_sv_status_cb: called. num_svs(5)
07-20 16:30:33.103  3157  3204 W libc    : Set property "ril.hw_modem0.rssi" to "-74"
07-20 16:30:33.111  2209  2209 W libc    : Set property "gsm.rssi.sim1" to "-74"
07-20 16:30:33.133 23951 23951 I Monkey  : :Sending Touch (ACTION_DOWN): 0:(543.0,626.0)
07-20 16:30:33.140 23951 23951 I Monkey  : :Sending Touch (ACTION_UP): 0:(555.09656,620.89746)
07-20 16:30:33.143  6101  6101 I chatty  : uid=10176(u0_a176) com.jieshun.jslife expire 172 lines
07-20 16:30:33.143 23951 23951 I Monkey  : Sleeping for 300 milliseconds
07-20 16:30:33.448 23951 23951 I Monkey  : :Sending Touch (ACTION_DOWN): 0:(447.0,808.0)
07-20 16:30:33.452 23951 23951 I Monkey  : :Sending Touch (ACTION_UP): 0:(446.39874,808.0813)
07-20 16:30:33.458 23951 23951 I Monkey  : Sleeping for 300 milliseconds
07-20 16:30:33.694  3157  3204 W libc    : Set property "ril.hw_modem0.rssi" to "-72"
07-20 16:30:33.703  2209  2209 W libc    : Set property "gsm.rssi.sim1" to "-72"
07-20 16:30:33.761 23951 23951 I Monkey  : :Sending Touch (ACTION_DOWN): 0:(297.0,445.0)
07-20 16:30:33.769 23951 23951 I Monkey  : :Sending Touch (ACTION_UP): 0:(306.1618,443.48007)
07-20 16:30:33.773 23951 23951 I Monkey  : Sleeping for 300 milliseconds
07-20 16:30:33.813  2209  2461 W PhoneInterfaceManager: shouldBlockLocation running ...
07-20 16:30:33.833  2209  2461 I PhoneInterfaceManager: shouldBlockLocation  ret:false
07-20 16:30:34.031   749  2144 D libgps  : proxy_gnss_sv_status_cb: called. num_svs(5)
07-20 16:30:34.075 23951 23951 I Monkey  : :Sending Touch (ACTION_DOWN): 0:(155.0,1377.0)
07-20 16:30:34.081 23951 23951 I Monkey  : :Sending Touch (ACTION_UP): 0:(153.7442,1371.2302)
07-20 16:30:34.084 23951 23951 I Monkey  : Sleeping for 300 milliseconds
07-20 16:30:34.318  1766  1766 I chatty  : uid=10039(u0_a39) com.android.systemui expire 123 lines
