07-20 15:29:29.984  1197  3974 I chatty  : uid=1000(system) Binder:1197_18 expire 4 lines
07-20 15:29:44.264  1197  1219 I chatty  : uid=1000(system) android.bg expire 1 line
07-20 15:30:04.263   494   629 W SocketListener: sending broadcast to Pid = 1197, Uid = 1000 
07-20 15:30:04.264  1197  1630 I chatty  : uid=1000(system) NetdConnector expire 10 lines
07-20 15:30:09.418   494   629 W SocketListener: sending broadcast to Pid = 1197, Uid = 1000 
07-20 15:30:19.588   494   629 W SocketListener: sending broadcast to Pid = 1197, Uid = 1000 
07-20 15:30:19.597  1197  1229 I chatty  : uid=1000(system) android.fg expire 10 lines
07-20 15:30:19.606  1197  3974 I chatty  : uid=1000(system) Binder:1197_18 expire 6 lines
07-20 15:30:19.618  1197  1227 I chatty  : uid=1000(system) batterystats-sy expire 5 lines
07-20 15:30:30.198  1197  2116 I chatty  : uid=1000(system) watchdog expire 4 lines
07-20 15:30:42.854   494   629 W SocketListener: sending broadcast to Pid = 1197, Uid = 1000 
07-20 15:30:53.060   494   629 W SocketListener: sending broadcast to Pid = 1197, Uid = 1000 
07-20 15:30:53.288  1197  1197 I chatty  : uid=1000 system_server expire 22 lines
07-20 15:30:53.296  1197  1226 I chatty  : uid=1000(system) keyAppHanderThr expire 3 lines
07-20 15:30:53.298  1197  1222 I chatty  : uid=1000(system) ActivityManager expire 6 lines
07-20 15:30:53.377  1197  3976 I chatty  : uid=1000(system) Binder:1197_1A expire 6 lines
07-20 15:30:53.463  1197 10219 I chatty  : uid=1000(system) Binder:1197_1D expire 5 lines
07-20 15:30:53.500  1197 10361 I chatty  : uid=1000(system) Binder:1197_20 expire 18 lines
07-20 15:30:53.510  1197  3009 I chatty  : uid=1000(system) Binder:1197_10 expire 11 lines
07-20 15:30:53.548 15619 15619 D ActivityThread: ActivityThread,attachApplication
07-20 15:30:53.563   494   629 W SocketListener: sending broadcast to Pid = 1197, Uid = 1000 
07-20 15:30:53.565  1197  1630 I chatty  : uid=1000(system) NetdConnector expire 10 lines
07-20 15:30:53.724  1197  2276 I chatty  : uid=1000(system) Binder:1197_B expire 11 lines
07-20 15:30:53.735  1197  1906 I chatty  : uid=1000(system) Binder:1197_5 expire 3 lines
07-20 15:31:04.551   494   629 W SocketListener: sending broadcast to Pid = 1197, Uid = 1000 
07-20 15:31:04.573  1197  3009 I chatty  : uid=1000(system) Binder:1197_10 expire 11 lines
07-20 15:31:08.540  1197  1234 I chatty  : uid=1000(system) PowerManagerSer expire 12 lines
07-20 15:31:08.572  1197 10361 I chatty  : uid=1000(system) Binder:1197_20 expire 12 lines
07-20 15:31:14.192   494   629 W SocketListener: sending broadcast to Pid = 1197, Uid = 1000 
07-20 15:31:36.453   494   629 W SocketListener: sending broadcast to Pid = 1197, Uid = 1000 
07-20 15:31:36.473  1197  3009 I chatty  : uid=1000(system) Binder:1197_10 expire 3 lines
07-20 15:31:39.006   494   629 W SocketListener: sending broadcast to Pid = 1197, Uid = 1000 
07-20 15:31:49.862   494   629 W SocketListener: sending broadcast to Pid = 1197, Uid = 1000 
07-20 15:31:49.865  1197  1630 I chatty  : uid=1000(system) NetdConnector expire 4 lines
07-20 15:32:13.667   494   629 W SocketListener: sending broadcast to Pid = 1197, Uid = 1000 
07-20 15:32:14.353  1197  1392 I chatty  : uid=1000(system) InputReader expire 8 lines
07-20 15:32:14.365  1197  1377 I chatty  : uid=1000(system) fingerprintServ expire 6 lines
07-20 15:32:14.400  1197  1246 I chatty  : uid=1000(system) HwBinder:1197_1 expire 1 line
07-20 15:32:14.496  1197  1720 I chatty  : uid=1000(system) PhotonicModulat expire 2 lines
07-20 15:32:14.497  1197  1231 I chatty  : uid=1000(system) android.display expire 4 lines
07-20 15:32:14.508  1197  1367 I chatty  : uid=1000(system) android.anim expire 3 lines
07-20 15:32:14.510  1197  1394 I chatty  : uid=1000(system) StorageManagerS expire 2 lines
07-20 15:32:14.511   428   436 I vold    : TrimTask running tasks: 0
07-20 15:32:14.512  1197  1397 I chatty  : uid=1000(system) VoldConnector expire 1 line
07-20 15:32:14.514  1197  2843 I chatty  : uid=1000(system) Binder:1197_E expire 9 lines
07-20 15:32:14.522  1197  1647 I chatty  : uid=1000(system) WifiP2pService expire 3 lines
07-20 15:32:14.541  1197  1234 I chatty  : uid=1000(system) PowerManagerSer expire 8 lines
07-20 15:32:14.568  1197 10361 I chatty  : uid=1000(system) Binder:1197_20 expire 4 lines
07-20 15:32:14.702  1197  1223 I chatty  : uid=1000(system) android.ui expire 1 line
07-20 15:32:14.783  2936  2993 W SettingsEx: SettingsEx.Systemex.getInt deprecated use Settings.System.getInt instead ;callers=com.huawei.recsys.util.SystemUtil.getNotificationUpdateMode:169 com.huawei.recsys.util.SystemUtil.isAllowUpdate:104 com.huawei.recsys.controller.notification.http.NotificationUpdateController.startNotificationUpdate:85 
07-20 15:32:14.815  1197  2276 I chatty  : uid=1000(system) Binder:1197_B expire 1 line
07-20 15:32:14.828  2936 11786 W ContextImpl: Calling a method in the system process without a qualified user: android.app.ContextImpl.bindService:1736 android.content.ContextWrapper.bindService:678 com.huawei.nb.dataservice.dsclient.RemoteServiceConnection.open:90 com.huawei.nb.dataservice.dsclient.DataServiceProxy.connect:105 com.huawei.nb.dataservice.rsclient.internal.RemoteRuleService.start:27 
07-20 15:32:14.863  2936  2993 W SettingsEx: SettingsEx.Systemex.getInt deprecated use Settings.System.getInt instead ;callers=com.huawei.recsys.util.SystemUtil.getNotificationUpdateMode:169 com.huawei.recsys.util.SystemUtil.isAllowUpdate:104 com.huawei.recsys.controller.notification.http.NotificationUpdateController.startNotificationUpdate:85 
07-20 15:32:14.874  1197  1197 I chatty  : uid=1000 system_server expire 2 lines
07-20 15:32:15.922  1197  1391 I chatty  : uid=1000(system) InputDispatcher expire 7 lines
07-20 15:32:15.968  1197 10361 I chatty  : uid=1000(system) Binder:1197_20 expire 13 lines
07-20 15:32:15.984  1197  2276 I chatty  : uid=1000(system) Binder:1197_B expire 15 lines
07-20 15:32:16.015  1197  3976 I chatty  : uid=1000(system) Binder:1197_1A expire 1 line
07-20 15:32:16.025  1766  1766 V KeyguardStatusView: refresh statusview showing:true
07-20 15:32:16.028  1197  1377 I chatty  : uid=1000(system) fingerprintServ expire 10 lines
07-20 15:32:16.052  1197  1246 I chatty  : uid=1000(system) HwBinder:1197_1 expire 2 lines
07-20 15:32:16.070  1197  1223 I chatty  : uid=1000(system) android.ui expire 8 lines
07-20 15:32:16.078  1197  3974 I chatty  : uid=1000(system) Binder:1197_18 expire 10 lines
07-20 15:32:16.078  2117  2414 I HwNetworkPolicyManager: getHwUidPolicy uid = 10058 policy = 0
07-20 15:32:16.084  1197  1222 I chatty  : uid=1000(system) ActivityManager expire 5 lines
07-20 15:32:16.103  1766  1766 W FingerprintManager: Invalid acquired message: 6, 1001
07-20 15:32:16.440  1197  1367 I chatty  : uid=1000(system) android.anim expire 9 lines
07-20 15:32:23.930  1197  1234 I chatty  : uid=1000(system) PowerManagerSer expire 26 lines
07-20 15:32:26.148   494   629 W SocketListener: sending broadcast to Pid = 1197, Uid = 1000 
07-20 15:32:26.150  1197  1630 I chatty  : uid=1000(system) NetdConnector expire 4 lines
07-20 15:32:26.152  1197  1229 I chatty  : uid=1000(system) android.fg expire 2 lines
07-20 15:32:26.172  1197  1720 I chatty  : uid=1000(system) PhotonicModulat expire 4 lines
07-20 15:32:26.175  1197  2225 I chatty  : uid=1000(system) Binder:1197_A expire 15 lines
07-20 15:32:26.191  1197  1227 I chatty  : uid=1000(system) batterystats-sy expire 1 line
07-20 15:32:26.198  1197  3682 I chatty  : uid=1000(system) Binder:1197_11 expire 1 line
07-20 15:32:26.199  1197  1231 I chatty  : uid=1000(system) android.display expire 7 lines
07-20 15:32:26.225  1197  1197 I chatty  : uid=1000 system_server expire 32 lines
07-20 15:32:26.231  1197  2845 I chatty  : uid=1000(system) Binder:1197_F expire 3 lines
07-20 15:32:26.306  1197  1647 I chatty  : uid=1000(system) WifiP2pService expire 6 lines
07-20 15:32:26.450  1197  2760 I chatty  : uid=1000(system) HwDeviceUsageCo expire 1 line
07-20 15:32:26.731  2936 11788 W ContextImpl: Calling a method in the system process without a qualified user: android.app.ContextImpl.bindService:1736 android.content.ContextWrapper.bindService:678 com.huawei.nb.dataservice.dsclient.RemoteServiceConnection.open:90 com.huawei.nb.dataservice.dsclient.DataServiceProxy.connect:105 com.huawei.nb.dataservice.rsclient.internal.RemoteRuleService.start:27 
07-20 15:32:26.877  1197  3974 I chatty  : uid=1000(system) Binder:1197_18 expire 15 lines
07-20 15:32:26.934  2117  2414 I HwNetworkPolicyManager: getHwUidPolicy uid = 10132 policy = 0
07-20 15:32:26.948   494   629 W SocketListener: sending broadcast to Pid = 1197, Uid = 1000 
07-20 15:32:26.999  9977  9977 V ActivityThread: Finishing stop of ActivityRecord{ee06d04 token=android.os.BinderProxy@4b90f10 {com.tencent.qqmusic/com.tencent.qqmusic.business.lockscreennew.LockScreenActivity}}
07-20 15:32:30.209  1197  2116 I chatty  : uid=1000(system) watchdog expire 1 line
07-20 15:32:34.394  1197  1392 I chatty  : uid=1000(system) InputReader expire 8 lines
07-20 15:32:34.407  1197  1377 I chatty  : uid=1000(system) fingerprintServ expire 6 lines
07-20 15:32:34.416  1197  2843 I chatty  : uid=1000(system) Binder:1197_E expire 7 lines
07-20 15:32:34.492  1197  1394 I chatty  : uid=1000(system) StorageManagerS expire 2 lines
07-20 15:32:34.495   428   436 I vold    : TrimTask running tasks: 0
07-20 15:32:34.496  1197  1397 I chatty  : uid=1000(system) VoldConnector expire 1 line
07-20 15:32:34.507  1197  1211 I chatty  : uid=1000(system) Binder:1197_2 expire 1 line
07-20 15:32:34.541  1197 10361 I chatty  : uid=1000(system) Binder:1197_20 expire 3 lines
07-20 15:32:34.582  1197  1234 I chatty  : uid=1000(system) PowerManagerSer expire 26 lines
07-20 15:32:34.743  1197  1197 I chatty  : uid=1000 system_server expire 16 lines
07-20 15:32:34.744  1197  1367 I chatty  : uid=1000(system) android.anim expire 4 lines
07-20 15:32:34.746  1197  2843 I chatty  : uid=1000(system) Binder:1197_E expire 5 lines
07-20 15:32:34.753  1197 10361 I chatty  : uid=1000(system) Binder:1197_20 expire 6 lines
07-20 15:32:34.794  2936  2960 W SettingsEx: SettingsEx.Systemex.getInt deprecated use Settings.System.getInt instead ;callers=com.huawei.recsys.util.SystemUtil.getNotificationUpdateMode:169 com.huawei.recsys.util.SystemUtil.isAllowUpdate:104 com.huawei.recsys.controller.notification.http.NotificationUpdateController.startNotificationUpdate:85 
07-20 15:32:34.799  1197  1222 I chatty  : uid=1000(system) ActivityManager expire 15 lines
07-20 15:32:34.829  2936 15328 W ContextImpl: Calling a method in the system process without a qualified user: android.app.ContextImpl.bindService:1736 android.content.ContextWrapper.bindService:678 com.huawei.nb.dataservice.dsclient.RemoteServiceConnection.open:90 com.huawei.nb.dataservice.dsclient.DataServiceProxy.connect:105 com.huawei.nb.dataservice.rsclient.internal.RemoteRuleService.start:27 
07-20 15:32:34.835  1197  1211 I chatty  : uid=1000(system) Binder:1197_2 expire 2 lines
07-20 15:32:34.839  1197  3976 I chatty  : uid=1000(system) Binder:1197_1A expire 12 lines
07-20 15:32:34.874  2936  2993 W SettingsEx: SettingsEx.Systemex.getInt deprecated use Settings.System.getInt instead ;callers=com.huawei.recsys.util.SystemUtil.getNotificationUpdateMode:169 com.huawei.recsys.util.SystemUtil.isAllowUpdate:104 com.huawei.recsys.controller.notification.http.NotificationUpdateController.startNotificationUpdate:85 
07-20 15:32:36.008  1197  1720 I chatty  : uid=1000(system) PhotonicModulat expire 32 lines
07-20 15:32:39.545  1197  1223 I chatty  : uid=1000(system) android.ui expire 2 lines
07-20 15:32:44.494  1197  2225 I chatty  : uid=1000(system) Binder:1197_A expire 5 lines
07-20 15:32:44.513  1197  1377 I chatty  : uid=1000(system) fingerprintServ expire 10 lines
07-20 15:32:44.527  9977  9977 V ActivityThread: Finishing stop of ActivityRecord{ee06d04 token=android.os.BinderProxy@4b90f10 {com.tencent.qqmusic/com.tencent.qqmusic.business.lockscreennew.LockScreenActivity}}
07-20 15:32:44.604  1197  1231 I chatty  : uid=1000(system) android.display expire 7 lines
07-20 15:32:44.701  1197  1246 I chatty  : uid=1000(system) HwBinder:1197_1 expire 2 lines
07-20 15:32:44.743  1197  3974 I chatty  : uid=1000(system) Binder:1197_18 expire 17 lines
07-20 15:32:44.753  1766  1766 W FingerprintManager: Invalid acquired message: 6, 1001
07-20 15:32:44.768  1197  1647 I chatty  : uid=1000(system) WifiP2pService expire 3 lines
07-20 15:32:44.874  1197  2760 I chatty  : uid=1000(system) HwDeviceUsageCo expire 1 line
07-20 15:32:45.065  1197  1234 I chatty  : uid=1000(system) PowerManagerSer expire 4 lines
07-20 15:32:45.172  2936 15370 W ContextImpl: Calling a method in the system process without a qualified user: android.app.ContextImpl.bindService:1736 android.content.ContextWrapper.bindService:678 com.huawei.nb.dataservice.dsclient.RemoteServiceConnection.open:90 com.huawei.nb.dataservice.dsclient.DataServiceProxy.connect:105 com.huawei.nb.dataservice.rsclient.internal.RemoteRuleService.start:27 
07-20 15:32:45.208  1197  1222 I chatty  : uid=1000(system) ActivityManager expire 17 lines
07-20 15:32:45.265  1197  2276 I chatty  : uid=1000(system) Binder:1197_B expire 7 lines
07-20 15:32:45.325  9977  9977 V ActivityThread: Finishing stop of ActivityRecord{ee06d04 token=android.os.BinderProxy@4b90f10 {com.tencent.qqmusic/com.tencent.qqmusic.business.lockscreennew.LockScreenActivity}}
07-20 15:32:52.450  2936  2948 W SettingsEx: SettingsEx.Systemex.getInt deprecated use Settings.System.getInt instead ;callers=com.huawei.recsys.util.SystemUtil.getNotificationUpdateMode:169 com.huawei.recsys.util.SystemUtil.isAllowUpdate:104 com.huawei.recsys.controller.notification.http.NotificationUpdateController.startNotificationUpdate:85 
07-20 15:32:52.602  2936  2948 I chatty  : uid=1000(system) Binder:2936_2 identical 4 lines
07-20 15:32:52.669  2936  2948 W SettingsEx: SettingsEx.Systemex.getInt deprecated use Settings.System.getInt instead ;callers=com.huawei.recsys.util.SystemUtil.getNotificationUpdateMode:169 com.huawei.recsys.util.SystemUtil.isAllowUpdate:104 com.huawei.recsys.controller.notification.http.NotificationUpdateController.startNotificationUpdate:85 
07-20 15:32:52.707   494   631 W SocketListener: sending broadcast to Pid = 1197, Uid = 1000 
07-20 15:32:52.708  1197  1630 I chatty  : uid=1000(system) NetdConnector expire 10 lines
07-20 15:32:52.710  1197  1229 I chatty  : uid=1000(system) android.fg expire 5 lines
07-20 15:32:52.713  1197  2845 I chatty  : uid=1000(system) Binder:1197_F expire 4 lines
07-20 15:32:52.717  1197  1631 I chatty  : uid=1000(system) NetworkStats expire 5 lines
07-20 15:32:52.759  1197  2224 I chatty  : uid=1000(system) Binder:1197_9 expire 7 lines
07-20 15:33:00.211  1197  2116 I chatty  : uid=1000(system) watchdog expire 5 lines
07-20 15:33:03.047   494   629 W SocketListener: sending broadcast to Pid = 1197, Uid = 1000 
07-20 15:33:03.075  1197  1227 I chatty  : uid=1000(system) batterystats-sy expire 2 lines
07-20 15:34:03.087  1197  1197 I chatty  : uid=1000 system_server expire 9 lines
07-20 15:34:07.964   494   629 W SocketListener: sending broadcast to Pid = 1197, Uid = 1000 
07-20 15:34:23.798  2936  2948 W SettingsEx: SettingsEx.Systemex.getInt deprecated use Settings.System.getInt instead ;callers=com.huawei.recsys.util.SystemUtil.getNotificationUpdateMode:169 com.huawei.recsys.util.SystemUtil.isAllowUpdate:104 com.huawei.recsys.controller.notification.http.NotificationUpdateController.startNotificationUpdate:85 
07-20 15:34:24.116  2936  2948 W SettingsEx: SettingsEx.Systemex.getInt deprecated use Settings.System.getInt instead ;callers=com.huawei.recsys.util.SystemUtil.getNotificationUpdateMode:169 com.huawei.recsys.util.SystemUtil.isAllowUpdate:104 com.huawei.recsys.controller.notification.http.NotificationUpdateController.startNotificationUpdate:85 
07-20 15:34:34.375   494   629 W SocketListener: sending broadcast to Pid = 1197, Uid = 1000 
07-20 15:34:34.378  1197  1630 I chatty  : uid=1000(system) NetdConnector expire 4 lines
07-20 15:35:09.066   494   629 W SocketListener: sending broadcast to Pid = 1197, Uid = 1000 
07-20 15:35:09.676  1197  3009 I chatty  : uid=1000(system) Binder:1197_10 expire 1 line
07-20 15:35:12.467   739   804 E /system/bin/storaged: pid_info get_pids failed
07-20 15:35:14.327  1197  1377 I chatty  : uid=1000(system) fingerprintServ expire 2 lines
07-20 15:35:14.330  1197  3974 I chatty  : uid=1000(system) Binder:1197_18 expire 9 lines
07-20 15:35:14.336  1197  3976 I chatty  : uid=1000(system) Binder:1197_1A expire 2 lines
07-20 15:35:14.336  1766  1766 W FingerprintManager: Invalid acquired message: 6, 1002
07-20 15:35:14.355  1197  1720 I chatty  : uid=1000(system) PhotonicModulat expire 2 lines
07-20 15:35:14.357  1197  1197 I chatty  : uid=1000 system_server expire 29 lines
07-20 15:35:14.358  1197  1367 I chatty  : uid=1000(system) android.anim expire 6 lines
07-20 15:35:14.361  1197  3974 I chatty  : uid=1000(system) Binder:1197_18 expire 15 lines
07-20 15:35:14.365  1197  2845 I chatty  : uid=1000(system) Binder:1197_F expire 17 lines
07-20 15:35:14.365  1197  3976 I chatty  : uid=1000(system) Binder:1197_1A expire 24 lines
07-20 15:35:14.388  1197  1630 I chatty  : uid=1000(system) NetdConnector expire 10 lines
07-20 15:35:14.448  1197  1246 I chatty  : uid=1000(system) HwBinder:1197_1 expire 2 lines
07-20 15:35:14.448  1197  1377 I chatty  : uid=1000(system) fingerprintServ expire 6 lines
07-20 15:35:14.508  1197  1234 I chatty  : uid=1000(system) PowerManagerSer expire 13 lines
07-20 15:35:14.546  1197  1231 I chatty  : uid=1000(system) android.display expire 3 lines
07-20 15:35:14.546  1197  1223 I chatty  : uid=1000(system) android.ui expire 3 lines
07-20 15:35:14.626  1766  1766 V KeyguardDisplayManager: hide
07-20 15:35:14.627  1766  1766 V KeyguardViewMediator: updateInputRestrictedLocked 1 isInputApp = false, inputRestricted = false
07-20 15:35:14.628  3986  3986 V ActivityThread: Handle window ActivityRecord{d5bd12d token=android.os.BinderProxy@225b823 {com.huawei.android.launcher/com.huawei.android.launcher.unihome.UniHomeLauncher}} visibility: true
07-20 15:35:14.632  1197  3009 I chatty  : uid=1000(system) Binder:1197_10 expire 19 lines
07-20 15:35:14.635  2150 15696 D FaceRecognizeService: resetTimeout begin!
07-20 15:35:14.636  2150  2447 E FaceRecognizeService: handleMessage EVT = 1002
07-20 15:35:14.636  2150  2447 D AntiBruteForceProcessor: Reset facerecognize lockout, clearAttemptCounter=true
07-20 15:35:14.637  2150  2447 D AntiBruteForceProcessor: resetTotalFailedTimes current total times = 0
07-20 15:35:14.684  1197  3685 I chatty  : uid=1000(system) Binder:1197_12 expire 3 lines
07-20 15:35:14.684  2117  2414 I HwNetworkPolicyManager: getHwUidPolicy uid = 10058 policy = 0
07-20 15:35:14.728  1197  2224 I chatty  : uid=1000(system) Binder:1197_9 expire 10 lines
07-20 15:35:14.736  1197  1394 I chatty  : uid=1000(system) StorageManagerS expire 2 lines
07-20 15:35:14.737   428   436 I vold    : TrimTask running tasks: 0
07-20 15:35:14.738  1197  1397 I chatty  : uid=1000(system) VoldConnector expire 1 line
07-20 15:35:14.744  1197  1647 I chatty  : uid=1000(system) WifiP2pService expire 9 lines
07-20 15:35:14.837  1197 10361 I chatty  : uid=1000(system) Binder:1197_20 expire 7 lines
07-20 15:35:14.844  1197  1222 I chatty  : uid=1000(system) ActivityManager expire 6 lines
07-20 15:35:14.845  1197  1211 I chatty  : uid=1000(system) Binder:1197_2 expire 6 lines
07-20 15:35:14.855  1197  2843 I chatty  : uid=1000(system) Binder:1197_E expire 8 lines
07-20 15:35:14.855  1766 15584 I CommandQueue: updateBarBgColor
07-20 15:35:14.856  1766 15584 D CommandQueue: CommandQueue, setBarBackgroundColor
07-20 15:35:14.898  1197  2225 I chatty  : uid=1000(system) Binder:1197_A expire 10 lines
07-20 15:35:14.928  2936  2948 W SettingsEx: SettingsEx.Systemex.getInt deprecated use Settings.System.getInt instead ;callers=com.huawei.recsys.util.SystemUtil.getNotificationUpdateMode:169 com.huawei.recsys.util.SystemUtil.isAllowUpdate:104 com.huawei.recsys.controller.notification.http.NotificationUpdateController.startNotificationUpdate:85 
07-20 15:35:15.013  1197 10340 I chatty  : uid=1000(system) Binder:1197_1F expire 18 lines
07-20 15:35:15.013  9977  9977 D ActivityThread: Remove activity client record, r= ActivityRecord{ee06d04 token=android.os.BinderProxy@4b90f10 {com.tencent.qqmusic/com.tencent.qqmusic.business.lockscreennew.LockScreenActivity}} token= android.os.BinderProxy@4b90f10
07-20 15:35:15.038  1197  2276 I chatty  : uid=1000(system) Binder:1197_B expire 11 lines
07-20 15:35:15.075  2936 15682 W ContextImpl: Calling a method in the system process without a qualified user: android.app.ContextImpl.bindService:1736 android.content.ContextWrapper.bindService:678 com.huawei.nb.dataservice.dsclient.RemoteServiceConnection.open:90 com.huawei.nb.dataservice.dsclient.DataServiceProxy.connect:105 com.huawei.nb.dataservice.rsclient.internal.RemoteRuleService.start:27 
07-20 15:35:15.151 15822 15822 D ActivityThread: ActivityThread,attachApplication
07-20 15:35:15.250  2936  2960 W SettingsEx: SettingsEx.Systemex.getInt deprecated use Settings.System.getInt instead ;callers=com.huawei.recsys.util.SystemUtil.getNotificationUpdateMode:169 com.huawei.recsys.util.SystemUtil.isAllowUpdate:104 com.huawei.recsys.controller.notification.http.NotificationUpdateController.startNotificationUpdate:85 
07-20 15:35:15.423  1197  3009 I chatty  : uid=1000(system) Binder:1197_10 expire 6 lines
07-20 15:35:15.455  1197  3976 I chatty  : uid=1000(system) Binder:1197_1A expire 18 lines
07-20 15:35:15.458  1197  2843 I chatty  : uid=1000(system) Binder:1197_E expire 4 lines
07-20 15:35:15.460  1197  1197 I chatty  : uid=1000 system_server expire 22 lines
07-20 15:35:15.514  2936  2960 W SettingsEx: SettingsEx.Systemex.getInt deprecated use Settings.System.getInt instead ;callers=com.huawei.recsys.util.SystemUtil.getNotificationUpdateMode:169 com.huawei.recsys.util.SystemUtil.isAllowUpdate:104 com.huawei.recsys.controller.notification.http.NotificationUpdateController.startNotificationUpdate:85 
07-20 15:35:15.743  1197 10340 I chatty  : uid=1000(system) Binder:1197_1F expire 3 lines
07-20 15:35:15.763  1197  1367 I chatty  : uid=1000(system) android.anim expire 11 lines
07-20 15:35:15.785  1197  1211 I chatty  : uid=1000(system) Binder:1197_2 expire 18 lines
07-20 15:35:15.794  1197  1223 I chatty  : uid=1000(system) android.ui expire 3 lines
07-20 15:35:15.799  1197  1906 I chatty  : uid=1000(system) Binder:1197_5 expire 12 lines
07-20 15:35:15.799  2117  2414 I HwNetworkPolicyManager: getHwUidPolicy uid = 10122 policy = 0
07-20 15:35:15.826  1766  9096 I CommandQueue: updateBarBgColor
07-20 15:35:15.827  1766  9096 D CommandQueue: CommandQueue, setBarBackgroundColor
07-20 15:35:15.917  1197  1231 I chatty  : uid=1000(system) android.display expire 2 lines
07-20 15:35:15.951  1197  1219 I chatty  : uid=1000(system) android.bg expire 15 lines
07-20 15:35:16.754  1197  3974 I chatty  : uid=1000(system) Binder:1197_18 expire 20 lines
07-20 15:35:18.308  1197  1234 I chatty  : uid=1000(system) PowerManagerSer expire 1 line
07-20 15:35:18.328  1197  1720 I chatty  : uid=1000(system) PhotonicModulat expire 81 lines
07-20 15:35:22.839  1197  1229 I chatty  : uid=1000(system) android.fg expire 1 line
07-20 15:35:23.738  1197  1392 I chatty  : uid=1000(system) InputReader expire 1 line
07-20 15:35:23.751  1197  1391 I chatty  : uid=1000(system) InputDispatcher expire 6 lines
07-20 15:35:24.068  1197  1367 I chatty  : uid=1000(system) android.anim expire 14 lines
07-20 15:35:24.102  1197  1720 I chatty  : uid=1000(system) PhotonicModulat expire 141 lines
07-20 15:35:25.073  1197  3685 I chatty  : uid=1000(system) Binder:1197_12 expire 21 lines
07-20 15:35:25.119  1197  1211 I chatty  : uid=1000(system) Binder:1197_2 expire 16 lines
07-20 15:35:26.482  1197  1234 I chatty  : uid=1000(system) PowerManagerSer expire 2 lines
07-20 15:35:26.882  1197  2845 I chatty  : uid=1000(system) Binder:1197_F expire 2 lines
07-20 15:35:26.920  1197  1223 I chatty  : uid=1000(system) android.ui expire 3 lines
07-20 15:35:26.928  1197 10219 I chatty  : uid=1000(system) Binder:1197_1D expire 12 lines
07-20 15:35:26.928  2117  2414 I HwNetworkPolicyManager: getHwUidPolicy uid = 10058 policy = 0
07-20 15:35:26.930  1197  3776 I chatty  : uid=1000(system) Binder:1197_16 expire 4 lines
07-20 15:35:26.931  1766  9096 I CommandQueue: updateBarBgColor
07-20 15:35:26.931  1766  9096 D CommandQueue: CommandQueue, setBarBackgroundColor
07-20 15:35:26.936  3986  3986 W ViewRootImpl[UniHomeLauncher]: Cancelling event due to no window focus: KeyEvent { action=ACTION_UP, keyCode=KEYCODE_BACK, scanCode=158, metaState=0, flags=0x28, hwFlags=0x0, repeatCount=0, eventTime=24333250, downTime=24333082, deviceId=6, source=0x101 }
07-20 15:35:26.936  3986  3986 I chatty  : uid=10058(u0_a58) com.huawei.android.launcher identical 7 lines
07-20 15:35:26.936  3986  3986 W ViewRootImpl[UniHomeLauncher]: Cancelling event due to no window focus: KeyEvent { action=ACTION_UP, keyCode=KEYCODE_BACK, scanCode=158, metaState=0, flags=0x28, hwFlags=0x0, repeatCount=0, eventTime=24333250, downTime=24333082, deviceId=6, source=0x101 }
07-20 15:35:27.852  1197  2276 I chatty  : uid=1000(system) Binder:1197_B expire 6 lines
07-20 15:35:27.879  2117  2414 I HwNetworkPolicyManager: getHwUidPolicy uid = 10122 policy = 0
07-20 15:35:27.908  1766  9096 I CommandQueue: updateBarBgColor
07-20 15:35:27.908  1766  9096 D CommandQueue: CommandQueue, setBarBackgroundColor
07-20 15:35:27.987  1197  1231 I chatty  : uid=1000(system) android.display expire 2 lines
07-20 15:35:28.069  1197  3009 I chatty  : uid=1000(system) Binder:1197_10 expire 2 lines
07-20 15:35:28.122  1197  1720 I chatty  : uid=1000(system) PhotonicModulat expire 201 lines
07-20 15:35:28.171  1197  1367 I chatty  : uid=1000(system) android.anim expire 5 lines
07-20 15:35:28.871  1197  1211 I chatty  : uid=1000(system) Binder:1197_2 expire 7 lines
07-20 15:35:28.875  1197  3685 I chatty  : uid=1000(system) Binder:1197_12 expire 1 line
07-20 15:35:28.901  1197  3776 I chatty  : uid=1000(system) Binder:1197_16 expire 6 lines
07-20 15:35:28.963  1197 10219 I chatty  : uid=1000(system) Binder:1197_1D expire 4 lines
07-20 15:35:29.255  1197  1223 I chatty  : uid=1000(system) android.ui expire 2 lines
07-20 15:35:30.222  1197  2116 I chatty  : uid=1000(system) watchdog expire 1 line
07-20 15:35:30.327  1197  2276 I chatty  : uid=1000(system) Binder:1197_B expire 1 line
07-20 15:35:30.352  1197  1197 I chatty  : uid=1000 system_server expire 1 line
07-20 15:35:30.356  1197  1234 I chatty  : uid=1000(system) PowerManagerSer expire 11 lines
07-20 15:35:31.910  1197  1720 I chatty  : uid=1000(system) PhotonicModulat expire 3 lines
07-20 15:35:32.291  1197  3009 I chatty  : uid=1000(system) Binder:1197_10 expire 1 line
07-20 15:35:33.299  1197 10219 I chatty  : uid=1000(system) Binder:1197_1D expire 4 lines
07-20 15:35:38.907  1197  3776 I chatty  : uid=1000(system) Binder:1197_16 expire 7 lines
07-20 15:35:38.964  1197 10361 I chatty  : uid=1000(system) Binder:1197_20 expire 29 lines
07-20 15:35:39.012   494   629 W SocketListener: sending broadcast to Pid = 1197, Uid = 1000 
07-20 15:35:39.013  1197  1630 I chatty  : uid=1000(system) NetdConnector expire 12 lines
07-20 15:35:39.014  1197  1229 I chatty  : uid=1000(system) android.fg expire 3 lines
07-20 15:35:39.040  1197  1227 I chatty  : uid=1000(system) batterystats-sy expire 1 line
07-20 15:35:39.041   494   629 W SocketListener: sending broadcast to Pid = 1197, Uid = 1000 
07-20 15:35:39.469  1197  1197 I chatty  : uid=1000 system_server expire 13 lines
07-20 15:35:41.481  1197  1391 I chatty  : uid=1000(system) InputDispatcher expire 2 lines
07-20 15:35:43.419  1197  1392 I chatty  : uid=1000(system) InputReader expire 10 lines
07-20 15:35:43.708  1197  1377 I chatty  : uid=1000(system) fingerprintServ expire 11 lines
07-20 15:35:43.728  5399  5399 V ActivityThread: Finishing stop of ActivityRecord{cce8105 token=android.os.BinderProxy@5e2a59e {com.tencent.mm/com.tencent.mm.ui.LauncherUI}}
07-20 15:35:43.781  1197  1246 I chatty  : uid=1000(system) HwBinder:1197_1 expire 1 line
07-20 15:35:43.783  1766  1766 W FingerprintManager: Invalid acquired message: 6, 1001
07-20 15:35:43.792  1197  1231 I chatty  : uid=1000(system) android.display expire 10 lines
07-20 15:35:43.813  1197  2845 I chatty  : uid=1000(system) Binder:1197_F expire 7 lines
07-20 15:35:43.833  1197  1211 I chatty  : uid=1000(system) Binder:1197_2 expire 10 lines
07-20 15:35:43.834  1766  1766 V KeyguardViewMediator: updateInputRestrictedLocked 1 isInputApp = false, inputRestricted = true
07-20 15:35:43.852  1197  1234 I chatty  : uid=1000(system) PowerManagerSer expire 11 lines
07-20 15:35:43.873  1197  1647 I chatty  : uid=1000(system) WifiP2pService expire 3 lines
07-20 15:35:43.949  1197  3767 I chatty  : uid=1000(system) Binder:1197_14 expire 18 lines
07-20 15:35:43.975  1197  2579 I chatty  : uid=1000(system) Binder:1197_C expire 30 lines
07-20 15:35:43.999  1197  1223 I chatty  : uid=1000(system) android.ui expire 3 lines
07-20 15:35:44.051  1766  1766 V KeyguardStatusView: refresh statusview showing:true
07-20 15:35:44.056  1766  1766 V KeyguardDisplayManager: show
07-20 15:35:44.067  2150  2482 D AntiBruteForceProcessor: RemainingAuthenticateNum = 5
07-20 15:35:44.308  5399  5399 V ActivityThread: Handle window ActivityRecord{cce8105 token=android.os.BinderProxy@5e2a59e {com.tencent.mm/com.tencent.mm.ui.LauncherUI}} visibility: false
07-20 15:35:44.508  1197  1367 I chatty  : uid=1000(system) android.anim expire 5 lines
07-20 15:35:44.567  1197  2760 I chatty  : uid=1000(system) HwDeviceUsageCo expire 1 line
07-20 15:35:44.847  2936 18321 W ContextImpl: Calling a method in the system process without a qualified user: android.app.ContextImpl.bindService:1736 android.content.ContextWrapper.bindService:678 com.huawei.nb.dataservice.dsclient.RemoteServiceConnection.open:90 com.huawei.nb.dataservice.dsclient.DataServiceProxy.connect:105 com.huawei.nb.dataservice.rsclient.internal.RemoteRuleService.start:27 
07-20 15:35:45.303  1197  3975 I chatty  : uid=1000(system) Binder:1197_19 expire 9 lines
07-20 15:35:45.303  2117  2414 I HwNetworkPolicyManager: getHwUidPolicy uid = 10132 policy = 0
07-20 15:35:45.303  9977  9977 V ActivityThread: ActivityThread,callActivityOnCreate
07-20 15:35:45.338  1197  1222 I chatty  : uid=1000(system) ActivityManager expire 2 lines
07-20 15:35:45.354  9977  9977 D ActivityThread: add activity client record, r= ActivityRecord{7c9c1c0 token=android.os.BinderProxy@b51ee78 {com.tencent.qqmusic/com.tencent.qqmusic.business.lockscreennew.LockScreenActivity}} token= android.os.BinderProxy@b51ee78
07-20 15:35:45.388  9977  9977 V ActivityThread: Handle window ActivityRecord{7c9c1c0 token=android.os.BinderProxy@b51ee78 {com.tencent.qqmusic/com.tencent.qqmusic.business.lockscreennew.LockScreenActivity}} visibility: true
07-20 15:35:45.388  9977  9977 V ActivityThread: Finishing stop of ActivityRecord{7c9c1c0 token=android.os.BinderProxy@b51ee78 {com.tencent.qqmusic/com.tencent.qqmusic.business.lockscreennew.LockScreenActivity}}
07-20 15:35:45.407  1766  9096 I CommandQueue: updateBarBgColor
07-20 15:35:45.407  1766  9096 D CommandQueue: CommandQueue, setBarBackgroundColor
07-20 15:35:48.452  2936  2948 W SettingsEx: SettingsEx.Systemex.getInt deprecated use Settings.System.getInt instead ;callers=com.huawei.recsys.util.SystemUtil.getNotificationUpdateMode:169 com.huawei.recsys.util.SystemUtil.isAllowUpdate:104 com.huawei.recsys.controller.notification.http.NotificationUpdateController.startNotificationUpdate:85 
07-20 15:35:48.629  2936  2948 I chatty  : uid=1000(system) Binder:2936_2 identical 2 lines
07-20 15:35:48.689  2936  2948 W SettingsEx: SettingsEx.Systemex.getInt deprecated use Settings.System.getInt instead ;callers=com.huawei.recsys.util.SystemUtil.getNotificationUpdateMode:169 com.huawei.recsys.util.SystemUtil.isAllowUpdate:104 com.huawei.recsys.controller.notification.http.NotificationUpdateController.startNotificationUpdate:85 
07-20 15:35:48.814   494   631 W SocketListener: sending broadcast to Pid = 1197, Uid = 1000 
07-20 15:35:48.846  1197  1631 I chatty  : uid=1000(system) NetworkStats expire 5 lines
07-20 15:35:49.231  1197  1210 I chatty  : uid=1000(system) Binder:1197_1 expire 13 lines
07-20 15:35:58.225  1197  2579 I chatty  : uid=1000(system) Binder:1197_C expire 4 lines
07-20 15:35:58.226  1197  3975 I chatty  : uid=1000(system) Binder:1197_19 expire 9 lines
07-20 15:35:58.243  1197  1234 I chatty  : uid=1000(system) PowerManagerSer expire 16 lines
07-20 15:35:58.252  1197  1377 I chatty  : uid=1000(system) fingerprintServ expire 23 lines
07-20 15:35:58.253  1197  1246 I chatty  : uid=1000(system) HwBinder:1197_1 expire 5 lines
07-20 15:35:58.304  1197  1222 I chatty  : uid=1000(system) ActivityManager expire 5 lines
07-20 15:35:58.306  1197  1367 I chatty  : uid=1000(system) android.anim expire 9 lines
07-20 15:35:58.310  1197  1197 I chatty  : uid=1000 system_server expire 21 lines
07-20 15:35:58.319  1197  1394 I chatty  : uid=1000(system) StorageManagerS expire 2 lines
07-20 15:35:58.320  1197  1720 I chatty  : uid=1000(system) PhotonicModulat expire 33 lines
07-20 15:35:58.320   428   436 I vold    : TrimTask running tasks: 0
07-20 15:35:58.320  1197  1231 I chatty  : uid=1000(system) android.display expire 4 lines
07-20 15:35:58.320  1197  1397 I chatty  : uid=1000(system) VoldConnector expire 1 line
07-20 15:35:58.338  1197  1211 I chatty  : uid=1000(system) Binder:1197_2 expire 27 lines
07-20 15:35:58.338  1197  3767 I chatty  : uid=1000(system) Binder:1197_14 expire 20 lines
07-20 15:35:58.343  1197  1647 I chatty  : uid=1000(system) WifiP2pService expire 3 lines
07-20 15:35:58.379  1197  3776 I chatty  : uid=1000(system) Binder:1197_16 expire 12 lines
07-20 15:35:58.430  1197  3974 I chatty  : uid=1000(system) Binder:1197_18 expire 1 line
07-20 15:35:58.522  2936  2948 W SettingsEx: SettingsEx.Systemex.getInt deprecated use Settings.System.getInt instead ;callers=com.huawei.recsys.util.SystemUtil.getNotificationUpdateMode:169 com.huawei.recsys.util.SystemUtil.isAllowUpdate:104 com.huawei.recsys.controller.notification.http.NotificationUpdateController.startNotificationUpdate:85 
07-20 15:35:58.545  1197  1223 I chatty  : uid=1000(system) android.ui expire 4 lines
07-20 15:35:58.552  1197  1374 I chatty  : uid=1000(system) Binder:1197_3 expire 1 line
07-20 15:35:58.620  2936 18342 W ContextImpl: Calling a method in the system process without a qualified user: android.app.ContextImpl.bindService:1736 android.content.ContextWrapper.bindService:678 com.huawei.nb.dataservice.dsclient.RemoteServiceConnection.open:90 com.huawei.nb.dataservice.dsclient.DataServiceProxy.connect:105 com.huawei.nb.dataservice.rsclient.internal.RemoteRuleService.start:27 
07-20 15:35:58.797  2936  2960 W SettingsEx: SettingsEx.Systemex.getInt deprecated use Settings.System.getInt instead ;callers=com.huawei.recsys.util.SystemUtil.getNotificationUpdateMode:169 com.huawei.recsys.util.SystemUtil.isAllowUpdate:104 com.huawei.recsys.controller.notification.http.NotificationUpdateController.startNotificationUpdate:85 
07-20 15:35:58.995  2936  2960 W SettingsEx: SettingsEx.Systemex.getInt deprecated use Settings.System.getInt instead ;callers=com.huawei.recsys.util.SystemUtil.getNotificationUpdateMode:169 com.huawei.recsys.util.SystemUtil.isAllowUpdate:104 com.huawei.recsys.controller.notification.http.NotificationUpdateController.startNotificationUpdate:85 
07-20 15:35:59.526  1197  1391 I chatty  : uid=1000(system) InputDispatcher expire 7 lines
07-20 15:35:59.582  1197  2225 I chatty  : uid=1000(system) Binder:1197_A expire 2 lines
07-20 15:35:59.605  1766  1766 V KeyguardStatusView: refresh statusview showing:true
07-20 15:35:59.651  1197  2845 I chatty  : uid=1000(system) Binder:1197_F expire 1 line
07-20 15:35:59.651  2117  2414 I HwNetworkPolicyManager: getHwUidPolicy uid = 10058 policy = 0
07-20 15:35:59.689  1766  1766 W FingerprintManager: Invalid acquired message: 6, 1001
07-20 15:36:00.200  1766  1766 W FingerprintManager: Invalid acquired message: 6, 1002
07-20 15:36:00.224  1197  2116 I chatty  : uid=1000(system) watchdog expire 1 line
07-20 15:36:00.515  1197 10340 I chatty  : uid=1000(system) Binder:1197_1F expire 8 lines
07-20 15:36:00.516  2150  2482 D FaceRecognizeService: resetTimeout begin!
07-20 15:36:00.516  2150  2447 E FaceRecognizeService: handleMessage EVT = 1002
07-20 15:36:00.516  2150  2447 D AntiBruteForceProcessor: Reset facerecognize lockout, clearAttemptCounter=true
07-20 15:36:00.517  2150  2447 D AntiBruteForceProcessor: resetTotalFailedTimes current total times = 0
07-20 15:36:00.592  1766  1766 V KeyguardDisplayManager: hide
07-20 15:36:00.593  1766  1766 V KeyguardViewMediator: updateInputRestrictedLocked 1 isInputApp = false, inputRestricted = false
07-20 15:36:00.608  1197  1630 I chatty  : uid=1000(system) NetdConnector expire 2 lines
07-20 15:36:00.610  1766  9096 I CommandQueue: updateBarBgColor
07-20 15:36:00.610  1766  9096 D CommandQueue: CommandQueue, setBarBackgroundColor
07-20 15:36:00.654  1197  3776 I chatty  : uid=1000(system) Binder:1197_16 expire 20 lines
07-20 15:36:00.659  1197  3975 I chatty  : uid=1000(system) Binder:1197_19 expire 1 line
07-20 15:36:00.662  1197  2845 I chatty  : uid=1000(system) Binder:1197_F expire 4 lines
07-20 15:36:00.675  1197  1197 I chatty  : uid=1000 system_server expire 38 lines
07-20 15:36:00.676  1197  1647 I chatty  : uid=1000(system) WifiP2pService expire 3 lines
07-20 15:36:00.682  9977  9977 D ActivityThread: Remove activity client record, r= ActivityRecord{7c9c1c0 token=android.os.BinderProxy@b51ee78 {com.tencent.qqmusic/com.tencent.qqmusic.business.lockscreennew.LockScreenActivity}} token= android.os.BinderProxy@b51ee78
07-20 15:36:00.686  1197  3767 I chatty  : uid=1000(system) Binder:1197_14 expire 9 lines
07-20 15:36:00.690  1197  1231 I chatty  : uid=1000(system) android.display expire 4 lines
07-20 15:36:00.692  1197  3682 I chatty  : uid=1000(system) Binder:1197_11 expire 4 lines
07-20 15:36:00.709  1197 10361 I chatty  : uid=1000(system) Binder:1197_20 expire 4 lines
07-20 15:36:00.739  1197  1222 I chatty  : uid=1000(system) ActivityManager expire 8 lines
07-20 15:36:00.748 16150 16150 D ActivityThread: ActivityThread,attachApplication
07-20 15:36:00.752  1197  1210 I chatty  : uid=1000(system) Binder:1197_1 expire 1 line
07-20 15:36:00.824  1197  1650 I chatty  : uid=1000(system) ConnectivitySer expire 4 lines
07-20 15:36:01.245  1197  1367 I chatty  : uid=1000(system) android.anim expire 15 lines
07-20 15:36:01.257  1197  4055 I chatty  : uid=1000(system) Binder:1197_1C expire 8 lines
07-20 15:36:01.277  1197 10223 I chatty  : uid=1000(system) Binder:1197_1E expire 2 lines
07-20 15:36:01.286  1197  1223 I chatty  : uid=1000(system) android.ui expire 3 lines
07-20 15:36:01.296  1197  3686 I chatty  : uid=1000(system) Binder:1197_13 expire 22 lines
07-20 15:36:01.296  2117  2414 I HwNetworkPolicyManager: getHwUidPolicy uid = 10122 policy = 0
07-20 15:36:01.314  1197  2224 I chatty  : uid=1000(system) Binder:1197_9 expire 11 lines
07-20 15:36:01.315  1766  2141 I CommandQueue: updateBarBgColor
07-20 15:36:01.315  1766  2141 D CommandQueue: CommandQueue, setBarBackgroundColor
07-20 15:36:01.331  1197  1219 I chatty  : uid=1000(system) android.bg expire 11 lines
07-20 15:36:01.333  1197  1211 I chatty  : uid=1000(system) Binder:1197_2 expire 3 lines
07-20 15:36:01.372   494   635 E FrameworkListener: read() failed (Connection reset by peer)
07-20 15:36:01.390  1197  1226 I chatty  : uid=1000(system) keyAppHanderThr expire 1 line
07-20 15:36:01.391  1197  3009 I chatty  : uid=1000(system) Binder:1197_10 expire 22 lines
07-20 15:36:02.335  1197  3963 I chatty  : uid=1000(system) Binder:1197_17 expire 17 lines
07-20 15:36:02.923  1197  1373 I chatty  : uid=1000(system) UEventObserver expire 5 lines
07-20 15:36:02.929  1197  1227 I chatty  : uid=1000(system) batterystats-sy expire 2 lines
07-20 15:36:03.773  1197  1234 I chatty  : uid=1000(system) PowerManagerSer expire 2 lines
07-20 15:36:16.615  1197  1660 I chatty  : uid=1000(system) AudioService expire 1 line
07-20 15:36:16.806  2936  2960 W SettingsEx: SettingsEx.Systemex.getInt deprecated use Settings.System.getInt instead ;callers=com.huawei.recsys.util.SystemUtil.getNotificationUpdateMode:169 com.huawei.recsys.util.SystemUtil.isAllowUpdate:104 com.huawei.recsys.controller.notification.http.NotificationUpdateController.startNotificationUpdate:85 
07-20 15:36:16.839  1197  3963 I chatty  : uid=1000(system) Binder:1197_17 expire 1 line
07-20 15:36:17.600  1197  1197 I chatty  : uid=1000 system_server expire 28 lines
07-20 15:36:17.618  1197  1660 I chatty  : uid=1000(system) AudioService expire 4 lines
07-20 15:36:17.656  1197  1234 I chatty  : uid=1000(system) PowerManagerSer expire 21 lines
07-20 15:36:17.673  1197  2346 I chatty  : uid=1000(system) uteStateMachine expire 6 lines
07-20 15:36:21.066  1197  1392 I chatty  : uid=1000(system) InputReader expire 10 lines
07-20 15:36:21.273  1197  3963 I chatty  : uid=1000(system) Binder:1197_17 expire 10 lines
07-20 15:36:21.397  1197  1377 I chatty  : uid=1000(system) fingerprintServ expire 10 lines
07-20 15:36:21.474  1197  1246 I chatty  : uid=1000(system) HwBinder:1197_1 expire 1 line
07-20 15:36:21.475  1766  1766 W FingerprintManager: Invalid acquired message: 6, 1001
07-20 15:36:21.496  1197  1231 I chatty  : uid=1000(system) android.display expire 9 lines
07-20 15:36:21.503  1197  1720 I chatty  : uid=1000(system) PhotonicModulat expire 3 lines
07-20 15:36:21.546  1197  3686 I chatty  : uid=1000(system) Binder:1197_13 expire 14 lines
07-20 15:36:21.556  1197  1211 I chatty  : uid=1000(system) Binder:1197_2 expire 1 line
07-20 15:36:21.557  1766  1766 V KeyguardViewMediator: updateInputRestrictedLocked 1 isInputApp = false, inputRestricted = true
07-20 15:36:21.639  5399  5399 V ActivityThread: Finishing stop of ActivityRecord{cce8105 token=android.os.BinderProxy@5e2a59e {com.tencent.mm/com.tencent.mm.ui.LauncherUI}}
07-20 15:36:21.649  5399  5399 W ViewRootImpl[LauncherUI]: Dropping event due to no window focus: MotionEvent { action=ACTION_MOVE, actionButton=0, id[0]=0, x[0]=1079.0, y[0]=1674.0, toolType[0]=TOOL_TYPE_FINGER, buttonState=0, metaState=0, flags=0x0, edgeFlags=0x0, pointerCount=1, historySize=2, eventTime=24387994, downTime=24387972, deviceId=4, source=0x1002 }
07-20 15:36:21.656  5399  5399 W ViewRootImpl[LauncherUI]: Dropping event due to no window focus: MotionEvent { action=ACTION_MOVE, actionButton=0, id[0]=0, x[0]=1079.0, y[0]=1674.0, toolType[0]=TOOL_TYPE_FINGER, buttonState=0, metaState=0, flags=0x0, edgeFlags=0x0, pointerCount=1, historySize=2, eventTime=24388011, downTime=24387972, deviceId=4, source=0x1002 }
07-20 15:36:21.657  5399  5399 W ViewRootImpl[LauncherUI]: Dropping event due to no window focus: MotionEvent { action=ACTION_MOVE, actionButton=0, id[0]=0, x[0]=1079.0, y[0]=1674.0, toolType[0]=TOOL_TYPE_FINGER, buttonState=0, metaState=0, flags=0x0, edgeFlags=0x0, pointerCount=1, historySize=0, eventTime=24388015, downTime=24387972, deviceId=4, source=0x1002 }
07-20 15:36:21.657  5399  5399 W ViewRootImpl[LauncherUI]: Dropping event due to no window focus: MotionEvent { action=ACTION_POINTER_DOWN(1), actionButton=0, id[0]=0, x[0]=1079.0, y[0]=1674.0, toolType[0]=TOOL_TYPE_FINGER, id[1]=1, x[1]=1079.0, y[1]=1324.0, toolType[1]=TOOL_TYPE_FINGER, buttonState=0, metaState=0, flags=0x0, edgeFlags=0x0, pointerCount=2, historySize=0, eventTime=24388015, downTime=24387972, deviceId=4, source=0x1002 }
07-20 15:36:21.669  5399  5399 W ViewRootImpl[LauncherUI]: Cancelling event due to no window focus: MotionEvent { action=ACTION_CANCEL, actionButton=0, id[0]=0, x[0]=1079.0, y[0]=1674.0, toolType[0]=TOOL_TYPE_FINGER, id[1]=1, x[1]=1079.0, y[1]=1324.0, toolType[1]=TOOL_TYPE_FINGER, buttonState=0, metaState=0, flags=0x0, edgeFlags=0x0, pointerCount=2, historySize=0, eventTime=24388029, downTime=24387972, deviceId=4, source=0x1002 }
07-20 15:36:21.669  5399  5399 I chatty  : uid=10122(u0_a122) com.tencent.mm identical 2 lines
07-20 15:36:21.669  5399  5399 W ViewRootImpl[LauncherUI]: Cancelling event due to no window focus: MotionEvent { action=ACTION_CANCEL, actionButton=0, id[0]=0, x[0]=1079.0, y[0]=1674.0, toolType[0]=TOOL_TYPE_FINGER, id[1]=1, x[1]=1079.0, y[1]=1324.0, toolType[1]=TOOL_TYPE_FINGER, buttonState=0, metaState=0, flags=0x0, edgeFlags=0x0, pointerCount=2, historySize=0, eventTime=24388029, downTime=24387972, deviceId=4, source=0x1002 }
07-20 15:36:21.688  1197  3775 I chatty  : uid=1000(system) Binder:1197_15 expire 7 lines
07-20 15:36:21.695  1197  3767 I chatty  : uid=1000(system) Binder:1197_14 expire 4 lines
07-20 15:36:21.698  1197  1905 I chatty  : uid=1000(system) Binder:1197_4 expire 4 lines
07-20 15:36:21.712  1766  1766 V KeyguardStatusView: refresh statusview showing:true
07-20 15:36:21.718  1766  1766 V KeyguardDisplayManager: show
07-20 15:36:21.721  1197  1223 I chatty  : uid=1000(system) android.ui expire 2 lines
07-20 15:36:21.721  1197 10361 I chatty  : uid=1000(system) Binder:1197_20 expire 19 lines
07-20 15:36:21.728  2150 15696 D AntiBruteForceProcessor: RemainingAuthenticateNum = 5
07-20 15:36:22.058  1197  1367 I chatty  : uid=1000(system) android.anim expire 6 lines
07-20 15:36:22.092  5399  5399 V ActivityThread: Handle window ActivityRecord{cce8105 token=android.os.BinderProxy@5e2a59e {com.tencent.mm/com.tencent.mm.ui.LauncherUI}} visibility: false
07-20 15:36:22.136  1197  1647 I chatty  : uid=1000(system) WifiP2pService expire 6 lines
07-20 15:36:22.216  1197  1630 I chatty  : uid=1000(system) NetdConnector expire 2 lines
07-20 15:36:22.359  1197  2760 I chatty  : uid=1000(system) HwDeviceUsageCo expire 1 line
07-20 15:36:22.682  2936  7628 W ContextImpl: Calling a method in the system process without a qualified user: android.app.ContextImpl.bindService:1736 android.content.ContextWrapper.bindService:678 com.huawei.nb.dataservice.dsclient.RemoteServiceConnection.open:90 com.huawei.nb.dataservice.dsclient.DataServiceProxy.connect:105 com.huawei.nb.dataservice.rsclient.internal.RemoteRuleService.start:27 
07-20 15:36:22.978  1197  2224 I chatty  : uid=1000(system) Binder:1197_9 expire 2 lines
07-20 15:36:24.570  1197  2171 I chatty  : uid=1000(system) MultiTaskManage expire 9 lines
07-20 15:36:24.626  1197  1222 I chatty  : uid=1000(system) ActivityManager expire 3 lines
07-20 15:36:24.634  2150  2150 I HwCoreAppHelperService: LocalReceiver receives:android.intent.action.PACKAGE_RESTARTED,pkg:com.tencent.qqmusic,uid:10132
07-20 15:36:24.712  1197  2845 I chatty  : uid=1000(system) Binder:1197_F expire 6 lines
07-20 15:36:24.729  1197  3009 I chatty  : uid=1000(system) Binder:1197_10 expire 1 line
07-20 15:36:24.731  1197  1650 I chatty  : uid=1000(system) ConnectivitySer expire 4 lines
07-20 15:36:30.227  1197  2116 I chatty  : uid=1000(system) watchdog expire 1 line
07-20 15:36:36.924  1197 10219 I chatty  : uid=1000(system) Binder:1197_1D expire 5 lines
07-20 15:36:38.425  1197  1394 I chatty  : uid=1000(system) StorageManagerS expire 2 lines
07-20 15:36:38.426   428   436 I vold    : TrimTask running tasks: 0
07-20 15:36:38.428  1197  1397 I chatty  : uid=1000(system) VoldConnector expire 1 line
07-20 15:36:38.430  1197  1197 I chatty  : uid=1000 system_server expire 16 lines
07-20 15:36:38.443  1197 10361 I chatty  : uid=1000(system) Binder:1197_20 expire 3 lines
07-20 15:36:38.449  1197  3686 I chatty  : uid=1000(system) Binder:1197_13 expire 5 lines
07-20 15:36:38.485  1197  4055 I chatty  : uid=1000(system) Binder:1197_1C expire 2 lines
07-20 15:36:38.528  1197  1234 I chatty  : uid=1000(system) PowerManagerSer expire 24 lines
07-20 15:36:38.635  1197  1720 I chatty  : uid=1000(system) PhotonicModulat expire 3 lines
07-20 15:36:38.661  2936  2960 W SettingsEx: SettingsEx.Systemex.getInt deprecated use Settings.System.getInt instead ;callers=com.huawei.recsys.util.SystemUtil.getNotificationUpdateMode:169 com.huawei.recsys.util.SystemUtil.isAllowUpdate:104 com.huawei.recsys.controller.notification.http.NotificationUpdateController.startNotificationUpdate:85 
07-20 15:36:38.676  1197 10361 I chatty  : uid=1000(system) Binder:1197_20 expire 5 lines
07-20 15:36:38.692  2936 11786 W ContextImpl: Calling a method in the system process without a qualified user: android.app.ContextImpl.bindService:1736 android.content.ContextWrapper.bindService:678 com.huawei.nb.dataservice.dsclient.RemoteServiceConnection.open:90 com.huawei.nb.dataservice.dsclient.DataServiceProxy.connect:105 com.huawei.nb.dataservice.rsclient.internal.RemoteRuleService.start:27 
07-20 15:36:38.694  1197  1222 I chatty  : uid=1000(system) ActivityManager expire 8 lines
07-20 15:36:38.725  1197  3775 I chatty  : uid=1000(system) Binder:1197_15 expire 4 lines
07-20 15:36:38.725  1197  3776 I chatty  : uid=1000(system) Binder:1197_16 expire 5 lines
07-20 15:36:39.566  1197  1246 I chatty  : uid=1000(system) HwBinder:1197_1 expire 4 lines
07-20 15:36:39.567  1197  1377 I chatty  : uid=1000(system) fingerprintServ expire 18 lines
07-20 15:36:39.571  1197 10219 I chatty  : uid=1000(system) Binder:1197_1D expire 28 lines
07-20 15:36:39.572  1766  1766 W FingerprintManager: Invalid acquired message: 6, 1002
07-20 15:36:39.901  1197  3686 I chatty  : uid=1000(system) Binder:1197_13 expire 7 lines
07-20 15:36:39.901  2150  2482 D FaceRecognizeService: resetTimeout begin!
07-20 15:36:39.902  2150  2447 E FaceRecognizeService: handleMessage EVT = 1002
07-20 15:36:39.902  2150  2447 D AntiBruteForceProcessor: Reset facerecognize lockout, clearAttemptCounter=true
