07-20 15:58:36.398 21074 21074 D ActivityThread: ActivityThread,attachApplication
07-20 15:58:36.452  1197  1234 I chatty  : uid=1000(system) PowerManagerSer expire 8 lines
07-20 15:58:36.455 21098 21098 D ActivityThread: ActivityThread,attachApplication
07-20 15:58:36.469 21115 21115 D ActivityThread: ActivityThread,attachApplication
07-20 15:58:36.472  1197 10340 I chatty  : uid=1000(system) Binder:1197_1F expire 2 lines
07-20 15:58:36.546   428   436 I vold    : TrimTask running tasks: 0
07-20 15:58:36.559  1197  1634 I chatty  : uid=1000(system) WifiService expire 1 line
07-20 15:58:36.665  1197  2225 I chatty  : uid=1000(system) Binder:1197_A expire 10 lines
07-20 15:58:36.687  1197  3976 I chatty  : uid=1000(system) Binder:1197_1A expire 1 line
07-20 15:58:36.690  2936  2993 W SettingsEx: SettingsEx.Systemex.getInt deprecated use Settings.System.getInt instead ;callers=com.huawei.recsys.util.SystemUtil.getNotificationUpdateMode:169 com.huawei.recsys.util.SystemUtil.isAllowUpdate:104 com.huawei.recsys.controller.notification.http.NotificationUpdateController.startNotificationUpdate:85 
07-20 15:58:36.789  2936 15682 W ContextImpl: Calling a method in the system process without a qualified user: android.app.ContextImpl.bindService:1736 android.content.ContextWrapper.bindService:678 com.huawei.nb.dataservice.dsclient.RemoteServiceConnection.open:90 com.huawei.nb.dataservice.dsclient.DataServiceProxy.connect:105 com.huawei.nb.dataservice.rsclient.internal.RemoteRuleService.start:27 
07-20 15:58:37.264  1197  2764 I chatty  : uid=1000(system) HwUsbHDBManager expire 2 lines
07-20 15:58:37.525 21172 21172 D ActivityThread: ActivityThread,attachApplication
07-20 15:58:41.651  1197  1373 I chatty  : uid=1000(system) UEventObserver expire 4 lines
07-20 15:58:41.684  1766  1766 W PowerUI : unknown intent: Intent { act=android.intent.action.ACTION_POWER_CONNECTED flg=0x4000010 (has extras) }
07-20 15:58:41.751   749   749 I chatty  : uid=1000(system) gnss@1.0-servic expire 4 lines
07-20 15:58:41.752  1197  1630 I chatty  : uid=1000(system) NetdConnector expire 2 lines
07-20 15:58:41.773  1197  1211 I chatty  : uid=1000(system) Binder:1197_2 expire 7 lines
07-20 15:58:41.815  1197 10340 I chatty  : uid=1000(system) Binder:1197_1F expire 13 lines
07-20 15:58:41.830 21247 21247 D ActivityThread: ActivityThread,attachApplication
07-20 15:58:41.930  1197  1367 I chatty  : uid=1000(system) android.anim expire 10 lines
07-20 15:58:41.983   749  2144 I chatty  : uid=1000(system) IPC Thread expire 14 lines
07-20 15:58:42.760  1197  2116 I chatty  : uid=1000(system) watchdog expire 1 line
07-20 15:58:42.793 21329 21329 D ActivityThread: ActivityThread,attachApplication
07-20 15:58:46.869 21365 21365 D ActivityThread: ActivityThread,attachApplication
07-20 15:58:48.093  1197  3963 I chatty  : uid=1000(system) Binder:1197_17 expire 13 lines
07-20 15:58:48.124  1197  1197 I chatty  : uid=1000 system_server expire 28 lines
07-20 15:58:48.186  1197  1377 I chatty  : uid=1000(system) fingerprintServ expire 17 lines
07-20 15:58:48.196  1197  3776 I chatty  : uid=1000(system) Binder:1197_16 expire 3 lines
07-20 15:58:48.197  1766  1766 W FingerprintManager: Invalid acquired message: 6, 1002
07-20 15:58:48.391 21074 21074 W ContextImpl: Calling a method in the system process without a qualified user: android.app.ContextImpl.startService:1656 android.content.ContextWrapper.startService:644 android.content.ContextWrapper.startService:644 com.android.settings.deviceinfo.UsbReceiver.startUsbService:282 com.android.settings.deviceinfo.UsbReceiver.onUsbStateReceive:159 
07-20 15:58:48.398 21074 21074 W ContextImpl: Calling a method in the system process without a qualified user: android.app.ContextImpl.startService:1656 android.content.ContextWrapper.startService:644 android.content.ContextWrapper.startService:644 com.android.settings.deviceinfo.UsbReceiver.startUsbService:282 com.android.settings.deviceinfo.UsbReceiver.onUsbStateReceive:216 
07-20 15:58:48.430 21074 21074 W ContextImpl: Calling a method in the system process without a qualified user: android.app.ContextImpl.startService:1656 android.content.ContextWrapper.startService:644 android.content.ContextWrapper.startService:644 com.android.settings.deviceinfo.UsbReceiver.startUsbService:282 com.android.settings.deviceinfo.UsbReceiver.onUsbStateReceive:159 
07-20 15:58:48.434 21074 21074 W ContextImpl: Calling a method in the system process without a qualified user: android.app.ContextImpl.startService:1656 android.content.ContextWrapper.startService:644 android.content.ContextWrapper.startService:644 com.android.settings.deviceinfo.UsbReceiver.startUsbService:282 com.android.settings.deviceinfo.UsbReceiver.onUsbStateReceive:216 
07-20 15:58:48.436  1197  1222 I chatty  : uid=1000(system) ActivityManager expire 9 lines
07-20 15:58:48.829  1197  1906 I chatty  : uid=1000(system) Binder:1197_5 expire 58 lines
07-20 15:58:48.908  1766  1766 W ViewRootImpl[Toast]: EGLdebug relayoutWindow Surface isSurface(name=null)  (appName =com.android.systemui) ( mSurfaceControllerIsValid =false) (mNativeObject  =0)/@0x691911d,viewVisibility is0
07-20 15:58:48.926  1766  1766 W ViewRootImpl[Toast]: EGLdebug relayoutWindow Surface isSurface(name=null)  (appName =com.android.systemui) ( mSurfaceControllerIsValid =true) (mNativeObject  =71bfd59000)/@0x691911d,relayoutResult is7
07-20 15:58:49.000  1766  1766 W FingerprintManager: Invalid acquired message: 6, 1003
07-20 15:58:49.000  1766  1766 W FingerprintManager: Invalid acquired message: 6, 1001
07-20 15:58:53.715  2150  2482 D FaceRecognizeService: resetTimeout begin!
07-20 15:58:53.716  2150  2447 E FaceRecognizeService: handleMessage EVT = 1002
07-20 15:58:53.717  2150  2447 D AntiBruteForceProcessor: Reset facerecognize lockout, clearAttemptCounter=true
07-20 15:58:53.763  2150  2447 D AntiBruteForceProcessor: resetTotalFailedTimes current total times = 0
07-20 15:58:53.790  1197  1367 I chatty  : uid=1000(system) android.anim expire 6 lines
07-20 15:58:53.799  1766  1766 V KeyguardDisplayManager: hide
07-20 15:58:53.803  1766  1766 V KeyguardViewMediator: updateInputRestrictedLocked 1 isInputApp = false, inputRestricted = false
07-20 15:58:53.816  1197  1246 I chatty  : uid=1000(system) HwBinder:1197_1 expire 3 lines
07-20 15:58:53.822  1197  1223 I chatty  : uid=1000(system) android.ui expire 2 lines
07-20 15:58:53.826  1197  3976 I chatty  : uid=1000(system) Binder:1197_1A expire 3 lines
07-20 15:58:53.833  1197  1211 I chatty  : uid=1000(system) Binder:1197_2 expire 5 lines
07-20 15:58:53.835  1197  1630 I chatty  : uid=1000(system) NetdConnector expire 6 lines
07-20 15:58:53.909  1197  1647 I chatty  : uid=1000(system) WifiP2pService expire 6 lines
07-20 15:58:53.978  1197  2223 I chatty  : uid=1000(system) Binder:1197_8 expire 12 lines
07-20 15:58:54.017  1197  1374 I chatty  : uid=1000(system) Binder:1197_3 expire 2 lines
07-20 15:58:54.034 21475 21475 D ActivityThread: ActivityThread,attachApplication
07-20 15:58:54.521   749  2144 I chatty  : uid=1000(system) IPC Thread expire 16 lines
07-20 15:58:55.531  1197  1229 I chatty  : uid=1000(system) android.fg expire 6 lines
07-20 15:58:55.532 21074 21074 W ContextImpl: Calling a method in the system process without a qualified user: android.app.ContextImpl.sendBroadcast:1074 android.content.ContextWrapper.sendBroadcast:431 com.android.settings.deviceinfo.UsbSettingsService$5.onClick:688 com.android.settings.deviceinfo.UsbSettingsService$DialogItemListener.onClick:725 com.android.internal.app.AlertController$AlertParams$3.onItemClick:1168 
07-20 15:58:55.625  1197  2764 I chatty  : uid=1000(system) HwUsbHDBManager expire 2 lines
07-20 15:58:55.722 21074 21074 W ContextImpl: Calling a method in the system process without a qualified user: android.app.ContextImpl.startService:1656 android.content.ContextWrapper.startService:644 android.content.ContextWrapper.startService:644 com.android.settings.deviceinfo.UsbReceiver.startUsbService:282 com.android.settings.deviceinfo.UsbReceiver.onUsbStateReceive:159 
07-20 15:58:55.730 21074 21074 W ContextImpl: Calling a method in the system process without a qualified user: android.app.ContextImpl.startService:1656 android.content.ContextWrapper.startService:644 android.content.ContextWrapper.startService:644 com.android.settings.deviceinfo.UsbReceiver.startUsbService:282 com.android.settings.deviceinfo.UsbReceiver.onUsbStateReceive:206 
07-20 15:58:55.951 21074 21074 W ContextImpl: Calling a method in the system process without a qualified user: android.app.ContextImpl.startService:1656 android.content.ContextWrapper.startService:644 android.content.ContextWrapper.startService:644 com.android.settings.deviceinfo.UsbReceiver.startUsbService:282 com.android.settings.deviceinfo.UsbReceiver.onUsbStateReceive:159 
07-20 15:58:55.959 21074 21074 W ContextImpl: Calling a method in the system process without a qualified user: android.app.ContextImpl.startService:1656 android.content.ContextWrapper.startService:644 android.content.ContextWrapper.startService:644 com.android.settings.deviceinfo.UsbReceiver.startUsbService:282 com.android.settings.deviceinfo.UsbReceiver.onUsbStateReceive:206 
07-20 15:58:56.007 21074 21074 W ContextImpl: Calling a method in the system process without a qualified user: android.app.ContextImpl.startService:1656 android.content.ContextWrapper.startService:644 android.content.ContextWrapper.startService:644 com.android.settings.deviceinfo.UsbReceiver.startUsbService:282 com.android.settings.deviceinfo.UsbReceiver.onUsbStateReceive:159 
07-20 15:58:56.017 21074 21074 W ContextImpl: Calling a method in the system process without a qualified user: android.app.ContextImpl.startService:1656 android.content.ContextWrapper.startService:644 android.content.ContextWrapper.startService:644 com.android.settings.deviceinfo.UsbReceiver.startUsbService:282 com.android.settings.deviceinfo.UsbReceiver.onUsbStateReceive:206 
07-20 15:59:06.606  1197  3977 I chatty  : uid=1000(system) Binder:1197_1B expire 12 lines
07-20 15:59:09.037  1197 10361 I chatty  : uid=1000(system) Binder:1197_20 expire 8 lines
07-20 15:59:10.124 21522 21522 D ActivityThread: ActivityThread,attachApplication
07-20 15:59:10.252  1197  2223 I chatty  : uid=1000(system) Binder:1197_8 expire 8 lines
07-20 15:59:10.522   749  2144 I chatty  : uid=1000(system) IPC Thread expire 13 lines
07-20 15:59:10.762  1197  1219 I chatty  : uid=1000(system) android.bg expire 13 lines
07-20 15:59:11.916  1197  1373 I chatty  : uid=1000(system) UEventObserver expire 14 lines
07-20 15:59:11.939  1197  1227 I chatty  : uid=1000(system) batterystats-sy expire 6 lines
07-20 15:59:11.953  1197  1197 I chatty  : uid=1000 system_server expire 13 lines
07-20 15:59:12.006  1197  3963 I chatty  : uid=1000(system) Binder:1197_17 expire 14 lines
07-20 15:59:12.762  1197  2116 I chatty  : uid=1000(system) watchdog expire 21 lines
07-20 15:59:17.584  1197  2138 I chatty  : uid=1000(system) LocationThread expire 6 lines
07-20 15:59:17.590  1197 21597 I chatty  : uid=1000 system_server expire 2 lines
07-20 15:59:17.794   494   633 W SocketListener: sending broadcast to Pid = 1197, Uid = 1000 
07-20 15:59:19.386  1197  1234 I chatty  : uid=1000(system) PowerManagerSer expire 12 lines
07-20 15:59:26.889 21074 21074 W ContextImpl: Calling a method in the system process without a qualified user: android.app.ContextImpl.startService:1656 android.content.ContextWrapper.startService:644 android.content.ContextWrapper.startService:644 com.android.settings.deviceinfo.UsbReceiver.startUsbService:282 com.android.settings.deviceinfo.UsbReceiver.onUsbStateReceive:159 
07-20 15:59:26.895 21074 21074 W ContextImpl: Calling a method in the system process without a qualified user: android.app.ContextImpl.startService:1656 android.content.ContextWrapper.startService:644 android.content.ContextWrapper.startService:644 com.android.settings.deviceinfo.UsbReceiver.startUsbService:282 com.android.settings.deviceinfo.UsbReceiver.onUsbStateReceive:206 
07-20 15:59:26.964 21074 21074 W ContextImpl: Calling a method in the system process without a qualified user: android.app.ContextImpl.startService:1656 android.content.ContextWrapper.startService:644 android.content.ContextWrapper.startService:644 com.android.settings.deviceinfo.UsbReceiver.startUsbService:282 com.android.settings.deviceinfo.UsbReceiver.onUsbStateReceive:159 
07-20 15:59:26.970 21074 21074 W ContextImpl: Calling a method in the system process without a qualified user: android.app.ContextImpl.startService:1656 android.content.ContextWrapper.startService:644 android.content.ContextWrapper.startService:644 com.android.settings.deviceinfo.UsbReceiver.startUsbService:282 com.android.settings.deviceinfo.UsbReceiver.onUsbStateReceive:206 
07-20 15:59:32.713  1197  3977 I chatty  : uid=1000(system) Binder:1197_1B expire 13 lines
07-20 15:59:54.842   739   804 E /system/bin/storaged: open file /data/storaged/storaged.txt failed!2
07-20 15:59:54.842   739   804 E /system/bin/storaged: write(append)  diskstat data failed!ts:1532073594,read bytes:1215430656, write bytes: 1048768512
07-20 15:59:54.877   739   804 E /system/bin/storaged: curr_io_stats:  size: 182
07-20 15:59:54.884   739   804 E /system/bin/storaged: open file /data/storaged/storaged.txt failed!2
07-20 15:59:54.884   739   804 E /system/bin/storaged: write(append)  uid data failed!
07-20 15:59:54.885   739   804 E /system/bin/storaged: pid_info get_pids failed
07-20 16:00:00.007  1197  1197 I chatty  : uid=1000 system_server expire 23 lines
07-20 16:00:00.348  2936 18321 W ContextImpl: Calling a method in the system process without a qualified user: android.app.ContextImpl.bindService:1736 android.content.ContextWrapper.bindService:678 com.huawei.nb.dataservice.dsclient.RemoteServiceConnection.open:90 com.huawei.nb.dataservice.dsclient.DataServiceProxy.connect:105 com.huawei.nb.dataservice.rsclient.internal.RemoteRuleService.start:27 
07-20 16:00:00.391  2936 18342 W ContextImpl: Calling a method in the system process without a qualified user: android.app.ContextImpl.bindService:1736 android.content.ContextWrapper.bindService:678 com.huawei.nb.dataservice.dsclient.RemoteServiceConnection.open:90 com.huawei.nb.dataservice.dsclient.DataServiceProxy.connect:105 com.huawei.nb.dataservice.rsclient.internal.RemoteRuleService.start:27 
07-20 16:00:16.520  3986  3986 V ActivityThread: Finishing stop of ActivityRecord{d5bd12d token=android.os.BinderProxy@225b823 {com.huawei.android.launcher/com.huawei.android.launcher.unihome.UniHomeLauncher}}
07-20 16:00:16.536  1197  1234 I chatty  : uid=1000(system) PowerManagerSer expire 22 lines
07-20 16:00:16.536  1197  3963 I chatty  : uid=1000(system) Binder:1197_17 expire 49 lines
07-20 16:00:16.553  1197  1377 I chatty  : uid=1000(system) fingerprintServ expire 10 lines
07-20 16:00:16.620  1766  1766 W FingerprintManager: Invalid acquired message: 6, 1001
07-20 16:00:16.703  1197  1720 I chatty  : uid=1000(system) PhotonicModulat expire 11 lines
07-20 16:00:16.721  1197  1231 I chatty  : uid=1000(system) android.display expire 14 lines
07-20 16:00:16.874  1197 10340 I chatty  : uid=1000(system) Binder:1197_1F expire 17 lines
07-20 16:00:16.940  1197  3976 I chatty  : uid=1000(system) Binder:1197_1A expire 13 lines
07-20 16:00:16.981  1197  2760 I chatty  : uid=1000(system) HwDeviceUsageCo expire 3 lines
07-20 16:00:17.371  2936  7628 W ContextImpl: Calling a method in the system process without a qualified user: android.app.ContextImpl.bindService:1736 android.content.ContextWrapper.bindService:678 com.huawei.nb.dataservice.dsclient.RemoteServiceConnection.open:90 com.huawei.nb.dataservice.dsclient.DataServiceProxy.connect:105 com.huawei.nb.dataservice.rsclient.internal.RemoteRuleService.start:27 
07-20 16:00:21.507  1766  1766 V KeyguardViewMediator: updateInputRestrictedLocked 1 isInputApp = false, inputRestricted = true
07-20 16:00:21.650  1766  1766 V KeyguardStatusView: refresh statusview showing:true
07-20 16:00:21.670  1766  1766 V KeyguardDisplayManager: show
07-20 16:00:21.681  2150  2482 D AntiBruteForceProcessor: RemainingAuthenticateNum = 5
07-20 16:00:21.724  1197 10361 I chatty  : uid=1000(system) Binder:1197_20 expire 12 lines
07-20 16:00:21.739  3986  3986 V ActivityThread: Handle window ActivityRecord{d5bd12d token=android.os.BinderProxy@225b823 {com.huawei.android.launcher/com.huawei.android.launcher.unihome.UniHomeLauncher}} visibility: false
07-20 16:00:21.898  1197  1367 I chatty  : uid=1000(system) android.anim expire 17 lines
07-20 16:00:31.097  1197  1392 I chatty  : uid=1000(system) InputReader expire 17 lines
07-20 16:00:31.170  1197  3776 I chatty  : uid=1000(system) Binder:1197_16 expire 15 lines
07-20 16:00:31.177  1197  1394 I chatty  : uid=1000(system) StorageManagerS expire 6 lines
07-20 16:00:31.179   428   436 I vold    : TrimTask running tasks: 0
07-20 16:00:31.180  1197  1397 I chatty  : uid=1000(system) VoldConnector expire 3 lines
07-20 16:00:31.196  1197  1647 I chatty  : uid=1000(system) WifiP2pService expire 12 lines
07-20 16:00:31.378  2936  2948 W SettingsEx: SettingsEx.Systemex.getInt deprecated use Settings.System.getInt instead ;callers=com.huawei.recsys.util.SystemUtil.getNotificationUpdateMode:169 com.huawei.recsys.util.SystemUtil.isAllowUpdate:104 com.huawei.recsys.controller.notification.http.NotificationUpdateController.startNotificationUpdate:85 
07-20 16:00:31.385  1197  1222 I chatty  : uid=1000(system) ActivityManager expire 10 lines
07-20 16:00:31.398  1197  1374 I chatty  : uid=1000(system) Binder:1197_3 expire 23 lines
07-20 16:00:31.404  1197  1223 I chatty  : uid=1000(system) android.ui expire 23 lines
07-20 16:00:31.541  2936 11786 W ContextImpl: Calling a method in the system process without a qualified user: android.app.ContextImpl.bindService:1736 android.content.ContextWrapper.bindService:678 com.huawei.nb.dataservice.dsclient.RemoteServiceConnection.open:90 com.huawei.nb.dataservice.dsclient.DataServiceProxy.connect:105 com.huawei.nb.dataservice.rsclient.internal.RemoteRuleService.start:27 
07-20 16:00:33.155  2936 18996 W SettingsEx: SettingsEx.Systemex.getInt deprecated use Settings.System.getInt instead ;callers=com.huawei.recsys.util.SystemUtil.getNotificationUpdateMode:169 com.huawei.recsys.util.SystemUtil.isAllowUpdate:104 com.huawei.recsys.controller.notification.http.NotificationUpdateController.startNotificationUpdate:85 
07-20 16:00:34.693  2150  2482 D FaceRecognizeService: resetTimeout begin!
07-20 16:00:34.694  1197  3977 I chatty  : uid=1000(system) Binder:1197_1B expire 14 lines
07-20 16:00:34.696  2150  2447 E FaceRecognizeService: handleMessage EVT = 1002
07-20 16:00:34.696  2150  2447 D AntiBruteForceProcessor: Reset facerecognize lockout, clearAttemptCounter=true
07-20 16:00:34.745  2150  2447 D AntiBruteForceProcessor: resetTotalFailedTimes current total times = 0
07-20 16:00:34.787  1766  1766 V KeyguardDisplayManager: hide
07-20 16:00:34.788  1197  1377 I chatty  : uid=1000(system) fingerprintServ expire 16 lines
07-20 16:00:34.790  1766  1766 V KeyguardViewMediator: updateInputRestrictedLocked 1 isInputApp = false, inputRestricted = false
07-20 16:00:34.806  1197  1246 I chatty  : uid=1000(system) HwBinder:1197_1 expire 25 lines
07-20 16:00:34.814  1197  1630 I chatty  : uid=1000(system) NetdConnector expire 10 lines
07-20 16:00:34.932  1197  2223 I chatty  : uid=1000(system) Binder:1197_8 expire 20 lines
07-20 16:00:34.940  1197  2195 I chatty  : uid=1000(system) Binder:1197_7 expire 24 lines
07-20 16:00:34.942  1197  1906 I chatty  : uid=1000(system) Binder:1197_5 expire 13 lines
07-20 16:00:34.986  1197 10340 I chatty  : uid=1000(system) Binder:1197_1F expire 26 lines
07-20 16:00:34.991 21735 21735 D ActivityThread: ActivityThread,attachApplication
07-20 16:00:35.001  1197  2580 I chatty  : uid=1000(system) Binder:1197_D expire 16 lines
07-20 16:00:35.512  1197  1197 I chatty  : uid=1000 system_server expire 44 lines
07-20 16:00:36.051 21765 21765 D ActivityThread: ActivityThread,attachApplication
07-20 16:00:37.732  1197  1211 I chatty  : uid=1000(system) Binder:1197_2 expire 8 lines
07-20 16:00:39.790  1197  1704 I chatty  : uid=1000(system) StatisticsCHRMs expire 4 lines
07-20 16:01:14.656  1197  1234 I chatty  : uid=1000(system) PowerManagerSer expire 18 lines
07-20 16:01:17.742  1197 10361 I chatty  : uid=1000(system) Binder:1197_20 expire 11 lines
07-20 16:01:20.776  3986  3986 V ActivityThread: Finishing stop of ActivityRecord{d5bd12d token=android.os.BinderProxy@225b823 {com.huawei.android.launcher/com.huawei.android.launcher.unihome.UniHomeLauncher}}
07-20 16:01:20.885  1766  1766 W FingerprintManager: Invalid acquired message: 6, 1001
07-20 16:01:21.035  1197 10340 I chatty  : uid=1000(system) Binder:1197_1F expire 27 lines
07-20 16:01:21.077  1197  1905 I chatty  : uid=1000(system) Binder:1197_4 expire 10 lines
07-20 16:01:21.456  2936 11788 W ContextImpl: Calling a method in the system process without a qualified user: android.app.ContextImpl.bindService:1736 android.content.ContextWrapper.bindService:678 com.huawei.nb.dataservice.dsclient.RemoteServiceConnection.open:90 com.huawei.nb.dataservice.dsclient.DataServiceProxy.connect:105 com.huawei.nb.dataservice.rsclient.internal.RemoteRuleService.start:27 
07-20 16:01:25.702  1766  1766 V KeyguardViewMediator: updateInputRestrictedLocked 1 isInputApp = false, inputRestricted = true
07-20 16:01:25.842  1766  1766 V KeyguardStatusView: refresh statusview showing:true
07-20 16:01:25.865  1766  1766 V KeyguardDisplayManager: show
07-20 16:01:25.881  2150  5309 D AntiBruteForceProcessor: RemainingAuthenticateNum = 5
07-20 16:01:25.912  3986  3986 V ActivityThread: Handle window ActivityRecord{d5bd12d token=android.os.BinderProxy@225b823 {com.huawei.android.launcher/com.huawei.android.launcher.unihome.UniHomeLauncher}} visibility: false
07-20 16:01:42.028  1197  1234 I chatty  : uid=1000(system) PowerManagerSer expire 12 lines
07-20 16:01:42.091   428   436 I vold    : TrimTask running tasks: 0
07-20 16:01:42.587  2936 18996 W SettingsEx: SettingsEx.Systemex.getInt deprecated use Settings.System.getInt instead ;callers=com.huawei.recsys.util.SystemUtil.getNotificationUpdateMode:169 com.huawei.recsys.util.SystemUtil.isAllowUpdate:104 com.huawei.recsys.controller.notification.http.NotificationUpdateController.startNotificationUpdate:85 
07-20 16:01:42.622  1197  3976 I chatty  : uid=1000(system) Binder:1197_1A expire 12 lines
07-20 16:01:42.719  2936 15328 W ContextImpl: Calling a method in the system process without a qualified user: android.app.ContextImpl.bindService:1736 android.content.ContextWrapper.bindService:678 com.huawei.nb.dataservice.dsclient.RemoteServiceConnection.open:90 com.huawei.nb.dataservice.dsclient.DataServiceProxy.connect:105 com.huawei.nb.dataservice.rsclient.internal.RemoteRuleService.start:27 
07-20 16:01:42.820  1197  3775 I chatty  : uid=1000(system) Binder:1197_15 expire 42 lines
07-20 16:01:43.175  1197  1197 I chatty  : uid=1000 system_server expire 23 lines
07-20 16:01:49.612  1197  1391 I chatty  : uid=1000(system) InputDispatcher expire 15 lines
07-20 16:01:58.110  1197  2195 I chatty  : uid=1000(system) Binder:1197_7 expire 33 lines
07-20 16:02:03.523  1197  1377 I chatty  : uid=1000(system) fingerprintServ expire 59 lines
07-20 16:02:03.546  1766  1766 W FingerprintManager: Invalid acquired message: 6, 1002
07-20 16:02:04.018  1766  1766 W FingerprintManager: Invalid acquired message: 6, 1001
07-20 16:02:04.057  1766  1766 W FingerprintManager: Invalid acquired message: 6, 1002
07-20 16:02:04.912  1766  1766 W FingerprintManager: Invalid acquired message: 6, 1003
07-20 16:02:04.912  1766  1766 W FingerprintManager: Invalid acquired message: 6, 1001
07-20 16:02:04.923  1197  3776 I chatty  : uid=1000(system) Binder:1197_16 expire 49 lines
07-20 16:02:04.930  1766  1766 W ViewRootImpl[Toast]: EGLdebug relayoutWindow Surface isSurface(name=null)  (appName =com.android.systemui) ( mSurfaceControllerIsValid =false) (mNativeObject  =0)/@0x30ad9c7,viewVisibility is0
07-20 16:02:04.953  1766  1766 W ViewRootImpl[Toast]: EGLdebug relayoutWindow Surface isSurface(name=null)  (appName =com.android.systemui) ( mSurfaceControllerIsValid =true) (mNativeObject  =718a85c000)/@0x30ad9c7,relayoutResult is7
07-20 16:02:06.314  1766  1766 W FingerprintManager: Invalid acquired message: 6, 1002
07-20 16:02:07.056  1197  1367 I chatty  : uid=1000(system) android.anim expire 34 lines
07-20 16:02:07.410  1766  1766 W ViewRootImpl[Toast]: EGLdebug relayoutWindow Surface isSurface(name=null)  (appName =com.android.systemui) ( mSurfaceControllerIsValid =false) (mNativeObject  =0)/@0x7a77360,viewVisibility is0
07-20 16:02:07.444  1766  1766 W ViewRootImpl[Toast]: EGLdebug relayoutWindow Surface isSurface(name=null)  (appName =com.android.systemui) ( mSurfaceControllerIsValid =true) (mNativeObject  =718a85c000)/@0x7a77360,relayoutResult is7
07-20 16:02:07.482  1766  1766 W FingerprintManager: Invalid acquired message: 6, 1003
07-20 16:02:07.482  1766  1766 W FingerprintManager: Invalid acquired message: 6, 1001
07-20 16:02:08.474  1197  1395 I chatty  : uid=1000(system) HwBinder:1197_2 expire 10 lines
07-20 16:02:08.491  1766  1766 W FingerprintManager: Invalid acquired message: 6, 1002
07-20 16:02:08.831  1766  1766 W FingerprintManager: Invalid acquired message: 6, 1001
07-20 16:02:10.553  1766  1766 W FingerprintManager: Invalid acquired message: 6, 1002
07-20 16:02:10.968 22056 22056 D ActivityThread: ActivityThread,attachApplication
07-20 16:02:11.123  1766  1766 W ViewRootImpl[Toast]: EGLdebug relayoutWindow Surface isSurface(name=null)  (appName =com.android.systemui) ( mSurfaceControllerIsValid =false) (mNativeObject  =0)/@0x27bda24,viewVisibility is0
07-20 16:02:11.140  1766  1766 W ViewRootImpl[Toast]: EGLdebug relayoutWindow Surface isSurface(name=null)  (appName =com.android.systemui) ( mSurfaceControllerIsValid =true) (mNativeObject  =718a85c000)/@0x27bda24,relayoutResult is7
07-20 16:02:11.175  1766  1766 W FingerprintManager: Invalid acquired message: 6, 1003
07-20 16:02:11.175  1766  1766 W FingerprintManager: Invalid acquired message: 6, 1001
07-20 16:02:11.177  1766  1766 W FingerprintManager: Invalid acquired message: 6, 1002
07-20 16:02:11.417  1766  1766 W FingerprintManager: Invalid acquired message: 6, 1001
07-20 16:02:11.432  1766  1766 W FingerprintManager: Invalid acquired message: 6, 1002
07-20 16:02:11.648  1766  1766 W FingerprintManager: Invalid acquired message: 6, 1003
07-20 16:02:11.648  1766  1766 W FingerprintManager: Invalid acquired message: 6, 1001
07-20 16:02:13.279  1197  1373 I chatty  : uid=1000(system) UEventObserver expire 21 lines
07-20 16:02:13.469  2150  5309 D FaceRecognizeService: resetTimeout begin!
07-20 16:02:13.470  2150  2447 E FaceRecognizeService: handleMessage EVT = 1002
07-20 16:02:13.470  2150  2447 D AntiBruteForceProcessor: Reset facerecognize lockout, clearAttemptCounter=true
07-20 16:02:13.509  2150  2447 D AntiBruteForceProcessor: resetTotalFailedTimes current total times = 0
07-20 16:02:13.510  1197  2225 I chatty  : uid=1000(system) Binder:1197_A expire 30 lines
07-20 16:02:13.553  1766  1766 V KeyguardDisplayManager: hide
07-20 16:02:13.554  1197  1377 I chatty  : uid=1000(system) fingerprintServ expire 16 lines
07-20 16:02:13.555  1766  1766 V KeyguardViewMediator: updateInputRestrictedLocked 1 isInputApp = false, inputRestricted = false
07-20 16:02:13.561  1197  1905 I chatty  : uid=1000(system) Binder:1197_4 expire 5 lines
07-20 16:02:13.634  1197  1647 I chatty  : uid=1000(system) WifiP2pService expire 12 lines
07-20 16:02:13.642  1197 10361 I chatty  : uid=1000(system) Binder:1197_20 expire 11 lines
07-20 16:02:13.659  1197  3775 I chatty  : uid=1000(system) Binder:1197_15 expire 33 lines
07-20 16:02:13.676  1197  1197 I chatty  : uid=1000 system_server expire 11 lines
07-20 16:02:13.679 22116 22116 D ActivityThread: ActivityThread,attachApplication
07-20 16:02:14.764 22149 22149 D ActivityThread: ActivityThread,attachApplication
07-20 16:02:15.857  2117  2414 I HwNetworkPolicyManager: getHwUidPolicy uid = 1000 policy = 0
07-20 16:02:15.871 21074 21074 V ActivityThread: ActivityThread,callActivityOnCreate
07-20 16:02:15.956 21074 22220 I HwGeneralManager: isSupportTrikey is:true
07-20 16:02:15.979 21074 21074 D ActivityThread: add activity client record, r= ActivityRecord{2cf6914 token=android.os.BinderProxy@53113fa {com.android.settings/com.android.settings.HWSettings}} token= android.os.BinderProxy@53113fa
07-20 16:02:15.983 21074 21074 W ContextImpl: Calling a method in the system process without a qualified user: android.app.ContextImpl.sendBroadcast:1095 android.content.ContextWrapper.sendBroadcast:436 com.android.settings.HWSettings.onResume:161 android.app.Instrumentation.callActivityOnResume:1364 android.app.Activity.performResume:7479 
07-20 16:02:15.988 22226 22226 D ActivityThread: ActivityThread,attachApplication
07-20 16:02:16.031  1766 15584 I CommandQueue: updateBarBgColor
07-20 16:02:16.031  1766 15584 D CommandQueue: CommandQueue, setBarBackgroundColor
07-20 16:02:16.233 22265 22265 D ActivityThread: ActivityThread,attachApplication
07-20 16:02:16.518  1197  1398 I chatty  : uid=1000(system) CryptdConnector expire 1 line
07-20 16:02:16.858  2150  2482 D HwBootanimService: Boot or Shutdown sound is Capable :false
07-20 16:02:17.029   428   436 D VoldCmdListener: sdlock poll
07-20 16:02:17.029   428   436 I         : poll
07-20 16:02:17.029   428   436 E         : failed to get lockable path
07-20 16:02:17.029   428   436 W Vold    : Returning OperationFailed - no handler for errno 9
07-20 16:02:17.034   428   436 D VoldCmdListener: sdlock poll
07-20 16:02:17.034   428   436 I         : poll
07-20 16:02:17.034   428   436 E         : failed to get lockable path
07-20 16:02:17.034   428   436 W Vold    : Returning OperationFailed - no handler for errno 9
07-20 16:02:35.841 21074 21074 V ActivityThread: ActivityThread,callActivityOnCreate
07-20 16:02:35.848  1197  1367 I chatty  : uid=1000(system) android.anim expire 32 lines
07-20 16:02:35.872  1197  3976 I chatty  : uid=1000(system) Binder:1197_1A expire 19 lines
07-20 16:02:35.874  1197 10340 I chatty  : uid=1000(system) Binder:1197_1F expire 16 lines
07-20 16:02:35.953 21074 21074 D ActivityThread: add activity client record, r= ActivityRecord{797c534 token=android.os.BinderProxy@a81ee0c {com.android.settings/com.android.settings.Settings$DisplaySettingsActivity}} token= android.os.BinderProxy@a81ee0c
07-20 16:02:35.970  1197  2223 I chatty  : uid=1000(system) Binder:1197_8 expire 35 lines
07-20 16:02:36.205  1197  3775 I chatty  : uid=1000(system) Binder:1197_15 expire 12 lines
07-20 16:02:41.685  1197  1197 I chatty  : uid=1000 system_server expire 64 lines
07-20 16:02:56.671  1197  1223 I chatty  : uid=1000(system) android.ui expire 7 lines
07-20 16:02:56.677  2117  2414 I HwNetworkPolicyManager: getHwUidPolicy uid = 10058 policy = 0
07-20 16:02:56.683  1766 15584 I CommandQueue: updateBarBgColor
07-20 16:02:56.683  1766 15584 D CommandQueue: CommandQueue, setBarBackgroundColor
07-20 16:02:56.972  1197  1222 I chatty  : uid=1000(system) ActivityManager expire 8 lines
07-20 16:06:26.169  1197  1219 I chatty  : uid=1000(system) android.bg expire 10 lines
07-20 16:07:15.370  1197  1373 I chatty  : uid=1000(system) UEventObserver expire 11 lines
07-20 16:07:17.173  1197  2195 I chatty  : uid=1000(system) Binder:1197_7 expire 15 lines
07-20 16:07:49.830  1197  1234 I chatty  : uid=1000(system) PowerManagerSer expire 18 lines
07-20 16:07:56.948  3986  3986 V ActivityThread: Finishing stop of ActivityRecord{d5bd12d token=android.os.BinderProxy@225b823 {com.huawei.android.launcher/com.huawei.android.launcher.unihome.UniHomeLauncher}}
07-20 16:07:57.041  1197  2195 I chatty  : uid=1000(system) Binder:1197_7 expire 11 lines
07-20 16:07:57.051  1766  1766 W FingerprintManager: Invalid acquired message: 6, 1001
07-20 16:07:57.069  1197  1231 I chatty  : uid=1000(system) android.display expire 7 lines
07-20 16:07:57.164  1197  1197 I chatty  : uid=1000 system_server expire 24 lines
07-20 16:07:57.408  1197  2580 I chatty  : uid=1000(system) Binder:1197_D expire 34 lines
07-20 16:07:57.682  2936 15370 W ContextImpl: Calling a method in the system process without a qualified user: android.app.ContextImpl.bindService:1736 android.content.ContextWrapper.bindService:678 com.huawei.nb.dataservice.dsclient.RemoteServiceConnection.open:90 com.huawei.nb.dataservice.dsclient.DataServiceProxy.connect:105 com.huawei.nb.dataservice.rsclient.internal.RemoteRuleService.start:27 
07-20 16:07:58.444  1197  2223 I chatty  : uid=1000(system) Binder:1197_8 expire 10 lines
07-20 16:08:00.143  1197  2171 I chatty  : uid=1000(system) MultiTaskManage expire 5 lines
07-20 16:08:00.178  2150  2150 I HwCoreAppHelperService: LocalReceiver receives:android.intent.action.PACKAGE_RESTARTED,pkg:com.huawei.appmarket,uid:10087
07-20 16:08:02.177  1766  1766 V KeyguardViewMediator: updateInputRestrictedLocked 1 isInputApp = false, inputRestricted = true
07-20 16:08:02.281  1766  1766 V KeyguardStatusView: refresh statusview showing:true
07-20 16:08:02.304  1766  1766 V KeyguardDisplayManager: show
07-20 16:08:02.325  2150 22326 D AntiBruteForceProcessor: RemainingAuthenticateNum = 5
07-20 16:08:02.342  3986  3986 V ActivityThread: Handle window ActivityRecord{d5bd12d token=android.os.BinderProxy@225b823 {com.huawei.android.launcher/com.huawei.android.launcher.unihome.UniHomeLauncher}} visibility: false
07-20 16:08:02.363  1197  3775 I chatty  : uid=1000(system) Binder:1197_15 expire 18 lines
07-20 16:08:02.367  1197  1367 I chatty  : uid=1000(system) android.anim expire 10 lines
07-20 16:09:26.859  1197  1392 I chatty  : uid=1000(system) InputReader expire 8 lines
07-20 16:09:26.862  1197  1234 I chatty  : uid=1000(system) PowerManagerSer expire 12 lines
07-20 16:09:26.959  1197 10340 I chatty  : uid=1000(system) Binder:1197_1F expire 5 lines
07-20 16:09:26.959   428   436 I vold    : TrimTask running tasks: 0
07-20 16:09:26.971  1197  1197 I chatty  : uid=1000 system_server expire 38 lines
07-20 16:09:27.019  1197  1374 I chatty  : uid=1000(system) Binder:1197_3 expire 10 lines
07-20 16:09:27.150  1197  1720 I chatty  : uid=1000(system) PhotonicModulat expire 1 line
07-20 16:09:27.153  2936 18996 W SettingsEx: SettingsEx.Systemex.getInt deprecated use Settings.System.getInt instead ;callers=com.huawei.recsys.util.SystemUtil.getNotificationUpdateMode:169 com.huawei.recsys.util.SystemUtil.isAllowUpdate:104 com.huawei.recsys.controller.notification.http.NotificationUpdateController.startNotificationUpdate:85 
07-20 16:09:27.167  1197  2195 I chatty  : uid=1000(system) Binder:1197_7 expire 12 lines
07-20 16:09:27.248  2936 15682 W ContextImpl: Calling a method in the system process without a qualified user: android.app.ContextImpl.bindService:1736 android.content.ContextWrapper.bindService:678 com.huawei.nb.dataservice.dsclient.RemoteServiceConnection.open:90 com.huawei.nb.dataservice.dsclient.DataServiceProxy.connect:105 com.huawei.nb.dataservice.rsclient.internal.RemoteRuleService.start:27 
07-20 16:09:27.658  1197  3775 I chatty  : uid=1000(system) Binder:1197_15 expire 20 lines
07-20 16:09:30.486  1197  3963 I chatty  : uid=1000(system) Binder:1197_17 expire 17 lines
07-20 16:09:30.513  2150  2551 D FaceRecognizeService: resetTimeout begin!
07-20 16:09:30.514  2150  2447 E FaceRecognizeService: handleMessage EVT = 1002
07-20 16:09:30.514  2150  2447 D AntiBruteForceProcessor: Reset facerecognize lockout, clearAttemptCounter=true
07-20 16:09:30.566  2150  2447 D AntiBruteForceProcessor: resetTotalFailedTimes current total times = 0
07-20 16:09:30.569  1197  3977 I chatty  : uid=1000(system) Binder:1197_1B expire 1 line
07-20 16:09:30.596  1766  1766 V KeyguardDisplayManager: hide
07-20 16:09:30.597  1197  1377 I chatty  : uid=1000(system) fingerprintServ expire 6 lines
07-20 16:09:30.598  1197  2225 I chatty  : uid=1000(system) Binder:1197_A expire 7 lines
07-20 16:09:30.598  1766  1766 V KeyguardViewMediator: updateInputRestrictedLocked 1 isInputApp = false, inputRestricted = false
07-20 16:09:30.621  1197  1395 I chatty  : uid=1000(system) HwBinder:1197_2 expire 1 line
07-20 16:09:30.724  1197  1906 I chatty  : uid=1000(system) Binder:1197_5 expire 12 lines
07-20 16:09:30.781  1197  2223 I chatty  : uid=1000(system) Binder:1197_8 expire 7 lines
07-20 16:09:30.802 22586 22586 D ActivityThread: ActivityThread,attachApplication
07-20 16:09:31.875 22619 22619 D ActivityThread: ActivityThread,attachApplication
07-20 16:09:42.806  1197  2116 I chatty  : uid=1000(system) watchdog expire 4 lines
07-20 16:09:46.405  1197  1373 I chatty  : uid=1000(system) UEventObserver expire 8 lines
07-20 16:10:32.324  1197 10219 I chatty  : uid=1000(system) Binder:1197_1D expire 10 lines
07-20 16:10:51.917  1197  1650 I chatty  : uid=1000(system) ConnectivitySer expire 1 line
07-20 16:11:39.433   749   749 I chatty  : uid=1000(system) gnss@1.0-servic expire 5 lines
07-20 16:11:39.453  1197  1906 I chatty  : uid=1000(system) Binder:1197_5 expire 1 line
07-20 16:11:39.457  1197 22749 I chatty  : uid=1000 system_server expire 6 lines
07-20 16:11:39.460  1197  1197 I chatty  : uid=1000 system_server expire 29 lines
07-20 16:11:39.478  1197  2138 I chatty  : uid=1000(system) LocationThread expire 10 lines
07-20 16:11:39.582   749  2144 I chatty  : uid=1000(system) IPC Thread expire 30 lines
07-20 16:11:42.816  1197  2116 I chatty  : uid=1000(system) watchdog expire 9 lines
07-20 16:11:47.229  1197  1373 I chatty  : uid=1000(system) UEventObserver expire 14 lines
07-20 16:11:57.123  1197 10219 I chatty  : uid=1000(system) Binder:1197_1D expire 15 lines
07-20 16:11:59.151  1197 22765 I chatty  : uid=1000 system_server expire 2 lines
07-20 16:11:59.428  1197  1906 I chatty  : uid=1000(system) Binder:1197_5 expire 4 lines
07-20 16:12:00.204  1197  1395 I chatty  : uid=1000(system) HwBinder:1197_2 expire 2 lines
07-20 16:12:00.205   749   749 I chatty  : uid=1000(system) gnss@1.0-servic expire 3 lines
07-20 16:12:00.211   749  2144 I chatty  : uid=1000(system) IPC Thread expire 5 lines
07-20 16:12:00.378  1197  3976 I chatty  : uid=1000(system) Binder:1197_1A expire 25 lines
07-20 16:12:00.389   749   749 I chatty  : uid=1000(system) gnss@1.0-servic expire 1 line
07-20 16:12:01.124   749  2144 I chatty  : uid=1000(system) IPC Thread expire 15 lines
07-20 16:12:01.659  1197  3775 I chatty  : uid=1000(system) Binder:1197_15 expire 23 lines
07-20 16:12:16.178  1197 22782 I chatty  : uid=1000 system_server expire 2 lines
07-20 16:12:17.250  1197  2433 I chatty  : uid=1000(system) HwBinder:1197_5 expire 2 lines
07-20 16:12:31.550  1197  2580 I chatty  : uid=1000(system) Binder:1197_D expire 5 lines
07-20 16:13:01.657  1197  2225 I chatty  : uid=1000(system) Binder:1197_A expire 11 lines
07-20 16:14:07.351  1197  1374 I chatty  : uid=1000(system) Binder:1197_3 expire 6 lines
07-20 16:14:11.953  1197  1234 I chatty  : uid=1000(system) PowerManagerSer expire 4 lines
07-20 16:14:50.183  1197  1222 I chatty  : uid=1000(system) ActivityManager expire 4 lines
07-20 16:14:54.891   739   804 E /system/bin/storaged: pid_info get_pids failed
07-20 16:14:57.219  1197  3775 I chatty  : uid=1000(system) Binder:1197_15 expire 2 lines
07-20 16:15:00.007  1197  1197 I chatty  : uid=1000 system_server expire 8 lines
07-20 16:15:00.339  1197  2225 I chatty  : uid=1000(system) Binder:1197_A expire 11 lines
07-20 16:15:02.879  1197 10219 I chatty  : uid=1000(system) Binder:1197_1D expire 5 lines
07-20 16:15:08.805  1197 10340 I chatty  : uid=1000(system) Binder:1197_1F expire 7 lines
07-20 16:15:18.692  1197  1373 I chatty  : uid=1000(system) UEventObserver expire 4 lines
07-20 16:15:57.255  1197  2223 I chatty  : uid=1000(system) Binder:1197_8 expire 15 lines
07-20 16:15:58.818  1197  1367 I chatty  : uid=1000(system) android.anim expire 10 lines
07-20 16:15:58.855  1197  1223 I chatty  : uid=1000(system) android.ui expire 1 line
07-20 16:15:58.857   749   749 I chatty  : uid=1000(system) gnss@1.0-servic expire 3 lines
07-20 16:15:58.858  1197  2138 I chatty  : uid=1000(system) LocationThread expire 1 line
07-20 16:15:58.859  2117  2414 I HwNetworkPolicyManager: getHwUidPolicy uid = 10176 policy = 0
07-20 16:15:58.876  1766 15584 I CommandQueue: updateBarBgColor
07-20 16:15:58.876  1766 15584 D CommandQueue: CommandQueue, setBarBackgroundColor
07-20 16:15:58.989  1197  1231 I chatty  : uid=1000(system) android.display expire 2 lines
07-20 16:15:58.998   749  2144 I chatty  : uid=1000(system) IPC Thread expire 5 lines
07-20 16:15:58.999   749   749 I chatty  : uid=1000(system) gnss@1.0-servic expire 1 line
07-20 16:15:59.038  1197  1391 I chatty  : uid=1000(system) InputDispatcher expire 64 lines
07-20 16:15:59.169  1197  2225 I chatty  : uid=1000(system) Binder:1197_A expire 45 lines
07-20 16:15:59.204  6101  6101 V ActivityThread: ActivityThread,callActivityOnCreate
07-20 16:15:59.207  1197  3775 I chatty  : uid=1000(system) Binder:1197_15 expire 35 lines
07-20 16:15:59.209  1197  1223 I chatty  : uid=1000(system) android.ui expire 1 line
07-20 16:15:59.237  1197 10219 I chatty  : uid=1000(system) Binder:1197_1D expire 39 lines
07-20 16:15:59.248  6101  6101 D ActivityThread: add activity client record, r= ActivityRecord{804a1c6 token=android.os.BinderProxy@b4ac9a {com.jieshun.jslife/com.jieshun.jslife.activity.userinfo.UserInfoNewActivity}} token= android.os.BinderProxy@b4ac9a
07-20 16:15:59.251  1197  2223 I chatty  : uid=1000(system) Binder:1197_8 expire 22 lines
07-20 16:15:59.287  1197  1367 I chatty  : uid=1000(system) android.anim expire 25 lines
07-20 16:15:59.405  1197  1197 I chatty  : uid=1000 system_server expire 23 lines
07-20 16:15:59.406  1197  1660 I chatty  : uid=1000(system) AudioService expire 10 lines
07-20 16:16:00.620  6101  6101 W ViewRootImpl[UserInfoNewActivity]: Dropping event due to no window focus: KeyEvent { action=ACTION_DOWN, keyCode=384, scanCode=0, metaState=0, flags=0x8, hwFlags=0x0, repeatCount=0, eventTime=26184599, downTime=26184599, deviceId=-1, source=0x101 }
07-20 16:16:00.623  6101  6101 W ViewRootImpl[UserInfoNewActivity]: Cancelling event due to no window focus: KeyEvent { action=ACTION_UP, keyCode=384, scanCode=0, metaState=0, flags=0x28, hwFlags=0x0, repeatCount=0, eventTime=26184603, downTime=26184603, deviceId=-1, source=0x101 }
07-20 16:16:00.623  6101  6101 I chatty  : uid=10176(u0_a176) com.jieshun.jslife identical 14 lines
07-20 16:16:00.623  6101  6101 W ViewRootImpl[UserInfoNewActivity]: Cancelling event due to no window focus: KeyEvent { action=ACTION_UP, keyCode=384, scanCode=0, metaState=0, flags=0x28, hwFlags=0x0, repeatCount=0, eventTime=26184603, downTime=26184603, deviceId=-1, source=0x101 }
07-20 16:16:01.781  6101  6101 W ViewRootImpl[UserInfoNewActivity]: Dropping event due to root view being removed: MotionEvent { action=ACTION_UP, actionButton=0, id[0]=0, x[0]=136.62459, y[0]=-388.98157, toolType[0]=TOOL_TYPE_UNKNOWN, buttonState=0, metaState=0, flags=0x0, edgeFlags=0x0, pointerCount=1, historySize=0, eventTime=26185729, downTime=26185721, deviceId=0, source=0x1002 }
07-20 16:16:01.912  6101  6101 V ActivityThread: ActivityThread,callActivityOnCreate
07-20 16:16:01.937  6101  6101 D ActivityThread: add activity client record, r= ActivityRecord{3ffe889 token=android.os.BinderProxy@c96643a {com.jieshun.jslife/com.jieshun.jslife.activity.userinfo.UserAlignActivity}} token= android.os.BinderProxy@c96643a
07-20 16:16:01.971  6101  6101 W ViewRootImpl[UserAlignActivity]: Dropping event due to no window focus: KeyEvent { action=ACTION_DOWN, keyCode=355, scanCode=0, metaState=0, flags=0x8, hwFlags=0xffffffff, repeatCount=0, eventTime=26185963, downTime=26185963, deviceId=-1, source=0x101 }
07-20 16:16:01.972  6101  6101 W ViewRootImpl[UserAlignActivity]: Cancelling event due to no window focus: KeyEvent { action=ACTION_UP, keyCode=355, scanCode=0, metaState=0, flags=0x28, hwFlags=0xffffffff, repeatCount=0, eventTime=26185966, downTime=26185966, deviceId=-1, source=0x101 }
07-20 16:16:01.973  6101  6101 W ViewRootImpl[UserAlignActivity]: Cancelling event due to no window focus: KeyEvent { action=ACTION_UP, keyCode=355, scanCode=0, metaState=0, flags=0x28, hwFlags=0xffffffff, repeatCount=0, eventTime=26185966, downTime=26185966, deviceId=-1, source=0x101 }
07-20 16:16:02.523   749  2144 I chatty  : uid=1000(system) IPC Thread expire 44 lines
07-20 16:16:04.853  1766 15584 I CommandQueue: updateBarBgColor
07-20 16:16:04.854  1766 15584 D CommandQueue: CommandQueue, setBarBackgroundColor
07-20 16:16:04.967  1766 15584 I CommandQueue: updateBarBgColor
07-20 16:16:04.967  1766 15584 D CommandQueue: CommandQueue, setBarBackgroundColor
07-20 16:16:06.984  1197  1234 I chatty  : uid=1000(system) PowerManagerSer expire 3 lines
07-20 16:16:07.007  1197  1229 I chatty  : uid=1000(system) android.fg expire 1 line
07-20 16:16:07.203  1197  2579 I chatty  : uid=1000(system) Binder:1197_C expire 14 lines
07-20 16:16:07.205  1197  1223 I chatty  : uid=1000(system) android.ui expire 15 lines
07-20 16:16:07.705  1197 10219 I chatty  : uid=1000(system) Binder:1197_1D expire 10 lines
07-20 16:16:09.021  1197  2223 I chatty  : uid=1000(system) Binder:1197_8 expire 10 lines
07-20 16:16:11.897  1197  1222 I chatty  : uid=1000(system) ActivityManager expire 3 lines
07-20 16:16:12.836  1197  2116 I chatty  : uid=1000(system) watchdog expire 2 lines
07-20 16:16:19.109  1197  1373 I chatty  : uid=1000(system) UEventObserver expire 4 lines
07-20 16:16:19.140  1197  1197 I chatty  : uid=1000 system_server expire 11 lines
07-20 16:16:25.601  1197  2138 I chatty  : uid=1000(system) LocationThread expire 68 lines
07-20 16:16:25.605  1197 23020 I chatty  : uid=1000 system_server expire 10 lines
07-20 16:16:26.590  1197 23024 I chatty  : uid=1000 system_server expire 10 lines
07-20 16:16:27.593  1197 23027 I chatty  : uid=1000 system_server expire 10 lines
07-20 16:16:28.582  1197 22957 I chatty  : uid=1000 system_server expire 10 lines
07-20 16:16:30.884  1197  2225 I chatty  : uid=1000(system) Binder:1197_A expire 12 lines
07-20 16:16:39.579   749  2144 D libgps  : proxy_gps_location_cb: called.
07-20 16:16:39.580   749  2144 D libgps  : proxy_gnss_sv_status_cb: called. num_svs(7)
07-20 16:16:40.595   749  2144 D libgps  : proxy_gps_location_cb: called.
07-20 16:16:40.596   749  2144 D libgps  : proxy_gnss_sv_status_cb: called. num_svs(8)
07-20 16:16:41.576   749  2144 D libgps  : proxy_gps_location_cb: called.
07-20 16:16:41.578   749  2144 D libgps  : proxy_gnss_sv_status_cb: called. num_svs(7)
07-20 16:16:41.661  1197  2225 I chatty  : uid=1000(system) Binder:1197_A expire 2 lines
07-20 16:16:42.577   749  2144 D libgps  : proxy_gps_location_cb: called.
07-20 16:16:42.579   749  2144 D libgps  : proxy_gnss_sv_status_cb: called. num_svs(7)
07-20 16:16:43.571   749  2144 D libgps  : proxy_gps_location_cb: called.
07-20 16:16:43.573   749  2144 D libgps  : proxy_gnss_sv_status_cb: called. num_svs(7)
07-20 16:16:44.580   749  2144 D libgps  : proxy_gps_location_cb: called.
07-20 16:16:44.581   749  2144 D libgps  : proxy_gnss_sv_status_cb: called. num_svs(8)
07-20 16:16:45.575   749  2144 D libgps  : proxy_gps_location_cb: called.
07-20 16:16:45.576   749  2144 D libgps  : proxy_gnss_sv_status_cb: called. num_svs(8)
07-20 16:16:46.573   749  2144 D libgps  : proxy_gps_location_cb: called.
07-20 16:16:46.574   749  2144 D libgps  : proxy_gnss_sv_status_cb: called. num_svs(8)
07-20 16:16:46.587  1197 23020 I chatty  : uid=1000 system_server expire 6 lines
07-20 16:16:47.554   749  2144 D libgps  : proxy_gnss_sv_status_cb: called. num_svs(8)
07-20 16:16:47.563  1197  2138 I chatty  : uid=1000(system) LocationThread expire 31 lines
07-20 16:16:47.572  1197 23024 I chatty  : uid=1000 system_server expire 6 lines
07-20 16:16:48.571   749  2144 D libgps  : proxy_gnss_sv_status_cb: called. num_svs(8)
07-20 16:16:48.591  1197 23027 I chatty  : uid=1000 system_server expire 6 lines
07-20 16:16:49.566   749  2144 D libgps  : proxy_gps_location_cb: called.
07-20 16:16:49.568   749  2144 D libgps  : proxy_gnss_sv_status_cb: called. num_svs(8)
07-20 16:16:49.582  1197 22957 I chatty  : uid=1000 system_server expire 4 lines
07-20 16:16:50.565   749  2144 D libgps  : proxy_gps_location_cb: called.
07-20 16:16:50.569   749  2144 D libgps  : proxy_gnss_sv_status_cb: called. num_svs(8)
07-20 16:16:51.571   749  2144 D libgps  : proxy_gps_location_cb: called.
07-20 16:16:51.572   749  2144 D libgps  : proxy_gnss_sv_status_cb: called. num_svs(8)
07-20 16:16:52.567   749  2144 D libgps  : proxy_gnss_sv_status_cb: called. num_svs(8)
07-20 16:16:52.619  1197 10219 I chatty  : uid=1000(system) Binder:1197_1D expire 2 lines
07-20 16:16:53.574   749  2144 D libgps  : proxy_gps_location_cb: called.
07-20 16:16:53.575   749  2144 D libgps  : proxy_gnss_sv_status_cb: called. num_svs(8)
07-20 16:16:54.571   749  2144 D libgps  : proxy_gps_location_cb: called.
07-20 16:16:54.573   749  2144 D libgps  : proxy_gnss_sv_status_cb: called. num_svs(8)
07-20 16:16:55.550   749  2144 D libgps  : proxy_gnss_sv_status_cb: called. num_svs(8)
07-20 16:16:56.568   749  2144 D libgps  : proxy_gnss_sv_status_cb: called. num_svs(8)
07-20 16:16:56.732  1197  2223 I chatty  : uid=1000(system) Binder:1197_8 expire 1 line
07-20 16:16:56.764  1197  1631 I chatty  : uid=1000(system) NetworkStats expire 6 lines
07-20 16:16:56.768  1197  1630 I chatty  : uid=1000(system) NetdConnector expire 4 lines
07-20 16:16:56.823  1197  1631 I chatty  : uid=1000(system) NetworkStats expire 1 line
07-20 16:16:56.904  1197  2579 I chatty  : uid=1000(system) Binder:1197_C expire 5 lines
07-20 16:16:57.010  1197  2225 I chatty  : uid=1000(system) Binder:1197_A expire 8 lines
