07-20 16:30:35.999   749  2144 D libgps  : proxy_gnss_sv_status_cb: called. num_svs(5)
07-20 16:30:36.069  1197  1373 I chatty  : uid=1000(system) UEventObserver expire 2 lines
07-20 16:30:36.993   749  2144 D libgps  : proxy_gnss_sv_status_cb: called. num_svs(5)
07-20 16:30:37.979   749  2144 I chatty  : uid=1000(system) IPC Thread identical 1 line
07-20 16:30:38.975   749  2144 D libgps  : proxy_gnss_sv_status_cb: called. num_svs(5)
07-20 16:30:39.896  1197  1704 I chatty  : uid=1000(system) StatisticsCHRMs expire 4 lines
07-20 16:30:39.994   749  2144 D libgps  : proxy_gnss_sv_status_cb: called. num_svs(5)
07-20 16:30:40.995   749  2144 D libgps  : proxy_gnss_sv_status_cb: called. num_svs(5)
07-20 16:30:42.000   749  2144 D libgps  : proxy_gnss_sv_status_cb: called. num_svs(4)
07-20 16:30:42.906  1197  2116 I chatty  : uid=1000(system) watchdog expire 1 line
07-20 16:30:42.958   749  2144 D libgps  : proxy_gnss_sv_status_cb: called. num_svs(5)
07-20 16:30:43.260  1197 10340 I chatty  : uid=1000(system) Binder:1197_1F expire 28 lines
07-20 16:30:43.963   749  2144 D libgps  : proxy_gnss_sv_status_cb: called. num_svs(4)
07-20 16:30:44.175  6101  6101 W ViewRootImpl[ConsumeOrderDetailActivity]: Dropping event due to root view being removed: MotionEvent { action=ACTION_UP, actionButton=0, id[0]=0, x[0]=261.88202, y[0]=-531.58496, toolType[0]=TOOL_TYPE_UNKNOWN, buttonState=0, metaState=0, flags=0x0, edgeFlags=0x0, pointerCount=1, historySize=0, eventTime=27068142, downTime=27068134, deviceId=0, source=0x1002 }
07-20 16:30:45.000   749  2144 D libgps  : proxy_gnss_sv_status_cb: called. num_svs(5)
07-20 16:30:46.002   749  2144 D libgps  : proxy_gnss_sv_status_cb: called. num_svs(4)
07-20 16:30:46.356  1197  1391 I chatty  : uid=1000(system) InputDispatcher expire 12 lines
07-20 16:30:46.504  1197  1660 I chatty  : uid=1000(system) AudioService expire 8 lines
07-20 16:30:46.957   749  2144 D libgps  : proxy_gnss_sv_status_cb: called. num_svs(4)
07-20 16:30:47.160  6101  6101 W ViewRootImpl[ConsumeOrderDetailActivity]: Dropping event due to root view being removed: MotionEvent { action=ACTION_UP, actionButton=0, id[0]=0, x[0]=402.5744, y[0]=1179.7924, toolType[0]=TOOL_TYPE_UNKNOWN, buttonState=0, metaState=0, flags=0x0, edgeFlags=0x0, pointerCount=1, historySize=0, eventTime=27071136, downTime=27071134, deviceId=0, source=0x1002 }
07-20 16:30:47.429  1197  1367 I chatty  : uid=1000(system) android.anim expire 13 lines
07-20 16:30:47.973   749  2144 D libgps  : proxy_gnss_sv_status_cb: called. num_svs(4)
07-20 16:30:48.993   749  2144 D libgps  : proxy_gnss_sv_status_cb: called. num_svs(4)
07-20 16:30:49.179  1197  1210 I chatty  : uid=1000(system) Binder:1197_1 expire 24 lines
07-20 16:30:49.994   749  2144 D libgps  : proxy_gnss_sv_status_cb: called. num_svs(4)
07-20 16:30:50.999   749  2144 D libgps  : proxy_gnss_sv_status_cb: called. num_svs(5)
07-20 16:30:51.998   749  2144 D libgps  : proxy_gnss_sv_status_cb: called. num_svs(5)
07-20 16:30:52.460  1197  1197 I chatty  : uid=1000 system_server expire 8 lines
07-20 16:30:52.783  1197 10223 I chatty  : uid=1000(system) Binder:1197_1E expire 17 lines
07-20 16:30:52.821  6101  6101 W ViewRootImpl[ConsumeOrderDetailActivity]: Dropping event due to root view being removed: MotionEvent { action=ACTION_UP, actionButton=0, id[0]=0, x[0]=375.38593, y[0]=906.60925, toolType[0]=TOOL_TYPE_UNKNOWN, buttonState=0, metaState=0, flags=0x0, edgeFlags=0x0, pointerCount=1, historySize=0, eventTime=27076769, downTime=27076765, deviceId=0, source=0x1002 }
07-20 16:30:52.997   749  2144 D libgps  : proxy_gnss_sv_status_cb: called. num_svs(5)
07-20 16:30:53.995   749  2144 D libgps  : proxy_gnss_sv_status_cb: called. num_svs(5)
07-20 16:30:54.971   749  2144 D libgps  : proxy_gnss_sv_status_cb: called. num_svs(4)
07-20 16:30:55.997   749  2144 D libgps  : proxy_gnss_sv_status_cb: called. num_svs(4)
07-20 16:30:56.993   749  2144 D libgps  : proxy_gnss_sv_status_cb: called. num_svs(5)
07-20 16:30:57.043  1197  1391 I chatty  : uid=1000(system) InputDispatcher expire 2 lines
07-20 16:30:57.105  1197  2225 I chatty  : uid=1000(system) Binder:1197_A expire 37 lines
07-20 16:30:57.731  6101  6101 V ActivityThread: ActivityThread,callActivityOnCreate
07-20 16:30:57.765  6101  6101 D ActivityThread: add activity client record, r= ActivityRecord{c6db1cd token=android.os.BinderProxy@79d38ed {com.jieshun.jslife/com.jieshun.jslife.activity.userinfo.ConsumeOrderDetailActivity}} token= android.os.BinderProxy@79d38ed
07-20 16:30:57.796  6101  6101 D ActivityThread: Remove activity client record, r= ActivityRecord{76612fd token=android.os.BinderProxy@57184c7 {com.jieshun.jslife/com.jieshun.jslife.activity.userinfo.ConsumeOrderDetailActivity}} token= android.os.BinderProxy@57184c7
07-20 16:30:57.810  1197  1367 I chatty  : uid=1000(system) android.anim expire 20 lines
07-20 16:30:57.813  1197 10223 I chatty  : uid=1000(system) Binder:1197_1E expire 10 lines
07-20 16:30:57.956   749  2144 D libgps  : proxy_gnss_sv_status_cb: called. num_svs(5)
07-20 16:30:58.659  1197  1210 I chatty  : uid=1000(system) Binder:1197_1 expire 23 lines
07-20 16:30:58.957   749  2144 D libgps  : proxy_gnss_sv_status_cb: called. num_svs(5)
07-20 16:30:59.233  6101  6101 W ViewRootImpl[ConsumeOrderDetailActivity]: Dropping event due to root view being removed: MotionEvent { action=ACTION_UP, actionButton=0, id[0]=0, x[0]=441.17346, y[0]=-133.0875, toolType[0]=TOOL_TYPE_UNKNOWN, buttonState=0, metaState=0, flags=0x0, edgeFlags=0x0, pointerCount=1, historySize=0, eventTime=27083209, downTime=27083207, deviceId=0, source=0x1002 }
07-20 16:30:59.997   749  2144 D libgps  : proxy_gnss_sv_status_cb: called. num_svs(6)
07-20 16:31:00.004  1197  1197 I chatty  : uid=1000 system_server expire 17 lines
07-20 16:31:00.793  1197 10340 I chatty  : uid=1000(system) Binder:1197_1F expire 14 lines
07-20 16:31:00.824  1197  3686 I chatty  : uid=1000(system) Binder:1197_13 expire 11 lines
07-20 16:31:00.972  1197 24389 I chatty  : uid=1000 system_server expire 6 lines
07-20 16:31:00.974  1197  2138 I chatty  : uid=1000(system) LocationThread expire 2 lines
07-20 16:31:00.980   749   749 D libgps  : proxy_gps_inject_location: called.
07-20 16:31:01.000   749  2144 D libgps  : proxy_gnss_sv_status_cb: called. num_svs(6)
07-20 16:31:02.031   749  2144 D libgps  : proxy_gnss_sv_status_cb: called. num_svs(6)
07-20 16:31:02.080  1197  1391 I chatty  : uid=1000(system) InputDispatcher expire 9 lines
07-20 16:31:02.231  1197  1660 I chatty  : uid=1000(system) AudioService expire 6 lines
07-20 16:31:03.000   749  2144 D libgps  : proxy_gnss_sv_status_cb: called. num_svs(6)
07-20 16:31:03.983   749  2144 D libgps  : proxy_gnss_sv_status_cb: called. num_svs(6)
07-20 16:31:04.993   749  2144 I chatty  : uid=1000(system) IPC Thread identical 12 lines
07-20 16:31:05.991   749  2144 D libgps  : proxy_gnss_sv_status_cb: called. num_svs(6)
07-20 16:31:06.278  1197  1373 I chatty  : uid=1000(system) UEventObserver expire 4 lines
07-20 16:31:06.996   749  2144 D libgps  : proxy_gnss_sv_status_cb: called. num_svs(6)
07-20 16:31:07.066  1197  1222 I chatty  : uid=1000(system) ActivityManager expire 1 line
07-20 16:31:07.933  6101  6101 W ViewRootImpl[ConsumeOrderDetailActivity]: Dropping event due to root view being removed: MotionEvent { action=ACTION_UP, actionButton=0, id[0]=0, x[0]=698.698, y[0]=-350.019, toolType[0]=TOOL_TYPE_UNKNOWN, buttonState=0, metaState=0, flags=0x0, edgeFlags=0x0, pointerCount=1, historySize=0, eventTime=27091883, downTime=27091878, deviceId=0, source=0x1002 }
07-20 16:31:08.001   749  2144 D libgps  : proxy_gnss_sv_status_cb: called. num_svs(6)
07-20 16:31:08.200  1197  1367 I chatty  : uid=1000(system) android.anim expire 5 lines
07-20 16:31:08.999   749  2144 D libgps  : proxy_gnss_sv_status_cb: called. num_svs(6)
07-20 16:31:10.025   749  2144 D libgps  : proxy_gnss_sv_status_cb: called. num_svs(6)
07-20 16:31:12.017   749  2144 D libgps  : proxy_gnss_sv_status_cb: called. num_svs(6)
07-20 16:31:12.909  1197  2116 I chatty  : uid=1000(system) watchdog expire 2 lines
07-20 16:31:12.985   749  2144 D libgps  : proxy_gnss_sv_status_cb: called. num_svs(6)
07-20 16:31:14.002   749  2144 D libgps  : proxy_gnss_sv_status_cb: called. num_svs(6)
07-20 16:31:15.005   749  2144 D libgps  : proxy_gnss_sv_status_cb: called. num_svs(5)
07-20 16:31:16.005   749  2144 D libgps  : proxy_gnss_sv_status_cb: called. num_svs(5)
07-20 16:31:17.002   749  2144 D libgps  : proxy_gnss_sv_status_cb: called. num_svs(6)
07-20 16:31:17.205  1197  1197 I chatty  : uid=1000 system_server expire 10 lines
07-20 16:31:17.274  1197 10340 I chatty  : uid=1000(system) Binder:1197_1F expire 11 lines
07-20 16:31:17.355  1197  1219 I chatty  : uid=1000(system) android.bg expire 3 lines
07-20 16:31:17.416  1197  1210 I chatty  : uid=1000(system) Binder:1197_1 expire 4 lines
07-20 16:31:18.000   749  2144 D libgps  : proxy_gnss_sv_status_cb: called. num_svs(4)
07-20 16:31:19.001   749  2144 D libgps  : proxy_gnss_sv_status_cb: called. num_svs(5)
07-20 16:31:19.074  1197  2225 I chatty  : uid=1000(system) Binder:1197_A expire 2 lines
07-20 16:31:19.995   749  2144 D libgps  : proxy_gnss_sv_status_cb: called. num_svs(4)
07-20 16:31:21.011   749  2144 D libgps  : proxy_gnss_sv_status_cb: called. num_svs(5)
07-20 16:31:23.993   749  2144 D libgps  : proxy_gnss_sv_status_cb: called. num_svs(5)
07-20 16:31:24.990   749  2144 D libgps  : proxy_gnss_sv_status_cb: called. num_svs(5)
07-20 16:31:28.994   749  2144 D libgps  : proxy_gnss_sv_status_cb: called. num_svs(5)
07-20 16:31:30.007   749  2144 D libgps  : proxy_gnss_sv_status_cb: called. num_svs(4)
07-20 16:31:32.002   749  2144 D libgps  : proxy_gnss_sv_status_cb: called. num_svs(4)
07-20 16:31:32.671  1197  1197 I chatty  : uid=1000 system_server expire 10 lines
07-20 16:31:32.991   749  2144 D libgps  : proxy_gnss_sv_status_cb: called. num_svs(4)
07-20 16:31:34.003   749  2144 D libgps  : proxy_gnss_sv_status_cb: called. num_svs(4)
07-20 16:31:34.996   749  2144 D libgps  : proxy_gnss_sv_status_cb: called. num_svs(4)
07-20 16:31:36.000   749  2144 D libgps  : proxy_gnss_sv_status_cb: called. num_svs(4)
07-20 16:31:36.995   749  2144 D libgps  : proxy_gnss_sv_status_cb: called. num_svs(4)
07-20 16:31:41.993   749  2144 D libgps  : proxy_gnss_sv_status_cb: called. num_svs(4)
07-20 16:31:42.999   749  2144 D libgps  : proxy_gnss_sv_status_cb: called. num_svs(5)
07-20 16:31:43.986   749  2144 D libgps  : proxy_gnss_sv_status_cb: called. num_svs(5)
07-20 16:31:45.002   749  2144 D libgps  : proxy_gnss_sv_status_cb: called. num_svs(5)
07-20 16:31:45.997   749  2144 I chatty  : uid=1000(system) IPC Thread identical 5 lines
07-20 16:31:46.994   749  2144 D libgps  : proxy_gnss_sv_status_cb: called. num_svs(5)
07-20 16:31:47.989   749  2144 D libgps  : proxy_gnss_sv_status_cb: called. num_svs(5)
07-20 16:31:48.988   749  2144 D libgps  : proxy_gnss_sv_status_cb: called. num_svs(5)
07-20 16:31:54.000   749  2144 D libgps  : proxy_gnss_sv_status_cb: called. num_svs(5)
07-20 16:31:54.991   749  2144 D libgps  : proxy_gnss_sv_status_cb: called. num_svs(5)
07-20 16:31:56.003   749  2144 D libgps  : proxy_gnss_sv_status_cb: called. num_svs(5)
07-20 16:31:56.726  1197  2225 I chatty  : uid=1000(system) Binder:1197_A expire 9 lines
07-20 16:31:56.800  1197  1210 I chatty  : uid=1000(system) Binder:1197_1 expire 22 lines
07-20 16:31:57.009   749  2144 D libgps  : proxy_gnss_sv_status_cb: called. num_svs(5)
07-20 16:31:57.958   749  2144 D libgps  : proxy_gnss_sv_status_cb: called. num_svs(5)
07-20 16:31:57.961  6101  6101 W ViewRootImpl[ConsumeOrderDetailActivity]: Dropping event due to root view being removed: MotionEvent { action=ACTION_UP, actionButton=0, id[0]=0, x[0]=384.14862, y[0]=-476.6739, toolType[0]=TOOL_TYPE_UNKNOWN, buttonState=0, metaState=0, flags=0x0, edgeFlags=0x0, pointerCount=1, historySize=0, eventTime=27141938, downTime=27141935, deviceId=0, source=0x1002 }
07-20 16:31:58.214  1197  1367 I chatty  : uid=1000(system) android.anim expire 15 lines
07-20 16:31:58.590  1197 10340 I chatty  : uid=1000(system) Binder:1197_1F expire 25 lines
07-20 16:31:58.958   749  2144 D libgps  : proxy_gnss_sv_status_cb: called. num_svs(5)
07-20 16:31:59.245  1197  1391 I chatty  : uid=1000(system) InputDispatcher expire 5 lines
07-20 16:31:59.396  1197  1660 I chatty  : uid=1000(system) AudioService expire 2 lines
07-20 16:31:59.981   749  2144 D libgps  : proxy_gnss_sv_status_cb: called. num_svs(5)
07-20 16:32:00.998   749  2144 D libgps  : proxy_gnss_sv_status_cb: called. num_svs(4)
07-20 16:32:01.393  6101  6101 W ViewRootImpl[ConsumeOrderDetailActivity]: Dropping event due to root view being removed: MotionEvent { action=ACTION_UP, actionButton=0, id[0]=0, x[0]=267.20654, y[0]=-502.43082, toolType[0]=TOOL_TYPE_UNKNOWN, buttonState=0, metaState=0, flags=0x0, edgeFlags=0x0, pointerCount=1, historySize=0, eventTime=27145355, downTime=27145344, deviceId=0, source=0x1002 }
07-20 16:32:02.001   749  2144 D libgps  : proxy_gnss_sv_status_cb: called. num_svs(4)
07-20 16:32:02.966   749  2144 D libgps  : proxy_gnss_sv_status_cb: called. num_svs(4)
07-20 16:32:03.535  1197  1222 I chatty  : uid=1000(system) ActivityManager expire 1 line
07-20 16:32:03.958   749  2144 D libgps  : proxy_gnss_sv_status_cb: called. num_svs(4)
07-20 16:32:04.790  1197  3686 I chatty  : uid=1000(system) Binder:1197_13 expire 11 lines
07-20 16:32:04.818  6101  6101 W ViewRootImpl[ConsumeOrderDetailActivity]: Dropping event due to root view being removed: MotionEvent { action=ACTION_CANCEL, actionButton=0, id[0]=0, x[0]=32.0, y[0]=-268.0, toolType[0]=TOOL_TYPE_UNKNOWN, buttonState=0, metaState=0, flags=0x0, edgeFlags=0x0, pointerCount=1, historySize=0, eventTime=27148777, downTime=27148769, deviceId=0, source=0x1002 }
07-20 16:32:04.819  6101  6101 W ViewRootImpl[ConsumeOrderDetailActivity]: Dropping event due to root view being removed: MotionEvent { action=ACTION_DOWN, actionButton=0, id[0]=0, x[0]=106.0, y[0]=143.0, toolType[0]=TOOL_TYPE_UNKNOWN, buttonState=0, metaState=0, flags=0x0, edgeFlags=0x0, pointerCount=1, historySize=0, eventTime=27148769, downTime=27148769, deviceId=0, source=0x1002 }
07-20 16:32:04.820  6101  6101 W ViewRootImpl[ConsumeOrderDetailActivity]: Dropping event due to root view being removed: MotionEvent { action=ACTION_UP, actionButton=0, id[0]=0, x[0]=42.924606, y[0]=-267.94882, toolType[0]=TOOL_TYPE_UNKNOWN, buttonState=0, metaState=0, flags=0x0, edgeFlags=0x0, pointerCount=1, historySize=0, eventTime=27148774, downTime=27148769, deviceId=0, source=0x1002 }
07-20 16:32:04.977   749  2144 D libgps  : proxy_gnss_sv_status_cb: called. num_svs(5)
07-20 16:32:05.990   749  2144 D libgps  : proxy_gnss_sv_status_cb: called. num_svs(5)
07-20 16:32:06.700  1197  1373 I chatty  : uid=1000(system) UEventObserver expire 2 lines
07-20 16:32:06.754  1197  1197 I chatty  : uid=1000 system_server expire 2 lines
07-20 16:32:06.962   749  2144 D libgps  : proxy_gnss_sv_status_cb: called. num_svs(6)
07-20 16:32:07.104  1197  1210 I chatty  : uid=1000(system) Binder:1197_1 expire 13 lines
07-20 16:32:07.985   749  2144 D libgps  : proxy_gnss_sv_status_cb: called. num_svs(5)
07-20 16:32:08.703  6101  6101 W ViewRootImpl[ConsumeOrderDetailActivity]: Dropping event due to root view being removed: MotionEvent { action=ACTION_MOVE, actionButton=0, id[0]=0, x[0]=809.1667, y[0]=1170.5408, toolType[0]=TOOL_TYPE_UNKNOWN, buttonState=0, metaState=0, flags=0x0, edgeFlags=0x0, pointerCount=1, historySize=0, eventTime=27152670, downTime=27152660, deviceId=0, source=0x1002 }
07-20 16:32:08.954  1197  1367 I chatty  : uid=1000(system) android.anim expire 7 lines
07-20 16:32:09.003   749  2144 D libgps  : proxy_gnss_sv_status_cb: called. num_svs(6)
07-20 16:32:09.265  1197 10340 I chatty  : uid=1000(system) Binder:1197_1F expire 22 lines
07-20 16:32:09.769  1197  1223 I chatty  : uid=1000(system) android.ui expire 30 lines
07-20 16:32:09.994   749  2144 D libgps  : proxy_gnss_sv_status_cb: called. num_svs(6)
07-20 16:32:10.961   749  2144 D libgps  : proxy_gnss_sv_status_cb: called. num_svs(6)
07-20 16:32:11.095  1197  1210 I chatty  : uid=1000(system) Binder:1197_1 expire 28 lines
07-20 16:32:11.215  1197  1367 I chatty  : uid=1000(system) android.anim expire 11 lines
07-20 16:32:11.469  6101  6101 V ActivityThread: ActivityThread,callActivityOnCreate
07-20 16:32:11.503  6101  6101 D ActivityThread: add activity client record, r= ActivityRecord{c4e7029 token=android.os.BinderProxy@6be9949 {com.jieshun.jslife/com.jieshun.jslife.activity.userinfo.ConsumeOrderDetailActivity}} token= android.os.BinderProxy@6be9949
07-20 16:32:11.508  1197 10340 I chatty  : uid=1000(system) Binder:1197_1F expire 18 lines
07-20 16:32:11.539  6101  6101 D ActivityThread: Remove activity client record, r= ActivityRecord{c6db1cd token=android.os.BinderProxy@79d38ed {com.jieshun.jslife/com.jieshun.jslife.activity.userinfo.ConsumeOrderDetailActivity}} token= android.os.BinderProxy@79d38ed
07-20 16:32:11.979   749  2144 D libgps  : proxy_gnss_sv_status_cb: called. num_svs(5)
07-20 16:32:12.913  1197  2116 I chatty  : uid=1000(system) watchdog expire 2 lines
07-20 16:32:13.001   749  2144 D libgps  : proxy_gnss_sv_status_cb: called. num_svs(5)
07-20 16:32:16.000   749  2144 I chatty  : uid=1000(system) IPC Thread identical 10 lines
07-20 16:32:17.002   749  2144 D libgps  : proxy_gnss_sv_status_cb: called. num_svs(5)
07-20 16:32:17.605  1197  2225 I chatty  : uid=1000(system) Binder:1197_A expire 11 lines
07-20 16:32:17.975   749  2144 D libgps  : proxy_gnss_sv_status_cb: called. num_svs(5)
07-20 16:32:19.012   749  2144 D libgps  : proxy_gnss_sv_status_cb: called. num_svs(4)
07-20 16:32:20.003   749  2144 D libgps  : proxy_gnss_sv_status_cb: called. num_svs(4)
07-20 16:32:20.794  1197  1222 I chatty  : uid=1000(system) ActivityManager expire 1 line
07-20 16:32:20.997   749  2144 D libgps  : proxy_gnss_sv_status_cb: called. num_svs(5)
07-20 16:32:24.002   749  2144 D libgps  : proxy_gnss_sv_status_cb: called. num_svs(5)
07-20 16:32:24.989   749  2144 D libgps  : proxy_gnss_sv_status_cb: called. num_svs(5)
07-20 16:32:28.002   749  2144 D libgps  : proxy_gnss_sv_status_cb: called. num_svs(5)
07-20 16:32:28.991   749  2144 D libgps  : proxy_gnss_sv_status_cb: called. num_svs(4)
07-20 16:32:29.355  1197 10340 I chatty  : uid=1000(system) Binder:1197_1F expire 2 lines
07-20 16:32:29.996   749  2144 D libgps  : proxy_gnss_sv_status_cb: called. num_svs(4)
07-20 16:32:31.995   749  2144 D libgps  : proxy_gnss_sv_status_cb: called. num_svs(4)
07-20 16:32:32.670  1197  1197 I chatty  : uid=1000 system_server expire 4 lines
07-20 16:32:32.985   749  2144 D libgps  : proxy_gnss_sv_status_cb: called. num_svs(4)
07-20 16:32:35.995   749  2144 D libgps  : proxy_gnss_sv_status_cb: called. num_svs(4)
07-20 16:32:36.905  1197  1373 I chatty  : uid=1000(system) UEventObserver expire 2 lines
07-20 16:32:37.022   749  2144 D libgps  : proxy_gnss_sv_status_cb: called. num_svs(4)
07-20 16:32:37.992   749  2144 D libgps  : proxy_gnss_sv_status_cb: called. num_svs(4)
07-20 16:32:39.007   749  2144 D libgps  : proxy_gnss_sv_status_cb: called. num_svs(5)
07-20 16:32:40.995   749  2144 I chatty  : uid=1000(system) IPC Thread identical 3 lines
07-20 16:32:42.001   749  2144 D libgps  : proxy_gnss_sv_status_cb: called. num_svs(5)
07-20 16:32:43.005   749  2144 D libgps  : proxy_gnss_sv_status_cb: called. num_svs(6)
07-20 16:32:45.003   749  2144 D libgps  : proxy_gnss_sv_status_cb: called. num_svs(6)
07-20 16:32:46.005   749  2144 D libgps  : proxy_gnss_sv_status_cb: called. num_svs(7)
07-20 16:32:47.015   749  2144 D libgps  : proxy_gnss_sv_status_cb: called. num_svs(7)
07-20 16:32:47.972   749  2144 D libgps  : proxy_gps_location_cb: called.
07-20 16:32:47.975   749  2144 D libgps  : proxy_gnss_sv_status_cb: called. num_svs(7)
07-20 16:32:47.980  1197  2138 I chatty  : uid=1000(system) LocationThread expire 31 lines
07-20 16:32:47.989  1197 24500 I chatty  : uid=1000 system_server expire 6 lines
07-20 16:32:48.090  1197 10223 I chatty  : uid=1000(system) Binder:1197_1E expire 3 lines
07-20 16:32:49.015   749  2144 D libgps  : proxy_gps_location_cb: called.
07-20 16:32:49.016   749  2144 D libgps  : proxy_gnss_sv_status_cb: called. num_svs(7)
07-20 16:32:49.032  1197 24506 I chatty  : uid=1000 system_server expire 6 lines
07-20 16:32:50.022   749  2144 D libgps  : proxy_gps_location_cb: called.
07-20 16:32:50.024   749  2144 D libgps  : proxy_gnss_sv_status_cb: called. num_svs(7)
07-20 16:32:50.040  1197 24508 I chatty  : uid=1000 system_server expire 6 lines
07-20 16:32:51.017   749  2144 D libgps  : proxy_gps_location_cb: called.
07-20 16:32:51.018   749  2144 D libgps  : proxy_gnss_sv_status_cb: called. num_svs(7)
07-20 16:32:51.029  1197 24509 I chatty  : uid=1000 system_server expire 5 lines
07-20 16:32:52.027   749  2144 D libgps  : proxy_gps_location_cb: called.
07-20 16:32:52.029   749  2144 D libgps  : proxy_gnss_sv_status_cb: called. num_svs(7)
07-20 16:32:53.023   749  2144 D libgps  : proxy_gps_location_cb: called.
07-20 16:32:53.026   749  2144 D libgps  : proxy_gnss_sv_status_cb: called. num_svs(7)
07-20 16:32:54.012   749  2144 D libgps  : proxy_gps_location_cb: called.
07-20 16:32:54.013   749  2144 D libgps  : proxy_gnss_sv_status_cb: called. num_svs(7)
07-20 16:32:54.920  1197  3686 I chatty  : uid=1000(system) Binder:1197_13 expire 1 line
07-20 16:32:55.003   749  2144 D libgps  : proxy_gps_location_cb: called.
07-20 16:32:55.005   749  2144 D libgps  : proxy_gnss_sv_status_cb: called. num_svs(7)
07-20 16:32:56.016   749  2144 D libgps  : proxy_gps_location_cb: called.
07-20 16:32:56.017   749  2144 D libgps  : proxy_gnss_sv_status_cb: called. num_svs(7)
07-20 16:32:57.016   749  2144 D libgps  : proxy_gps_location_cb: called.
07-20 16:32:57.018   749  2144 D libgps  : proxy_gnss_sv_status_cb: called. num_svs(7)
07-20 16:32:58.019   749  2144 D libgps  : proxy_gps_location_cb: called.
07-20 16:32:58.021   749  2144 D libgps  : proxy_gnss_sv_status_cb: called. num_svs(7)
07-20 16:32:58.028  1197  2138 I chatty  : uid=1000(system) LocationThread expire 6 lines
07-20 16:32:59.007   749  2144 D libgps  : proxy_gnss_sv_status_cb: called. num_svs(7)
07-20 16:32:59.020  1197 24509 I chatty  : uid=1000 system_server expire 1 line
07-20 16:33:00.003  1197  1197 I chatty  : uid=1000 system_server expire 2 lines
07-20 16:33:00.021   749  2144 D libgps  : proxy_gnss_sv_status_cb: called. num_svs(7)
07-20 16:33:00.031  1197  2138 I chatty  : uid=1000(system) LocationThread expire 2 lines
07-20 16:33:00.041  1197 24500 I chatty  : uid=1000 system_server expire 2 lines
07-20 16:33:00.076  1197  2138 I chatty  : uid=1000(system) LocationThread expire 1 line
07-20 16:33:00.328  1197  3686 I chatty  : uid=1000(system) Binder:1197_13 expire 1 line
07-20 16:33:01.030   749  2144 D libgps  : proxy_gps_location_cb: called.
07-20 16:33:01.031   749  2144 D libgps  : proxy_gnss_sv_status_cb: called. num_svs(7)
07-20 16:33:01.039  1197  2138 I chatty  : uid=1000(system) LocationThread expire 2 lines
07-20 16:33:01.043  1197 24506 I chatty  : uid=1000 system_server expire 2 lines
07-20 16:33:01.060  1197  2138 I chatty  : uid=1000(system) LocationThread expire 3 lines
07-20 16:33:02.023   749  2144 D libgps  : proxy_gps_location_cb: called.
07-20 16:33:02.025   749  2144 D libgps  : proxy_gnss_sv_status_cb: called. num_svs(7)
07-20 16:33:02.036  1197 24508 I chatty  : uid=1000 system_server expire 2 lines
07-20 16:33:02.054  1197  2138 I chatty  : uid=1000(system) LocationThread expire 2 lines
07-20 16:33:03.014   749  2144 D libgps  : proxy_gps_location_cb: called.
07-20 16:33:03.016   749  2144 D libgps  : proxy_gnss_sv_status_cb: called. num_svs(6)
07-20 16:33:03.028  1197 24509 I chatty  : uid=1000 system_server expire 2 lines
07-20 16:33:03.040  1197  2138 I chatty  : uid=1000(system) LocationThread expire 3 lines
07-20 16:33:04.014   749  2144 D libgps  : proxy_gps_location_cb: called.
07-20 16:33:04.016   749  2144 D libgps  : proxy_gnss_sv_status_cb: called. num_svs(7)
07-20 16:33:04.026  1197 24500 I chatty  : uid=1000 system_server expire 2 lines
07-20 16:33:04.038  1197  2138 I chatty  : uid=1000(system) LocationThread expire 3 lines
07-20 16:33:05.018   749  2144 D libgps  : proxy_gps_location_cb: called.
07-20 16:33:05.019   749  2144 D libgps  : proxy_gnss_sv_status_cb: called. num_svs(7)
07-20 16:33:05.029  1197 24506 I chatty  : uid=1000 system_server expire 2 lines
07-20 16:33:05.041  1197  2138 I chatty  : uid=1000(system) LocationThread expire 3 lines
07-20 16:33:06.015   749  2144 D libgps  : proxy_gps_location_cb: called.
07-20 16:33:06.016   749  2144 D libgps  : proxy_gnss_sv_status_cb: called. num_svs(7)
07-20 16:33:06.029  1197 24508 I chatty  : uid=1000 system_server expire 2 lines
07-20 16:33:06.036  1197  2138 I chatty  : uid=1000(system) LocationThread expire 4 lines
07-20 16:33:06.059  1197 10223 I chatty  : uid=1000(system) Binder:1197_1E expire 1 line
07-20 16:33:07.018   749  2144 D libgps  : proxy_gnss_sv_status_cb: called. num_svs(6)
07-20 16:33:07.032  1197 24509 I chatty  : uid=1000 system_server expire 10 lines
07-20 16:33:07.040  1197  2138 I chatty  : uid=1000(system) LocationThread expire 33 lines
07-20 16:33:07.119  1197  1373 I chatty  : uid=1000(system) UEventObserver expire 4 lines
07-20 16:33:07.144  1197  1197 I chatty  : uid=1000 system_server expire 12 lines
07-20 16:33:08.008   749  2144 D libgps  : proxy_gps_location_cb: called.
07-20 16:33:08.010   749  2144 D libgps  : proxy_gnss_sv_status_cb: called. num_svs(6)
07-20 16:33:08.021  1197 24500 I chatty  : uid=1000 system_server expire 10 lines
07-20 16:33:09.020   749  2144 D libgps  : proxy_gps_location_cb: called.
07-20 16:33:09.020   749  2144 D libgps  : proxy_gnss_sv_status_cb: called. num_svs(6)
07-20 16:33:09.032  1197 24506 I chatty  : uid=1000 system_server expire 10 lines
07-20 16:33:09.998   749  2144 D libgps  : proxy_gnss_sv_status_cb: called. num_svs(6)
07-20 16:33:10.004  1197 24508 I chatty  : uid=1000 system_server expire 10 lines
07-20 16:33:10.421  1197 10223 I chatty  : uid=1000(system) Binder:1197_1E expire 14 lines
07-20 16:33:10.500  1197  2225 I chatty  : uid=1000(system) Binder:1197_A expire 6 lines
07-20 16:33:10.512  1197  1219 I chatty  : uid=1000(system) android.bg expire 8 lines
07-20 16:33:11.001   749  2144 D libgps  : proxy_gnss_sv_status_cb: called. num_svs(6)
07-20 16:33:12.022   749  2144 D libgps  : proxy_gnss_sv_status_cb: called. num_svs(6)
07-20 16:33:12.918  1197  2116 I chatty  : uid=1000(system) watchdog expire 1 line
07-20 16:33:13.018   749  2144 D libgps  : proxy_gnss_sv_status_cb: called. num_svs(6)
07-20 16:33:14.013   749  2144 D libgps  : proxy_gnss_sv_status_cb: called. num_svs(6)
07-20 16:33:15.018   749  2144 D libgps  : proxy_gnss_sv_status_cb: called. num_svs(6)
07-20 16:33:16.018   749  2144 D libgps  : proxy_gps_location_cb: called.
07-20 16:33:16.020   749  2144 D libgps  : proxy_gnss_sv_status_cb: called. num_svs(6)
07-20 16:33:17.009   749  2144 D libgps  : proxy_gps_location_cb: called.
07-20 16:33:17.010   749  2144 D libgps  : proxy_gnss_sv_status_cb: called. num_svs(7)
07-20 16:33:17.822  1197  1387 I chatty  : uid=1000(system) AlarmManager expire 1 line
07-20 16:33:17.988   749  2144 D libgps  : proxy_gps_location_cb: called.
07-20 16:33:17.989   749  2144 D libgps  : proxy_gnss_sv_status_cb: called. num_svs(7)
07-20 16:33:17.996  1197  2138 I chatty  : uid=1000(system) LocationThread expire 34 lines
07-20 16:33:18.075  1197  3686 I chatty  : uid=1000(system) Binder:1197_13 expire 10 lines
07-20 16:33:19.022   749  2144 D libgps  : proxy_gps_location_cb: called.
07-20 16:33:19.023   749  2144 D libgps  : proxy_gnss_sv_status_cb: called. num_svs(7)
07-20 16:33:20.028   749  2144 D libgps  : proxy_gps_location_cb: called.
07-20 16:33:20.029   749  2144 D libgps  : proxy_gnss_sv_status_cb: called. num_svs(7)
07-20 16:33:21.004   749  2144 D libgps  : proxy_gps_location_cb: called.
07-20 16:33:21.005   749  2144 D libgps  : proxy_gnss_sv_status_cb: called. num_svs(7)
07-20 16:33:22.011   749  2144 D libgps  : proxy_gps_location_cb: called.
07-20 16:33:22.012   749  2144 D libgps  : proxy_gnss_sv_status_cb: called. num_svs(7)
07-20 16:33:23.016   749  2144 D libgps  : proxy_gps_location_cb: called.
07-20 16:33:23.018   749  2144 D libgps  : proxy_gnss_sv_status_cb: called. num_svs(7)
07-20 16:33:24.015   749  2144 D libgps  : proxy_gps_location_cb: called.
07-20 16:33:24.016   749  2144 D libgps  : proxy_gnss_sv_status_cb: called. num_svs(6)
07-20 16:33:24.067  1197  2580 I chatty  : uid=1000(system) Binder:1197_D expire 2 lines
07-20 16:33:25.013   749  2144 D libgps  : proxy_gps_location_cb: called.
07-20 16:33:25.016   749  2144 D libgps  : proxy_gnss_sv_status_cb: called. num_svs(6)
07-20 16:33:26.033   749  2144 D libgps  : proxy_gnss_sv_status_cb: called. num_svs(7)
07-20 16:33:26.069  1197  1227 I chatty  : uid=1000(system) batterystats-sy expire 2 lines
07-20 16:33:26.106  1766  1766 W PowerUI : unknown intent: Intent { act=android.intent.action.ACTION_POWER_DISCONNECTED flg=0x4000010 (has extras) }
07-20 16:33:26.120  1197  1246 I chatty  : uid=1000(system) HwBinder:1197_1 expire 1 line
07-20 16:33:26.120  1197  1229 I chatty  : uid=1000(system) android.fg expire 3 lines
07-20 16:33:26.142  1197  1197 I chatty  : uid=1000 system_server expire 13 lines
07-20 16:33:26.166  1197  1234 I chatty  : uid=1000(system) PowerManagerSer expire 1 line
07-20 16:33:26.238  1197  1630 I chatty  : uid=1000(system) NetdConnector expire 2 lines
07-20 16:33:26.253  1197 10361 I chatty  : uid=1000(system) Binder:1197_20 expire 1 line
07-20 16:33:26.379  1197 10340 I chatty  : uid=1000(system) Binder:1197_1F expire 3 lines
07-20 16:33:26.420  1197  1210 I chatty  : uid=1000(system) Binder:1197_1 expire 1 line
07-20 16:33:26.440 24563 24563 D ActivityThread: ActivityThread,attachApplication
07-20 16:33:26.738  1197  3977 I chatty  : uid=1000(system) Binder:1197_1B expire 2 lines
07-20 16:33:26.992   749  2144 D libgps  : proxy_gnss_sv_status_cb: called. num_svs(7)
07-20 16:33:26.999  1197 24500 I chatty  : uid=1000 system_server expire 2 lines
07-20 16:33:27.065  1197  2764 I chatty  : uid=1000(system) HwUsbHDBManager expire 2 lines
07-20 16:33:27.114  1197  1222 I chatty  : uid=1000(system) ActivityManager expire 4 lines
07-20 16:33:27.496 24599 24599 D ActivityThread: ActivityThread,attachApplication
07-20 16:33:27.497  1197  2194 I chatty  : uid=1000(system) Binder:1197_6 expire 1 line
07-20 16:33:27.987   749  2144 D libgps  : proxy_gnss_sv_status_cb: called. num_svs(7)
07-20 16:33:27.994  1197 24506 I chatty  : uid=1000 system_server expire 2 lines
07-20 16:33:29.031   749  2144 D libgps  : proxy_gps_location_cb: called.
07-20 16:33:29.032   749  2144 D libgps  : proxy_gnss_sv_status_cb: called. num_svs(7)
07-20 16:33:29.042  1197  2138 I chatty  : uid=1000(system) LocationThread expire 1 line
07-20 16:33:29.046  1197 24508 I chatty  : uid=1000 system_server expire 2 lines
07-20 16:33:29.054  1197  2138 I chatty  : uid=1000(system) LocationThread expire 3 lines
07-20 16:33:30.014   749  2144 D libgps  : proxy_gps_location_cb: called.
07-20 16:33:30.018   749  2144 D libgps  : proxy_gnss_sv_status_cb: called. num_svs(7)
07-20 16:33:30.031  1197 24509 I chatty  : uid=1000 system_server expire 2 lines
07-20 16:33:30.037  1197  2138 I chatty  : uid=1000(system) LocationThread expire 3 lines
07-20 16:33:31.022   749  2144 D libgps  : proxy_gps_location_cb: called.
07-20 16:33:31.024   749  2144 D libgps  : proxy_gnss_sv_status_cb: called. num_svs(8)
07-20 16:33:31.035  1197 24500 I chatty  : uid=1000 system_server expire 2 lines
07-20 16:33:31.042  1197  2138 I chatty  : uid=1000(system) LocationThread expire 3 lines
07-20 16:33:32.017   749  2144 D libgps  : proxy_gps_location_cb: called.
07-20 16:33:32.019   749  2144 D libgps  : proxy_gnss_sv_status_cb: called. num_svs(7)
07-20 16:33:32.033  1197 24506 I chatty  : uid=1000 system_server expire 2 lines
07-20 16:33:32.039  1197  2138 I chatty  : uid=1000(system) LocationThread expire 33 lines
07-20 16:33:33.032   749  2144 D libgps  : proxy_gps_location_cb: called.
07-20 16:33:33.033   749  2144 D libgps  : proxy_gnss_sv_status_cb: called. num_svs(9)
07-20 16:33:33.045  1197 24508 I chatty  : uid=1000 system_server expire 10 lines
07-20 16:33:34.013   749  2144 D libgps  : proxy_gps_location_cb: called.
07-20 16:33:34.014   749  2144 D libgps  : proxy_gnss_sv_status_cb: called. num_svs(7)
07-20 16:33:34.025  1197 24509 I chatty  : uid=1000 system_server expire 8 lines
07-20 16:33:35.006   749  2144 D libgps  : proxy_gps_location_cb: called.
07-20 16:33:35.012   749  2144 D libgps  : proxy_gnss_sv_status_cb: called. num_svs(7)
07-20 16:33:35.035  1197 24500 I chatty  : uid=1000 system_server expire 8 lines
07-20 16:33:36.022   749  2144 D libgps  : proxy_gps_location_cb: called.
07-20 16:33:36.023   749  2144 D libgps  : proxy_gnss_sv_status_cb: called. num_svs(7)
07-20 16:33:36.036  1197 24506 I chatty  : uid=1000 system_server expire 8 lines
07-20 16:33:37.017   749  2144 D libgps  : proxy_gps_location_cb: called.
07-20 16:33:37.018   749  2144 D libgps  : proxy_gnss_sv_status_cb: called. num_svs(7)
07-20 16:33:37.118  1197  2194 I chatty  : uid=1000(system) Binder:1197_6 expire 11 lines
07-20 16:33:38.036   749  2144 D libgps  : proxy_gps_location_cb: called.
07-20 16:33:38.037   749  2144 D libgps  : proxy_gnss_sv_status_cb: called. num_svs(8)
07-20 16:33:39.005   749  2144 D libgps  : proxy_gps_location_cb: called.
07-20 16:33:39.006   749  2144 D libgps  : proxy_gnss_sv_status_cb: called. num_svs(8)
07-20 16:33:40.004   749  2144 D libgps  : proxy_gps_location_cb: called.
07-20 16:33:40.006   749  2144 D libgps  : proxy_gnss_sv_status_cb: called. num_svs(8)
07-20 16:33:41.015   749  2144 D libgps  : proxy_gps_location_cb: called.
07-20 16:33:41.016   749  2144 D libgps  : proxy_gnss_sv_status_cb: called. num_svs(9)
07-20 16:33:42.021   749  2144 D libgps  : proxy_gps_location_cb: called.
07-20 16:33:42.022   749  2144 D libgps  : proxy_gnss_sv_status_cb: called. num_svs(9)
07-20 16:33:42.065  1197  3974 I chatty  : uid=1000(system) Binder:1197_18 expire 9 lines
07-20 16:33:42.132  1197  3686 I chatty  : uid=1000(system) Binder:1197_13 expire 3 lines
07-20 16:33:42.921  1197  2116 I chatty  : uid=1000(system) watchdog expire 1 line
07-20 16:33:43.023   749  2144 D libgps  : proxy_gps_location_cb: called.
07-20 16:33:43.024   749  2144 D libgps  : proxy_gnss_sv_status_cb: called. num_svs(9)
07-20 16:33:43.031  1197  2138 I chatty  : uid=1000(system) LocationThread expire 21 lines
07-20 16:33:44.024   749  2144 D libgps  : proxy_gps_location_cb: called.
07-20 16:33:44.026   749  2144 D libgps  : proxy_gnss_sv_status_cb: called. num_svs(9)
07-20 16:33:45.006   749  2144 D libgps  : proxy_gps_location_cb: called.
07-20 16:33:45.007   749  2144 D libgps  : proxy_gnss_sv_status_cb: called. num_svs(9)
07-20 16:33:45.418  1197  2433 I chatty  : uid=1000(system) HwBinder:1197_5 expire 1 line
07-20 16:33:45.419  1197  1229 I chatty  : uid=1000(system) android.fg expire 1 line
07-20 16:33:45.534  1197  1373 I chatty  : uid=1000(system) UEventObserver expire 4 lines
07-20 16:33:45.573  1197  1227 I chatty  : uid=1000(system) batterystats-sy expire 4 lines
07-20 16:33:45.594  1766  1766 W PowerUI : unknown intent: Intent { act=android.intent.action.ACTION_POWER_CONNECTED flg=0x4000010 (has extras) }
07-20 16:33:45.613  1197  1197 I chatty  : uid=1000 system_server expire 10 lines
07-20 16:33:45.630  1197  2760 I chatty  : uid=1000(system) HwDeviceUsageCo expire 1 line
07-20 16:33:45.652  1197  2276 I chatty  : uid=1000(system) Binder:1197_B expire 5 lines
07-20 16:33:45.658  1197  1234 I chatty  : uid=1000(system) PowerManagerSer expire 1 line
07-20 16:33:45.726  1197  3963 I chatty  : uid=1000(system) Binder:1197_17 expire 8 lines
07-20 16:33:45.814  1197  1219 I chatty  : uid=1000(system) android.bg expire 1 line
07-20 16:33:45.825  1197  1630 I chatty  : uid=1000(system) NetdConnector expire 2 lines
07-20 16:33:45.842  1197  3767 I chatty  : uid=1000(system) Binder:1197_14 expire 1 line
07-20 16:33:45.844  1197  3977 I chatty  : uid=1000(system) Binder:1197_1B expire 7 lines
07-20 16:33:45.920 21074 21074 W ContextImpl: Calling a method in the system process without a qualified user: android.app.ContextImpl.startService:1656 android.content.ContextWrapper.startService:644 android.content.ContextWrapper.startService:644 com.android.settings.deviceinfo.UsbReceiver.startUsbService:282 com.android.settings.deviceinfo.UsbReceiver.onUsbStateReceive:159 
07-20 16:33:45.976   749  2144 D libgps  : proxy_gps_location_cb: called.
07-20 16:33:45.976   749  2144 D libgps  : proxy_gnss_sv_status_cb: called. num_svs(10)
07-20 16:33:45.987 21074 21074 W ContextImpl: Calling a method in the system process without a qualified user: android.app.ContextImpl.startService:1656 android.content.ContextWrapper.startService:644 android.content.ContextWrapper.startService:644 com.android.settings.deviceinfo.UsbReceiver.startUsbService:282 com.android.settings.deviceinfo.UsbReceiver.onUsbStateReceive:206 
07-20 16:33:46.017  1197  1222 I chatty  : uid=1000(system) ActivityManager expire 2 lines
--------- beginning of main
07-20 16:33:46.057   738 24689 V GenericSource: prepareAsync: (looper: 0)
07-20 16:33:46.059   738 24690 V GenericSource: onPrepareAsync: mDataSource: 0
07-20 16:33:46.060  2949 24686 I NetRec  : [2509] abqn.a: Refreshing scores for 150 networks.
07-20 16:33:46.061 21115 21115 I HwOUC   : [main-1]onCreate->isAutoDownloadAvailable is true, isOpenWifi = false, isDownload = true, isSupportAutoDownload = true(WifiAutoDownloadManageService.java:45)
07-20 16:33:46.061   738 24690 D GenericSource: FileSource remote
07-20 16:33:46.061 21115 21115 E HwOUC   : [main-1]getVersionIds--components is null(AutoInstallUtils.java:300)
07-20 16:33:46.062   738 24690 V GenericSource: IDataSource(FileSource): 0xefc1cf40 24 0 25784
07-20 16:33:46.063   738 24690 I MediaExtractor: Create (null)
07-20 16:33:46.063 21115 21115 E HwOUC   : [main-1]getDevicePolicyTypeAttempt to invoke virtual method 'int android.app.admin.SystemUpdatePolicy.getPolicyType()' on a null object reference(CDDUtils.java:57)
07-20 16:33:46.063 21074 21074 D HwCust  : Create obj success use class com.android.settings.deviceinfo.HwCustUsbReceiverImpl
07-20 16:33:46.063 21074 21074 D UsbReceiver: initialize UsbSettingsService!
07-20 16:33:46.063 21074 21074 D UsbReceiver: ACTION_USB_STATE arrived!
07-20 16:33:46.063 21074 21074 D UsbReceiver: onUsbStateReceive chargingOnly = true, usbConnected = true
07-20 16:33:46.064 21074 21074 D UsbReceiver: ACTION_USB_STATE:usbConnected = true, usbState=hisuite,mtp,mass_storage,adb,hdb, chargingOnly = true, isLegacyCharging = false
07-20 16:33:46.064 21115 21115 I HwOUC   : [main-1]getDevicePolicyType policyType : -1(CDDUtils.java:84)
07-20 16:33:46.064   735 10823 V HwExtendedExtractor: HwExtendedExtractor::Sniff   in...
07-20 16:33:46.064 21074 21074 W ContextImpl: Calling a method in the system process without a qualified user: android.app.ContextImpl.startService:1656 android.content.ContextWrapper.startService:644 android.content.ContextWrapper.startService:644 com.android.settings.deviceinfo.UsbReceiver.startUsbService:282 com.android.settings.deviceinfo.UsbReceiver.onUsbStateReceive:159 
07-20 16:33:46.064   735 10823 V HwExtendedExtractor: HwExtendedExtractor::Sniff   out...
07-20 16:33:46.064   735 10823 I MediaExtractor: content 'application/ogg' with conf 0.20
07-20 16:33:46.066   735 10823 I MediaExtractorService: makeExtractor ((null)), uid = 1013
07-20 16:33:46.066   738 24690 V GenericSource: initFromDataSource track[0]: audio/vorbis
07-20 16:33:46.066   738 24690 V GenericSource: initFromDataSource mSources.size(): 1  mIsSecure: 0  mime[0]: audio/vorbis
07-20 16:33:46.066   738 24690 V GenericSource: checkDrmInfo: No PSSH
07-20 16:33:46.066   738 24690 V GenericSource: finishPrepareAsync
07-20 16:33:46.066   738 24689 V NuPlayer: onSourceNotify() kWhatFlagsChanged  FLAG_CAN_PAUSE: 1  FLAG_CAN_SEEK_BACKWARD: 1 
07-20 16:33:46.066   738 24689 V NuPlayer: 				 FLAG_CAN_SEEK_FORWARD: 1  FLAG_CAN_SEEK: 1  FLAG_DYNAMIC_DURATION: 0 
07-20 16:33:46.066   738 24689 V NuPlayer: 				 FLAG_SECURE: 0  FLAG_PROTECTED: 0
07-20 16:33:46.066   738 24690 V NuPlayer: Source::notifyPrepared 0
07-20 16:33:46.066   738 24690 V GenericSource: onPrepareAsync: Done
07-20 16:33:46.066   738 24689 V NuPlayer: NuPlayer::onSourceNotify Source::kWhatPrepared source: 0xefc43e00
07-20 16:33:46.066   738 24689 D NuPlayerDriver: notifyListener_l(0xefc50230), (1, 0, 0, -1), loop setting(0, 0)
07-20 16:33:46.067  1197 10223 I chatty  : uid=1000(system) Binder:1197_1E expire 10 lines
07-20 16:33:46.070  2150  2551 E HsmCoreServiceImpl: onTransact in code is: 102
07-20 16:33:46.070  2150  2551 W MediaProcessHandler: processOp uid 1000 is not concerned!
07-20 16:33:46.070  2150  2551 I MediaProcessHandler: executedCallBack opType: 1 mMediaStatusObservers.size=0
07-20 16:33:46.070  3944  3944 E HiAction_RuleManager: IntelligentReceiver: the user agreement is forbidden
07-20 16:33:46.070   738 10869 D NuPlayerDriver: reset(0xefc50230) at state 4
07-20 16:33:46.070   738 10869 D NuPlayerDriver: notifyListener_l(0xefc50230), (8, 0, 0, -1), loop setting(0, 0)
07-20 16:33:46.070   738 10869 D NuPlayer: NuPlayer::resetAsync()
07-20 16:33:46.070   738 10869 V GenericSource: GenericSource::disconnect begin
07-20 16:33:46.071   738 10869 V GenericSource: GenericSource::disconnect end
07-20 16:33:46.071   738 10869 D NuPlayer: NuPlayer::resetAsync() post kWhatReset
07-20 16:33:46.071 21074 21074 W ContextImpl: Calling a method in the system process without a qualified user: android.app.ContextImpl.startService:1656 android.content.ContextWrapper.startService:644 android.content.ContextWrapper.startService:644 com.android.settings.deviceinfo.UsbReceiver.startUsbService:282 com.android.settings.deviceinfo.UsbReceiver.onUsbStateReceive:206 
07-20 16:33:46.071   738 24689 V NuPlayer: kWhatReset
07-20 16:33:46.071   738 24689 V NuPlayer: performDecoderFlush audio=2, video=2
07-20 16:33:46.071   738 24689 D NuPlayer: closeAudioSink
07-20 16:33:46.071   738 24689 W AMessage: failed to post message as target looper for handler 0 is gone.
07-20 16:33:46.071   738 24689 D NuPlayer: performReset
07-20 16:33:46.071   738 24689 V GenericSource: ~GenericSource
07-20 16:33:46.071   738 24689 V GenericSource: resetDataSource
07-20 16:33:46.072   738 24689 D NuPlayerDriver: notifyResetComplete(0xefc50230)
07-20 16:33:46.075   738 10869 D NuPlayerDriver: reset(0xefc50230) at state 0
07-20 16:33:46.076  2150  2551 E HsmCoreServiceImpl: onTransact in code is: 102
07-20 16:33:46.076  2150  2551 W MediaProcessHandler: processOp uid 1000 is not concerned!
07-20 16:33:46.076  2150  2551 I MediaProcessHandler: executedCallBack opType: 1 mMediaStatusObservers.size=0
07-20 16:33:46.077   724   724 D AudioFlinger: event 163 
07-20 16:33:46.077   724 14873 D AudioFlinger: event 162 
07-20 16:33:46.077 21074 21074 D UsbSettingsService: onStartCommand, action = null
07-20 16:33:46.078   724 14873 D AudioFlinger: event 162 
07-20 16:33:46.084 21074 21074 D UsbSettingsService: onStartCommand, action = null
07-20 16:33:46.087  3107 15661 I CloudAlbum[8.1.2.303]: [OperationUtil] cancelNotify
07-20 16:33:46.098 19855 19949 V Gallery2_cloud_PhotoShareUtils: msg 7016
07-20 16:33:46.121 32674   884 I ctaifs  : <Android >[Android ][android]:[openFile] 
07-20 16:33:46.130 24599 24599 I Process : Sending signal. PID: 24599 SIG: 9
07-20 16:33:46.130   738 10869 I MediaPlayerService: MediaPlayerService::Client::setDataSource local file://?FileDescriptor=23&Offset=0&Length=25784&Path=/system/media/audio/ui
07-20 16:33:46.130   738 10869 D NuPlayer: hw fadein is disabled!
07-20 16:33:46.130   738 10869 D NuPlayerDriver: NuPlayerDriver(0xefc502a0) created, clientPid(1197)
07-20 16:33:46.130   738 10869 D NuPlayer: hw fadein is disabled!
07-20 16:33:46.132   414   414 W /system/bin/hwservicemanager: Cannot open /odm/manifest.xml
07-20 16:33:46.134   738 10869 V GenericSource: GenericSource
07-20 16:33:46.134   738 24698 V NuPlayer: kWhatSetAudioSink
07-20 16:33:46.134   738 10869 V GenericSource: BufferingMonitor::getDefaultBufferingSettings{initialMode(1), rebufferingMode(3), initialMarks(5000 ms, -1 KB), rebufferingMarks(2000, 15000)ms, (40, 200)KB}
07-20 16:33:46.134   738 10869 V GenericSource: resetDataSource
07-20 16:33:46.134   738 10869 V NuPlayer: setDataSourceAsync fd 23/0/25784 source: 0xefc43f80
07-20 16:33:46.134   738 10869 V GenericSource: setDataSource 23/0/25784
07-20 16:33:46.134   738 10869 V GenericSource: resetDataSource
07-20 16:33:46.134   738 24698 V NuPlayer: kWhatSetDataSource
07-20 16:33:46.134   738 24698 V NuPlayer: kWhatGetDefaultBufferingSettings
07-20 16:33:46.135   738 24698 V GenericSource: BufferingMonitor::getDefaultBufferingSettings{initialMode(1), rebufferingMode(3), initialMarks(5000 ms, -1 KB), rebufferingMarks(2000, 15000)ms, (40, 200)KB}
07-20 16:33:46.137   738 10869 V NuPlayer: prepareAsync
07-20 16:33:46.137   738 24698 V NuPlayer: onMessageReceived kWhatPrepare
07-20 16:33:46.138   738 24698 V GenericSource: prepareAsync: (looper: 0)
07-20 16:33:46.139   738 24699 V GenericSource: onPrepareAsync: mDataSource: 0
07-20 16:33:46.140   738 24699 D GenericSource: FileSource remote
07-20 16:33:46.141   738 24699 V GenericSource: IDataSource(FileSource): 0xefc1cf40 24 0 25784
07-20 16:33:46.141   738 24699 I MediaExtractor: Create (null)
07-20 16:33:46.143   735   867 V HwExtendedExtractor: HwExtendedExtractor::Sniff   in...
07-20 16:33:46.143   735   867 V HwExtendedExtractor: HwExtendedExtractor::Sniff   out...
07-20 16:33:46.143   735   867 I MediaExtractor: content 'application/ogg' with conf 0.20
07-20 16:33:46.144   735   867 I MediaExtractorService: makeExtractor ((null)), uid = 1013
07-20 16:33:46.145   738 24699 V GenericSource: initFromDataSource track[0]: audio/vorbis
07-20 16:33:46.145   738 24699 V GenericSource: initFromDataSource mSources.size(): 1  mIsSecure: 0  mime[0]: audio/vorbis
07-20 16:33:46.145   738 24699 V GenericSource: checkDrmInfo: No PSSH
07-20 16:33:46.145   738 24699 V GenericSource: finishPrepareAsync
07-20 16:33:46.145   738 24699 V NuPlayer: Source::notifyPrepared 0
07-20 16:33:46.145   738 24699 V GenericSource: onPrepareAsync: Done
07-20 16:33:46.145   738 24698 V NuPlayer: onSourceNotify() kWhatFlagsChanged  FLAG_CAN_PAUSE: 1  FLAG_CAN_SEEK_BACKWARD: 1 
07-20 16:33:46.145   738 24698 V NuPlayer: 				 FLAG_CAN_SEEK_FORWARD: 1  FLAG_CAN_SEEK: 1  FLAG_DYNAMIC_DURATION: 0 
07-20 16:33:46.145   738 24698 V NuPlayer: 				 FLAG_SECURE: 0  FLAG_PROTECTED: 0
07-20 16:33:46.145   738 24698 V NuPlayer: NuPlayer::onSourceNotify Source::kWhatPrepared source: 0xefc43f80
07-20 16:33:46.145   738 24698 D NuPlayerDriver: notifyListener_l(0xefc502a0), (1, 0, 0, -1), loop setting(0, 0)
07-20 16:33:46.146  1197 10340 I chatty  : uid=1000(system) Binder:1197_1F expire 9 lines
07-20 16:33:46.149   738 10869 D NuPlayerDriver: seekTo(0xefc502a0) (0 ms, 0) at state 4
07-20 16:33:46.149   738 10869 D NuPlayerDriver: notifyListener_l(0xefc502a0), (7, 0, 0, -1), loop setting(0, 0)
07-20 16:33:46.149   738 10869 I NuPlayerDriver: NuPlayerDriver,seekTimeUs: 0
07-20 16:33:46.149   738 10869 I NuPlayer: NuPlayer::canSeek,mSourceFlags = 15 
07-20 16:33:46.149   738 24698 V NuPlayer: kWhatSeek seekTimeUs=0 us, mode=0, needNotify=1
07-20 16:33:46.149   738 24698 I NuPlayer: NuPlayer::canSeek,mSourceFlags = 15 
07-20 16:33:46.149   738 24698 V NuPlayer: onStart: mCrypto: 0x0 (0)
07-20 16:33:46.150  2150  2551 E HsmCoreServiceImpl: onTransact in code is: 102
07-20 16:33:46.150  2150  2551 W MediaProcessHandler: processOp uid 1000 is not concerned!
07-20 16:33:46.150  2150  2551 I MediaProcessHandler: executedCallBack opType: 0 mMediaStatusObservers.size=0
07-20 16:33:46.150   738 10869 D NuPlayerDriver: start(0xefc502a0), state is 4, eos is 0
07-20 16:33:46.152   724 14873 I hash_map_utils: key: 'mode' value: ''
07-20 16:33:46.152   724 14873 V APM_AudioPolicyManager: isOffloadSupported: SR=48000, CM=0x3, Format=0x7000000, StreamType=1, BitRate=4294967295, duration=744895 us, has_video=0
07-20 16:33:46.152   724 14873 V APM_AudioPolicyManager: isOffloadSupported: stream_type != MUSIC, returning false
07-20 16:33:46.152   738 24698 V NuPlayer: Renderer::canCreateDirect() = 1 
07-20 16:33:46.153   724   724 I hash_map_utils: key: 'mode' value: ''
07-20 16:33:46.153   738 24698 I GenericSource: start  needStop = 0 
07-20 16:33:46.153  1197 10340 I chatty  : uid=1000(system) Binder:1197_1F expire 11 lines
07-20 16:33:46.154   738 24698 D NuPlayerDriver: notifyListener_l(0xefc502a0), (4, 0, 0, -1), loop setting(0, 0)
07-20 16:33:46.155   738 24698 V NuPlayer: kWhatStart
07-20 16:33:46.158   724 14873 I hash_map_utils: key: 'mode' value: ''
07-20 16:33:46.158   724 14873 V APM_AudioPolicyManager: isOffloadSupported: SR=48000, CM=0x3, Format=0x7000000, StreamType=1, BitRate=4294967295, duration=744895 us, has_video=0
07-20 16:33:46.158   724 14873 V APM_AudioPolicyManager: isOffloadSupported: stream_type != MUSIC, returning false
07-20 16:33:46.158   724   724 I hash_map_utils: key: 'mode' value: ''
07-20 16:33:46.159   738 24698 V NuPlayer: determineAudioModeChange Renderer::canCreateDirect() = 1
07-20 16:33:46.160   738 24698 V NuPlayer: instantiateDecoder audio Decoder
07-20 16:33:46.162   724   724 I hash_map_utils: key: 'mode' value: ''
07-20 16:33:46.162   738 24698 V NuPlayer: scanning sources haveAudio=1, haveVideo=0
07-20 16:33:46.162   724   724 I hash_map_utils: key: 'mode' value: ''
07-20 16:33:46.162   414   414 W /system/bin/hwservicemanager: Cannot open /odm/manifest.xml
