07-20 16:02:17.029   428   436 E         : failed to get lockable path
07-20 16:02:17.029   428   436 W Vold    : Returning OperationFailed - no handler for errno 9
07-20 16:02:17.034   428   436 D VoldCmdListener: sdlock poll
07-20 16:02:17.034   428   436 I         : poll
07-20 16:02:17.034   428   436 E         : failed to get lockable path
07-20 16:02:17.034   428   436 W Vold    : Returning OperationFailed - no handler for errno 9
07-20 16:02:35.841 21074 21074 V ActivityThread: ActivityThread,callActivityOnCreate
07-20 16:02:35.848  1197  1367 I chatty  : uid=1000(system) android.anim expire 32 lines
07-20 16:02:35.872  1197  3976 I chatty  : uid=1000(system) Binder:1197_1A expire 19 lines
07-20 16:02:35.874  1197 10340 I chatty  : uid=1000(system) Binder:1197_1F expire 16 lines
07-20 16:02:35.953 21074 21074 D ActivityThread: add activity client record, r= ActivityRecord{797c534 token=android.os.BinderProxy@a81ee0c {com.android.settings/com.android.settings.Settings$DisplaySettingsActivity}} token= android.os.BinderProxy@a81ee0c
07-20 16:02:35.970  1197  2223 I chatty  : uid=1000(system) Binder:1197_8 expire 35 lines
07-20 16:02:36.205  1197  3775 I chatty  : uid=1000(system) Binder:1197_15 expire 12 lines
07-20 16:02:41.685  1197  1197 I chatty  : uid=1000 system_server expire 64 lines
07-20 16:02:56.671  1197  1223 I chatty  : uid=1000(system) android.ui expire 7 lines
07-20 16:02:56.677  2117  2414 I HwNetworkPolicyManager: getHwUidPolicy uid = 10058 policy = 0
07-20 16:02:56.683  1766 15584 I CommandQueue: updateBarBgColor
07-20 16:02:56.683  1766 15584 D CommandQueue: CommandQueue, setBarBackgroundColor
07-20 16:02:56.972  1197  1222 I chatty  : uid=1000(system) ActivityManager expire 8 lines
07-20 16:06:26.169  1197  1219 I chatty  : uid=1000(system) android.bg expire 10 lines
07-20 16:07:15.370  1197  1373 I chatty  : uid=1000(system) UEventObserver expire 11 lines
07-20 16:07:17.173  1197  2195 I chatty  : uid=1000(system) Binder:1197_7 expire 15 lines
07-20 16:07:49.830  1197  1234 I chatty  : uid=1000(system) PowerManagerSer expire 18 lines
07-20 16:07:56.948  3986  3986 V ActivityThread: Finishing stop of ActivityRecord{d5bd12d token=android.os.BinderProxy@225b823 {com.huawei.android.launcher/com.huawei.android.launcher.unihome.UniHomeLauncher}}
07-20 16:07:57.041  1197  2195 I chatty  : uid=1000(system) Binder:1197_7 expire 11 lines
07-20 16:07:57.051  1766  1766 W FingerprintManager: Invalid acquired message: 6, 1001
07-20 16:07:57.069  1197  1231 I chatty  : uid=1000(system) android.display expire 7 lines
07-20 16:07:57.164  1197  1197 I chatty  : uid=1000 system_server expire 24 lines
07-20 16:07:57.408  1197  2580 I chatty  : uid=1000(system) Binder:1197_D expire 34 lines
07-20 16:07:57.682  2936 15370 W ContextImpl: Calling a method in the system process without a qualified user: android.app.ContextImpl.bindService:1736 android.content.ContextWrapper.bindService:678 com.huawei.nb.dataservice.dsclient.RemoteServiceConnection.open:90 com.huawei.nb.dataservice.dsclient.DataServiceProxy.connect:105 com.huawei.nb.dataservice.rsclient.internal.RemoteRuleService.start:27 
07-20 16:07:58.444  1197  2223 I chatty  : uid=1000(system) Binder:1197_8 expire 10 lines
07-20 16:08:00.143  1197  2171 I chatty  : uid=1000(system) MultiTaskManage expire 5 lines
07-20 16:08:00.178  2150  2150 I HwCoreAppHelperService: LocalReceiver receives:android.intent.action.PACKAGE_RESTARTED,pkg:com.huawei.appmarket,uid:10087
07-20 16:08:02.177  1766  1766 V KeyguardViewMediator: updateInputRestrictedLocked 1 isInputApp = false, inputRestricted = true
07-20 16:08:02.281  1766  1766 V KeyguardStatusView: refresh statusview showing:true
07-20 16:08:02.304  1766  1766 V KeyguardDisplayManager: show
07-20 16:08:02.325  2150 22326 D AntiBruteForceProcessor: RemainingAuthenticateNum = 5
07-20 16:08:02.342  3986  3986 V ActivityThread: Handle window ActivityRecord{d5bd12d token=android.os.BinderProxy@225b823 {com.huawei.android.launcher/com.huawei.android.launcher.unihome.UniHomeLauncher}} visibility: false
07-20 16:08:02.363  1197  3775 I chatty  : uid=1000(system) Binder:1197_15 expire 18 lines
07-20 16:08:02.367  1197  1367 I chatty  : uid=1000(system) android.anim expire 10 lines
07-20 16:09:26.859  1197  1392 I chatty  : uid=1000(system) InputReader expire 8 lines
07-20 16:09:26.862  1197  1234 I chatty  : uid=1000(system) PowerManagerSer expire 12 lines
07-20 16:09:26.959  1197 10340 I chatty  : uid=1000(system) Binder:1197_1F expire 5 lines
07-20 16:09:26.959   428   436 I vold    : TrimTask running tasks: 0
07-20 16:09:26.971  1197  1197 I chatty  : uid=1000 system_server expire 38 lines
07-20 16:09:27.019  1197  1374 I chatty  : uid=1000(system) Binder:1197_3 expire 10 lines
07-20 16:09:27.150  1197  1720 I chatty  : uid=1000(system) PhotonicModulat expire 1 line
07-20 16:09:27.153  2936 18996 W SettingsEx: SettingsEx.Systemex.getInt deprecated use Settings.System.getInt instead ;callers=com.huawei.recsys.util.SystemUtil.getNotificationUpdateMode:169 com.huawei.recsys.util.SystemUtil.isAllowUpdate:104 com.huawei.recsys.controller.notification.http.NotificationUpdateController.startNotificationUpdate:85 
07-20 16:09:27.167  1197  2195 I chatty  : uid=1000(system) Binder:1197_7 expire 12 lines
07-20 16:09:27.248  2936 15682 W ContextImpl: Calling a method in the system process without a qualified user: android.app.ContextImpl.bindService:1736 android.content.ContextWrapper.bindService:678 com.huawei.nb.dataservice.dsclient.RemoteServiceConnection.open:90 com.huawei.nb.dataservice.dsclient.DataServiceProxy.connect:105 com.huawei.nb.dataservice.rsclient.internal.RemoteRuleService.start:27 
07-20 16:09:27.658  1197  3775 I chatty  : uid=1000(system) Binder:1197_15 expire 20 lines
07-20 16:09:30.486  1197  3963 I chatty  : uid=1000(system) Binder:1197_17 expire 17 lines
07-20 16:09:30.513  2150  2551 D FaceRecognizeService: resetTimeout begin!
07-20 16:09:30.514  2150  2447 E FaceRecognizeService: handleMessage EVT = 1002
07-20 16:09:30.514  2150  2447 D AntiBruteForceProcessor: Reset facerecognize lockout, clearAttemptCounter=true
07-20 16:09:30.566  2150  2447 D AntiBruteForceProcessor: resetTotalFailedTimes current total times = 0
07-20 16:09:30.569  1197  3977 I chatty  : uid=1000(system) Binder:1197_1B expire 1 line
07-20 16:09:30.596  1766  1766 V KeyguardDisplayManager: hide
07-20 16:09:30.597  1197  1377 I chatty  : uid=1000(system) fingerprintServ expire 6 lines
07-20 16:09:30.598  1197  2225 I chatty  : uid=1000(system) Binder:1197_A expire 7 lines
07-20 16:09:30.598  1766  1766 V KeyguardViewMediator: updateInputRestrictedLocked 1 isInputApp = false, inputRestricted = false
07-20 16:09:30.621  1197  1395 I chatty  : uid=1000(system) HwBinder:1197_2 expire 1 line
07-20 16:09:30.724  1197  1906 I chatty  : uid=1000(system) Binder:1197_5 expire 12 lines
07-20 16:09:30.781  1197  2223 I chatty  : uid=1000(system) Binder:1197_8 expire 7 lines
07-20 16:09:30.802 22586 22586 D ActivityThread: ActivityThread,attachApplication
07-20 16:09:31.875 22619 22619 D ActivityThread: ActivityThread,attachApplication
07-20 16:09:42.806  1197  2116 I chatty  : uid=1000(system) watchdog expire 4 lines
07-20 16:09:46.405  1197  1373 I chatty  : uid=1000(system) UEventObserver expire 8 lines
07-20 16:10:32.324  1197 10219 I chatty  : uid=1000(system) Binder:1197_1D expire 10 lines
07-20 16:10:51.917  1197  1650 I chatty  : uid=1000(system) ConnectivitySer expire 1 line
07-20 16:11:39.433   749   749 I chatty  : uid=1000(system) gnss@1.0-servic expire 5 lines
07-20 16:11:39.453  1197  1906 I chatty  : uid=1000(system) Binder:1197_5 expire 1 line
07-20 16:11:39.457  1197 22749 I chatty  : uid=1000 system_server expire 6 lines
07-20 16:11:39.460  1197  1197 I chatty  : uid=1000 system_server expire 29 lines
07-20 16:11:39.478  1197  2138 I chatty  : uid=1000(system) LocationThread expire 10 lines
07-20 16:11:39.582   749  2144 I chatty  : uid=1000(system) IPC Thread expire 30 lines
07-20 16:11:42.816  1197  2116 I chatty  : uid=1000(system) watchdog expire 9 lines
07-20 16:11:47.229  1197  1373 I chatty  : uid=1000(system) UEventObserver expire 14 lines
07-20 16:11:57.123  1197 10219 I chatty  : uid=1000(system) Binder:1197_1D expire 15 lines
07-20 16:11:59.151  1197 22765 I chatty  : uid=1000 system_server expire 2 lines
07-20 16:11:59.428  1197  1906 I chatty  : uid=1000(system) Binder:1197_5 expire 4 lines
07-20 16:12:00.204  1197  1395 I chatty  : uid=1000(system) HwBinder:1197_2 expire 2 lines
07-20 16:12:00.205   749   749 I chatty  : uid=1000(system) gnss@1.0-servic expire 3 lines
07-20 16:12:00.211   749  2144 I chatty  : uid=1000(system) IPC Thread expire 5 lines
07-20 16:12:00.378  1197  3976 I chatty  : uid=1000(system) Binder:1197_1A expire 25 lines
07-20 16:12:00.389   749   749 I chatty  : uid=1000(system) gnss@1.0-servic expire 1 line
07-20 16:12:01.124   749  2144 I chatty  : uid=1000(system) IPC Thread expire 15 lines
07-20 16:12:01.659  1197  3775 I chatty  : uid=1000(system) Binder:1197_15 expire 23 lines
07-20 16:12:16.178  1197 22782 I chatty  : uid=1000 system_server expire 2 lines
07-20 16:12:17.250  1197  2433 I chatty  : uid=1000(system) HwBinder:1197_5 expire 2 lines
07-20 16:12:31.550  1197  2580 I chatty  : uid=1000(system) Binder:1197_D expire 5 lines
07-20 16:13:01.657  1197  2225 I chatty  : uid=1000(system) Binder:1197_A expire 11 lines
07-20 16:14:07.351  1197  1374 I chatty  : uid=1000(system) Binder:1197_3 expire 6 lines
07-20 16:14:11.953  1197  1234 I chatty  : uid=1000(system) PowerManagerSer expire 4 lines
07-20 16:14:50.183  1197  1222 I chatty  : uid=1000(system) ActivityManager expire 4 lines
07-20 16:14:54.891   739   804 E /system/bin/storaged: pid_info get_pids failed
07-20 16:14:57.219  1197  3775 I chatty  : uid=1000(system) Binder:1197_15 expire 2 lines
07-20 16:15:00.007  1197  1197 I chatty  : uid=1000 system_server expire 8 lines
07-20 16:15:00.339  1197  2225 I chatty  : uid=1000(system) Binder:1197_A expire 11 lines
07-20 16:15:02.879  1197 10219 I chatty  : uid=1000(system) Binder:1197_1D expire 5 lines
07-20 16:15:08.805  1197 10340 I chatty  : uid=1000(system) Binder:1197_1F expire 7 lines
07-20 16:15:18.692  1197  1373 I chatty  : uid=1000(system) UEventObserver expire 4 lines
07-20 16:15:57.255  1197  2223 I chatty  : uid=1000(system) Binder:1197_8 expire 15 lines
07-20 16:15:58.818  1197  1367 I chatty  : uid=1000(system) android.anim expire 10 lines
07-20 16:15:58.855  1197  1223 I chatty  : uid=1000(system) android.ui expire 1 line
07-20 16:15:58.857   749   749 I chatty  : uid=1000(system) gnss@1.0-servic expire 3 lines
07-20 16:15:58.858  1197  2138 I chatty  : uid=1000(system) LocationThread expire 1 line
07-20 16:15:58.859  2117  2414 I HwNetworkPolicyManager: getHwUidPolicy uid = 10176 policy = 0
07-20 16:15:58.876  1766 15584 I CommandQueue: updateBarBgColor
07-20 16:15:58.876  1766 15584 D CommandQueue: CommandQueue, setBarBackgroundColor
07-20 16:15:58.989  1197  1231 I chatty  : uid=1000(system) android.display expire 2 lines
07-20 16:15:58.998   749  2144 I chatty  : uid=1000(system) IPC Thread expire 5 lines
07-20 16:15:58.999   749   749 I chatty  : uid=1000(system) gnss@1.0-servic expire 1 line
07-20 16:15:59.038  1197  1391 I chatty  : uid=1000(system) InputDispatcher expire 64 lines
07-20 16:15:59.169  1197  2225 I chatty  : uid=1000(system) Binder:1197_A expire 45 lines
07-20 16:15:59.204  6101  6101 V ActivityThread: ActivityThread,callActivityOnCreate
07-20 16:15:59.207  1197  3775 I chatty  : uid=1000(system) Binder:1197_15 expire 35 lines
07-20 16:15:59.209  1197  1223 I chatty  : uid=1000(system) android.ui expire 1 line
07-20 16:15:59.237  1197 10219 I chatty  : uid=1000(system) Binder:1197_1D expire 39 lines
07-20 16:15:59.248  6101  6101 D ActivityThread: add activity client record, r= ActivityRecord{804a1c6 token=android.os.BinderProxy@b4ac9a {com.jieshun.jslife/com.jieshun.jslife.activity.userinfo.UserInfoNewActivity}} token= android.os.BinderProxy@b4ac9a
07-20 16:15:59.251  1197  2223 I chatty  : uid=1000(system) Binder:1197_8 expire 22 lines
07-20 16:15:59.287  1197  1367 I chatty  : uid=1000(system) android.anim expire 25 lines
07-20 16:15:59.405  1197  1197 I chatty  : uid=1000 system_server expire 23 lines
07-20 16:15:59.406  1197  1660 I chatty  : uid=1000(system) AudioService expire 10 lines
07-20 16:16:00.620  6101  6101 W ViewRootImpl[UserInfoNewActivity]: Dropping event due to no window focus: KeyEvent { action=ACTION_DOWN, keyCode=384, scanCode=0, metaState=0, flags=0x8, hwFlags=0x0, repeatCount=0, eventTime=26184599, downTime=26184599, deviceId=-1, source=0x101 }
07-20 16:16:00.623  6101  6101 W ViewRootImpl[UserInfoNewActivity]: Cancelling event due to no window focus: KeyEvent { action=ACTION_UP, keyCode=384, scanCode=0, metaState=0, flags=0x28, hwFlags=0x0, repeatCount=0, eventTime=26184603, downTime=26184603, deviceId=-1, source=0x101 }
07-20 16:16:00.623  6101  6101 I chatty  : uid=10176(u0_a176) com.jieshun.jslife identical 14 lines
07-20 16:16:00.623  6101  6101 W ViewRootImpl[UserInfoNewActivity]: Cancelling event due to no window focus: KeyEvent { action=ACTION_UP, keyCode=384, scanCode=0, metaState=0, flags=0x28, hwFlags=0x0, repeatCount=0, eventTime=26184603, downTime=26184603, deviceId=-1, source=0x101 }
07-20 16:16:01.781  6101  6101 W ViewRootImpl[UserInfoNewActivity]: Dropping event due to root view being removed: MotionEvent { action=ACTION_UP, actionButton=0, id[0]=0, x[0]=136.62459, y[0]=-388.98157, toolType[0]=TOOL_TYPE_UNKNOWN, buttonState=0, metaState=0, flags=0x0, edgeFlags=0x0, pointerCount=1, historySize=0, eventTime=26185729, downTime=26185721, deviceId=0, source=0x1002 }
07-20 16:16:01.912  6101  6101 V ActivityThread: ActivityThread,callActivityOnCreate
07-20 16:16:01.937  6101  6101 D ActivityThread: add activity client record, r= ActivityRecord{3ffe889 token=android.os.BinderProxy@c96643a {com.jieshun.jslife/com.jieshun.jslife.activity.userinfo.UserAlignActivity}} token= android.os.BinderProxy@c96643a
07-20 16:16:01.971  6101  6101 W ViewRootImpl[UserAlignActivity]: Dropping event due to no window focus: KeyEvent { action=ACTION_DOWN, keyCode=355, scanCode=0, metaState=0, flags=0x8, hwFlags=0xffffffff, repeatCount=0, eventTime=26185963, downTime=26185963, deviceId=-1, source=0x101 }
07-20 16:16:01.972  6101  6101 W ViewRootImpl[UserAlignActivity]: Cancelling event due to no window focus: KeyEvent { action=ACTION_UP, keyCode=355, scanCode=0, metaState=0, flags=0x28, hwFlags=0xffffffff, repeatCount=0, eventTime=26185966, downTime=26185966, deviceId=-1, source=0x101 }
07-20 16:16:01.973  6101  6101 W ViewRootImpl[UserAlignActivity]: Cancelling event due to no window focus: KeyEvent { action=ACTION_UP, keyCode=355, scanCode=0, metaState=0, flags=0x28, hwFlags=0xffffffff, repeatCount=0, eventTime=26185966, downTime=26185966, deviceId=-1, source=0x101 }
07-20 16:16:02.523   749  2144 I chatty  : uid=1000(system) IPC Thread expire 404 lines
07-20 16:16:04.853  1766 15584 I CommandQueue: updateBarBgColor
07-20 16:16:04.854  1766 15584 D CommandQueue: CommandQueue, setBarBackgroundColor
07-20 16:16:04.967  1766 15584 I CommandQueue: updateBarBgColor
07-20 16:16:04.967  1766 15584 D CommandQueue: CommandQueue, setBarBackgroundColor
07-20 16:16:06.984  1197  1234 I chatty  : uid=1000(system) PowerManagerSer expire 25 lines
07-20 16:16:07.007  1197  1229 I chatty  : uid=1000(system) android.fg expire 1 line
07-20 16:16:07.203  1197  2579 I chatty  : uid=1000(system) Binder:1197_C expire 38 lines
07-20 16:16:07.205  1197  1223 I chatty  : uid=1000(system) android.ui expire 15 lines
07-20 16:16:07.705  1197 10219 I chatty  : uid=1000(system) Binder:1197_1D expire 30 lines
07-20 16:16:09.021  1197  2223 I chatty  : uid=1000(system) Binder:1197_8 expire 15 lines
07-20 16:16:11.897  1197  1222 I chatty  : uid=1000(system) ActivityManager expire 3 lines
07-20 16:16:12.836  1197  2116 I chatty  : uid=1000(system) watchdog expire 10 lines
07-20 16:16:19.109  1197  1373 I chatty  : uid=1000(system) UEventObserver expire 22 lines
07-20 16:16:19.140  1197  1197 I chatty  : uid=1000 system_server expire 84 lines
07-20 16:16:25.601  1197  2138 I chatty  : uid=1000(system) LocationThread expire 521 lines
07-20 16:16:25.605  1197 23020 I chatty  : uid=1000 system_server expire 84 lines
07-20 16:16:26.590  1197 23024 I chatty  : uid=1000 system_server expire 84 lines
07-20 16:16:27.593  1197 23027 I chatty  : uid=1000 system_server expire 84 lines
07-20 16:16:28.582  1197 22957 I chatty  : uid=1000 system_server expire 82 lines
07-20 16:16:30.884  1197  2225 I chatty  : uid=1000(system) Binder:1197_A expire 24 lines
07-20 16:16:56.764  1197  1631 I chatty  : uid=1000(system) NetworkStats expire 7 lines
07-20 16:16:56.768  1197  1630 I chatty  : uid=1000(system) NetdConnector expire 6 lines
07-20 16:17:27.104  1197  2843 I chatty  : uid=1000(system) Binder:1197_E expire 32 lines
07-20 16:18:41.890  1197  1219 I chatty  : uid=1000(system) android.bg expire 10 lines
07-20 16:18:59.422  1197  3767 I chatty  : uid=1000(system) Binder:1197_14 expire 1 line
07-20 16:19:27.462  1197  1650 I chatty  : uid=1000(system) ConnectivitySer expire 2 lines
07-20 16:19:32.530  1197  2195 I chatty  : uid=1000(system) Binder:1197_7 expire 10 lines
07-20 16:19:32.685  1197 10361 I chatty  : uid=1000(system) Binder:1197_20 expire 12 lines
07-20 16:19:32.933  1197  1211 I chatty  : uid=1000(system) Binder:1197_2 expire 21 lines
07-20 16:20:13.959  1197  1227 I chatty  : uid=1000(system) batterystats-sy expire 2 lines
07-20 16:20:54.963  1197  2224 I chatty  : uid=1000(system) Binder:1197_9 expire 2 lines
07-20 16:20:56.184  1197  3963 I chatty  : uid=1000(system) Binder:1197_17 expire 5 lines
07-20 16:21:07.337  6101  6101 V ActivityThread: Finishing stop of ActivityRecord{3ffe889 token=android.os.BinderProxy@c96643a {com.jieshun.jslife/com.jieshun.jslife.activity.userinfo.UserAlignActivity}}
07-20 16:21:07.388  1197  1377 I chatty  : uid=1000(system) fingerprintServ expire 10 lines
07-20 16:21:07.426  1197  2195 I chatty  : uid=1000(system) Binder:1197_7 expire 21 lines
07-20 16:21:07.438  1197  1231 I chatty  : uid=1000(system) android.display expire 4 lines
07-20 16:21:07.444  1197  1197 I chatty  : uid=1000 system_server expire 15 lines
07-20 16:21:07.448  1197  1720 I chatty  : uid=1000(system) PhotonicModulat expire 2 lines
07-20 16:21:07.487  1197  2433 I chatty  : uid=1000(system) HwBinder:1197_5 expire 1 line
07-20 16:21:07.509  1766  1766 W FingerprintManager: Invalid acquired message: 6, 1001
07-20 16:21:07.568  1197  1647 I chatty  : uid=1000(system) WifiP2pService expire 3 lines
07-20 16:21:07.646  1197  1223 I chatty  : uid=1000(system) android.ui expire 1 line
07-20 16:21:07.762  1197  2760 I chatty  : uid=1000(system) HwDeviceUsageCo expire 1 line
07-20 16:21:07.999   749  2144 I chatty  : uid=1000(system) IPC Thread expire 78 lines
07-20 16:21:08.280  2936 18321 W ContextImpl: Calling a method in the system process without a qualified user: android.app.ContextImpl.bindService:1736 android.content.ContextWrapper.bindService:678 com.huawei.nb.dataservice.dsclient.RemoteServiceConnection.open:90 com.huawei.nb.dataservice.dsclient.DataServiceProxy.connect:105 com.huawei.nb.dataservice.rsclient.internal.RemoteRuleService.start:27 
07-20 16:21:12.242  1766  1766 V KeyguardViewMediator: updateInputRestrictedLocked 1 isInputApp = false, inputRestricted = true
07-20 16:21:12.356  1766  1766 V KeyguardStatusView: refresh statusview showing:true
07-20 16:21:12.379  1766  1766 V KeyguardDisplayManager: show
07-20 16:21:12.392  2150  2551 D AntiBruteForceProcessor: RemainingAuthenticateNum = 5
07-20 16:21:12.419  6101  6101 V ActivityThread: Handle window ActivityRecord{3ffe889 token=android.os.BinderProxy@c96643a {com.jieshun.jslife/com.jieshun.jslife.activity.userinfo.UserAlignActivity}} visibility: false
07-20 16:21:12.614  1197  1367 I chatty  : uid=1000(system) android.anim expire 6 lines
07-20 16:21:12.865  1197  2116 I chatty  : uid=1000(system) watchdog expire 3 lines
07-20 16:21:18.710  1197  3963 I chatty  : uid=1000(system) Binder:1197_17 expire 8 lines
07-20 16:21:19.804  1197  2195 I chatty  : uid=1000(system) Binder:1197_7 expire 5 lines
07-20 16:21:21.188  1197  1373 I chatty  : uid=1000(system) UEventObserver expire 10 lines
07-20 16:21:22.947  1197  2579 I chatty  : uid=1000(system) Binder:1197_C expire 6 lines
07-20 16:22:03.880  1197 10361 I chatty  : uid=1000(system) Binder:1197_20 expire 9 lines
07-20 16:22:24.206  1766  1766 W PowerUI : unknown intent: Intent { act=android.intent.action.ACTION_POWER_DISCONNECTED flg=0x4000010 (has extras) }
07-20 16:22:24.233  1197  1227 I chatty  : uid=1000(system) batterystats-sy expire 4 lines
07-20 16:22:24.271  1197  2067 I chatty  : uid=1000(system) HwBinder:1197_4 expire 1 line
07-20 16:22:24.272  1197  1229 I chatty  : uid=1000(system) android.fg expire 4 lines
07-20 16:22:24.273  1197  1234 I chatty  : uid=1000(system) PowerManagerSer expire 25 lines
07-20 16:22:24.305  1197  1197 I chatty  : uid=1000 system_server expire 36 lines
07-20 16:22:24.316  1197  1219 I chatty  : uid=1000(system) android.bg expire 10 lines
07-20 16:22:24.349  1197  1720 I chatty  : uid=1000(system) PhotonicModulat expire 2 lines
07-20 16:22:24.350  1197  1231 I chatty  : uid=1000(system) android.display expire 4 lines
07-20 16:22:24.364  1197  1630 I chatty  : uid=1000(system) NetdConnector expire 4 lines
07-20 16:22:24.365  1197  1906 I chatty  : uid=1000(system) Binder:1197_5 expire 1 line
07-20 16:22:24.374  1197  1223 I chatty  : uid=1000(system) android.ui expire 4 lines
07-20 16:22:24.375  1197  2843 I chatty  : uid=1000(system) Binder:1197_E expire 1 line
07-20 16:22:24.379  1197  2225 I chatty  : uid=1000(system) Binder:1197_A expire 7 lines
07-20 16:22:24.401  1197  1394 I chatty  : uid=1000(system) StorageManagerS expire 2 lines
07-20 16:22:24.401   428   436 I vold    : TrimTask running tasks: 0
07-20 16:22:24.402  1197  1397 I chatty  : uid=1000(system) VoldConnector expire 1 line
07-20 16:22:24.424  1197  1647 I chatty  : uid=1000(system) WifiP2pService expire 3 lines
07-20 16:22:24.432 23327 23327 D ActivityThread: ActivityThread,attachApplication
07-20 16:22:24.450  1197  1634 I chatty  : uid=1000(system) WifiService expire 1 line
07-20 16:22:24.474  1197  2223 I chatty  : uid=1000(system) Binder:1197_8 expire 1 line
07-20 16:22:24.573  2936  2948 W SettingsEx: SettingsEx.Systemex.getInt deprecated use Settings.System.getInt instead ;callers=com.huawei.recsys.util.SystemUtil.getNotificationUpdateMode:169 com.huawei.recsys.util.SystemUtil.isAllowUpdate:104 com.huawei.recsys.controller.notification.http.NotificationUpdateController.startNotificationUpdate:85 
07-20 16:22:24.581  1197  1222 I chatty  : uid=1000(system) ActivityManager expire 10 lines
07-20 16:22:24.584  1197  1211 I chatty  : uid=1000(system) Binder:1197_2 expire 1 line
07-20 16:22:24.648  2936 18342 W ContextImpl: Calling a method in the system process without a qualified user: android.app.ContextImpl.bindService:1736 android.content.ContextWrapper.bindService:678 com.huawei.nb.dataservice.dsclient.RemoteServiceConnection.open:90 com.huawei.nb.dataservice.dsclient.DataServiceProxy.connect:105 com.huawei.nb.dataservice.rsclient.internal.RemoteRuleService.start:27 
07-20 16:22:24.963   749  2144 I chatty  : uid=1000(system) IPC Thread expire 12 lines
07-20 16:22:25.207  1197  2764 I chatty  : uid=1000(system) HwUsbHDBManager expire 4 lines
07-20 16:22:25.488 23368 23368 D ActivityThread: ActivityThread,attachApplication
07-20 16:22:32.483  1197  1395 I chatty  : uid=1000(system) HwBinder:1197_2 expire 2 lines
07-20 16:22:32.656  1766  1766 W PowerUI : unknown intent: Intent { act=android.intent.action.ACTION_POWER_CONNECTED flg=0x4000010 (has extras) }
07-20 16:22:32.723  1197  2580 I chatty  : uid=1000(system) Binder:1197_D expire 28 lines
07-20 16:22:32.723  1197  2760 I chatty  : uid=1000(system) HwDeviceUsageCo expire 1 line
07-20 16:22:32.756  1197  3686 I chatty  : uid=1000(system) Binder:1197_13 expire 27 lines
07-20 16:22:32.765  1197  1373 I chatty  : uid=1000(system) UEventObserver expire 2 lines
07-20 16:22:32.792 23446 23446 D ActivityThread: ActivityThread,attachApplication
07-20 16:22:32.861  1197  2276 I chatty  : uid=1000(system) Binder:1197_B expire 18 lines
07-20 16:22:32.901  1197 10219 I chatty  : uid=1000(system) Binder:1197_1D expire 11 lines
07-20 16:22:32.959 21074 21074 W ContextImpl: Calling a method in the system process without a qualified user: android.app.ContextImpl.startService:1656 android.content.ContextWrapper.startService:644 android.content.ContextWrapper.startService:644 com.android.settings.deviceinfo.UsbReceiver.startUsbService:282 com.android.settings.deviceinfo.UsbReceiver.onUsbStateReceive:159 
07-20 16:22:32.985 21074 21074 W ContextImpl: Calling a method in the system process without a qualified user: android.app.ContextImpl.startService:1656 android.content.ContextWrapper.startService:644 android.content.ContextWrapper.startService:644 com.android.settings.deviceinfo.UsbReceiver.startUsbService:282 com.android.settings.deviceinfo.UsbReceiver.onUsbStateReceive:216 
07-20 16:22:33.042 21074 21074 W ContextImpl: Calling a method in the system process without a qualified user: android.app.ContextImpl.startService:1656 android.content.ContextWrapper.startService:644 android.content.ContextWrapper.startService:644 com.android.settings.deviceinfo.UsbReceiver.startUsbService:282 com.android.settings.deviceinfo.UsbReceiver.onUsbStateReceive:159 
07-20 16:22:33.043 21074 21074 W ContextImpl: Calling a method in the system process without a qualified user: android.app.ContextImpl.startService:1656 android.content.ContextWrapper.startService:644 android.content.ContextWrapper.startService:644 com.android.settings.deviceinfo.UsbReceiver.startUsbService:282 com.android.settings.deviceinfo.UsbReceiver.onUsbStateReceive:216 
07-20 16:22:33.558  1197  3974 I chatty  : uid=1000(system) Binder:1197_18 expire 32 lines
07-20 16:22:33.678  1197  3975 I chatty  : uid=1000(system) Binder:1197_19 expire 5 lines
07-20 16:22:33.715 23517 23517 D ActivityThread: ActivityThread,attachApplication
07-20 16:22:33.716  1197  2194 I chatty  : uid=1000(system) Binder:1197_6 expire 9 lines
07-20 16:22:37.239  1197  1197 I chatty  : uid=1000 system_server expire 17 lines
07-20 16:22:37.753  1197  1222 I chatty  : uid=1000(system) ActivityManager expire 9 lines
07-20 16:22:37.813 23552 23552 D ActivityThread: ActivityThread,attachApplication
07-20 16:22:38.023   749  2144 I chatty  : uid=1000(system) IPC Thread expire 26 lines
07-20 16:22:40.018  2150  2551 D FaceRecognizeService: resetTimeout begin!
07-20 16:22:40.021  2150  2447 E FaceRecognizeService: handleMessage EVT = 1002
07-20 16:22:40.021  2150  2447 D AntiBruteForceProcessor: Reset facerecognize lockout, clearAttemptCounter=true
07-20 16:22:40.035  2150  2447 D AntiBruteForceProcessor: resetTotalFailedTimes current total times = 0
07-20 16:22:40.088  1197  1367 I chatty  : uid=1000(system) android.anim expire 6 lines
07-20 16:22:40.098  1766  1766 V KeyguardDisplayManager: hide
07-20 16:22:40.099  1197  1377 I chatty  : uid=1000(system) fingerprintServ expire 6 lines
07-20 16:22:40.101  1766  1766 V KeyguardViewMediator: updateInputRestrictedLocked 1 isInputApp = false, inputRestricted = false
07-20 16:22:40.105  1197  1223 I chatty  : uid=1000(system) android.ui expire 1 line
07-20 16:22:40.118  1197  1630 I chatty  : uid=1000(system) NetdConnector expire 2 lines
07-20 16:22:40.182  1197  1647 I chatty  : uid=1000(system) WifiP2pService expire 3 lines
07-20 16:22:40.214  1197  3009 I chatty  : uid=1000(system) Binder:1197_10 expire 27 lines
07-20 16:22:40.258 23641 23641 D ActivityThread: ActivityThread,attachApplication
07-20 16:22:41.623  1197  1229 I chatty  : uid=1000(system) android.fg expire 3 lines
07-20 16:22:41.624 21074 21074 W ContextImpl: Calling a method in the system process without a qualified user: android.app.ContextImpl.sendBroadcast:1074 android.content.ContextWrapper.sendBroadcast:431 com.android.settings.deviceinfo.UsbSettingsService$5.onClick:688 com.android.settings.deviceinfo.UsbSettingsService$DialogItemListener.onClick:725 com.android.internal.app.AlertController$AlertParams$3.onItemClick:1168 
07-20 16:22:41.829 21074 21074 W ContextImpl: Calling a method in the system process without a qualified user: android.app.ContextImpl.startService:1656 android.content.ContextWrapper.startService:644 android.content.ContextWrapper.startService:644 com.android.settings.deviceinfo.UsbReceiver.startUsbService:282 com.android.settings.deviceinfo.UsbReceiver.onUsbStateReceive:159 
07-20 16:22:41.835 21074 21074 W ContextImpl: Calling a method in the system process without a qualified user: android.app.ContextImpl.startService:1656 android.content.ContextWrapper.startService:644 android.content.ContextWrapper.startService:644 com.android.settings.deviceinfo.UsbReceiver.startUsbService:282 com.android.settings.deviceinfo.UsbReceiver.onUsbStateReceive:206 
07-20 16:22:42.172 21074 21074 W ContextImpl: Calling a method in the system process without a qualified user: android.app.ContextImpl.startService:1656 android.content.ContextWrapper.startService:644 android.content.ContextWrapper.startService:644 com.android.settings.deviceinfo.UsbReceiver.startUsbService:282 com.android.settings.deviceinfo.UsbReceiver.onUsbStateReceive:159 
07-20 16:22:42.176 21074 21074 W ContextImpl: Calling a method in the system process without a qualified user: android.app.ContextImpl.startService:1656 android.content.ContextWrapper.startService:644 android.content.ContextWrapper.startService:644 com.android.settings.deviceinfo.UsbReceiver.startUsbService:282 com.android.settings.deviceinfo.UsbReceiver.onUsbStateReceive:206 
07-20 16:22:42.243 21074 21074 W ContextImpl: Calling a method in the system process without a qualified user: android.app.ContextImpl.startService:1656 android.content.ContextWrapper.startService:644 android.content.ContextWrapper.startService:644 com.android.settings.deviceinfo.UsbReceiver.startUsbService:282 com.android.settings.deviceinfo.UsbReceiver.onUsbStateReceive:159 
07-20 16:22:42.248 21074 21074 W ContextImpl: Calling a method in the system process without a qualified user: android.app.ContextImpl.startService:1656 android.content.ContextWrapper.startService:644 android.content.ContextWrapper.startService:644 com.android.settings.deviceinfo.UsbReceiver.startUsbService:282 com.android.settings.deviceinfo.UsbReceiver.onUsbStateReceive:206 
07-20 16:22:42.873  1197  2116 I chatty  : uid=1000(system) watchdog expire 6 lines
07-20 16:22:54.514  1197  3686 I chatty  : uid=1000(system) Binder:1197_13 expire 10 lines
07-20 16:22:56.329 23680 23680 D ActivityThread: ActivityThread,attachApplication
07-20 16:22:56.961   749  2144 I chatty  : uid=1000(system) IPC Thread expire 175 lines
07-20 16:22:56.968  1197  1219 I chatty  : uid=1000(system) android.bg expire 4 lines
07-20 16:22:56.971  1197  1197 I chatty  : uid=1000 system_server expire 43 lines
07-20 16:22:57.954  1197  3009 I chatty  : uid=1000(system) Binder:1197_10 expire 19 lines
07-20 16:23:00.310  1197  2225 I chatty  : uid=1000(system) Binder:1197_A expire 19 lines
07-20 16:23:02.956  1197  1373 I chatty  : uid=1000(system) UEventObserver expire 20 lines
07-20 16:24:54.594  1197 10219 I chatty  : uid=1000(system) Binder:1197_1D expire 11 lines
07-20 16:25:23.000  1197  3686 I chatty  : uid=1000(system) Binder:1197_13 expire 16 lines
07-20 16:25:30.553  1197  2580 I chatty  : uid=1000(system) Binder:1197_D expire 10 lines
07-20 16:25:31.869  1197 10340 I chatty  : uid=1000(system) Binder:1197_1F expire 12 lines
07-20 16:25:42.887  1197  2116 I chatty  : uid=1000(system) watchdog expire 8 lines
07-20 16:25:53.989   749  2144 D libgps  : proxy_gnss_sv_status_cb: called. num_svs(5)
07-20 16:25:54.033  1197  1650 I chatty  : uid=1000(system) ConnectivitySer expire 1 line
07-20 16:25:54.989   749  2144 D libgps  : proxy_gnss_sv_status_cb: called. num_svs(4)
07-20 16:25:55.994   749  2144 D libgps  : proxy_gnss_sv_status_cb: called. num_svs(4)
07-20 16:25:57.014   749  2144 D libgps  : proxy_gnss_sv_status_cb: called. num_svs(5)
07-20 16:25:59.990   749  2144 D libgps  : proxy_gnss_sv_status_cb: called. num_svs(5)
07-20 16:26:00.988   749  2144 D libgps  : proxy_gnss_sv_status_cb: called. num_svs(5)
07-20 16:26:01.992   749  2144 D libgps  : proxy_gnss_sv_status_cb: called. num_svs(5)
07-20 16:26:02.989   749  2144 D libgps  : proxy_gnss_sv_status_cb: called. num_svs(5)
07-20 16:26:04.002   749  2144 D libgps  : proxy_gnss_sv_status_cb: called. num_svs(5)
07-20 16:26:04.975   749  2144 D libgps  : proxy_gnss_sv_status_cb: called. num_svs(5)
07-20 16:26:05.986   749  2144 D libgps  : proxy_gnss_sv_status_cb: called. num_svs(5)
07-20 16:26:06.994   749  2144 D libgps  : proxy_gnss_sv_status_cb: called. num_svs(4)
07-20 16:26:07.990   749  2144 D libgps  : proxy_gnss_sv_status_cb: called. num_svs(4)
07-20 16:26:08.983   749  2144 D libgps  : proxy_gnss_sv_status_cb: called. num_svs(4)
07-20 16:26:09.995   749  2144 D libgps  : proxy_gnss_sv_status_cb: called. num_svs(5)
07-20 16:26:10.313  1197  2580 I chatty  : uid=1000(system) Binder:1197_D expire 11 lines
07-20 16:26:10.994   749  2144 D libgps  : proxy_gnss_sv_status_cb: called. num_svs(5)
07-20 16:26:11.987   749  2144 D libgps  : proxy_gnss_sv_status_cb: called. num_svs(5)
07-20 16:26:12.993   749  2144 D libgps  : proxy_gnss_sv_status_cb: called. num_svs(5)
07-20 16:26:16.986   749  2144 D libgps  : proxy_gnss_sv_status_cb: called. num_svs(5)
07-20 16:26:17.991   749  2144 D libgps  : proxy_gnss_sv_status_cb: called. num_svs(4)
07-20 16:26:19.987   749  2144 I chatty  : uid=1000(system) IPC Thread identical 14 lines
07-20 16:26:20.984   749  2144 D libgps  : proxy_gnss_sv_status_cb: called. num_svs(4)
07-20 16:26:21.982   749  2144 D libgps  : proxy_gnss_sv_status_cb: called. num_svs(4)
07-20 16:26:22.983   749  2144 D libgps  : proxy_gnss_sv_status_cb: called. num_svs(4)
07-20 16:26:23.985   749  2144 D libgps  : proxy_gnss_sv_status_cb: called. num_svs(4)
07-20 16:26:24.988   749  2144 D libgps  : proxy_gnss_sv_status_cb: called. num_svs(4)
07-20 16:26:29.987   749  2144 D libgps  : proxy_gnss_sv_status_cb: called. num_svs(4)
07-20 16:26:30.990   749  2144 D libgps  : proxy_gnss_sv_status_cb: called. num_svs(5)
07-20 16:26:31.980   749  2144 D libgps  : proxy_gnss_sv_status_cb: called. num_svs(4)
07-20 16:26:32.082  1197  3977 I chatty  : uid=1000(system) Binder:1197_1B expire 21 lines
07-20 16:26:32.662  1197  1197 I chatty  : uid=1000 system_server expire 18 lines
07-20 16:26:32.983   749  2144 D libgps  : proxy_gnss_sv_status_cb: called. num_svs(4)
07-20 16:26:33.989   749  2144 D libgps  : proxy_gnss_sv_status_cb: called. num_svs(4)
07-20 16:26:34.984   749  2144 D libgps  : proxy_gnss_sv_status_cb: called. num_svs(4)
07-20 16:26:37.995   749  2144 D libgps  : proxy_gnss_sv_status_cb: called. num_svs(4)
07-20 16:26:38.000  1197 10223 I chatty  : uid=1000(system) Binder:1197_1E expire 10 lines
07-20 16:26:38.993   749  2144 D libgps  : proxy_gnss_sv_status_cb: called. num_svs(5)
07-20 16:26:40.991   749  2144 D libgps  : proxy_gnss_sv_status_cb: called. num_svs(5)
07-20 16:26:41.998   749  2144 D libgps  : proxy_gnss_sv_status_cb: called. num_svs(4)
07-20 16:26:42.986   749  2144 D libgps  : proxy_gnss_sv_status_cb: called. num_svs(3)
07-20 16:26:48.992   749  2144 D libgps  : proxy_gnss_sv_status_cb: called. num_svs(3)
07-20 16:26:49.997   749  2144 D libgps  : proxy_gnss_sv_status_cb: called. num_svs(4)
07-20 16:26:50.990   749  2144 D libgps  : proxy_gnss_sv_status_cb: called. num_svs(3)
07-20 16:26:51.996   749  2144 D libgps  : proxy_gnss_sv_status_cb: called. num_svs(3)
07-20 16:26:53.001  1197  2580 I chatty  : uid=1000(system) Binder:1197_D expire 10 lines
07-20 16:26:53.009   749  2144 D libgps  : proxy_gnss_sv_status_cb: called. num_svs(3)
07-20 16:26:54.009   749  2144 D libgps  : proxy_gnss_sv_status_cb: called. num_svs(3)
07-20 16:26:54.993   749  2144 D libgps  : proxy_gnss_sv_status_cb: called. num_svs(3)
07-20 16:26:55.996   749  2144 I chatty  : uid=1000(system) IPC Thread identical 10 lines
07-20 16:26:56.992   749  2144 D libgps  : proxy_gnss_sv_status_cb: called. num_svs(3)
07-20 16:26:57.994   749  2144 D libgps  : proxy_gnss_sv_status_cb: called. num_svs(4)
07-20 16:26:59.994   749  2144 D libgps  : proxy_gnss_sv_status_cb: called. num_svs(4)
07-20 16:27:00.996   749  2144 D libgps  : proxy_gnss_sv_status_cb: called. num_svs(4)
07-20 16:27:03.993   749  2144 D libgps  : proxy_gnss_sv_status_cb: called. num_svs(4)
07-20 16:27:04.995   749  2144 D libgps  : proxy_gnss_sv_status_cb: called. num_svs(4)
07-20 16:27:11.995   749  2144 D libgps  : proxy_gnss_sv_status_cb: called. num_svs(4)
07-20 16:27:13.005   749  2144 D libgps  : proxy_gnss_sv_status_cb: called. num_svs(4)
07-20 16:27:14.000   749  2144 D libgps  : proxy_gnss_sv_status_cb: called. num_svs(4)
07-20 16:27:14.991   749  2144 D libgps  : proxy_gnss_sv_status_cb: called. num_svs(4)
07-20 16:27:16.006   749  2144 D libgps  : proxy_gnss_sv_status_cb: called. num_svs(3)
07-20 16:27:16.995   749  2144 D libgps  : proxy_gnss_sv_status_cb: called. num_svs(4)
07-20 16:27:17.191  1197  1219 I chatty  : uid=1000(system) android.bg expire 3 lines
07-20 16:27:17.998   749  2144 D libgps  : proxy_gnss_sv_status_cb: called. num_svs(3)
07-20 16:27:18.996   749  2144 D libgps  : proxy_gnss_sv_status_cb: called. num_svs(3)
07-20 16:27:19.992   749  2144 I chatty  : uid=1000(system) IPC Thread identical 10 lines
07-20 16:27:20.992   749  2144 D libgps  : proxy_gnss_sv_status_cb: called. num_svs(3)
07-20 16:27:22.000   749  2144 D libgps  : proxy_gnss_sv_status_cb: called. num_svs(4)
07-20 16:27:22.995   749  2144 D libgps  : proxy_gnss_sv_status_cb: called. num_svs(4)
07-20 16:27:23.984   749  2144 D libgps  : proxy_gnss_sv_status_cb: called. num_svs(4)
07-20 16:27:24.996   749  2144 D libgps  : proxy_gnss_sv_status_cb: called. num_svs(5)
07-20 16:27:28.003   749  2144 D libgps  : proxy_gnss_sv_status_cb: called. num_svs(5)
07-20 16:27:28.981   749  2144 D libgps  : proxy_gnss_sv_status_cb: called. num_svs(5)
07-20 16:27:31.998   749  2144 D libgps  : proxy_gnss_sv_status_cb: called. num_svs(5)
07-20 16:27:32.657  1197  1197 I chatty  : uid=1000 system_server expire 10 lines
07-20 16:27:32.994   749  2144 D libgps  : proxy_gnss_sv_status_cb: called. num_svs(5)
07-20 16:27:33.993   749  2144 D libgps  : proxy_gnss_sv_status_cb: called. num_svs(5)
07-20 16:27:34.480  1197  1234 I chatty  : uid=1000(system) PowerManagerSer expire 4 lines
07-20 16:27:34.991   749  2144 D libgps  : proxy_gnss_sv_status_cb: called. num_svs(5)
07-20 16:27:36.990   749  2144 D libgps  : proxy_gnss_sv_status_cb: called. num_svs(5)
07-20 16:27:38.003   749  2144 D libgps  : proxy_gnss_sv_status_cb: called. num_svs(5)
07-20 16:27:39.002   749  2144 D libgps  : proxy_gnss_sv_status_cb: called. num_svs(6)
07-20 16:27:40.004   749  2144 D libgps  : proxy_gnss_sv_status_cb: called. num_svs(6)
07-20 16:27:40.999   749  2144 D libgps  : proxy_gnss_sv_status_cb: called. num_svs(6)
07-20 16:27:41.996   749  2144 D libgps  : proxy_gnss_sv_status_cb: called. num_svs(5)
07-20 16:27:43.004   749  2144 D libgps  : proxy_gnss_sv_status_cb: called. num_svs(5)
07-20 16:27:43.968  1197  2580 I chatty  : uid=1000(system) Binder:1197_D expire 18 lines
07-20 16:27:44.000   749  2144 D libgps  : proxy_gnss_sv_status_cb: called. num_svs(5)
07-20 16:27:44.028  1197 10223 I chatty  : uid=1000(system) Binder:1197_1E expire 13 lines
07-20 16:27:45.002   749  2144 D libgps  : proxy_gnss_sv_status_cb: called. num_svs(5)
07-20 16:27:47.002   749  2144 D libgps  : proxy_gnss_sv_status_cb: called. num_svs(5)
07-20 16:27:47.842  1197  1367 I chatty  : uid=1000(system) android.anim expire 11 lines
07-20 16:27:47.963   749  2144 D libgps  : proxy_gnss_sv_status_cb: called. num_svs(5)
07-20 16:27:48.111  6101  6101 D ActivityThread: Remove activity client record, r= ActivityRecord{3ffe889 token=android.os.BinderProxy@c96643a {com.jieshun.jslife/com.jieshun.jslife.activity.userinfo.UserAlignActivity}} token= android.os.BinderProxy@c96643a
07-20 16:27:48.959   749  2144 D libgps  : proxy_gnss_sv_status_cb: called. num_svs(5)
07-20 16:27:49.990   749  2144 D libgps  : proxy_gnss_sv_status_cb: called. num_svs(4)
07-20 16:27:54.001   749  2144 D libgps  : proxy_gnss_sv_status_cb: called. num_svs(4)
07-20 16:27:54.986   749  2144 D libgps  : proxy_gnss_sv_status_cb: called. num_svs(4)
07-20 16:27:56.995   749  2144 I chatty  : uid=1000(system) IPC Thread identical 10 lines
07-20 16:27:57.992   749  2144 D libgps  : proxy_gnss_sv_status_cb: called. num_svs(4)
07-20 16:27:58.789  1197  1222 I chatty  : uid=1000(system) ActivityManager expire 1 line
07-20 16:27:58.838  6101  6101 D ActivityThread: Remove activity client record, r= ActivityRecord{804a1c6 token=android.os.BinderProxy@b4ac9a {com.jieshun.jslife/com.jieshun.jslife.activity.userinfo.UserInfoNewActivity}} token= android.os.BinderProxy@b4ac9a
07-20 16:27:58.859  1197  2580 I chatty  : uid=1000(system) Binder:1197_D expire 10 lines
07-20 16:27:58.989   749  2144 D libgps  : proxy_gnss_sv_status_cb: called. num_svs(4)
07-20 16:27:59.990   749  2144 D libgps  : proxy_gnss_sv_status_cb: called. num_svs(4)
07-20 16:28:00.986   749  2144 D libgps  : proxy_gnss_sv_status_cb: called. num_svs(4)
07-20 16:28:04.984   749  2144 D libgps  : proxy_gnss_sv_status_cb: called. num_svs(4)
07-20 16:28:05.026  1197  1373 I chatty  : uid=1000(system) UEventObserver expire 6 lines
07-20 16:28:05.990   749  2144 D libgps  : proxy_gnss_sv_status_cb: called. num_svs(4)
07-20 16:28:11.991   749  2144 D libgps  : proxy_gnss_sv_status_cb: called. num_svs(4)
07-20 16:28:12.982   749  2144 D libgps  : proxy_gnss_sv_status_cb: called. num_svs(4)
07-20 16:28:15.996   749  2144 I chatty  : uid=1000(system) IPC Thread identical 11 lines
07-20 16:28:16.986   749  2144 D libgps  : proxy_gnss_sv_status_cb: called. num_svs(4)
07-20 16:28:17.404  1197  3977 I chatty  : uid=1000(system) Binder:1197_1B expire 9 lines
07-20 16:28:17.998   749  2144 D libgps  : proxy_gnss_sv_status_cb: called. num_svs(4)
07-20 16:28:18.986   749  2144 D libgps  : proxy_gnss_sv_status_cb: called. num_svs(4)
07-20 16:28:22.994   749  2144 D libgps  : proxy_gnss_sv_status_cb: called. num_svs(4)
07-20 16:28:23.991   749  2144 D libgps  : proxy_gnss_sv_status_cb: called. num_svs(4)
07-20 16:28:24.989   749  2144 D libgps  : proxy_gnss_sv_status_cb: called. num_svs(4)
07-20 16:28:25.998   749  2144 D libgps  : proxy_gnss_sv_status_cb: called. num_svs(4)
07-20 16:28:28.994   749  2144 D libgps  : proxy_gnss_sv_status_cb: called. num_svs(4)
07-20 16:28:29.993   749  2144 D libgps  : proxy_gnss_sv_status_cb: called. num_svs(3)
07-20 16:28:31.995   749  2144 D libgps  : proxy_gnss_sv_status_cb: called. num_svs(3)
07-20 16:28:32.983   749  2144 D libgps  : proxy_gnss_sv_status_cb: called. num_svs(3)
07-20 16:28:33.244  1197  2580 I chatty  : uid=1000(system) Binder:1197_D expire 5 lines
07-20 16:28:33.981   749  2144 D libgps  : proxy_gnss_sv_status_cb: called. num_svs(3)
07-20 16:28:34.983   749  2144 D libgps  : proxy_gnss_sv_status_cb: called. num_svs(3)
07-20 16:28:35.260  1197  1197 I chatty  : uid=1000 system_server expire 7 lines
07-20 16:28:35.988   749  2144 D libgps  : proxy_gnss_sv_status_cb: called. num_svs(3)
07-20 16:28:38.985   749  2144 D libgps  : proxy_gnss_sv_status_cb: called. num_svs(3)
07-20 16:28:39.982   749  2144 D libgps  : proxy_gnss_sv_status_cb: called. num_svs(3)
07-20 16:28:40.979   749  2144 I chatty  : uid=1000(system) IPC Thread identical 10 lines
07-20 16:28:41.997   749  2144 D libgps  : proxy_gnss_sv_status_cb: called. num_svs(3)
07-20 16:28:42.982   749  2144 D libgps  : proxy_gnss_sv_status_cb: called. num_svs(3)
07-20 16:28:43.985   749  2144 D libgps  : proxy_gnss_sv_status_cb: called. num_svs(4)
07-20 16:28:49.994   749  2144 D libgps  : proxy_gnss_sv_status_cb: called. num_svs(4)
07-20 16:28:50.989   749  2144 D libgps  : proxy_gnss_sv_status_cb: called. num_svs(5)
07-20 16:28:51.991   749  2144 D libgps  : proxy_gnss_sv_status_cb: called. num_svs(4)
07-20 16:28:53.985   749  2144 D libgps  : proxy_gnss_sv_status_cb: called. num_svs(4)
07-20 16:28:54.729  1197  3686 I chatty  : uid=1000(system) Binder:1197_13 expire 3 lines
07-20 16:28:54.986   749  2144 D libgps  : proxy_gnss_sv_status_cb: called. num_svs(4)
07-20 16:28:55.994   749  2144 D libgps  : proxy_gnss_sv_status_cb: called. num_svs(4)
07-20 16:28:56.988   749  2144 D libgps  : proxy_gnss_sv_status_cb: called. num_svs(5)
07-20 16:28:58.977   749  2144 D libgps  : proxy_gnss_sv_status_cb: called. num_svs(5)
07-20 16:29:00.005   749  2144 D libgps  : proxy_gnss_sv_status_cb: called. num_svs(5)
07-20 16:29:00.988   749  2144 D libgps  : proxy_gnss_sv_status_cb: called. num_svs(5)
07-20 16:29:02.999   749  2144 D libgps  : proxy_gnss_sv_status_cb: called. num_svs(5)
07-20 16:29:03.987   749  2144 D libgps  : proxy_gnss_sv_status_cb: called. num_svs(5)
07-20 16:29:04.996   749  2144 D libgps  : proxy_gnss_sv_status_cb: called. num_svs(5)
07-20 16:29:05.991   749  2144 D libgps  : proxy_gnss_sv_status_cb: called. num_svs(5)
07-20 16:29:07.996   749  2144 D libgps  : proxy_gnss_sv_status_cb: called. num_svs(5)
07-20 16:29:08.254  1197 10223 I chatty  : uid=1000(system) Binder:1197_1E expire 4 lines
07-20 16:29:08.992   749  2144 D libgps  : proxy_gnss_sv_status_cb: called. num_svs(5)
07-20 16:29:09.989   749  2144 D libgps  : proxy_gnss_sv_status_cb: called. num_svs(5)
07-20 16:29:10.999   749  2144 I chatty  : uid=1000(system) IPC Thread identical 4 lines
07-20 16:29:11.986   749  2144 D libgps  : proxy_gnss_sv_status_cb: called. num_svs(5)
07-20 16:29:12.983   749  2144 D libgps  : proxy_gnss_sv_status_cb: called. num_svs(5)
07-20 16:29:16.996   749  2144 D libgps  : proxy_gnss_sv_status_cb: called. num_svs(5)
07-20 16:29:18.001   749  2144 D libgps  : proxy_gnss_sv_status_cb: called. num_svs(4)
07-20 16:29:18.435   494   633 W SocketListener: sending broadcast to Pid = 1197, Uid = 1000 
07-20 16:29:18.439  1197  1630 I chatty  : uid=1000(system) NetdConnector expire 2 lines
07-20 16:29:18.446  1197  1229 I chatty  : uid=1000(system) android.fg expire 3 lines
07-20 16:29:18.993   749  2144 D libgps  : proxy_gnss_sv_status_cb: called. num_svs(5)
07-20 16:29:19.994   749  2144 D libgps  : proxy_gnss_sv_status_cb: called. num_svs(6)
07-20 16:29:21.002   749  2144 D libgps  : proxy_gnss_sv_status_cb: called. num_svs(5)
07-20 16:29:22.001   749  2144 D libgps  : proxy_gnss_sv_status_cb: called. num_svs(5)
07-20 16:29:23.025   749  2144 D libgps  : proxy_gnss_sv_status_cb: called. num_svs(4)
07-20 16:29:23.296  1197  2580 I chatty  : uid=1000(system) Binder:1197_D expire 7 lines
07-20 16:29:23.297  1197  1222 I chatty  : uid=1000(system) ActivityManager expire 1 line
07-20 16:29:23.619  1197  3977 I chatty  : uid=1000(system) Binder:1197_1B expire 40 lines
07-20 16:29:23.962   749  2144 D libgps  : proxy_gnss_sv_status_cb: called. num_svs(4)
07-20 16:29:24.308  6101  6101 V ActivityThread: ActivityThread,callActivityOnCreate
07-20 16:29:24.400  1197 10223 I chatty  : uid=1000(system) Binder:1197_1E expire 54 lines
07-20 16:29:24.402 23975 23975 D ActivityThread: ActivityThread,attachApplication
07-20 16:29:24.447  1197  1650 I chatty  : uid=1000(system) ConnectivitySer expire 11 lines
07-20 16:29:24.476  6101  6101 D ActivityThread: add activity client record, r= ActivityRecord{9f095e token=android.os.BinderProxy@8c9b102 {com.jieshun.jslife/jst.com.paylibrary.activity.JstWebviewActivity}} token= android.os.BinderProxy@8c9b102
07-20 16:29:24.537  1197  1367 I chatty  : uid=1000(system) android.anim expire 36 lines
07-20 16:29:24.976   749  2144 D libgps  : proxy_gnss_sv_status_cb: called. num_svs(5)
07-20 16:29:25.982   749  2144 D libgps  : proxy_gnss_sv_status_cb: called. num_svs(4)
07-20 16:29:26.215  6101  6101 V ActivityThread: ActivityThread,callActivityOnCreate
07-20 16:29:26.321  6101  6101 D ActivityThread: add activity client record, r= ActivityRecord{8ce8c3d token=android.os.BinderProxy@b4d1ced {com.jieshun.jslife/com.jieshun.jslife.activity.userinfo.ConsumeRecordActivity}} token= android.os.BinderProxy@b4d1ced
07-20 16:29:26.327  1197  2225 I chatty  : uid=1000(system) Binder:1197_A expire 34 lines
07-20 16:29:26.845  6101  6101 V ActivityThread: ActivityThread,callActivityOnCreate
07-20 16:29:26.884  6101  6101 D ActivityThread: add activity client record, r= ActivityRecord{e305d0c token=android.os.BinderProxy@5399b2 {com.jieshun.jslife/com.jieshun.jslife.activity.userinfo.ConsumeOrderDetailActivity}} token= android.os.BinderProxy@5399b2
07-20 16:29:26.960   749  2144 D libgps  : proxy_gnss_sv_status_cb: called. num_svs(4)
07-20 16:29:27.279  6101  6101 D ActivityThread: Remove activity client record, r= ActivityRecord{9f095e token=android.os.BinderProxy@8c9b102 {com.jieshun.jslife/jst.com.paylibrary.activity.JstWebviewActivity}} token= android.os.BinderProxy@8c9b102
07-20 16:29:28.012   749  2144 D libgps  : proxy_gnss_sv_status_cb: called. num_svs(5)
07-20 16:29:28.960   749  2144 D libgps  : proxy_gnss_sv_status_cb: called. num_svs(5)
07-20 16:29:29.960   749  2144 D libgps  : proxy_gnss_sv_status_cb: called. num_svs(5)
07-20 16:29:30.520  1197  1197 I chatty  : uid=1000 system_server expire 8 lines
07-20 16:29:30.977   749  2144 D libgps  : proxy_gnss_sv_status_cb: called. num_svs(5)
07-20 16:29:32.006   749  2144 D libgps  : proxy_gnss_sv_status_cb: called. num_svs(5)
07-20 16:29:33.000   749  2144 D libgps  : proxy_gnss_sv_status_cb: called. num_svs(5)
07-20 16:29:34.012   749  2144 D libgps  : proxy_gnss_sv_status_cb: called. num_svs(5)
