--------- beginning of system
07-20 15:24:25.273   494   629 W SocketListener: sending broadcast to Pid = 1197, Uid = 1000 
07-20 15:24:25.274  1197  1630 I chatty  : uid=1000(system) NetdConnector expire 4 lines
07-20 15:24:25.275  1197  1229 I chatty  : uid=1000(system) android.fg expire 1 line
07-20 15:24:25.292  1197  1647 I chatty  : uid=1000(system) WifiP2pService expire 3 lines
07-20 15:24:25.319  1197  3682 I chatty  : uid=1000(system) Binder:1197_11 expire 16 lines
07-20 15:24:25.444  2936  2960 W SettingsEx: SettingsEx.Systemex.getInt deprecated use Settings.System.getInt instead ;callers=com.huawei.recsys.util.SystemUtil.getNotificationUpdateMode:169 com.huawei.recsys.util.SystemUtil.isAllowUpdate:104 com.huawei.recsys.controller.notification.http.NotificationUpdateController.startNotificationUpdate:85 
07-20 15:24:25.449  1197  1222 I chatty  : uid=1000(system) ActivityManager expire 4 lines
07-20 15:24:25.465  1197  1223 I chatty  : uid=1000(system) android.ui expire 4 lines
07-20 15:24:25.472  2936 15328 W ContextImpl: Calling a method in the system process without a qualified user: android.app.ContextImpl.bindService:1736 android.content.ContextWrapper.bindService:678 com.huawei.nb.dataservice.dsclient.RemoteServiceConnection.open:90 com.huawei.nb.dataservice.dsclient.DataServiceProxy.connect:105 com.huawei.nb.dataservice.rsclient.internal.RemoteRuleService.start:27 
07-20 15:24:25.521  1197  3776 I chatty  : uid=1000(system) Binder:1197_16 expire 3 lines
07-20 15:24:25.523  2936 13666 W SettingsEx: SettingsEx.Systemex.getInt deprecated use Settings.System.getInt instead ;callers=com.huawei.recsys.util.SystemUtil.getNotificationUpdateMode:169 com.huawei.recsys.util.SystemUtil.isAllowUpdate:104 com.huawei.recsys.controller.notification.http.NotificationUpdateController.startNotificationUpdate:85 
07-20 15:24:26.335  1197  1391 I chatty  : uid=1000(system) InputDispatcher expire 7 lines
07-20 15:24:26.419  1197  1906 I chatty  : uid=1000(system) Binder:1197_5 expire 5 lines
07-20 15:24:26.429  1766  1766 V KeyguardStatusView: refresh statusview showing:true
07-20 15:24:26.479  1197  3976 I chatty  : uid=1000(system) Binder:1197_1A expire 1 line
07-20 15:24:26.480  2117  2414 I HwNetworkPolicyManager: getHwUidPolicy uid = 10058 policy = 0
07-20 15:24:26.503  1766  1766 W FingerprintManager: Invalid acquired message: 6, 1001
07-20 15:24:26.510  1197  2225 I chatty  : uid=1000(system) Binder:1197_A expire 11 lines
07-20 15:24:26.586  1197  2195 I chatty  : uid=1000(system) Binder:1197_7 expire 7 lines
07-20 15:24:27.185  1766  1766 W FingerprintManager: Invalid acquired message: 6, 1002
07-20 15:24:27.499  2150 15696 D FaceRecognizeService: resetTimeout begin!
07-20 15:24:27.499  2150  2447 E FaceRecognizeService: handleMessage EVT = 1002
07-20 15:24:27.499  2150  2447 D AntiBruteForceProcessor: Reset facerecognize lockout, clearAttemptCounter=true
07-20 15:24:27.499  2150  2447 D AntiBruteForceProcessor: resetTotalFailedTimes current total times = 0
07-20 15:24:27.591  1766  1766 V KeyguardDisplayManager: hide
07-20 15:24:27.592  1766  1766 V KeyguardViewMediator: updateInputRestrictedLocked 1 isInputApp = false, inputRestricted = false
07-20 15:24:27.601  1197  1210 I chatty  : uid=1000(system) Binder:1197_1 expire 3 lines
07-20 15:24:27.618  1766 15584 I CommandQueue: updateBarBgColor
07-20 15:24:27.618  1766 15584 D CommandQueue: CommandQueue, setBarBackgroundColor
07-20 15:24:27.619  1197  3974 I chatty  : uid=1000(system) Binder:1197_18 expire 2 lines
07-20 15:24:27.667  1197  1197 I chatty  : uid=1000 system_server expire 12 lines
07-20 15:24:27.668  1197  1647 I chatty  : uid=1000(system) WifiP2pService expire 3 lines
07-20 15:24:27.672  1197  3975 I chatty  : uid=1000(system) Binder:1197_19 expire 16 lines
07-20 15:24:27.676  9977  9977 D ActivityThread: Remove activity client record, r= ActivityRecord{e2ed4a8 token=android.os.BinderProxy@5066bea {com.tencent.qqmusic/com.tencent.qqmusic.business.lockscreennew.LockScreenActivity}} token= android.os.BinderProxy@5066bea
07-20 15:24:27.677  1197  2225 I chatty  : uid=1000(system) Binder:1197_A expire 12 lines
07-20 15:24:27.678  1197  2195 I chatty  : uid=1000(system) Binder:1197_7 expire 24 lines
07-20 15:24:27.683  1197  1905 I chatty  : uid=1000(system) Binder:1197_4 expire 7 lines
07-20 15:24:27.684  1197  2580 I chatty  : uid=1000(system) Binder:1197_D expire 2 lines
07-20 15:24:27.686  1197  1231 I chatty  : uid=1000(system) android.display expire 1 line
07-20 15:24:27.731  1197 10340 I chatty  : uid=1000(system) Binder:1197_1F expire 24 lines
07-20 15:24:27.742  1197  1374 I chatty  : uid=1000(system) Binder:1197_3 expire 11 lines
07-20 15:24:27.748  1197  1210 I chatty  : uid=1000(system) Binder:1197_1 expire 21 lines
07-20 15:24:27.783  1197  1222 I chatty  : uid=1000(system) ActivityManager expire 1 line
07-20 15:24:27.788 13854 13854 D ActivityThread: ActivityThread,attachApplication
07-20 15:24:27.808  1197  3776 I chatty  : uid=1000(system) Binder:1197_16 expire 11 lines
07-20 15:24:28.496  1197  1219 I chatty  : uid=1000(system) android.bg expire 12 lines
07-20 15:24:28.600  1197 10219 I chatty  : uid=1000(system) Binder:1197_1D expire 3 lines
07-20 15:24:29.894  1197  1650 I chatty  : uid=1000(system) ConnectivitySer expire 6 lines
07-20 15:24:30.167  1197  2116 I chatty  : uid=1000(system) watchdog expire 1 line
07-20 15:24:30.323  1197  1223 I chatty  : uid=1000(system) android.ui expire 3 lines
07-20 15:24:31.071 13936 13936 D ActivityThread: ActivityThread,attachApplication
07-20 15:24:31.073  1197  3009 I chatty  : uid=1000(system) Binder:1197_10 expire 6 lines
07-20 15:24:31.074  1197  1367 I chatty  : uid=1000(system) android.anim expire 20 lines
07-20 15:24:31.100  2117  2414 I HwNetworkPolicyManager: getHwUidPolicy uid = 10097 policy = 0
07-20 15:24:31.431 13936 13936 D ActivityThread: Loading provider com.sina.weibo.spProvider: com.sina.weibo.provider.SinaWeiboSPProvider
07-20 15:24:33.253 14017 14017 D ActivityThread: ActivityThread,attachApplication
07-20 15:24:33.270 13936 13936 V ActivityThread: ActivityThread,callActivityOnCreate
07-20 15:24:33.301 13936 13936 D ActivityThread: add activity client record, r= ActivityRecord{3650647 token=android.os.BinderProxy@98bebd {com.sina.weibo/com.sina.weibo.SplashActivity}} token= android.os.BinderProxy@98bebd
07-20 15:24:33.342  1766 15584 I CommandQueue: updateBarBgColor
07-20 15:24:33.343  1766 15584 D CommandQueue: CommandQueue, setBarBackgroundColor
07-20 15:24:33.407 13936 13936 V ActivityThread: ActivityThread,callActivityOnCreate
07-20 15:24:33.452 13936 13936 D ActivityThread: add activity client record, r= ActivityRecord{7923cb1 token=android.os.BinderProxy@dd6a0d {com.sina.weibo/com.sina.weibo.SplashActivity}} token= android.os.BinderProxy@dd6a0d
07-20 15:24:33.474 14078 14078 D ActivityThread: ActivityThread,attachApplication
07-20 15:24:33.591  1197  1234 I chatty  : uid=1000(system) PowerManagerSer expire 1 line
07-20 15:24:33.605 13936 13936 D ActivityThread: Remove activity client record, r= ActivityRecord{3650647 token=android.os.BinderProxy@98bebd {com.sina.weibo/com.sina.weibo.SplashActivity}} token= android.os.BinderProxy@98bebd
07-20 15:24:33.846  1197  3975 I chatty  : uid=1000(system) Binder:1197_19 expire 31 lines
07-20 15:24:33.856 13936 13936 V ActivityThread: ActivityThread,callActivityOnCreate
07-20 15:24:33.952  1197  2580 I chatty  : uid=1000(system) Binder:1197_D expire 14 lines
07-20 15:24:33.983 13936 13936 D ActivityThread: add activity client record, r= ActivityRecord{49f0b0a token=android.os.BinderProxy@17e9d3a {com.sina.weibo/com.sina.weibo.MainTabActivity}} token= android.os.BinderProxy@17e9d3a
07-20 15:24:34.022  1197  2225 I chatty  : uid=1000(system) Binder:1197_A expire 6 lines
07-20 15:24:34.040 14191 14191 D ActivityThread: ActivityThread,attachApplication
07-20 15:24:34.068 14209 14209 D ActivityThread: ActivityThread,attachApplication
07-20 15:24:34.093  1197  1197 I chatty  : uid=1000 system_server expire 10 lines
07-20 15:24:34.100 13936 13936 V ActivityThread: ActivityThread,callActivityOnCreate
07-20 15:24:34.226  1197  3776 I chatty  : uid=1000(system) Binder:1197_16 expire 13 lines
07-20 15:24:34.226  1197  2195 I chatty  : uid=1000(system) Binder:1197_7 expire 25 lines
07-20 15:24:34.227 13936 13936 D ActivityThread: add activity client record, r= ActivityRecord{a5c5124 token=android.app.LocalActivityManager$LocalActivityRecord@3ebfd59 {com.sina.weibo/com.sina.weibo.story.publisher.NewStoryPublisherActivity}} token= android.app.LocalActivityManager$LocalActivityRecord@3ebfd59
07-20 15:24:34.281  1766 15584 I CommandQueue: updateBarBgColor
07-20 15:24:34.282  1766 15584 D CommandQueue: CommandQueue, setBarBackgroundColor
07-20 15:24:34.363  1197  1367 I chatty  : uid=1000(system) android.anim expire 16 lines
07-20 15:24:34.444 13936 13936 V ActivityThread: ActivityThread,callActivityOnCreate
07-20 15:24:34.539 13936 13936 D ActivityThread: add activity client record, r= ActivityRecord{8d9df8c token=android.app.LocalActivityManager$LocalActivityRecord@ac8e5c9 {com.sina.weibo/com.sina.weibo.feed.HomeActivity}} token= android.app.LocalActivityManager$LocalActivityRecord@ac8e5c9
07-20 15:24:34.728   749   749 D libgps  : proxy_gps_set_position_mode: mode = 1, recurrence = 0, min_interval = 1000, preferred_accuracy = 0, preferred_time = 0
07-20 15:24:34.731  1197  2138 I chatty  : uid=1000(system) LocationThread expire 4 lines
07-20 15:24:34.731   749   749 D libgps  : proxy_gps_start: called.
07-20 15:24:34.734  1197 14297 I chatty  : uid=1000 system_server expire 6 lines
07-20 15:24:34.735   749   749 D libgps  : proxy_gps_start: return = 0.
07-20 15:24:34.753   749   749 D libgps  : proxy_gps_inject_location: called.
07-20 15:24:34.872   749  2144 D libgps  : proxy_agps_ril_request_setid_cb: called.
07-20 15:24:34.874   749   749 D libgps  : proxy_gps_inject_time: exit
07-20 15:24:34.875   749  2144 D libgps  : proxy_agps_ril_set_set_id: called.
07-20 15:24:34.976  1197  3009 I chatty  : uid=1000(system) Binder:1197_10 expire 1 line
07-20 15:24:35.244 13936 13936 D ActivityThread: Remove activity client record, r= ActivityRecord{7923cb1 token=android.os.BinderProxy@dd6a0d {com.sina.weibo/com.sina.weibo.SplashActivity}} token= android.os.BinderProxy@dd6a0d
07-20 15:24:35.248  1197  1906 I chatty  : uid=1000(system) Binder:1197_5 expire 13 lines
07-20 15:24:35.324  1197  1374 I chatty  : uid=1000(system) Binder:1197_3 expire 37 lines
07-20 15:24:35.326   749   749 D libgps  : proxy_gps_stop: called.
07-20 15:24:35.328   749   749 D libgps  : gps_engine_status_update: called.
07-20 15:24:35.570  1197  1222 I chatty  : uid=1000(system) ActivityManager expire 5 lines
07-20 15:24:36.432 13936 13936 V ActivityThread: ActivityThread,callActivityOnCreate
07-20 15:24:36.444 13936 13936 D ActivityThread: add activity client record, r= ActivityRecord{eea4552 token=android.os.BinderProxy@ffa5d54 {com.sina.weibo/com.sina.weibo.bundlemanager.WBActivityDeliver}} token= android.os.BinderProxy@ffa5d54
07-20 15:24:36.538 13936 13936 V ActivityThread: ActivityThread,callActivityOnCreate
07-20 15:24:36.574 13936 13936 D ActivityThread: add activity client record, r= ActivityRecord{31b7f9b token=android.os.BinderProxy@8f5cbfd {com.sina.weibo/com.sina.weibo.composerinde.SignInActivity}} token= android.os.BinderProxy@8f5cbfd
07-20 15:24:36.598  1766 15584 I CommandQueue: updateBarBgColor
07-20 15:24:36.599  1766 15584 D CommandQueue: CommandQueue, setBarBackgroundColor
07-20 15:24:36.699  1197  1219 I chatty  : uid=1000(system) android.bg expire 3 lines
07-20 15:24:37.018  1197  1650 I chatty  : uid=1000(system) ConnectivitySer expire 15 lines
07-20 15:24:37.049  1197 10340 I chatty  : uid=1000(system) Binder:1197_1F expire 3 lines
07-20 15:24:37.167  1197  1905 I chatty  : uid=1000(system) Binder:1197_4 expire 15 lines
07-20 15:24:39.064  1766 15584 I CommandQueue: updateBarBgColor
07-20 15:24:39.064  1766 15584 D CommandQueue: CommandQueue, setBarBackgroundColor
07-20 15:24:39.220  1197 10340 I chatty  : uid=1000(system) Binder:1197_1F expire 28 lines
07-20 15:24:39.244 13936 13936 D ActivityThread: Remove activity client record, r= ActivityRecord{31b7f9b token=android.os.BinderProxy@8f5cbfd {com.sina.weibo/com.sina.weibo.composerinde.SignInActivity}} token= android.os.BinderProxy@8f5cbfd
07-20 15:24:39.245  1197  2580 I chatty  : uid=1000(system) Binder:1197_D expire 16 lines
07-20 15:24:39.248 13936 13936 D ActivityThread: Remove activity client record, r= ActivityRecord{eea4552 token=android.os.BinderProxy@ffa5d54 {com.sina.weibo/com.sina.weibo.composerinde.SignInActivity}} token= android.os.BinderProxy@ffa5d54
07-20 15:24:39.493  1197  1367 I chatty  : uid=1000(system) android.anim expire 20 lines
07-20 15:24:39.784  1197  1219 I chatty  : uid=1000(system) android.bg expire 1 line
07-20 15:24:39.785  1197  1197 I chatty  : uid=1000 system_server expire 5 lines
07-20 15:24:41.026  1197  3009 I chatty  : uid=1000(system) Binder:1197_10 expire 23 lines
07-20 15:24:41.161  1197  1222 I chatty  : uid=1000(system) ActivityManager expire 2 lines
07-20 15:24:41.287  1197  2195 I chatty  : uid=1000(system) Binder:1197_7 expire 11 lines
07-20 15:24:41.737  1197  1234 I chatty  : uid=1000(system) PowerManagerSer expire 4 lines
07-20 15:24:42.207  1197  1223 I chatty  : uid=1000(system) android.ui expire 4 lines
07-20 15:24:42.210  2117  2414 I HwNetworkPolicyManager: getHwUidPolicy uid = 10097 policy = 0
07-20 15:24:42.225 14078 14078 V ActivityThread: ActivityThread,callActivityOnCreate
07-20 15:24:42.349 14078 14078 D ActivityThread: add activity client record, r= ActivityRecord{9e6eef0 token=android.os.BinderProxy@c8673e2 {com.sina.weibo/com.sina.weibo.photoalbum.imageviewer.ImageViewer}} token= android.os.BinderProxy@c8673e2
07-20 15:24:43.939  1197  1392 I chatty  : uid=1000(system) InputReader expire 5 lines
07-20 15:24:43.959  1197  1391 I chatty  : uid=1000(system) InputDispatcher expire 6 lines
07-20 15:24:44.210 14078 14078 D ActivityThread: Remove activity client record, r= ActivityRecord{9e6eef0 token=android.os.BinderProxy@c8673e2 {com.sina.weibo/com.sina.weibo.photoalbum.imageviewer.ImageViewer}} token= android.os.BinderProxy@c8673e2
07-20 15:24:44.867 14596 14596 D ActivityThread: ActivityThread,attachApplication
07-20 15:24:45.003  1197  1650 I chatty  : uid=1000(system) ConnectivitySer expire 11 lines
07-20 15:24:46.354   494   631 W SocketListener: sending broadcast to Pid = 1197, Uid = 1000 
07-20 15:24:46.356  1197  1630 I chatty  : uid=1000(system) NetdConnector expire 12 lines
07-20 15:24:46.359  1197  1229 I chatty  : uid=1000(system) android.fg expire 2 lines
07-20 15:24:46.368  1197  1631 I chatty  : uid=1000(system) NetworkStats expire 10 lines
07-20 15:24:49.771   494   631 W SocketListener: sending broadcast to Pid = 1197, Uid = 1000 
07-20 15:24:50.320  1197  1905 I chatty  : uid=1000(system) Binder:1197_4 expire 2 lines
07-20 15:24:51.242  1197 10340 I chatty  : uid=1000(system) Binder:1197_1F expire 6 lines
07-20 15:24:54.886  1197  3776 I chatty  : uid=1000(system) Binder:1197_16 expire 1 line
07-20 15:24:56.212  1197  1367 I chatty  : uid=1000(system) android.anim expire 15 lines
07-20 15:24:56.278  1197  1906 I chatty  : uid=1000(system) Binder:1197_5 expire 4 lines
07-20 15:24:56.321  1197  1211 I chatty  : uid=1000(system) Binder:1197_2 expire 8 lines
07-20 15:24:57.047 13936 13936 V ActivityThread: ActivityThread,callActivityOnCreate
07-20 15:24:57.266 13936 13936 D ActivityThread: add activity client record, r= ActivityRecord{dae963c token=android.app.LocalActivityManager$LocalActivityRecord@1b58bb9 {com.sina.weibo/com.sina.weibo.page.DiscoverActivity}} token= android.app.LocalActivityManager$LocalActivityRecord@1b58bb9
07-20 15:24:57.341  1197  2195 I chatty  : uid=1000(system) Binder:1197_7 expire 5 lines
07-20 15:24:57.738  1197  3976 I chatty  : uid=1000(system) Binder:1197_1A expire 2 lines
07-20 15:24:58.142  1197  3975 I chatty  : uid=1000(system) Binder:1197_19 expire 2 lines
07-20 15:25:00.173  1197  2116 I chatty  : uid=1000(system) watchdog expire 1 line
07-20 15:25:04.616  1197  2224 I chatty  : uid=1000(system) Binder:1197_9 expire 3 lines
07-20 15:25:04.621  1197  1234 I chatty  : uid=1000(system) PowerManagerSer expire 19 lines
07-20 15:25:04.740  1197  1377 I chatty  : uid=1000(system) fingerprintServ expire 16 lines
07-20 15:25:04.771 13936 13936 V ActivityThread: Finishing stop of ActivityRecord{49f0b0a token=android.os.BinderProxy@17e9d3a {com.sina.weibo/com.sina.weibo.MainTabActivity}}
07-20 15:25:04.811  1197  1246 I chatty  : uid=1000(system) HwBinder:1197_1 expire 2 lines
07-20 15:25:04.813  1766  1766 W FingerprintManager: Invalid acquired message: 6, 1001
07-20 15:25:04.854  1197  1231 I chatty  : uid=1000(system) android.display expire 10 lines
07-20 15:25:04.862  1197  1720 I chatty  : uid=1000(system) PhotonicModulat expire 2 lines
07-20 15:25:04.874  1197  2225 I chatty  : uid=1000(system) Binder:1197_A expire 19 lines
07-20 15:25:04.879  1197  1197 I chatty  : uid=1000 system_server expire 20 lines
07-20 15:25:04.879  1766  1766 V KeyguardViewMediator: updateInputRestrictedLocked 1 isInputApp = false, inputRestricted = true
07-20 15:25:04.970  1197 10219 I chatty  : uid=1000(system) Binder:1197_1D expire 7 lines
07-20 15:25:05.023  1766  1766 V KeyguardStatusView: refresh statusview showing:true
07-20 15:25:05.026  1766  1766 V KeyguardDisplayManager: show
07-20 15:25:05.027  1197  1211 I chatty  : uid=1000(system) Binder:1197_2 expire 4 lines
07-20 15:25:05.031  2150  2482 D AntiBruteForceProcessor: RemainingAuthenticateNum = 5
07-20 15:25:05.062  1197  1223 I chatty  : uid=1000(system) android.ui expire 3 lines
07-20 15:25:05.433  1197  1647 I chatty  : uid=1000(system) WifiP2pService expire 3 lines
07-20 15:25:05.488  1197  3975 I chatty  : uid=1000(system) Binder:1197_19 expire 17 lines
07-20 15:25:05.493  1197  1367 I chatty  : uid=1000(system) android.anim expire 4 lines
07-20 15:25:05.500  1197  1630 I chatty  : uid=1000(system) NetdConnector expire 12 lines
07-20 15:25:05.583  1197  2760 I chatty  : uid=1000(system) HwDeviceUsageCo expire 1 line
07-20 15:25:05.615 13936 13936 V ActivityThread: Handle window ActivityRecord{49f0b0a token=android.os.BinderProxy@17e9d3a {com.sina.weibo/com.sina.weibo.MainTabActivity}} visibility: false
07-20 15:25:05.639  1197  1906 I chatty  : uid=1000(system) Binder:1197_5 expire 21 lines
07-20 15:25:05.958   494   631 W SocketListener: sending broadcast to Pid = 1197, Uid = 1000 
07-20 15:25:05.963  1197  1229 I chatty  : uid=1000(system) android.fg expire 1 line
07-20 15:25:05.969  1197  1631 I chatty  : uid=1000(system) NetworkStats expire 5 lines
07-20 15:25:05.971  2936 15370 W ContextImpl: Calling a method in the system process without a qualified user: android.app.ContextImpl.bindService:1736 android.content.ContextWrapper.bindService:678 com.huawei.nb.dataservice.dsclient.RemoteServiceConnection.open:90 com.huawei.nb.dataservice.dsclient.DataServiceProxy.connect:105 com.huawei.nb.dataservice.rsclient.internal.RemoteRuleService.start:27 
07-20 15:25:06.378  1197  1222 I chatty  : uid=1000(system) ActivityManager expire 6 lines
07-20 15:25:06.498  1197  3009 I chatty  : uid=1000(system) Binder:1197_10 expire 19 lines
07-20 15:25:06.573  1197  3976 I chatty  : uid=1000(system) Binder:1197_1A expire 1 line
07-20 15:25:06.593  9977  9977 V ActivityThread: ActivityThread,callActivityOnCreate
07-20 15:25:06.614  1197  1210 I chatty  : uid=1000(system) Binder:1197_1 expire 7 lines
07-20 15:25:06.614  2117  2414 I HwNetworkPolicyManager: getHwUidPolicy uid = 10132 policy = 0
07-20 15:25:06.685  9977  9977 D ActivityThread: add activity client record, r= ActivityRecord{6d8ea9d token=android.os.BinderProxy@475905f {com.tencent.qqmusic/com.tencent.qqmusic.business.lockscreennew.LockScreenActivity}} token= android.os.BinderProxy@475905f
07-20 15:25:06.709  1197  1219 I chatty  : uid=1000(system) android.bg expire 4 lines
07-20 15:25:06.710  1197  3776 I chatty  : uid=1000(system) Binder:1197_16 expire 4 lines
07-20 15:25:06.789  9977  9977 V ActivityThread: Handle window ActivityRecord{6d8ea9d token=android.os.BinderProxy@475905f {com.tencent.qqmusic/com.tencent.qqmusic.business.lockscreennew.LockScreenActivity}} visibility: true
07-20 15:25:06.820  9977  9977 V ActivityThread: Finishing stop of ActivityRecord{6d8ea9d token=android.os.BinderProxy@475905f {com.tencent.qqmusic/com.tencent.qqmusic.business.lockscreennew.LockScreenActivity}}
07-20 15:25:06.828  1197  1905 I chatty  : uid=1000(system) Binder:1197_4 expire 7 lines
07-20 15:25:21.904  1197  1373 I chatty  : uid=1000(system) UEventObserver expire 2 lines
07-20 15:25:21.921  1197  1227 I chatty  : uid=1000(system) batterystats-sy expire 2 lines
07-20 15:25:30.176  1197  2116 I chatty  : uid=1000(system) watchdog expire 1 line
07-20 15:25:42.862  1197  1392 I chatty  : uid=1000(system) InputReader expire 8 lines
07-20 15:25:42.936  1197  2580 I chatty  : uid=1000(system) Binder:1197_D expire 9 lines
07-20 15:25:42.957  1197  1234 I chatty  : uid=1000(system) PowerManagerSer expire 29 lines
07-20 15:25:42.975  1197  2223 I chatty  : uid=1000(system) Binder:1197_8 expire 35 lines
07-20 15:25:42.989  1197  1222 I chatty  : uid=1000(system) ActivityManager expire 9 lines
07-20 15:25:42.994  1197  1197 I chatty  : uid=1000 system_server expire 24 lines
07-20 15:25:43.000  1197  1367 I chatty  : uid=1000(system) android.anim expire 4 lines
07-20 15:25:43.016  1197  1394 I chatty  : uid=1000(system) StorageManagerS expire 2 lines
07-20 15:25:43.017   428   436 I vold    : TrimTask running tasks: 0
07-20 15:25:43.017  1197  1397 I chatty  : uid=1000(system) VoldConnector expire 1 line
07-20 15:25:43.031  1197  1720 I chatty  : uid=1000(system) PhotonicModulat expire 35 lines
07-20 15:25:43.031  1197  1231 I chatty  : uid=1000(system) android.display expire 8 lines
07-20 15:25:43.044  1197  2225 I chatty  : uid=1000(system) Binder:1197_A expire 14 lines
07-20 15:25:43.050  1197  1647 I chatty  : uid=1000(system) WifiP2pService expire 6 lines
07-20 15:25:43.073  1197  3975 I chatty  : uid=1000(system) Binder:1197_19 expire 7 lines
07-20 15:25:43.227  1197  1223 I chatty  : uid=1000(system) android.ui expire 2 lines
07-20 15:25:43.304  2936  2948 W SettingsEx: SettingsEx.Systemex.getInt deprecated use Settings.System.getInt instead ;callers=com.huawei.recsys.util.SystemUtil.getNotificationUpdateMode:169 com.huawei.recsys.util.SystemUtil.isAllowUpdate:104 com.huawei.recsys.controller.notification.http.NotificationUpdateController.startNotificationUpdate:85 
07-20 15:25:43.331  2936 15682 W ContextImpl: Calling a method in the system process without a qualified user: android.app.ContextImpl.bindService:1736 android.content.ContextWrapper.bindService:678 com.huawei.nb.dataservice.dsclient.RemoteServiceConnection.open:90 com.huawei.nb.dataservice.dsclient.DataServiceProxy.connect:105 com.huawei.nb.dataservice.rsclient.internal.RemoteRuleService.start:27 
07-20 15:25:43.403  2936  2960 W SettingsEx: SettingsEx.Systemex.getInt deprecated use Settings.System.getInt instead ;callers=com.huawei.recsys.util.SystemUtil.getNotificationUpdateMode:169 com.huawei.recsys.util.SystemUtil.isAllowUpdate:104 com.huawei.recsys.controller.notification.http.NotificationUpdateController.startNotificationUpdate:85 
07-20 15:25:43.450  1197  3009 I chatty  : uid=1000(system) Binder:1197_10 expire 10 lines
07-20 15:25:43.489  1197  3776 I chatty  : uid=1000(system) Binder:1197_16 expire 3 lines
07-20 15:25:44.375  2936  2960 W SettingsEx: SettingsEx.Systemex.getInt deprecated use Settings.System.getInt instead ;callers=com.huawei.recsys.util.SystemUtil.getNotificationUpdateMode:169 com.huawei.recsys.util.SystemUtil.isAllowUpdate:104 com.huawei.recsys.controller.notification.http.NotificationUpdateController.startNotificationUpdate:85 
07-20 15:25:44.417  2936  2960 W SettingsEx: SettingsEx.Systemex.getInt deprecated use Settings.System.getInt instead ;callers=com.huawei.recsys.util.SystemUtil.getNotificationUpdateMode:169 com.huawei.recsys.util.SystemUtil.isAllowUpdate:104 com.huawei.recsys.controller.notification.http.NotificationUpdateController.startNotificationUpdate:85 
07-20 15:25:44.504  2936  2960 W SettingsEx: SettingsEx.Systemex.getInt deprecated use Settings.System.getInt instead ;callers=com.huawei.recsys.util.SystemUtil.getNotificationUpdateMode:169 com.huawei.recsys.util.SystemUtil.isAllowUpdate:104 com.huawei.recsys.controller.notification.http.NotificationUpdateController.startNotificationUpdate:85 
07-20 15:25:45.106  2936  2960 W SettingsEx: SettingsEx.Systemex.getInt deprecated use Settings.System.getInt instead ;callers=com.huawei.recsys.util.SystemUtil.getNotificationUpdateMode:169 com.huawei.recsys.util.SystemUtil.isAllowUpdate:104 com.huawei.recsys.controller.notification.http.NotificationUpdateController.startNotificationUpdate:85 
07-20 15:25:47.168  1197  1392 I chatty  : uid=1000(system) InputReader expire 2 lines
07-20 15:25:47.405  1197  1377 I chatty  : uid=1000(system) fingerprintServ expire 10 lines
07-20 15:25:47.440  9977  9977 V ActivityThread: Finishing stop of ActivityRecord{6d8ea9d token=android.os.BinderProxy@475905f {com.tencent.qqmusic/com.tencent.qqmusic.business.lockscreennew.LockScreenActivity}}
07-20 15:25:47.513  1197  1246 I chatty  : uid=1000(system) HwBinder:1197_1 expire 1 line
07-20 15:25:47.516  1766  1766 W FingerprintManager: Invalid acquired message: 6, 1001
07-20 15:25:47.997  1197  2760 I chatty  : uid=1000(system) HwDeviceUsageCo expire 1 line
07-20 15:25:48.308  2936 18321 W ContextImpl: Calling a method in the system process without a qualified user: android.app.ContextImpl.bindService:1736 android.content.ContextWrapper.bindService:678 com.huawei.nb.dataservice.dsclient.RemoteServiceConnection.open:90 com.huawei.nb.dataservice.dsclient.DataServiceProxy.connect:105 com.huawei.nb.dataservice.rsclient.internal.RemoteRuleService.start:27 
07-20 15:25:48.471  1197  1906 I chatty  : uid=1000(system) Binder:1197_5 expire 3 lines
07-20 15:25:48.491  9977  9977 V ActivityThread: Finishing stop of ActivityRecord{6d8ea9d token=android.os.BinderProxy@475905f {com.tencent.qqmusic/com.tencent.qqmusic.business.lockscreennew.LockScreenActivity}}
07-20 15:25:53.379  1197  1226 I chatty  : uid=1000(system) keyAppHanderThr expire 2 lines
07-20 15:25:53.406  1197  1905 I chatty  : uid=1000(system) Binder:1197_4 expire 7 lines
07-20 15:25:53.424  1197  1630 I chatty  : uid=1000(system) NetdConnector expire 10 lines
07-20 15:25:53.680  1197  2223 I chatty  : uid=1000(system) Binder:1197_8 expire 14 lines
07-20 15:25:53.681 14853 14853 D ActivityThread: ActivityThread,attachApplication
07-20 15:25:53.699  1197  1905 I chatty  : uid=1000(system) Binder:1197_4 expire 12 lines
07-20 15:25:53.731  1197  2225 I chatty  : uid=1000(system) Binder:1197_A expire 24 lines
07-20 15:25:54.088  1197  3776 I chatty  : uid=1000(system) Binder:1197_16 expire 6 lines
07-20 15:25:54.846  1197  1197 I chatty  : uid=1000 system_server expire 23 lines
07-20 15:25:59.488  1197  1219 I chatty  : uid=1000(system) android.bg expire 2 lines
07-20 15:26:00.178  1197  2116 I chatty  : uid=1000(system) watchdog expire 5 lines
07-20 15:26:06.546  1197  1222 I chatty  : uid=1000(system) ActivityManager expire 7 lines
07-20 15:26:08.437  1197  1234 I chatty  : uid=1000(system) PowerManagerSer expire 10 lines
07-20 15:26:09.159   494   629 W SocketListener: sending broadcast to Pid = 1197, Uid = 1000 
07-20 15:26:09.164  1197  1229 I chatty  : uid=1000(system) android.fg expire 7 lines
07-20 15:26:09.179  1197  2225 I chatty  : uid=1000(system) Binder:1197_A expire 6 lines
07-20 15:26:09.197  1197  1227 I chatty  : uid=1000(system) batterystats-sy expire 3 lines
07-20 15:26:12.358   494   629 W SocketListener: sending broadcast to Pid = 1197, Uid = 1000 
07-20 15:26:23.814   494   629 W SocketListener: sending broadcast to Pid = 1197, Uid = 1000 
07-20 15:26:23.821  1197  1630 I chatty  : uid=1000(system) NetdConnector expire 12 lines
07-20 15:26:39.691  1197  2223 I chatty  : uid=1000(system) Binder:1197_8 expire 10 lines
07-20 15:26:42.246   494   629 W SocketListener: sending broadcast to Pid = 1197, Uid = 1000 
07-20 15:27:07.797  1197  1905 I chatty  : uid=1000(system) Binder:1197_4 expire 4 lines
07-20 15:27:08.067  1197  3976 I chatty  : uid=1000(system) Binder:1197_1A expire 3 lines
07-20 15:27:08.255  1197  1231 I chatty  : uid=1000(system) android.display expire 5 lines
07-20 15:27:20.240  1197  4055 I chatty  : uid=1000(system) Binder:1197_1C expire 3 lines
07-20 15:27:20.241  1197  1650 I chatty  : uid=1000(system) ConnectivitySer expire 6 lines
07-20 15:27:42.581  1197  3775 I chatty  : uid=1000(system) Binder:1197_15 expire 4 lines
07-20 15:27:42.632  2936  2960 W SettingsEx: SettingsEx.Systemex.getInt deprecated use Settings.System.getInt instead ;callers=com.huawei.recsys.util.SystemUtil.getNotificationUpdateMode:169 com.huawei.recsys.util.SystemUtil.isAllowUpdate:104 com.huawei.recsys.controller.notification.http.NotificationUpdateController.startNotificationUpdate:85 
07-20 15:27:42.941  2936  2960 I chatty  : uid=1000(system) Binder:2936_3 identical 2 lines
07-20 15:27:42.964  2936  2960 W SettingsEx: SettingsEx.Systemex.getInt deprecated use Settings.System.getInt instead ;callers=com.huawei.recsys.util.SystemUtil.getNotificationUpdateMode:169 com.huawei.recsys.util.SystemUtil.isAllowUpdate:104 com.huawei.recsys.controller.notification.http.NotificationUpdateController.startNotificationUpdate:85 
07-20 15:27:42.996   494   631 W SocketListener: sending broadcast to Pid = 1197, Uid = 1000 
07-20 15:27:43.006  1197  1631 I chatty  : uid=1000(system) NetworkStats expire 10 lines
07-20 15:27:43.186  1197  3009 I chatty  : uid=1000(system) Binder:1197_10 expire 3 lines
07-20 15:27:49.445   494   631 W SocketListener: sending broadcast to Pid = 1197, Uid = 1000 
07-20 15:27:49.446  1197  1630 I chatty  : uid=1000(system) NetdConnector expire 10 lines
07-20 15:28:00.263   494   629 W SocketListener: sending broadcast to Pid = 1197, Uid = 1000 
07-20 15:28:02.732  1197  1392 I chatty  : uid=1000(system) InputReader expire 8 lines
07-20 15:28:02.748  1197  1377 I chatty  : uid=1000(system) fingerprintServ expire 6 lines
07-20 15:28:02.765  1197  2224 I chatty  : uid=1000(system) Binder:1197_9 expire 3 lines
07-20 15:28:02.798  1197  1246 I chatty  : uid=1000(system) HwBinder:1197_1 expire 1 line
07-20 15:28:02.859  1197  1720 I chatty  : uid=1000(system) PhotonicModulat expire 1 line
07-20 15:28:02.865  1197  1367 I chatty  : uid=1000(system) android.anim expire 1 line
07-20 15:28:02.891  1197  1394 I chatty  : uid=1000(system) StorageManagerS expire 2 lines
07-20 15:28:02.892   428   436 I vold    : TrimTask running tasks: 0
07-20 15:28:02.892  1197  1397 I chatty  : uid=1000(system) VoldConnector expire 1 line
07-20 15:28:02.896  1197  1197 I chatty  : uid=1000 system_server expire 2 lines
07-20 15:28:02.902   494   629 W SocketListener: sending broadcast to Pid = 1197, Uid = 1000 
07-20 15:28:02.903  1197  2194 I chatty  : uid=1000(system) Binder:1197_6 expire 4 lines
07-20 15:28:02.904  1197  2223 I chatty  : uid=1000(system) Binder:1197_8 expire 10 lines
07-20 15:28:02.905  1197  1229 I chatty  : uid=1000(system) android.fg expire 1 line
07-20 15:28:02.907  1197  1197 I chatty  : uid=1000 system_server expire 22 lines
07-20 15:28:02.913  1197  1647 I chatty  : uid=1000(system) WifiP2pService expire 6 lines
07-20 15:28:02.919  1197  1234 I chatty  : uid=1000(system) PowerManagerSer expire 11 lines
07-20 15:28:02.961  1197  3009 I chatty  : uid=1000(system) Binder:1197_10 expire 3 lines
07-20 15:28:02.965  1197  2224 I chatty  : uid=1000(system) Binder:1197_9 expire 5 lines
07-20 15:28:03.080  1197  1367 I chatty  : uid=1000(system) android.anim expire 6 lines
07-20 15:28:03.082  1197  1231 I chatty  : uid=1000(system) android.display expire 2 lines
07-20 15:28:03.083  1197  1223 I chatty  : uid=1000(system) android.ui expire 4 lines
07-20 15:28:03.084  1197  1720 I chatty  : uid=1000(system) PhotonicModulat expire 32 lines
07-20 15:28:03.162  1197  3976 I chatty  : uid=1000(system) Binder:1197_1A expire 25 lines
07-20 15:28:03.165  2936  2960 W SettingsEx: SettingsEx.Systemex.getInt deprecated use Settings.System.getInt instead ;callers=com.huawei.recsys.util.SystemUtil.getNotificationUpdateMode:169 com.huawei.recsys.util.SystemUtil.isAllowUpdate:104 com.huawei.recsys.controller.notification.http.NotificationUpdateController.startNotificationUpdate:85 
07-20 15:28:03.170  1197  1222 I chatty  : uid=1000(system) ActivityManager expire 3 lines
07-20 15:28:03.195  2936 18342 W ContextImpl: Calling a method in the system process without a qualified user: android.app.ContextImpl.bindService:1736 android.content.ContextWrapper.bindService:678 com.huawei.nb.dataservice.dsclient.RemoteServiceConnection.open:90 com.huawei.nb.dataservice.dsclient.DataServiceProxy.connect:105 com.huawei.nb.dataservice.rsclient.internal.RemoteRuleService.start:27 
07-20 15:28:03.256  2936  2993 W SettingsEx: SettingsEx.Systemex.getInt deprecated use Settings.System.getInt instead ;callers=com.huawei.recsys.util.SystemUtil.getNotificationUpdateMode:169 com.huawei.recsys.util.SystemUtil.isAllowUpdate:104 com.huawei.recsys.controller.notification.http.NotificationUpdateController.startNotificationUpdate:85 
07-20 15:28:03.437  2936  2993 W SettingsEx: SettingsEx.Systemex.getInt deprecated use Settings.System.getInt instead ;callers=com.huawei.recsys.util.SystemUtil.getNotificationUpdateMode:169 com.huawei.recsys.util.SystemUtil.isAllowUpdate:104 com.huawei.recsys.controller.notification.http.NotificationUpdateController.startNotificationUpdate:85 
07-20 15:28:04.191  1197  1391 I chatty  : uid=1000(system) InputDispatcher expire 7 lines
07-20 15:28:04.245  1197  1905 I chatty  : uid=1000(system) Binder:1197_4 expire 28 lines
07-20 15:28:04.280  1197  1630 I chatty  : uid=1000(system) NetdConnector expire 4 lines
07-20 15:28:04.291  1766  1766 V KeyguardStatusView: refresh statusview showing:true
07-20 15:28:04.294  1197  1377 I chatty  : uid=1000(system) fingerprintServ expire 18 lines
07-20 15:28:04.319  1197  1246 I chatty  : uid=1000(system) HwBinder:1197_1 expire 4 lines
07-20 15:28:04.344  1197  3685 I chatty  : uid=1000(system) Binder:1197_12 expire 4 lines
07-20 15:28:04.344  2117  2414 I HwNetworkPolicyManager: getHwUidPolicy uid = 10058 policy = 0
07-20 15:28:04.354  1766  1766 W FingerprintManager: Invalid acquired message: 6, 1001
07-20 15:28:04.445  1197  2276 I chatty  : uid=1000(system) Binder:1197_B expire 15 lines
07-20 15:28:05.037  1766  1766 W FingerprintManager: Invalid acquired message: 6, 1002
07-20 15:28:05.337  2150 15696 D FaceRecognizeService: resetTimeout begin!
07-20 15:28:05.337  2150  2447 E FaceRecognizeService: handleMessage EVT = 1002
07-20 15:28:05.337  2150  2447 D AntiBruteForceProcessor: Reset facerecognize lockout, clearAttemptCounter=true
07-20 15:28:05.337  2150  2447 D AntiBruteForceProcessor: resetTotalFailedTimes current total times = 0
07-20 15:28:05.409  1766  1766 V KeyguardDisplayManager: hide
07-20 15:28:05.409  1766  1766 V KeyguardViewMediator: updateInputRestrictedLocked 1 isInputApp = false, inputRestricted = false
07-20 15:28:05.412  1766 15584 I CommandQueue: updateBarBgColor
07-20 15:28:05.412  1766 15584 D CommandQueue: CommandQueue, setBarBackgroundColor
07-20 15:28:05.423  1197  3767 I chatty  : uid=1000(system) Binder:1197_14 expire 1 line
07-20 15:28:05.423  1197  3775 I chatty  : uid=1000(system) Binder:1197_15 expire 4 lines
07-20 15:28:05.426  1197  4055 I chatty  : uid=1000(system) Binder:1197_1C expire 1 line
07-20 15:28:05.450  9977  9977 D ActivityThread: Remove activity client record, r= ActivityRecord{6d8ea9d token=android.os.BinderProxy@475905f {com.tencent.qqmusic/com.tencent.qqmusic.business.lockscreennew.LockScreenActivity}} token= android.os.BinderProxy@475905f
07-20 15:28:05.518  1197  3776 I chatty  : uid=1000(system) Binder:1197_16 expire 50 lines
07-20 15:28:05.584  1197  2223 I chatty  : uid=1000(system) Binder:1197_8 expire 13 lines
07-20 15:28:05.602  1197  1222 I chatty  : uid=1000(system) ActivityManager expire 1 line
07-20 15:28:05.608 14948 14948 D ActivityThread: ActivityThread,attachApplication
07-20 15:28:05.609  1197  4055 I chatty  : uid=1000(system) Binder:1197_1C expire 9 lines
07-20 15:28:06.489  1197  1219 I chatty  : uid=1000(system) android.bg expire 12 lines
07-20 15:28:06.513  1197  2276 I chatty  : uid=1000(system) Binder:1197_B expire 11 lines
07-20 15:28:06.529  1197  1367 I chatty  : uid=1000(system) android.anim expire 19 lines
07-20 15:28:06.563  1197  3685 I chatty  : uid=1000(system) Binder:1197_12 expire 33 lines
07-20 15:28:06.566  1197  1223 I chatty  : uid=1000(system) android.ui expire 3 lines
07-20 15:28:06.569  2117  2414 I HwNetworkPolicyManager: getHwUidPolicy uid = 10131 policy = 0
07-20 15:28:06.572  1197  1197 I chatty  : uid=1000 system_server expire 12 lines
07-20 15:28:06.589  1766 15584 I CommandQueue: updateBarBgColor
07-20 15:28:06.590  1766 15584 D CommandQueue: CommandQueue, setBarBackgroundColor
07-20 15:28:06.613  1197  1905 I chatty  : uid=1000(system) Binder:1197_4 expire 1 line
07-20 15:28:06.628  1197  3767 I chatty  : uid=1000(system) Binder:1197_14 expire 12 lines
07-20 15:28:06.646 15037 15037 D ActivityThread: ActivityThread,attachApplication
07-20 15:28:06.647  1197  1231 I chatty  : uid=1000(system) android.display expire 2 lines
07-20 15:28:06.673  1197  2224 I chatty  : uid=1000(system) Binder:1197_9 expire 12 lines
07-20 15:28:06.684  1197  1225 I chatty  : uid=1000(system) ThirdAppHandler expire 2 lines
07-20 15:28:06.710 15057 15057 D ActivityThread: ActivityThread,attachApplication
07-20 15:28:08.459  1197  1650 I chatty  : uid=1000(system) ConnectivitySer expire 10 lines
07-20 15:28:09.079  1197  1234 I chatty  : uid=1000(system) PowerManagerSer expire 1 line
07-20 15:28:09.374  9864  9864 V ActivityThread: ActivityThread,callActivityOnCreate
07-20 15:28:09.390  9864  9864 D ActivityThread: add activity client record, r= ActivityRecord{48f8f2b token=android.os.BinderProxy@e980d28 {com.tencent.mobileqq/com.tencent.mobileqq.activity.PublicFragmentActivity}} token= android.os.BinderProxy@e980d28
07-20 15:28:10.704  9864  9864 V ActivityThread: ActivityThread,callActivityOnCreate
07-20 15:28:10.728  9864  9864 D ActivityThread: add activity client record, r= ActivityRecord{a25ccf4 token=android.os.BinderProxy@d0a8ea6 {com.tencent.mobileqq/com.tencent.mobileqq.activity.ChatActivity}} token= android.os.BinderProxy@d0a8ea6
07-20 15:28:10.852 15319 15319 D ActivityThread: ActivityThread,attachApplication
07-20 15:28:11.314  1197  1392 I chatty  : uid=1000(system) InputReader expire 1 line
07-20 15:28:11.322  1197  1391 I chatty  : uid=1000(system) InputDispatcher expire 2 lines
07-20 15:28:11.343  1197  1720 I chatty  : uid=1000(system) PhotonicModulat expire 167 lines
07-20 15:28:12.485  1197  1391 I chatty  : uid=1000(system) InputDispatcher expire 2 lines
07-20 15:28:12.627  1197  2223 I chatty  : uid=1000(system) Binder:1197_8 expire 13 lines
07-20 15:28:12.662  1197  3976 I chatty  : uid=1000(system) Binder:1197_1A expire 14 lines
07-20 15:28:12.682  1197  1367 I chatty  : uid=1000(system) android.anim expire 11 lines
07-20 15:28:12.739  1197  3685 I chatty  : uid=1000(system) Binder:1197_12 expire 19 lines
07-20 15:28:12.955  9864  9864 D ActivityThread: Remove activity client record, r= ActivityRecord{a25ccf4 token=android.os.BinderProxy@d0a8ea6 {com.tencent.mobileqq/com.tencent.mobileqq.activity.ChatActivity}} token= android.os.BinderProxy@d0a8ea6
07-20 15:28:13.383  1197  1223 I chatty  : uid=1000(system) android.ui expire 2 lines
07-20 15:28:13.386  2117  2414 I HwNetworkPolicyManager: getHwUidPolicy uid = 10131 policy = 0
07-20 15:28:13.401 15057 15057 V ActivityThread: ActivityThread,callActivityOnCreate
07-20 15:28:13.481  1197  3776 I chatty  : uid=1000(system) Binder:1197_16 expire 6 lines
07-20 15:28:13.500  1197  3767 I chatty  : uid=1000(system) Binder:1197_14 expire 14 lines
07-20 15:28:13.525 15057 15057 D ActivityThread: add activity client record, r= ActivityRecord{1f62328 token=android.os.BinderProxy@517ce68 {com.tencent.mobileqq/com.tencent.mobileqq.activity.QQBrowserActivity}} token= android.os.BinderProxy@517ce68
07-20 15:28:14.301  1197  1630 I chatty  : uid=1000(system) NetdConnector expire 2 lines
07-20 15:28:16.342  1197  1720 I chatty  : uid=1000(system) PhotonicModulat expire 30 lines
07-20 15:28:17.246  1197  1234 I chatty  : uid=1000(system) PowerManagerSer expire 16 lines
07-20 15:28:17.599  1197  1223 I chatty  : uid=1000(system) android.ui expire 5 lines
07-20 15:28:30.190  1197  2116 I chatty  : uid=1000(system) watchdog expire 1 line
07-20 15:28:33.033  1197  1374 I chatty  : uid=1000(system) Binder:1197_3 expire 31 lines
07-20 15:28:35.882  1197  2195 I chatty  : uid=1000(system) Binder:1197_7 expire 3 lines
07-20 15:28:36.974  1197  2579 I chatty  : uid=1000(system) Binder:1197_C expire 26 lines
07-20 15:28:38.894  1197  1392 I chatty  : uid=1000(system) InputReader expire 3 lines
07-20 15:28:38.912  1197  1391 I chatty  : uid=1000(system) InputDispatcher expire 6 lines
07-20 15:28:39.228  2117  2414 I HwNetworkPolicyManager: getHwUidPolicy uid = 10131 policy = 0
07-20 15:28:39.254  1197  1367 I chatty  : uid=1000(system) android.anim expire 18 lines
07-20 15:28:39.624  9864  9864 W ViewRootImpl[SplashActivity]: Cancelling event due to no window focus: KeyEvent { action=ACTION_UP, keyCode=KEYCODE_BACK, scanCode=158, metaState=0, flags=0x28, hwFlags=0x1e, repeatCount=0, eventTime=23925981, downTime=23925973, deviceId=6, source=0x101 }
07-20 15:28:39.624  9864  9864 I chatty  : uid=10131(u0_a131) com.tencent.mobileqq identical 5 lines
07-20 15:28:39.624  9864  9864 W ViewRootImpl[SplashActivity]: Cancelling event due to no window focus: KeyEvent { action=ACTION_UP, keyCode=KEYCODE_BACK, scanCode=158, metaState=0, flags=0x28, hwFlags=0x1e, repeatCount=0, eventTime=23925981, downTime=23925973, deviceId=6, source=0x101 }
07-20 15:28:39.647  9864  9864 W ViewRootImpl[SplashActivity]: Cancelling event due to no window focus: KeyEvent { action=ACTION_UP, keyCode=KEYCODE_BACK, scanCode=158, metaState=0, flags=0x28, hwFlags=0x1e, repeatCount=0, eventTime=23925981, downTime=23925973, deviceId=6, source=0x101 }
07-20 15:28:39.647  9864  9864 W ViewRootImpl[SplashActivity]: Cancelling event due to no window focus: KeyEvent { action=ACTION_UP, keyCode=KEYCODE_BACK, scanCode=158, metaState=0, flags=0x28, hwFlags=0x1e, repeatCount=0, eventTime=23925981, downTime=23925973, deviceId=6, source=0x101 }
07-20 15:28:39.653  2117  2414 I HwNetworkPolicyManager: getHwUidPolicy uid = 10058 policy = 0
07-20 15:28:39.656  1197  3976 I chatty  : uid=1000(system) Binder:1197_1A expire 11 lines
07-20 15:28:39.657  1766  2141 I CommandQueue: updateBarBgColor
07-20 15:28:39.657  1766  2141 D CommandQueue: CommandQueue, setBarBackgroundColor
07-20 15:28:39.668  3986  3986 W ViewRootImpl[UniHomeLauncher]: Cancelling event due to no window focus: KeyEvent { action=ACTION_UP, keyCode=KEYCODE_BACK, scanCode=158, metaState=0, flags=0x28, hwFlags=0x0, repeatCount=0, eventTime=23926023, downTime=23925973, deviceId=6, source=0x101 }
07-20 15:28:39.669  3986  3986 I chatty  : uid=10058(u0_a58) com.huawei.android.launcher identical 7 lines
07-20 15:28:39.669  3986  3986 W ViewRootImpl[UniHomeLauncher]: Cancelling event due to no window focus: KeyEvent { action=ACTION_UP, keyCode=KEYCODE_BACK, scanCode=158, metaState=0, flags=0x28, hwFlags=0x0, repeatCount=0, eventTime=23926023, downTime=23925973, deviceId=6, source=0x101 }
07-20 15:28:39.968  9864  9864 D ActivityThread: Remove activity client record, r= ActivityRecord{48f8f2b token=android.os.BinderProxy@e980d28 {com.tencent.mobileqq/com.tencent.mobileqq.activity.PublicFragmentActivity}} token= android.os.BinderProxy@e980d28
07-20 15:28:40.005 15057 15057 D ActivityThread: Remove activity client record, r= ActivityRecord{1f62328 token=android.os.BinderProxy@517ce68 {com.tencent.mobileqq/com.tencent.mobileqq.activity.QQBrowserActivity}} token= android.os.BinderProxy@517ce68
07-20 15:28:40.163  1197  1720 I chatty  : uid=1000(system) PhotonicModulat expire 60 lines
07-20 15:28:40.985  1197  2580 I chatty  : uid=1000(system) Binder:1197_D expire 2 lines
07-20 15:28:41.098  3986  3986 V ActivityThread: Finishing stop of ActivityRecord{d5bd12d token=android.os.BinderProxy@225b823 {com.huawei.android.launcher/com.huawei.android.launcher.unihome.UniHomeLauncher}}
07-20 15:28:41.113  1197  1377 I chatty  : uid=1000(system) fingerprintServ expire 10 lines
07-20 15:28:41.160  1197  1246 I chatty  : uid=1000(system) HwBinder:1197_1 expire 1 line
07-20 15:28:41.162  1766  1766 W FingerprintManager: Invalid acquired message: 6, 1001
07-20 15:28:41.181  1197  2223 I chatty  : uid=1000(system) Binder:1197_8 expire 6 lines
07-20 15:28:41.217  1197  1197 I chatty  : uid=1000 system_server expire 19 lines
07-20 15:28:41.225  1197  1231 I chatty  : uid=1000(system) android.display expire 13 lines
07-20 15:28:41.235  1197  3686 I chatty  : uid=1000(system) Binder:1197_13 expire 3 lines
07-20 15:28:41.248  1197  1374 I chatty  : uid=1000(system) Binder:1197_3 expire 6 lines
07-20 15:28:41.249  1197  2195 I chatty  : uid=1000(system) Binder:1197_7 expire 3 lines
07-20 15:28:41.250  1766  1766 V KeyguardViewMediator: updateInputRestrictedLocked 1 isInputApp = false, inputRestricted = true
07-20 15:28:41.271  1197  1647 I chatty  : uid=1000(system) WifiP2pService expire 3 lines
07-20 15:28:41.297  1197  1630 I chatty  : uid=1000(system) NetdConnector expire 10 lines
07-20 15:28:41.307  1766  1766 V KeyguardStatusView: refresh statusview showing:true
07-20 15:28:41.310  1766  1766 V KeyguardDisplayManager: show
07-20 15:28:41.311  1197  3975 I chatty  : uid=1000(system) Binder:1197_19 expire 1 line
07-20 15:28:41.318  2150  2482 D AntiBruteForceProcessor: RemainingAuthenticateNum = 5
07-20 15:28:41.325  1197  3976 I chatty  : uid=1000(system) Binder:1197_1A expire 32 lines
07-20 15:28:41.327  1197  2580 I chatty  : uid=1000(system) Binder:1197_D expire 27 lines
07-20 15:28:41.401  1197  2223 I chatty  : uid=1000(system) Binder:1197_8 expire 3 lines
07-20 15:28:41.426  1197  1223 I chatty  : uid=1000(system) android.ui expire 3 lines
07-20 15:28:41.569  1197  1234 I chatty  : uid=1000(system) PowerManagerSer expire 5 lines
07-20 15:28:41.600  3986  3986 V ActivityThread: Handle window ActivityRecord{d5bd12d token=android.os.BinderProxy@225b823 {com.huawei.android.launcher/com.huawei.android.launcher.unihome.UniHomeLauncher}} visibility: false
07-20 15:28:41.747  1197  1367 I chatty  : uid=1000(system) android.anim expire 7 lines
07-20 15:28:41.834  1197  2760 I chatty  : uid=1000(system) HwDeviceUsageCo expire 1 line
07-20 15:28:42.213  2936  7628 W ContextImpl: Calling a method in the system process without a qualified user: android.app.ContextImpl.bindService:1736 android.content.ContextWrapper.bindService:678 com.huawei.nb.dataservice.dsclient.RemoteServiceConnection.open:90 com.huawei.nb.dataservice.dsclient.DataServiceProxy.connect:105 com.huawei.nb.dataservice.rsclient.internal.RemoteRuleService.start:27 
07-20 15:28:42.699  9977  9977 V ActivityThread: ActivityThread,callActivityOnCreate
07-20 15:28:42.717  2117  2414 I HwNetworkPolicyManager: getHwUidPolicy uid = 10132 policy = 0
07-20 15:28:42.740  1197  1222 I chatty  : uid=1000(system) ActivityManager expire 6 lines
07-20 15:28:42.816  9977  9977 D ActivityThread: add activity client record, r= ActivityRecord{ee06d04 token=android.os.BinderProxy@4b90f10 {com.tencent.qqmusic/com.tencent.qqmusic.business.lockscreennew.LockScreenActivity}} token= android.os.BinderProxy@4b90f10
07-20 15:28:42.857  9977  9977 V ActivityThread: Handle window ActivityRecord{ee06d04 token=android.os.BinderProxy@4b90f10 {com.tencent.qqmusic/com.tencent.qqmusic.business.lockscreennew.LockScreenActivity}} visibility: true
07-20 15:28:42.858  9977  9977 V ActivityThread: Finishing stop of ActivityRecord{ee06d04 token=android.os.BinderProxy@4b90f10 {com.tencent.qqmusic/com.tencent.qqmusic.business.lockscreennew.LockScreenActivity}}
07-20 15:28:42.877  1766  9096 I CommandQueue: updateBarBgColor
07-20 15:28:42.877  1766  9096 D CommandQueue: CommandQueue, setBarBackgroundColor
07-20 15:28:44.255  1197  2171 I chatty  : uid=1000(system) MultiTaskManage expire 15 lines
07-20 15:28:44.326  2150  2150 I HwCoreAppHelperService: LocalReceiver receives:android.intent.action.PACKAGE_RESTARTED,pkg:com.sina.weibo,uid:10097
07-20 15:28:44.342  1197  1906 I chatty  : uid=1000(system) Binder:1197_5 expire 3 lines
07-20 15:28:44.342  1197  1650 I chatty  : uid=1000(system) ConnectivitySer expire 10 lines
07-20 15:28:44.356  1197  3009 I chatty  : uid=1000(system) Binder:1197_10 expire 1 line
07-20 15:28:44.397  1197 10361 I chatty  : uid=1000(system) Binder:1197_20 expire 1 line
07-20 15:28:44.428  1197 10219 I chatty  : uid=1000(system) Binder:1197_1D expire 26 lines
07-20 15:29:00.192  1197  2116 I chatty  : uid=1000(system) watchdog expire 3 lines
07-20 15:29:11.879   494   629 W SocketListener: sending broadcast to Pid = 1197, Uid = 1000 
07-20 15:29:11.883  1197  1229 I chatty  : uid=1000(system) android.fg expire 4 lines
07-20 15:29:11.894  1197 10219 I chatty  : uid=1000(system) Binder:1197_1D expire 10 lines
07-20 15:29:11.911  1197  1227 I chatty  : uid=1000(system) batterystats-sy expire 2 lines
07-20 15:29:12.864   494   629 W SocketListener: sending broadcast to Pid = 1197, Uid = 1000 
07-20 15:29:13.852  1197  3976 I chatty  : uid=1000(system) Binder:1197_1A expire 4 lines
07-20 15:29:26.645  1197  1197 I chatty  : uid=1000 system_server expire 2 lines
