I/thermal_repeater(  323): [recvMdThermalInfo] ret=25, strLen=127,  1, 32767,,, -1, 32767, 2
I/thermal_repeater(  323): oh, queryMdThermalInfo (0)Bad file number
I/thermal_repeater(  323): [recvMdThermalInfo] ret=25, strLen=127,  1, 32767,,, -1, 32767, 2
I/thermal_repeater(  323): oh, queryMdThermalInfo (0)Bad file number
I/thermal_repeater(  323): [recvMdThermalInfo] ret=25, strLen=127,  1, 32767,,, -1, 32767, 2
I/thermal_repeater(  323): oh, queryMdThermalInfo (0)Bad file number
I/thermal_repeater(  323): [recvMdThermalInfo] ret=25, strLen=127,  1, 32767,,, -1, 32767, 2
I/thermal_repeater(  323): oh, queryMdThermalInfo (0)Bad file number
I/thermal_repeater(  323): [recvMdThermalInfo] ret=25, strLen=127,  1, 32767,,, -1, 32767, 2
W/Watchdog(  877): SWT Watchdog after wait current time:21786442
W/Watchdog(  877): **Get SF Time **1
W/Watchdog(  877): SWT Watchdog before synchronized:21786442
W/Watchdog(  877): SWT Watchdog after synchronized:21786442
W/Watchdog(  877): SWT Watchdog before wait timeout:30000
W/Watchdog(  877): SWT Watchdog before wait current time:21786442
W/Watchdog(  877): SWT Watchdog before wait start:21786442
W/Watchdog(  877): SWT Watchdog before wait CHECK_INTERVAL:30000
I/thermal_repeater(  323): oh, queryMdThermalInfo (0)Bad file number
I/thermal_repeater(  323): [recvMdThermalInfo] ret=25, strLen=127,  1, 32767,,, -1, 32767, 2
I/thermal_repeater(  323): oh, queryMdThermalInfo (0)Bad file number
I/thermal_repeater(  323): [recvMdThermalInfo] ret=25, strLen=127,  1, 32767,,, -1, 32767, 2
I/thermal_repeater(  323): oh, queryMdThermalInfo (0)Bad file number
I/thermal_repeater(  323): [recvMdThermalInfo] ret=25, strLen=127,  1, 32767,,, -1, 32767, 2
I/thermal_repeater(  323): oh, queryMdThermalInfo (0)Bad file number
I/thermal_repeater(  323): [recvMdThermalInfo] ret=25, strLen=127,  1, 32767,,, -1, 32767, 2
I/thermal_repeater(  323): oh, queryMdThermalInfo (0)Bad file number
I/thermal_repeater(  323): [recvMdThermalInfo] ret=25, strLen=127,  1, 32767,,, -1, 32767, 2
I/thermal_repeater(  323): oh, queryMdThermalInfo (0)Bad file number
I/thermal_repeater(  323): [recvMdThermalInfo] ret=25, strLen=127,  1, 32767,,, -1, 32767, 2
W/Watchdog(  877): SWT Watchdog after wait current time:21816442
W/Watchdog(  877): **Get SF Time **1
W/Watchdog(  877): SWT Watchdog before synchronized:21816443
W/Watchdog(  877): SWT Watchdog after synchronized:21816443
W/Watchdog(  877): SWT Watchdog before wait timeout:30000
W/Watchdog(  877): SWT Watchdog before wait current time:21816443
W/Watchdog(  877): SWT Watchdog before wait start:21816443
W/Watchdog(  877): SWT Watchdog before wait CHECK_INTERVAL:30000
I/thermal_repeater(  323): oh, queryMdThermalInfo (0)Bad file number
I/thermal_repeater(  323): [recvMdThermalInfo] ret=25, strLen=127,  1, 32767,,, -1, 32767, 2
I/thermal_repeater(  323): oh, queryMdThermalInfo (0)Bad file number
I/thermal_repeater(  323): [recvMdThermalInfo] ret=25, strLen=127,  1, 32767,,, -1, 32767, 2
I/thermal_repeater(  323): oh, queryMdThermalInfo (0)Bad file number
I/thermal_repeater(  323): [recvMdThermalInfo] ret=25, strLen=127,  1, 32767,,, -1, 32767, 2
I/thermal_repeater(  323): oh, queryMdThermalInfo (0)Bad file number
I/thermal_repeater(  323): [recvMdThermalInfo] ret=25, strLen=127,  1, 32767,,, -1, 32767, 2
I/thermal_repeater(  323): oh, queryMdThermalInfo (0)Bad file number
I/thermal_repeater(  323): [recvMdThermalInfo] ret=25, strLen=127,  1, 32767,,, -1, 32767, 2
I/thermal_repeater(  323): oh, queryMdThermalInfo (0)Bad file number
I/thermal_repeater(  323): [recvMdThermalInfo] ret=25, strLen=127,  1, 32767,,, -1, 32767, 2
W/Watchdog(  877): SWT Watchdog after wait current time:21846443
W/Watchdog(  877): **Get SF Time **1
W/Watchdog(  877): SWT Watchdog before synchronized:21846443
W/Watchdog(  877): SWT Watchdog after synchronized:21846443
W/Watchdog(  877): SWT Watchdog before wait timeout:30000
W/Watchdog(  877): SWT Watchdog before wait current time:21846443
W/Watchdog(  877): SWT Watchdog before wait start:21846443
W/Watchdog(  877): SWT Watchdog before wait CHECK_INTERVAL:30000
I/thermal_repeater(  323): oh, queryMdThermalInfo (0)Bad file number
I/thermal_repeater(  323): [recvMdThermalInfo] ret=25, strLen=127,  1, 32767,,, -1, 32767, 2
I/thermal_repeater(  323): oh, queryMdThermalInfo (0)Bad file number
I/thermal_repeater(  323): [recvMdThermalInfo] ret=25, strLen=127,  1, 32767,,, -1, 32767, 2
I/thermal_repeater(  323): oh, queryMdThermalInfo (0)Bad file number
I/thermal_repeater(  323): [recvMdThermalInfo] ret=25, strLen=127,  1, 32767,,, -1, 32767, 2
I/thermal_repeater(  323): oh, queryMdThermalInfo (0)Bad file number
I/thermal_repeater(  323): [recvMdThermalInfo] ret=25, strLen=127,  1, 32767,,, -1, 32767, 2
I/thermal_repeater(  323): oh, queryMdThermalInfo (0)Bad file number
I/thermal_repeater(  323): [recvMdThermalInfo] ret=25, strLen=127,  1, 32767,,, -1, 32767, 2
I/thermal_repeater(  323): oh, queryMdThermalInfo (0)Bad file number
I/thermal_repeater(  323): [recvMdThermalInfo] ret=25, strLen=127,  1, 32767,,, -1, 32767, 2
W/Watchdog(  877): SWT Watchdog after wait current time:21876444
W/Watchdog(  877): **Get SF Time **1
W/Watchdog(  877): SWT Watchdog before synchronized:21876444
W/Watchdog(  877): SWT Watchdog after synchronized:21876444
W/Watchdog(  877): SWT Watchdog before wait timeout:30000
W/Watchdog(  877): SWT Watchdog before wait current time:21876444
W/Watchdog(  877): SWT Watchdog before wait start:21876444
W/Watchdog(  877): SWT Watchdog before wait CHECK_INTERVAL:30000
I/thermal_repeater(  323): oh, queryMdThermalInfo (0)Bad file number
I/thermal_repeater(  323): [recvMdThermalInfo] ret=25, strLen=127,  1, 32767,,, -1, 32767, 2
I/thermal_repeater(  323): oh, queryMdThermalInfo (0)Bad file number
I/thermal_repeater(  323): [recvMdThermalInfo] ret=25, strLen=127,  1, 32767,,, -1, 32767, 2
I/thermal_repeater(  323): oh, queryMdThermalInfo (0)Bad file number
I/thermal_repeater(  323): [recvMdThermalInfo] ret=25, strLen=127,  1, 32767,,, -1, 32767, 2
I/thermal_repeater(  323): oh, queryMdThermalInfo (0)Bad file number
I/thermal_repeater(  323): [recvMdThermalInfo] ret=25, strLen=127,  1, 32767,,, -1, 32767, 2
I/thermal_repeater(  323): oh, queryMdThermalInfo (0)Bad file number
I/thermal_repeater(  323): [recvMdThermalInfo] ret=25, strLen=127,  1, 32767,,, -1, 32767, 2
I/thermal_repeater(  323): oh, queryMdThermalInfo (0)Bad file number
I/thermal_repeater(  323): [recvMdThermalInfo] ret=25, strLen=127,  1, 32767,,, -1, 32767, 2
W/Watchdog(  877): SWT Watchdog after wait current time:21906444
W/Watchdog(  877): **Get SF Time **1
W/Watchdog(  877): SWT Watchdog before synchronized:21906444
W/Watchdog(  877): SWT Watchdog after synchronized:21906444
W/Watchdog(  877): SWT Watchdog before wait timeout:30000
W/Watchdog(  877): SWT Watchdog before wait current time:21906445
W/Watchdog(  877): SWT Watchdog before wait start:21906445
W/Watchdog(  877): SWT Watchdog before wait CHECK_INTERVAL:30000
I/thermal_repeater(  323): oh, queryMdThermalInfo (0)Bad file number
I/thermal_repeater(  323): [recvMdThermalInfo] ret=25, strLen=127,  1, 32767,,, -1, 32767, 2
I/thermal_repeater(  323): oh, queryMdThermalInfo (0)Bad file number
I/thermal_repeater(  323): [recvMdThermalInfo] ret=25, strLen=127,  1, 32767,,, -1, 32767, 2
I/thermal_repeater(  323): oh, queryMdThermalInfo (0)Bad file number
I/thermal_repeater(  323): [recvMdThermalInfo] ret=25, strLen=127,  1, 32767,,, -1, 32767, 2
I/thermal_repeater(  323): oh, queryMdThermalInfo (0)Bad file number
I/thermal_repeater(  323): [recvMdThermalInfo] ret=25, strLen=127,  1, 32767,,, -1, 32767, 2
I/thermal_repeater(  323): oh, queryMdThermalInfo (0)Bad file number
I/thermal_repeater(  323): [recvMdThermalInfo] ret=25, strLen=127,  1, 32767,,, -1, 32767, 2
I/thermal_repeater(  323): oh, queryMdThermalInfo (0)Bad file number
I/thermal_repeater(  323): [recvMdThermalInfo] ret=25, strLen=127,  1, 32767,,, -1, 32767, 2
W/Watchdog(  877): SWT Watchdog after wait current time:21936445
W/Watchdog(  877): **Get SF Time **1
W/Watchdog(  877): SWT Watchdog before synchronized:21936445
W/Watchdog(  877): SWT Watchdog after synchronized:21936445
W/Watchdog(  877): SWT Watchdog before wait timeout:30000
W/Watchdog(  877): SWT Watchdog before wait current time:21936445
W/Watchdog(  877): SWT Watchdog before wait start:21936445
W/Watchdog(  877): SWT Watchdog before wait CHECK_INTERVAL:30000
I/thermal_repeater(  323): oh, queryMdThermalInfo (0)Bad file number
I/thermal_repeater(  323): [recvMdThermalInfo] ret=25, strLen=127,  1, 32767,,, -1, 32767, 2
I/thermal_repeater(  323): oh, queryMdThermalInfo (0)Bad file number
I/thermal_repeater(  323): [recvMdThermalInfo] ret=25, strLen=127,  1, 32767,,, -1, 32767, 2
I/thermal_repeater(  323): oh, queryMdThermalInfo (0)Bad file number
I/thermal_repeater(  323): [recvMdThermalInfo] ret=25, strLen=127,  1, 32767,,, -1, 32767, 2
I/thermal_repeater(  323): oh, queryMdThermalInfo (0)Bad file number
I/thermal_repeater(  323): [recvMdThermalInfo] ret=25, strLen=127,  1, 32767,,, -1, 32767, 2
I/thermal_repeater(  323): oh, queryMdThermalInfo (0)Bad file number
I/thermal_repeater(  323): [recvMdThermalInfo] ret=25, strLen=127,  1, 32767,,, -1, 32767, 2
I/thermal_repeater(  323): oh, queryMdThermalInfo (0)Bad file number
I/thermal_repeater(  323): [recvMdThermalInfo] ret=25, strLen=127,  1, 32767,,, -1, 32767, 2
W/Watchdog(  877): SWT Watchdog after wait current time:21966445
W/Watchdog(  877): **Get SF Time **1
W/Watchdog(  877): SWT Watchdog before synchronized:21966446
W/Watchdog(  877): SWT Watchdog after synchronized:21966446
W/Watchdog(  877): SWT Watchdog before wait timeout:30000
W/Watchdog(  877): SWT Watchdog before wait current time:21966446
W/Watchdog(  877): SWT Watchdog before wait start:21966446
W/Watchdog(  877): SWT Watchdog before wait CHECK_INTERVAL:30000
I/thermal_repeater(  323): oh, queryMdThermalInfo (0)Bad file number
I/thermal_repeater(  323): [recvMdThermalInfo] ret=25, strLen=127,  1, 32767,,, -1, 32767, 2
I/thermal_repeater(  323): oh, queryMdThermalInfo (0)Bad file number
I/thermal_repeater(  323): [recvMdThermalInfo] ret=25, strLen=127,  1, 32767,,, -1, 32767, 2
I/thermal_repeater(  323): oh, queryMdThermalInfo (0)Bad file number
I/thermal_repeater(  323): [recvMdThermalInfo] ret=25, strLen=127,  1, 32767,,, -1, 32767, 2
I/thermal_repeater(  323): oh, queryMdThermalInfo (0)Bad file number
I/thermal_repeater(  323): [recvMdThermalInfo] ret=25, strLen=127,  1, 32767,,, -1, 32767, 2
I/thermal_repeater(  323): oh, queryMdThermalInfo (0)Bad file number
I/thermal_repeater(  323): [recvMdThermalInfo] ret=25, strLen=127,  1, 32767,,, -1, 32767, 2
I/thermal_repeater(  323): oh, queryMdThermalInfo (0)Bad file number
I/thermal_repeater(  323): [recvMdThermalInfo] ret=25, strLen=127,  1, 32767,,, -1, 32767, 2
W/Watchdog(  877): SWT Watchdog after wait current time:21996446
W/Watchdog(  877): **Get SF Time **1
W/Watchdog(  877): SWT Watchdog before synchronized:21996446
W/Watchdog(  877): SWT Watchdog after synchronized:21996446
W/Watchdog(  877): SWT Watchdog before wait timeout:30000
W/Watchdog(  877): SWT Watchdog before wait current time:21996446
W/Watchdog(  877): SWT Watchdog before wait start:21996446
W/Watchdog(  877): SWT Watchdog before wait CHECK_INTERVAL:30000
I/thermal_repeater(  323): oh, queryMdThermalInfo (0)Bad file number
I/thermal_repeater(  323): [recvMdThermalInfo] ret=25, strLen=127,  1, 32767,,, -1, 32767, 2
I/thermal_repeater(  323): oh, queryMdThermalInfo (0)Bad file number
I/thermal_repeater(  323): [recvMdThermalInfo] ret=25, strLen=127,  1, 32767,,, -1, 32767, 2
I/thermal_repeater(  323): oh, queryMdThermalInfo (0)Bad file number
I/thermal_repeater(  323): [recvMdThermalInfo] ret=25, strLen=127,  1, 32767,,, -1, 32767, 2
I/thermal_repeater(  323): oh, queryMdThermalInfo (0)Bad file number
I/thermal_repeater(  323): [recvMdThermalInfo] ret=25, strLen=127,  1, 32767,,, -1, 32767, 2
I/thermal_repeater(  323): oh, queryMdThermalInfo (0)Bad file number
I/thermal_repeater(  323): [recvMdThermalInfo] ret=25, strLen=127,  1, 32767,,, -1, 32767, 2
I/thermal_repeater(  323): oh, queryMdThermalInfo (0)Bad file number
I/thermal_repeater(  323): [recvMdThermalInfo] ret=25, strLen=127,  1, 32767,,, -1, 32767, 2
W/Watchdog(  877): SWT Watchdog after wait current time:22026446
W/Watchdog(  877): **Get SF Time **1
W/Watchdog(  877): SWT Watchdog before synchronized:22026447
W/Watchdog(  877): SWT Watchdog after synchronized:22026447
W/Watchdog(  877): SWT Watchdog before wait timeout:30000
W/Watchdog(  877): SWT Watchdog before wait current time:22026447
W/Watchdog(  877): SWT Watchdog before wait start:22026447
W/Watchdog(  877): SWT Watchdog before wait CHECK_INTERVAL:30000
I/thermal_repeater(  323): oh, queryMdThermalInfo (0)Bad file number
I/thermal_repeater(  323): [recvMdThermalInfo] ret=25, strLen=127,  1, 32767,,, -1, 32767, 2
I/thermal_repeater(  323): oh, queryMdThermalInfo (0)Bad file number
I/thermal_repeater(  323): [recvMdThermalInfo] ret=25, strLen=127,  1, 32767,,, -1, 32767, 2
I/thermal_repeater(  323): oh, queryMdThermalInfo (0)Bad file number
I/thermal_repeater(  323): [recvMdThermalInfo] ret=25, strLen=127,  1, 32767,,, -1, 32767, 2
I/thermal_repeater(  323): oh, queryMdThermalInfo (0)Bad file number
I/thermal_repeater(  323): [recvMdThermalInfo] ret=25, strLen=127,  1, 32767,,, -1, 32767, 2
I/thermal_repeater(  323): oh, queryMdThermalInfo (0)Bad file number
I/thermal_repeater(  323): [recvMdThermalInfo] ret=25, strLen=127,  1, 32767,,, -1, 32767, 2
I/thermal_repeater(  323): oh, queryMdThermalInfo (0)Bad file number
I/thermal_repeater(  323): [recvMdThermalInfo] ret=25, strLen=127,  1, 32767,,, -1, 32767, 2
W/Watchdog(  877): SWT Watchdog after wait current time:22056447
W/Watchdog(  877): **Get SF Time **1
W/Watchdog(  877): SWT Watchdog before synchronized:22056447
W/Watchdog(  877): SWT Watchdog after synchronized:22056447
W/Watchdog(  877): SWT Watchdog before wait timeout:30000
W/Watchdog(  877): SWT Watchdog before wait current time:22056447
W/Watchdog(  877): SWT Watchdog before wait start:22056447
W/Watchdog(  877): SWT Watchdog before wait CHECK_INTERVAL:30000
I/thermal_repeater(  323): oh, queryMdThermalInfo (0)Bad file number
I/thermal_repeater(  323): [recvMdThermalInfo] ret=25, strLen=127,  1, 32767,,, -1, 32767, 2
I/thermal_repeater(  323): oh, queryMdThermalInfo (0)Bad file number
I/thermal_repeater(  323): [recvMdThermalInfo] ret=25, strLen=127,  1, 32767,,, -1, 32767, 2
I/thermal_repeater(  323): oh, queryMdThermalInfo (0)Bad file number
I/thermal_repeater(  323): [recvMdThermalInfo] ret=25, strLen=127,  1, 32767,,, -1, 32767, 2
I/thermal_repeater(  323): oh, queryMdThermalInfo (0)Bad file number
I/thermal_repeater(  323): [recvMdThermalInfo] ret=25, strLen=127,  1, 32767,,, -1, 32767, 2
I/thermal_repeater(  323): oh, queryMdThermalInfo (0)Bad file number
I/thermal_repeater(  323): [recvMdThermalInfo] ret=25, strLen=127,  1, 32767,,, -1, 32767, 2
I/thermal_repeater(  323): oh, queryMdThermalInfo (0)Bad file number
I/thermal_repeater(  323): [recvMdThermalInfo] ret=25, strLen=127,  1, 32767,,, -1, 32767, 2
W/Watchdog(  877): SWT Watchdog after wait current time:22086448
W/Watchdog(  877): **Get SF Time **1
W/Watchdog(  877): SWT Watchdog before synchronized:22086448
W/Watchdog(  877): SWT Watchdog after synchronized:22086448
W/Watchdog(  877): SWT Watchdog before wait timeout:30000
W/Watchdog(  877): SWT Watchdog before wait current time:22086448
W/Watchdog(  877): SWT Watchdog before wait start:22086448
W/Watchdog(  877): SWT Watchdog before wait CHECK_INTERVAL:30000
I/thermal_repeater(  323): oh, queryMdThermalInfo (0)Bad file number
I/thermal_repeater(  323): [recvMdThermalInfo] ret=25, strLen=127,  1, 32767,,, -1, 32767, 2
I/thermal_repeater(  323): oh, queryMdThermalInfo (0)Bad file number
I/thermal_repeater(  323): [recvMdThermalInfo] ret=25, strLen=127,  1, 32767,,, -1, 32767, 2
I/thermal_repeater(  323): oh, queryMdThermalInfo (0)Bad file number
I/thermal_repeater(  323): [recvMdThermalInfo] ret=25, strLen=127,  1, 32767,,, -1, 32767, 2
I/thermal_repeater(  323): oh, queryMdThermalInfo (0)Bad file number
I/thermal_repeater(  323): [recvMdThermalInfo] ret=25, strLen=127,  1, 32767,,, -1, 32767, 2
I/thermal_repeater(  323): oh, queryMdThermalInfo (0)Bad file number
I/thermal_repeater(  323): [recvMdThermalInfo] ret=25, strLen=127,  1, 32767,,, -1, 32767, 2
I/thermal_repeater(  323): oh, queryMdThermalInfo (0)Bad file number
I/thermal_repeater(  323): [recvMdThermalInfo] ret=25, strLen=127,  1, 32767,,, -1, 32767, 2
W/Watchdog(  877): SWT Watchdog after wait current time:22116448
W/Watchdog(  877): **Get SF Time **1
W/Watchdog(  877): SWT Watchdog before synchronized:22116448
W/Watchdog(  877): SWT Watchdog after synchronized:22116448
W/Watchdog(  877): SWT Watchdog before wait timeout:30000
W/Watchdog(  877): SWT Watchdog before wait current time:22116448
W/Watchdog(  877): SWT Watchdog before wait start:22116448
W/Watchdog(  877): SWT Watchdog before wait CHECK_INTERVAL:30000
I/thermal_repeater(  323): oh, queryMdThermalInfo (0)Bad file number
I/thermal_repeater(  323): [recvMdThermalInfo] ret=25, strLen=127,  1, 32767,,, -1, 32767, 2
I/thermal_repeater(  323): oh, queryMdThermalInfo (0)Bad file number
I/thermal_repeater(  323): [recvMdThermalInfo] ret=25, strLen=127,  1, 32767,,, -1, 32767, 2
I/thermal_repeater(  323): oh, queryMdThermalInfo (0)Bad file number
I/thermal_repeater(  323): [recvMdThermalInfo] ret=25, strLen=127,  1, 32767,,, -1, 32767, 2
I/thermal_repeater(  323): oh, queryMdThermalInfo (0)Bad file number
I/thermal_repeater(  323): [recvMdThermalInfo] ret=25, strLen=127,  1, 32767,,, -1, 32767, 2
I/thermal_repeater(  323): oh, queryMdThermalInfo (0)Bad file number
I/thermal_repeater(  323): [recvMdThermalInfo] ret=25, strLen=127,  1, 32767,,, -1, 32767, 2
I/thermal_repeater(  323): oh, queryMdThermalInfo (0)Bad file number
I/thermal_repeater(  323): [recvMdThermalInfo] ret=25, strLen=127,  1, 32767,,, -1, 32767, 2
W/Watchdog(  877): SWT Watchdog after wait current time:22146449
W/Watchdog(  877): **Get SF Time **1
W/Watchdog(  877): SWT Watchdog before synchronized:22146449
W/Watchdog(  877): SWT Watchdog after synchronized:22146449
W/Watchdog(  877): SWT Watchdog before wait timeout:30000
W/Watchdog(  877): SWT Watchdog before wait current time:22146449
W/Watchdog(  877): SWT Watchdog before wait start:22146449
W/Watchdog(  877): SWT Watchdog before wait CHECK_INTERVAL:30000
I/thermal_repeater(  323): oh, queryMdThermalInfo (0)Bad file number
I/thermal_repeater(  323): [recvMdThermalInfo] ret=25, strLen=127,  1, 32767,,, -1, 32767, 2
I/thermal_repeater(  323): oh, queryMdThermalInfo (0)Bad file number
I/thermal_repeater(  323): [recvMdThermalInfo] ret=25, strLen=127,  1, 32767,,, -1, 32767, 2
I/thermal_repeater(  323): oh, queryMdThermalInfo (0)Bad file number
I/thermal_repeater(  323): [recvMdThermalInfo] ret=25, strLen=127,  1, 32767,,, -1, 32767, 2
I/thermal_repeater(  323): oh, queryMdThermalInfo (0)Bad file number
I/thermal_repeater(  323): [recvMdThermalInfo] ret=25, strLen=127,  1, 32767,,, -1, 32767, 2
I/thermal_repeater(  323): oh, queryMdThermalInfo (0)Bad file number
I/thermal_repeater(  323): [recvMdThermalInfo] ret=25, strLen=127,  1, 32767,,, -1, 32767, 2
I/thermal_repeater(  323): oh, queryMdThermalInfo (0)Bad file number
I/thermal_repeater(  323): [recvMdThermalInfo] ret=25, strLen=127,  1, 32767,,, -1, 32767, 2
W/Watchdog(  877): SWT Watchdog after wait current time:22176449
W/Watchdog(  877): **Get SF Time **1
W/Watchdog(  877): SWT Watchdog before synchronized:22176449
W/Watchdog(  877): SWT Watchdog after synchronized:22176449
W/Watchdog(  877): SWT Watchdog before wait timeout:30000
W/Watchdog(  877): SWT Watchdog before wait current time:22176450
W/Watchdog(  877): SWT Watchdog before wait start:22176450
W/Watchdog(  877): SWT Watchdog before wait CHECK_INTERVAL:30000
I/thermal_repeater(  323): oh, queryMdThermalInfo (0)Bad file number
I/thermal_repeater(  323): [recvMdThermalInfo] ret=25, strLen=127,  1, 32767,,, -1, 32767, 2
I/thermal_repeater(  323): oh, queryMdThermalInfo (0)Bad file number
I/thermal_repeater(  323): [recvMdThermalInfo] ret=25, strLen=127,  1, 32767,,, -1, 32767, 2
I/thermal_repeater(  323): oh, queryMdThermalInfo (0)Bad file number
I/thermal_repeater(  323): [recvMdThermalInfo] ret=25, strLen=127,  1, 32767,,, -1, 32767, 2
I/thermal_repeater(  323): oh, queryMdThermalInfo (0)Bad file number
I/thermal_repeater(  323): [recvMdThermalInfo] ret=25, strLen=127,  1, 32767,,, -1, 32767, 2
I/thermal_repeater(  323): oh, queryMdThermalInfo (0)Bad file number
I/thermal_repeater(  323): [recvMdThermalInfo] ret=25, strLen=127,  1, 32767,,, -1, 32767, 2
I/thermal_repeater(  323): oh, queryMdThermalInfo (0)Bad file number
I/thermal_repeater(  323): [recvMdThermalInfo] ret=25, strLen=127,  1, 32767,,, -1, 32767, 2
W/Watchdog(  877): SWT Watchdog after wait current time:22206450
W/Watchdog(  877): **Get SF Time **1
W/Watchdog(  877): SWT Watchdog before synchronized:22206450
W/Watchdog(  877): SWT Watchdog after synchronized:22206450
W/Watchdog(  877): SWT Watchdog before wait timeout:30000
W/Watchdog(  877): SWT Watchdog before wait current time:22206450
W/Watchdog(  877): SWT Watchdog before wait start:22206450
W/Watchdog(  877): SWT Watchdog before wait CHECK_INTERVAL:30000
I/thermal_repeater(  323): oh, queryMdThermalInfo (0)Bad file number
I/thermal_repeater(  323): [recvMdThermalInfo] ret=25, strLen=127,  1, 32767,,, -1, 32767, 2
I/thermal_repeater(  323): oh, queryMdThermalInfo (0)Bad file number
I/thermal_repeater(  323): [recvMdThermalInfo] ret=25, strLen=127,  1, 32767,,, -1, 32767, 2
I/thermal_repeater(  323): oh, queryMdThermalInfo (0)Bad file number
I/thermal_repeater(  323): [recvMdThermalInfo] ret=25, strLen=127,  1, 32767,,, -1, 32767, 2
I/PowerManagerService(  877): Waking up from sleep (uid 1000)...reason:101
I/ActivityManager(  877): onWakefulnessChanged: 1
I/DisplayPowerController(  877): Blocking screen on until initial contents have been drawn.
W/ContextImpl(  877): Calling a method in the system process without a qualified user: android.app.ContextImpl.sendBroadcast:1474 com.android.server.statusbar.StatusBarManagerService.onPanelRevealed:531 com.android.internal.statusbar.IStatusBarService$Stub.onTransact:185 android.os.Binder.execTransact:454 <bottom of call stack> 
I/DisplayManagerService(  877): Display device changed: DisplayDeviceInfo{"内置屏幕": uniqueId="local:0", 1080 x 1920, 57.490005 fps, supportedRefreshRates [57.490005], density 480, 480.0 x 480.0 dpi, appVsyncOff -8000000, presDeadline 26394328, touch INTERNAL, rotation 0, type BUILT_IN, state ON, subtype 0, FLAG_DEFAULT_DISPLAY, FLAG_ROTATES_WITH_CONTENT, FLAG_SECURE, FLAG_SUPPORTS_PROTECTED_BUFFERS}
I/DisplayPowerController(  877): Unblocked screen on after 459 ms
I/WifiService(  877): WifiService trying to set country code to  with persist set to true
I/WifiService(  877): WifiService trying to set country code to  with persist set to true
W/ContextImpl(  877): Calling a method in the system process without a qualified user: android.app.ContextImpl.sendBroadcast:1474 com.android.server.statusbar.StatusBarManagerService.onPanelHidden:555 com.android.internal.statusbar.IStatusBarService$Stub.onTransact:192 android.os.Binder.execTransact:454 <bottom of call stack> 
I/StatusBarManagerService(  877): disable by pkg=com.android.systemui
W/ContextImpl( 1698): Calling a method in the system process without a qualified user: android.app.ContextImpl.startService:1863 android.content.ContextWrapper.startService:516 android.content.ContextWrapper.startService:516 com.meizu.networkmanager.c.r.a:25 com.meizu.networkmanager.boradcast.TrafficGlobalReceiver$2.run:244 
I/WindowManager(  877): Gaining focus: Window{1b100e52 u0 com.android.browser/com.android.browser.BrowserActivity}
I/WindowManager(  877): Losing focus: Window{2d945bf0 u0 StatusBar}
I/NetworkStatsRecorder(  877): recordSnapshotLocked: ident[[{type=WIFI, subType=COMBINED, networkId=chaozhouniurouwan}]]
W/NetworkStatsRecorder(  877): unknown interfaces [lo, p2p0], ignoring those stats
I/NetworkStatsRecorder(  877): recordSnapshotLocked: ident[[{type=WIFI, subType=COMBINED, networkId=chaozhouniurouwan}]]
W/NetworkStatsRecorder(  877): unknown interfaces [lo, p2p0], ignoring those stats
I/NetworkStatsRecorder(  877): recordSnapshotLocked: ident[[{type=WIFI, subType=COMBINED, networkId=chaozhouniurouwan}]]
I/NetworkStatsRecorder(  877): recordSnapshotLocked: ident[[{type=WIFI, subType=COMBINED, networkId=chaozhouniurouwan}]]
I/NetworkStatsRecorder(  877): recordSnapshotLocked: ident[[{type=WIFI, subType=COMBINED, networkId=chaozhouniurouwan}]]
I/NetworkStatsRecorder(  877): recordSnapshotLocked: ident[[{type=WIFI, subType=COMBINED, networkId=chaozhouniurouwan}]]
W/NetworkStatsRecorder(  877): unknown interfaces [lo, p2p0], ignoring those stats
W/NetworkStatsRecorder(  877): unknown interfaces [lo, p2p0], ignoring those stats
I/ActivityManager(  877): Start proc 3585:com.meizu.net.search/u0a76 for broadcast com.meizu.net.search/.hotword.HotWordReceiver
W/ActivityManager(  877): Skip forceProcessStateUpTo() to newState 8
W/InputMethodManagerService(  877): Window already focused, ignoring focus gain of: com.android.internal.view.IInputMethodClient$Stub$Proxy@4278ae3 attribute=android.view.inputmethod.EditorInfo@1fb97ce0, token = android.os.BinderProxy@3c3492dd
I/thermal_repeater(  323): oh, queryMdThermalInfo (0)Bad file number
I/thermal_repeater(  323): [recvMdThermalInfo] ret=25, strLen=127,  1, 32767,,, -1, 32767, 2
I/ActivityManager(  877): START u0 {flg=0x10804000 cmp=com.android.systemui/com.flyme.systemui.recents.RecentsEmptyActivity} from uid 10032 on display 0 from pid 1041
I/WindowManager(  877): Losing focus: Window{1b100e52 u0 com.android.browser/com.android.browser.BrowserActivity}
I/WindowManager(  877): Gaining focus: Window{38d7b6c u0 com.android.systemui/com.flyme.systemui.recents.RecentsEmptyActivity}
I/ActivityManager(  877): Killing 2306:com.android.browser/u0a2 (adj 2): remove task
I/ActivityManager(  877): Killing 2539:com.android.browser:MediaPlayerService/u0a2 (adj 2): remove task
I/ActivityManager(  877): Killing 2666:com.chaozh.iReader.plug.sdk/u0a2 (adj 15): remove task
I/ActivityManager(  877): Force stopping com.android.browser appid=10002 user=0: from pid 1041
I/ActivityManager(  877): START u0 {act=android.intent.action.MAIN cat=[android.intent.category.HOME] flg=0x10200000 cmp=com.meizu.flyme.launcher/.Launcher} from uid 10032 on display 0 from pid 1041
I/WindowManager(  877): Losing focus: Window{38d7b6c u0 com.android.systemui/com.flyme.systemui.recents.RecentsEmptyActivity}
I/WindowManager(  877): Gaining focus: Window{32c5bfc6 u0 com.meizu.flyme.launcher/com.meizu.flyme.launcher.Launcher}
W/ContextImpl(  877): Calling a method in the system process without a qualified user: android.app.ContextImpl.sendBroadcast:1474 com.android.server.statusbar.StatusBarManagerService.onPanelRevealed:531 com.android.internal.statusbar.IStatusBarService$Stub.onTransact:185 android.os.Binder.execTransact:454 <bottom of call stack> 
I/WindowManager(  877): Gaining focus: Window{2d945bf0 u0 StatusBar}
I/WindowManager(  877): Losing focus: Window{32c5bfc6 u0 com.meizu.flyme.launcher/com.meizu.flyme.launcher.Launcher}
I/thermal_repeater(  323): oh, queryMdThermalInfo (0)Bad file number
I/thermal_repeater(  323): [recvMdThermalInfo] ret=25, strLen=127,  1, 32767,,, -1, 32767, 2
W/ContextImpl(  877): Calling a method in the system process without a qualified user: android.app.ContextImpl.sendBroadcast:1474 com.android.server.statusbar.StatusBarManagerService.onPanelHidden:555 com.android.internal.statusbar.IStatusBarService$Stub.onTransact:192 android.os.Binder.execTransact:454 <bottom of call stack> 
I/WindowManager(  877): Gaining focus: Window{32c5bfc6 u0 com.meizu.flyme.launcher/com.meizu.flyme.launcher.Launcher}
I/WindowManager(  877): Losing focus: Window{2d945bf0 u0 StatusBar}
W/InputMethodManagerService(  877): Window already focused, ignoring focus gain of: com.android.internal.view.IInputMethodClient$Stub$Proxy@188645a5 attribute=null, token = android.os.BinderProxy@359d11a1
I/BatteryStatsImpl(  877): Resetting battery stats: level=100 status=5 dischargeLevel=100 lowAmount=0 highAmount=0
W/ContextImpl( 1698): Calling a method in the system process without a qualified user: android.app.ContextImpl.stopService:1869 android.content.ContextWrapper.stopService:521 android.content.ContextWrapper.stopService:521 com.meizu.safe.blockService.receiver.PowerConnectionReceiver.onReceive:29 android.app.ActivityThread.handleReceiver:3016 
W/UsbDeviceManager(  877): sys.usb.mtpConnect = noneMTPConnection
W/StatusBar( 1041): updateNotification for unknown pkg: android
W/StatusBar( 1041): removeFakeNotificationViews()---removeNotification for unknown pkg: android
I/MountService(  877): isUsbMassStorageEnabled: false
I/ActivityManager(  877): Start proc 3682:com.mediatek.mtklogger/u0a57 for broadcast com.mediatek.mtklogger/.framework.LogReceiver
W/ActivityManager(  877): Skip forceProcessStateUpTo() to newState 8
I/thermal_repeater(  323): oh, queryMdThermalInfo (0)Bad file number
I/thermal_repeater(  323): [recvMdThermalInfo] ret=25, strLen=127,  1, 32767,,, -1, 32767, 2
W/Watchdog(  877): SWT Watchdog after wait current time:22236450
W/Watchdog(  877): **Get SF Time **1
W/Watchdog(  877): SWT Watchdog before synchronized:22236451
W/Watchdog(  877): SWT Watchdog after synchronized:22236451
W/Watchdog(  877): SWT Watchdog before wait timeout:30000
W/Watchdog(  877): SWT Watchdog before wait current time:22236452
W/Watchdog(  877): SWT Watchdog before wait start:22236452
W/Watchdog(  877): SWT Watchdog before wait CHECK_INTERVAL:30000
I/thermal_repeater(  323): oh, queryMdThermalInfo (0)Bad file number
I/thermal_repeater(  323): [recvMdThermalInfo] ret=25, strLen=127,  1, 32767,,, -1, 32767, 2
I/thermal_repeater(  323): oh, queryMdThermalInfo (0)Bad file number
I/thermal_repeater(  323): [recvMdThermalInfo] ret=25, strLen=127,  1, 32767,,, -1, 32767, 2
I/ActivityManager(  877): Process com.mediatek.mtklogger (pid 3682) has died
I/thermal_repeater(  323): oh, queryMdThermalInfo (0)Bad file number
I/thermal_repeater(  323): [recvMdThermalInfo] ret=25, strLen=127,  1, 32767,,, -1, 32767, 2
I/thermal_repeater(  323): oh, queryMdThermalInfo (0)Bad file number
I/thermal_repeater(  323): [recvMdThermalInfo] ret=25, strLen=127,  1, 32767,,, -1, 32767, 2
I/thermal_repeater(  323): oh, queryMdThermalInfo (0)Bad file number
I/thermal_repeater(  323): [recvMdThermalInfo] ret=25, strLen=127,  1, 32767,,, -1, 32767, 2
I/thermal_repeater(  323): oh, queryMdThermalInfo (0)Bad file number
I/thermal_repeater(  323): [recvMdThermalInfo] ret=25, strLen=127,  1, 32767,,, -1, 32767, 2
W/Watchdog(  877): SWT Watchdog after wait current time:22266452
W/Watchdog(  877): **Get SF Time **1
W/Watchdog(  877): SWT Watchdog before synchronized:22266453
W/Watchdog(  877): SWT Watchdog after synchronized:22266453
W/Watchdog(  877): SWT Watchdog before wait timeout:30000
W/Watchdog(  877): SWT Watchdog before wait current time:22266453
W/Watchdog(  877): SWT Watchdog before wait start:22266453
W/Watchdog(  877): SWT Watchdog before wait CHECK_INTERVAL:30000
I/thermal_repeater(  323): oh, queryMdThermalInfo (0)Bad file number
I/thermal_repeater(  323): [recvMdThermalInfo] ret=25, strLen=127,  1, 32767,,, -1, 32767, 2
I/thermal_repeater(  323): oh, queryMdThermalInfo (0)Bad file number
I/thermal_repeater(  323): [recvMdThermalInfo] ret=25, strLen=127,  1, 32767,,, -1, 32767, 2
I/thermal_repeater(  323): oh, queryMdThermalInfo (0)Bad file number
I/thermal_repeater(  323): [recvMdThermalInfo] ret=25, strLen=127,  1, 32767,,, -1, 32767, 2
I/thermal_repeater(  323): oh, queryMdThermalInfo (0)Bad file number
I/thermal_repeater(  323): [recvMdThermalInfo] ret=25, strLen=127,  1, 32767,,, -1, 32767, 2
I/thermal_repeater(  323): oh, queryMdThermalInfo (0)Bad file number
I/thermal_repeater(  323): [recvMdThermalInfo] ret=25, strLen=127,  1, 32767,,, -1, 32767, 2
I/PowerManagerService(  877): Going to sleep due to screen timeout (uid 1000)...
I/PowerManagerService(  877): Going to sleep due to lid switch (uid 1000)...
I/PowerManagerService(  877): Sleeping (uid 1000)...
I/ActivityManager(  877): onWakefulnessChanged: 3
W/ContextImpl( 1698): Calling a method in the system process without a qualified user: android.app.ContextImpl.startService:1863 android.content.ContextWrapper.startService:516 com.meizu.networkmanager.c.r.a:25 com.meizu.networkmanager.boradcast.b$1$1.run:67 <bottom of call stack> 
I/NetworkStatsRecorder(  877): recordSnapshotLocked: ident[[{type=WIFI, subType=COMBINED, networkId=chaozhouniurouwan}]]
W/NetworkStatsRecorder(  877): unknown interfaces [lo, p2p0], ignoring those stats
I/NetworkStatsRecorder(  877): recordSnapshotLocked: ident[[{type=WIFI, subType=COMBINED, networkId=chaozhouniurouwan}]]
W/NetworkStatsRecorder(  877): unknown interfaces [lo, p2p0], ignoring those stats
I/NetworkStatsRecorder(  877): recordSnapshotLocked: ident[[{type=WIFI, subType=COMBINED, networkId=chaozhouniurouwan}]]
I/NetworkStatsRecorder(  877): recordSnapshotLocked: ident[[{type=WIFI, subType=COMBINED, networkId=chaozhouniurouwan}]]
I/NetworkStatsRecorder(  877): recordSnapshotLocked: ident[[{type=WIFI, subType=COMBINED, networkId=chaozhouniurouwan}]]
W/NetworkStatsRecorder(  877): unknown interfaces [lo, p2p0], ignoring those stats
W/NetworkStatsRecorder(  877): unknown interfaces [lo, p2p0], ignoring those stats
I/DisplayManagerService(  877): Display device changed: DisplayDeviceInfo{"内置屏幕": uniqueId="local:0", 1080 x 1920, 57.490005 fps, supportedRefreshRates [57.490005], density 480, 480.0 x 480.0 dpi, appVsyncOff -8000000, presDeadline 26394328, touch INTERNAL, rotation 0, type BUILT_IN, state OFF, subtype 0, FLAG_DEFAULT_DISPLAY, FLAG_ROTATES_WITH_CONTENT, FLAG_SECURE, FLAG_SUPPORTS_PROTECTED_BUFFERS}
I/ActivityManager(  877): onWakefulnessChanged: 0
I/thermal_repeater(  323): oh, queryMdThermalInfo (0)Bad file number
I/thermal_repeater(  323): [recvMdThermalInfo] ret=25, strLen=127,  1, 32767,,, -1, 32767, 2
W/Watchdog(  877): SWT Watchdog after wait current time:22296453
W/Watchdog(  877): **Get SF Time **1
W/Watchdog(  877): SWT Watchdog before synchronized:22296454
W/Watchdog(  877): SWT Watchdog after synchronized:22296454
W/Watchdog(  877): SWT Watchdog before wait timeout:30000
W/Watchdog(  877): SWT Watchdog before wait current time:22296454
W/Watchdog(  877): SWT Watchdog before wait start:22296454
W/Watchdog(  877): SWT Watchdog before wait CHECK_INTERVAL:30000
I/StatusBarManagerService(  877): disable by pkg=com.android.systemui
I/WindowManager(  877): Gaining focus: Window{2d945bf0 u0 StatusBar}
I/thermal_repeater(  323): oh, queryMdThermalInfo (0)Bad file number
I/thermal_repeater(  323): [recvMdThermalInfo] ret=25, strLen=127,  1, 32767,,, -1, 32767, 2
W/JobServiceContext(  877): verifyCallingUid.355..:[ComponentInfo{com.meizu.mstore/com.meizu.cloud.app.jobscheduler.JobSchedulerService},jId=102,u0,R=(-18:13,2:41:46),N=1,C=false,I=false,F=0,P=false(READY)]
W/JobServiceContext(  877): verifyCallingUid. END
W/JobServiceContext(  877): verifyCallingUid.718..:[ComponentInfo{com.meizu.mstore/com.meizu.cloud.app.jobscheduler.JobSchedulerService},jId=105,u0,R=(-00:38,-00:38),N=2,C=false,I=false,F=0,P=false(READY)]
W/JobServiceContext(  877): verifyCallingUid. END
W/JobServiceContext(  877): verifyCallingUid.355..:[ComponentInfo{com.meizu.mstore/com.meizu.cloud.app.jobscheduler.JobSchedulerService},jId=102,u0,R=(-18:13,2:41:46),N=1,C=false,I=false,F=0,P=false(READY)]
W/JobServiceContext(  877): verifyCallingUid. END
W/JobServiceContext(  877): closeAndCleanupJobH.355..:[ComponentInfo{com.meizu.mstore/com.meizu.cloud.app.jobscheduler.JobSchedulerService},jId=102,u0,R=(-18:13,2:41:46),N=1,C=false,I=false,F=0,P=false(READY)]
W/JobServiceContext(  877): verifyCallingUid.718..:[ComponentInfo{com.meizu.mstore/com.meizu.cloud.app.jobscheduler.JobSchedulerService},jId=105,u0,R=(-00:38,-00:38),N=2,C=false,I=false,F=0,P=false(READY)]
W/JobServiceContext(  877): verifyCallingUid. END
W/JobServiceContext(  877): closeAndCleanupJobH.718..:[ComponentInfo{com.meizu.mstore/com.meizu.cloud.app.jobscheduler.JobSchedulerService},jId=105,u0,R=(-00:38,-00:38),N=2,C=false,I=false,F=0,P=false(READY)]
W/ContextImpl( 1698): Calling a method in the system process without a qualified user: android.app.ContextImpl.startService:1863 android.content.ContextWrapper.startService:516 com.meizu.networkmanager.monitor.t.a:118 com.meizu.networkmanager.monitor.t.a:62 com.meizu.networkmanager.monitor.t$1.run:69 
I/WifiDisplayController(  877): Received NETWORK_STATE_CHANGED,con:false,SSID:null,Freq:0,netId:-1
I/WifiDisplayController(  877): Received NETWORK_STATE_CHANGED,con:true,SSID:"chaozhouniurouwan",Freq:2412,netId:0
E/ConnectivityService(  877): ERROR: The network agent is created)
I/thermal_repeater(  323): oh, queryMdThermalInfo (0)Bad file number
I/thermal_repeater(  323): [recvMdThermalInfo] ret=25, strLen=127,  1, 32767,,, -1, 32767, 2
I/thermal_repeater(  323): oh, queryMdThermalInfo (0)Bad file number
I/PowerManagerService(  877): Waking up from sleep (uid 1000)...reason:101
I/ActivityManager(  877): onWakefulnessChanged: 1
W/ContextImpl(  877): Calling a method in the system process without a qualified user: android.app.ContextImpl.sendBroadcast:1474 com.android.server.statusbar.StatusBarManagerService.onPanelRevealed:531 com.android.internal.statusbar.IStatusBarService$Stub.onTransact:185 android.os.Binder.execTransact:454 <bottom of call stack> 
I/DisplayPowerController(  877): Blocking screen on until initial contents have been drawn.
I/thermal_repeater(  323): [recvMdThermalInfo] ret=25, strLen=127,  1, 32767,,, -1, 32767, 2
--------- beginning of main
I/SensorHAL(  877): Dev Active, handle: 3, name: LTR559 Proximity Sensor (Wake Up), enable: 1.
I/SensorHAL(  877): SensorBase::Enable. name: LTR559 Proximity Sensor (Wake Up), enable: 1
E/SensorHAL(  877): [Proximity]: 5.000000
I/SensorHAL(  877): HWSensorBase::Enable, handle: 3, name: lsm6ds3_ps_wk, enable: 1
I/SensorHAL(  877): Dev Batch, handle: 2, name: LTR559 Proximity Sensor
I/SensorHAL(  877): Dev Active, handle: 2, name: LTR559 Proximity Sensor, enable: 1.
I/SensorHAL(  877): SensorBase::Enable. name: LTR559 Proximity Sensor, enable: 1
I/SensorHAL(  877): HWSensorBase::Enable, handle: 2, name: lsm6ds3_proximity, enable: 1
E/SensorHAL(  877): [Proximity]: 5.000000
E/SensorHAL(  877): [Proximity]: 5.000000
I/SensorHAL(  877): Dev Batch, handle: 1, name: LTR559 Light Sensor
I/SensorHAL(  877): Dev Active, handle: 1, name: LTR559 Light Sensor, enable: 1.
I/SensorHAL(  877): SensorBase::Enable. name: LTR559 Light Sensor, enable: 1
I/SensorHAL(  877): HWSensorBase::Enable, handle: 1, name: lsm6ds3_light, enable: 1
E/WifiManagerFlyme( 1287): disableScanInterface exception: java.lang.NoSuchMethodException
I/PalmRejection( 1041): onSensorChanged() -- distance = 5.0, active = false
I/PalmRejection( 1041): proximityChangedLocked, false, mScreenOnAndTooClose false
I/PalmRejection( 1041): no active! go on wakup!
I/PalmRejection( 1041): onSensorChanged() -- distance = 5.0, active = false
I/PalmRejection( 1041): proximityChangedLocked, false, mScreenOnAndTooClose false
I/PalmRejection( 1041): no active! go on wakup!
E/native  (  877): do suspend false
I/wpa_supplicant( 1206): wpa_driver_nl80211_driver_cmd: buf =  ret = 2 used = 2 total = 4096
I/PanelView( 1041): Max panel height 657,expand height 657.0, shade mode false
I/libPerfService(  877): perfSetFavorPid - pid:0, 0
I/[MALI][Gralloc](  274): Usage: 0xb00, format: 0x1 stride: 1088 vertical_stride: 1920 size: 8355840
I/BatteryConsumeMonitor( 1287): init var lastPlugType : 0 lastBatteryChangedLevel : 100
I/BatteryConsumeMonitor( 1287): init var lastPlugType : 0 lastBatteryChangedLevel : 100
I/libPerfService(  877): perfSetFavorPid - pid:1620, 654
I/WindowManager(  877): interceptKeyTq keycode=3 interactive=true keyguardActive=true policyFlags=22000000 down =false canceled = false isWakeKey=false mVolumeDownKeyTriggered =false mVolumeUpKeyTriggered =false result = 1 useHapticFeedback = false isInjected = false result = 1
I/MzPhoneWindowManager(  877): interceptHomeKeyLongPress: remove mLunchVoiceActivity
I/hwcomposer(  274): [HWC] SetPowerMode(2) Display(0)
I/DisplayManagerService(  877): Display device changed: DisplayDeviceInfo{"内置屏幕": uniqueId="local:0", 1080 x 1920, 57.490005 fps, supportedRefreshRates [57.490005], density 480, 480.0 x 480.0 dpi, appVsyncOff -8000000, presDeadline 26394328, touch INTERNAL, rotation 0, type BUILT_IN, state ON, subtype 0, FLAG_DEFAULT_DISPLAY, FLAG_ROTATES_WITH_CONTENT, FLAG_SECURE, FLAG_SUPPORTS_PROTECTED_BUFFERS}
I/PerfService(  274): PerfServiceNative_notifyDisplayType:0
I/SurfaceFlinger(  274): [Built-in Screen (type:0)] fps:1.614951,dur:17337.99,max:16527.42,min:15.97
I/DisplayPowerController(  877): Unblocked screen on after 529 ms
I/libPerfService(  877): perfSetFavorPid - pid:0, 0
I/KeyguardUpdateMonitor( 1041): handleBatteryUpdate index=0 updateInteresting=false
I/[MALI][Gralloc](  274): Usage: 0xb00, format: 0x1 stride: 1088 vertical_stride: 1920 size: 8355840
I/libPerfService(  877): perfSetFavorPid - pid:1620, 654
I/PanelView( 1041): Max panel height 657,expand height 657.0, shade mode false
I/WifiService(  877): WifiService trying to set country code to  with persist set to true
E/WifiStateMachine(  877): Ignoring resetting of country code
I/WifiService(  877): WifiService trying to set country code to  with persist set to true
E/WifiStateMachine(  877): Ignoring resetting of country code
I/PanelView( 1041): Max panel height 657,expand height 657.0, shade mode false
I/PanelView( 1041): Max panel height 657,expand height 657.0, shade mode false
I/libPerfService(  877): perfSetFavorPid - pid:0, 0
I/PalmRejection( 1041): mShowDisableProximityRunnable.run
I/PalmRejection( 1041): disableProximityLockLocked, mProximitySensorEnabled = true
I/SensorHAL(  877): Dev Active, handle: 3, name: LTR559 Proximity Sensor (Wake Up), enable: 0.
I/SensorHAL(  877): SensorBase::Enable. name: LTR559 Proximity Sensor (Wake Up), enable: 0
I/SensorHAL(  877): HWSensorBase::Enable, handle: 3, name: lsm6ds3_ps_wk, enable: 0
I/PalmRejection( 1041): mSensorManager.unregisterListener(mProximityListener)
I/PalmRejection( 1041): mProximityWakeLock.release()
I/libPerfService(  877): 12: set freq: 1235000
I/libPerfService(  877): 12: set: 4
I/libPerfService(  877): 13: set freq: 1300000
I/ChargeViewUtils( 1041): updateChargingState shouldChargingViewShow = false , mPluggedIn = false
I/PanelView( 1041): Max panel height 657,expand height 657.0, shade mode false
I/libPerfService(  877): 13: set: 6
I/PanelView( 1041): Max panel height 657,expand height 614.0237, shade mode false
I/PanelView( 1041): Max panel height 657,expand height 614.0237, shade mode false
I/PanelView( 1041): Max panel height 657,expand height 563.01904, shade mode false
I/SurfaceFlinger(  274): [Built-in Screen (type:0)] fps:6.262353,dur:1117.79,max:573.70,min:11.98
I/PanelView( 1041): Max panel height 657,expand height 563.01904, shade mode false
I/PanelView( 1041): Max panel height 657,expand height 486.59802, shade mode false
I/PanelView( 1041): Max panel height 657,expand height 486.59802, shade mode false
I/PanelView( 1041): Max panel height 657,expand height 400.43848, shade mode false
I/PanelView( 1041): Max panel height 657,expand height 400.43848, shade mode false
I/PanelView( 1041): Max panel height 657,expand height 295.51868, shade mode false
I/PanelView( 1041): Max panel height 657,expand height 295.51868, shade mode false
I/PanelView( 1041): Max panel height 657,expand height 196.78796, shade mode false
I/PanelView( 1041): Max panel height 657,expand height 196.78796, shade mode false
I/PanelView( 1041): Max panel height 657,expand height 87.986206, shade mode false
I/PanelView( 1041): Max panel height 657,expand height 87.986206, shade mode false
I/PanelView( 1041): Max panel height 657,expand height 0.0, shade mode false
I/PanelView( 1041): Max panel height 657,expand height 0.0, shade mode false
I/PanelView( 1041): Max panel height 657,expand height 0.0, shade mode false
I/PanelView( 1041): Max panel height 657,expand height 0.0, shade mode false
I/PanelView( 1041): Max panel height 657,expand height 0.0, shade mode false
I/PanelView( 1041): Max panel height 657,expand height 0.0, shade mode false
I/PerfService(  877): PerfServiceNative_boostDisableAsync:5
I/libPerfService(  877): 5: set: 6
I/libPerfService(  877): 5: set freq: 1300000
I/PanelView( 1041): Max panel height 657,expand height 0.0, shade mode false
I/PanelView( 1041): mTracking true,cancel fling false,instant collapse false
I/PanelView( 1041): reachTarget false,camera intercept false,camera running false
I/PanelView( 1041): Max panel height 657,expand height 0.0, shade mode false
W/ContextImpl(  877): Calling a method in the system process without a qualified user: android.app.ContextImpl.sendBroadcast:1474 com.android.server.statusbar.StatusBarManagerService.onPanelHidden:555 com.android.internal.statusbar.IStatusBarService$Stub.onTransact:192 android.os.Binder.execTransact:454 <bottom of call stack> 
I/AudioPolicyManager(  300): s 0 c 0 avaDev 3 ba2dpo 0 ba2dpsp 0 dev 2
I/AudioPolicyManager(  300): getOutput() device 2, stream 1, samplingRate 0, format 0, channelMask 3, flags 0
I/AudioPolicyManager(  300): getOutput() returns output 2
I/AudioPolicyManager(  300): s 0 c 0 avaDev 3 ba2dpo 0 ba2dpsp 0 dev 2
I/AudioPolicyManager(  300): getOutput() device 2, stream 1, samplingRate 0, format 0, channelMask 3, flags 0
I/AudioPolicyManager(  300): getOutput() returns output 2
I/AudioPolicyManager(  300): s 0 c 0 avaDev 3 ba2dpo 0 ba2dpsp 0 dev 2
I/AudioPolicyManager(  300): getOutput() returns output 2
I/AudioFlinger_Threads(  300): attachAuxEffect_l EffectId 0
I/AudioFlinger_Threads(  300): attachAuxEffect_l status 0
I/AudioPolicyManager(  300): AddSampleRateArray index = 0 sampleRate = 44100
I/AudioPolicyManager(  300): startOutput() output 2, stream 1, session 289
I/AudioPolicyManager(  300): s 0 c 0 avaDev 3 ba2dpo 0 ba2dpsp 0 dev 2
I/AudioPolicyManager(  300): getNewOutputDevice() selected device 2
I/AudioPolicyManager(  300): setOutputDevice() output 2 device 0002 delayMs 0 force 0
I/AudioPolicyManager(  300): s 0 c 0 avaDev 3 ba2dpo 0 ba2dpsp 0 dev 2
I/AudioFlinger(  300): setParameters(): io 2, keyvalue FM_DIRECT_CONTROL=1, calling pid 300
I/AudioPolicyManager(  300): setOutputDevice() prevDevice 0002
I/AudioPolicyManager(  300): setOutputDevice() mMutePrevDevice 0000
I/AudioPolicyManager(  300): s 0 c 0 avaDev 3 ba2dpo 0 ba2dpsp 0 dev 2
I/AudioPolicyManager(  300): s 1 c 0 avaDev 3 ba2dpo 0 ba2dpsp 0 dev 1
I/AudioPolicyManager(  300): s 2 c 0 avaDev 3 ba2dpo 0 ba2dpsp 0 dev 2
I/AudioPolicyManager(  300): s 2 c 0 avaDev 3 ba2dpo 0 ba2dpsp 0 dev 2
I/AudioPolicyManager(  300): s 3 c 0 avaDev 3 ba2dpo 0 ba2dpsp 0 dev 2
I/AudioPolicyManager(  300): s 0 c 0 avaDev 3 ba2dpo 0 ba2dpsp 0 dev 2
I/AudioPolicyManager(  300): s 4 c 0 avaDev 3 ba2dpo 0 ba2dpsp 0 dev 2
I/AudioPolicyManager(  300): s 5 c 0 avaDev 3 ba2dpo 0 ba2dpsp 0 dev 2
I/AudioPolicyManager(  300): s 6 c 0 avaDev 3 ba2dpo 0 ba2dpsp 0 dev 2
I/AudioPolicyManager(  300): s 7 c 0 avaDev 3 ba2dpo 0 ba2dpsp 0 dev 2
I/AudioPolicyManager(  300): s 8 c 0 avaDev 3 ba2dpo 0 ba2dpsp 0 dev 2
I/AudioPolicyManager(  300): setOutputDevice() setting same device 0002 or null device for output 2
I/AudioPolicyManager(  300):  checkAndSetVolume stream = 1 index = 8 output = 2 device = 0x2 delayMs = 0 force = 0
I/AudioPolicyManager(  300): PolicyForceReplace stream = 1 sampleRate = 44100 
I/AudioFlinger_Threads(  300): reset track timestretch tracn name 4099, ratio 100, mTimeStretchTrackName[name-4096] 0
I/AudioPolicyManager(  300): releaseOutput() 2
I/PanelView( 1041): Max panel height 657,expand height 0.0, shade mode false
I/MeizuKeyguardThemeManager( 1041): setBarState ------ statusBarState=0,keyguardFadingAway=true,goingToFullShade=false,keyguardShowing=false
I/MeizuKeyguardThemeManager( 1041): setBarState 0
I/PhoneStatusBar( 1041): updateNotificationCountChange,mLastHasNotification:false , hasActiveNotifications:false
W/KeyguardViewBase( 1041): setOnDismissAction =null
I/libPerfService(  877): perfSetFavorPid - pid:1620, 654
W/PerfScheduler(  877): Not Boost !
I/PerfService(  274): PerfServiceNative_notifyDisplayType:1
I/StatusBarManagerService(  877): disable by pkg=com.android.systemui
I/MyAnimatorService( 1620): showLauncherAnimation
E/Tethering(  877): updateConfiguration: wrong MCCMNC =null
I/Tethering(  877): ifaceTypes = null, use default
I/Tethering(  877): upstreamIfaceTypes.add:0
I/Tethering(  877): upstreamIfaceTypes.add:1
I/Tethering(  877): upstreamIfaceTypes.add:5
I/Tethering(  877): upstreamIfaceTypes.add:7
I/Tethering(  877): upstreamIfaceTypes.add:9
I/Tethering(  877): upstreamIfaceTypes.add:49
I/Tethering(  877): checkDunRequired:2
E/AudioALSAPlaybackHandlerBase(  300): openPcmDriver(), pcm_start(0xf04bd0c0) fail due to cannot start channel: Broken pipe
I/Launcher( 1620): launcher guest mode set draglayout visiable
