W/Watchdog(  877): SWT Watchdog after synchronized:22446475
W/Watchdog(  877): SWT Watchdog before wait timeout:30000
W/Watchdog(  877): SWT Watchdog before wait current time:22446475
W/Watchdog(  877): SWT Watchdog before wait start:22446475
W/Watchdog(  877): SWT Watchdog before wait CHECK_INTERVAL:30000
E/ccci_fsd(1)(  281): Failed to read from FS device (-1) !! errno = 4
I/PanelView( 1041): Max panel height 657,expand height 657.0, shade mode false
I/PanelView( 1041): Max panel height 657,expand height 657.0, shade mode false
E/ccci_fsd(1)(  281): Failed to read from FS device (-1) !! errno = 4
E/ccci_fsd(1)(  281): Failed to read from FS device (-1) !! errno = 4
E/ccci_fsd(1)(  281): Failed to read from FS device (-1) !! errno = 4
E/ccci_fsd(1)(  281): Failed to read from FS device (-1) !! errno = 4
E/ccci_fsd(1)(  281): Failed to read from FS device (-1) !! errno = 4
I/PanelView( 1041): Max panel height 657,expand height 657.0, shade mode false
I/PanelView( 1041): Max panel height 657,expand height 657.0, shade mode false
E/ccci_fsd(1)(  281): Failed to read from FS device (-1) !! errno = 4
I/PanelView( 1041): Max panel height 657,expand height 657.0, shade mode false
I/PanelView( 1041): Max panel height 657,expand height 657.0, shade mode false
I/KeyguardUpdateMonitor( 1041): handleBatteryUpdate index=0 updateInteresting=false
I/BatteryConsumeMonitor( 1287):  levelScale : 0
I/BatteryConsumeMonitor( 1287):  timeScale : 533002
I/BatteryConsumeMonitor( 1287): MIN_SIPPER_TIME : 2700000
I/BatteryConsumeMonitor( 1287): triggered : false
I/BatteryConsumeMonitor( 1287): init var lastPlugType : 0 lastBatteryChangedLevel : 100
E/ccci_fsd(1)(  281): Failed to read from FS device (-1) !! errno = 4
I/PanelView( 1041): Max panel height 657,expand height 657.0, shade mode false
I/PanelView( 1041): Max panel height 657,expand height 657.0, shade mode false
E/ccci_fsd(1)(  281): Failed to read from FS device (-1) !! errno = 4
E/ccci_fsd(1)(  281): Failed to read from FS device (-1) !! errno = 4
I/thermal_repeater(  323): oh, queryMdThermalInfo (0)Bad file number
I/thermal_repeater(  323): [recvMdThermalInfo] ret=25, strLen=127,  1, 32767,,, -1, 32767, 2
I/AppCenterApplication( 3342): onTrimMemory: level = 60
E/ccci_fsd(1)(  281): Failed to read from FS device (-1) !! errno = 4
I/NetworkStatsRecorder(  877): recordSnapshotLocked: ident[[{type=WIFI, subType=COMBINED, networkId=chaozhouniurouwan}]]
W/NetworkStatsRecorder(  877): unknown interfaces [lo, p2p0], ignoring those stats
I/NetworkStatsRecorder(  877): recordSnapshotLocked: ident[[{type=WIFI, subType=COMBINED, networkId=chaozhouniurouwan}]]
W/NetworkStatsRecorder(  877): unknown interfaces [lo, p2p0], ignoring those stats
I/NetworkStatsRecorder(  877): recordSnapshotLocked: ident[[{type=WIFI, subType=COMBINED, networkId=chaozhouniurouwan}]]
I/NetworkStatsRecorder(  877): recordSnapshotLocked: ident[[{type=WIFI, subType=COMBINED, networkId=chaozhouniurouwan}]]
I/NetworkStatsRecorder(  877): recordSnapshotLocked: ident[[{type=WIFI, subType=COMBINED, networkId=chaozhouniurouwan}]]
W/NetworkStatsRecorder(  877): unknown interfaces [lo, p2p0], ignoring those stats
W/NetworkStatsRecorder(  877): unknown interfaces [lo, p2p0], ignoring those stats
I/PanelView( 1041): Max panel height 657,expand height 657.0, shade mode false
I/PanelView( 1041): Max panel height 657,expand height 657.0, shade mode false
E/ccci_fsd(1)(  281): Failed to read from FS device (-1) !! errno = 4
E/ccci_fsd(1)(  281): Failed to read from FS device (-1) !! errno = 4
I/libPerfService(  877): 10: set freq: 1300000
I/libPerfService(  877): 10: set: 6
I/AudioFlinger(  300): setParameters(): io 0, keyvalue mediaserver_monitor=1, calling pid 877
W/AudioALSAHardware(  300): setParameters(), still have param.size() = 1, remain param = "mediaserver_monitor=1"
I/str_params(  300): key: 'mediaserver_monitor' value: '1'
I/AudioPolicyManager(  300): setStreamVolumeIndex stream = 7 index = 15 device = 0x400
W/Zygote  ( 3956): mz_is_rooted false
I/ActivityManager(  877): Start proc 3956:com.meizu.media.reader/u0a74 for service com.meizu.media.reader/com.meizu.cloud.pushsdk.NotificationService
I/ActivityManager(  877): [Background Service Priority Adjustment] Process.setProcessGroup to Process.THREAD_GROUP_BG_NONINTERACTIVE, app.pid: 3956
W/READER_LOGGER-NetworkStatusManager( 3956): updateNetworkType: result type=1 mode=null
W/Glide   ( 3956): Failed to find GeneratedAppGlideModule. You should include an annotationProcessor compile dependency on com.github.bumptech.glide:compiler in your application and a @GlideModule annotated AppGlideModule implementation or LibraryGlideModules will be silently ignored
W/art     ( 3956): Verification of void com.meizu.media.reader.helper.ReaderUiHelper.changeSubActionBarNightMode(android.app.Activity, boolean, boolean) took 118.285ms
E/ccci_fsd(1)(  281): Failed to read from FS device (-1) !! errno = 4
W/READER_LOGGER-ReaderApplication( 3956): onTrimMemory level=5
W/READER_LOGGER-NavigationBarUtils( 3956): getDeclaredMethod: java.lang.NoSuchMethodException: setNavigationBarIconColor [boolean]
W/READER_LOGGER-NavigationBarUtils( 3956): getDeclaredMethod: java.lang.NoSuchMethodException: setForcedNavigationBarColor [boolean]
W/READER_LOGGER-NavigationBarUtils( 3956): getDeclaredMethod: java.lang.NoSuchMethodException: setNavigationBarIconColor [boolean, boolean]
W/READER_LOGGER-NavigationBarUtils( 3956): getDeclaredField: java.lang.NoSuchFieldException: MEIZU_FLAG_DARK_NAVIGATION_BAR_ICON
W/art     ( 3956): Suspending all threads took: 21.364ms
E/Vold    (  273): Failed to find mounted volume for /storage/sdcard1/Android/data/com.meizu.media.reader/cache/
W/Vold    (  273): Returning OperationFailed - no handler for errno 0
W/ContextImpl( 3956): Failed to ensure directory: /storage/sdcard1/Android/data/com.meizu.media.reader/cache
W/READER_LOGGER-FlymeAccountService( 3956): onAccountsUpdated account=null inited=false
E/ccci_fsd(1)(  281): Failed to read from FS device (-1) !! errno = 4
I/libPerfService(  877): 10: set: 1
I/libPerfService(  877): 10: set freq: 0
I/libPerfService(  877): 10: set gpu level: 0
W/art     ( 3956): Verification of void com.meizu.media.reader.utils.ReaderStaticUtil.bindImageView(com.meizu.media.reader.common.fresco.InstrumentedDraweeView, java.lang.String, android.graphics.drawable.Drawable, java.lang.String, com.facebook.imagepipeline.request.Postprocessor, boolean, com.meizu.media.reader.common.fresco.InstrumentedDraweeView$OnImageLoadListener, int, int) took 239.109ms
I/PanelView( 1041): Max panel height 657,expand height 657.0, shade mode false
I/PanelView( 1041): Max panel height 657,expand height 657.0, shade mode false
E/Vold    (  273): Failed to find mounted volume for /storage/sdcard1/Android/data/com.meizu.media.reader/cache/
W/Vold    (  273): Returning OperationFailed - no handler for errno 0
W/ContextImpl( 3956): Failed to ensure directory: /storage/sdcard1/Android/data/com.meizu.media.reader/cache
W/linker  ( 3956): libduktape.so: unused DT entry: type 0x6ffffffe arg 0xa3a0
W/linker  ( 3956): libduktape.so: unused DT entry: type 0x6fffffff arg 0x3
E/SQLiteLog( 3956): (283) recovered 6 frames from WAL file /data/data/com.meizu.media.reader/databases/com.meizu.media.reader_PushEvents.db-wal
W/MzUpdateComponent:3.1.1( 3956): Plugin:start check update for :com.meizu.advertise.plugin,
I/System.out( 3956): open:https://upush.meizu.com/pluginupgrade/check
D/libc-netbsd( 3956): [getaddrinfo]: hostname=upush.meizu.com; servname=(null); cache_mode=(null), netid=0; mark=0
D/libc-netbsd( 3956): [getaddrinfo]: ai_addrlen=0; ai_canonname=(null); ai_flags=4; ai_family=0
D/libc-netbsd( 3956): [getaddrinfo]: hostname=upush.meizu.com; servname=(null); cache_mode=(null), netid=0; mark=0
D/libc-netbsd( 3956): [getaddrinfo]: ai_addrlen=0; ai_canonname=(null); ai_flags=1024; ai_family=0
D/libc-netbsd(  295): [getaddrinfo]: hostname=upush.meizu.com; servname=(null); cache_mode=local, netid=101; mark=917605
D/libc-netbsd(  295): [getaddrinfo]: ai_addrlen=0; ai_canonname=(null); ai_flags=1024; ai_family=0
D/libc-netbsd(  295): default dns: query_ipv6=0, query_ipv4=1
D/libc-netbsd(  295): res_queryN name = upush.meizu.com, class = 1, type = 1
D/libc-netbsd(  295): netid=101, dns0:202.96.134.133
D/libc-netbsd(  295): netid=101, dns1:202.96.128.166
D/libc-netbsd(  295): netid=101, dns2:8.8.8.8
D/libc-netbsd(  295): res_queryN name = upush.meizu.com succeed
D/libc-netbsd( 3956): getaddrinfo: upush.meizu.com get result from proxy >>
I/System.out( 3956): propertyValue:true
I/System.out( 3956): [CDS]connect[upush.meizu.com/183.61.122.79:443] tm:30
I/System.out( 3956): open:https://servicecut.meizu.com/interface/locate
D/libc-netbsd( 3956): [getaddrinfo]: hostname=servicecut.meizu.com; servname=(null); cache_mode=(null), netid=0; mark=0
D/libc-netbsd( 3956): [getaddrinfo]: ai_addrlen=0; ai_canonname=(null); ai_flags=4; ai_family=0
D/libc-netbsd( 3956): [getaddrinfo]: hostname=servicecut.meizu.com; servname=(null); cache_mode=(null), netid=0; mark=0
D/libc-netbsd( 3956): [getaddrinfo]: ai_addrlen=0; ai_canonname=(null); ai_flags=1024; ai_family=0
D/libc-netbsd(  295): [getaddrinfo]: hostname=servicecut.meizu.com; servname=(null); cache_mode=local, netid=101; mark=917605
D/libc-netbsd(  295): [getaddrinfo]: ai_addrlen=0; ai_canonname=(null); ai_flags=1024; ai_family=0
D/libc-netbsd(  295): default dns: query_ipv6=0, query_ipv4=1
D/libc-netbsd(  295): res_queryN name = servicecut.meizu.com, class = 1, type = 1
D/libc-netbsd(  295): netid=101, dns0:202.96.134.133
D/libc-netbsd(  295): netid=101, dns1:202.96.128.166
D/libc-netbsd(  295): netid=101, dns2:8.8.8.8
D/libc-netbsd(  295): res_queryN name = servicecut.meizu.com succeed
D/libc-netbsd( 3956): getaddrinfo: servicecut.meizu.com get result from proxy >>
I/System.out( 3956): propertyValue:true
I/System.out( 3956): [CDS]connect[servicecut.meizu.com/14.152.73.226:443] tm:90
D/libc-netbsd( 3956): [getaddrinfo]: hostname=upush.meizu.com; servname=(null); cache_mode=(null), netid=0; mark=0
D/libc-netbsd( 3956): [getaddrinfo]: ai_addrlen=0; ai_canonname=(null); ai_flags=4; ai_family=0
D/libc-netbsd( 3956): [getaddrinfo]: hostname=servicecut.meizu.com; servname=(null); cache_mode=(null), netid=0; mark=0
D/libc-netbsd( 3956): [getaddrinfo]: ai_addrlen=0; ai_canonname=(null); ai_flags=4; ai_family=0
E/NativeCrypto( 3956): ssl=0xe0ddda00 cert_verify_callback x509_store_ctx=0xdbe8e4c0 arg=0x0
I/System.out( 3956): open:http://image.res.meizu.com/image/garcia/2b134b9877394efba70468710be6e15fz
E/NativeCrypto( 3956): ssl=0xe0ddda00 cert_verify_callback calling verifyCertificateChain authMethod=ECDHE_RSA
D/libc-netbsd( 3956): [getaddrinfo]: hostname=image.res.meizu.com; servname=(null); cache_mode=(null), netid=0; mark=0
D/libc-netbsd( 3956): [getaddrinfo]: ai_addrlen=0; ai_canonname=(null); ai_flags=4; ai_family=0
D/libc-netbsd( 3956): [getaddrinfo]: hostname=image.res.meizu.com; servname=(null); cache_mode=(null), netid=0; mark=0
D/libc-netbsd( 3956): [getaddrinfo]: ai_addrlen=0; ai_canonname=(null); ai_flags=1024; ai_family=0
D/libc-netbsd(  295): [getaddrinfo]: hostname=image.res.meizu.com; servname=(null); cache_mode=local, netid=101; mark=917605
D/libc-netbsd(  295): [getaddrinfo]: ai_addrlen=0; ai_canonname=(null); ai_flags=1024; ai_family=0
D/libc-netbsd(  295): default dns: query_ipv6=0, query_ipv4=1
D/libc-netbsd(  295): res_queryN name = image.res.meizu.com, class = 1, type = 1
D/libc-netbsd(  295): netid=101, dns0:202.96.134.133
D/libc-netbsd(  295): netid=101, dns1:202.96.128.166
D/libc-netbsd(  295): netid=101, dns2:8.8.8.8
W/System.err( 3956): java.lang.Exception: Error converting session
W/System.err( 3956): 	at com.android.org.conscrypt.AbstractSessionContext.log(AbstractSessionContext.java:302)
W/System.err( 3956): 	at com.android.org.conscrypt.AbstractSessionContext.toBytes(AbstractSessionContext.java:231)
W/System.err( 3956): 	at com.android.org.conscrypt.ClientSessionContext.putSession(ClientSessionContext.java:118)
W/System.err( 3956): 	at com.android.org.conscrypt.SSLParametersImpl.setupSession(SSLParametersImpl.java:627)
W/System.err( 3956): 	at com.android.org.conscrypt.OpenSSLSocketImpl.startHandshake(OpenSSLSocketImpl.java:365)
W/System.err( 3956): 	at com.android.okhttp.Connection.upgradeToTls(Connection.java:201)
W/System.err( 3956): 	at com.android.okhttp.Connection.connect(Connection.java:155)
W/System.err( 3956): 	at com.android.okhttp.internal.http.HttpEngine.connect(HttpEngine.java:282)
W/System.err( 3956): 	at com.android.okhttp.internal.http.HttpEngine.sendRequest(HttpEngine.java:216)
W/System.err( 3956): 	at com.android.okhttp.internal.http.HttpURLConnectionImpl.execute(HttpURLConnectionImpl.java:391)
W/System.err( 3956): 	at com.android.okhttp.internal.http.HttpURLConnectionImpl.connect(HttpURLConnectionImpl.java:106)
W/System.err( 3956): 	at com.android.okhttp.internal.http.HttpURLConnectionImpl.getOutputStream(HttpURLConnectionImpl.java:217)
W/System.err( 3956): 	at com.android.okhttp.internal.http.DelegatingHttpsURLConnection.getOutputStream(DelegatingHttpsURLConnection.java:218)
W/System.err( 3956): 	at com.android.okhttp.internal.http.HttpsURLConnectionImpl.getOutputStream(HttpsURLConnectionImpl.java:25)
W/System.err( 3956): 	at com.meizu.gslb2.w.a(SourceFile:77)
W/System.err( 3956): 	at com.meizu.gslb2.s.a(SourceFile:87)
W/System.err( 3956): 	at com.meizu.gslb2.c$a.a(SourceFile:152)
W/System.err( 3956): 	at com.meizu.gslb2.c$a.run(SourceFile:191)
W/System.err( 3956): 	at java.util.concurrent.ThreadPoolExecutor.runWorker(ThreadPoolExecutor.java:1112)
W/System.err( 3956): 	at java.util.concurrent.ThreadPoolExecutor$Worker.run(ThreadPoolExecutor.java:587)
W/System.err( 3956): 	at java.lang.Thread.run(Thread.java:818)
W/System.err( 3956): Caused by: javax.net.ssl.SSLPeerUnverifiedException: No peer certificates
W/System.err( 3956): 	at com.android.org.conscrypt.OpenSSLSessionImpl.checkPeerCertificatesPresent(OpenSSLSessionImpl.java:266)
W/System.err( 3956): 	at com.android.org.conscrypt.OpenSSLSessionImpl.getPeerCertificates(OpenSSLSessionImpl.java:257)
W/System.err( 3956): 	at com.android.org.conscrypt.AbstractSessionContext.toBytes(AbstractSessionContext.java:219)
W/System.err( 3956): 	... 19 more
I/System.out( 3956): gba_cipher_suite:TLS_ECDHE_RSA_WITH_AES_128_GCM_SHA256
E/READER_LOGGER-GslbCore( 3956): java.io.IOException: Hostname 'servicecut.meizu.com' was not verified
E/READER_LOGGER-GslbCore( 3956): 	at com.android.okhttp.Connection.upgradeToTls(Connection.java:205)
E/READER_LOGGER-GslbCore( 3956): 	at com.android.okhttp.Connection.connect(Connection.java:155)
E/READER_LOGGER-GslbCore( 3956): 	at com.android.okhttp.internal.http.HttpEngine.connect(HttpEngine.java:282)
E/READER_LOGGER-GslbCore( 3956): 	at com.android.okhttp.internal.http.HttpEngine.sendRequest(HttpEngine.java:216)
E/READER_LOGGER-GslbCore( 3956): 	at com.android.okhttp.internal.http.HttpURLConnectionImpl.execute(HttpURLConnectionImpl.java:391)
E/READER_LOGGER-GslbCore( 3956): 	at com.android.okhttp.internal.http.HttpURLConnectionImpl.connect(HttpURLConnectionImpl.java:106)
E/READER_LOGGER-GslbCore( 3956): 	at com.android.okhttp.internal.http.HttpURLConnectionImpl.getOutputStream(HttpURLConnectionImpl.java:217)
E/READER_LOGGER-GslbCore( 3956): 	at com.android.okhttp.internal.http.DelegatingHttpsURLConnection.getOutputStream(DelegatingHttpsURLConnection.java:218)
E/READER_LOGGER-GslbCore( 3956): 	at com.android.okhttp.internal.http.HttpsURLConnectionImpl.getOutputStream(HttpsURLConnectionImpl.java:25)
E/READER_LOGGER-GslbCore( 3956): 	at com.meizu.gslb2.w.a(SourceFile:77)
E/READER_LOGGER-GslbCore( 3956): 	at com.meizu.gslb2.s.a(SourceFile:87)
E/READER_LOGGER-GslbCore( 3956): 	at com.meizu.gslb2.c$a.a(SourceFile:152)
E/READER_LOGGER-GslbCore( 3956): 	at com.meizu.gslb2.c$a.run(SourceFile:191)
E/READER_LOGGER-GslbCore( 3956): 	at java.util.concurrent.ThreadPoolExecutor.runWorker(ThreadPoolExecutor.java:1112)
E/READER_LOGGER-GslbCore( 3956): 	at java.util.concurrent.ThreadPoolExecutor$Worker.run(ThreadPoolExecutor.java:587)
E/READER_LOGGER-GslbCore( 3956): 	at java.lang.Thread.run(Thread.java:818)
E/READER_LOGGER-GslbCore( 3956): convert reader.meizu.com form server , throwable: java.io.IOException: Hostname 'servicecut.meizu.com' was not verified
E/READER_LOGGER-GslbCore( 3956): 	at com.android.okhttp.Connection.upgradeToTls(Connection.java:205)
E/READER_LOGGER-GslbCore( 3956): 	at com.android.okhttp.Connection.connect(Connection.java:155)
E/READER_LOGGER-GslbCore( 3956): 	at com.android.okhttp.internal.http.HttpEngine.connect(HttpEngine.java:282)
E/READER_LOGGER-GslbCore( 3956): 	at com.android.okhttp.internal.http.HttpEngine.sendRequest(HttpEngine.java:216)
E/READER_LOGGER-GslbCore( 3956): 	at com.android.okhttp.internal.http.HttpURLConnectionImpl.execute(HttpURLConnectionImpl.java:391)
E/READER_LOGGER-GslbCore( 3956): 	at com.android.okhttp.internal.http.HttpURLConnectionImpl.connect(HttpURLConnectionImpl.java:106)
E/READER_LOGGER-GslbCore( 3956): 	at com.android.okhttp.internal.http.HttpURLConnectionImpl.getOutputStream(HttpURLConnectionImpl.java:217)
E/READER_LOGGER-GslbCore( 3956): 	at com.android.okhttp.internal.http.DelegatingHttpsURLConnection.getOutputStream(DelegatingHttpsURLConnection.java:218)
E/READER_LOGGER-GslbCore( 3956): 	at com.android.okhttp.internal.http.HttpsURLConnectionImpl.getOutputStream(HttpsURLConnectionImpl.java:25)
E/READER_LOGGER-GslbCore( 3956): 	at com.meizu.gslb2.w.a(SourceFile:77)
E/READER_LOGGER-GslbCore( 3956): 	at com.meizu.gslb2.s.a(SourceFile:87)
E/READER_LOGGER-GslbCore( 3956): 	at com.meizu.gslb2.c$a.a(SourceFile:152)
E/READER_LOGGER-GslbCore( 3956): 	at com.meizu.gslb2.c$a.run(SourceFile:191)
E/READER_LOGGER-GslbCore( 3956): 	at java.util.concurrent.ThreadPoolExecutor.runWorker(ThreadPoolExecutor.java:1112)
E/READER_LOGGER-GslbCore( 3956): 	at java.util.concurrent.ThreadPoolExecutor$Worker.run(ThreadPoolExecutor.java:587)
E/READER_LOGGER-GslbCore( 3956): 	at java.lang.Thread.run(Thread.java:818)
D/libc-netbsd(  295): res_queryN name = image.res.meizu.com succeed
D/libc-netbsd( 3956): getaddrinfo: image.res.meizu.com get result from proxy >>
I/System.out( 3956): propertyValue:true
I/System.out( 3956): [CDS]connect[image.res.meizu.com/14.215.96.123:80] tm:60
I/System.out( 3956): [OkHttp] sendRequest>>
I/System.out( 3956): [OkHttp] sendRequest<<
I/System.out( 3956): gba_cipher_suite:TLS_ECDHE_RSA_WITH_AES_128_GCM_SHA256
I/System.out( 3956): [OkHttp] sendRequest>>
I/System.out( 3956): [OkHttp] sendRequest<<
I/NetworkManagementSocketTagger( 3956): untagSocket(55)
E/MzUpdateComponent:3.1.1( 3956): Plugin:unknown server code : 110001
W/MzUpdateComponent:3.1.1( 3956): Plugin:check plugin update parse failed!{"reply":{"code":110001,"message":"the plugin check service is busy now!","value":null}}
W/MzUpdateComponent:3.1.1( 3956): Plugin:check plugin update return null!
I/System.out( 3956): [CDS]close[60569]
I/NetworkManagementSocketTagger( 3956): untagSocket(70)
I/NetworkManagementSocketTagger( 3956): untagSocket(76)
I/System.out( 3956): open:http://uxip-res.meizu.com/resource/v3/config/DO5XC72KA42H4G8M3PEA6VCI
D/libc-netbsd( 3956): [getaddrinfo]: hostname=uxip-res.meizu.com; servname=(null); cache_mode=(null), netid=0; mark=0
D/libc-netbsd( 3956): [getaddrinfo]: ai_addrlen=0; ai_canonname=(null); ai_flags=4; ai_family=0
D/libc-netbsd( 3956): [getaddrinfo]: hostname=uxip-res.meizu.com; servname=(null); cache_mode=(null), netid=0; mark=0
D/libc-netbsd( 3956): [getaddrinfo]: ai_addrlen=0; ai_canonname=(null); ai_flags=1024; ai_family=0
D/libc-netbsd(  295): [getaddrinfo]: hostname=uxip-res.meizu.com; servname=(null); cache_mode=local, netid=101; mark=917605
D/libc-netbsd(  295): [getaddrinfo]: ai_addrlen=0; ai_canonname=(null); ai_flags=1024; ai_family=0
D/libc-netbsd(  295): default dns: query_ipv6=0, query_ipv4=1
D/libc-netbsd(  295): res_queryN name = uxip-res.meizu.com, class = 1, type = 1
D/libc-netbsd(  295): netid=101, dns0:202.96.134.133
D/libc-netbsd(  295): netid=101, dns1:202.96.128.166
D/libc-netbsd(  295): netid=101, dns2:8.8.8.8
W/READER_LOGGER-ReaderPushReceiver( 3956): onNotificationArrived(): mzPushMessage = [MzPushMessage{title='23岁女子从未来过“大姨妈”', content='一检查竟是......', pushType=0, taskId='380743', selfDefineContentString='{"t":0,"m":{"i":1535964190120001,"ui":"5ef0bb5862514854a8ed76afa33097c4","ot":1,"rt":4,"rst":"NORMAL","rid":48,"r":"精选","t":"23岁女子从未来过“大姨妈”","c":"一检查竟是......","u":"http://reader.res.meizu.com/reader/articlecontent/20180903/1535964190120001.json","d":1535964415830,"pid":1535964415830,"w":0,"bt":0,"img":"","bcid":-1,"is":0,"indb":false,"vw":0,"vh":0,"ct":0,"bvcid":46,"pbt":0,"dp":1}}', notifyId=964478075}]
W/READER_LOGGER-PushHelper( 3956): execPushMobEventIfNeeded(): pushTitle = [23岁女子从未来过“大姨妈”], mobType = [0]
E/Parcel  ( 2082): Class not found when unmarshalling: com.meizu.cloud.pushsdk.handler.MessageV3
E/Parcel  ( 2082): java.lang.ClassNotFoundException: com.meizu.cloud.pushsdk.handler.MessageV3
E/Parcel  ( 2082): 	at java.lang.Class.classForName(Native Method)
E/Parcel  ( 2082): 	at java.lang.Class.forName(Class.java:318)
E/Parcel  ( 2082): 	at java.lang.Class.forName(Class.java:276)
E/Parcel  ( 2082): 	at android.os.Parcel.readParcelableCreator(Parcel.java:2281)
E/Parcel  ( 2082): 	at android.os.Parcel.readParcelable(Parcel.java:2245)
E/Parcel  ( 2082): 	at android.os.Parcel.readValue(Parcel.java:2152)
E/Parcel  ( 2082): 	at android.os.Parcel.readArrayMapInternal(Parcel.java:2485)
E/Parcel  ( 2082): 	at android.os.BaseBundle.unparcel(BaseBundle.java:221)
E/Parcel  ( 2082): 	at android.os.BaseBundle.keySet(BaseBundle.java:321)
E/Parcel  ( 2082): 	at com.wandoujia.nisdk.core.util.IntentUtil.getExtrasSafe(IntentUtil.java:128)
E/Parcel  ( 2082): 	at com.wandoujia.nisdk.core.model.converter.SystemNotificationConverter.toIntentPackage(SystemNotificationConverter.java:243)
E/Parcel  ( 2082): 	at com.wandoujia.nisdk.core.model.converter.SystemNotificationConverter.toPendingIntentPackage(SystemNotificationConverter.java:215)
E/Parcel  ( 2082): 	at com.wandoujia.nisdk.core.model.converter.SystemNotificationConverter.convert(SystemNotificationConverter.java:49)
E/Parcel  ( 2082): 	at com.wandoujia.nisdk.core.NIFilter.filter(NIFilter.java:97)
E/Parcel  ( 2082): 	at com.meizu.notification.NisNotificationFilterImpl.filter(NisNotificationFilterImpl.java:146)
E/Parcel  ( 2082): 	at com.meizu.notification.FlymeNotificationFilterService$4.interceptNotification(FlymeNotificationFilterService.java:130)
E/Parcel  ( 2082): 	at meizu.notification.INotificationFilterService$Stub.onTransact(INotificationFilterService.java:57)
E/Parcel  ( 2082): 	at android.os.Binder.execTransact(Binder.java:454)
E/Parcel  ( 2082): Caused by: java.lang.ClassNotFoundException: Didn't find class "com.meizu.cloud.pushsdk.handler.MessageV3" on path: DexPathList[[directory "."],nativeLibraryDirectories=[/vendor/lib64, /system/lib64]]
E/Parcel  ( 2082): 	at dalvik.system.BaseDexClassLoader.findClass(BaseDexClassLoader.java:56)
E/Parcel  ( 2082): 	at java.lang.ClassLoader.loadClass(ClassLoader.java:511)
E/Parcel  ( 2082): 	at java.lang.ClassLoader.loadClass(ClassLoader.java:469)
E/Parcel  ( 2082): 	... 18 more
E/Parcel  ( 2082): 	Suppressed: java.lang.ClassNotFoundException: com.meizu.cloud.pushsdk.handler.MessageV3
E/Parcel  ( 2082): 		at java.lang.Class.classForName(Native Method)
E/Parcel  ( 2082): 		at java.lang.BootClassLoader.findClass(ClassLoader.java:781)
E/Parcel  ( 2082): 		at java.lang.BootClassLoader.loadClass(ClassLoader.java:841)
E/Parcel  ( 2082): 		at java.lang.ClassLoader.loadClass(ClassLoader.java:504)
E/Parcel  ( 2082): 		... 19 more
E/Parcel  ( 2082): 	Caused by: java.lang.NoClassDefFoundError: Class not found using the boot class loader; no stack available
I/AudioPolicyManager(  300): s 2 c 0 avaDev 3 ba2dpo 0 ba2dpsp 0 dev 2
I/AudioPolicyManager(  300): s 3 c 0 avaDev 3 ba2dpo 0 ba2dpsp 0 dev 2
I/LedTest (  877): ledDoubleFlash = false
I/NotiWakeupScreen(  877): isLockScreenShowNotification = true
I/NotiWakeupScreen(  877): isNotificationWakeupScreen = false
I/art     (  877): Background sticky concurrent mark sweep GC freed 13144(638KB) AllocSpace objects, 0(0B) LOS objects, 0% free, 40MB/40MB, paused 5.241ms total 37.064ms
I/MediaPlayerService(  300): [setDataSource] setDataSource fd=25, offset=0, length=576460752303423487
I/MediaPlayerService(  300): [setDataSource_drm_preCheck] fd=25,path=/system/media/audio/notifications/02_Reminder.ogg
E/DrmMtkUtil/DrmUtil(  300): checkDcf: not dcf type, dcf version value [79]
E/Cta5File(  300): Cta5File::isCta5NormalFile false, bad magic:OggS
E/Cta5File(  300): Cta5File::isCta5MultimediaFile false, bad magic:}?$
E/DrmMtkUtil/DrmUtil(  300): checkDcf: not dcf type, dcf version value [79]
I/System.out( 3956): open:https://push-statics.meizu.com/push_data_report/mobile
E/Cta5File(  300): Cta5File::isCta5NormalFile false, bad magic:OggS
E/Cta5File(  300): Cta5File::isCta5MultimediaFile false, bad magic:}?'
E/DrmMtkUtil/DrmUtil(  300): checkDcf: not dcf type, dcf version value [79]
D/libc-netbsd( 3956): [getaddrinfo]: hostname=push-statics.meizu.com; servname=(null); cache_mode=(null), netid=0; mark=0
D/libc-netbsd( 3956): [getaddrinfo]: ai_addrlen=0; ai_canonname=(null); ai_flags=4; ai_family=0
D/libc-netbsd( 3956): [getaddrinfo]: hostname=push-statics.meizu.com; servname=(null); cache_mode=(null), netid=0; mark=0
D/libc-netbsd( 3956): [getaddrinfo]: ai_addrlen=0; ai_canonname=(null); ai_flags=1024; ai_family=0
I/MediaPlayerService(  300): [setDataSource] player type = 3
D/libc-netbsd(  295): [getaddrinfo]: hostname=push-statics.meizu.com; servname=(null); cache_mode=local, netid=101; mark=917605
D/libc-netbsd(  295): [getaddrinfo]: ai_addrlen=0; ai_canonname=(null); ai_flags=1024; ai_family=0
I/AwesomePlayer(  300): mThrottleVideoBufRel:6000 us
I/AwesomePlayer(  300): set flag for stopped
I/AwesomePlayer(  300): [reset_l]line:707 reset_l
I/AwesomePlayer(  300): [reset_l]line:762 reset cancelPlayEvents
I/AwesomePlayer(  300): [reset_l]line:861 reset_l done
I/AudioSink(  300): [AudioOutput] AudioOutput(290)
D/libc-netbsd(  295): default dns: query_ipv6=0, query_ipv4=1
I/AwesomePlayer(  300): [reset_l]line:707 reset_l
I/MediaPlayerService(  300): [notify] [21] notify (0xf3c985c0, 8, 0, 0, 0)
D/libc-netbsd(  295): res_queryN name = push-statics.meizu.com, class = 1, type = 1
I/AwesomePlayer(  300): [reset_l]line:762 reset cancelPlayEvents
I/AwesomePlayer(  300): [reset_l]line:861 reset_l done
D/libc-netbsd(  295): netid=101, dns0:202.96.134.133
D/libc-netbsd(  295): netid=101, dns1:202.96.128.166
D/libc-netbsd(  295): netid=101, dns2:8.8.8.8
I/MediaPlayerService(  300): [setDataSource] setDataSource fd=25, offset=0, length=5916 done
I/MediaPlayerService(  300): [prepareAsync] [21] prepareAsync
I/AudioPolicyManager(  300): isOffloadSupported: SR=44100, CM=0x3, Format=0x7000000, StreamType=3, BitRate=4294967295, duration=924444 us, has_video=0
I/AwesomePlayer(  300): [initAudioDecoder]line:1985 audio OMXCodec::Create begin
E/OMXNodeInstance(  300): setParameter(1a7:google.vorbis.decoder, ??(0x7f000022)) ERROR: UnsupportedIndex(0x8000101a)
I/MediaPlayerService(  300): [notify] [21] notify (0xf3c985c0, 5, 0, 0, 0)
I/MediaPlayerService(  300): [notify] [21] notify (0xf3c985c0, 1, 0, 0, 0)
E/MediaPlayer( 1041): Should have subtitle controller already set
I/MediaFocusControl(  877):  AudioFocus  requestAudioFocus() from android.media.AudioManager@14a1eb12com.android.systemui.media.NotificationPlayer$1@7aa454c req=3flags=0x0
I/AudioSink(  300): setVolume mTearDownLock
I/MediaPlayerService(  300): [start] [21] start
I/AwesomePlayer(  300): play 
I/AwesomePlayer(  300): [play_l]line:1195 play_l:mFlags=0x10
I/AwesomePlayer(  300): [play_l]line:1258 play_l:startAudioPlayer_l
E/OMXCodec(  300): [OMX.google.vorbis.decoder] +waitForBufferFilled_l: 0/0
E/OMXCodec(  300): [OMX.google.vorbis.decoder] -waitForBufferFilled_l
E/OMXCodec(  300): [OMX.google.vorbis.decoder] +waitForBufferFilled_l: 0/0
W/OMXCodec(  300): FILL_BUFFER_DONE(buffer: 4030932832, size: 0, flags: 0x00000000, timestamp: 0 us (0.00 secs))
W/OMXCodec(  300): FILL_BUFFER_DONE(buffer: 4030933024, size: 0, flags: 0x00000000, timestamp: 0 us (0.00 secs))
W/OMXCodec(  300): FILL_BUFFER_DONE(buffer: 4030933120, size: 0, flags: 0x00000000, timestamp: 0 us (0.00 secs))
W/OMXCodec(  300): FILL_BUFFER_DONE(buffer: 4030933216, size: 0, flags: 0x00000000, timestamp: 0 us (0.00 secs))
E/OMXNodeInstance(  300): getConfig(1a7:google.vorbis.decoder, ??(0x7f00001b)) ERROR: Undefined(0x80001001)
E/OMXCodec(  300): [OMX.google.vorbis.decoder] -waitForBufferFilled_l
E/OMXCodec(  300): [OMX.google.vorbis.decoder] +waitForBufferFilled_l: 0/0
W/OMXCodec(  300): FILL_BUFFER_DONE(buffer: 4030933216, size: 0, flags: 0x00000000, timestamp: 0 us (0.00 secs))
E/OMXCodec(  300): [OMX.google.vorbis.decoder] -waitForBufferFilled_l
I/AudioPolicyManager(  300): s 0 c 0 avaDev 3 ba2dpo 0 ba2dpsp 0 dev 2
I/AudioPolicyManager(  300): getOutput() device 2, stream 3, samplingRate 0, format 0, channelMask 3, flags 0
I/AudioPolicyManager(  300): getOutput() returns output 2
I/AudioPolicyManager(  300): s 0 c 0 avaDev 3 ba2dpo 0 ba2dpsp 0 dev 2
I/AudioPolicyManager(  300): getOutput() device 2, stream 3, samplingRate 0, format 0, channelMask 3, flags 0
I/AudioPolicyManager(  300): getOutput() returns output 2
I/AudioSink(  300): [open] open(44100, 2, 1, 4, 290)
W/OMXCodec(  300): FILL_BUFFER_DONE(buffer: 4030933120, size: 512, flags: 0x00000000, timestamp: 0 us (0.00 secs))
W/OMXCodec(  300): FILL_BUFFER_DONE(buffer: 4030933024, size: 512, flags: 0x00000000, timestamp: 2902 us (0.00 secs))
I/AudioPolicyManager(  300): s 2 c 0 avaDev 3 ba2dpo 0 ba2dpsp 0 dev 2
I/AudioPolicyManager(  300): s 3 c 0 avaDev 3 ba2dpo 0 ba2dpsp 0 dev 2
I/AudioPolicyManager(  300): getOutput() returns output 2
W/OMXCodec(  300): FILL_BUFFER_DONE(buffer: 4030932832, size: 512, flags: 0x00000000, timestamp: 5804 us (0.01 secs))
I/AudioFlinger_Threads(  300): attachAuxEffect_l EffectId 0
I/AudioFlinger_Threads(  300): attachAuxEffect_l status 0
I/AudioFlinger_Threads(  300): attachAuxEffect_l EffectId 0
I/AudioFlinger_Threads(  300): attachAuxEffect_l status 0
I/AudioSink(  300): [start] start
I/AudioPolicyManager(  300): AddSampleRateArray index = 0 sampleRate = 44100
I/AudioPolicyManager(  300): startOutput() output 2, stream 5, session 290
I/AudioPolicyManager(  300): s 2 c 0 avaDev 3 ba2dpo 0 ba2dpsp 0 dev 2
I/AudioPolicyManager(  300): s 3 c 0 avaDev 3 ba2dpo 0 ba2dpsp 0 dev 2
I/AudioPolicyManager(  300): getNewOutputDevice() selected device 2
I/AudioPolicyManager(  300): setOutputDevice() output 2 device 0002 delayMs 0 force 0
I/AudioPolicyManager(  300): s 0 c 0 avaDev 3 ba2dpo 0 ba2dpsp 0 dev 2
I/AudioFlinger(  300): setParameters(): io 2, keyvalue FM_DIRECT_CONTROL=1, calling pid 300
I/AudioPolicyManager(  300): setOutputDevice() prevDevice 0002
I/AudioPolicyManager(  300): setOutputDevice() mMutePrevDevice 0000
I/AudioPolicyManager(  300): s 0 c 0 avaDev 3 ba2dpo 0 ba2dpsp 0 dev 2
I/AudioPolicyManager(  300): s 1 c 0 avaDev 3 ba2dpo 0 ba2dpsp 0 dev 1
I/AudioPolicyManager(  300): s 2 c 0 avaDev 3 ba2dpo 0 ba2dpsp 0 dev 2
I/AudioPolicyManager(  300): s 2 c 0 avaDev 3 ba2dpo 0 ba2dpsp 0 dev 2
I/AudioPolicyManager(  300): s 3 c 0 avaDev 3 ba2dpo 0 ba2dpsp 0 dev 2
I/AudioPolicyManager(  300): s 0 c 0 avaDev 3 ba2dpo 0 ba2dpsp 0 dev 2
I/AudioPolicyManager(  300): s 4 c 0 avaDev 3 ba2dpo 0 ba2dpsp 0 dev 2
I/AudioPolicyManager(  300): s 5 c 0 avaDev 3 ba2dpo 0 ba2dpsp 0 dev 2
I/AudioPolicyManager(  300): s 6 c 0 avaDev 3 ba2dpo 0 ba2dpsp 0 dev 2
I/AudioPolicyManager(  300): s 7 c 0 avaDev 3 ba2dpo 0 ba2dpsp 0 dev 2
I/AudioPolicyManager(  300): s 8 c 0 avaDev 3 ba2dpo 0 ba2dpsp 0 dev 2
I/AudioPolicyManager(  300): setOutputDevice() setting same device 0002 or null device for output 2
I/AudioPolicyManager(  300):  checkAndSetVolume stream = 5 index = 8 output = 2 device = 0x2 delayMs = 0 force = 0
I/AudioPolicyManager(  300): PolicyForceReplace stream = 5 sampleRate = 44100 
I/AwesomePlayer(  300): AudioPlayer mLatencyUs 0
I/MediaPlayerService(  300): [notify] [21] notify (0xf3c985c0, 6, 0, 0, 0)
E/OMXCodec(  300): [OMX.google.vorbis.decoder] +waitForBufferFilled_l: 0/0
E/MediaPlayer( 1041): Should have subtitle controller already set
I/MediaPlayerService(  300): [21] getCurrentPosition = 6
W/OMXCodec(  300): FILL_BUFFER_DONE(buffer: 4030933216, size: 2304, flags: 0x00000000, timestamp: 8707 us (0.01 secs))
W/OMXCodec(  300): FILL_BUFFER_DONE(buffer: 4030933120, size: 4096, flags: 0x00000000, timestamp: 21768 us (0.02 secs))
W/OMXCodec(  300): FILL_BUFFER_DONE(buffer: 4030933024, size: 4096, flags: 0x00000000, timestamp: 44988 us (0.04 secs))
W/OMXCodec(  300): FILL_BUFFER_DONE(buffer: 4030932832, size: 4096, flags: 0x00000000, timestamp: 68208 us (0.07 secs))
E/OMXCodec(  300): [OMX.google.vorbis.decoder] -waitForBufferFilled_l
E/OMXCodec(  300): [OMX.google.vorbis.decoder] +waitForBufferFilled_l: 0/0
W/OMXCodec(  300): FILL_BUFFER_DONE(buffer: 4030933216, size: 2304, flags: 0x00000000, timestamp: 91428 us (0.09 secs))
W/OMXCodec(  300): FILL_BUFFER_DONE(buffer: 4030933120, size: 512, flags: 0x00000000, timestamp: 104489 us (0.10 secs))
W/OMXCodec(  300): FILL_BUFFER_DONE(buffer: 4030933024, size: 512, flags: 0x00000000, timestamp: 107392 us (0.11 secs))
W/OMXCodec(  300): FILL_BUFFER_DONE(buffer: 4030932832, size: 512, flags: 0x00000000, timestamp: 110294 us (0.11 secs))
E/OMXCodec(  300): [OMX.google.vorbis.decoder] -waitForBufferFilled_l
E/AudioALSAPlaybackHandlerBase(  300): openPcmDriver(), pcm_start(0xf04bd0c0) fail due to cannot start channel: Broken pipe
E/AudioALSAPlaybackHandlerBase(  300): -getHardwareBufferInfo pcm_get_htimestamp fail, ret = -1, pcm_get_error = cannot start channel: Broken pipe
E/OMXCodec(  300): [OMX.google.vorbis.decoder] +waitForBufferFilled_l: 0/0
W/OMXCodec(  300): FILL_BUFFER_DONE(buffer: 4030933216, size: 512, flags: 0x00000000, timestamp: 113197 us (0.11 secs))
W/OMXCodec(  300): FILL_BUFFER_DONE(buffer: 4030933120, size: 512, flags: 0x00000000, timestamp: 116099 us (0.12 secs))
E/OMXCodec(  300): [OMX.google.vorbis.decoder] -waitForBufferFilled_l
E/OMXCodec(  300): [OMX.google.vorbis.decoder] +waitForBufferFilled_l: 0/0
W/OMXCodec(  300): FILL_BUFFER_DONE(buffer: 4030933024, size: 2304, flags: 0x00000000, timestamp: 119002 us (0.12 secs))
E/OMXCodec(  300): [OMX.google.vorbis.decoder] -waitForBufferFilled_l
E/OMXCodec(  300): [OMX.google.vorbis.decoder] +waitForBufferFilled_l: 0/0
W/OMXCodec(  300): FILL_BUFFER_DONE(buffer: 4030932832, size: 4096, flags: 0x00000000, timestamp: 132063 us (0.13 secs))
E/OMXCodec(  300): [OMX.google.vorbis.decoder] -waitForBufferFilled_l
W/OMXCodec(  300): FILL_BUFFER_DONE(buffer: 4030933216, size: 4096, flags: 0x00000000, timestamp: 155283 us (0.16 secs))
W/OMXCodec(  300): FILL_BUFFER_DONE(buffer: 4030933120, size: 4096, flags: 0x00000000, timestamp: 178503 us (0.18 secs))
W/OMXCodec(  300): FILL_BUFFER_DONE(buffer: 4030933024, size: 4096, flags: 0x00000000, timestamp: 201723 us (0.20 secs))
W/OMXCodec(  300): FILL_BUFFER_DONE(buffer: 4030932832, size: 4096, flags: 0x00000000, timestamp: 224943 us (0.22 secs))
W/OMXCodec(  300): FILL_BUFFER_DONE(buffer: 4030933216, size: 4096, flags: 0x00000000, timestamp: 248163 us (0.25 secs))
W/READER_LOGGER-GslbCore( 3956): convert reader.meizu.com from cached[1]! expired, remove it!
D/libc-netbsd( 3956): [getaddrinfo]: hostname=reader.meizu.com; servname=(null); cache_mode=(null), netid=0; mark=0
D/libc-netbsd( 3956): [getaddrinfo]: ai_addrlen=0; ai_canonname=(null); ai_flags=4; ai_family=0
D/libc-netbsd( 3956): [getaddrinfo]: hostname=reader.meizu.com; servname=(null); cache_mode=(null), netid=0; mark=0
D/libc-netbsd( 3956): [getaddrinfo]: ai_addrlen=0; ai_canonname=(null); ai_flags=1024; ai_family=0
D/libc-netbsd(  295): [getaddrinfo]: hostname=reader.meizu.com; servname=(null); cache_mode=local, netid=101; mark=917605
D/libc-netbsd(  295): [getaddrinfo]: ai_addrlen=0; ai_canonname=(null); ai_flags=1024; ai_family=0
D/libc-netbsd(  295): default dns: query_ipv6=0, query_ipv4=1
D/libc-netbsd(  295): res_queryN name = reader.meizu.com, class = 1, type = 1
D/libc-netbsd(  295): netid=101, dns0:202.96.134.133
D/libc-netbsd(  295): netid=101, dns1:202.96.128.166
D/libc-netbsd(  295): netid=101, dns2:8.8.8.8
I/ChargeViewUtils( 1041): updateChargingState shouldChargingViewShow = false , mPluggedIn = false
I/PhoneStatusBar( 1041): updateNotificationCountChange,mLastHasNotification:false , hasActiveNotifications:true
I/art     (  877): Background partial concurrent mark sweep GC freed 7257(368KB) AllocSpace objects, 2(2MB) LOS objects, 9% free, 37MB/41MB, paused 5.538ms total 166.667ms
W/OMXCodec(  300): FILL_BUFFER_DONE(buffer: 4030933120, size: 4096, flags: 0x00000000, timestamp: 271383 us (0.27 secs))
W/OMXCodec(  300): FILL_BUFFER_DONE(buffer: 4030933024, size: 4096, flags: 0x00000000, timestamp: 294603 us (0.29 secs))
W/OMXCodec(  300): FILL_BUFFER_DONE(buffer: 4030932832, size: 4096, flags: 0x00000000, timestamp: 317823 us (0.32 secs))
W/OMXCodec(  300): FILL_BUFFER_DONE(buffer: 4030933216, size: 4096, flags: 0x00000000, timestamp: 341043 us (0.34 secs))
I/PanelView( 1041): Max panel height 1210,expand height 1210.0, shade mode false
I/PanelView( 1041): Max panel height 1202,expand height 1202.0, shade mode false
I/ChargeViewUtils( 1041): updateChargingState shouldChargingViewShow = false , mPluggedIn = false
I/ChargeViewUtils( 1041): updateChargingState shouldChargingViewShow = false , mPluggedIn = false
I/PanelView( 1041): Max panel height 1202,expand height 1202.0, shade mode false
I/art     ( 1041): Background sticky concurrent mark sweep GC freed 9086(531KB) AllocSpace objects, 0(0B) LOS objects, 0% free, 84MB/84MB, paused 5.155ms total 22.934ms
I/PanelView( 1041): Max panel height 1202,expand height 1202.0, shade mode false
W/OMXCodec(  300): FILL_BUFFER_DONE(buffer: 4030933120, size: 4096, flags: 0x00000000, timestamp: 364263 us (0.36 secs))
W/OMXCodec(  300): FILL_BUFFER_DONE(buffer: 4030933024, size: 4096, flags: 0x00000000, timestamp: 387482 us (0.39 secs))
W/OMXCodec(  300): FILL_BUFFER_DONE(buffer: 4030932832, size: 4096, flags: 0x00000000, timestamp: 410702 us (0.41 secs))
W/OMXCodec(  300): FILL_BUFFER_DONE(buffer: 4030933216, size: 4096, flags: 0x00000000, timestamp: 433922 us (0.43 secs))
W/OMXCodec(  300): FILL_BUFFER_DONE(buffer: 4030933120, size: 4096, flags: 0x00000000, timestamp: 457142 us (0.46 secs))
W/OMXCodec(  300): FILL_BUFFER_DONE(buffer: 4030933024, size: 4096, flags: 0x00000000, timestamp: 480362 us (0.48 secs))
I/thermal_repeater(  323): oh, queryMdThermalInfo (0)Bad file number
I/thermal_repeater(  323): [recvMdThermalInfo] ret=25, strLen=127,  1, 32767,,, -1, 32767, 2
W/OMXCodec(  300): FILL_BUFFER_DONE(buffer: 4030932832, size: 4096, flags: 0x00000000, timestamp: 503582 us (0.50 secs))
W/OMXCodec(  300): FILL_BUFFER_DONE(buffer: 4030933216, size: 4096, flags: 0x00000000, timestamp: 526802 us (0.53 secs))
W/OMXCodec(  300): FILL_BUFFER_DONE(buffer: 4030933120, size: 4096, flags: 0x00000000, timestamp: 550022 us (0.55 secs))
W/OMXCodec(  300): FILL_BUFFER_DONE(buffer: 4030933024, size: 4096, flags: 0x00000000, timestamp: 573242 us (0.57 secs))
W/OMXCodec(  300): FILL_BUFFER_DONE(buffer: 4030932832, size: 4096, flags: 0x00000000, timestamp: 596462 us (0.60 secs))
W/OMXCodec(  300): FILL_BUFFER_DONE(buffer: 4030933216, size: 4096, flags: 0x00000000, timestamp: 619682 us (0.62 secs))
W/OMXCodec(  300): FILL_BUFFER_DONE(buffer: 4030933120, size: 4096, flags: 0x00000000, timestamp: 642902 us (0.64 secs))
W/OMXCodec(  300): FILL_BUFFER_DONE(buffer: 4030933024, size: 4096, flags: 0x00000000, timestamp: 666122 us (0.67 secs))
W/OMXCodec(  300): FILL_BUFFER_DONE(buffer: 4030932832, size: 4096, flags: 0x00000000, timestamp: 689342 us (0.69 secs))
W/OMXCodec(  300): FILL_BUFFER_DONE(buffer: 4030933216, size: 4096, flags: 0x00000000, timestamp: 712562 us (0.71 secs))
W/OMXCodec(  300): FILL_BUFFER_DONE(buffer: 4030933120, size: 4096, flags: 0x00000000, timestamp: 735782 us (0.74 secs))
W/OMXCodec(  300): FILL_BUFFER_DONE(buffer: 4030933024, size: 4096, flags: 0x00000000, timestamp: 759002 us (0.76 secs))
W/OMXCodec(  300): FILL_BUFFER_DONE(buffer: 4030932832, size: 4096, flags: 0x00000000, timestamp: 782222 us (0.78 secs))
W/OMXCodec(  300): FILL_BUFFER_DONE(buffer: 4030933216, size: 4096, flags: 0x00000000, timestamp: 805442 us (0.81 secs))
W/OMXCodec(  300): FILL_BUFFER_DONE(buffer: 4030933120, size: 4096, flags: 0x00000000, timestamp: 828662 us (0.83 secs))
W/OMXCodec(  300): FILL_BUFFER_DONE(buffer: 4030933024, size: 4096, flags: 0x00000000, timestamp: 851882 us (0.85 secs))
W/OMXCodec(  300): FILL_BUFFER_DONE(buffer: 4030932832, size: 4096, flags: 0x00000000, timestamp: 875102 us (0.88 secs))
W/OMXCodec(  300): FILL_BUFFER_DONE(buffer: 4030933216, size: 4096, flags: 0x00000000, timestamp: 898321 us (0.90 secs))
W/OMXCodec(  300): FILL_BUFFER_DONE(buffer: 4030933120, size: 0, flags: 0x00000001, timestamp: 921540 us (0.92 secs))
E/OMXCodec(  300): [OMX.google.vorbis.decoder] No more output data in fillOutputBuffer, mFilledBuffers size=1
E/OMXCodec(  300): [OMX.google.vorbis.decoder] No more output data in fillOutputBuffer, mFilledBuffers size=0
E/OMXCodec(  300): [OMX.google.vorbis.decoder] read() final return
I/AudioPolicyManager(  300): s 0 c 0 avaDev 3 ba2dpo 0 ba2dpsp 0 dev 2
I/AudioPolicyManager(  300): getOutput() device 2, stream 3, samplingRate 0, format 0, channelMask 3, flags 0
I/AudioPolicyManager(  300): getOutput() returns output 2
I/AudioPolicyManager(  300): s 0 c 0 avaDev 3 ba2dpo 0 ba2dpsp 0 dev 2
I/AudioPolicyManager(  300): getOutput() device 2, stream 3, samplingRate 0, format 0, channelMask 3, flags 0
I/AudioPolicyManager(  300): getOutput() returns output 2
I/AwesomePlayer(  300): [onStreamDone]line:1083 onStreamDone:mStreamDoneStatus =-1011,video EOS=0,audio EOS=256
I/MediaPlayerService(  300): [notify] [21] notify (0xf3c985c0, 2, 0, 0, 0)
I/AwesomePlayer(  300): [pause_l]line:1609 pause_l :at_eos=1
I/MediaPlayerService(  300): [notify] [21] notify (0xf3c985c0, 7, 0, 0, 0)
I/AudioSink(  300): [stop] stop
I/MediaFocusControl(  877):  AudioFocus  abandonAudioFocus() from android.media.AudioManager@14a1eb12com.android.systemui.media.NotificationPlayer$1@7aa454c
I/AudioFlinger_Threads(  300): pause signal - [NOT READY] on thread
I/AudioPolicyManager(  300): ReleaseFMIndirectMode 
I/AudioPolicyManager(  300): PolicyRestore
I/AudioPolicyManager(  300): stopOutput() output 2, stream 5, session 290
I/AudioPolicyManager(  300): getNewOutputDevice() selected device 0
I/AudioPolicyManager(  300): setOutputDevice() output 2 device 0000 delayMs 184 force 0
I/AudioPolicyManager(  300): setOutputDevice() prevDevice 0002
I/AudioPolicyManager(  300): setOutputDevice() mMutePrevDevice 0002
I/AudioPolicyManager(  300): s 0 c 0 avaDev 3 ba2dpo 0 ba2dpsp 0 dev 2
I/AudioPolicyManager(  300): s 1 c 0 avaDev 3 ba2dpo 0 ba2dpsp 0 dev 1
I/AudioPolicyManager(  300): s 2 c 0 avaDev 3 ba2dpo 0 ba2dpsp 0 dev 2
I/AudioPolicyManager(  300): s 2 c 0 avaDev 3 ba2dpo 0 ba2dpsp 0 dev 2
I/AudioPolicyManager(  300): s 3 c 0 avaDev 3 ba2dpo 0 ba2dpsp 0 dev 2
I/AudioPolicyManager(  300): s 0 c 0 avaDev 3 ba2dpo 0 ba2dpsp 0 dev 2
I/AudioPolicyManager(  300): s 4 c 0 avaDev 3 ba2dpo 0 ba2dpsp 0 dev 2
I/AudioPolicyManager(  300): s 5 c 0 avaDev 3 ba2dpo 0 ba2dpsp 0 dev 2
I/AudioPolicyManager(  300): s 6 c 0 avaDev 3 ba2dpo 0 ba2dpsp 0 dev 2
I/AudioPolicyManager(  300): s 7 c 0 avaDev 3 ba2dpo 0 ba2dpsp 0 dev 2
I/AudioPolicyManager(  300): s 8 c 0 avaDev 3 ba2dpo 0 ba2dpsp 0 dev 2
I/AudioPolicyManager(  300): setOutputDevice() setting same device 0000 or null device for output 2
I/AudioFlinger(  300): setParameters(): io 2, keyvalue FM_DIRECT_CONTROL=0, calling pid 300
E/ccci_fsd(1)(  281): Failed to read from FS device (-1) !! errno = 4
E/ccci_fsd(1)(  281): Failed to read from FS device (-1) !! errno = 4
I/thermal_repeater(  323): oh, queryMdThermalInfo (0)Bad file number
I/thermal_repeater(  323): [recvMdThermalInfo] ret=25, strLen=127,  1, 32767,,, -1, 32767, 2
E/ccci_fsd(1)(  281): Failed to read from FS device (-1) !! errno = 4
E/ccci_fsd(1)(  281): Failed to read from FS device (-1) !! errno = 4
D/libc-netbsd(  295): res_queryN name = uxip-res.meizu.com succeed
D/libc-netbsd(  295): res_queryN name = push-statics.meizu.com succeed
D/libc-netbsd( 3956): getaddrinfo: push-statics.meizu.com get result from proxy >>
I/System.out( 3956): propertyValue:true
D/libc-netbsd(  295): res_queryN name = reader.meizu.com succeed
D/libc-netbsd( 3956): getaddrinfo: reader.meizu.com get result from proxy >>
I/System.out( 3956): propertyValue:true
I/System.out( 3956): [CDS]connect[push-statics.meizu.com/14.152.73.224:443] tm:60
D/libc-netbsd( 3956): getaddrinfo: uxip-res.meizu.com get result from proxy >>
I/System.out( 3956): propertyValue:true
I/System.out( 3956): [CDS]connect[uxip-res.meizu.com/14.215.96.120:80] tm:90
D/libc-netbsd( 3956): [getaddrinfo]: hostname=push-statics.meizu.com; servname=(null); cache_mode=(null), netid=0; mark=0
D/libc-netbsd( 3956): [getaddrinfo]: ai_addrlen=0; ai_canonname=(null); ai_flags=4; ai_family=0
I/System.out( 3956): [CDS]connect[reader.meizu.com/183.61.122.121:80] tm:15
I/System.out( 3956): [OkHttp] sendRequest>>
I/System.out( 3956): [OkHttp] sendRequest<<
E/NativeCrypto( 3956): ssl=0xe0de0600 cert_verify_callback x509_store_ctx=0xdbc86350 arg=0x0
E/NativeCrypto( 3956): ssl=0xe0de0600 cert_verify_callback calling verifyCertificateChain authMethod=ECDHE_RSA
I/NetworkManagementSocketTagger( 3956): untagSocket(63)
I/System.out( 3956): [CDS]close[42579]
I/NetworkManagementSocketTagger( 3956): untagSocket(62)
I/System.out( 3956): open:https://reader-res.mzres.com/reader/zip/cp_1530695750196.js
D/libc-netbsd( 3956): [getaddrinfo]: hostname=reader-res.mzres.com; servname=(null); cache_mode=(null), netid=0; mark=0
D/libc-netbsd( 3956): [getaddrinfo]: ai_addrlen=0; ai_canonname=(null); ai_flags=4; ai_family=0
D/libc-netbsd( 3956): [getaddrinfo]: hostname=reader-res.mzres.com; servname=(null); cache_mode=(null), netid=0; mark=0
D/libc-netbsd( 3956): [getaddrinfo]: ai_addrlen=0; ai_canonname=(null); ai_flags=1024; ai_family=0
D/libc-netbsd(  295): [getaddrinfo]: hostname=reader-res.mzres.com; servname=(null); cache_mode=local, netid=101; mark=917605
D/libc-netbsd(  295): [getaddrinfo]: ai_addrlen=0; ai_canonname=(null); ai_flags=1024; ai_family=0
D/libc-netbsd(  295): default dns: query_ipv6=0, query_ipv4=1
D/libc-netbsd(  295): res_queryN name = reader-res.mzres.com, class = 1, type = 1
D/libc-netbsd(  295): netid=101, dns0:202.96.134.133
D/libc-netbsd(  295): netid=101, dns1:202.96.128.166
D/libc-netbsd(  295): netid=101, dns2:8.8.8.8
D/libc-netbsd(  295): res_queryN name = reader-res.mzres.com succeed
D/libc-netbsd( 3956): getaddrinfo: reader-res.mzres.com get result from proxy >>
I/System.out( 3956): propertyValue:true
I/System.out( 3956): [CDS]connect[reader-res.mzres.com/113.96.98.102:443] tm:10
D/libc-netbsd( 3956): [getaddrinfo]: hostname=reader-res.mzres.com; servname=(null); cache_mode=(null), netid=0; mark=0
D/libc-netbsd( 3956): [getaddrinfo]: ai_addrlen=0; ai_canonname=(null); ai_flags=4; ai_family=0
E/NativeCrypto( 3956): ssl=0xef043400 cert_verify_callback x509_store_ctx=0xdd6abca0 arg=0x0
E/NativeCrypto( 3956): ssl=0xef043400 cert_verify_callback calling verifyCertificateChain authMethod=ECDHE_RSA
I/System.out( 3956): gba_cipher_suite:TLS_ECDHE_RSA_WITH_AES_128_GCM_SHA256
I/System.out( 3956): [OkHttp] sendRequest>>
I/System.out( 3956): [OkHttp] sendRequest<<
I/NetworkManagementSocketTagger( 3956): untagSocket(62)
W/READER_LOGGER-CpJsFileHelper( 3956): setCurrentScript: need newer script
E/ccci_fsd(1)(  281): Failed to read from FS device (-1) !! errno = 4
E/ccci_fsd(1)(  281): Failed to read from FS device (-1) !! errno = 4
I/PanelView( 1041): Max panel height 1202,expand height 1202.0, shade mode false
I/System.out( 3956): open:https://servicecut.meizu.com/interface/locate
D/libc-netbsd( 3956): [getaddrinfo]: hostname=servicecut.meizu.com; servname=(null); cache_mode=(null), netid=0; mark=0
D/libc-netbsd( 3956): [getaddrinfo]: ai_addrlen=0; ai_canonname=(null); ai_flags=4; ai_family=0
D/libc-netbsd( 3956): [getaddrinfo]: hostname=servicecut.meizu.com; servname=(null); cache_mode=(null), netid=0; mark=0
D/libc-netbsd( 3956): [getaddrinfo]: ai_addrlen=0; ai_canonname=(null); ai_flags=1024; ai_family=0
D/libc-netbsd(  295): [getaddrinfo]: hostname=servicecut.meizu.com; servname=(null); cache_mode=local, netid=101; mark=917605
D/libc-netbsd(  295): [getaddrinfo]: ai_addrlen=0; ai_canonname=(null); ai_flags=1024; ai_family=0
D/libc-netbsd(  295): default dns: query_ipv6=0, query_ipv4=1
D/libc-netbsd(  295): res_queryN name = servicecut.meizu.com, class = 1, type = 1
D/libc-netbsd(  295): res_queryN name = servicecut.meizu.com succeed
D/libc-netbsd( 3956): getaddrinfo: servicecut.meizu.com get result from proxy >>
I/System.out( 3956): propertyValue:true
I/System.out( 3956): [CDS]connect[servicecut.meizu.com/14.152.73.226:443] tm:90
I/PanelView( 1041): Max panel height 1202,expand height 1202.0, shade mode false
E/WXSDKEngine( 3956): WXEnvironment.sApplication is null
