I/SurfaceFlinger(  276): [Built-in Screen (type:0)] fps:47.509285,dur:1010.33,max:191.05,min:13.48
W/PerfScheduler(  881): Not Boost !
W/PerfScheduler(  881): Not Boost !
I/jieshun.jslife( 9685): dispatchTouchEvent-------------- 0
E/chromium( 9685): [ERROR:aw_autofill_client.cc(175)] Not implemented reached in virtual void android_webview::AwAutofillClient::OnFirstUserGestureObserved()
I/http    ( 9685): 
I/http    ( 9685): 加载首页数据 HTTP 返回：{"resultCode":"0","message":"","obj":{"paymentCarList":[],"monthCarDelayInfo":null,"voteData":null},"right":true}
W/chromium( 9685): [WARNING:password_handler.cc(205)] OnPasswordFormsRendered called
W/chromium( 9685): [WARNING:password_handler.cc(207)] OnPasswordFormsRendered IsEnabledSavePassword is false
I/System.out( 9685): [CDS]EAGAIN in Recvfrom
I/System.out( 9685): [CDS]read byte is 0
I/[MALI][Gralloc](  276): Usage: 0xb00, format: 0x1 stride: 1088 vertical_stride: 1854 size: 8068608
I/PerfService(  881): PerfServiceNative_boostDisableAsync:5
I/libPerfService(  881): 5: set: 6
I/libPerfService(  881): 5: set freq: 1300000
I/libPerfService(  881): 7: set: 6
I/libPerfService(  881): 7: set freq: 1300000
I/jieshun.jslife( 9685): dispatchTouchEvent-------------- 3
I/art     ( 9685): Background sticky concurrent mark sweep GC freed 41226(2MB) AllocSpace objects, 24(1056KB) LOS objects, 3% free, 57MB/59MB, paused 7.002ms total 55.992ms
I/libPerfService(  881): 15: set: 4
I/libPerfService(  881): 15: set freq: 1235000
I/libPerfService(  881): 15: set gpu level: 0
I/SurfaceView( 9685): updateWindow -- setFrame, this = com.baidu.platform.comapi.map.j{26ac461 V.E..... ........ 0,0-1080,1854}
I/libPerfService(  881): 7: set: 4
I/libPerfService(  881): 7: set freq: 1235000
E/chromium( 9685): [ERROR:aw_autofill_client.cc(175)] Not implemented reached in virtual void android_webview::AwAutofillClient::OnFirstUserGestureObserved()
I/chromium( 9685): [INFO:browser_view_renderer.cc(697)] [FallbackTickFired] [0xcf26273c] [0][0][1][0] => cancel throttleFallback !
I/[MALI][Gralloc](  276): Usage: 0xb00, format: 0x1 stride: 1088 vertical_stride: 1854 size: 8068608
I/libPerfService(  881): 7: set: 4
I/libPerfService(  881): 7: set freq: 1235000
I/SurfaceView( 9685): updateWindow -- setFrame, this = com.baidu.platform.comapi.map.j{26ac461 V.E..... ........ 0,0-1080,1854}
I/SurfaceView( 9685): updateWindow -- setFrame, this = com.baidu.platform.comapi.map.j{26ac461 V.E..... ........ 0,0-1080,1854}
I/[MALI][Gralloc](  276): Usage: 0xb00, format: 0x1 stride: 1088 vertical_stride: 1854 size: 8068608
D/[BT3.0+HS]PAL(  332): == chip_reset_fd is set ==
D/[BT3.0+HS]PAL(  332): 
D/[BT3.0+HS]PAL(  332): invalid reply message
D/[BT3.0+HS]PAL(  332): 
I/SurfaceView( 9685): updateWindow -- setFrame, this = com.baidu.platform.comapi.map.j{26ac461 V.E..... ........ 0,0-1080,1854}
I/SurfaceView( 9685): updateWindow -- setFrame, this = com.baidu.platform.comapi.map.j{26ac461 V.E..... ........ 0,0-1080,1854}
W/recents.Component( 1045): create a new LoadPlan to load thumbnail -- background
W/recents.Performance( 1045): preload while task Change spend : 3
I/SurfaceView( 9685): updateWindow -- setFrame, this = com.baidu.platform.comapi.map.j{26ac461 V.E..... ........ 0,0-1080,1854}
D/EMDLOGGER1(  780): CTRL_reader: incoming SPLM req, msgid=6, token=0, result=0
I/EMDLOGGER1(  780): [MDLOG] [stats][buf] L1 : data:0x14072 last:0x4dbece; (1, 0x4b70, 0x4dbece)(3, 0x8a1, 0x4dbd2d)PS : data:0x5411 last:0x4dbece; L2 : data:0x3e08 last:0x4dbece; 
D/EMDLOGGER1(  780): CTRL_reader: incoming SPLM req, msgid=6, token=0, result=0
I/EMDLOGGER1(  780): [MDLOG] [stats][mux] MCU : data:0x1f8df last:0x4dbdc8; DSP : data:0x0 last:0x0; 
I/SurfaceView( 9685): updateWindow -- setFrame, this = com.baidu.platform.comapi.map.j{26ac461 V.E..... ........ 0,0-1080,1854}
I/libPerfService(  881): 7: set: 4
I/libPerfService(  881): 7: set freq: 1235000
I/SurfaceView( 9685): updateWindow -- setFrame, this = com.baidu.platform.comapi.map.j{26ac461 V.E..... ........ 0,0-1080,1854}
I/PerfService(  881): PerfServiceNative_boostDisableAsync:5
I/libPerfService(  881): 5: set: 4
I/libPerfService(  881): 5: set freq: 1235000
I/AudioPolicyManager(  304): s 0 c 0 avaDev 3 ba2dpo 0 ba2dpsp 0 dev 2
I/AudioPolicyManager(  304): getOutput() device 2, stream 1, samplingRate 0, format 0, channelMask 3, flags 0
I/AudioPolicyManager(  304): getOutput() returns output 2
I/AudioPolicyManager(  304): s 0 c 0 avaDev 3 ba2dpo 0 ba2dpsp 0 dev 2
I/AudioPolicyManager(  304): getOutput() device 2, stream 1, samplingRate 0, format 0, channelMask 3, flags 0
I/AudioPolicyManager(  304): getOutput() returns output 2
I/AudioPolicyManager(  304): s 0 c 0 avaDev 3 ba2dpo 0 ba2dpsp 0 dev 2
I/AudioPolicyManager(  304): getOutput() returns output 2
W/AudioTrack(  881): AUDIO_OUTPUT_FLAG_FAST denied by client
I/AudioFlinger_Threads(  304): attachAuxEffect_l EffectId 0
I/AudioFlinger_Threads(  304): attachAuxEffect_l status 0
I/AudioPolicyManager(  304): AddSampleRateArray index = 1 sampleRate = 48000
I/AudioPolicyManager(  304): startOutput() output 2, stream 1, session 757
I/AudioPolicyManager(  304): s 0 c 0 avaDev 3 ba2dpo 0 ba2dpsp 0 dev 2
I/AudioPolicyManager(  304): getNewOutputDevice() selected device 2
I/AudioPolicyManager(  304): setOutputDevice() output 2 device 0002 delayMs 0 force 0
I/AudioPolicyManager(  304): s 0 c 0 avaDev 3 ba2dpo 0 ba2dpsp 0 dev 2
I/AudioFlinger(  304): setParameters(): io 2, keyvalue FM_DIRECT_CONTROL=1, calling pid 304
I/AudioPolicyManager(  304): setOutputDevice() prevDevice 0002
I/AudioPolicyManager(  304): setOutputDevice() mMutePrevDevice 0000
I/AudioPolicyManager(  304): s 0 c 0 avaDev 3 ba2dpo 0 ba2dpsp 0 dev 2
I/AudioPolicyManager(  304): s 1 c 0 avaDev 3 ba2dpo 0 ba2dpsp 0 dev 1
I/AudioPolicyManager(  304): s 2 c 0 avaDev 3 ba2dpo 0 ba2dpsp 0 dev 2
I/AudioPolicyManager(  304): s 2 c 0 avaDev 3 ba2dpo 0 ba2dpsp 0 dev 2
I/AudioPolicyManager(  304): s 3 c 0 avaDev 3 ba2dpo 0 ba2dpsp 0 dev 2
I/AudioPolicyManager(  304): s 0 c 0 avaDev 3 ba2dpo 0 ba2dpsp 0 dev 2
I/AudioPolicyManager(  304): s 4 c 0 avaDev 3 ba2dpo 0 ba2dpsp 0 dev 2
I/AudioPolicyManager(  304): s 5 c 0 avaDev 3 ba2dpo 0 ba2dpsp 0 dev 2
I/AudioPolicyManager(  304): s 6 c 0 avaDev 3 ba2dpo 0 ba2dpsp 0 dev 2
I/AudioPolicyManager(  304): s 7 c 0 avaDev 3 ba2dpo 0 ba2dpsp 0 dev 2
I/AudioPolicyManager(  304): s 8 c 0 avaDev 3 ba2dpo 0 ba2dpsp 0 dev 2
I/AudioPolicyManager(  304): setOutputDevice() setting same device 0002 or null device for output 2
I/AudioPolicyManager(  304):  checkAndSetVolume stream = 1 index = 8 output = 2 device = 0x2 delayMs = 0 force = 0
I/AudioPolicyManager(  304): PolicyForceReplace stream = 1 sampleRate = 48000 
I/AudioFlinger_Threads(  304): reset track timestretch tracn name 4101, ratio 100, mTimeStretchTrackName[name-4096] 0
I/AudioPolicyManager(  304): releaseOutput() 2
I/SurfaceView( 9685): updateWindow -- setFrame, this = com.baidu.platform.comapi.map.j{26ac461 V.E..... ........ 0,0-1080,1854}
E/AudioFlinger(  304): getNextBuffer, get null buffer
I/libPerfService(  881): 17: set: 4
I/libPerfService(  881): 17: set freq: 1235000
I/libPerfService(  881): 17: set gpu level: 0
I/AudioPolicyManager(  304): ReleaseFMIndirectMode 
I/AudioPolicyManager(  304): PolicyRestore
I/AudioPolicyManager(  304): stopOutput() output 2, stream 1, session 757
I/AudioPolicyManager(  304): getNewOutputDevice() selected device 0
I/AudioPolicyManager(  304): setOutputDevice() output 2 device 0000 delayMs 184 force 0
I/AudioPolicyManager(  304): setOutputDevice() prevDevice 0002
I/AudioPolicyManager(  304): setOutputDevice() mMutePrevDevice 0002
I/AudioPolicyManager(  304): s 0 c 0 avaDev 3 ba2dpo 0 ba2dpsp 0 dev 2
I/AudioPolicyManager(  304): s 1 c 0 avaDev 3 ba2dpo 0 ba2dpsp 0 dev 1
I/AudioPolicyManager(  304): s 2 c 0 avaDev 3 ba2dpo 0 ba2dpsp 0 dev 2
I/AudioPolicyManager(  304): s 2 c 0 avaDev 3 ba2dpo 0 ba2dpsp 0 dev 2
I/AudioPolicyManager(  304): s 3 c 0 avaDev 3 ba2dpo 0 ba2dpsp 0 dev 2
I/AudioPolicyManager(  304): s 0 c 0 avaDev 3 ba2dpo 0 ba2dpsp 0 dev 2
I/AudioPolicyManager(  304): s 4 c 0 avaDev 3 ba2dpo 0 ba2dpsp 0 dev 2
I/AudioPolicyManager(  304): s 5 c 0 avaDev 3 ba2dpo 0 ba2dpsp 0 dev 2
I/AudioPolicyManager(  304): s 6 c 0 avaDev 3 ba2dpo 0 ba2dpsp 0 dev 2
I/AudioPolicyManager(  304): s 7 c 0 avaDev 3 ba2dpo 0 ba2dpsp 0 dev 2
I/AudioPolicyManager(  304): s 8 c 0 avaDev 3 ba2dpo 0 ba2dpsp 0 dev 2
I/AudioPolicyManager(  304): setOutputDevice() setting same device 0000 or null device for output 2
I/libPerfService(  881): 7: set: 4
I/libPerfService(  881): 7: set freq: 1235000
I/SurfaceView( 9685): updateWindow -- setFrame, this = com.baidu.platform.comapi.map.j{26ac461 V.E..... ........ 0,0-1080,1854}
I/libPerfService(  881): 7: set: 4
I/libPerfService(  881): 7: set freq: 1235000
W/ADB_SERVICES(16908): create_local_service_socket() name=shell:cat /proc/9685/stat
W/ADB_SERVICES(16908): service_to_fd() name=shell:cat /proc/9685/stat
W/ADB_SERVICES(16908): read_meminfo() mem_free=43172
W/ADB_SERVICES(16908): create_subproc ret_fd=17 pid=13807
W/ADB_SERVICES(16908): LS(1656): bound to 'shell:cat /proc/9685/stat' via 17
W/ADB_SERVICES(13807): adb: unable to update oom_score_adj
W/ADB_SERVICES(16908): entered. LS(1656) fd=17
I/SurfaceFlinger(  276): [Built-in Screen (type:0)] fps:16.783684,dur:1191.63,max:721.27,min:12.26
I/AudioFlinger(  304): setParameters(): io 2, keyvalue FM_DIRECT_CONTROL=0, calling pid 304
I/PerfService(  881): PerfServiceNative_boostDisableAsync:5
I/libPerfService(  881): 5: set: 4
I/libPerfService(  881): 5: set freq: 1235000
I/AudioPolicyManager(  304): s 0 c 0 avaDev 3 ba2dpo 0 ba2dpsp 0 dev 2
I/AudioPolicyManager(  304): getOutput() device 2, stream 1, samplingRate 0, format 0, channelMask 3, flags 0
I/AudioPolicyManager(  304): getOutput() returns output 2
I/AudioPolicyManager(  304): s 0 c 0 avaDev 3 ba2dpo 0 ba2dpsp 0 dev 2
I/AudioPolicyManager(  304): getOutput() device 2, stream 1, samplingRate 0, format 0, channelMask 3, flags 0
I/AudioPolicyManager(  304): getOutput() returns output 2
I/AudioPolicyManager(  304): s 0 c 0 avaDev 3 ba2dpo 0 ba2dpsp 0 dev 2
I/AudioPolicyManager(  304): getOutput() returns output 2
W/AudioTrack(  881): AUDIO_OUTPUT_FLAG_FAST denied by client
I/AudioFlinger_Threads(  304): attachAuxEffect_l EffectId 0
I/AudioFlinger_Threads(  304): attachAuxEffect_l status 0
I/AudioPolicyManager(  304): AddSampleRateArray index = 1 sampleRate = 48000
I/AudioPolicyManager(  304): startOutput() output 2, stream 1, session 758
I/AudioPolicyManager(  304): s 0 c 0 avaDev 3 ba2dpo 0 ba2dpsp 0 dev 2
I/AudioPolicyManager(  304): getNewOutputDevice() selected device 2
I/AudioPolicyManager(  304): setOutputDevice() output 2 device 0002 delayMs 0 force 0
I/AudioPolicyManager(  304): s 0 c 0 avaDev 3 ba2dpo 0 ba2dpsp 0 dev 2
I/AudioFlinger(  304): setParameters(): io 2, keyvalue FM_DIRECT_CONTROL=1, calling pid 304
I/AudioPolicyManager(  304): setOutputDevice() prevDevice 0002
I/AudioPolicyManager(  304): setOutputDevice() mMutePrevDevice 0000
I/AudioPolicyManager(  304): s 0 c 0 avaDev 3 ba2dpo 0 ba2dpsp 0 dev 2
I/AudioPolicyManager(  304): s 1 c 0 avaDev 3 ba2dpo 0 ba2dpsp 0 dev 1
I/AudioPolicyManager(  304): s 2 c 0 avaDev 3 ba2dpo 0 ba2dpsp 0 dev 2
I/AudioPolicyManager(  304): s 2 c 0 avaDev 3 ba2dpo 0 ba2dpsp 0 dev 2
I/AudioPolicyManager(  304): s 3 c 0 avaDev 3 ba2dpo 0 ba2dpsp 0 dev 2
I/AudioPolicyManager(  304): s 0 c 0 avaDev 3 ba2dpo 0 ba2dpsp 0 dev 2
I/AudioPolicyManager(  304): s 4 c 0 avaDev 3 ba2dpo 0 ba2dpsp 0 dev 2
I/AudioPolicyManager(  304): s 5 c 0 avaDev 3 ba2dpo 0 ba2dpsp 0 dev 2
I/AudioPolicyManager(  304): s 6 c 0 avaDev 3 ba2dpo 0 ba2dpsp 0 dev 2
I/AudioPolicyManager(  304): s 7 c 0 avaDev 3 ba2dpo 0 ba2dpsp 0 dev 2
I/AudioPolicyManager(  304): s 8 c 0 avaDev 3 ba2dpo 0 ba2dpsp 0 dev 2
I/AudioPolicyManager(  304): setOutputDevice() setting same device 0002 or null device for output 2
I/AudioPolicyManager(  304):  checkAndSetVolume stream = 1 index = 8 output = 2 device = 0x2 delayMs = 0 force = 0
I/AudioPolicyManager(  304): PolicyForceReplace stream = 1 sampleRate = 48000 
I/AudioFlinger_Threads(  304): reset track timestretch tracn name 4099, ratio 100, mTimeStretchTrackName[name-4096] 0
I/AudioPolicyManager(  304): releaseOutput() 2
I/WindowManager(  881): Gaining focus: Window{c1ee344 u0 com.jieshun.jslife/com.jieshun.jslife.activity.common.MainFragmentActivity}
I/SurfaceView( 9685): updateWindow -- OnScrollChangedListener, this = android.view.SurfaceView$2@37316d57
I/SurfaceView( 9685): Punch a hole(draw), w = 1080, h = 1854, this = com.baidu.platform.comapi.map.j{26ac461 V.E..... ........ 0,0-1080,1854}
I/[MALI][Gralloc](  276): Usage: 0xb00, format: 0x1 stride: 976 vertical_stride: 376 size: 1467904
I/[MALI][Gralloc](  276): Usage: 0xb00, format: 0x1 stride: 976 vertical_stride: 376 size: 1467904
I/[MALI][Gralloc](  276): Usage: 0xb00, format: 0x1 stride: 976 vertical_stride: 376 size: 1467904
I/[MALI][Gralloc](  276): Usage: 0xb00, format: 0x1 stride: 976 vertical_stride: 376 size: 1467904
E/AudioFlinger(  304): getNextBuffer, get null buffer
I/libPerfService(  881): 7: set: 4
I/libPerfService(  881): 7: set freq: 1235000
I/AudioPolicyManager(  304): ReleaseFMIndirectMode 
I/AudioPolicyManager(  304): PolicyRestore
I/AudioPolicyManager(  304): stopOutput() output 2, stream 1, session 758
I/AudioPolicyManager(  304): getNewOutputDevice() selected device 0
I/AudioPolicyManager(  304): setOutputDevice() output 2 device 0000 delayMs 184 force 0
I/AudioPolicyManager(  304): setOutputDevice() prevDevice 0002
I/AudioPolicyManager(  304): setOutputDevice() mMutePrevDevice 0002
I/AudioPolicyManager(  304): s 0 c 0 avaDev 3 ba2dpo 0 ba2dpsp 0 dev 2
I/AudioPolicyManager(  304): s 1 c 0 avaDev 3 ba2dpo 0 ba2dpsp 0 dev 1
I/AudioPolicyManager(  304): s 2 c 0 avaDev 3 ba2dpo 0 ba2dpsp 0 dev 2
I/AudioPolicyManager(  304): s 2 c 0 avaDev 3 ba2dpo 0 ba2dpsp 0 dev 2
I/AudioPolicyManager(  304): s 3 c 0 avaDev 3 ba2dpo 0 ba2dpsp 0 dev 2
I/AudioPolicyManager(  304): s 0 c 0 avaDev 3 ba2dpo 0 ba2dpsp 0 dev 2
I/AudioPolicyManager(  304): s 4 c 0 avaDev 3 ba2dpo 0 ba2dpsp 0 dev 2
I/AudioPolicyManager(  304): s 5 c 0 avaDev 3 ba2dpo 0 ba2dpsp 0 dev 2
I/AudioPolicyManager(  304): s 6 c 0 avaDev 3 ba2dpo 0 ba2dpsp 0 dev 2
I/AudioPolicyManager(  304): s 7 c 0 avaDev 3 ba2dpo 0 ba2dpsp 0 dev 2
I/AudioPolicyManager(  304): s 8 c 0 avaDev 3 ba2dpo 0 ba2dpsp 0 dev 2
I/AudioPolicyManager(  304): setOutputDevice() setting same device 0000 or null device for output 2
I/AudioFlinger(  304): setParameters(): io 2, keyvalue FM_DIRECT_CONTROL=0, calling pid 304
I/PerfService(  881): PerfServiceNative_boostDisableAsync:5
I/libPerfService(  881): 5: set: 4
I/libPerfService(  881): 5: set freq: 1235000
I/libPerfService(  881): 7: set: 4
I/libPerfService(  881): 7: set freq: 1235000
I/libPerfService(  881): 7: set: 4
I/libPerfService(  881): 7: set freq: 1235000
W/ADB_SERVICES(16908): create_local_service_socket() name=shell:cat /proc/9685/stat
W/ADB_SERVICES(16908): service_to_fd() name=shell:cat /proc/9685/stat
W/ADB_SERVICES(16908): read_meminfo() mem_free=43280
W/ADB_SERVICES(16908): create_subproc ret_fd=17 pid=13809
W/ADB_SERVICES(16908): LS(1657): bound to 'shell:cat /proc/9685/stat' via 17
W/ADB_SERVICES(13809): adb: unable to update oom_score_adj
W/ADB_SERVICES(16908): entered. LS(1657) fd=17
I/SurfaceView( 9685): updateWindow -- setFrame, this = com.baidu.platform.comapi.map.j{26ac461 V.E..... ........ 0,0-1080,1854}
I/SurfaceFlinger(  276): [Built-in Screen (type:0)] fps:19.544201,dur:1023.32,max:539.99,min:16.74
W/ADB_SERVICES(16908): create_local_service_socket() name=shell:cat /proc/stat
W/ADB_SERVICES(16908): service_to_fd() name=shell:cat /proc/stat
W/ADB_SERVICES(16908): read_meminfo() mem_free=43140
W/ADB_SERVICES(16908): create_subproc ret_fd=17 pid=13810
W/ADB_SERVICES(16908): LS(1658): bound to 'shell:cat /proc/stat' via 17
W/ADB_SERVICES(13810): adb: unable to update oom_score_adj
W/ADB_SERVICES(16908): entered. LS(1658) fd=17
I/libPerfService(  881): 7: set: 4
I/libPerfService(  881): 7: set freq: 1235000
I/libPerfService(  881): 7: set: 4
I/libPerfService(  881): 7: set freq: 1235000
I/thermal_repeater(  322): oh, queryMdThermalInfo (0)Bad file number
I/thermal_repeater(  322): [recvMdThermalInfo] ret=25, strLen=127,  1, 32767,,, -1, 32767, 2
I/PerfService(  881): PerfServiceNative_boostDisableAsync:5
I/libPerfService(  881): 5: set: 4
I/libPerfService(  881): 5: set freq: 1235000
I/AudioPolicyManager(  304): s 0 c 0 avaDev 3 ba2dpo 0 ba2dpsp 0 dev 2
I/AudioPolicyManager(  304): getOutput() device 2, stream 1, samplingRate 0, format 0, channelMask 3, flags 0
I/AudioPolicyManager(  304): getOutput() returns output 2
I/AudioPolicyManager(  304): s 0 c 0 avaDev 3 ba2dpo 0 ba2dpsp 0 dev 2
I/AudioPolicyManager(  304): getOutput() device 2, stream 1, samplingRate 0, format 0, channelMask 3, flags 0
I/AudioPolicyManager(  304): getOutput() returns output 2
I/AudioPolicyManager(  304): s 0 c 0 avaDev 3 ba2dpo 0 ba2dpsp 0 dev 2
I/AudioPolicyManager(  304): getOutput() returns output 2
W/AudioTrack(  881): AUDIO_OUTPUT_FLAG_FAST denied by client
I/AudioFlinger_Threads(  304): attachAuxEffect_l EffectId 0
I/AudioFlinger_Threads(  304): attachAuxEffect_l status 0
I/AudioPolicyManager(  304): AddSampleRateArray index = 1 sampleRate = 48000
I/AudioPolicyManager(  304): startOutput() output 2, stream 1, session 759
I/AudioPolicyManager(  304): s 0 c 0 avaDev 3 ba2dpo 0 ba2dpsp 0 dev 2
I/AudioPolicyManager(  304): getNewOutputDevice() selected device 2
I/AudioPolicyManager(  304): setOutputDevice() output 2 device 0002 delayMs 0 force 0
I/AudioPolicyManager(  304): s 0 c 0 avaDev 3 ba2dpo 0 ba2dpsp 0 dev 2
I/AudioFlinger(  304): setParameters(): io 2, keyvalue FM_DIRECT_CONTROL=1, calling pid 304
I/AudioPolicyManager(  304): setOutputDevice() prevDevice 0002
I/AudioPolicyManager(  304): setOutputDevice() mMutePrevDevice 0000
I/AudioPolicyManager(  304): s 0 c 0 avaDev 3 ba2dpo 0 ba2dpsp 0 dev 2
I/AudioPolicyManager(  304): s 1 c 0 avaDev 3 ba2dpo 0 ba2dpsp 0 dev 1
I/AudioPolicyManager(  304): s 2 c 0 avaDev 3 ba2dpo 0 ba2dpsp 0 dev 2
I/AudioPolicyManager(  304): s 2 c 0 avaDev 3 ba2dpo 0 ba2dpsp 0 dev 2
I/AudioPolicyManager(  304): s 3 c 0 avaDev 3 ba2dpo 0 ba2dpsp 0 dev 2
I/AudioPolicyManager(  304): s 0 c 0 avaDev 3 ba2dpo 0 ba2dpsp 0 dev 2
I/AudioPolicyManager(  304): s 4 c 0 avaDev 3 ba2dpo 0 ba2dpsp 0 dev 2
I/AudioPolicyManager(  304): s 5 c 0 avaDev 3 ba2dpo 0 ba2dpsp 0 dev 2
I/AudioPolicyManager(  304): s 6 c 0 avaDev 3 ba2dpo 0 ba2dpsp 0 dev 2
I/AudioPolicyManager(  304): s 7 c 0 avaDev 3 ba2dpo 0 ba2dpsp 0 dev 2
I/AudioPolicyManager(  304): s 8 c 0 avaDev 3 ba2dpo 0 ba2dpsp 0 dev 2
I/AudioPolicyManager(  304): setOutputDevice() setting same device 0002 or null device for output 2
I/AudioPolicyManager(  304):  checkAndSetVolume stream = 1 index = 8 output = 2 device = 0x2 delayMs = 0 force = 0
I/AudioPolicyManager(  304): PolicyForceReplace stream = 1 sampleRate = 48000 
I/AudioFlinger_Threads(  304): reset track timestretch tracn name 4101, ratio 100, mTimeStretchTrackName[name-4096] 0
I/AudioPolicyManager(  304): releaseOutput() 2
I/WindowManager(  881): Gaining focus: Window{20dd3e56 u0 com.jieshun.jslife/com.jieshun.jslife.activity.common.MainFragmentActivity}
I/WindowManager(  881): Losing focus: Window{c1ee344 u0 com.jieshun.jslife/com.jieshun.jslife.activity.common.MainFragmentActivity EXITING}
I/ActivityManager(  881): START u0 {act=android.settings.LOCATION_SOURCE_SETTINGS cmp=com.meizu.connectivitysettings/.Settings$MzLocationSettingsActivity} from uid 10102 on display 0 from pid 9685
I/libPerfService(  881): 15: set freq: 1300000
I/libPerfService(  881): 15: set: 6
I/[MALI][Gralloc](  276): Usage: 0x333, format: 0x1 stride: 544 vertical_stride: 960 size: 2088960
I/art     (  881): [heap] RegisterNativeAllocation start bytes:2088960
I/art     (  881): [heap] RegisterNativeAllocation RunFinalization time 1
I/art     (  881): [heap] RegisterNativeAllocation native_bytes_allocated_:0
I/art     (  881): [heap] RegisterNativeAllocation new_native_bytes_allocated:0, native_bytes_allocated_:2088960, native_footprint_gc_watermark_:524288, growth_limit_:536870912
I/art     (  881): [heap] RegisterNativeAllocation end
I/[MALI][Gralloc](  276): Usage: 0x933, format: 0x1 stride: 1088 vertical_stride: 1920 size: 8355840
I/com.jieshun.jslife.activity.common.MainFragmentActivity( 9685): onPause()======
W/MobclickAgent( 9685): please call 'onPageStart(首页)' before onPageEnd
I/DefaultContextFactory( 9685): eglDestroyContext = 692, this = com.baidu.platform.comapi.map.j{26ac461 V.E..... ........ 0,0-1080,1854}
I/WindowManager(  881): Losing focus: Window{20dd3e56 u0 com.jieshun.jslife/com.jieshun.jslife.activity.common.MainFragmentActivity}
E/AudioFlinger(  304): getNextBuffer, get null buffer
W/Zygote  (13812): mz_is_rooted false
I/ActivityManager(  881): Start proc 13812:com.meizu.connectivitysettings/1000 for activity com.meizu.connectivitysettings/.Settings$MzLocationSettingsActivity
I/libPerfService(  881): perfSetFavorPid - pid:13812, 35f4
W/PerfScheduler(  881): Not Boost !
I/SurfaceView( 9685): updateWindow -- setFrame, this = com.baidu.platform.comapi.map.j{26ac461 V.E..... ........ 0,0-1080,1854}
I/com.jieshun.jslife.activity.minicommunity.MonthlyCardPaymentActivity( 9685): onDestroy()======
I/libPerfService(  881): perfSetFavorPid - pid:0, 0
I/com.jieshun.jslife.activity.WebViewBaseActivity( 9685): onDestroy()======
E/System  (13812): stat file error, path is /system/app/ConnectivitySettings/lib/arm64, exception is android.system.ErrnoException: stat failed: ENOENT (No such file or directory)
W/linker  (13812): /system/lib64/libfilterUtils.so: unused DT entry: type 0x6ffffffe arg 0x808
W/linker  (13812): /system/lib64/libfilterUtils.so: unused DT entry: type 0x6fffffff arg 0x2
I/AudioPolicyManager(  304): ReleaseFMIndirectMode 
I/AudioPolicyManager(  304): PolicyRestore
I/AudioPolicyManager(  304): stopOutput() output 2, stream 1, session 759
I/AudioPolicyManager(  304): getNewOutputDevice() selected device 0
I/AudioPolicyManager(  304): setOutputDevice() output 2 device 0000 delayMs 184 force 0
I/AudioPolicyManager(  304): setOutputDevice() prevDevice 0002
I/AudioPolicyManager(  304): setOutputDevice() mMutePrevDevice 0002
I/AudioPolicyManager(  304): s 0 c 0 avaDev 3 ba2dpo 0 ba2dpsp 0 dev 2
I/AudioPolicyManager(  304): s 1 c 0 avaDev 3 ba2dpo 0 ba2dpsp 0 dev 1
I/AudioPolicyManager(  304): s 2 c 0 avaDev 3 ba2dpo 0 ba2dpsp 0 dev 2
I/AudioPolicyManager(  304): s 2 c 0 avaDev 3 ba2dpo 0 ba2dpsp 0 dev 2
I/AudioPolicyManager(  304): s 3 c 0 avaDev 3 ba2dpo 0 ba2dpsp 0 dev 2
I/AudioPolicyManager(  304): s 0 c 0 avaDev 3 ba2dpo 0 ba2dpsp 0 dev 2
I/AudioPolicyManager(  304): s 4 c 0 avaDev 3 ba2dpo 0 ba2dpsp 0 dev 2
I/AudioPolicyManager(  304): s 5 c 0 avaDev 3 ba2dpo 0 ba2dpsp 0 dev 2
I/AudioPolicyManager(  304): s 6 c 0 avaDev 3 ba2dpo 0 ba2dpsp 0 dev 2
I/AudioPolicyManager(  304): s 7 c 0 avaDev 3 ba2dpo 0 ba2dpsp 0 dev 2
I/AudioPolicyManager(  304): s 8 c 0 avaDev 3 ba2dpo 0 ba2dpsp 0 dev 2
I/AudioPolicyManager(  304): setOutputDevice() setting same device 0000 or null device for output 2
I/art     (  881): Background partial concurrent mark sweep GC freed 23398(1432KB) AllocSpace objects, 4(80KB) LOS objects, 7% free, 47MB/51MB, paused 5.242ms total 204.056ms
I/System.out( 9685): open:http://log.tbs.qq.com/ajax?c=pu&v=2&k=8deb997dd6077a468a4e2ce4b6d7dcc87daa4e1f86e5dc964e0c432a17c1ea63f521ae20b82c0e2703ec463f720e288ccc1f1867ece5f1ab7237d2be9462484d79bd230167a052e82c212306f7945b3dd997c109ea4b75fb4c268eb4076df257cd7b2f92574c325a3cf68458a7001925245e9292c5ee91be5df34713ad79ef6d
D/libc-netbsd( 9685): [getaddrinfo]: hostname=log.tbs.qq.com; servname=(null); cache_mode=(null), netid=0; mark=0
D/libc-netbsd( 9685): [getaddrinfo]: ai_addrlen=0; ai_canonname=(null); ai_flags=4; ai_family=0
D/libc-netbsd( 9685): [getaddrinfo]: hostname=log.tbs.qq.com; servname=(null); cache_mode=(null), netid=0; mark=0
D/libc-netbsd( 9685): [getaddrinfo]: ai_addrlen=0; ai_canonname=(null); ai_flags=1024; ai_family=0
D/libc-netbsd(  299): [getaddrinfo]: hostname=log.tbs.qq.com; servname=(null); cache_mode=local, netid=104; mark=917608
D/libc-netbsd(  299): [getaddrinfo]: ai_addrlen=0; ai_canonname=(null); ai_flags=1024; ai_family=0
D/libc-netbsd(  299): default dns: query_ipv6=0, query_ipv4=1
D/libc-netbsd(  299): res_queryN name = log.tbs.qq.com, class = 1, type = 1
D/libc-netbsd(  299): res_queryN name = log.tbs.qq.com succeed
D/libc-netbsd( 9685): getaddrinfo: log.tbs.qq.com get result from proxy >>
I/System.out( 9685): propertyValue:true
I/System.out( 9685): [CDS]connect[log.tbs.qq.com/59.37.116.65:80] tm:20
E/WindowManager( 9685): 
E/WindowManager( 9685): android.view.WindowLeaked: Activity com.jieshun.jslife.activity.WebViewBaseActivity has leaked window com.android.internal.policy.impl.PhoneWindow$DecorView{1ab8ab46 V.E..... R......D 0,0-300,300} that was originally added here
E/WindowManager( 9685): 	at android.view.ViewRootImpl.<init>(ViewRootImpl.java:460)
E/WindowManager( 9685): 	at android.view.WindowManagerGlobal.addView(WindowManagerGlobal.java:278)
E/WindowManager( 9685): 	at android.view.WindowManagerImpl.addView(WindowManagerImpl.java:85)
E/WindowManager( 9685): 	at android.app.Dialog.show(Dialog.java:298)
E/WindowManager( 9685): 	at widget.LoadingProgressDialog.show(LoadingProgressDialog.java:48)
E/WindowManager( 9685): 	at ui.BaseActivity.showDefaultLoadingDialog(BaseActivity.java:697)
E/WindowManager( 9685): 	at com.jieshun.jslife.activity.WebViewBaseActivity$2.onPageStarted(WebViewBaseActivity.java:163)
E/WindowManager( 9685): 	at com.tencent.smtt.sdk.v.onPageStarted(Unknown Source)
E/WindowManager( 9685): 	at com.android.webview.chromium.WebViewContentsClientAdapter.onPageStarted(WebViewContentsClientAdapter.java:667)
E/WindowManager( 9685): 	at org.chromium.android_webview.AwContentsClientCallbackHelper$MyHandler.handleMessage(AwContentsClientCallbackHelper.java:121)
E/WindowManager( 9685): 	at android.os.Handler.dispatchMessage(Handler.java:111)
E/WindowManager( 9685): 	at android.os.Looper.loop(Looper.java:194)
E/WindowManager( 9685): 	at android.app.ActivityThread.main(ActivityThread.java:5877)
E/WindowManager( 9685): 	at java.lang.reflect.Method.invoke(Native Method)
E/WindowManager( 9685): 	at java.lang.reflect.Method.invoke(Method.java:372)
E/WindowManager( 9685): 	at com.android.internal.os.ZygoteInit$MethodAndArgsCaller.run(ZygoteInit.java:1020)
E/WindowManager( 9685): 	at com.android.internal.os.ZygoteInit.main(ZygoteInit.java:815)
I/SurfaceView( 9685): updateWindow -- onWindowVisibilityChanged, visibility = 8, this = com.baidu.platform.comapi.map.j{26ac461 V.E..... ........ 0,0-1080,1854}
W/WindowManager(  881): Failed looking up window
W/WindowManager(  881): java.lang.IllegalArgumentException: Requested window android.os.BinderProxy@3cf354b9 does not exist
W/WindowManager(  881): 	at com.android.server.wm.WindowManagerService.windowForClientLocked(WindowManagerService.java:9407)
W/WindowManager(  881): 	at com.android.server.wm.WindowManagerService.windowForClientLocked(WindowManagerService.java:9398)
W/WindowManager(  881): 	at com.android.server.wm.WindowManagerService.removeWindow(WindowManagerService.java:3003)
W/WindowManager(  881): 	at com.android.server.wm.Session.remove(Session.java:193)
W/WindowManager(  881): 	at android.view.IWindowSession$Stub.onTransact(IWindowSession.java:233)
W/WindowManager(  881): 	at com.android.server.wm.Session.onTransact(Session.java:136)
W/WindowManager(  881): 	at android.os.Binder.execTransact(Binder.java:454)
I/libPerfService(  881): 7: set: 6
I/libPerfService(  881): 7: set freq: 1300000
I/AudioFlinger(  304): setParameters(): io 2, keyvalue FM_DIRECT_CONTROL=0, calling pid 304
I/System.out( 9685): [OkHttp] sendRequest<<
E/ConnectivitySettings(13812): start switching fragment: null
E/ConnectivitySettings(13812): getStartingFragmentClass(): com.meizu.connectivitysettings.location.MzLocationSettings
E/ConnectivitySettings(13812): fragmentName is com.meizu.connectivitysettings.location.MzLocationSettings
E/ConnectivitySettings(13812): title is 定位服务
E/ConnectivitySettings(13812): title is -1
I/SurfaceFlinger(  276): [Built-in Screen (type:0)] fps:27.709164,dur:1010.50,max:522.33,min:14.20
W/art     (13812): Before Android 4.1, method void com.meizu.common.preference.SwitchPreference.syncSummaryView(android.view.View) would have incorrectly overridden the package-private method in android.preference.TwoStatePreference
I/LocationSettingsBase(13812): Location mode has been changed
I/SurfaceFlinger(  276): EventThread Client Pid (13812) created
I/SurfaceFlinger(  276): EventThread Client Pid (13812) created
I/SurfaceFlinger(  276): [SF client] NEW(0x7f7641d540) for (881:system_server)
I/libPerfService(  881): 15: set: 6
I/libPerfService(  881): 15: set freq: 1300000
I/libPerfService(  881): 15: set gpu level: 0
W/ADB_SERVICES(16908): create_local_service_socket() name=shell:cat /proc/stat
W/ADB_SERVICES(16908): service_to_fd() name=shell:cat /proc/stat
W/ADB_SERVICES(16908): read_meminfo() mem_free=33392
W/ADB_SERVICES(16908): create_subproc ret_fd=17 pid=13842
W/ADB_SERVICES(16908): LS(1659): bound to 'shell:cat /proc/stat' via 17
W/ADB_SERVICES(13842): adb: unable to update oom_score_adj
W/ADB_SERVICES(16908): entered. LS(1659) fd=17
I/WindowManager(  881): Gaining focus: Window{1d89a509 u0 com.meizu.connectivitysettings/com.meizu.connectivitysettings.Settings$MzLocationSettingsActivity}
W/PerfScheduler(13812): Cann't find the BigLittleArchitecture in boost-perf.conf
W/PerfScheduler(13812): Normal Architecture!
E/GED     (13812): Failed to get GED Log Buf, err(0)
I/OpenGLRenderer(13812): Initialized EGL, version 1.4
W/MALI    (13812): gles_context_new:222: [MALI]ctx init(phase:7) takes more than 20ms here. Elapse time(us): 43535
I/[MALI][Gralloc](  276): Usage: 0xb00, format: 0x1 stride: 1088 vertical_stride: 1920 size: 8355840
I/[MALI][Gralloc](  276): Usage: 0xb00, format: 0x1 stride: 1088 vertical_stride: 1920 size: 8355840
I/[MALI][Gralloc](  276): Usage: 0xb00, format: 0x1 stride: 1088 vertical_stride: 1920 size: 8355840
I/[MALI][Gralloc](  276): Usage: 0xb00, format: 0x1 stride: 1088 vertical_stride: 1920 size: 8355840
D/[BT3.0+HS]PAL(  332): == chip_reset_fd is set ==
D/[BT3.0+HS]PAL(  332): 
D/[BT3.0+HS]PAL(  332): invalid reply message
D/[BT3.0+HS]PAL(  332): 
D/[BT3.0+HS]PAL(  332): == chip_reset_fd is set ==
D/[BT3.0+HS]PAL(  332): 
D/[BT3.0+HS]PAL(  332): invalid reply message
D/[BT3.0+HS]PAL(  332): 
I/Netd    (  299): Get netlink event, ifname: wlan0 action: 4
I/Netd    (  299): Get netlink event, ifname: wlan0 action: 4
E/wpa_supplicant( 1294): This is a Iphone softap!!!!!!! 
E/wpa_supplicant( 1294): This is a Iphone softap!!!!!!! 
E/wpa_supplicant( 1294): This is a Iphone softap!!!!!!! 
E/wpa_supplicant( 1294): This is a Iphone softap!!!!!!! 
E/WifiConfigStore(  881):  rewrite network history for "chaozhouniurouwan"WPA_PSK
E/WifiStateMachine(  881): mIsFullScanOngoing: true, mSendScanResultsBroadcast: false
E/WifiStateMachine(  881): mWifiOnScanCount: 1208
W/ADB_SERVICES(16908): create_local_service_socket() name=shell:dumpsys meminfo com.jieshun.jslife
W/ADB_SERVICES(16908): service_to_fd() name=shell:dumpsys meminfo com.jieshun.jslife
W/ADB_SERVICES(16908): read_meminfo() mem_free=34256
W/ADB_SERVICES(16908): create_subproc ret_fd=17 pid=13858
I/libPerfService(  881): perfSetFavorPid - pid:13812, 35f4
W/ADB_SERVICES(16908): LS(1660): bound to 'shell:dumpsys meminfo com.jieshun.jslife' via 17
W/ADB_SERVICES(13858): adb: unable to update oom_score_adj
W/ContextImpl( 9304): Calling a method in the system process without a qualified user: android.app.ContextImpl.startService:1863 android.content.ContextWrapper.startService:516 android.content.ContextWrapper.startService:516 com.meizu.dataservice.ExperienceReceiver.a:-1 com.meizu.dataservice.ExperienceReceiver.onReceive:-1 
I/System.out( 9685): isFirstLoc：false
W/MALI    (13812): glDrawArrays:714: [MALI] glDrawArrays takes more than 5ms here. Total elapse time(us): 15296
I/ActivityManager(  881): [AppLaunch] Displayed Displayed com.meizu.connectivitysettings/.Settings$MzLocationSettingsActivity: +981ms
I/libPerfService(  881): perfSetFavorPid - pid:0, 0
I/libPerfService(  881): 10: set: 4
I/libPerfService(  881): 10: set freq: 1235000
I/libPerfService(  881): 10: set gpu level: 0
I/libPerfService(  881): perfSetFavorPid - pid:13812, 35f4
I/libPerfService(  881): 7: set: 4
I/libPerfService(  881): 7: set freq: 1235000
W/recents.Component( 1045): create a new LoadPlan to load thumbnail -- background
W/ResourceType( 1045): No package identifier when getting value for resource number 0x00000000
W/PackageManager( 1045): Failure retrieving resources for com.jieshun.jslife: Resource ID #0x0
I/recents.TaskLoadPlan( 1045): 		 load thumbnail from system
W/recents.Performance( 1045): preload while task Change spend : 27
I/art     ( 9685): Explicit concurrent mark sweep GC freed 6718(456KB) AllocSpace objects, 5(463KB) LOS objects, 3% free, 58MB/60MB, paused 3.036ms total 97.787ms
I/System.out( 9685): [CDS]close[38669]
I/NetworkManagementSocketTagger( 9685): untagSocket(29)
W/chromium( 9685): [WARNING:aw_contents.cc(315)] SP>>> Destroy
I/chromium( 9685): [INFO:synchronous_compositor_impl.cc(111)] [SynchronousCompositorImpl::SetClient] [0xbe2f6b50]
I/art     ( 9685): Explicit concurrent mark sweep GC freed 2891(211KB) AllocSpace objects, 10(1368KB) LOS objects, 3% free, 57MB/59MB, paused 2.893ms total 90.568ms
I/EMDLOGGER1(  780): MDL rate:25 KB/s, full count:0
I/libPerfService(  881): perfSetFavorPid - pid:0, 0
I/art     ( 9685): Explicit concurrent mark sweep GC freed 15(544B) AllocSpace objects, 0(0B) LOS objects, 3% free, 57MB/59MB, paused 2.879ms total 85.380ms
I/libPerfService(  881): 7: set: 4
I/libPerfService(  881): 7: set freq: 1235000
I/art     ( 9685): Explicit concurrent mark sweep GC freed 9(256B) AllocSpace objects, 0(0B) LOS objects, 3% free, 57MB/59MB, paused 2.917ms total 88.029ms
I/art     ( 9685): Explicit concurrent mark sweep GC freed 5(128B) AllocSpace objects, 0(0B) LOS objects, 3% free, 57MB/59MB, paused 2.955ms total 85.569ms
W/ADB_SERVICES(16908): entered. LS(1660) fd=17
I/PerfService(  881): PerfServiceNative_boostDisableAsync:5
I/libPerfService(  881): 5: set: 4
I/libPerfService(  881): 5: set freq: 1235000
I/AudioPolicyManager(  304): s 0 c 0 avaDev 3 ba2dpo 0 ba2dpsp 0 dev 2
I/AudioPolicyManager(  304): getOutput() device 2, stream 1, samplingRate 0, format 0, channelMask 3, flags 0
I/AudioPolicyManager(  304): getOutput() returns output 2
I/libPerfService(  881): 25: set: 4
I/libPerfService(  881): 25: set freq: 1235000
I/AudioPolicyManager(  304): s 0 c 0 avaDev 3 ba2dpo 0 ba2dpsp 0 dev 2
I/AudioPolicyManager(  304): getOutput() device 2, stream 1, samplingRate 0, format 0, channelMask 3, flags 0
I/libPerfService(  881): 25: set gpu level: 0
I/AudioPolicyManager(  304): getOutput() returns output 2
I/AudioPolicyManager(  304): s 0 c 0 avaDev 3 ba2dpo 0 ba2dpsp 0 dev 2
I/AudioPolicyManager(  304): getOutput() returns output 2
W/AudioTrack(  881): AUDIO_OUTPUT_FLAG_FAST denied by client
I/AudioFlinger_Threads(  304): attachAuxEffect_l EffectId 0
I/AudioFlinger_Threads(  304): attachAuxEffect_l status 0
I/AudioPolicyManager(  304): AddSampleRateArray index = 1 sampleRate = 48000
I/AudioPolicyManager(  304): startOutput() output 2, stream 1, session 760
I/AudioPolicyManager(  304): s 0 c 0 avaDev 3 ba2dpo 0 ba2dpsp 0 dev 2
I/AudioPolicyManager(  304): getNewOutputDevice() selected device 2
I/AudioPolicyManager(  304): setOutputDevice() output 2 device 0002 delayMs 0 force 0
I/AudioPolicyManager(  304): s 0 c 0 avaDev 3 ba2dpo 0 ba2dpsp 0 dev 2
I/AudioFlinger(  304): setParameters(): io 2, keyvalue FM_DIRECT_CONTROL=1, calling pid 304
I/libPerfService(  881): 15: set freq: 1300000
I/libPerfService(  881): 15: set: 6
I/AudioPolicyManager(  304): setOutputDevice() prevDevice 0002
I/AudioPolicyManager(  304): setOutputDevice() mMutePrevDevice 0000
I/AudioPolicyManager(  304): s 0 c 0 avaDev 3 ba2dpo 0 ba2dpsp 0 dev 2
I/AudioPolicyManager(  304): s 1 c 0 avaDev 3 ba2dpo 0 ba2dpsp 0 dev 1
I/AudioPolicyManager(  304): s 2 c 0 avaDev 3 ba2dpo 0 ba2dpsp 0 dev 2
I/AudioPolicyManager(  304): s 2 c 0 avaDev 3 ba2dpo 0 ba2dpsp 0 dev 2
I/AudioPolicyManager(  304): s 3 c 0 avaDev 3 ba2dpo 0 ba2dpsp 0 dev 2
I/AudioPolicyManager(  304): s 0 c 0 avaDev 3 ba2dpo 0 ba2dpsp 0 dev 2
I/AudioPolicyManager(  304): s 4 c 0 avaDev 3 ba2dpo 0 ba2dpsp 0 dev 2
I/AudioPolicyManager(  304): s 5 c 0 avaDev 3 ba2dpo 0 ba2dpsp 0 dev 2
I/AudioPolicyManager(  304): s 6 c 0 avaDev 3 ba2dpo 0 ba2dpsp 0 dev 2
I/AudioPolicyManager(  304): s 7 c 0 avaDev 3 ba2dpo 0 ba2dpsp 0 dev 2
I/AudioPolicyManager(  304): s 8 c 0 avaDev 3 ba2dpo 0 ba2dpsp 0 dev 2
I/AudioPolicyManager(  304): setOutputDevice() setting same device 0002 or null device for output 2
I/AudioPolicyManager(  304):  checkAndSetVolume stream = 1 index = 8 output = 2 device = 0x2 delayMs = 0 force = 0
I/AudioPolicyManager(  304): PolicyForceReplace stream = 1 sampleRate = 48000 
I/AudioFlinger_Threads(  304): reset track timestretch tracn name 4099, ratio 100, mTimeStretchTrackName[name-4096] 0
I/AudioPolicyManager(  304): releaseOutput() 2
I/libPerfService(  881): perfSetFavorPid - pid:9685, 25d5
I/SurfaceView( 9685): updateWindow -- onWindowVisibilityChanged, visibility = 4, this = com.baidu.platform.comapi.map.j{26ac461 V.E..... ........ 0,0-1080,1854}
I/SurfaceFlinger(  276): [Built-in Screen (type:0)] fps:30.269920,dur:1321.44,max:331.58,min:13.96
I/WindowManager(  881): Losing focus: Window{1d89a509 u0 com.meizu.connectivitysettings/com.meizu.connectivitysettings.Settings$MzLocationSettingsActivity}
I/com.jieshun.jslife.activity.common.MainFragmentActivity( 9685): onResume()======
W/ActivityManager(  881): getRunningAppProcesses: caller 10102 does not hold REAL_GET_TASKS; limiting output
I/System.out( 9685): [CDS]EAGAIN in Recvfrom
I/System.out( 9685): [CDS]read byte is 0
I/GLSurfaceView( 9685): setRenderMode = 1, this = com.baidu.platform.comapi.map.j{26ac461 V.E..... ........ 0,0-1080,1854}
W/ActivityManager(  881): getRunningAppProcesses: caller 10102 does not hold REAL_GET_TASKS; limiting output
I/SurfaceView( 9685): updateWindow -- onWindowVisibilityChanged, visibility = 0, this = com.baidu.platform.comapi.map.j{26ac461 V.E..... ........ 0,0-1080,1854}
W/ActivityManager(  881): getRunningAppProcesses: caller 10102 does not hold REAL_GET_TASKS; limiting output
W/ActivityManager(  881): getRunningAppProcesses: caller 10102 does not hold REAL_GET_TASKS; limiting output
I/EglHelper( 9685): eglInitialize = 692, this = com.baidu.platform.comapi.map.j{26ac461 V.E..... ........ 0,0-1080,1854}
I/EglHelper( 9685): chooseConfig = 692, this = com.baidu.platform.comapi.map.j{26ac461 V.E..... ........ 0,0-1080,1854}
I/DefaultContextFactory( 9685): createContext = 692, this = com.baidu.platform.comapi.map.j{26ac461 V.E..... ........ 0,0-1080,1854}
I/MobclickAgent( 9685): Extend current session: CDE424C2774A062FCC044A0A39EF6A0D
I/[MALI][Gralloc](  276): Usage: 0xb00, format: 0x1 stride: 1088 vertical_stride: 1854 size: 8068608
E/AudioFlinger(  304): getNextBuffer, get null buffer
I/[MALI][Gralloc](  276): Usage: 0xb00, format: 0x1 stride: 1088 vertical_stride: 1854 size: 8068608
W/ADB_SERVICES(16908): create_local_service_socket() name=shell:dumpsys gfxinfo com.jieshun.jslife
W/ADB_SERVICES(16908): service_to_fd() name=shell:dumpsys gfxinfo com.jieshun.jslife
W/ADB_SERVICES(16908): read_meminfo() mem_free=41192
W/ADB_SERVICES(16908): create_subproc ret_fd=17 pid=13866
W/ADB_SERVICES(16908): LS(1661): bound to 'shell:dumpsys gfxinfo com.jieshun.jslife' via 17
W/ADB_SERVICES(13866): adb: unable to update oom_score_adj
W/ADB_SERVICES(16908): entered. LS(1661) fd=17
I/libPerfService(  881): 7: set: 6
I/libPerfService(  881): 7: set freq: 1300000
I/AudioPolicyManager(  304): ReleaseFMIndirectMode 
I/AudioPolicyManager(  304): PolicyRestore
I/AudioPolicyManager(  304): stopOutput() output 2, stream 1, session 760
I/AudioPolicyManager(  304): getNewOutputDevice() selected device 0
I/AudioPolicyManager(  304): setOutputDevice() output 2 device 0000 delayMs 184 force 0
I/AudioPolicyManager(  304): setOutputDevice() prevDevice 0002
I/AudioPolicyManager(  304): setOutputDevice() mMutePrevDevice 0002
I/AudioPolicyManager(  304): s 0 c 0 avaDev 3 ba2dpo 0 ba2dpsp 0 dev 2
I/AudioPolicyManager(  304): s 1 c 0 avaDev 3 ba2dpo 0 ba2dpsp 0 dev 1
I/AudioPolicyManager(  304): s 2 c 0 avaDev 3 ba2dpo 0 ba2dpsp 0 dev 2
I/AudioPolicyManager(  304): s 2 c 0 avaDev 3 ba2dpo 0 ba2dpsp 0 dev 2
I/AudioPolicyManager(  304): s 3 c 0 avaDev 3 ba2dpo 0 ba2dpsp 0 dev 2
I/AudioPolicyManager(  304): s 0 c 0 avaDev 3 ba2dpo 0 ba2dpsp 0 dev 2
I/AudioPolicyManager(  304): s 4 c 0 avaDev 3 ba2dpo 0 ba2dpsp 0 dev 2
I/AudioPolicyManager(  304): s 5 c 0 avaDev 3 ba2dpo 0 ba2dpsp 0 dev 2
I/AudioPolicyManager(  304): s 6 c 0 avaDev 3 ba2dpo 0 ba2dpsp 0 dev 2
I/AudioPolicyManager(  304): s 7 c 0 avaDev 3 ba2dpo 0 ba2dpsp 0 dev 2
I/AudioPolicyManager(  304): s 8 c 0 avaDev 3 ba2dpo 0 ba2dpsp 0 dev 2
I/AudioPolicyManager(  304): setOutputDevice() setting same device 0000 or null device for output 2
I/[MALI][Gralloc](  276): Usage: 0xb00, format: 0x1 stride: 1088 vertical_stride: 1854 size: 8068608
I/GLSurfaceView( 9685): setRenderMode = 0, this = com.baidu.platform.comapi.map.j{26ac461 V.E..... ........ 0,0-1080,1854}
I/WindowManager(  881): Gaining focus: Window{20dd3e56 u0 com.jieshun.jslife/com.jieshun.jslife.activity.common.MainFragmentActivity}
I/[MALI][Gralloc](  276): Usage: 0xb00, format: 0x1 stride: 1088 vertical_stride: 1920 size: 8355840
I/[MALI][Gralloc](  276): Usage: 0xb00, format: 0x1 stride: 1088 vertical_stride: 1920 size: 8355840
I/[MALI][Gralloc](  276): Usage: 0xb00, format: 0x1 stride: 1088 vertical_stride: 1920 size: 8355840
I/[MALI][Gralloc](  276): Usage: 0xb00, format: 0x1 stride: 1088 vertical_stride: 1920 size: 8355840
I/[MALI][Gralloc](  276): Usage: 0xb00, format: 0x1 stride: 1088 vertical_stride: 1854 size: 8068608
I/SurfaceView( 9685): Punch a hole(draw), w = 1080, h = 1854, this = com.baidu.platform.comapi.map.j{26ac461 V.E..... ........ 0,0-1080,1854}
W/ADB_SERVICES(16908): create_local_service_socket() name=shell:cat /proc/9685/net/dev
W/ADB_SERVICES(16908): service_to_fd() name=shell:cat /proc/9685/net/dev
W/ADB_SERVICES(16908): read_meminfo() mem_free=40464
W/ADB_SERVICES(16908): create_subproc ret_fd=17 pid=13868
W/ADB_SERVICES(16908): LS(1662): bound to 'shell:cat /proc/9685/net/dev' via 17
W/ADB_SERVICES(13868): adb: unable to update oom_score_adj
W/ADB_SERVICES(16908): entered. LS(1662) fd=17
I/[MALI][Gralloc](  276): Usage: 0xb00, format: 0x1 stride: 1088 vertical_stride: 1854 size: 8068608
I/System.out( 9685): [CDS]EAGAIN in Recvfrom
I/System.out( 9685): [CDS]read byte is 0
I/SurfaceView( 9685): updateWindow -- setFrame, this = com.baidu.platform.comapi.map.j{26ac461 V.E..... ........ 0,0-1080,1854}
I/AudioFlinger(  304): setParameters(): io 2, keyvalue FM_DIRECT_CONTROL=0, calling pid 304
I/SurfaceView( 9685): Punch a hole(draw), w = 1080, h = 1854, this = com.baidu.platform.comapi.map.j{26ac461 V.E..... ........ 0,0-1080,1854}
I/libPerfService(  881): perfSetFavorPid - pid:0, 0
W/PerfScheduler(  881): Not Boost !
I/libPerfService(  881): 15: set: 4
I/libPerfService(  881): 15: set freq: 1235000
I/libPerfService(  881): 15: set gpu level: 0
W/ADB_SERVICES(16908): create_local_service_socket() name=shell:dumpsys battery
W/ADB_SERVICES(16908): service_to_fd() name=shell:dumpsys battery
W/ADB_SERVICES(16908): read_meminfo() mem_free=42360
W/ADB_SERVICES(16908): create_subproc ret_fd=17 pid=13873
W/ADB_SERVICES(16908): LS(1663): bound to 'shell:dumpsys battery' via 17
W/ADB_SERVICES(13873): adb: unable to update oom_score_adj
W/ADB_SERVICES(16908): entered. LS(1663) fd=17
I/PerfService(  881): PerfServiceNative_boostDisableAsync:5
I/libPerfService(  881): 5: set: 4
I/libPerfService(  881): 5: set freq: 1235000
I/AudioPolicyManager(  304): s 0 c 0 avaDev 3 ba2dpo 0 ba2dpsp 0 dev 2
I/AudioPolicyManager(  304): getOutput() device 2, stream 1, samplingRate 0, format 0, channelMask 3, flags 0
I/AudioPolicyManager(  304): getOutput() returns output 2
I/AudioPolicyManager(  304): s 0 c 0 avaDev 3 ba2dpo 0 ba2dpsp 0 dev 2
I/AudioPolicyManager(  304): getOutput() device 2, stream 1, samplingRate 0, format 0, channelMask 3, flags 0
I/AudioPolicyManager(  304): getOutput() returns output 2
I/ActivityManager(  881): START u0 {cmp=com.jieshun.jslife/.parklife.JsParkingSearchActivity} from uid 10102 on display 0 from pid 9685
I/AudioPolicyManager(  304): s 0 c 0 avaDev 3 ba2dpo 0 ba2dpsp 0 dev 2
I/AudioPolicyManager(  304): getOutput() returns output 2
W/AudioTrack(  881): AUDIO_OUTPUT_FLAG_FAST denied by client
I/AudioFlinger_Threads(  304): attachAuxEffect_l EffectId 0
I/AudioFlinger_Threads(  304): attachAuxEffect_l status 0
I/AudioPolicyManager(  304): AddSampleRateArray index = 1 sampleRate = 48000
I/AudioPolicyManager(  304): startOutput() output 2, stream 1, session 761
I/AudioPolicyManager(  304): s 0 c 0 avaDev 3 ba2dpo 0 ba2dpsp 0 dev 2
I/AudioPolicyManager(  304): getNewOutputDevice() selected device 2
I/AudioPolicyManager(  304): setOutputDevice() output 2 device 0002 delayMs 0 force 0
I/AudioPolicyManager(  304): s 0 c 0 avaDev 3 ba2dpo 0 ba2dpsp 0 dev 2
I/AudioFlinger(  304): setParameters(): io 2, keyvalue FM_DIRECT_CONTROL=1, calling pid 304
I/AudioPolicyManager(  304): setOutputDevice() prevDevice 0002
I/AudioPolicyManager(  304): setOutputDevice() mMutePrevDevice 0000
I/AudioPolicyManager(  304): s 0 c 0 avaDev 3 ba2dpo 0 ba2dpsp 0 dev 2
I/AudioPolicyManager(  304): s 1 c 0 avaDev 3 ba2dpo 0 ba2dpsp 0 dev 1
I/AudioPolicyManager(  304): s 2 c 0 avaDev 3 ba2dpo 0 ba2dpsp 0 dev 2
I/AudioPolicyManager(  304): s 2 c 0 avaDev 3 ba2dpo 0 ba2dpsp 0 dev 2
I/AudioPolicyManager(  304): s 3 c 0 avaDev 3 ba2dpo 0 ba2dpsp 0 dev 2
I/AudioPolicyManager(  304): s 0 c 0 avaDev 3 ba2dpo 0 ba2dpsp 0 dev 2
I/AudioPolicyManager(  304): s 4 c 0 avaDev 3 ba2dpo 0 ba2dpsp 0 dev 2
I/AudioPolicyManager(  304): s 5 c 0 avaDev 3 ba2dpo 0 ba2dpsp 0 dev 2
I/AudioPolicyManager(  304): s 6 c 0 avaDev 3 ba2dpo 0 ba2dpsp 0 dev 2
I/AudioPolicyManager(  304): s 7 c 0 avaDev 3 ba2dpo 0 ba2dpsp 0 dev 2
I/AudioPolicyManager(  304): s 8 c 0 avaDev 3 ba2dpo 0 ba2dpsp 0 dev 2
I/AudioPolicyManager(  304): setOutputDevice() setting same device 0002 or null device for output 2
I/AudioPolicyManager(  304):  checkAndSetVolume stream = 1 index = 8 output = 2 device = 0x2 delayMs = 0 force = 0
I/AudioPolicyManager(  304): PolicyForceReplace stream = 1 sampleRate = 48000 
I/AudioFlinger_Threads(  304): reset track timestretch tracn name 4097, ratio 100, mTimeStretchTrackName[name-4096] 0
I/AudioPolicyManager(  304): releaseOutput() 2
I/libPerfService(  881): 15: set freq: 1300000
I/libPerfService(  881): 15: set: 6
I/WindowManager(  881): Losing focus: Window{20dd3e56 u0 com.jieshun.jslife/com.jieshun.jslife.activity.common.MainFragmentActivity}
I/com.jieshun.jslife.activity.common.MainFragmentActivity( 9685): onPause()======
I/DefaultContextFactory( 9685): eglDestroyContext = 692, this = com.baidu.platform.comapi.map.j{26ac461 V.E..... ........ 0,0-1080,1854}
I/libPerfService(  881): perfSetFavorPid - pid:9685, 25d5
W/ADB_SERVICES(16908): create_local_service_socket() name=shell:dumpsys battery
W/ADB_SERVICES(16908): service_to_fd() name=shell:dumpsys battery
W/ADB_SERVICES(16908): read_meminfo() mem_free=41848
W/ADB_SERVICES(16908): create_subproc ret_fd=17 pid=13876
W/ADB_SERVICES(16908): LS(1664): bound to 'shell:dumpsys battery' via 17
W/ADB_SERVICES(13876): adb: unable to update oom_score_adj
E/AudioFlinger(  304): getNextBuffer, get null buffer
W/ADB_SERVICES(16908): entered. LS(1664) fd=17
I/KeyguardUpdateMonitor( 1045): handleBatteryUpdate index=0 updateInteresting=false
I/BatteryConsumeMonitor( 1344): init var lastPlugType : 2 lastBatteryChangedLevel : 100
I/QuenedWorkProxy( 8391): clean QuenedWork.sPendingWorkFinishers(185342190) size 0
I/QuenedWorkProxy( 8391): clean QuenedWork.sPendingWorkFinishers(185342190) size 0
I/MobclickAgent( 9685): Extend current session: CDE424C2774A062FCC044A0A39EF6A0D
I/SurfaceView( 9685): updateWindow -- setFrame, this = com.baidu.platform.comapi.map.j{26ac461 V.E..... ........ 0,0-1080,1854}
W/SurfaceFlinger(  276): couldn't log to binary event log: overflow.
I/AudioPolicyManager(  304): ReleaseFMIndirectMode 
I/AudioPolicyManager(  304): PolicyRestore
I/AudioPolicyManager(  304): stopOutput() output 2, stream 1, session 761
I/AudioPolicyManager(  304): getNewOutputDevice() selected device 0
I/AudioPolicyManager(  304): setOutputDevice() output 2 device 0000 delayMs 184 force 0
I/AudioPolicyManager(  304): setOutputDevice() prevDevice 0002
I/AudioPolicyManager(  304): setOutputDevice() mMutePrevDevice 0002
I/AudioPolicyManager(  304): s 0 c 0 avaDev 3 ba2dpo 0 ba2dpsp 0 dev 2
I/AudioPolicyManager(  304): s 1 c 0 avaDev 3 ba2dpo 0 ba2dpsp 0 dev 1
I/AudioPolicyManager(  304): s 2 c 0 avaDev 3 ba2dpo 0 ba2dpsp 0 dev 2
I/AudioPolicyManager(  304): s 2 c 0 avaDev 3 ba2dpo 0 ba2dpsp 0 dev 2
