W/Watchdog(  877): SWT Watchdog before wait current time:25777822
W/Watchdog(  877): SWT Watchdog before wait start:25777822
W/Watchdog(  877): SWT Watchdog before wait CHECK_INTERVAL:30000
I/NetworkStatsRecorder(  877): recordSnapshotLocked: ident[[{type=WIFI, subType=COMBINED, networkId=chaozhouniurouwan}]]
W/NetworkStatsRecorder(  877): unknown interfaces [lo, p2p0], ignoring those stats
I/NetworkStatsRecorder(  877): recordSnapshotLocked: ident[[{type=WIFI, subType=COMBINED, networkId=chaozhouniurouwan}]]
W/NetworkStatsRecorder(  877): unknown interfaces [lo, p2p0], ignoring those stats
I/NetworkStatsRecorder(  877): recordSnapshotLocked: ident[[{type=WIFI, subType=COMBINED, networkId=chaozhouniurouwan}]]
W/NetworkStatsRecorder(  877): unknown interfaces [lo, p2p0], ignoring those stats
W/NetworkStatsRecorder(  877): unknown interfaces [lo, p2p0], ignoring those stats
I/NetworkStatsRecorder(  877): recordSnapshotLocked: ident[[{type=WIFI, subType=COMBINED, networkId=chaozhouniurouwan}]]
W/NetworkStatsRecorder(  877): unknown interfaces [lo, p2p0], ignoring those stats
I/NetworkStatsRecorder(  877): recordSnapshotLocked: ident[[{type=WIFI, subType=COMBINED, networkId=chaozhouniurouwan}]]
W/NetworkStatsRecorder(  877): unknown interfaces [lo, p2p0], ignoring those stats
I/NetworkStatsRecorder(  877): recordSnapshotLocked: ident[[{type=WIFI, subType=COMBINED, networkId=chaozhouniurouwan}]]
W/NetworkStatsRecorder(  877): unknown interfaces [lo, p2p0], ignoring those stats
W/NetworkStatsRecorder(  877): unknown interfaces [lo, p2p0], ignoring those stats
I/thermal_repeater(  323): oh, queryMdThermalInfo (0)Bad file number
I/thermal_repeater(  323): [recvMdThermalInfo] ret=25, strLen=127,  1, 32767,,, -1, 32767, 2
I/NetworkStatsRecorder(  877): recordSnapshotLocked: ident[[{type=WIFI, subType=COMBINED, networkId=chaozhouniurouwan}]]
W/NetworkStatsRecorder(  877): unknown interfaces [lo, p2p0], ignoring those stats
I/NetworkStatsRecorder(  877): recordSnapshotLocked: ident[[{type=WIFI, subType=COMBINED, networkId=chaozhouniurouwan}]]
W/NetworkStatsRecorder(  877): unknown interfaces [lo, p2p0], ignoring those stats
I/NetworkStatsRecorder(  877): recordSnapshotLocked: ident[[{type=WIFI, subType=COMBINED, networkId=chaozhouniurouwan}]]
W/NetworkStatsRecorder(  877): unknown interfaces [lo, p2p0], ignoring those stats
W/NetworkStatsRecorder(  877): unknown interfaces [lo, p2p0], ignoring those stats
I/NetworkStatsRecorder(  877): recordSnapshotLocked: ident[[{type=WIFI, subType=COMBINED, networkId=chaozhouniurouwan}]]
W/NetworkStatsRecorder(  877): unknown interfaces [lo, p2p0], ignoring those stats
I/NetworkStatsRecorder(  877): recordSnapshotLocked: ident[[{type=WIFI, subType=COMBINED, networkId=chaozhouniurouwan}]]
W/NetworkStatsRecorder(  877): unknown interfaces [lo, p2p0], ignoring those stats
I/NetworkStatsRecorder(  877): recordSnapshotLocked: ident[[{type=WIFI, subType=COMBINED, networkId=chaozhouniurouwan}]]
W/NetworkStatsRecorder(  877): unknown interfaces [lo, p2p0], ignoring those stats
W/NetworkStatsRecorder(  877): unknown interfaces [lo, p2p0], ignoring those stats
I/NetworkStatsRecorder(  877): recordSnapshotLocked: ident[[{type=WIFI, subType=COMBINED, networkId=chaozhouniurouwan}]]
W/NetworkStatsRecorder(  877): unknown interfaces [lo, p2p0], ignoring those stats
I/NetworkStatsRecorder(  877): recordSnapshotLocked: ident[[{type=WIFI, subType=COMBINED, networkId=chaozhouniurouwan}]]
W/NetworkStatsRecorder(  877): unknown interfaces [lo, p2p0], ignoring those stats
I/NetworkStatsRecorder(  877): recordSnapshotLocked: ident[[{type=WIFI, subType=COMBINED, networkId=chaozhouniurouwan}]]
W/NetworkStatsRecorder(  877): unknown interfaces [lo, p2p0], ignoring those stats
W/NetworkStatsRecorder(  877): unknown interfaces [lo, p2p0], ignoring those stats
I/NetworkStatsRecorder(  877): recordSnapshotLocked: ident[[{type=WIFI, subType=COMBINED, networkId=chaozhouniurouwan}]]
W/NetworkStatsRecorder(  877): unknown interfaces [lo, p2p0], ignoring those stats
I/NetworkStatsRecorder(  877): recordSnapshotLocked: ident[[{type=WIFI, subType=COMBINED, networkId=chaozhouniurouwan}]]
W/NetworkStatsRecorder(  877): unknown interfaces [lo, p2p0], ignoring those stats
I/NetworkStatsRecorder(  877): recordSnapshotLocked: ident[[{type=WIFI, subType=COMBINED, networkId=chaozhouniurouwan}]]
I/NetworkStatsRecorder(  877): recordSnapshotLocked: ident[[{type=WIFI, subType=COMBINED, networkId=chaozhouniurouwan}]]
W/NetworkStatsRecorder(  877): unknown interfaces [lo, p2p0], ignoring those stats
W/NetworkStatsRecorder(  877): unknown interfaces [lo, p2p0], ignoring those stats
I/NetworkStatsRecorder(  877): recordSnapshotLocked: ident[[{type=WIFI, subType=COMBINED, networkId=chaozhouniurouwan}]]
W/NetworkStatsRecorder(  877): unknown interfaces [lo, p2p0], ignoring those stats
I/NetworkStatsRecorder(  877): recordSnapshotLocked: ident[[{type=WIFI, subType=COMBINED, networkId=chaozhouniurouwan}]]
W/NetworkStatsRecorder(  877): unknown interfaces [lo, p2p0], ignoring those stats
I/NetworkStatsRecorder(  877): recordSnapshotLocked: ident[[{type=WIFI, subType=COMBINED, networkId=chaozhouniurouwan}]]
W/NetworkStatsRecorder(  877): unknown interfaces [lo, p2p0], ignoring those stats
W/NetworkStatsRecorder(  877): unknown interfaces [lo, p2p0], ignoring those stats
I/thermal_repeater(  323): oh, queryMdThermalInfo (0)Bad file number
I/thermal_repeater(  323): [recvMdThermalInfo] ret=25, strLen=127,  1, 32767,,, -1, 32767, 2
I/NetworkStatsRecorder(  877): recordSnapshotLocked: ident[[{type=WIFI, subType=COMBINED, networkId=chaozhouniurouwan}]]
W/NetworkStatsRecorder(  877): unknown interfaces [lo, p2p0], ignoring those stats
I/NetworkStatsRecorder(  877): recordSnapshotLocked: ident[[{type=WIFI, subType=COMBINED, networkId=chaozhouniurouwan}]]
W/NetworkStatsRecorder(  877): unknown interfaces [lo, p2p0], ignoring those stats
I/NetworkStatsRecorder(  877): recordSnapshotLocked: ident[[{type=WIFI, subType=COMBINED, networkId=chaozhouniurouwan}]]
W/NetworkStatsRecorder(  877): unknown interfaces [lo, p2p0], ignoring those stats
W/NetworkStatsRecorder(  877): unknown interfaces [lo, p2p0], ignoring those stats
I/NetworkStatsRecorder(  877): recordSnapshotLocked: ident[[{type=WIFI, subType=COMBINED, networkId=chaozhouniurouwan}]]
W/NetworkStatsRecorder(  877): unknown interfaces [lo, p2p0], ignoring those stats
I/NetworkStatsRecorder(  877): recordSnapshotLocked: ident[[{type=WIFI, subType=COMBINED, networkId=chaozhouniurouwan}]]
W/NetworkStatsRecorder(  877): unknown interfaces [lo, p2p0], ignoring those stats
I/NetworkStatsRecorder(  877): recordSnapshotLocked: ident[[{type=WIFI, subType=COMBINED, networkId=chaozhouniurouwan}]]
W/NetworkStatsRecorder(  877): unknown interfaces [lo, p2p0], ignoring those stats
W/NetworkStatsRecorder(  877): unknown interfaces [lo, p2p0], ignoring those stats
I/NetworkStatsRecorder(  877): recordSnapshotLocked: ident[[{type=WIFI, subType=COMBINED, networkId=chaozhouniurouwan}]]
W/NetworkStatsRecorder(  877): unknown interfaces [lo, p2p0], ignoring those stats
I/NetworkStatsRecorder(  877): recordSnapshotLocked: ident[[{type=WIFI, subType=COMBINED, networkId=chaozhouniurouwan}]]
W/NetworkStatsRecorder(  877): unknown interfaces [lo, p2p0], ignoring those stats
I/NetworkStatsRecorder(  877): recordSnapshotLocked: ident[[{type=WIFI, subType=COMBINED, networkId=chaozhouniurouwan}]]
W/NetworkStatsRecorder(  877): unknown interfaces [lo, p2p0], ignoring those stats
W/NetworkStatsRecorder(  877): unknown interfaces [lo, p2p0], ignoring those stats
I/NetworkStatsRecorder(  877): recordSnapshotLocked: ident[[{type=WIFI, subType=COMBINED, networkId=chaozhouniurouwan}]]
W/NetworkStatsRecorder(  877): unknown interfaces [lo, p2p0], ignoring those stats
I/NetworkStatsRecorder(  877): recordSnapshotLocked: ident[[{type=WIFI, subType=COMBINED, networkId=chaozhouniurouwan}]]
W/NetworkStatsRecorder(  877): unknown interfaces [lo, p2p0], ignoring those stats
I/NetworkStatsRecorder(  877): recordSnapshotLocked: ident[[{type=WIFI, subType=COMBINED, networkId=chaozhouniurouwan}]]
W/NetworkStatsRecorder(  877): unknown interfaces [lo, p2p0], ignoring those stats
W/NetworkStatsRecorder(  877): unknown interfaces [lo, p2p0], ignoring those stats
I/NetworkStatsRecorder(  877): recordSnapshotLocked: ident[[{type=WIFI, subType=COMBINED, networkId=chaozhouniurouwan}]]
W/NetworkStatsRecorder(  877): unknown interfaces [lo, p2p0], ignoring those stats
I/NetworkStatsRecorder(  877): recordSnapshotLocked: ident[[{type=WIFI, subType=COMBINED, networkId=chaozhouniurouwan}]]
W/NetworkStatsRecorder(  877): unknown interfaces [lo, p2p0], ignoring those stats
I/NetworkStatsRecorder(  877): recordSnapshotLocked: ident[[{type=WIFI, subType=COMBINED, networkId=chaozhouniurouwan}]]
W/NetworkStatsRecorder(  877): unknown interfaces [lo, p2p0], ignoring those stats
W/NetworkStatsRecorder(  877): unknown interfaces [lo, p2p0], ignoring those stats
I/NetworkStatsRecorder(  877): recordSnapshotLocked: ident[[{type=WIFI, subType=COMBINED, networkId=chaozhouniurouwan}]]
W/NetworkStatsRecorder(  877): unknown interfaces [lo, p2p0], ignoring those stats
I/NetworkStatsRecorder(  877): recordSnapshotLocked: ident[[{type=WIFI, subType=COMBINED, networkId=chaozhouniurouwan}]]
W/NetworkStatsRecorder(  877): unknown interfaces [lo, p2p0], ignoring those stats
I/NetworkStatsRecorder(  877): recordSnapshotLocked: ident[[{type=WIFI, subType=COMBINED, networkId=chaozhouniurouwan}]]
I/NetworkStatsRecorder(  877): recordSnapshotLocked: ident[[{type=WIFI, subType=COMBINED, networkId=chaozhouniurouwan}]]
W/NetworkStatsRecorder(  877): unknown interfaces [lo, p2p0], ignoring those stats
W/NetworkStatsRecorder(  877): unknown interfaces [lo, p2p0], ignoring those stats
I/thermal_repeater(  323): oh, queryMdThermalInfo (0)Bad file number
I/thermal_repeater(  323): [recvMdThermalInfo] ret=25, strLen=127,  1, 32767,,, -1, 32767, 2
I/NetworkStatsRecorder(  877): recordSnapshotLocked: ident[[{type=WIFI, subType=COMBINED, networkId=chaozhouniurouwan}]]
W/NetworkStatsRecorder(  877): unknown interfaces [lo, p2p0], ignoring those stats
I/NetworkStatsRecorder(  877): recordSnapshotLocked: ident[[{type=WIFI, subType=COMBINED, networkId=chaozhouniurouwan}]]
W/NetworkStatsRecorder(  877): unknown interfaces [lo, p2p0], ignoring those stats
I/NetworkStatsRecorder(  877): recordSnapshotLocked: ident[[{type=WIFI, subType=COMBINED, networkId=chaozhouniurouwan}]]
W/NetworkStatsRecorder(  877): unknown interfaces [lo, p2p0], ignoring those stats
W/NetworkStatsRecorder(  877): unknown interfaces [lo, p2p0], ignoring those stats
I/NetworkStatsRecorder(  877): recordSnapshotLocked: ident[[{type=WIFI, subType=COMBINED, networkId=chaozhouniurouwan}]]
W/NetworkStatsRecorder(  877): unknown interfaces [lo, p2p0], ignoring those stats
I/NetworkStatsRecorder(  877): recordSnapshotLocked: ident[[{type=WIFI, subType=COMBINED, networkId=chaozhouniurouwan}]]
W/NetworkStatsRecorder(  877): unknown interfaces [lo, p2p0], ignoring those stats
I/NetworkStatsRecorder(  877): recordSnapshotLocked: ident[[{type=WIFI, subType=COMBINED, networkId=chaozhouniurouwan}]]
W/NetworkStatsRecorder(  877): unknown interfaces [lo, p2p0], ignoring those stats
W/NetworkStatsRecorder(  877): unknown interfaces [lo, p2p0], ignoring those stats
I/NetworkStatsRecorder(  877): recordSnapshotLocked: ident[[{type=WIFI, subType=COMBINED, networkId=chaozhouniurouwan}]]
W/NetworkStatsRecorder(  877): unknown interfaces [lo, p2p0], ignoring those stats
I/NetworkStatsRecorder(  877): recordSnapshotLocked: ident[[{type=WIFI, subType=COMBINED, networkId=chaozhouniurouwan}]]
W/NetworkStatsRecorder(  877): unknown interfaces [lo, p2p0], ignoring those stats
I/NetworkStatsRecorder(  877): recordSnapshotLocked: ident[[{type=WIFI, subType=COMBINED, networkId=chaozhouniurouwan}]]
I/NetworkStatsRecorder(  877): recordSnapshotLocked: ident[[{type=WIFI, subType=COMBINED, networkId=chaozhouniurouwan}]]
W/NetworkStatsRecorder(  877): unknown interfaces [lo, p2p0], ignoring those stats
W/NetworkStatsRecorder(  877): unknown interfaces [lo, p2p0], ignoring those stats
I/NetworkStatsRecorder(  877): recordSnapshotLocked: ident[[{type=WIFI, subType=COMBINED, networkId=chaozhouniurouwan}]]
W/NetworkStatsRecorder(  877): unknown interfaces [lo, p2p0], ignoring those stats
I/NetworkStatsRecorder(  877): recordSnapshotLocked: ident[[{type=WIFI, subType=COMBINED, networkId=chaozhouniurouwan}]]
W/NetworkStatsRecorder(  877): unknown interfaces [lo, p2p0], ignoring those stats
I/NetworkStatsRecorder(  877): recordSnapshotLocked: ident[[{type=WIFI, subType=COMBINED, networkId=chaozhouniurouwan}]]
I/NetworkStatsRecorder(  877): recordSnapshotLocked: ident[[{type=WIFI, subType=COMBINED, networkId=chaozhouniurouwan}]]
I/NetworkStatsRecorder(  877): recordSnapshotLocked: ident[[{type=WIFI, subType=COMBINED, networkId=chaozhouniurouwan}]]
I/NetworkStatsRecorder(  877): recordSnapshotLocked: ident[[{type=WIFI, subType=COMBINED, networkId=chaozhouniurouwan}]]
I/NetworkStatsRecorder(  877): recordSnapshotLocked: ident[[{type=WIFI, subType=COMBINED, networkId=chaozhouniurouwan}]]
W/NetworkStatsRecorder(  877): unknown interfaces [lo, p2p0], ignoring those stats
W/NetworkStatsRecorder(  877): unknown interfaces [lo, p2p0], ignoring those stats
I/NetworkStatsRecorder(  877): recordSnapshotLocked: ident[[{type=WIFI, subType=COMBINED, networkId=chaozhouniurouwan}]]
W/NetworkStatsRecorder(  877): unknown interfaces [lo, p2p0], ignoring those stats
I/NetworkStatsRecorder(  877): recordSnapshotLocked: ident[[{type=WIFI, subType=COMBINED, networkId=chaozhouniurouwan}]]
W/NetworkStatsRecorder(  877): unknown interfaces [lo, p2p0], ignoring those stats
I/NetworkStatsRecorder(  877): recordSnapshotLocked: ident[[{type=WIFI, subType=COMBINED, networkId=chaozhouniurouwan}]]
W/NetworkStatsRecorder(  877): unknown interfaces [lo, p2p0], ignoring those stats
W/NetworkStatsRecorder(  877): unknown interfaces [lo, p2p0], ignoring those stats
I/NetworkStatsRecorder(  877): recordSnapshotLocked: ident[[{type=WIFI, subType=COMBINED, networkId=chaozhouniurouwan}]]
W/NetworkStatsRecorder(  877): unknown interfaces [lo, p2p0], ignoring those stats
I/NetworkStatsRecorder(  877): recordSnapshotLocked: ident[[{type=WIFI, subType=COMBINED, networkId=chaozhouniurouwan}]]
W/NetworkStatsRecorder(  877): unknown interfaces [lo, p2p0], ignoring those stats
I/NetworkStatsRecorder(  877): recordSnapshotLocked: ident[[{type=WIFI, subType=COMBINED, networkId=chaozhouniurouwan}]]
W/NetworkStatsRecorder(  877): unknown interfaces [lo, p2p0], ignoring those stats
W/NetworkStatsRecorder(  877): unknown interfaces [lo, p2p0], ignoring those stats
I/thermal_repeater(  323): oh, queryMdThermalInfo (0)Bad file number
I/thermal_repeater(  323): [recvMdThermalInfo] ret=25, strLen=127,  1, 32767,,, -1, 32767, 2
I/NetworkStatsRecorder(  877): recordSnapshotLocked: ident[[{type=WIFI, subType=COMBINED, networkId=chaozhouniurouwan}]]
W/NetworkStatsRecorder(  877): unknown interfaces [lo, p2p0], ignoring those stats
I/NetworkStatsRecorder(  877): recordSnapshotLocked: ident[[{type=WIFI, subType=COMBINED, networkId=chaozhouniurouwan}]]
W/NetworkStatsRecorder(  877): unknown interfaces [lo, p2p0], ignoring those stats
I/NetworkStatsRecorder(  877): recordSnapshotLocked: ident[[{type=WIFI, subType=COMBINED, networkId=chaozhouniurouwan}]]
W/NetworkStatsRecorder(  877): unknown interfaces [lo, p2p0], ignoring those stats
W/NetworkStatsRecorder(  877): unknown interfaces [lo, p2p0], ignoring those stats
I/NetworkStatsRecorder(  877): recordSnapshotLocked: ident[[{type=WIFI, subType=COMBINED, networkId=chaozhouniurouwan}]]
W/NetworkStatsRecorder(  877): unknown interfaces [lo, p2p0], ignoring those stats
I/NetworkStatsRecorder(  877): recordSnapshotLocked: ident[[{type=WIFI, subType=COMBINED, networkId=chaozhouniurouwan}]]
W/NetworkStatsRecorder(  877): unknown interfaces [lo, p2p0], ignoring those stats
I/NetworkStatsRecorder(  877): recordSnapshotLocked: ident[[{type=WIFI, subType=COMBINED, networkId=chaozhouniurouwan}]]
W/NetworkStatsRecorder(  877): unknown interfaces [lo, p2p0], ignoring those stats
W/NetworkStatsRecorder(  877): unknown interfaces [lo, p2p0], ignoring those stats
I/NetworkStatsRecorder(  877): recordSnapshotLocked: ident[[{type=WIFI, subType=COMBINED, networkId=chaozhouniurouwan}]]
W/NetworkStatsRecorder(  877): unknown interfaces [lo, p2p0], ignoring those stats
I/NetworkStatsRecorder(  877): recordSnapshotLocked: ident[[{type=WIFI, subType=COMBINED, networkId=chaozhouniurouwan}]]
W/NetworkStatsRecorder(  877): unknown interfaces [lo, p2p0], ignoring those stats
I/NetworkStatsRecorder(  877): recordSnapshotLocked: ident[[{type=WIFI, subType=COMBINED, networkId=chaozhouniurouwan}]]
W/NetworkStatsRecorder(  877): unknown interfaces [lo, p2p0], ignoring those stats
W/NetworkStatsRecorder(  877): unknown interfaces [lo, p2p0], ignoring those stats
I/NetworkStatsRecorder(  877): recordSnapshotLocked: ident[[{type=WIFI, subType=COMBINED, networkId=chaozhouniurouwan}]]
W/NetworkStatsRecorder(  877): unknown interfaces [lo, p2p0], ignoring those stats
I/NetworkStatsRecorder(  877): recordSnapshotLocked: ident[[{type=WIFI, subType=COMBINED, networkId=chaozhouniurouwan}]]
W/NetworkStatsRecorder(  877): unknown interfaces [lo, p2p0], ignoring those stats
I/NetworkStatsRecorder(  877): recordSnapshotLocked: ident[[{type=WIFI, subType=COMBINED, networkId=chaozhouniurouwan}]]
W/NetworkStatsRecorder(  877): unknown interfaces [lo, p2p0], ignoring those stats
W/NetworkStatsRecorder(  877): unknown interfaces [lo, p2p0], ignoring those stats
I/thermal_repeater(  323): oh, queryMdThermalInfo (0)Bad file number
I/thermal_repeater(  323): [recvMdThermalInfo] ret=25, strLen=127,  1, 32767,,, -1, 32767, 2
I/NetworkStatsRecorder(  877): recordSnapshotLocked: ident[[{type=WIFI, subType=COMBINED, networkId=chaozhouniurouwan}]]
W/NetworkStatsRecorder(  877): unknown interfaces [lo, p2p0], ignoring those stats
I/NetworkStatsRecorder(  877): recordSnapshotLocked: ident[[{type=WIFI, subType=COMBINED, networkId=chaozhouniurouwan}]]
W/NetworkStatsRecorder(  877): unknown interfaces [lo, p2p0], ignoring those stats
I/NetworkStatsRecorder(  877): recordSnapshotLocked: ident[[{type=WIFI, subType=COMBINED, networkId=chaozhouniurouwan}]]
I/NetworkStatsRecorder(  877): recordSnapshotLocked: ident[[{type=WIFI, subType=COMBINED, networkId=chaozhouniurouwan}]]
W/NetworkStatsRecorder(  877): unknown interfaces [lo, p2p0], ignoring those stats
W/NetworkStatsRecorder(  877): unknown interfaces [lo, p2p0], ignoring those stats
W/PackageParser( 3342): Unknown element under <manifest>: meta-data at /storage/emulated/0/Download/AppCenter/Apk/com.android.browser_7006002.apk.dat Binary XML file line #169
I/thermal_repeater(  323): oh, queryMdThermalInfo (0)Bad file number
I/thermal_repeater(  323): [recvMdThermalInfo] ret=25, strLen=127,  1, 32767,,, -1, 32767, 2
W/Watchdog(  877): SWT Watchdog after wait current time:25807822
W/Watchdog(  877): **Get SF Time **1
W/Watchdog(  877): SWT Watchdog before synchronized:25807823
W/Watchdog(  877): SWT Watchdog after synchronized:25807823
W/Watchdog(  877): SWT Watchdog before wait timeout:30000
W/Watchdog(  877): SWT Watchdog before wait current time:25807823
W/Watchdog(  877): SWT Watchdog before wait start:25807823
W/Watchdog(  877): SWT Watchdog before wait CHECK_INTERVAL:30000
I/thermal_repeater(  323): oh, queryMdThermalInfo (0)Bad file number
I/thermal_repeater(  323): [recvMdThermalInfo] ret=25, strLen=127,  1, 32767,,, -1, 32767, 2
I/PackageManager(  877): init_copy idx=0: InstallParams{1de97f73 file=/data/app/vmdl1984547902.tmp cid=null}
I/ActivityManager(  877): Start proc 7172:com.android.defcontainer/u0a6 for service com.android.defcontainer/.DefaultContainerService
I/PackageManager(  877): mcs_bound
I/PackageManager(  877): startCopy UserHandle{0}: InstallParams{1de97f73 file=/data/app/vmdl1984547902.tmp cid=null}
W/PackageParser( 7172): Unknown element under <manifest>: meta-data at /data/app/vmdl1984547902.tmp/base.apk Binary XML file line #169
I/PackageManager(  877): Apk copy done
I/PackageManager(  877): Start parsing apk: com.meizu.mstore
W/PackageParser(  877): Unknown element under <manifest>: meta-data at /data/app/vmdl1984547902.tmp/base.apk Binary XML file line #169
I/PackageManager(  877): Parsing done for apk: com.meizu.mstore
I/thermal_repeater(  323): oh, queryMdThermalInfo (0)Bad file number
I/thermal_repeater(  323): [recvMdThermalInfo] ret=25, strLen=127,  1, 32767,,, -1, 32767, 2
I/PackageManager(  877): Start installation for package: com.meizu.mstore
I/ActivityManager(  877): Force stopping com.android.browser appid=10002 user=-1: replace sys pkg
I/ActivityManager(  877): Killing 5325:com.android.browser/u0a2 (adj 11): stop com.android.browser
W/PackageManager(  877): Trying to update system app code path from /data/app/com.android.browser-1 to /data/app/com.android.browser-2
I/PackageManager(  877): Linking native library dir for /data/app/com.android.browser-2
I/PackageManager(  877): Perform pre-dex opt for package: com.android.browser
I/PackageManager(  877): Running dexopt on: /data/app/com.android.browser-2/base.apk pkg=com.android.browser isa=arm vmSafeMode=false
I/thermal_repeater(  323): oh, queryMdThermalInfo (0)Bad file number
I/thermal_repeater(  323): [recvMdThermalInfo] ret=25, strLen=127,  1, 32767,,, -1, 32767, 2
I/thermal_repeater(  323): oh, queryMdThermalInfo (0)Bad file number
I/thermal_repeater(  323): [recvMdThermalInfo] ret=25, strLen=127,  1, 32767,,, -1, 32767, 2
W/JobServiceContext(  877): verifyCallingUid.543..:[ComponentInfo{com.meizu.mstore/com.meizu.cloud.app.jobscheduler.JobSchedulerService},jId=105,u0,R=(-00:00,-00:00),N=2,C=false,I=false,F=0,P=false(READY)]
W/JobServiceContext(  877): verifyCallingUid. END
W/JobServiceContext(  877): verifyCallingUid.543..:[ComponentInfo{com.meizu.mstore/com.meizu.cloud.app.jobscheduler.JobSchedulerService},jId=105,u0,R=(-00:00,-00:00),N=2,C=false,I=false,F=0,P=false(READY)]
W/JobServiceContext(  877): verifyCallingUid. END
W/JobServiceContext(  877): closeAndCleanupJobH.543..:[ComponentInfo{com.meizu.mstore/com.meizu.cloud.app.jobscheduler.JobSchedulerService},jId=105,u0,R=(-00:00,-00:00),N=2,C=false,I=false,F=0,P=false(READY)]
I/thermal_repeater(  323): oh, queryMdThermalInfo (0)Bad file number
I/thermal_repeater(  323): [recvMdThermalInfo] ret=25, strLen=127,  1, 32767,,, -1, 32767, 2
I/thermal_repeater(  323): oh, queryMdThermalInfo (0)Bad file number
I/thermal_repeater(  323): [recvMdThermalInfo] ret=25, strLen=127,  1, 32767,,, -1, 32767, 2
W/Watchdog(  877): SWT Watchdog after wait current time:25837823
W/Watchdog(  877): **Get SF Time **1
W/Watchdog(  877): SWT Watchdog before synchronized:25837824
W/Watchdog(  877): SWT Watchdog after synchronized:25837824
W/Watchdog(  877): SWT Watchdog before wait timeout:30000
W/Watchdog(  877): SWT Watchdog before wait current time:25837824
W/Watchdog(  877): SWT Watchdog before wait start:25837824
W/Watchdog(  877): SWT Watchdog before wait CHECK_INTERVAL:30000
I/thermal_repeater(  323): oh, queryMdThermalInfo (0)Bad file number
I/thermal_repeater(  323): [recvMdThermalInfo] ret=25, strLen=127,  1, 32767,,, -1, 32767, 2
I/thermal_repeater(  323): oh, queryMdThermalInfo (0)Bad file number
I/thermal_repeater(  323): [recvMdThermalInfo] ret=25, strLen=127,  1, 32767,,, -1, 32767, 2
I/thermal_repeater(  323): oh, queryMdThermalInfo (0)Bad file number
I/thermal_repeater(  323): [recvMdThermalInfo] ret=25, strLen=127,  1, 32767,,, -1, 32767, 2
I/thermal_repeater(  323): oh, queryMdThermalInfo (0)Bad file number
I/thermal_repeater(  323): [recvMdThermalInfo] ret=25, strLen=127,  1, 32767,,, -1, 32767, 2
I/thermal_repeater(  323): oh, queryMdThermalInfo (0)Bad file number
I/thermal_repeater(  323): [recvMdThermalInfo] ret=25, strLen=127,  1, 32767,,, -1, 32767, 2
I/PackageManager(  877): Dexopt done on: com.android.browser
W/PackageManager(  877): Code path for pkg : com.android.browser changing from /data/app/com.android.browser-1 to /data/app/com.android.browser-2
I/ActivityManager(  877): Force stopping com.android.browser appid=10002 user=-1: update pkg
W/PackageManager(  877): Resource path for pkg : com.android.browser changing from /data/app/com.android.browser-1 to /data/app/com.android.browser-2
--------- beginning of main
I/PackageManager(  877): Package com.meizu.setup granting android.permission.READ_EXTERNAL_STORAGE
I/PackageManager(  877): Package com.meizu.setup checking android.permission.ROOT_RECOVERY_STATE: BasePermission{31703a52 android.permission.ROOT_RECOVERY_STATE}
I/PackageManager(  877): Package com.meizu.setup granting android.permission.ROOT_RECOVERY_STATE
I/PackageManager(  877): Package com.meizu.setup checking android.permission.LOCAL_MAC_ADDRESS: null
I/PackageManager(  877): Package com.meizu.flyme.easylauncher checking android.permission.VIBRATE: BasePermission{11f365f android.permission.VIBRATE}
I/PackageManager(  877): Package com.meizu.flyme.easylauncher granting android.permission.VIBRATE
I/PackageManager(  877): Package com.meizu.flyme.easylauncher checking android.permission.READ_EXTERNAL_STORAGE: BasePermission{20c59fb5 android.permission.READ_EXTERNAL_STORAGE}
I/PackageManager(  877): Package com.meizu.flyme.easylauncher granting android.permission.READ_EXTERNAL_STORAGE
I/PackageManager(  877): Package com.meizu.flyme.easylauncher checking android.permission.BROADCAST_STICKY: BasePermission{2d761d9c android.permission.BROADCAST_STICKY}
I/PackageManager(  877): Package com.meizu.flyme.easylauncher granting android.permission.BROADCAST_STICKY
I/PackageManager(  877): Package com.meizu.flyme.easylauncher checking android.permission.RECEIVE_BOOT_COMPLETED: BasePermission{3a29f697 android.permission.RECEIVE_BOOT_COMPLETED}
I/PackageManager(  877): Package com.meizu.flyme.easylauncher granting android.permission.RECEIVE_BOOT_COMPLETED
I/PackageManager(  877): Package com.meizu.flyme.easylauncher checking com.android.launcher.permission.READ_SETTINGS: null
I/PackageManager(  877): Package com.meizu.flyme.easylauncher checking com.android.launcher.permission.WRITE_SETTINGS: null
I/PackageManager(  877): Package com.meizu.flyme.easylauncher checking com.android.launcher3.permission.READ_SETTINGS: BasePermission{17166222 com.android.launcher3.permission.READ_SETTINGS}
I/PackageManager(  877): Package com.meizu.flyme.easylauncher granting com.android.launcher3.permission.READ_SETTINGS
I/PackageManager(  877): Package com.meizu.flyme.easylauncher checking com.android.launcher3.permission.WRITE_SETTINGS: BasePermission{2eba54b3 com.android.launcher3.permission.WRITE_SETTINGS}
I/PackageManager(  877): Package com.meizu.flyme.easylauncher granting com.android.launcher3.permission.WRITE_SETTINGS
I/PackageManager(  877): Package com.meizu.flyme.easylauncher checking com.android.launcher3.permission.RECEIVE_LAUNCH_BROADCASTS: BasePermission{1882d8fb com.android.launcher3.permission.RECEIVE_LAUNCH_BROADCASTS}
I/PackageManager(  877): Package com.meizu.flyme.easylauncher granting com.android.launcher3.permission.RECEIVE_LAUNCH_BROADCASTS
I/PackageManager(  877): Package com.meizu.flyme.easylauncher checking com.android.launcher3.permission.RECEIVE_FIRST_LOAD_BROADCAST: BasePermission{1af50d18 com.android.launcher3.permission.RECEIVE_FIRST_LOAD_BROADCAST}
I/PackageManager(  877): Package com.meizu.flyme.easylauncher granting com.android.launcher3.permission.RECEIVE_FIRST_LOAD_BROADCAST
I/PackageManager(  877): Package com.meizu.flyme.easylauncher checking android.permission.BIND_APPWIDGET: BasePermission{2af393ed android.permission.BIND_APPWIDGET}
I/PackageManager(  877): Package com.meizu.flyme.easylauncher granting android.permission.BIND_APPWIDGET
I/PackageManager(  877): Package com.meizu.flyme.easylauncher checking android.permission.SET_PREFERRED_APPLICATIONS: BasePermission{2c67610e android.permission.SET_PREFERRED_APPLICATIONS}
I/PackageManager(  877): Package com.meizu.flyme.easylauncher granting android.permission.SET_PREFERRED_APPLICATIONS
I/PackageManager(  877): Package com.meizu.flyme.easylauncher checking android.permission.KILL_BACKGROUND_PROCESSES: BasePermission{9588bd4 android.permission.KILL_BACKGROUND_PROCESSES}
I/PackageManager(  877): Package com.meizu.flyme.easylauncher granting android.permission.KILL_BACKGROUND_PROCESSES
I/PackageManager(  877): Package com.meizu.flyme.easylauncher checking android.permission.GET_TASKS: BasePermission{2bfa0123 android.permission.GET_TASKS}
I/PackageManager(  877): Package com.meizu.flyme.easylauncher granting android.permission.GET_TASKS
I/PackageManager(  877): Package com.meizu.flyme.easylauncher checking android.permission.REMOVE_TASKS: BasePermission{218779bb android.permission.REMOVE_TASKS}
I/PackageManager(  877): Package com.meizu.flyme.easylauncher granting android.permission.REMOVE_TASKS
I/PackageManager(  877): Package com.meizu.flyme.easylauncher checking android.permission.WRITE_SECURE_SETTINGS: BasePermission{a86cd03 android.permission.WRITE_SECURE_SETTINGS}
I/PackageManager(  877): Package com.meizu.flyme.easylauncher granting android.permission.WRITE_SECURE_SETTINGS
I/PackageManager(  877): Package com.meizu.flyme.easylauncher checking android.permission.UPDATE_APP_OPS_STATS: BasePermission{114ee5fa android.permission.UPDATE_APP_OPS_STATS}
I/PackageManager(  877): Package com.meizu.flyme.easylauncher granting android.permission.UPDATE_APP_OPS_STATS
I/PackageManager(  877): Package com.meizu.flyme.easylauncher checking android.permission.CHANGE_COMPONENT_ENABLED_STATE: BasePermission{18f66d27 android.permission.CHANGE_COMPONENT_ENABLED_STATE}
I/PackageManager(  877): Package com.meizu.flyme.easylauncher granting android.permission.CHANGE_COMPONENT_ENABLED_STATE
I/PackageManager(  877): Package com.meizu.flyme.easylauncher checking android.permission.WRITE_EXTERNAL_STORAGE: BasePermission{606529f android.permission.WRITE_EXTERNAL_STORAGE}
I/PackageManager(  877): Package com.meizu.flyme.easylauncher granting android.permission.WRITE_EXTERNAL_STORAGE
I/PackageManager(  877): Package com.meizu.flyme.easylauncher checking android.permission.READ_PHONE_STATE: BasePermission{2f67fed8 android.permission.READ_PHONE_STATE}
I/PackageManager(  877): Package com.meizu.flyme.easylauncher granting android.permission.READ_PHONE_STATE
I/PackageManager(  877): Package com.meizu.flyme.easylauncher checking android.permission.INTERACT_ACROSS_USERS_FULL: BasePermission{20647ab android.permission.INTERACT_ACROSS_USERS_FULL}
I/PackageManager(  877): Package com.meizu.flyme.easylauncher granting android.permission.INTERACT_ACROSS_USERS_FULL
I/PackageManager(  877): Package com.meizu.flyme.easylauncher checking android.permission.DELETE_PACKAGES: BasePermission{31a708e3 android.permission.DELETE_PACKAGES}
I/PackageManager(  877): Package com.meizu.flyme.easylauncher granting android.permission.DELETE_PACKAGES
I/PackageManager(  877): Package com.meizu.flyme.easylauncher checking android.permission.WRITE_SETTINGS: BasePermission{309567c6 android.permission.WRITE_SETTINGS}
I/PackageManager(  877): Package com.meizu.flyme.easylauncher granting android.permission.WRITE_SETTINGS
I/PackageManager(  877): Package com.meizu.flyme.easylauncher checking android.permission.CHANGE_CONFIGURATION: BasePermission{3e5ffab9 android.permission.CHANGE_CONFIGURATION}
I/PackageManager(  877): Package com.meizu.flyme.easylauncher granting android.permission.CHANGE_CONFIGURATION
I/PackageManager(  877): Package com.meizu.flyme.easylauncher checking com.meizu.stats.permission.READ_USAGESTATS: BasePermission{181513c com.meizu.stats.permission.READ_USAGESTATS}
I/PackageManager(  877): Package com.meizu.flyme.easylauncher granting com.meizu.stats.permission.READ_USAGESTATS
I/PackageManager(  877): Package com.meizu.flyme.easylauncher checking android.permission.INTERNET: BasePermission{36b528ee android.permission.INTERNET}
I/PackageManager(  877): Package com.meizu.flyme.easylauncher granting android.permission.INTERNET
I/PackageManager(  877): Package com.meizu.flyme.easylauncher checking android.permission.ACCESS_NETWORK_STATE: BasePermission{25b3a99e android.permission.ACCESS_NETWORK_STATE}
I/PackageManager(  877): Package com.meizu.flyme.easylauncher granting android.permission.ACCESS_NETWORK_STATE
I/PackageManager(  877): Package com.meizu.flyme.easylauncher checking android.permission.GET_ACCOUNTS: BasePermission{1cca3084 android.permission.GET_ACCOUNTS}
I/PackageManager(  877): Package com.meizu.flyme.easylauncher granting android.permission.GET_ACCOUNTS
I/PackageManager(  877): Package com.meizu.flyme.easylauncher checking android.permission.ACCESS_WIFI_STATE: BasePermission{1e10c87c android.permission.ACCESS_WIFI_STATE}
I/PackageManager(  877): Package com.meizu.flyme.easylauncher granting android.permission.ACCESS_WIFI_STATE
I/PackageManager(  877): Package com.meizu.flyme.easylauncher checking android.permission.LOCAL_MAC_ADDRESS: null
I/PackageManager(  877): Package com.meizu.flyme.easylauncher checking android.permission.ROOT_RECOVERY_STATE: BasePermission{31703a52 android.permission.ROOT_RECOVERY_STATE}
I/PackageManager(  877): Package com.meizu.flyme.easylauncher granting android.permission.ROOT_RECOVERY_STATE
I/PackageManager(  877): Package com.meizu.flyme.easylauncher checking flyme.permission.ROOT_RECOVERY_STATE: null
I/PackageManager(  877): Package com.flyme.virtual.softsim checking android.permission.READ_PHONE_STATE: BasePermission{2f67fed8 android.permission.READ_PHONE_STATE}
I/PackageManager(  877): Package com.flyme.virtual.softsim granting android.permission.READ_PHONE_STATE
I/PackageManager(  877): Package com.flyme.virtual.softsim checking android.permission.MODIFY_PHONE_STATE: BasePermission{29953fd6 android.permission.MODIFY_PHONE_STATE}
I/PackageManager(  877): Package com.flyme.virtual.softsim granting android.permission.MODIFY_PHONE_STATE
I/PackageManager(  877): Package com.flyme.virtual.softsim checking android.permission.WRITE_SETTINGS: BasePermission{309567c6 android.permission.WRITE_SETTINGS}
I/PackageManager(  877): Package com.flyme.virtual.softsim granting android.permission.WRITE_SETTINGS
I/PackageManager(  877): Package com.flyme.virtual.softsim checking android.permission.WRITE_SECURE_SETTINGS: BasePermission{a86cd03 android.permission.WRITE_SECURE_SETTINGS}
I/PackageManager(  877): Package com.flyme.virtual.softsim granting android.permission.WRITE_SECURE_SETTINGS
I/PackageManager(  877): Package com.flyme.virtual.softsim checking android.permission.WRITE_APN_SETTINGS: BasePermission{3be60144 android.permission.WRITE_APN_SETTINGS}
I/PackageManager(  877): Package com.flyme.virtual.softsim granting android.permission.WRITE_APN_SETTINGS
I/PackageManager(  877): Package com.flyme.virtual.softsim checking com.android.vendors.bridge.permission.USE_SOFTSIM: null
I/PackageManager(  877): Package com.flyme.virtual.softsim checking android.permission.GET_ACCOUNTS: BasePermission{1cca3084 android.permission.GET_ACCOUNTS}
I/PackageManager(  877): Package com.flyme.virtual.softsim granting android.permission.GET_ACCOUNTS
I/PackageManager(  877): Package com.flyme.virtual.softsim checking android.permission.ACCESS_NETWORK_STATE: BasePermission{25b3a99e android.permission.ACCESS_NETWORK_STATE}
I/PackageManager(  877): Package com.flyme.virtual.softsim granting android.permission.ACCESS_NETWORK_STATE
I/PackageManager(  877): Package com.flyme.virtual.softsim checking android.permission.ACCESS_WIFI_STATE: BasePermission{1e10c87c android.permission.ACCESS_WIFI_STATE}
I/PackageManager(  877): Package com.flyme.virtual.softsim granting android.permission.ACCESS_WIFI_STATE
I/PackageManager(  877): Package com.flyme.virtual.softsim checking android.permission.ACCESS_FINE_LOCATION: BasePermission{29dd5620 android.permission.ACCESS_FINE_LOCATION}
I/PackageManager(  877): Package com.flyme.virtual.softsim granting android.permission.ACCESS_FINE_LOCATION
I/PackageManager(  877): Package com.flyme.virtual.softsim checking android.permission.WRITE_EXTERNAL_STORAGE: BasePermission{606529f android.permission.WRITE_EXTERNAL_STORAGE}
I/PackageManager(  877): Package com.flyme.virtual.softsim granting android.permission.WRITE_EXTERNAL_STORAGE
I/PackageManager(  877): Package com.flyme.virtual.softsim checking android.permission.INTERNET: BasePermission{36b528ee android.permission.INTERNET}
I/PackageManager(  877): Package com.flyme.virtual.softsim granting android.permission.INTERNET
I/PackageManager(  877): Package com.flyme.virtual.softsim checking com.meizu.stats.permission.READ_USAGESTATS: BasePermission{181513c com.meizu.stats.permission.READ_USAGESTATS}
I/PackageManager(  877): Package com.flyme.virtual.softsim granting com.meizu.stats.permission.READ_USAGESTATS
I/PackageManager(  877): Package com.flyme.virtual.softsim checking com.meizu.stats.permission.WRITE_USAGESTATS: BasePermission{17d0e95a com.meizu.stats.permission.WRITE_USAGESTATS}
I/PackageManager(  877): Package com.flyme.virtual.softsim granting com.meizu.stats.permission.WRITE_USAGESTATS
I/PackageManager(  877): Package com.flyme.virtual.softsim checking android.permission.ROOT_RECOVERY_STATE: BasePermission{31703a52 android.permission.ROOT_RECOVERY_STATE}
I/PackageManager(  877): Package com.flyme.virtual.softsim granting android.permission.ROOT_RECOVERY_STATE
I/PackageManager(  877): Package com.flyme.virtual.softsim checking android.permission.LOCAL_MAC_ADDRESS: null
I/PackageManager(  877): Package com.flyme.virtual.softsim checking android.permission.READ_EXTERNAL_STORAGE: BasePermission{20c59fb5 android.permission.READ_EXTERNAL_STORAGE}
I/PackageManager(  877): Package com.flyme.virtual.softsim granting android.permission.READ_EXTERNAL_STORAGE
I/PackageManager(  877): Package com.android.settings checking android.permission.WRITE_EXTERNAL_STORAGE: BasePermission{606529f android.permission.WRITE_EXTERNAL_STORAGE}
I/PackageManager(  877): Package com.android.settings granting android.permission.WRITE_EXTERNAL_STORAGE
I/PackageManager(  877): Package com.android.settings checking android.permission.READ_EXTERNAL_STORAGE: BasePermission{20c59fb5 android.permission.READ_EXTERNAL_STORAGE}
I/PackageManager(  877): Package com.android.settings granting android.permission.READ_EXTERNAL_STORAGE
I/PackageManager(  877): Package com.android.settings checking android.permission.WRITE_SETTINGS: BasePermission{309567c6 android.permission.WRITE_SETTINGS}
I/PackageManager(  877): Package com.android.settings granting android.permission.WRITE_SETTINGS
I/PackageManager(  877): Package com.android.settings checking android.permission.WRITE_SECURE_SETTINGS: BasePermission{a86cd03 android.permission.WRITE_SECURE_SETTINGS}
I/PackageManager(  877): Package com.android.settings granting android.permission.WRITE_SECURE_SETTINGS
I/PackageManager(  877): Package com.android.settings checking android.permission.DEVICE_POWER: BasePermission{212e6480 android.permission.DEVICE_POWER}
I/PackageManager(  877): Package com.android.settings granting android.permission.DEVICE_POWER
I/PackageManager(  877): Package com.android.settings checking android.permission.CHANGE_CONFIGURATION: BasePermission{3e5ffab9 android.permission.CHANGE_CONFIGURATION}
I/PackageManager(  877): Package com.android.settings granting android.permission.CHANGE_CONFIGURATION
I/PackageManager(  877): Package com.android.settings checking android.permission.MOUNT_UNMOUNT_FILESYSTEMS: BasePermission{31584efe android.permission.MOUNT_UNMOUNT_FILESYSTEMS}
I/PackageManager(  877): Package com.android.settings granting android.permission.MOUNT_UNMOUNT_FILESYSTEMS
I/PackageManager(  877): Package com.android.settings checking android.permission.VIBRATE: BasePermission{11f365f android.permission.VIBRATE}
I/PackageManager(  877): Package com.android.settings granting android.permission.VIBRATE
I/PackageManager(  877): Package com.android.settings checking android.permission.BLUETOOTH: BasePermission{3f0c1fbd android.permission.BLUETOOTH}
I/PackageManager(  877): Package com.android.settings granting android.permission.BLUETOOTH
I/PackageManager(  877): Package com.android.settings checking android.permission.BLUETOOTH_ADMIN: BasePermission{130349b2 android.permission.BLUETOOTH_ADMIN}
I/PackageManager(  877): Package com.android.settings granting android.permission.BLUETOOTH_ADMIN
I/PackageManager(  877): Package com.android.settings checking android.permission.BLUETOOTH_PRIVILEGED: BasePermission{dbeee17 android.permission.BLUETOOTH_PRIVILEGED}
I/PackageManager(  877): Package com.android.settings granting android.permission.BLUETOOTH_PRIVILEGED
I/PackageManager(  877): Package com.android.settings checking android.permission.HARDWARE_TEST: BasePermission{1bad8167 android.permission.HARDWARE_TEST}
I/PackageManager(  877): Package com.android.settings granting android.permission.HARDWARE_TEST
I/PackageManager(  877): Package com.android.settings checking android.permission.CALL_PHONE: BasePermission{20a8f78b android.permission.CALL_PHONE}
I/PackageManager(  877): Package com.android.settings granting android.permission.CALL_PHONE
I/PackageManager(  877): Package com.android.settings checking android.permission.MODIFY_AUDIO_SETTINGS: BasePermission{367c8975 android.permission.MODIFY_AUDIO_SETTINGS}
I/PackageManager(  877): Package com.android.settings granting android.permission.MODIFY_AUDIO_SETTINGS
I/PackageManager(  877): Package com.android.settings checking android.permission.MASTER_CLEAR: BasePermission{2a665d0a android.permission.MASTER_CLEAR}
I/PackageManager(  877): Package com.android.settings granting android.permission.MASTER_CLEAR
I/PackageManager(  877): Package com.android.settings checking android.permission.USE_CREDENTIALS: BasePermission{26f7106d android.permission.USE_CREDENTIALS}
I/PackageManager(  877): Package com.android.settings granting android.permission.USE_CREDENTIALS
I/PackageManager(  877): Package com.android.settings checking com.google.android.googleapps.permission.GOOGLE_AUTH: null
I/PackageManager(  877): Package com.android.settings checking android.permission.ACCESS_DOWNLOAD_MANAGER: BasePermission{2e3ed11 android.permission.ACCESS_DOWNLOAD_MANAGER}
I/PackageManager(  877): Package com.android.settings granting android.permission.ACCESS_DOWNLOAD_MANAGER
I/PackageManager(  877): Package com.android.settings checking android.permission.READ_CONTACTS: BasePermission{3daad97b android.permission.READ_CONTACTS}
I/PackageManager(  877): Package com.android.settings granting android.permission.READ_CONTACTS
I/PackageManager(  877): Package com.android.settings checking android.permission.WRITE_CONTACTS: BasePermission{244398 android.permission.WRITE_CONTACTS}
I/PackageManager(  877): Package com.android.settings granting android.permission.WRITE_CONTACTS
I/PackageManager(  877): Package com.android.settings checking android.permission.ACCESS_NETWORK_STATE: BasePermission{25b3a99e android.permission.ACCESS_NETWORK_STATE}
I/PackageManager(  877): Package com.android.settings granting android.permission.ACCESS_NETWORK_STATE
I/PackageManager(  877): Package com.android.settings checking android.permission.ACCESS_WIMAX_STATE: BasePermission{1ce41371 android.permission.ACCESS_WIMAX_STATE}
I/PackageManager(  877): Package com.android.settings granting android.permission.ACCESS_WIMAX_STATE
I/PackageManager(  877): Package com.android.settings checking android.permission.CHANGE_WIMAX_STATE: BasePermission{56ee556 android.permission.CHANGE_WIMAX_STATE}
I/PackageManager(  877): Package com.android.settings granting android.permission.CHANGE_WIMAX_STATE
I/PackageManager(  877): Package com.android.settings checking android.permission.ACCESS_WIFI_STATE: BasePermission{1e10c87c android.permission.ACCESS_WIFI_STATE}
I/PackageManager(  877): Package com.android.settings granting android.permission.ACCESS_WIFI_STATE
I/PackageManager(  877): Package com.android.settings checking com.android.certinstaller.INSTALL_AS_USER: BasePermission{109c09d7 com.android.certinstaller.INSTALL_AS_USER}
I/PackageManager(  877): Package com.android.settings granting com.android.certinstaller.INSTALL_AS_USER
I/PackageManager(  877): Package com.android.settings checking android.permission.CHANGE_WIFI_STATE: BasePermission{1a093c81 android.permission.CHANGE_WIFI_STATE}
I/PackageManager(  877): Package com.android.settings granting android.permission.CHANGE_WIFI_STATE
I/PackageManager(  877): Package com.android.settings checking android.permission.INTERNET: BasePermission{36b528ee android.permission.INTERNET}
I/PackageManager(  877): Package com.android.settings granting android.permission.INTERNET
I/PackageManager(  877): Package com.android.settings checking android.permission.CLEAR_APP_USER_DATA: BasePermission{3b9947f1 android.permission.CLEAR_APP_USER_DATA}
I/PackageManager(  877): Package com.android.settings granting android.permission.CLEAR_APP_USER_DATA
I/PackageManager(  877): Package com.android.settings checking android.permission.READ_PHONE_STATE: BasePermission{2f67fed8 android.permission.READ_PHONE_STATE}
I/PackageManager(  877): Package com.android.settings granting android.permission.READ_PHONE_STATE
I/PackageManager(  877): Package com.android.settings checking android.permission.MODIFY_PHONE_STATE: BasePermission{29953fd6 android.permission.MODIFY_PHONE_STATE}
I/PackageManager(  877): Package com.android.settings granting android.permission.MODIFY_PHONE_STATE
I/PackageManager(  877): Package com.android.settings checking android.permission.ACCESS_COARSE_LOCATION: BasePermission{23839257 android.permission.ACCESS_COARSE_LOCATION}
I/PackageManager(  877): Package com.android.settings granting android.permission.ACCESS_COARSE_LOCATION
I/PackageManager(  877): Package com.android.settings checking android.permission.WRITE_APN_SETTINGS: BasePermission{3be60144 android.permission.WRITE_APN_SETTINGS}
I/PackageManager(  877): Package com.android.settings granting android.permission.WRITE_APN_SETTINGS
I/PackageManager(  877): Package com.android.settings checking android.permission.ACCESS_CHECKIN_PROPERTIES: BasePermission{13e9722d android.permission.ACCESS_CHECKIN_PROPERTIES}
I/PackageManager(  877): Package com.android.settings granting android.permission.ACCESS_CHECKIN_PROPERTIES
I/PackageManager(  877): Package com.android.settings checking android.permission.READ_USER_DICTIONARY: BasePermission{16fd8362 android.permission.READ_USER_DICTIONARY}
I/PackageManager(  877): Package com.android.settings granting android.permission.READ_USER_DICTIONARY
I/PackageManager(  877): Package com.android.settings checking android.permission.WRITE_USER_DICTIONARY: BasePermission{7c4fcf3 android.permission.WRITE_USER_DICTIONARY}
I/PackageManager(  877): Package com.android.settings granting android.permission.WRITE_USER_DICTIONARY
I/PackageManager(  877): Package com.android.settings checking android.permission.FORCE_STOP_PACKAGES: BasePermission{2ae3edb0 android.permission.FORCE_STOP_PACKAGES}
I/PackageManager(  877): Package com.android.settings granting android.permission.FORCE_STOP_PACKAGES
I/PackageManager(  877): Package com.android.settings checking android.permission.PACKAGE_USAGE_STATS: BasePermission{11b473ae android.permission.PACKAGE_USAGE_STATS}
I/PackageManager(  877): Package com.android.settings granting android.permission.PACKAGE_USAGE_STATS
I/PackageManager(  877): Package com.android.settings checking android.permission.BATTERY_STATS: BasePermission{2ba8754f android.permission.BATTERY_STATS}
I/PackageManager(  877): Package com.android.settings granting android.permission.BATTERY_STATS
I/PackageManager(  877): Package com.android.settings checking com.android.launcher.permission.READ_SETTINGS: null
I/PackageManager(  877): Package com.android.settings checking com.android.launcher.permission.WRITE_SETTINGS: null
I/PackageManager(  877): Package com.android.settings checking android.permission.MOVE_PACKAGE: BasePermission{349234dc android.permission.MOVE_PACKAGE}
I/PackageManager(  877): Package com.android.settings granting android.permission.MOVE_PACKAGE
I/PackageManager(  877): Package com.android.settings checking android.permission.BACKUP: BasePermission{10b9e2c4 android.permission.BACKUP}
I/PackageManager(  877): Package com.android.settings granting android.permission.BACKUP
I/PackageManager(  877): Package com.android.settings checking android.permission.READ_SYNC_SETTINGS: BasePermission{28fbd0f0 android.permission.READ_SYNC_SETTINGS}
I/PackageManager(  877): Package com.android.settings granting android.permission.READ_SYNC_SETTINGS
I/PackageManager(  877): Package com.android.settings checking android.permission.WRITE_SYNC_SETTINGS: BasePermission{36814669 android.permission.WRITE_SYNC_SETTINGS}
I/PackageManager(  877): Package com.android.settings granting android.permission.WRITE_SYNC_SETTINGS
I/PackageManager(  877): Package com.android.settings checking android.permission.READ_SYNC_STATS: BasePermission{2e0d6533 android.permission.READ_SYNC_STATS}
I/PackageManager(  877): Package com.android.settings granting android.permission.READ_SYNC_STATS
I/PackageManager(  877): Package com.android.settings checking android.permission.STATUS_BAR: BasePermission{36235505 android.permission.STATUS_BAR}
I/PackageManager(  877): Package com.android.settings granting android.permission.STATUS_BAR
