W/ContextImpl( 1698): Calling a method in the system process without a qualified user: android.app.ContextImpl.startService:1863 android.content.ContextWrapper.startService:516 android.content.ContextWrapper.startService:516 com.meizu.networkmanager.c.r.a:25 com.meizu.networkmanager.boradcast.TrafficGlobalReceiver$2.run:244 
I/WindowManager(  877): Gaining focus: Window{32c5bfc6 u0 com.meizu.flyme.launcher/com.meizu.flyme.launcher.Launcher}
I/WindowManager(  877): Losing focus: Window{2d945bf0 u0 StatusBar}
I/NetworkStatsRecorder(  877): recordSnapshotLocked: ident[[{type=WIFI, subType=COMBINED, networkId=chaozhouniurouwan}]]
W/NetworkStatsRecorder(  877): unknown interfaces [lo, p2p0], ignoring those stats
I/NetworkStatsRecorder(  877): recordSnapshotLocked: ident[[{type=WIFI, subType=COMBINED, networkId=chaozhouniurouwan}]]
W/NetworkStatsRecorder(  877): unknown interfaces [lo, p2p0], ignoring those stats
I/NetworkStatsRecorder(  877): recordSnapshotLocked: ident[[{type=WIFI, subType=COMBINED, networkId=chaozhouniurouwan}]]
I/NetworkStatsRecorder(  877): recordSnapshotLocked: ident[[{type=WIFI, subType=COMBINED, networkId=chaozhouniurouwan}]]
I/NetworkStatsRecorder(  877): recordSnapshotLocked: ident[[{type=WIFI, subType=COMBINED, networkId=chaozhouniurouwan}]]
W/NetworkStatsRecorder(  877): unknown interfaces [lo, p2p0], ignoring those stats
W/NetworkStatsRecorder(  877): unknown interfaces [lo, p2p0], ignoring those stats
I/PalmRejection( 1041): disableProximityLockLocked, mProximitySensorEnabled = false
I/PalmRejection( 1041): disableProximityLockLocked() failed... Proximity Sensor already disabled
W/InputMethodManagerService(  877): Window already focused, ignoring focus gain of: com.android.internal.view.IInputMethodClient$Stub$Proxy@235c1cbc attribute=android.view.inputmethod.EditorInfo@1461b445, token = android.os.BinderProxy@359d11a1
E/AudioALSAPlaybackHandlerBase(  300): -getHardwareBufferInfo pcm_get_htimestamp fail, ret = -1, pcm_get_error = cannot start channel: Broken pipe
W/DecodingInfo( 1333): No Engine for Decoding
I/auto_update_AppAutoUpdateManager( 3342): current Jobs:103,100,101,102,
W/auto_update_AppAutoUpdateManager( 3342): --Screen on and cancel scheduler download,switch:true, wifi:true, and Screen on: true, Power Connected: false, Battery: 100(-50|+15), Competitive:false(not check), downloaded size:0, downloaded time:0, available size:0
I/auto_update_AppAutoUpdateManager( 3342): cancel JobOnce
I/Cweather( 3432): loadCurrentWeatherInfo cityName:福田区 isUserTheme:false temp:30 
E/CellLocation( 3432): create GsmCellLocation
I/libPerfService(  877): perfSetFavorPid - pid:0, 0
I/Cweather( 3432): writeWidgetWeatherFileFromInternet
I/DebugFlymeWeather( 3432): Get Mz Phone IMEI 868800027478449
E/SensorHAL(  877): [Proximity]: 0.000000
I/System.out( 3432): httpget:http://aider.meizu.com/v2/widget/citylbs?lat=22.571163&lon=114.043294&country=中国&province=广东省&city=深圳市&region=福田区&street=龙尾路&bizId=aider_app&timestamp=1535958729010&sign=00c39bac439b58c80e510903798397bf
E/AudioFlinger(  300): getNextBuffer, get null buffer
I/System.out( 3432): isEmailSend:GET
I/System.out( 3432): this.mCheckHandler:android.net.Proxy$DefaultHttpRequestCheckHandler@215a83e8
D/libc-netbsd( 3432): [getaddrinfo]: hostname=aider.meizu.com; servname=(null); cache_mode=(null), netid=0; mark=0
D/libc-netbsd( 3432): [getaddrinfo]: ai_addrlen=0; ai_canonname=(null); ai_flags=4; ai_family=0
D/libc-netbsd( 3432): [getaddrinfo]: hostname=aider.meizu.com; servname=(null); cache_mode=(null), netid=0; mark=0
D/libc-netbsd( 3432): [getaddrinfo]: ai_addrlen=0; ai_canonname=(null); ai_flags=1024; ai_family=0
D/libc-netbsd(  295): [getaddrinfo]: hostname=aider.meizu.com; servname=(null); cache_mode=local, netid=101; mark=917605
D/libc-netbsd(  295): [getaddrinfo]: ai_addrlen=0; ai_canonname=(null); ai_flags=1024; ai_family=0
D/libc-netbsd(  295): default dns: query_ipv6=0, query_ipv4=1
D/libc-netbsd(  295): res_queryN name = aider.meizu.com, class = 1, type = 1
D/libc-netbsd(  295): netid=101, dns0:202.96.134.133
D/libc-netbsd(  295): netid=101, dns1:202.96.128.166
D/libc-netbsd(  295): netid=101, dns2:8.8.8.8
I/AudioFlinger_Threads(  300): pause signal - [NOT READY] on thread
D/libc-netbsd(  295): res_queryN name = aider.meizu.com succeed
D/libc-netbsd( 3432): getaddrinfo: aider.meizu.com get result from proxy >>
I/System.out( 3432): propertyValue:true
I/System.out( 3432): openConnection:1
D/libc-netbsd( 3432): [getaddrinfo]: hostname=121.14.201.236; servname=(null); cache_mode=(null), netid=0; mark=0
D/libc-netbsd( 3432): [getaddrinfo]: ai_addrlen=0; ai_canonname=(null); ai_flags=4; ai_family=0
I/System.out( 3432): [CDS]connect[/121.14.201.236:80] tm:60
I/System.out( 3432): buffer size:8192
I/System.out( 3432): rxBufferSize size:
I/System.out( 3432): >doSendRequest
I/System.out( 3432): <doSendRequest
I/NetworkManagementSocketTagger( 3432): untagSocket(28)
I/AudioPolicyManager(  300): ReleaseFMIndirectMode 
I/AudioPolicyManager(  300): PolicyRestore
I/AudioPolicyManager(  300): stopOutput() output 2, stream 1, session 289
I/AudioPolicyManager(  300): getNewOutputDevice() selected device 0
I/AudioPolicyManager(  300): setOutputDevice() output 2 device 0000 delayMs 184 force 0
I/AudioPolicyManager(  300): setOutputDevice() prevDevice 0002
I/AudioPolicyManager(  300): setOutputDevice() mMutePrevDevice 0002
I/AudioPolicyManager(  300): s 0 c 0 avaDev 3 ba2dpo 0 ba2dpsp 0 dev 2
I/AudioPolicyManager(  300): s 1 c 0 avaDev 3 ba2dpo 0 ba2dpsp 0 dev 1
I/AudioPolicyManager(  300): s 2 c 0 avaDev 3 ba2dpo 0 ba2dpsp 0 dev 2
I/AudioPolicyManager(  300): s 2 c 0 avaDev 3 ba2dpo 0 ba2dpsp 0 dev 2
I/AudioPolicyManager(  300): s 3 c 0 avaDev 3 ba2dpo 0 ba2dpsp 0 dev 2
I/AudioPolicyManager(  300): s 0 c 0 avaDev 3 ba2dpo 0 ba2dpsp 0 dev 2
I/AudioPolicyManager(  300): s 4 c 0 avaDev 3 ba2dpo 0 ba2dpsp 0 dev 2
I/AudioPolicyManager(  300): s 5 c 0 avaDev 3 ba2dpo 0 ba2dpsp 0 dev 2
I/AudioPolicyManager(  300): s 6 c 0 avaDev 3 ba2dpo 0 ba2dpsp 0 dev 2
I/AudioPolicyManager(  300): s 7 c 0 avaDev 3 ba2dpo 0 ba2dpsp 0 dev 2
I/AudioPolicyManager(  300): s 8 c 0 avaDev 3 ba2dpo 0 ba2dpsp 0 dev 2
I/AudioPolicyManager(  300): setOutputDevice() setting same device 0000 or null device for output 2
E/SensorHAL(  877): [Proximity]: 5.000000
I/AppCenterApplication( 3342): onTrimMemory: level = 60
I/System.out( 3432): open:http://coapi.moji.com/whapi/json/lbsweather?timestamp=1535958729277&token=b32173940ee1a42c0f63e7d60d76e8c0&key=49c31a201f10cc9d33d6572831c79781&lat=22.571163&lon=114.043294
D/libc-netbsd( 3432): [getaddrinfo]: hostname=coapi.moji.com; servname=(null); cache_mode=(null), netid=0; mark=0
D/libc-netbsd( 3432): [getaddrinfo]: ai_addrlen=0; ai_canonname=(null); ai_flags=4; ai_family=0
D/libc-netbsd( 3432): [getaddrinfo]: hostname=coapi.moji.com; servname=(null); cache_mode=(null), netid=0; mark=0
D/libc-netbsd( 3432): [getaddrinfo]: ai_addrlen=0; ai_canonname=(null); ai_flags=1024; ai_family=0
D/libc-netbsd(  295): [getaddrinfo]: hostname=coapi.moji.com; servname=(null); cache_mode=local, netid=101; mark=917605
D/libc-netbsd(  295): [getaddrinfo]: ai_addrlen=0; ai_canonname=(null); ai_flags=1024; ai_family=0
D/libc-netbsd(  295): default dns: query_ipv6=0, query_ipv4=1
D/libc-netbsd(  295): res_queryN name = coapi.moji.com, class = 1, type = 1
D/libc-netbsd(  295): netid=101, dns0:202.96.134.133
D/libc-netbsd(  295): netid=101, dns1:202.96.128.166
D/libc-netbsd(  295): netid=101, dns2:8.8.8.8
D/libc-netbsd(  295): res_queryN name = coapi.moji.com succeed
D/libc-netbsd( 3432): getaddrinfo: coapi.moji.com get result from proxy >>
I/System.out( 3432): propertyValue:true
I/System.out( 3432): [CDS]connect[coapi.moji.com/210.14.153.67:80] tm:5
I/System.out( 3432): [CDS]close[43864]
I/NetworkManagementSocketTagger( 3432): untagSocket(28)
I/AudioFlinger(  300): setParameters(): io 2, keyvalue FM_DIRECT_CONTROL=0, calling pid 300
I/System.out( 3432): [OkHttp] sendRequest>>
I/System.out( 3432): [OkHttp] sendRequest<<
I/[MALI][Gralloc](  274): Usage: 0xb00, format: 0x1 stride: 1088 vertical_stride: 66 size: 287232
I/[MALI][Gralloc](  274): Usage: 0xb00, format: 0x1 stride: 1088 vertical_stride: 66 size: 287232
I/[MALI][Gralloc](  274): Usage: 0xb00, format: 0x1 stride: 1088 vertical_stride: 66 size: 287232
I/[MALI][Gralloc](  274): Usage: 0xb00, format: 0x1 stride: 1088 vertical_stride: 66 size: 287232
I/NetworkManagementSocketTagger( 3432): untagSocket(35)
I/System.out( 3432): open:http://alog.umeng.com/app_logs
D/libc-netbsd( 3432): [getaddrinfo]: hostname=alog.umeng.com; servname=(null); cache_mode=(null), netid=0; mark=0
D/libc-netbsd( 3432): [getaddrinfo]: ai_addrlen=0; ai_canonname=(null); ai_flags=4; ai_family=0
D/libc-netbsd( 3432): [getaddrinfo]: hostname=alog.umeng.com; servname=(null); cache_mode=(null), netid=0; mark=0
D/libc-netbsd( 3432): [getaddrinfo]: ai_addrlen=0; ai_canonname=(null); ai_flags=1024; ai_family=0
D/libc-netbsd(  295): [getaddrinfo]: hostname=alog.umeng.com; servname=(null); cache_mode=local, netid=101; mark=917605
D/libc-netbsd(  295): [getaddrinfo]: ai_addrlen=0; ai_canonname=(null); ai_flags=1024; ai_family=0
D/libc-netbsd(  295): default dns: query_ipv6=0, query_ipv4=1
D/libc-netbsd(  295): res_queryN name = alog.umeng.com, class = 1, type = 1
D/libc-netbsd(  295): netid=101, dns0:202.96.134.133
D/libc-netbsd(  295): netid=101, dns1:202.96.128.166
D/libc-netbsd(  295): netid=101, dns2:8.8.8.8
I/libPerfService(  877): perfSetFavorPid - pid:1620, 654
D/libc-netbsd(  295): res_queryN name = alog.umeng.com succeed
D/libc-netbsd( 3432): getaddrinfo: alog.umeng.com get result from proxy >>
I/libPerfService(  877): perfSetFavorPid - pid:0, 0
I/Cweather( 3432): loadCurrentWeatherInfo cityName:福田区 isUserTheme:false temp:30 
I/System.out( 3432): propertyValue:true
I/System.out( 3432): [CDS]connect[alog.umeng.com/106.11.250.74:80] tm:10
I/libPerfService(  877): perfSetFavorPid - pid:1620, 654
W/art     ( 3432): No such thread id for suspend: 30
I/System.out( 3432): [OkHttp] sendRequest>>
I/System.out( 3432): [OkHttp] sendRequest<<
I/System.out( 3432): Close in OkHttp
I/System.out( 3432): [CDS]close[33703]
I/NetworkManagementSocketTagger( 3432): untagSocket(28)
I/libPerfService(  877): 13: set: 6
I/libPerfService(  877): 13: set freq: 1300000
I/libPerfService(  877): 13: set gpu level: 0
I/libPerfService(  877): 10: set: 4
I/libPerfService(  877): 10: set freq: 1235000
I/libPerfService(  877): 10: set gpu level: 0
I/libPerfService(  877): perfSetFavorPid - pid:0, 0
I/SurfaceFlinger(  274): [Built-in Screen (type:0)] fps:40.597393,dur:1428.66,max:435.07,min:15.08
I/libPerfService(  877): 12: set: 1
I/libPerfService(  877): 12: set freq: 0
I/libPerfService(  877): 12: set gpu level: 0
I/AudioFlinger(  300): setParameters(): io 0, keyvalue mediaserver_monitor=1, calling pid 877
W/AudioALSAHardware(  300): setParameters(), still have param.size() = 1, remain param = "mediaserver_monitor=1"
I/str_params(  300): key: 'mediaserver_monitor' value: '1'
I/AudioPolicyManager(  300): setStreamVolumeIndex stream = 7 index = 15 device = 0x400
I/AppCenterApplication( 3342): onTrimMemory: level = 60
I/AppCenterApplication( 3342): onTrimMemory: level = 60
I/SurfaceFlinger(  274): [Built-in Screen (type:0)] fps:0.999092,dur:1000.91,max:1000.91,min:1000.91
I/libPerfService(  877): 7: set: 1
I/libPerfService(  877): 7: set freq: 0
I/thermal_repeater(  323): oh, queryMdThermalInfo (0)Bad file number
I/thermal_repeater(  323): [recvMdThermalInfo] ret=25, strLen=127,  1, 32767,,, -1, 32767, 2
I/thermal_repeater(  323): oh, queryMdThermalInfo (0)Bad file number
I/thermal_repeater(  323): [recvMdThermalInfo] ret=25, strLen=127,  1, 32767,,, -1, 32767, 2
I/SurfaceFlinger(  274): [Built-in Screen (type:0)] fps:0.164959,dur:6062.11,max:6062.11,min:6062.11
I/KeyguardUpdateMonitor( 1041): handleBatteryUpdate index=0 updateInteresting=false
I/BatteryConsumeMonitor( 1287): init var lastPlugType : 0 lastBatteryChangedLevel : 100
I/libPerfService(  877): perfSetFavorPid - pid:1620, 654
I/libPerfService(  877): perfSetFavorPid - pid:0, 0
I/SurfaceFlinger(  274): [Built-in Screen (type:0)] fps:1.007471,dur:1985.17,max:1777.27,min:207.89
I/AppCenterApplication( 3342): onTrimMemory: level = 60
I/AudioFlinger(  300): setParameters(): io 0, keyvalue mediaserver_monitor=1, calling pid 877
W/AudioALSAHardware(  300): setParameters(), still have param.size() = 1, remain param = "mediaserver_monitor=1"
I/str_params(  300): key: 'mediaserver_monitor' value: '1'
I/AudioPolicyManager(  300): setStreamVolumeIndex stream = 7 index = 15 device = 0x400
I/thermal_repeater(  323): oh, queryMdThermalInfo (0)Bad file number
I/thermal_repeater(  323): [recvMdThermalInfo] ret=25, strLen=127,  1, 32767,,, -1, 32767, 2
W/Watchdog(  877): SWT Watchdog after wait current time:22326454
W/Watchdog(  877): **Get SF Time **1
W/Watchdog(  877): SWT Watchdog before synchronized:22326455
W/Watchdog(  877): SWT Watchdog after synchronized:22326455
W/Watchdog(  877): SWT Watchdog before wait timeout:30000
W/Watchdog(  877): SWT Watchdog before wait current time:22326455
W/Watchdog(  877): SWT Watchdog before wait start:22326455
W/Watchdog(  877): SWT Watchdog before wait CHECK_INTERVAL:30000
I/thermal_repeater(  323): oh, queryMdThermalInfo (0)Bad file number
I/thermal_repeater(  323): [recvMdThermalInfo] ret=25, strLen=127,  1, 32767,,, -1, 32767, 2
I/KeyguardUpdateMonitor( 1041): handleBatteryUpdate index=0 updateInteresting=false
I/BatteryConsumeMonitor( 1287): init var lastPlugType : 0 lastBatteryChangedLevel : 100
I/libPerfService(  877): perfSetFavorPid - pid:1620, 654
I/SurfaceFlinger(  274): [Built-in Screen (type:0)] fps:0.121370,dur:8239.23,max:8239.23,min:8239.23
I/AppCenterApplication( 3342): onTrimMemory: level = 60
I/libPerfService(  877): perfSetFavorPid - pid:0, 0
I/SurfaceFlinger(  274): [Built-in Screen (type:0)] fps:0.356573,dur:2804.47,max:2804.47,min:2804.47
I/AudioFlinger(  300): setParameters(): io 0, keyvalue mediaserver_monitor=1, calling pid 877
W/AudioALSAHardware(  300): setParameters(), still have param.size() = 1, remain param = "mediaserver_monitor=1"
I/str_params(  300): key: 'mediaserver_monitor' value: '1'
I/AudioPolicyManager(  300): setStreamVolumeIndex stream = 7 index = 15 device = 0x400
I/SurfaceFlinger(  274): [Built-in Screen (type:0)] fps:0.973058,dur:1027.69,max:1027.69,min:1027.69
I/thermal_repeater(  323): oh, queryMdThermalInfo (0)Bad file number
I/thermal_repeater(  323): [recvMdThermalInfo] ret=25, strLen=127,  1, 32767,,, -1, 32767, 2
I/SurfaceFlinger(  274): [Built-in Screen (type:0)] fps:0.981218,dur:2038.28,max:2023.83,min:14.45
I/thermal_repeater(  323): oh, queryMdThermalInfo (0)Bad file number
I/thermal_repeater(  323): [recvMdThermalInfo] ret=25, strLen=127,  1, 32767,,, -1, 32767, 2
I/SurfaceFlinger(  274): [Built-in Screen (type:0)] fps:0.247393,dur:4042.15,max:4042.15,min:4042.15
I/BatteryConsumeMonitor( 1287): init var lastPlugType : 0 lastBatteryChangedLevel : 100
I/KeyguardUpdateMonitor( 1041): handleBatteryUpdate index=0 updateInteresting=false
I/libPerfService(  877): perfSetFavorPid - pid:1620, 654
I/AppCenterApplication( 3342): onTrimMemory: level = 60
I/AudioFlinger(  300): setParameters(): io 0, keyvalue mediaserver_monitor=1, calling pid 877
W/AudioALSAHardware(  300): setParameters(), still have param.size() = 1, remain param = "mediaserver_monitor=1"
I/str_params(  300): key: 'mediaserver_monitor' value: '1'
I/AudioPolicyManager(  300): setStreamVolumeIndex stream = 7 index = 15 device = 0x400
I/thermal_repeater(  323): oh, queryMdThermalInfo (0)Bad file number
I/thermal_repeater(  323): [recvMdThermalInfo] ret=25, strLen=127,  1, 32767,,, -1, 32767, 2
I/thermal_repeater(  323): oh, queryMdThermalInfo (0)Bad file number
I/thermal_repeater(  323): [recvMdThermalInfo] ret=25, strLen=127,  1, 32767,,, -1, 32767, 2
I/KeyguardUpdateMonitor( 1041): handleBatteryUpdate index=0 updateInteresting=false
I/BatteryConsumeMonitor( 1287): init var lastPlugType : 0 lastBatteryChangedLevel : 100
I/libPerfService(  877): perfSetFavorPid - pid:0, 0
I/libPerfService(  877): perfSetFavorPid - pid:1620, 654
I/SurfaceFlinger(  274): [Built-in Screen (type:0)] fps:0.198321,dur:10084.64,max:9992.79,min:91.85
I/AppCenterApplication( 3342): onTrimMemory: level = 60
I/AudioFlinger(  300): setParameters(): io 0, keyvalue mediaserver_monitor=1, calling pid 877
W/AudioALSAHardware(  300): setParameters(), still have param.size() = 1, remain param = "mediaserver_monitor=1"
I/str_params(  300): key: 'mediaserver_monitor' value: '1'
I/AudioPolicyManager(  300): setStreamVolumeIndex stream = 7 index = 15 device = 0x400
I/thermal_repeater(  323): oh, queryMdThermalInfo (0)Bad file number
I/thermal_repeater(  323): [recvMdThermalInfo] ret=25, strLen=127,  1, 32767,,, -1, 32767, 2
W/Watchdog(  877): SWT Watchdog after wait current time:22356456
W/Watchdog(  877): **Get SF Time **1
W/Watchdog(  877): SWT Watchdog before synchronized:22356456
W/Watchdog(  877): SWT Watchdog after synchronized:22356456
W/Watchdog(  877): SWT Watchdog before wait timeout:30000
W/Watchdog(  877): SWT Watchdog before wait current time:22356457
W/Watchdog(  877): SWT Watchdog before wait start:22356457
W/Watchdog(  877): SWT Watchdog before wait CHECK_INTERVAL:30000
I/libPerfService(  877): perfSetFavorPid - pid:0, 0
I/SurfaceFlinger(  274): [Built-in Screen (type:0)] fps:0.125898,dur:7942.93,max:7942.93,min:7942.93
I/SurfaceFlinger(  274): [Built-in Screen (type:0)] fps:0.972422,dur:1028.36,max:1028.36,min:1028.36
I/thermal_repeater(  323): oh, queryMdThermalInfo (0)Bad file number
I/thermal_repeater(  323): [recvMdThermalInfo] ret=25, strLen=127,  1, 32767,,, -1, 32767, 2
I/BatteryConsumeMonitor( 1287): init var lastPlugType : 0 lastBatteryChangedLevel : 100
I/KeyguardUpdateMonitor( 1041): handleBatteryUpdate index=0 updateInteresting=false
I/libPerfService(  877): perfSetFavorPid - pid:1620, 654
I/libPerfService(  877): perfSetFavorPid - pid:0, 0
I/libPerfService(  877): perfSetFavorPid - pid:1620, 654
I/SurfaceFlinger(  274): [Built-in Screen (type:0)] fps:0.973569,dur:1027.15,max:1027.15,min:1027.15
I/AppCenterApplication( 3342): onTrimMemory: level = 60
I/libPerfService(  877): perfSetFavorPid - pid:0, 0
I/libPerfService(  877): perfSetFavorPid - pid:1620, 654
I/SurfaceFlinger(  274): [Built-in Screen (type:0)] fps:0.372723,dur:2682.96,max:2682.96,min:2682.96
I/AudioFlinger(  300): setParameters(): io 0, keyvalue mediaserver_monitor=1, calling pid 877
W/AudioALSAHardware(  300): setParameters(), still have param.size() = 1, remain param = "mediaserver_monitor=1"
I/str_params(  300): key: 'mediaserver_monitor' value: '1'
I/AudioPolicyManager(  300): setStreamVolumeIndex stream = 7 index = 15 device = 0x400
I/libPerfService(  877): perfSetFavorPid - pid:0, 0
I/SurfaceFlinger(  274): [Built-in Screen (type:0)] fps:0.755421,dur:1323.76,max:1323.76,min:1323.76
I/libPerfService(  877): 11: set: 2
I/thermal_repeater(  323): oh, queryMdThermalInfo (0)Bad file number
I/thermal_repeater(  323): [recvMdThermalInfo] ret=25, strLen=127,  1, 32767,,, -1, 32767, 2
I/SurfaceFlinger(  274): [Built-in Screen (type:0)] fps:0.498077,dur:2007.72,max:2007.72,min:2007.72
I/libPerfService(  877): 11: set: 1
I/libPerfService(  877): 11: set freq: 0
I/libPerfService(  877): 11: set gpu level: 0
I/thermal_repeater(  323): oh, queryMdThermalInfo (0)Bad file number
I/thermal_repeater(  323): [recvMdThermalInfo] ret=25, strLen=127,  1, 32767,,, -1, 32767, 2
I/KeyguardUpdateMonitor( 1041): handleBatteryUpdate index=0 updateInteresting=false
I/BatteryConsumeMonitor( 1287): init var lastPlugType : 0 lastBatteryChangedLevel : 100
I/libPerfService(  877): perfSetFavorPid - pid:1620, 654
I/SurfaceFlinger(  274): [Built-in Screen (type:0)] fps:0.250988,dur:3984.25,max:3984.25,min:3984.25
I/libPerfService(  877): perfSetFavorPid - pid:0, 0
I/SurfaceFlinger(  274): [Built-in Screen (type:0)] fps:1.881479,dur:1062.99,max:1047.75,min:15.24
I/PowerManagerService(  877): Going to sleep due to screen timeout (uid 1000)...
I/PowerManagerService(  877): Going to sleep due to lid switch (uid 1000)...
I/PowerManagerService(  877): Sleeping (uid 1000)...
I/ActivityManager(  877): onWakefulnessChanged: 3
I/SensorHAL(  877): Dev Active, handle: 4, name: LSM6DS3 Accelerometer Sensor, enable: 0.
I/SensorHAL(  877): SensorBase::Enable. name: LSM6DS3 Accelerometer Sensor, enable: 0
I/[MALI][Gralloc](  274): Usage: 0x333, format: 0x1 stride: 1088 vertical_stride: 1920 size: 8355840
I/SensorHAL(  877): HWSensorBase::Enable, handle: 4, name: lsm6ds3_accel, enable: 0
I/PalmRejection( 1041): disableProximityLockLocked, mProximitySensorEnabled = false
I/PalmRejection( 1041): disableProximityLockLocked() failed... Proximity Sensor already disabled
I/libPerfService(  877): perfSetFavorPid - pid:1620, 654
I/PhoneStatusBar( 1041): updateNotificationCountChange,mLastHasNotification:false , hasActiveNotifications:false
I/PhoneStatusBar( 1041): updateNotificationCountChange,mLastHasNotification:false , hasActiveNotifications:false
I/BatteryConsumeMonitor( 1287): watting idle mode !
I/[MALI][Gralloc](  274): Usage: 0xb00, format: 0x1 stride: 1088 vertical_stride: 1920 size: 8355840
I/[MALI][Gralloc](  274): Usage: 0xb00, format: 0x1 stride: 1088 vertical_stride: 1920 size: 8355840
I/SensorHAL(  877): Dev Batch, handle: 7, name: LSM6DS3 Step Counter Sensor
I/SensorHAL(  877): Dev Flush, handle: 7, name: LSM6DS3 Step Counter Sensor, ret: -22
I/PerfService(  274): PerfServiceNative_notifyDisplayType:0
E/WifiStateMachine(  877): cancelDelayedScan -> 28
E/native  (  877): do suspend true
I/[MALI][Gralloc](  274): Usage: 0xb00, format: 0x1 stride: 1088 vertical_stride: 1920 size: 8355840
I/AudioFlinger(  300): setParameters(): io 0, keyvalue screen_state=off, calling pid 877
I/str_params(  300): key: 'screen_state' value: 'off'
I/wpa_supplicant( 1206): wpa_driver_nl80211_driver_cmd: buf =  ret = 2 used = 2 total = 4096
I/[MALI][Gralloc](  274): Usage: 0xb00, format: 0x1 stride: 1088 vertical_stride: 1920 size: 8355840
W/DecodingInfo( 1333): No Engine for Decoding
I/CalendarAgendaWidget(32591): onReceive action = android.intent.action.ACCESS_CONTROL_CHANGED
I/CalendarAgendaWidget(32591): onReceive action = android.intent.action.ACCESS_CONTROL_CHANGED
I/art     (  877): Background sticky concurrent mark sweep GC freed 30297(1782KB) AllocSpace objects, 0(0B) LOS objects, 3% free, 38MB/40MB, paused 2.846ms total 146.294ms
W/ContextImpl( 1698): Calling a method in the system process without a qualified user: android.app.ContextImpl.startService:1863 android.content.ContextWrapper.startService:516 com.meizu.networkmanager.c.r.a:25 com.meizu.networkmanager.boradcast.b$1$1.run:67 <bottom of call stack> 
I/Launcher( 1620): launcher stats1 = WORKSPACE
I/NetworkStatsRecorder(  877): recordSnapshotLocked: ident[[{type=WIFI, subType=COMBINED, networkId=chaozhouniurouwan}]]
W/NetworkStatsRecorder(  877): unknown interfaces [lo, p2p0], ignoring those stats
I/NetworkStatsRecorder(  877): recordSnapshotLocked: ident[[{type=WIFI, subType=COMBINED, networkId=chaozhouniurouwan}]]
W/NetworkStatsRecorder(  877): unknown interfaces [lo, p2p0], ignoring those stats
I/NetworkStatsRecorder(  877): recordSnapshotLocked: ident[[{type=WIFI, subType=COMBINED, networkId=chaozhouniurouwan}]]
I/NetworkStatsRecorder(  877): recordSnapshotLocked: ident[[{type=WIFI, subType=COMBINED, networkId=chaozhouniurouwan}]]
W/NetworkStatsRecorder(  877): unknown interfaces [lo, p2p0], ignoring those stats
I/NetworkStatsRecorder(  877): recordSnapshotLocked: ident[[{type=WIFI, subType=COMBINED, networkId=chaozhouniurouwan}]]
W/NetworkStatsRecorder(  877): unknown interfaces [lo, p2p0], ignoring those stats
W/auto_update_AppAutoUpdateManager( 3342): --Screen off but update app size == 0,switch:true, wifi:true, and Screen on: false, Power Connected: false, Battery: 100(-50|+15), Competitive:false(not check), downloaded size:0, downloaded time:0, available size:0
I/PreDownloadAndBookAppManager( 3342): normalCheck: true, post delay 2 min to  start book download task
I/AppCenterApplication( 3342): onTrimMemory: level = 60
I/SurfaceFlinger(  274): [Built-in Screen (type:0)] fps:26.908876,dur:1003.39,max:432.27,min:8.40
I/SensorHAL(  877): Dev Active, handle: 2, name: LTR559 Proximity Sensor, enable: 0.
I/SensorHAL(  877): SensorBase::Enable. name: LTR559 Proximity Sensor, enable: 0
I/SensorHAL(  877): HWSensorBase::Enable, handle: 2, name: lsm6ds3_proximity, enable: 0
I/SensorHAL(  877): Dev Active, handle: 1, name: LTR559 Light Sensor, enable: 0.
I/SensorHAL(  877): SensorBase::Enable. name: LTR559 Light Sensor, enable: 0
I/SensorHAL(  877): HWSensorBase::Enable, handle: 1, name: lsm6ds3_light, enable: 0
I/DisplayManagerService(  877): Display device changed: DisplayDeviceInfo{"内置屏幕": uniqueId="local:0", 1080 x 1920, 57.490005 fps, supportedRefreshRates [57.490005], density 480, 480.0 x 480.0 dpi, appVsyncOff -8000000, presDeadline 26394328, touch INTERNAL, rotation 0, type BUILT_IN, state OFF, subtype 0, FLAG_DEFAULT_DISPLAY, FLAG_ROTATES_WITH_CONTENT, FLAG_SECURE, FLAG_SUPPORTS_PROTECTED_BUFFERS}
I/hwcomposer(  274): [HWC] SetPowerMode(0) Display(0)
I/ActivityManager(  877): onWakefulnessChanged: 0
I/PerfService(  274): PerfServiceNative_notifyDisplayType:1
W/recents.Component( 1041): create a new LoadPlan to load thumbnail -- background
W/recents.Performance( 1041): preload while task Change spend : 2
I/AudioFlinger(  300): setParameters(): io 0, keyvalue mediaserver_monitor=1, calling pid 877
W/AudioALSAHardware(  300): setParameters(), still have param.size() = 1, remain param = "mediaserver_monitor=1"
I/str_params(  300): key: 'mediaserver_monitor' value: '1'
I/AudioPolicyManager(  300): setStreamVolumeIndex stream = 7 index = 15 device = 0x400
I/AppCenterApplication( 3342): onTrimMemory: level = 60
I/thermal_repeater(  323): oh, queryMdThermalInfo (0)Bad file number
I/thermal_repeater(  323): [recvMdThermalInfo] ret=25, strLen=127,  1, 32767,,, -1, 32767, 2
I/MeizuKeyguardThemeManager( 1041): setBarState ------ statusBarState=1,keyguardFadingAway=false,goingToFullShade=false,keyguardShowing=true
I/MeizuKeyguardThemeManager( 1041): setBarState 1
I/PhoneStatusBar( 1041): updateNotificationCountChange,mLastHasNotification:false , hasActiveNotifications:false
I/ChargeViewUtils( 1041): onRefreshBatteryInfo
I/ChargeViewUtils( 1041): updateChargingState shouldChargingViewShow = true , mPluggedIn = false
I/ChargeViewUtils( 1041): onRefreshBatteryInfo
I/ChargeViewUtils( 1041): updateChargingState shouldChargingViewShow = true , mPluggedIn = false
I/ChargeViewUtils( 1041): updateChargingState shouldChargingViewShow = true , mPluggedIn = false
W/KeyguardViewBase( 1041): setOnDismissAction =null
I/StatusBarManagerService(  877): disable by pkg=com.android.systemui
I/MyAnimatorService( 1620): hideLauncher
I/WindowManager(  877): Gaining focus: Window{2d945bf0 u0 StatusBar}
I/PanelView( 1041): Max panel height 812,expand height 0.0, shade mode false
W/View    ( 1041): requestLayout() improperly called by android.widget.FrameLayout{2ac9c3ae V.E..... ......ID 0,2681-1080,2681 #7f1002a2 app:id/mz_dismiss_view} during layout: running second layout pass
I/PanelView( 1041): Max panel height 657,expand height 0.0, shade mode false
I/PanelView( 1041): Max panel height 657,expand height 657.0, shade mode false
I/ChargeViewUtils( 1041): updateChargingState shouldChargingViewShow = true , mPluggedIn = false
I/PanelView( 1041): Max panel height 657,expand height 657.0, shade mode false
I/libPerfService(  877): perfSetFavorPid - pid:0, 0
I/[MALI][Gralloc](  274): Usage: 0xb00, format: 0x1 stride: 1088 vertical_stride: 1920 size: 8355840
I/[MALI][Gralloc](  274): Usage: 0xb00, format: 0x1 stride: 1088 vertical_stride: 1920 size: 8355840
W/View    ( 1041): requestLayout() improperly called by android.widget.FrameLayout{2ac9c3ae V.E..... ......ID 0,2526-1080,2526 #7f1002a2 app:id/mz_dismiss_view} during second layout pass: posting in next frame
I/art     ( 1041): Background partial concurrent mark sweep GC freed 3226(159KB) AllocSpace objects, 20(17MB) LOS objects, 4% free, 79MB/83MB, paused 7.867ms total 189.538ms
I/PanelView( 1041): Max panel height 657,expand height 657.0, shade mode false
E/Tethering(  877): updateConfiguration: wrong MCCMNC =null
I/Tethering(  877): ifaceTypes = null, use default
I/Tethering(  877): upstreamIfaceTypes.add:0
I/Tethering(  877): upstreamIfaceTypes.add:1
I/Tethering(  877): upstreamIfaceTypes.add:5
I/Tethering(  877): upstreamIfaceTypes.add:7
I/Tethering(  877): upstreamIfaceTypes.add:9
I/Tethering(  877): upstreamIfaceTypes.add:49
I/Tethering(  877): checkDunRequired:2
E/ccci_fsd(1)(  281): Failed to read from FS device (-1) !! errno = 4
E/ccci_fsd(1)(  281): Failed to read from FS device (-1) !! errno = 4
E/ccci_fsd(1)(  281): Failed to read from FS device (-1) !! errno = 4
E/ccci_fsd(1)(  281): Failed to read from FS device (-1) !! errno = 4
E/ccci_fsd(1)(  281): Failed to read from FS device (-1) !! errno = 4
I/libPerfService(  877): perfSetFavorPid - pid:1620, 654
I/PanelView( 1041): Max panel height 657,expand height 657.0, shade mode false
I/PanelView( 1041): Max panel height 657,expand height 657.0, shade mode false
E/ccci_fsd(1)(  281): Failed to read from FS device (-1) !! errno = 4
W/JobSchedulerService( 3342): onCreate:103,101,105,102,
W/JobSchedulerService( 3342): onStartJob:105,currentJobs:103,101,105,102,
W/JobServiceContext(  877): verifyCallingUid.687..:[ComponentInfo{com.meizu.mstore/com.meizu.cloud.app.jobscheduler.JobSchedulerService},jId=105,u0,R=(-04:47,-04:47),N=2,C=false,I=false,F=0,P=false(READY)]
W/JobServiceContext(  877): verifyCallingUid. END
I/NetworkStatsRecorder(  877): recordSnapshotLocked: ident[[{type=WIFI, subType=COMBINED, networkId=chaozhouniurouwan}]]
W/NetworkStatsRecorder(  877): unknown interfaces [lo, p2p0], ignoring those stats
I/NetworkStatsRecorder(  877): recordSnapshotLocked: ident[[{type=WIFI, subType=COMBINED, networkId=chaozhouniurouwan}]]
W/NetworkStatsRecorder(  877): unknown interfaces [lo, p2p0], ignoring those stats
I/NetworkStatsRecorder(  877): recordSnapshotLocked: ident[[{type=WIFI, subType=COMBINED, networkId=chaozhouniurouwan}]]
W/NetworkStatsRecorder(  877): unknown interfaces [lo, p2p0], ignoring those stats
W/NetworkStatsRecorder(  877): unknown interfaces [lo, p2p0], ignoring those stats
W/JobServiceContext(  877): verifyCallingUid.687..:[ComponentInfo{com.meizu.mstore/com.meizu.cloud.app.jobscheduler.JobSchedulerService},jId=105,u0,R=(-04:47,-04:47),N=2,C=false,I=false,F=0,P=false(READY)]
W/JobServiceContext(  877): verifyCallingUid. END
W/JobServiceContext(  877): closeAndCleanupJobH.687..:[ComponentInfo{com.meizu.mstore/com.meizu.cloud.app.jobscheduler.JobSchedulerService},jId=105,u0,R=(-04:47,-04:47),N=2,C=false,I=false,F=0,P=false(READY)]
W/JobSchedulerService( 3342): onDestroy:103,101,105,102,
E/WifiManagerFlyme( 1287): disableScanInterface exception: java.lang.NoSuchMethodException
W/ContextImpl( 1698): Calling a method in the system process without a qualified user: android.app.ContextImpl.startService:1863 android.content.ContextWrapper.startService:516 com.meizu.networkmanager.monitor.t.a:118 com.meizu.networkmanager.monitor.t.a:62 com.meizu.networkmanager.monitor.t$1.run:69 
I/BatteryConsumeMonitor( 1287): idleModeFlag : true
I/BatteryConsumeMonitor( 1287): setRepeatAlarm
I/PanelView( 1041): Max panel height 657,expand height 657.0, shade mode false
E/ActivityManagerFlyme( 1287): getCloneIDFromPid exception java.lang.NoSuchMethodException
E/ActivityManagerFlyme( 1287): getCloneIDFromPid exception java.lang.NoSuchMethodException
E/ActivityManagerFlyme( 1287): getCloneIDFromPid exception java.lang.NoSuchMethodException
E/ActivityManagerFlyme( 1287): getCloneIDFromPid exception java.lang.NoSuchMethodException
E/ActivityManagerFlyme( 1287): getCloneIDFromPid exception java.lang.NoSuchMethodException
E/ActivityManagerFlyme( 1287): getCloneIDFromPid exception java.lang.NoSuchMethodException
E/ActivityManagerFlyme( 1287): getCloneIDFromPid exception java.lang.NoSuchMethodException
E/ActivityManagerFlyme( 1287): getCloneIDFromPid exception java.lang.NoSuchMethodException
E/ActivityManagerFlyme( 1287): getCloneIDFromPid exception java.lang.NoSuchMethodException
E/ActivityManagerFlyme( 1287): getCloneIDFromPid exception java.lang.NoSuchMethodException
E/ActivityManagerFlyme( 1287): getCloneIDFromPid exception java.lang.NoSuchMethodException
E/ActivityManagerFlyme( 1287): getCloneIDFromPid exception java.lang.NoSuchMethodException
E/ActivityManagerFlyme( 1287): getCloneIDFromPid exception java.lang.NoSuchMethodException
E/ActivityManagerFlyme( 1287): getCloneIDFromPid exception java.lang.NoSuchMethodException
E/ActivityManagerFlyme( 1287): getCloneIDFromPid exception java.lang.NoSuchMethodException
E/ActivityManagerFlyme( 1287): getCloneIDFromPid exception java.lang.NoSuchMethodException
E/ActivityManagerFlyme( 1287): getCloneIDFromPid exception java.lang.NoSuchMethodException
E/ActivityManagerFlyme( 1287): getCloneIDFromPid exception java.lang.NoSuchMethodException
E/ActivityManagerFlyme( 1287): getCloneIDFromPid exception java.lang.NoSuchMethodException
E/ActivityManagerFlyme( 1287): getCloneIDFromPid exception java.lang.NoSuchMethodException
E/ActivityManagerFlyme( 1287): getCloneIDFromPid exception java.lang.NoSuchMethodException
E/ActivityManagerFlyme( 1287): getCloneIDFromPid exception java.lang.NoSuchMethodException
E/ActivityManagerFlyme( 1287): getCloneIDFromPid exception java.lang.NoSuchMethodException
I/PanelView( 1041): Max panel height 657,expand height 657.0, shade mode false
E/ActivityManagerFlyme( 1287): getCloneIDFromPid exception java.lang.NoSuchMethodException
E/ActivityManagerFlyme( 1287): getCloneIDFromPid exception java.lang.NoSuchMethodException
E/ActivityManagerFlyme( 1287): getCloneIDFromPid exception java.lang.NoSuchMethodException
E/ActivityManagerFlyme( 1287): getCloneIDFromPid exception java.lang.NoSuchMethodException
E/ActivityManagerFlyme( 1287): getCloneIDFromPid exception java.lang.NoSuchMethodException
E/ActivityManagerFlyme( 1287): getCloneIDFromPid exception java.lang.NoSuchMethodException
E/ActivityManagerFlyme( 1287): getCloneIDFromPid exception java.lang.NoSuchMethodException
E/ActivityManagerFlyme( 1287): getCloneIDFromPid exception java.lang.NoSuchMethodException
E/ActivityManagerFlyme( 1287): getCloneIDFromPid exception java.lang.NoSuchMethodException
E/ActivityManagerFlyme( 1287): getCloneIDFromPid exception java.lang.NoSuchMethodException
E/ActivityManagerFlyme( 1287): getCloneIDFromPid exception java.lang.NoSuchMethodException
E/ActivityManagerFlyme( 1287): getCloneIDFromPid exception java.lang.NoSuchMethodException
E/ActivityManagerFlyme( 1287): getCloneIDFromPid exception java.lang.NoSuchMethodException
E/ActivityManagerFlyme( 1287): getCloneIDFromPid exception java.lang.NoSuchMethodException
I/KeyguardUpdateMonitor( 1041): handleBatteryUpdate index=0 updateInteresting=false
E/ActivityManagerFlyme( 1287): getRunningTaskInfoCloneId failed: java.lang.NoSuchFieldException: mCloneID
I/BatteryConsumeMonitor( 1287):  levelScale : 0
I/BatteryConsumeMonitor( 1287):  timeScale : 409826
I/BatteryConsumeMonitor( 1287): MIN_SIPPER_TIME : 2700000
I/BatteryConsumeMonitor( 1287): triggered : false
I/BatteryConsumeMonitor( 1287): init var lastPlugType : 0 lastBatteryChangedLevel : 100
E/ccci_fsd(1)(  281): Failed to read from FS device (-1) !! errno = 4
I/thermal_repeater(  323): oh, queryMdThermalInfo (0)Bad file number
I/thermal_repeater(  323): [recvMdThermalInfo] ret=25, strLen=127,  1, 32767,,, -1, 32767, 2
I/PanelView( 1041): Max panel height 657,expand height 657.0, shade mode false
I/PanelView( 1041): Max panel height 657,expand height 657.0, shade mode false
E/ccci_fsd(1)(  281): Failed to read from FS device (-1) !! errno = 4
E/ccci_fsd(1)(  281): Failed to read from FS device (-1) !! errno = 4
I/PanelView( 1041): Max panel height 657,expand height 657.0, shade mode false
I/PanelView( 1041): Max panel height 657,expand height 657.0, shade mode false
I/AppCenterApplication( 3342): onTrimMemory: level = 60
I/SensorHAL(  877): Dev Batch, handle: 7, name: LSM6DS3 Step Counter Sensor
I/AppCenterApplication( 3342): onTrimMemory: level = 60
E/ccci_fsd(1)(  281): Failed to read from FS device (-1) !! errno = 4
E/ccci_fsd(1)(  281): Failed to read from FS device (-1) !! errno = 4
E/ccci_fsd(1)(  281): Failed to read from FS device (-1) !! errno = 4
E/ccci_fsd(1)(  281): Failed to read from FS device (-1) !! errno = 4
I/AudioFlinger(  300): setParameters(): io 0, keyvalue mediaserver_monitor=1, calling pid 877
W/AudioALSAHardware(  300): setParameters(), still have param.size() = 1, remain param = "mediaserver_monitor=1"
I/str_params(  300): key: 'mediaserver_monitor' value: '1'
I/AudioPolicyManager(  300): setStreamVolumeIndex stream = 7 index = 15 device = 0x400
I/PanelView( 1041): Max panel height 657,expand height 657.0, shade mode false
I/PanelView( 1041): Max panel height 657,expand height 657.0, shade mode false
E/ccci_fsd(1)(  281): Failed to read from FS device (-1) !! errno = 4
I/PanelView( 1041): Max panel height 657,expand height 657.0, shade mode false
I/PanelView( 1041): Max panel height 657,expand height 657.0, shade mode false
E/ccci_fsd(1)(  281): Failed to read from FS device (-1) !! errno = 4
I/PanelView( 1041): Max panel height 657,expand height 657.0, shade mode false
I/PanelView( 1041): Max panel height 657,expand height 657.0, shade mode false
E/ccci_fsd(1)(  281): Failed to read from FS device (-1) !! errno = 4
I/KeyguardUpdateMonitor( 1041): handleBatteryUpdate index=0 updateInteresting=false
I/BatteryConsumeMonitor( 1287):  levelScale : 0
I/BatteryConsumeMonitor( 1287):  timeScale : 299977
I/BatteryConsumeMonitor( 1287): MIN_SIPPER_TIME : 2700000
I/BatteryConsumeMonitor( 1287): triggered : false
I/BatteryConsumeMonitor( 1287): init var lastPlugType : 0 lastBatteryChangedLevel : 100
E/ccci_fsd(1)(  281): Failed to read from FS device (-1) !! errno = 4
I/thermal_repeater(  323): oh, queryMdThermalInfo (0)Bad file number
I/thermal_repeater(  323): [recvMdThermalInfo] ret=25, strLen=127,  1, 32767,,, -1, 32767, 2
I/PanelView( 1041): Max panel height 657,expand height 657.0, shade mode false
I/PanelView( 1041): Max panel height 657,expand height 657.0, shade mode false
E/ccci_fsd(1)(  281): Failed to read from FS device (-1) !! errno = 4
W/Watchdog(  877): SWT Watchdog after wait current time:22386473
W/Watchdog(  877): **Get SF Time **1
W/Watchdog(  877): SWT Watchdog before synchronized:22386473
W/Watchdog(  877): SWT Watchdog after synchronized:22386473
W/Watchdog(  877): SWT Watchdog before wait timeout:30000
W/Watchdog(  877): SWT Watchdog before wait current time:22386473
W/Watchdog(  877): SWT Watchdog before wait start:22386473
W/Watchdog(  877): SWT Watchdog before wait CHECK_INTERVAL:30000
I/PanelView( 1041): Max panel height 657,expand height 657.0, shade mode false
I/PanelView( 1041): Max panel height 657,expand height 657.0, shade mode false
I/AppCenterApplication( 3342): onTrimMemory: level = 60
E/ccci_fsd(1)(  281): Failed to read from FS device (-1) !! errno = 4
I/KeyguardUpdateMonitor( 1041): handleBatteryUpdate index=0 updateInteresting=false
I/BatteryConsumeMonitor( 1287):  levelScale : 0
I/BatteryConsumeMonitor( 1287):  timeScale : 352017
I/BatteryConsumeMonitor( 1287): MIN_SIPPER_TIME : 2700000
I/BatteryConsumeMonitor( 1287): triggered : false
I/BatteryConsumeMonitor( 1287): init var lastPlugType : 0 lastBatteryChangedLevel : 100
E/ccci_fsd(1)(  281): Failed to read from FS device (-1) !! errno = 4
I/PanelView( 1041): Max panel height 657,expand height 657.0, shade mode false
I/PanelView( 1041): Max panel height 657,expand height 657.0, shade mode false
E/ccci_fsd(1)(  281): Failed to read from FS device (-1) !! errno = 4
I/PanelView( 1041): Max panel height 657,expand height 657.0, shade mode false
I/PanelView( 1041): Max panel height 657,expand height 657.0, shade mode false
I/KeyguardUpdateMonitor( 1041): handleBatteryUpdate index=0 updateInteresting=false
I/BatteryConsumeMonitor( 1287):  levelScale : 0
I/BatteryConsumeMonitor( 1287):  timeScale : 295011
I/BatteryConsumeMonitor( 1287): MIN_SIPPER_TIME : 2700000
I/BatteryConsumeMonitor( 1287): triggered : false
I/BatteryConsumeMonitor( 1287): init var lastPlugType : 0 lastBatteryChangedLevel : 100
E/ccci_fsd(1)(  281): Failed to read from FS device (-1) !! errno = 4
E/ccci_fsd(1)(  281): Failed to read from FS device (-1) !! errno = 4
E/ccci_fsd(1)(  281): Failed to read from FS device (-1) !! errno = 4
I/AppCenterApplication( 3342): onTrimMemory: level = 60
E/ccci_fsd(1)(  281): Failed to read from FS device (-1) !! errno = 4
I/PanelView( 1041): Max panel height 657,expand height 657.0, shade mode false
I/PanelView( 1041): Max panel height 657,expand height 657.0, shade mode false
E/ccci_fsd(1)(  281): Failed to read from FS device (-1) !! errno = 4
I/thermal_repeater(  323): oh, queryMdThermalInfo (0)Bad file number
I/thermal_repeater(  323): [recvMdThermalInfo] ret=25, strLen=127,  1, 32767,,, -1, 32767, 2
I/AppCenterApplication( 3342): onTrimMemory: level = 60
E/ccci_fsd(1)(  281): Failed to read from FS device (-1) !! errno = 4
E/ccci_fsd(1)(  281): Failed to read from FS device (-1) !! errno = 4
I/PanelView( 1041): Max panel height 657,expand height 657.0, shade mode false
I/PanelView( 1041): Max panel height 657,expand height 657.0, shade mode false
E/ccci_fsd(1)(  281): Failed to read from FS device (-1) !! errno = 4
E/ccci_fsd(1)(  281): Failed to read from FS device (-1) !! errno = 4
I/PanelView( 1041): Max panel height 657,expand height 657.0, shade mode false
I/PanelView( 1041): Max panel height 657,expand height 657.0, shade mode false
E/ccci_fsd(1)(  281): Failed to read from FS device (-1) !! errno = 4
I/AudioFlinger(  300): setParameters(): io 0, keyvalue mediaserver_monitor=1, calling pid 877
W/AudioALSAHardware(  300): setParameters(), still have param.size() = 1, remain param = "mediaserver_monitor=1"
I/str_params(  300): key: 'mediaserver_monitor' value: '1'
I/AudioPolicyManager(  300): setStreamVolumeIndex stream = 7 index = 15 device = 0x400
E/ccci_fsd(1)(  281): Failed to read from FS device (-1) !! errno = 4
I/KeyguardUpdateMonitor( 1041): handleBatteryUpdate index=0 updateInteresting=false
I/BatteryConsumeMonitor( 1287):  levelScale : 0
I/BatteryConsumeMonitor( 1287):  timeScale : 252967
I/BatteryConsumeMonitor( 1287): MIN_SIPPER_TIME : 2700000
I/BatteryConsumeMonitor( 1287): triggered : false
I/BatteryConsumeMonitor( 1287): init var lastPlugType : 0 lastBatteryChangedLevel : 100
I/update_UpdateChecker( 3342): start check:false,battery,limit interval:10800000,delta:0,button:false,manual:false,batch:false,notify:false,last success time:2018-09-03 12:56:53,interval config:180 minutes,current interval:163 minutes
I/auto_update_AppAutoUpdateManager( 3342): runAutoUpdateAperiodically,start:true,from:battery,request interval:3926/240 minutes,throttle:true,switch:true, wifi:true, and Screen on: false, Power Connected: false, Battery: 100(-50|+15), Competitive:false(not check), downloaded size:0, downloaded time:0, available size:0
E/auto_update_AppAutoUpdateManager( 3342): no app need to update,next time:360 minutes later,switch:true, wifi:true, and Screen on: false, Power Connected: false, Battery: 100(-50|+15), Competitive:false(not check), downloaded size:0, downloaded time:0, available size:0
I/auto_update_AppAutoUpdateManager( 3342): switch:true, wifi:true, and Screen on: false, Power Connected: false, Battery: 100(-50|+15), Competitive:false(not check), downloaded size:0, downloaded time:0, available size:0
I/auto_update_AppAutoUpdateManager( 3342): createJobOnce: delay 360 minutes
I/auto_update_AppAutoUpdateManager( 3342): current Jobs:103,101,102,100,
E/ccci_fsd(1)(  281): Failed to read from FS device (-1) !! errno = 4
I/PanelView( 1041): Max panel height 657,expand height 657.0, shade mode false
I/PanelView( 1041): Max panel height 657,expand height 657.0, shade mode false
E/ccci_fsd(1)(  281): Failed to read from FS device (-1) !! errno = 4
E/ccci_fsd(1)(  281): Failed to read from FS device (-1) !! errno = 4
I/thermal_repeater(  323): oh, queryMdThermalInfo (0)Bad file number
E/ccci_fsd(1)(  281): Failed to read from FS device (-1) !! errno = 4
I/thermal_repeater(  323): [recvMdThermalInfo] ret=25, strLen=127,  1, 32767,,, -1, 32767, 2
I/PanelView( 1041): Max panel height 657,expand height 657.0, shade mode false
I/PanelView( 1041): Max panel height 657,expand height 657.0, shade mode false
I/art     (  877): Background partial concurrent mark sweep GC freed 42346(1963KB) AllocSpace objects, 3(2MB) LOS objects, 9% free, 36MB/40MB, paused 2.655ms total 161.644ms
I/AppCenterApplication( 3342): onTrimMemory: level = 60
E/ccci_fsd(1)(  281): Failed to read from FS device (-1) !! errno = 4
E/ccci_fsd(1)(  281): Failed to read from FS device (-1) !! errno = 4
I/PanelView( 1041): Max panel height 657,expand height 657.0, shade mode false
I/PanelView( 1041): Max panel height 657,expand height 657.0, shade mode false
E/ccci_fsd(1)(  281): Failed to read from FS device (-1) !! errno = 4
I/PanelView( 1041): Max panel height 657,expand height 657.0, shade mode false
I/PanelView( 1041): Max panel height 657,expand height 657.0, shade mode false
E/ccci_fsd(1)(  281): Failed to read from FS device (-1) !! errno = 4
I/PanelView( 1041): Max panel height 657,expand height 657.0, shade mode false
I/PanelView( 1041): Max panel height 657,expand height 657.0, shade mode false
I/BatteryConsumeMonitor( 1287):  levelScale : 0
I/BatteryConsumeMonitor( 1287):  timeScale : 360003
I/BatteryConsumeMonitor( 1287): MIN_SIPPER_TIME : 2700000
I/BatteryConsumeMonitor( 1287): triggered : false
I/BatteryConsumeMonitor( 1287): init var lastPlugType : 0 lastBatteryChangedLevel : 100
I/KeyguardUpdateMonitor( 1041): handleBatteryUpdate index=0 updateInteresting=false
E/ccci_fsd(1)(  281): Failed to read from FS device (-1) !! errno = 4
I/PanelView( 1041): Max panel height 657,expand height 657.0, shade mode false
I/PanelView( 1041): Max panel height 657,expand height 657.0, shade mode false
E/ccci_fsd(1)(  281): Failed to read from FS device (-1) !! errno = 4
I/NetworkStatsRecorder(  877): recordSnapshotLocked: ident[[{type=WIFI, subType=COMBINED, networkId=chaozhouniurouwan}]]
W/NetworkStatsRecorder(  877): unknown interfaces [lo, p2p0], ignoring those stats
I/NetworkStatsRecorder(  877): recordSnapshotLocked: ident[[{type=WIFI, subType=COMBINED, networkId=chaozhouniurouwan}]]
W/NetworkStatsRecorder(  877): unknown interfaces [lo, p2p0], ignoring those stats
I/NetworkStatsRecorder(  877): recordSnapshotLocked: ident[[{type=WIFI, subType=COMBINED, networkId=chaozhouniurouwan}]]
W/NetworkStatsRecorder(  877): unknown interfaces [lo, p2p0], ignoring those stats
W/NetworkStatsRecorder(  877): unknown interfaces [lo, p2p0], ignoring those stats
I/PanelView( 1041): Max panel height 657,expand height 657.0, shade mode false
I/PanelView( 1041): Max panel height 657,expand height 657.0, shade mode false
W/ContextImpl( 1698): Calling a method in the system process without a qualified user: android.app.ContextImpl.startService:1863 android.content.ContextWrapper.startService:516 com.meizu.networkmanager.monitor.t.a:118 com.meizu.networkmanager.monitor.t.a:62 com.meizu.networkmanager.monitor.t$1.run:69 
E/ActivityManagerFlyme( 1287): getCloneIDFromPid exception java.lang.NoSuchMethodException
E/ActivityManagerFlyme( 1287): getCloneIDFromPid exception java.lang.NoSuchMethodException
I/BatteryConsumeMonitor( 1287):  start : 03-15-19-47 end 03-15-50-07
E/ActivityManagerFlyme( 1287): getCloneIDFromPid exception java.lang.NoSuchMethodException
E/ActivityManagerFlyme( 1287): getCloneIDFromPid exception java.lang.NoSuchMethodException
E/ActivityManagerFlyme( 1287): getCloneIDFromPid exception java.lang.NoSuchMethodException
E/ActivityManagerFlyme( 1287): getCloneIDFromPid exception java.lang.NoSuchMethodException
E/ActivityManagerFlyme( 1287): getCloneIDFromPid exception java.lang.NoSuchMethodException
E/ActivityManagerFlyme( 1287): getCloneIDFromPid exception java.lang.NoSuchMethodException
E/ActivityManagerFlyme( 1287): getCloneIDFromPid exception java.lang.NoSuchMethodException
E/ActivityManagerFlyme( 1287): getCloneIDFromPid exception java.lang.NoSuchMethodException
E/ActivityManagerFlyme( 1287): getCloneIDFromPid exception java.lang.NoSuchMethodException
E/ActivityManagerFlyme( 1287): getCloneIDFromPid exception java.lang.NoSuchMethodException
E/ActivityManagerFlyme( 1287): getCloneIDFromPid exception java.lang.NoSuchMethodException
E/ActivityManagerFlyme( 1287): getCloneIDFromPid exception java.lang.NoSuchMethodException
E/ActivityManagerFlyme( 1287): getCloneIDFromPid exception java.lang.NoSuchMethodException
E/ActivityManagerFlyme( 1287): getCloneIDFromPid exception java.lang.NoSuchMethodException
E/ActivityManagerFlyme( 1287): getCloneIDFromPid exception java.lang.NoSuchMethodException
E/ActivityManagerFlyme( 1287): getCloneIDFromPid exception java.lang.NoSuchMethodException
E/ActivityManagerFlyme( 1287): getCloneIDFromPid exception java.lang.NoSuchMethodException
E/ActivityManagerFlyme( 1287): getCloneIDFromPid exception java.lang.NoSuchMethodException
