I/art     (17308): Explicit concurrent mark sweep GC freed 12286(473KB) AllocSpace objects, 1(16KB) LOS objects, 6% free, 61MB/65MB, paused 4.002ms total 76.561ms
I/libPerfService(  881): 7: set: 1
I/libPerfService(  881): 7: set freq: 0
I/PerfService(  881): PerfServiceNative_boostDisableAsync:5
I/libPerfService(  881): 5: set: 1
I/libPerfService(  881): 5: set freq: 0
I/art     (17308): Explicit concurrent mark sweep GC freed 1812(99KB) AllocSpace objects, 1(16KB) LOS objects, 6% free, 61MB/65MB, paused 4.372ms total 78.134ms
I/art     (17308): Explicit concurrent mark sweep GC freed 144(5KB) AllocSpace objects, 0(0B) LOS objects, 6% free, 61MB/65MB, paused 3.476ms total 70.477ms
I/art     (17308): Explicit concurrent mark sweep GC freed 202(7KB) AllocSpace objects, 0(0B) LOS objects, 6% free, 61MB/65MB, paused 3.768ms total 74.928ms
I/libPerfService(  881): 7: set: 1
I/libPerfService(  881): 7: set freq: 0
W/ADB_SERVICES(16908): entered. LS(2070) fd=22
I/PerfService(  881): PerfServiceNative_boostDisableAsync:5
I/libPerfService(  881): 5: set: 1
I/libPerfService(  881): 5: set freq: 0
W/ADB_SERVICES(16908): create_local_service_socket() name=shell:dumpsys gfxinfo com.jieshun.jslife
W/ADB_SERVICES(16908): service_to_fd() name=shell:dumpsys gfxinfo com.jieshun.jslife
W/ADB_SERVICES(16908): read_meminfo() mem_free=60120
W/ADB_SERVICES(16908): create_subproc ret_fd=22 pid=17826
W/ADB_SERVICES(16908): LS(2071): bound to 'shell:dumpsys gfxinfo com.jieshun.jslife' via 22
W/ADB_SERVICES(17826): adb: unable to update oom_score_adj
W/ADB_SERVICES(16908): entered. LS(2071) fd=22
W/ADB_SERVICES(16908): create_local_service_socket() name=shell:cat /proc/17308/net/dev
W/ADB_SERVICES(16908): service_to_fd() name=shell:cat /proc/17308/net/dev
W/ADB_SERVICES(16908): read_meminfo() mem_free=60096
W/ADB_SERVICES(16908): create_subproc ret_fd=22 pid=17828
W/ADB_SERVICES(16908): LS(2072): bound to 'shell:cat /proc/17308/net/dev' via 22
W/ADB_SERVICES(17828): adb: unable to update oom_score_adj
W/ADB_SERVICES(16908): entered. LS(2072) fd=22
W/ADB_SERVICES(16908): create_local_service_socket() name=shell:dumpsys battery
W/ADB_SERVICES(16908): service_to_fd() name=shell:dumpsys battery
W/ADB_SERVICES(16908): read_meminfo() mem_free=59740
W/ADB_SERVICES(16908): create_subproc ret_fd=22 pid=17829
W/ADB_SERVICES(16908): LS(2073): bound to 'shell:dumpsys battery' via 22
W/ADB_SERVICES(17829): adb: unable to update oom_score_adj
W/ADB_SERVICES(16908): entered. LS(2073) fd=22
I/libPerfService(  881): 7: set: 1
I/libPerfService(  881): 7: set freq: 0
I/ActivityManager(  881): START u0 {act=android.intent.action.MAIN cat=[android.intent.category.LAUNCHER] flg=0x10200000 cmp=com.jieshun.jslife/.activity.common.WelcomeActivity} from uid 2000 on display 0 from pid 17290
I/SurfaceFlinger(  276): [Built-in Screen (type:0)] fps:6.087361,dur:1149.92,max:191.93,min:34.88
I/System.out(17308): isFirstLoc：true
I/System.out(17308): ******jscarlife*********************onReceiveLocation***************逆地理编码******
I/System.out(17308): open:http://api.map.baidu.com/sdkproxy/v2/lbs_androidsdk/geocoder/v2?location=22.576963934446574%2C114.04992758308882&coordtype=bd09ll&pois=1&output=json&from=android_map_sdk&latest_admin=0&token=4113DTKIb0b7eqvx7mztyYnn4qOxyrAWbB6IeY3UFkLi81L5fkwomAO1jp6hOpSqzwMIWdCs%2BOsmBqETEgiPU2bv1Eg4q8zQkSPXfwYb7WsxCkwztUJBjiMlV1gz%2BRLHjjHEd2C1Gjyd04dIh%2FZ66NXrMgB67Db3YmMntCoeIXXBFUfX8howSjyGiaA&pcn=com.jieshun.jslife&screen=1080%2C1920&cuid=686E53F3C8D0961EAD4B50E4D2258C2D%7C944874720008868&dpi=480%2C480&resid=02&appid=-1&mb=m2%20note&ctm=1532078256.495000&net=1&bduid=&channel=baidu&os=Android22&sv=4.5.2&sign=0911c670ceeb365488b18f64c4bc137c
I/System.out(17308): [OkHttp] sendRequest>>
I/System.out(17308): [OkHttp] sendRequest<<
I/libPerfService(  881): 7: set: 1
I/libPerfService(  881): 7: set freq: 0
I/PerfService(  881): PerfServiceNative_boostDisableAsync:5
I/libPerfService(  881): 5: set: 1
I/libPerfService(  881): 5: set freq: 0
I/System.out(17308): [OkHttp] sendRequest>>
I/System.out(17308): [OkHttp] sendRequest<<
I/libPerfService(  881): 7: set: 1
I/libPerfService(  881): 7: set freq: 0
I/PerfService(  881): PerfServiceNative_boostDisableAsync:5
I/libPerfService(  881): 5: set: 1
I/libPerfService(  881): 5: set freq: 0
I/System.out(17308): [OkHttp] sendRequest>>
I/System.out(17308): [OkHttp] sendRequest<<
I/AudioFlinger(  304): setParameters(): io 0, keyvalue mediaserver_monitor=1, calling pid 881
W/AudioALSAHardware(  304): setParameters(), still have param.size() = 1, remain param = "mediaserver_monitor=1"
I/str_params(  304): key: 'mediaserver_monitor' value: '1'
I/AudioPolicyManager(  304): setStreamVolumeIndex stream = 7 index = 15 device = 0x400
I/libPerfService(  881): 7: set: 1
I/libPerfService(  881): 7: set freq: 0
I/PerfService(  881): PerfServiceNative_boostDisableAsync:5
I/libPerfService(  881): 5: set: 1
I/libPerfService(  881): 5: set freq: 0
I/libPerfService(  881): 7: set: 1
I/libPerfService(  881): 7: set freq: 0
I/PerfService(  881): PerfServiceNative_boostDisableAsync:5
I/libPerfService(  881): 5: set: 1
I/libPerfService(  881): 5: set freq: 0
I/SurfaceFlinger(  276): [Built-in Screen (type:0)] fps:5.992125,dur:1168.20,max:209.14,min:69.69
I/PerfService(  881): PerfServiceNative_boostDisableAsync:5
I/libPerfService(  881): 5: set: 1
I/libPerfService(  881): 5: set freq: 0
I/XMPP    (17308): 用户名或密码为空=============== userName=null
I/XMPP    (17308):  匿名转实名-----  实名登陆失败===============再次尝试登陆
I/XMPP    (17308): 匿名转实名登录失败！！！！！！！  休息========9000秒
I/PerfService(  881): PerfServiceNative_boostDisableAsync:5
I/libPerfService(  881): 5: set: 1
I/libPerfService(  881): 5: set freq: 0
W/ADB_SERVICES(16908): create_local_service_socket() name=shell:cat /proc/17308/stat
W/ADB_SERVICES(16908): service_to_fd() name=shell:cat /proc/17308/stat
W/ADB_SERVICES(16908): read_meminfo() mem_free=64304
W/ADB_SERVICES(16908): create_subproc ret_fd=22 pid=17831
W/ADB_SERVICES(16908): LS(2074): bound to 'shell:cat /proc/17308/stat' via 22
W/ADB_SERVICES(17831): adb: unable to update oom_score_adj
W/ADB_SERVICES(16908): entered. LS(2074) fd=22
I/libPerfService(  881): 7: set: 1
I/libPerfService(  881): 7: set freq: 0
I/PerfService(  881): PerfServiceNative_boostDisableAsync:5
I/libPerfService(  881): 5: set: 1
I/libPerfService(  881): 5: set freq: 0
I/SurfaceFlinger(  276): [Built-in Screen (type:0)] fps:6.942472,dur:1008.29,max:192.32,min:49.28
I/libPerfService(  881): 7: set: 1
I/libPerfService(  881): 7: set freq: 0
I/PerfService(  881): PerfServiceNative_boostDisableAsync:5
I/libPerfService(  881): 5: set: 1
I/libPerfService(  881): 5: set freq: 0
I/thermal_repeater(  322): oh, queryMdThermalInfo (0)Bad file number
I/thermal_repeater(  322): [recvMdThermalInfo] ret=25, strLen=127,  1, 32767,,, -1, 32767, 2
I/libPerfService(  881): 7: set: 1
I/libPerfService(  881): 7: set freq: 0
I/PerfService(  881): PerfServiceNative_boostDisableAsync:5
I/libPerfService(  881): 5: set: 1
I/libPerfService(  881): 5: set freq: 0
W/ADB_SERVICES(16908): create_local_service_socket() name=shell:cat /proc/17308/stat
W/ADB_SERVICES(16908): service_to_fd() name=shell:cat /proc/17308/stat
W/ADB_SERVICES(16908): read_meminfo() mem_free=64148
W/ADB_SERVICES(16908): create_subproc ret_fd=22 pid=17832
W/ADB_SERVICES(16908): LS(2075): bound to 'shell:cat /proc/17308/stat' via 22
W/ADB_SERVICES(17832): adb: unable to update oom_score_adj
W/ADB_SERVICES(16908): entered. LS(2075) fd=22
W/ADB_SERVICES(16908): create_local_service_socket() name=shell:cat /proc/stat
W/ADB_SERVICES(16908): service_to_fd() name=shell:cat /proc/stat
W/ADB_SERVICES(16908): read_meminfo() mem_free=64008
W/ADB_SERVICES(16908): create_subproc ret_fd=22 pid=17833
W/ADB_SERVICES(16908): LS(2076): bound to 'shell:cat /proc/stat' via 22
W/ADB_SERVICES(17833): adb: unable to update oom_score_adj
W/ADB_SERVICES(16908): entered. LS(2076) fd=22
I/PerfService(  881): PerfServiceNative_boostDisableAsync:5
I/libPerfService(  881): 5: set: 1
I/libPerfService(  881): 5: set freq: 0
I/libPerfService(  881): 7: set: 1
I/libPerfService(  881): 7: set freq: 0
I/WindowManager(  881): interceptKeyTq keycode=5 interactive=true keyguardActive=false policyFlags=2b000000 down =true canceled = false isWakeKey=false mVolumeDownKeyTriggered =false mVolumeUpKeyTriggered =false result = 1 useHapticFeedback = false isInjected = true result = 1
I/WindowManager(  881): interceptKeyTi keyCode=5 down=true repeatCount=0 keyguardOn=false mHomePressed=false canceled=false metaState:0
I/ViewRootImpl(17308): WindowInputEventReceiver onInputEvent!! KeyCode is 5, action is 0
I/WindowManager(  881): interceptKeyTq keycode=5 interactive=true keyguardActive=false policyFlags=2b000000 down =false canceled = false isWakeKey=false mVolumeDownKeyTriggered =false mVolumeUpKeyTriggered =false result = 1 useHapticFeedback = false isInjected = true result = 1
I/WindowManager(  881): interceptKeyTi keyCode=5 down=false repeatCount=0 keyguardOn=false mHomePressed=false canceled=false metaState:0
I/ViewRootImpl(17308): WindowInputEventReceiver onInputEvent!! KeyCode is 5, action is 1
I/ActivityManager(  881): START u0 {act=android.intent.action.CALL_BUTTON flg=0x10000000} from uid 10102 on display 0 from pid 17308
W/PhoneFallbackEventHandler(17308): No activity found for android.intent.action.CALL_BUTTON.
I/SurfaceFlinger(  276): [Built-in Screen (type:0)] fps:5.374593,dur:1116.36,max:192.31,min:157.13
I/libPerfService(  881): 7: set: 1
I/libPerfService(  881): 7: set freq: 0
I/PerfService(  881): PerfServiceNative_boostDisableAsync:5
I/libPerfService(  881): 5: set: 1
I/libPerfService(  881): 5: set freq: 0
I/PanelView( 1045): mTracking false,cancel fling false,instant collapse false
I/WindowManager(  881): interceptKeyTq keycode=122 interactive=true keyguardActive=false policyFlags=2b000000 down =true canceled = false isWakeKey=false mVolumeDownKeyTriggered =false mVolumeUpKeyTriggered =false result = 1 useHapticFeedback = false isInjected = true result = 1
I/WindowManager(  881): interceptKeyTi keyCode=122 down=true repeatCount=0 keyguardOn=false mHomePressed=false canceled=false metaState:4096
I/WindowManager(  881): interceptKeyTq keycode=122 interactive=true keyguardActive=false policyFlags=2b000000 down =false canceled = false isWakeKey=false mVolumeDownKeyTriggered =false mVolumeUpKeyTriggered =false result = 1 useHapticFeedback = false isInjected = true result = 1
I/WindowManager(  881): interceptKeyTi keyCode=122 down=false repeatCount=0 keyguardOn=false mHomePressed=false canceled=false metaState:4096
I/ViewRootImpl(17308): WindowInputEventReceiver onInputEvent!! KeyCode is 122, action is 0
I/ViewRootImpl(17308): WindowInputEventReceiver onInputEvent!! KeyCode is 122, action is 1
I/libPerfService(  881): 7: set: 1
I/libPerfService(  881): 7: set freq: 0
I/SensorHAL(  881): Dev Batch, handle: 4, name: LSM6DS3 Accelerometer Sensor
W/ADB_SERVICES(16908): create_local_service_socket() name=shell:cat /proc/stat
W/ADB_SERVICES(16908): service_to_fd() name=shell:cat /proc/stat
W/ADB_SERVICES(16908): read_meminfo() mem_free=64024
W/ADB_SERVICES(16908): create_subproc ret_fd=22 pid=17834
W/ADB_SERVICES(16908): LS(2077): bound to 'shell:cat /proc/stat' via 22
W/ADB_SERVICES(17834): adb: unable to update oom_score_adj
I/SensorHAL(  881): Dev Flush, handle: 4, name: LSM6DS3 Accelerometer Sensor, ret: -22
I/ActivityManager(  881): Controller Pid : 0
I/art     (17290): System.exit called, status: 0
I/AndroidRuntime(17290): VM exiting with result code 0.
W/ADB_SERVICES(16908): entered. LS(1980) fd=17
W/ADB_SERVICES(16908): entered. LS(2077) fd=22
W/ADB_SERVICES(16908): create_local_service_socket() name=shell:dumpsys meminfo com.jieshun.jslife
W/ADB_SERVICES(16908): service_to_fd() name=shell:dumpsys meminfo com.jieshun.jslife
W/ADB_SERVICES(16908): read_meminfo() mem_free=71124
W/ADB_SERVICES(16908): create_subproc ret_fd=17 pid=17836
W/ADB_SERVICES(16908): LS(2078): bound to 'shell:dumpsys meminfo com.jieshun.jslife' via 17
W/ADB_SERVICES(17836): adb: unable to update oom_score_adj
I/System.out(17308): [CDS]EAGAIN in Recvfrom
I/System.out(17308): [CDS]read byte is 0
I/System.out(17308): Close in OkHttp
I/System.out(17308): [CDS]close[34707]
I/NetworkManagementSocketTagger(17308): untagSocket(72)
I/System.out(17308): [OkHttp] sendRequest>>
I/System.out(17308): [OkHttp] sendRequest<<
I/libPerfService(  881): 7: set: 1
I/libPerfService(  881): 7: set freq: 0
I/System.out(17308): [CDS]EAGAIN in Recvfrom
I/System.out(17308): [CDS]read byte is 0
E/HttpClient(17308): Catch exception. INNER_ERROR
I/System.out(17308): [CDS]close[57494]
I/NetworkManagementSocketTagger(17308): untagSocket(162)
I/art     (17308): Explicit concurrent mark sweep GC freed 10789(549KB) AllocSpace objects, 3(48KB) LOS objects, 6% free, 61MB/65MB, paused 3.586ms total 84.222ms
I/art     (17308): Explicit concurrent mark sweep GC freed 294(21KB) AllocSpace objects, 0(0B) LOS objects, 6% free, 61MB/65MB, paused 3.350ms total 71.130ms
I/libPerfService(  881): 7: set: 1
I/libPerfService(  881): 7: set freq: 0
I/SurfaceFlinger(  276): [Built-in Screen (type:0)] fps:5.914132,dur:1183.61,max:209.23,min:87.27
I/art     (17308): Explicit concurrent mark sweep GC freed 209(8KB) AllocSpace objects, 0(0B) LOS objects, 6% free, 61MB/65MB, paused 3.320ms total 76.787ms
I/art     (17308): Explicit concurrent mark sweep GC freed 172(6KB) AllocSpace objects, 0(0B) LOS objects, 6% free, 61MB/65MB, paused 3.555ms total 70.592ms
I/libPerfService(  881): 7: set: 1
I/libPerfService(  881): 7: set freq: 0
I/art     (17308): Explicit concurrent mark sweep GC freed 149(5KB) AllocSpace objects, 0(0B) LOS objects, 6% free, 61MB/65MB, paused 4.126ms total 70.329ms
W/ADB_SERVICES(16908): entered. LS(2078) fd=17
W/ADB_SERVICES(16908): create_local_service_socket() name=shell:dumpsys gfxinfo com.jieshun.jslife
W/ADB_SERVICES(16908): service_to_fd() name=shell:dumpsys gfxinfo com.jieshun.jslife
W/ADB_SERVICES(16908): read_meminfo() mem_free=70908
W/ADB_SERVICES(16908): create_subproc ret_fd=17 pid=17837
W/ADB_SERVICES(16908): LS(2079): bound to 'shell:dumpsys gfxinfo com.jieshun.jslife' via 17
W/ADB_SERVICES(17837): adb: unable to update oom_score_adj
W/ADB_SERVICES(16908): entered. LS(2079) fd=17
W/ADB_SERVICES(16908): create_local_service_socket() name=shell:cat /proc/17308/net/dev
W/ADB_SERVICES(16908): service_to_fd() name=shell:cat /proc/17308/net/dev
W/ADB_SERVICES(16908): read_meminfo() mem_free=70852
W/ADB_SERVICES(16908): create_subproc ret_fd=17 pid=17839
W/ADB_SERVICES(16908): LS(2080): bound to 'shell:cat /proc/17308/net/dev' via 17
W/ADB_SERVICES(17839): adb: unable to update oom_score_adj
W/ADB_SERVICES(16908): entered. LS(2080) fd=17
W/ADB_SERVICES(16908): create_local_service_socket() name=shell:dumpsys battery
W/ADB_SERVICES(16908): service_to_fd() name=shell:dumpsys battery
W/ADB_SERVICES(16908): read_meminfo() mem_free=70936
W/ADB_SERVICES(16908): create_subproc ret_fd=17 pid=17840
W/ADB_SERVICES(16908): LS(2081): bound to 'shell:dumpsys battery' via 17
W/ADB_SERVICES(17840): adb: unable to update oom_score_adj
W/ADB_SERVICES(16908): entered. LS(2081) fd=17
W/ADB_SERVICES(16908): create_local_service_socket() name=shell:dumpsys battery
W/ADB_SERVICES(16908): service_to_fd() name=shell:dumpsys battery
W/ADB_SERVICES(16908): read_meminfo() mem_free=71072
W/ADB_SERVICES(16908): create_subproc ret_fd=17 pid=17841
W/ADB_SERVICES(16908): LS(2082): bound to 'shell:dumpsys battery' via 17
W/ADB_SERVICES(17841): adb: unable to update oom_score_adj
W/ADB_SERVICES(16908): entered. LS(2082) fd=17
I/libPerfService(  881): 7: set: 1
I/libPerfService(  881): 7: set freq: 0
D/[BT3.0+HS]PAL(  332): == chip_reset_fd is set ==
D/[BT3.0+HS]PAL(  332): 
D/[BT3.0+HS]PAL(  332): invalid reply message
D/[BT3.0+HS]PAL(  332): 
I/libPerfService(  881): 7: set: 1
I/libPerfService(  881): 7: set freq: 0
I/System.out(17308): [CDS]EAGAIN in Recvfrom
I/System.out(17308): [CDS]read byte is 0
I/System.out(17308): [CDS]close[48408]
I/NetworkManagementSocketTagger(17308): untagSocket(158)
I/libPerfService(  881): 7: set: 1
I/libPerfService(  881): 7: set freq: 0
I/SurfaceFlinger(  276): [Built-in Screen (type:0)] fps:5.992467,dur:1168.13,max:209.17,min:87.20
I/libPerfService(  881): 7: set: 1
I/libPerfService(  881): 7: set freq: 0
I/EMDLOGGER1(  780): MD writer time out 10 sec.
I/libPerfService(  881): 7: set: 1
I/libPerfService(  881): 7: set freq: 0
I/SurfaceFlinger(  276): [Built-in Screen (type:0)] fps:5.991614,dur:1168.30,max:209.27,min:70.21
I/thermal_repeater(  322): oh, queryMdThermalInfo (0)Bad file number
I/thermal_repeater(  322): [recvMdThermalInfo] ret=25, strLen=127,  1, 32767,,, -1, 32767, 2
I/SurfaceFlinger(  276): [Built-in Screen (type:0)] fps:6.007934,dur:1165.13,max:205.87,min:34.69
I/System.out(17308): [CDS]EAGAIN in Recvfrom
I/System.out(17308): [CDS]read byte is 0
I/System.out(17308): Close in OkHttp
I/System.out(17308): [CDS]close[57844]
I/NetworkManagementSocketTagger(17308): untagSocket(179)
D/libc-netbsd(17308): [getaddrinfo]: hostname=api.map.baidu.com; servname=(null); cache_mode=(null), netid=0; mark=0
D/libc-netbsd(17308): [getaddrinfo]: ai_addrlen=0; ai_canonname=(null); ai_flags=4; ai_family=0
D/libc-netbsd(17308): [getaddrinfo]: hostname=api.map.baidu.com; servname=(null); cache_mode=(null), netid=0; mark=0
D/libc-netbsd(17308): [getaddrinfo]: ai_addrlen=0; ai_canonname=(null); ai_flags=1024; ai_family=0
D/libc-netbsd(  299): [getaddrinfo]: hostname=api.map.baidu.com; servname=(null); cache_mode=local, netid=104; mark=917608
D/libc-netbsd(  299): [getaddrinfo]: ai_addrlen=0; ai_canonname=(null); ai_flags=1024; ai_family=0
D/libc-netbsd(  299): default dns: query_ipv6=0, query_ipv4=1
D/libc-netbsd(  299): res_queryN name = api.map.baidu.com, class = 1, type = 1
D/libc-netbsd(  299): res_queryN name = api.map.baidu.com succeed
D/libc-netbsd(17308): getaddrinfo: api.map.baidu.com get result from proxy >>
I/System.out(17308): propertyValue:true
I/System.out(17308): [CDS]connect[api.map.baidu.com/106.39.162.84:80] tm:4
I/System.out(17308): isFirstLoc：true
I/System.out(17308): ******jscarlife*********************onReceiveLocation***************逆地理编码******
D/[BT3.0+HS]PAL(  332): == chip_reset_fd is set ==
D/[BT3.0+HS]PAL(  332): 
D/[BT3.0+HS]PAL(  332): invalid reply message
D/[BT3.0+HS]PAL(  332): 
D/[BT3.0+HS]PAL(  332): == chip_reset_fd is set ==
D/[BT3.0+HS]PAL(  332): 
D/[BT3.0+HS]PAL(  332): invalid reply message
D/[BT3.0+HS]PAL(  332): 
E/wpa_supplicant( 1294): This is a Iphone softap!!!!!!! 
I/Netd    (  299): Get netlink event, ifname: wlan0 action: 4
I/Netd    (  299): Get netlink event, ifname: wlan0 action: 4
I/System.out(17308): open:http://api.map.baidu.com/sdkproxy/v2/lbs_androidsdk/geocoder/v2?location=22.576963934446574%2C114.04992758308882&coordtype=bd09ll&pois=1&output=json&from=android_map_sdk&latest_admin=0&token=4113DTKIb0b7eqvx7mztyYnn4qOxyrAWbB6IeY3UFkLi81L5fkwomAO1jp6hOpSqzwMIWdCs%2BOsmBqETEgiPU2bv1Eg4q8zQkSPXfwYb7WsxCkwztUJBjiMlV1gz%2BRLHjjHEd2C1Gjyd04dIh%2FZ66NXrMgB67Db3YmMntCoeIXXBFUfX8howSjyGiaA&pcn=com.jieshun.jslife&screen=1080%2C1920&cuid=686E53F3C8D0961EAD4B50E4D2258C2D%7C944874720008868&dpi=480%2C480&resid=02&appid=-1&mb=m2%20note&ctm=1532078274.050000&net=1&bduid=&channel=baidu&os=Android22&sv=4.5.2&sign=f39ef85b028b2ebbcac02ff583aa3e4e
D/libc-netbsd(17308): [getaddrinfo]: hostname=api.map.baidu.com; servname=(null); cache_mode=(null), netid=0; mark=0
D/libc-netbsd(17308): [getaddrinfo]: ai_addrlen=0; ai_canonname=(null); ai_flags=4; ai_family=0
I/System.out(17308): [CDS]connect[api.map.baidu.com/106.39.162.84:80] tm:4
E/WifiConfigStore(  881):  rewrite network history for "chaozhouniurouwan"WPA_PSK
E/WifiStateMachine(  881): mIsFullScanOngoing: true, mSendScanResultsBroadcast: false
E/WifiStateMachine(  881): mWifiOnScanCount: 1312
I/libPerfService(  881): perfSetFavorPid - pid:17308, 439c
W/ContextImpl( 9304): Calling a method in the system process without a qualified user: android.app.ContextImpl.startService:1863 android.content.ContextWrapper.startService:516 android.content.ContextWrapper.startService:516 com.meizu.dataservice.ExperienceReceiver.a:-1 com.meizu.dataservice.ExperienceReceiver.onReceive:-1 
I/libPerfService(  881): perfSetFavorPid - pid:0, 0
I/SurfaceFlinger(  276): [Built-in Screen (type:0)] fps:5.212409,dur:1151.10,max:192.35,min:191.46
I/NetworkManagementSocketTagger(17481): untagSocket(52)
I/NetworkManagementSocketTagger(17481): untagSocket(52)
I/NetworkManagementSocketTagger(17481): untagSocket(52)
I/NetworkManagementSocketTagger(17481): untagSocket(52)
I/NetworkManagementSocketTagger(17481): untagSocket(52)
I/NetworkManagementSocketTagger(17481): untagSocket(52)
I/NetworkManagementSocketTagger(17481): untagSocket(52)
I/NetworkManagementSocketTagger(17481): untagSocket(52)
I/NetworkManagementSocketTagger(17481): untagSocket(52)
I/NetworkManagementSocketTagger(17481): untagSocket(52)
I/NetworkManagementSocketTagger(17481): untagSocket(52)
I/System.out(17481): open:https://loc.map.baidu.com/sdk.php
I/System.out(17481): [OkHttp] sendRequest>>
I/System.out(17481): [OkHttp] sendRequest<<
I/SurfaceFlinger(  276): [Built-in Screen (type:0)] fps:6.705296,dur:1043.95,max:192.02,min:34.45
D/EMDLOGGER1(  780): CTRL_reader: incoming SPLM req, msgid=6, token=0, result=0
I/EMDLOGGER1(  780): [MDLOG] [stats][buf] L1 : data:0x17256 last:0x54b168; (1, 0x4b34, 0x54b168)(3, 0x69b, 0x54afed)PS : data:0x51cf last:0x54b168; L2 : data:0x3e76 last:0x54b168; 
D/EMDLOGGER1(  780): CTRL_reader: incoming SPLM req, msgid=6, token=0, result=0
I/EMDLOGGER1(  780): [MDLOG] [stats][mux] MCU : data:0x249fb last:0x54b053; DSP : data:0x0 last:0x0; 
I/XMPP    (17308): 用户名或密码为空=============== userName=null
I/XMPP    (17308):  匿名转实名-----  实名登陆失败===============再次尝试登陆
I/XMPP    (17308): 匿名转实名登录失败！！！！！！！  休息========10000秒
I/AudioFlinger(  304): setParameters(): io 0, keyvalue mediaserver_monitor=1, calling pid 881
W/AudioALSAHardware(  304): setParameters(), still have param.size() = 1, remain param = "mediaserver_monitor=1"
I/str_params(  304): key: 'mediaserver_monitor' value: '1'
I/AudioPolicyManager(  304): setStreamVolumeIndex stream = 7 index = 15 device = 0x400
I/SurfaceFlinger(  276): [Built-in Screen (type:0)] fps:5.548602,dur:1081.35,max:192.10,min:122.31
I/libPerfService(  881): perfSetFavorPid - pid:17308, 439c
I/System.out(17308): [OkHttp] sendRequest>>
I/System.out(17308): [OkHttp] sendRequest<<
W/Watchdog(  881): SWT Watchdog after wait current time:27755228
W/Watchdog(  881): **Get SF Time **1
W/Watchdog(  881): SWT Watchdog before synchronized:27755228
W/Watchdog(  881): SWT Watchdog after synchronized:27755228
W/Watchdog(  881): SWT Watchdog before wait timeout:30000
W/Watchdog(  881): SWT Watchdog before wait current time:27755229
W/Watchdog(  881): SWT Watchdog before wait start:27755229
W/Watchdog(  881): SWT Watchdog before wait CHECK_INTERVAL:30000
I/System.out(17308): [OkHttp] sendRequest>>
I/System.out(17308): [OkHttp] sendRequest<<
I/NetworkManagementSocketTagger(17481): untagSocket(45)
I/System.out(17308): isFirstLoc：true
I/System.out(17308): ******jscarlife*********************onReceiveLocation***************逆地理编码******
I/System.out(17308): open:http://api.map.baidu.com/sdkproxy/v2/lbs_androidsdk/geocoder/v2?location=22.577083074214418%2C114.0500041864299&coordtype=bd09ll&pois=1&output=json&from=android_map_sdk&latest_admin=0&token=4113DTKIb0b7eqvx7mztyYnn4qOxyrAWbB6IeY3UFkLi81L5fkwomAO1jp6hOpSqzwMIWdCs%2BOsmBqETEgiPU2bv1Eg4q8zQkSPXfwYb7WsxCkwztUJBjiMlV1gz%2BRLHjjHEd2C1Gjyd04dIh%2FZ66NXrMgB67Db3YmMntCoeIXXBFUfX8howSjyGiaA&pcn=com.jieshun.jslife&screen=1080%2C1920&cuid=686E53F3C8D0961EAD4B50E4D2258C2D%7C944874720008868&dpi=480%2C480&resid=02&appid=-1&mb=m2%20note&ctm=1532078220.475000&net=1&bduid=&channel=baidu&os=Android22&sv=4.5.2&sign=7ba394ca7c1a0cf247e16e9a7a825837
D/libc-netbsd(17308): [getaddrinfo]: hostname=api.map.baidu.com; servname=(null); cache_mode=(null), netid=0; mark=0
D/libc-netbsd(17308): [getaddrinfo]: ai_addrlen=0; ai_canonname=(null); ai_flags=4; ai_family=0
D/libc-netbsd(17308): [getaddrinfo]: hostname=api.map.baidu.com; servname=(null); cache_mode=(null), netid=0; mark=0
D/libc-netbsd(17308): [getaddrinfo]: ai_addrlen=0; ai_canonname=(null); ai_flags=1024; ai_family=0
D/libc-netbsd(  299): [getaddrinfo]: hostname=api.map.baidu.com; servname=(null); cache_mode=local, netid=104; mark=917608
D/libc-netbsd(  299): [getaddrinfo]: ai_addrlen=0; ai_canonname=(null); ai_flags=1024; ai_family=0
D/libc-netbsd(  299): default dns: query_ipv6=0, query_ipv4=1
D/libc-netbsd(  299): res_queryN name = api.map.baidu.com, class = 1, type = 1
D/libc-netbsd(  299): res_queryN name = api.map.baidu.com succeed
D/libc-netbsd(17308): getaddrinfo: api.map.baidu.com get result from proxy >>
I/System.out(17308): propertyValue:true
I/System.out(17308): [CDS]connect[api.map.baidu.com/106.39.162.84:80] tm:4
I/libPerfService(  881): perfSetFavorPid - pid:0, 0
I/SurfaceFlinger(  276): [Built-in Screen (type:0)] fps:6.937165,dur:1009.06,max:226.38,min:34.55
I/thermal_repeater(  322): oh, queryMdThermalInfo (0)Bad file number
I/thermal_repeater(  322): [recvMdThermalInfo] ret=25, strLen=127,  1, 32767,,, -1, 32767, 2
I/EMDLOGGER1(  780): MDL rate:30 KB/s, full count:0
I/SurfaceFlinger(  276): [Built-in Screen (type:0)] fps:6.919078,dur:1011.70,max:208.38,min:17.29
I/SurfaceFlinger(  276): [Built-in Screen (type:0)] fps:6.189888,dur:1130.88,max:192.74,min:52.14
I/System.out(17308): isFirstLoc：true
I/System.out(17308): ******jscarlife*********************onReceiveLocation***************逆地理编码******
I/System.out(17308): open:http://api.map.baidu.com/sdkproxy/v2/lbs_androidsdk/geocoder/v2?location=22.577083074214418%2C114.0500041864299&coordtype=bd09ll&pois=1&output=json&from=android_map_sdk&latest_admin=0&token=4113DTKIb0b7eqvx7mztyYnn4qOxyrAWbB6IeY3UFkLi81L5fkwomAO1jp6hOpSqzwMIWdCs%2BOsmBqETEgiPU2bv1Eg4q8zQkSPXfwYb7WsxCkwztUJBjiMlV1gz%2BRLHjjHEd2C1Gjyd04dIh%2FZ66NXrMgB67Db3YmMntCoeIXXBFUfX8howSjyGiaA&pcn=com.jieshun.jslife&screen=1080%2C1920&cuid=686E53F3C8D0961EAD4B50E4D2258C2D%7C944874720008868&dpi=480%2C480&resid=02&appid=-1&mb=m2%20note&ctm=1532078226.492000&net=1&bduid=&channel=baidu&os=Android22&sv=4.5.2&sign=76a0e6d2ee3a9f42cb7ad0e10052ba1d
D/libc-netbsd(17308): [getaddrinfo]: hostname=api.map.baidu.com; servname=(null); cache_mode=(null), netid=0; mark=0
D/libc-netbsd(17308): [getaddrinfo]: ai_addrlen=0; ai_canonname=(null); ai_flags=4; ai_family=0
D/libc-netbsd(17308): [getaddrinfo]: hostname=api.map.baidu.com; servname=(null); cache_mode=(null), netid=0; mark=0
D/libc-netbsd(17308): [getaddrinfo]: ai_addrlen=0; ai_canonname=(null); ai_flags=1024; ai_family=0
D/libc-netbsd(  299): [getaddrinfo]: hostname=api.map.baidu.com; servname=(null); cache_mode=local, netid=104; mark=917608
D/libc-netbsd(  299): [getaddrinfo]: ai_addrlen=0; ai_canonname=(null); ai_flags=1024; ai_family=0
D/libc-netbsd(  299): default dns: query_ipv6=0, query_ipv4=1
D/libc-netbsd(  299): res_queryN name = api.map.baidu.com, class = 1, type = 1
D/libc-netbsd(  299): res_queryN name = api.map.baidu.com succeed
D/libc-netbsd(17308): getaddrinfo: api.map.baidu.com get result from proxy >>
I/System.out(17308): propertyValue:true
I/System.out(17308): [CDS]connect[api.map.baidu.com/106.39.162.84:80] tm:4
I/NetworkManagementSocketTagger(17308): untagSocket(72)
I/SurfaceFlinger(  276): [Built-in Screen (type:0)] fps:5.992615,dur:1168.10,max:208.81,min:69.68
I/System.out(17308): [CDS]close[52690]
I/NetworkManagementSocketTagger(17308): untagSocket(162)
E/HttpClient(17308): Catch connection exception, INNER_ERROR
I/SurfaceFlinger(  276): [Built-in Screen (type:0)] fps:6.082558,dur:1150.83,max:192.35,min:86.64
W/XMPP    (17308): No response from the server.: 
W/System.err(17308): com.jht.jsif.comm.CommunicationException: No response from the server.: 
W/System.err(17308): 	at com.jht.jsif.comm.B.S.G(Unknown Source)
W/System.err(17308): 	at com.jht.jsif.comm.B.S.connect(Unknown Source)
W/System.err(17308): 	at connective.JSXMPPProxy.loginToOpenfire(JSXMPPProxy.java:240)
W/System.err(17308): 	at connective.JSXMPPProxy$PollConnectThread.run(JSXMPPProxy.java:415)
W/System.err(17308): Caused by: No response from the server.: 
W/System.err(17308): 	at org.jivesoftware.smack.SASLAuthentication.bindResourceAndEstablishSession(SASLAuthentication.java:452)
W/System.err(17308): 	at org.jivesoftware.smack.SASLAuthentication.authenticateAnonymously(SASLAuthentication.java:413)
W/System.err(17308): 	at org.jivesoftware.smack.XMPPConnection.loginAnonymously(XMPPConnection.java:283)
W/System.err(17308): 	... 4 more
I/XMPP    (17308): loginToOpenfire==============  登陆openfire的结果 isSuccess:  false
I/XMPP    (17308): 实名登录失败！！！！！验证不通过，转匿名登陆   userName=null pwd=null
I/XMPP    (17308): 实名登录失败！！！！！！！！！！！！！重新实名登陆   userName=null pwd=null
I/XMPP    (17308): 实名登录失败！！！！！！！  休息========3000秒
I/thermal_repeater(  322): oh, queryMdThermalInfo (0)Bad file number
I/thermal_repeater(  322): [recvMdThermalInfo] ret=25, strLen=127,  1, 32767,,, -1, 32767, 2
I/NetworkManagementSocketTagger(17308): untagSocket(158)
I/SurfaceFlinger(  276): [Built-in Screen (type:0)] fps:6.082227,dur:1150.89,max:192.01,min:52.28
I/System.out(17308): [OkHttp] sendRequest>>
I/System.out(17308): [OkHttp] sendRequest<<
I/SurfaceFlinger(  276): [Built-in Screen (type:0)] fps:5.929339,dur:1180.57,max:209.83,min:17.57
I/EMDLOGGER1(  780): MD writer time out 10 sec.
I/libPerfService(  881): perfSetFavorPid - pid:17308, 439c
I/libPerfService(  881): perfSetFavorPid - pid:0, 0
D/[BT3.0+HS]PAL(  332): == chip_reset_fd is set ==
D/[BT3.0+HS]PAL(  332): 
D/[BT3.0+HS]PAL(  332): invalid reply message
D/[BT3.0+HS]PAL(  332): 
W/BindingManager(17308): Cannot call determinedVisibility() - never saw a connection for the pid: 17308
I/WindowManager(  881): Gaining focus: Window{340ba5c u0 com.jieshun.jslife/com.jieshun.jslife.activity.userinfo.OpenDoorApplyWebViewActivity}
I/WindowManager(  881): Losing focus: Window{1468dac7 u0 com.jieshun.jslife/com.jieshun.jslife.activity.userinfo.OpenDoorApplyWebViewActivity EXITING}
W/DecodingInfo( 6853): No Engine for Decoding
I/SurfaceFlinger(  276): [Built-in Screen (type:0)] fps:5.302906,dur:1131.46,max:192.85,min:172.41
I/XMPP    (17308): 有网络，开始轮询登录========
I/XMPP    (17308): 发起登录openfire============== OPENFIRE=jsimp.jslife.com.cn SERVICE_NAME=openfire-cloud PORT=7608  userName=null  pwd=null ; resource=A1b117b2fb
I/XMPP    (17308): 用户名或密码或资源名为----》userName========null ; pwd========null ; resource======A1b117b2fb
D/libc-netbsd(17308): [getaddrinfo]: hostname=jsimp.jslife.com.cn; servname=(null); cache_mode=(null), netid=0; mark=0
D/libc-netbsd(17308): [getaddrinfo]: ai_addrlen=0; ai_canonname=(null); ai_flags=4; ai_family=0
D/libc-netbsd(17308): [getaddrinfo]: hostname=jsimp.jslife.com.cn; servname=(null); cache_mode=(null), netid=0; mark=0
D/libc-netbsd(17308): [getaddrinfo]: ai_addrlen=0; ai_canonname=(null); ai_flags=1024; ai_family=0
D/libc-netbsd(  299): [getaddrinfo]: hostname=jsimp.jslife.com.cn; servname=(null); cache_mode=local, netid=104; mark=917608
D/libc-netbsd(  299): [getaddrinfo]: ai_addrlen=0; ai_canonname=(null); ai_flags=1024; ai_family=0
D/libc-netbsd(  299): default dns: query_ipv6=0, query_ipv4=1
D/libc-netbsd(  299): res_queryN name = jsimp.jslife.com.cn, class = 1, type = 1
D/libc-netbsd(  299): res_queryN name = jsimp.jslife.com.cn succeed
D/libc-netbsd(17308): getaddrinfo: jsimp.jslife.com.cn get result from proxy >>
I/System.out(17308): propertyValue:true
I/System.out(17308): [CDS]connect[jsimp.jslife.com.cn/112.74.43.206:7608] tm:90
I/XMPP    (17308): 用户名或密码为空=============== userName=null
I/XMPP    (17308):  匿名转实名-----  实名登陆失败===============再次尝试登陆
I/XMPP    (17308): 匿名转实名登录失败！！！！！！！  休息========10000秒
I/AudioFlinger(  304): setParameters(): io 0, keyvalue mediaserver_monitor=1, calling pid 881
W/AudioALSAHardware(  304): setParameters(), still have param.size() = 1, remain param = "mediaserver_monitor=1"
I/str_params(  304): key: 'mediaserver_monitor' value: '1'
I/AudioPolicyManager(  304): setStreamVolumeIndex stream = 7 index = 15 device = 0x400
I/SurfaceFlinger(  276): [Built-in Screen (type:0)] fps:14.252500,dur:1052.45,max:651.70,min:15.10
D/MDLOGGER_CLEAR_LOG(  780): mdlogger clearLog V4.W1442.1
I/MDLOGGER_CLEAR_LOG(  780): clearLogFolder /storage/sdcard0/mtklog/mdlog1 size is 41 M. Recycle size is 600 M,no need clear log
I/NetworkManagementSocketTagger(17308): untagSocket(165)
I/SurfaceFlinger(  276): [Built-in Screen (type:0)] fps:0.989839,dur:1010.26,max:1010.26,min:1010.26
I/thermal_repeater(  322): oh, queryMdThermalInfo (0)Bad file number
I/thermal_repeater(  322): [recvMdThermalInfo] ret=25, strLen=127,  1, 32767,,, -1, 32767, 2
I/EMDLOGGER1(  780): MDL rate:31 KB/s, full count:0
D/[BT3.0+HS]PAL(  332): == chip_reset_fd is set ==
D/[BT3.0+HS]PAL(  332): 
D/[BT3.0+HS]PAL(  332): invalid reply message
D/[BT3.0+HS]PAL(  332): 
I/Netd    (  299): Get netlink event, ifname: wlan0 action: 4
D/[BT3.0+HS]PAL(  332): == chip_reset_fd is set ==
D/[BT3.0+HS]PAL(  332): 
D/[BT3.0+HS]PAL(  332): invalid reply message
D/[BT3.0+HS]PAL(  332): 
I/Netd    (  299): Get netlink event, ifname: wlan0 action: 4
E/WifiConfigStore(  881):  rewrite network history for "chaozhouniurouwan"WPA_PSK
E/WifiStateMachine(  881): mIsFullScanOngoing: true, mSendScanResultsBroadcast: false
E/WifiStateMachine(  881): mWifiOnScanCount: 1313
I/libPerfService(  881): perfSetFavorPid - pid:17308, 439c
W/ContextImpl( 9304): Calling a method in the system process without a qualified user: android.app.ContextImpl.startService:1863 android.content.ContextWrapper.startService:516 android.content.ContextWrapper.startService:516 com.meizu.dataservice.ExperienceReceiver.a:-1 com.meizu.dataservice.ExperienceReceiver.onReceive:-1 
I/art     (  881): Background sticky concurrent mark sweep GC freed 17796(1673KB) AllocSpace objects, 0(0B) LOS objects, 3% free, 44MB/46MB, paused 13.331ms total 65.246ms
I/System.out(17308): isFirstLoc：true
I/System.out(17308): ******jscarlife*********************onReceiveLocation***************逆地理编码******
I/System.out(17308): open:http://api.map.baidu.com/sdkproxy/v2/lbs_androidsdk/geocoder/v2?location=22.577083074214418%2C114.0500041864299&coordtype=bd09ll&pois=1&output=json&from=android_map_sdk&latest_admin=0&token=4113DTKIb0b7eqvx7mztyYnn4qOxyrAWbB6IeY3UFkLi81L5fkwomAO1jp6hOpSqzwMIWdCs%2BOsmBqETEgiPU2bv1Eg4q8zQkSPXfwYb7WsxCkwztUJBjiMlV1gz%2BRLHjjHEd2C1Gjyd04dIh%2FZ66NXrMgB67Db3YmMntCoeIXXBFUfX8howSjyGiaA&pcn=com.jieshun.jslife&screen=1080%2C1920&cuid=686E53F3C8D0961EAD4B50E4D2258C2D%7C944874720008868&dpi=480%2C480&resid=02&appid=-1&mb=m2%20note&ctm=1532078242.613000&net=1&bduid=&channel=baidu&os=Android22&sv=4.5.2&sign=0930727a228d1a9fe2abbdb45fc68168
I/System.out(17308): [OkHttp] sendRequest>>
I/System.out(17308): [OkHttp] sendRequest<<
I/libPerfService(  881): perfSetFavorPid - pid:0, 0
I/libPerfService(  881): perfSetFavorPid - pid:17308, 439c
W/MTKLogger(10981): Maybe device was updated from old version, change property to newer one
I/StorageManagerEx(10981): getInternalStoragePath from Property path=/storage/sdcard0
W/MTKLogger(10981): Maybe device was updated from old version, change property to newer one
I/StorageManagerEx(10981): getInternalStoragePath from Property path=/storage/sdcard0
D/EMDLOGGER1(  780): CTRL_reader: incoming SPLM req, msgid=6, token=0, result=0
I/EMDLOGGER1(  780): [MDLOG] [stats][buf] L1 : data:0x1a794 last:0x54bbba; (1, 0x4d80, 0x54bbba)(3, 0x69b, 0x54bb4d)PS : data:0x541b last:0x54bbba; L2 : data:0x4cb4 last:0x54bbb9; 
D/EMDLOGGER1(  780): CTRL_reader: incoming SPLM req, msgid=6, token=0, result=0
I/EMDLOGGER1(  780): [MDLOG] [stats][mux] MCU : data:0x25ccf last:0x54bab2; DSP : data:0x0 last:0x0; 
I/libPerfService(  881): perfSetFavorPid - pid:0, 0
I/SurfaceFlinger(  276): [Built-in Screen (type:0)] fps:1.007148,dur:1985.81,max:992.91,min:992.90
I/System.out(17308): isFirstLoc：true
I/System.out(17308): ******jscarlife*********************onReceiveLocation***************逆地理编码******
I/System.out(17308): open:http://api.map.baidu.com/sdkproxy/v2/lbs_androidsdk/geocoder/v2?location=22.577083074214418%2C114.0500041864299&coordtype=bd09ll&pois=1&output=json&from=android_map_sdk&latest_admin=0&token=4113DTKIb0b7eqvx7mztyYnn4qOxyrAWbB6IeY3UFkLi81L5fkwomAO1jp6hOpSqzwMIWdCs%2BOsmBqETEgiPU2bv1Eg4q8zQkSPXfwYb7WsxCkwztUJBjiMlV1gz%2BRLHjjHEd2C1Gjyd04dIh%2FZ66NXrMgB67Db3YmMntCoeIXXBFUfX8howSjyGiaA&pcn=com.jieshun.jslife&screen=1080%2C1920&cuid=686E53F3C8D0961EAD4B50E4D2258C2D%7C944874720008868&dpi=480%2C480&resid=02&appid=-1&mb=m2%20note&ctm=1532078246.485000&net=1&bduid=&channel=baidu&os=Android22&sv=4.5.2&sign=26b10b36551b4be68777ecfa294f28c7
I/System.out(17308): [OkHttp] sendRequest>>
I/System.out(17308): [OkHttp] sendRequest<<
I/SurfaceFlinger(  276): [Built-in Screen (type:0)] fps:1.007177,dur:1985.75,max:993.11,min:992.63
I/SurfaceFlinger(  276): [Built-in Screen (type:0)] fps:0.989270,dur:1010.85,max:1010.85,min:1010.85
I/NetworkManagementSocketTagger(17308): untagSocket(72)
I/thermal_repeater(  322): oh, queryMdThermalInfo (0)Bad file number
I/thermal_repeater(  322): [recvMdThermalInfo] ret=25, strLen=127,  1, 32767,,, -1, 32767, 2
I/NetworkManagementSocketTagger(17308): untagSocket(158)
I/SurfaceFlinger(  276): [Built-in Screen (type:0)] fps:1.007424,dur:1985.26,max:992.89,min:992.37
I/System.out(17308): isFirstLoc：true
I/System.out(17308): ******jscarlife*********************onReceiveLocation***************逆地理编码******
I/System.out(17308): open:http://api.map.baidu.com/sdkproxy/v2/lbs_androidsdk/geocoder/v2?location=22.577083074214418%2C114.0500041864299&coordtype=bd09ll&pois=1&output=json&from=android_map_sdk&latest_admin=0&token=4113DTKIb0b7eqvx7mztyYnn4qOxyrAWbB6IeY3UFkLi81L5fkwomAO1jp6hOpSqzwMIWdCs%2BOsmBqETEgiPU2bv1Eg4q8zQkSPXfwYb7WsxCkwztUJBjiMlV1gz%2BRLHjjHEd2C1Gjyd04dIh%2FZ66NXrMgB67Db3YmMntCoeIXXBFUfX8howSjyGiaA&pcn=com.jieshun.jslife&screen=1080%2C1920&cuid=686E53F3C8D0961EAD4B50E4D2258C2D%7C944874720008868&dpi=480%2C480&resid=02&appid=-1&mb=m2%20note&ctm=1532078256.496000&net=1&bduid=&channel=baidu&os=Android22&sv=4.5.2&sign=0e4cc13f86e7404309fb42ccdc74eb40
I/System.out(17308): [OkHttp] sendRequest>>
I/System.out(17308): [OkHttp] sendRequest<<
I/XMPP    (17308): 用户名或密码为空=============== userName=null
I/XMPP    (17308):  匿名转实名-----  实名登陆失败===============再次尝试登陆
I/XMPP    (17308): 匿名转实名登录失败！！！！！！！  休息========10000秒
I/AudioFlinger(  304): setParameters(): io 0, keyvalue mediaserver_monitor=1, calling pid 881
W/AudioALSAHardware(  304): setParameters(), still have param.size() = 1, remain param = "mediaserver_monitor=1"
I/str_params(  304): key: 'mediaserver_monitor' value: '1'
I/AudioPolicyManager(  304): setStreamVolumeIndex stream = 7 index = 15 device = 0x400
I/SurfaceFlinger(  276): [Built-in Screen (type:0)] fps:1.007146,dur:1985.81,max:992.92,min:992.88
I/NetworkManagementSocketTagger(17308): untagSocket(165)
I/EMDLOGGER1(  780): MD writer time out 10 sec.
I/thermal_repeater(  322): oh, queryMdThermalInfo (0)Bad file number
I/thermal_repeater(  322): [recvMdThermalInfo] ret=25, strLen=127,  1, 32767,,, -1, 32767, 2
W/chromium(17308): [WARNING:password_handler.cc(205)] OnPasswordFormsRendered called
W/chromium(17308): [WARNING:password_handler.cc(207)] OnPasswordFormsRendered IsEnabledSavePassword is false
I/SurfaceFlinger(  276): [Built-in Screen (type:0)] fps:1.221480,dur:1637.36,max:992.85,min:644.51
I/SurfaceFlinger(  276): [Built-in Screen (type:0)] fps:1.491085,dur:1341.31,max:1003.87,min:337.44
D/[BT3.0+HS]PAL(  332): == chip_reset_fd is set ==
D/[BT3.0+HS]PAL(  332): 
D/[BT3.0+HS]PAL(  332): invalid reply message
D/[BT3.0+HS]PAL(  332): 
I/SurfaceFlinger(  276): [Built-in Screen (type:0)] fps:1.869258,dur:1069.94,max:992.84,min:77.10
I/System.out(17308): [CDS]close[41354]
I/NetworkManagementSocketTagger(17308): untagSocket(172)
W/System.err(17308): org.xmlpull.v1.XmlPullParserException: processing instructions must not start with xml (position:unknown @1:140 in org.jivesoftware.smack.util.ObservableReader@372a764) 
W/System.err(17308): 	at org.kxml2.io.KXmlParser.checkRelaxed(KXmlParser.java:305)
W/System.err(17308): 	at org.kxml2.io.KXmlParser.readXmlDeclaration(KXmlParser.java:522)
W/System.err(17308): 	at org.kxml2.io.KXmlParser.next(KXmlParser.java:352)
W/System.err(17308): 	at org.kxml2.io.KXmlParser.next(KXmlParser.java:313)
W/System.err(17308): 	at org.jivesoftware.smack.PacketReader.parsePackets(PacketReader.java:321)
W/System.err(17308): 	at org.jivesoftware.smack.PacketReader.access$000(PacketReader.java:44)
W/System.err(17308): 	at org.jivesoftware.smack.PacketReader$1.run(PacketReader.java:70)
W/XMPP    (17308): No response from the server.: 
W/System.err(17308): com.jht.jsif.comm.CommunicationException: No response from the server.: 
W/System.err(17308): 	at com.jht.jsif.comm.B.S.G(Unknown Source)
W/System.err(17308): 	at com.jht.jsif.comm.B.S.connect(Unknown Source)
W/System.err(17308): 	at connective.JSXMPPProxy.loginToOpenfire(JSXMPPProxy.java:240)
W/System.err(17308): 	at connective.JSXMPPProxy$PollConnectThread.run(JSXMPPProxy.java:415)
W/System.err(17308): Caused by: No response from the server.: 
W/System.err(17308): 	at org.jivesoftware.smack.SASLAuthentication.bindResourceAndEstablishSession(SASLAuthentication.java:469)
W/System.err(17308): 	at org.jivesoftware.smack.SASLAuthentication.authenticateAnonymously(SASLAuthentication.java:413)
W/System.err(17308): 	at org.jivesoftware.smack.XMPPConnection.loginAnonymously(XMPPConnection.java:283)
W/System.err(17308): 	... 4 more
I/XMPP    (17308): loginToOpenfire==============  登陆openfire的结果 isSuccess:  false
I/XMPP    (17308): 实名登录失败！！！！！验证不通过，转匿名登陆   userName=null pwd=null
I/XMPP    (17308): 实名登录失败！！！！！！！！！！！！！重新实名登陆   userName=null pwd=null
I/XMPP    (17308): 实名登录失败！！！！！！！  休息========4000秒
I/SurfaceFlinger(  276): [Built-in Screen (type:0)] fps:1.019926,dur:1960.93,max:985.66,min:975.27
D/EMDLOGGER1(  780): CTRL_reader: incoming SPLM req, msgid=6, token=0, result=0
I/EMDLOGGER1(  780): [MDLOG] [stats][buf] L1 : data:0x1948c last:0x54c664; (1, 0x4060, 0x54c664)(3, 0x3a3, 0x54c2a5)PS : data:0x4403 last:0x54c664; L2 : data:0x39bc last:0x54c664; 
D/EMDLOGGER1(  780): CTRL_reader: incoming SPLM req, msgid=6, token=0, result=0
I/EMDLOGGER1(  780): [MDLOG] [stats][mux] MCU : data:0x26961 last:0x54c54a; DSP : data:0x0 last:0x0; 
I/thermal_repeater(  322): oh, queryMdThermalInfo (0)Bad file number
I/thermal_repeater(  322): [recvMdThermalInfo] ret=25, strLen=127,  1, 32767,,, -1, 32767, 2
I/EMDLOGGER1(  780): MDL rate:31 KB/s, full count:0
D/[BT3.0+HS]PAL(  332): == chip_reset_fd is set ==
D/[BT3.0+HS]PAL(  332): 
D/[BT3.0+HS]PAL(  332): invalid reply message
D/[BT3.0+HS]PAL(  332): 
D/[BT3.0+HS]PAL(  332): == chip_reset_fd is set ==
D/[BT3.0+HS]PAL(  332): 
D/[BT3.0+HS]PAL(  332): invalid reply message
D/[BT3.0+HS]PAL(  332): 
I/Netd    (  299): Get netlink event, ifname: wlan0 action: 4
E/wpa_supplicant( 1294): This is a Iphone softap!!!!!!! 
I/Netd    (  299): Get netlink event, ifname: wlan0 action: 4
E/WifiConfigStore(  881):  rewrite network history for "chaozhouniurouwan"WPA_PSK
E/WifiStateMachine(  881): mIsFullScanOngoing: true, mSendScanResultsBroadcast: false
E/WifiStateMachine(  881): mWifiOnScanCount: 1314
I/libPerfService(  881): perfSetFavorPid - pid:17308, 439c
I/art     (  881): Background sticky concurrent mark sweep GC freed 14530(1425KB) AllocSpace objects, 0(0B) LOS objects, 2% free, 44MB/46MB, paused 6.196ms total 57.848ms
I/System.out(17308): isFirstLoc：true
I/System.out(17308): ******jscarlife*********************onReceiveLocation***************逆地理编码******
I/System.out(17308): open:http://api.map.baidu.com/sdkproxy/v2/lbs_androidsdk/geocoder/v2?location=22.577083074214418%2C114.0500041864299&coordtype=bd09ll&pois=1&output=json&from=android_map_sdk&latest_admin=0&token=4113DTKIb0b7eqvx7mztyYnn4qOxyrAWbB6IeY3UFkLi81L5fkwomAO1jp6hOpSqzwMIWdCs%2BOsmBqETEgiPU2bv1Eg4q8zQkSPXfwYb7WsxCkwztUJBjiMlV1gz%2BRLHjjHEd2C1Gjyd04dIh%2FZ66NXrMgB67Db3YmMntCoeIXXBFUfX8howSjyGiaA&pcn=com.jieshun.jslife&screen=1080%2C1920&cuid=686E53F3C8D0961EAD4B50E4D2258C2D%7C944874720008868&dpi=480%2C480&resid=02&appid=-1&mb=m2%20note&ctm=1532078272.465000&net=1&bduid=&channel=baidu&os=Android22&sv=4.5.2&sign=e695091af8894b9f2d0280c199f0cf65
I/System.out(17308): [OkHttp] sendRequest>>
I/System.out(17308): [OkHttp] sendRequest<<
W/ContextImpl( 9304): Calling a method in the system process without a qualified user: android.app.ContextImpl.startService:1863 android.content.ContextWrapper.startService:516 android.content.ContextWrapper.startService:516 com.meizu.dataservice.ExperienceReceiver.a:-1 com.meizu.dataservice.ExperienceReceiver.onReceive:-1 
I/libPerfService(  881): perfSetFavorPid - pid:0, 0
I/NetworkManagementSocketTagger(17308): untagSocket(72)
I/SurfaceFlinger(  276): [Built-in Screen (type:0)] fps:1.007120,dur:1985.86,max:992.94,min:992.92
I/System.out(17308): isFirstLoc：true
I/System.out(17308): ******jscarlife*********************onReceiveLocation***************逆地理编码******
I/System.out(17308): open:http://api.map.baidu.com/sdkproxy/v2/lbs_androidsdk/geocoder/v2?location=22.577083074214418%2C114.0500041864299&coordtype=bd09ll&pois=1&output=json&from=android_map_sdk&latest_admin=0&token=4113DTKIb0b7eqvx7mztyYnn4qOxyrAWbB6IeY3UFkLi81L5fkwomAO1jp6hOpSqzwMIWdCs%2BOsmBqETEgiPU2bv1Eg4q8zQkSPXfwYb7WsxCkwztUJBjiMlV1gz%2BRLHjjHEd2C1Gjyd04dIh%2FZ66NXrMgB67Db3YmMntCoeIXXBFUfX8howSjyGiaA&pcn=com.jieshun.jslife&screen=1080%2C1920&cuid=686E53F3C8D0961EAD4B50E4D2258C2D%7C944874720008868&dpi=480%2C480&resid=02&appid=-1&mb=m2%20note&ctm=1532078276.506000&net=1&bduid=&channel=baidu&os=Android22&sv=4.5.2&sign=15d26f547eec5d4f528851515eec3137
I/System.out(17308): [OkHttp] sendRequest>>
I/System.out(17308): [OkHttp] sendRequest<<
I/SurfaceFlinger(  276): [Built-in Screen (type:0)] fps:1.955479,dur:1022.77,max:992.90,min:29.86
I/System.out(17308): Close in OkHttp
I/System.out(17308): [CDS]close[49237]
I/NetworkManagementSocketTagger(17308): untagSocket(158)
I/System.out(17308): [OkHttp] sendRequest>>
I/System.out(17308): [OkHttp] sendRequest<<
I/XMPP    (17308): 用户名或密码为空=============== userName=null
I/XMPP    (17308):  匿名转实名-----  实名登陆失败===============再次尝试登陆
I/XMPP    (17308): 匿名转实名登录失败！！！！！！！  休息========10000秒
I/AudioFlinger(  304): setParameters(): io 0, keyvalue mediaserver_monitor=1, calling pid 881
W/AudioALSAHardware(  304): setParameters(), still have param.size() = 1, remain param = "mediaserver_monitor=1"
I/str_params(  304): key: 'mediaserver_monitor' value: '1'
I/AudioPolicyManager(  304): setStreamVolumeIndex stream = 7 index = 15 device = 0x400
I/XMPP    (17308): 有网络，开始轮询登录========
I/XMPP    (17308): 发起登录openfire============== OPENFIRE=jsimp.jslife.com.cn SERVICE_NAME=openfire-cloud PORT=7608  userName=null  pwd=null ; resource=A1b117b2fb
I/XMPP    (17308): 用户名或密码或资源名为----》userName========null ; pwd========null ; resource======A1b117b2fb
D/libc-netbsd(17308): [getaddrinfo]: hostname=jsimp.jslife.com.cn; servname=(null); cache_mode=(null), netid=0; mark=0
D/libc-netbsd(17308): [getaddrinfo]: ai_addrlen=0; ai_canonname=(null); ai_flags=4; ai_family=0
D/libc-netbsd(17308): [getaddrinfo]: hostname=jsimp.jslife.com.cn; servname=(null); cache_mode=(null), netid=0; mark=0
D/libc-netbsd(17308): [getaddrinfo]: ai_addrlen=0; ai_canonname=(null); ai_flags=1024; ai_family=0
D/libc-netbsd(  299): [getaddrinfo]: hostname=jsimp.jslife.com.cn; servname=(null); cache_mode=local, netid=104; mark=917608
D/libc-netbsd(  299): [getaddrinfo]: ai_addrlen=0; ai_canonname=(null); ai_flags=1024; ai_family=0
D/libc-netbsd(  299): default dns: query_ipv6=0, query_ipv4=1
D/libc-netbsd(  299): res_queryN name = jsimp.jslife.com.cn, class = 1, type = 1
D/libc-netbsd(  299): res_queryN name = jsimp.jslife.com.cn succeed
D/libc-netbsd(17308): getaddrinfo: jsimp.jslife.com.cn get result from proxy >>
I/System.out(17308): propertyValue:true
I/System.out(17308): [CDS]connect[jsimp.jslife.com.cn/112.74.43.206:7608] tm:90
I/SurfaceFlinger(  276): [Built-in Screen (type:0)] fps:0.968402,dur:1032.63,max:1032.63,min:1032.63
W/Watchdog(  881): SWT Watchdog after wait current time:27785229
W/Watchdog(  881): **Get SF Time **1
W/Watchdog(  881): SWT Watchdog before synchronized:27785229
W/Watchdog(  881): SWT Watchdog after synchronized:27785229
W/Watchdog(  881): SWT Watchdog before wait timeout:30000
W/Watchdog(  881): SWT Watchdog before wait current time:27785229
W/Watchdog(  881): SWT Watchdog before wait start:27785229
W/Watchdog(  881): SWT Watchdog before wait CHECK_INTERVAL:30000
I/thermal_repeater(  322): oh, queryMdThermalInfo (0)Bad file number
I/thermal_repeater(  322): [recvMdThermalInfo] ret=25, strLen=127,  1, 32767,,, -1, 32767, 2
I/SurfaceFlinger(  276): [Built-in Screen (type:0)] fps:1.016074,dur:1968.36,max:992.82,min:975.54
I/SurfaceFlinger(  276): [Built-in Screen (type:0)] fps:1.882303,dur:1062.53,max:1049.40,min:13.13
I/System.out(17308): [CDS]EAGAIN in Recvfrom
I/System.out(17308): [CDS]read byte is 0
I/System.out(17308): Close in OkHttp
I/System.out(17308): [CDS]close[37197]
I/NetworkManagementSocketTagger(17308): untagSocket(165)
I/System.out(17308): [OkHttp] sendRequest>>
I/System.out(17308): [OkHttp] sendRequest<<
