I/thermal_repeater(  322): [recvMdThermalInfo] ret=25, strLen=127,  1, 32767,,, -1, 32767, 2
W/Watchdog(  881): SWT Watchdog after wait current time:26795198
W/Watchdog(  881): **Get SF Time **1
W/Watchdog(  881): SWT Watchdog before synchronized:26795199
W/Watchdog(  881): SWT Watchdog after synchronized:26795199
W/Watchdog(  881): SWT Watchdog before wait timeout:30000
W/Watchdog(  881): SWT Watchdog before wait current time:26795199
W/Watchdog(  881): SWT Watchdog before wait start:26795199
W/Watchdog(  881): SWT Watchdog before wait CHECK_INTERVAL:30000
I/thermal_repeater(  322): oh, queryMdThermalInfo (0)Bad file number
I/thermal_repeater(  322): [recvMdThermalInfo] ret=25, strLen=127,  1, 32767,,, -1, 32767, 2
I/thermal_repeater(  322): oh, queryMdThermalInfo (0)Bad file number
I/thermal_repeater(  322): [recvMdThermalInfo] ret=25, strLen=127,  1, 32767,,, -1, 32767, 2
I/thermal_repeater(  322): oh, queryMdThermalInfo (0)Bad file number
I/thermal_repeater(  322): [recvMdThermalInfo] ret=25, strLen=127,  1, 32767,,, -1, 32767, 2
I/thermal_repeater(  322): oh, queryMdThermalInfo (0)Bad file number
I/thermal_repeater(  322): [recvMdThermalInfo] ret=25, strLen=127,  1, 32767,,, -1, 32767, 2
I/thermal_repeater(  322): oh, queryMdThermalInfo (0)Bad file number
I/thermal_repeater(  322): [recvMdThermalInfo] ret=25, strLen=127,  1, 32767,,, -1, 32767, 2
I/thermal_repeater(  322): oh, queryMdThermalInfo (0)Bad file number
I/thermal_repeater(  322): [recvMdThermalInfo] ret=25, strLen=127,  1, 32767,,, -1, 32767, 2
W/Watchdog(  881): SWT Watchdog after wait current time:26825199
W/Watchdog(  881): **Get SF Time **1
W/Watchdog(  881): SWT Watchdog before synchronized:26825199
W/Watchdog(  881): SWT Watchdog after synchronized:26825199
W/Watchdog(  881): SWT Watchdog before wait timeout:30000
W/Watchdog(  881): SWT Watchdog before wait current time:26825199
W/Watchdog(  881): SWT Watchdog before wait start:26825199
W/Watchdog(  881): SWT Watchdog before wait CHECK_INTERVAL:30000
I/thermal_repeater(  322): oh, queryMdThermalInfo (0)Bad file number
I/thermal_repeater(  322): [recvMdThermalInfo] ret=25, strLen=127,  1, 32767,,, -1, 32767, 2
I/thermal_repeater(  322): oh, queryMdThermalInfo (0)Bad file number
I/thermal_repeater(  322): [recvMdThermalInfo] ret=25, strLen=127,  1, 32767,,, -1, 32767, 2
I/thermal_repeater(  322): oh, queryMdThermalInfo (0)Bad file number
I/thermal_repeater(  322): [recvMdThermalInfo] ret=25, strLen=127,  1, 32767,,, -1, 32767, 2
W/WindowManager(  881): Attempted to remove non-existing token: android.os.Binder@13ab4c6c
I/thermal_repeater(  322): oh, queryMdThermalInfo (0)Bad file number
I/thermal_repeater(  322): [recvMdThermalInfo] ret=25, strLen=127,  1, 32767,,, -1, 32767, 2
I/thermal_repeater(  322): oh, queryMdThermalInfo (0)Bad file number
I/thermal_repeater(  322): [recvMdThermalInfo] ret=25, strLen=127,  1, 32767,,, -1, 32767, 2
I/PackageManager(  881): init_copy idx=0: InstallParams{2d8e7c55 file=/data/local/tmp/UnicodeIME-debug.apk cid=null}
I/PackageManager(  881): mcs_bound
I/PackageManager(  881): startCopy UserHandle{-1}: InstallParams{2d8e7c55 file=/data/local/tmp/UnicodeIME-debug.apk cid=null}
I/PackageManager(  881): Apk copy done
I/PackageManager(  881): Start parsing apk: null
I/PackageManager(  881): Parsing done for apk: null
I/PackageManager(  881): Start installation for package: null
W/PackageManager(  881): Attempt to re-install io.appium.android.ime without first uninstalling.
I/PackageManager(  881): Installation done for package: null
I/PackageManager(  881): mcs_check
I/PackageManager(  881): mcs_check(true, 1)
I/thermal_repeater(  322): oh, queryMdThermalInfo (0)Bad file number
I/thermal_repeater(  322): [recvMdThermalInfo] ret=25, strLen=127,  1, 32767,,, -1, 32767, 2
W/Watchdog(  881): SWT Watchdog after wait current time:26855200
W/Watchdog(  881): **Get SF Time **1
W/Watchdog(  881): SWT Watchdog before synchronized:26855200
W/Watchdog(  881): SWT Watchdog after synchronized:26855200
W/Watchdog(  881): SWT Watchdog before wait timeout:30000
W/Watchdog(  881): SWT Watchdog before wait current time:26855200
W/Watchdog(  881): SWT Watchdog before wait start:26855200
W/Watchdog(  881): SWT Watchdog before wait CHECK_INTERVAL:30000
I/ActivityManager(  881): Force stopping com.jieshun.jslife appid=10102 user=0: from pid 16220
I/thermal_repeater(  322): oh, queryMdThermalInfo (0)Bad file number
I/thermal_repeater(  322): [recvMdThermalInfo] ret=25, strLen=127,  1, 32767,,, -1, 32767, 2
I/ActivityManager(  881): Force stopping com.jieshun.jslife appid=10102 user=0: clear data
I/PackageManager(  881): clearExternalStorageDataSync  : bindServiceAsUser degin packageName = com.jieshun.jslife
I/PackageManager(  881): clearExternalStorageDataSync : bindServiceAsUser end packageName = com.jieshun.jslife, bindTime = 1
I/ActivityManager(  881): Controller Pid : 0
I/PackageManager(  881): mcs_unbind
I/PackageManager(  881): calling disconnectService()
I/ActivityManager(  881): Force stopping com.jieshun.jslife appid=10102 user=0: from pid 16279
I/ActivityManager(  881): START u0 {flg=0x10000000 cmp=com.jieshun.jslife/.activity.common.WelcomeActivity} from uid 2000 on display 0 from pid 16279
I/WindowManager(  881): Losing focus: Window{ae407a7 u0 com.meizu.flyme.launcher/com.meizu.flyme.launcher.Launcher}
I/ActivityManager(  881): Start proc 16295:com.jieshun.jslife/u0a102 for activity com.jieshun.jslife/.activity.common.WelcomeActivity
W/ActivityManager(  881): getRunningAppProcesses: caller 10102 does not hold REAL_GET_TASKS; limiting output
W/ActivityManager(  881): getRunningAppProcesses: caller 10102 does not hold REAL_GET_TASKS; limiting output
W/ActivityManager(  881): getRunningAppProcesses: caller 10102 does not hold REAL_GET_TASKS; limiting output
W/ActivityManager(  881): getRunningAppProcesses: caller 10102 does not hold REAL_GET_TASKS; limiting output
W/ActivityManager(  881): getRunningAppProcesses: caller 10102 does not hold REAL_GET_TASKS; limiting output
I/thermal_repeater(  322): oh, queryMdThermalInfo (0)Bad file number
I/thermal_repeater(  322): [recvMdThermalInfo] ret=25, strLen=127,  1, 32767,,, -1, 32767, 2
I/WindowManager(  881): Gaining focus: Window{6b69a5 u0 com.jieshun.jslife/com.jieshun.jslife.activity.common.WelcomeActivity}
W/ActivityManager(  881): getTasks: caller 10102 does not hold REAL_GET_TASKS; limiting output
I/thermal_repeater(  322): oh, queryMdThermalInfo (0)Bad file number
I/thermal_repeater(  322): [recvMdThermalInfo] ret=25, strLen=127,  1, 32767,,, -1, 32767, 2
I/thermal_repeater(  322): oh, queryMdThermalInfo (0)Bad file number
I/thermal_repeater(  322): [recvMdThermalInfo] ret=25, strLen=127,  1, 32767,,, -1, 32767, 2
I/thermal_repeater(  322): oh, queryMdThermalInfo (0)Bad file number
I/thermal_repeater(  322): [recvMdThermalInfo] ret=25, strLen=127,  1, 32767,,, -1, 32767, 2
I/thermal_repeater(  322): oh, queryMdThermalInfo (0)Bad file number
I/thermal_repeater(  322): [recvMdThermalInfo] ret=25, strLen=127,  1, 32767,,, -1, 32767, 2
W/Watchdog(  881): SWT Watchdog after wait current time:26885201
W/Watchdog(  881): **Get SF Time **1
W/Watchdog(  881): SWT Watchdog before synchronized:26885201
W/Watchdog(  881): SWT Watchdog after synchronized:26885201
W/Watchdog(  881): SWT Watchdog before wait timeout:30000
W/Watchdog(  881): SWT Watchdog before wait current time:26885201
W/Watchdog(  881): SWT Watchdog before wait start:26885201
W/Watchdog(  881): SWT Watchdog before wait CHECK_INTERVAL:30000
I/ActivityManager(  881): Force stopping com.jieshun.jslife appid=10102 user=0: from pid 16495
I/ActivityManager(  881): Killing 16295:com.jieshun.jslife/u0a102 (adj 0): stop com.jieshun.jslife
W/ActivityManager(  881): Scheduling restart of crashed service com.jieshun.jslife/.service.NetworkStateService in 1000ms
W/ActivityManager(  881): Scheduling restart of crashed service com.jieshun.jslife/.service.XMPPService in 11000ms
W/ActivityManager(  881): Scheduling restart of crashed service com.jieshun.jslife/.service.BluetoothLeService in 50320ms
I/libprocessgroup(  881): Killing pid 16336 in uid 10102 as part of process group 16295
W/ActivityManager(  881): Force removing ActivityRecord{38f4c935 u0 com.jieshun.jslife/.activity.common.WelcomeActivity t125}: app died, no saved state
I/WindowManager(  881): Gaining focus: Window{ae407a7 u0 com.meizu.flyme.launcher/com.meizu.flyme.launcher.Launcher}
I/WindowManager(  881): Losing focus: Window{6b69a5 u0 com.jieshun.jslife/com.jieshun.jslife.activity.common.WelcomeActivity}
I/ActivityManager(  881):   Force stopping service ServiceRecord{4550022 u0 com.jieshun.jslife/.service.BluetoothLeService}
I/ActivityManager(  881):   Force stopping service ServiceRecord{16519870 u0 com.jieshun.jslife/.service.NetworkStateService}
I/ActivityManager(  881): Force stopping com.jieshun.jslife appid=10102 user=0: clear data
I/thermal_repeater(  322): oh, queryMdThermalInfo (0)Bad file number
I/PackageManager(  881): clearExternalStorageDataSync  : bindServiceAsUser degin packageName = com.jieshun.jslife
I/PackageManager(  881): clearExternalStorageDataSync : bindServiceAsUser end packageName = com.jieshun.jslife, bindTime = 1
I/thermal_repeater(  322): [recvMdThermalInfo] ret=25, strLen=127,  1, 32767,,, -1, 32767, 2
I/ActivityManager(  881): Force stopping com.jieshun.jslife appid=10102 user=0: from pid 16534
I/ActivityManager(  881): START u0 {flg=0x10000000 cmp=com.jieshun.jslife/.activity.common.WelcomeActivity} from uid 2000 on display 0 from pid 16534
I/WindowManager(  881): Losing focus: Window{ae407a7 u0 com.meizu.flyme.launcher/com.meizu.flyme.launcher.Launcher}
I/ActivityManager(  881): Start proc 16550:com.jieshun.jslife/u0a102 for activity com.jieshun.jslife/.activity.common.WelcomeActivity
W/ActivityManager(  881): getRunningAppProcesses: caller 10102 does not hold REAL_GET_TASKS; limiting output
W/ActivityManager(  881): getRunningAppProcesses: caller 10102 does not hold REAL_GET_TASKS; limiting output
W/ActivityManager(  881): getRunningAppProcesses: caller 10102 does not hold REAL_GET_TASKS; limiting output
W/ActivityManager(  881): getRunningAppProcesses: caller 10102 does not hold REAL_GET_TASKS; limiting output
W/ActivityManager(  881): getRunningAppProcesses: caller 10102 does not hold REAL_GET_TASKS; limiting output
W/ActivityManager(  881): getTasks: caller 10102 does not hold REAL_GET_TASKS; limiting output
I/WindowManager(  881): Gaining focus: Window{2aecc00 u0 com.jieshun.jslife/com.jieshun.jslife.activity.common.WelcomeActivity}
I/ActivityManager(  881): START u0 {cmp=com.jieshun.jslife/.activity.common.LoadingActivity} from uid 10102 on display 0 from pid 16550
I/WindowManager(  881): Losing focus: Window{2aecc00 u0 com.jieshun.jslife/com.jieshun.jslife.activity.common.WelcomeActivity}
I/WindowManager(  881): Gaining focus: Window{3ac8745c u0 com.jieshun.jslife/com.jieshun.jslife.activity.common.LoadingActivity}
I/thermal_repeater(  322): oh, queryMdThermalInfo (0)Bad file number
I/thermal_repeater(  322): [recvMdThermalInfo] ret=25, strLen=127,  1, 32767,,, -1, 32767, 2
I/ActivityManager(  881): START u0 {cmp=com.jieshun.jslife/.activity.userinfo.UserLoginActivity} from uid 10102 on display 0 from pid 16550
I/WindowManager(  881): Losing focus: Window{3ac8745c u0 com.jieshun.jslife/com.jieshun.jslife.activity.common.LoadingActivity}
I/WindowManager(  881): Gaining focus: Window{e304a60 u0 com.jieshun.jslife/com.jieshun.jslife.activity.userinfo.UserLoginActivity}
I/thermal_repeater(  322): oh, queryMdThermalInfo (0)Bad file number
I/thermal_repeater(  322): [recvMdThermalInfo] ret=25, strLen=127,  1, 32767,,, -1, 32767, 2
I/thermal_repeater(  322): oh, queryMdThermalInfo (0)Bad file number
I/thermal_repeater(  322): [recvMdThermalInfo] ret=25, strLen=127,  1, 32767,,, -1, 32767, 2
I/WindowManager(  881): Gaining focus: Window{19b4b9a u0 com.jieshun.jslife/com.jieshun.jslife.activity.userinfo.UserLoginActivity}
I/WindowManager(  881): Gaining focus: Window{e304a60 u0 com.jieshun.jslife/com.jieshun.jslife.activity.userinfo.UserLoginActivity}
I/WindowManager(  881): Losing focus: Window{19b4b9a u0 com.jieshun.jslife/com.jieshun.jslife.activity.userinfo.UserLoginActivity EXITING}
I/ActivityManager(  881): START u0 {cmp=com.jieshun.jslife/.activity.common.MainFragmentActivity (has extras)} from uid 10102 on display 0 from pid 16550
I/WindowManager(  881): Losing focus: Window{e304a60 u0 com.jieshun.jslife/com.jieshun.jslife.activity.userinfo.UserLoginActivity}
E/Vold    (  275): Failed to find mounted volume for /storage/sdcard1/Android/data/com.jieshun.jslife/files/
W/Vold    (  275): Returning OperationFailed - no handler for errno 0
W/ActivityManager(  881): getRunningAppProcesses: caller 10102 does not hold REAL_GET_TASKS; limiting output
W/ActivityManager(  881): getRunningAppProcesses: caller 10102 does not hold REAL_GET_TASKS; limiting output
W/ActivityManager(  881): getRunningAppProcesses: caller 10102 does not hold REAL_GET_TASKS; limiting output
W/ActivityManager(  881): getRunningAppProcesses: caller 10102 does not hold REAL_GET_TASKS; limiting output
W/ActivityManager(  881): getRunningAppProcesses: caller 10102 does not hold REAL_GET_TASKS; limiting output
W/ActivityManager(  881): getRunningAppProcesses: caller 10102 does not hold REAL_GET_TASKS; limiting output
W/ActivityManager(  881): getRunningAppProcesses: caller 10102 does not hold REAL_GET_TASKS; limiting output
W/ActivityManager(  881): getRunningAppProcesses: caller 10102 does not hold REAL_GET_TASKS; limiting output
I/thermal_repeater(  322): oh, queryMdThermalInfo (0)Bad file number
I/thermal_repeater(  322): [recvMdThermalInfo] ret=25, strLen=127,  1, 32767,,, -1, 32767, 2
W/ActivityManager(  881): getRunningAppProcesses: caller 10102 does not hold REAL_GET_TASKS; limiting output
W/ActivityManager(  881): getRunningAppProcesses: caller 10102 does not hold REAL_GET_TASKS; limiting output
W/ActivityManager(  881): getRunningAppProcesses: caller 10102 does not hold REAL_GET_TASKS; limiting output
W/ActivityManager(  881): getRunningAppProcesses: caller 10102 does not hold REAL_GET_TASKS; limiting output
I/NetworkStatsRecorder(  881): recordSnapshotLocked: ident[[{type=WIFI, subType=COMBINED, networkId=chaozhouniurouwan}]]
W/NetworkStatsRecorder(  881): unknown interfaces [lo, p2p0], ignoring those stats
I/NetworkStatsRecorder(  881): recordSnapshotLocked: ident[[{type=WIFI, subType=COMBINED, networkId=chaozhouniurouwan}]]
W/NetworkStatsRecorder(  881): unknown interfaces [lo, p2p0], ignoring those stats
I/NetworkStatsRecorder(  881): recordSnapshotLocked: ident[[{type=WIFI, subType=COMBINED, networkId=chaozhouniurouwan}]]
I/NetworkStatsRecorder(  881): recordSnapshotLocked: ident[[{type=WIFI, subType=COMBINED, networkId=chaozhouniurouwan}]]
I/NetworkStatsRecorder(  881): recordSnapshotLocked: ident[[{type=WIFI, subType=COMBINED, networkId=chaozhouniurouwan}]]
I/NetworkStatsRecorder(  881): recordSnapshotLocked: ident[[{type=WIFI, subType=COMBINED, networkId=chaozhouniurouwan}]]
I/NetworkStatsRecorder(  881): recordSnapshotLocked: ident[[{type=WIFI, subType=COMBINED, networkId=chaozhouniurouwan}]]
I/NetworkStatsRecorder(  881): recordSnapshotLocked: ident[[{type=WIFI, subType=COMBINED, networkId=chaozhouniurouwan}]]
I/NetworkStatsRecorder(  881): recordSnapshotLocked: ident[[{type=WIFI, subType=COMBINED, networkId=chaozhouniurouwan}]]
I/NetworkStatsRecorder(  881): recordSnapshotLocked: ident[[{type=WIFI, subType=COMBINED, networkId=chaozhouniurouwan}]]
I/NetworkStatsRecorder(  881): recordSnapshotLocked: ident[[{type=WIFI, subType=COMBINED, networkId=chaozhouniurouwan}]]
I/NetworkStatsRecorder(  881): recordSnapshotLocked: ident[[{type=WIFI, subType=COMBINED, networkId=chaozhouniurouwan}]]
W/NetworkStatsRecorder(  881): unknown interfaces [lo, p2p0], ignoring those stats
I/NetworkStatsRecorder(  881): recordSnapshotLocked: ident[[{type=WIFI, subType=COMBINED, networkId=chaozhouniurouwan}]]
W/NetworkStatsRecorder(  881): unknown interfaces [lo, p2p0], ignoring those stats
W/ActivityManager(  881): getRunningAppProcesses: caller 10102 does not hold REAL_GET_TASKS; limiting output
W/ActivityManager(  881): getRunningAppProcesses: caller 10102 does not hold REAL_GET_TASKS; limiting output
W/ActivityManager(  881): getRunningAppProcesses: caller 10102 does not hold REAL_GET_TASKS; limiting output
W/ActivityManager(  881): getRunningAppProcesses: caller 10102 does not hold REAL_GET_TASKS; limiting output
I/WindowManager(  881): Gaining focus: Window{3d6460ec u0 com.jieshun.jslife/com.jieshun.jslife.activity.common.MainFragmentActivity}
I/WindowManager(  881): Gaining focus: Window{4f8fda2 u0 com.jieshun.jslife/com.jieshun.jslife.activity.common.MainFragmentActivity}
I/ActivityManager(  881): Start proc 16770:com.jieshun.jslife:remote/u0a102 for service com.jieshun.jslife/com.baidu.location.f
W/ActivityManager(  881): getRunningAppProcesses: caller 10102 does not hold REAL_GET_TASKS; limiting output
W/ActivityManager(  881): getRunningAppProcesses: caller 10102 does not hold REAL_GET_TASKS; limiting output
W/ActivityManager(  881): getRunningAppProcesses: caller 10102 does not hold REAL_GET_TASKS; limiting output
W/ActivityManager(  881): getRunningAppProcesses: caller 10102 does not hold REAL_GET_TASKS; limiting output
I/thermal_repeater(  322): oh, queryMdThermalInfo (0)Bad file number
I/thermal_repeater(  322): [recvMdThermalInfo] ret=25, strLen=127,  1, 32767,,, -1, 32767, 2
W/ActivityManager(  881): getRunningAppProcesses: caller 10102 does not hold REAL_GET_TASKS; limiting output
W/ActivityManager(  881): getRunningAppProcesses: caller 10102 does not hold REAL_GET_TASKS; limiting output
W/ActivityManager(  881): getRunningAppProcesses: caller 10102 does not hold REAL_GET_TASKS; limiting output
I/WindowManager(  881): Gaining focus: Window{3d6460ec u0 com.jieshun.jslife/com.jieshun.jslife.activity.common.MainFragmentActivity}
I/WindowManager(  881): Losing focus: Window{4f8fda2 u0 com.jieshun.jslife/com.jieshun.jslife.activity.common.MainFragmentActivity EXITING}
W/ActivityManager(  881): getRunningAppProcesses: caller 10102 does not hold REAL_GET_TASKS; limiting output
W/ActivityManager(  881): getRunningAppProcesses: caller 10102 does not hold REAL_GET_TASKS; limiting output
W/ActivityManager(  881): getTasks: caller 10102 does not hold REAL_GET_TASKS; limiting output
W/ActivityManager(  881): getRunningAppProcesses: caller 10102 does not hold REAL_GET_TASKS; limiting output
W/ActivityManager(  881): getRunningAppProcesses: caller 10102 does not hold REAL_GET_TASKS; limiting output
W/ActivityManager(  881): getRunningAppProcesses: caller 10102 does not hold REAL_GET_TASKS; limiting output
W/ActivityManager(  881): getRunningAppProcesses: caller 10102 does not hold REAL_GET_TASKS; limiting output
W/Watchdog(  881): SWT Watchdog after wait current time:26915202
W/Watchdog(  881): **Get SF Time **1
W/Watchdog(  881): SWT Watchdog before synchronized:26915202
W/Watchdog(  881): SWT Watchdog after synchronized:26915202
W/Watchdog(  881): SWT Watchdog before wait timeout:30000
W/Watchdog(  881): SWT Watchdog before wait current time:26915202
W/Watchdog(  881): SWT Watchdog before wait start:26915202
W/Watchdog(  881): SWT Watchdog before wait CHECK_INTERVAL:30000
W/ActivityManager(  881): getRunningAppProcesses: caller 10102 does not hold REAL_GET_TASKS; limiting output
W/ActivityManager(  881): getRunningAppProcesses: caller 10102 does not hold REAL_GET_TASKS; limiting output
W/ActivityManager(  881): getRunningAppProcesses: caller 10102 does not hold REAL_GET_TASKS; limiting output
W/ActivityManager(  881): Launch timeout has expired, giving up wake lock!
I/thermal_repeater(  322): oh, queryMdThermalInfo (0)Bad file number
I/thermal_repeater(  322): [recvMdThermalInfo] ret=25, strLen=127,  1, 32767,,, -1, 32767, 2
W/ContextImpl( 9304): Calling a method in the system process without a qualified user: android.app.ContextImpl.startService:1863 android.content.ContextWrapper.startService:516 android.content.ContextWrapper.startService:516 com.meizu.dataservice.ExperienceReceiver.a:-1 com.meizu.dataservice.ExperienceReceiver.onReceive:-1 
I/ActivityManager(  881): Force stopping com.jieshun.jslife appid=10102 user=0: from pid 16883
I/ActivityManager(  881): Killing 16770:com.jieshun.jslife:remote/u0a102 (adj 1): stop com.jieshun.jslife
W/ActivityManager(  881): Scheduling restart of crashed service com.jieshun.jslife/com.baidu.location.f in 1000ms
I/ActivityManager(  881): Killing 16550:com.jieshun.jslife/u0a102 (adj 0): stop com.jieshun.jslife
W/ActivityManager(  881): Scheduling restart of crashed service com.jieshun.jslife/.service.BluetoothLeService in 64948ms
W/ActivityManager(  881): Scheduling restart of crashed service com.jieshun.jslife/.service.XMPPService in 1000ms
W/ActivityManager(  881): Scheduling restart of crashed service com.jieshun.jslife/.service.NetworkStateService in 1000ms
W/ActivityManager(  881): Force removing ActivityRecord{3f34fb54 u0 com.jieshun.jslife/.activity.common.MainFragmentActivity t126}: app died, no saved state
I/libprocessgroup(  881): Killing pid 16821 in uid 10102 as part of process group 16770
I/WindowManager(  881): Losing focus: Window{3d6460ec u0 com.jieshun.jslife/com.jieshun.jslife.activity.common.MainFragmentActivity}
I/ActivityManager(  881):   Force stopping service ServiceRecord{34839e01 u0 com.jieshun.jslife/.service.BluetoothLeService}
I/ActivityManager(  881):   Force stopping service ServiceRecord{9867ee7 u0 com.jieshun.jslife/.service.NetworkStateService}
I/WindowManager(  881): Gaining focus: Window{ae407a7 u0 com.meizu.flyme.launcher/com.meizu.flyme.launcher.Launcher}
I/libprocessgroup(  881): Killing pid 16592 in uid 10102 as part of process group 16550
I/thermal_repeater(  322): oh, queryMdThermalInfo (0)Bad file number
I/thermal_repeater(  322): [recvMdThermalInfo] ret=25, strLen=127,  1, 32767,,, -1, 32767, 2
W/InputMethodManagerService(  881): Illegal subtype state: old subtype = null, new subtype = android.view.inputmethod.InputMethodSubtype@6b6dbdec
I/ActivityManager(  881): Force stopping com.jieshun.jslife appid=10102 user=0: from pid 16924
--------- beginning of main
W/ResourceType( 1631): No known package when getting name for resource number 0x9c000001
W/ResourceType( 1631): No known package when getting name for resource number 0x9c000101
W/ResourceType( 1631): No known package when getting name for resource number 0x9c000201
W/ResourceType( 1631): No known package when getting name for resource number 0x9c000301
W/ResourceType( 1631): No known package when getting name for resource number 0x9c000002
W/ResourceType( 1631): No known package when getting name for resource number 0x9c000102
W/ResourceType( 1631): No known package when getting name for resource number 0x9c000202
W/ResourceType( 1631): No known package when getting name for resource number 0x9c000302
W/ResourceType( 1631): No known package when getting name for resource number 0x9c000003
I/AccessibilityInteractionClient(16258): Node cache hit
I/AccessibilityInteractionClient(16258): Node cache hit
I/AccessibilityInteractionClient(16258): Node cache hit
I/AccessibilityInteractionClient(16258): Node cache hit
I/AccessibilityInteractionClient(16258): Node cache hit
I/AccessibilityInteractionClient(16258): Node cache hit
I/AccessibilityInteractionClient(16258): Node cache hit
I/AccessibilityInteractionClient(16258): Node cache hit
I/AccessibilityInteractionClient(16258): Node cache hit
I/AccessibilityInteractionClient(16258): Node cache hit
I/AccessibilityInteractionClient(16258): Node cache hit
I/AccessibilityInteractionClient(16258): Node cache hit
I/AccessibilityInteractionClient(16258): Node cache hit
I/AccessibilityInteractionClient(16258): Node cache hit
I/AccessibilityInteractionClient(16258): Node cache hit
I/AccessibilityInteractionClient(16258): Node cache hit
I/AccessibilityInteractionClient(16258): Node cache hit
I/AccessibilityInteractionClient(16258): Node cache hit
I/AccessibilityInteractionClient(16258): Node cache hit
I/AccessibilityInteractionClient(16258): Node cache hit
I/AccessibilityInteractionClient(16258): Node cache hit
I/AccessibilityInteractionClient(16258): Node cache hit
I/AccessibilityInteractionClient(16258): Node cache hit
I/AccessibilityInteractionClient(16258): Node cache hit
I/AccessibilityInteractionClient(16258): Node cache hit
I/AccessibilityInteractionClient(16258): Node cache hit
I/AccessibilityInteractionClient(16258): Node cache hit
I/AccessibilityInteractionClient(16258): Node cache hit
I/AccessibilityInteractionClient(16258): Node cache hit
I/AccessibilityInteractionClient(16258): Node cache hit
I/AccessibilityInteractionClient(16258): Node cache hit
I/AccessibilityInteractionClient(16258): Node cache hit
I/AccessibilityInteractionClient(16258): Node cache hit
I/AccessibilityInteractionClient(16258): Node cache hit
I/AccessibilityInteractionClient(16258): Node cache hit
I/AccessibilityInteractionClient(16258): Node cache hit
I/AccessibilityInteractionClient(16258): Node cache hit
I/AccessibilityInteractionClient(16258): Node cache hit
I/AccessibilityInteractionClient(16258): Node cache hit
I/AccessibilityInteractionClient(16258): Node cache hit
I/AccessibilityInteractionClient(16258): Node cache hit
I/AccessibilityInteractionClient(16258): Node cache hit
I/AccessibilityInteractionClient(16258): Node cache hit
I/AccessibilityInteractionClient(16258): Node cache hit
I/AccessibilityInteractionClient(16258): Node cache hit
I/AccessibilityInteractionClient(16258): Node cache hit
I/AccessibilityInteractionClient(16258): Node cache hit
I/AccessibilityInteractionClient(16258): Node cache hit
I/AccessibilityInteractionClient(16258): Node cache hit
I/AccessibilityInteractionClient(16258): Node cache hit
I/AccessibilityInteractionClient(16258): Node cache hit
I/AccessibilityInteractionClient(16258): Node cache hit
I/AccessibilityInteractionClient(16258): Node cache hit
I/AccessibilityInteractionClient(16258): Node cache hit
I/AccessibilityInteractionClient(16258): Node cache hit
I/AccessibilityInteractionClient(16258): Node cache hit
I/AccessibilityInteractionClient(16258): Node cache hit
I/AccessibilityInteractionClient(16258): Node cache hit
I/AccessibilityInteractionClient(16258): Node cache hit
I/AccessibilityInteractionClient(16258): Node cache hit
I/AccessibilityInteractionClient(16258): Node cache hit
I/AccessibilityInteractionClient(16258): Node cache hit
I/AccessibilityInteractionClient(16258): Node cache hit
I/AccessibilityInteractionClient(16258): Node cache hit
I/AccessibilityInteractionClient(16258): Node cache hit
I/AccessibilityInteractionClient(16258): Node cache hit
I/AccessibilityInteractionClient(16258): Node cache hit
I/AccessibilityInteractionClient(16258): Node cache hit
I/AccessibilityInteractionClient(16258): Node cache hit
I/AccessibilityInteractionClient(16258): Node cache hit
I/AccessibilityInteractionClient(16258): Node cache hit
I/AccessibilityInteractionClient(16258): Node cache hit
I/AccessibilityInteractionClient(16258): Node cache hit
I/AccessibilityInteractionClient(16258): Node cache hit
I/AccessibilityInteractionClient(16258): Node cache hit
I/AccessibilityInteractionClient(16258): Node cache hit
I/AccessibilityInteractionClient(16258): Node cache hit
I/AccessibilityInteractionClient(16258): Node cache hit
I/AccessibilityInteractionClient(16258): Node cache hit
I/AccessibilityInteractionClient(16258): Node cache hit
I/AccessibilityInteractionClient(16258): Node cache hit
I/AccessibilityInteractionClient(16258): Node cache hit
I/AccessibilityInteractionClient(16258): Node cache hit
I/AccessibilityInteractionClient(16258): Node cache hit
I/AccessibilityInteractionClient(16258): Node cache hit
I/AccessibilityInteractionClient(16258): Node cache hit
I/AccessibilityInteractionClient(16258): Node cache hit
I/AccessibilityInteractionClient(16258): Node cache hit
I/AccessibilityInteractionClient(16258): Node cache hit
I/AccessibilityInteractionClient(16258): Node cache hit
I/AccessibilityInteractionClient(16258): Node cache hit
I/AccessibilityInteractionClient(16258): Node cache hit
I/AccessibilityInteractionClient(16258): Node cache hit
I/AccessibilityInteractionClient(16258): Node cache hit
I/AccessibilityInteractionClient(16258): Node cache hit
I/AccessibilityInteractionClient(16258): Node cache hit
I/AccessibilityInteractionClient(16258): Node cache hit
I/AccessibilityInteractionClient(16258): Node cache hit
I/AccessibilityInteractionClient(16258): Node cache hit
I/AccessibilityInteractionClient(16258): Node cache hit
I/AccessibilityInteractionClient(16258): Node cache hit
I/AccessibilityInteractionClient(16258): Node cache hit
I/AccessibilityInteractionClient(16258): Node cache hit
I/AccessibilityInteractionClient(16258): Node cache hit
I/AccessibilityInteractionClient(16258): Node cache hit
I/AccessibilityInteractionClient(16258): Node cache hit
I/AccessibilityInteractionClient(16258): Node cache hit
I/AccessibilityInteractionClient(16258): Node cache hit
I/AccessibilityInteractionClient(16258): Node cache hit
I/AccessibilityInteractionClient(16258): Node cache hit
I/AccessibilityInteractionClient(16258): Node cache hit
I/AccessibilityInteractionClient(16258): Node cache hit
I/AccessibilityInteractionClient(16258): Node cache hit
I/AccessibilityInteractionClient(16258): Node cache hit
I/AccessibilityInteractionClient(16258): Node cache hit
I/AccessibilityInteractionClient(16258): Node cache hit
I/AccessibilityInteractionClient(16258): Node cache hit
I/AccessibilityInteractionClient(16258): Node cache hit
I/AccessibilityInteractionClient(16258): Node cache hit
I/AccessibilityInteractionClient(16258): Node cache hit
I/AccessibilityInteractionClient(16258): Node cache hit
I/AccessibilityInteractionClient(16258): Node cache hit
I/AccessibilityInteractionClient(16258): Node cache hit
I/AccessibilityInteractionClient(16258): Node cache hit
I/AccessibilityInteractionClient(16258): Node cache hit
I/AccessibilityInteractionClient(16258): Node cache hit
I/AccessibilityInteractionClient(16258): Node cache hit
I/AccessibilityInteractionClient(16258): Node cache hit
I/AccessibilityInteractionClient(16258): Node cache hit
I/AccessibilityInteractionClient(16258): Node cache hit
I/AccessibilityInteractionClient(16258): Node cache hit
I/AccessibilityInteractionClient(16258): Node cache hit
I/AccessibilityInteractionClient(16258): Node cache miss
I/AccessibilityInteractionClient(16258): success = true
W/ResourceType( 1631): No known package when getting name for resource number 0x9c000000
W/ResourceType( 1631): No known package when getting name for resource number 0x9c000100
W/ResourceType( 1631): No known package when getting name for resource number 0x9c000200
W/ResourceType( 1631): No known package when getting name for resource number 0x9c000300
W/ResourceType( 1631): No known package when getting name for resource number 0x9c000001
W/ResourceType( 1631): No known package when getting name for resource number 0x9c000101
W/ResourceType( 1631): No known package when getting name for resource number 0x9c000201
W/ResourceType( 1631): No known package when getting name for resource number 0x9c000301
W/ResourceType( 1631): No known package when getting name for resource number 0x9c000002
W/ResourceType( 1631): No known package when getting name for resource number 0x9c000102
W/ResourceType( 1631): No known package when getting name for resource number 0x9c000202
W/ResourceType( 1631): No known package when getting name for resource number 0x9c000302
W/ResourceType( 1631): No known package when getting name for resource number 0x9c000003
I/AccessibilityInteractionClient(16258): Node cache hit
I/AccessibilityInteractionClient(16258): Node cache hit
I/AccessibilityInteractionClient(16258): Node cache hit
I/AccessibilityInteractionClient(16258): Node cache hit
I/AccessibilityInteractionClient(16258): Node cache hit
I/AccessibilityInteractionClient(16258): Node cache hit
I/AccessibilityInteractionClient(16258): Node cache hit
I/AccessibilityInteractionClient(16258): Node cache hit
I/AccessibilityInteractionClient(16258): Node cache hit
I/AccessibilityInteractionClient(16258): Node cache hit
I/AccessibilityInteractionClient(16258): Node cache hit
I/AccessibilityInteractionClient(16258): Node cache hit
I/AccessibilityInteractionClient(16258): Node cache hit
I/AccessibilityInteractionClient(16258): Node cache hit
I/AccessibilityInteractionClient(16258): Node cache hit
I/AccessibilityInteractionClient(16258): Node cache hit
I/AccessibilityInteractionClient(16258): Node cache hit
I/AccessibilityInteractionClient(16258): Node cache hit
I/AccessibilityInteractionClient(16258): Node cache hit
I/AccessibilityInteractionClient(16258): Node cache hit
I/AccessibilityInteractionClient(16258): Node cache hit
I/AccessibilityInteractionClient(16258): Node cache hit
I/AccessibilityInteractionClient(16258): Node cache hit
I/AccessibilityInteractionClient(16258): Node cache hit
I/AccessibilityInteractionClient(16258): Node cache hit
I/AccessibilityInteractionClient(16258): Node cache hit
I/AccessibilityInteractionClient(16258): Node cache hit
I/AccessibilityInteractionClient(16258): Node cache hit
I/AccessibilityInteractionClient(16258): Node cache hit
I/AccessibilityInteractionClient(16258): Node cache hit
I/AccessibilityInteractionClient(16258): Node cache hit
I/AccessibilityInteractionClient(16258): Node cache hit
I/AccessibilityInteractionClient(16258): Node cache hit
I/AccessibilityInteractionClient(16258): Node cache hit
I/AccessibilityInteractionClient(16258): Node cache hit
I/AccessibilityInteractionClient(16258): Node cache hit
I/AccessibilityInteractionClient(16258): Node cache hit
I/AccessibilityInteractionClient(16258): Node cache hit
I/AccessibilityInteractionClient(16258): Node cache hit
I/AccessibilityInteractionClient(16258): Node cache hit
I/AccessibilityInteractionClient(16258): Node cache hit
I/AccessibilityInteractionClient(16258): Node cache hit
I/AccessibilityInteractionClient(16258): Node cache hit
I/AccessibilityInteractionClient(16258): Node cache hit
I/AccessibilityInteractionClient(16258): Node cache hit
I/AccessibilityInteractionClient(16258): Node cache hit
I/AccessibilityInteractionClient(16258): Node cache hit
I/AccessibilityInteractionClient(16258): Node cache hit
I/AccessibilityInteractionClient(16258): Node cache hit
I/AccessibilityInteractionClient(16258): Node cache hit
I/AccessibilityInteractionClient(16258): Node cache hit
I/AccessibilityInteractionClient(16258): Node cache hit
I/AccessibilityInteractionClient(16258): Node cache hit
I/AccessibilityInteractionClient(16258): Node cache hit
I/AccessibilityInteractionClient(16258): Node cache hit
I/AccessibilityInteractionClient(16258): Node cache hit
I/AccessibilityInteractionClient(16258): Node cache hit
I/AccessibilityInteractionClient(16258): Node cache hit
I/AccessibilityInteractionClient(16258): Node cache hit
I/AccessibilityInteractionClient(16258): Node cache hit
I/AccessibilityInteractionClient(16258): Node cache hit
I/AccessibilityInteractionClient(16258): Node cache hit
I/AccessibilityInteractionClient(16258): Node cache hit
I/AccessibilityInteractionClient(16258): Node cache hit
I/AccessibilityInteractionClient(16258): Node cache hit
I/AccessibilityInteractionClient(16258): Node cache hit
I/AccessibilityInteractionClient(16258): Node cache hit
I/AccessibilityInteractionClient(16258): Node cache hit
I/AccessibilityInteractionClient(16258): Node cache hit
I/AccessibilityInteractionClient(16258): Node cache hit
I/AccessibilityInteractionClient(16258): Node cache hit
I/AccessibilityInteractionClient(16258): Node cache hit
I/AccessibilityInteractionClient(16258): Node cache hit
I/AccessibilityInteractionClient(16258): Node cache hit
I/AccessibilityInteractionClient(16258): Node cache hit
I/AccessibilityInteractionClient(16258): Node cache hit
I/AccessibilityInteractionClient(16258): Node cache hit
I/AccessibilityInteractionClient(16258): Node cache hit
I/AccessibilityInteractionClient(16258): Node cache hit
I/AccessibilityInteractionClient(16258): Node cache hit
I/AccessibilityInteractionClient(16258): Node cache hit
I/AccessibilityInteractionClient(16258): Node cache hit
I/AccessibilityInteractionClient(16258): Node cache hit
I/AccessibilityInteractionClient(16258): Node cache hit
I/AccessibilityInteractionClient(16258): Node cache hit
I/AccessibilityInteractionClient(16258): Node cache hit
I/AccessibilityInteractionClient(16258): Node cache hit
I/AccessibilityInteractionClient(16258): Node cache hit
I/AccessibilityInteractionClient(16258): Node cache hit
I/AccessibilityInteractionClient(16258): Node cache hit
I/AccessibilityInteractionClient(16258): Node cache hit
I/AccessibilityInteractionClient(16258): Node cache hit
I/AccessibilityInteractionClient(16258): Node cache hit
I/AccessibilityInteractionClient(16258): Node cache hit
I/AccessibilityInteractionClient(16258): Node cache hit
I/AccessibilityInteractionClient(16258): Node cache hit
I/AccessibilityInteractionClient(16258): Node cache hit
I/AccessibilityInteractionClient(16258): Node cache hit
I/AccessibilityInteractionClient(16258): Node cache hit
I/AccessibilityInteractionClient(16258): Node cache hit
I/AccessibilityInteractionClient(16258): Node cache hit
I/AccessibilityInteractionClient(16258): Node cache hit
I/AccessibilityInteractionClient(16258): Node cache hit
I/AccessibilityInteractionClient(16258): Node cache hit
I/AccessibilityInteractionClient(16258): Node cache hit
I/AccessibilityInteractionClient(16258): Node cache hit
I/AccessibilityInteractionClient(16258): Node cache hit
I/AccessibilityInteractionClient(16258): Node cache hit
I/AccessibilityInteractionClient(16258): Node cache hit
I/AccessibilityInteractionClient(16258): Node cache hit
I/AccessibilityInteractionClient(16258): Node cache hit
I/AccessibilityInteractionClient(16258): Node cache hit
I/AccessibilityInteractionClient(16258): Node cache hit
I/AccessibilityInteractionClient(16258): Node cache hit
I/AccessibilityInteractionClient(16258): Node cache hit
I/AccessibilityInteractionClient(16258): Node cache hit
I/AccessibilityInteractionClient(16258): Node cache hit
I/AccessibilityInteractionClient(16258): Node cache hit
I/AccessibilityInteractionClient(16258): Node cache hit
I/AccessibilityInteractionClient(16258): Node cache hit
I/AccessibilityInteractionClient(16258): Node cache hit
I/AccessibilityInteractionClient(16258): Node cache hit
I/AccessibilityInteractionClient(16258): Node cache hit
I/AccessibilityInteractionClient(16258): Node cache hit
I/AccessibilityInteractionClient(16258): Node cache hit
I/AccessibilityInteractionClient(16258): Node cache hit
I/AccessibilityInteractionClient(16258): Node cache hit
I/AccessibilityInteractionClient(16258): Node cache hit
I/AccessibilityInteractionClient(16258): Node cache hit
I/AccessibilityInteractionClient(16258): Node cache hit
I/AccessibilityInteractionClient(16258): Node cache hit
I/AccessibilityInteractionClient(16258): Node cache hit
I/AccessibilityInteractionClient(16258): Node cache miss
I/AccessibilityInteractionClient(16258): success = true
W/ResourceType( 1631): No known package when getting name for resource number 0x9c000000
W/ResourceType( 1631): No known package when getting name for resource number 0x9c000100
W/ResourceType( 1631): No known package when getting name for resource number 0x9c000200
W/ResourceType( 1631): No known package when getting name for resource number 0x9c000300
W/ResourceType( 1631): No known package when getting name for resource number 0x9c000001
W/ResourceType( 1631): No known package when getting name for resource number 0x9c000101
W/ResourceType( 1631): No known package when getting name for resource number 0x9c000201
W/ResourceType( 1631): No known package when getting name for resource number 0x9c000301
W/ResourceType( 1631): No known package when getting name for resource number 0x9c000002
W/ResourceType( 1631): No known package when getting name for resource number 0x9c000102
W/ResourceType( 1631): No known package when getting name for resource number 0x9c000202
W/ResourceType( 1631): No known package when getting name for resource number 0x9c000302
W/ResourceType( 1631): No known package when getting name for resource number 0x9c000003
I/AccessibilityInteractionClient(16258): Node cache hit
I/AccessibilityInteractionClient(16258): Node cache hit
I/AccessibilityInteractionClient(16258): Node cache hit
I/AccessibilityInteractionClient(16258): Node cache hit
I/AccessibilityInteractionClient(16258): Node cache hit
I/AccessibilityInteractionClient(16258): Node cache hit
I/AccessibilityInteractionClient(16258): Node cache hit
I/AccessibilityInteractionClient(16258): Node cache hit
I/AccessibilityInteractionClient(16258): Node cache hit
I/AccessibilityInteractionClient(16258): Node cache hit
I/AccessibilityInteractionClient(16258): Node cache hit
I/AccessibilityInteractionClient(16258): Node cache hit
I/AccessibilityInteractionClient(16258): Node cache hit
I/AccessibilityInteractionClient(16258): Node cache hit
I/AccessibilityInteractionClient(16258): Node cache hit
I/AccessibilityInteractionClient(16258): Node cache hit
I/AccessibilityInteractionClient(16258): Node cache hit
I/AccessibilityInteractionClient(16258): Node cache hit
I/AccessibilityInteractionClient(16258): Node cache hit
I/AccessibilityInteractionClient(16258): Node cache hit
I/AccessibilityInteractionClient(16258): Node cache hit
I/AccessibilityInteractionClient(16258): Node cache hit
I/AccessibilityInteractionClient(16258): Node cache hit
I/AccessibilityInteractionClient(16258): Node cache hit
I/AccessibilityInteractionClient(16258): Node cache hit
I/AccessibilityInteractionClient(16258): Node cache hit
I/AccessibilityInteractionClient(16258): Node cache hit
I/AccessibilityInteractionClient(16258): Node cache hit
I/AccessibilityInteractionClient(16258): Node cache hit
I/AccessibilityInteractionClient(16258): Node cache hit
I/AccessibilityInteractionClient(16258): Node cache hit
I/AccessibilityInteractionClient(16258): Node cache hit
I/AccessibilityInteractionClient(16258): Node cache hit
I/AccessibilityInteractionClient(16258): Node cache hit
I/AccessibilityInteractionClient(16258): Node cache hit
I/AccessibilityInteractionClient(16258): Node cache hit
I/AccessibilityInteractionClient(16258): Node cache hit
I/AccessibilityInteractionClient(16258): Node cache hit
I/AccessibilityInteractionClient(16258): Node cache hit
I/AccessibilityInteractionClient(16258): Node cache hit
I/AccessibilityInteractionClient(16258): Node cache hit
I/AccessibilityInteractionClient(16258): Node cache hit
I/AccessibilityInteractionClient(16258): Node cache hit
I/AccessibilityInteractionClient(16258): Node cache hit
I/AccessibilityInteractionClient(16258): Node cache hit
I/AccessibilityInteractionClient(16258): Node cache hit
I/AccessibilityInteractionClient(16258): Node cache hit
I/AccessibilityInteractionClient(16258): Node cache hit
I/AccessibilityInteractionClient(16258): Node cache hit
I/AccessibilityInteractionClient(16258): Node cache hit
I/AccessibilityInteractionClient(16258): Node cache hit
I/AccessibilityInteractionClient(16258): Node cache hit
I/AccessibilityInteractionClient(16258): Node cache hit
I/AccessibilityInteractionClient(16258): Node cache hit
I/AccessibilityInteractionClient(16258): Node cache hit
I/AccessibilityInteractionClient(16258): Node cache hit
I/AccessibilityInteractionClient(16258): Node cache hit
I/AccessibilityInteractionClient(16258): Node cache hit
I/AccessibilityInteractionClient(16258): Node cache hit
I/AccessibilityInteractionClient(16258): Node cache hit
I/AccessibilityInteractionClient(16258): Node cache hit
I/AccessibilityInteractionClient(16258): Node cache hit
I/AccessibilityInteractionClient(16258): Node cache hit
I/AccessibilityInteractionClient(16258): Node cache hit
I/AccessibilityInteractionClient(16258): Node cache hit
I/AccessibilityInteractionClient(16258): Node cache hit
I/AccessibilityInteractionClient(16258): Node cache hit
I/AccessibilityInteractionClient(16258): Node cache hit
I/AccessibilityInteractionClient(16258): Node cache hit
I/AccessibilityInteractionClient(16258): Node cache hit
I/AccessibilityInteractionClient(16258): Node cache hit
I/AccessibilityInteractionClient(16258): Node cache hit
I/AccessibilityInteractionClient(16258): Node cache hit
I/AccessibilityInteractionClient(16258): Node cache hit
I/AccessibilityInteractionClient(16258): Node cache hit
I/AccessibilityInteractionClient(16258): Node cache hit
I/AccessibilityInteractionClient(16258): Node cache hit
I/AccessibilityInteractionClient(16258): Node cache hit
I/AccessibilityInteractionClient(16258): Node cache hit
I/AccessibilityInteractionClient(16258): Node cache hit
I/AccessibilityInteractionClient(16258): Node cache hit
I/AccessibilityInteractionClient(16258): Node cache hit
I/AccessibilityInteractionClient(16258): Node cache hit
I/AccessibilityInteractionClient(16258): Node cache hit
I/AccessibilityInteractionClient(16258): Node cache hit
I/AccessibilityInteractionClient(16258): Node cache hit
I/AccessibilityInteractionClient(16258): Node cache hit
I/AccessibilityInteractionClient(16258): Node cache hit
I/AccessibilityInteractionClient(16258): Node cache hit
I/AccessibilityInteractionClient(16258): Node cache hit
I/AccessibilityInteractionClient(16258): Node cache hit
I/AccessibilityInteractionClient(16258): Node cache hit
I/AccessibilityInteractionClient(16258): Node cache hit
I/AccessibilityInteractionClient(16258): Node cache hit
I/AccessibilityInteractionClient(16258): Node cache hit
I/AccessibilityInteractionClient(16258): Node cache hit
I/AccessibilityInteractionClient(16258): Node cache hit
I/AccessibilityInteractionClient(16258): Node cache hit
I/AccessibilityInteractionClient(16258): Node cache hit
I/AccessibilityInteractionClient(16258): Node cache hit
I/AccessibilityInteractionClient(16258): Node cache hit
I/AccessibilityInteractionClient(16258): Node cache hit
I/AccessibilityInteractionClient(16258): Node cache hit
I/AccessibilityInteractionClient(16258): Node cache hit
I/AccessibilityInteractionClient(16258): Node cache hit
I/AccessibilityInteractionClient(16258): Node cache hit
I/AccessibilityInteractionClient(16258): Node cache hit
I/AccessibilityInteractionClient(16258): Node cache hit
I/AccessibilityInteractionClient(16258): Node cache hit
I/AccessibilityInteractionClient(16258): Node cache hit
I/AccessibilityInteractionClient(16258): Node cache hit
I/AccessibilityInteractionClient(16258): Node cache hit
I/AccessibilityInteractionClient(16258): Node cache hit
I/AccessibilityInteractionClient(16258): Node cache hit
I/AccessibilityInteractionClient(16258): Node cache hit
I/AccessibilityInteractionClient(16258): Node cache hit
I/AccessibilityInteractionClient(16258): Node cache hit
I/AccessibilityInteractionClient(16258): Node cache hit
I/AccessibilityInteractionClient(16258): Node cache hit
I/AccessibilityInteractionClient(16258): Node cache hit
I/AccessibilityInteractionClient(16258): Node cache hit
I/AccessibilityInteractionClient(16258): Node cache hit
I/AccessibilityInteractionClient(16258): Node cache hit
I/AccessibilityInteractionClient(16258): Node cache hit
I/AccessibilityInteractionClient(16258): Node cache hit
I/AccessibilityInteractionClient(16258): Node cache hit
I/AccessibilityInteractionClient(16258): Node cache hit
I/AccessibilityInteractionClient(16258): Node cache hit
I/AccessibilityInteractionClient(16258): Node cache hit
I/AccessibilityInteractionClient(16258): Node cache hit
I/AccessibilityInteractionClient(16258): Node cache hit
I/AccessibilityInteractionClient(16258): Node cache hit
I/AccessibilityInteractionClient(16258): Node cache miss
I/AccessibilityInteractionClient(16258): success = true
W/ResourceType( 1631): No known package when getting name for resource number 0x9c000000
W/ResourceType( 1631): No known package when getting name for resource number 0x9c000100
W/ResourceType( 1631): No known package when getting name for resource number 0x9c000200
W/ResourceType( 1631): No known package when getting name for resource number 0x9c000300
W/ResourceType( 1631): No known package when getting name for resource number 0x9c000001
W/ResourceType( 1631): No known package when getting name for resource number 0x9c000101
W/ResourceType( 1631): No known package when getting name for resource number 0x9c000201
W/ResourceType( 1631): No known package when getting name for resource number 0x9c000301
W/ResourceType( 1631): No known package when getting name for resource number 0x9c000002
W/ResourceType( 1631): No known package when getting name for resource number 0x9c000102
W/ResourceType( 1631): No known package when getting name for resource number 0x9c000202
W/ResourceType( 1631): No known package when getting name for resource number 0x9c000302
W/ResourceType( 1631): No known package when getting name for resource number 0x9c000003
I/AccessibilityInteractionClient(16258): Node cache hit
I/AccessibilityInteractionClient(16258): Node cache hit
I/AccessibilityInteractionClient(16258): Node cache hit
I/AccessibilityInteractionClient(16258): Node cache hit
