I/SurfaceFlinger(  276): [Built-in Screen (type:0)] fps:2.460130,dur:1219.45,max:1003.83,min:5.76
I/thermal_repeater(  322): oh, queryMdThermalInfo (0)Bad file number
I/thermal_repeater(  322): [recvMdThermalInfo] ret=25, strLen=127,  1, 32767,,, -1, 32767, 2
I/AudioFlinger(  304): setParameters(): io 0, keyvalue mediaserver_monitor=1, calling pid 881
W/AudioALSAHardware(  304): setParameters(), still have param.size() = 1, remain param = "mediaserver_monitor=1"
I/str_params(  304): key: 'mediaserver_monitor' value: '1'
I/AudioPolicyManager(  304): setStreamVolumeIndex stream = 7 index = 15 device = 0x400
W/Watchdog(  881): SWT Watchdog after wait current time:25325155
W/Watchdog(  881): **Get SF Time **1
W/Watchdog(  881): SWT Watchdog before synchronized:25325156
W/Watchdog(  881): SWT Watchdog after synchronized:25325156
W/Watchdog(  881): SWT Watchdog before wait timeout:30000
W/Watchdog(  881): SWT Watchdog before wait current time:25325156
W/Watchdog(  881): SWT Watchdog before wait start:25325156
W/Watchdog(  881): SWT Watchdog before wait CHECK_INTERVAL:30000
I/EMDLOGGER1(  780): MDL rate:25 KB/s, full count:0
I/System.out( 9685): isFirstLocfalse
I/thermal_repeater(  322): oh, queryMdThermalInfo (0)Bad file number
I/thermal_repeater(  322): [recvMdThermalInfo] ret=25, strLen=127,  1, 32767,,, -1, 32767, 2
D/[BT3.0+HS]PAL(  332): == chip_reset_fd is set ==
D/[BT3.0+HS]PAL(  332): 
D/[BT3.0+HS]PAL(  332): invalid reply message
D/[BT3.0+HS]PAL(  332): 
I/EMDLOGGER1(  780): MD writer time out 10 sec.
I/KeyguardUpdateMonitor( 1045): handleBatteryUpdate index=0 updateInteresting=false
I/BatteryConsumeMonitor( 1344): init var lastPlugType : 2 lastBatteryChangedLevel : 100
I/libPerfService(  881): perfSetFavorPid - pid:9685, 25d5
I/libPerfService(  881): perfSetFavorPid - pid:0, 0
I/QuenedWorkProxy( 8391): clean QuenedWork.sPendingWorkFinishers(185342190) size 0
I/QuenedWorkProxy( 8391): clean QuenedWork.sPendingWorkFinishers(185342190) size 0
I/SurfaceFlinger(  276): [Built-in Screen (type:0)] fps:0.113683,dur:8796.42,max:8796.42,min:8796.42
I/thermal_repeater(  322): oh, queryMdThermalInfo (0)Bad file number
I/thermal_repeater(  322): [recvMdThermalInfo] ret=25, strLen=127,  1, 32767,,, -1, 32767, 2
I/AudioFlinger(  304): setParameters(): io 0, keyvalue mediaserver_monitor=1, calling pid 881
W/AudioALSAHardware(  304): setParameters(), still have param.size() = 1, remain param = "mediaserver_monitor=1"
I/str_params(  304): key: 'mediaserver_monitor' value: '1'
I/AudioPolicyManager(  304): setStreamVolumeIndex stream = 7 index = 15 device = 0x400
D/[BT3.0+HS]PAL(  332): == chip_reset_fd is set ==
D/[BT3.0+HS]PAL(  332): 
D/[BT3.0+HS]PAL(  332): invalid reply message
D/[BT3.0+HS]PAL(  332): 
I/Netd    (  299): Get netlink event, ifname: wlan0 action: 4
E/wpa_supplicant( 1294): This is a Iphone softap!!!!!!! 
E/wpa_supplicant( 1294): This is a Iphone softap!!!!!!! 
E/wpa_supplicant( 1294): This is a Iphone softap!!!!!!! 
D/[BT3.0+HS]PAL(  332): == chip_reset_fd is set ==
D/[BT3.0+HS]PAL(  332): 
D/[BT3.0+HS]PAL(  332): invalid reply message
D/[BT3.0+HS]PAL(  332): 
I/Netd    (  299): Get netlink event, ifname: wlan0 action: 4
E/wpa_supplicant( 1294): This is a Iphone softap!!!!!!! 
E/wpa_supplicant( 1294): This is a Iphone softap!!!!!!! 
E/WifiConfigStore(  881):  rewrite network history for "chaozhouniurouwan"WPA_PSK
E/WifiStateMachine(  881): mIsFullScanOngoing: true, mSendScanResultsBroadcast: false
E/WifiStateMachine(  881): mWifiOnScanCount: 1197
I/libPerfService(  881): perfSetFavorPid - pid:9685, 25d5
I/System.out( 9685): isFirstLocfalse
W/ContextImpl( 9304): Calling a method in the system process without a qualified user: android.app.ContextImpl.startService:1863 android.content.ContextWrapper.startService:516 android.content.ContextWrapper.startService:516 com.meizu.dataservice.ExperienceReceiver.a:-1 com.meizu.dataservice.ExperienceReceiver.onReceive:-1 
D/MDLOGGER_CLEAR_LOG(  780): mdlogger clearLog V4.W1442.1
I/MDLOGGER_CLEAR_LOG(  780): clearLogFolder /storage/sdcard0/mtklog/mdlog1 size is 15 M. Recycle size is 600 M,no need clear log
D/EMDLOGGER1(  780): CTRL_reader: incoming SPLM req, msgid=6, token=0, result=0
I/EMDLOGGER1(  780): [MDLOG] [stats][buf] L1 : data:0x15f24 last:0x4d4fbc; (1, 0x4b48, 0x4d4fbc)(3, 0x669, 0x4d4f1a)PS : data:0x51b1 last:0x4d4fbc; L2 : data:0x3e70 last:0x4d4fbc; 
D/EMDLOGGER1(  780): CTRL_reader: incoming SPLM req, msgid=6, token=0, result=0
I/EMDLOGGER1(  780): [MDLOG] [stats][mux] MCU : data:0x21ba2 last:0x4d4ea2; DSP : data:0x0 last:0x0; 
I/EMDLOGGER1(  780): MDL rate:27 KB/s, full count:0
I/System.out( 9685): isFirstLocfalse
I/libPerfService(  881): perfSetFavorPid - pid:0, 0
I/SurfaceFlinger(  276): [Built-in Screen (type:0)] fps:0.190079,dur:5260.96,max:5260.96,min:5260.96
I/SurfaceFlinger(  276): [Built-in Screen (type:0)] fps:0.990126,dur:1009.97,max:1009.97,min:1009.97
I/thermal_repeater(  322): oh, queryMdThermalInfo (0)Bad file number
I/thermal_repeater(  322): [recvMdThermalInfo] ret=25, strLen=127,  1, 32767,,, -1, 32767, 2
I/SurfaceFlinger(  276): [Built-in Screen (type:0)] fps:0.989028,dur:1011.09,max:1011.09,min:1011.09
I/SurfaceFlinger(  276): [Built-in Screen (type:0)] fps:0.990299,dur:1009.80,max:1009.80,min:1009.80
I/System.out( 9685): isFirstLocfalse
I/KeyguardUpdateMonitor( 1045): handleBatteryUpdate index=0 updateInteresting=false
I/BatteryConsumeMonitor( 1344): init var lastPlugType : 2 lastBatteryChangedLevel : 100
I/libPerfService(  881): perfSetFavorPid - pid:9685, 25d5
I/QuenedWorkProxy( 8391): clean QuenedWork.sPendingWorkFinishers(185342190) size 0
I/QuenedWorkProxy( 8391): clean QuenedWork.sPendingWorkFinishers(185342190) size 0
I/SurfaceFlinger(  276): [Built-in Screen (type:0)] fps:0.591921,dur:1689.41,max:1689.41,min:1689.41
I/EMDLOGGER1(  780): MD writer time out 10 sec.
I/thermal_repeater(  322): oh, queryMdThermalInfo (0)Bad file number
I/thermal_repeater(  322): [recvMdThermalInfo] ret=25, strLen=127,  1, 32767,,, -1, 32767, 2
I/AudioFlinger(  304): setParameters(): io 0, keyvalue mediaserver_monitor=1, calling pid 881
W/AudioALSAHardware(  304): setParameters(), still have param.size() = 1, remain param = "mediaserver_monitor=1"
I/str_params(  304): key: 'mediaserver_monitor' value: '1'
I/AudioPolicyManager(  304): setStreamVolumeIndex stream = 7 index = 15 device = 0x400
I/libPerfService(  881): perfSetFavorPid - pid:0, 0
I/SurfaceFlinger(  276): [Built-in Screen (type:0)] fps:0.601043,dur:3327.55,max:3021.88,min:305.67
D/[BT3.0+HS]PAL(  332): == chip_reset_fd is set ==
D/[BT3.0+HS]PAL(  332): 
D/[BT3.0+HS]PAL(  332): invalid reply message
D/[BT3.0+HS]PAL(  332): 
I/crashsdk(11174): Begin update unexp info ...
I/crashsdk(11174): Update unexp info took 11 ms
I/thermal_repeater(  322): oh, queryMdThermalInfo (0)Bad file number
D/EMDLOGGER1(  780): CTRL_reader: incoming SPLM req, msgid=6, token=0, result=0
I/EMDLOGGER1(  780): [MDLOG] [stats][buf] L1 : data:0x19916 last:0x4d5a67; (1, 0x3d9c, 0x4d5a67)(3, 0x3a3, 0x4d567c)PS : data:0x413f last:0x4d5a67; L2 : data:0x4552 last:0x4d5a66; 
D/EMDLOGGER1(  780): CTRL_reader: incoming SPLM req, msgid=6, token=0, result=0
I/EMDLOGGER1(  780): [MDLOG] [stats][mux] MCU : data:0x27675 last:0x4d594c; DSP : data:0x0 last:0x0; 
I/thermal_repeater(  322): [recvMdThermalInfo] ret=25, strLen=127,  1, 32767,,, -1, 32767, 2
D/[BT3.0+HS]PAL(  332): == chip_reset_fd is set ==
D/[BT3.0+HS]PAL(  332): 
D/[BT3.0+HS]PAL(  332): invalid reply message
D/[BT3.0+HS]PAL(  332): 
I/Netd    (  299): Get netlink event, ifname: wlan0 action: 4
D/[BT3.0+HS]PAL(  332): == chip_reset_fd is set ==
D/[BT3.0+HS]PAL(  332): 
D/[BT3.0+HS]PAL(  332): invalid reply message
D/[BT3.0+HS]PAL(  332): 
I/Netd    (  299): Get netlink event, ifname: wlan0 action: 4
E/wpa_supplicant( 1294): This is a Iphone softap!!!!!!! 
E/wpa_supplicant( 1294): This is a Iphone softap!!!!!!! 
E/wpa_supplicant( 1294): This is a Iphone softap!!!!!!! 
E/wpa_supplicant( 1294): This is a Iphone softap!!!!!!! 
E/wpa_supplicant( 1294): This is a Iphone softap!!!!!!! 
E/WifiConfigStore(  881):  rewrite network history for "chaozhouniurouwan"WPA_PSK
E/WifiStateMachine(  881): mIsFullScanOngoing: true, mSendScanResultsBroadcast: false
E/WifiStateMachine(  881): mWifiOnScanCount: 1198
I/libPerfService(  881): perfSetFavorPid - pid:9685, 25d5
I/System.out( 9685): isFirstLocfalse
I/art     (  881): Background sticky concurrent mark sweep GC freed 13846(2047KB) AllocSpace objects, 0(0B) LOS objects, 2% free, 46MB/48MB, paused 7.129ms total 79.771ms
W/ContextImpl( 9304): Calling a method in the system process without a qualified user: android.app.ContextImpl.startService:1863 android.content.ContextWrapper.startService:516 android.content.ContextWrapper.startService:516 com.meizu.dataservice.ExperienceReceiver.a:-1 com.meizu.dataservice.ExperienceReceiver.onReceive:-1 
I/EMDLOGGER1(  780): MDL rate:32 KB/s, full count:0
I/System.out( 9458): open:http://113.113.98.20/lighttps?ef=tS1yHz2nc7orhfdKq92%2FAVDDXZfg0hzN%2BnecXzpmbHOP0FhzwsxZUKxbxV2g0ubKaVuONABLzw6OR6x6JXoLW05c%2BsXCT%2B%2B%2BEMTfuENEpT%2FKR0p%2Bimq8Lce5lC8w3IULHPOyfHcU3chCweCl%2FyPuG75PIA0KzY%2BdPu4dURuhohiyDBAtSNZWZ%2BZWYKG%2BMPKE3Q%2Br5wpvOl8F4LjeJVZxGQ%3D%3D
D/libc-netbsd( 9458): [getaddrinfo]: hostname=113.113.98.20; servname=(null); cache_mode=(null), netid=0; mark=0
D/libc-netbsd( 9458): [getaddrinfo]: ai_addrlen=0; ai_canonname=(null); ai_flags=4; ai_family=0
D/libc-netbsd( 9458): [getaddrinfo]: hostname=113.113.98.20; servname=(null); cache_mode=(null), netid=0; mark=0
D/libc-netbsd( 9458): [getaddrinfo]: ai_addrlen=0; ai_canonname=(null); ai_flags=4; ai_family=0
I/System.out( 9458): [CDS]connect[/113.113.98.20:80] tm:30
I/System.out( 9458): Close in OkHttp
I/System.out( 9458): [CDS]close[58463]
I/NetworkManagementSocketTagger( 9458): untagSocket(78)
I/System.out( 9458): Close in OkHttp
I/System.out( 9458): [CDS]close[34571]
I/NetworkManagementSocketTagger( 9458): untagSocket(73)
I/System.out( 9458): [OkHttp] sendRequest>>
I/System.out( 9458): [OkHttp] sendRequest<<
I/NetworkManagementSocketTagger( 9458): untagSocket(74)
I/System.out( 9685): isFirstLocfalse
I/libPerfService(  881): perfSetFavorPid - pid:0, 0
I/SurfaceFlinger(  276): [Built-in Screen (type:0)] fps:0.165936,dur:6026.43,max:6026.43,min:6026.43
I/BatteryConsumeMonitor( 1344): init var lastPlugType : 2 lastBatteryChangedLevel : 100
I/KeyguardUpdateMonitor( 1045): handleBatteryUpdate index=0 updateInteresting=false
I/libPerfService(  881): perfSetFavorPid - pid:9685, 25d5
I/QuenedWorkProxy( 8391): clean QuenedWork.sPendingWorkFinishers(185342190) size 0
I/libPerfService(  881): perfSetFavorPid - pid:0, 0
I/QuenedWorkProxy( 8391): clean QuenedWork.sPendingWorkFinishers(185342190) size 0
I/SurfaceFlinger(  276): [Built-in Screen (type:0)] fps:1.510717,dur:1985.81,max:1007.24,min:299.20
I/thermal_repeater(  322): oh, queryMdThermalInfo (0)Bad file number
I/thermal_repeater(  322): [recvMdThermalInfo] ret=25, strLen=127,  1, 32767,,, -1, 32767, 2
I/AudioFlinger(  304): setParameters(): io 0, keyvalue mediaserver_monitor=1, calling pid 881
W/AudioALSAHardware(  304): setParameters(), still have param.size() = 1, remain param = "mediaserver_monitor=1"
I/str_params(  304): key: 'mediaserver_monitor' value: '1'
I/AudioPolicyManager(  304): setStreamVolumeIndex stream = 7 index = 15 device = 0x400
I/libPerfService(  881): perfSetFavorPid - pid:9685, 25d5
I/libPerfService(  881): perfSetFavorPid - pid:0, 0
I/libPerfService(  881): perfSetFavorPid - pid:9685, 25d5
I/SurfaceFlinger(  276): [Built-in Screen (type:0)] fps:1.171488,dur:1707.23,max:1704.56,min:2.67
W/Watchdog(  881): SWT Watchdog after wait current time:25355157
W/Watchdog(  881): **Get SF Time **1
W/Watchdog(  881): SWT Watchdog before synchronized:25355157
W/Watchdog(  881): SWT Watchdog after synchronized:25355157
W/Watchdog(  881): SWT Watchdog before wait timeout:30000
W/Watchdog(  881): SWT Watchdog before wait current time:25355157
W/Watchdog(  881): SWT Watchdog before wait start:25355157
W/Watchdog(  881): SWT Watchdog before wait CHECK_INTERVAL:30000
I/System.out( 9685): isFirstLocfalse
I/libPerfService(  881): perfSetFavorPid - pid:0, 0
I/SurfaceFlinger(  276): [Built-in Screen (type:0)] fps:0.745248,dur:1341.83,max:1341.83,min:1341.83
I/EMDLOGGER1(  780): MD writer time out 10 sec.
I/SurfaceFlinger(  276): [Built-in Screen (type:0)] fps:0.499389,dur:2002.45,max:2002.45,min:2002.45
I/thermal_repeater(  322): oh, queryMdThermalInfo (0)Bad file number
I/thermal_repeater(  322): [recvMdThermalInfo] ret=25, strLen=127,  1, 32767,,, -1, 32767, 2
I/SurfaceFlinger(  276): [Built-in Screen (type:0)] fps:0.494744,dur:2021.25,max:2021.25,min:2021.25
D/[BT3.0+HS]PAL(  332): == chip_reset_fd is set ==
D/[BT3.0+HS]PAL(  332): 
D/[BT3.0+HS]PAL(  332): invalid reply message
D/[BT3.0+HS]PAL(  332): 
I/KeyguardUpdateMonitor( 1045): handleBatteryUpdate index=0 updateInteresting=false
I/BatteryConsumeMonitor( 1344): init var lastPlugType : 2 lastBatteryChangedLevel : 100
I/libPerfService(  881): perfSetFavorPid - pid:9685, 25d5
I/QuenedWorkProxy( 8391): clean QuenedWork.sPendingWorkFinishers(185342190) size 0
I/QuenedWorkProxy( 8391): clean QuenedWork.sPendingWorkFinishers(185342190) size 0
I/libPerfService(  881): perfSetFavorPid - pid:0, 0
I/SurfaceFlinger(  276): [Built-in Screen (type:0)] fps:0.617542,dur:1619.32,max:1619.32,min:1619.32
D/EMDLOGGER1(  780): CTRL_reader: incoming SPLM req, msgid=6, token=0, result=0
I/EMDLOGGER1(  780): [MDLOG] [stats][buf] L1 : data:0x17354 last:0x4d6511; (1, 0x505c, 0x4d6511)(3, 0x69b, 0x4d623f)PS : data:0x56f7 last:0x4d6511; L2 : data:0x3f90 last:0x4d6511; 
D/EMDLOGGER1(  780): CTRL_reader: incoming SPLM req, msgid=6, token=0, result=0
I/EMDLOGGER1(  780): [MDLOG] [stats][mux] MCU : data:0x2502f last:0x4d63f7; DSP : data:0x0 last:0x0; 
I/thermal_repeater(  322): oh, queryMdThermalInfo (0)Bad file number
I/thermal_repeater(  322): [recvMdThermalInfo] ret=25, strLen=127,  1, 32767,,, -1, 32767, 2
I/AudioFlinger(  304): setParameters(): io 0, keyvalue mediaserver_monitor=1, calling pid 881
W/AudioALSAHardware(  304): setParameters(), still have param.size() = 1, remain param = "mediaserver_monitor=1"
I/str_params(  304): key: 'mediaserver_monitor' value: '1'
I/AudioPolicyManager(  304): setStreamVolumeIndex stream = 7 index = 15 device = 0x400
D/[BT3.0+HS]PAL(  332): == chip_reset_fd is set ==
D/[BT3.0+HS]PAL(  332): 
D/[BT3.0+HS]PAL(  332): invalid reply message
D/[BT3.0+HS]PAL(  332): 
I/Netd    (  299): Get netlink event, ifname: wlan0 action: 4
I/Netd    (  299): Get netlink event, ifname: wlan0 action: 4
E/wpa_supplicant( 1294): This is a Iphone softap!!!!!!! 
D/[BT3.0+HS]PAL(  332): == chip_reset_fd is set ==
D/[BT3.0+HS]PAL(  332): 
D/[BT3.0+HS]PAL(  332): invalid reply message
D/[BT3.0+HS]PAL(  332): 
E/wpa_supplicant( 1294): This is a Iphone softap!!!!!!! 
E/wpa_supplicant( 1294): This is a Iphone softap!!!!!!! 
E/wpa_supplicant( 1294): This is a Iphone softap!!!!!!! 
E/wpa_supplicant( 1294): This is a Iphone softap!!!!!!! 
E/WifiConfigStore(  881):  rewrite network history for "chaozhouniurouwan"WPA_PSK
E/WifiStateMachine(  881): mIsFullScanOngoing: true, mSendScanResultsBroadcast: false
E/WifiStateMachine(  881): mWifiOnScanCount: 1199
I/libPerfService(  881): perfSetFavorPid - pid:9685, 25d5
W/ContextImpl( 9304): Calling a method in the system process without a qualified user: android.app.ContextImpl.startService:1863 android.content.ContextWrapper.startService:516 android.content.ContextWrapper.startService:516 com.meizu.dataservice.ExperienceReceiver.a:-1 com.meizu.dataservice.ExperienceReceiver.onReceive:-1 
I/System.out( 9685): isFirstLocfalse
I/libPerfService(  881): perfSetFavorPid - pid:0, 0
I/SurfaceFlinger(  276): [Built-in Screen (type:0)] fps:0.418978,dur:2386.76,max:2386.76,min:2386.76
D/MDLOGGER_CLEAR_LOG(  780): mdlogger clearLog V4.W1442.1
I/MDLOGGER_CLEAR_LOG(  780): clearLogFolder /storage/sdcard0/mtklog/mdlog1 size is 15 M. Recycle size is 600 M,no need clear log
I/SurfaceFlinger(  276): [Built-in Screen (type:0)] fps:0.989955,dur:1010.15,max:1010.15,min:1010.15
W/MTKLogger(10981): Maybe device was updated from old version, change property to newer one
I/StorageManagerEx(10981): getInternalStoragePath from Property path=/storage/sdcard0
W/MTKLogger(10981): Maybe device was updated from old version, change property to newer one
I/StorageManagerEx(10981): getInternalStoragePath from Property path=/storage/sdcard0
I/EMDLOGGER1(  780): MDL rate:30 KB/s, full count:0
I/System.out( 9685): isFirstLocfalse
I/SurfaceFlinger(  276): [Built-in Screen (type:0)] fps:0.494874,dur:2020.72,max:2020.72,min:2020.72
I/thermal_repeater(  322): oh, queryMdThermalInfo (0)Bad file number
I/thermal_repeater(  322): [recvMdThermalInfo] ret=25, strLen=127,  1, 32767,,, -1, 32767, 2
I/SurfaceFlinger(  276): [Built-in Screen (type:0)] fps:1.459339,dur:2055.73,max:1062.05,min:0.98
I/EMDLOGGER1(  780): MD writer time out 10 sec.
I/System.out( 9685): isFirstLocfalse
W/ADB_SERVICES(16908): create_local_service_socket() name=shell:wm size
W/ADB_SERVICES(16908): service_to_fd() name=shell:wm size
W/ADB_SERVICES(16908): read_meminfo() mem_free=50340
W/ADB_SERVICES(16908): create_subproc ret_fd=17 pid=13486
W/ADB_SERVICES(16908): LS(1570): bound to 'shell:wm size' via 17
W/ADB_SERVICES(13486): adb: unable to update oom_score_adj
E/memtrack(13486): Couldn't load memtrack module (No such file or directory)
E/android.os.Debug(13486): failed to load memtrack module: -2
W/ADB_SERVICES(16908): create_local_service_socket() name=shell:cat /proc/meminfo
W/ADB_SERVICES(16908): service_to_fd() name=shell:cat /proc/meminfo
W/ADB_SERVICES(16908): read_meminfo() mem_free=45032
W/ADB_SERVICES(16908): create_subproc ret_fd=18 pid=13502
W/ADB_SERVICES(16908): LS(1571): bound to 'shell:cat /proc/meminfo' via 18
W/ADB_SERVICES(13502): adb: unable to update oom_score_adj
W/ADB_SERVICES(16908): entered. LS(1571) fd=18
W/ADB_SERVICES(16908): entered. LS(1570) fd=17
I/thermal_repeater(  322): oh, queryMdThermalInfo (0)Bad file number
I/thermal_repeater(  322): [recvMdThermalInfo] ret=25, strLen=127,  1, 32767,,, -1, 32767, 2
I/AudioFlinger(  304): setParameters(): io 0, keyvalue mediaserver_monitor=1, calling pid 881
W/AudioALSAHardware(  304): setParameters(), still have param.size() = 1, remain param = "mediaserver_monitor=1"
I/str_params(  304): key: 'mediaserver_monitor' value: '1'
I/AudioPolicyManager(  304): setStreamVolumeIndex stream = 7 index = 15 device = 0x400
D/EMDLOGGER1(  780): CTRL_reader: incoming SPLM req, msgid=6, token=0, result=0
I/EMDLOGGER1(  780): [MDLOG] [stats][buf] L1 : data:0x15fa6 last:0x4d6eff; (1, 0x4c50, 0x4d6eff)(3, 0x69b, 0x4d6e01)PS : data:0x52eb last:0x4d6eff; L2 : data:0x4b54 last:0x4d6eff; 
D/EMDLOGGER1(  780): CTRL_reader: incoming SPLM req, msgid=6, token=0, result=0
I/EMDLOGGER1(  780): [MDLOG] [stats][mux] MCU : data:0x24f55 last:0x4d6e01; DSP : data:0x0 last:0x0; 
I/EMDLOGGER1(  780): MDL rate:30 KB/s, full count:0
D/[BT3.0+HS]PAL(  332): == chip_reset_fd is set ==
D/[BT3.0+HS]PAL(  332): 
D/[BT3.0+HS]PAL(  332): invalid reply message
D/[BT3.0+HS]PAL(  332): 
I/SurfaceFlinger(  276): [Built-in Screen (type:0)] fps:0.111048,dur:9005.14,max:9005.14,min:9005.14
I/thermal_repeater(  322): oh, queryMdThermalInfo (0)Bad file number
I/thermal_repeater(  322): [recvMdThermalInfo] ret=25, strLen=127,  1, 32767,,, -1, 32767, 2
D/[BT3.0+HS]PAL(  332): == chip_reset_fd is set ==
D/[BT3.0+HS]PAL(  332): 
D/[BT3.0+HS]PAL(  332): invalid reply message
D/[BT3.0+HS]PAL(  332): 
D/[BT3.0+HS]PAL(  332): == chip_reset_fd is set ==
D/[BT3.0+HS]PAL(  332): 
D/[BT3.0+HS]PAL(  332): invalid reply message
D/[BT3.0+HS]PAL(  332): 
I/Netd    (  299): Get netlink event, ifname: wlan0 action: 4
I/Netd    (  299): Get netlink event, ifname: wlan0 action: 4
E/wpa_supplicant( 1294): This is a Iphone softap!!!!!!! 
E/wpa_supplicant( 1294): This is a Iphone softap!!!!!!! 
E/wpa_supplicant( 1294): This is a Iphone softap!!!!!!! 
E/wpa_supplicant( 1294): This is a Iphone softap!!!!!!! 
E/WifiConfigStore(  881):  rewrite network history for "chaozhouniurouwan"WPA_PSK
E/WifiStateMachine(  881): mIsFullScanOngoing: true, mSendScanResultsBroadcast: false
E/WifiStateMachine(  881): mWifiOnScanCount: 1200
I/libPerfService(  881): perfSetFavorPid - pid:9685, 25d5
I/System.out( 9685): isFirstLocfalse
W/ContextImpl( 9304): Calling a method in the system process without a qualified user: android.app.ContextImpl.startService:1863 android.content.ContextWrapper.startService:516 android.content.ContextWrapper.startService:516 com.meizu.dataservice.ExperienceReceiver.a:-1 com.meizu.dataservice.ExperienceReceiver.onReceive:-1 
I/libPerfService(  881): perfSetFavorPid - pid:0, 0
I/System.out( 9685): isFirstLocfalse
I/SurfaceFlinger(  276): [Built-in Screen (type:0)] fps:0.496974,dur:4024.35,max:3031.46,min:992.89
I/EMDLOGGER1(  780): MD writer time out 10 sec.
I/thermal_repeater(  322): oh, queryMdThermalInfo (0)Bad file number
I/thermal_repeater(  322): [recvMdThermalInfo] ret=25, strLen=127,  1, 32767,,, -1, 32767, 2
I/AudioFlinger(  304): setParameters(): io 0, keyvalue mediaserver_monitor=1, calling pid 881
W/AudioALSAHardware(  304): setParameters(), still have param.size() = 1, remain param = "mediaserver_monitor=1"
I/str_params(  304): key: 'mediaserver_monitor' value: '1'
I/AudioPolicyManager(  304): setStreamVolumeIndex stream = 7 index = 15 device = 0x400
W/Watchdog(  881): SWT Watchdog after wait current time:25385158
W/Watchdog(  881): **Get SF Time **1
W/Watchdog(  881): SWT Watchdog before synchronized:25385159
W/Watchdog(  881): SWT Watchdog after synchronized:25385159
W/Watchdog(  881): SWT Watchdog before wait timeout:30000
W/Watchdog(  881): SWT Watchdog before wait current time:25385159
W/Watchdog(  881): SWT Watchdog before wait start:25385159
W/Watchdog(  881): SWT Watchdog before wait CHECK_INTERVAL:30000
I/SurfaceFlinger(  276): [Built-in Screen (type:0)] fps:0.989957,dur:3030.43,max:2037.05,min:1.06
I/System.out( 9685): isFirstLocfalse
I/SurfaceFlinger(  276): [Built-in Screen (type:0)] fps:0.989865,dur:1010.24,max:1010.24,min:1010.24
D/EMDLOGGER1(  780): CTRL_reader: incoming SPLM req, msgid=6, token=0, result=0
I/EMDLOGGER1(  780): [MDLOG] [stats][buf] L1 : data:0x14e44 last:0x4d78ed; (1, 0x4524, 0x4d78ed)(3, 0x622, 0x4d7641)PS : data:0x4b46 last:0x4d78ed; L2 : data:0x35b4 last:0x4d78ed; 
D/EMDLOGGER1(  780): CTRL_reader: incoming SPLM req, msgid=6, token=0, result=0
I/EMDLOGGER1(  780): [MDLOG] [stats][mux] MCU : data:0x1db4f last:0x4d77d3; DSP : data:0x0 last:0x0; 
I/thermal_repeater(  322): oh, queryMdThermalInfo (0)Bad file number
I/thermal_repeater(  322): [recvMdThermalInfo] ret=25, strLen=127,  1, 32767,,, -1, 32767, 2
I/EMDLOGGER1(  780): MDL rate:24 KB/s, full count:0
D/[BT3.0+HS]PAL(  332): == chip_reset_fd is set ==
D/[BT3.0+HS]PAL(  332): 
D/[BT3.0+HS]PAL(  332): invalid reply message
D/[BT3.0+HS]PAL(  332): 
I/AudioFlinger(  304): setParameters(): io 0, keyvalue mediaserver_monitor=1, calling pid 881
W/AudioALSAHardware(  304): setParameters(), still have param.size() = 1, remain param = "mediaserver_monitor=1"
I/str_params(  304): key: 'mediaserver_monitor' value: '1'
I/AudioPolicyManager(  304): setStreamVolumeIndex stream = 7 index = 15 device = 0x400
I/thermal_repeater(  322): oh, queryMdThermalInfo (0)Bad file number
I/thermal_repeater(  322): [recvMdThermalInfo] ret=25, strLen=127,  1, 32767,,, -1, 32767, 2
D/[BT3.0+HS]PAL(  332): == chip_reset_fd is set ==
D/[BT3.0+HS]PAL(  332): 
D/[BT3.0+HS]PAL(  332): invalid reply message
D/[BT3.0+HS]PAL(  332): 
D/[BT3.0+HS]PAL(  332): == chip_reset_fd is set ==
D/[BT3.0+HS]PAL(  332): 
D/[BT3.0+HS]PAL(  332): invalid reply message
D/[BT3.0+HS]PAL(  332): 
I/Netd    (  299): Get netlink event, ifname: wlan0 action: 4
I/Netd    (  299): Get netlink event, ifname: wlan0 action: 4
E/wpa_supplicant( 1294): This is a Iphone softap!!!!!!! 
E/wpa_supplicant( 1294): This is a Iphone softap!!!!!!! 
E/wpa_supplicant( 1294): This is a Iphone softap!!!!!!! 
E/wpa_supplicant( 1294): This is a Iphone softap!!!!!!! 
E/WifiConfigStore(  881):  rewrite network history for "chaozhouniurouwan"WPA_PSK
E/WifiStateMachine(  881): mIsFullScanOngoing: true, mSendScanResultsBroadcast: false
E/WifiStateMachine(  881): mWifiOnScanCount: 1201
I/libPerfService(  881): perfSetFavorPid - pid:9685, 25d5
W/ContextImpl( 9304): Calling a method in the system process without a qualified user: android.app.ContextImpl.startService:1863 android.content.ContextWrapper.startService:516 android.content.ContextWrapper.startService:516 com.meizu.dataservice.ExperienceReceiver.a:-1 com.meizu.dataservice.ExperienceReceiver.onReceive:-1 
I/System.out( 9685): isFirstLocfalse
D/MDLOGGER_CLEAR_LOG(  780): mdlogger clearLog V4.W1442.1
I/MDLOGGER_CLEAR_LOG(  780): clearLogFolder /storage/sdcard0/mtklog/mdlog1 size is 15 M. Recycle size is 600 M,no need clear log
I/System.out( 9685): isFirstLocfalse
I/EMDLOGGER1(  780): MD writer time out 10 sec.
I/libPerfService(  881): perfSetFavorPid - pid:0, 0
I/SurfaceFlinger(  276): [Built-in Screen (type:0)] fps:0.090693,dur:11026.25,max:11026.25,min:11026.25
I/SurfaceFlinger(  276): [Built-in Screen (type:0)] fps:0.989732,dur:1010.37,max:1010.37,min:1010.37
I/thermal_repeater(  322): oh, queryMdThermalInfo (0)Bad file number
I/thermal_repeater(  322): [recvMdThermalInfo] ret=25, strLen=127,  1, 32767,,, -1, 32767, 2
D/EMDLOGGER1(  780): CTRL_reader: incoming SPLM req, msgid=6, token=0, result=0
I/EMDLOGGER1(  780): [MDLOG] [stats][buf] L1 : data:0x17042 last:0x4d82db; (1, 0x52cc, 0x4d82db)(3, 0x91a, 0x4d81ce)PS : data:0x5be6 last:0x4d82db; L2 : data:0x504c last:0x4d82db; 
D/EMDLOGGER1(  780): CTRL_reader: incoming SPLM req, msgid=6, token=0, result=0
I/EMDLOGGER1(  780): [MDLOG] [stats][mux] MCU : data:0x2941b last:0x4d81ce; DSP : data:0x0 last:0x0; 
I/EMDLOGGER1(  780): MDL rate:33 KB/s, full count:0
I/System.out( 9685): isFirstLocfalse
I/AudioFlinger(  304): setParameters(): io 0, keyvalue mediaserver_monitor=1, calling pid 881
W/AudioALSAHardware(  304): setParameters(), still have param.size() = 1, remain param = "mediaserver_monitor=1"
I/str_params(  304): key: 'mediaserver_monitor' value: '1'
I/AudioPolicyManager(  304): setStreamVolumeIndex stream = 7 index = 15 device = 0x400
I/thermal_repeater(  322): oh, queryMdThermalInfo (0)Bad file number
I/thermal_repeater(  322): [recvMdThermalInfo] ret=25, strLen=127,  1, 32767,,, -1, 32767, 2
I/SurfaceFlinger(  276): [Built-in Screen (type:0)] fps:0.284200,dur:7037.29,max:7023.63,min:13.66
D/[BT3.0+HS]PAL(  332): == chip_reset_fd is set ==
D/[BT3.0+HS]PAL(  332): 
D/[BT3.0+HS]PAL(  332): invalid reply message
D/[BT3.0+HS]PAL(  332): 
I/thermal_repeater(  322): oh, queryMdThermalInfo (0)Bad file number
I/thermal_repeater(  322): [recvMdThermalInfo] ret=25, strLen=127,  1, 32767,,, -1, 32767, 2
I/EMDLOGGER1(  780): MD writer time out 10 sec.
D/[BT3.0+HS]PAL(  332): == chip_reset_fd is set ==
D/[BT3.0+HS]PAL(  332): 
D/[BT3.0+HS]PAL(  332): invalid reply message
D/[BT3.0+HS]PAL(  332): 
D/[BT3.0+HS]PAL(  332): == chip_reset_fd is set ==
D/[BT3.0+HS]PAL(  332): 
D/[BT3.0+HS]PAL(  332): invalid reply message
D/[BT3.0+HS]PAL(  332): 
I/Netd    (  299): Get netlink event, ifname: wlan0 action: 4
I/Netd    (  299): Get netlink event, ifname: wlan0 action: 4
E/wpa_supplicant( 1294): This is a Iphone softap!!!!!!! 
E/wpa_supplicant( 1294): This is a Iphone softap!!!!!!! 
E/wpa_supplicant( 1294): This is a Iphone softap!!!!!!! 
E/wpa_supplicant( 1294): This is a Iphone softap!!!!!!! 
E/wpa_supplicant( 1294): This is a Iphone softap!!!!!!! 
E/WifiConfigStore(  881):  rewrite network history for "chaozhouniurouwan"WPA_PSK
E/WifiStateMachine(  881): mIsFullScanOngoing: true, mSendScanResultsBroadcast: false
E/WifiStateMachine(  881): mWifiOnScanCount: 1202
I/libPerfService(  881): perfSetFavorPid - pid:9685, 25d5
I/art     (  881): Background sticky concurrent mark sweep GC freed 13470(2001KB) AllocSpace objects, 0(0B) LOS objects, 1% free, 47MB/48MB, paused 5.980ms total 56.545ms
W/ContextImpl( 9304): Calling a method in the system process without a qualified user: android.app.ContextImpl.startService:1863 android.content.ContextWrapper.startService:516 android.content.ContextWrapper.startService:516 com.meizu.dataservice.ExperienceReceiver.a:-1 com.meizu.dataservice.ExperienceReceiver.onReceive:-1 
I/System.out( 9685): isFirstLocfalse
I/System.out( 9685): isFirstLocfalse
I/libPerfService(  881): perfSetFavorPid - pid:0, 0
I/SurfaceFlinger(  276): [Built-in Screen (type:0)] fps:0.499177,dur:6009.90,max:5029.97,min:4.37
D/EMDLOGGER1(  780): CTRL_reader: incoming SPLM req, msgid=6, token=0, result=0
I/EMDLOGGER1(  780): [MDLOG] [stats][buf] L1 : data:0x1724c last:0x4d8cca; (1, 0x3ba0, 0x4d8cca)(3, 0x3a3, 0x4d8af3)PS : data:0x3f43 last:0x4d8cca; L2 : data:0x3604 last:0x4d8cc9; 
D/EMDLOGGER1(  780): CTRL_reader: incoming SPLM req, msgid=6, token=0, result=0
I/EMDLOGGER1(  780): [MDLOG] [stats][mux] MCU : data:0x20879 last:0x4d8baf; DSP : data:0x0 last:0x0; 
I/SurfaceFlinger(  276): [Built-in Screen (type:0)] fps:0.998545,dur:2002.91,max:1009.71,min:993.20
I/AudioFlinger(  304): setParameters(): io 0, keyvalue mediaserver_monitor=1, calling pid 881
W/AudioALSAHardware(  304): setParameters(), still have param.size() = 1, remain param = "mediaserver_monitor=1"
I/str_params(  304): key: 'mediaserver_monitor' value: '1'
I/AudioPolicyManager(  304): setStreamVolumeIndex stream = 7 index = 15 device = 0x400
I/thermal_repeater(  322): oh, queryMdThermalInfo (0)Bad file number
I/thermal_repeater(  322): [recvMdThermalInfo] ret=25, strLen=127,  1, 32767,,, -1, 32767, 2
I/libPerfService(  881): perfSetFavorPid - pid:9685, 25d5
I/libPerfService(  881): perfSetFavorPid - pid:0, 0
I/libPerfService(  881): perfSetFavorPid - pid:9685, 25d5
I/SurfaceFlinger(  276): [Built-in Screen (type:0)] fps:1.453425,dur:1376.06,max:1364.48,min:11.58
W/Watchdog(  881): SWT Watchdog after wait current time:25415159
W/Watchdog(  881): **Get SF Time **1
W/Watchdog(  881): SWT Watchdog before synchronized:25415160
W/Watchdog(  881): SWT Watchdog after synchronized:25415160
W/Watchdog(  881): SWT Watchdog before wait timeout:30000
W/Watchdog(  881): SWT Watchdog before wait current time:25415160
W/Watchdog(  881): SWT Watchdog before wait start:25415160
W/Watchdog(  881): SWT Watchdog before wait CHECK_INTERVAL:30000
I/EMDLOGGER1(  780): MDL rate:26 KB/s, full count:0
I/System.out( 9685): isFirstLocfalse
W/ADB_SERVICES(16908): create_local_service_socket() name=shell:wm size
W/ADB_SERVICES(16908): service_to_fd() name=shell:wm size
W/ADB_SERVICES(16908): read_meminfo() mem_free=46912
W/ADB_SERVICES(16908): create_subproc ret_fd=17 pid=13514
W/ADB_SERVICES(16908): LS(1572): bound to 'shell:wm size' via 17
W/ADB_SERVICES(13514): adb: unable to update oom_score_adj
E/memtrack(13514): Couldn't load memtrack module (No such file or directory)
E/android.os.Debug(13514): failed to load memtrack module: -2
W/ADB_SERVICES(16908): create_local_service_socket() name=shell:cat /proc/meminfo
W/ADB_SERVICES(16908): service_to_fd() name=shell:cat /proc/meminfo
W/ADB_SERVICES(16908): read_meminfo() mem_free=40940
W/ADB_SERVICES(16908): create_subproc ret_fd=18 pid=13530
W/ADB_SERVICES(16908): LS(1573): bound to 'shell:cat /proc/meminfo' via 18
W/ADB_SERVICES(13530): adb: unable to update oom_score_adj
W/ADB_SERVICES(16908): entered. LS(1573) fd=18
W/ADB_SERVICES(16908): create_local_service_socket() name=shell:getprop ro.build.version.release
W/ADB_SERVICES(16908): service_to_fd() name=shell:getprop ro.build.version.release
W/ADB_SERVICES(16908): read_meminfo() mem_free=40832
W/ADB_SERVICES(16908): create_subproc ret_fd=18 pid=13531
W/ADB_SERVICES(16908): LS(1574): bound to 'shell:getprop ro.build.version.release' via 18
W/ADB_SERVICES(13531): adb: unable to update oom_score_adj
W/ADB_SERVICES(16908): entered. LS(1574) fd=18
W/ADB_SERVICES(16908): entered. LS(1572) fd=17
W/ADB_SERVICES(16908): create_local_service_socket() name=shell:getprop ro.product.model
W/ADB_SERVICES(16908): service_to_fd() name=shell:getprop ro.product.model
W/ADB_SERVICES(16908): read_meminfo() mem_free=45808
W/ADB_SERVICES(16908): create_subproc ret_fd=17 pid=13532
W/ADB_SERVICES(16908): LS(1575): bound to 'shell:getprop ro.product.model' via 17
W/ADB_SERVICES(13532): adb: unable to update oom_score_adj
W/ADB_SERVICES(16908): entered. LS(1575) fd=17
W/ADB_SERVICES(16908): create_local_service_socket() name=shell:getprop ro.product.brand
W/ADB_SERVICES(16908): service_to_fd() name=shell:getprop ro.product.brand
W/ADB_SERVICES(16908): read_meminfo() mem_free=46152
W/ADB_SERVICES(13533): adb: unable to update oom_score_adj
I/thermal_repeater(  322): oh, queryMdThermalInfo (0)Bad file number
W/ADB_SERVICES(16908): create_subproc ret_fd=17 pid=13533
W/ADB_SERVICES(16908): LS(1576): bound to 'shell:getprop ro.product.brand' via 17
I/thermal_repeater(  322): [recvMdThermalInfo] ret=25, strLen=127,  1, 32767,,, -1, 32767, 2
W/ADB_SERVICES(16908): entered. LS(1576) fd=17
W/ADB_SERVICES(16908): create_local_service_socket() name=shell:cat /proc/cpuinfo
W/ADB_SERVICES(16908): service_to_fd() name=shell:cat /proc/cpuinfo
W/ADB_SERVICES(16908): read_meminfo() mem_free=46152
W/ADB_SERVICES(16908): create_subproc ret_fd=17 pid=13534
W/ADB_SERVICES(16908): LS(1577): bound to 'shell:cat /proc/cpuinfo' via 17
W/ADB_SERVICES(13534): adb: unable to update oom_score_adj
W/ADB_SERVICES(16908): entered. LS(1577) fd=17
W/ADB_SERVICES(16908): create_local_service_socket() name=shell:monkey -p com.jieshun.jslife -s 134 --throttle 300 --ignore-crashes --ignore-timeouts --pct-touch 80 --pct-trackball 5 --pct-appswitch 5 --pct-syskeys 5 --pct-motion 5 -v -v 500
W/ADB_SERVICES(16908): service_to_fd() name=shell:monkey -p com.jieshun.jslife -s 134 --throttle 300 --ignore-crashes --ignore-timeouts --pct-touch 80 --pct-trackball 5 --pct-appswitch 5 --pct-syskeys 5 --pct-motion 5 -v -v 500
W/ADB_SERVICES(16908): read_meminfo() mem_free=46236
W/ADB_SERVICES(16908): create_subproc ret_fd=17 pid=13535
W/ADB_SERVICES(16908): LS(1578): bound to 'shell:monkey -p com.jieshun.jslife -s 134 --throttle 300 --ignore-crashes --ignore-timeouts --pct-touch 80 --pct-trackball 5 --pct-appswitch 5 --pct-syskeys 5 --pct-motion 5 -v -v 500' via 17
W/ADB_SERVICES(13535): adb: unable to update oom_score_adj
W/ADB_SERVICES(16908): create_local_service_socket() name=shell:export ANDROID_LOG_TAGS="''"; exec logcat
W/ADB_SERVICES(16908): service_to_fd() name=shell:export ANDROID_LOG_TAGS="''"; exec logcat
W/ADB_SERVICES(16908): read_meminfo() mem_free=46080
W/ADB_SERVICES(16908): create_subproc ret_fd=18 pid=13536
W/ADB_SERVICES(16908): LS(1579): bound to 'shell:export ANDROID_LOG_TAGS="''"; exec logcat' via 18
W/ADB_SERVICES(13536): adb: unable to update oom_score_adj
W/ADB_SERVICES(16908): create_local_service_socket() name=shell:cat /data/anr/traces.txt
W/ADB_SERVICES(16908): service_to_fd() name=shell:cat /data/anr/traces.txt
W/ADB_SERVICES(16908): read_meminfo() mem_free=45096
W/ADB_SERVICES(16908): create_subproc ret_fd=22 pid=13537
W/ADB_SERVICES(16908): LS(1580): bound to 'shell:cat /data/anr/traces.txt' via 22
W/ADB_SERVICES(13537): adb: unable to update oom_score_adj
W/ADB_SERVICES(16908): entered. LS(1580) fd=22
W/ProcessCpuTracker(  881): Skipping unknown process pid 13532
W/ProcessCpuTracker(  881): Skipping unknown process pid 13533
W/ProcessCpuTracker(  881): Skipping unknown process pid 13534
W/ProcessCpuTracker(  881): Skipping unknown process pid 13537
E/memtrack(13535): Couldn't load memtrack module (No such file or directory)
E/android.os.Debug(13535): failed to load memtrack module: -2
I/ActivityManager(  881): Controller Pid : 13535
W/BroadcastQueue(  881): Skipping deliver [background] BroadcastRecord{2ffe5e32 u-1 android.net.conn.CONNECTIVITY_CHANGE} to ReceiverList{3cad8783 13535 (unknown name)/2000/u-1 remote:3cba8b94}: process crashing
I/ActivityManager(  881): START u0 {act=android.intent.action.MAIN cat=[android.intent.category.LAUNCHER] flg=0x10200000 cmp=com.jieshun.jslife/.activity.common.WelcomeActivity} from uid 2000 on display 0 from pid 13535
I/WindowManager(  881): interceptKeyTq keycode=25 interactive=true keyguardActive=false policyFlags=2b000000 down =true canceled = false isWakeKey=false mVolumeDownKeyTriggered =false mVolumeUpKeyTriggered =false result = 1 useHapticFeedback = false isInjected = true result = 1
I/WindowManager(  881): interceptKeyTi keyCode=25 down=true repeatCount=0 keyguardOn=false mHomePressed=false canceled=false metaState:0
I/WindowManager(  881): interceptKeyTi keyCode=25 down=true repeatCount=0 keyguardOn=false mHomePressed=false canceled=false metaState:0
I/ViewRootImpl( 9685): WindowInputEventReceiver onInputEvent!! KeyCode is 25, action is 0
I/WindowManager(  881): interceptKeyTq keycode=25 interactive=true keyguardActive=false policyFlags=2b000000 down =false canceled = false isWakeKey=false mVolumeDownKeyTriggered =true mVolumeUpKeyTriggered =false result = 1 useHapticFeedback = false isInjected = true result = 1
I/WindowManager(  881): interceptKeyTi keyCode=25 down=false repeatCount=0 keyguardOn=false mHomePressed=false canceled=false metaState:0
I/ViewRootImpl( 9685): WindowInputEventReceiver onInputEvent!! KeyCode is 25, action is 1
I/AudioPolicyManager(  304): setStreamVolumeIndex stream = 3 index = 2 device = 0x2
I/AudioPolicyManager(  304): LosslessBT audio set LosslessBT_VolumeSatisfied 2
I/AudioFlinger(  304): setParameters(): io 0, keyvalue LosslessBT_VolumeSatisfied=0, calling pid 304
I/AudioFlinger(  304): SetLosslessBTVolumeStatus() = 0
I/AudioFlinger(  304): LosslessBT BroadcastLLUI 1
I/AudioFlinger(  304): LosslessBT BroadcastLLUI 2 0
I/AudioFlinger(  304): LosslessBT BroadcastLLUI 3
I/AudioFlinger(  304): LosslessBT BroadcastLLUI 4
I/AudioFlinger(  304): SetLosslessBTVolumeStatus to 0
I/AudioPolicyManager(  304):  checkAndSetVolume stream = 3 index = 2 output = 2 device = 0x2 delayMs = 0 force = 0
I/AudioPolicyManager(  304): checkAndSetVolume() for output 2 stream 3, volume 0.003162, delay 0
I/AudioPolicyManager(  304):  checkAndSetVolume stream = 12 index = 2 output = 2 device = 0x2 delayMs = 0 force = 0
I/AudioPolicyManager(  304): checkAndSetVolume() for output 2 stream 12, volume 0.003162, delay 0
I/AudioPolicyManager(  304): setStreamVolumeIndex stream = 9 index = 2 device = 0x2
I/AudioPolicyManager(  304):  checkAndSetVolume stream = 9 index = 2 output = 2 device = 0x2 delayMs = 0 force = 0
I/VolumePanel( 1045): [DEBUG_VP] updateSliderProgress: streamType = 3; index = 2
I/VolumePanel( 1045): [DEBUG_VP] onShowVolumeChanged: streamType = 3; index = 2
I/VolumePanel( 1045): [DEBUG_VP] updateSliderProgress: streamType = 3; index = 2
W/BackupManagerService(  881): dataChanged but no participant pkg='com.android.providers.settings' uid=10030
I/[MALI][Gralloc](  276): Usage: 0xb00, format: 0x1 stride: 1216 vertical_stride: 378 size: 1838592
I/[MALI][Gralloc](  276): Usage: 0xb00, format: 0x1 stride: 1216 vertical_stride: 378 size: 1838592
I/[MALI][Gralloc](  276): Usage: 0xb00, format: 0x1 stride: 1216 vertical_stride: 378 size: 1838592
I/[MALI][Gralloc](  276): Usage: 0xb00, format: 0x1 stride: 1216 vertical_stride: 378 size: 1838592
I/SurfaceFlinger(  276): [Built-in Screen (type:0)] fps:0.181097,dur:5521.89,max:5521.89,min:5521.89
I/libPerfService(  881): perfSetFavorPid - pid:0, 0
I/PerfService(  881): PerfServiceNative_boostDisableAsync:5
I/libPerfService(  881): 5: set: 1
I/libPerfService(  881): 5: set freq: 0
W/BackupManagerService(  881): dataChanged but no participant pkg='com.android.providers.settings' uid=10030
I/View    ( 9685): Key up dispatch to android.support.design.widget.TabLayout$TabView{15985ff0 VFE...C. .FS...ID 60,0-276,144}, event = KeyEvent { action=ACTION_UP, keyCode=KEYCODE_DPAD_LEFT, scanCode=0, metaState=0, flags=0x400, repeatCount=0, eventTime=25421240, downTime=25421240, deviceId=-1, source=0x101 }
I/View    ( 9685): Key down dispatch to android.support.design.widget.TabLayout$TabView{15985ff0 VFE...C. .FS...ID 60,0-276,144}, event = KeyEvent { action=ACTION_DOWN, keyCode=KEYCODE_DPAD_LEFT, scanCode=0, metaState=0, flags=0x400, repeatCount=0, eventTime=25421240, downTime=25421240, deviceId=-1, source=0x101 }
I/View    ( 9685): Key up dispatch to android.support.design.widget.TabLayout$TabView{15985ff0 VFE...C. .FS...ID 60,0-276,144}, event = KeyEvent { action=ACTION_UP, keyCode=KEYCODE_DPAD_LEFT, scanCode=0, metaState=0, flags=0x400, repeatCount=0, eventTime=25421240, downTime=25421240, deviceId=-1, source=0x101 }
I/View    ( 9685): Key down dispatch to android.support.design.widget.TabLayout$TabView{15985ff0 VFE...C. .FS...ID 60,0-276,144}, event = KeyEvent { action=ACTION_DOWN, keyCode=KEYCODE_DPAD_LEFT, scanCode=0, metaState=0, flags=0x400, repeatCount=0, eventTime=25421240, downTime=25421240, deviceId=-1, source=0x101 }
I/View    ( 9685): Key up dispatch to android.support.design.widget.TabLayout$TabView{15985ff0 VFE...C. .FS...ID 60,0-276,144}, event = KeyEvent { action=ACTION_UP, keyCode=KEYCODE_DPAD_LEFT, scanCode=0, metaState=0, flags=0x400, repeatCount=0, eventTime=25421240, downTime=25421240, deviceId=-1, source=0x101 }
I/View    ( 9685): Key down dispatch to android.support.design.widget.TabLayout$TabView{15985ff0 VFE...C. .FS...ID 60,0-276,144}, event = KeyEvent { action=ACTION_DOWN, keyCode=KEYCODE_DPAD_UP, scanCode=0, metaState=0, flags=0x400, repeatCount=0, eventTime=25421255, downTime=25421255, deviceId=-1, source=0x101 }
I/View    ( 9685): Key up dispatch to android.support.design.widget.TabLayout$TabView{15985ff0 VFE...C. .FS...ID 60,0-276,144}, event = KeyEvent { action=ACTION_UP, keyCode=KEYCODE_DPAD_UP, scanCode=0, metaState=0, flags=0x400, repeatCount=0, eventTime=25421255, downTime=25421255, deviceId=-1, source=0x101 }
I/View    ( 9685): Key down dispatch to android.support.design.widget.TabLayout$TabView{15985ff0 VFE...C. .FS...ID 60,0-276,144}, event = KeyEvent { action=ACTION_DOWN, keyCode=KEYCODE_DPAD_UP, scanCode=0, metaState=0, flags=0x400, repeatCount=0, eventTime=25421255, downTime=25421255, deviceId=-1, source=0x101 }
I/View    ( 9685): Key up dispatch to android.support.design.widget.TabLayout$TabView{15985ff0 VFE...C. .FS...ID 60,0-276,144}, event = KeyEvent { action=ACTION_UP, keyCode=KEYCODE_DPAD_UP, scanCode=0, metaState=0, flags=0x400, repeatCount=0, eventTime=25421255, downTime=25421255, deviceId=-1, source=0x101 }
I/View    ( 9685): Key down dispatch to android.support.design.widget.TabLayout$TabView{15985ff0 VFE...C. .FS...ID 60,0-276,144}, event = KeyEvent { action=ACTION_DOWN, keyCode=KEYCODE_DPAD_UP, scanCode=0, metaState=0, flags=0x400, repeatCount=0, eventTime=25421255, downTime=25421255, deviceId=-1, source=0x101 }
I/View    ( 9685): Key up dispatch to android.support.design.widget.TabLayout$TabView{15985ff0 VFE...C. .FS...ID 60,0-276,144}, event = KeyEvent { action=ACTION_UP, keyCode=KEYCODE_DPAD_UP, scanCode=0, metaState=0, flags=0x400, repeatCount=0, eventTime=25421255, downTime=25421255, deviceId=-1, source=0x101 }
I/View    ( 9685): Key down dispatch to android.support.design.widget.TabLayout$TabView{15985ff0 VFE...C. .FS...ID 60,0-276,144}, event = KeyEvent { action=ACTION_DOWN, keyCode=KEYCODE_DPAD_UP, scanCode=0, metaState=0, flags=0x400, repeatCount=0, eventTime=25421255, downTime=25421255, deviceId=-1, source=0x101 }
I/View    ( 9685): Key up dispatch to android.support.design.widget.TabLayout$TabView{15985ff0 VFE...C. .FS...ID 60,0-276,144}, event = KeyEvent { action=ACTION_UP, keyCode=KEYCODE_DPAD_UP, scanCode=0, metaState=0, flags=0x400, repeatCount=0, eventTime=25421255, downTime=25421255, deviceId=-1, source=0x101 }
I/PerfService(  881): PerfServiceNative_boostDisableAsync:5
I/libPerfService(  881): 5: set: 1
I/libPerfService(  881): 5: set freq: 0
I/AudioPolicyManager(  304): s 0 c 0 avaDev 3 ba2dpo 0 ba2dpsp 0 dev 2
I/AudioPolicyManager(  304): getOutput() device 2, stream 1, samplingRate 0, format 0, channelMask 3, flags 0
I/AudioPolicyManager(  304): getOutput() returns output 2
I/AudioPolicyManager(  304): s 0 c 0 avaDev 3 ba2dpo 0 ba2dpsp 0 dev 2
I/AudioPolicyManager(  304): getOutput() device 2, stream 1, samplingRate 0, format 0, channelMask 3, flags 0
I/AudioPolicyManager(  304): getOutput() returns output 2
I/AudioPolicyManager(  304): s 0 c 0 avaDev 3 ba2dpo 0 ba2dpsp 0 dev 2
I/AudioPolicyManager(  304): getOutput() returns output 2
W/AudioTrack(  881): AUDIO_OUTPUT_FLAG_FAST denied by client
I/WindowManager(  881): Gaining focus: Window{b83b92c u0 com.jieshun.jslife/com.jieshun.jslife.activity.homepage.PropertyPaymentActivity}
I/CallbackListener( 9685): xmppQueQue=========1
I/CallbackListener( 9685): requestMap add  activity = BasePropertyPayFragment{a5b818b #1 id=0x7f1003a2 android:switcher:2131755938:0}  serviceId = ac.community.querypropertyfee
D/[BT3.0+HS]PAL(  332): == chip_reset_fd is set ==
D/[BT3.0+HS]PAL(  332): 
D/[BT3.0+HS]PAL(  332): invalid reply message
D/[BT3.0+HS]PAL(  332): 
I/AudioFlinger_Threads(  304): attachAuxEffect_l EffectId 0
I/AudioFlinger_Threads(  304): attachAuxEffect_l status 0
I/AudioPolicyManager(  304): AddSampleRateArray index = 1 sampleRate = 48000
I/AudioPolicyManager(  304): startOutput() output 2, stream 1, session 661
I/AudioPolicyManager(  304): s 0 c 0 avaDev 3 ba2dpo 0 ba2dpsp 0 dev 2
I/AudioPolicyManager(  304): getNewOutputDevice() selected device 2
I/AudioPolicyManager(  304): setOutputDevice() output 2 device 0002 delayMs 0 force 0
I/AudioPolicyManager(  304): s 0 c 0 avaDev 3 ba2dpo 0 ba2dpsp 0 dev 2
I/AudioFlinger(  304): setParameters(): io 2, keyvalue FM_DIRECT_CONTROL=1, calling pid 304
I/AudioPolicyManager(  304): setOutputDevice() prevDevice 0002
I/AudioPolicyManager(  304): setOutputDevice() mMutePrevDevice 0000
I/AudioPolicyManager(  304): s 0 c 0 avaDev 3 ba2dpo 0 ba2dpsp 0 dev 2
I/AudioPolicyManager(  304): s 1 c 0 avaDev 3 ba2dpo 0 ba2dpsp 0 dev 1
I/AudioPolicyManager(  304): s 2 c 0 avaDev 3 ba2dpo 0 ba2dpsp 0 dev 2
I/AudioPolicyManager(  304): s 2 c 0 avaDev 3 ba2dpo 0 ba2dpsp 0 dev 2
I/AudioPolicyManager(  304): s 3 c 0 avaDev 3 ba2dpo 0 ba2dpsp 0 dev 2
I/AudioPolicyManager(  304): s 0 c 0 avaDev 3 ba2dpo 0 ba2dpsp 0 dev 2
I/AudioPolicyManager(  304): s 4 c 0 avaDev 3 ba2dpo 0 ba2dpsp 0 dev 2
I/AudioPolicyManager(  304): s 5 c 0 avaDev 3 ba2dpo 0 ba2dpsp 0 dev 2
I/AudioPolicyManager(  304): s 6 c 0 avaDev 3 ba2dpo 0 ba2dpsp 0 dev 2
I/AudioPolicyManager(  304): s 7 c 0 avaDev 3 ba2dpo 0 ba2dpsp 0 dev 2
I/AudioPolicyManager(  304): s 8 c 0 avaDev 3 ba2dpo 0 ba2dpsp 0 dev 2
I/AudioPolicyManager(  304): setOutputDevice() setting same device 0002 or null device for output 2
I/AudioPolicyManager(  304):  checkAndSetVolume stream = 1 index = 8 output = 2 device = 0x2 delayMs = 0 force = 0
I/AudioPolicyManager(  304): PolicyForceReplace stream = 1 sampleRate = 48000 
I/AudioFlinger_Threads(  304): reset track timestretch tracn name 4098, ratio 100, mTimeStretchTrackName[name-4096] 0
I/AudioPolicyManager(  304): releaseOutput() 2
I/View    ( 9685): Key down dispatch to android.support.design.widget.TabLayout$TabView{15985ff0 VFE...C. .FS..... 60,0-276,144}, event = KeyEvent { action=ACTION_DOWN, keyCode=KEYCODE_DPAD_LEFT, scanCode=0, metaState=0, flags=0x400, repeatCount=0, eventTime=25421294, downTime=25421294, deviceId=-1, source=0x101 }
I/View    ( 9685): Key up dispatch to android.support.design.widget.TabLayout$TabView{15985ff0 VFE...C. .FS..... 60,0-276,144}, event = KeyEvent { action=ACTION_UP, keyCode=KEYCODE_DPAD_LEFT, scanCode=0, metaState=0, flags=0x400, repeatCount=0, eventTime=25421294, downTime=25421294, deviceId=-1, source=0x101 }
I/View    ( 9685): Key down dispatch to android.support.design.widget.TabLayout$TabView{15985ff0 VFE...C. .FS..... 60,0-276,144}, event = KeyEvent { action=ACTION_DOWN, keyCode=KEYCODE_DPAD_LEFT, scanCode=0, metaState=0, flags=0x400, repeatCount=0, eventTime=25421294, downTime=25421294, deviceId=-1, source=0x101 }
I/View    ( 9685): Key up dispatch to android.support.design.widget.TabLayout$TabView{15985ff0 VFE...C. .FS..... 60,0-276,144}, event = KeyEvent { action=ACTION_UP, keyCode=KEYCODE_DPAD_LEFT, scanCode=0, metaState=0, flags=0x400, repeatCount=0, eventTime=25421294, downTime=25421294, deviceId=-1, source=0x101 }
I/View    ( 9685): Key down dispatch to android.support.design.widget.TabLayout$TabView{15985ff0 VFE...C. .FS..... 60,0-276,144}, event = KeyEvent { action=ACTION_DOWN, keyCode=KEYCODE_DPAD_LEFT, scanCode=0, metaState=0, flags=0x400, repeatCount=0, eventTime=25421294, downTime=25421294, deviceId=-1, source=0x101 }
I/View    ( 9685): Key up dispatch to android.support.design.widget.TabLayout$TabView{15985ff0 VFE...C. .FS..... 60,0-276,144}, event = KeyEvent { action=ACTION_UP, keyCode=KEYCODE_DPAD_LEFT, scanCode=0, metaState=0, flags=0x400, repeatCount=0, eventTime=25421294, downTime=25421294, deviceId=-1, source=0x101 }
I/View    ( 9685): Key down dispatch to android.support.design.widget.TabLayout$TabView{15985ff0 VFE...C. .FS..... 60,0-276,144}, event = KeyEvent { action=ACTION_DOWN, keyCode=KEYCODE_DPAD_LEFT, scanCode=0, metaState=0, flags=0x400, repeatCount=0, eventTime=25421294, downTime=25421294, deviceId=-1, source=0x101 }
