I/MeizuKeyguardThemeManager( 1041): setBarState 1
I/PhoneStatusBar( 1041): updateNotificationCountChange,mLastHasNotification:true , hasActiveNotifications:true
I/ChargeViewUtils( 1041): onRefreshBatteryInfo
I/ChargeViewUtils( 1041): updateChargingState shouldChargingViewShow = false , mPluggedIn = true
I/ChargeViewUtils( 1041): onRefreshBatteryInfo
I/ChargeViewUtils( 1041): updateChargingState shouldChargingViewShow = false , mPluggedIn = true
I/ChargeViewUtils( 1041): updateChargingState shouldChargingViewShow = false , mPluggedIn = true
W/KeyguardViewBase( 1041): setOnDismissAction =null
I/StatusBarManagerService(  877): disable by pkg=com.android.systemui
I/WindowManager(  877): Gaining focus: Window{2d945bf0 u0 StatusBar}
I/PanelView( 1041): Max panel height 1037,expand height 0.0, shade mode false
W/View    ( 1041): requestLayout() improperly called by android.widget.FrameLayout{2ac9c3ae V.E..... ......ID 0,2681-1080,2681 #7f1002a2 app:id/mz_dismiss_view} during layout: running second layout pass
I/PanelView( 1041): Max panel height 874,expand height 0.0, shade mode false
I/PanelView( 1041): Max panel height 874,expand height 874.0, shade mode false
I/art     ( 1041): Background sticky concurrent mark sweep GC freed 8920(507KB) AllocSpace objects, 0(0B) LOS objects, 0% free, 66MB/66MB, paused 6.098ms total 66.482ms
I/ChargeViewUtils( 1041): updateChargingState shouldChargingViewShow = false , mPluggedIn = true
I/PanelView( 1041): Max panel height 874,expand height 874.0, shade mode false
I/libPerfService(  877): perfSetFavorPid - pid:0, 0
I/[MALI][Gralloc](  274): Usage: 0xb00, format: 0x1 stride: 1088 vertical_stride: 1920 size: 8355840
I/[MALI][Gralloc](  274): Usage: 0xb00, format: 0x1 stride: 1088 vertical_stride: 1920 size: 8355840
W/View    ( 1041): requestLayout() improperly called by android.widget.FrameLayout{2ac9c3ae V.E..... ......ID 0,2518-1080,2518 #7f1002a2 app:id/mz_dismiss_view} during second layout pass: posting in next frame
I/PanelView( 1041): Max panel height 874,expand height 874.0, shade mode false
I/art     ( 1041): Background partial concurrent mark sweep GC freed 4952(262KB) AllocSpace objects, 8(2MB) LOS objects, 5% free, 71MB/75MB, paused 153.349ms total 356.459ms
E/Tethering(  877): updateConfiguration: wrong MCCMNC =null
I/Tethering(  877): ifaceTypes = null, use default
I/Tethering(  877): upstreamIfaceTypes.add:0
I/Tethering(  877): upstreamIfaceTypes.add:1
I/Tethering(  877): upstreamIfaceTypes.add:5
I/Tethering(  877): upstreamIfaceTypes.add:7
I/Tethering(  877): upstreamIfaceTypes.add:9
I/Tethering(  877): upstreamIfaceTypes.add:49
I/Tethering(  877): checkDunRequired:2
I/System.out( 7590): isFirstLoctrue
I/System.out( 7590): ******jscarlife*********************onReceiveLocation*********************
I/System.out( 7590): open:http://api.map.baidu.com/sdkproxy/v2/lbs_androidsdk/geocoder/v2?location=22.577016305728407%2C114.05000412931916&coordtype=bd09ll&pois=1&output=json&from=android_map_sdk&latest_admin=0&token=c0e4TNqnRlY3vEod6gWAfZ3ovht8K3YTxcWB9DJnrgJl2JNce5vCsYh5YoyAj8mCDJ1EkX9slGnaqWsWg%2FCdjvvGGxpcvaKEz7SxekyStvjUhe%2BbSKHKR5oOOmhvtZRG5JQ%2F8z7MEabPoO9f%2Fczu2UigE%2FAPmy6803irZ1Ktk%2BZ4QAzcrue%2FwL2m7Js&pcn=com.jieshun.jslife&screen=1080%2C1920&cuid=07AB6C1293F355B0E1AE06BB5824B71A%7C944874720008868&dpi=480%2C480&resid=02&appid=-1&mb=m2%20note&ctm=1536033690.604000&net=1&bduid=&channel=baidu&os=Android22&sv=4.5.2&sign=e214342d3e0db92b36bdc2de2df8e094
I/System.out( 7590): [OkHttp] sendRequest>>
I/System.out( 7590): [OkHttp] sendRequest<<
I/NetworkManagementSocketTagger( 7590): untagSocket(102)
I/thermal_repeater(  323): oh, queryMdThermalInfo (0)Bad file number
I/thermal_repeater(  323): [recvMdThermalInfo] ret=25, strLen=127,  1, 32767,,, -1, 32767, 2
I/art     ( 7590): Background sticky concurrent mark sweep GC freed 52457(1936KB) AllocSpace objects, 0(0B) LOS objects, 3% free, 56MB/58MB, paused 6.670ms total 38.850ms
I/System.out( 7590): isFirstLoctrue
I/System.out( 7590): ******jscarlife*********************onReceiveLocation*********************
I/System.out( 7590): open:http://api.map.baidu.com/sdkproxy/v2/lbs_androidsdk/geocoder/v2?location=22.577016305728407%2C114.05000412931916&coordtype=bd09ll&pois=1&output=json&from=android_map_sdk&latest_admin=0&token=c0e4TNqnRlY3vEod6gWAfZ3ovht8K3YTxcWB9DJnrgJl2JNce5vCsYh5YoyAj8mCDJ1EkX9slGnaqWsWg%2FCdjvvGGxpcvaKEz7SxekyStvjUhe%2BbSKHKR5oOOmhvtZRG5JQ%2F8z7MEabPoO9f%2Fczu2UigE%2FAPmy6803irZ1Ktk%2BZ4QAzcrue%2FwL2m7Js&pcn=com.jieshun.jslife&screen=1080%2C1920&cuid=07AB6C1293F355B0E1AE06BB5824B71A%7C944874720008868&dpi=480%2C480&resid=02&appid=-1&mb=m2%20note&ctm=1536033700.608000&net=1&bduid=&channel=baidu&os=Android22&sv=4.5.2&sign=8b42b74d2db7438552071615e2b54da2
I/System.out( 7590): [OkHttp] sendRequest>>
I/System.out( 7590): [OkHttp] sendRequest<<
I/NetworkManagementSocketTagger( 7590): untagSocket(102)
I/AudioFlinger(  300): setParameters(): io 0, keyvalue mediaserver_monitor=1, calling pid 877
W/AudioALSAHardware(  300): setParameters(), still have param.size() = 1, remain param = "mediaserver_monitor=1"
I/str_params(  300): key: 'mediaserver_monitor' value: '1'
I/AudioPolicyManager(  300): setStreamVolumeIndex stream = 7 index = 15 device = 0x400
I/thermal_repeater(  323): oh, queryMdThermalInfo (0)Bad file number
I/thermal_repeater(  323): [recvMdThermalInfo] ret=25, strLen=127,  1, 32767,,, -1, 32767, 2
I/libPerfService(  877): perfSetFavorPid - pid:7590, 1da6
D/[BT3.0+HS]PAL(  333): == chip_reset_fd is set ==
D/[BT3.0+HS]PAL(  333): 
D/[BT3.0+HS]PAL(  333): invalid reply message
D/[BT3.0+HS]PAL(  333): 
I/thermal_repeater(  323): oh, queryMdThermalInfo (0)Bad file number
I/thermal_repeater(  323): [recvMdThermalInfo] ret=25, strLen=127,  1, 32767,,, -1, 32767, 2
I/UserState( 7590): myJid = 13632836691@openfire-cloud/A1b117b2fb receive jid=formal_cloud_jsh@openfire-cloud/master  state=ONLINE
D/[BT3.0+HS]PAL(  333): == chip_reset_fd is set ==
D/[BT3.0+HS]PAL(  333): 
D/[BT3.0+HS]PAL(  333): invalid reply message
D/[BT3.0+HS]PAL(  333): 
D/[BT3.0+HS]PAL(  333): == chip_reset_fd is set ==
D/[BT3.0+HS]PAL(  333): 
D/[BT3.0+HS]PAL(  333): invalid reply message
D/[BT3.0+HS]PAL(  333): 
E/wpa_supplicant( 1206): This is a Iphone softap!!!!!!! 
E/wpa_supplicant( 1206): This is a Iphone softap!!!!!!! 
E/wpa_supplicant( 1206): This is a Iphone softap!!!!!!! 
I/Netd    (  295): Get netlink event, ifname: wlan0 action: 4
I/Netd    (  295): Get netlink event, ifname: wlan0 action: 4
E/WifiConfigStore(  877):  rewrite network history for "chaozhouniurouwan"WPA_PSK
E/WifiStateMachine(  877): mIsFullScanOngoing: true, mSendScanResultsBroadcast: false
E/WifiStateMachine(  877): mWifiOnScanCount: 387
W/art     (  877): Suspending all threads took: 7.676ms
W/ContextImpl( 2120): Calling a method in the system process without a qualified user: android.app.ContextImpl.startService:1863 android.content.ContextWrapper.startService:516 android.content.ContextWrapper.startService:516 com.meizu.dataservice.ExperienceReceiver.a:-1 com.meizu.dataservice.ExperienceReceiver.onReceive:-1 
I/System.out( 7590): isFirstLoctrue
I/art     (  877): Background sticky concurrent mark sweep GC freed 23266(4MB) AllocSpace objects, 2(40KB) LOS objects, 4% free, 39MB/41MB, paused 12.692ms total 104.450ms
I/System.out( 7590): ******jscarlife*********************onReceiveLocation*********************
I/System.out( 7590): open:http://api.map.baidu.com/sdkproxy/v2/lbs_androidsdk/geocoder/v2?location=22.577016305728407%2C114.05000412931916&coordtype=bd09ll&pois=1&output=json&from=android_map_sdk&latest_admin=0&token=c0e4TNqnRlY3vEod6gWAfZ3ovht8K3YTxcWB9DJnrgJl2JNce5vCsYh5YoyAj8mCDJ1EkX9slGnaqWsWg%2FCdjvvGGxpcvaKEz7SxekyStvjUhe%2BbSKHKR5oOOmhvtZRG5JQ%2F8z7MEabPoO9f%2Fczu2UigE%2FAPmy6803irZ1Ktk%2BZ4QAzcrue%2FwL2m7Js&pcn=com.jieshun.jslife&screen=1080%2C1920&cuid=07AB6C1293F355B0E1AE06BB5824B71A%7C944874720008868&dpi=480%2C480&resid=02&appid=-1&mb=m2%20note&ctm=1536033716.764000&net=1&bduid=&channel=baidu&os=Android22&sv=4.5.2&sign=5c3c481e6d6c01c4c835afad6388e695
I/System.out( 7590): [OkHttp] sendRequest>>
I/System.out( 7590): [OkHttp] sendRequest<<
I/NetworkManagementSocketTagger( 7590): untagSocket(102)
I/PanelView( 1041): Max panel height 874,expand height 874.0, shade mode false
I/PanelView( 1041): Max panel height 874,expand height 874.0, shade mode false
I/System.out( 7590): isFirstLoctrue
I/System.out( 7590): ******jscarlife*********************onReceiveLocation*********************
I/System.out( 7590): open:http://api.map.baidu.com/sdkproxy/v2/lbs_androidsdk/geocoder/v2?location=22.577016305728407%2C114.05000412931916&coordtype=bd09ll&pois=1&output=json&from=android_map_sdk&latest_admin=0&token=c0e4TNqnRlY3vEod6gWAfZ3ovht8K3YTxcWB9DJnrgJl2JNce5vCsYh5YoyAj8mCDJ1EkX9slGnaqWsWg%2FCdjvvGGxpcvaKEz7SxekyStvjUhe%2BbSKHKR5oOOmhvtZRG5JQ%2F8z7MEabPoO9f%2Fczu2UigE%2FAPmy6803irZ1Ktk%2BZ4QAzcrue%2FwL2m7Js&pcn=com.jieshun.jslife&screen=1080%2C1920&cuid=07AB6C1293F355B0E1AE06BB5824B71A%7C944874720008868&dpi=480%2C480&resid=02&appid=-1&mb=m2%20note&ctm=1536033660.605000&net=1&bduid=&channel=baidu&os=Android22&sv=4.5.2&sign=41dee3a596f3ff33333e2d1e0058b128
I/System.out( 7590): [OkHttp] sendRequest>>
I/System.out( 7590): [OkHttp] sendRequest<<
I/NetworkManagementSocketTagger( 7590): untagSocket(102)
I/AudioFlinger(  300): setParameters(): io 0, keyvalue mediaserver_monitor=1, calling pid 877
W/AudioALSAHardware(  300): setParameters(), still have param.size() = 1, remain param = "mediaserver_monitor=1"
I/str_params(  300): key: 'mediaserver_monitor' value: '1'
I/AudioPolicyManager(  300): setStreamVolumeIndex stream = 7 index = 15 device = 0x400
I/thermal_repeater(  323): oh, queryMdThermalInfo (0)Bad file number
I/thermal_repeater(  323): [recvMdThermalInfo] ret=25, strLen=127,  1, 32767,,, -1, 32767, 2
W/Watchdog(  877): SWT Watchdog after wait current time:28177896
W/Watchdog(  877): **Get SF Time **1
W/Watchdog(  877): SWT Watchdog before synchronized:28177897
W/Watchdog(  877): SWT Watchdog after synchronized:28177897
W/Watchdog(  877): SWT Watchdog before wait timeout:30000
W/Watchdog(  877): SWT Watchdog before wait current time:28177897
W/Watchdog(  877): SWT Watchdog before wait start:28177897
W/Watchdog(  877): SWT Watchdog before wait CHECK_INTERVAL:30000
I/System.out( 7590): isFirstLoctrue
I/System.out( 7590): ******jscarlife*********************onReceiveLocation*********************
I/System.out( 7590): open:http://api.map.baidu.com/sdkproxy/v2/lbs_androidsdk/geocoder/v2?location=22.577016305728407%2C114.05000412931916&coordtype=bd09ll&pois=1&output=json&from=android_map_sdk&latest_admin=0&token=c0e4TNqnRlY3vEod6gWAfZ3ovht8K3YTxcWB9DJnrgJl2JNce5vCsYh5YoyAj8mCDJ1EkX9slGnaqWsWg%2FCdjvvGGxpcvaKEz7SxekyStvjUhe%2BbSKHKR5oOOmhvtZRG5JQ%2F8z7MEabPoO9f%2Fczu2UigE%2FAPmy6803irZ1Ktk%2BZ4QAzcrue%2FwL2m7Js&pcn=com.jieshun.jslife&screen=1080%2C1920&cuid=07AB6C1293F355B0E1AE06BB5824B71A%7C944874720008868&dpi=480%2C480&resid=02&appid=-1&mb=m2%20note&ctm=1536033670.607000&net=1&bduid=&channel=baidu&os=Android22&sv=4.5.2&sign=8fd1ee4b6701167c14a5aadbbea31159
I/System.out( 7590): [OkHttp] sendRequest>>
I/System.out( 7590): [OkHttp] sendRequest<<
I/NetworkManagementSocketTagger( 7590): untagSocket(102)
I/thermal_repeater(  323): oh, queryMdThermalInfo (0)Bad file number
I/thermal_repeater(  323): [recvMdThermalInfo] ret=25, strLen=127,  1, 32767,,, -1, 32767, 2
D/[BT3.0+HS]PAL(  333): == chip_reset_fd is set ==
D/[BT3.0+HS]PAL(  333): 
D/[BT3.0+HS]PAL(  333): invalid reply message
D/[BT3.0+HS]PAL(  333): 
I/AudioFlinger(  300): setParameters(): io 0, keyvalue mediaserver_monitor=1, calling pid 877
W/AudioALSAHardware(  300): setParameters(), still have param.size() = 1, remain param = "mediaserver_monitor=1"
I/str_params(  300): key: 'mediaserver_monitor' value: '1'
I/AudioPolicyManager(  300): setStreamVolumeIndex stream = 7 index = 15 device = 0x400
I/thermal_repeater(  323): oh, queryMdThermalInfo (0)Bad file number
I/thermal_repeater(  323): [recvMdThermalInfo] ret=25, strLen=127,  1, 32767,,, -1, 32767, 2
D/[BT3.0+HS]PAL(  333): == chip_reset_fd is set ==
D/[BT3.0+HS]PAL(  333): 
D/[BT3.0+HS]PAL(  333): invalid reply message
D/[BT3.0+HS]PAL(  333): 
D/[BT3.0+HS]PAL(  333): == chip_reset_fd is set ==
D/[BT3.0+HS]PAL(  333): 
D/[BT3.0+HS]PAL(  333): invalid reply message
D/[BT3.0+HS]PAL(  333): 
E/wpa_supplicant( 1206): This is a Iphone softap!!!!!!! 
E/wpa_supplicant( 1206): This is a Iphone softap!!!!!!! 
E/wpa_supplicant( 1206): This is a Iphone softap!!!!!!! 
E/wpa_supplicant( 1206): This is a Iphone softap!!!!!!! 
I/Netd    (  295): Get netlink event, ifname: wlan0 action: 4
I/Netd    (  295): Get netlink event, ifname: wlan0 action: 4
E/WifiStateMachine(  877): mIsFullScanOngoing: true, mSendScanResultsBroadcast: false
E/WifiStateMachine(  877): mWifiOnScanCount: 388
W/ContextImpl( 2120): Calling a method in the system process without a qualified user: android.app.ContextImpl.startService:1863 android.content.ContextWrapper.startService:516 android.content.ContextWrapper.startService:516 com.meizu.dataservice.ExperienceReceiver.a:-1 com.meizu.dataservice.ExperienceReceiver.onReceive:-1 
I/art     (  877): Background sticky concurrent mark sweep GC freed 11909(2MB) AllocSpace objects, 0(0B) LOS objects, 4% free, 39MB/41MB, paused 8.607ms total 71.703ms
I/System.out( 7590): isFirstLoctrue
I/System.out( 7590): ******jscarlife*********************onReceiveLocation*********************
I/System.out( 7590): open:http://api.map.baidu.com/sdkproxy/v2/lbs_androidsdk/geocoder/v2?location=22.577016305728407%2C114.05000412931916&coordtype=bd09ll&pois=1&output=json&from=android_map_sdk&latest_admin=0&token=c0e4TNqnRlY3vEod6gWAfZ3ovht8K3YTxcWB9DJnrgJl2JNce5vCsYh5YoyAj8mCDJ1EkX9slGnaqWsWg%2FCdjvvGGxpcvaKEz7SxekyStvjUhe%2BbSKHKR5oOOmhvtZRG5JQ%2F8z7MEabPoO9f%2Fczu2UigE%2FAPmy6803irZ1Ktk%2BZ4QAzcrue%2FwL2m7Js&pcn=com.jieshun.jslife&screen=1080%2C1920&cuid=07AB6C1293F355B0E1AE06BB5824B71A%7C944874720008868&dpi=480%2C480&resid=02&appid=-1&mb=m2%20note&ctm=1536033686.835000&net=1&bduid=&channel=baidu&os=Android22&sv=4.5.2&sign=591bc54266fef51d9f7e4d688e445153
I/System.out( 7590): [OkHttp] sendRequest>>
I/System.out( 7590): [OkHttp] sendRequest<<
I/NetworkManagementSocketTagger( 7590): untagSocket(102)
I/System.out( 7590): isFirstLoctrue
I/System.out( 7590): ******jscarlife*********************onReceiveLocation*********************
I/System.out( 7590): open:http://api.map.baidu.com/sdkproxy/v2/lbs_androidsdk/geocoder/v2?location=22.577016305728407%2C114.05000412931916&coordtype=bd09ll&pois=1&output=json&from=android_map_sdk&latest_admin=0&token=c0e4TNqnRlY3vEod6gWAfZ3ovht8K3YTxcWB9DJnrgJl2JNce5vCsYh5YoyAj8mCDJ1EkX9slGnaqWsWg%2FCdjvvGGxpcvaKEz7SxekyStvjUhe%2BbSKHKR5oOOmhvtZRG5JQ%2F8z7MEabPoO9f%2Fczu2UigE%2FAPmy6803irZ1Ktk%2BZ4QAzcrue%2FwL2m7Js&pcn=com.jieshun.jslife&screen=1080%2C1920&cuid=07AB6C1293F355B0E1AE06BB5824B71A%7C944874720008868&dpi=480%2C480&resid=02&appid=-1&mb=m2%20note&ctm=1536033690.590000&net=1&bduid=&channel=baidu&os=Android22&sv=4.5.2&sign=89a86e64c8b59a650613ecab0ead6a02
I/System.out( 7590): [OkHttp] sendRequest>>
I/System.out( 7590): [OkHttp] sendRequest<<
I/NetworkManagementSocketTagger( 7590): untagSocket(102)
I/thermal_repeater(  323): oh, queryMdThermalInfo (0)Bad file number
I/thermal_repeater(  323): [recvMdThermalInfo] ret=25, strLen=127,  1, 32767,,, -1, 32767, 2
I/System.out( 7590): isFirstLoctrue
I/System.out( 7590): ******jscarlife*********************onReceiveLocation*********************
I/System.out( 7590): open:http://api.map.baidu.com/sdkproxy/v2/lbs_androidsdk/geocoder/v2?location=22.577016305728407%2C114.05000412931916&coordtype=bd09ll&pois=1&output=json&from=android_map_sdk&latest_admin=0&token=c0e4TNqnRlY3vEod6gWAfZ3ovht8K3YTxcWB9DJnrgJl2JNce5vCsYh5YoyAj8mCDJ1EkX9slGnaqWsWg%2FCdjvvGGxpcvaKEz7SxekyStvjUhe%2BbSKHKR5oOOmhvtZRG5JQ%2F8z7MEabPoO9f%2Fczu2UigE%2FAPmy6803irZ1Ktk%2BZ4QAzcrue%2FwL2m7Js&pcn=com.jieshun.jslife&screen=1080%2C1920&cuid=07AB6C1293F355B0E1AE06BB5824B71A%7C944874720008868&dpi=480%2C480&resid=02&appid=-1&mb=m2%20note&ctm=1536033700.634000&net=1&bduid=&channel=baidu&os=Android22&sv=4.5.2&sign=2aa1514ef102b519bc197f7a2c2ed761
I/System.out( 7590): [OkHttp] sendRequest>>
I/System.out( 7590): [OkHttp] sendRequest<<
I/NetworkManagementSocketTagger( 7590): untagSocket(102)
I/AudioFlinger(  300): setParameters(): io 0, keyvalue mediaserver_monitor=1, calling pid 877
W/AudioALSAHardware(  300): setParameters(), still have param.size() = 1, remain param = "mediaserver_monitor=1"
I/str_params(  300): key: 'mediaserver_monitor' value: '1'
I/AudioPolicyManager(  300): setStreamVolumeIndex stream = 7 index = 15 device = 0x400
I/thermal_repeater(  323): oh, queryMdThermalInfo (0)Bad file number
I/thermal_repeater(  323): [recvMdThermalInfo] ret=25, strLen=127,  1, 32767,,, -1, 32767, 2
D/[BT3.0+HS]PAL(  333): == chip_reset_fd is set ==
D/[BT3.0+HS]PAL(  333): 
D/[BT3.0+HS]PAL(  333): invalid reply message
D/[BT3.0+HS]PAL(  333): 
I/thermal_repeater(  323): oh, queryMdThermalInfo (0)Bad file number
I/thermal_repeater(  323): [recvMdThermalInfo] ret=25, strLen=127,  1, 32767,,, -1, 32767, 2
D/[BT3.0+HS]PAL(  333): == chip_reset_fd is set ==
D/[BT3.0+HS]PAL(  333): 
D/[BT3.0+HS]PAL(  333): invalid reply message
D/[BT3.0+HS]PAL(  333): 
D/[BT3.0+HS]PAL(  333): == chip_reset_fd is set ==
D/[BT3.0+HS]PAL(  333): 
D/[BT3.0+HS]PAL(  333): invalid reply message
D/[BT3.0+HS]PAL(  333): 
I/Netd    (  295): Get netlink event, ifname: wlan0 action: 4
I/Netd    (  295): Get netlink event, ifname: wlan0 action: 4
E/wpa_supplicant( 1206): This is a Iphone softap!!!!!!! 
E/wpa_supplicant( 1206): This is a Iphone softap!!!!!!! 
E/wpa_supplicant( 1206): This is a Iphone softap!!!!!!! 
E/wpa_supplicant( 1206): This is a Iphone softap!!!!!!! 
E/WifiStateMachine(  877): mIsFullScanOngoing: true, mSendScanResultsBroadcast: false
E/WifiStateMachine(  877): mWifiOnScanCount: 389
W/ContextImpl( 2120): Calling a method in the system process without a qualified user: android.app.ContextImpl.startService:1863 android.content.ContextWrapper.startService:516 android.content.ContextWrapper.startService:516 com.meizu.dataservice.ExperienceReceiver.a:-1 com.meizu.dataservice.ExperienceReceiver.onReceive:-1 
I/art     (  877): Background sticky concurrent mark sweep GC freed 11743(2MB) AllocSpace objects, 0(0B) LOS objects, 4% free, 39MB/41MB, paused 9.009ms total 96.068ms
I/System.out( 7590): isFirstLoctrue
I/System.out( 7590): ******jscarlife*********************onReceiveLocation*********************
I/System.out( 7590): open:http://api.map.baidu.com/sdkproxy/v2/lbs_androidsdk/geocoder/v2?location=22.577016305728407%2C114.05000412931916&coordtype=bd09ll&pois=1&output=json&from=android_map_sdk&latest_admin=0&token=c0e4TNqnRlY3vEod6gWAfZ3ovht8K3YTxcWB9DJnrgJl2JNce5vCsYh5YoyAj8mCDJ1EkX9slGnaqWsWg%2FCdjvvGGxpcvaKEz7SxekyStvjUhe%2BbSKHKR5oOOmhvtZRG5JQ%2F8z7MEabPoO9f%2Fczu2UigE%2FAPmy6803irZ1Ktk%2BZ4QAzcrue%2FwL2m7Js&pcn=com.jieshun.jslife&screen=1080%2C1920&cuid=07AB6C1293F355B0E1AE06BB5824B71A%7C944874720008868&dpi=480%2C480&resid=02&appid=-1&mb=m2%20note&ctm=1536033716.840000&net=1&bduid=&channel=baidu&os=Android22&sv=4.5.2&sign=f8a0b96601eb0a3c6bc2f958d7c0bcac
I/System.out( 7590): [OkHttp] sendRequest>>
I/System.out( 7590): [OkHttp] sendRequest<<
I/NetworkManagementSocketTagger( 7590): untagSocket(102)
I/System.out( 7590): isFirstLoctrue
I/System.out( 7590): ******jscarlife*********************onReceiveLocation*********************
I/System.out( 7590): open:http://api.map.baidu.com/sdkproxy/v2/lbs_androidsdk/geocoder/v2?location=22.577016305728407%2C114.05000412931916&coordtype=bd09ll&pois=1&output=json&from=android_map_sdk&latest_admin=0&token=c0e4TNqnRlY3vEod6gWAfZ3ovht8K3YTxcWB9DJnrgJl2JNce5vCsYh5YoyAj8mCDJ1EkX9slGnaqWsWg%2FCdjvvGGxpcvaKEz7SxekyStvjUhe%2BbSKHKR5oOOmhvtZRG5JQ%2F8z7MEabPoO9f%2Fczu2UigE%2FAPmy6803irZ1Ktk%2BZ4QAzcrue%2FwL2m7Js&pcn=com.jieshun.jslife&screen=1080%2C1920&cuid=07AB6C1293F355B0E1AE06BB5824B71A%7C944874720008868&dpi=480%2C480&resid=02&appid=-1&mb=m2%20note&ctm=1536033720.589000&net=1&bduid=&channel=baidu&os=Android22&sv=4.5.2&sign=f8402fbbf993658a72dd93490562221d
I/System.out( 7590): [OkHttp] sendRequest>>
I/System.out( 7590): [OkHttp] sendRequest<<
I/NetworkManagementSocketTagger( 7590): untagSocket(102)
I/AudioFlinger(  300): setParameters(): io 0, keyvalue mediaserver_monitor=1, calling pid 877
W/AudioALSAHardware(  300): setParameters(), still have param.size() = 1, remain param = "mediaserver_monitor=1"
I/str_params(  300): key: 'mediaserver_monitor' value: '1'
I/AudioPolicyManager(  300): setStreamVolumeIndex stream = 7 index = 15 device = 0x400
I/thermal_repeater(  323): oh, queryMdThermalInfo (0)Bad file number
I/thermal_repeater(  323): [recvMdThermalInfo] ret=25, strLen=127,  1, 32767,,, -1, 32767, 2
W/Watchdog(  877): SWT Watchdog after wait current time:28207897
W/Watchdog(  877): **Get SF Time **1
W/Watchdog(  877): SWT Watchdog before synchronized:28207897
W/Watchdog(  877): SWT Watchdog after synchronized:28207897
W/Watchdog(  877): SWT Watchdog before wait timeout:30000
W/Watchdog(  877): SWT Watchdog before wait current time:28207897
W/Watchdog(  877): SWT Watchdog before wait start:28207897
W/Watchdog(  877): SWT Watchdog before wait CHECK_INTERVAL:30000
I/System.out( 7590): isFirstLoctrue
I/System.out( 7590): ******jscarlife*********************onReceiveLocation*********************
I/System.out( 7590): open:http://api.map.baidu.com/sdkproxy/v2/lbs_androidsdk/geocoder/v2?location=22.577016305728407%2C114.05000412931916&coordtype=bd09ll&pois=1&output=json&from=android_map_sdk&latest_admin=0&token=c0e4TNqnRlY3vEod6gWAfZ3ovht8K3YTxcWB9DJnrgJl2JNce5vCsYh5YoyAj8mCDJ1EkX9slGnaqWsWg%2FCdjvvGGxpcvaKEz7SxekyStvjUhe%2BbSKHKR5oOOmhvtZRG5JQ%2F8z7MEabPoO9f%2Fczu2UigE%2FAPmy6803irZ1Ktk%2BZ4QAzcrue%2FwL2m7Js&pcn=com.jieshun.jslife&screen=1080%2C1920&cuid=07AB6C1293F355B0E1AE06BB5824B71A%7C944874720008868&dpi=480%2C480&resid=02&appid=-1&mb=m2%20note&ctm=1536033730.607000&net=1&bduid=&channel=baidu&os=Android22&sv=4.5.2&sign=a80add0624e01326c1566791461a13d1
I/System.out( 7590): [OkHttp] sendRequest>>
I/System.out( 7590): [OkHttp] sendRequest<<
I/NetworkManagementSocketTagger( 7590): untagSocket(102)
I/thermal_repeater(  323): oh, queryMdThermalInfo (0)Bad file number
I/thermal_repeater(  323): [recvMdThermalInfo] ret=25, strLen=127,  1, 32767,,, -1, 32767, 2
D/[BT3.0+HS]PAL(  333): == chip_reset_fd is set ==
D/[BT3.0+HS]PAL(  333): 
D/[BT3.0+HS]PAL(  333): invalid reply message
D/[BT3.0+HS]PAL(  333): 
I/WindowManager(  877): interceptKeyTq keycode=3 interactive=false keyguardActive=true policyFlags=2000000 down =true canceled = false isWakeKey=true mVolumeDownKeyTriggered =false mVolumeUpKeyTriggered =false result = 0 useHapticFeedback = false isInjected = false result = 0
I/PowerManagerService(  877): Waking up from sleep (uid 1000)...reason:101
I/MzPhoneWindowManager(  877): interceptHomeKeyLongPress: add mLunchVoiceActivity
I/ActivityManager(  877): onWakefulnessChanged: 1
I/DisplayPowerController(  877): Blocking screen on until initial contents have been drawn.
I/SensorHAL(  877): Dev Flush, handle: 4, name: LSM6DS3 Accelerometer Sensor, ret: -22
I/BatteryConsumeMonitor( 1287): idleModeFlag : false
I/SensorHAL(  877): Dev Batch, handle: 2, name: LTR559 Proximity Sensor
W/ContextImpl(  877): Calling a method in the system process without a qualified user: android.app.ContextImpl.sendBroadcast:1474 com.android.server.statusbar.StatusBarManagerService.onPanelRevealed:531 com.android.internal.statusbar.IStatusBarService$Stub.onTransact:185 android.os.Binder.execTransact:454 <bottom of call stack> 
I/BatteryConsumeMonitor( 1287): cancelRepeatAlarm
I/SensorHAL(  877): Dev Active, handle: 2, name: LTR559 Proximity Sensor, enable: 1.
I/SensorHAL(  877): SensorBase::Enable. name: LTR559 Proximity Sensor, enable: 1
E/SensorHAL(  877): [Proximity]: 5.000000
E/WifiManagerFlyme( 1287): disableScanInterface exception: java.lang.NoSuchMethodException
I/SensorHAL(  877): HWSensorBase::Enable, handle: 2, name: lsm6ds3_proximity, enable: 1
I/SensorHAL(  877): Dev Batch, handle: 1, name: LTR559 Light Sensor
I/SensorHAL(  877): Dev Active, handle: 1, name: LTR559 Light Sensor, enable: 1.
I/SensorHAL(  877): SensorBase::Enable. name: LTR559 Light Sensor, enable: 1
I/SensorHAL(  877): HWSensorBase::Enable, handle: 1, name: lsm6ds3_light, enable: 1
I/ChargeViewUtils( 1041): updateChargingState shouldChargingViewShow = false , mPluggedIn = true
I/PalmRejection( 1041): enableProximityLockLocked, mProximitySensorEnabled = false
E/WifiStateMachine(  877): cancelDelayedScan -> 41
I/AudioFlinger(  300): setParameters(): io 0, keyvalue screen_state=on, calling pid 877
I/str_params(  300): key: 'screen_state' value: 'on'
E/native  (  877): do suspend false
I/wpa_supplicant( 1206): wpa_driver_nl80211_driver_cmd: buf =  ret = 2 used = 2 total = 4096
I/AudioFlinger(  300): setParameters(): io 0, keyvalue mediaserver_monitor=1, calling pid 877
W/AudioALSAHardware(  300): setParameters(), still have param.size() = 1, remain param = "mediaserver_monitor=1"
I/str_params(  300): key: 'mediaserver_monitor' value: '1'
I/AudioPolicyManager(  300): setStreamVolumeIndex stream = 7 index = 15 device = 0x400
I/DisplayManagerService(  877): Display device changed: DisplayDeviceInfo{"": uniqueId="local:0", 1080 x 1920, 57.490005 fps, supportedRefreshRates [57.490005], density 480, 480.0 x 480.0 dpi, appVsyncOff -8000000, presDeadline 26394328, touch INTERNAL, rotation 0, type BUILT_IN, state ON, subtype 0, FLAG_DEFAULT_DISPLAY, FLAG_ROTATES_WITH_CONTENT, FLAG_SECURE, FLAG_SUPPORTS_PROTECTED_BUFFERS}
I/WindowManager(  877): interceptKeyTq keycode=3 interactive=true keyguardActive=true policyFlags=22000000 down =false canceled = false isWakeKey=false mVolumeDownKeyTriggered =false mVolumeUpKeyTriggered =false result = 1 useHapticFeedback = false isInjected = false result = 1
I/MzPhoneWindowManager(  877): interceptHomeKeyLongPress: remove mLunchVoiceActivity
I/hwcomposer(  274): [HWC] SetPowerMode(2) Display(0)
I/SensorHAL(  877): Dev Batch, handle: 3, name: LTR559 Proximity Sensor (Wake Up)
I/SensorHAL(  877): Dev Active, handle: 3, name: LTR559 Proximity Sensor (Wake Up), enable: 1.
I/SensorHAL(  877): SensorBase::Enable. name: LTR559 Proximity Sensor (Wake Up), enable: 1
I/SensorHAL(  877): HWSensorBase::Enable, handle: 3, name: lsm6ds3_ps_wk, enable: 1
E/SensorHAL(  877): [Proximity]: 5.000000
E/SensorHAL(  877): [Proximity]: 5.000000
I/PalmRejection( 1041): onSensorChanged() -- distance = 5.0, active = false
I/PalmRejection( 1041): proximityChangedLocked, false, mScreenOnAndTooClose false
I/PalmRejection( 1041): no active! go on wakup!
I/libPerfService(  877): perfSetFavorPid - pid:0, 0
I/PerfService(  274): PerfServiceNative_notifyDisplayType:0
I/SurfaceFlinger(  274): [Built-in Screen (type:0)] fps:0.162550,dur:61519.68,max:61363.85,min:16.29
I/WifiService(  877): WifiService trying to set country code to  with persist set to true
E/WifiStateMachine(  877): Ignoring resetting of country code
I/WifiService(  877): WifiService trying to set country code to  with persist set to true
E/WifiStateMachine(  877): Ignoring resetting of country code
I/PanelView( 1041): Max panel height 874,expand height 874.0, shade mode false
I/libPerfService(  877): perfSetFavorPid - pid:7590, 1da6
I/libPerfService(  877): perfSetFavorPid - pid:0, 0
I/thermal_repeater(  323): oh, queryMdThermalInfo (0)Bad file number
I/[MALI][Gralloc](  274): Usage: 0xb00, format: 0x1 stride: 1088 vertical_stride: 1920 size: 8355840
I/DisplayPowerController(  877): Unblocked screen on after 602 ms
I/thermal_repeater(  323): [recvMdThermalInfo] ret=25, strLen=127,  1, 32767,,, -1, 32767, 2
I/[MALI][Gralloc](  274): Usage: 0xb00, format: 0x1 stride: 1088 vertical_stride: 1920 size: 8355840
I/libPerfService(  877): perfSetFavorPid - pid:7590, 1da6
I/libPerfService(  877): perfSetFavorPid - pid:0, 0
I/libPerfService(  877): 12: set freq: 1235000
I/libPerfService(  877): 12: set: 4
I/PerfService(  877): PerfServiceNative_boostDisableAsync:5
I/libPerfService(  877): 5: set: 4
I/libPerfService(  877): 5: set freq: 1235000
I/PanelView( 1041): mTracking false,cancel fling false,instant collapse false
I/PanelView( 1041): Max panel height 874,expand height 874.0, shade mode false
I/PerfService(  877): PerfServiceNative_boostDisableAsync:5
I/libPerfService(  877): 5: set: 4
I/libPerfService(  877): 5: set freq: 1235000
W/PanelView( 1041): gotosleep by double tap in panel
I/PowerManagerService(  877): Going to sleep by application request (uid 10032)...
I/ActivityManager(  877): onWakefulnessChanged: 3
I/PowerManagerService(  877): Sleeping (uid 1000)...
I/SensorHAL(  877): Dev Batch, handle: 4, name: LSM6DS3 Accelerometer Sensor
E/KeyguardViewMediator( 1041): resetStateLocked
W/ContextImpl(  877): Calling a method in the system process without a qualified user: android.app.ContextImpl.sendBroadcast:1474 com.android.server.statusbar.StatusBarManagerService.onPanelHidden:555 com.android.internal.statusbar.IStatusBarService$Stub.onTransact:192 android.os.Binder.execTransact:454 <bottom of call stack> 
I/ChargeViewUtils( 1041): updateChargingState shouldChargingViewShow = false , mPluggedIn = true
I/PalmRejection( 1041): disableProximityLockLocked, mProximitySensorEnabled = true
I/libPerfService(  877): perfSetFavorPid - pid:7590, 1da6
I/SensorHAL(  877): Dev Active, handle: 3, name: LTR559 Proximity Sensor (Wake Up), enable: 0.
I/SensorHAL(  877): SensorBase::Enable. name: LTR559 Proximity Sensor (Wake Up), enable: 0
I/SensorHAL(  877): HWSensorBase::Enable, handle: 3, name: lsm6ds3_ps_wk, enable: 0
I/PalmRejection( 1041): mSensorManager.unregisterListener(mProximityListener)
I/PalmRejection( 1041): mProximityWakeLock.release()
I/BatteryConsumeMonitor( 1287): watting idle mode !
I/CalendarAgendaWidget( 7988): onReceive action = android.intent.action.ACCESS_CONTROL_CHANGED
I/[MALI][Gralloc](  274): Usage: 0x333, format: 0x1 stride: 1088 vertical_stride: 1920 size: 8355840
I/MeizuKeyguardThemeManager( 1041): setBarState ------ statusBarState=1,keyguardFadingAway=false,goingToFullShade=false,keyguardShowing=true
I/MeizuKeyguardThemeManager( 1041): setBarState 1
I/PhoneStatusBar( 1041): updateNotificationCountChange,mLastHasNotification:true , hasActiveNotifications:true
I/LedTest (  877): ledDoubleFlash = false
E/WifiStateMachine(  877): cancelDelayedScan -> 42
I/AudioFlinger(  300): setParameters(): io 0, keyvalue screen_state=off, calling pid 877
I/str_params(  300): key: 'screen_state' value: 'off'
I/ChargeViewUtils( 1041): updateChargingState shouldChargingViewShow = false , mPluggedIn = true
I/ChargeViewUtils( 1041): updateChargingState shouldChargingViewShow = false , mPluggedIn = true
I/ChargeViewUtils( 1041): updateChargingState shouldChargingViewShow = false , mPluggedIn = true
W/KeyguardViewBase( 1041): setOnDismissAction =null
E/native  (  877): do suspend true
I/CalendarAgendaWidget( 7988): onReceive action = android.intent.action.ACCESS_CONTROL_CHANGED
I/wpa_supplicant( 1206): wpa_driver_nl80211_driver_cmd: buf =  ret = 2 used = 2 total = 4096
I/[MALI][Gralloc](  274): Usage: 0xb00, format: 0x1 stride: 1088 vertical_stride: 1920 size: 8355840
I/libPerfService(  877): perfUserScnDisableAll, h:12, s:1, a:0
I/libPerfService(  877): 12: set: 1
I/libPerfService(  877): 12: set freq: 0
I/libPerfService(  877): 12: set gpu level: 0
I/libPerfService(  877): perfSetFavorPid - pid:0, 0
I/libPerfService(  877): perfSetFavorPid - pid:7590, 1da6
I/StatusBarManagerService(  877): disable by pkg=com.android.systemui
I/[MALI][Gralloc](  274): Usage: 0xb00, format: 0x1 stride: 1088 vertical_stride: 1920 size: 8355840
I/PhoneStatusBar( 1041): updateNotificationCountChange,mLastHasNotification:true , hasActiveNotifications:true
I/PhoneStatusBar( 1041): updateNotificationCountChange,mLastHasNotification:true , hasActiveNotifications:true
I/PanelView( 1041): Max panel height 874,expand height 874.0, shade mode false
I/PanelView( 1041): Max panel height 874,expand height 874.0, shade mode false
I/ChargeViewUtils( 1041): updateChargingState shouldChargingViewShow = false , mPluggedIn = true
I/[MALI][Gralloc](  274): Usage: 0xb00, format: 0x1 stride: 1088 vertical_stride: 1920 size: 8355840
W/ContextImpl( 1698): Calling a method in the system process without a qualified user: android.app.ContextImpl.startService:1863 android.content.ContextWrapper.startService:516 com.meizu.networkmanager.c.r.a:25 com.meizu.networkmanager.boradcast.b$1$1.run:67 <bottom of call stack> 
I/Launcher( 1620): launcher stats1 = WORKSPACE
I/NetworkStatsRecorder(  877): recordSnapshotLocked: ident[[{type=WIFI, subType=COMBINED, networkId=chaozhouniurouwan}]]
W/NetworkStatsRecorder(  877): unknown interfaces [lo, p2p0], ignoring those stats
I/NetworkStatsRecorder(  877): recordSnapshotLocked: ident[[{type=WIFI, subType=COMBINED, networkId=chaozhouniurouwan}]]
W/NetworkStatsRecorder(  877): unknown interfaces [lo, p2p0], ignoring those stats
I/NetworkStatsRecorder(  877): recordSnapshotLocked: ident[[{type=WIFI, subType=COMBINED, networkId=chaozhouniurouwan}]]
I/NetworkStatsRecorder(  877): recordSnapshotLocked: ident[[{type=WIFI, subType=COMBINED, networkId=chaozhouniurouwan}]]
W/NetworkStatsRecorder(  877): unknown interfaces [lo, p2p0], ignoring those stats
W/NetworkStatsRecorder(  877): unknown interfaces [lo, p2p0], ignoring those stats
I/BatteryConsumeMonitor( 1287): init var lastPlugType : 2 lastBatteryChangedLevel : 100
I/BatteryConsumeMonitor( 1287): init var lastPlugType : 2 lastBatteryChangedLevel : 100
I/[MALI][Gralloc](  274): Usage: 0xb00, format: 0x1 stride: 1088 vertical_stride: 1920 size: 8355840
W/auto_update_AppAutoUpdateManager( 3342): --Screen off but update app size == 0,switch:true, wifi:true, and Screen on: false, Power Connected: true, Battery: 100(-50|+15), Competitive:false(not check), downloaded size:0, downloaded time:0, available size:0
I/PreDownloadAndBookAppManager( 3342): normalCheck: true, post delay 2 min to  start book download task
I/SurfaceFlinger(  274): [Built-in Screen (type:0)] fps:56.869999,dur:1002.29,max:43.42,min:1.81
I/libPerfService(  877): perfSetFavorPid - pid:0, 0
I/KeyguardUpdateMonitor( 1041): handleBatteryUpdate index=0 updateInteresting=false
W/hwcomposer(  274): [JOB] (0) Job is late(25)...
W/MALI    (  877): display_window_buffer:1332: [MALI] warning, queueBuffer takes more than 300ms here. Total elapse time: 470583
I/libPerfService(  877): perfSetFavorPid - pid:7590, 1da6
W/hwcomposer(  274): [JOB] (0) Job is late(25)...
W/hwcomposer(  274): [JOB] (0) Job is late(25)...
I/SensorHAL(  877): Dev Active, handle: 2, name: LTR559 Proximity Sensor, enable: 0.
I/SensorHAL(  877): SensorBase::Enable. name: LTR559 Proximity Sensor, enable: 0
I/SensorHAL(  877): HWSensorBase::Enable, handle: 2, name: lsm6ds3_proximity, enable: 0
I/SensorHAL(  877): Dev Active, handle: 1, name: LTR559 Light Sensor, enable: 0.
I/SensorHAL(  877): SensorBase::Enable. name: LTR559 Light Sensor, enable: 0
I/SensorHAL(  877): HWSensorBase::Enable, handle: 1, name: lsm6ds3_light, enable: 0
I/DisplayManagerService(  877): Display device changed: DisplayDeviceInfo{"": uniqueId="local:0", 1080 x 1920, 57.490005 fps, supportedRefreshRates [57.490005], density 480, 480.0 x 480.0 dpi, appVsyncOff -8000000, presDeadline 26394328, touch INTERNAL, rotation 0, type BUILT_IN, state OFF, subtype 0, FLAG_DEFAULT_DISPLAY, FLAG_ROTATES_WITH_CONTENT, FLAG_SECURE, FLAG_SUPPORTS_PROTECTED_BUFFERS}
I/hwcomposer(  274): [HWC] SetPowerMode(0) Display(0)
W/hwcomposer(  274): [JOB] (0) Job is late(24)...
W/hwcomposer(  274): [JOB] (0) Job is late(23)...
W/hwcomposer(  274): [WKR] Timed out waiting for Dispatcher_0 (cnt=1/val=33)
W/hwcomposer(  274): [JOB] (0) Job is late(22)...
W/hwcomposer(  274): [JOB] (0) Job is late(21)...
W/hwcomposer(  274): [WKR] Timed out waiting for Dispatcher_0 (cnt=3/val=33)
W/hwcomposer(  274): [JOB] (0) Job is late(20)...
W/hwcomposer(  274): [JOB] (0) Job is late(19)...
W/hwcomposer(  274): [WKR] Timed out waiting for Dispatcher_0 (cnt=5/val=33)
W/hwcomposer(  274): [JOB] (0) Job is late(18)...
W/hwcomposer(  274): [JOB] (0) Job is late(17)...
W/hwcomposer(  274): [WKR] Timed out waiting for Dispatcher_0 (cnt=7/val=33)
W/hwcomposer(  274): [JOB] (0) Job is late(16)...
W/hwcomposer(  274): [JOB] (0) Job is late(15)...
W/hwcomposer(  274): [WKR] Timed out waiting for Dispatcher_0 (cnt=9/val=33)
W/hwcomposer(  274): [JOB] (0) Job is late(14)...
W/hwcomposer(  274): [WKR] Timed out waiting for Dispatcher_0 (cnt=11/val=33)
W/hwcomposer(  274): [JOB] (0) Job is late(13)...
W/hwcomposer(  274): [JOB] (0) Job is late(12)...
W/hwcomposer(  274): [WKR] Timed out waiting for Dispatcher_0 (cnt=13/val=33)
W/hwcomposer(  274): [JOB] (0) Job is late(11)...
W/hwcomposer(  274): [JOB] (0) Job is late(10)...
W/hwcomposer(  274): [WKR] Timed out waiting for Dispatcher_0 (cnt=15/val=33)
W/hwcomposer(  274): [JOB] (0) Job is late(9)...
W/hwcomposer(  274): [JOB] (0) Job is late(8)...
W/hwcomposer(  274): [WKR] Timed out waiting for Dispatcher_0 (cnt=17/val=33)
W/hwcomposer(  274): [JOB] (0) Job is late(7)...
W/hwcomposer(  274): [JOB] (0) Job is late(6)...
W/hwcomposer(  274): [WKR] Timed out waiting for Dispatcher_0 (cnt=19/val=33)
W/hwcomposer(  274): [WKR] Timed out waiting for Dispatcher_0 (cnt=21/val=33)
W/hwcomposer(  274): [WKR] Timed out waiting for Dispatcher_0 (cnt=23/val=33)
W/hwcomposer(  274): [WKR] Timed out waiting for Dispatcher_0 (cnt=25/val=33)
I/PerfService(  274): PerfServiceNative_notifyDisplayType:1
I/ActivityManager(  877): onWakefulnessChanged: 0
I/libPerfService(  877): perfSetFavorPid - pid:0, 0
D/[BT3.0+HS]PAL(  333): == chip_reset_fd is set ==
D/[BT3.0+HS]PAL(  333): 
D/[BT3.0+HS]PAL(  333): invalid reply message
D/[BT3.0+HS]PAL(  333): 
D/[BT3.0+HS]PAL(  333): == chip_reset_fd is set ==
D/[BT3.0+HS]PAL(  333): 
D/[BT3.0+HS]PAL(  333): invalid reply message
D/[BT3.0+HS]PAL(  333): 
I/Netd    (  295): Get netlink event, ifname: wlan0 action: 4
I/Netd    (  295): Get netlink event, ifname: wlan0 action: 4
E/wpa_supplicant( 1206): This is a Iphone softap!!!!!!! 
E/wpa_supplicant( 1206): This is a Iphone softap!!!!!!! 
E/wpa_supplicant( 1206): This is a Iphone softap!!!!!!! 
E/wpa_supplicant( 1206): This is a Iphone softap!!!!!!! 
E/wpa_supplicant( 1206): This is a Iphone softap!!!!!!! 
E/WifiConfigStore(  877):  rewrite network history for "chaozhouniurouwan"WPA_PSK
E/WifiStateMachine(  877): mIsFullScanOngoing: true, mSendScanResultsBroadcast: false
E/WifiStateMachine(  877): mWifiOnScanCount: 390
I/libPerfService(  877): perfSetFavorPid - pid:7590, 1da6
W/ContextImpl( 2120): Calling a method in the system process without a qualified user: android.app.ContextImpl.startService:1863 android.content.ContextWrapper.startService:516 android.content.ContextWrapper.startService:516 com.meizu.dataservice.ExperienceReceiver.a:-1 com.meizu.dataservice.ExperienceReceiver.onReceive:-1 
I/System.out( 7590): isFirstLoctrue
I/System.out( 7590): ******jscarlife*********************onReceiveLocation*********************
I/System.out( 7590): open:http://api.map.baidu.com/sdkproxy/v2/lbs_androidsdk/geocoder/v2?location=22.577016305728407%2C114.05000412931916&coordtype=bd09ll&pois=1&output=json&from=android_map_sdk&latest_admin=0&token=c0e4TNqnRlY3vEod6gWAfZ3ovht8K3YTxcWB9DJnrgJl2JNce5vCsYh5YoyAj8mCDJ1EkX9slGnaqWsWg%2FCdjvvGGxpcvaKEz7SxekyStvjUhe%2BbSKHKR5oOOmhvtZRG5JQ%2F8z7MEabPoO9f%2Fczu2UigE%2FAPmy6803irZ1Ktk%2BZ4QAzcrue%2FwL2m7Js&pcn=com.jieshun.jslife&screen=1080%2C1920&cuid=07AB6C1293F355B0E1AE06BB5824B71A%7C944874720008868&dpi=480%2C480&resid=02&appid=-1&mb=m2%20note&ctm=1536033746.685000&net=1&bduid=&channel=baidu&os=Android22&sv=4.5.2&sign=07bbe01a53e8371dcee95a43af40a5ee
I/System.out( 7590): [OkHttp] sendRequest>>
I/System.out( 7590): [OkHttp] sendRequest<<
I/NetworkManagementSocketTagger( 7590): untagSocket(102)
I/WindowManager(  877): interceptKeyTq keycode=3 interactive=false keyguardActive=true policyFlags=2000000 down =true canceled = false isWakeKey=true mVolumeDownKeyTriggered =false mVolumeUpKeyTriggered =false result = 0 useHapticFeedback = false isInjected = false result = 0
I/PowerManagerService(  877): Waking up from sleep (uid 1000)...reason:101
I/MzPhoneWindowManager(  877): interceptHomeKeyLongPress: add mLunchVoiceActivity
I/ActivityManager(  877): onWakefulnessChanged: 1
I/DisplayPowerController(  877): Blocking screen on until initial contents have been drawn.
I/SensorHAL(  877): Dev Flush, handle: 4, name: LSM6DS3 Accelerometer Sensor, ret: -22
I/SensorHAL(  877): Dev Batch, handle: 2, name: LTR559 Proximity Sensor
I/SensorHAL(  877): Dev Active, handle: 2, name: LTR559 Proximity Sensor, enable: 1.
I/SensorHAL(  877): SensorBase::Enable. name: LTR559 Proximity Sensor, enable: 1
I/SensorHAL(  877): HWSensorBase::Enable, handle: 2, name: lsm6ds3_proximity, enable: 1
I/SensorHAL(  877): Dev Batch, handle: 1, name: LTR559 Light Sensor
I/SensorHAL(  877): Dev Active, handle: 1, name: LTR559 Light Sensor, enable: 1.
I/SensorHAL(  877): SensorBase::Enable. name: LTR559 Light Sensor, enable: 1
I/SensorHAL(  877): HWSensorBase::Enable, handle: 1, name: lsm6ds3_light, enable: 1
W/ContextImpl(  877): Calling a method in the system process without a qualified user: android.app.ContextImpl.sendBroadcast:1474 com.android.server.statusbar.StatusBarManagerService.onPanelRevealed:531 com.android.internal.statusbar.IStatusBarService$Stub.onTransact:185 android.os.Binder.execTransact:454 <bottom of call stack> 
E/SensorHAL(  877): [Proximity]: 5.000000
I/ChargeViewUtils( 1041): updateChargingState shouldChargingViewShow = false , mPluggedIn = true
I/PalmRejection( 1041): enableProximityLockLocked, mProximitySensorEnabled = false
E/WifiStateMachine(  877): cancelDelayedScan -> 43
I/BatteryConsumeMonitor( 1287): idleModeFlag : false
E/native  (  877): do suspend false
I/wpa_supplicant( 1206): wpa_driver_nl80211_driver_cmd: buf =  ret = 2 used = 2 total = 4096
E/WifiManagerFlyme( 1287): disableScanInterface exception: java.lang.NoSuchMethodException
I/BatteryConsumeMonitor( 1287): cancelRepeatAlarm
I/AudioFlinger(  300): setParameters(): io 0, keyvalue screen_state=on, calling pid 877
I/str_params(  300): key: 'screen_state' value: 'on'
I/hwcomposer(  274): [HWC] SetPowerMode(2) Display(0)
I/WindowManager(  877): interceptKeyTq keycode=3 interactive=true keyguardActive=true policyFlags=22000000 down =false canceled = false isWakeKey=false mVolumeDownKeyTriggered =false mVolumeUpKeyTriggered =false result = 1 useHapticFeedback = false isInjected = false result = 1
I/MzPhoneWindowManager(  877): interceptHomeKeyLongPress: remove mLunchVoiceActivity
I/DisplayManagerService(  877): Display device changed: DisplayDeviceInfo{"": uniqueId="local:0", 1080 x 1920, 57.490005 fps, supportedRefreshRates [57.490005], density 480, 480.0 x 480.0 dpi, appVsyncOff -8000000, presDeadline 26394328, touch INTERNAL, rotation 0, type BUILT_IN, state ON, subtype 0, FLAG_DEFAULT_DISPLAY, FLAG_ROTATES_WITH_CONTENT, FLAG_SECURE, FLAG_SUPPORTS_PROTECTED_BUFFERS}
I/PerfService(  274): PerfServiceNative_notifyDisplayType:0
I/SurfaceFlinger(  274): [Built-in Screen (type:0)] fps:13.675347,dur:1828.11,max:1410.13,min:16.55
I/SensorHAL(  877): Dev Batch, handle: 3, name: LTR559 Proximity Sensor (Wake Up)
I/SensorHAL(  877): Dev Active, handle: 3, name: LTR559 Proximity Sensor (Wake Up), enable: 1.
I/SensorHAL(  877): SensorBase::Enable. name: LTR559 Proximity Sensor (Wake Up), enable: 1
I/SensorHAL(  877): HWSensorBase::Enable, handle: 3, name: lsm6ds3_ps_wk, enable: 1
E/SensorHAL(  877): [Proximity]: 5.000000
E/SensorHAL(  877): [Proximity]: 5.000000
I/libPerfService(  877): perfSetFavorPid - pid:0, 0
I/PalmRejection( 1041): onSensorChanged() -- distance = 5.0, active = false
I/PalmRejection( 1041): proximityChangedLocked, false, mScreenOnAndTooClose false
I/PalmRejection( 1041): no active! go on wakup!
I/libPerfService(  877): perfSetFavorPid - pid:7590, 1da6
I/PanelView( 1041): Max panel height 874,expand height 874.0, shade mode false
I/WifiService(  877): WifiService trying to set country code to  with persist set to true
E/WifiStateMachine(  877): Ignoring resetting of country code
I/WifiService(  877): WifiService trying to set country code to  with persist set to true
E/WifiStateMachine(  877): Ignoring resetting of country code
I/libPerfService(  877): perfSetFavorPid - pid:0, 0
I/libPerfService(  877): perfSetFavorPid - pid:7590, 1da6
I/DisplayPowerController(  877): Unblocked screen on after 539 ms
I/libPerfService(  877): perfSetFavorPid - pid:0, 0
I/libPerfService(  877): 7: set: 1
I/libPerfService(  877): 7: set freq: 0
I/PanelView( 1041): Max panel height 874,expand height 874.0, shade mode false
I/libPerfService(  877): 7: set: 1
I/libPerfService(  877): 7: set freq: 0
I/SurfaceFlinger(  274): [Built-in Screen (type:0)] fps:56.580124,dur:1007.42,max:33.93,min:13.80
I/PalmRejection( 1041): mShowDisableProximityRunnable.run
I/PalmRejection( 1041): disableProximityLockLocked, mProximitySensorEnabled = true
I/SensorHAL(  877): Dev Active, handle: 3, name: LTR559 Proximity Sensor (Wake Up), enable: 0.
I/SensorHAL(  877): SensorBase::Enable. name: LTR559 Proximity Sensor (Wake Up), enable: 0
I/SensorHAL(  877): HWSensorBase::Enable, handle: 3, name: lsm6ds3_ps_wk, enable: 0
I/PalmRejection( 1041): mSensorManager.unregisterListener(mProximityListener)
I/PalmRejection( 1041): mProximityWakeLock.release()
I/libPerfService(  877): 12: set freq: 1235000
I/libPerfService(  877): 12: set: 4
I/libPerfService(  877): 13: set freq: 1300000
I/ChargeViewUtils( 1041): updateChargingState shouldChargingViewShow = false , mPluggedIn = true
I/PanelView( 1041): Max panel height 874,expand height 874.0, shade mode false
I/libPerfService(  877): 13: set: 6
I/PanelView( 1041): Max panel height 874,expand height 811.5802, shade mode false
I/PanelView( 1041): Max panel height 874,expand height 811.5802, shade mode false
I/PanelView( 1041): Max panel height 874,expand height 738.8556, shade mode false
I/PanelView( 1041): Max panel height 874,expand height 738.8556, shade mode false
I/PanelView( 1041): Max panel height 874,expand height 638.0648, shade mode false
I/PanelView( 1041): Max panel height 874,expand height 638.0648, shade mode false
I/PanelView( 1041): Max panel height 874,expand height 458.31165, shade mode false
I/PanelView( 1041): Max panel height 874,expand height 458.31165, shade mode false
I/System.out( 7590): isFirstLoctrue
I/System.out( 7590): ******jscarlife*********************onReceiveLocation*********************
I/System.out( 7590): open:http://api.map.baidu.com/sdkproxy/v2/lbs_androidsdk/geocoder/v2?location=22.577016305728407%2C114.05000412931916&coordtype=bd09ll&pois=1&output=json&from=android_map_sdk&latest_admin=0&token=c0e4TNqnRlY3vEod6gWAfZ3ovht8K3YTxcWB9DJnrgJl2JNce5vCsYh5YoyAj8mCDJ1EkX9slGnaqWsWg%2FCdjvvGGxpcvaKEz7SxekyStvjUhe%2BbSKHKR5oOOmhvtZRG5JQ%2F8z7MEabPoO9f%2Fczu2UigE%2FAPmy6803irZ1Ktk%2BZ4QAzcrue%2FwL2m7Js&pcn=com.jieshun.jslife&screen=1080%2C1920&cuid=07AB6C1293F355B0E1AE06BB5824B71A%7C944874720008868&dpi=480%2C480&resid=02&appid=-1&mb=m2%20note&ctm=1536033750.589000&net=1&bduid=&channel=baidu&os=Android22&sv=4.5.2&sign=d592106f64427626effe2d281075fc1c
I/System.out( 7590): [OkHttp] sendRequest>>
I/System.out( 7590): [OkHttp] sendRequest<<
I/PanelView( 1041): Max panel height 874,expand height 275.00818, shade mode false
I/PanelView( 1041): Max panel height 874,expand height 275.00818, shade mode false
I/PanelView( 1041): Max panel height 874,expand height 102.81091, shade mode false
I/PanelView( 1041): Max panel height 874,expand height 102.81091, shade mode false
I/PerfService(  877): PerfServiceNative_boostDisableAsync:5
I/libPerfService(  877): 5: set: 6
I/libPerfService(  877): 5: set freq: 1300000
I/NetworkManagementSocketTagger( 7590): untagSocket(102)
W/hwcomposer(  274): [JOB] (0) Job is late(23)...
W/MALI    ( 1041): display_window_buffer:1332: [MALI] warning, queueBuffer takes more than 300ms here. Total elapse time: 442998
I/PanelView( 1041): Max panel height 874,expand height 0.0, shade mode false
I/PanelView( 1041): mTracking true,cancel fling false,instant collapse false
I/PanelView( 1041): reachTarget false,camera intercept false,camera running false
W/hwcomposer(  274): [JOB] (0) Job is late(23)...
I/PanelView( 1041): Max panel height 874,expand height 0.0, shade mode false
W/ContextImpl(  877): Calling a method in the system process without a qualified user: android.app.ContextImpl.sendBroadcast:1474 com.android.server.statusbar.StatusBarManagerService.onPanelHidden:555 com.android.internal.statusbar.IStatusBarService$Stub.onTransact:192 android.os.Binder.execTransact:454 <bottom of call stack> 
W/hwcomposer(  274): [JOB] (0) Job is late(23)...
W/hwcomposer(  274): [JOB] (0) Job is late(23)...
I/AudioPolicyManager(  300): s 0 c 0 avaDev 3 ba2dpo 0 ba2dpsp 0 dev 2
I/AudioPolicyManager(  300): getOutput() device 2, stream 1, samplingRate 0, format 0, channelMask 3, flags 0
I/AudioPolicyManager(  300): getOutput() returns output 2
I/AudioPolicyManager(  300): s 0 c 0 avaDev 3 ba2dpo 0 ba2dpsp 0 dev 2
I/AudioPolicyManager(  300): getOutput() device 2, stream 1, samplingRate 0, format 0, channelMask 3, flags 0
