I/AudioCache(  304): [open] open(11025, 2, 0x0, 1, 8)
I/AudioCache(  304): [notify] notify(0xf3c74980, 6, 0, 0)
I/NuPlayerDecoder(  304): [OMX.google.raw.decoder] EOS ,timeUs:0 ,size 0
I/NuPlayerDecoder(  304): [handleAnOutputBuffer]line:655 [OMX.google.raw.decoder] EOS ,timeUs:0
I/NuPlayerRenderer(  304): [queueEOS]line:174 queueEOS audio:1
I/AudioCache(  304): [notify] notify(0xf3c74980, 2, 0, 0)
I/AudioCache(  304): [notify] notify(0xf3c74980, 8, 0, 0)
I/NuPlayer(  304): [resetAsync]line:439 mSource:1
I/GenericSource(  304): [disconnect]line:869 mDataSource:1, lock
I/MediaCodec(  304): [flush]line:680 [OMX.google.raw.decoder]+++
I/NuPlayerRenderer(  304): onflush audio 1 flag 0
I/NuPlayerRenderer(  304): [onFlush]line:1553 audiosink flush.
I/MediaCodec(  304): [onMessageReceived]line:1765 [OMX.google.raw.decoder][what=kWhatFlush][state 6][msg='AMessage(what = 'flus', target = 2123) = {
I/MediaCodec(  304):   int32_t replyID = 22174
I/MediaCodec(  304): }' ]
I/MediaCodec(  304): [onMessageReceived]line:1294 [OMX.google.raw.decoder][what=kWhatFlushCompleted][state 7][msg='AMessage(what = 'codc', target = 2123) = {
I/MediaCodec(  304):   int32_t what = 1717792621
I/MediaCodec(  304): }' ]
I/MediaCodec(  304): [release]line:383 [OMX.google.raw.decoder]+++
I/ACodec  (  304): freeBuffersOnPort portIndex 0
I/ACodec  (  304): freeBuffersOnPort portIndex 1
I/MediaCodec(  304): [onMessageReceived]line:1268 [OMX.google.raw.decoder][what=kWhatShutdownCompleted][state 10][msg='AMessage(what = 'codc', target = 2123) = {
I/MediaCodec(  304):   int32_t what = 1935896429
I/MediaCodec(  304): }' ]
I/MediaCodec(  304): [~MediaCodec]line:205 [][mState 0]+++
I/NuPlayer(  304): [finishFlushIfPossible]line:1565 mFlushingAudio 5 ,mFlushingVideo 0
I/MediaPlayerService(  304): [decode] decode(40, 31662524, 50044)
E/DrmMtkUtil/DrmUtil(  304): checkDcf: not dcf type, dcf version value [80]
E/Cta5File(  304): Cta5File::isCta5NormalFile false, bad magic:PK
E/Cta5File(  304): Cta5File::isCta5MultimediaFile false, bad magic:
E/DrmMtkUtil/DrmUtil(  304): checkDcf: not dcf type, dcf version value [80]
I/NuPlayer(  304): disable trackId:0
I/GenericSource(  304): GenericSource::initCheck
E/DrmCtaPlugIn(  303): [ERROR]onOpenDecryptSession - The key is not set by user
E/DrmMtkUtil/DrmUtil(  303): parseDcf: not dcf type, dcf version value [80]
E/DrmMtkPlugIn(  303): onOpenDecryptSession() : failed to parse dcf file.
I/SurfaceFlinger(  276): EventThread Client Pid (17308) created
I/SurfaceFlinger(  276): EventThread Client Pid (17308) created
I/SurfaceFlinger(  276): [SF client] NEW(0x7f7641d540) for (881:system_server)
I/com.jieshun.jslife.service.XMPPService(17308): start XMPPService ===============
E/PhoneInterfaceManager( 1581): [PhoneIntfMgr] getIccId: ICC ID is null or empty.
I/com.jieshun.jslife.service.XMPPService(17308): startRequestQueQue ===============
I/CallbackListener(17308): xmppQueQue==========
I/XMPP    (17308): openfire----  disconnect()
E/Ble     (17308): BluetoothLeService  onStartCommand()
I/XMPP    (17308): ========
I/XMPP    (17308): openfire============== OPENFIRE=jsimp.jslife.com.cn SERVICE_NAME=openfire-cloud PORT=7608  userName=13632836691  pwd=123456 ; resource=A1b117b2fb
I/XMPP    (17308): ----userName========13632836691 ; pwd========123456 ; resource======A1b117b2fb
I/SensorHAL(  881): Dev Flush, handle: 4, name: LSM6DS3 Accelerometer Sensor, ret: -22
I/MediaPlayerService(  304): [decode] decode(46, 31974096, 40044)
E/DrmMtkUtil/DrmUtil(  304): checkDcf: not dcf type, dcf version value [80]
E/Cta5File(  304): Cta5File::isCta5NormalFile false, bad magic:PK
E/Cta5File(  304): Cta5File::isCta5MultimediaFile false, bad magic:
E/DrmMtkUtil/DrmUtil(  304): checkDcf: not dcf type, dcf version value [80]
I/NuPlayer(  304): disable trackId:0
I/GenericSource(  304): GenericSource::initCheck
E/DrmCtaPlugIn(  303): [ERROR]onOpenDecryptSession - The key is not set by user
E/DrmMtkUtil/DrmUtil(  303): parseDcf: not dcf type, dcf version value [80]
E/DrmMtkPlugIn(  303): onOpenDecryptSession() : failed to parse dcf file.
I/SurfaceFlinger(  276): [Built-in Screen (type:0)] fps:4.449391,dur:1123.75,max:454.40,min:17.27
I/libPerfService(  881): perfSetFavorPid - pid:0, 0
I/MobclickAgent(17308): Start new session: C4AB89AB9317016F58D896F36CC85281
I/WindowManager(  881): Gaining focus: Window{20ca1880 u0 com.jieshun.jslife/com.jieshun.jslife.activity.common.LoadingActivity}
W/DecodingInfo( 6853): No Engine for Decoding
I/WindowManager(  881): interceptKeyTq keycode=5 interactive=true keyguardActive=false policyFlags=2b000000 down =true canceled = false isWakeKey=false mVolumeDownKeyTriggered =false mVolumeUpKeyTriggered =false result = 1 useHapticFeedback = false isInjected = true result = 1
I/WindowManager(  881): interceptKeyTi keyCode=5 down=true repeatCount=0 keyguardOn=false mHomePressed=false canceled=false metaState:0
E/GED     (17308): Failed to get GED Log Buf, err(0)
I/OpenGLRenderer(17308): Initialized EGL, version 1.4
I/Utils   (  304): GetMimeType : fourcc 0x1
I/Utils   (  304): GetMimeType : fourcc 0x1
I/WAVExtractorExt(  304): WAV : mime audio/raw channel 2 samplerate 11025 bps 16 br 353110 dur 1133786
I/Utils   (  304): GetMimeType : fourcc 0x1
I/[MALI][Gralloc](  276): Usage: 0xb00, format: 0x1 stride: 1088 vertical_stride: 1920 size: 8355840
I/[MALI][Gralloc](  276): Usage: 0xb00, format: 0x1 stride: 1088 vertical_stride: 1920 size: 8355840
I/[MALI][Gralloc](  276): Usage: 0xb00, format: 0x1 stride: 1088 vertical_stride: 1920 size: 8355840
I/[MALI][Gralloc](  276): Usage: 0xb00, format: 0x1 stride: 1088 vertical_stride: 1920 size: 8355840
I/Utils   (  304): GetMimeType : fourcc 0x1
I/Utils   (  304): GetMimeType : fourcc 0x1
I/WAVExtractorExt(  304): WAV : mime audio/raw channel 2 samplerate 11025 bps 16 br 353110 dur 1133786
I/GenericSource(  304): GenericSource::getFormatMeta 0
I/AudioCache(  304): [notify] notify(0xf3e720c0, 1, 0, 0)
I/GenericSource(  304): start
I/GenericSource(  304): GenericSource::getFormatMeta 1
I/GenericSource(  304): GenericSource::getFormatMeta 0
I/AudioPolicyManager(  304): isOffloadSupported: SR=11025, CM=0x3, Format=0x1, StreamType=-1, BitRate=353110, duration=1133786 us, has_video=0
I/NuPlayerRenderer(  304): sFrameAVsyncByVFS 1
E/NuPlayer(  304): onScanSources
I/GenericSource(  304): GenericSource::getFormatMeta 1
I/AudioCache(  304): [notify] notify(0xf3e720c0, 5, 0, 0)
I/AudioCache(  304): [notify] notify(0xf3e720c0, 5, 0, 0)
I/MediaCodec(  304): [CreateByType]line:159 audio/raw
I/MediaCodec(  304): [onMessageReceived]line:1320 [][what=kWhatInit][state 0][msg='AMessage(what = 'init', target = 2132) = {
I/MediaCodec(  304):   string name = "audio/raw"
I/MediaCodec(  304):   int32_t nameIsType = 1
I/MediaCodec(  304):   int32_t encoder = 0
I/MediaCodec(  304):   int32_t replyID = 22180
I/MediaCodec(  304): }' ]
I/MediaCodec(  304): [onMessageReceived]line:963 [][what=kWhatComponentAllocated][state 1][msg='AMessage(what = 'codc', target = 2132) = {
I/MediaCodec(  304):   int32_t what = 1665231980
I/MediaCodec(  304):   string componentName = "OMX.google.raw.decoder"
I/MediaCodec(  304):   int32_t quirks = 0
I/MediaCodec(  304): }' ]
I/MediaCodec(  304): [CreateByType]line:166 audio/raw
I/MediaCodec(  304): Found 0 pieces of codec specific data.
E/OMXNodeInstance(  304): getParameter(17d:google.raw.decoder, ??(0x7f200406)) ERROR: UnsupportedIndex(0x8000101a)
I/MediaCodec(  304): [onMessageReceived]line:991 [OMX.google.raw.decoder][what=kWhatComponentConfigured][state 3][msg='AMessage(what = 'codc', target = 2132) = {
I/MediaCodec(  304):   int32_t what = 1665363822
I/MediaCodec(  304):   AMessage input-format = AMessage(what = 0x00000000) = {
I/MediaCodec(  304):                             int32_t support-partial-frame = 0
I/MediaCodec(  304):                             string mime = "audio/raw"
I/MediaCodec(  304):                             int32_t channel-count = 2
I/MediaCodec(  304):                             int32_t sample-rate = 11025
I/MediaCodec(  304):                             int32_t bit-width = 16
I/MediaCodec(  304):                           }
I/MediaCodec(  304):   AMessage output-format = AMessage(what = 'codc', target = 2132) = {
I/MediaCodec(  304):                              string mime = "audio/raw"
I/MediaCodec(  304):                              int32_t channel-count = 2
I/MediaCodec(  304):                              int32_t sample-rate = 11025
I/MediaCodec(  304):                              int32_t bit-width = 16
I/MediaCodec(  304):                            }
I/MediaCodec(  304): }' ]
I/MediaCodec(  304): [getOutputFormat]line:566 [OMX.google.raw.decoder]+++
I/NuPlayerDecoder(  304): mSupportsPartialFrames 0 
I/MediaCodec(  304): [start]line:367 [OMX.google.raw.decoder]+++
I/MediaCodec(  304): [onMessageReceived]line:1048 [OMX.google.raw.decoder][what=kWhatBuffersAllocated][state 5][msg='AMessage(what = 'codc', target = 2132) = {
I/MediaCodec(  304):   int32_t what = 1634495587
I/MediaCodec(  304):   int32_t portIndex = 0
I/MediaCodec(  304):   RefBase *portDesc = 0xee7fd8b0
I/MediaCodec(  304): }' ]
I/MediaCodec(  304): [onMessageReceived]line:1048 [OMX.google.raw.decoder][what=kWhatBuffersAllocated][state 5][msg='AMessage(what = 'codc', target = 2132) = {
I/MediaCodec(  304):   int32_t what = 1634495587
I/MediaCodec(  304):   int32_t portIndex = 1
I/MediaCodec(  304):   RefBase *portDesc = 0xee7fda30
I/MediaCodec(  304): }' ]
I/MediaCodec(  304): [getInputBuffers]line:609 [OMX.google.raw.decoder]+++
I/MediaCodec(  304): [getOutputBuffers]line:620 [OMX.google.raw.decoder]+++
I/MediaCodec(  304): codec output format changed mFlags 801
I/MediaCodec(  304): [getOutputFormat]line:566 [OMX.google.raw.decoder]+++
I/MediaCodec(  304): [onMessageReceived]line:1261 [OMX.google.raw.decoder][what=kWhatEOS][state 6] 
I/GenericSource(  304): GenericSource::getFormatMeta 0
I/AudioCache(  304): [open] open(11025, 2, 0x0, 1, 8)
I/NuPlayerDecoder(  304): [OMX.google.raw.decoder] EOS ,timeUs:0 ,size 0
I/AudioCache(  304): [notify] notify(0xf3e720c0, 6, 0, 0)
I/NuPlayerDecoder(  304): [handleAnOutputBuffer]line:655 [OMX.google.raw.decoder] EOS ,timeUs:0
I/NuPlayerRenderer(  304): [queueEOS]line:174 queueEOS audio:1
I/AudioCache(  304): [notify] notify(0xf3e720c0, 2, 0, 0)
I/AudioCache(  304): [notify] notify(0xf3e720c0, 8, 0, 0)
I/NuPlayer(  304): [resetAsync]line:439 mSource:1
I/GenericSource(  304): [disconnect]line:869 mDataSource:1, lock
I/MediaCodec(  304): [flush]line:680 [OMX.google.raw.decoder]+++
I/NuPlayerRenderer(  304): onflush audio 1 flag 0
I/NuPlayerRenderer(  304): [onFlush]line:1553 audiosink flush.
I/MediaCodec(  304): [onMessageReceived]line:1765 [OMX.google.raw.decoder][what=kWhatFlush][state 6][msg='AMessage(what = 'flus', target = 2132) = {
I/MediaCodec(  304):   int32_t replyID = 22211
I/MediaCodec(  304): }' ]
I/MediaCodec(  304): [onMessageReceived]line:1294 [OMX.google.raw.decoder][what=kWhatFlushCompleted][state 7][msg='AMessage(what = 'codc', target = 2132) = {
I/MediaCodec(  304):   int32_t what = 1717792621
I/MediaCodec(  304): }' ]
I/MediaCodec(  304): [release]line:383 [OMX.google.raw.decoder]+++
I/ACodec  (  304): freeBuffersOnPort portIndex 0
I/ACodec  (  304): freeBuffersOnPort portIndex 1
I/MediaCodec(  304): [onMessageReceived]line:1268 [OMX.google.raw.decoder][what=kWhatShutdownCompleted][state 10][msg='AMessage(what = 'codc', target = 2132) = {
I/MediaCodec(  304):   int32_t what = 1935896429
I/MediaCodec(  304): }' ]
I/MediaCodec(  304): [~MediaCodec]line:205 [][mState 0]+++
W/System.err(17308): SLF4J: Failed to load class "org.slf4j.impl.StaticLoggerBinder".
W/System.err(17308): SLF4J: Defaulting to no-operation (NOP) logger implementation
W/System.err(17308): SLF4J: See http://www.slf4j.org/codes.html#StaticLoggerBinder for further details.
I/NuPlayer(  304): [finishFlushIfPossible]line:1565 mFlushingAudio 5 ,mFlushingVideo 0
I/libPerfService(  881): 17: set freq: 1235000
I/libPerfService(  881): 17: set: 3
I/ActivityManager(  881): [AppLaunch] Displayed Displayed com.jieshun.jslife/.activity.common.LoadingActivity: +434ms (total +1s288ms)
I/WindowManager(  881): interceptKeyTq keycode=5 interactive=true keyguardActive=false policyFlags=2b000000 down =false canceled = false isWakeKey=false mVolumeDownKeyTriggered =false mVolumeUpKeyTriggered =false result = 1 useHapticFeedback = false isInjected = true result = 1
I/WindowManager(  881): interceptKeyTi keyCode=5 down=false repeatCount=0 keyguardOn=false mHomePressed=false canceled=false metaState:0
I/ActivityManager(  881): START u0 {cmp=com.jieshun.jslife/.activity.common.MainFragmentActivity} from uid 10102 on display 0 from pid 17308
I/libPerfService(  881): 15: set freq: 1300000
I/libPerfService(  881): 15: set: 6
D/libc-netbsd(17308): [getaddrinfo]: hostname=api.map.baidu.com; servname=(null); cache_mode=(null), netid=0; mark=0
D/libc-netbsd(17308): [getaddrinfo]: ai_addrlen=0; ai_canonname=(null); ai_flags=4; ai_family=0
D/libc-netbsd(17308): [getaddrinfo]: hostname=jsimp.jslife.com.cn; servname=(null); cache_mode=(null), netid=0; mark=0
D/libc-netbsd(17308): [getaddrinfo]: ai_addrlen=0; ai_canonname=(null); ai_flags=4; ai_family=0
D/libc-netbsd(17308): [getaddrinfo]: hostname=jsimp.jslife.com.cn; servname=(null); cache_mode=(null), netid=0; mark=0
D/libc-netbsd(17308): [getaddrinfo]: ai_addrlen=0; ai_canonname=(null); ai_flags=1024; ai_family=0
D/libc-netbsd(  299): [getaddrinfo]: hostname=jsimp.jslife.com.cn; servname=(null); cache_mode=local, netid=104; mark=917608
D/libc-netbsd(  299): [getaddrinfo]: ai_addrlen=0; ai_canonname=(null); ai_flags=1024; ai_family=0
D/libc-netbsd(  299): default dns: query_ipv6=0, query_ipv4=1
D/libc-netbsd(  299): res_queryN name = jsimp.jslife.com.cn, class = 1, type = 1
D/libc-netbsd(  299): netid=104, dns0:202.96.134.33
I/WindowManager(  881): Losing focus: Window{20ca1880 u0 com.jieshun.jslife/com.jieshun.jslife.activity.common.LoadingActivity}
D/libc-netbsd(  299): netid=104, dns1:202.96.128.86
D/libc-netbsd(  299): netid=104, dns2:8.8.8.8
I/ViewRootImpl(17308): WindowInputEventReceiver onInputEvent!! KeyCode is 5, action is 0
I/ViewRootImpl(17308): WindowInputEventReceiver onInputEvent!! KeyCode is 5, action is 1
I/Utils   (  304): GetMimeType : fourcc 0x1
I/Utils   (  304): GetMimeType : fourcc 0x1
I/WAVExtractorExt(  304): WAV : mime audio/raw channel 2 samplerate 11025 bps 16 br 353188 dur 907029
I/Utils   (  304): GetMimeType : fourcc 0x1
I/libPerfService(  881): perfSetFavorPid - pid:17308, 439c
I/Utils   (  304): GetMimeType : fourcc 0x1
I/Utils   (  304): GetMimeType : fourcc 0x1
I/WAVExtractorExt(  304): WAV : mime audio/raw channel 2 samplerate 11025 bps 16 br 353188 dur 907029
I/GenericSource(  304): GenericSource::getFormatMeta 0
I/AudioCache(  304): [notify] notify(0xf3e079c0, 1, 0, 0)
I/GenericSource(  304): start
I/GenericSource(  304): GenericSource::getFormatMeta 1
I/GenericSource(  304): GenericSource::getFormatMeta 0
W/ADB_SERVICES(16908): create_local_service_socket() name=shell:ps
W/ADB_SERVICES(16908): service_to_fd() name=shell:ps
I/AudioPolicyManager(  304): isOffloadSupported: SR=11025, CM=0x3, Format=0x1, StreamType=-1, BitRate=353188, duration=907029 us, has_video=0
I/NuPlayerRenderer(  304): sFrameAVsyncByVFS 1
E/NuPlayer(  304): onScanSources
I/GenericSource(  304): GenericSource::getFormatMeta 1
W/ADB_SERVICES(16908): read_meminfo() mem_free=40620
I/AudioCache(  304): [notify] notify(0xf3e079c0, 5, 0, 0)
I/AudioCache(  304): [notify] notify(0xf3e079c0, 5, 0, 0)
W/ADB_SERVICES(16908): create_subproc ret_fd=22 pid=17408
W/ADB_SERVICES(16908): LS(1983): bound to 'shell:ps' via 22
I/MediaCodec(  304): [CreateByType]line:159 audio/raw
I/MediaCodec(  304): [onMessageReceived]line:1320 [][what=kWhatInit][state 0][msg='AMessage(what = 'init', target = 2137) = {
I/MediaCodec(  304):   string name = "audio/raw"
I/MediaCodec(  304):   int32_t nameIsType = 1
I/MediaCodec(  304):   int32_t encoder = 0
I/MediaCodec(  304):   int32_t replyID = 22217
I/MediaCodec(  304): }' ]
I/MediaCodec(  304): [onMessageReceived]line:963 [][what=kWhatComponentAllocated][state 1][msg='AMessage(what = 'codc', target = 2137) = {
I/MediaCodec(  304):   int32_t what = 1665231980
I/MediaCodec(  304):   string componentName = "OMX.google.raw.decoder"
I/MediaCodec(  304):   int32_t quirks = 0
I/MediaCodec(  304): }' ]
W/ADB_SERVICES(17408): adb: unable to update oom_score_adj
I/MediaCodec(  304): [CreateByType]line:166 audio/raw
I/MediaCodec(  304): Found 0 pieces of codec specific data.
E/OMXNodeInstance(  304): getParameter(17e:google.raw.decoder, ??(0x7f200406)) ERROR: UnsupportedIndex(0x8000101a)
I/MediaCodec(  304): [onMessageReceived]line:991 [OMX.google.raw.decoder][what=kWhatComponentConfigured][state 3][msg='AMessage(what = 'codc', target = 2137) = {
I/MediaCodec(  304):   int32_t what = 1665363822
I/MediaCodec(  304):   AMessage input-format = AMessage(what = 0x00000000) = {
I/MediaCodec(  304):                             int32_t support-partial-frame = 0
I/MediaCodec(  304):                             string mime = "audio/raw"
I/MediaCodec(  304):                             int32_t channel-count = 2
I/MediaCodec(  304):                             int32_t sample-rate = 11025
I/MediaCodec(  304):                             int32_t bit-width = 16
I/MediaCodec(  304):                           }
I/MediaCodec(  304):   AMessage output-format = AMessage(what = 'codc', target = 2137) = {
I/MediaCodec(  304):                              string mime = "audio/raw"
I/MediaCodec(  304):                              int32_t channel-count = 2
I/MediaCodec(  304):                              int32_t sample-rate = 11025
I/MediaCodec(  304):                              int32_t bit-width = 16
I/MediaCodec(  304):                            }
I/MediaCodec(  304): }' ]
I/MediaCodec(  304): [getOutputFormat]line:566 [OMX.google.raw.decoder]+++
I/NuPlayerDecoder(  304): mSupportsPartialFrames 0 
I/MediaCodec(  304): [start]line:367 [OMX.google.raw.decoder]+++
I/MediaCodec(  304): [onMessageReceived]line:1048 [OMX.google.raw.decoder][what=kWhatBuffersAllocated][state 5][msg='AMessage(what = 'codc', target = 2137) = {
I/MediaCodec(  304):   int32_t what = 1634495587
I/MediaCodec(  304):   int32_t portIndex = 0
I/MediaCodec(  304):   RefBase *portDesc = 0xee7fd8b0
I/MediaCodec(  304): }' ]
I/MediaCodec(  304): [onMessageReceived]line:1048 [OMX.google.raw.decoder][what=kWhatBuffersAllocated][state 5][msg='AMessage(what = 'codc', target = 2137) = {
I/MediaCodec(  304):   int32_t what = 1634495587
I/MediaCodec(  304):   int32_t portIndex = 1
I/MediaCodec(  304):   RefBase *portDesc = 0xee7fda30
I/MediaCodec(  304): }' ]
I/MediaCodec(  304): [getInputBuffers]line:609 [OMX.google.raw.decoder]+++
I/MediaCodec(  304): [getOutputBuffers]line:620 [OMX.google.raw.decoder]+++
I/MediaCodec(  304): codec output format changed mFlags 801
I/MediaCodec(  304): [onMessageReceived]line:1261 [OMX.google.raw.decoder][what=kWhatEOS][state 6] 
I/MediaCodec(  304): [getOutputFormat]line:566 [OMX.google.raw.decoder]+++
I/GenericSource(  304): GenericSource::getFormatMeta 0
I/AudioCache(  304): [open] open(11025, 2, 0x0, 1, 8)
I/AudioCache(  304): [notify] notify(0xf3e079c0, 6, 0, 0)
I/NuPlayerDecoder(  304): [OMX.google.raw.decoder] EOS ,timeUs:0 ,size 0
I/NuPlayerDecoder(  304): [handleAnOutputBuffer]line:655 [OMX.google.raw.decoder] EOS ,timeUs:0
I/NuPlayerRenderer(  304): [queueEOS]line:174 queueEOS audio:1
I/AudioCache(  304): [notify] notify(0xf3e079c0, 2, 0, 0)
I/AudioCache(  304): [notify] notify(0xf3e079c0, 8, 0, 0)
I/NuPlayer(  304): [resetAsync]line:439 mSource:1
I/GenericSource(  304): [disconnect]line:869 mDataSource:1, lock
I/MediaCodec(  304): [flush]line:680 [OMX.google.raw.decoder]+++
I/NuPlayerRenderer(  304): onflush audio 1 flag 0
I/NuPlayerRenderer(  304): [onFlush]line:1553 audiosink flush.
I/MediaCodec(  304): [onMessageReceived]line:1765 [OMX.google.raw.decoder][what=kWhatFlush][state 6][msg='AMessage(what = 'flus', target = 2137) = {
I/MediaCodec(  304):   int32_t replyID = 22246
I/MediaCodec(  304): }' ]
I/MediaCodec(  304): [onMessageReceived]line:1294 [OMX.google.raw.decoder][what=kWhatFlushCompleted][state 7][msg='AMessage(what = 'codc', target = 2137) = {
I/MediaCodec(  304):   int32_t what = 1717792621
I/MediaCodec(  304): }' ]
I/MediaCodec(  304): [release]line:383 [OMX.google.raw.decoder]+++
I/ACodec  (  304): freeBuffersOnPort portIndex 0
I/ACodec  (  304): freeBuffersOnPort portIndex 1
I/MediaCodec(  304): [onMessageReceived]line:1268 [OMX.google.raw.decoder][what=kWhatShutdownCompleted][state 10][msg='AMessage(what = 'codc', target = 2137) = {
I/MediaCodec(  304):   int32_t what = 1935896429
I/MediaCodec(  304): }' ]
I/MediaCodec(  304): [~MediaCodec]line:205 [][mState 0]+++
I/NuPlayer(  304): [finishFlushIfPossible]line:1565 mFlushingAudio 5 ,mFlushingVideo 0
I/MediaPlayerService(  304): [decode] decode(40, 31662524, 50044)
E/DrmMtkUtil/DrmUtil(  304): checkDcf: not dcf type, dcf version value [80]
E/Cta5File(  304): Cta5File::isCta5NormalFile false, bad magic:PK
E/Cta5File(  304): Cta5File::isCta5MultimediaFile false, bad magic:
E/DrmMtkUtil/DrmUtil(  304): checkDcf: not dcf type, dcf version value [80]
I/NuPlayer(  304): disable trackId:0
I/GenericSource(  304): GenericSource::initCheck
E/DrmCtaPlugIn(  303): [ERROR]onOpenDecryptSession - The key is not set by user
E/DrmMtkUtil/DrmUtil(  303): parseDcf: not dcf type, dcf version value [80]
E/DrmMtkPlugIn(  303): onOpenDecryptSession() : failed to parse dcf file.
W/ADB_SERVICES(16908): entered. LS(1983) fd=22
W/ADB_SERVICES(16908): create_local_service_socket() name=shell:cat /proc/cpuinfo
W/ADB_SERVICES(16908): service_to_fd() name=shell:cat /proc/cpuinfo
W/ADB_SERVICES(16908): read_meminfo() mem_free=38728
W/ADB_SERVICES(16908): create_subproc ret_fd=22 pid=17414
W/ADB_SERVICES(16908): LS(1984): bound to 'shell:cat /proc/cpuinfo' via 22
W/ADB_SERVICES(17414): adb: unable to update oom_score_adj
W/ADB_SERVICES(16908): entered. LS(1984) fd=22
W/ADB_SERVICES(16908): create_local_service_socket() name=shell:dumpsys battery
W/ADB_SERVICES(16908): service_to_fd() name=shell:dumpsys battery
W/ADB_SERVICES(16908): read_meminfo() mem_free=38372
W/ADB_SERVICES(16908): create_subproc ret_fd=22 pid=17415
W/ADB_SERVICES(16908): LS(1985): bound to 'shell:dumpsys battery' via 22
I/libPerfService(  881): perfSetFavorPid - pid:0, 0
W/ADB_SERVICES(17415): adb: unable to update oom_score_adj
E/PhoneInterfaceManager( 1581): [PhoneIntfMgr] getIccId: ICC ID is null or empty.
I/System.out(17308): open:http://alog.umeng.com/app_logs
D/libc-netbsd(17308): [getaddrinfo]: hostname=alog.umeng.com; servname=(null); cache_mode=(null), netid=0; mark=0
D/libc-netbsd(17308): [getaddrinfo]: ai_addrlen=0; ai_canonname=(null); ai_flags=4; ai_family=0
D/libc-netbsd(17308): [getaddrinfo]: hostname=alog.umeng.com; servname=(null); cache_mode=(null), netid=0; mark=0
D/libc-netbsd(17308): [getaddrinfo]: ai_addrlen=0; ai_canonname=(null); ai_flags=1024; ai_family=0
D/libc-netbsd(  299): [getaddrinfo]: hostname=alog.umeng.com; servname=(null); cache_mode=local, netid=104; mark=917608
D/libc-netbsd(  299): [getaddrinfo]: ai_addrlen=0; ai_canonname=(null); ai_flags=1024; ai_family=0
D/libc-netbsd(  299): default dns: query_ipv6=0, query_ipv4=1
D/libc-netbsd(  299): res_queryN name = alog.umeng.com, class = 1, type = 1
D/libc-netbsd(  299): res_queryN name = alog.umeng.com succeed
D/libc-netbsd(17308): getaddrinfo: alog.umeng.com get result from proxy >>
I/System.out(17308): propertyValue:true
I/System.out(17308): [CDS]connect[alog.umeng.com/106.11.250.139:80] tm:10
W/ADB_SERVICES(16908): entered. LS(1985) fd=22
I/Utils   (  304): GetMimeType : fourcc 0x1
I/Utils   (  304): GetMimeType : fourcc 0x1
I/WAVExtractorExt(  304): WAV : mime audio/raw channel 2 samplerate 11025 bps 16 br 353110 dur 1133786
I/Utils   (  304): GetMimeType : fourcc 0x1
I/Utils   (  304): GetMimeType : fourcc 0x1
I/Utils   (  304): GetMimeType : fourcc 0x1
I/WAVExtractorExt(  304): WAV : mime audio/raw channel 2 samplerate 11025 bps 16 br 353110 dur 1133786
I/GenericSource(  304): GenericSource::getFormatMeta 0
I/AudioCache(  304): [notify] notify(0xf3c74980, 1, 0, 0)
I/GenericSource(  304): start
I/GenericSource(  304): GenericSource::getFormatMeta 1
I/GenericSource(  304): GenericSource::getFormatMeta 0
I/AudioPolicyManager(  304): isOffloadSupported: SR=11025, CM=0x3, Format=0x1, StreamType=-1, BitRate=353110, duration=1133786 us, has_video=0
I/NuPlayerRenderer(  304): sFrameAVsyncByVFS 1
E/NuPlayer(  304): onScanSources
I/GenericSource(  304): GenericSource::getFormatMeta 1
I/AudioCache(  304): [notify] notify(0xf3c74980, 5, 0, 0)
I/AudioCache(  304): [notify] notify(0xf3c74980, 5, 0, 0)
I/MediaCodec(  304): [CreateByType]line:159 audio/raw
I/MediaCodec(  304): [onMessageReceived]line:1320 [][what=kWhatInit][state 0][msg='AMessage(what = 'init', target = 2144) = {
I/MediaCodec(  304):   string name = "audio/raw"
I/MediaCodec(  304):   int32_t nameIsType = 1
I/MediaCodec(  304):   int32_t encoder = 0
I/MediaCodec(  304):   int32_t replyID = 22252
I/MediaCodec(  304): }' ]
I/MediaCodec(  304): [onMessageReceived]line:963 [][what=kWhatComponentAllocated][state 1][msg='AMessage(what = 'codc', target = 2144) = {
I/MediaCodec(  304):   int32_t what = 1665231980
I/MediaCodec(  304):   string componentName = "OMX.google.raw.decoder"
I/MediaCodec(  304):   int32_t quirks = 0
I/MediaCodec(  304): }' ]
I/MediaCodec(  304): [CreateByType]line:166 audio/raw
I/MediaCodec(  304): Found 0 pieces of codec specific data.
E/OMXNodeInstance(  304): getParameter(17f:google.raw.decoder, ??(0x7f200406)) ERROR: UnsupportedIndex(0x8000101a)
I/MediaCodec(  304): [onMessageReceived]line:991 [OMX.google.raw.decoder][what=kWhatComponentConfigured][state 3][msg='AMessage(what = 'codc', target = 2144) = {
I/MediaCodec(  304):   int32_t what = 1665363822
I/MediaCodec(  304):   AMessage input-format = AMessage(what = 0x00000000) = {
I/MediaCodec(  304):                             int32_t support-partial-frame = 0
I/MediaCodec(  304):                             string mime = "audio/raw"
I/MediaCodec(  304):                             int32_t channel-count = 2
I/MediaCodec(  304):                             int32_t sample-rate = 11025
I/MediaCodec(  304):                             int32_t bit-width = 16
I/MediaCodec(  304):                           }
I/MediaCodec(  304):   AMessage output-format = AMessage(what = 'codc', target = 2144) = {
I/MediaCodec(  304):                              string mime = "audio/raw"
I/MediaCodec(  304):                              int32_t channel-count = 2
I/MediaCodec(  304):                              int32_t sample-rate = 11025
I/MediaCodec(  304):                              int32_t bit-width = 16
I/MediaCodec(  304):                            }
I/MediaCodec(  304): }' ]
I/MediaCodec(  304): [getOutputFormat]line:566 [OMX.google.raw.decoder]+++
I/NuPlayerDecoder(  304): mSupportsPartialFrames 0 
I/MediaCodec(  304): [start]line:367 [OMX.google.raw.decoder]+++
D/libc-netbsd(  299): res_queryN name = jsimp.jslife.com.cn succeed
D/libc-netbsd(17308): getaddrinfo: jsimp.jslife.com.cn get result from proxy >>
I/System.out(17308): propertyValue:true
I/MediaCodec(  304): [onMessageReceived]line:1048 [OMX.google.raw.decoder][what=kWhatBuffersAllocated][state 5][msg='AMessage(what = 'codc', target = 2144) = {
I/MediaCodec(  304):   int32_t what = 1634495587
I/MediaCodec(  304):   int32_t portIndex = 0
I/MediaCodec(  304):   RefBase *portDesc = 0xee7fd880
I/MediaCodec(  304): }' ]
I/MediaCodec(  304): [onMessageReceived]line:1048 [OMX.google.raw.decoder][what=kWhatBuffersAllocated][state 5][msg='AMessage(what = 'codc', target = 2144) = {
I/MediaCodec(  304):   int32_t what = 1634495587
I/MediaCodec(  304):   int32_t portIndex = 1
I/MediaCodec(  304):   RefBase *portDesc = 0xee7fda00
I/MediaCodec(  304): }' ]
I/MediaCodec(  304): [getInputBuffers]line:609 [OMX.google.raw.decoder]+++
I/MediaCodec(  304): [getOutputBuffers]line:620 [OMX.google.raw.decoder]+++
I/System.out(17308): [CDS]connect[jsimp.jslife.com.cn/112.74.43.206:7608] tm:90
I/MediaCodec(  304): codec output format changed mFlags 801
I/MediaCodec(  304): [onMessageReceived]line:1261 [OMX.google.raw.decoder][what=kWhatEOS][state 6] 
I/MediaCodec(  304): [getOutputFormat]line:566 [OMX.google.raw.decoder]+++
I/GenericSource(  304): GenericSource::getFormatMeta 0
I/AudioCache(  304): [open] open(11025, 2, 0x0, 1, 8)
I/AudioCache(  304): [notify] notify(0xf3c74980, 6, 0, 0)
I/NuPlayerDecoder(  304): [OMX.google.raw.decoder] EOS ,timeUs:0 ,size 0
I/NuPlayerDecoder(  304): [handleAnOutputBuffer]line:655 [OMX.google.raw.decoder] EOS ,timeUs:0
I/NuPlayerRenderer(  304): [queueEOS]line:174 queueEOS audio:1
I/AudioCache(  304): [notify] notify(0xf3c74980, 2, 0, 0)
I/AudioCache(  304): [notify] notify(0xf3c74980, 8, 0, 0)
I/NuPlayer(  304): [resetAsync]line:439 mSource:1
I/GenericSource(  304): [disconnect]line:869 mDataSource:1, lock
I/MediaCodec(  304): [flush]line:680 [OMX.google.raw.decoder]+++
I/NuPlayerRenderer(  304): onflush audio 1 flag 0
I/NuPlayerRenderer(  304): [onFlush]line:1553 audiosink flush.
I/MediaCodec(  304): [onMessageReceived]line:1765 [OMX.google.raw.decoder][what=kWhatFlush][state 6][msg='AMessage(what = 'flus', target = 2144) = {
I/MediaCodec(  304):   int32_t replyID = 22283
I/MediaCodec(  304): }' ]
I/MediaCodec(  304): [onMessageReceived]line:1294 [OMX.google.raw.decoder][what=kWhatFlushCompleted][state 7][msg='AMessage(what = 'codc', target = 2144) = {
I/MediaCodec(  304):   int32_t what = 1717792621
I/MediaCodec(  304): }' ]
I/MediaCodec(  304): [release]line:383 [OMX.google.raw.decoder]+++
I/ACodec  (  304): freeBuffersOnPort portIndex 0
I/ACodec  (  304): freeBuffersOnPort portIndex 1
D/libc-netbsd(17308): [getaddrinfo]: hostname=jsh.jslife.com.cn; servname=(null); cache_mode=(null), netid=0; mark=0
D/libc-netbsd(17308): [getaddrinfo]: ai_addrlen=0; ai_canonname=(null); ai_flags=4; ai_family=0
I/MediaCodec(  304): [onMessageReceived]line:1268 [OMX.google.raw.decoder][what=kWhatShutdownCompleted][state 10][msg='AMessage(what = 'codc', target = 2144) = {
I/MediaCodec(  304):   int32_t what = 1935896429
I/MediaCodec(  304): }' ]
D/libc-netbsd(17308): [getaddrinfo]: hostname=jsh.jslife.com.cn; servname=(null); cache_mode=(null), netid=0; mark=0
D/libc-netbsd(17308): [getaddrinfo]: ai_addrlen=0; ai_canonname=(null); ai_flags=1024; ai_family=0
I/MediaCodec(  304): [~MediaCodec]line:205 [][mState 0]+++
D/libc-netbsd(  299): [getaddrinfo]: hostname=jsh.jslife.com.cn; servname=(null); cache_mode=local, netid=104; mark=917608
D/libc-netbsd(  299): [getaddrinfo]: ai_addrlen=0; ai_canonname=(null); ai_flags=1024; ai_family=0
I/NuPlayer(  304): [finishFlushIfPossible]line:1565 mFlushingAudio 5 ,mFlushingVideo 0
D/libc-netbsd(  299): default dns: query_ipv6=0, query_ipv4=1
D/libc-netbsd(  299): res_queryN name = jsh.jslife.com.cn, class = 1, type = 1
D/libc-netbsd(  299): netid=104, dns0:202.96.134.33
D/libc-netbsd(  299): netid=104, dns1:202.96.128.86
D/libc-netbsd(  299): netid=104, dns2:8.8.8.8
D/libc-netbsd(17308): [getaddrinfo]: hostname=jsh.jslife.com.cn; servname=(null); cache_mode=(null), netid=0; mark=0
D/libc-netbsd(17308): [getaddrinfo]: ai_addrlen=0; ai_canonname=(null); ai_flags=4; ai_family=0
D/libc-netbsd(17308): [getaddrinfo]: hostname=jsh.jslife.com.cn; servname=(null); cache_mode=(null), netid=0; mark=0
D/libc-netbsd(17308): [getaddrinfo]: ai_addrlen=0; ai_canonname=(null); ai_flags=1024; ai_family=0
D/libc-netbsd(  299): [getaddrinfo]: hostname=jsh.jslife.com.cn; servname=(null); cache_mode=local, netid=104; mark=917608
D/libc-netbsd(  299): [getaddrinfo]: ai_addrlen=0; ai_canonname=(null); ai_flags=1024; ai_family=0
D/libc-netbsd(  299): default dns: query_ipv6=0, query_ipv4=1
D/libc-netbsd(  299): res_queryN name = jsh.jslife.com.cn, class = 1, type = 1
D/libc-netbsd(  299): netid=104, dns0:202.96.134.33
D/libc-netbsd(  299): netid=104, dns1:202.96.128.86
D/libc-netbsd(  299): netid=104, dns2:8.8.8.8
I/libPerfService(  881): perfSetFavorPid - pid:17308, 439c
I/com.jieshun.jslife.activity.common.MainFragmentActivity(17308): onResume()======
I/MobclickAgent(17308): Extend current session: C4AB89AB9317016F58D896F36CC85281
I/thermal_repeater(  322): oh, queryMdThermalInfo (0)Bad file number
I/thermal_repeater(  322): [recvMdThermalInfo] ret=25, strLen=127,  1, 32767,,, -1, 32767, 2
I/System.out(17308): [OkHttp] sendRequest>>
I/System.out(17308): [OkHttp] sendRequest<<
I/libPerfService(  881): 15: set: 3
I/libPerfService(  881): 15: set freq: 1235000
I/libPerfService(  881): 15: set gpu level: 0
D/libc-netbsd(17308): [getaddrinfo]: hostname=hdwg.jieshunpay.cn; servname=(null); cache_mode=(null), netid=0; mark=0
D/libc-netbsd(17308): [getaddrinfo]: ai_addrlen=0; ai_canonname=(null); ai_flags=4; ai_family=0
D/libc-netbsd(17308): [getaddrinfo]: hostname=hdwg.jieshunpay.cn; servname=(null); cache_mode=(null), netid=0; mark=0
D/libc-netbsd(17308): [getaddrinfo]: ai_addrlen=0; ai_canonname=(null); ai_flags=1024; ai_family=0
D/libc-netbsd(  299): [getaddrinfo]: hostname=hdwg.jieshunpay.cn; servname=(null); cache_mode=local, netid=104; mark=917608
D/libc-netbsd(  299): [getaddrinfo]: ai_addrlen=0; ai_canonname=(null); ai_flags=1024; ai_family=0
D/libc-netbsd(  299): default dns: query_ipv6=0, query_ipv4=1
D/libc-netbsd(  299): res_queryN name = hdwg.jieshunpay.cn, class = 1, type = 1
D/libc-netbsd(  299): netid=104, dns0:202.96.134.33
D/libc-netbsd(  299): netid=104, dns1:202.96.128.86
D/libc-netbsd(  299): netid=104, dns2:8.8.8.8
E/NativeCrypto(17308): ssl=0xef03fe00 cert_verify_callback x509_store_ctx=0xdf383d50 arg=0x0
E/NativeCrypto(17308): ssl=0xef03fe00 cert_verify_callback calling verifyCertificateChain authMethod=ECDHE_RSA
D/libc-netbsd(  299): res_queryN name = jsh.jslife.com.cn succeed
D/libc-netbsd(17308): getaddrinfo: jsh.jslife.com.cn get result from proxy >>
I/System.out(17308): propertyValue:true
I/System.out(17308): [CDS]connect[jsh.jslife.com.cn/39.108.207.79:80] tm:20
D/libc-netbsd(17308): [getaddrinfo]: hostname=jsh.jslife.com.cn; servname=(null); cache_mode=(null), netid=0; mark=0
W/FragmentManager(17308): moveToState: Fragment state for UserHomeFragment{371d18c #0 id=0x7f1002d6 android:switcher:2131755734:4} not updated inline; expected state 3 found 2
D/libc-netbsd(17308): [getaddrinfo]: ai_addrlen=0; ai_canonname=(null); ai_flags=4; ai_family=0
I/System.out(17308): [CDS]connect[jsh.jslife.com.cn/39.108.207.79:80] tm:20
D/libc-netbsd(  299): res_queryN name = jsh.jslife.com.cn succeed
D/libc-netbsd(17308): getaddrinfo: jsh.jslife.com.cn get result from proxy >>
I/System.out(17308): propertyValue:true
I/System.out(17308): [CDS]connect[jsh.jslife.com.cn/39.108.207.79:80] tm:20
I/com.jieshun.jslife.activity.homepage.HomePageFragment(17308): ===========
D/libc-netbsd(17308): [getaddrinfo]: hostname=jsh.jslife.com.cn; servname=(null); cache_mode=(null), netid=0; mark=0
D/libc-netbsd(17308): [getaddrinfo]: ai_addrlen=0; ai_canonname=(null); ai_flags=4; ai_family=0
I/System.out(17308): [CDS]connect[jsh.jslife.com.cn/39.108.207.79:80] tm:20
D/libc-netbsd(  299): res_queryN name = hdwg.jieshunpay.cn succeed
D/libc-netbsd(17308): getaddrinfo: hdwg.jieshunpay.cn get result from proxy >>
I/System.out(17308): propertyValue:true
I/System.out(17308): [CDS]connect[hdwg.jieshunpay.cn/14.215.135.104:8120] tm:10
E/Vold    (  275): Failed to find mounted volume for /storage/sdcard1/Android/data/com.jieshun.jslife/files/
W/Vold    (  275): Returning OperationFailed - no handler for errno 0
W/ContextImpl(17308): Failed to ensure directory: /storage/sdcard1/Android/data/com.jieshun.jslife/files
W/ActivityManager(  881): getRunningAppProcesses: caller 10102 does not hold REAL_GET_TASKS; limiting output
W/recents.Component( 1045): create a new LoadPlan to load thumbnail -- background
W/ActivityManager(  881): getRunningAppProcesses: caller 10102 does not hold REAL_GET_TASKS; limiting output
W/recents.Performance( 1045): preload while task Change spend : 3
W/ActivityManager(  881): getRunningAppProcesses: caller 10102 does not hold REAL_GET_TASKS; limiting output
W/ActivityManager(  881): getRunningAppProcesses: caller 10102 does not hold REAL_GET_TASKS; limiting output
D/libc-netbsd(17308): [getaddrinfo]: hostname=vectormap0.bdimg.com; servname=80; cache_mode=(null), netid=0; mark=0
D/libc-netbsd(17308): [getaddrinfo]: ai_addrlen=0; ai_canonname=(null); ai_flags=0; ai_family=0
D/libc-netbsd(  299): [getaddrinfo]: hostname=vectormap0.bdimg.com; servname=80; cache_mode=local, netid=104; mark=917608
D/libc-netbsd(  299): [getaddrinfo]: ai_addrlen=0; ai_canonname=(null); ai_flags=0; ai_family=0
D/libc-netbsd(  299): res_queryN name = vectormap0.bdimg.com, class = 1, type = 28
D/libc-netbsd(  299): netid=104, dns0:202.96.134.33
D/libc-netbsd(  299): netid=104, dns1:202.96.128.86
D/libc-netbsd(  299): netid=104, dns2:8.8.8.8
I/MobclickAgent(17308): Send message to http://alog.umeng.com/app_logs
I/System.out(17308): gba_cipher_suite:TLS_ECDHE_RSA_WITH_AES_128_GCM_SHA256
I/System.out(17308): Close in OkHttp
I/System.out(17308): [CDS]close[40076]
I/NetworkManagementSocketTagger(17308): untagSocket(72)
I/System.out(17308): [OkHttp] sendRequest>>
I/System.out(17308): [OkHttp] sendRequest<<
I/MobclickAgent(17308): send log:succeed
D/libc-netbsd(  299): netid=104, dns0:202.96.134.33
D/libc-netbsd(  299): netid=104, dns1:202.96.128.86
D/libc-netbsd(  299): netid=104, dns2:8.8.8.8
I/libPerfService(  881): perfSetFavorPid - pid:0, 0
I/SurfaceFlinger(  276): [Built-in Screen (type:0)] fps:24.127394,dur:1409.19,max:834.89,min:13.98
D/libc-netbsd(  299): res_queryN name = vectormap0.bdimg.com, class = 1, type = 1
D/libc-netbsd(  299): netid=104, dns0:202.96.134.33
D/libc-netbsd(  299): netid=104, dns1:202.96.128.86
D/libc-netbsd(  299): netid=104, dns2:8.8.8.8
I/NetworkManagementSocketTagger(17308): untagSocket(37)
W/ActivityManager(  881): getRunningAppProcesses: caller 10102 does not hold REAL_GET_TASKS; limiting output
I/GLSurfaceView(17308): setRenderer(), this = com.baidu.platform.comapi.map.j{3ada58bc V.E..... ......I. 0,0-0,0}
I/GLSurfaceView(17308): setRenderMode = 1, this = com.baidu.platform.comapi.map.j{3ada58bc V.E..... ......I. 0,0-0,0}
I/SensorHAL(  881): Dev Batch, handle: 15, name: iNemoEngine Orientation Sensor
I/SensorHAL(  881): Dev Active, handle: 15, name: iNemoEngine Orientation Sensor, enable: 1.
I/SensorHAL(  881): SensorBase::Enable. name: iNemoEngine Orientation Sensor, enable: 1
I/SensorHAL(  881): SensorBase::Enable. name: Accel-Magn-Gyro Fusion 9X, enable: 1
I/SensorHAL(  881): SensorBase::Enable. name: LSM6DS3 Accelerometer Sensor, enable: 1
I/SensorHAL(  881): HWSensorBase::Enable, handle: 13, name: lsm6ds3_accel, enable: 1
E/SensorHAL(  881): Magnetometer::Enable 1
I/SensorHAL(  881): SensorBase::Enable. name: ST480 Magnetometer Sensor, enable: 1
I/SensorHAL(  881): SensorBase::Enable. name: LSM6DS3 Accelerometer Sensor, enable: 1
I/SensorHAL(  881): HWSensorBase::Enable, handle: 10, name: lsm6ds3_accel, enable: 1
I/SensorHAL(  881): SensorBase::Enable. name: LSM6DS3 Gyroscope Sensor, enable: 1
I/SensorHAL(  881): SensorBase::Enable. name: LSM6DS3 Accelerometer Sensor, enable: 1
I/SensorHAL(  881): HWSensorBase::Enable, handle: 5, name: lsm6ds3_accel, enable: 1
I/SensorHAL(  881): HWSensorBase::Enable, handle: 10, name: lsm6ds3_gyro, enable: 1
I/SensorHAL(  881): HWSensorBase::Enable, handle: 13, name: lsm6ds3_magn, enable: 1
E/SensorHAL(  881): AKMD_Start .
I/SensorHAL(  881): SensorBase::Enable. name: ST480 Magnetometer Sensor, enable: 1
I/SensorHAL(  881): HWSensorBase::Enable, handle: 13, name: lsm6ds3_magn, enable: 1
I/SensorHAL(  881): SensorBase::Enable. name: LSM6DS3 Gyroscope Sensor, enable: 1
I/SensorHAL(  881): HWSensorBase::Enable, handle: 13, name: lsm6ds3_gyro, enable: 1
I/SurfaceView(17308): updateWindow -- onWindowVisibilityChanged, visibility = 0, this = com.baidu.platform.comapi.map.j{3ada58bc V.E..... ......I. 0,0-0,0}
W/FragmentManager(17308): moveToState: Fragment state for JSParkingFragment{1b9d64ae #2 id=0x7f1002d6 android:switcher:2131755734:1} not updated inline; expected state 3 found 2
I/libPerfService(  881): 17: set: 1
I/libPerfService(  881): 17: set freq: 0
I/libPerfService(  881): 17: set gpu level: 0
I/libPerfService(  881): 7: set: 1
I/libPerfService(  881): 7: set freq: 0
W/Resources(17308): Converting to float: TypedValue{t=0x3/d=0xd "1f" a=-1}
W/Resources(17308): Converting to float: TypedValue{t=0x3/d=0xe "0.5f" a=-1}
W/Resources(17308): Converting to float: TypedValue{t=0x3/d=0xd "1f" a=-1}
W/Resources(17308): Converting to float: TypedValue{t=0x3/d=0xe "0.5f" a=-1}
W/Resources(17308): Converting to float: TypedValue{t=0x3/d=0xd "0.5f" a=-1}
W/Resources(17308): Converting to float: TypedValue{t=0x3/d=0xe "1.0f" a=-1}
W/Resources(17308): Converting to float: TypedValue{t=0x3/d=0xd "0.5f" a=-1}
W/Resources(17308): Converting to float: TypedValue{t=0x3/d=0xe "1.0f" a=-1}
W/Resources(17308): Converting to float: TypedValue{t=0x3/d=0xb "1f" a=-1}
W/Resources(17308): Converting to float: TypedValue{t=0x3/d=0xb "1f" a=-1}
W/Resources(17308): Converting to float: TypedValue{t=0x3/d=0xb "1f" a=-1}
W/Resources(17308): Converting to float: TypedValue{t=0x3/d=0xb "1f" a=-1}
W/FragmentManager(17308): moveToState: Fragment state for OpenDoorMainFragment{3049cd10 #3 id=0x7f1002d6 android:switcher:2131755734:2} not updated inline; expected state 3 found 2
W/FragmentManager(17308): moveToState: Fragment state for MiniCommunityFragment{29bdc350 #4 id=0x7f1002d6 android:switcher:2131755734:3} not updated inline; expected state 3 found 2
D/libc-netbsd(  299): res_queryN name = vectormap0.bdimg.com succeed
D/libc-netbsd(17308): getaddrinfo: vectormap0.bdimg.com get result from proxy >>
W/ActivityManager(  881): getRunningAppProcesses: caller 10102 does not hold REAL_GET_TASKS; limiting output
I/System.out(17308): [CDS]EAGAIN in Recvfrom
I/System.out(17308): [CDS]read byte is 0
I/GLSurfaceView(17308): setRenderMode = 1, this = com.baidu.platform.comapi.map.j{3ada58bc V.E..... ......I. 0,0-0,0}
W/ActivityManager(  881): getRunningAppProcesses: caller 10102 does not hold REAL_GET_TASKS; limiting output
W/ActivityManager(  881): getRunningAppProcesses: caller 10102 does not hold REAL_GET_TASKS; limiting output
W/ActivityManager(  881): getRunningAppProcesses: caller 10102 does not hold REAL_GET_TASKS; limiting output
D/libc-netbsd(17308): [getaddrinfo]: hostname=client.map.baidu.com; servname=80; cache_mode=(null), netid=0; mark=0
D/libc-netbsd(17308): [getaddrinfo]: ai_addrlen=0; ai_canonname=(null); ai_flags=0; ai_family=0
D/libc-netbsd(  299): [getaddrinfo]: hostname=client.map.baidu.com; servname=80; cache_mode=local, netid=104; mark=917608
D/libc-netbsd(  299): [getaddrinfo]: ai_addrlen=0; ai_canonname=(null); ai_flags=0; ai_family=0
D/libc-netbsd(  299): res_queryN name = client.map.baidu.com, class = 1, type = 28
D/libc-netbsd(  299): res_queryN name = client.map.baidu.com, class = 1, type = 1
D/libc-netbsd(  299): netid=104, dns0:202.96.134.33
D/libc-netbsd(  299): netid=104, dns1:202.96.128.86
D/libc-netbsd(  299): netid=104, dns2:8.8.8.8
I/SurfaceFlinger(  276): [Built-in Screen (type:0)] fps:0.999832,dur:1000.17,max:1000.17,min:1000.17
W/ADB_SERVICES(16908): create_local_service_socket() name=shell:cat /proc/17308/stat
W/ADB_SERVICES(16908): service_to_fd() name=shell:cat /proc/17308/stat
W/ADB_SERVICES(16908): read_meminfo() mem_free=32608
W/ADB_SERVICES(16908): create_subproc ret_fd=22 pid=17471
W/ADB_SERVICES(16908): LS(1986): bound to 'shell:cat /proc/17308/stat' via 22
W/ADB_SERVICES(17471): adb: unable to update oom_score_adj
W/ADB_SERVICES(16908): entered. LS(1986) fd=22
I/WindowManager(  