W/ContextImpl( 9304): Calling a method in the system process without a qualified user: android.app.ContextImpl.startService:1863 android.content.ContextWrapper.startService:516 android.content.ContextWrapper.startService:516 com.meizu.dataservice.ExperienceReceiver.a:-1 com.meizu.dataservice.ExperienceReceiver.onReceive:-1 
I/thermal_repeater(  322): oh, queryMdThermalInfo (0)Bad file number
I/thermal_repeater(  322): [recvMdThermalInfo] ret=25, strLen=127,  1, 32767,,, -1, 32767, 2
I/thermal_repeater(  322): oh, queryMdThermalInfo (0)Bad file number
I/thermal_repeater(  322): [recvMdThermalInfo] ret=25, strLen=127,  1, 32767,,, -1, 32767, 2
I/thermal_repeater(  322): oh, queryMdThermalInfo (0)Bad file number
I/thermal_repeater(  322): [recvMdThermalInfo] ret=25, strLen=127,  1, 32767,,, -1, 32767, 2
W/ContextImpl( 9304): Calling a method in the system process without a qualified user: android.app.ContextImpl.startService:1863 android.content.ContextWrapper.startService:516 android.content.ContextWrapper.startService:516 com.meizu.dataservice.ExperienceReceiver.a:-1 com.meizu.dataservice.ExperienceReceiver.onReceive:-1 
W/Watchdog(  881): SWT Watchdog after wait current time:26465187
W/Watchdog(  881): **Get SF Time **1
W/Watchdog(  881): SWT Watchdog before synchronized:26465188
W/Watchdog(  881): SWT Watchdog after synchronized:26465188
W/Watchdog(  881): SWT Watchdog before wait timeout:30000
W/Watchdog(  881): SWT Watchdog before wait current time:26465188
W/Watchdog(  881): SWT Watchdog before wait start:26465188
W/Watchdog(  881): SWT Watchdog before wait CHECK_INTERVAL:30000
I/thermal_repeater(  322): oh, queryMdThermalInfo (0)Bad file number
I/thermal_repeater(  322): [recvMdThermalInfo] ret=25, strLen=127,  1, 32767,,, -1, 32767, 2
I/thermal_repeater(  322): oh, queryMdThermalInfo (0)Bad file number
I/thermal_repeater(  322): [recvMdThermalInfo] ret=25, strLen=127,  1, 32767,,, -1, 32767, 2
I/thermal_repeater(  322): oh, queryMdThermalInfo (0)Bad file number
I/thermal_repeater(  322): [recvMdThermalInfo] ret=25, strLen=127,  1, 32767,,, -1, 32767, 2
W/ContextImpl( 9304): Calling a method in the system process without a qualified user: android.app.ContextImpl.startService:1863 android.content.ContextWrapper.startService:516 android.content.ContextWrapper.startService:516 com.meizu.dataservice.ExperienceReceiver.a:-1 com.meizu.dataservice.ExperienceReceiver.onReceive:-1 
I/thermal_repeater(  322): oh, queryMdThermalInfo (0)Bad file number
I/thermal_repeater(  322): [recvMdThermalInfo] ret=25, strLen=127,  1, 32767,,, -1, 32767, 2
I/thermal_repeater(  322): oh, queryMdThermalInfo (0)Bad file number
I/thermal_repeater(  322): [recvMdThermalInfo] ret=25, strLen=127,  1, 32767,,, -1, 32767, 2
I/thermal_repeater(  322): oh, queryMdThermalInfo (0)Bad file number
I/thermal_repeater(  322): [recvMdThermalInfo] ret=25, strLen=127,  1, 32767,,, -1, 32767, 2
W/ContextImpl( 9304): Calling a method in the system process without a qualified user: android.app.ContextImpl.startService:1863 android.content.ContextWrapper.startService:516 android.content.ContextWrapper.startService:516 com.meizu.dataservice.ExperienceReceiver.a:-1 com.meizu.dataservice.ExperienceReceiver.onReceive:-1 
W/Watchdog(  881): SWT Watchdog after wait current time:26495188
W/Watchdog(  881): **Get SF Time **1
W/Watchdog(  881): SWT Watchdog before synchronized:26495188
W/Watchdog(  881): SWT Watchdog after synchronized:26495188
W/Watchdog(  881): SWT Watchdog before wait timeout:30000
W/Watchdog(  881): SWT Watchdog before wait current time:26495189
W/Watchdog(  881): SWT Watchdog before wait start:26495189
W/Watchdog(  881): SWT Watchdog before wait CHECK_INTERVAL:30000
I/thermal_repeater(  322): oh, queryMdThermalInfo (0)Bad file number
I/thermal_repeater(  322): [recvMdThermalInfo] ret=25, strLen=127,  1, 32767,,, -1, 32767, 2
I/thermal_repeater(  322): oh, queryMdThermalInfo (0)Bad file number
I/thermal_repeater(  322): [recvMdThermalInfo] ret=25, strLen=127,  1, 32767,,, -1, 32767, 2
I/thermal_repeater(  322): oh, queryMdThermalInfo (0)Bad file number
I/thermal_repeater(  322): [recvMdThermalInfo] ret=25, strLen=127,  1, 32767,,, -1, 32767, 2
W/ContextImpl( 9304): Calling a method in the system process without a qualified user: android.app.ContextImpl.startService:1863 android.content.ContextWrapper.startService:516 android.content.ContextWrapper.startService:516 com.meizu.dataservice.ExperienceReceiver.a:-1 com.meizu.dataservice.ExperienceReceiver.onReceive:-1 
I/PowerManagerService(  881): Waking up from sleep (uid 1000)...reason:101
I/ActivityManager(  881): onWakefulnessChanged: 1
I/DisplayPowerController(  881): Blocking screen on until initial contents have been drawn.
W/ContextImpl(  881): Calling a method in the system process without a qualified user: android.app.ContextImpl.sendBroadcast:1474 com.android.server.statusbar.StatusBarManagerService.onPanelRevealed:531 com.android.internal.statusbar.IStatusBarService$Stub.onTransact:185 android.os.Binder.execTransact:454 <bottom of call stack> 
I/DisplayManagerService(  881): Display device changed: DisplayDeviceInfo{"内置屏幕": uniqueId="local:0", 1080 x 1920, 57.35 fps, supportedRefreshRates [57.35], density 480, 480.0 x 480.0 dpi, appVsyncOff -8000000, presDeadline 26436792, touch INTERNAL, rotation 0, type BUILT_IN, state ON, subtype 0, FLAG_DEFAULT_DISPLAY, FLAG_ROTATES_WITH_CONTENT, FLAG_SECURE, FLAG_SUPPORTS_PROTECTED_BUFFERS}
I/DisplayPowerController(  881): Unblocked screen on after 560 ms
W/ContextImpl(  881): Calling a method in the system process without a qualified user: android.app.ContextImpl.sendBroadcast:1474 com.android.server.statusbar.StatusBarManagerService.onPanelHidden:555 com.android.internal.statusbar.IStatusBarService$Stub.onTransact:192 android.os.Binder.execTransact:454 <bottom of call stack> 
I/StatusBarManagerService(  881): disable by pkg=com.android.systemui
W/ContextImpl( 1485): Calling a method in the system process without a qualified user: android.app.ContextImpl.startService:1863 android.content.ContextWrapper.startService:516 android.content.ContextWrapper.startService:516 com.meizu.networkmanager.c.o.a:25 com.meizu.networkmanager.boradcast.TrafficGlobalReceiver$2.run:238 
I/WindowManager(  881): Gaining focus: Window{20dd3e56 u0 com.jieshun.jslife/com.jieshun.jslife.activity.common.MainFragmentActivity}
I/WindowManager(  881): Losing focus: Window{324c5a98 u0 StatusBar}
I/NetworkStatsRecorder(  881): recordSnapshotLocked: ident[[{type=WIFI, subType=COMBINED, networkId=chaozhouniurouwan}]]
W/NetworkStatsRecorder(  881): unknown interfaces [lo, p2p0], ignoring those stats
I/NetworkStatsRecorder(  881): recordSnapshotLocked: ident[[{type=WIFI, subType=COMBINED, networkId=chaozhouniurouwan}]]
W/NetworkStatsRecorder(  881): unknown interfaces [lo, p2p0], ignoring those stats
I/NetworkStatsRecorder(  881): recordSnapshotLocked: ident[[{type=WIFI, subType=COMBINED, networkId=chaozhouniurouwan}]]
I/NetworkStatsRecorder(  881): recordSnapshotLocked: ident[[{type=WIFI, subType=COMBINED, networkId=chaozhouniurouwan}]]
I/NetworkStatsRecorder(  881): recordSnapshotLocked: ident[[{type=WIFI, subType=COMBINED, networkId=chaozhouniurouwan}]]
I/NetworkStatsRecorder(  881): recordSnapshotLocked: ident[[{type=WIFI, subType=COMBINED, networkId=chaozhouniurouwan}]]
W/NetworkStatsRecorder(  881): unknown interfaces [lo, p2p0], ignoring those stats
I/NetworkStatsRecorder(  881): recordSnapshotLocked: ident[[{type=WIFI, subType=COMBINED, networkId=chaozhouniurouwan}]]
W/NetworkStatsRecorder(  881): unknown interfaces [lo, p2p0], ignoring those stats
W/ActivityManager(  881): getRunningAppProcesses: caller 10102 does not hold REAL_GET_TASKS; limiting output
W/ActivityManager(  881): getRunningAppProcesses: caller 10102 does not hold REAL_GET_TASKS; limiting output
W/ActivityManager(  881): getRunningAppProcesses: caller 10102 does not hold REAL_GET_TASKS; limiting output
W/ActivityManager(  881): getRunningAppProcesses: caller 10102 does not hold REAL_GET_TASKS; limiting output
W/InputMethodManagerService(  881): Window already focused, ignoring focus gain of: com.android.internal.view.IInputMethodClient$Stub$Proxy@e2bda96 attribute=android.view.inputmethod.EditorInfo@b49f617, token = android.os.BinderProxy@c203071
W/ActivityManager(  881): getRunningAppProcesses: caller 10102 does not hold REAL_GET_TASKS; limiting output
W/ActivityManager(  881): getRunningAppProcesses: caller 10102 does not hold REAL_GET_TASKS; limiting output
W/ActivityManager(  881): getRunningAppProcesses: caller 10102 does not hold REAL_GET_TASKS; limiting output
W/ActivityManager(  881): getRunningAppProcesses: caller 10102 does not hold REAL_GET_TASKS; limiting output
I/ActivityManager(  881): Controller Pid : 14516
W/BroadcastQueue(  881): Skipping deliver [background] BroadcastRecord{2cf7b270 u-1 android.net.conn.CONNECTIVITY_CHANGE} to ReceiverList{107549e9 14516 (unknown name)/2000/u-1 remote:1c430a22}: process crashing
I/ActivityManager(  881): START u0 {act=android.intent.action.MAIN cat=[android.intent.category.LAUNCHER] flg=0x10200000 cmp=com.jieshun.jslife/.activity.common.WelcomeActivity} from uid 2000 on display 0 from pid 14516
I/thermal_repeater(  322): oh, queryMdThermalInfo (0)Bad file number
I/thermal_repeater(  322): [recvMdThermalInfo] ret=25, strLen=127,  1, 32767,,, -1, 32767, 2
I/ActivityManager(  881): START u0 {cmp=com.jieshun.jslife/jst.com.paylibrary.activity.JstWebviewActivity (has extras)} from uid 10102 on display 0 from pid 9685
I/WindowManager(  881): Losing focus: Window{20dd3e56 u0 com.jieshun.jslife/com.jieshun.jslife.activity.common.MainFragmentActivity}
I/ActivityManager(  881): Process com.meizu.flyme.weather (pid 8881) has died
W/libprocessgroup(  881): failed to open /acct/uid_10079/pid_8881/cgroup.procs: No such file or directory
W/InputManager(  881): Input event injection from pid 14516 failed.
W/InputManager(  881): Input event injection from pid 14516 failed.
I/WindowManager(  881): Gaining focus: Window{2f8e2f2b u0 com.jieshun.jslife/jst.com.paylibrary.activity.JstWebviewActivity}
I/ActivityManager(  881): START u0 {act=android.intent.action.MAIN cat=[android.intent.category.HOME] flg=0x10200000 cmp=com.meizu.flyme.launcher/.Launcher} from uid 1000 on display 0 from pid 881
I/thermal_repeater(  322): oh, queryMdThermalInfo (0)Bad file number
I/thermal_repeater(  322): [recvMdThermalInfo] ret=25, strLen=127,  1, 32767,,, -1, 32767, 2
I/ActivityManager(  881): START u0 {act=android.intent.action.MAIN cat=[android.intent.category.LAUNCHER] flg=0x10200000 cmp=com.jieshun.jslife/.activity.common.WelcomeActivity} from uid 2000 on display 0 from pid 14516
W/ContextImpl( 9304): Calling a method in the system process without a qualified user: android.app.ContextImpl.startService:1863 android.content.ContextWrapper.startService:516 android.content.ContextWrapper.startService:516 com.meizu.dataservice.ExperienceReceiver.a:-1 com.meizu.dataservice.ExperienceReceiver.onReceive:-1 
I/thermal_repeater(  322): oh, queryMdThermalInfo (0)Bad file number
I/thermal_repeater(  322): [recvMdThermalInfo] ret=25, strLen=127,  1, 32767,,, -1, 32767, 2
I/ActivityManager(  881): START u0 {act=android.intent.action.CALL_BUTTON flg=0x10000000} from uid 10102 on display 0 from pid 9685
W/Watchdog(  881): SWT Watchdog after wait current time:26525189
W/Watchdog(  881): **Get SF Time **1
W/Watchdog(  881): SWT Watchdog before synchronized:26525190
W/Watchdog(  881): SWT Watchdog after synchronized:26525190
W/Watchdog(  881): SWT Watchdog before wait timeout:30000
W/Watchdog(  881): SWT Watchdog before wait current time:26525190
W/Watchdog(  881): SWT Watchdog before wait start:26525190
W/Watchdog(  881): SWT Watchdog before wait CHECK_INTERVAL:30000
I/ActivityManager(  881): START u0 {act=android.intent.action.CALL_BUTTON flg=0x10000000} from uid 10102 on display 0 from pid 9685
I/thermal_repeater(  322): oh, queryMdThermalInfo (0)Bad file number
I/thermal_repeater(  322): [recvMdThermalInfo] ret=25, strLen=127,  1, 32767,,, -1, 32767, 2
W/BackupManagerService(  881): dataChanged but no participant pkg='com.android.providers.settings' uid=10030
W/BackupManagerService(  881): dataChanged but no participant pkg='com.android.providers.settings' uid=10030
W/BackupManagerService(  881): dataChanged but no participant pkg='com.android.providers.settings' uid=10030
W/BackupManagerService(  881): dataChanged but no participant pkg='com.android.providers.settings' uid=10030
I/thermal_repeater(  322): oh, queryMdThermalInfo (0)Bad file number
I/thermal_repeater(  322): [recvMdThermalInfo] ret=25, strLen=127,  1, 32767,,, -1, 32767, 2
W/ContextImpl( 9304): Calling a method in the system process without a qualified user: android.app.ContextImpl.startService:1863 android.content.ContextWrapper.startService:516 android.content.ContextWrapper.startService:516 com.meizu.dataservice.ExperienceReceiver.a:-1 com.meizu.dataservice.ExperienceReceiver.onReceive:-1 
I/ActivityManager(  881): START u0 {act=android.intent.action.CALL_BUTTON flg=0x10000000} from uid 10102 on display 0 from pid 9685
I/thermal_repeater(  322): oh, queryMdThermalInfo (0)Bad file number
I/thermal_repeater(  322): [recvMdThermalInfo] ret=25, strLen=127,  1, 32767,,, -1, 32767, 2
I/ValidateNoPeople(  881): skipping global notification
W/StatusBar( 1045): updateNotification for unknown pkg: android
I/ValidateNoPeople(  881): skipping global notification
W/StatusBar( 1045): updateNotification for unknown pkg: android
I/ValidateNoPeople(  881): skipping global notification
I/thermal_repeater(  322): oh, queryMdThermalInfo (0)Bad file number
I/thermal_repeater(  322): [recvMdThermalInfo] ret=25, strLen=127,  1, 32767,,, -1, 32767, 2
W/StatusBar( 1045): updateNotification for unknown pkg: android
W/BackupManagerService(  881): dataChanged but no participant pkg='com.android.providers.settings' uid=10030
W/BackupManagerService(  881): dataChanged but no participant pkg='com.android.providers.settings' uid=10030
I/ValidateNoPeople(  881): skipping global notification
W/StatusBar( 1045): updateNotification for unknown pkg: android
I/ValidateNoPeople(  881): skipping global notification
W/StatusBar( 1045): updateNotification for unknown pkg: android
I/ValidateNoPeople(  881): skipping global notification
W/StatusBar( 1045): updateNotification for unknown pkg: android
I/thermal_repeater(  322): oh, queryMdThermalInfo (0)Bad file number
I/thermal_repeater(  322): [recvMdThermalInfo] ret=25, strLen=127,  1, 32767,,, -1, 32767, 2
I/ActivityManager(  881): START u0 {act=android.intent.action.MAIN cat=[android.intent.category.LAUNCHER] flg=0x10200000 cmp=com.jieshun.jslife/.activity.common.WelcomeActivity} from uid 2000 on display 0 from pid 14516
I/ValidateNoPeople(  881): skipping global notification
W/StatusBar( 1045): updateNotification for unknown pkg: android
I/ValidateNoPeople(  881): skipping global notification
W/StatusBar( 1045): updateNotification for unknown pkg: android
W/ContextImpl( 9304): Calling a method in the system process without a qualified user: android.app.ContextImpl.startService:1863 android.content.ContextWrapper.startService:516 android.content.ContextWrapper.startService:516 com.meizu.dataservice.ExperienceReceiver.a:-1 com.meizu.dataservice.ExperienceReceiver.onReceive:-1 
I/ActivityManager(  881): START u0 {act=android.intent.action.MAIN cat=[android.intent.category.LAUNCHER] flg=0x10200000 cmp=com.jieshun.jslife/.activity.common.WelcomeActivity} from uid 2000 on display 0 from pid 14516
I/ValidateNoPeople(  881): skipping global notification
I/ActivityManager(  881): START u0 {act=android.intent.action.MAIN cat=[android.intent.category.HOME] flg=0x10200000 cmp=com.meizu.flyme.launcher/.Launcher} from uid 1000 on display 0 from pid 881
I/ValidateNoPeople(  881): skipping global notification
I/ValidateNoPeople(  881): skipping global notification
I/thermal_repeater(  322): oh, queryMdThermalInfo (0)Bad file number
I/thermal_repeater(  322): [recvMdThermalInfo] ret=25, strLen=127,  1, 32767,,, -1, 32767, 2
I/ValidateNoPeople(  881): skipping global notification
W/StatusBar( 1045): updateNotification for unknown pkg: android
I/ValidateNoPeople(  881): skipping global notification
W/StatusBar( 1045): updateNotification for unknown pkg: android
I/ValidateNoPeople(  881): skipping global notification
W/Watchdog(  881): SWT Watchdog after wait current time:26555190
W/Watchdog(  881): **Get SF Time **1
W/Watchdog(  881): SWT Watchdog before synchronized:26555191
W/Watchdog(  881): SWT Watchdog after synchronized:26555191
W/Watchdog(  881): SWT Watchdog before wait timeout:30000
W/Watchdog(  881): SWT Watchdog before wait current time:26555191
W/Watchdog(  881): SWT Watchdog before wait start:26555191
W/Watchdog(  881): SWT Watchdog before wait CHECK_INTERVAL:30000
W/StatusBar( 1045): updateNotification for unknown pkg: android
I/thermal_repeater(  322): oh, queryMdThermalInfo (0)Bad file number
I/thermal_repeater(  322): [recvMdThermalInfo] ret=25, strLen=127,  1, 32767,,, -1, 32767, 2
I/ValidateNoPeople(  881): skipping global notification
W/ContextImpl( 9304): Calling a method in the system process without a qualified user: android.app.ContextImpl.startService:1863 android.content.ContextWrapper.startService:516 android.content.ContextWrapper.startService:516 com.meizu.dataservice.ExperienceReceiver.a:-1 com.meizu.dataservice.ExperienceReceiver.onReceive:-1 
W/StatusBar( 1045): updateNotification for unknown pkg: android
I/thermal_repeater(  322): oh, queryMdThermalInfo (0)Bad file number
I/thermal_repeater(  322): [recvMdThermalInfo] ret=25, strLen=127,  1, 32767,,, -1, 32767, 2
I/ActivityManager(  881): START u0 {act=android.intent.action.MAIN cat=[android.intent.category.HOME] flg=0x10200000 cmp=com.meizu.flyme.launcher/.Launcher} from uid 1000 on display 0 from pid 881
W/ActivityManager(  881): getRunningAppProcesses: caller 10102 does not hold REAL_GET_TASKS; limiting output
W/ActivityManager(  881): getRunningAppProcesses: caller 10102 does not hold REAL_GET_TASKS; limiting output
W/ActivityManager(  881): getRunningAppProcesses: caller 10102 does not hold REAL_GET_TASKS; limiting output
W/ActivityManager(  881): getRunningAppProcesses: caller 10102 does not hold REAL_GET_TASKS; limiting output
I/WindowManager(  881): Losing focus: Window{2f8e2f2b u0 com.jieshun.jslife/jst.com.paylibrary.activity.JstWebviewActivity}
W/InputManager(  881): Input event injection from pid 14516 failed.
W/InputManager(  881): Input event injection from pid 14516 failed.
W/ActivityManager(  881): getRunningAppProcesses: caller 10102 does not hold REAL_GET_TASKS; limiting output
W/ActivityManager(  881): getRunningAppProcesses: caller 10102 does not hold REAL_GET_TASKS; limiting output
W/ActivityManager(  881): getRunningAppProcesses: caller 10102 does not hold REAL_GET_TASKS; limiting output
W/ActivityManager(  881): getRunningAppProcesses: caller 10102 does not hold REAL_GET_TASKS; limiting output
W/InputManager(  881): Input event injection from pid 14516 failed.
W/InputManager(  881): Input event injection from pid 14516 failed.
I/WindowManager(  881): Gaining focus: Window{20dd3e56 u0 com.jieshun.jslife/com.jieshun.jslife.activity.common.MainFragmentActivity}
I/ActivityManager(  881): START u0 {cmp=com.jieshun.jslife/.activity.userinfo.usercars.UserCarsNewActivity} from uid 10102 on display 0 from pid 9685
I/WindowManager(  881): Losing focus: Window{20dd3e56 u0 com.jieshun.jslife/com.jieshun.jslife.activity.common.MainFragmentActivity}
W/InputManager(  881): Input event injection from pid 14516 failed.
W/InputManager(  881): Input event injection from pid 14516 failed.
I/WindowManager(  881): Gaining focus: Window{26002590 u0 com.jieshun.jslife/com.jieshun.jslife.activity.userinfo.usercars.UserCarsNewActivity}
I/WindowManager(  881): Gaining focus: Window{25a41e8e u0 com.jieshun.jslife/com.jieshun.jslife.activity.userinfo.usercars.UserCarsNewActivity}
I/WindowManager(  881): Losing focus: Window{26002590 u0 com.jieshun.jslife/com.jieshun.jslife.activity.userinfo.usercars.UserCarsNewActivity EXITING}
W/ViewRootImpl( 9685): Dropping event due to no window focus: MotionEvent { action=ACTION_MOVE, id[0]=0, x[0]=-2.0, y[0]=-4.0, toolType[0]=TOOL_TYPE_UNKNOWN, buttonState=0, metaState=0, flags=0x0, edgeFlags=0x0, pointerCount=1, historySize=9, eventTime=26566459, downTime=-1, deviceId=0, source=0x10004 }
W/ViewRootImpl( 9685): Dropping event due to no window focus: MotionEvent { action=ACTION_DOWN, id[0]=0, x[0]=0.0, y[0]=0.0, toolType[0]=TOOL_TYPE_UNKNOWN, buttonState=0, metaState=0, flags=0x0, edgeFlags=0x0, pointerCount=1, historySize=0, eventTime=26566461, downTime=26566435, deviceId=0, source=0x10004 }
W/ViewRootImpl( 9685): Cancelling event due to no window focus: MotionEvent { action=ACTION_CANCEL, id[0]=0, x[0]=0.0, y[0]=0.0, toolType[0]=TOOL_TYPE_UNKNOWN, buttonState=0, metaState=0, flags=0x0, edgeFlags=0x0, pointerCount=1, historySize=0, eventTime=26566463, downTime=26566435, deviceId=0, source=0x10004 }
W/ViewRootImpl( 9685): Cancelling event due to no window focus: MotionEvent { action=ACTION_CANCEL, id[0]=0, x[0]=0.0, y[0]=0.0, toolType[0]=TOOL_TYPE_UNKNOWN, buttonState=0, metaState=0, flags=0x0, edgeFlags=0x0, pointerCount=1, historySize=0, eventTime=26566463, downTime=26566435, deviceId=0, source=0x10004 }
W/ViewRootImpl( 9685): Cancelling event due to no window focus: MotionEvent { action=ACTION_CANCEL, id[0]=0, x[0]=0.0, y[0]=0.0, toolType[0]=TOOL_TYPE_UNKNOWN, buttonState=0, metaState=0, flags=0x0, edgeFlags=0x0, pointerCount=1, historySize=0, eventTime=26566463, downTime=26566435, deviceId=0, source=0x10004 }
W/ViewRootImpl( 9685): Cancelling event due to no window focus: MotionEvent { action=ACTION_CANCEL, id[0]=0, x[0]=0.0, y[0]=0.0, toolType[0]=TOOL_TYPE_UNKNOWN, buttonState=0, metaState=0, flags=0x0, edgeFlags=0x0, pointerCount=1, historySize=0, eventTime=26566463, downTime=26566435, deviceId=0, source=0x10004 }
W/ViewRootImpl( 9685): Cancelling event due to no window focus: MotionEvent { action=ACTION_CANCEL, id[0]=0, x[0]=0.0, y[0]=0.0, toolType[0]=TOOL_TYPE_UNKNOWN, buttonState=0, metaState=0, flags=0x0, edgeFlags=0x0, pointerCount=1, historySize=0, eventTime=26566463, downTime=26566435, deviceId=0, source=0x10004 }
W/ViewRootImpl( 9685): Cancelling event due to no window focus: MotionEvent { action=ACTION_CANCEL, id[0]=0, x[0]=0.0, y[0]=0.0, toolType[0]=TOOL_TYPE_UNKNOWN, buttonState=0, metaState=0, flags=0x0, edgeFlags=0x0, pointerCount=1, historySize=0, eventTime=26566463, downTime=26566435, deviceId=0, source=0x10004 }
W/ViewRootImpl( 9685): Cancelling event due to no window focus: MotionEvent { action=ACTION_CANCEL, id[0]=0, x[0]=0.0, y[0]=0.0, toolType[0]=TOOL_TYPE_UNKNOWN, buttonState=0, metaState=0, flags=0x0, edgeFlags=0x0, pointerCount=1, historySize=0, eventTime=26566463, downTime=26566435, deviceId=0, source=0x10004 }
I/ActivityManager(  881): Controller Pid : 0
I/thermal_repeater(  322): oh, queryMdThermalInfo (0)Bad file number
I/thermal_repeater(  322): [recvMdThermalInfo] ret=25, strLen=127,  1, 32767,,, -1, 32767, 2
W/ContextImpl( 9304): Calling a method in the system process without a qualified user: android.app.ContextImpl.startService:1863 android.content.ContextWrapper.startService:516 android.content.ContextWrapper.startService:516 com.meizu.dataservice.ExperienceReceiver.a:-1 com.meizu.dataservice.ExperienceReceiver.onReceive:-1 
I/thermal_repeater(  322): oh, queryMdThermalInfo (0)Bad file number
I/thermal_repeater(  322): [recvMdThermalInfo] ret=25, strLen=127,  1, 32767,,, -1, 32767, 2
W/ActivityManager(  881): Launch timeout has expired, giving up wake lock!
I/thermal_repeater(  322): oh, queryMdThermalInfo (0)Bad file number
I/thermal_repeater(  322): [recvMdThermalInfo] ret=25, strLen=127,  1, 32767,,, -1, 32767, 2
W/ContextImpl( 9304): Calling a method in the system process without a qualified user: android.app.ContextImpl.startService:1863 android.content.ContextWrapper.startService:516 android.content.ContextWrapper.startService:516 com.meizu.dataservice.ExperienceReceiver.a:-1 com.meizu.dataservice.ExperienceReceiver.onReceive:-1 
I/thermal_repeater(  322): oh, queryMdThermalInfo (0)Bad file number
I/thermal_repeater(  322): [recvMdThermalInfo] ret=25, strLen=127,  1, 32767,,, -1, 32767, 2
W/Watchdog(  881): SWT Watchdog after wait current time:26585191
W/Watchdog(  881): **Get SF Time **1
W/Watchdog(  881): SWT Watchdog before synchronized:26585192
W/Watchdog(  881): SWT Watchdog after synchronized:26585192
W/Watchdog(  881): SWT Watchdog before wait timeout:30000
W/Watchdog(  881): SWT Watchdog before wait current time:26585192
W/Watchdog(  881): SWT Watchdog before wait start:26585192
W/Watchdog(  881): SWT Watchdog before wait CHECK_INTERVAL:30000
I/thermal_repeater(  322): oh, queryMdThermalInfo (0)Bad file number
I/thermal_repeater(  322): [recvMdThermalInfo] ret=25, strLen=127,  1, 32767,,, -1, 32767, 2
I/thermal_repeater(  322): oh, queryMdThermalInfo (0)Bad file number
I/thermal_repeater(  322): [recvMdThermalInfo] ret=25, strLen=127,  1, 32767,,, -1, 32767, 2
W/ContextImpl( 9304): Calling a method in the system process without a qualified user: android.app.ContextImpl.startService:1863 android.content.ContextWrapper.startService:516 android.content.ContextWrapper.startService:516 com.meizu.dataservice.ExperienceReceiver.a:-1 com.meizu.dataservice.ExperienceReceiver.onReceive:-1 
I/thermal_repeater(  322): oh, queryMdThermalInfo (0)Bad file number
I/thermal_repeater(  322): [recvMdThermalInfo] ret=25, strLen=127,  1, 32767,,, -1, 32767, 2
I/thermal_repeater(  322): oh, queryMdThermalInfo (0)Bad file number
I/thermal_repeater(  322): [recvMdThermalInfo] ret=25, strLen=127,  1, 32767,,, -1, 32767, 2
I/thermal_repeater(  322): oh, queryMdThermalInfo (0)Bad file number
I/thermal_repeater(  322): [recvMdThermalInfo] ret=25, strLen=127,  1, 32767,,, -1, 32767, 2
W/ContextImpl( 9304): Calling a method in the system process without a qualified user: android.app.ContextImpl.startService:1863 android.content.ContextWrapper.startService:516 android.content.ContextWrapper.startService:516 com.meizu.dataservice.ExperienceReceiver.a:-1 com.meizu.dataservice.ExperienceReceiver.onReceive:-1 
I/thermal_repeater(  322): oh, queryMdThermalInfo (0)Bad file number
I/thermal_repeater(  322): [recvMdThermalInfo] ret=25, strLen=127,  1, 32767,,, -1, 32767, 2
W/Watchdog(  881): SWT Watchdog after wait current time:26615192
W/Watchdog(  881): **Get SF Time **1
W/Watchdog(  881): SWT Watchdog before synchronized:26615193
W/Watchdog(  881): SWT Watchdog after synchronized:26615193
W/Watchdog(  881): SWT Watchdog before wait timeout:30000
W/Watchdog(  881): SWT Watchdog before wait current time:26615193
W/Watchdog(  881): SWT Watchdog before wait start:26615193
W/Watchdog(  881): SWT Watchdog before wait CHECK_INTERVAL:30000
I/thermal_repeater(  322): oh, queryMdThermalInfo (0)Bad file number
I/thermal_repeater(  322): [recvMdThermalInfo] ret=25, strLen=127,  1, 32767,,, -1, 32767, 2
I/thermal_repeater(  322): oh, queryMdThermalInfo (0)Bad file number
I/thermal_repeater(  322): [recvMdThermalInfo] ret=25, strLen=127,  1, 32767,,, -1, 32767, 2
I/UsageStatsService(  881): User[0] Flushing usage stats to disk
W/ContextImpl( 9304): Calling a method in the system process without a qualified user: android.app.ContextImpl.startService:1863 android.content.ContextWrapper.startService:516 android.content.ContextWrapper.startService:516 com.meizu.dataservice.ExperienceReceiver.a:-1 com.meizu.dataservice.ExperienceReceiver.onReceive:-1 
I/thermal_repeater(  322): oh, queryMdThermalInfo (0)Bad file number
I/thermal_repeater(  322): [recvMdThermalInfo] ret=25, strLen=127,  1, 32767,,, -1, 32767, 2
I/ActivityManager(  881): START u0 {act=android.intent.action.MAIN cat=[android.intent.category.HOME] flg=0x10200000 cmp=com.meizu.flyme.launcher/.Launcher} from uid 1000 on display 0 from pid 881
I/WindowManager(  881): Losing focus: Window{25a41e8e u0 com.jieshun.jslife/com.jieshun.jslife.activity.userinfo.usercars.UserCarsNewActivity}
I/thermal_repeater(  322): oh, queryMdThermalInfo (0)Bad file number
I/thermal_repeater(  322): [recvMdThermalInfo] ret=25, strLen=127,  1, 32767,,, -1, 32767, 2
I/WindowManager(  881): Gaining focus: Window{ae407a7 u0 com.meizu.flyme.launcher/com.meizu.flyme.launcher.Launcher}
I/thermal_repeater(  322): oh, queryMdThermalInfo (0)Bad file number
I/thermal_repeater(  322): [recvMdThermalInfo] ret=25, strLen=127,  1, 32767,,, -1, 32767, 2
W/ContextImpl( 9304): Calling a method in the system process without a qualified user: android.app.ContextImpl.startService:1863 android.content.ContextWrapper.startService:516 android.content.ContextWrapper.startService:516 com.meizu.dataservice.ExperienceReceiver.a:-1 com.meizu.dataservice.ExperienceReceiver.onReceive:-1 
I/thermal_repeater(  322): oh, queryMdThermalInfo (0)Bad file number
I/thermal_repeater(  322): [recvMdThermalInfo] ret=25, strLen=127,  1, 32767,,, -1, 32767, 2
W/Watchdog(  881): SWT Watchdog after wait current time:26645193
W/Watchdog(  881): **Get SF Time **1
W/Watchdog(  881): SWT Watchdog before synchronized:26645193
W/Watchdog(  881): SWT Watchdog after synchronized:26645193
W/Watchdog(  881): SWT Watchdog before wait timeout:30000
W/Watchdog(  881): SWT Watchdog before wait current time:26645193
W/Watchdog(  881): SWT Watchdog before wait start:26645193
W/Watchdog(  881): SWT Watchdog before wait CHECK_INTERVAL:30000
I/thermal_repeater(  322): oh, queryMdThermalInfo (0)Bad file number
I/thermal_repeater(  322): [recvMdThermalInfo] ret=25, strLen=127,  1, 32767,,, -1, 32767, 2
W/ContextImpl( 9304): Calling a method in the system process without a qualified user: android.app.ContextImpl.startService:1863 android.content.ContextWrapper.startService:516 android.content.ContextWrapper.startService:516 com.meizu.dataservice.ExperienceReceiver.a:-1 com.meizu.dataservice.ExperienceReceiver.onReceive:-1 
I/thermal_repeater(  322): oh, queryMdThermalInfo (0)Bad file number
I/thermal_repeater(  322): [recvMdThermalInfo] ret=25, strLen=127,  1, 32767,,, -1, 32767, 2
I/thermal_repeater(  322): oh, queryMdThermalInfo (0)Bad file number
I/thermal_repeater(  322): [recvMdThermalInfo] ret=25, strLen=127,  1, 32767,,, -1, 32767, 2
W/ContextImpl( 9304): Calling a method in the system process without a qualified user: android.app.ContextImpl.startService:1863 android.content.ContextWrapper.startService:516 android.content.ContextWrapper.startService:516 com.meizu.dataservice.ExperienceReceiver.a:-1 com.meizu.dataservice.ExperienceReceiver.onReceive:-1 
I/thermal_repeater(  322): oh, queryMdThermalInfo (0)Bad file number
I/thermal_repeater(  322): [recvMdThermalInfo] ret=25, strLen=127,  1, 32767,,, -1, 32767, 2
I/thermal_repeater(  322): oh, queryMdThermalInfo (0)Bad file number
I/thermal_repeater(  322): [recvMdThermalInfo] ret=25, strLen=127,  1, 32767,,, -1, 32767, 2
I/ActivityManager(  881): START u0 {act=android.intent.action.MAIN cat=[android.intent.category.LAUNCHER] flg=0x10200000 cmp=io.appium.settings/.Settings} from uid 2000 on display 0 from pid 14756
I/ActivityManager(  881): Start proc 14772:io.appium.settings/u0a97 for activity io.appium.settings/.Settings
I/WindowManager(  881): Losing focus: Window{ae407a7 u0 com.meizu.flyme.launcher/com.meizu.flyme.launcher.Launcher}
I/WindowManager(  881): Gaining focus: Window{26c40b95 u0 io.appium.settings/io.appium.settings.Settings}
I/WindowManager(  881): Losing focus: Window{26c40b95 u0 io.appium.settings/io.appium.settings.Settings}
I/WindowManager(  881): Gaining focus: Window{ae407a7 u0 com.meizu.flyme.launcher/com.meizu.flyme.launcher.Launcher}
I/PackageManager(  881): init_copy idx=0: InstallParams{e0dec49 file=/data/local/tmp/UnicodeIME-debug.apk cid=null}
I/thermal_repeater(  322): oh, queryMdThermalInfo (0)Bad file number
I/thermal_repeater(  322): [recvMdThermalInfo] ret=25, strLen=127,  1, 32767,,, -1, 32767, 2
I/ActivityManager(  881): Start proc 14850:com.android.defcontainer/u0a6 for service com.android.defcontainer/.DefaultContainerService
I/PackageManager(  881): mcs_bound
I/PackageManager(  881): startCopy UserHandle{-1}: InstallParams{e0dec49 file=/data/local/tmp/UnicodeIME-debug.apk cid=null}
I/PackageManager(  881): Apk copy done
I/PackageManager(  881): Start parsing apk: null
I/PackageManager(  881): Parsing done for apk: null
I/PackageManager(  881): Start installation for package: null
W/PackageManager(  881): Attempt to re-install io.appium.android.ime without first uninstalling.
I/PackageManager(  881): Installation done for package: null
I/PackageManager(  881): mcs_check
I/PackageManager(  881): mcs_check(true, 1)
W/ContextImpl( 9304): Calling a method in the system process without a qualified user: android.app.ContextImpl.startService:1863 android.content.ContextWrapper.startService:516 android.content.ContextWrapper.startService:516 com.meizu.dataservice.ExperienceReceiver.a:-1 com.meizu.dataservice.ExperienceReceiver.onReceive:-1 
W/Watchdog(  881): SWT Watchdog after wait current time:26675194
W/Watchdog(  881): **Get SF Time **1
W/Watchdog(  881): SWT Watchdog before synchronized:26675194
W/Watchdog(  881): SWT Watchdog after synchronized:26675194
W/Watchdog(  881): SWT Watchdog before wait timeout:30000
W/Watchdog(  881): SWT Watchdog before wait current time:26675194
W/Watchdog(  881): SWT Watchdog before wait start:26675194
W/Watchdog(  881): SWT Watchdog before wait CHECK_INTERVAL:30000
I/ActivityManager(  881): Start proc 14929:io.appium.android.ime/u0a112 for service io.appium.android.ime/.UnicodeIME
I/thermal_repeater(  322): oh, queryMdThermalInfo (0)Bad file number
I/thermal_repeater(  322): [recvMdThermalInfo] ret=25, strLen=127,  1, 32767,,, -1, 32767, 2
I/ActivityManager(  881): Force stopping com.jieshun.jslife appid=10102 user=0: from pid 15041
I/ActivityManager(  881): Killing 9874:com.jieshun.jslife:remote/u0a102 (adj 4): stop com.jieshun.jslife
W/ActivityManager(  881): Scheduling restart of crashed service com.jieshun.jslife/com.baidu.location.f in 1000ms
I/ActivityManager(  881): Killing 9685:com.jieshun.jslife/u0a102 (adj 4): stop com.jieshun.jslife
W/ActivityManager(  881): Scheduling restart of crashed service com.jieshun.jslife/.service.BluetoothLeService in 6990570ms
W/ActivityManager(  881): Scheduling restart of crashed service com.jieshun.jslife/.service.XMPPService in 1000ms
W/ActivityManager(  881): Scheduling restart of crashed service com.jieshun.jslife/.service.NetworkStateService in 1000ms
I/ActivityManager(  881):   Force finishing activity 3 ActivityRecord{608fd7e u0 com.jieshun.jslife/.activity.common.MainFragmentActivity t118}
I/ActivityManager(  881):   Force finishing activity 3 ActivityRecord{5647b24 u0 com.jieshun.jslife/.activity.userinfo.usercars.UserCarsNewActivity t118}
I/ActivityManager(  881):   Force stopping service ServiceRecord{3ca9b459 u0 com.jieshun.jslife/.service.BluetoothLeService}
I/ActivityManager(  881):   Force stopping service ServiceRecord{1bcc982a u0 com.jieshun.jslife/.service.NetworkStateService}
I/libprocessgroup(  881): Killing pid 9918 in uid 10102 as part of process group 9874
I/libprocessgroup(  881): Killing pid 9723 in uid 10102 as part of process group 9685
I/ActivityManager(  881): Force stopping com.jieshun.jslife appid=10102 user=0: clear data
I/ActivityManager(  881): Start proc 15073:com.android.calendar/u0a38 for broadcast com.android.calendar/com.meizu.flyme.calendar.AppDataClearReceiver
I/PackageManager(  881): clearExternalStorageDataSync  : bindServiceAsUser degin packageName = com.jieshun.jslife
I/PackageManager(  881): clearExternalStorageDataSync : bindServiceAsUser end packageName = com.jieshun.jslife, bindTime = 1
W/ActivityManager(  881): Skip forceProcessStateUpTo() to newState 8
I/ActivityManager(  881): Start proc 15107:com.meizu.documentsui/1000 for broadcast com.meizu.documentsui/com.android.documentsui.PackageReceiver
I/ActivityManager(  881): Killing 8523:com.meizu.account/u0a58 (adj 15): empty for 2593s
W/ActivityManager(  881): Skip forceProcessStateUpTo() to newState 8
I/ActivityManager(  881): Start proc 15138:com.android.providers.calendar/u0a3 for content provider com.android.providers.calendar/.CalendarProvider2
I/ActivityManager(  881): Start proc 15159:com.android.externalstorage/u0a11 for content provider com.android.externalstorage/.ExternalStorageProvider
I/ActivityManager(  881): Killing 11096:com.meizu.callsetting/u0a22 (adj 15): empty for 2583s
W/ResourcesManager(15138): Asset path '/system/framework/android.test.runner.jar' does not exist or contains no resources.
I/ActivityManager(  881): Killing 11565:com.android.musicfx/u0a20 (adj 15): empty for 2479s
I/ActivityManager(  881): Start proc 15197:com.meizu.account/u0a58 for content provider com.meizu.account/.database.AccountContentProvider
I/thermal_repeater(  322): oh, queryMdThermalInfo (0)Bad file number
I/thermal_repeater(  322): [recvMdThermalInfo] ret=25, strLen=127,  1, 32767,,, -1, 32767, 2
I/PackageManager(  881): mcs_unbind
I/PackageManager(  881): calling disconnectService()
I/ActivityManager(  881): Controller Pid : 0
I/ActivityManager(  881): Force stopping com.jieshun.jslife appid=10102 user=0: from pid 15259
I/ActivityManager(  881): START u0 {flg=0x10000000 cmp=com.jieshun.jslife/.activity.common.WelcomeActivity} from uid 2000 on display 0 from pid 15259
I/WindowManager(  881): Losing focus: Window{ae407a7 u0 com.meizu.flyme.launcher/com.meizu.flyme.launcher.Launcher}
I/ActivityManager(  881): Start proc 15276:com.jieshun.jslife/u0a102 for activity com.jieshun.jslife/.activity.common.WelcomeActivity
W/ActivityManager(  881): getRunningAppProcesses: caller 10102 does not hold REAL_GET_TASKS; limiting output
W/ActivityManager(  881): getRunningAppProcesses: caller 10102 does not hold REAL_GET_TASKS; limiting output
W/ActivityManager(  881): getRunningAppProcesses: caller 10102 does not hold REAL_GET_TASKS; limiting output
W/ActivityManager(  881): getRunningAppProcesses: caller 10102 does not hold REAL_GET_TASKS; limiting output
W/ActivityManager(  881): getRunningAppProcesses: caller 10102 does not hold REAL_GET_TASKS; limiting output
I/WindowManager(  881): Gaining focus: Window{31070d64 u0 com.jieshun.jslife/com.jieshun.jslife.activity.common.WelcomeActivity}
W/ActivityManager(  881): getTasks: caller 10102 does not hold REAL_GET_TASKS; limiting output
I/thermal_repeater(  322): oh, queryMdThermalInfo (0)Bad file number
I/thermal_repeater(  322): [recvMdThermalInfo] ret=25, strLen=127,  1, 32767,,, -1, 32767, 2
I/ActivityManager(  881): Force stopping com.jieshun.jslife appid=10102 user=0: from pid 15459
I/ActivityManager(  881): Killing 15276:com.jieshun.jslife/u0a102 (adj 0): stop com.jieshun.jslife
W/ActivityManager(  881): Scheduling restart of crashed service com.jieshun.jslife/.service.BluetoothLeService in 9574ms
W/ActivityManager(  881): Scheduling restart of crashed service com.jieshun.jslife/.service.XMPPService in 19574ms
W/ActivityManager(  881): Scheduling restart of crashed service com.jieshun.jslife/.service.NetworkStateService in 19574ms
I/libprocessgroup(  881): Killing pid 15319 in uid 10102 as part of process group 15276
W/ActivityManager(  881): Force removing ActivityRecord{183516e u0 com.jieshun.jslife/.activity.common.WelcomeActivity t122}: app died, no saved state
I/WindowManager(  881): Gaining focus: Window{ae407a7 u0 com.meizu.flyme.launcher/com.meizu.flyme.launcher.Launcher}
I/ActivityManager(  881):   Force stopping service ServiceRecord{2c374207 u0 com.jieshun.jslife/.service.BluetoothLeService}
I/ActivityManager(  881):   Force stopping service ServiceRecord{aac615d u0 com.jieshun.jslife/.service.NetworkStateService}
I/WindowManager(  881): Losing focus: Window{31070d64 u0 com.jieshun.jslife/com.jieshun.jslife.activity.common.WelcomeActivity}
I/ActivityManager(  881): Force stopping com.jieshun.jslife appid=10102 user=0: clear data
I/PackageManager(  881): clearExternalStorageDataSync  : bindServiceAsUser degin packageName = com.jieshun.jslife
I/PackageManager(  881): clearExternalStorageDataSync : bindServiceAsUser end packageName = com.jieshun.jslife, bindTime = 1
I/ActivityManager(  881): Force stopping com.jieshun.jslife appid=10102 user=0: from pid 15497
I/ActivityManager(  881): START u0 {flg=0x10000000 cmp=com.jieshun.jslife/.activity.common.WelcomeActivity} from uid 2000 on display 0 from pid 15497
I/WindowManager(  881): Losing focus: Window{ae407a7 u0 com.meizu.flyme.launcher/com.meizu.flyme.launcher.Launcher}
I/ActivityManager(  881): Start proc 15513:com.jieshun.jslife/u0a102 for activity com.jieshun.jslife/.activity.common.WelcomeActivity
I/ActivityManager(  881): Process com.meizu.media.reader (pid 9149) has died
I/thermal_repeater(  322): oh, queryMdThermalInfo (0)Bad file number
I/thermal_repeater(  322): [recvMdThermalInfo] ret=25, strLen=127,  1, 32767,,, -1, 32767, 2
W/libprocessgroup(  881): failed to open /acct/uid_10072/pid_9149/cgroup.procs: No such file or directory
W/ActivityManager(  881): getRunningAppProcesses: caller 10102 does not hold REAL_GET_TASKS; limiting output
W/ActivityManager(  881): getRunningAppProcesses: caller 10102 does not hold REAL_GET_TASKS; limiting output
W/ActivityManager(  881): getRunningAppProcesses: caller 10102 does not hold REAL_GET_TASKS; limiting output
W/ActivityManager(  881): getRunningAppProcesses: caller 10102 does not hold REAL_GET_TASKS; limiting output
W/ActivityManager(  881): getRunningAppProcesses: caller 10102 does not hold REAL_GET_TASKS; limiting output
I/WindowManager(  881): Gaining focus: Window{356c98c u0 com.jieshun.jslife/com.jieshun.jslife.activity.common.WelcomeActivity}
W/ActivityManager(  881): getTasks: caller 10102 does not hold REAL_GET_TASKS; limiting output
I/thermal_repeater(  322): oh, queryMdThermalInfo (0)Bad file number
I/thermal_repeater(  322): [recvMdThermalInfo] ret=25, strLen=127,  1, 32767,,, -1, 32767, 2
I/ActivityManager(  881): Force stopping com.jieshun.jslife appid=10102 user=0: from pid 15697
I/ActivityManager(  881): Killing 15513:com.jieshun.jslife/u0a102 (adj 0): stop com.jieshun.jslife
W/ActivityManager(  881): Scheduling restart of crashed service com.jieshun.jslife/.service.BluetoothLeService in 9014ms
W/ActivityManager(  881): Scheduling restart of crashed service com.jieshun.jslife/.service.XMPPService in 19014ms
W/ActivityManager(  881): Scheduling restart of crashed service com.jieshun.jslife/.service.NetworkStateService in 19014ms
W/ActivityManager(  881): Force removing ActivityRecord{2b1f1c2e u0 com.jieshun.jslife/.activity.common.WelcomeActivity t123}: app died, no saved state
I/libprocessgroup(  881): Killing pid 15555 in uid 10102 as part of process group 15513
I/WindowManager(  881): Gaining focus: Window{ae407a7 u0 com.meizu.flyme.launcher/com.meizu.flyme.launcher.Launcher}
I/WindowManager(  881): Losing focus: Window{356c98c u0 com.jieshun.jslife/com.jieshun.jslife.activity.common.WelcomeActivity}
I/ActivityManager(  881):   Force stopping service ServiceRecord{35d1331d u0 com.jieshun.jslife/.service.BluetoothLeService}
I/ActivityManager(  881):   Force stopping service ServiceRecord{11c37f63 u0 com.jieshun.jslife/.service.NetworkStateService}
I/ActivityManager(  881): Force stopping com.jieshun.jslife appid=10102 user=0: clear data
I/PackageManager(  881): clearExternalStorageDataSync  : bindServiceAsUser degin packageName = com.jieshun.jslife
I/PackageManager(  881): clearExternalStorageDataSync : bindServiceAsUser end packageName = com.jieshun.jslife, bindTime = 1
I/ActivityManager(  881): Force stopping com.jieshun.jslife appid=10102 user=0: from pid 15735
I/ActivityManager(  881): START u0 {flg=0x10000000 cmp=com.jieshun.jslife/.activity.common.WelcomeActivity} from uid 2000 on display 0 from pid 15735
I/WindowManager(  881): Losing focus: Window{ae407a7 u0 com.meizu.flyme.launcher/com.meizu.flyme.launcher.Launcher}
I/ActivityManager(  881): Start proc 15751:com.jieshun.jslife/u0a102 for activity com.jieshun.jslife/.activity.common.WelcomeActivity
W/ActivityManager(  881): getRunningAppProcesses: caller 10102 does not hold REAL_GET_TASKS; limiting output
W/ActivityManager(  881): getRunningAppProcesses: caller 10102 does not hold REAL_GET_TASKS; limiting output
W/ActivityManager(  881): getRunningAppProcesses: caller 10102 does not hold REAL_GET_TASKS; limiting output
W/ActivityManager(  881): getRunningAppProcesses: caller 10102 does not hold REAL_GET_TASKS; limiting output
W/ActivityManager(  881): getRunningAppProcesses: caller 10102 does not hold REAL_GET_TASKS; limiting output
I/thermal_repeater(  322): oh, queryMdThermalInfo (0)Bad file number
I/thermal_repeater(  322): [recvMdThermalInfo] ret=25, strLen=127,  1, 32767,,, -1, 32767, 2
W/ActivityManager(  881): getTasks: caller 10102 does not hold REAL_GET_TASKS; limiting output
I/WindowManager(  881): Gaining focus: Window{86eab33 u0 com.jieshun.jslife/com.jieshun.jslife.activity.common.WelcomeActivity}
W/Watchdog(  881): SWT Watchdog after wait current time:26705194
W/Watchdog(  881): **Get SF Time **1
W/Watchdog(  881): SWT Watchdog before synchronized:26705195
W/Watchdog(  881): SWT Watchdog after synchronized:26705195
W/Watchdog(  881): SWT Watchdog before wait timeout:30000
W/Watchdog(  881): SWT Watchdog before wait current time:26705195
W/Watchdog(  881): SWT Watchdog before wait start:26705195
W/Watchdog(  881): SWT Watchdog before wait CHECK_INTERVAL:30000
I/thermal_repeater(  322): oh, queryMdThermalInfo (0)Bad file number
I/thermal_repeater(  322): [recvMdThermalInfo] ret=25, strLen=127,  1, 32767,,, -1, 32767, 2
I/ActivityManager(  881): Force stopping com.jieshun.jslife appid=10102 user=0: from pid 15887
I/ActivityManager(  881): Killing 15751:com.jieshun.jslife/u0a102 (adj 0): stop com.jieshun.jslife
W/ActivityManager(  881): Scheduling restart of crashed service com.jieshun.jslife/.service.XMPPService in 1000ms
W/ActivityManager(  881): Scheduling restart of crashed service com.jieshun.jslife/.service.NetworkStateService in 1000ms
W/ActivityManager(  881): Scheduling restart of crashed service com.jieshun.jslife/.service.BluetoothLeService in 13596ms
W/ActivityManager(  881): Force removing ActivityRecord{26c6b43 u0 com.jieshun.jslife/.activity.common.WelcomeActivity t124}: app died, no saved state
I/libprocessgroup(  881): Killing pid 15794 in uid 10102 as part of process group 15751
I/WindowManager(  881): Gaining focus: Window{ae407a7 u0 com.meizu.flyme.launcher/com.meizu.flyme.launcher.Launcher}
I/WindowManager(  881): Losing focus: Window{86eab33 u0 com.jieshun.jslife/com.jieshun.jslife.activity.common.WelcomeActivity}
I/ActivityManager(  881):   Force stopping service ServiceRecord{15930cd8 u0 com.jieshun.jslife/.service.BluetoothLeService}
I/ActivityManager(  881):   Force stopping service ServiceRecord{33964b16 u0 com.jieshun.jslife/.service.NetworkStateService}
W/InputMethodManagerService(  881): Illegal subtype state: old subtype = null, new subtype = android.view.inputmethod.InputMethodSubtype@6b6dbdec
I/ActivityManager(  881): Force stopping com.jieshun.jslife appid=10102 user=0: from pid 15924
I/ActivityManager(  881): START u0 {act=android.intent.action.MAIN cat=[android.intent.category.HOME] flg=0x10200000 cmp=com.meizu.flyme.launcher/.Launcher} from uid 1000 on display 0 from pid 881
I/thermal_repeater(  322): oh, queryMdThermalInfo (0)Bad file number
I/thermal_repeater(  322): [recvMdThermalInfo] ret=25, strLen=127,  1, 32767,,, -1, 32767, 2
I/thermal_repeater(  322): oh, queryMdThermalInfo (0)Bad file number
I/thermal_repeater(  322): [recvMdThermalInfo] ret=25, strLen=127,  1, 32767,,, -1, 32767, 2
I/thermal_repeater(  322): oh, queryMdThermalInfo (0)Bad file number
I/thermal_repeater(  322): [recvMdThermalInfo] ret=25, strLen=127,  1, 32767,,, -1, 32767, 2
I/thermal_repeater(  322): oh, queryMdThermalInfo (0)Bad file number
I/thermal_repeater(  322): [recvMdThermalInfo] ret=25, strLen=127,  1, 32767,,, -1, 32767, 2
I/thermal_repeater(  322): oh, queryMdThermalInfo (0)Bad file number
I/thermal_repeater(  322): [recvMdThermalInfo] ret=25, strLen=127,  1, 32767,,, -1, 32767, 2
W/Watchdog(  881): SWT Watchdog after wait current time:26735195
W/Watchdog(  881): **Get SF Time **1
W/Watchdog(  881): SWT Watchdog before synchronized:26735195
W/Watchdog(  881): SWT Watchdog after synchronized:26735195
W/Watchdog(  881): SWT Watchdog before wait timeout:30000
W/Watchdog(  881): SWT Watchdog before wait current time:26735196
W/Watchdog(  881): SWT Watchdog before wait start:26735196
W/Watchdog(  881): SWT Watchdog before wait CHECK_INTERVAL:30000
I/thermal_repeater(  322): oh, queryMdThermalInfo (0)Bad file number
I/thermal_repeater(  322): [recvMdThermalInfo] ret=25, strLen=127,  1, 32767,,, -1, 32767, 2
I/thermal_repeater(  322): oh, queryMdThermalInfo (0)Bad file number
I/thermal_repeater(  322): [recvMdThermalInfo] ret=25, strLen=127,  1, 32767,,, -1, 32767, 2
I/thermal_repeater(  322): oh, queryMdThermalInfo (0)Bad file number
I/thermal_repeater(  322): [recvMdThermalInfo] ret=25, strLen=127,  1, 32767,,, -1, 32767, 2
I/thermal_repeater(  322): oh, queryMdThermalInfo (0)Bad file number
I/thermal_repeater(  322): [recvMdThermalInfo] ret=25, strLen=127,  1, 32767,,, -1, 32767, 2
I/thermal_repeater(  322): oh, queryMdThermalInfo (0)Bad file number
