I/Tethering(  877): upstreamIfaceTypes.add:5
I/Tethering(  877): upstreamIfaceTypes.add:7
I/Tethering(  877): upstreamIfaceTypes.add:9
I/Tethering(  877): upstreamIfaceTypes.add:49
I/Tethering(  877): checkDunRequired:2
W/InputMethodManagerService(  877): Window already focused, ignoring focus gain of: com.android.internal.view.IInputMethodClient$Stub$Proxy@273a29a8 attribute=null, token = android.os.BinderProxy@17d6bdc2
I/NetworkStatsRecorder(  877): recordSnapshotLocked: ident[[{type=WIFI, subType=COMBINED, networkId=chaozhouniurouwan}]]
W/NetworkStatsRecorder(  877): unknown interfaces [lo, p2p0], ignoring those stats
I/NetworkStatsRecorder(  877): recordSnapshotLocked: ident[[{type=WIFI, subType=COMBINED, networkId=chaozhouniurouwan}]]
W/NetworkStatsRecorder(  877): unknown interfaces [lo, p2p0], ignoring those stats
I/NetworkStatsRecorder(  877): recordSnapshotLocked: ident[[{type=WIFI, subType=COMBINED, networkId=chaozhouniurouwan}]]
I/NetworkStatsRecorder(  877): recordSnapshotLocked: ident[[{type=WIFI, subType=COMBINED, networkId=chaozhouniurouwan}]]
W/NetworkStatsRecorder(  877): unknown interfaces [lo, p2p0], ignoring those stats
W/NetworkStatsRecorder(  877): unknown interfaces [lo, p2p0], ignoring those stats
I/Cweather(30364): loadCurrentWeatherInfo cityName: isUserTheme:false temp:30 
I/MobclickAgent(  487): Start new session: F6FF4F972546B970DFCE28EE9F7CEBD6
I/PalmRejection( 1041): disableProximityLockLocked, mProximitySensorEnabled = true
I/SensorHAL(  877): Dev Active, handle: 3, name: LTR559 Proximity Sensor (Wake Up), enable: 0.
I/SensorHAL(  877): SensorBase::Enable. name: LTR559 Proximity Sensor (Wake Up), enable: 0
I/SensorHAL(  877): HWSensorBase::Enable, handle: 3, name: lsm6ds3_ps_wk, enable: 0
I/PalmRejection( 1041): mSensorManager.unregisterListener(mProximityListener)
I/PalmRejection( 1041): mProximityWakeLock.release()
I/auto_update_AppAutoUpdateManager( 3342): current Jobs:103,105,102,101,
W/auto_update_AppAutoUpdateManager( 3342): --Screen on and cancel scheduler download,switch:true, wifi:true, and Screen on: true, Power Connected: true, Battery: 100(-50|+15), Competitive:false(not check), downloaded size:0, downloaded time:0, available size:0
E/AudioFlinger(  300): getNextBuffer, get null buffer
I/AudioFlinger_Threads(  300): pause signal - [NOT READY] on thread
I/System.out(  487): open:http://alog.umeng.com/app_logs
D/libc-netbsd(  487): [getaddrinfo]: hostname=alog.umeng.com; servname=(null); cache_mode=(null), netid=0; mark=0
D/libc-netbsd(  487): [getaddrinfo]: ai_addrlen=0; ai_canonname=(null); ai_flags=4; ai_family=0
D/libc-netbsd(  487): [getaddrinfo]: hostname=alog.umeng.com; servname=(null); cache_mode=(null), netid=0; mark=0
D/libc-netbsd(  487): [getaddrinfo]: ai_addrlen=0; ai_canonname=(null); ai_flags=1024; ai_family=0
D/libc-netbsd(  295): [getaddrinfo]: hostname=alog.umeng.com; servname=(null); cache_mode=local, netid=101; mark=917605
D/libc-netbsd(  295): [getaddrinfo]: ai_addrlen=0; ai_canonname=(null); ai_flags=1024; ai_family=0
D/libc-netbsd(  295): default dns: query_ipv6=0, query_ipv4=1
D/libc-netbsd(  295): res_queryN name = alog.umeng.com, class = 1, type = 1
D/libc-netbsd(  295): res_queryN name = alog.umeng.com succeed
D/libc-netbsd(  487): getaddrinfo: alog.umeng.com get result from proxy >>
I/System.out(  487): propertyValue:true
I/System.out(  487): [CDS]connect[alog.umeng.com/106.11.250.138:80] tm:10
I/SurfaceFlinger(  274): [Built-in Screen (type:0)] fps:21.850563,dur:1006.84,max:537.98,min:12.63
I/AudioPolicyManager(  300): ReleaseFMIndirectMode 
I/AudioPolicyManager(  300): PolicyRestore
I/AudioPolicyManager(  300): stopOutput() output 2, stream 1, session 257
I/AudioPolicyManager(  300): getNewOutputDevice() selected device 0
I/AudioPolicyManager(  300): setOutputDevice() output 2 device 0000 delayMs 184 force 0
I/AudioPolicyManager(  300): setOutputDevice() prevDevice 0002
I/AudioPolicyManager(  300): setOutputDevice() mMutePrevDevice 0002
I/AudioPolicyManager(  300): s 0 c 0 avaDev 3 ba2dpo 0 ba2dpsp 0 dev 2
I/AudioPolicyManager(  300): s 1 c 0 avaDev 3 ba2dpo 0 ba2dpsp 0 dev 1
I/AudioPolicyManager(  300): s 2 c 0 avaDev 3 ba2dpo 0 ba2dpsp 0 dev 2
I/AudioPolicyManager(  300): s 2 c 0 avaDev 3 ba2dpo 0 ba2dpsp 0 dev 2
I/AudioPolicyManager(  300): s 3 c 0 avaDev 3 ba2dpo 0 ba2dpsp 0 dev 2
I/AudioPolicyManager(  300): s 0 c 0 avaDev 3 ba2dpo 0 ba2dpsp 0 dev 2
I/AudioPolicyManager(  300): s 4 c 0 avaDev 3 ba2dpo 0 ba2dpsp 0 dev 2
I/AudioPolicyManager(  300): s 5 c 0 avaDev 3 ba2dpo 0 ba2dpsp 0 dev 2
I/AudioPolicyManager(  300): s 6 c 0 avaDev 3 ba2dpo 0 ba2dpsp 0 dev 2
I/AudioPolicyManager(  300): s 7 c 0 avaDev 3 ba2dpo 0 ba2dpsp 0 dev 2
I/AudioPolicyManager(  300): s 8 c 0 avaDev 3 ba2dpo 0 ba2dpsp 0 dev 2
I/AudioPolicyManager(  300): setOutputDevice() setting same device 0000 or null device for output 2
I/libPerfService(  877): perfSetFavorPid - pid:0, 0
I/AudioFlinger(  300): setParameters(): io 2, keyvalue FM_DIRECT_CONTROL=0, calling pid 300
I/System.out(  487): [OkHttp] sendRequest>>
I/System.out(  487): [OkHttp] sendRequest<<
I/[MALI][Gralloc](  274): Usage: 0xb00, format: 0x1 stride: 1088 vertical_stride: 66 size: 287232
I/[MALI][Gralloc](  274): Usage: 0xb00, format: 0x1 stride: 1088 vertical_stride: 66 size: 287232
I/[MALI][Gralloc](  274): Usage: 0xb00, format: 0x1 stride: 1088 vertical_stride: 66 size: 287232
I/libPerfService(  877): 14: set: 6
I/libPerfService(  877): 14: set freq: 1300000
I/libPerfService(  877): 14: set gpu level: 0
I/[MALI][Gralloc](  274): Usage: 0xb00, format: 0x1 stride: 1088 vertical_stride: 66 size: 287232
I/libPerfService(  877): 13: set: 4
I/libPerfService(  877): 13: set freq: 1235000
I/libPerfService(  877): 13: set gpu level: 0
D/[BT3.0+HS]PAL(  333): == chip_reset_fd is set ==
D/[BT3.0+HS]PAL(  333): 
D/[BT3.0+HS]PAL(  333): invalid reply message
D/[BT3.0+HS]PAL(  333): 
D/[BT3.0+HS]PAL(  333): == chip_reset_fd is set ==
D/[BT3.0+HS]PAL(  333): 
D/[BT3.0+HS]PAL(  333): invalid reply message
I/Netd    (  295): Get netlink event, ifname: wlan0 action: 4
D/[BT3.0+HS]PAL(  333): 
I/Netd    (  295): Get netlink event, ifname: wlan0 action: 4
E/wpa_supplicant( 1206): This is a Iphone softap!!!!!!! 
E/wpa_supplicant( 1206): This is a Iphone softap!!!!!!! 
I/MobclickAgent(  487): Send message to http://alog.umeng.com/app_logs
I/System.out(  487): Close in OkHttp
I/System.out(  487): [CDS]close[35135]
I/NetworkManagementSocketTagger(  487): untagSocket(29)
I/MobclickAgent(  487): send log:succeed
E/WifiConfigStore(  877):  rewrite network history for "chaozhouniurouwan"WPA_PSK
E/WifiStateMachine(  877): mIsFullScanOngoing: true, mSendScanResultsBroadcast: false
E/WifiStateMachine(  877): mWifiOnScanCount: 71
I/libPerfService(  877): perfSetFavorPid - pid:487, 1e7
W/ContextImpl( 2120): Calling a method in the system process without a qualified user: android.app.ContextImpl.startService:1863 android.content.ContextWrapper.startService:516 android.content.ContextWrapper.startService:516 com.meizu.dataservice.ExperienceReceiver.a:-1 com.meizu.dataservice.ExperienceReceiver.onReceive:-1 
I/System.out(  673): [CDS]close[0]
I/NetworkManagementSocketTagger(  673): untagSocket(53)
I/System.out(  673): [CDS]close[0]
I/NetworkManagementSocketTagger(  673): untagSocket(54)
I/System.out(  487): isFirstLoctrue
I/System.out(  487): ******jscarlife*********************onReceiveLocation*********************
I/System.out(  487): open:http://api.map.baidu.com/sdkproxy/v2/lbs_androidsdk/geocoder/v2?location=22.57697135614737%2C114.04994288977959&coordtype=bd09ll&pois=1&output=json&from=android_map_sdk&latest_admin=0&token=cfa74Vcsw7AuSrXyM1ioTmgT8BNO%2BmUpZUaJV12sEt9Yz77XJ5aOmPd1CbcueVfu9KdaxqK%2BYo5m7n6KPUMtG3OZQoy6VOF9pGGNJgj%2B5iQDgWcSRRrhnHjJ97PXiwTLI6CRSeIBDYja2DRZF6GzsqskL8Oe1hkkprfOizDKmUjRw32nrxD2OMbDVAQ&pcn=com.jieshun.jslife&screen=1080%2C1920&cuid=07AB6C1293F355B0E1AE06BB5824B71A%7C944874720008868&dpi=480%2C480&resid=02&appid=-1&mb=m2%20note&ctm=1535955852.018000&net=1&bduid=&channel=baidu&os=Android22&sv=4.5.2&sign=d1b566e98b7498ea61d0561e6abc04a6
I/System.out(  487): [OkHttp] sendRequest>>
I/System.out(  487): [OkHttp] sendRequest<<
I/AudioFlinger(  300): setParameters(): io 0, keyvalue mediaserver_monitor=1, calling pid 877
W/AudioALSAHardware(  300): setParameters(), still have param.size() = 1, remain param = "mediaserver_monitor=1"
I/str_params(  300): key: 'mediaserver_monitor' value: '1'
I/AudioPolicyManager(  300): setStreamVolumeIndex stream = 7 index = 15 device = 0x400
I/NetworkManagementSocketTagger(  487): untagSocket(69)
I/libPerfService(  877): 12: set: 1
I/libPerfService(  877): 12: set freq: 0
I/libPerfService(  877): 12: set gpu level: 0
I/libPerfService(  877): perfSetFavorPid - pid:0, 0
I/SurfaceFlinger(  274): [Built-in Screen (type:0)] fps:17.066742,dur:1640.62,max:808.68,min:12.47
I/libPerfService(  877): perfSetFavorPid - pid:487, 1e7
I/thermal_repeater(  323): oh, queryMdThermalInfo (0)Bad file number
I/thermal_repeater(  323): [recvMdThermalInfo] ret=25, strLen=127,  1, 32767,,, -1, 32767, 2
I/libPerfService(  877): perfSetFavorPid - pid:0, 0
I/SurfaceFlinger(  274): [Built-in Screen (type:0)] fps:1.991571,dur:1004.23,max:992.99,min:11.24
I/libPerfService(  877): 7: set: 1
I/libPerfService(  877): 7: set freq: 0
W/ADB_SERVICES(  504): entered. LS(3587) fd=22
I/System.out(  487): isFirstLoctrue
I/System.out(  487): ******jscarlife*********************onReceiveLocation*********************
I/System.out(  487): open:http://api.map.baidu.com/sdkproxy/v2/lbs_androidsdk/geocoder/v2?location=22.57697135614737%2C114.04994288977959&coordtype=bd09ll&pois=1&output=json&from=android_map_sdk&latest_admin=0&token=cfa74Vcsw7AuSrXyM1ioTmgT8BNO%2BmUpZUaJV12sEt9Yz77XJ5aOmPd1CbcueVfu9KdaxqK%2BYo5m7n6KPUMtG3OZQoy6VOF9pGGNJgj%2B5iQDgWcSRRrhnHjJ97PXiwTLI6CRSeIBDYja2DRZF6GzsqskL8Oe1hkkprfOizDKmUjRw32nrxD2OMbDVAQ&pcn=com.jieshun.jslife&screen=1080%2C1920&cuid=07AB6C1293F355B0E1AE06BB5824B71A%7C944874720008868&dpi=480%2C480&resid=02&appid=-1&mb=m2%20note&ctm=1535955854.832000&net=1&bduid=&channel=baidu&os=Android22&sv=4.5.2&sign=fc50d9f1d80c21a4853ff07e9ea59bee
I/System.out(  487): [OkHttp] sendRequest>>
I/System.out(  487): [OkHttp] sendRequest<<
I/NetworkManagementSocketTagger(  487): untagSocket(69)
I/SurfaceFlinger(  274): [Built-in Screen (type:0)] fps:0.951165,dur:1051.34,max:1051.34,min:1051.34
W/Watchdog(  877): SWT Watchdog after wait current time:20256408
W/Watchdog(  877): **Get SF Time **1
W/Watchdog(  877): SWT Watchdog before synchronized:20256408
W/Watchdog(  877): SWT Watchdog after synchronized:20256408
W/Watchdog(  877): SWT Watchdog before wait timeout:30000
W/Watchdog(  877): SWT Watchdog before wait current time:20256408
W/Watchdog(  877): SWT Watchdog before wait start:20256408
W/Watchdog(  877): SWT Watchdog before wait CHECK_INTERVAL:30000
I/SurfaceFlinger(  274): [Built-in Screen (type:0)] fps:1.025126,dur:1950.98,max:992.99,min:957.99
I/thermal_repeater(  323): oh, queryMdThermalInfo (0)Bad file number
I/thermal_repeater(  323): [recvMdThermalInfo] ret=25, strLen=127,  1, 32767,,, -1, 32767, 2
I/SurfaceFlinger(  274): [Built-in Screen (type:0)] fps:0.494924,dur:2020.51,max:2020.51,min:2020.51
D/[BT3.0+HS]PAL(  333): == chip_reset_fd is set ==
D/[BT3.0+HS]PAL(  333): 
D/[BT3.0+HS]PAL(  333): invalid reply message
D/[BT3.0+HS]PAL(  333): 
I/libPerfService(  877): 12: set freq: 1235000
I/libPerfService(  877): 12: set: 4
I/SurfaceFlinger(  274): [Built-in Screen (type:0)] fps:1.499346,dur:1333.91,max:993.19,min:340.73
I/PerfService(  877): PerfServiceNative_boostDisableAsync:5
I/libPerfService(  877): 5: set: 4
I/libPerfService(  877): 5: set freq: 1235000
I/AudioPolicyManager(  300): s 0 c 0 avaDev 3 ba2dpo 0 ba2dpsp 0 dev 2
I/AudioPolicyManager(  300): getOutput() device 2, stream 1, samplingRate 0, format 0, channelMask 3, flags 0
I/AudioPolicyManager(  300): getOutput() returns output 2
I/AudioPolicyManager(  300): s 0 c 0 avaDev 3 ba2dpo 0 ba2dpsp 0 dev 2
I/AudioPolicyManager(  300): getOutput() device 2, stream 1, samplingRate 0, format 0, channelMask 3, flags 0
I/AudioPolicyManager(  300): getOutput() returns output 2
I/AudioPolicyManager(  300): s 0 c 0 avaDev 3 ba2dpo 0 ba2dpsp 0 dev 2
I/AudioPolicyManager(  300): getOutput() returns output 2
W/AudioTrack(  877): AUDIO_OUTPUT_FLAG_FAST denied by client
I/AudioFlinger_Threads(  300): attachAuxEffect_l EffectId 0
I/AudioFlinger_Threads(  300): attachAuxEffect_l status 0
I/AudioPolicyManager(  300): AddSampleRateArray index = 1 sampleRate = 48000
I/AudioPolicyManager(  300): startOutput() output 2, stream 1, session 258
I/AudioPolicyManager(  300): s 0 c 0 avaDev 3 ba2dpo 0 ba2dpsp 0 dev 2
I/AudioPolicyManager(  300): getNewOutputDevice() selected device 2
I/AudioPolicyManager(  300): setOutputDevice() output 2 device 0002 delayMs 0 force 0
I/AudioPolicyManager(  300): s 0 c 0 avaDev 3 ba2dpo 0 ba2dpsp 0 dev 2
I/AudioFlinger(  300): setParameters(): io 2, keyvalue FM_DIRECT_CONTROL=1, calling pid 300
I/AudioPolicyManager(  300): setOutputDevice() prevDevice 0002
I/AudioPolicyManager(  300): setOutputDevice() mMutePrevDevice 0000
I/AudioPolicyManager(  300): s 0 c 0 avaDev 3 ba2dpo 0 ba2dpsp 0 dev 2
I/AudioPolicyManager(  300): s 1 c 0 avaDev 3 ba2dpo 0 ba2dpsp 0 dev 1
I/AudioPolicyManager(  300): s 2 c 0 avaDev 3 ba2dpo 0 ba2dpsp 0 dev 2
I/AudioPolicyManager(  300): s 2 c 0 avaDev 3 ba2dpo 0 ba2dpsp 0 dev 2
I/AudioPolicyManager(  300): s 3 c 0 avaDev 3 ba2dpo 0 ba2dpsp 0 dev 2
I/AudioPolicyManager(  300): s 0 c 0 avaDev 3 ba2dpo 0 ba2dpsp 0 dev 2
I/AudioPolicyManager(  300): s 4 c 0 avaDev 3 ba2dpo 0 ba2dpsp 0 dev 2
I/AudioPolicyManager(  300): s 5 c 0 avaDev 3 ba2dpo 0 ba2dpsp 0 dev 2
I/AudioPolicyManager(  300): s 6 c 0 avaDev 3 ba2dpo 0 ba2dpsp 0 dev 2
I/AudioPolicyManager(  300): s 7 c 0 avaDev 3 ba2dpo 0 ba2dpsp 0 dev 2
I/AudioPolicyManager(  300): s 8 c 0 avaDev 3 ba2dpo 0 ba2dpsp 0 dev 2
I/AudioPolicyManager(  300): setOutputDevice() setting same device 0002 or null device for output 2
I/AudioPolicyManager(  300):  checkAndSetVolume stream = 1 index = 8 output = 2 device = 0x2 delayMs = 0 force = 0
I/AudioPolicyManager(  300): PolicyForceReplace stream = 1 sampleRate = 48000 
I/AudioFlinger_Threads(  300): reset track timestretch tracn name 4096, ratio 100, mTimeStretchTrackName[name-4096] 0
I/AudioPolicyManager(  300): releaseOutput() 2
I/libPerfService(  877): 14: set freq: 1300000
I/libPerfService(  877): 14: set: 6
I/libPerfService(  877): perfSetFavorPid - pid:487, 1e7
E/AudioALSAPlaybackHandlerBase(  300): openPcmDriver(), pcm_start(0xf04bd0c0) fail due to cannot start channel: Broken pipe
I/com.jieshun.jslife.activity.common.MainFragmentActivity(  487): onResume()======
I/System.out(  487): [CDS]close[60374]
I/NetworkManagementSocketTagger(  487): untagSocket(36)
D/libc-netbsd(  487): [getaddrinfo]: hostname=hdwg.jieshunpay.cn; servname=(null); cache_mode=(null), netid=0; mark=0
D/libc-netbsd(  487): [getaddrinfo]: ai_addrlen=0; ai_canonname=(null); ai_flags=4; ai_family=0
D/libc-netbsd(  487): [getaddrinfo]: hostname=hdwg.jieshunpay.cn; servname=(null); cache_mode=(null), netid=0; mark=0
D/libc-netbsd(  487): [getaddrinfo]: ai_addrlen=0; ai_canonname=(null); ai_flags=1024; ai_family=0
D/libc-netbsd(  295): [getaddrinfo]: hostname=hdwg.jieshunpay.cn; servname=(null); cache_mode=local, netid=101; mark=917605
D/libc-netbsd(  295): [getaddrinfo]: ai_addrlen=0; ai_canonname=(null); ai_flags=1024; ai_family=0
D/libc-netbsd(  295): default dns: query_ipv6=0, query_ipv4=1
D/libc-netbsd(  295): res_queryN name = hdwg.jieshunpay.cn, class = 1, type = 1
D/libc-netbsd(  295): res_queryN name = hdwg.jieshunpay.cn succeed
E/AudioALSAPlaybackHandlerBase(  300): -getHardwareBufferInfo pcm_get_htimestamp fail, ret = -1, pcm_get_error = cannot start channel: Broken pipe
D/libc-netbsd(  487): getaddrinfo: hdwg.jieshunpay.cn get result from proxy >>
I/System.out(  487): propertyValue:true
I/System.out(  487): [CDS]connect[hdwg.jieshunpay.cn/14.215.135.104:8120] tm:10
E/AudioFlinger(  300): getNextBuffer, get null buffer
I/System.out(  487): [CDS]close[39762]
I/NetworkManagementSocketTagger(  487): untagSocket(62)
I/System.out(  487): [CDS]close[50145]
I/NetworkManagementSocketTagger(  487): untagSocket(74)
I/System.out(  487): [CDS]close[60085]
I/NetworkManagementSocketTagger(  487): untagSocket(42)
I/System.out(  487): [CDS]close[39463]
I/NetworkManagementSocketTagger(  487): untagSocket(65)
D/libc-netbsd(  487): [getaddrinfo]: hostname=jsh.jslife.com.cn; servname=(null); cache_mode=(null), netid=0; mark=0
D/libc-netbsd(  487): [getaddrinfo]: ai_addrlen=0; ai_canonname=(null); ai_flags=4; ai_family=0
D/libc-netbsd(  487): [getaddrinfo]: hostname=jsh.jslife.com.cn; servname=(null); cache_mode=(null), netid=0; mark=0
D/libc-netbsd(  487): [getaddrinfo]: ai_addrlen=0; ai_canonname=(null); ai_flags=1024; ai_family=0
D/libc-netbsd(  295): [getaddrinfo]: hostname=jsh.jslife.com.cn; servname=(null); cache_mode=local, netid=101; mark=917605
D/libc-netbsd(  295): [getaddrinfo]: ai_addrlen=0; ai_canonname=(null); ai_flags=1024; ai_family=0
D/libc-netbsd(  295): default dns: query_ipv6=0, query_ipv4=1
D/libc-netbsd(  295): res_queryN name = jsh.jslife.com.cn, class = 1, type = 1
D/libc-netbsd(  295): res_queryN name = jsh.jslife.com.cn succeed
D/libc-netbsd(  487): getaddrinfo: jsh.jslife.com.cn get result from proxy >>
I/System.out(  487): propertyValue:true
I/System.out(  487): [CDS]connect[jsh.jslife.com.cn/39.108.207.79:80] tm:20
I/AudioFlinger_Threads(  300): pause signal - [NOT READY] on thread
I/MobclickAgent(  487): Extend current session: F6FF4F972546B970DFCE28EE9F7CEBD6
W/ActivityManager(  877): getRunningAppProcesses: caller 10099 does not hold REAL_GET_TASKS; limiting output
I/GLSurfaceView(  487): setRenderMode = 1, this = com.baidu.platform.comapi.map.j{2a57e7 V.E..... ........ 0,0-1080,1920}
W/ActivityManager(  877): getRunningAppProcesses: caller 10099 does not hold REAL_GET_TASKS; limiting output
W/ActivityManager(  877): getRunningAppProcesses: caller 10099 does not hold REAL_GET_TASKS; limiting output
I/SurfaceView(  487): updateWindow -- onWindowVisibilityChanged, visibility = 0, this = com.baidu.platform.comapi.map.j{2a57e7 V.E..... ........ 0,0-1080,1920}
W/ActivityManager(  877): getRunningAppProcesses: caller 10099 does not hold REAL_GET_TASKS; limiting output
I/WindowManager(  877): Losing focus: Window{1a4c17d3 u0 com.jieshun.jslife/com.jieshun.jslife.activity.serviceDelay.ServiceDelayActivity}
I/EglHelper(  487): eglInitialize = 820, this = com.baidu.platform.comapi.map.j{2a57e7 V.E..... ........ 0,0-1080,1920}
I/EglHelper(  487): chooseConfig = 820, this = com.baidu.platform.comapi.map.j{2a57e7 V.E..... ........ 0,0-1080,1920}
I/DefaultContextFactory(  487): createContext = 820, this = com.baidu.platform.comapi.map.j{2a57e7 V.E..... ........ 0,0-1080,1920}
I/[MALI][Gralloc](  274): Usage: 0xb00, format: 0x1 stride: 1088 vertical_stride: 1920 size: 8355840
I/AudioPolicyManager(  300): ReleaseFMIndirectMode 
I/AudioPolicyManager(  300): PolicyRestore
I/AudioPolicyManager(  300): stopOutput() output 2, stream 1, session 258
I/AudioPolicyManager(  300): getNewOutputDevice() selected device 0
I/AudioPolicyManager(  300): setOutputDevice() output 2 device 0000 delayMs 184 force 0
I/AudioPolicyManager(  300): setOutputDevice() prevDevice 0002
I/AudioPolicyManager(  300): setOutputDevice() mMutePrevDevice 0002
I/AudioPolicyManager(  300): s 0 c 0 avaDev 3 ba2dpo 0 ba2dpsp 0 dev 2
I/AudioPolicyManager(  300): s 1 c 0 avaDev 3 ba2dpo 0 ba2dpsp 0 dev 1
I/AudioPolicyManager(  300): s 2 c 0 avaDev 3 ba2dpo 0 ba2dpsp 0 dev 2
I/AudioPolicyManager(  300): s 2 c 0 avaDev 3 ba2dpo 0 ba2dpsp 0 dev 2
I/AudioPolicyManager(  300): s 3 c 0 avaDev 3 ba2dpo 0 ba2dpsp 0 dev 2
I/AudioPolicyManager(  300): s 0 c 0 avaDev 3 ba2dpo 0 ba2dpsp 0 dev 2
I/AudioPolicyManager(  300): s 4 c 0 avaDev 3 ba2dpo 0 ba2dpsp 0 dev 2
I/AudioPolicyManager(  300): s 5 c 0 avaDev 3 ba2dpo 0 ba2dpsp 0 dev 2
I/AudioPolicyManager(  300): s 6 c 0 avaDev 3 ba2dpo 0 ba2dpsp 0 dev 2
I/AudioPolicyManager(  300): s 7 c 0 avaDev 3 ba2dpo 0 ba2dpsp 0 dev 2
I/AudioPolicyManager(  300): s 8 c 0 avaDev 3 ba2dpo 0 ba2dpsp 0 dev 2
I/AudioPolicyManager(  300): setOutputDevice() setting same device 0000 or null device for output 2
I/[MALI][Gralloc](  274): Usage: 0xb00, format: 0x1 stride: 1088 vertical_stride: 1920 size: 8355840
I/[MALI][Gralloc](  274): Usage: 0xb00, format: 0x1 stride: 1088 vertical_stride: 1920 size: 8355840
I/[MALI][Gralloc](  274): Usage: 0xb00, format: 0x1 stride: 1088 vertical_stride: 1920 size: 8355840
I/WindowManager(  877): Gaining focus: Window{1f6ea013 u0 com.jieshun.jslife/com.jieshun.jslife.activity.common.MainFragmentActivity}
I/[MALI][Gralloc](  274): Usage: 0xb00, format: 0x1 stride: 1088 vertical_stride: 1920 size: 8355840
I/[MALI][Gralloc](  274): Usage: 0xb00, format: 0x1 stride: 1088 vertical_stride: 1920 size: 8355840
I/[MALI][Gralloc](  274): Usage: 0xb00, format: 0x1 stride: 1088 vertical_stride: 1920 size: 8355840
I/[MALI][Gralloc](  274): Usage: 0xb00, format: 0x1 stride: 1088 vertical_stride: 1920 size: 8355840
I/libPerfService(  877): perfSetFavorPid - pid:0, 0
I/[MALI][Gralloc](  274): Usage: 0xb00, format: 0x1 stride: 1088 vertical_stride: 1920 size: 8355840
I/SurfaceView(  487): updateWindow -- setFrame, this = com.baidu.platform.comapi.map.j{2a57e7 V.E..... ........ 0,0-1080,1920}
I/AudioFlinger(  300): setParameters(): io 2, keyvalue FM_DIRECT_CONTROL=0, calling pid 300
I/System.out(  487): open:http://api.map.baidu.com/sdkproxy/v2/lbs_androidsdk/geocoder/v2?location=22.576971356485775%2C114.04994288977956&coordtype=bd09ll&pois=1&output=json&from=android_map_sdk&latest_admin=0&token=cfa74Vcsw7AuSrXyM1ioTmgT8BNO%2BmUpZUaJV12sEt9Yz77XJ5aOmPd1CbcueVfu9KdaxqK%2BYo5m7n6KPUMtG3OZQoy6VOF9pGGNJgj%2B5iQDgWcSRRrhnHjJ97PXiwTLI6CRSeIBDYja2DRZF6GzsqskL8Oe1hkkprfOizDKmUjRw32nrxD2OMbDVAQ&pcn=com.jieshun.jslife&screen=1080%2C1920&cuid=07AB6C1293F355B0E1AE06BB5824B71A%7C944874720008868&dpi=480%2C480&resid=02&appid=-1&mb=m2%20note&ctm=1535955868.481000&net=1&bduid=&channel=baidu&os=Android22&sv=4.5.2&sign=0babe7af6718b698a2a284fd838da4fa
I/System.out(  487): [OkHttp] sendRequest>>
I/System.out(  487): [OkHttp] sendRequest<<
W/DecodingInfo( 1333): No Engine for Decoding
I/SurfaceView(  487): updateWindow -- setFrame, this = com.baidu.platform.comapi.map.j{2a57e7 V.E..... ........ 0,0-1080,1920}
I/SurfaceView(  487): updateWindow -- OnScrollChangedListener, this = android.view.SurfaceView$2@18f02a
W/PerfScheduler(  877): Not Boost !
I/http    (  487): 
I/http    (  487):  HTTP {"resultCode":"0","message":"","obj":{"paymentCarList":[],"monthCarDelayInfo":null,"voteData":null},"seqId":"0c760d7d2ae94d45851bf99c09dfe9b2","right":true}
I/System.out(  487): [CDS]EAGAIN in Recvfrom
I/System.out(  487): [CDS]read byte is 0
I/SurfaceView(  487): updateWindow -- setFrame, this = com.baidu.platform.comapi.map.j{2a57e7 V.E..... ........ 0,0-1080,1920}
I/GLSurfaceView(  487): setRenderMode = 0, this = com.baidu.platform.comapi.map.j{2a57e7 V.E..... ........ 0,0-1080,1920}
I/SurfaceView(  487): updateWindow -- setFrame, this = com.baidu.platform.comapi.map.j{2a57e7 V.E..... ........ 0,0-1080,1920}
I/libPerfService(  877): 14: set: 4
I/libPerfService(  877): 14: set freq: 1235000
I/libPerfService(  877): 14: set gpu level: 0
I/SurfaceView(  487): updateWindow -- setFrame, this = com.baidu.platform.comapi.map.j{2a57e7 V.E..... ........ 0,0-1080,1920}
I/SurfaceView(  487): updateWindow -- setFrame, this = com.baidu.platform.comapi.map.j{2a57e7 V.E..... ........ 0,0-1080,1920}
I/NetworkManagementSocketTagger(  487): untagSocket(69)
I/libPerfService(  877): perfSetFavorPid - pid:487, 1e7
I/SurfaceView(  487): updateWindow -- setFrame, this = com.baidu.platform.comapi.map.j{2a57e7 V.E..... ........ 0,0-1080,1920}
I/SurfaceView(  487): updateWindow -- setFrame, this = com.baidu.platform.comapi.map.j{2a57e7 V.E..... ........ 0,0-1080,1920}
W/ADB_SERVICES(  504): create_local_service_socket() name=shell:wm size
W/ADB_SERVICES(  504): service_to_fd() name=shell:wm size
W/ADB_SERVICES(  504): read_meminfo() mem_free=34668
W/ADB_SERVICES(  504): create_subproc ret_fd=16 pid=1098
W/ADB_SERVICES(  504): LS(3616): bound to 'shell:wm size' via 16
W/ADB_SERVICES( 1098): adb: unable to update oom_score_adj
W/recents.Component( 1041): create a new LoadPlan to load thumbnail -- background
W/recents.Performance( 1041): preload while task Change spend : 3
E/memtrack( 1098): Couldn't load memtrack module (No such file or directory)
E/android.os.Debug( 1098): failed to load memtrack module: -2
W/ADB_SERVICES(  504): create_local_service_socket() name=shell:cat /proc/meminfo
W/ADB_SERVICES(  504): service_to_fd() name=shell:cat /proc/meminfo
W/ADB_SERVICES(  504): read_meminfo() mem_free=31284
W/ADB_SERVICES(  504): create_subproc ret_fd=21 pid=1115
W/ADB_SERVICES(  504): LS(3617): bound to 'shell:cat /proc/meminfo' via 21
W/ADB_SERVICES( 1115): adb: unable to update oom_score_adj
W/ADB_SERVICES(  504): entered. LS(3617) fd=21
W/ADB_SERVICES(  504): create_local_service_socket() name=shell:getprop ro.build.version.release
W/ADB_SERVICES(  504): service_to_fd() name=shell:getprop ro.build.version.release
W/ADB_SERVICES(  504): read_meminfo() mem_free=35376
W/ADB_SERVICES(  504): create_subproc ret_fd=21 pid=1116
W/ADB_SERVICES(  504): LS(3618): bound to 'shell:getprop ro.build.version.release' via 21
W/ADB_SERVICES( 1116): adb: unable to update oom_score_adj
W/ADB_SERVICES(  504): entered. LS(3618) fd=21
W/ADB_SERVICES(  504): create_local_service_socket() name=shell:getprop ro.product.model
W/ADB_SERVICES(  504): service_to_fd() name=shell:getprop ro.product.model
W/ADB_SERVICES(  504): read_meminfo() mem_free=34972
W/ADB_SERVICES(  504): create_subproc ret_fd=21 pid=1117
W/ADB_SERVICES(  504): LS(3619): bound to 'shell:getprop ro.product.model' via 21
W/ADB_SERVICES( 1117): adb: unable to update oom_score_adj
W/ADB_SERVICES(  504): entered. LS(3619) fd=21
I/libPerfService(  877): perfSetFavorPid - pid:0, 0
W/ADB_SERVICES(  504): create_local_service_socket() name=shell:getprop ro.product.brand
W/ADB_SERVICES(  504): service_to_fd() name=shell:getprop ro.product.brand
W/ADB_SERVICES(  504): read_meminfo() mem_free=34976
W/ADB_SERVICES(  504): create_subproc ret_fd=21 pid=1118
W/ADB_SERVICES(  504): LS(3620): bound to 'shell:getprop ro.product.brand' via 21
W/ADB_SERVICES( 1118): adb: unable to update oom_score_adj
I/SurfaceFlinger(  274): [Built-in Screen (type:0)] fps:17.524384,dur:1654.84,max:850.99,min:14.43
W/ADB_SERVICES(  504): entered. LS(3620) fd=21
W/ADB_SERVICES(  504): create_local_service_socket() name=shell:cat /proc/cpuinfo
W/ADB_SERVICES(  504): service_to_fd() name=shell:cat /proc/cpuinfo
W/ADB_SERVICES(  504): read_meminfo() mem_free=35100
W/ADB_SERVICES(  504): create_subproc ret_fd=21 pid=1119
W/ADB_SERVICES(  504): LS(3621): bound to 'shell:cat /proc/cpuinfo' via 21
W/ADB_SERVICES( 1119): adb: unable to update oom_score_adj
W/ADB_SERVICES(  504): entered. LS(3621) fd=21
W/ADB_SERVICES(  504): create_local_service_socket() name=shell:export ANDROID_LOG_TAGS="''"; exec logcat
W/ADB_SERVICES(  504): service_to_fd() name=shell:export ANDROID_LOG_TAGS="''"; exec logcat
W/ADB_SERVICES(  504): read_meminfo() mem_free=35036
W/ADB_SERVICES(  504): create_subproc ret_fd=21 pid=1120
W/ADB_SERVICES(  504): LS(3622): bound to 'shell:export ANDROID_LOG_TAGS="''"; exec logcat' via 21
W/ADB_SERVICES( 1120): adb: unable to update oom_score_adj
W/ADB_SERVICES(  504): create_local_service_socket() name=shell:monkey -p com.jieshun.jslife -s 74 --throttle 300 --ignore-crashes --ignore-timeouts --pct-touch 60 --pct-trackball 12 --pct-appswitch 5 --pct-syskeys 10 --pct-motion 13 -v -v 100
W/ADB_SERVICES(  504): service_to_fd() name=shell:monkey -p com.jieshun.jslife -s 74 --throttle 300 --ignore-crashes --ignore-timeouts --pct-touch 60 --pct-trackball 12 --pct-appswitch 5 --pct-syskeys 10 --pct-motion 13 -v -v 100
W/ADB_SERVICES(  504): read_meminfo() mem_free=35936
W/ADB_SERVICES(  504): create_subproc ret_fd=22 pid=1121
W/ADB_SERVICES(  504): LS(3623): bound to 'shell:monkey -p com.jieshun.jslife -s 74 --throttle 300 --ignore-crashes --ignore-timeouts --pct-touch 60 --pct-trackball 12 --pct-appswitch 5 --pct-syskeys 10 --pct-motion 13 -v -v 100' via 22
W/ADB_SERVICES(  504): create_local_service_socket() name=shell:cat /data/anr/traces.txt
W/ADB_SERVICES(  504): service_to_fd() name=shell:cat /data/anr/traces.txt
W/ADB_SERVICES( 1121): adb: unable to update oom_score_adj
W/ADB_SERVICES(  504): read_meminfo() mem_free=35936
W/ADB_SERVICES(  504): create_subproc ret_fd=23 pid=1122
W/ADB_SERVICES(  504): LS(3624): bound to 'shell:cat /data/anr/traces.txt' via 23
W/ADB_SERVICES(  504): entered. LS(3616) fd=16
W/ADB_SERVICES( 1122): adb: unable to update oom_score_adj
W/ADB_SERVICES(  504): entered. LS(3624) fd=23
D/[BT3.0+HS]PAL(  333): == chip_reset_fd is set ==
D/[BT3.0+HS]PAL(  333): 
D/[BT3.0+HS]PAL(  333): invalid reply message
D/[BT3.0+HS]PAL(  333): 
D/[BT3.0+HS]PAL(  333): == chip_reset_fd is set ==
D/[BT3.0+HS]PAL(  333): 
D/[BT3.0+HS]PAL(  333): invalid reply message
D/[BT3.0+HS]PAL(  333): 
I/Netd    (  295): Get netlink event, ifname: wlan0 action: 4
I/Netd    (  295): Get netlink event, ifname: wlan0 action: 4
E/wpa_supplicant( 1206): This is a Iphone softap!!!!!!! 
E/wpa_supplicant( 1206): This is a Iphone softap!!!!!!! 
E/wpa_supplicant( 1206): This is a Iphone softap!!!!!!! 
E/WifiConfigStore(  877):  rewrite network history for "chaozhouniurouwan"WPA_PSK
E/WifiStateMachine(  877): mIsFullScanOngoing: true, mSendScanResultsBroadcast: false
E/WifiStateMachine(  877): mWifiOnScanCount: 72
I/libPerfService(  877): perfSetFavorPid - pid:487, 1e7
W/ContextImpl( 2120): Calling a method in the system process without a qualified user: android.app.ContextImpl.startService:1863 android.content.ContextWrapper.startService:516 android.content.ContextWrapper.startService:516 com.meizu.dataservice.ExperienceReceiver.a:-1 com.meizu.dataservice.ExperienceReceiver.onReceive:-1 
I/System.out(  487): isFirstLoctrue
I/System.out(  487): ******jscarlife*********************onMapStatusChangeStart*********************1******
I/System.out(  487): ******jscarlife*********************onReceiveLocation*********************
I/libPerfService(  877): 12: set: 1
I/libPerfService(  877): 12: set freq: 0
I/libPerfService(  877): 12: set gpu level: 0
I/System.out(  487): open:http://api.map.baidu.com/sdkproxy/v2/lbs_androidsdk/geocoder/v2?location=22.57697135614737%2C114.04994288977959&coordtype=bd09ll&pois=1&output=json&from=android_map_sdk&latest_admin=0&token=cfa74Vcsw7AuSrXyM1ioTmgT8BNO%2BmUpZUaJV12sEt9Yz77XJ5aOmPd1CbcueVfu9KdaxqK%2BYo5m7n6KPUMtG3OZQoy6VOF9pGGNJgj%2B5iQDgWcSRRrhnHjJ97PXiwTLI6CRSeIBDYja2DRZF6GzsqskL8Oe1hkkprfOizDKmUjRw32nrxD2OMbDVAQ&pcn=com.jieshun.jslife&screen=1080%2C1920&cuid=07AB6C1293F355B0E1AE06BB5824B71A%7C944874720008868&dpi=480%2C480&resid=02&appid=-1&mb=m2%20note&ctm=1535955870.985000&net=1&bduid=&channel=baidu&os=Android22&sv=4.5.2&sign=a0b918ae50505da2b0ee2045aa31308b
I/System.out(  487): [OkHttp] sendRequest>>
I/System.out(  487): [OkHttp] sendRequest<<
I/NetworkManagementSocketTagger(  487): untagSocket(69)
I/AudioFlinger(  300): setParameters(): io 0, keyvalue mediaserver_monitor=1, calling pid 877
W/AudioALSAHardware(  300): setParameters(), still have param.size() = 1, remain param = "mediaserver_monitor=1"
I/str_params(  300): key: 'mediaserver_monitor' value: '1'
I/AudioPolicyManager(  300): setStreamVolumeIndex stream = 7 index = 15 device = 0x400
I/SurfaceView(  487): updateWindow -- setFrame, this = com.baidu.platform.comapi.map.j{2a57e7 V.E..... ........ 0,0-1080,1920}
I/System.out(  487): ******jscarlife*********************onMapStatusChange*********************2******
I/System.out(  487): ******jscarlife*********************onMapStatusChange*********************2******
I/System.out(  487): ******jscarlife*********************onMapStatusChange*********************2******
I/System.out(  487): ******jscarlife*********************onMapStatusChange*********************2******
I/System.out(  487): ******jscarlife*********************onMapStatusChange*********************2******
I/System.out(  487): ******jscarlife*********************onMapStatusChange*********************2******
I/System.out(  487): ******jscarlife*********************onMapStatusChange*********************2******
I/System.out(  487): ******jscarlife*********************onMapStatusChange*********************2******
I/System.out(  487): ******jscarlife*********************onMapStatusChange*********************2******
I/System.out(  487): ******jscarlife*********************onMapStatusChange*********************2******
I/System.out(  487): ******jscarlife*********************onMapStatusChange*********************2******
I/System.out(  487): ******jscarlife*********************onMapStatusChange*********************2******
I/System.out(  487): ******jscarlife*********************onMapStatusChange*********************2******
I/System.out(  487): ******jscarlife*********************onMapStatusChange*********************2******
I/System.out(  487): open:http://api.map.baidu.com/sdkproxy/v2/lbs_androidsdk/geocoder/v2?location=22.576971356485775%2C114.04994288977956&coordtype=bd09ll&pois=1&output=json&from=android_map_sdk&latest_admin=0&token=cfa74Vcsw7AuSrXyM1ioTmgT8BNO%2BmUpZUaJV12sEt9Yz77XJ5aOmPd1CbcueVfu9KdaxqK%2BYo5m7n6KPUMtG3OZQoy6VOF9pGGNJgj%2B5iQDgWcSRRrhnHjJ97PXiwTLI6CRSeIBDYja2DRZF6GzsqskL8Oe1hkkprfOizDKmUjRw32nrxD2OMbDVAQ&pcn=com.jieshun.jslife&screen=1080%2C1920&cuid=07AB6C1293F355B0E1AE06BB5824B71A%7C944874720008868&dpi=480%2C480&resid=02&appid=-1&mb=m2%20note&ctm=1535955872.301000&net=1&bduid=&channel=baidu&os=Android22&sv=4.5.2&sign=4a28f76b8ecdaee221a8cb1eff91e6f0
I/System.out(  487): [OkHttp] sendRequest>>
I/System.out(  487): [OkHttp] sendRequest<<
I/SurfaceView(  487): updateWindow -- setFrame, this = com.baidu.platform.comapi.map.j{2a57e7 V.E..... ........ 0,0-1080,1920}
E/memtrack( 1121): Couldn't load memtrack module (No such file or directory)
E/android.os.Debug( 1121): failed to load memtrack module: -2
I/ActivityManager(  877): Controller Pid : 1121
W/BroadcastQueue(  877): Skipping deliver [background] BroadcastRecord{20163dec u-1 android.net.conn.CONNECTIVITY_CHANGE} to ReceiverList{2593744a 1121 (unknown name)/2000/u-1 remote:20a6723e}: process crashing
I/ActivityManager(  877): START u0 {act=android.intent.action.MAIN cat=[android.intent.category.LAUNCHER] flg=0x10200000 cmp=com.jieshun.jslife/.activity.common.WelcomeActivity} from uid 2000 on display 0 from pid 1121
I/NetworkManagementSocketTagger(  487): untagSocket(69)
I/libPerfService(  877): perfSetFavorPid - pid:0, 0
I/SurfaceFlinger(  274): [Built-in Screen (type:0)] fps:0.999531,dur:1000.47,max:1000.47,min:1000.47
I/PerfService(  877): PerfServiceNative_boostDisableAsync:5
I/libPerfService(  877): 5: set: 1
I/libPerfService(  877): 5: set freq: 0
I/SurfaceView(  487): updateWindow -- OnScrollChangedListener, this = android.view.SurfaceView$2@18f02a
I/SurfaceView(  487): updateWindow -- OnScrollChangedListener, this = android.view.SurfaceView$2@18f02a
I/SurfaceView(  487): updateWindow -- OnScrollChangedListener, this = android.view.SurfaceView$2@18f02a
W/MALI    (  487): glDrawArrays:714: [MALI] glDrawArrays takes more than 5ms here. Total elapse time(us): 8329
I/SurfaceView(  487): updateWindow -- OnScrollChangedListener, this = android.view.SurfaceView$2@18f02a
I/ActivityManager(  877): START u0 {act=android.intent.action.MAIN cat=[android.intent.category.LAUNCHER] flg=0x10200000 cmp=com.jieshun.jslife/.activity.common.WelcomeActivity} from uid 2000 on display 0 from pid 1121
I/libPerfService(  877): 7: set: 1
I/libPerfService(  877): 7: set freq: 0
I/thermal_repeater(  323): oh, queryMdThermalInfo (0)Bad file number
I/thermal_repeater(  323): [recvMdThermalInfo] ret=25, strLen=127,  1, 32767,,, -1, 32767, 2
I/PerfService(  877): PerfServiceNative_boostDisableAsync:5
I/libPerfService(  877): 5: set: 1
I/libPerfService(  877): 5: set freq: 0
I/SurfaceView(  487): updateWindow -- setFrame, this = com.baidu.platform.comapi.map.j{2a57e7 V.E..... ........ 0,0-1080,1920}
I/SurfaceView(  487): updateWindow -- OnScrollChangedListener, this = android.view.SurfaceView$2@18f02a
I/SurfaceView(  487): updateWindow -- OnScrollChangedListener, this = android.view.SurfaceView$2@18f02a
I/PerfService(  877): PerfServiceNative_boostDisableAsync:5
I/libPerfService(  877): 5: set: 1
I/libPerfService(  877): 5: set freq: 0
I/SurfaceFlinger(  274): [Built-in Screen (type:0)] fps:49.852676,dur:1002.96,max:97.64,min:14.17
I/SurfaceView(  487): updateWindow -- OnScrollChangedListener, this = android.view.SurfaceView$2@18f02a
I/AudioPolicyManager(  300): s 0 c 0 avaDev 3 ba2dpo 0 ba2dpsp 0 dev 2
I/AudioPolicyManager(  300): getOutput() device 2, stream 1, samplingRate 0, format 0, channelMask 3, flags 0
I/AudioPolicyManager(  300): getOutput() returns output 2
I/AudioPolicyManager(  300): s 0 c 0 avaDev 3 ba2dpo 0 ba2dpsp 0 dev 2
I/AudioPolicyManager(  300): getOutput() device 2, stream 1, samplingRate 0, format 0, channelMask 3, flags 0
I/AudioPolicyManager(  300): getOutput() returns output 2
I/AudioPolicyManager(  300): s 0 c 0 avaDev 3 ba2dpo 0 ba2dpsp 0 dev 2
I/AudioPolicyManager(  300): getOutput() returns output 2
W/AudioTrack(  877): AUDIO_OUTPUT_FLAG_FAST denied by client
I/AudioFlinger_Threads(  300): attachAuxEffect_l EffectId 0
I/AudioFlinger_Threads(  300): attachAuxEffect_l status 0
I/AudioPolicyManager(  300): AddSampleRateArray index = 1 sampleRate = 48000
I/AudioPolicyManager(  300): startOutput() output 2, stream 1, session 259
I/AudioPolicyManager(  300): s 0 c 0 avaDev 3 ba2dpo 0 ba2dpsp 0 dev 2
I/AudioPolicyManager(  300): getNewOutputDevice() selected device 2
I/AudioPolicyManager(  300): setOutputDevice() output 2 device 0002 delayMs 0 force 0
I/AudioPolicyManager(  300): s 0 c 0 avaDev 3 ba2dpo 0 ba2dpsp 0 dev 2
I/AudioFlinger(  300): setParameters(): io 2, keyvalue FM_DIRECT_CONTROL=1, calling pid 300
I/AudioPolicyManager(  300): setOutputDevice() prevDevice 0002
I/AudioPolicyManager(  300): setOutputDevice() mMutePrevDevice 0000
I/AudioPolicyManager(  300): s 0 c 0 avaDev 3 ba2dpo 0 ba2dpsp 0 dev 2
I/AudioPolicyManager(  300): s 1 c 0 avaDev 3 ba2dpo 0 ba2dpsp 0 dev 1
I/AudioPolicyManager(  300): s 2 c 0 avaDev 3 ba2dpo 0 ba2dpsp 0 dev 2
I/AudioPolicyManager(  300): s 2 c 0 avaDev 3 ba2dpo 0 ba2dpsp 0 dev 2
I/AudioPolicyManager(  300): s 3 c 0 avaDev 3 ba2dpo 0 ba2dpsp 0 dev 2
I/AudioPolicyManager(  300): s 0 c 0 avaDev 3 ba2dpo 0 ba2dpsp 0 dev 2
I/AudioPolicyManager(  300): s 4 c 0 avaDev 3 ba2dpo 0 ba2dpsp 0 dev 2
I/AudioPolicyManager(  300): s 5 c 0 avaDev 3 ba2dpo 0 ba2dpsp 0 dev 2
I/AudioPolicyManager(  300): s 6 c 0 avaDev 3 ba2dpo 0 ba2dpsp 0 dev 2
I/AudioPolicyManager(  300): s 7 c 0 avaDev 3 ba2dpo 0 ba2dpsp 0 dev 2
I/AudioPolicyManager(  300): s 8 c 0 avaDev 3 ba2dpo 0 ba2dpsp 0 dev 2
I/AudioPolicyManager(  300): setOutputDevice() setting same device 0002 or null device for output 2
I/AudioPolicyManager(  300):  checkAndSetVolume stream = 1 index = 8 output = 2 device = 0x2 delayMs = 0 force = 0
I/AudioPolicyManager(  300): PolicyForceReplace stream = 1 sampleRate = 48000 
I/AudioFlinger_Threads(  300): reset track timestretch tracn name 4100, ratio 100, mTimeStretchTrackName[name-4096] 0
I/AudioPolicyManager(  300): releaseOutput() 2
I/SurfaceView(  487): updateWindow -- OnScrollChangedListener, this = android.view.SurfaceView$2@18f02a
E/AudioALSAPlaybackHandlerBase(  300): openPcmDriver(), pcm_start(0xf04bd0c0) fail due to cannot start channel: Broken pipe
I/SurfaceView(  487): updateWindow -- OnScrollChangedListener, this = android.view.SurfaceView$2@18f02a
E/AudioALSAPlaybackHandlerBase(  300): -getHardwareBufferInfo pcm_get_htimestamp fail, ret = -1, pcm_get_error = cannot start channel: Broken pipe
E/AudioFlinger(  300): getNextBuffer, get null buffer
I/SurfaceView(  487): updateWindow -- OnScrollChangedListener, this = android.view.SurfaceView$2@18f02a
I/AudioFlinger_Threads(  300): pause signal - [NOT READY] on thread
W/ADB_SERVICES(  504): create_local_service_socket() name=shell:ps
W/ADB_SERVICES(  504): service_to_fd() name=shell:ps
W/ADB_SERVICES(  504): read_meminfo() mem_free=32632
W/ADB_SERVICES(  504): create_subproc ret_fd=16 pid=1142
W/ADB_SERVICES(  504): LS(3625): bound to 'shell:ps' via 16
W/ADB_SERVICES( 1142): adb: unable to update oom_score_adj
I/SurfaceView(  487): updateWindow -- OnScrollChangedListener, this = android.view.SurfaceView$2@18f02a
W/ADB_SERVICES(  504): entered. LS(3625) fd=16
I/AudioPolicyManager(  300): ReleaseFMIndirectMode 
I/AudioPolicyManager(  300): PolicyRestore
I/AudioPolicyManager(  300): stopOutput() output 2, stream 1, session 259
I/AudioPolicyManager(  300): getNewOutputDevice() selected device 0
I/AudioPolicyManager(  300): setOutputDevice() output 2 device 0000 delayMs 184 force 0
I/AudioPolicyManager(  300): setOutputDevice() prevDevice 0002
I/AudioPolicyManager(  300): setOutputDevice() mMutePrevDevice 0002
I/AudioPolicyManager(  300): s 0 c 0 avaDev 3 ba2dpo 0 ba2dpsp 0 dev 2
I/AudioPolicyManager(  300): s 1 c 0 avaDev 3 ba2dpo 0 ba2dpsp 0 dev 1
I/AudioPolicyManager(  300): s 2 c 0 avaDev 3 ba2dpo 0 ba2dpsp 0 dev 2
I/AudioPolicyManager(  300): s 2 c 0 avaDev 3 ba2dpo 0 ba2dpsp 0 dev 2
I/AudioPolicyManager(  300): s 3 c 0 avaDev 3 ba2dpo 0 ba2dpsp 0 dev 2
I/AudioPolicyManager(  300): s 0 c 0 avaDev 3 ba2dpo 0 ba2dpsp 0 dev 2
I/AudioPolicyManager(  300): s 4 c 0 avaDev 3 ba2dpo 0 ba2dpsp 0 dev 2
I/AudioPolicyManager(  300): s 5 c 0 avaDev 3 ba2dpo 0 ba2dpsp 0 dev 2
I/AudioPolicyManager(  300): s 6 c 0 avaDev 3 ba2dpo 0 ba2dpsp 0 dev 2
I/AudioPolicyManager(  300): s 7 c 0 avaDev 3 ba2dpo 0 ba2dpsp 0 dev 2
I/AudioPolicyManager(  300): s 8 c 0 avaDev 3 ba2dpo 0 ba2dpsp 0 dev 2
I/AudioPolicyManager(  300): setOutputDevice() setting same device 0000 or null device for output 2
W/ADB_SERVICES(  504): create_local_service_socket() name=shell:cat /proc/cpuinfo
W/ADB_SERVICES(  504): service_to_fd() name=shell:cat /proc/cpuinfo
W/ADB_SERVICES(  504): read_meminfo() mem_free=32704
W/ADB_SERVICES(  504): create_subproc ret_fd=16 pid=1143
W/ADB_SERVICES(  504): LS(3626): bound to 'shell:cat /proc/cpuinfo' via 16
W/ADB_SERVICES( 1143): adb: unable to update oom_score_adj
I/System.out(  487): isFirstLoctrue
I/System.out(  487): ******jscarlife*********************onMapStatusChangeStart*********************1******
W/ADB_SERVICES(  504): entered. LS(3626) fd=16
I/System.out(  487): ******jscarlife*********************onReceiveLocation*********************
I/System.out(  487): open:http://api.map.baidu.com/sdkproxy/v2/lbs_androidsdk/geocoder/v2?location=22.57697135614737%2C114.04994288977959&coordtype=bd09ll&pois=1&output=json&from=android_map_sdk&latest_admin=0&token=cfa74Vcsw7AuSrXyM1ioTmgT8BNO%2BmUpZUaJV12sEt9Yz77XJ5aOmPd1CbcueVfu9KdaxqK%2BYo5m7n6KPUMtG3OZQoy6VOF9pGGNJgj%2B5iQDgWcSRRrhnHjJ97PXiwTLI6CRSeIBDYja2DRZF6GzsqskL8Oe1hkkprfOizDKmUjRw32nrxD2OMbDVAQ&pcn=com.jieshun.jslife&screen=1080%2C1920&cuid=07AB6C1293F355B0E1AE06BB5824B71A%7C944874720008868&dpi=480%2C480&resid=02&appid=-1&mb=m2%20note&ctm=1535955874.903000&net=1&bduid=&channel=baidu&os=Android22&sv=4.5.2&sign=bb6c36cc9b53454aeb4a26be23f64414
I/System.out(  487): [OkHttp] sendRequest>>
I/System.out(  487): [OkHttp] sendRequest<<
W/ADB_SERVICES(  504): create_local_service_socket() name=shell:dumpsys battery
W/ADB_SERVICES(  504): service_to_fd() name=shell:dumpsys battery
W/ADB_SERVICES(  504): read_meminfo() mem_free=32800
W/ADB_SERVICES(  504): create_subproc ret_fd=16 pid=1144
W/ADB_SERVICES(  504): LS(3627): bound to 'shell:dumpsys battery' via 16
W/ADB_SERVICES( 1144): adb: unable to update oom_score_adj
W/MALI    (  487): glDrawArrays:714: [MALI] glDrawArrays takes more than 5ms here. Total elapse time(us): 8712
I/NetworkManagementSocketTagger(  487): untagSocket(69)
I/ActivityManager(  877): START u0 {act=android.intent.action.MAIN cat=[android.intent.category.LAUNCHER] flg=0x10200000 cmp=com.jieshun.jslife/.activity.common.WelcomeActivity} from uid 2000 on display 0 from pid 1121
I/SurfaceView(  487): updateWindow -- setFrame, this = com.baidu.platform.comapi.map.j{2a57e7 V.E..... ........ 0,0-1080,1920}
I/System.out(  487): ******jscarlife*********************onMapStatusChange*********************2******
I/System.out(  487): ******jscarlife*********************onMapStatusChange*********************2******
W/MALI    (  487): glDrawArrays:714: [MALI] glDrawArrays takes more than 5ms here. Total elapse time(us): 5809
W/ADB_SERVICES(  504): entered. LS(3627) fd=16
I/AudioFlinger(  300): setParameters(): io 2, keyvalue FM_DIRECT_CONTROL=0, calling pid 300
I/System.out(  487): ******jscarlife*********************onMapStatusChange*********************2******
I/System.out(  487): ******jscarlife*********************onMapStatusChange*********************2******
I/System.out(  487): ******jscarlife*********************onMapStatusChange*********************2******
I/System.out(  487): ******jscarlife*********************onMapStatusChange*********************2******
I/System.out(  487): ******jscarlife*********************onMapStatusChange*********************2******
I/System.out(  487): ******jscarlife*********************onMapStatusChange*********************2******
I/System.out(  487): ******jscarlife*********************onMapStatusChange*********************2******
I/System.out(  487): ******jscarlife*********************onMapStatusChange*********************2******
I/System.out(  487): ******jscarlife*********************onMapStatusChange*********************2******
I/System.out(  487): open:http://api.map.baidu.com/sdkproxy/v2/lbs_androidsdk/geocoder/v2?location=22.576971356485775%2C114.04994288977956&coordtype=bd09ll&pois=1&output=json&from=android_map_sdk&latest_admin=0&token=cfa74Vcsw7AuSrXyM1ioTmgT8BNO%2BmUpZUaJV12sEt9Yz77XJ5aOmPd1CbcueVfu9KdaxqK%2BYo5m7n6KPUMtG3OZQoy6VOF9pGGNJgj%2B5iQDgWcSRRrhnHjJ97PXiwTLI6CRSeIBDYja2DRZF6GzsqskL8Oe1hkkprfOizDKmUjRw32nrxD2OMbDVAQ&pcn=com.jieshun.jslife&screen=1080%2C1920&cuid=07AB6C1293F355B0E1AE06BB5824B71A%7C944874720008868&dpi=480%2C480&resid=02&appid=-1&mb=m2%20note&ctm=1535955876.234000&net=1&bduid=&channel=baidu&os=Android22&sv=4.5.2&sign=3fde6f0fc0b9aa08eb30b00c810529dd
I/System.out(  487): [OkHttp] sendRequest>>
I/System.out(  487): [OkHttp] sendRequest<<
I/SurfaceView(  487): updateWindow -- setFrame, this = com.baidu.platform.comapi.map.j{2a57e7 V.E..... ........ 0,0-1080,1920}
I/PerfService(  877): PerfServiceNative_boostDisableAsync:5
I/jieshun.jslife(  487): dispatchTouchEvent-------------- 0
I/libPerfService(  877): 5: set: 1
I/libPerfService(  877): 5: set freq: 0
I/jieshun.jslife(  487): dispatchTouchEvent-------------- 1
I/NetworkManagementSocketTagger(  487): untagSocket(69)
I/AudioPolicyManager(  300): s 0 c 0 avaDev 3 ba2dpo 0 ba2dpsp 0 dev 2
I/AudioPolicyManager(  300): getOutput() device 2, stream 1, samplingRate 0, format 0, channelMask 3, flags 0
I/AudioPolicyManager(  300): getOutput() returns output 2
I/AudioPolicyManager(  300): s 0 c 0 avaDev 3 ba2dpo 0 ba2dpsp 0 dev 2
I/AudioPolicyManager(  300): getOutput() device 2, stream 1, samplingRate 0, format 0, channelMask 3, flags 0
I/AudioPolicyManager(  300): getOutput() returns output 2
I/ActivityManager(  877): START u0 {cmp=com.jieshun.jslife/.activity.WebViewBaseActivity (has extras)} from uid 10099 on display 0 from pid 487
I/AudioPolicyManager(  300): s 0 c 0 avaDev 3 ba2dpo 0 ba2dpsp 0 dev 2
I/AudioPolicyManager(  300): getOutput() returns output 2
W/AudioTrack(  877): AUDIO_OUTPUT_FLAG_FAST denied by client
I/AudioFlinger_Threads(  300): attachAuxEffect_l EffectId 0
I/AudioFlinger_Threads(  300): attachAuxEffect_l status 0
I/AudioPolicyManager(  300): AddSampleRateArray index = 1 sampleRate = 48000
I/AudioPolicyManager(  300): startOutput() output 2, stream 1, session 260
I/AudioPolicyManager(  300): s 0 c 0 avaDev 3 ba2dpo 0 ba2dpsp 0 dev 2
I/AudioPolicyManager(  300): getNewOutputDevice() selected device 2
I/AudioPolicyManager(  300): setOutputDevice() output 2 device 0002 delayMs 0 force 0
I/AudioPolicyManager(  300): s 0 c 0 avaDev 3 ba2dpo 0 ba2dpsp 0 dev 2
I/AudioFlinger(  300): setParameters(): io 2, keyvalue FM_DIRECT_CONTROL=1, calling pid 300
I/libPerfService(  877): 14: set freq: 1300000
I/libPerfService(  877): 14: set: 6
I/WindowManager(  877): Losing focus: Window{1f6ea013 u0 com.jieshun.jslife/com.jieshun.jslife.activity.common.MainFragmentActivity}
I/AudioPolicyManager(  300): setOutputDevice() prevDevice 0002
I/AudioPolicyManager(  300): setOutputDevice() mMutePrevDevice 0000
I/AudioPolicyManager(  300): s 0 c 0 avaDev 3 ba2dpo 0 ba2dpsp 0 dev 2
I/AudioPolicyManager(  300): s 1 c 0 avaDev 3 ba2dpo 0 ba2dpsp 0 dev 1
I/AudioPolicyManager(  300): s 2 c 0 avaDev 3 ba2dpo 0 ba2dpsp 0 dev 2
I/AudioPolicyManager(  300): s 2 c 0 avaDev 3 ba2dpo 0 ba2dpsp 0 dev 2
I/AudioPolicyManager(  300): s 3 c 0 avaDev 3 ba2dpo 0 ba2dpsp 0 dev 2
I/AudioPolicyManager(  300): s 0 c 0 avaDev 3 ba2dpo 0 ba2dpsp 0 dev 2
I/AudioPolicyManager(  300): s 4 c 0 avaDev 3 ba2dpo 0 ba2dpsp 0 dev 2
