E/wpa_supplicant( 1206): This is a Iphone softap!!!!!!! 
E/wpa_supplicant( 1206): This is a Iphone softap!!!!!!! 
I/Netd    (  295): Get netlink event, ifname: wlan0 action: 4
I/Netd    (  295): Get netlink event, ifname: wlan0 action: 4
E/WifiConfigStore(  877):  rewrite network history for "chaozhouniurouwan"WPA_PSK
E/WifiStateMachine(  877): mIsFullScanOngoing: true, mSendScanResultsBroadcast: false
E/WifiStateMachine(  877): mWifiOnScanCount: 66
W/ContextImpl( 2120): Calling a method in the system process without a qualified user: android.app.ContextImpl.startService:1863 android.content.ContextWrapper.startService:516 android.content.ContextWrapper.startService:516 com.meizu.dataservice.ExperienceReceiver.a:-1 com.meizu.dataservice.ExperienceReceiver.onReceive:-1 
I/art     (  877): Background sticky concurrent mark sweep GC freed 16141(2MB) AllocSpace objects, 0(0B) LOS objects, 5% free, 35MB/37MB, paused 5.878ms total 80.316ms
I/NetworkManagementSocketTagger(  673): untagSocket(54)
I/NetworkManagementSocketTagger(  673): untagSocket(54)
I/NetworkManagementSocketTagger(  673): untagSocket(54)
I/NetworkManagementSocketTagger(  673): untagSocket(54)
I/NetworkManagementSocketTagger(  673): untagSocket(54)
I/NetworkManagementSocketTagger(  673): untagSocket(54)
I/NetworkManagementSocketTagger(  673): untagSocket(54)
I/NetworkManagementSocketTagger(  673): untagSocket(54)
I/NetworkManagementSocketTagger(  673): untagSocket(54)
I/NetworkManagementSocketTagger(  673): untagSocket(54)
I/NetworkManagementSocketTagger(  673): untagSocket(54)
I/System.out(  673): open:https://loc.map.baidu.com/sdk.php
I/System.out(  673): Close in OkHttp
I/System.out(  673): [CDS]close[44813]
I/NetworkManagementSocketTagger(  673): untagSocket(45)
D/libc-netbsd(  673): [getaddrinfo]: hostname=loc.map.baidu.com; servname=(null); cache_mode=(null), netid=0; mark=0
D/libc-netbsd(  673): [getaddrinfo]: ai_addrlen=0; ai_canonname=(null); ai_flags=4; ai_family=0
D/libc-netbsd(  673): [getaddrinfo]: hostname=loc.map.baidu.com; servname=(null); cache_mode=(null), netid=0; mark=0
D/libc-netbsd(  673): [getaddrinfo]: ai_addrlen=0; ai_canonname=(null); ai_flags=1024; ai_family=0
D/libc-netbsd(  295): [getaddrinfo]: hostname=loc.map.baidu.com; servname=(null); cache_mode=local, netid=101; mark=917605
D/libc-netbsd(  295): [getaddrinfo]: ai_addrlen=0; ai_canonname=(null); ai_flags=1024; ai_family=0
D/libc-netbsd(  295): default dns: query_ipv6=0, query_ipv4=1
D/libc-netbsd(  295): res_queryN name = loc.map.baidu.com, class = 1, type = 1
D/libc-netbsd(  295): res_queryN name = loc.map.baidu.com succeed
D/libc-netbsd(  673): getaddrinfo: loc.map.baidu.com get result from proxy >>
I/System.out(  673): propertyValue:true
I/System.out(  673): [CDS]connect[loc.map.baidu.com/14.215.177.33:443] tm:12
D/libc-netbsd(  673): [getaddrinfo]: hostname=loc.map.baidu.com; servname=(null); cache_mode=(null), netid=0; mark=0
D/libc-netbsd(  673): [getaddrinfo]: ai_addrlen=0; ai_canonname=(null); ai_flags=4; ai_family=0
I/System.out(  673): gba_cipher_suite:TLS_ECDHE_RSA_WITH_AES_128_GCM_SHA256
I/System.out(  673): [OkHttp] sendRequest>>
I/System.out(  673): [OkHttp] sendRequest<<
I/NetworkManagementSocketTagger(  673): untagSocket(45)
I/System.out(  487): isFirstLoctrue
I/System.out(  487): ******jscarlife*********************onReceiveLocation*********************
I/System.out(  487): open:http://api.map.baidu.com/sdkproxy/v2/lbs_androidsdk/geocoder/v2?location=22.57697135614737%2C114.04994288977959&coordtype=bd09ll&pois=1&output=json&from=android_map_sdk&latest_admin=0&token=cfa74Vcsw7AuSrXyM1ioTmgT8BNO%2BmUpZUaJV12sEt9Yz77XJ5aOmPd1CbcueVfu9KdaxqK%2BYo5m7n6KPUMtG3OZQoy6VOF9pGGNJgj%2B5iQDgWcSRRrhnHjJ97PXiwTLI6CRSeIBDYja2DRZF6GzsqskL8Oe1hkkprfOizDKmUjRw32nrxD2OMbDVAQ&pcn=com.jieshun.jslife&screen=1080%2C1920&cuid=07AB6C1293F355B0E1AE06BB5824B71A%7C944874720008868&dpi=480%2C480&resid=02&appid=-1&mb=m2%20note&ctm=1535955782.111000&net=1&bduid=&channel=baidu&os=Android22&sv=4.5.2&sign=1d66cb4efa3bc0a0238c46d14bf40c53
I/System.out(  487): [OkHttp] sendRequest>>
I/System.out(  487): [OkHttp] sendRequest<<
I/NetworkManagementSocketTagger(  487): untagSocket(69)
I/libPerfService(  877): perfSetFavorPid - pid:0, 0
I/SurfaceFlinger(  274): [Built-in Screen (type:0)] fps:0.604534,dur:1654.17,max:1654.17,min:1654.17
I/thermal_repeater(  323): oh, queryMdThermalInfo (0)Bad file number
I/thermal_repeater(  323): [recvMdThermalInfo] ret=25, strLen=127,  1, 32767,,, -1, 32767, 2
I/SurfaceFlinger(  274): [Built-in Screen (type:0)] fps:1.959715,dur:1020.56,max:992.99,min:27.57
I/System.out(  487): isFirstLoctrue
I/System.out(  487): ******jscarlife*********************onReceiveLocation*********************
I/System.out(  487): open:http://api.map.baidu.com/sdkproxy/v2/lbs_androidsdk/geocoder/v2?location=22.57697135614737%2C114.04994288977959&coordtype=bd09ll&pois=1&output=json&from=android_map_sdk&latest_admin=0&token=cfa74Vcsw7AuSrXyM1ioTmgT8BNO%2BmUpZUaJV12sEt9Yz77XJ5aOmPd1CbcueVfu9KdaxqK%2BYo5m7n6KPUMtG3OZQoy6VOF9pGGNJgj%2B5iQDgWcSRRrhnHjJ97PXiwTLI6CRSeIBDYja2DRZF6GzsqskL8Oe1hkkprfOizDKmUjRw32nrxD2OMbDVAQ&pcn=com.jieshun.jslife&screen=1080%2C1920&cuid=07AB6C1293F355B0E1AE06BB5824B71A%7C944874720008868&dpi=480%2C480&resid=02&appid=-1&mb=m2%20note&ctm=1535955784.730000&net=1&bduid=&channel=baidu&os=Android22&sv=4.5.2&sign=2287ccd2e4aa6e411099910db07a9919
I/System.out(  487): [OkHttp] sendRequest>>
I/System.out(  487): [OkHttp] sendRequest<<
I/NetworkManagementSocketTagger(  487): untagSocket(69)
I/SurfaceFlinger(  274): [Built-in Screen (type:0)] fps:1.012276,dur:1975.75,max:999.92,min:975.83
I/SurfaceFlinger(  274): [Built-in Screen (type:0)] fps:1.882354,dur:1062.50,max:1052.42,min:10.08
I/AudioFlinger(  300): setParameters(): io 0, keyvalue mediaserver_monitor=1, calling pid 877
W/AudioALSAHardware(  300): setParameters(), still have param.size() = 1, remain param = "mediaserver_monitor=1"
I/str_params(  300): key: 'mediaserver_monitor' value: '1'
I/AudioPolicyManager(  300): setStreamVolumeIndex stream = 7 index = 15 device = 0x400
I/thermal_repeater(  323): oh, queryMdThermalInfo (0)Bad file number
I/thermal_repeater(  323): [recvMdThermalInfo] ret=25, strLen=127,  1, 32767,,, -1, 32767, 2
D/[BT3.0+HS]PAL(  333): == chip_reset_fd is set ==
D/[BT3.0+HS]PAL(  333): 
D/[BT3.0+HS]PAL(  333): invalid reply message
D/[BT3.0+HS]PAL(  333): 
I/SurfaceFlinger(  274): [Built-in Screen (type:0)] fps:0.337699,dur:2961.22,max:2961.22,min:2961.22
W/Watchdog(  877): SWT Watchdog after wait current time:20196406
W/Watchdog(  877): **Get SF Time **1
W/Watchdog(  877): SWT Watchdog before synchronized:20196407
W/Watchdog(  877): SWT Watchdog after synchronized:20196407
W/Watchdog(  877): SWT Watchdog before wait timeout:30000
W/Watchdog(  877): SWT Watchdog before wait current time:20196407
W/Watchdog(  877): SWT Watchdog before wait start:20196407
W/Watchdog(  877): SWT Watchdog before wait CHECK_INTERVAL:30000
I/SurfaceFlinger(  274): [Built-in Screen (type:0)] fps:0.989809,dur:1010.30,max:1010.30,min:1010.30
E/wpa_supplicant( 1206): This is a Iphone softap!!!!!!! 
E/wpa_supplicant( 1206): This is a Iphone softap!!!!!!! 
I/Netd    (  295): Get netlink event, ifname: wlan0 action: 4
I/Netd    (  295): Get netlink event, ifname: wlan0 action: 4
D/[BT3.0+HS]PAL(  333): == chip_reset_fd is set ==
D/[BT3.0+HS]PAL(  333): 
D/[BT3.0+HS]PAL(  333): invalid reply message
D/[BT3.0+HS]PAL(  333): 
D/[BT3.0+HS]PAL(  333): == chip_reset_fd is set ==
D/[BT3.0+HS]PAL(  333): 
D/[BT3.0+HS]PAL(  333): invalid reply message
D/[BT3.0+HS]PAL(  333): 
E/WifiConfigStore(  877):  rewrite network history for "chaozhouniurouwan"WPA_PSK
E/WifiStateMachine(  877): mIsFullScanOngoing: true, mSendScanResultsBroadcast: false
E/WifiStateMachine(  877): mWifiOnScanCount: 67
I/libPerfService(  877): perfSetFavorPid - pid:487, 1e7
W/art     (  877): Suspending all threads took: 5.551ms
I/art     (  877): Background sticky concurrent mark sweep GC freed 14284(2MB) AllocSpace objects, 0(0B) LOS objects, 4% free, 35MB/37MB, paused 8.647ms total 61.841ms
W/ContextImpl( 2120): Calling a method in the system process without a qualified user: android.app.ContextImpl.startService:1863 android.content.ContextWrapper.startService:516 android.content.ContextWrapper.startService:516 com.meizu.dataservice.ExperienceReceiver.a:-1 com.meizu.dataservice.ExperienceReceiver.onReceive:-1 
I/System.out(  487): isFirstLoctrue
I/System.out(  487): ******jscarlife*********************onReceiveLocation*********************
I/System.out(  487): open:http://api.map.baidu.com/sdkproxy/v2/lbs_androidsdk/geocoder/v2?location=22.57697135614737%2C114.04994288977959&coordtype=bd09ll&pois=1&output=json&from=android_map_sdk&latest_admin=0&token=cfa74Vcsw7AuSrXyM1ioTmgT8BNO%2BmUpZUaJV12sEt9Yz77XJ5aOmPd1CbcueVfu9KdaxqK%2BYo5m7n6KPUMtG3OZQoy6VOF9pGGNJgj%2B5iQDgWcSRRrhnHjJ97PXiwTLI6CRSeIBDYja2DRZF6GzsqskL8Oe1hkkprfOizDKmUjRw32nrxD2OMbDVAQ&pcn=com.jieshun.jslife&screen=1080%2C1920&cuid=07AB6C1293F355B0E1AE06BB5824B71A%7C944874720008868&dpi=480%2C480&resid=02&appid=-1&mb=m2%20note&ctm=1535955800.991000&net=1&bduid=&channel=baidu&os=Android22&sv=4.5.2&sign=8ef44ba1559e0fc578d3e9d4fb6f13ed
I/System.out(  487): [OkHttp] sendRequest>>
I/System.out(  487): [OkHttp] sendRequest<<
I/NetworkManagementSocketTagger(  487): untagSocket(69)
I/libPerfService(  877): 11: set: 2
I/libPerfService(  877): perfSetFavorPid - pid:0, 0
I/SurfaceFlinger(  274): [Built-in Screen (type:0)] fps:0.500512,dur:1997.95,max:1997.95,min:1997.95
I/thermal_repeater(  323): oh, queryMdThermalInfo (0)Bad file number
I/thermal_repeater(  323): [recvMdThermalInfo] ret=25, strLen=127,  1, 32767,,, -1, 32767, 2
I/System.out(  487): isFirstLoctrue
I/System.out(  487): ******jscarlife*********************onReceiveLocation*********************
I/System.out(  487): open:http://api.map.baidu.com/sdkproxy/v2/lbs_androidsdk/geocoder/v2?location=22.57697135614737%2C114.04994288977959&coordtype=bd09ll&pois=1&output=json&from=android_map_sdk&latest_admin=0&token=cfa74Vcsw7AuSrXyM1ioTmgT8BNO%2BmUpZUaJV12sEt9Yz77XJ5aOmPd1CbcueVfu9KdaxqK%2BYo5m7n6KPUMtG3OZQoy6VOF9pGGNJgj%2B5iQDgWcSRRrhnHjJ97PXiwTLI6CRSeIBDYja2DRZF6GzsqskL8Oe1hkkprfOizDKmUjRw32nrxD2OMbDVAQ&pcn=com.jieshun.jslife&screen=1080%2C1920&cuid=07AB6C1293F355B0E1AE06BB5824B71A%7C944874720008868&dpi=480%2C480&resid=02&appid=-1&mb=m2%20note&ctm=1535955804.781000&net=1&bduid=&channel=baidu&os=Android22&sv=4.5.2&sign=427789e9b574daa9d0233cec62b27531
I/System.out(  487): [OkHttp] sendRequest>>
I/System.out(  487): [OkHttp] sendRequest<<
I/NetworkManagementSocketTagger(  487): untagSocket(69)
I/SurfaceFlinger(  274): [Built-in Screen (type:0)] fps:0.995801,dur:2008.43,max:1010.17,min:998.27
I/libPerfService(  877): 11: set: 1
I/libPerfService(  877): 11: set freq: 0
I/libPerfService(  877): 11: set gpu level: 0
I/SurfaceFlinger(  274): [Built-in Screen (type:0)] fps:0.998391,dur:2003.22,max:1010.36,min:992.86
I/AudioFlinger(  300): setParameters(): io 0, keyvalue mediaserver_monitor=1, calling pid 877
I/art     ( 2120): Background sticky concurrent mark sweep GC freed 31030(1627KB) AllocSpace objects, 10(172KB) LOS objects, 9% free, 18MB/19MB, paused 9.899ms total 35.065ms
W/AudioALSAHardware(  300): setParameters(), still have param.size() = 1, remain param = "mediaserver_monitor=1"
I/str_params(  300): key: 'mediaserver_monitor' value: '1'
I/AudioPolicyManager(  300): setStreamVolumeIndex stream = 7 index = 15 device = 0x400
I/SurfaceFlinger(  274): [Built-in Screen (type:0)] fps:0.989814,dur:1010.29,max:1010.29,min:1010.29
I/thermal_repeater(  323): oh, queryMdThermalInfo (0)Bad file number
I/thermal_repeater(  323): [recvMdThermalInfo] ret=25, strLen=127,  1, 32767,,, -1, 32767, 2
D/[BT3.0+HS]PAL(  333): == chip_reset_fd is set ==
D/[BT3.0+HS]PAL(  333): 
D/[BT3.0+HS]PAL(  333): invalid reply message
D/[BT3.0+HS]PAL(  333): 
I/PowerManagerService(  877): Going to sleep due to screen timeout (uid 1000)...
I/PowerManagerService(  877): Going to sleep due to lid switch (uid 1000)...
I/ActivityManager(  877): onWakefulnessChanged: 3
I/PowerManagerService(  877): Sleeping (uid 1000)...
I/SensorHAL(  877): Dev Batch, handle: 4, name: LSM6DS3 Accelerometer Sensor
I/libPerfService(  877): perfSetFavorPid - pid:487, 1e7
W/ContextImpl(  877): Calling a method in the system process without a qualified user: android.app.ContextImpl.sendBroadcast:1474 com.android.server.statusbar.StatusBarManagerService.onPanelHidden:555 com.android.internal.statusbar.IStatusBarService$Stub.onTransact:192 android.os.Binder.execTransact:454 <bottom of call stack> 
I/BatteryConsumeMonitor( 1287): watting idle mode !
I/PalmRejection( 1041): disableProximityLockLocked, mProximitySensorEnabled = false
I/PalmRejection( 1041): disableProximityLockLocked() failed... Proximity Sensor already disabled
I/SurfaceFlinger(  274): [Built-in Screen (type:0)] fps:2.214119,dur:1354.94,max:975.87,min:9.58
I/SensorHAL(  877): Dev Batch, handle: 7, name: LSM6DS3 Step Counter Sensor
I/[MALI][Gralloc](  274): Usage: 0x333, format: 0x1 stride: 1088 vertical_stride: 1920 size: 8355840
I/SensorHAL(  877): Dev Flush, handle: 7, name: LSM6DS3 Step Counter Sensor, ret: -22
I/PhoneStatusBar( 1041): updateNotificationCountChange,mLastHasNotification:true , hasActiveNotifications:true
I/AudioFlinger(  300): setParameters(): io 0, keyvalue screen_state=off, calling pid 877
I/str_params(  300): key: 'screen_state' value: 'off'
E/WifiStateMachine(  877): cancelDelayedScan -> 18
I/PhoneStatusBar( 1041): updateNotificationCountChange,mLastHasNotification:true , hasActiveNotifications:true
E/native  (  877): do suspend true
I/wpa_supplicant( 1206): wpa_driver_nl80211_driver_cmd: buf =  ret = 2 used = 2 total = 4096
I/[MALI][Gralloc](  274): Usage: 0xb00, format: 0x1 stride: 1088 vertical_stride: 1920 size: 8355840
I/[MALI][Gralloc](  274): Usage: 0xb00, format: 0x1 stride: 1088 vertical_stride: 1920 size: 8355840
I/CalendarAgendaWidget(32591): onReceive action = android.intent.action.ACCESS_CONTROL_CHANGED
I/PerfService(  274): PerfServiceNative_notifyDisplayType:0
I/[MALI][Gralloc](  274): Usage: 0xb00, format: 0x1 stride: 1088 vertical_stride: 1920 size: 8355840
I/CalendarAgendaWidget(32591): onReceive action = android.intent.action.ACCESS_CONTROL_CHANGED
I/[MALI][Gralloc](  274): Usage: 0xb00, format: 0x1 stride: 1088 vertical_stride: 1920 size: 8355840
I/WindowManager(  877): Gaining focus: Window{1a4c17d3 u0 com.jieshun.jslife/com.jieshun.jslife.activity.serviceDelay.ServiceDelayActivity}
I/WindowManager(  877): Losing focus: Window{2d945bf0 u0 StatusBar}
I/[MALI][Gralloc](  274): Usage: 0xb00, format: 0x1 stride: 1088 vertical_stride: 66 size: 287232
I/libPerfService(  877): perfSetFavorPid - pid:0, 0
I/libPerfService(  877): perfSetFavorPid - pid:487, 1e7
W/InputMethodManagerService(  877): Window already focused, ignoring focus gain of: com.android.internal.view.IInputMethodClient$Stub$Proxy@22bc1373 attribute=android.view.inputmethod.EditorInfo@15f38230, token = android.os.BinderProxy@17d6bdc2
W/DecodingInfo( 1333): No Engine for Decoding
I/[MALI][Gralloc](  274): Usage: 0xb00, format: 0x1 stride: 1088 vertical_stride: 66 size: 287232
I/PalmRejection( 1041): disableProximityLockLocked, mProximitySensorEnabled = false
I/PalmRejection( 1041): disableProximityLockLocked() failed... Proximity Sensor already disabled
I/libPerfService(  877): perfSetFavorPid - pid:0, 0
I/libPerfService(  877): perfSetFavorPid - pid:487, 1e7
I/[MALI][Gralloc](  274): Usage: 0xb00, format: 0x1 stride: 1088 vertical_stride: 66 size: 287232
I/Launcher( 1620): launcher stats1 = WORKSPACE
W/ContextImpl( 1698): Calling a method in the system process without a qualified user: android.app.ContextImpl.startService:1863 android.content.ContextWrapper.startService:516 com.meizu.networkmanager.c.r.a:25 com.meizu.networkmanager.boradcast.b$1$1.run:67 <bottom of call stack> 
I/[MALI][Gralloc](  274): Usage: 0xb00, format: 0x1 stride: 1088 vertical_stride: 66 size: 287232
I/NetworkStatsRecorder(  877): recordSnapshotLocked: ident[[{type=WIFI, subType=COMBINED, networkId=chaozhouniurouwan}]]
W/NetworkStatsRecorder(  877): unknown interfaces [lo, p2p0], ignoring those stats
I/NetworkStatsRecorder(  877): recordSnapshotLocked: ident[[{type=WIFI, subType=COMBINED, networkId=chaozhouniurouwan}]]
W/NetworkStatsRecorder(  877): unknown interfaces [lo, p2p0], ignoring those stats
I/NetworkStatsRecorder(  877): recordSnapshotLocked: ident[[{type=WIFI, subType=COMBINED, networkId=chaozhouniurouwan}]]
I/NetworkStatsRecorder(  877): recordSnapshotLocked: ident[[{type=WIFI, subType=COMBINED, networkId=chaozhouniurouwan}]]
I/NetworkStatsRecorder(  877): recordSnapshotLocked: ident[[{type=WIFI, subType=COMBINED, networkId=chaozhouniurouwan}]]
W/NetworkStatsRecorder(  877): unknown interfaces [lo, p2p0], ignoring those stats
W/NetworkStatsRecorder(  877): unknown interfaces [lo, p2p0], ignoring those stats
W/auto_update_AppAutoUpdateManager( 3342): --Screen off but update app size == 0,switch:true, wifi:true, and Screen on: false, Power Connected: true, Battery: 100(-50|+15), Competitive:false(not check), downloaded size:0, downloaded time:0, available size:0
I/PreDownloadAndBookAppManager( 3342): normalCheck: true, post delay 2 min to  start book download task
I/SensorHAL(  877): Dev Active, handle: 2, name: LTR559 Proximity Sensor, enable: 0.
I/SensorHAL(  877): SensorBase::Enable. name: LTR559 Proximity Sensor, enable: 0
I/SensorHAL(  877): HWSensorBase::Enable, handle: 2, name: lsm6ds3_proximity, enable: 0
I/SensorHAL(  877): Dev Active, handle: 1, name: LTR559 Light Sensor, enable: 0.
I/SensorHAL(  877): SensorBase::Enable. name: LTR559 Light Sensor, enable: 0
I/SensorHAL(  877): HWSensorBase::Enable, handle: 1, name: lsm6ds3_light, enable: 0
I/DisplayManagerService(  877): Display device changed: DisplayDeviceInfo{"": uniqueId="local:0", 1080 x 1920, 57.490005 fps, supportedRefreshRates [57.490005], density 480, 480.0 x 480.0 dpi, appVsyncOff -8000000, presDeadline 26394328, touch INTERNAL, rotation 0, type BUILT_IN, state OFF, subtype 0, FLAG_DEFAULT_DISPLAY, FLAG_ROTATES_WITH_CONTENT, FLAG_SECURE, FLAG_SUPPORTS_PROTECTED_BUFFERS}
I/hwcomposer(  274): [HWC] SetPowerMode(0) Display(0)
I/ActivityManager(  877): onWakefulnessChanged: 0
I/PerfService(  274): PerfServiceNative_notifyDisplayType:1
I/[MALI][Gralloc](  274): Usage: 0x333, format: 0x1 stride: 544 vertical_stride: 960 size: 2088960
I/art     (  877): [heap] RegisterNativeAllocation start bytes:2088960
I/art     (  877): [heap] RegisterNativeAllocation RunFinalization time 1
I/art     (  877): [heap] RegisterNativeAllocation native_bytes_allocated_:0
I/art     (  877): [heap] RegisterNativeAllocation new_native_bytes_allocated:0, native_bytes_allocated_:2088960, native_footprint_gc_watermark_:524288, growth_limit_:536870912
I/art     (  877): [heap] RegisterNativeAllocation end
I/art     (  877): Background partial concurrent mark sweep GC freed 8428(527KB) AllocSpace objects, 10(1668KB) LOS objects, 10% free, 35MB/39MB, paused 2.316ms total 143.411ms
W/recents.Component( 1041): create a new LoadPlan to load thumbnail -- background
W/recents.Performance( 1041): preload while task Change spend : 2
D/[BT3.0+HS]PAL(  333): == chip_reset_fd is set ==
D/[BT3.0+HS]PAL(  333): 
D/[BT3.0+HS]PAL(  333): invalid reply message
D/[BT3.0+HS]PAL(  333): 
D/[BT3.0+HS]PAL(  333): == chip_reset_fd is set ==
D/[BT3.0+HS]PAL(  333): 
D/[BT3.0+HS]PAL(  333): invalid reply message
D/[BT3.0+HS]PAL(  333): 
I/Netd    (  295): Get netlink event, ifname: wlan0 action: 4
I/Netd    (  295): Get netlink event, ifname: wlan0 action: 4
E/wpa_supplicant( 1206): This is a Iphone softap!!!!!!! 
E/wpa_supplicant( 1206): This is a Iphone softap!!!!!!! 
E/wpa_supplicant( 1206): This is a Iphone softap!!!!!!! 
E/WifiConfigStore(  877):  rewrite network history for "chaozhouniurouwan"WPA_PSK
E/WifiStateMachine(  877): mIsFullScanOngoing: true, mSendScanResultsBroadcast: false
E/WifiStateMachine(  877): mWifiOnScanCount: 68
W/ContextImpl( 2120): Calling a method in the system process without a qualified user: android.app.ContextImpl.startService:1863 android.content.ContextWrapper.startService:516 android.content.ContextWrapper.startService:516 com.meizu.dataservice.ExperienceReceiver.a:-1 com.meizu.dataservice.ExperienceReceiver.onReceive:-1 
I/System.out(  487): isFirstLoctrue
I/System.out(  487): ******jscarlife*********************onReceiveLocation*********************
I/System.out(  487): open:http://api.map.baidu.com/sdkproxy/v2/lbs_androidsdk/geocoder/v2?location=22.57697135614737%2C114.04994288977959&coordtype=bd09ll&pois=1&output=json&from=android_map_sdk&latest_admin=0&token=cfa74Vcsw7AuSrXyM1ioTmgT8BNO%2BmUpZUaJV12sEt9Yz77XJ5aOmPd1CbcueVfu9KdaxqK%2BYo5m7n6KPUMtG3OZQoy6VOF9pGGNJgj%2B5iQDgWcSRRrhnHjJ97PXiwTLI6CRSeIBDYja2DRZF6GzsqskL8Oe1hkkprfOizDKmUjRw32nrxD2OMbDVAQ&pcn=com.jieshun.jslife&screen=1080%2C1920&cuid=07AB6C1293F355B0E1AE06BB5824B71A%7C944874720008868&dpi=480%2C480&resid=02&appid=-1&mb=m2%20note&ctm=1535955820.991000&net=1&bduid=&channel=baidu&os=Android22&sv=4.5.2&sign=843de20650f9f378a3fc9b7108c94852
I/System.out(  487): [OkHttp] sendRequest>>
I/System.out(  487): [OkHttp] sendRequest<<
I/NetworkManagementSocketTagger(  487): untagSocket(69)
W/art     (  487): Suspending all threads took: 12.959ms
I/art     (  487): Background sticky concurrent mark sweep GC freed 38396(1736KB) AllocSpace objects, 4(64KB) LOS objects, 2% free, 54MB/56MB, paused 16.368ms total 60.824ms
I/thermal_repeater(  323): oh, queryMdThermalInfo (0)Bad file number
I/thermal_repeater(  323): [recvMdThermalInfo] ret=25, strLen=127,  1, 32767,,, -1, 32767, 2
I/System.out(  487): isFirstLoctrue
I/System.out(  487): ******jscarlife*********************onReceiveLocation*********************
I/System.out(  487): open:http://api.map.baidu.com/sdkproxy/v2/lbs_androidsdk/geocoder/v2?location=22.57697135614737%2C114.04994288977959&coordtype=bd09ll&pois=1&output=json&from=android_map_sdk&latest_admin=0&token=cfa74Vcsw7AuSrXyM1ioTmgT8BNO%2BmUpZUaJV12sEt9Yz77XJ5aOmPd1CbcueVfu9KdaxqK%2BYo5m7n6KPUMtG3OZQoy6VOF9pGGNJgj%2B5iQDgWcSRRrhnHjJ97PXiwTLI6CRSeIBDYja2DRZF6GzsqskL8Oe1hkkprfOizDKmUjRw32nrxD2OMbDVAQ&pcn=com.jieshun.jslife&screen=1080%2C1920&cuid=07AB6C1293F355B0E1AE06BB5824B71A%7C944874720008868&dpi=480%2C480&resid=02&appid=-1&mb=m2%20note&ctm=1535955824.789000&net=1&bduid=&channel=baidu&os=Android22&sv=4.5.2&sign=6b21bcda37794e5501b36d595c4ef6cd
I/System.out(  487): [OkHttp] sendRequest>>
I/System.out(  487): [OkHttp] sendRequest<<
I/NetworkManagementSocketTagger(  487): untagSocket(69)
I/MeizuKeyguardThemeManager( 1041): setBarState ------ statusBarState=1,keyguardFadingAway=false,goingToFullShade=false,keyguardShowing=true
I/MeizuKeyguardThemeManager( 1041): setBarState 1
I/ChargeViewUtils( 1041): updateChargingState shouldChargingViewShow = true , mPluggedIn = true
I/PhoneStatusBar( 1041): updateNotificationCountChange,mLastHasNotification:true , hasActiveNotifications:false
I/ChargeViewUtils( 1041): onRefreshBatteryInfo
I/ChargeViewUtils( 1041): updateChargingState shouldChargingViewShow = true , mPluggedIn = true
I/ChargeViewUtils( 1041): onRefreshBatteryInfo
I/ChargeViewUtils( 1041): updateChargingState shouldChargingViewShow = true , mPluggedIn = true
I/ChargeViewUtils( 1041): updateChargingState shouldChargingViewShow = true , mPluggedIn = true
W/KeyguardViewBase( 1041): setOnDismissAction =null
I/StatusBarManagerService(  877): disable by pkg=com.android.systemui
I/WindowManager(  877): Gaining focus: Window{2d945bf0 u0 StatusBar}
I/PanelView( 1041): Max panel height 812,expand height 0.0, shade mode false
W/View    ( 1041): requestLayout() improperly called by android.widget.FrameLayout{2ac9c3ae V.E..... ......ID 0,2681-1080,2681 #7f1002a2 app:id/mz_dismiss_view} during layout: running second layout pass
I/PanelView( 1041): Max panel height 657,expand height 0.0, shade mode false
I/PanelView( 1041): Max panel height 657,expand height 657.0, shade mode false
I/ChargeViewUtils( 1041): updateChargingState shouldChargingViewShow = true , mPluggedIn = true
I/art     ( 1041): Background partial concurrent mark sweep GC freed 8270(427KB) AllocSpace objects, 14(10MB) LOS objects, 4% free, 87MB/91MB, paused 2.260ms total 128.098ms
I/PanelView( 1041): Max panel height 657,expand height 657.0, shade mode false
W/View    ( 1041): requestLayout() improperly called by android.widget.FrameLayout{2ac9c3ae V.E..... ......ID 0,2526-1080,2526 #7f1002a2 app:id/mz_dismiss_view} during second layout pass: posting in next frame
I/PanelView( 1041): Max panel height 657,expand height 657.0, shade mode false
I/libPerfService(  877): perfSetFavorPid - pid:0, 0
I/[MALI][Gralloc](  274): Usage: 0xb00, format: 0x1 stride: 1088 vertical_stride: 1920 size: 8355840
I/[MALI][Gralloc](  274): Usage: 0xb00, format: 0x1 stride: 1088 vertical_stride: 1920 size: 8355840
I/AudioFlinger(  300): setParameters(): io 0, keyvalue mediaserver_monitor=1, calling pid 877
W/AudioALSAHardware(  300): setParameters(), still have param.size() = 1, remain param = "mediaserver_monitor=1"
I/str_params(  300): key: 'mediaserver_monitor' value: '1'
I/AudioPolicyManager(  300): setStreamVolumeIndex stream = 7 index = 15 device = 0x400
I/thermal_repeater(  323): oh, queryMdThermalInfo (0)Bad file number
I/thermal_repeater(  323): [recvMdThermalInfo] ret=25, strLen=127,  1, 32767,,, -1, 32767, 2
I/System.out(  487): isFirstLoctrue
I/System.out(  487): ******jscarlife*********************onReceiveLocation*********************
I/System.out(  487): open:http://api.map.baidu.com/sdkproxy/v2/lbs_androidsdk/geocoder/v2?location=22.57697135614737%2C114.04994288977959&coordtype=bd09ll&pois=1&output=json&from=android_map_sdk&latest_admin=0&token=cfa74Vcsw7AuSrXyM1ioTmgT8BNO%2BmUpZUaJV12sEt9Yz77XJ5aOmPd1CbcueVfu9KdaxqK%2BYo5m7n6KPUMtG3OZQoy6VOF9pGGNJgj%2B5iQDgWcSRRrhnHjJ97PXiwTLI6CRSeIBDYja2DRZF6GzsqskL8Oe1hkkprfOizDKmUjRw32nrxD2OMbDVAQ&pcn=com.jieshun.jslife&screen=1080%2C1920&cuid=07AB6C1293F355B0E1AE06BB5824B71A%7C944874720008868&dpi=480%2C480&resid=02&appid=-1&mb=m2%20note&ctm=1535955834.799000&net=1&bduid=&channel=baidu&os=Android22&sv=4.5.2&sign=05c26f43b571ebd7e613d3ad8535a2aa
I/System.out(  487): [OkHttp] sendRequest>>
I/System.out(  487): [OkHttp] sendRequest<<
I/NetworkManagementSocketTagger(  487): untagSocket(69)
I/crashsdk(31622): Begin update unexp info ...
I/crashsdk(31622): Update unexp info took 3 ms
I/thermal_repeater(  323): oh, queryMdThermalInfo (0)Bad file number
I/thermal_repeater(  323): [recvMdThermalInfo] ret=25, strLen=127,  1, 32767,,, -1, 32767, 2
D/[BT3.0+HS]PAL(  333): == chip_reset_fd is set ==
D/[BT3.0+HS]PAL(  333): 
D/[BT3.0+HS]PAL(  333): invalid reply message
D/[BT3.0+HS]PAL(  333): 
D/[BT3.0+HS]PAL(  333): == chip_reset_fd is set ==
D/[BT3.0+HS]PAL(  333): 
D/[BT3.0+HS]PAL(  333): invalid reply message
D/[BT3.0+HS]PAL(  333): 
D/[BT3.0+HS]PAL(  333): == chip_reset_fd is set ==
D/[BT3.0+HS]PAL(  333): 
D/[BT3.0+HS]PAL(  333): invalid reply message
D/[BT3.0+HS]PAL(  333): 
I/Netd    (  295): Get netlink event, ifname: wlan0 action: 4
I/Netd    (  295): Get netlink event, ifname: wlan0 action: 4
E/wpa_supplicant( 1206): This is a Iphone softap!!!!!!! 
E/wpa_supplicant( 1206): This is a Iphone softap!!!!!!! 
E/wpa_supplicant( 1206): This is a Iphone softap!!!!!!! 
E/WifiConfigStore(  877):  rewrite network history for "chaozhouniurouwan"WPA_PSK
E/WifiStateMachine(  877): mIsFullScanOngoing: true, mSendScanResultsBroadcast: false
E/WifiStateMachine(  877): mWifiOnScanCount: 69
I/libPerfService(  877): perfSetFavorPid - pid:487, 1e7
W/ContextImpl( 2120): Calling a method in the system process without a qualified user: android.app.ContextImpl.startService:1863 android.content.ContextWrapper.startService:516 android.content.ContextWrapper.startService:516 com.meizu.dataservice.ExperienceReceiver.a:-1 com.meizu.dataservice.ExperienceReceiver.onReceive:-1 
I/art     (  877): Background sticky concurrent mark sweep GC freed 21648(3MB) AllocSpace objects, 1(20KB) LOS objects, 5% free, 35MB/37MB, paused 6.977ms total 65.797ms
I/System.out(  487): isFirstLoctrue
I/System.out(  487): ******jscarlife*********************onReceiveLocation*********************
I/System.out(  487): open:http://api.map.baidu.com/sdkproxy/v2/lbs_androidsdk/geocoder/v2?location=22.57697135614737%2C114.04994288977959&coordtype=bd09ll&pois=1&output=json&from=android_map_sdk&latest_admin=0&token=cfa74Vcsw7AuSrXyM1ioTmgT8BNO%2BmUpZUaJV12sEt9Yz77XJ5aOmPd1CbcueVfu9KdaxqK%2BYo5m7n6KPUMtG3OZQoy6VOF9pGGNJgj%2B5iQDgWcSRRrhnHjJ97PXiwTLI6CRSeIBDYja2DRZF6GzsqskL8Oe1hkkprfOizDKmUjRw32nrxD2OMbDVAQ&pcn=com.jieshun.jslife&screen=1080%2C1920&cuid=07AB6C1293F355B0E1AE06BB5824B71A%7C944874720008868&dpi=480%2C480&resid=02&appid=-1&mb=m2%20note&ctm=1535955852.019000&net=1&bduid=&channel=baidu&os=Android22&sv=4.5.2&sign=5cebb5d1e618248d1f88274e8782904e
I/System.out(  487): [OkHttp] sendRequest>>
I/System.out(  487): [OkHttp] sendRequest<<
I/AudioFlinger(  300): setParameters(): io 0, keyvalue mediaserver_monitor=1, calling pid 877
W/AudioALSAHardware(  300): setParameters(), still have param.size() = 1, remain param = "mediaserver_monitor=1"
I/str_params(  300): key: 'mediaserver_monitor' value: '1'
I/AudioPolicyManager(  300): setStreamVolumeIndex stream = 7 index = 15 device = 0x400
I/NetworkManagementSocketTagger(  487): untagSocket(69)
I/art     ( 2120): Background partial concurrent mark sweep GC freed 44138(2MB) AllocSpace objects, 11(192KB) LOS objects, 18% free, 17MB/21MB, paused 7.666ms total 55.907ms
I/thermal_repeater(  323): oh, queryMdThermalInfo (0)Bad file number
I/thermal_repeater(  323): [recvMdThermalInfo] ret=25, strLen=127,  1, 32767,,, -1, 32767, 2
I/System.out(  487): isFirstLoctrue
I/System.out(  487): ******jscarlife*********************onReceiveLocation*********************
I/System.out(  487): open:http://api.map.baidu.com/sdkproxy/v2/lbs_androidsdk/geocoder/v2?location=22.57697135614737%2C114.04994288977959&coordtype=bd09ll&pois=1&output=json&from=android_map_sdk&latest_admin=0&token=cfa74Vcsw7AuSrXyM1ioTmgT8BNO%2BmUpZUaJV12sEt9Yz77XJ5aOmPd1CbcueVfu9KdaxqK%2BYo5m7n6KPUMtG3OZQoy6VOF9pGGNJgj%2B5iQDgWcSRRrhnHjJ97PXiwTLI6CRSeIBDYja2DRZF6GzsqskL8Oe1hkkprfOizDKmUjRw32nrxD2OMbDVAQ&pcn=com.jieshun.jslife&screen=1080%2C1920&cuid=07AB6C1293F355B0E1AE06BB5824B71A%7C944874720008868&dpi=480%2C480&resid=02&appid=-1&mb=m2%20note&ctm=1535955854.792000&net=1&bduid=&channel=baidu&os=Android22&sv=4.5.2&sign=9cebf0e60d51824198925ae383800194
I/System.out(  487): [OkHttp] sendRequest>>
I/System.out(  487): [OkHttp] sendRequest<<
I/NetworkManagementSocketTagger(  487): untagSocket(69)
W/Watchdog(  877): SWT Watchdog after wait current time:20226407
W/Watchdog(  877): **Get SF Time **1
W/Watchdog(  877): SWT Watchdog before synchronized:20226408
W/Watchdog(  877): SWT Watchdog after synchronized:20226408
W/Watchdog(  877): SWT Watchdog before wait timeout:30000
W/Watchdog(  877): SWT Watchdog before wait current time:20226408
W/Watchdog(  877): SWT Watchdog before wait start:20226408
W/Watchdog(  877): SWT Watchdog before wait CHECK_INTERVAL:30000
I/thermal_repeater(  323): oh, queryMdThermalInfo (0)Bad file number
I/thermal_repeater(  323): [recvMdThermalInfo] ret=25, strLen=127,  1, 32767,,, -1, 32767, 2
I/System.out(  487): isFirstLoctrue
I/System.out(  487): ******jscarlife*********************onReceiveLocation*********************
I/System.out(  487): open:http://api.map.baidu.com/sdkproxy/v2/lbs_androidsdk/geocoder/v2?location=22.57697135614737%2C114.04994288977959&coordtype=bd09ll&pois=1&output=json&from=android_map_sdk&latest_admin=0&token=cfa74Vcsw7AuSrXyM1ioTmgT8BNO%2BmUpZUaJV12sEt9Yz77XJ5aOmPd1CbcueVfu9KdaxqK%2BYo5m7n6KPUMtG3OZQoy6VOF9pGGNJgj%2B5iQDgWcSRRrhnHjJ97PXiwTLI6CRSeIBDYja2DRZF6GzsqskL8Oe1hkkprfOizDKmUjRw32nrxD2OMbDVAQ&pcn=com.jieshun.jslife&screen=1080%2C1920&cuid=07AB6C1293F355B0E1AE06BB5824B71A%7C944874720008868&dpi=480%2C480&resid=02&appid=-1&mb=m2%20note&ctm=1535955864.803000&net=1&bduid=&channel=baidu&os=Android22&sv=4.5.2&sign=7be5e2be9ea2334c3204e4fc8c771dfe
I/System.out(  487): [OkHttp] sendRequest>>
I/System.out(  487): [OkHttp] sendRequest<<
I/NetworkManagementSocketTagger(  487): untagSocket(69)
I/AudioFlinger(  300): setParameters(): io 0, keyvalue mediaserver_monitor=1, calling pid 877
W/AudioALSAHardware(  300): setParameters(), still have param.size() = 1, remain param = "mediaserver_monitor=1"
I/str_params(  300): key: 'mediaserver_monitor' value: '1'
I/AudioPolicyManager(  300): setStreamVolumeIndex stream = 7 index = 15 device = 0x400
I/thermal_repeater(  323): oh, queryMdThermalInfo (0)Bad file number
I/thermal_repeater(  323): [recvMdThermalInfo] ret=25, strLen=127,  1, 32767,,, -1, 32767, 2
D/[BT3.0+HS]PAL(  333): == chip_reset_fd is set ==
D/[BT3.0+HS]PAL(  333): 
D/[BT3.0+HS]PAL(  333): invalid reply message
D/[BT3.0+HS]PAL(  333): 
D/[BT3.0+HS]PAL(  333): == chip_reset_fd is set ==
D/[BT3.0+HS]PAL(  333): 
D/[BT3.0+HS]PAL(  333): invalid reply message
D/[BT3.0+HS]PAL(  333): 
D/[BT3.0+HS]PAL(  333): == chip_reset_fd is set ==
D/[BT3.0+HS]PAL(  333): 
D/[BT3.0+HS]PAL(  333): invalid reply message
D/[BT3.0+HS]PAL(  333): 
E/wpa_supplicant( 1206): This is a Iphone softap!!!!!!! 
E/wpa_supplicant( 1206): This is a Iphone softap!!!!!!! 
I/Netd    (  295): Get netlink event, ifname: wlan0 action: 4
I/Netd    (  295): Get netlink event, ifname: wlan0 action: 4
E/WifiStateMachine(  877): mIsFullScanOngoing: true, mSendScanResultsBroadcast: false
E/WifiStateMachine(  877): mWifiOnScanCount: 70
W/ContextImpl( 2120): Calling a method in the system process without a qualified user: android.app.ContextImpl.startService:1863 android.content.ContextWrapper.startService:516 android.content.ContextWrapper.startService:516 com.meizu.dataservice.ExperienceReceiver.a:-1 com.meizu.dataservice.ExperienceReceiver.onReceive:-1 
I/System.out(  487): isFirstLoctrue
I/System.out(  487): ******jscarlife*********************onReceiveLocation*********************
I/System.out(  487): open:http://api.map.baidu.com/sdkproxy/v2/lbs_androidsdk/geocoder/v2?location=22.57697135614737%2C114.04994288977959&coordtype=bd09ll&pois=1&output=json&from=android_map_sdk&latest_admin=0&token=cfa74Vcsw7AuSrXyM1ioTmgT8BNO%2BmUpZUaJV12sEt9Yz77XJ5aOmPd1CbcueVfu9KdaxqK%2BYo5m7n6KPUMtG3OZQoy6VOF9pGGNJgj%2B5iQDgWcSRRrhnHjJ97PXiwTLI6CRSeIBDYja2DRZF6GzsqskL8Oe1hkkprfOizDKmUjRw32nrxD2OMbDVAQ&pcn=com.jieshun.jslife&screen=1080%2C1920&cuid=07AB6C1293F355B0E1AE06BB5824B71A%7C944874720008868&dpi=480%2C480&resid=02&appid=-1&mb=m2%20note&ctm=1535955880.851000&net=1&bduid=&channel=baidu&os=Android22&sv=4.5.2&sign=6453cea1c1da3e302f757348508e0f6e
I/System.out(  487): [OkHttp] sendRequest>>
I/System.out(  487): [OkHttp] sendRequest<<
I/NetworkManagementSocketTagger(  487): untagSocket(69)
I/thermal_repeater(  323): oh, queryMdThermalInfo (0)Bad file number
I/thermal_repeater(  323): [recvMdThermalInfo] ret=25, strLen=127,  1, 32767,,, -1, 32767, 2
I/System.out(  487): isFirstLoctrue
I/System.out(  487): ******jscarlife*********************onReceiveLocation*********************
I/System.out(  487): open:http://api.map.baidu.com/sdkproxy/v2/lbs_androidsdk/geocoder/v2?location=22.57697135614737%2C114.04994288977959&coordtype=bd09ll&pois=1&output=json&from=android_map_sdk&latest_admin=0&token=cfa74Vcsw7AuSrXyM1ioTmgT8BNO%2BmUpZUaJV12sEt9Yz77XJ5aOmPd1CbcueVfu9KdaxqK%2BYo5m7n6KPUMtG3OZQoy6VOF9pGGNJgj%2B5iQDgWcSRRrhnHjJ97PXiwTLI6CRSeIBDYja2DRZF6GzsqskL8Oe1hkkprfOizDKmUjRw32nrxD2OMbDVAQ&pcn=com.jieshun.jslife&screen=1080%2C1920&cuid=07AB6C1293F355B0E1AE06BB5824B71A%7C944874720008868&dpi=480%2C480&resid=02&appid=-1&mb=m2%20note&ctm=1535955884.795000&net=1&bduid=&channel=baidu&os=Android22&sv=4.5.2&sign=12fc456d3252ecd83d883e000f32e961
I/System.out(  487): [OkHttp] sendRequest>>
I/System.out(  487): [OkHttp] sendRequest<<
I/NetworkManagementSocketTagger(  487): untagSocket(69)
I/AudioFlinger(  300): setParameters(): io 0, keyvalue mediaserver_monitor=1, calling pid 877
W/AudioALSAHardware(  300): setParameters(), still have param.size() = 1, remain param = "mediaserver_monitor=1"
I/str_params(  300): key: 'mediaserver_monitor' value: '1'
I/AudioPolicyManager(  300): setStreamVolumeIndex stream = 7 index = 15 device = 0x400
I/thermal_repeater(  323): oh, queryMdThermalInfo (0)Bad file number
I/thermal_repeater(  323): [recvMdThermalInfo] ret=25, strLen=127,  1, 32767,,, -1, 32767, 2
I/UserState(  487): myJid = 13632836691@openfire-cloud/A1b117b2fb receive jid=formal_cloud_jsh@openfire-cloud/master  state=ONLINE
I/System.out(  487): isFirstLoctrue
I/System.out(  487): ******jscarlife*********************onReceiveLocation*********************
I/System.out(  487): open:http://api.map.baidu.com/sdkproxy/v2/lbs_androidsdk/geocoder/v2?location=22.57697135614737%2C114.04994288977959&coordtype=bd09ll&pois=1&output=json&from=android_map_sdk&latest_admin=0&token=cfa74Vcsw7AuSrXyM1ioTmgT8BNO%2BmUpZUaJV12sEt9Yz77XJ5aOmPd1CbcueVfu9KdaxqK%2BYo5m7n6KPUMtG3OZQoy6VOF9pGGNJgj%2B5iQDgWcSRRrhnHjJ97PXiwTLI6CRSeIBDYja2DRZF6GzsqskL8Oe1hkkprfOizDKmUjRw32nrxD2OMbDVAQ&pcn=com.jieshun.jslife&screen=1080%2C1920&cuid=07AB6C1293F355B0E1AE06BB5824B71A%7C944874720008868&dpi=480%2C480&resid=02&appid=-1&mb=m2%20note&ctm=1535955894.806000&net=1&bduid=&channel=baidu&os=Android22&sv=4.5.2&sign=21360f85071c651f6c4a5a714735b6a4
I/System.out(  487): [OkHttp] sendRequest>>
I/System.out(  487): [OkHttp] sendRequest<<
I/NetworkManagementSocketTagger(  487): untagSocket(69)
I/PanelView( 1041): Max panel height 657,expand height 657.0, shade mode false
I/PanelView( 1041): Max panel height 657,expand height 657.0, shade mode false
I/thermal_repeater(  323): oh, queryMdThermalInfo (0)Bad file number
I/thermal_repeater(  323): [recvMdThermalInfo] ret=25, strLen=127,  1, 32767,,, -1, 32767, 2
D/[BT3.0+HS]PAL(  333): == chip_reset_fd is set ==
D/[BT3.0+HS]PAL(  333): 
D/[BT3.0+HS]PAL(  333): invalid reply message
D/[BT3.0+HS]PAL(  333): 
I/WindowManager(  877): interceptKeyTq keycode=3 interactive=false keyguardActive=true policyFlags=2000000 down =true canceled = false isWakeKey=true mVolumeDownKeyTriggered =false mVolumeUpKeyTriggered =false result = 0 useHapticFeedback = false isInjected = false result = 0
I/PowerManagerService(  877): Waking up from sleep (uid 1000)...reason:101
I/ActivityManager(  877): onWakefulnessChanged: 1
I/MzPhoneWindowManager(  877): interceptHomeKeyLongPress: add mLunchVoiceActivity
I/DisplayPowerController(  877): Blocking screen on until initial contents have been drawn.
I/SensorHAL(  877): Dev Flush, handle: 4, name: LSM6DS3 Accelerometer Sensor, ret: -22
I/SensorHAL(  877): Dev Batch, handle: 2, name: LTR559 Proximity Sensor
I/SensorHAL(  877): Dev Active, handle: 2, name: LTR559 Proximity Sensor, enable: 1.
I/SensorHAL(  877): SensorBase::Enable. name: LTR559 Proximity Sensor, enable: 1
I/SensorHAL(  877): HWSensorBase::Enable, handle: 2, name: lsm6ds3_proximity, enable: 1
I/SensorHAL(  877): Dev Batch, handle: 1, name: LTR559 Light Sensor
I/SensorHAL(  877): Dev Active, handle: 1, name: LTR559 Light Sensor, enable: 1.
I/SensorHAL(  877): SensorBase::Enable. name: LTR559 Light Sensor, enable: 1
I/SensorHAL(  877): HWSensorBase::Enable, handle: 1, name: lsm6ds3_light, enable: 1
W/ContextImpl(  877): Calling a method in the system process without a qualified user: android.app.ContextImpl.sendBroadcast:1474 com.android.server.statusbar.StatusBarManagerService.onPanelRevealed:531 com.android.internal.statusbar.IStatusBarService$Stub.onTransact:185 android.os.Binder.execTransact:454 <bottom of call stack> 
E/SensorHAL(  877): [Proximity]: 5.000000
I/ChargeViewUtils( 1041): updateChargingState shouldChargingViewShow = true , mPluggedIn = true
I/PalmRejection( 1041): enableProximityLockLocked, mProximitySensorEnabled = false
I/BatteryConsumeMonitor( 1287): idleModeFlag : false
I/BatteryConsumeMonitor( 1287): cancelRepeatAlarm
I/AudioFlinger(  300): setParameters(): io 0, keyvalue screen_state=on, calling pid 877
E/WifiStateMachine(  877): cancelDelayedScan -> 19
E/WifiManagerFlyme( 1287): disableScanInterface exception: java.lang.NoSuchMethodException
I/str_params(  300): key: 'screen_state' value: 'on'
E/native  (  877): do suspend false
I/wpa_supplicant( 1206): wpa_driver_nl80211_driver_cmd: buf =  ret = 2 used = 2 total = 4096
E/SensorHAL(  877): [Proximity]: 0.000000
E/SensorHAL(  877): [Proximity]: 5.000000
I/hwcomposer(  274): [HWC] SetPowerMode(2) Display(0)
I/WindowManager(  877): interceptKeyTq keycode=3 interactive=true keyguardActive=true policyFlags=22000000 down =false canceled = false isWakeKey=false mVolumeDownKeyTriggered =false mVolumeUpKeyTriggered =false result = 1 useHapticFeedback = false isInjected = false result = 1
I/MzPhoneWindowManager(  877): interceptHomeKeyLongPress: remove mLunchVoiceActivity
I/DisplayManagerService(  877): Display device changed: DisplayDeviceInfo{"": uniqueId="local:0", 1080 x 1920, 57.490005 fps, supportedRefreshRates [57.490005], density 480, 480.0 x 480.0 dpi, appVsyncOff -8000000, presDeadline 26394328, touch INTERNAL, rotation 0, type BUILT_IN, state ON, subtype 0, FLAG_DEFAULT_DISPLAY, FLAG_ROTATES_WITH_CONTENT, FLAG_SECURE, FLAG_SUPPORTS_PROTECTED_BUFFERS}
I/SensorHAL(  877): Dev Batch, handle: 3, name: LTR559 Proximity Sensor (Wake Up)
I/SensorHAL(  877): Dev Active, handle: 3, name: LTR559 Proximity Sensor (Wake Up), enable: 1.
I/SensorHAL(  877): SensorBase::Enable. name: LTR559 Proximity Sensor (Wake Up), enable: 1
I/SensorHAL(  877): HWSensorBase::Enable, handle: 3, name: lsm6ds3_ps_wk, enable: 1
E/SensorHAL(  877): [Proximity]: 5.000000
E/SensorHAL(  877): [Proximity]: 5.000000
I/PalmRejection( 1041): onSensorChanged() -- distance = 5.0, active = false
I/PalmRejection( 1041): proximityChangedLocked, false, mScreenOnAndTooClose false
I/PalmRejection( 1041): no active! go on wakup!
I/libPerfService(  877): perfSetFavorPid - pid:0, 0
I/PerfService(  274): PerfServiceNative_notifyDisplayType:0
I/SurfaceFlinger(  274): [Built-in Screen (type:0)] fps:0.522978,dur:45891.02,max:45372.03,min:16.46
I/PanelView( 1041): Max panel height 657,expand height 657.0, shade mode false
I/libPerfService(  877): perfSetFavorPid - pid:487, 1e7
I/libPerfService(  877): perfSetFavorPid - pid:0, 0
I/WifiService(  877): WifiService trying to set country code to  with persist set to true
E/WifiStateMachine(  877): Ignoring resetting of country code
I/WifiService(  877): WifiService trying to set country code to  with persist set to true
E/WifiStateMachine(  877): Ignoring resetting of country code
I/[MALI][Gralloc](  274): Usage: 0xb00, format: 0x1 stride: 1088 vertical_stride: 1920 size: 8355840
I/libPerfService(  877): perfSetFavorPid - pid:487, 1e7
I/DisplayPowerController(  877): Unblocked screen on after 499 ms
I/[MALI][Gralloc](  274): Usage: 0xb00, format: 0x1 stride: 1088 vertical_stride: 1920 size: 8355840
I/libPerfService(  877): 12: set freq: 1235000
I/libPerfService(  877): 12: set: 4
I/libPerfService(  877): 13: set freq: 1300000
I/ChargeViewUtils( 1041): updateChargingState shouldChargingViewShow = false , mPluggedIn = true
I/PanelView( 1041): Max panel height 657,expand height 657.0, shade mode false
I/libPerfService(  877): 13: set: 6
I/PanelView( 1041): Max panel height 657,expand height 516.1572, shade mode false
I/PanelView( 1041): Max panel height 657,expand height 516.1572, shade mode false
I/libPerfService(  877): perfSetFavorPid - pid:0, 0
I/PanelView( 1041): Max panel height 657,expand height 345.07764, shade mode false
I/PanelView( 1041): Max panel height 657,expand height 345.07764, shade mode false
I/PanelView( 1041): Max panel height 657,expand height 145.18042, shade mode false
I/PanelView( 1041): Max panel height 657,expand height 145.18042, shade mode false
I/PanelView( 1041): Max panel height 657,expand height 0.0, shade mode false
I/PanelView( 1041): Max panel height 657,expand height 0.0, shade mode false
I/PanelView( 1041): Max panel height 657,expand height 0.0, shade mode false
I/PanelView( 1041): Max panel height 657,expand height 0.0, shade mode false
I/PanelView( 1041): Max panel height 657,expand height 0.0, shade mode false
I/PerfService(  877): PerfServiceNative_boostDisableAsync:5
I/libPerfService(  877): 5: set: 6
I/libPerfService(  877): 5: set freq: 1300000
I/PanelView( 1041): Max panel height 657,expand height 0.0, shade mode false
I/PanelView( 1041): mTracking true,cancel fling false,instant collapse false
I/PanelView( 1041): reachTarget false,camera intercept false,camera running false
I/PanelView( 1041): Max panel height 657,expand height 0.0, shade mode false
W/ContextImpl(  877): Calling a method in the system process without a qualified user: android.app.ContextImpl.sendBroadcast:1474 com.android.server.statusbar.StatusBarManagerService.onPanelHidden:555 com.android.internal.statusbar.IStatusBarService$Stub.onTransact:192 android.os.Binder.execTransact:454 <bottom of call stack> 
I/AudioPolicyManager(  300): s 0 c 0 avaDev 3 ba2dpo 0 ba2dpsp 0 dev 2
I/AudioPolicyManager(  300): getOutput() device 2, stream 1, samplingRate 0, format 0, channelMask 3, flags 0
I/AudioPolicyManager(  300): getOutput() returns output 2
I/AudioPolicyManager(  300): s 0 c 0 avaDev 3 ba2dpo 0 ba2dpsp 0 dev 2
I/AudioPolicyManager(  300): getOutput() device 2, stream 1, samplingRate 0, format 0, channelMask 3, flags 0
I/AudioPolicyManager(  300): getOutput() returns output 2
I/AudioPolicyManager(  300): s 0 c 0 avaDev 3 ba2dpo 0 ba2dpsp 0 dev 2
I/AudioPolicyManager(  300): getOutput() returns output 2
I/AudioFlinger_Threads(  300): attachAuxEffect_l EffectId 0
I/AudioFlinger_Threads(  300): attachAuxEffect_l status 0
I/AudioPolicyManager(  300): AddSampleRateArray index = 0 sampleRate = 44100
I/AudioPolicyManager(  300): startOutput() output 2, stream 1, session 257
I/AudioPolicyManager(  300): s 0 c 0 avaDev 3 ba2dpo 0 ba2dpsp 0 dev 2
I/AudioPolicyManager(  300): getNewOutputDevice() selected device 2
I/AudioPolicyManager(  300): setOutputDevice() output 2 device 0002 delayMs 0 force 0
I/AudioPolicyManager(  300): s 0 c 0 avaDev 3 ba2dpo 0 ba2dpsp 0 dev 2
I/AudioFlinger(  300): setParameters(): io 2, keyvalue FM_DIRECT_CONTROL=1, calling pid 300
I/AudioPolicyManager(  300): setOutputDevice() prevDevice 0002
I/AudioPolicyManager(  300): setOutputDevice() mMutePrevDevice 0000
I/AudioPolicyManager(  300): s 0 c 0 avaDev 3 ba2dpo 0 ba2dpsp 0 dev 2
I/AudioPolicyManager(  300): s 1 c 0 avaDev 3 ba2dpo 0 ba2dpsp 0 dev 1
I/AudioPolicyManager(  300): s 2 c 0 avaDev 3 ba2dpo 0 ba2dpsp 0 dev 2
I/AudioPolicyManager(  300): s 2 c 0 avaDev 3 ba2dpo 0 ba2dpsp 0 dev 2
I/AudioPolicyManager(  300): s 3 c 0 avaDev 3 ba2dpo 0 ba2dpsp 0 dev 2
I/AudioPolicyManager(  300): s 0 c 0 avaDev 3 ba2dpo 0 ba2dpsp 0 dev 2
I/AudioPolicyManager(  300): s 4 c 0 avaDev 3 ba2dpo 0 ba2dpsp 0 dev 2
I/AudioPolicyManager(  300): s 5 c 0 avaDev 3 ba2dpo 0 ba2dpsp 0 dev 2
I/AudioPolicyManager(  300): s 6 c 0 avaDev 3 ba2dpo 0 ba2dpsp 0 dev 2
I/AudioPolicyManager(  300): s 7 c 0 avaDev 3 ba2dpo 0 ba2dpsp 0 dev 2
I/AudioPolicyManager(  300): s 8 c 0 avaDev 3 ba2dpo 0 ba2dpsp 0 dev 2
I/AudioPolicyManager(  300): setOutputDevice() setting same device 0002 or null device for output 2
I/AudioPolicyManager(  300):  checkAndSetVolume stream = 1 index = 8 output = 2 device = 0x2 delayMs = 0 force = 0
I/AudioPolicyManager(  300): PolicyForceReplace stream = 1 sampleRate = 44100 
I/AudioFlinger_Threads(  300): reset track timestretch tracn name 4100, ratio 100, mTimeStretchTrackName[name-4096] 0
I/AudioPolicyManager(  300): releaseOutput() 2
I/PanelView( 1041): Max panel height 657,expand height 0.0, shade mode false
I/MeizuKeyguardThemeManager( 1041): setBarState ------ statusBarState=0,keyguardFadingAway=true,goingToFullShade=false,keyguardShowing=false
I/MeizuKeyguardThemeManager( 1041): setBarState 0
I/PhoneStatusBar( 1041): updateNotificationCountChange,mLastHasNotification:false , hasActiveNotifications:true
W/KeyguardViewBase( 1041): setOnDismissAction =null
I/libPerfService(  877): perfSetFavorPid - pid:487, 1e7
W/PerfScheduler(  877): Not Boost !
I/PerfService(  274): PerfServiceNative_notifyDisplayType:1
I/StatusBarManagerService(  877): disable by pkg=com.android.systemui
E/AudioALSAPlaybackHandlerBase(  300): openPcmDriver(), pcm_start(0xf04bd0c0) fail due to cannot start channel: Broken pipe
W/MtpService( 3616): onReceive action: android.intent.action.USER_PRESENT
E/AudioALSAPlaybackHandlerBase(  300): -getHardwareBufferInfo pcm_get_htimestamp fail, ret = -1, pcm_get_error = cannot start channel: Broken pipe
I/WindowManager(  877): Gaining focus: Window{1a4c17d3 u0 com.jieshun.jslife/com.jieshun.jslife.activity.serviceDelay.ServiceDelayActivity}
I/WindowManager(  877): Losing focus: Window{2d945bf0 u0 StatusBar}
W/ContextImpl( 1698): Calling a method in the system process without a qualified user: android.app.ContextImpl.startService:1863 android.content.ContextWrapper.startService:516 android.content.ContextWrapper.startService:516 com.meizu.networkmanager.c.r.a:25 com.meizu.networkmanager.boradcast.TrafficGlobalReceiver$2.run:244 
E/Tethering(  877): updateConfiguration: wrong MCCMNC =null
I/Tethering(  877): ifaceTypes = null, use default
I/Tethering(  877): upstreamIfaceTypes.add:0
I/Tethering(  877): upstreamIfaceTypes.add:1
