I/AudioFlinger(  300): setParameters(): io 2, keyvalue FM_DIRECT_CONTROL=1, calling pid 300
I/AudioPolicyManager(  300): setOutputDevice() prevDevice 0002
I/AudioPolicyManager(  300): setOutputDevice() mMutePrevDevice 0000
I/AudioPolicyManager(  300): s 0 c 0 avaDev 3 ba2dpo 0 ba2dpsp 0 dev 2
I/AudioPolicyManager(  300): s 1 c 0 avaDev 3 ba2dpo 0 ba2dpsp 0 dev 1
I/AudioPolicyManager(  300): s 2 c 0 avaDev 3 ba2dpo 0 ba2dpsp 0 dev 2
I/AudioPolicyManager(  300): s 2 c 0 avaDev 3 ba2dpo 0 ba2dpsp 0 dev 2
I/AudioPolicyManager(  300): s 3 c 0 avaDev 3 ba2dpo 0 ba2dpsp 0 dev 2
I/AudioPolicyManager(  300): s 0 c 0 avaDev 3 ba2dpo 0 ba2dpsp 0 dev 2
I/AudioPolicyManager(  300): s 4 c 0 avaDev 3 ba2dpo 0 ba2dpsp 0 dev 2
I/AudioPolicyManager(  300): s 5 c 0 avaDev 3 ba2dpo 0 ba2dpsp 0 dev 2
I/AudioPolicyManager(  300): s 6 c 0 avaDev 3 ba2dpo 0 ba2dpsp 0 dev 2
I/AudioPolicyManager(  300): s 7 c 0 avaDev 3 ba2dpo 0 ba2dpsp 0 dev 2
I/AudioPolicyManager(  300): s 8 c 0 avaDev 3 ba2dpo 0 ba2dpsp 0 dev 2
I/AudioPolicyManager(  300): setOutputDevice() setting same device 0002 or null device for output 2
I/AudioPolicyManager(  300):  checkAndSetVolume stream = 1 index = 8 output = 2 device = 0x2 delayMs = 0 force = 0
I/AudioPolicyManager(  300): PolicyForceReplace stream = 1 sampleRate = 44100 
I/AudioFlinger_Threads(  300): reset track timestretch tracn name 4096, ratio 100, mTimeStretchTrackName[name-4096] 0
I/AudioPolicyManager(  300): releaseOutput() 2
I/PanelView( 1041): Max panel height 1521,expand height 0.0, shade mode false
I/MeizuKeyguardThemeManager( 1041): setBarState ------ statusBarState=0,keyguardFadingAway=true,goingToFullShade=false,keyguardShowing=false
I/MeizuKeyguardThemeManager( 1041): setBarState 0
I/PhoneStatusBar( 1041): updateNotificationCountChange,mLastHasNotification:true , hasActiveNotifications:true
W/KeyguardViewBase( 1041): setOnDismissAction =null
I/libPerfService(  877): perfSetFavorPid - pid:1620, 654
I/PerfService(  274): PerfServiceNative_notifyDisplayType:1
W/PerfScheduler(  877): Not Boost !
I/StatusBarManagerService(  877): disable by pkg=com.android.systemui
E/AudioALSAPlaybackHandlerBase(  300): openPcmDriver(), pcm_start(0xf04bd0c0) fail due to cannot start channel: Broken pipe
E/Tethering(  877): updateConfiguration: wrong MCCMNC =null
I/Tethering(  877): ifaceTypes = null, use default
I/Tethering(  877): upstreamIfaceTypes.add:0
I/Tethering(  877): upstreamIfaceTypes.add:1
I/Tethering(  877): upstreamIfaceTypes.add:5
I/Tethering(  877): upstreamIfaceTypes.add:7
I/Tethering(  877): upstreamIfaceTypes.add:9
I/Tethering(  877): upstreamIfaceTypes.add:49
I/MyAnimatorService( 1620): showLauncherAnimation
W/MtpService( 3616): onReceive action: android.intent.action.USER_PRESENT
I/Tethering(  877): checkDunRequired:2
W/ContextImpl( 1698): Calling a method in the system process without a qualified user: android.app.ContextImpl.startService:1863 android.content.ContextWrapper.startService:516 android.content.ContextWrapper.startService:516 com.meizu.networkmanager.c.r.a:25 com.meizu.networkmanager.boradcast.TrafficGlobalReceiver$2.run:244 
E/AudioALSAPlaybackHandlerBase(  300): -getHardwareBufferInfo pcm_get_htimestamp fail, ret = -1, pcm_get_error = cannot start channel: Broken pipe
I/WindowManager(  877): Gaining focus: Window{32c5bfc6 u0 com.meizu.flyme.launcher/com.meizu.flyme.launcher.Launcher}
I/WindowManager(  877): Losing focus: Window{2d945bf0 u0 StatusBar}
I/PalmRejection( 1041): disableProximityLockLocked, mProximitySensorEnabled = false
I/PalmRejection( 1041): disableProximityLockLocked() failed... Proximity Sensor already disabled
W/Zygote  (32465): mz_is_rooted false
I/ActivityManager(  877): Start proc 32465:com.meizu.privacy/1338 for broadcast com.meizu.privacy/.PrivacyControllerReceiver
I/thermal_repeater(  323): oh, queryMdThermalInfo (0)Bad file number
I/Launcher( 1620): launcher guest mode set draglayout visiable
I/thermal_repeater(  323): [recvMdThermalInfo] ret=25, strLen=127,  1, 32767,,, -1, 32767, 2
I/NetworkStatsRecorder(  877): recordSnapshotLocked: ident[[{type=WIFI, subType=COMBINED, networkId=chaozhouniurouwan}]]
W/NetworkStatsRecorder(  877): unknown interfaces [lo, p2p0], ignoring those stats
I/NetworkStatsRecorder(  877): recordSnapshotLocked: ident[[{type=WIFI, subType=COMBINED, networkId=chaozhouniurouwan}]]
W/NetworkStatsRecorder(  877): unknown interfaces [lo, p2p0], ignoring those stats
I/NetworkStatsRecorder(  877): recordSnapshotLocked: ident[[{type=WIFI, subType=COMBINED, networkId=chaozhouniurouwan}]]
W/NetworkStatsRecorder(  877): unknown interfaces [lo, p2p0], ignoring those stats
W/NetworkStatsRecorder(  877): unknown interfaces [lo, p2p0], ignoring those stats
W/InputMethodManagerService(  877): Window already focused, ignoring focus gain of: com.android.internal.view.IInputMethodClient$Stub$Proxy@395c7e20 attribute=android.view.inputmethod.EditorInfo@78fa3d9, token = android.os.BinderProxy@359d11a1
W/DecodingInfo( 1333): No Engine for Decoding
W/ActivityManager(  877): Skip forceProcessStateUpTo() to newState 8
I/libPerfService(  877): perfSetFavorPid - pid:0, 0
E/AudioFlinger(  300): getNextBuffer, get null buffer
E/System  (32465): stat file error, path is /system/app/PrivacyController/lib/arm64, exception is android.system.ErrnoException: stat failed: ENOENT (No such file or directory)
W/linker  (32465): /system/lib64/libfilterUtils.so: unused DT entry: type 0x6ffffffe arg 0x808
W/linker  (32465): /system/lib64/libfilterUtils.so: unused DT entry: type 0x6fffffff arg 0x2
I/AudioFlinger_Threads(  300): pause signal - [NOT READY] on thread
I/libPerfService(  877): perfSetFavorPid - pid:1620, 654
I/auto_update_AppAutoUpdateManager( 3342): current Jobs:103,102,100,101,
W/auto_update_AppAutoUpdateManager( 3342): --Screen on and cancel scheduler download,switch:true, wifi:true, and Screen on: true, Power Connected: true, Battery: 100(-50|+15), Competitive:false(not check), downloaded size:0, downloaded time:0, available size:0
I/Cweather(30364): loadCurrentWeatherInfo cityName: isUserTheme:false temp:28 
W/Zygote  (32494): mz_is_rooted false
I/ActivityManager(  877): Start proc 32494:com.meizu.net.search/u0a76 for broadcast com.meizu.net.search/.hotword.HotWordReceiver
I/auto_update_AppAutoUpdateManager( 3342): cancel JobOnce
E/CellLocation(30364): create GsmCellLocation
I/AudioPolicyManager(  300): ReleaseFMIndirectMode 
I/AudioPolicyManager(  300): PolicyRestore
I/AudioPolicyManager(  300): stopOutput() output 2, stream 1, session 233
I/AudioPolicyManager(  300): getNewOutputDevice() selected device 0
I/AudioPolicyManager(  300): setOutputDevice() output 2 device 0000 delayMs 184 force 0
I/AudioPolicyManager(  300): setOutputDevice() prevDevice 0002
I/AudioPolicyManager(  300): setOutputDevice() mMutePrevDevice 0002
I/AudioPolicyManager(  300): s 0 c 0 avaDev 3 ba2dpo 0 ba2dpsp 0 dev 2
I/AudioPolicyManager(  300): s 1 c 0 avaDev 3 ba2dpo 0 ba2dpsp 0 dev 1
I/AudioPolicyManager(  300): s 2 c 0 avaDev 3 ba2dpo 0 ba2dpsp 0 dev 2
I/AudioPolicyManager(  300): s 2 c 0 avaDev 3 ba2dpo 0 ba2dpsp 0 dev 2
I/AudioPolicyManager(  300): s 3 c 0 avaDev 3 ba2dpo 0 ba2dpsp 0 dev 2
I/AudioPolicyManager(  300): s 0 c 0 avaDev 3 ba2dpo 0 ba2dpsp 0 dev 2
I/AudioPolicyManager(  300): s 4 c 0 avaDev 3 ba2dpo 0 ba2dpsp 0 dev 2
I/AudioPolicyManager(  300): s 5 c 0 avaDev 3 ba2dpo 0 ba2dpsp 0 dev 2
I/AudioPolicyManager(  300): s 6 c 0 avaDev 3 ba2dpo 0 ba2dpsp 0 dev 2
I/AudioPolicyManager(  300): s 7 c 0 avaDev 3 ba2dpo 0 ba2dpsp 0 dev 2
I/AudioPolicyManager(  300): s 8 c 0 avaDev 3 ba2dpo 0 ba2dpsp 0 dev 2
I/AudioPolicyManager(  300): setOutputDevice() setting same device 0000 or null device for output 2
W/ActivityManager(  877): Skip forceProcessStateUpTo() to newState 8
I/Cweather(30364): writeWidgetWeatherFileFromInternet
I/libPerfService(  877): perfSetFavorPid - pid:0, 0
I/libPerfService(  877): perfSetFavorPid - pid:1620, 654
I/ActivityManager(  877): Killing 29681:com.android.calendar:remote/u0a40 (adj 15): empty for 15565s
I/DebugFlymeWeather(30364): Get Mz Phone IMEI 868800027478449
I/System.out(30364): httpget:http://aider.meizu.com/v2/widget/citylbs?lat=22.571163&lon=114.043294&country=&province=&city=&region=&street=&bizId=aider_app&timestamp=1535954503972&sign=cc476cfae249ec378f2e9395e0b2273a
I/System.out(30364): isEmailSend:GET
I/System.out(30364): this.mCheckHandler:android.net.Proxy$DefaultHttpRequestCheckHandler@19a7d91e
D/libc-netbsd(30364): [getaddrinfo]: hostname=aider.meizu.com; servname=(null); cache_mode=(null), netid=0; mark=0
D/libc-netbsd(30364): [getaddrinfo]: ai_addrlen=0; ai_canonname=(null); ai_flags=4; ai_family=0
D/libc-netbsd(30364): [getaddrinfo]: hostname=aider.meizu.com; servname=(null); cache_mode=(null), netid=0; mark=0
D/libc-netbsd(30364): [getaddrinfo]: ai_addrlen=0; ai_canonname=(null); ai_flags=1024; ai_family=0
D/libc-netbsd(  295): [getaddrinfo]: hostname=aider.meizu.com; servname=(null); cache_mode=local, netid=101; mark=917605
D/libc-netbsd(  295): [getaddrinfo]: ai_addrlen=0; ai_canonname=(null); ai_flags=1024; ai_family=0
D/libc-netbsd(  295): default dns: query_ipv6=0, query_ipv4=1
D/libc-netbsd(  295): res_queryN name = aider.meizu.com, class = 1, type = 1
D/libc-netbsd(  295): netid=101, dns0:202.96.134.133
D/libc-netbsd(  295): netid=101, dns1:202.96.128.166
D/libc-netbsd(  295): netid=101, dns2:8.8.8.8
D/libc-netbsd(  295): res_queryN name = aider.meizu.com succeed
D/libc-netbsd(30364): getaddrinfo: aider.meizu.com get result from proxy >>
I/System.out(30364): propertyValue:true
I/System.out(30364): openConnection:1
D/libc-netbsd(30364): [getaddrinfo]: hostname=121.14.201.236; servname=(null); cache_mode=(null), netid=0; mark=0
D/libc-netbsd(30364): [getaddrinfo]: ai_addrlen=0; ai_canonname=(null); ai_flags=4; ai_family=0
I/System.out(30364): [CDS]connect[/121.14.201.236:80] tm:60
I/System.out(30364): buffer size:8192
I/System.out(30364): rxBufferSize size:
I/System.out(30364): >doSendRequest
I/System.out(30364): <doSendRequest
I/AudioFlinger(  300): setParameters(): io 2, keyvalue FM_DIRECT_CONTROL=0, calling pid 300
I/NetworkManagementSocketTagger(30364): untagSocket(25)
I/[MALI][Gralloc](  274): Usage: 0xb00, format: 0x1 stride: 1088 vertical_stride: 66 size: 287232
I/[MALI][Gralloc](  274): Usage: 0xb00, format: 0x1 stride: 1088 vertical_stride: 66 size: 287232
I/[MALI][Gralloc](  274): Usage: 0xb00, format: 0x1 stride: 1088 vertical_stride: 66 size: 287232
I/[MALI][Gralloc](  274): Usage: 0xb00, format: 0x1 stride: 1088 vertical_stride: 66 size: 287232
I/BlockCanary-no-op(32494): start
I/libPerfService(  877): perfSetFavorPid - pid:0, 0
I/libPerfService(  877): perfSetFavorPid - pid:1620, 654
I/ActivityManager(  877): Killing 29711:android.process.acore/u0a4 (adj 15): empty for 15559s
I/System.out(30364): open:http://coapi.moji.com/whapi/json/lbsweather?timestamp=1535954504195&token=b32173940ee1a42c0f63e7d60d76e8c0&key=95eb6040cfa3f4d7466c517dbd465652&lat=22.571163&lon=114.043294
D/libc-netbsd(30364): [getaddrinfo]: hostname=coapi.moji.com; servname=(null); cache_mode=(null), netid=0; mark=0
D/libc-netbsd(30364): [getaddrinfo]: ai_addrlen=0; ai_canonname=(null); ai_flags=4; ai_family=0
D/libc-netbsd(30364): [getaddrinfo]: hostname=coapi.moji.com; servname=(null); cache_mode=(null), netid=0; mark=0
D/libc-netbsd(30364): [getaddrinfo]: ai_addrlen=0; ai_canonname=(null); ai_flags=1024; ai_family=0
D/libc-netbsd(  295): [getaddrinfo]: hostname=coapi.moji.com; servname=(null); cache_mode=local, netid=101; mark=917605
D/libc-netbsd(  295): [getaddrinfo]: ai_addrlen=0; ai_canonname=(null); ai_flags=1024; ai_family=0
D/libc-netbsd(  295): default dns: query_ipv6=0, query_ipv4=1
D/libc-netbsd(  295): res_queryN name = coapi.moji.com, class = 1, type = 1
D/libc-netbsd(  295): netid=101, dns0:202.96.134.133
D/libc-netbsd(  295): netid=101, dns1:202.96.128.166
D/libc-netbsd(  295): netid=101, dns2:8.8.8.8
D/libc-netbsd(  295): res_queryN name = coapi.moji.com succeed
D/libc-netbsd(30364): getaddrinfo: coapi.moji.com get result from proxy >>
I/System.out(30364): propertyValue:true
I/System.out(30364): [CDS]connect[coapi.moji.com/103.235.239.215:80] tm:5
I/System.out(30364): [CDS]close[57614]
I/NetworkManagementSocketTagger(30364): untagSocket(25)
I/System.out(30364): [OkHttp] sendRequest>>
I/System.out(30364): [OkHttp] sendRequest<<
I/System.out(30364): open:http://alog.umeng.com/app_logs
D/libc-netbsd(30364): [getaddrinfo]: hostname=alog.umeng.com; servname=(null); cache_mode=(null), netid=0; mark=0
D/libc-netbsd(30364): [getaddrinfo]: ai_addrlen=0; ai_canonname=(null); ai_flags=4; ai_family=0
D/libc-netbsd(30364): [getaddrinfo]: hostname=alog.umeng.com; servname=(null); cache_mode=(null), netid=0; mark=0
D/libc-netbsd(30364): [getaddrinfo]: ai_addrlen=0; ai_canonname=(null); ai_flags=1024; ai_family=0
D/libc-netbsd(  295): [getaddrinfo]: hostname=alog.umeng.com; servname=(null); cache_mode=local, netid=101; mark=917605
D/libc-netbsd(  295): [getaddrinfo]: ai_addrlen=0; ai_canonname=(null); ai_flags=1024; ai_family=0
D/libc-netbsd(  295): default dns: query_ipv6=0, query_ipv4=1
D/libc-netbsd(  295): res_queryN name = alog.umeng.com, class = 1, type = 1
D/libc-netbsd(  295): netid=101, dns0:202.96.134.133
D/libc-netbsd(  295): netid=101, dns1:202.96.128.166
D/libc-netbsd(  295): netid=101, dns2:8.8.8.8
D/libc-netbsd(  295): res_queryN name = alog.umeng.com succeed
D/libc-netbsd(30364): getaddrinfo: alog.umeng.com get result from proxy >>
I/System.out(30364): propertyValue:true
I/System.out(30364): [CDS]connect[alog.umeng.com/106.11.250.138:80] tm:10
I/NetworkManagementSocketTagger(30364): untagSocket(37)
I/System.out(30364): [OkHttp] sendRequest>>
I/System.out(30364): [OkHttp] sendRequest<<
I/Cweather(30364): loadCurrentWeatherInfo cityName: isUserTheme:false temp:30 
I/System.out(30364): open:http://stat.moji.com/aMoUp
D/libc-netbsd(30364): [getaddrinfo]: hostname=stat.moji.com; servname=(null); cache_mode=(null), netid=0; mark=0
D/libc-netbsd(30364): [getaddrinfo]: ai_addrlen=0; ai_canonname=(null); ai_flags=4; ai_family=0
D/libc-netbsd(30364): [getaddrinfo]: hostname=stat.moji.com; servname=(null); cache_mode=(null), netid=0; mark=0
D/libc-netbsd(30364): [getaddrinfo]: ai_addrlen=0; ai_canonname=(null); ai_flags=1024; ai_family=0
D/libc-netbsd(  295): [getaddrinfo]: hostname=stat.moji.com; servname=(null); cache_mode=local, netid=101; mark=917605
D/libc-netbsd(  295): [getaddrinfo]: ai_addrlen=0; ai_canonname=(null); ai_flags=1024; ai_family=0
D/libc-netbsd(  295): default dns: query_ipv6=0, query_ipv4=1
D/libc-netbsd(  295): res_queryN name = stat.moji.com, class = 1, type = 1
D/libc-netbsd(  295): netid=101, dns0:202.96.134.133
D/libc-netbsd(  295): netid=101, dns1:202.96.128.166
D/libc-netbsd(  295): netid=101, dns2:8.8.8.8
D/libc-netbsd(  295): res_queryN name = stat.moji.com succeed
D/libc-netbsd(30364): getaddrinfo: stat.moji.com get result from proxy >>
I/System.out(30364): propertyValue:true
I/System.out(30364): [CDS]connect[stat.moji.com/47.93.165.15:80] tm:5
I/System.out(30364): Close in OkHttp
I/System.out(30364): [CDS]close[41587]
I/NetworkManagementSocketTagger(30364): untagSocket(25)
I/System.out(30364): [OkHttp] sendRequest>>
I/System.out(30364): [OkHttp] sendRequest<<
I/NetworkManagementSocketTagger(30364): untagSocket(33)
I/libPerfService(  877): 13: set: 6
I/libPerfService(  877): 13: set freq: 1300000
I/libPerfService(  877): 13: set gpu level: 0
I/libPerfService(  877): 10: set: 4
I/libPerfService(  877): 10: set freq: 1235000
I/libPerfService(  877): 10: set gpu level: 0
E/SensorHAL(  877): [Proximity]: 0.000000
I/libPerfService(  877): 13: set freq: 1300000
I/libPerfService(  877): 13: set: 6
E/SensorHAL(  877): [Proximity]: 5.000000
W/ContextImpl(  877): Calling a method in the system process without a qualified user: android.app.ContextImpl.sendBroadcast:1474 com.android.server.statusbar.StatusBarManagerService.onPanelRevealed:531 com.android.internal.statusbar.IStatusBarService$Stub.onTransact:185 android.os.Binder.execTransact:454 <bottom of call stack> 
I/MediaPlayerService(  300): [stop] [5] stop
I/AwesomePlayer(  300): stop extractor in reset
I/AwesomePlayer(  300): [pause_l]line:1609 pause_l :at_eos=0
I/MediaPlayerService(  300): [disconnect] disconnect(5) from pid 1041
I/AwesomePlayer(  300): stop extractor in reset
I/AwesomePlayer(  300): [reset_l]line:707 reset_l
I/AwesomePlayer(  300): [reset_l]line:762 reset cancelPlayEvents
I/AudioSink(  300): [pause] pause
I/[MALI][Gralloc](  274): Usage: 0x333, format: 0x1 stride: 544 vertical_stride: 960 size: 2088960
I/art     ( 1041): [heap] RegisterNativeAllocation start bytes:2088960
I/art     ( 1041): [heap] RegisterNativeAllocation RunFinalization time 1
I/art     ( 1041): [heap] RegisterNativeAllocation native_bytes_allocated_:2088960
E/Tethering(  877): updateConfiguration: wrong MCCMNC =null
I/Tethering(  877): ifaceTypes = null, use default
I/art     ( 1041): [heap] RegisterNativeAllocation new_native_bytes_allocated:2088960, native_bytes_allocated_:4177920, native_footprint_gc_watermark_:2785280, growth_limit_:268435456
I/art     ( 1041): [heap] RegisterNativeAllocation end
I/Tethering(  877): upstreamIfaceTypes.add:0
I/Tethering(  877): upstreamIfaceTypes.add:1
I/Tethering(  877): upstreamIfaceTypes.add:5
I/Tethering(  877): upstreamIfaceTypes.add:7
I/Tethering(  877): upstreamIfaceTypes.add:9
I/Tethering(  877): upstreamIfaceTypes.add:49
I/Tethering(  877): checkDunRequired:2
I/AudioSink(  300): [stop] stop
I/AudioSink(  300): [flush] flush
I/AudioFlinger_Threads(  300): enforc flush
I/AudioSink(  300): [close] close
I/AudioSink(  300): close mTearDownLock
I/AudioFlinger_Threads(  300): reset track timestretch tracn name 4100, ratio 100, mTimeStretchTrackName[name-4096] 0
I/AudioPolicyManager(  300): releaseOutput() 2
W/OMXCodec(  300): FILL_BUFFER_DONE(buffer: 4090495424, size: 0, flags: 0x00000000, timestamp: 851882 us (0.85 secs))
I/AwesomePlayer(  300): [reset_l]line:861 reset_l done
I/AwesomePlayer(  300): set flag for stopped
I/AwesomePlayer(  300): [reset_l]line:707 reset_l
I/AwesomePlayer(  300): [reset_l]line:762 reset cancelPlayEvents
I/AwesomePlayer(  300): [reset_l]line:861 reset_l done
I/AwesomePlayer(  300): set flag for stopped
I/AwesomePlayer(  300): [reset_l]line:707 reset_l
I/AwesomePlayer(  300): [reset_l]line:762 reset cancelPlayEvents
I/AwesomePlayer(  300): [reset_l]line:861 reset_l done
I/AudioSink(  300): [close] close
I/AudioSink(  300): close mTearDownLock
I/MediaPlayerService(  300): [disconnect] disconnect(5) from pid 1041
I/MediaPlayerService(  300): [~Client] [5]~Client
I/SurfaceFlinger(  274): [Built-in Screen (type:0)] fps:38.514824,dur:1428.02,max:452.41,min:15.02
I/WindowManager(  877): Gaining focus: Window{2d945bf0 u0 StatusBar}
I/WindowManager(  877): Losing focus: Window{32c5bfc6 u0 com.meizu.flyme.launcher/com.meizu.flyme.launcher.Launcher}
I/libPerfService(  877): perfSetFavorPid - pid:0, 0
I/[MALI][Gralloc](  274): Usage: 0xb00, format: 0x1 stride: 1088 vertical_stride: 1920 size: 8355840
I/[MALI][Gralloc](  274): Usage: 0xb00, format: 0x1 stride: 1088 vertical_stride: 1920 size: 8355840
I/[MALI][Gralloc](  274): Usage: 0xb00, format: 0x1 stride: 1088 vertical_stride: 1920 size: 8355840
I/[MALI][Gralloc](  274): Usage: 0xb00, format: 0x1 stride: 1088 vertical_stride: 1920 size: 8355840
I/PerfService(  877): PerfServiceNative_boostDisableAsync:5
I/libPerfService(  877): 5: set: 6
I/libPerfService(  877): 5: set freq: 1300000
I/PanelView( 1041): mTracking true,cancel fling false,instant collapse false
I/PanelView( 1041): reachTarget false,camera intercept false,camera running false
I/PanelView( 1041): isShademode false,target height 1659.0,expand height 1116.2053
I/libPerfService(  877): perfSetFavorPid - pid:1620, 654
I/libPerfService(  877): 13: set: 4
I/libPerfService(  877): 13: set freq: 1235000
I/libPerfService(  877): 13: set gpu level: 0
I/libPerfService(  877): perfSetFavorPid - pid:0, 0
I/PerfService(  877): PerfServiceNative_boostDisableAsync:5
I/libPerfService(  877): 5: set: 4
I/libPerfService(  877): 5: set freq: 1235000
I/AudioPolicyManager(  300): s 0 c 0 avaDev 3 ba2dpo 0 ba2dpsp 0 dev 2
I/AudioPolicyManager(  300): getOutput() device 2, stream 1, samplingRate 0, format 0, channelMask 3, flags 0
I/AudioPolicyManager(  300): getOutput() returns output 2
I/AudioPolicyManager(  300): s 0 c 0 avaDev 3 ba2dpo 0 ba2dpsp 0 dev 2
I/AudioPolicyManager(  300): getOutput() device 2, stream 1, samplingRate 0, format 0, channelMask 3, flags 0
I/AudioPolicyManager(  300): getOutput() returns output 2
I/AudioPolicyManager(  300): s 0 c 0 avaDev 3 ba2dpo 0 ba2dpsp 0 dev 2
I/AudioPolicyManager(  300): getOutput() returns output 2
W/AudioTrack(  877): AUDIO_OUTPUT_FLAG_FAST denied by client
I/AudioFlinger_Threads(  300): attachAuxEffect_l EffectId 0
I/AudioFlinger_Threads(  300): attachAuxEffect_l status 0
I/AudioPolicyManager(  300): AddSampleRateArray index = 1 sampleRate = 48000
I/AudioPolicyManager(  300): startOutput() output 2, stream 1, session 234
I/AudioPolicyManager(  300): s 0 c 0 avaDev 3 ba2dpo 0 ba2dpsp 0 dev 2
I/AudioPolicyManager(  300): getNewOutputDevice() selected device 2
I/AudioPolicyManager(  300): setOutputDevice() output 2 device 0002 delayMs 0 force 0
I/AudioPolicyManager(  300): s 0 c 0 avaDev 3 ba2dpo 0 ba2dpsp 0 dev 2
I/AudioFlinger(  300): setParameters(): io 2, keyvalue FM_DIRECT_CONTROL=1, calling pid 300
I/AudioPolicyManager(  300): setOutputDevice() prevDevice 0002
I/AudioPolicyManager(  300): setOutputDevice() mMutePrevDevice 0000
I/AudioPolicyManager(  300): s 0 c 0 avaDev 3 ba2dpo 0 ba2dpsp 0 dev 2
I/AudioPolicyManager(  300): s 1 c 0 avaDev 3 ba2dpo 0 ba2dpsp 0 dev 1
I/AudioPolicyManager(  300): s 2 c 0 avaDev 3 ba2dpo 0 ba2dpsp 0 dev 2
I/AudioPolicyManager(  300): s 2 c 0 avaDev 3 ba2dpo 0 ba2dpsp 0 dev 2
I/AudioPolicyManager(  300): s 3 c 0 avaDev 3 ba2dpo 0 ba2dpsp 0 dev 2
I/AudioPolicyManager(  300): s 0 c 0 avaDev 3 ba2dpo 0 ba2dpsp 0 dev 2
I/AudioPolicyManager(  300): s 4 c 0 avaDev 3 ba2dpo 0 ba2dpsp 0 dev 2
I/AudioPolicyManager(  300): s 5 c 0 avaDev 3 ba2dpo 0 ba2dpsp 0 dev 2
I/AudioPolicyManager(  300): s 6 c 0 avaDev 3 ba2dpo 0 ba2dpsp 0 dev 2
I/AudioPolicyManager(  300): s 7 c 0 avaDev 3 ba2dpo 0 ba2dpsp 0 dev 2
I/AudioPolicyManager(  300): s 8 c 0 avaDev 3 ba2dpo 0 ba2dpsp 0 dev 2
I/AudioPolicyManager(  300): setOutputDevice() setting same device 0002 or null device for output 2
I/AudioPolicyManager(  300):  checkAndSetVolume stream = 1 index = 8 output = 2 device = 0x2 delayMs = 0 force = 0
I/AudioPolicyManager(  300): PolicyForceReplace stream = 1 sampleRate = 48000 
I/AudioFlinger_Threads(  300): reset track timestretch tracn name 4098, ratio 100, mTimeStretchTrackName[name-4096] 0
I/AudioPolicyManager(  300): releaseOutput() 2
I/AudioFlinger(  300): setParameters(): io 0, keyvalue mediaserver_monitor=1, calling pid 877
W/AudioALSAHardware(  300): setParameters(), still have param.size() = 1, remain param = "mediaserver_monitor=1"
I/str_params(  300): key: 'mediaserver_monitor' value: '1'
I/AudioPolicyManager(  300): setStreamVolumeIndex stream = 7 index = 15 device = 0x400
E/AudioFlinger(  300): getNextBuffer, get null buffer
I/AudioFlinger_Threads(  300): pause signal - [NOT READY] on thread
I/SurfaceFlinger(  274): [Built-in Screen (type:0)] fps:17.130915,dur:1167.48,max:661.04,min:16.00
I/AudioPolicyManager(  300): ReleaseFMIndirectMode 
I/AudioPolicyManager(  300): PolicyRestore
I/AudioPolicyManager(  300): stopOutput() output 2, stream 1, session 234
I/AudioPolicyManager(  300): getNewOutputDevice() selected device 0
I/AudioPolicyManager(  300): setOutputDevice() output 2 device 0000 delayMs 184 force 0
I/AudioPolicyManager(  300): setOutputDevice() prevDevice 0002
I/AudioPolicyManager(  300): setOutputDevice() mMutePrevDevice 0002
I/AudioPolicyManager(  300): s 0 c 0 avaDev 3 ba2dpo 0 ba2dpsp 0 dev 2
I/AudioPolicyManager(  300): s 1 c 0 avaDev 3 ba2dpo 0 ba2dpsp 0 dev 1
I/AudioPolicyManager(  300): s 2 c 0 avaDev 3 ba2dpo 0 ba2dpsp 0 dev 2
I/AudioPolicyManager(  300): s 2 c 0 avaDev 3 ba2dpo 0 ba2dpsp 0 dev 2
I/AudioPolicyManager(  300): s 3 c 0 avaDev 3 ba2dpo 0 ba2dpsp 0 dev 2
I/AudioPolicyManager(  300): s 0 c 0 avaDev 3 ba2dpo 0 ba2dpsp 0 dev 2
I/AudioPolicyManager(  300): s 4 c 0 avaDev 3 ba2dpo 0 ba2dpsp 0 dev 2
I/AudioPolicyManager(  300): s 5 c 0 avaDev 3 ba2dpo 0 ba2dpsp 0 dev 2
I/AudioPolicyManager(  300): s 6 c 0 avaDev 3 ba2dpo 0 ba2dpsp 0 dev 2
I/AudioPolicyManager(  300): s 7 c 0 avaDev 3 ba2dpo 0 ba2dpsp 0 dev 2
I/AudioPolicyManager(  300): s 8 c 0 avaDev 3 ba2dpo 0 ba2dpsp 0 dev 2
I/AudioPolicyManager(  300): setOutputDevice() setting same device 0000 or null device for output 2
I/AudioFlinger(  300): setParameters(): io 2, keyvalue FM_DIRECT_CONTROL=0, calling pid 300
I/libPerfService(  877): 7: set: 4
I/libPerfService(  877): 7: set freq: 1235000
I/libPerfService(  877): 13: set freq: 1300000
I/PanelView( 1041): isShademode false,target height 0.0,expand height 1659.0
I/libPerfService(  877): 13: set: 6
I/libPerfService(  877): perfSetFavorPid - pid:1620, 654
W/StatusBar( 1041): removeFakeNotificationViews()---removeNotification for unknown pkg: com.meizu.media.video
I/PhoneStatusBar( 1041): updateNotificationCountChange,mLastHasNotification:true , hasActiveNotifications:true
W/StatusBar( 1041): removeFakeNotificationViews()---removeNotification for unknown pkg: com.meizu.media.reader
I/PhoneStatusBar( 1041): updateNotificationCountChange,mLastHasNotification:true , hasActiveNotifications:true
W/ContextImpl(  877): Calling a method in the system process without a qualified user: android.app.ContextImpl.sendBroadcast:1474 com.android.server.statusbar.StatusBarManagerService.onPanelHidden:555 com.android.internal.statusbar.IStatusBarService$Stub.onTransact:192 android.os.Binder.execTransact:454 <bottom of call stack> 
W/BrowserPushReciever(31622): (1 of main) onReceive - start
W/BrowserPushReciever(31622): (1 of main) onReceive - end
W/BrowserPushReciever(31622): (835 of IntentReceiver) onHandleIntent - start
W/READER_LOGGER-ReaderPushReceiver(31275): onNotificationDeleted() called with: context = [com.meizu.media.reader.ReaderApplication@20890595], title = [], content = [], selfDefineContentString = [{"t":0,"m":{"i":1535942449120001,"ui":"bae14176769641d3bf37c8a25dc0b628","ot":1,"rt":4,"rst":"NORMAL","rid":48,"r":"","t":"","c":"","u":"http://reader.res.meizu.com/reader/articlecontent/20180903/1535942449120001.json","d":1535943613932,"pid":1535943613932,"w":0,"bt":0,"img":"","bcid":-1,"is":0,"indb":false,"vw":0,"vh":0,"ct":0,"bvcid":46,"pbt":0,"dp":1}}], notifyId = [945440253]
I/System.out(31461): open:https://push-statics.meizu.com/push_data_report/mobile
D/libc-netbsd(31461): [getaddrinfo]: hostname=push-statics.meizu.com; servname=(null); cache_mode=(null), netid=0; mark=0
D/libc-netbsd(31461): [getaddrinfo]: ai_addrlen=0; ai_canonname=(null); ai_flags=4; ai_family=0
D/libc-netbsd(31461): [getaddrinfo]: hostname=push-statics.meizu.com; servname=(null); cache_mode=(null), netid=0; mark=0
D/libc-netbsd(31461): [getaddrinfo]: ai_addrlen=0; ai_canonname=(null); ai_flags=1024; ai_family=0
D/libc-netbsd(  295): [getaddrinfo]: hostname=push-statics.meizu.com; servname=(null); cache_mode=local, netid=101; mark=917605
D/libc-netbsd(  295): [getaddrinfo]: ai_addrlen=0; ai_canonname=(null); ai_flags=1024; ai_family=0
I/System.out(31461): Close in OkHttp
I/System.out(31461): [CDS]close[37669]
I/NetworkManagementSocketTagger(31461): untagSocket(27)
D/libc-netbsd(  295): default dns: query_ipv6=0, query_ipv4=1
D/libc-netbsd(  295): res_queryN name = push-statics.meizu.com, class = 1, type = 1
D/libc-netbsd(  295): netid=101, dns0:202.96.134.133
D/libc-netbsd(  295): netid=101, dns1:202.96.128.166
D/libc-netbsd(  295): netid=101, dns2:8.8.8.8
I/WindowManager(  877): Gaining focus: Window{32c5bfc6 u0 com.meizu.flyme.launcher/com.meizu.flyme.launcher.Launcher}
I/WindowManager(  877): Losing focus: Window{2d945bf0 u0 StatusBar}
W/InputMethodManagerService(  877): Window already focused, ignoring focus gain of: com.android.internal.view.IInputMethodClient$Stub$Proxy@b92f0ac attribute=null, token = android.os.BinderProxy@359d11a1
W/StatusBar( 1041): removeFakeNotificationViews()---removeNotification for unknown pkg: com.android.browser
I/[MALI][Gralloc](  274): Usage: 0xb00, format: 0x1 stride: 1088 vertical_stride: 66 size: 287232
I/[MALI][Gralloc](  274): Usage: 0xb00, format: 0x1 stride: 1088 vertical_stride: 66 size: 287232
I/PhoneStatusBar( 1041): updateNotificationCountChange,mLastHasNotification:true , hasActiveNotifications:true
W/BrowserPushReciever(31622): (835 of IntentReceiver) onHandleIntent - end
I/PalmRejection( 1041): disableProximityLockLocked, mProximitySensorEnabled = false
I/PalmRejection( 1041): disableProximityLockLocked() failed... Proximity Sensor already disabled
I/System.out(31275): open:https://push-statics.meizu.com/push_data_report/mobile
I/[MALI][Gralloc](  274): Usage: 0xb00, format: 0x1 stride: 1088 vertical_stride: 66 size: 287232
D/libc-netbsd(31275): [getaddrinfo]: hostname=push-statics.meizu.com; servname=(null); cache_mode=(null), netid=0; mark=0
D/libc-netbsd(31275): [getaddrinfo]: ai_addrlen=0; ai_canonname=(null); ai_flags=4; ai_family=0
D/libc-netbsd(31275): [getaddrinfo]: hostname=push-statics.meizu.com; servname=(null); cache_mode=(null), netid=0; mark=0
D/libc-netbsd(31275): [getaddrinfo]: ai_addrlen=0; ai_canonname=(null); ai_flags=1024; ai_family=0
I/System.out(31275): Close in OkHttp
D/libc-netbsd(  295): [getaddrinfo]: hostname=push-statics.meizu.com; servname=(null); cache_mode=local, netid=101; mark=917605
D/libc-netbsd(  295): [getaddrinfo]: ai_addrlen=0; ai_canonname=(null); ai_flags=1024; ai_family=0
I/System.out(31275): [CDS]close[43562]
I/NetworkManagementSocketTagger(31275): untagSocket(69)
D/libc-netbsd(  295): default dns: query_ipv6=0, query_ipv4=1
D/libc-netbsd(  295): res_queryN name = push-statics.meizu.com, class = 1, type = 1
D/libc-netbsd(  295): netid=101, dns0:202.96.134.133
D/libc-netbsd(  295): netid=101, dns1:202.96.128.166
I/System.out(31275): Close in OkHttp
D/libc-netbsd(  295): netid=101, dns2:8.8.8.8
I/System.out(31275): [CDS]close[60025]
I/NetworkManagementSocketTagger(31275): untagSocket(76)
I/[MALI][Gralloc](  274): Usage: 0xb00, format: 0x1 stride: 1088 vertical_stride: 66 size: 287232
I/System.out(31622): open:https://push-statics.meizu.com/push_data_report/mobile
D/libc-netbsd(31622): [getaddrinfo]: hostname=push-statics.meizu.com; servname=(null); cache_mode=(null), netid=0; mark=0
D/libc-netbsd(31622): [getaddrinfo]: ai_addrlen=0; ai_canonname=(null); ai_flags=4; ai_family=0
D/libc-netbsd(31622): [getaddrinfo]: hostname=push-statics.meizu.com; servname=(null); cache_mode=(null), netid=0; mark=0
D/libc-netbsd(31622): [getaddrinfo]: ai_addrlen=0; ai_canonname=(null); ai_flags=1024; ai_family=0
I/System.out(31622): Close in OkHttp
I/System.out(31622): [CDS]close[46092]
D/libc-netbsd(  295): [getaddrinfo]: hostname=push-statics.meizu.com; servname=(null); cache_mode=local, netid=101; mark=917605
D/libc-netbsd(  295): [getaddrinfo]: ai_addrlen=0; ai_canonname=(null); ai_flags=1024; ai_family=0
I/NetworkManagementSocketTagger(31622): untagSocket(94)
I/System.out(31622): Close in OkHttp
D/libc-netbsd(  295): default dns: query_ipv6=0, query_ipv4=1
D/libc-netbsd(  295): res_queryN name = push-statics.meizu.com, class = 1, type = 1
I/System.out(31622): [CDS]close[57836]
I/NetworkManagementSocketTagger(31622): untagSocket(93)
D/libc-netbsd(  295): res_queryN name = push-statics.meizu.com succeed
D/libc-netbsd(  295): res_queryN name = push-statics.meizu.com succeed
D/libc-netbsd(  295): res_queryN name = push-statics.meizu.com succeed
D/libc-netbsd(31622): getaddrinfo: push-statics.meizu.com get result from proxy >>
D/libc-netbsd(31461): getaddrinfo: push-statics.meizu.com get result from proxy >>
I/System.out(31461): propertyValue:true
D/libc-netbsd(31275): getaddrinfo: push-statics.meizu.com get result from proxy >>
I/System.out(31622): propertyValue:true
I/System.out(31275): propertyValue:true
I/System.out(31461): [CDS]connect[push-statics.meizu.com/14.152.73.224:443] tm:60
I/System.out(31622): [CDS]connect[push-statics.meizu.com/14.152.73.224:443] tm:60
I/System.out(31275): [CDS]connect[push-statics.meizu.com/14.152.73.224:443] tm:60
D/libc-netbsd(31275): [getaddrinfo]: hostname=push-statics.meizu.com; servname=(null); cache_mode=(null), netid=0; mark=0
D/libc-netbsd(31622): [getaddrinfo]: hostname=push-statics.meizu.com; servname=(null); cache_mode=(null), netid=0; mark=0
D/libc-netbsd(31461): [getaddrinfo]: hostname=push-statics.meizu.com; servname=(null); cache_mode=(null), netid=0; mark=0
D/libc-netbsd(31622): [getaddrinfo]: ai_addrlen=0; ai_canonname=(null); ai_flags=4; ai_family=0
D/libc-netbsd(31275): [getaddrinfo]: ai_addrlen=0; ai_canonname=(null); ai_flags=4; ai_family=0
D/libc-netbsd(31461): [getaddrinfo]: ai_addrlen=0; ai_canonname=(null); ai_flags=4; ai_family=0
I/SurfaceFlinger(  274): [Built-in Screen (type:0)] fps:55.438763,dur:1010.12,max:34.84,min:15.97
E/NativeCrypto(31275): ssl=0xe0ddf000 cert_verify_callback x509_store_ctx=0xdb2b4350 arg=0x0
E/NativeCrypto(31275): ssl=0xe0ddf000 cert_verify_callback calling verifyCertificateChain authMethod=ECDHE_RSA
E/NativeCrypto(31622): ssl=0xef2f0a00 cert_verify_callback x509_store_ctx=0xd8efb2e0 arg=0x0
E/NativeCrypto(31622): ssl=0xef2f0a00 cert_verify_callback calling verifyCertificateChain authMethod=ECDHE_RSA
E/NativeCrypto(31461): ssl=0xef043400 cert_verify_callback x509_store_ctx=0xdeb372d0 arg=0x0
E/NativeCrypto(31461): ssl=0xef043400 cert_verify_callback calling verifyCertificateChain authMethod=ECDHE_RSA
I/System.out(31461): [CDS]close[36318]
I/System.out(31275): [CDS]close[38375]
I/NetworkManagementSocketTagger(31461): untagSocket(27)
I/NetworkManagementSocketTagger(31275): untagSocket(28)
I/System.out(31622): [CDS]close[44141]
I/NetworkManagementSocketTagger(31622): untagSocket(93)
I/libPerfService(  877): 13: set: 4
I/libPerfService(  877): 13: set freq: 1235000
I/libPerfService(  877): 13: set gpu level: 0
I/libPerfService(  877): perfSetFavorPid - pid:0, 0
I/PerfService(  877): PerfServiceNative_boostDisableAsync:5
I/libPerfService(  877): 5: set: 4
I/libPerfService(  877): 5: set freq: 1235000
I/libPerfService(  877): 7: set: 4
I/libPerfService(  877): 7: set freq: 1235000
I/thermal_repeater(  323): oh, queryMdThermalInfo (0)Bad file number
I/thermal_repeater(  323): [recvMdThermalInfo] ret=25, strLen=127,  1, 32767,,, -1, 32767, 2
I/libPerfService(  877): 7: set: 4
I/libPerfService(  877): 7: set freq: 1235000
I/SurfaceFlinger(  274): [Built-in Screen (type:0)] fps:11.036860,dur:1993.32,max:1000.16,min:16.77
I/libPerfService(  877): 12: set: 1
I/libPerfService(  877): 12: set freq: 0
I/libPerfService(  877): 12: set gpu level: 0
I/SurfaceFlinger(  274): [Built-in Screen (type:0)] fps:1.881170,dur:1063.17,max:1054.68,min:8.48
I/libPerfService(  877): 7: set: 1
I/libPerfService(  877): 7: set freq: 0
I/SurfaceFlinger(  274): [Built-in Screen (type:0)] fps:0.989723,dur:2020.77,max:1028.38,min:992.39
I/System.out(31275): [CDS]close[0]
I/NetworkManagementSocketTagger(31275): untagSocket(89)
I/System.out(31275): [CDS]close[0]
I/NetworkManagementSocketTagger(31275): untagSocket(91)
I/thermal_repeater(  323): oh, queryMdThermalInfo (0)Bad file number
I/thermal_repeater(  323): [recvMdThermalInfo] ret=25, strLen=127,  1, 32767,,, -1, 32767, 2
I/SurfaceFlinger(  274): [Built-in Screen (type:0)] fps:0.494965,dur:2020.34,max:2020.34,min:2020.34
I/SurfaceFlinger(  274): [Built-in Screen (type:0)] fps:0.989602,dur:1010.51,max:1010.51,min:1010.51
I/AudioFlinger(  300): setParameters(): io 0, keyvalue mediaserver_monitor=1, calling pid 877
W/AudioALSAHardware(  300): setParameters(), still have param.size() = 1, remain param = "mediaserver_monitor=1"
I/str_params(  300): key: 'mediaserver_monitor' value: '1'
I/AudioPolicyManager(  300): setStreamVolumeIndex stream = 7 index = 15 device = 0x400
I/thermal_repeater(  323): oh, queryMdThermalInfo (0)Bad file number
I/thermal_repeater(  323): [recvMdThermalInfo] ret=25, strLen=127,  1, 32767,,, -1, 32767, 2
I/libPerfService(  877): perfSetFavorPid - pid:1620, 654
I/libPerfService(  877): perfSetFavorPid - pid:0, 0
I/libPerfService(  877): perfSetFavorPid - pid:1620, 654
I/SurfaceFlinger(  274): [Built-in Screen (type:0)] fps:0.207274,dur:4824.54,max:4824.54,min:4824.54
I/libPerfService(  877): perfSetFavorPid - pid:0, 0
I/SurfaceFlinger(  274): [Built-in Screen (type:0)] fps:1.683619,dur:1187.92,max:999.93,min:187.98
I/SurfaceFlinger(  274): [Built-in Screen (type:0)] fps:1.887240,dur:1059.75,max:1037.09,min:22.65
I/thermal_repeater(  323): oh, queryMdThermalInfo (0)Bad file number
I/thermal_repeater(  323): [recvMdThermalInfo] ret=25, strLen=127,  1, 32767,,, -1, 32767, 2
I/AudioFlinger(  300): setParameters(): io 0, keyvalue mediaserver_monitor=1, calling pid 877
W/AudioALSAHardware(  300): setParameters(), still have param.size() = 1, remain param = "mediaserver_monitor=1"
I/str_params(  300): key: 'mediaserver_monitor' value: '1'
I/AudioPolicyManager(  300): setStreamVolumeIndex stream = 7 index = 15 device = 0x400
I/thermal_repeater(  323): oh, queryMdThermalInfo (0)Bad file number
I/thermal_repeater(  323): [recvMdThermalInfo] ret=25, strLen=127,  1, 32767,,, -1, 32767, 2
I/SurfaceFlinger(  274): [Built-in Screen (type:0)] fps:0.142465,dur:7019.25,max:7019.25,min:7019.25
W/Watchdog(  877): SWT Watchdog after wait current time:18936377
W/Watchdog(  877): **Get SF Time **1
W/Watchdog(  877): SWT Watchdog before synchronized:18936378
W/Watchdog(  877): SWT Watchdog after synchronized:18936378
W/Watchdog(  877): SWT Watchdog before wait timeout:30000
W/Watchdog(  877): SWT Watchdog before wait current time:18936378
W/Watchdog(  877): SWT Watchdog before wait start:18936378
W/Watchdog(  877): SWT Watchdog before wait CHECK_INTERVAL:30000
I/SurfaceFlinger(  274): [Built-in Screen (type:0)] fps:0.494907,dur:2020.58,max:2020.58,min:2020.58
I/thermal_repeater(  323): oh, queryMdThermalInfo (0)Bad file number
I/thermal_repeater(  323): [recvMdThermalInfo] ret=25, strLen=127,  1, 32767,,, -1, 32767, 2
I/SurfaceFlinger(  274): [Built-in Screen (type:0)] fps:0.329856,dur:3031.63,max:3031.63,min:3031.63
I/SurfaceFlinger(  274): [Built-in Screen (type:0)] fps:0.973052,dur:1027.69,max:1027.69,min:1027.69
I/AudioFlinger(  300): setParameters(): io 0, keyvalue mediaserver_monitor=1, calling pid 877
W/AudioALSAHardware(  300): setParameters(), still have param.size() = 1, remain param = "mediaserver_monitor=1"
I/str_params(  300): key: 'mediaserver_monitor' value: '1'
I/AudioPolicyManager(  300): setStreamVolumeIndex stream = 7 index = 15 device = 0x400
I/thermal_repeater(  323): oh, queryMdThermalInfo (0)Bad file number
I/thermal_repeater(  323): [recvMdThermalInfo] ret=25, strLen=127,  1, 32767,,, -1, 32767, 2
I/thermal_repeater(  323): oh, queryMdThermalInfo (0)Bad file number
I/thermal_repeater(  323): [recvMdThermalInfo] ret=25, strLen=127,  1, 32767,,, -1, 32767, 2
I/AudioFlinger(  300): setParameters(): io 0, keyvalue mediaserver_monitor=1, calling pid 877
W/AudioALSAHardware(  300): setParameters(), still have param.size() = 1, remain param = "mediaserver_monitor=1"
I/str_params(  300): key: 'mediaserver_monitor' value: '1'
I/AudioPolicyManager(  300): setStreamVolumeIndex stream = 7 index = 15 device = 0x400
I/crashsdk(31622): Begin update unexp info ...
I/crashsdk(31622): Update unexp info took 6 ms
I/thermal_repeater(  323): oh, queryMdThermalInfo (0)Bad file number
I/thermal_repeater(  323): [recvMdThermalInfo] ret=25, strLen=127,  1, 32767,,, -1, 32767, 2
I/SurfaceFlinger(  274): [Built-in Screen (type:0)] fps:0.062335,dur:16042.32,max:16042.32,min:16042.32
I/SurfaceFlinger(  274): [Built-in Screen (type:0)] fps:0.972186,dur:1028.61,max:1028.61,min:1028.61
I/thermal_repeater(  323): oh, queryMdThermalInfo (0)Bad file number
I/thermal_repeater(  323): [recvMdThermalInfo] ret=25, strLen=127,  1, 32767,,, -1, 32767, 2
I/AudioFlinger(  300): setParameters(): io 0, keyvalue mediaserver_monitor=1, calling pid 877
W/AudioALSAHardware(  300): setParameters(), still have param.size() = 1, remain param = "mediaserver_monitor=1"
I/str_params(  300): key: 'mediaserver_monitor' value: '1'
I/AudioPolicyManager(  300): setStreamVolumeIndex stream = 7 index = 15 device = 0x400
I/thermal_repeater(  323): oh, queryMdThermalInfo (0)Bad file number
I/thermal_repeater(  323): [recvMdThermalInfo] ret=25, strLen=127,  1, 32767,,, -1, 32767, 2
W/Watchdog(  877): SWT Watchdog after wait current time:18966379
W/Watchdog(  877): **Get SF Time **1
W/Watchdog(  877): SWT Watchdog before synchronized:18966379
W/Watchdog(  877): SWT Watchdog after synchronized:18966379
W/Watchdog(  877): SWT Watchdog before wait timeout:30000
W/Watchdog(  877): SWT Watchdog before wait current time:18966380
W/Watchdog(  877): SWT Watchdog before wait start:18966380
W/Watchdog(  877): SWT Watchdog before wait CHECK_INTERVAL:30000
I/libPerfService(  877): 11: set: 2
I/SurfaceFlinger(  274): [Built-in Screen (type:0)] fps:0.110977,dur:9010.87,max:9010.87,min:9010.87
I/SurfaceFlinger(  274): [Built-in Screen (type:0)] fps:0.978302,dur:1022.18,max:1022.18,min:1022.18
I/libPerfService(  877): 11: set: 1
I/libPerfService(  877): 11: set freq: 0
I/libPerfService(  877): 11: set gpu level: 0
I/thermal_repeater(  323): oh, queryMdThermalInfo (0)Bad file number
I/thermal_repeater(  323): [recvMdThermalInfo] ret=25, strLen=127,  1, 32767,,, -1, 32767, 2
I/SurfaceFlinger(  274): [Built-in Screen (type:0)] fps:0.494868,dur:2020.74,max:2020.74,min:2020.74
I/SurfaceFlinger(  274): [Built-in Screen (type:0)] fps:1.972145,dur:1014.12,max:976.08,min:38.05
I/AudioFlinger(  300): setParameters(): io 0, keyvalue mediaserver_monitor=1, calling pid 877
W/AudioALSAHardware(  300): setParameters(), still have param.size() = 1, remain param = "mediaserver_monitor=1"
I/str_params(  300): key: 'mediaserver_monitor' value: '1'
I/AudioPolicyManager(  300): setStreamVolumeIndex stream = 7 index = 15 device = 0x400
I/PowerManagerService(  877): Going to sleep due to screen timeout (uid 1000)...
I/PowerManagerService(  877): Going to sleep due to lid switch (uid 1000)...
I/PowerManagerService(  877): Sleeping (uid 1000)...
I/ActivityManager(  877): onWakefulnessChanged: 3
I/SensorHAL(  877): Dev Active, handle: 4, name: LSM6DS3 Accelerometer Sensor, enable: 0.
I/SensorHAL(  877): SensorBase::Enable. name: LSM6DS3 Accelerometer Sensor, enable: 0
I/SensorHAL(  877): HWSensorBase::Enable, handle: 4, name: lsm6ds3_accel, enable: 0
I/SurfaceFlinger(  274): [Built-in Screen (type:0)] fps:0.467546,dur:2138.83,max:2138.83,min:2138.83
I/[MALI][Gralloc](  274): Usage: 0x333, format: 0x1 stride: 1088 vertical_stride: 1920 size: 8355840
I/PalmRejection( 1041): disableProximityLockLocked, mProximitySensorEnabled = false
I/PalmRejection( 1041): disableProximityLockLocked() failed... Proximity Sensor already disabled
I/libPerfService(  877): 10: set freq: 1300000
I/libPerfService(  877): 10: set: 6
I/PhoneStatusBar( 1041): updateNotificationCountChange,mLastHasNotification:true , hasActiveNotifications:true
I/[MALI][Gralloc](  274): Usage: 0xb00, format: 0x1 stride: 1088 vertical_stride: 1920 size: 8355840
I/[MALI][Gralloc](  274): Usage: 0xb00, format: 0x1 stride: 1088 vertical_stride: 1920 size: 8355840
I/PerfService(  274): PerfServiceNative_notifyDisplayType:0
W/Zygote  (32591): mz_is_rooted false
I/ActivityManager(  877): Start proc 32591:com.android.calendar:remote/u0a40 for broadcast com.android.calendar/com.meizu.flyme.calendar.widget.CalendarCardProvider
I/[MALI][Gralloc](  274): Usage: 0xb00, format: 0x1 stride: 1088 vertical_stride: 1920 size: 8355840
I/libPerfService(  877): perfSetFavorPid - pid:1620, 654
I/PhoneStatusBar( 1041): updateNotificationCountChange,mLastHasNotification:true , hasActiveNotifications:true
I/BatteryConsumeMonitor( 1287): watting idle mode !
W/DecodingInfo( 1333): No Engine for Decoding
I/AudioFlinger(  300): setParameters(): io 0, keyvalue screen_state=off, calling pid 877
I/str_params(  300): key: 'screen_state' value: 'off'
E/WifiStateMachine(  877): cancelDelayedScan -> 14
E/native  (  877): do suspend true
I/libPerfService(  877): perfUserScnDisableAll, h:10, s:1, a:0
I/libPerfService(  877): 10: set: 1
I/libPerfService(  877): 10: set freq: 0
I/libPerfService(  877): 10: set gpu level: 0
W/ActivityManager(  877): Skip forceProcessStateUpTo() to newState 8
I/SensorHAL(  877): Dev Batch, handle: 7, name: LSM6DS3 Step Counter Sensor
I/SensorHAL(  877): Dev Flush, handle: 7, name: LSM6DS3 Step Counter Sensor, ret: -22
I/[MALI][Gralloc](  274): Usage: 0xb00, format: 0x1 stride: 1088 vertical_stride: 1920 size: 8355840
I/wpa_supplicant( 1206): wpa_driver_nl80211_driver_cmd: buf =  ret = 2 used = 2 total = 4096
E/System  (32591): stat file error, path is /system/app/Calendar/lib/arm64, exception is android.system.ErrnoException: stat failed: ENOENT (No such file or directory)
W/linker  (32591): /system/lib64/libfilterUtils.so: unused DT entry: type 0x6ffffffe arg 0x808
W/linker  (32591): /system/lib64/libfilterUtils.so: unused DT entry: type 0x6fffffff arg 0x2
I/MzCalendar(32591): AppApplication, Nothing to do for remote process.
I/CalendarAgendaWidget(32591): onReceive action = android.intent.action.ACCESS_CONTROL_CHANGED
I/CalendarAgendaWidget(32591): onReceive action = android.intent.action.ACCESS_CONTROL_CHANGED
I/ActivityManager(  877): Killing 30160:com.mediatek.providers.drm/u0a46 (adj 15): empty for 13311s
I/SensorHAL(  877): Dev Active, handle: 2, name: LTR559 Proximity Sensor, enable: 0.
I/SensorHAL(  877): SensorBase::Enable. name: LTR559 Proximity Sensor, enable: 0
I/SensorHAL(  877): HWSensorBase::Enable, handle: 2, name: lsm6ds3_proximity, enable: 0
I/SensorHAL(  877): Dev Active, handle: 1, name: LTR559 Light Sensor, enable: 0.
I/SensorHAL(  877): SensorBase::Enable. name: LTR559 Light Sensor, enable: 0
I/SensorHAL(  877): HWSensorBase::Enable, handle: 1, name: lsm6ds3_light, enable: 0
I/DisplayManagerService(  877): Display device changed: DisplayDeviceInfo{"": uniqueId="local:0", 1080 x 1920, 57.490005 fps, supportedRefreshRates [57.490005], density 480, 480.0 x 480.0 dpi, appVsyncOff -8000000, presDeadline 26394328, touch INTERNAL, rotation 0, type BUILT_IN, state OFF, subtype 0, FLAG_DEFAULT_DISPLAY, FLAG_ROTATES_WITH_CONTENT, FLAG_SECURE, FLAG_SUPPORTS_PROTECTED_BUFFERS}
I/hwcomposer(  274): [HWC] SetPowerMode(0) Display(0)
I/ActivityManager(  877): onWakefulnessChanged: 0
I/PerfService(  274): PerfServiceNative_notifyDisplayType:1
W/ContextImpl( 1698): Calling a method in the system process without a qualified user: android.app.ContextImpl.startService:1863 android.content.ContextWrapper.startService:516 com.meizu.networkmanager.c.r.a:25 com.meizu.networkmanager.boradcast.b$1$1.run:67 <bottom of call stack> 
I/Launcher( 1620): launcher stats1 = WORKSPACE
I/NetworkStatsRecorder(  877): recordSnapshotLocked: ident[[{type=WIFI, subType=COMBINED, networkId=chaozhouniurouwan}]]
W/NetworkStatsRecorder(  877): unknown interfaces [lo, p2p0], ignoring those stats
I/NetworkStatsRecorder(  877): recordSnapshotLocked: ident[[{type=WIFI, subType=COMBINED, networkId=chaozhouniurouwan}]]
W/NetworkStatsRecorder(  877): unknown interfaces [lo, p2p0], ignoring those stats
I/NetworkStatsRecorder(  877): recordSnapshotLocked: ident[[{type=WIFI, subType=COMBINED, networkId=chaozhouniurouwan}]]
I/NetworkStatsRecorder(  877): recordSnapshotLocked: ident[[{type=WIFI, subType=COMBINED, networkId=chaozhouniurouwan}]]
I/NetworkStatsRecorder(  877): recordSnapshotLocked: ident[[{type=WIFI, subType=COMBINED, networkId=chaozhouniurouwan}]]
I/NetworkStatsRecorder(  877): recordSnapshotLocked: ident[[{type=WIFI, subType=COMBINED, networkId=chaozhouniurouwan}]]
I/NetworkStatsRecorder(  877): recordSnapshotLocked: ident[[{type=WIFI, subType=COMBINED, networkId=chaozhouniurouwan}]]
W/NetworkStatsRecorder(  877): unknown interfaces [lo, p2p0], ignoring those stats
I/NetworkStatsRecorder(  877): recordSnapshotLocked: ident[[{type=WIFI, subType=COMBINED, networkId=chaozhouniurouwan}]]
W/NetworkStatsRecorder(  877): unknown interfaces [lo, p2p0], ignoring those stats
W/auto_update_AppAutoUpdateManager( 3342): --Screen off but update app size == 0,switch:true, wifi:true, and Screen on: false, Power Connected: true, Battery: 100(-50|+15), Competitive:false(not check), downloaded size:0, downloaded time:0, available size:0
I/PreDownloadAndBookAppManager( 3342): normalCheck: true, post delay 2 min to  start book download task
I/thermal_repeater(  323): oh, queryMdThermalInfo (0)Bad file number
I/thermal_repeater(  323): [recvMdThermalInfo] ret=25, strLen=127,  1, 32767,,, -1, 32767, 2
W/recents.Component( 1041): create a new LoadPlan to load thumbnail -- background
W/recents.Performance( 1041): preload while task Change spend : 3
I/MeizuKeyguardThemeManager( 1041): setBarState ------ statusBarState=1,keyguardFadingAway=false,goingToFullShade=false,keyguardShowing=true
I/MeizuKeyguardThemeManager( 1041): setBarState 1
I/ChargeViewUtils( 1041): updateChargingState shouldChargingViewShow = true , mPluggedIn = true
