I/ActivityManager(  881): Force stopping io.appium.android.ime appid=10112 user=0: from pid 1344
I/ActivityManager(  881): Killing 14929:io.appium.android.ime/u0a112 (adj 11): stop io.appium.android.ime
I/ActivityManager(  881): Force stopping io.appium.settings appid=10097 user=0: from pid 1344
I/ActivityManager(  881): Killing 14772:io.appium.settings/u0a97 (adj 15): stop io.appium.settings
I/thermal_repeater(  322): oh, queryMdThermalInfo (0)Bad file number
I/thermal_repeater(  322): [recvMdThermalInfo] ret=25, strLen=127,  1, 32767,,, -1, 32767, 2
W/Watchdog(  881): SWT Watchdog after wait current time:27575224
W/Watchdog(  881): **Get SF Time **1
W/Watchdog(  881): SWT Watchdog before synchronized:27575225
W/Watchdog(  881): SWT Watchdog after synchronized:27575225
W/Watchdog(  881): SWT Watchdog before wait timeout:30000
W/Watchdog(  881): SWT Watchdog before wait current time:27575225
W/Watchdog(  881): SWT Watchdog before wait start:27575225
W/Watchdog(  881): SWT Watchdog before wait CHECK_INTERVAL:30000
I/thermal_repeater(  322): oh, queryMdThermalInfo (0)Bad file number
I/thermal_repeater(  322): [recvMdThermalInfo] ret=25, strLen=127,  1, 32767,,, -1, 32767, 2
I/thermal_repeater(  322): oh, queryMdThermalInfo (0)Bad file number
I/thermal_repeater(  322): [recvMdThermalInfo] ret=25, strLen=127,  1, 32767,,, -1, 32767, 2
I/thermal_repeater(  322): oh, queryMdThermalInfo (0)Bad file number
I/thermal_repeater(  322): [recvMdThermalInfo] ret=25, strLen=127,  1, 32767,,, -1, 32767, 2
I/thermal_repeater(  322): oh, queryMdThermalInfo (0)Bad file number
I/thermal_repeater(  322): [recvMdThermalInfo] ret=25, strLen=127,  1, 32767,,, -1, 32767, 2
I/thermal_repeater(  322): oh, queryMdThermalInfo (0)Bad file number
I/thermal_repeater(  322): [recvMdThermalInfo] ret=25, strLen=127,  1, 32767,,, -1, 32767, 2
I/thermal_repeater(  322): oh, queryMdThermalInfo (0)Bad file number
I/thermal_repeater(  322): [recvMdThermalInfo] ret=25, strLen=127,  1, 32767,,, -1, 32767, 2
W/Watchdog(  881): SWT Watchdog after wait current time:27605225
W/Watchdog(  881): **Get SF Time **1
W/Watchdog(  881): SWT Watchdog before synchronized:27605225
W/Watchdog(  881): SWT Watchdog after synchronized:27605225
W/Watchdog(  881): SWT Watchdog before wait timeout:30000
W/Watchdog(  881): SWT Watchdog before wait current time:27605225
W/Watchdog(  881): SWT Watchdog before wait start:27605225
W/Watchdog(  881): SWT Watchdog before wait CHECK_INTERVAL:30000
I/thermal_repeater(  322): oh, queryMdThermalInfo (0)Bad file number
I/thermal_repeater(  322): [recvMdThermalInfo] ret=25, strLen=127,  1, 32767,,, -1, 32767, 2
I/thermal_repeater(  322): oh, queryMdThermalInfo (0)Bad file number
I/thermal_repeater(  322): [recvMdThermalInfo] ret=25, strLen=127,  1, 32767,,, -1, 32767, 2
I/thermal_repeater(  322): oh, queryMdThermalInfo (0)Bad file number
I/thermal_repeater(  322): [recvMdThermalInfo] ret=25, strLen=127,  1, 32767,,, -1, 32767, 2
I/thermal_repeater(  322): oh, queryMdThermalInfo (0)Bad file number
I/thermal_repeater(  322): [recvMdThermalInfo] ret=25, strLen=127,  1, 32767,,, -1, 32767, 2
I/thermal_repeater(  322): oh, queryMdThermalInfo (0)Bad file number
I/thermal_repeater(  322): [recvMdThermalInfo] ret=25, strLen=127,  1, 32767,,, -1, 32767, 2
I/thermal_repeater(  322): oh, queryMdThermalInfo (0)Bad file number
I/thermal_repeater(  322): [recvMdThermalInfo] ret=25, strLen=127,  1, 32767,,, -1, 32767, 2
W/Watchdog(  881): SWT Watchdog after wait current time:27635225
W/Watchdog(  881): **Get SF Time **1
W/Watchdog(  881): SWT Watchdog before synchronized:27635226
W/Watchdog(  881): SWT Watchdog after synchronized:27635226
W/Watchdog(  881): SWT Watchdog before wait timeout:30000
W/Watchdog(  881): SWT Watchdog before wait current time:27635226
W/Watchdog(  881): SWT Watchdog before wait start:27635226
W/Watchdog(  881): SWT Watchdog before wait CHECK_INTERVAL:30000
I/thermal_repeater(  322): oh, queryMdThermalInfo (0)Bad file number
I/thermal_repeater(  322): [recvMdThermalInfo] ret=25, strLen=127,  1, 32767,,, -1, 32767, 2
I/thermal_repeater(  322): oh, queryMdThermalInfo (0)Bad file number
I/thermal_repeater(  322): [recvMdThermalInfo] ret=25, strLen=127,  1, 32767,,, -1, 32767, 2
I/thermal_repeater(  322): oh, queryMdThermalInfo (0)Bad file number
I/thermal_repeater(  322): [recvMdThermalInfo] ret=25, strLen=127,  1, 32767,,, -1, 32767, 2
I/thermal_repeater(  322): oh, queryMdThermalInfo (0)Bad file number
I/thermal_repeater(  322): [recvMdThermalInfo] ret=25, strLen=127,  1, 32767,,, -1, 32767, 2
I/thermal_repeater(  322): oh, queryMdThermalInfo (0)Bad file number
I/thermal_repeater(  322): [recvMdThermalInfo] ret=25, strLen=127,  1, 32767,,, -1, 32767, 2
I/thermal_repeater(  322): oh, queryMdThermalInfo (0)Bad file number
I/thermal_repeater(  322): [recvMdThermalInfo] ret=25, strLen=127,  1, 32767,,, -1, 32767, 2
W/Watchdog(  881): SWT Watchdog after wait current time:27665226
W/Watchdog(  881): **Get SF Time **1
W/Watchdog(  881): SWT Watchdog before synchronized:27665226
W/Watchdog(  881): SWT Watchdog after synchronized:27665226
W/Watchdog(  881): SWT Watchdog before wait timeout:30000
W/Watchdog(  881): SWT Watchdog before wait current time:27665226
W/Watchdog(  881): SWT Watchdog before wait start:27665226
W/Watchdog(  881): SWT Watchdog before wait CHECK_INTERVAL:30000
I/thermal_repeater(  322): oh, queryMdThermalInfo (0)Bad file number
I/thermal_repeater(  322): [recvMdThermalInfo] ret=25, strLen=127,  1, 32767,,, -1, 32767, 2
I/PowerManagerService(  881): Waking up from sleep (uid 1000)...reason:101
I/ActivityManager(  881): onWakefulnessChanged: 1
I/DisplayPowerController(  881): Blocking screen on until initial contents have been drawn.
W/ContextImpl(  881): Calling a method in the system process without a qualified user: android.app.ContextImpl.sendBroadcast:1474 com.android.server.statusbar.StatusBarManagerService.onPanelRevealed:531 com.android.internal.statusbar.IStatusBarService$Stub.onTransact:185 android.os.Binder.execTransact:454 <bottom of call stack> 
I/DisplayManagerService(  881): Display device changed: DisplayDeviceInfo{"": uniqueId="local:0", 1080 x 1920, 57.35 fps, supportedRefreshRates [57.35], density 480, 480.0 x 480.0 dpi, appVsyncOff -8000000, presDeadline 26436792, touch INTERNAL, rotation 0, type BUILT_IN, state ON, subtype 0, FLAG_DEFAULT_DISPLAY, FLAG_ROTATES_WITH_CONTENT, FLAG_SECURE, FLAG_SUPPORTS_PROTECTED_BUFFERS}
I/DisplayPowerController(  881): Unblocked screen on after 544 ms
I/thermal_repeater(  322): oh, queryMdThermalInfo (0)Bad file number
I/thermal_repeater(  322): [recvMdThermalInfo] ret=25, strLen=127,  1, 32767,,, -1, 32767, 2
W/ContextImpl(  881): Calling a method in the system process without a qualified user: android.app.ContextImpl.sendBroadcast:1474 com.android.server.statusbar.StatusBarManagerService.onPanelHidden:555 com.android.internal.statusbar.IStatusBarService$Stub.onTransact:192 android.os.Binder.execTransact:454 <bottom of call stack> 
I/StatusBarManagerService(  881): disable by pkg=com.android.systemui
W/ContextImpl( 1485): Calling a method in the system process without a qualified user: android.app.ContextImpl.startService:1863 android.content.ContextWrapper.startService:516 android.content.ContextWrapper.startService:516 com.meizu.networkmanager.c.o.a:25 com.meizu.networkmanager.boradcast.TrafficGlobalReceiver$2.run:238 
I/WindowManager(  881): Gaining focus: Window{ae407a7 u0 com.meizu.flyme.launcher/com.meizu.flyme.launcher.Launcher}
I/WindowManager(  881): Losing focus: Window{324c5a98 u0 StatusBar}
I/NetworkStatsRecorder(  881): recordSnapshotLocked: ident[[{type=WIFI, subType=COMBINED, networkId=chaozhouniurouwan}]]
W/NetworkStatsRecorder(  881): unknown interfaces [lo, p2p0], ignoring those stats
W/NetworkStatsRecorder(  881): unknown interfaces [lo, p2p0], ignoring those stats
W/NetworkStatsRecorder(  881): unknown interfaces [lo, p2p0], ignoring those stats
W/NetworkStatsRecorder(  881): unknown interfaces [lo, p2p0], ignoring those stats
W/InputMethodManagerService(  881): Window already focused, ignoring focus gain of: com.android.internal.view.IInputMethodClient$Stub$Proxy@344c9f8e attribute=android.view.inputmethod.EditorInfo@131163af, token = android.os.BinderProxy@2523f866
I/ActivityManager(  881): Start proc 17097:com.meizu.flyme.weather/u0a79 for broadcast com.meizu.flyme.weather/.WeatherWidgetProvider
W/ActivityManager(  881): Skip forceProcessStateUpTo() to newState 8
I/ActivityManager(  881): Start proc 17124:com.meizu.media.reader/u0a72 for broadcast com.meizu.media.reader/.module.appwidget.ReaderAppWidgetProvider
W/ActivityManager(  881): Skip forceProcessStateUpTo() to newState 8
E/Vold    (  275): Failed to find mounted volume for /storage/sdcard1/Android/data/com.meizu.media.reader/cache/
W/Vold    (  275): Returning OperationFailed - no handler for errno 0
E/Vold    (  275): Failed to find mounted volume for /storage/sdcard1/Android/data/com.meizu.media.reader/cache/
W/Vold    (  275): Returning OperationFailed - no handler for errno 0
E/Vold    (  275): Failed to find mounted volume for /storage/sdcard1/Android/data/com.meizu.media.reader/cache/
W/Vold    (  275): Returning OperationFailed - no handler for errno 0
E/Vold    (  275): Failed to find mounted volume for /storage/sdcard1/Android/data/com.meizu.media.reader/cache/
W/Vold    (  275): Returning OperationFailed - no handler for errno 0
I/thermal_repeater(  322): oh, queryMdThermalInfo (0)Bad file number
I/thermal_repeater(  322): [recvMdThermalInfo] ret=25, strLen=127,  1, 32767,,, -1, 32767, 2
I/thermal_repeater(  322): oh, queryMdThermalInfo (0)Bad file number
I/thermal_repeater(  322): [recvMdThermalInfo] ret=25, strLen=127,  1, 32767,,, -1, 32767, 2
I/ActivityManager(  881): Controller Pid : 17290
W/BroadcastQueue(  881): Skipping deliver [background] BroadcastRecord{c09bbc6 u-1 android.net.conn.CONNECTIVITY_CHANGE} to ReceiverList{187f7787 17290 (unknown name)/2000/u-1 remote:a440208}: process crashing
I/ActivityManager(  881): START u0 {act=android.intent.action.MAIN cat=[android.intent.category.LAUNCHER] flg=0x10200000 cmp=com.jieshun.jslife/.activity.common.WelcomeActivity} from uid 2000 on display 0 from pid 17290
I/WindowManager(  881): Losing focus: Window{ae407a7 u0 com.meizu.flyme.launcher/com.meizu.flyme.launcher.Launcher}
I/ActivityManager(  881): Start proc 17308:com.jieshun.jslife/u0a102 for activity com.jieshun.jslife/.activity.common.WelcomeActivity
I/ActivityManager(  881): START u0 {act=android.intent.action.MAIN cat=[android.intent.category.LAUNCHER] flg=0x10200000 cmp=com.android.mms/.ui.ConversationList bnds=[540,1626][798,1920]} from uid 10012 on display 0 from pid 1631
W/ActivityManager(  881): getRunningAppProcesses: caller 10102 does not hold REAL_GET_TASKS; limiting output
W/ActivityManager(  881): getRunningAppProcesses: caller 10102 does not hold REAL_GET_TASKS; limiting output
W/ActivityManager(  881): getRunningAppProcesses: caller 10102 does not hold REAL_GET_TASKS; limiting output
W/ActivityManager(  881): getRunningAppProcesses: caller 10102 does not hold REAL_GET_TASKS; limiting output
W/ActivityManager(  881): getRunningAppProcesses: caller 10102 does not hold REAL_GET_TASKS; limiting output
I/ActivityManager(  881): START u0 {cmp=com.jieshun.jslife/.activity.common.LoadingActivity} from uid 10102 on display 0 from pid 17308
I/WindowManager(  881): Gaining focus: Window{20ca1880 u0 com.jieshun.jslife/com.jieshun.jslife.activity.common.LoadingActivity}
I/ActivityManager(  881): START u0 {cmp=com.jieshun.jslife/.activity.common.MainFragmentActivity} from uid 10102 on display 0 from pid 17308
I/WindowManager(  881): Losing focus: Window{20ca1880 u0 com.jieshun.jslife/com.jieshun.jslife.activity.common.LoadingActivity}
I/thermal_repeater(  322): oh, queryMdThermalInfo (0)Bad file number
I/thermal_repeater(  322): [recvMdThermalInfo] ret=25, strLen=127,  1, 32767,,, -1, 32767, 2
E/Vold    (  275): Failed to find mounted volume for /storage/sdcard1/Android/data/com.jieshun.jslife/files/
W/Vold    (  275): Returning OperationFailed - no handler for errno 0
W/ActivityManager(  881): getRunningAppProcesses: caller 10102 does not hold REAL_GET_TASKS; limiting output
W/ActivityManager(  881): getRunningAppProcesses: caller 10102 does not hold REAL_GET_TASKS; limiting output
W/ActivityManager(  881): getRunningAppProcesses: caller 10102 does not hold REAL_GET_TASKS; limiting output
W/ActivityManager(  881): getRunningAppProcesses: caller 10102 does not hold REAL_GET_TASKS; limiting output
W/ActivityManager(  881): getRunningAppProcesses: caller 10102 does not hold REAL_GET_TASKS; limiting output
W/ActivityManager(  881): getRunningAppProcesses: caller 10102 does not hold REAL_GET_TASKS; limiting output
W/ActivityManager(  881): getRunningAppProcesses: caller 10102 does not hold REAL_GET_TASKS; limiting output
W/ActivityManager(  881): getRunningAppProcesses: caller 10102 does not hold REAL_GET_TASKS; limiting output
W/ActivityManager(  881): getRunningAppProcesses: caller 10102 does not hold REAL_GET_TASKS; limiting output
I/WindowManager(  881): Gaining focus: Window{2beca829 u0 com.jieshun.jslife/com.jieshun.jslife.activity.common.MainFragmentActivity}
W/ViewRootImpl(17308): Cancelling event due to no window focus: KeyEvent { action=ACTION_UP, keyCode=KEYCODE_CALL, scanCode=0, metaState=0, flags=0x28, repeatCount=0, eventTime=27685398, downTime=27685398, deviceId=-1, source=0x101 }
W/ViewRootImpl(17308): Cancelling event due to no window focus: KeyEvent { action=ACTION_UP, keyCode=KEYCODE_CALL, scanCode=0, metaState=0, flags=0x28, repeatCount=0, eventTime=27685398, downTime=27685398, deviceId=-1, source=0x101 }
W/ViewRootImpl(17308): Cancelling event due to no window focus: KeyEvent { action=ACTION_UP, keyCode=KEYCODE_CALL, scanCode=0, metaState=0, flags=0x28, repeatCount=0, eventTime=27685398, downTime=27685398, deviceId=-1, source=0x101 }
W/ViewRootImpl(17308): Cancelling event due to no window focus: KeyEvent { action=ACTION_UP, keyCode=KEYCODE_CALL, scanCode=0, metaState=0, flags=0x28, repeatCount=0, eventTime=27685398, downTime=27685398, deviceId=-1, source=0x101 }
W/ViewRootImpl(17308): Cancelling event due to no window focus: KeyEvent { action=ACTION_UP, keyCode=KEYCODE_CALL, scanCode=0, metaState=0, flags=0x28, repeatCount=0, eventTime=27685398, downTime=27685398, deviceId=-1, source=0x101 }
W/ViewRootImpl(17308): Cancelling event due to no window focus: KeyEvent { action=ACTION_UP, keyCode=KEYCODE_CALL, scanCode=0, metaState=0, flags=0x28, repeatCount=0, eventTime=27685398, downTime=27685398, deviceId=-1, source=0x101 }
W/ViewRootImpl(17308): Cancelling event due to no window focus: KeyEvent { action=ACTION_UP, keyCode=KEYCODE_CALL, scanCode=0, metaState=0, flags=0x28, repeatCount=0, eventTime=27685398, downTime=27685398, deviceId=-1, source=0x101 }
I/ActivityManager(  881): Start proc 17481:com.jieshun.jslife:remote/u0a102 for service com.jieshun.jslife/com.baidu.location.f
I/ActivityManager(  881): START u0 {act=android.intent.action.MAIN cat=[android.intent.category.LAUNCHER] flg=0x10200000 cmp=com.jieshun.jslife/.activity.common.WelcomeActivity} from uid 2000 on display 0 from pid 17290
I/ActivityManager(  881): START u0 {cmp=com.jieshun.jslife/.activity.homepage.ShareArroundActivity} from uid 10102 on display 0 from pid 17308
I/WindowManager(  881): Losing focus: Window{2beca829 u0 com.jieshun.jslife/com.jieshun.jslife.activity.common.MainFragmentActivity}
W/ActivityManager(  881): getRunningAppProcesses: caller 10102 does not hold REAL_GET_TASKS; limiting output
W/ActivityManager(  881): getRunningAppProcesses: caller 10102 does not hold REAL_GET_TASKS; limiting output
W/ActivityManager(  881): getRunningAppProcesses: caller 10102 does not hold REAL_GET_TASKS; limiting output
W/ActivityManager(  881): getRunningAppProcesses: caller 10102 does not hold REAL_GET_TASKS; limiting output
W/ActivityManager(  881): getRunningAppProcesses: caller 10102 does not hold REAL_GET_TASKS; limiting output
W/ActivityManager(  881): getRunningAppProcesses: caller 10102 does not hold REAL_GET_TASKS; limiting output
W/ActivityManager(  881): getRunningAppProcesses: caller 10102 does not hold REAL_GET_TASKS; limiting output
W/ActivityManager(  881): getRunningAppProcesses: caller 10102 does not hold REAL_GET_TASKS; limiting output
W/ActivityManager(  881): getRunningAppProcesses: caller 10102 does not hold REAL_GET_TASKS; limiting output
W/ActivityManager(  881): Activity pause timeout for ActivityRecord{1e0d6bf1 u0 com.jieshun.jslife/.activity.common.MainFragmentActivity t127}
W/InputManager(  881): Input event injection from pid 17290 failed.
W/InputManager(  881): Input event injection from pid 17290 failed.
W/InputManager(  881): Input event injection from pid 17290 failed.
W/InputManager(  881): Input event injection from pid 17290 failed.
W/InputManager(  881): Input event injection from pid 17290 failed.
W/InputManager(  881): Input event injection from pid 17290 failed.
W/InputManager(  881): Input event injection from pid 17290 failed.
W/InputManager(  881): Input event injection from pid 17290 failed.
I/WindowManager(  881): Gaining focus: Window{b10756c u0 com.jieshun.jslife/com.jieshun.jslife.activity.homepage.ShareArroundActivity}
I/thermal_repeater(  322): oh, queryMdThermalInfo (0)Bad file number
I/thermal_repeater(  322): [recvMdThermalInfo] ret=25, strLen=127,  1, 32767,,, -1, 32767, 2
I/ActivityManager(  881): START u0 {act=android.intent.action.MAIN cat=[android.intent.category.LAUNCHER] flg=0x10200000 cmp=com.jieshun.jslife/.activity.common.WelcomeActivity} from uid 2000 on display 0 from pid 17290
W/ActivityManager(  881): Launch timeout has expired, giving up wake lock!
I/ActivityManager(  881): START u0 {act=android.intent.action.MAIN cat=[android.intent.category.LAUNCHER] flg=0x10200000 cmp=com.jieshun.jslife/.activity.common.WelcomeActivity} from uid 2000 on display 0 from pid 17290
W/Watchdog(  881): SWT Watchdog after wait current time:27695227
W/Watchdog(  881): **Get SF Time **1
W/Watchdog(  881): SWT Watchdog before synchronized:27695227
W/Watchdog(  881): SWT Watchdog after synchronized:27695227
W/Watchdog(  881): SWT Watchdog before wait timeout:30000
W/Watchdog(  881): SWT Watchdog before wait current time:27695227
W/Watchdog(  881): SWT Watchdog before wait start:27695227
W/Watchdog(  881): SWT Watchdog before wait CHECK_INTERVAL:30000
I/thermal_repeater(  322): oh, queryMdThermalInfo (0)Bad file number
I/thermal_repeater(  322): [recvMdThermalInfo] ret=25, strLen=127,  1, 32767,,, -1, 32767, 2
W/BackupManagerService(  881): dataChanged but no participant pkg='com.android.providers.settings' uid=10030
W/BackupManagerService(  881): dataChanged but no participant pkg='com.android.providers.settings' uid=10030
W/BackupManagerService(  881): dataChanged but no participant pkg='com.android.providers.settings' uid=10030
W/BackupManagerService(  881): dataChanged but no participant pkg='com.android.providers.settings' uid=10030
W/ContextImpl( 9304): Calling a method in the system process without a qualified user: android.app.ContextImpl.startService:1863 android.content.ContextWrapper.startService:516 android.content.ContextWrapper.startService:516 com.meizu.dataservice.ExperienceReceiver.a:-1 com.meizu.dataservice.ExperienceReceiver.onReceive:-1 
W/ActivityManager(  881): getRunningAppProcesses: caller 10102 does not hold REAL_GET_TASKS; limiting output
W/ActivityManager(  881): getRunningAppProcesses: caller 10102 does not hold REAL_GET_TASKS; limiting output
W/ActivityManager(  881): getRunningAppProcesses: caller 10102 does not hold REAL_GET_TASKS; limiting output
W/ActivityManager(  881): getRunningAppProcesses: caller 10102 does not hold REAL_GET_TASKS; limiting output
I/ActivityManager(  881): START u0 {act=android.intent.action.MAIN cat=[android.intent.category.LAUNCHER] flg=0x10200000 cmp=com.jieshun.jslife/.activity.common.WelcomeActivity} from uid 2000 on display 0 from pid 17290
I/thermal_repeater(  322): oh, queryMdThermalInfo (0)Bad file number
I/thermal_repeater(  322): [recvMdThermalInfo] ret=25, strLen=127,  1, 32767,,, -1, 32767, 2
W/ActivityManager(  881): getRunningAppProcesses: caller 10102 does not hold REAL_GET_TASKS; limiting output
W/ActivityManager(  881): getRunningAppProcesses: caller 10102 does not hold REAL_GET_TASKS; limiting output
W/ActivityManager(  881): getRunningAppProcesses: caller 10102 does not hold REAL_GET_TASKS; limiting output
W/ActivityManager(  881): getRunningAppProcesses: caller 10102 does not hold REAL_GET_TASKS; limiting output
I/WindowManager(  881): Losing focus: Window{b10756c u0 com.jieshun.jslife/com.jieshun.jslife.activity.homepage.ShareArroundActivity}
I/WindowManager(  881): Gaining focus: Window{2beca829 u0 com.jieshun.jslife/com.jieshun.jslife.activity.common.MainFragmentActivity}
I/WindowManager(  881): Gaining focus: Window{2fbbb57d u0 com.jieshun.jslife/com.jieshun.jslife.activity.common.MainFragmentActivity}
I/ActivityManager(  881): START u0 {act=android.intent.action.MAIN cat=[android.intent.category.HOME] flg=0x10200000 cmp=com.meizu.flyme.launcher/.Launcher} from uid 1000 on display 0 from pid 881
I/thermal_repeater(  322): oh, queryMdThermalInfo (0)Bad file number
I/thermal_repeater(  322): [recvMdThermalInfo] ret=25, strLen=127,  1, 32767,,, -1, 32767, 2
I/ActivityManager(  881): START u0 {act=android.intent.action.MAIN cat=[android.intent.category.HOME] flg=0x10200000 cmp=com.meizu.flyme.launcher/.Launcher} from uid 1000 on display 0 from pid 881
W/ContextImpl( 9304): Calling a method in the system process without a qualified user: android.app.ContextImpl.startService:1863 android.content.ContextWrapper.startService:516 android.content.ContextWrapper.startService:516 com.meizu.dataservice.ExperienceReceiver.a:-1 com.meizu.dataservice.ExperienceReceiver.onReceive:-1 
I/ActivityManager(  881): START u0 {act=android.intent.action.MAIN cat=[android.intent.category.LAUNCHER] flg=0x10200000 cmp=com.jieshun.jslife/.activity.common.WelcomeActivity} from uid 2000 on display 0 from pid 17290
W/BackupManagerService(  881): dataChanged but no participant pkg='com.android.providers.settings' uid=10030
I/WindowManager(  881): Gaining focus: Window{2beca829 u0 com.jieshun.jslife/com.jieshun.jslife.activity.common.MainFragmentActivity}
I/WindowManager(  881): Losing focus: Window{2fbbb57d u0 com.jieshun.jslife/com.jieshun.jslife.activity.common.MainFragmentActivity EXITING}
W/BackupManagerService(  881): dataChanged but no participant pkg='com.android.providers.settings' uid=10030
I/ActivityManager(  881): START u0 {cmp=com.jieshun.jslife/.activity.userinfo.OpenDoorApplyWebViewActivity (has extras)} from uid 10102 on display 0 from pid 17308
I/WindowManager(  881): Losing focus: Window{2beca829 u0 com.jieshun.jslife/com.jieshun.jslife.activity.common.MainFragmentActivity}
W/ResourcesManager(17308): Asset path '/system/framework/com.google.android.maps.jar' does not exist or contains no resources.
I/thermal_repeater(  322): oh, queryMdThermalInfo (0)Bad file number
I/thermal_repeater(  322): [recvMdThermalInfo] ret=25, strLen=127,  1, 32767,,, -1, 32767, 2
W/InputManager(  881): Input event injection from pid 17290 failed.
W/InputManager(  881): Input event injection from pid 17290 failed.
W/ResourcesManager(17308): Asset path '/system/framework/com.google.android.maps.jar' does not exist or contains no resources.
W/ActivityManager(  881): getRunningAppProcesses: caller 10102 does not hold REAL_GET_TASKS; limiting output
W/InputManager(  881): Input event injection from pid 17290 failed.
W/InputManager(  881): Input event injection from pid 17290 failed.
W/ActivityManager(  881): Launch timeout has expired, giving up wake lock!
I/WindowManager(  881): Gaining focus: Window{c98a094 u0 com.jieshun.jslife/com.jieshun.jslife.activity.userinfo.OpenDoorApplyWebViewActivity}
W/ProcessCpuTracker(  881): Skipping unknown process pid 17695
I/WindowManager(  881): Gaining focus: Window{145c81df u0 com.jieshun.jslife/com.jieshun.jslife.activity.userinfo.OpenDoorApplyWebViewActivity}
W/ResourcesManager(17308): Asset path '/system/framework/com.google.android.maps.jar' does not exist or contains no resources.
I/ActivityManager(  881): START u0 {act=android.intent.action.MAIN cat=[android.intent.category.LAUNCHER] flg=0x10200000 cmp=com.jieshun.jslife/.activity.common.WelcomeActivity} from uid 2000 on display 0 from pid 17290
I/thermal_repeater(  322): oh, queryMdThermalInfo (0)Bad file number
I/thermal_repeater(  322): [recvMdThermalInfo] ret=25, strLen=127,  1, 32767,,, -1, 32767, 2
I/ActivityManager(  881): START u0 {act=android.intent.action.MAIN cat=[android.intent.category.HOME] flg=0x10200000 cmp=com.meizu.flyme.launcher/.Launcher} from uid 1000 on display 0 from pid 881
W/ContextImpl( 9304): Calling a method in the system process without a qualified user: android.app.ContextImpl.startService:1863 android.content.ContextWrapper.startService:516 android.content.ContextWrapper.startService:516 com.meizu.dataservice.ExperienceReceiver.a:-1 com.meizu.dataservice.ExperienceReceiver.onReceive:-1 
I/WindowManager(  881): Gaining focus: Window{c98a094 u0 com.jieshun.jslife/com.jieshun.jslife.activity.userinfo.OpenDoorApplyWebViewActivity}
I/WindowManager(  881): Losing focus: Window{145c81df u0 com.jieshun.jslife/com.jieshun.jslife.activity.userinfo.OpenDoorApplyWebViewActivity EXITING}
W/ActivityManager(  881): getRunningAppProcesses: caller 10102 does not hold REAL_GET_TASKS; limiting output
W/ActivityManager(  881): getRunningAppProcesses: caller 10102 does not hold REAL_GET_TASKS; limiting output
W/ActivityManager(  881): getRunningAppProcesses: caller 10102 does not hold REAL_GET_TASKS; limiting output
W/ActivityManager(  881): getRunningAppProcesses: caller 10102 does not hold REAL_GET_TASKS; limiting output
I/thermal_repeater(  322): oh, queryMdThermalInfo (0)Bad file number
I/thermal_repeater(  322): [recvMdThermalInfo] ret=25, strLen=127,  1, 32767,,, -1, 32767, 2
I/ActivityManager(  881): START u0 {act=android.intent.action.CALL_BUTTON flg=0x10000000} from uid 10102 on display 0 from pid 17308
W/Watchdog(  881): SWT Watchdog after wait current time:27725227
W/Watchdog(  881): **Get SF Time **1
W/Watchdog(  881): SWT Watchdog before synchronized:27725228
W/Watchdog(  881): SWT Watchdog after synchronized:27725228
W/Watchdog(  881): SWT Watchdog before wait timeout:30000
W/Watchdog(  881): SWT Watchdog before wait current time:27725228
W/Watchdog(  881): SWT Watchdog before wait start:27725228
W/Watchdog(  881): SWT Watchdog before wait CHECK_INTERVAL:30000
I/thermal_repeater(  322): oh, queryMdThermalInfo (0)Bad file number
I/thermal_repeater(  322): [recvMdThermalInfo] ret=25, strLen=127,  1, 32767,,, -1, 32767, 2
W/ContextImpl( 9304): Calling a method in the system process without a qualified user: android.app.ContextImpl.startService:1863 android.content.ContextWrapper.startService:516 android.content.ContextWrapper.startService:516 com.meizu.dataservice.ExperienceReceiver.a:-1 com.meizu.dataservice.ExperienceReceiver.onReceive:-1 
I/ActivityManager(  881): START u0 {act=android.intent.action.MAIN cat=[android.intent.category.LAUNCHER] flg=0x10200000 cmp=com.jieshun.jslife/.activity.common.WelcomeActivity} from uid 2000 on display 0 from pid 17290
W/ActivityManager(  881): getRunningAppProcesses: caller 10102 does not hold REAL_GET_TASKS; limiting output
W/ActivityManager(  881): getRunningAppProcesses: caller 10102 does not hold REAL_GET_TASKS; limiting output
W/ActivityManager(  881): getRunningAppProcesses: caller 10102 does not hold REAL_GET_TASKS; limiting output
W/ActivityManager(  881): getRunningAppProcesses: caller 10102 does not hold REAL_GET_TASKS; limiting output
I/WindowManager(  881): Losing focus: Window{c98a094 u0 com.jieshun.jslife/com.jieshun.jslife.activity.userinfo.OpenDoorApplyWebViewActivity}
I/WindowManager(  881): Gaining focus: Window{2beca829 u0 com.jieshun.jslife/com.jieshun.jslife.activity.common.MainFragmentActivity}
I/ActivityManager(  881): START u0 {act=android.intent.action.MAIN cat=[android.intent.category.LAUNCHER] flg=0x10200000 cmp=com.jieshun.jslife/.activity.common.WelcomeActivity} from uid 2000 on display 0 from pid 17290
I/ActivityManager(  881): START u0 {cmp=com.jieshun.jslife/.activity.userinfo.OpenDoorApplyWebViewActivity (has extras)} from uid 10102 on display 0 from pid 17308
I/WindowManager(  881): Losing focus: Window{2beca829 u0 com.jieshun.jslife/com.jieshun.jslife.activity.common.MainFragmentActivity}
I/WindowManager(  881): Gaining focus: Window{340ba5c u0 com.jieshun.jslife/com.jieshun.jslife.activity.userinfo.OpenDoorApplyWebViewActivity}
I/WindowManager(  881): Gaining focus: Window{1468dac7 u0 com.jieshun.jslife/com.jieshun.jslife.activity.userinfo.OpenDoorApplyWebViewActivity}
I/ActivityManager(  881): START u0 {act=android.intent.action.MAIN cat=[android.intent.category.LAUNCHER] flg=0x10200000 cmp=com.jieshun.jslife/.activity.common.WelcomeActivity} from uid 2000 on display 0 from pid 17290
I/thermal_repeater(  322): oh, queryMdThermalInfo (0)Bad file number
I/thermal_repeater(  322): [recvMdThermalInfo] ret=25, strLen=127,  1, 32767,,, -1, 32767, 2
I/ActivityManager(  881): START u0 {act=android.intent.action.MAIN cat=[android.intent.category.LAUNCHER] flg=0x10200000 cmp=com.jieshun.jslife/.activity.common.WelcomeActivity} from uid 2000 on display 0 from pid 17290
I/thermal_repeater(  322): oh, queryMdThermalInfo (0)Bad file number
I/thermal_repeater(  322): [recvMdThermalInfo] ret=25, strLen=127,  1, 32767,,, -1, 32767, 2
W/ActivityManager(  881): Launch timeout has expired, giving up wake lock!
I/ActivityManager(  881): START u0 {act=android.intent.action.MAIN cat=[android.intent.category.LAUNCHER] flg=0x10200000 cmp=com.jieshun.jslife/.activity.common.WelcomeActivity} from uid 2000 on display 0 from pid 17290
W/ContextImpl( 9304): Calling a method in the system process without a qualified user: android.app.ContextImpl.startService:1863 android.content.ContextWrapper.startService:516 android.content.ContextWrapper.startService:516 com.meizu.dataservice.ExperienceReceiver.a:-1 com.meizu.dataservice.ExperienceReceiver.onReceive:-1 
I/thermal_repeater(  322): oh, queryMdThermalInfo (0)Bad file number
I/thermal_repeater(  322): [recvMdThermalInfo] ret=25, strLen=127,  1, 32767,,, -1, 32767, 2
I/ActivityManager(  881): START u0 {act=android.intent.action.CALL_BUTTON flg=0x10000000} from uid 10102 on display 0 from pid 17308
I/ActivityManager(  881): START u0 {act=android.intent.action.MAIN cat=[android.intent.category.LAUNCHER] flg=0x10200000 cmp=com.jieshun.jslife/.activity.common.WelcomeActivity} from uid 2000 on display 0 from pid 17290
I/ActivityManager(  881): START u0 {act=android.intent.action.MAIN cat=[android.intent.category.LAUNCHER] flg=0x10200000 cmp=com.jieshun.jslife/.activity.common.WelcomeActivity} from uid 2000 on display 0 from pid 17290
I/thermal_repeater(  322): oh, queryMdThermalInfo (0)Bad file number
I/thermal_repeater(  322): [recvMdThermalInfo] ret=25, strLen=127,  1, 32767,,, -1, 32767, 2
I/ActivityManager(  881): START u0 {act=android.intent.action.CALL_BUTTON flg=0x10000000} from uid 10102 on display 0 from pid 17308
I/ActivityManager(  881): Controller Pid : 0
I/thermal_repeater(  322): oh, queryMdThermalInfo (0)Bad file number
I/thermal_repeater(  322): [recvMdThermalInfo] ret=25, strLen=127,  1, 32767,,, -1, 32767, 2
W/ContextImpl( 9304): Calling a method in the system process without a qualified user: android.app.ContextImpl.startService:1863 android.content.ContextWrapper.startService:516 android.content.ContextWrapper.startService:516 com.meizu.dataservice.ExperienceReceiver.a:-1 com.meizu.dataservice.ExperienceReceiver.onReceive:-1 
W/Watchdog(  881): SWT Watchdog after wait current time:27755228
W/Watchdog(  881): **Get SF Time **1
W/Watchdog(  881): SWT Watchdog before synchronized:27755228
W/Watchdog(  881): SWT Watchdog after synchronized:27755228
W/Watchdog(  881): SWT Watchdog before wait timeout:30000
W/Watchdog(  881): SWT Watchdog before wait current time:27755229
W/Watchdog(  881): SWT Watchdog before wait start:27755229
W/Watchdog(  881): SWT Watchdog before wait CHECK_INTERVAL:30000
I/thermal_repeater(  322): oh, queryMdThermalInfo (0)Bad file number
I/thermal_repeater(  322): [recvMdThermalInfo] ret=25, strLen=127,  1, 32767,,, -1, 32767, 2
I/thermal_repeater(  322): oh, queryMdThermalInfo (0)Bad file number
I/thermal_repeater(  322): [recvMdThermalInfo] ret=25, strLen=127,  1, 32767,,, -1, 32767, 2
I/WindowManager(  881): Gaining focus: Window{340ba5c u0 com.jieshun.jslife/com.jieshun.jslife.activity.userinfo.OpenDoorApplyWebViewActivity}
I/WindowManager(  881): Losing focus: Window{1468dac7 u0 com.jieshun.jslife/com.jieshun.jslife.activity.userinfo.OpenDoorApplyWebViewActivity EXITING}
I/thermal_repeater(  322): oh, queryMdThermalInfo (0)Bad file number
I/thermal_repeater(  322): [recvMdThermalInfo] ret=25, strLen=127,  1, 32767,,, -1, 32767, 2
W/ContextImpl( 9304): Calling a method in the system process without a qualified user: android.app.ContextImpl.startService:1863 android.content.ContextWrapper.startService:516 android.content.ContextWrapper.startService:516 com.meizu.dataservice.ExperienceReceiver.a:-1 com.meizu.dataservice.ExperienceReceiver.onReceive:-1 
I/thermal_repeater(  322): oh, queryMdThermalInfo (0)Bad file number
I/thermal_repeater(  322): [recvMdThermalInfo] ret=25, strLen=127,  1, 32767,,, -1, 32767, 2
I/thermal_repeater(  322): oh, queryMdThermalInfo (0)Bad file number
I/thermal_repeater(  322): [recvMdThermalInfo] ret=25, strLen=127,  1, 32767,,, -1, 32767, 2
I/thermal_repeater(  322): oh, queryMdThermalInfo (0)Bad file number
I/thermal_repeater(  322): [recvMdThermalInfo] ret=25, strLen=127,  1, 32767,,, -1, 32767, 2
W/ContextImpl( 9304): Calling a method in the system process without a qualified user: android.app.ContextImpl.startService:1863 android.content.ContextWrapper.startService:516 android.content.ContextWrapper.startService:516 com.meizu.dataservice.ExperienceReceiver.a:-1 com.meizu.dataservice.ExperienceReceiver.onReceive:-1 
W/Watchdog(  881): SWT Watchdog after wait current time:27785229
W/Watchdog(  881): **Get SF Time **1
W/Watchdog(  881): SWT Watchdog before synchronized:27785229
W/Watchdog(  881): SWT Watchdog after synchronized:27785229
W/Watchdog(  881): SWT Watchdog before wait timeout:30000
W/Watchdog(  881): SWT Watchdog before wait current time:27785229
W/Watchdog(  881): SWT Watchdog before wait start:27785229
W/Watchdog(  881): SWT Watchdog before wait CHECK_INTERVAL:30000
I/thermal_repeater(  322): oh, queryMdThermalInfo (0)Bad file number
I/thermal_repeater(  322): [recvMdThermalInfo] ret=25, strLen=127,  1, 32767,,, -1, 32767, 2
I/thermal_repeater(  322): oh, queryMdThermalInfo (0)Bad file number
I/thermal_repeater(  322): [recvMdThermalInfo] ret=25, strLen=127,  1, 32767,,, -1, 32767, 2
I/thermal_repeater(  322): oh, queryMdThermalInfo (0)Bad file number
I/thermal_repeater(  322): [recvMdThermalInfo] ret=25, strLen=127,  1, 32767,,, -1, 32767, 2
W/ContextImpl( 9304): Calling a method in the system process without a qualified user: android.app.ContextImpl.startService:1863 android.content.ContextWrapper.startService:516 android.content.ContextWrapper.startService:516 com.meizu.dataservice.ExperienceReceiver.a:-1 com.meizu.dataservice.ExperienceReceiver.onReceive:-1 
I/thermal_repeater(  322): oh, queryMdThermalInfo (0)Bad file number
I/thermal_repeater(  322): [recvMdThermalInfo] ret=25, strLen=127,  1, 32767,,, -1, 32767, 2
I/thermal_repeater(  322): oh, queryMdThermalInfo (0)Bad file number
I/thermal_repeater(  322): [recvMdThermalInfo] ret=25, strLen=127,  1, 32767,,, -1, 32767, 2
W/ContextImpl( 9304): Calling a method in the system process without a qualified user: android.app.ContextImpl.startService:1863 android.content.ContextWrapper.startService:516 android.content.ContextWrapper.startService:516 com.meizu.dataservice.ExperienceReceiver.a:-1 com.meizu.dataservice.ExperienceReceiver.onReceive:-1 
I/thermal_repeater(  322): oh, queryMdThermalInfo (0)Bad file number
I/thermal_repeater(  322): [recvMdThermalInfo] ret=25, strLen=127,  1, 32767,,, -1, 32767, 2
W/Watchdog(  881): SWT Watchdog after wait current time:27815230
W/Watchdog(  881): **Get SF Time **1
W/Watchdog(  881): SWT Watchdog before synchronized:27815231
W/Watchdog(  881): SWT Watchdog after synchronized:27815231
W/Watchdog(  881): SWT Watchdog before wait timeout:30000
W/Watchdog(  881): SWT Watchdog before wait current time:27815231
W/Watchdog(  881): SWT Watchdog before wait start:27815231
W/Watchdog(  881): SWT Watchdog before wait CHECK_INTERVAL:30000
I/thermal_repeater(  322): oh, queryMdThermalInfo (0)Bad file number
I/thermal_repeater(  322): [recvMdThermalInfo] ret=25, strLen=127,  1, 32767,,, -1, 32767, 2
I/thermal_repeater(  322): oh, queryMdThermalInfo (0)Bad file number
I/thermal_repeater(  322): [recvMdThermalInfo] ret=25, strLen=127,  1, 32767,,, -1, 32767, 2
W/ContextImpl( 9304): Calling a method in the system process without a qualified user: android.app.ContextImpl.startService:1863 android.content.ContextWrapper.startService:516 android.content.ContextWrapper.startService:516 com.meizu.dataservice.ExperienceReceiver.a:-1 com.meizu.dataservice.ExperienceReceiver.onReceive:-1 
I/thermal_repeater(  322): oh, queryMdThermalInfo (0)Bad file number
I/thermal_repeater(  322): [recvMdThermalInfo] ret=25, strLen=127,  1, 32767,,, -1, 32767, 2
I/thermal_repeater(  322): oh, queryMdThermalInfo (0)Bad file number
I/thermal_repeater(  322): [recvMdThermalInfo] ret=25, strLen=127,  1, 32767,,, -1, 32767, 2
I/UsageStatsService(  881): User[0] Flushing usage stats to disk
I/thermal_repeater(  322): oh, queryMdThermalInfo (0)Bad file number
I/thermal_repeater(  322): [recvMdThermalInfo] ret=25, strLen=127,  1, 32767,,, -1, 32767, 2
W/ContextImpl( 9304): Calling a method in the system process without a qualified user: android.app.ContextImpl.startService:1863 android.content.ContextWrapper.startService:516 android.content.ContextWrapper.startService:516 com.meizu.dataservice.ExperienceReceiver.a:-1 com.meizu.dataservice.ExperienceReceiver.onReceive:-1 
I/thermal_repeater(  322): oh, queryMdThermalInfo (0)Bad file number
I/thermal_repeater(  322): [recvMdThermalInfo] ret=25, strLen=127,  1, 32767,,, -1, 32767, 2
W/Watchdog(  881): SWT Watchdog after wait current time:27845231
W/Watchdog(  881): **Get SF Time **1
W/Watchdog(  881): SWT Watchdog before synchronized:27845232
W/Watchdog(  881): SWT Watchdog after synchronized:27845232
W/Watchdog(  881): SWT Watchdog before wait timeout:30000
W/Watchdog(  881): SWT Watchdog before wait current time:27845232
W/Watchdog(  881): SWT Watchdog before wait start:27845232
W/Watchdog(  881): SWT Watchdog before wait CHECK_INTERVAL:30000
I/thermal_repeater(  322): oh, queryMdThermalInfo (0)Bad file number
I/thermal_repeater(  322): [recvMdThermalInfo] ret=25, strLen=127,  1, 32767,,, -1, 32767, 2
I/thermal_repeater(  322): oh, queryMdThermalInfo (0)Bad file number
I/thermal_repeater(  322): [recvMdThermalInfo] ret=25, strLen=127,  1, 32767,,, -1, 32767, 2
W/ContextImpl( 9304): Calling a method in the system process without a qualified user: android.app.ContextImpl.startService:1863 android.content.ContextWrapper.startService:516 android.content.ContextWrapper.startService:516 com.meizu.dataservice.ExperienceReceiver.a:-1 com.meizu.dataservice.ExperienceReceiver.onReceive:-1 
I/thermal_repeater(  322): oh, queryMdThermalInfo (0)Bad file number
I/thermal_repeater(  322): [recvMdThermalInfo] ret=25, strLen=127,  1, 32767,,, -1, 32767, 2
I/thermal_repeater(  322): oh, queryMdThermalInfo (0)Bad file number
I/thermal_repeater(  322): [recvMdThermalInfo] ret=25, strLen=127,  1, 32767,,, -1, 32767, 2
I/thermal_repeater(  322): oh, queryMdThermalInfo (0)Bad file number
I/thermal_repeater(  322): [recvMdThermalInfo] ret=25, strLen=127,  1, 32767,,, -1, 32767, 2
W/ContextImpl( 9304): Calling a method in the system process without a qualified user: android.app.ContextImpl.startService:1863 android.content.ContextWrapper.startService:516 android.content.ContextWrapper.startService:516 com.meizu.dataservice.ExperienceReceiver.a:-1 com.meizu.dataservice.ExperienceReceiver.onReceive:-1 
I/thermal_repeater(  322): oh, queryMdThermalInfo (0)Bad file number
I/thermal_repeater(  322): [recvMdThermalInfo] ret=25, strLen=127,  1, 32767,,, -1, 32767, 2
W/Watchdog(  881): SWT Watchdog after wait current time:27875232
W/Watchdog(  881): **Get SF Time **1
W/Watchdog(  881): SWT Watchdog before synchronized:27875232
W/Watchdog(  881): SWT Watchdog after synchronized:27875232
W/Watchdog(  881): SWT Watchdog before wait timeout:30000
W/Watchdog(  881): SWT Watchdog before wait current time:27875232
W/Watchdog(  881): SWT Watchdog before wait start:27875232
W/Watchdog(  881): SWT Watchdog before wait CHECK_INTERVAL:30000
I/thermal_repeater(  322): oh, queryMdThermalInfo (0)Bad file number
I/thermal_repeater(  322): [recvMdThermalInfo] ret=25, strLen=127,  1, 32767,,, -1, 32767, 2
I/thermal_repeater(  322): oh, queryMdThermalInfo (0)Bad file number
I/thermal_repeater(  322): [recvMdThermalInfo] ret=25, strLen=127,  1, 32767,,, -1, 32767, 2
W/ContextImpl( 9304): Calling a method in the system process without a qualified user: android.app.ContextImpl.startService:1863 android.content.ContextWrapper.startService:516 android.content.ContextWrapper.startService:516 com.meizu.dataservice.ExperienceReceiver.a:-1 com.meizu.dataservice.ExperienceReceiver.onReceive:-1 
I/thermal_repeater(  322): oh, queryMdThermalInfo (0)Bad file number
I/thermal_repeater(  322): [recvMdThermalInfo] ret=25, strLen=127,  1, 32767,,, -1, 32767, 2
I/thermal_repeater(  322): oh, queryMdThermalInfo (0)Bad file number
I/thermal_repeater(  322): [recvMdThermalInfo] ret=25, strLen=127,  1, 32767,,, -1, 32767, 2
I/thermal_repeater(  322): oh, queryMdThermalInfo (0)Bad file number
I/thermal_repeater(  322): [recvMdThermalInfo] ret=25, strLen=127,  1, 32767,,, -1, 32767, 2
W/ContextImpl( 9304): Calling a method in the system process without a qualified user: android.app.ContextImpl.startService:1863 android.content.ContextWrapper.startService:516 android.content.ContextWrapper.startService:516 com.meizu.dataservice.ExperienceReceiver.a:-1 com.meizu.dataservice.ExperienceReceiver.onReceive:-1 
I/thermal_repeater(  322): oh, queryMdThermalInfo (0)Bad file number
I/thermal_repeater(  322): [recvMdThermalInfo] ret=25, strLen=127,  1, 32767,,, -1, 32767, 2
W/Watchdog(  881): SWT Watchdog after wait current time:27905233
W/Watchdog(  881): **Get SF Time **1
W/Watchdog(  881): SWT Watchdog before synchronized:27905233
W/Watchdog(  881): SWT Watchdog after synchronized:27905233
W/Watchdog(  881): SWT Watchdog before wait timeout:30000
W/Watchdog(  881): SWT Watchdog before wait current time:27905233
W/Watchdog(  881): SWT Watchdog before wait start:27905233
W/Watchdog(  881): SWT Watchdog before wait CHECK_INTERVAL:30000
I/thermal_repeater(  322): oh, queryMdThermalInfo (0)Bad file number
I/thermal_repeater(  322): [recvMdThermalInfo] ret=25, strLen=127,  1, 32767,,, -1, 32767, 2
I/thermal_repeater(  322): oh, queryMdThermalInfo (0)Bad file number
I/thermal_repeater(  322): [recvMdThermalInfo] ret=25, strLen=127,  1, 32767,,, -1, 32767, 2
W/ContextImpl( 9304): Calling a method in the system process without a qualified user: android.app.ContextImpl.startService:1863 android.content.ContextWrapper.startService:516 android.content.ContextWrapper.startService:516 com.meizu.dataservice.ExperienceReceiver.a:-1 com.meizu.dataservice.ExperienceReceiver.onReceive:-1 
I/thermal_repeater(  322): oh, queryMdThermalInfo (0)Bad file number
I/thermal_repeater(  322): [recvMdThermalInfo] ret=25, strLen=127,  1, 32767,,, -1, 32767, 2
I/thermal_repeater(  322): oh, queryMdThermalInfo (0)Bad file number
I/thermal_repeater(  322): [recvMdThermalInfo] ret=25, strLen=127,  1, 32767,,, -1, 32767, 2
I/thermal_repeater(  322): oh, queryMdThermalInfo (0)Bad file number
I/thermal_repeater(  322): [recvMdThermalInfo] ret=25, strLen=127,  1, 32767,,, -1, 32767, 2
W/ContextImpl( 9304): Calling a method in the system process without a qualified user: android.app.ContextImpl.startService:1863 android.content.ContextWrapper.startService:516 android.content.ContextWrapper.startService:516 com.meizu.dataservice.ExperienceReceiver.a:-1 com.meizu.dataservice.ExperienceReceiver.onReceive:-1 
I/thermal_repeater(  322): oh, queryMdThermalInfo (0)Bad file number
I/thermal_repeater(  322): [recvMdThermalInfo] ret=25, strLen=127,  1, 32767,,, -1, 32767, 2
W/Watchdog(  881): SWT Watchdog after wait current time:27935233
W/Watchdog(  881): **Get SF Time **1
W/Watchdog(  881): SWT Watchdog before synchronized:27935234
W/Watchdog(  881): SWT Watchdog after synchronized:27935234
W/Watchdog(  881): SWT Watchdog before wait timeout:30000
W/Watchdog(  881): SWT Watchdog before wait current time:27935234
W/Watchdog(  881): SWT Watchdog before wait start:27935234
W/Watchdog(  881): SWT Watchdog before wait CHECK_INTERVAL:30000
I/thermal_repeater(  322): oh, queryMdThermalInfo (0)Bad file number
I/thermal_repeater(  322): [recvMdThermalInfo] ret=25, strLen=127,  1, 32767,,, -1, 32767, 2
I/thermal_repeater(  322): oh, queryMdThermalInfo (0)Bad file number
I/thermal_repeater(  322): [recvMdThermalInfo] ret=25, strLen=127,  1, 32767,,, -1, 32767, 2
W/ContextImpl( 9304): Calling a method in the system process without a qualified user: android.app.ContextImpl.startService:1863 android.content.ContextWrapper.startService:516 android.content.ContextWrapper.startService:516 com.meizu.dataservice.ExperienceReceiver.a:-1 com.meizu.dataservice.ExperienceReceiver.onReceive:-1 
I/thermal_repeater(  322): oh, queryMdThermalInfo (0)Bad file number
I/thermal_repeater(  322): [recvMdThermalInfo] ret=25, strLen=127,  1, 32767,,, -1, 32767, 2
I/thermal_repeater(  322): oh, queryMdThermalInfo (0)Bad file number
I/thermal_repeater(  322): [recvMdThermalInfo] ret=25, strLen=127,  1, 32767,,, -1, 32767, 2
I/thermal_repeater(  322): oh, queryMdThermalInfo (0)Bad file number
I/thermal_repeater(  322): [recvMdThermalInfo] ret=25, strLen=127,  1, 32767,,, -1, 32767, 2
W/ContextImpl( 9304): Calling a method in the system process without a qualified user: android.app.ContextImpl.startService:1863 android.content.ContextWrapper.startService:516 android.content.ContextWrapper.startService:516 com.meizu.dataservice.ExperienceReceiver.a:-1 com.meizu.dataservice.ExperienceReceiver.onReceive:-1 
I/thermal_repeater(  322): oh, queryMdThermalInfo (0)Bad file number
I/thermal_repeater(  322): [recvMdThermalInfo] ret=25, strLen=127,  1, 32767,,, -1, 32767, 2
W/Watchdog(  881): SWT Watchdog after wait current time:27965234
W/Watchdog(  881): **Get SF Time **1
W/Watchdog(  881): SWT Watchdog before synchronized:27965234
W/Watchdog(  881): SWT Watchdog after synchronized:27965234
W/Watchdog(  881): SWT Watchdog before wait timeout:30000
W/Watchdog(  881): SWT Watchdog before wait current time:27965235
W/Watchdog(  881): SWT Watchdog before wait start:27965235
W/Watchdog(  881): SWT Watchdog before wait CHECK_INTERVAL:30000
I/thermal_repeater(  322): oh, queryMdThermalInfo (0)Bad file number
I/thermal_repeater(  322): [recvMdThermalInfo] ret=25, strLen=127,  1, 32767,,, -1, 32767, 2
I/thermal_repeater(  322): oh, queryMdThermalInfo (0)Bad file number
I/thermal_repeater(  322): [recvMdThermalInfo] ret=25, strLen=127,  1, 32767,,, -1, 32767, 2
W/ContextImpl( 9304): Calling a method in the system process without a qualified user: android.app.ContextImpl.startService:1863 android.content.ContextWrapper.startService:516 android.content.ContextWrapper.startService:516 com.meizu.dataservice.ExperienceReceiver.a:-1 com.meizu.dataservice.ExperienceReceiver.onReceive:-1 
I/thermal_repeater(  322): oh, queryMdThermalInfo (0)Bad file number
I/thermal_repeater(  322): [recvMdThermalInfo] ret=25, strLen=127,  1, 32767,,, -1, 32767, 2
I/thermal_repeater(  322): oh, queryMdThermalInfo (0)Bad file number
I/thermal_repeater(  322): [recvMdThermalInfo] ret=25, strLen=127,  1, 32767,,, -1, 32767, 2
I/thermal_repeater(  322): oh, queryMdThermalInfo (0)Bad file number
I/thermal_repeater(  322): [recvMdThermalInfo] ret=25, strLen=127,  1, 32767,,, -1, 32767, 2
W/ContextImpl( 9304): Calling a method in the system process without a qualified user: android.app.ContextImpl.startService:1863 android.content.ContextWrapper.startService:516 android.content.ContextWrapper.startService:516 com.meizu.dataservice.ExperienceReceiver.a:-1 com.meizu.dataservice.ExperienceReceiver.onReceive:-1 
I/thermal_repeater(  322): oh, queryMdThermalInfo (0)Bad file number
I/thermal_repeater(  322): [recvMdThermalInfo] ret=25, strLen=127,  1, 32767,,, -1, 32767, 2
W/Watchdog(  881): SWT Watchdog after wait current time:27995235
W/Watchdog(  881): **Get SF Time **1
W/Watchdog(  881): SWT Watchdog before synchronized:27995235
W/Watchdog(  881): SWT Watchdog after synchronized:27995235
W/Watchdog(  881): SWT Watchdog before wait timeout:30000
W/Watchdog(  881): SWT Watchdog before wait current time:27995235
W/Watchdog(  881): SWT Watchdog before wait start:27995235
W/Watchdog(  881): SWT Watchdog before wait CHECK_INTERVAL:30000
