I/System.out(17308): open:http://api.map.baidu.com/sdkproxy/v2/lbs_androidsdk/geocoder/v2?location=22.57701089540161%2C114.04998117435716&coordtype=bd09ll&pois=1&output=json&from=android_map_sdk&latest_admin=0&token=4113DTKIb0b7eqvx7mztyYnn4qOxyrAWbB6IeY3UFkLi81L5fkwomAO1jp6hOpSqzwMIWdCs%2BOsmBqETEgiPU2bv1Eg4q8zQkSPXfwYb7WsxCkwztUJBjiMlV1gz%2BRLHjjHEd2C1Gjyd04dIh%2FZ66NXrMgB67Db3YmMntCoeIXXBFUfX8howSjyGiaA&pcn=com.jieshun.jslife&screen=1080%2C1920&cuid=686E53F3C8D0961EAD4B50E4D2258C2D%7C944874720008868&dpi=480%2C480&resid=02&appid=-1&mb=m2%20note&ctm=1532078920.095000&net=1&bduid=&channel=baidu&os=Android22&sv=4.5.2&sign=0b888d6e939e2518a489b00818cb8f45
I/System.out(17308): [OkHttp] sendRequest>>
I/System.out(17308): [OkHttp] sendRequest<<
I/SurfaceFlinger(  276): [Built-in Screen (type:0)] fps:0.998378,dur:2003.25,max:1010.20,min:993.05
I/NetworkManagementSocketTagger(17308): untagSocket(73)
I/EMDLOGGER1(  780): MDL rate:29 KB/s, full count:0
I/SurfaceFlinger(  276): [Built-in Screen (type:0)] fps:0.989846,dur:1010.26,max:1010.26,min:1010.26
I/SurfaceFlinger(  276): [Built-in Screen (type:0)] fps:1.985974,dur:1007.06,max:993.26,min:13.80
I/thermal_repeater(  322): oh, queryMdThermalInfo (0)Bad file number
I/thermal_repeater(  322): [recvMdThermalInfo] ret=25, strLen=127,  1, 32767,,, -1, 32767, 2
I/SurfaceFlinger(  276): [Built-in Screen (type:0)] fps:0.953825,dur:1048.41,max:1048.41,min:1048.41
D/[BT3.0+HS]PAL(  332): == chip_reset_fd is set ==
D/[BT3.0+HS]PAL(  332): 
D/[BT3.0+HS]PAL(  332): invalid reply message
D/[BT3.0+HS]PAL(  332): 
I/SurfaceFlinger(  276): [Built-in Screen (type:0)] fps:0.997932,dur:2004.14,max:1011.32,min:992.83
I/EMDLOGGER1(  780): MD writer time out 10 sec.
I/SurfaceFlinger(  276): [Built-in Screen (type:0)] fps:0.981722,dur:2037.24,max:2035.81,min:1.43
I/thermal_repeater(  322): oh, queryMdThermalInfo (0)Bad file number
I/thermal_repeater(  322): [recvMdThermalInfo] ret=25, strLen=127,  1, 32767,,, -1, 32767, 2
I/System.out(17308): isFirstLoctrue
I/System.out(17308): ******jscarlife*********************onReceiveLocation*********************
I/System.out(17308): open:http://api.map.baidu.com/sdkproxy/v2/lbs_androidsdk/geocoder/v2?location=22.57701089540161%2C114.04998117435716&coordtype=bd09ll&pois=1&output=json&from=android_map_sdk&latest_admin=0&token=4113DTKIb0b7eqvx7mztyYnn4qOxyrAWbB6IeY3UFkLi81L5fkwomAO1jp6hOpSqzwMIWdCs%2BOsmBqETEgiPU2bv1Eg4q8zQkSPXfwYb7WsxCkwztUJBjiMlV1gz%2BRLHjjHEd2C1Gjyd04dIh%2FZ66NXrMgB67Db3YmMntCoeIXXBFUfX8howSjyGiaA&pcn=com.jieshun.jslife&screen=1080%2C1920&cuid=686E53F3C8D0961EAD4B50E4D2258C2D%7C944874720008868&dpi=480%2C480&resid=02&appid=-1&mb=m2%20note&ctm=1532078936.642000&net=1&bduid=&channel=baidu&os=Android22&sv=4.5.2&sign=a1c6421a46b0ec03e49221a04031105e
I/System.out(17308): [OkHttp] sendRequest>>
I/System.out(17308): [OkHttp] sendRequest<<
I/XMPP    (17308): =============== userName=null
I/XMPP    (17308):  -----  ===============
I/XMPP    (17308):   ========10000
I/AudioFlinger(  304): setParameters(): io 0, keyvalue mediaserver_monitor=1, calling pid 881
W/AudioALSAHardware(  304): setParameters(), still have param.size() = 1, remain param = "mediaserver_monitor=1"
I/str_params(  304): key: 'mediaserver_monitor' value: '1'
I/AudioPolicyManager(  304): setStreamVolumeIndex stream = 7 index = 15 device = 0x400
I/SurfaceFlinger(  276): [Built-in Screen (type:0)] fps:0.494940,dur:2020.45,max:2020.45,min:2020.45
I/System.out(17308): isFirstLoctrue
I/System.out(17308): ******jscarlife*********************onReceiveLocation*********************
I/System.out(17308): open:http://api.map.baidu.com/sdkproxy/v2/lbs_androidsdk/geocoder/v2?location=22.57701089540161%2C114.04998117435716&coordtype=bd09ll&pois=1&output=json&from=android_map_sdk&latest_admin=0&token=4113DTKIb0b7eqvx7mztyYnn4qOxyrAWbB6IeY3UFkLi81L5fkwomAO1jp6hOpSqzwMIWdCs%2BOsmBqETEgiPU2bv1Eg4q8zQkSPXfwYb7WsxCkwztUJBjiMlV1gz%2BRLHjjHEd2C1Gjyd04dIh%2FZ66NXrMgB67Db3YmMntCoeIXXBFUfX8howSjyGiaA&pcn=com.jieshun.jslife&screen=1080%2C1920&cuid=686E53F3C8D0961EAD4B50E4D2258C2D%7C944874720008868&dpi=480%2C480&resid=02&appid=-1&mb=m2%20note&ctm=1532078940.079000&net=1&bduid=&channel=baidu&os=Android22&sv=4.5.2&sign=0d8f4015ceba588ac5785477c949bb78
D/libc-netbsd(17308): [getaddrinfo]: hostname=api.map.baidu.com; servname=(null); cache_mode=(null), netid=0; mark=0
D/libc-netbsd(17308): [getaddrinfo]: ai_addrlen=0; ai_canonname=(null); ai_flags=4; ai_family=0
D/libc-netbsd(17308): [getaddrinfo]: hostname=api.map.baidu.com; servname=(null); cache_mode=(null), netid=0; mark=0
D/libc-netbsd(17308): [getaddrinfo]: ai_addrlen=0; ai_canonname=(null); ai_flags=1024; ai_family=0
D/libc-netbsd(  299): [getaddrinfo]: hostname=api.map.baidu.com; servname=(null); cache_mode=local, netid=104; mark=917608
D/libc-netbsd(  299): [getaddrinfo]: ai_addrlen=0; ai_canonname=(null); ai_flags=1024; ai_family=0
D/libc-netbsd(  299): default dns: query_ipv6=0, query_ipv4=1
D/libc-netbsd(  299): res_queryN name = api.map.baidu.com, class = 1, type = 1
D/libc-netbsd(  299): netid=104, dns0:202.96.134.33
D/libc-netbsd(  299): netid=104, dns1:202.96.128.86
D/libc-netbsd(  299): netid=104, dns2:8.8.8.8
D/[BT3.0+HS]PAL(  332): == chip_reset_fd is set ==
D/[BT3.0+HS]PAL(  332): 
D/[BT3.0+HS]PAL(  332): invalid reply message
D/[BT3.0+HS]PAL(  332): 
I/Netd    (  299): Get netlink event, ifname: wlan0 action: 4
D/[BT3.0+HS]PAL(  332): == chip_reset_fd is set ==
D/[BT3.0+HS]PAL(  332): 
D/[BT3.0+HS]PAL(  332): invalid reply message
D/[BT3.0+HS]PAL(  332): 
E/wpa_supplicant( 1294): This is a Iphone softap!!!!!!! 
I/Netd    (  299): Get netlink event, ifname: wlan0 action: 4
E/WifiConfigStore(  881):  rewrite network history for "chaozhouniurouwan"WPA_PSK
E/WifiStateMachine(  881): mIsFullScanOngoing: true, mSendScanResultsBroadcast: false
E/WifiStateMachine(  881): mWifiOnScanCount: 1360
I/libPerfService(  881): perfSetFavorPid - pid:17308, 439c
W/Watchdog(  881): SWT Watchdog after wait current time:28445250
W/Watchdog(  881): **Get SF Time **1
W/Watchdog(  881): SWT Watchdog before synchronized:28445250
W/Watchdog(  881): SWT Watchdog after synchronized:28445250
W/Watchdog(  881): SWT Watchdog before wait timeout:30000
W/Watchdog(  881): SWT Watchdog before wait current time:28445251
W/Watchdog(  881): SWT Watchdog before wait start:28445251
W/Watchdog(  881): SWT Watchdog before wait CHECK_INTERVAL:30000
W/ContextImpl( 9304): Calling a method in the system process without a qualified user: android.app.ContextImpl.startService:1863 android.content.ContextWrapper.startService:516 android.content.ContextWrapper.startService:516 com.meizu.dataservice.ExperienceReceiver.a:-1 com.meizu.dataservice.ExperienceReceiver.onReceive:-1 
I/art     (  881): Background partial concurrent mark sweep GC freed 30936(3MB) AllocSpace objects, 2(40KB) LOS objects, 8% free, 43MB/47MB, paused 2.724ms total 214.740ms
I/NetworkManagementSocketTagger(17308): untagSocket(73)
D/libc-netbsd(  299): res_queryN name = api.map.baidu.com succeed
D/libc-netbsd(17308): getaddrinfo: api.map.baidu.com get result from proxy >>
I/System.out(17308): propertyValue:true
I/System.out(17308): [CDS]connect[api.map.baidu.com/106.39.162.84:80] tm:4
I/libPerfService(  881): perfSetFavorPid - pid:0, 0
I/EMDLOGGER1(  780): MDL rate:30 KB/s, full count:0
I/System.out(17308): [OkHttp] sendRequest>>
I/System.out(17308): [OkHttp] sendRequest<<
I/NetworkManagementSocketTagger(17308): untagSocket(53)
I/SurfaceFlinger(  276): [Built-in Screen (type:0)] fps:1.015556,dur:1969.36,max:993.40,min:975.96
D/EMDLOGGER1(  780): CTRL_reader: incoming SPLM req, msgid=6, token=0, result=0
I/EMDLOGGER1(  780): [MDLOG] [stats][buf] L1 : data:0x18c7e last:0x56cecf; (1, 0x4cd4, 0x56cecf)(3, 0x69b, 0x56cc3c)PS : data:0x536f last:0x56cecf; L2 : data:0x3ae8 last:0x56cecf; 
D/EMDLOGGER1(  780): CTRL_reader: incoming SPLM req, msgid=6, token=0, result=0
I/EMDLOGGER1(  780): [MDLOG] [stats][mux] MCU : data:0x2564b last:0x56cdb5; DSP : data:0x0 last:0x0; 
I/thermal_repeater(  322): oh, queryMdThermalInfo (0)Bad file number
I/thermal_repeater(  322): [recvMdThermalInfo] ret=25, strLen=127,  1, 32767,,, -1, 32767, 2
I/SurfaceFlinger(  276): [Built-in Screen (type:0)] fps:1.007635,dur:1984.85,max:992.62,min:992.23
I/SurfaceFlinger(  276): [Built-in Screen (type:0)] fps:1.882363,dur:1062.49,max:1037.04,min:25.46
I/System.out(17308): isFirstLoctrue
I/System.out(17308): ******jscarlife*********************onReceiveLocation*********************
I/System.out(17308): open:http://api.map.baidu.com/sdkproxy/v2/lbs_androidsdk/geocoder/v2?location=22.57701089540161%2C114.04998117435716&coordtype=bd09ll&pois=1&output=json&from=android_map_sdk&latest_admin=0&token=4113DTKIb0b7eqvx7mztyYnn4qOxyrAWbB6IeY3UFkLi81L5fkwomAO1jp6hOpSqzwMIWdCs%2BOsmBqETEgiPU2bv1Eg4q8zQkSPXfwYb7WsxCkwztUJBjiMlV1gz%2BRLHjjHEd2C1Gjyd04dIh%2FZ66NXrMgB67Db3YmMntCoeIXXBFUfX8howSjyGiaA&pcn=com.jieshun.jslife&screen=1080%2C1920&cuid=686E53F3C8D0961EAD4B50E4D2258C2D%7C944874720008868&dpi=480%2C480&resid=02&appid=-1&mb=m2%20note&ctm=1532078950.103000&net=1&bduid=&channel=baidu&os=Android22&sv=4.5.2&sign=afdd2ceb393a3b7988d761cf22fb2173
I/System.out(17308): [OkHttp] sendRequest>>
I/System.out(17308): [OkHttp] sendRequest<<
I/NetworkManagementSocketTagger(17308): untagSocket(73)
I/SurfaceFlinger(  276): [Built-in Screen (type:0)] fps:0.989321,dur:1010.79,max:1010.79,min:1010.79
I/SurfaceFlinger(  276): [Built-in Screen (type:0)] fps:1.073325,dur:1863.37,max:992.38,min:870.98
I/thermal_repeater(  322): oh, queryMdThermalInfo (0)Bad file number
I/thermal_repeater(  322): [recvMdThermalInfo] ret=25, strLen=127,  1, 32767,,, -1, 32767, 2
I/SurfaceFlinger(  276): [Built-in Screen (type:0)] fps:1.739676,dur:1149.64,max:1013.55,min:136.09
I/XMPP    (17308): =============== userName=null
I/XMPP    (17308):  -----  ===============
I/XMPP    (17308):   ========10000
I/AudioFlinger(  304): setParameters(): io 0, keyvalue mediaserver_monitor=1, calling pid 881
W/AudioALSAHardware(  304): setParameters(), still have param.size() = 1, remain param = "mediaserver_monitor=1"
I/str_params(  304): key: 'mediaserver_monitor' value: '1'
I/AudioPolicyManager(  304): setStreamVolumeIndex stream = 7 index = 15 device = 0x400
I/KeyguardUpdateMonitor( 1045): handleBatteryUpdate index=0 updateInteresting=false
I/BatteryConsumeMonitor( 1344): init var lastPlugType : 2 lastBatteryChangedLevel : 100
I/libPerfService(  881): perfSetFavorPid - pid:17308, 439c
I/QuenedWorkProxy( 8391): clean QuenedWork.sPendingWorkFinishers(185342190) size 0
I/QuenedWorkProxy( 8391): clean QuenedWork.sPendingWorkFinishers(185342190) size 0
I/SurfaceFlinger(  276): [Built-in Screen (type:0)] fps:1.981362,dur:1009.41,max:940.86,min:68.55
D/MDLOGGER_CLEAR_LOG(  780): mdlogger clearLog V4.W1442.1
I/MDLOGGER_CLEAR_LOG(  780): clearLogFolder /storage/sdcard0/mtklog/mdlog1 size is 49 M. Recycle size is 600 M,no need clear log
D/[BT3.0+HS]PAL(  332): == chip_reset_fd is set ==
D/[BT3.0+HS]PAL(  332): 
D/[BT3.0+HS]PAL(  332): invalid reply message
D/[BT3.0+HS]PAL(  332): 
I/EMDLOGGER1(  780): MD writer time out 10 sec.
I/libPerfService(  881): perfSetFavorPid - pid:0, 0
I/SurfaceFlinger(  276): [Built-in Screen (type:0)] fps:0.972155,dur:1028.64,max:1028.64,min:1028.64
I/art     (17308): Background sticky concurrent mark sweep GC freed 105194(3MB) AllocSpace objects, 2(32KB) LOS objects, 3% free, 48MB/50MB, paused 5.297ms total 74.611ms
I/thermal_repeater(  322): oh, queryMdThermalInfo (0)Bad file number
I/thermal_repeater(  322): [recvMdThermalInfo] ret=25, strLen=127,  1, 32767,,, -1, 32767, 2
D/[BT3.0+HS]PAL(  332): == chip_reset_fd is set ==
D/[BT3.0+HS]PAL(  332): 
D/[BT3.0+HS]PAL(  332): invalid reply message
D/[BT3.0+HS]PAL(  332): 
D/[BT3.0+HS]PAL(  332): == chip_reset_fd is set ==
D/[BT3.0+HS]PAL(  332): 
D/[BT3.0+HS]PAL(  332): invalid reply message
D/[BT3.0+HS]PAL(  332): 
E/wpa_supplicant( 1294): This is a Iphone softap!!!!!!! 
I/Netd    (  299): Get netlink event, ifname: wlan0 action: 4
I/Netd    (  299): Get netlink event, ifname: wlan0 action: 4
E/WifiConfigStore(  881):  rewrite network history for "chaozhouniurouwan"WPA_PSK
E/WifiStateMachine(  881): mIsFullScanOngoing: true, mSendScanResultsBroadcast: false
E/WifiStateMachine(  881): mWifiOnScanCount: 1361
I/libPerfService(  881): perfSetFavorPid - pid:17308, 439c
I/System.out(17308): isFirstLoctrue
I/System.out(17308): ******jscarlife*********************onReceiveLocation*********************
I/System.out(17308): open:http://api.map.baidu.com/sdkproxy/v2/lbs_androidsdk/geocoder/v2?location=22.57701089540161%2C114.04998117435716&coordtype=bd09ll&pois=1&output=json&from=android_map_sdk&latest_admin=0&token=4113DTKIb0b7eqvx7mztyYnn4qOxyrAWbB6IeY3UFkLi81L5fkwomAO1jp6hOpSqzwMIWdCs%2BOsmBqETEgiPU2bv1Eg4q8zQkSPXfwYb7WsxCkwztUJBjiMlV1gz%2BRLHjjHEd2C1Gjyd04dIh%2FZ66NXrMgB67Db3YmMntCoeIXXBFUfX8howSjyGiaA&pcn=com.jieshun.jslife&screen=1080%2C1920&cuid=686E53F3C8D0961EAD4B50E4D2258C2D%7C944874720008868&dpi=480%2C480&resid=02&appid=-1&mb=m2%20note&ctm=1532078966.415000&net=1&bduid=&channel=baidu&os=Android22&sv=4.5.2&sign=6f048b32de49b3ef831aa2de87376fce
I/System.out(17308): [OkHttp] sendRequest>>
I/System.out(17308): [OkHttp] sendRequest<<
W/ContextImpl( 9304): Calling a method in the system process without a qualified user: android.app.ContextImpl.startService:1863 android.content.ContextWrapper.startService:516 android.content.ContextWrapper.startService:516 com.meizu.dataservice.ExperienceReceiver.a:-1 com.meizu.dataservice.ExperienceReceiver.onReceive:-1 
I/libPerfService(  881): perfSetFavorPid - pid:0, 0
I/SurfaceFlinger(  276): [Built-in Screen (type:0)] fps:0.331834,dur:3013.56,max:3013.56,min:3013.56
I/NetworkManagementSocketTagger(17308): untagSocket(53)
I/System.out(17308): isFirstLoctrue
D/EMDLOGGER1(  780): CTRL_reader: incoming SPLM req, msgid=6, token=0, result=0
I/EMDLOGGER1(  780): [MDLOG] [stats][buf] L1 : data:0x18e24 last:0x56d91c; (1, 0x4d48, 0x56d91c)(3, 0x69b, 0x56d7c7)PS : data:0x53e3 last:0x56d91c; L2 : data:0x440a last:0x56d91b; 
D/EMDLOGGER1(  780): CTRL_reader: incoming SPLM req, msgid=6, token=0, result=0
I/EMDLOGGER1(  780): [MDLOG] [stats][mux] MCU : data:0x2864d last:0x56d815; DSP : data:0x0 last:0x0; 
I/System.out(17308): ******jscarlife*********************onReceiveLocation*********************
I/System.out(17308): open:http://api.map.baidu.com/sdkproxy/v2/lbs_androidsdk/geocoder/v2?location=22.57701089540161%2C114.04998117435716&coordtype=bd09ll&pois=1&output=json&from=android_map_sdk&latest_admin=0&token=4113DTKIb0b7eqvx7mztyYnn4qOxyrAWbB6IeY3UFkLi81L5fkwomAO1jp6hOpSqzwMIWdCs%2BOsmBqETEgiPU2bv1Eg4q8zQkSPXfwYb7WsxCkwztUJBjiMlV1gz%2BRLHjjHEd2C1Gjyd04dIh%2FZ66NXrMgB67Db3YmMntCoeIXXBFUfX8howSjyGiaA&pcn=com.jieshun.jslife&screen=1080%2C1920&cuid=686E53F3C8D0961EAD4B50E4D2258C2D%7C944874720008868&dpi=480%2C480&resid=02&appid=-1&mb=m2%20note&ctm=1532078970.102000&net=1&bduid=&channel=baidu&os=Android22&sv=4.5.2&sign=b3f07ce6650020d314729f1ad38533c8
I/System.out(17308): [OkHttp] sendRequest>>
I/System.out(17308): [OkHttp] sendRequest<<
I/NetworkManagementSocketTagger(17308): untagSocket(73)
I/SurfaceFlinger(  276): [Built-in Screen (type:0)] fps:1.007155,dur:1985.79,max:993.21,min:992.59
I/EMDLOGGER1(  780): MDL rate:33 KB/s, full count:0
I/SurfaceFlinger(  276): [Built-in Screen (type:0)] fps:1.934684,dur:1033.76,max:853.49,min:180.27
I/SurfaceFlinger(  276): [Built-in Screen (type:0)] fps:0.995788,dur:1004.23,max:1004.23,min:1004.23
I/thermal_repeater(  322): oh, queryMdThermalInfo (0)Bad file number
I/thermal_repeater(  322): [recvMdThermalInfo] ret=25, strLen=127,  1, 32767,,, -1, 32767, 2
I/XMPP    (17308): =============== userName=null
I/XMPP    (17308):  -----  ===============
I/XMPP    (17308):   ========10000
I/AudioFlinger(  304): setParameters(): io 0, keyvalue mediaserver_monitor=1, calling pid 881
W/AudioALSAHardware(  304): setParameters(), still have param.size() = 1, remain param = "mediaserver_monitor=1"
I/str_params(  304): key: 'mediaserver_monitor' value: '1'
I/AudioPolicyManager(  304): setStreamVolumeIndex stream = 7 index = 15 device = 0x400
I/KeyguardUpdateMonitor( 1045): handleBatteryUpdate index=0 updateInteresting=false
I/BatteryConsumeMonitor( 1344): init var lastPlugType : 2 lastBatteryChangedLevel : 100
I/libPerfService(  881): perfSetFavorPid - pid:17308, 439c
I/QuenedWorkProxy( 8391): clean QuenedWork.sPendingWorkFinishers(185342190) size 0
I/SurfaceFlinger(  276): [Built-in Screen (type:0)] fps:0.541597,dur:1846.39,max:1846.39,min:1846.39
I/QuenedWorkProxy( 8391): clean QuenedWork.sPendingWorkFinishers(185342190) size 0
I/System.out(17308): isFirstLoctrue
I/System.out(17308): ******jscarlife*********************onReceiveLocation*********************
I/System.out(17308): open:http://api.map.baidu.com/sdkproxy/v2/lbs_androidsdk/geocoder/v2?location=22.57701089540161%2C114.04998117435716&coordtype=bd09ll&pois=1&output=json&from=android_map_sdk&latest_admin=0&token=4113DTKIb0b7eqvx7mztyYnn4qOxyrAWbB6IeY3UFkLi81L5fkwomAO1jp6hOpSqzwMIWdCs%2BOsmBqETEgiPU2bv1Eg4q8zQkSPXfwYb7WsxCkwztUJBjiMlV1gz%2BRLHjjHEd2C1Gjyd04dIh%2FZ66NXrMgB67Db3YmMntCoeIXXBFUfX8howSjyGiaA&pcn=com.jieshun.jslife&screen=1080%2C1920&cuid=686E53F3C8D0961EAD4B50E4D2258C2D%7C944874720008868&dpi=480%2C480&resid=02&appid=-1&mb=m2%20note&ctm=1532078980.086000&net=1&bduid=&channel=baidu&os=Android22&sv=4.5.2&sign=134f80e7951b4d232abe9d698f3cd2b7
I/System.out(17308): [OkHttp] sendRequest>>
I/System.out(17308): [OkHttp] sendRequest<<
I/NetworkManagementSocketTagger(17308): untagSocket(53)
I/art     (17308): Background sticky concurrent mark sweep GC freed 49334(1842KB) AllocSpace objects, 1(16KB) LOS objects, 3% free, 48MB/50MB, paused 5.045ms total 37.434ms
I/libPerfService(  881): perfSetFavorPid - pid:0, 0
I/SurfaceFlinger(  276): [Built-in Screen (type:0)] fps:1.713098,dur:1167.48,max:1158.55,min:8.93
I/SurfaceFlinger(  276): [Built-in Screen (type:0)] fps:1.992809,dur:1003.61,max:992.52,min:11.09
I/thermal_repeater(  322): oh, queryMdThermalInfo (0)Bad file number
I/thermal_repeater(  322): [recvMdThermalInfo] ret=25, strLen=127,  1, 32767,,, -1, 32767, 2
I/EMDLOGGER1(  780): MD writer time out 10 sec.
I/SurfaceFlinger(  276): [Built-in Screen (type:0)] fps:0.666128,dur:3002.43,max:2146.31,min:856.12
D/[BT3.0+HS]PAL(  332): == chip_reset_fd is set ==
D/[BT3.0+HS]PAL(  332): 
D/[BT3.0+HS]PAL(  332): invalid reply message
D/[BT3.0+HS]PAL(  332): 
I/SurfaceFlinger(  276): [Built-in Screen (type:0)] fps:1.984098,dur:1008.01,max:870.94,min:137.07
I/art     (17308): Background sticky concurrent mark sweep GC freed 47060(1736KB) AllocSpace objects, 0(0B) LOS objects, 3% free, 48MB/50MB, paused 8.543ms total 72.878ms
I/thermal_repeater(  322): oh, queryMdThermalInfo (0)Bad file number
I/thermal_repeater(  322): [recvMdThermalInfo] ret=25, strLen=127,  1, 32767,,, -1, 32767, 2
D/[BT3.0+HS]PAL(  332): == chip_reset_fd is set ==
D/[BT3.0+HS]PAL(  332): 
D/[BT3.0+HS]PAL(  332): invalid reply message
D/[BT3.0+HS]PAL(  332): 
D/[BT3.0+HS]PAL(  332): == chip_reset_fd is set ==
D/[BT3.0+HS]PAL(  332): 
D/[BT3.0+HS]PAL(  332): invalid reply message
D/[BT3.0+HS]PAL(  332): 
I/Netd    (  299): Get netlink event, ifname: wlan0 action: 4
I/Netd    (  299): Get netlink event, ifname: wlan0 action: 4
E/WifiConfigStore(  881):  rewrite network history for "chaozhouniurouwan"WPA_PSK
E/WifiStateMachine(  881): mIsFullScanOngoing: true, mSendScanResultsBroadcast: false
E/WifiStateMachine(  881): mWifiOnScanCount: 1362
I/libPerfService(  881): perfSetFavorPid - pid:17308, 439c
I/System.out(17308): isFirstLoctrue
I/System.out(17308): ******jscarlife*********************onReceiveLocation*********************
W/ContextImpl( 9304): Calling a method in the system process without a qualified user: android.app.ContextImpl.startService:1863 android.content.ContextWrapper.startService:516 android.content.ContextWrapper.startService:516 com.meizu.dataservice.ExperienceReceiver.a:-1 com.meizu.dataservice.ExperienceReceiver.onReceive:-1 
I/System.out(17308): open:http://api.map.baidu.com/sdkproxy/v2/lbs_androidsdk/geocoder/v2?location=22.57701089540161%2C114.04998117435716&coordtype=bd09ll&pois=1&output=json&from=android_map_sdk&latest_admin=0&token=4113DTKIb0b7eqvx7mztyYnn4qOxyrAWbB6IeY3UFkLi81L5fkwomAO1jp6hOpSqzwMIWdCs%2BOsmBqETEgiPU2bv1Eg4q8zQkSPXfwYb7WsxCkwztUJBjiMlV1gz%2BRLHjjHEd2C1Gjyd04dIh%2FZ66NXrMgB67Db3YmMntCoeIXXBFUfX8howSjyGiaA&pcn=com.jieshun.jslife&screen=1080%2C1920&cuid=686E53F3C8D0961EAD4B50E4D2258C2D%7C944874720008868&dpi=480%2C480&resid=02&appid=-1&mb=m2%20note&ctm=1532078996.247000&net=1&bduid=&channel=baidu&os=Android22&sv=4.5.2&sign=f2200525b08a68d6623e253fb6317041
I/System.out(17308): [OkHttp] sendRequest>>
I/System.out(17308): [OkHttp] sendRequest<<
D/EMDLOGGER1(  780): CTRL_reader: incoming SPLM req, msgid=6, token=0, result=0
I/EMDLOGGER1(  780): [MDLOG] [stats][buf] L1 : data:0x18f0c last:0x56e3c6; (1, 0x516c, 0x56e3c6)(3, 0x69b, 0x56e35f)PS : data:0x5807 last:0x56e3c6; L2 : data:0x4510 last:0x56e3c6; 
D/EMDLOGGER1(  780): CTRL_reader: incoming SPLM req, msgid=6, token=0, result=0
I/EMDLOGGER1(  780): [MDLOG] [stats][mux] MCU : data:0x23465 last:0x56e2ac; DSP : data:0x0 last:0x0; 
I/libPerfService(  881): perfSetFavorPid - pid:0, 0
I/SurfaceFlinger(  276): [Built-in Screen (type:0)] fps:0.329668,dur:3033.36,max:3033.36,min:3033.36
I/NetworkManagementSocketTagger(17308): untagSocket(73)
I/XMPP    (17308): =============== userName=null
I/XMPP    (17308):  -----  ===============
I/XMPP    (17308):   ========10000
I/AudioFlinger(  304): setParameters(): io 0, keyvalue mediaserver_monitor=1, calling pid 881
W/AudioALSAHardware(  304): setParameters(), still have param.size() = 1, remain param = "mediaserver_monitor=1"
I/str_params(  304): key: 'mediaserver_monitor' value: '1'
I/AudioPolicyManager(  304): setStreamVolumeIndex stream = 7 index = 15 device = 0x400
I/SurfaceFlinger(  276): [Built-in Screen (type:0)] fps:0.989911,dur:1010.19,max:1010.19,min:1010.19
I/libPerfService(  881): perfSetFavorPid - pid:17308, 439c
I/System.out(17308): isFirstLoctrue
I/System.out(17308): ******jscarlife*********************onReceiveLocation*********************
I/System.out(17308): open:http://api.map.baidu.com/sdkproxy/v2/lbs_androidsdk/geocoder/v2?location=22.57701089540161%2C114.04998117435716&coordtype=bd09ll&pois=1&output=json&from=android_map_sdk&latest_admin=0&token=4113DTKIb0b7eqvx7mztyYnn4qOxyrAWbB6IeY3UFkLi81L5fkwomAO1jp6hOpSqzwMIWdCs%2BOsmBqETEgiPU2bv1Eg4q8zQkSPXfwYb7WsxCkwztUJBjiMlV1gz%2BRLHjjHEd2C1Gjyd04dIh%2FZ66NXrMgB67Db3YmMntCoeIXXBFUfX8howSjyGiaA&pcn=com.jieshun.jslife&screen=1080%2C1920&cuid=686E53F3C8D0961EAD4B50E4D2258C2D%7C944874720008868&dpi=480%2C480&resid=02&appid=-1&mb=m2%20note&ctm=1532078940.074000&net=1&bduid=&channel=baidu&os=Android22&sv=4.5.2&sign=038d58f6f6ee6497c03bbb1dfc584b37
I/System.out(17308): [OkHttp] sendRequest>>
I/System.out(17308): [OkHttp] sendRequest<<
W/Watchdog(  881): SWT Watchdog after wait current time:28475251
W/Watchdog(  881): **Get SF Time **1
W/Watchdog(  881): SWT Watchdog before synchronized:28475251
W/Watchdog(  881): SWT Watchdog after synchronized:28475251
W/Watchdog(  881): SWT Watchdog before wait timeout:30000
W/Watchdog(  881): SWT Watchdog before wait current time:28475251
W/Watchdog(  881): SWT Watchdog before wait start:28475251
W/Watchdog(  881): SWT Watchdog before wait CHECK_INTERVAL:30000
I/NetworkManagementSocketTagger(17308): untagSocket(53)
I/libPerfService(  881): perfSetFavorPid - pid:0, 0
I/EMDLOGGER1(  780): MDL rate:28 KB/s, full count:0
I/SurfaceFlinger(  276): [Built-in Screen (type:0)] fps:1.510069,dur:1986.66,max:1023.35,min:106.37
I/SurfaceFlinger(  276): [Built-in Screen (type:0)] fps:0.990724,dur:1009.36,max:1009.36,min:1009.36
I/thermal_repeater(  322): oh, queryMdThermalInfo (0)Bad file number
I/thermal_repeater(  322): [recvMdThermalInfo] ret=25, strLen=127,  1, 32767,,, -1, 32767, 2
W/ADB_SERVICES(16908): entered. LS(2090) fd=22
I/SurfaceFlinger(  276): [Built-in Screen (type:0)] fps:1.497601,dur:2003.20,max:1004.40,min:4.81
I/System.out(17308): isFirstLoctrue
I/System.out(17308): ******jscarlife*********************onReceiveLocation*********************
I/System.out(17308): open:http://api.map.baidu.com/sdkproxy/v2/lbs_androidsdk/geocoder/v2?location=22.57701089540161%2C114.04998117435716&coordtype=bd09ll&pois=1&output=json&from=android_map_sdk&latest_admin=0&token=4113DTKIb0b7eqvx7mztyYnn4qOxyrAWbB6IeY3UFkLi81L5fkwomAO1jp6hOpSqzwMIWdCs%2BOsmBqETEgiPU2bv1Eg4q8zQkSPXfwYb7WsxCkwztUJBjiMlV1gz%2BRLHjjHEd2C1Gjyd04dIh%2FZ66NXrMgB67Db3YmMntCoeIXXBFUfX8howSjyGiaA&pcn=com.jieshun.jslife&screen=1080%2C1920&cuid=686E53F3C8D0961EAD4B50E4D2258C2D%7C944874720008868&dpi=480%2C480&resid=02&appid=-1&mb=m2%20note&ctm=1532078950.086000&net=1&bduid=&channel=baidu&os=Android22&sv=4.5.2&sign=af9306178e71fb0436920454fea1ce64
I/System.out(17308): [OkHttp] sendRequest>>
I/System.out(17308): [OkHttp] sendRequest<<
I/NetworkManagementSocketTagger(17308): untagSocket(73)
I/SurfaceFlinger(  276): [Built-in Screen (type:0)] fps:1.881307,dur:1063.09,max:1056.05,min:7.04
I/EMDLOGGER1(  780): MD writer time out 10 sec.
I/SurfaceFlinger(  276): [Built-in Screen (type:0)] fps:1.016261,dur:1968.00,max:1009.88,min:958.12
I/thermal_repeater(  322): oh, queryMdThermalInfo (0)Bad file number
I/thermal_repeater(  322): [recvMdThermalInfo] ret=25, strLen=127,  1, 32767,,, -1, 32767, 2
I/XMPP    (17308): =============== userName=null
I/XMPP    (17308):  -----  ===============
I/XMPP    (17308):   ========10000
I/AudioFlinger(  304): setParameters(): io 0, keyvalue mediaserver_monitor=1, calling pid 881
W/AudioALSAHardware(  304): setParameters(), still have param.size() = 1, remain param = "mediaserver_monitor=1"
I/str_params(  304): key: 'mediaserver_monitor' value: '1'
I/AudioPolicyManager(  304): setStreamVolumeIndex stream = 7 index = 15 device = 0x400
D/MDLOGGER_CLEAR_LOG(  780): mdlogger clearLog V4.W1442.1
I/MDLOGGER_CLEAR_LOG(  780): clearLogFolder /storage/sdcard0/mtklog/mdlog1 size is 49 M. Recycle size is 600 M,no need clear log
D/[BT3.0+HS]PAL(  332): == chip_reset_fd is set ==
D/[BT3.0+HS]PAL(  332): 
D/[BT3.0+HS]PAL(  332): invalid reply message
D/[BT3.0+HS]PAL(  332): 
I/EMDLOGGER1(  780): MDL rate:31 KB/s, full count:0
I/art     (17308): Background sticky concurrent mark sweep GC freed 105300(3MB) AllocSpace objects, 2(32KB) LOS objects, 3% free, 48MB/50MB, paused 5.396ms total 65.941ms
D/EMDLOGGER1(  780): CTRL_reader: incoming SPLM req, msgid=6, token=0, result=0
I/EMDLOGGER1(  780): [MDLOG] [stats][buf] L1 : data:0x19b8a last:0x56edb4; (1, 0x3bc4, 0x56edb4)(3, 0x3a3, 0x56eb0b)PS : data:0x3f67 last:0x56edb4; L2 : data:0x397a last:0x56edb4; 
D/EMDLOGGER1(  780): CTRL_reader: incoming SPLM req, msgid=6, token=0, result=0
I/EMDLOGGER1(  780): [MDLOG] [stats][mux] MCU : data:0x2657d last:0x56eca6; DSP : data:0x0 last:0x0; 
I/System.out(17308): [CDS]close[37589]
I/NetworkManagementSocketTagger(17308): untagSocket(29)
W/MTKLogger(10981): Maybe device was updated from old version, change property to newer one
I/StorageManagerEx(10981): getInternalStoragePath from Property path=/storage/sdcard0
W/MTKLogger(10981): Maybe device was updated from old version, change property to newer one
I/StorageManagerEx(10981): getInternalStoragePath from Property path=/storage/sdcard0
W/ADB_SERVICES(16908): create_local_service_socket() name=shell:wm size
W/ADB_SERVICES(16908): service_to_fd() name=shell:wm size
W/ADB_SERVICES(16908): read_meminfo() mem_free=49272
W/ADB_SERVICES(16908): create_subproc ret_fd=17 pid=18558
W/ADB_SERVICES(16908): LS(2288): bound to 'shell:wm size' via 17
W/ADB_SERVICES(18558): adb: unable to update oom_score_adj
I/SurfaceFlinger(  276): [Built-in Screen (type:0)] fps:0.199342,dur:5016.51,max:5016.51,min:5016.51
I/thermal_repeater(  322): oh, queryMdThermalInfo (0)Bad file number
I/thermal_repeater(  322): [recvMdThermalInfo] ret=25, strLen=127,  1, 32767,,, -1, 32767, 2
E/memtrack(18558): Couldn't load memtrack module (No such file or directory)
E/android.os.Debug(18558): failed to load memtrack module: -2
W/ADB_SERVICES(16908): create_local_service_socket() name=shell:cat /proc/meminfo
W/ADB_SERVICES(16908): service_to_fd() name=shell:cat /proc/meminfo
W/ADB_SERVICES(16908): read_meminfo() mem_free=43608
W/ADB_SERVICES(16908): create_subproc ret_fd=18 pid=18573
W/ADB_SERVICES(16908): LS(2289): bound to 'shell:cat /proc/meminfo' via 18
W/ADB_SERVICES(18573): adb: unable to update oom_score_adj
W/ADB_SERVICES(16908): entered. LS(2289) fd=18
W/ADB_SERVICES(16908): create_local_service_socket() name=shell:getprop ro.build.version.release
W/ADB_SERVICES(16908): service_to_fd() name=shell:getprop ro.build.version.release
W/ADB_SERVICES(16908): read_meminfo() mem_free=43468
W/ADB_SERVICES(16908): create_subproc ret_fd=18 pid=18574
W/ADB_SERVICES(16908): LS(2290): bound to 'shell:getprop ro.build.version.release' via 18
W/ADB_SERVICES(18574): adb: unable to update oom_score_adj
W/ADB_SERVICES(16908): entered. LS(2290) fd=18
W/ADB_SERVICES(16908): create_local_service_socket() name=shell:getprop ro.product.model
W/ADB_SERVICES(16908): service_to_fd() name=shell:getprop ro.product.model
W/ADB_SERVICES(16908): read_meminfo() mem_free=43468
W/ADB_SERVICES(16908): create_subproc ret_fd=18 pid=18575
W/ADB_SERVICES(16908): LS(2291): bound to 'shell:getprop ro.product.model' via 18
W/ADB_SERVICES(18575): adb: unable to update oom_score_adj
W/ADB_SERVICES(16908): entered. LS(2291) fd=18
W/ADB_SERVICES(16908): create_local_service_socket() name=shell:getprop ro.product.brand
W/ADB_SERVICES(16908): service_to_fd() name=shell:getprop ro.product.brand
W/ADB_SERVICES(16908): read_meminfo() mem_free=43300
W/ADB_SERVICES(16908): create_subproc ret_fd=18 pid=18576
W/ADB_SERVICES(16908): LS(2292): bound to 'shell:getprop ro.product.brand' via 18
W/ADB_SERVICES(18576): adb: unable to update oom_score_adj
W/ADB_SERVICES(16908): entered. LS(2292) fd=18
W/ADB_SERVICES(16908): create_local_service_socket() name=shell:cat /proc/cpuinfo
W/ADB_SERVICES(16908): service_to_fd() name=shell:cat /proc/cpuinfo
W/ADB_SERVICES(16908): read_meminfo() mem_free=43128
W/ADB_SERVICES(16908): create_subproc ret_fd=18 pid=18577
W/ADB_SERVICES(16908): LS(2293): bound to 'shell:cat /proc/cpuinfo' via 18
W/ADB_SERVICES(18577): adb: unable to update oom_score_adj
W/ADB_SERVICES(16908): entered. LS(2293) fd=18
W/ADB_SERVICES(16908): create_local_service_socket() name=shell:monkey -p com.jieshun.jslife -s 470 --throttle 300 --ignore-crashes --ignore-timeouts --pct-touch 80 --pct-trackball 5 --pct-appswitch 5 --pct-syskeys 5 --pct-motion 5 -v -v 1000
W/ADB_SERVICES(16908): service_to_fd() name=shell:monkey -p com.jieshun.jslife -s 470 --throttle 300 --ignore-crashes --ignore-timeouts --pct-touch 80 --pct-trackball 5 --pct-appswitch 5 --pct-syskeys 5 --pct-motion 5 -v -v 1000
W/ADB_SERVICES(16908): read_meminfo() mem_free=43296
W/ADB_SERVICES(16908): create_subproc ret_fd=18 pid=18578
W/ADB_SERVICES(16908): LS(2294): bound to 'shell:monkey -p com.jieshun.jslife -s 470 --throttle 300 --ignore-crashes --ignore-timeouts --pct-touch 80 --pct-trackball 5 --pct-appswitch 5 --pct-syskeys 5 --pct-motion 5 -v -v 1000' via 18
W/ADB_SERVICES(18578): adb: unable to update oom_score_adj
W/ADB_SERVICES(16908): create_local_service_socket() name=shell:export ANDROID_LOG_TAGS="''"; exec logcat
W/ADB_SERVICES(16908): service_to_fd() name=shell:export ANDROID_LOG_TAGS="''"; exec logcat
W/ADB_SERVICES(16908): read_meminfo() mem_free=44192
W/ADB_SERVICES(16908): create_subproc ret_fd=22 pid=18579
W/ADB_SERVICES(16908): LS(2295): bound to 'shell:export ANDROID_LOG_TAGS="''"; exec logcat' via 22
W/ADB_SERVICES(16908): create_local_service_socket() name=shell:cat /data/anr/traces.txt
W/ADB_SERVICES(16908): service_to_fd() name=shell:cat /data/anr/traces.txt
W/ADB_SERVICES(16908): read_meminfo() mem_free=43928
W/ADB_SERVICES(16908): create_subproc ret_fd=23 pid=18580
W/ADB_SERVICES(16908): LS(2296): bound to 'shell:cat /data/anr/traces.txt' via 23
W/ADB_SERVICES(18580): adb: unable to update oom_score_adj
W/ADB_SERVICES(18579): adb: unable to update oom_score_adj
W/ADB_SERVICES(16908): entered. LS(2296) fd=23
W/ADB_SERVICES(16908): entered. LS(2288) fd=17
I/System.out(17308): isFirstLoctrue
I/System.out(17308): ******jscarlife*********************onReceiveLocation*********************
I/System.out(17308): open:http://api.map.baidu.com/sdkproxy/v2/lbs_androidsdk/geocoder/v2?location=22.57701089540161%2C114.04998117435716&coordtype=bd09ll&pois=1&output=json&from=android_map_sdk&latest_admin=0&token=4113DTKIb0b7eqvx7mztyYnn4qOxyrAWbB6IeY3UFkLi81L5fkwomAO1jp6hOpSqzwMIWdCs%2BOsmBqETEgiPU2bv1Eg4q8zQkSPXfwYb7WsxCkwztUJBjiMlV1gz%2BRLHjjHEd2C1Gjyd04dIh%2FZ66NXrMgB67Db3YmMntCoeIXXBFUfX8howSjyGiaA&pcn=com.jieshun.jslife&screen=1080%2C1920&cuid=686E53F3C8D0961EAD4B50E4D2258C2D%7C944874720008868&dpi=480%2C480&resid=02&appid=-1&mb=m2%20note&ctm=1532078966.785000&net=1&bduid=&channel=baidu&os=Android22&sv=4.5.2&sign=ec0e697ce8959dd65f6f6f843d28afb8
I/System.out(17308): [OkHttp] sendRequest>>
I/System.out(17308): [OkHttp] sendRequest<<
E/memtrack(18578): Couldn't load memtrack module (No such file or directory)
E/android.os.Debug(18578): failed to load memtrack module: -2
I/ActivityManager(  881): Controller Pid : 18578
W/BroadcastQueue(  881): Skipping deliver [background] BroadcastRecord{2a38732e u-1 android.net.conn.CONNECTIVITY_CHANGE} to ReceiverList{30b53ecf 18578 (unknown name)/2000/u-1 remote:107d0130}: process crashing
I/ActivityManager(  881): START u0 {act=android.intent.action.MAIN cat=[android.intent.category.LAUNCHER] flg=0x10200000 cmp=com.jieshun.jslife/.activity.common.WelcomeActivity} from uid 2000 on display 0 from pid 18578
I/ActivityManager(  881): START u0 {act=android.intent.action.MAIN cat=[android.intent.category.LAUNCHER] flg=0x10200000 cmp=com.jieshun.jslife/.activity.common.WelcomeActivity} from uid 2000 on display 0 from pid 18578
I/System.out(17308): [CDS]close[42746]
I/NetworkManagementSocketTagger(17308): untagSocket(45)
I/PerfService(  881): PerfServiceNative_boostDisableAsync:5
I/libPerfService(  881): 5: set: 1
I/libPerfService(  881): 5: set freq: 0
I/NetworkManagementSocketTagger(17308): untagSocket(53)
I/SurfaceFlinger(  276): [Built-in Screen (type:0)] fps:0.494887,dur:2020.66,max:2020.66,min:2020.66
I/art     (17308): Background sticky concurrent mark sweep GC freed 50427(1905KB) AllocSpace objects, 1(16KB) LOS objects, 3% free, 48MB/50MB, paused 5.772ms total 48.165ms
I/System.out(17308): [CDS]close[44765]
I/NetworkManagementSocketTagger(17308): untagSocket(42)
I/System.out(17308): isFirstLoctrue
I/System.out(17308): ******jscarlife*********************onReceiveLocation*********************
I/System.out(17308): open:http://api.map.baidu.com/sdkproxy/v2/lbs_androidsdk/geocoder/v2?location=22.57701089540161%2C114.04998117435716&coordtype=bd09ll&pois=1&output=json&from=android_map_sdk&latest_admin=0&token=4113DTKIb0b7eqvx7mztyYnn4qOxyrAWbB6IeY3UFkLi81L5fkwomAO1jp6hOpSqzwMIWdCs%2BOsmBqETEgiPU2bv1Eg4q8zQkSPXfwYb7WsxCkwztUJBjiMlV1gz%2BRLHjjHEd2C1Gjyd04dIh%2FZ66NXrMgB67Db3YmMntCoeIXXBFUfX8howSjyGiaA&pcn=com.jieshun.jslife&screen=1080%2C1920&cuid=686E53F3C8D0961EAD4B50E4D2258C2D%7C944874720008868&dpi=480%2C480&resid=02&appid=-1&mb=m2%20note&ctm=1532078970.082000&net=1&bduid=&channel=baidu&os=Android22&sv=4.5.2&sign=e40412d7215d9b90fdb1d0b34ee67fd0
I/System.out(17308): [OkHttp] sendRequest>>
I/System.out(17308): [OkHttp] sendRequest<<
I/PerfService(  881): PerfServiceNative_boostDisableAsync:5
I/libPerfService(  881): 5: set: 1
I/libPerfService(  881): 5: set freq: 0
D/[BT3.0+HS]PAL(  332): == chip_reset_fd is set ==
D/[BT3.0+HS]PAL(  332): 
D/[BT3.0+HS]PAL(  332): invalid reply message
D/[BT3.0+HS]PAL(  332): 
D/[BT3.0+HS]PAL(  332): == chip_reset_fd is set ==
D/[BT3.0+HS]PAL(  332): 
D/[BT3.0+HS]PAL(  332): invalid reply message
D/[BT3.0+HS]PAL(  332): 
I/Netd    (  299): Get netlink event, ifname: wlan0 action: 4
I/Netd    (  299): Get netlink event, ifname: wlan0 action: 4
E/wpa_supplicant( 1294): This is a Iphone softap!!!!!!! 
E/wpa_supplicant( 1294): This is a Iphone softap!!!!!!! 
E/wpa_supplicant( 1294): This is a Iphone softap!!!!!!! 
E/WifiConfigStore(  881):  rewrite network history for "chaozhouniurouwan"WPA_PSK
E/WifiStateMachine(  881): mIsFullScanOngoing: true, mSendScanResultsBroadcast: false
E/WifiStateMachine(  881): mWifiOnScanCount: 1363
I/libPerfService(  881): perfSetFavorPid - pid:17308, 439c
I/ActivityManager(  881): Killing 15138:com.android.providers.calendar/u0a3 (adj 15): empty for 1803s
I/ActivityManager(  881): Killing 15159:com.android.externalstorage/u0a11 (adj 15): empty for 1808s
W/ContextImpl( 9304): Calling a method in the system process without a qualified user: android.app.ContextImpl.startService:1863 android.content.ContextWrapper.startService:516 android.content.ContextWrapper.startService:516 com.meizu.dataservice.ExperienceReceiver.a:-1 com.meizu.dataservice.ExperienceReceiver.onReceive:-1 
I/PerfService(  881): PerfServiceNative_boostDisableAsync:5
I/libPerfService(  881): 5: set: 1
I/libPerfService(  881): 5: set freq: 0
W/ADB_SERVICES(16908): create_local_service_socket() name=shell:ps
W/ADB_SERVICES(16908): service_to_fd() name=shell:ps
W/ADB_SERVICES(16908): read_meminfo() mem_free=46624
W/ADB_SERVICES(16908): create_subproc ret_fd=17 pid=18598
W/ADB_SERVICES(16908): LS(2297): bound to 'shell:ps' via 17
W/ADB_SERVICES(18598): adb: unable to update oom_score_adj
W/ADB_SERVICES(16908): entered. LS(2297) fd=17
W/ADB_SERVICES(16908): create_local_service_socket() name=shell:cat /proc/cpuinfo
W/ADB_SERVICES(16908): service_to_fd() name=shell:cat /proc/cpuinfo
W/ADB_SERVICES(16908): read_meminfo() mem_free=46072
W/ADB_SERVICES(16908): create_subproc ret_fd=17 pid=18599
W/ADB_SERVICES(16908): LS(2298): bound to 'shell:cat /proc/cpuinfo' via 17
W/ADB_SERVICES(18599): adb: unable to update oom_score_adj
W/ADB_SERVICES(16908): entered. LS(2298) fd=17
W/ADB_SERVICES(16908): create_local_service_socket() name=shell:dumpsys battery
W/ADB_SERVICES(16908): service_to_fd() name=shell:dumpsys battery
W/ADB_SERVICES(16908): read_meminfo() mem_free=46160
W/ADB_SERVICES(16908): create_subproc ret_fd=17 pid=18600
W/ADB_SERVICES(16908): LS(2299): bound to 'shell:dumpsys battery' via 17
W/ADB_SERVICES(18600): adb: unable to update oom_score_adj
W/ADB_SERVICES(16908): entered. LS(2299) fd=17
I/View    (17308): Key up dispatch to android.widget.ScrollView{216a2f5e VFED.V.. .F....ID 0,584-990,1260}, event = KeyEvent { action=ACTION_UP, keyCode=KEYCODE_DPAD_RIGHT, scanCode=0, metaState=0, flags=0x400, repeatCount=0, eventTime=28490976, downTime=28490976, deviceId=-1, source=0x101 }
I/View    (17308): Key down dispatch to android.widget.ScrollView{216a2f5e VFED.V.. .F....ID 0,584-990,1260}, event = KeyEvent { action=ACTION_DOWN, keyCode=KEYCODE_DPAD_RIGHT, scanCode=0, metaState=0, flags=0x400, repeatCount=0, eventTime=28490976, downTime=28490976, deviceId=-1, source=0x101 }
I/View    (17308): Key up dispatch to android.widget.ScrollView{216a2f5e VFED.V.. .F....ID 0,584-990,1260}, event = KeyEvent { action=ACTION_UP, keyCode=KEYCODE_DPAD_RIGHT, scanCode=0, metaState=0, flags=0x400, repeatCount=0, eventTime=28490976, downTime=28490976, deviceId=-1, source=0x101 }
I/View    (17308): Key down dispatch to android.widget.ScrollView{216a2f5e VFED.V.. .F....ID 0,584-990,1260}, event = KeyEvent { action=ACTION_DOWN, keyCode=KEYCODE_DPAD_RIGHT, scanCode=0, metaState=0, flags=0x400, repeatCount=0, eventTime=28490976, downTime=28490976, deviceId=-1, source=0x101 }
I/View    (17308): Key up dispatch to android.widget.ScrollView{216a2f5e VFED.V.. .F....ID 0,584-990,1260}, event = KeyEvent { action=ACTION_UP, keyCode=KEYCODE_DPAD_RIGHT, scanCode=0, metaState=0, flags=0x400, repeatCount=0, eventTime=28490976, downTime=28490976, deviceId=-1, source=0x101 }
I/View    (17308): Key down dispatch to android.widget.ScrollView{216a2f5e VFED.V.. .F....ID 0,584-990,1260}, event = KeyEvent { action=ACTION_DOWN, keyCode=KEYCODE_DPAD_RIGHT, scanCode=0, metaState=0, flags=0x400, repeatCount=0, eventTime=28490976, downTime=28490976, deviceId=-1, source=0x101 }
I/View    (17308): Key up dispatch to android.widget.ScrollView{216a2f5e VFED.V.. .F....ID 0,584-990,1260}, event = KeyEvent { action=ACTION_UP, keyCode=KEYCODE_DPAD_RIGHT, scanCode=0, metaState=0, flags=0x400, repeatCount=0, eventTime=28490976, downTime=28490976, deviceId=-1, source=0x101 }
I/libPerfService(  881): perfSetFavorPid - pid:0, 0
I/View    (17308): Key down dispatch to android.widget.ScrollView{216a2f5e VFED.V.. .F...... 0,584-990,1260}, event = KeyEvent { action=ACTION_DOWN, keyCode=KEYCODE_DPAD_UP, scanCode=0, metaState=0, flags=0x400, repeatCount=0, eventTime=28491001, downTime=28491001, deviceId=-1, source=0x101 }
I/PerfService(  881): PerfServiceNative_boostDisableAsync:5
I/libPerfService(  881): 5: set: 1
I/libPerfService(  881): 5: set freq: 0
I/View    (17308): Key up dispatch to android.widget.ScrollView{216a2f5e VFED.V.. .F....ID 0,584-990,1260}, event = KeyEvent { action=ACTION_UP, keyCode=KEYCODE_DPAD_UP, scanCode=0, metaState=0, flags=0x400, repeatCount=0, eventTime=28491001, downTime=28491001, deviceId=-1, source=0x101 }
I/View    (17308): Key down dispatch to android.widget.ScrollView{216a2f5e VFED.V.. .F....ID 0,584-990,1260}, event = KeyEvent { action=ACTION_DOWN, keyCode=KEYCODE_DPAD_UP, scanCode=0, metaState=0, flags=0x400, repeatCount=0, eventTime=28491001, downTime=28491001, deviceId=-1, source=0x101 }
I/View    (17308): Key up dispatch to android.widget.ScrollView{216a2f5e VFED.V.. .F....ID 0,584-990,1260}, event = KeyEvent { action=ACTION_UP, keyCode=KEYCODE_DPAD_UP, scanCode=0, metaState=0, flags=0x400, repeatCount=0, eventTime=28491001, downTime=28491001, deviceId=-1, source=0x101 }
I/View    (17308): Key down dispatch to android.widget.ScrollView{216a2f5e VFED.V.. .F....ID 0,584-990,1260}, event = KeyEvent { action=ACTION_DOWN, keyCode=KEYCODE_DPAD_UP, scanCode=0, metaState=0, flags=0x400, repeatCount=0, eventTime=28491001, downTime=28491001, deviceId=-1, source=0x101 }
I/View    (17308): Key up dispatch to android.widget.ScrollView{216a2f5e VFED.V.. .F....ID 0,584-990,1260}, event = KeyEvent { action=ACTION_UP, keyCode=KEYCODE_DPAD_UP, scanCode=0, metaState=0, flags=0x400, repeatCount=0, eventTime=28491001, downTime=28491001, deviceId=-1, source=0x101 }
I/View    (17308): Key down dispatch to android.widget.ScrollView{216a2f5e VFED.V.. .F...... 0,584-990,1260}, event = KeyEvent { action=ACTION_DOWN, keyCode=KEYCODE_DPAD_DOWN, scanCode=0, metaState=0, flags=0x400, repeatCount=0, eventTime=28491026, downTime=28491026, deviceId=-1, source=0x101 }
I/View    (17308): Key up dispatch to android.widget.ScrollView{216a2f5e VFED.V.. .F...... 0,584-990,1260}, event = KeyEvent { action=ACTION_UP, keyCode=KEYCODE_DPAD_DOWN, scanCode=0, metaState=0, flags=0x400, repeatCount=0, eventTime=28491026, downTime=28491026, deviceId=-1, source=0x101 }
I/View    (17308): Key down dispatch to android.widget.ScrollView{216a2f5e VFED.V.. .F...... 0,584-990,1260}, event = KeyEvent { action=ACTION_DOWN, keyCode=KEYCODE_DPAD_DOWN, scanCode=0, metaState=0, flags=0x400, repeatCount=0, eventTime=28491026, downTime=28491026, deviceId=-1, source=0x101 }
I/View    (17308): Key up dispatch to android.widget.ScrollView{216a2f5e VFED.V.. .F...... 0,584-990,1260}, event = KeyEvent { action=ACTION_UP, keyCode=KEYCODE_DPAD_DOWN, scanCode=0, metaState=0, flags=0x400, repeatCount=0, eventTime=28491026, downTime=28491026, deviceId=-1, source=0x101 }
I/View    (17308): Key down dispatch to android.widget.ScrollView{216a2f5e VFED.V.. .F...... 0,584-990,1260}, event = KeyEvent { action=ACTION_DOWN, keyCode=KEYCODE_DPAD_DOWN, scanCode=0, metaState=0, flags=0x400, repeatCount=0, eventTime=28491026, downTime=28491026, deviceId=-1, source=0x101 }
I/View    (17308): Key up dispatch to android.widget.ScrollView{216a2f5e VFED.V.. .F...... 0,584-990,1260}, event = KeyEvent { action=ACTION_UP, keyCode=KEYCODE_DPAD_DOWN, scanCode=0, metaState=0, flags=0x400, repeatCount=0, eventTime=28491026, downTime=28491026, deviceId=-1, source=0x101 }
I/View    (17308): Key down dispatch to android.widget.ScrollView{216a2f5e VFED.V.. .F...... 0,584-990,1260}, event = KeyEvent { action=ACTION_DOWN, keyCode=KEYCODE_DPAD_DOWN, scanCode=0, metaState=0, flags=0x400, repeatCount=0, eventTime=28491026, downTime=28491026, deviceId=-1, source=0x101 }
I/View    (17308): Key up dispatch to android.widget.ScrollView{216a2f5e VFED.V.. .F...... 0,584-990,1260}, event = KeyEvent { action=ACTION_UP, keyCode=KEYCODE_DPAD_DOWN, scanCode=0, metaState=0, flags=0x400, repeatCount=0, eventTime=28491026, downTime=28491026, deviceId=-1, source=0x101 }
I/PerfService(  881): PerfServiceNative_boostDisableAsync:5
I/libPerfService(  881): 5: set: 1
I/libPerfService(  881): 5: set freq: 0
I/SurfaceFlinger(  276): [Built-in Screen (type:0)] fps:3.953668,dur:1264.65,max:940.56,min:8.92
I/NetworkManagementSocketTagger(17308): untagSocket(73)
I/PerfService(  881): PerfServiceNative_boostDisableAsync:5
I/libPerfService(  881): 5: set: 1
I/libPerfService(  881): 5: set freq: 0
I/PerfService(  881): PerfServiceNative_boostDisableAsync:5
I/libPerfService(  881): 5: set: 1
I/libPerfService(  881): 5: set freq: 0
I/PerfService(  881): PerfServiceNative_boostDisableAsync:5
I/libPerfService(  881): 5: set: 1
I/libPerfService(  881): 5: set freq: 0
I/ActivityManager(  881): START u0 {act=android.intent.action.MAIN cat=[android.intent.category.LAUNCHER] flg=0x10200000 cmp=com.jieshun.jslife/.activity.common.WelcomeActivity} from uid 2000 on display 0 from pid 18578
I/PerfService(  881): PerfServiceNative_boostDisableAsync:5
I/libPerfService(  881): 5: set: 1
I/libPerfService(  881): 5: set freq: 0
W/ADB_SERVICES(16908): create_local_service_socket() name=shell:cat /proc/17308/stat
W/ADB_SERVICES(16908): service_to_fd() name=shell:cat /proc/17308/stat
W/ADB_SERVICES(16908): read_meminfo() mem_free=47848
W/ADB_SERVICES(16908): create_subproc ret_fd=17 pid=18601
W/ADB_SERVICES(16908): LS(2300): bound to 'shell:cat /proc/17308/stat' via 17
W/ADB_SERVICES(18601): adb: unable to update oom_score_adj
W/ADB_SERVICES(16908): entered. LS(2300) fd=17
I/libPerfService(  881): 7: set: 1
I/libPerfService(  881): 7: set freq: 0
I/SurfaceFlinger(  276): [Built-in Screen (type:0)] fps:1.166624,dur:1714.35,max:975.81,min:738.54
I/art     (17308): Background sticky concurrent mark sweep GC freed 47184(1883KB) AllocSpace objects, 1(16KB) LOS objects, 3% free, 48MB/50MB, paused 5.390ms total 47.267ms
I/thermal_repeater(  322): oh, queryMdThermalInfo (0)Bad file number
I/thermal_repeater(  322): [recvMdThermalInfo] ret=25, strLen=127,  1, 32767,,, -1, 32767, 2
I/PerfService(  881): PerfServiceNative_boostDisableAsync:5
I/libPerfService(  881): 5: set: 1
I/libPerfService(  881): 5: set freq: 0
I/libPerfService(  881): 7: set: 1
I/libPerfService(  881): 7: set freq: 0
I/PerfService(  881): PerfServiceNative_boostDisableAsync:5
I/libPerfService(  881): 5: set: 1
I/libPerfService(  881): 5: set freq: 0
I/libPerfService(  881): 7: set: 1
I/libPerfService(  881): 7: set freq: 0
I/PerfService(  881): PerfServiceNative_boostDisableAsync:5
I/libPerfService(  881): 5: set: 1
I/libPerfService(  881): 5: set freq: 0
W/ADB_SERVICES(16908): create_local_service_socket() name=shell:cat /proc/17308/stat
W/ADB_SERVICES(16908): service_to_fd() name=shell:cat /proc/17308/stat
W/ADB_SERVICES(16908): read_meminfo() mem_free=47800
W/ADB_SERVICES(16908): create_subproc ret_fd=17 pid=18602
W/ADB_SERVICES(16908): LS(2301): bound to 'shell:cat /proc/17308/stat' via 17
W/ADB_SERVICES(18602): adb: unable to update oom_score_adj
I/libPerfService(  881): 7: set: 1
I/libPerfService(  881): 7: set freq: 0
W/ADB_SERVICES(16908): entered. LS(2301) fd=17
W/ADB_SERVICES(16908): create_local_service_socket() name=shell:cat /proc/stat
W/ADB_SERVICES(16908): service_to_fd() name=shell:cat /proc/stat
W/ADB_SERVICES(16908): read_meminfo() mem_free=48004
W/ADB_SERVICES(16908): create_subproc ret_fd=17 pid=18603
W/ADB_SERVICES(16908): LS(2302): bound to 'shell:cat /proc/stat' via 17
W/ADB_SERVICES(18603): adb: unable to update oom_score_adj
W/ADB_SERVICES(16908): entered. LS(2302) fd=17
I/PerfService(  881): PerfServiceNative_boostDisableAsync:5
I/libPerfService(  881): 5: set: 1
I/libPerfService(  881): 5: set freq: 0
I/SurfaceFlinger(  276): [Built-in Screen (type:0)] fps:1.882772,dur:1062.26,max:1050.30,min:11.96
I/XMPP    (17308): =============== userName=null
I/XMPP    (17308):  -----  ===============
I/XMPP    (17308):   ========10000
I/AudioFlinger(  304): setParameters(): io 0, keyvalue mediaserver_monitor=1, calling pid 881
W/AudioALSAHardware(  304): setParameters(), still have param.size() = 1, remain param = "mediaserver_monitor=1"
I/str_params(  304): key: 'mediaserver_monitor' value: '1'
I/AudioPolicyManager(  304): setStreamVolumeIndex stream = 7 index = 15 device = 0x400
I/libPerfService(  881): 7: set: 1
I/libPerfService(  881): 7: set freq: 0
I/PerfService(  881): PerfServiceNative_boostDisableAsync:5
I/libPerfService(  881): 5: set: 1
I/libPerfService(  881): 5: set freq: 0
I/libPerfService(  881): 7: set: 1
I/libPerfService(  881): 7: set freq: 0
I/PerfService(  881): PerfServiceNative_boostDisableAsync:5
