I/System.out(17308): open:http://api.map.baidu.com/sdkproxy/v2/lbs_androidsdk/geocoder/v2?location=22.57701089540161%2C114.04998117435716&coordtype=bd09ll&pois=1&output=json&from=android_map_sdk&latest_admin=0&token=4113DTKIb0b7eqvx7mztyYnn4qOxyrAWbB6IeY3UFkLi81L5fkwomAO1jp6hOpSqzwMIWdCs%2BOsmBqETEgiPU2bv1Eg4q8zQkSPXfwYb7WsxCkwztUJBjiMlV1gz%2BRLHjjHEd2C1Gjyd04dIh%2FZ66NXrMgB67Db3YmMntCoeIXXBFUfX8howSjyGiaA&pcn=com.jieshun.jslife&screen=1080%2C1920&cuid=686E53F3C8D0961EAD4B50E4D2258C2D%7C944874720008868&dpi=480%2C480&resid=02&appid=-1&mb=m2%20note&ctm=1532078726.077000&net=1&bduid=&channel=baidu&os=Android22&sv=4.5.2&sign=55273fdc42dab1671b8c4474e6eda39f
I/System.out(17308): [OkHttp] sendRequest>>
I/System.out(17308): [OkHttp] sendRequest<<
I/art     (  881): Background sticky concurrent mark sweep GC freed 27411(2MB) AllocSpace objects, 8(160KB) LOS objects, 3% free, 44MB/46MB, paused 5.714ms total 80.103ms
W/ContextImpl( 9304): Calling a method in the system process without a qualified user: android.app.ContextImpl.startService:1863 android.content.ContextWrapper.startService:516 android.content.ContextWrapper.startService:516 com.meizu.dataservice.ExperienceReceiver.a:-1 com.meizu.dataservice.ExperienceReceiver.onReceive:-1 
I/NetworkManagementSocketTagger(17308): untagSocket(73)
I/libPerfService(  881): perfSetFavorPid - pid:0, 0
I/SurfaceFlinger(  276): [Built-in Screen (type:0)] fps:0.501381,dur:3988.98,max:3030.99,min:957.99
D/EMDLOGGER1(  780): CTRL_reader: incoming SPLM req, msgid=6, token=0, result=0
I/EMDLOGGER1(  780): [MDLOG] [stats][buf] L1 : data:0x1affe last:0x563457; (1, 0x494c, 0x563457)(3, 0x69b, 0x563374)PS : data:0x4fe7 last:0x563457; L2 : data:0x4926 last:0x563457; 
D/EMDLOGGER1(  780): CTRL_reader: incoming SPLM req, msgid=6, token=0, result=0
I/EMDLOGGER1(  780): [MDLOG] [stats][mux] MCU : data:0x26f17 last:0x56333c; DSP : data:0x0 last:0x0; 
I/System.out(17308): isFirstLoctrue
I/System.out(17308): ******jscarlife*********************onReceiveLocation*********************
I/System.out(17308): open:http://api.map.baidu.com/sdkproxy/v2/lbs_androidsdk/geocoder/v2?location=22.57701089540161%2C114.04998117435716&coordtype=bd09ll&pois=1&output=json&from=android_map_sdk&latest_admin=0&token=4113DTKIb0b7eqvx7mztyYnn4qOxyrAWbB6IeY3UFkLi81L5fkwomAO1jp6hOpSqzwMIWdCs%2BOsmBqETEgiPU2bv1Eg4q8zQkSPXfwYb7WsxCkwztUJBjiMlV1gz%2BRLHjjHEd2C1Gjyd04dIh%2FZ66NXrMgB67Db3YmMntCoeIXXBFUfX8howSjyGiaA&pcn=com.jieshun.jslife&screen=1080%2C1920&cuid=686E53F3C8D0961EAD4B50E4D2258C2D%7C944874720008868&dpi=480%2C480&resid=02&appid=-1&mb=m2%20note&ctm=1532078730.066000&net=1&bduid=&channel=baidu&os=Android22&sv=4.5.2&sign=d09a9dbd1d9d67fd9a1a90d6d2442568
I/System.out(17308): [OkHttp] sendRequest>>
I/System.out(17308): [OkHttp] sendRequest<<
I/NetworkManagementSocketTagger(17308): untagSocket(73)
I/SurfaceFlinger(  276): [Built-in Screen (type:0)] fps:1.007183,dur:1985.74,max:992.95,min:992.79
I/EMDLOGGER1(  780): MDL rate:31 KB/s, full count:0
I/thermal_repeater(  322): oh, queryMdThermalInfo (0)Bad file number
I/thermal_repeater(  322): [recvMdThermalInfo] ret=25, strLen=127,  1, 32767,,, -1, 32767, 2
I/SurfaceFlinger(  276): [Built-in Screen (type:0)] fps:1.007132,dur:1985.84,max:993.19,min:992.65
I/XMPP    (17308): =============== userName=null
I/XMPP    (17308):  -----  ===============
I/XMPP    (17308):   ========10000
I/AudioFlinger(  304): setParameters(): io 0, keyvalue mediaserver_monitor=1, calling pid 881
W/AudioALSAHardware(  304): setParameters(), still have param.size() = 1, remain param = "mediaserver_monitor=1"
I/str_params(  304): key: 'mediaserver_monitor' value: '1'
I/AudioPolicyManager(  304): setStreamVolumeIndex stream = 7 index = 15 device = 0x400
I/System.out(17308): isFirstLoctrue
I/System.out(17308): ******jscarlife*********************onReceiveLocation*********************
I/System.out(17308): open:http://api.map.baidu.com/sdkproxy/v2/lbs_androidsdk/geocoder/v2?location=22.57701089540161%2C114.04998117435716&coordtype=bd09ll&pois=1&output=json&from=android_map_sdk&latest_admin=0&token=4113DTKIb0b7eqvx7mztyYnn4qOxyrAWbB6IeY3UFkLi81L5fkwomAO1jp6hOpSqzwMIWdCs%2BOsmBqETEgiPU2bv1Eg4q8zQkSPXfwYb7WsxCkwztUJBjiMlV1gz%2BRLHjjHEd2C1Gjyd04dIh%2FZ66NXrMgB67Db3YmMntCoeIXXBFUfX8howSjyGiaA&pcn=com.jieshun.jslife&screen=1080%2C1920&cuid=686E53F3C8D0961EAD4B50E4D2258C2D%7C944874720008868&dpi=480%2C480&resid=02&appid=-1&mb=m2%20note&ctm=1532078740.087000&net=1&bduid=&channel=baidu&os=Android22&sv=4.5.2&sign=29fd9f473188f64184aa0994195d6d21
I/System.out(17308): [OkHttp] sendRequest>>
I/System.out(17308): [OkHttp] sendRequest<<
I/NetworkManagementSocketTagger(17308): untagSocket(73)
I/SurfaceFlinger(  276): [Built-in Screen (type:0)] fps:0.656084,dur:3048.39,max:3026.19,min:22.20
I/SurfaceFlinger(  276): [Built-in Screen (type:0)] fps:1.986204,dur:1006.95,max:992.76,min:14.19
I/thermal_repeater(  322): oh, queryMdThermalInfo (0)Bad file number
I/thermal_repeater(  322): [recvMdThermalInfo] ret=25, strLen=127,  1, 32767,,, -1, 32767, 2
I/EMDLOGGER1(  780): MD writer time out 10 sec.
I/SurfaceFlinger(  276): [Built-in Screen (type:0)] fps:0.662967,dur:3016.74,max:2022.84,min:993.90
D/[BT3.0+HS]PAL(  332): == chip_reset_fd is set ==
D/[BT3.0+HS]PAL(  332): 
D/[BT3.0+HS]PAL(  332): invalid reply message
D/[BT3.0+HS]PAL(  332): 
I/EMDLOGGER1(  780): MDL rate:28 KB/s, full count:0
D/EMDLOGGER1(  780): CTRL_reader: incoming SPLM req, msgid=6, token=0, result=0
I/EMDLOGGER1(  780): [MDLOG] [stats][buf] L1 : data:0x14f80 last:0x563de7; (1, 0x3e40, 0x563de7)(3, 0x3a3, 0x563aab)PS : data:0x41e3 last:0x563de7; L2 : data:0x3808 last:0x563de7; 
D/EMDLOGGER1(  780): CTRL_reader: incoming SPLM req, msgid=6, token=0, result=0
I/EMDLOGGER1(  780): [MDLOG] [stats][mux] MCU : data:0x232f1 last:0x563cfa; DSP : data:0x0 last:0x0; 
I/thermal_repeater(  322): oh, queryMdThermalInfo (0)Bad file number
I/thermal_repeater(  322): [recvMdThermalInfo] ret=25, strLen=127,  1, 32767,,, -1, 32767, 2
D/[BT3.0+HS]PAL(  332): == chip_reset_fd is set ==
D/[BT3.0+HS]PAL(  332): 
D/[BT3.0+HS]PAL(  332): invalid reply message
D/[BT3.0+HS]PAL(  332): 
I/Netd    (  299): Get netlink event, ifname: wlan0 action: 4
I/Netd    (  299): Get netlink event, ifname: wlan0 action: 4
E/wpa_supplicant( 1294): This is a Iphone softap!!!!!!! 
E/wpa_supplicant( 1294): This is a Iphone softap!!!!!!! 
E/wpa_supplicant( 1294): This is a Iphone softap!!!!!!! 
E/wpa_supplicant( 1294): This is a Iphone softap!!!!!!! 
D/[BT3.0+HS]PAL(  332): == chip_reset_fd is set ==
D/[BT3.0+HS]PAL(  332): 
D/[BT3.0+HS]PAL(  332): invalid reply message
D/[BT3.0+HS]PAL(  332): 
E/WifiConfigStore(  881):  rewrite network history for "chaozhouniurouwan"WPA_PSK
E/WifiStateMachine(  881): mIsFullScanOngoing: true, mSendScanResultsBroadcast: false
E/WifiStateMachine(  881): mWifiOnScanCount: 1348
I/libPerfService(  881): perfSetFavorPid - pid:17308, 439c
I/System.out(17308): isFirstLoctrue
I/System.out(17308): ******jscarlife*********************onReceiveLocation*********************
I/System.out(17308): open:http://api.map.baidu.com/sdkproxy/v2/lbs_androidsdk/geocoder/v2?location=22.57701089540161%2C114.04998117435716&coordtype=bd09ll&pois=1&output=json&from=android_map_sdk&latest_admin=0&token=4113DTKIb0b7eqvx7mztyYnn4qOxyrAWbB6IeY3UFkLi81L5fkwomAO1jp6hOpSqzwMIWdCs%2BOsmBqETEgiPU2bv1Eg4q8zQkSPXfwYb7WsxCkwztUJBjiMlV1gz%2BRLHjjHEd2C1Gjyd04dIh%2FZ66NXrMgB67Db3YmMntCoeIXXBFUfX8howSjyGiaA&pcn=com.jieshun.jslife&screen=1080%2C1920&cuid=686E53F3C8D0961EAD4B50E4D2258C2D%7C944874720008868&dpi=480%2C480&resid=02&appid=-1&mb=m2%20note&ctm=1532078756.173000&net=1&bduid=&channel=baidu&os=Android22&sv=4.5.2&sign=03a9fc98f463a774ee796116e1f0e642
I/System.out(17308): [OkHttp] sendRequest>>
I/System.out(17308): [OkHttp] sendRequest<<
W/ContextImpl( 9304): Calling a method in the system process without a qualified user: android.app.ContextImpl.startService:1863 android.content.ContextWrapper.startService:516 android.content.ContextWrapper.startService:516 com.meizu.dataservice.ExperienceReceiver.a:-1 com.meizu.dataservice.ExperienceReceiver.onReceive:-1 
I/NetworkManagementSocketTagger(17308): untagSocket(73)
I/libPerfService(  881): perfSetFavorPid - pid:0, 0
I/SurfaceFlinger(  276): [Built-in Screen (type:0)] fps:0.745501,dur:4024.14,max:3029.98,min:1.18
I/XMPP    (17308): =============== userName=null
I/XMPP    (17308):  -----  ===============
I/XMPP    (17308):   ========10000
I/AudioFlinger(  304): setParameters(): io 0, keyvalue mediaserver_monitor=1, calling pid 881
W/AudioALSAHardware(  304): setParameters(), still have param.size() = 1, remain param = "mediaserver_monitor=1"
I/str_params(  304): key: 'mediaserver_monitor' value: '1'
I/AudioPolicyManager(  304): setStreamVolumeIndex stream = 7 index = 15 device = 0x400
I/System.out(17308): isFirstLoctrue
I/System.out(17308): ******jscarlife*********************onReceiveLocation*********************
I/System.out(17308): open:http://api.map.baidu.com/sdkproxy/v2/lbs_androidsdk/geocoder/v2?location=22.57701089540161%2C114.04998117435716&coordtype=bd09ll&pois=1&output=json&from=android_map_sdk&latest_admin=0&token=4113DTKIb0b7eqvx7mztyYnn4qOxyrAWbB6IeY3UFkLi81L5fkwomAO1jp6hOpSqzwMIWdCs%2BOsmBqETEgiPU2bv1Eg4q8zQkSPXfwYb7WsxCkwztUJBjiMlV1gz%2BRLHjjHEd2C1Gjyd04dIh%2FZ66NXrMgB67Db3YmMntCoeIXXBFUfX8howSjyGiaA&pcn=com.jieshun.jslife&screen=1080%2C1920&cuid=686E53F3C8D0961EAD4B50E4D2258C2D%7C944874720008868&dpi=480%2C480&resid=02&appid=-1&mb=m2%20note&ctm=1532078760.060000&net=1&bduid=&channel=baidu&os=Android22&sv=4.5.2&sign=9944d559460bd78ce12108f8dbfe4d10
I/System.out(17308): [OkHttp] sendRequest>>
I/System.out(17308): [OkHttp] sendRequest<<
W/Watchdog(  881): SWT Watchdog after wait current time:28265245
W/Watchdog(  881): **Get SF Time **1
W/Watchdog(  881): SWT Watchdog before synchronized:28265245
W/Watchdog(  881): SWT Watchdog after synchronized:28265245
W/Watchdog(  881): SWT Watchdog before wait timeout:30000
W/Watchdog(  881): SWT Watchdog before wait current time:28265245
W/Watchdog(  881): SWT Watchdog before wait start:28265245
W/Watchdog(  881): SWT Watchdog before wait CHECK_INTERVAL:30000
I/NetworkManagementSocketTagger(17308): untagSocket(73)
I/SurfaceFlinger(  276): [Built-in Screen (type:0)] fps:0.998565,dur:2002.87,max:1010.30,min:992.58
I/thermal_repeater(  322): oh, queryMdThermalInfo (0)Bad file number
I/thermal_repeater(  322): [recvMdThermalInfo] ret=25, strLen=127,  1, 32767,,, -1, 32767, 2
I/SurfaceFlinger(  276): [Built-in Screen (type:0)] fps:1.007176,dur:1985.75,max:993.17,min:992.58
I/SurfaceFlinger(  276): [Built-in Screen (type:0)] fps:1.882205,dur:1062.58,max:1037.09,min:25.49
I/System.out(17308): isFirstLoctrue
I/System.out(17308): ******jscarlife*********************onReceiveLocation*********************
I/System.out(17308): open:http://api.map.baidu.com/sdkproxy/v2/lbs_androidsdk/geocoder/v2?location=22.57701089540161%2C114.04998117435716&coordtype=bd09ll&pois=1&output=json&from=android_map_sdk&latest_admin=0&token=4113DTKIb0b7eqvx7mztyYnn4qOxyrAWbB6IeY3UFkLi81L5fkwomAO1jp6hOpSqzwMIWdCs%2BOsmBqETEgiPU2bv1Eg4q8zQkSPXfwYb7WsxCkwztUJBjiMlV1gz%2BRLHjjHEd2C1Gjyd04dIh%2FZ66NXrMgB67Db3YmMntCoeIXXBFUfX8howSjyGiaA&pcn=com.jieshun.jslife&screen=1080%2C1920&cuid=686E53F3C8D0961EAD4B50E4D2258C2D%7C944874720008868&dpi=480%2C480&resid=02&appid=-1&mb=m2%20note&ctm=1532078770.074000&net=1&bduid=&channel=baidu&os=Android22&sv=4.5.2&sign=624888aee35c50e5767e493b5f0ff336
I/System.out(17308): [OkHttp] sendRequest>>
I/System.out(17308): [OkHttp] sendRequest<<
I/NetworkManagementSocketTagger(17308): untagSocket(73)
I/EMDLOGGER1(  780): MD writer time out 10 sec.
I/SurfaceFlinger(  276): [Built-in Screen (type:0)] fps:1.500534,dur:1999.29,max:1011.74,min:12.07
I/thermal_repeater(  322): oh, queryMdThermalInfo (0)Bad file number
I/thermal_repeater(  322): [recvMdThermalInfo] ret=25, strLen=127,  1, 32767,,, -1, 32767, 2
I/SurfaceFlinger(  276): [Built-in Screen (type:0)] fps:0.987707,dur:2024.89,max:1028.10,min:996.79
I/XMPP    (17308): =============== userName=null
I/XMPP    (17308):  -----  ===============
I/XMPP    (17308):   ========10000
I/AudioFlinger(  304): setParameters(): io 0, keyvalue mediaserver_monitor=1, calling pid 881
W/AudioALSAHardware(  304): setParameters(), still have param.size() = 1, remain param = "mediaserver_monitor=1"
I/str_params(  304): key: 'mediaserver_monitor' value: '1'
I/AudioPolicyManager(  304): setStreamVolumeIndex stream = 7 index = 15 device = 0x400
I/SurfaceFlinger(  276): [Built-in Screen (type:0)] fps:0.989985,dur:2020.23,max:1045.19,min:975.05
D/MDLOGGER_CLEAR_LOG(  780): mdlogger clearLog V4.W1442.1
I/MDLOGGER_CLEAR_LOG(  780): clearLogFolder /storage/sdcard0/mtklog/mdlog1 size is 47 M. Recycle size is 600 M,no need clear log
D/[BT3.0+HS]PAL(  332): == chip_reset_fd is set ==
D/[BT3.0+HS]PAL(  332): 
D/[BT3.0+HS]PAL(  332): invalid reply message
D/[BT3.0+HS]PAL(  332): 
D/EMDLOGGER1(  780): CTRL_reader: incoming SPLM req, msgid=6, token=0, result=0
I/EMDLOGGER1(  780): [MDLOG] [stats][buf] L1 : data:0x15684 last:0x564891; (1, 0x4c68, 0x564891)(3, 0x69b, 0x56466e)PS : data:0x5303 last:0x564891; L2 : data:0x38fe last:0x564891; 
D/EMDLOGGER1(  780): CTRL_reader: incoming SPLM req, msgid=6, token=0, result=0
I/EMDLOGGER1(  780): [MDLOG] [stats][mux] MCU : data:0x21cc5 last:0x564777; DSP : data:0x0 last:0x0; 
I/EMDLOGGER1(  780): MDL rate:27 KB/s, full count:0
I/SurfaceFlinger(  276): [Built-in Screen (type:0)] fps:0.989780,dur:2020.65,max:2019.41,min:1.24
I/thermal_repeater(  322): oh, queryMdThermalInfo (0)Bad file number
I/thermal_repeater(  322): [recvMdThermalInfo] ret=25, strLen=127,  1, 32767,,, -1, 32767, 2
I/SurfaceFlinger(  276): [Built-in Screen (type:0)] fps:0.972873,dur:1027.88,max:1027.88,min:1027.88
D/[BT3.0+HS]PAL(  332): == chip_reset_fd is set ==
D/[BT3.0+HS]PAL(  332): 
D/[BT3.0+HS]PAL(  332): invalid reply message
D/[BT3.0+HS]PAL(  332): 
D/[BT3.0+HS]PAL(  332): == chip_reset_fd is set ==
D/[BT3.0+HS]PAL(  332): 
D/[BT3.0+HS]PAL(  332): invalid reply message
D/[BT3.0+HS]PAL(  332): 
E/wpa_supplicant( 1294): This is a Iphone softap!!!!!!! 
E/wpa_supplicant( 1294): This is a Iphone softap!!!!!!! 
E/wpa_supplicant( 1294): This is a Iphone softap!!!!!!! 
E/wpa_supplicant( 1294): This is a Iphone softap!!!!!!! 
E/wpa_supplicant( 1294): This is a Iphone softap!!!!!!! 
I/Netd    (  299): Get netlink event, ifname: wlan0 action: 4
I/Netd    (  299): Get netlink event, ifname: wlan0 action: 4
I/art     (17308): Background sticky concurrent mark sweep GC freed 105772(3MB) AllocSpace objects, 1(16KB) LOS objects, 3% free, 48MB/50MB, paused 5.048ms total 83.198ms
E/WifiConfigStore(  881):  rewrite network history for "chaozhouniurouwan"WPA_PSK
E/WifiStateMachine(  881): mIsFullScanOngoing: true, mSendScanResultsBroadcast: false
E/WifiStateMachine(  881): mWifiOnScanCount: 1349
I/libPerfService(  881): perfSetFavorPid - pid:17308, 439c
I/art     (  881): Background sticky concurrent mark sweep GC freed 14267(2MB) AllocSpace objects, 0(0B) LOS objects, 3% free, 44MB/46MB, paused 10.412ms total 58.287ms
I/System.out(17308): isFirstLoctrue
I/System.out(17308): ******jscarlife*********************onReceiveLocation*********************
W/ContextImpl( 9304): Calling a method in the system process without a qualified user: android.app.ContextImpl.startService:1863 android.content.ContextWrapper.startService:516 android.content.ContextWrapper.startService:516 com.meizu.dataservice.ExperienceReceiver.a:-1 com.meizu.dataservice.ExperienceReceiver.onReceive:-1 
I/System.out(17308): open:http://api.map.baidu.com/sdkproxy/v2/lbs_androidsdk/geocoder/v2?location=22.57701089540161%2C114.04998117435716&coordtype=bd09ll&pois=1&output=json&from=android_map_sdk&latest_admin=0&token=4113DTKIb0b7eqvx7mztyYnn4qOxyrAWbB6IeY3UFkLi81L5fkwomAO1jp6hOpSqzwMIWdCs%2BOsmBqETEgiPU2bv1Eg4q8zQkSPXfwYb7WsxCkwztUJBjiMlV1gz%2BRLHjjHEd2C1Gjyd04dIh%2FZ66NXrMgB67Db3YmMntCoeIXXBFUfX8howSjyGiaA&pcn=com.jieshun.jslife&screen=1080%2C1920&cuid=686E53F3C8D0961EAD4B50E4D2258C2D%7C944874720008868&dpi=480%2C480&resid=02&appid=-1&mb=m2%20note&ctm=1532078786.231000&net=1&bduid=&channel=baidu&os=Android22&sv=4.5.2&sign=b981666e1f1085b49b1c3b00132de107
I/System.out(17308): [OkHttp] sendRequest>>
I/System.out(17308): [OkHttp] sendRequest<<
I/NetworkManagementSocketTagger(17308): untagSocket(73)
I/libPerfService(  881): perfSetFavorPid - pid:0, 0
I/SurfaceFlinger(  276): [Built-in Screen (type:0)] fps:1.007164,dur:1985.77,max:993.20,min:992.57
I/System.out(17308): isFirstLoctrue
I/System.out(17308): ******jscarlife*********************onReceiveLocation*********************
I/System.out(17308): open:http://api.map.baidu.com/sdkproxy/v2/lbs_androidsdk/geocoder/v2?location=22.57701089540161%2C114.04998117435716&coordtype=bd09ll&pois=1&output=json&from=android_map_sdk&latest_admin=0&token=4113DTKIb0b7eqvx7mztyYnn4qOxyrAWbB6IeY3UFkLi81L5fkwomAO1jp6hOpSqzwMIWdCs%2BOsmBqETEgiPU2bv1Eg4q8zQkSPXfwYb7WsxCkwztUJBjiMlV1gz%2BRLHjjHEd2C1Gjyd04dIh%2FZ66NXrMgB67Db3YmMntCoeIXXBFUfX8howSjyGiaA&pcn=com.jieshun.jslife&screen=1080%2C1920&cuid=686E53F3C8D0961EAD4B50E4D2258C2D%7C944874720008868&dpi=480%2C480&resid=02&appid=-1&mb=m2%20note&ctm=1532078790.078000&net=1&bduid=&channel=baidu&os=Android22&sv=4.5.2&sign=6d785fad09becb5af27d88d0cd3298b2
I/System.out(17308): [OkHttp] sendRequest>>
I/System.out(17308): [OkHttp] sendRequest<<
I/NetworkManagementSocketTagger(17308): untagSocket(73)
I/SurfaceFlinger(  276): [Built-in Screen (type:0)] fps:0.989875,dur:1010.23,max:1010.23,min:1010.23
I/art     (17308): Background sticky concurrent mark sweep GC freed 48564(1886KB) AllocSpace objects, 2(32KB) LOS objects, 3% free, 48MB/50MB, paused 6.750ms total 36.949ms
I/SurfaceFlinger(  276): [Built-in Screen (type:0)] fps:0.989892,dur:1010.21,max:1010.21,min:1010.21
I/thermal_repeater(  322): oh, queryMdThermalInfo (0)Bad file number
I/thermal_repeater(  322): [recvMdThermalInfo] ret=25, strLen=127,  1, 32767,,, -1, 32767, 2
I/EMDLOGGER1(  780): MD writer time out 10 sec.
I/XMPP    (17308): =============== userName=null
I/XMPP    (17308):  -----  ===============
I/XMPP    (17308):   ========10000
I/AudioFlinger(  304): setParameters(): io 0, keyvalue mediaserver_monitor=1, calling pid 881
W/AudioALSAHardware(  304): setParameters(), still have param.size() = 1, remain param = "mediaserver_monitor=1"
I/str_params(  304): key: 'mediaserver_monitor' value: '1'
I/AudioPolicyManager(  304): setStreamVolumeIndex stream = 7 index = 15 device = 0x400
I/SurfaceFlinger(  276): [Built-in Screen (type:0)] fps:0.659868,dur:3030.91,max:3023.86,min:7.05
I/System.out(17308): isFirstLoctrue
I/System.out(17308): ******jscarlife*********************onReceiveLocation*********************
I/System.out(17308): open:http://api.map.baidu.com/sdkproxy/v2/lbs_androidsdk/geocoder/v2?location=22.57701089540161%2C114.04998117435716&coordtype=bd09ll&pois=1&output=json&from=android_map_sdk&latest_admin=0&token=4113DTKIb0b7eqvx7mztyYnn4qOxyrAWbB6IeY3UFkLi81L5fkwomAO1jp6hOpSqzwMIWdCs%2BOsmBqETEgiPU2bv1Eg4q8zQkSPXfwYb7WsxCkwztUJBjiMlV1gz%2BRLHjjHEd2C1Gjyd04dIh%2FZ66NXrMgB67Db3YmMntCoeIXXBFUfX8howSjyGiaA&pcn=com.jieshun.jslife&screen=1080%2C1920&cuid=686E53F3C8D0961EAD4B50E4D2258C2D%7C944874720008868&dpi=480%2C480&resid=02&appid=-1&mb=m2%20note&ctm=1532078800.103000&net=1&bduid=&channel=baidu&os=Android22&sv=4.5.2&sign=e03605897ce1599e62dd7fbab9517ea2
I/System.out(17308): [OkHttp] sendRequest>>
I/System.out(17308): [OkHttp] sendRequest<<
I/NetworkManagementSocketTagger(17308): untagSocket(73)
I/SurfaceFlinger(  276): [Built-in Screen (type:0)] fps:0.989059,dur:1011.06,max:1011.06,min:1011.06
I/SurfaceFlinger(  276): [Built-in Screen (type:0)] fps:1.991576,dur:1004.23,max:992.15,min:12.08
I/thermal_repeater(  322): oh, queryMdThermalInfo (0)Bad file number
I/thermal_repeater(  322): [recvMdThermalInfo] ret=25, strLen=127,  1, 32767,,, -1, 32767, 2
D/EMDLOGGER1(  780): CTRL_reader: incoming SPLM req, msgid=6, token=0, result=0
I/EMDLOGGER1(  780): [MDLOG] [stats][buf] L1 : data:0x1af60 last:0x5652de; (1, 0x5128, 0x5652de)(3, 0x69b, 0x565231)PS : data:0x57c3 last:0x5652de; L2 : data:0x4a0c last:0x5652dd; 
D/EMDLOGGER1(  780): CTRL_reader: incoming SPLM req, msgid=6, token=0, result=0
I/EMDLOGGER1(  780): [MDLOG] [stats][mux] MCU : data:0x21fc1 last:0x5651c3; DSP : data:0x0 last:0x0; 
I/SurfaceFlinger(  276): [Built-in Screen (type:0)] fps:0.497878,dur:2008.52,max:2008.52,min:2008.52
D/[BT3.0+HS]PAL(  332): == chip_reset_fd is set ==
D/[BT3.0+HS]PAL(  332): 
D/[BT3.0+HS]PAL(  332): invalid reply message
D/[BT3.0+HS]PAL(  332): 
I/SurfaceFlinger(  276): [Built-in Screen (type:0)] fps:1.006967,dur:1986.16,max:1010.71,min:975.45
I/EMDLOGGER1(  780): MDL rate:27 KB/s, full count:0
I/thermal_repeater(  322): oh, queryMdThermalInfo (0)Bad file number
I/thermal_repeater(  322): [recvMdThermalInfo] ret=25, strLen=127,  1, 32767,,, -1, 32767, 2
I/art     (17308): Background sticky concurrent mark sweep GC freed 51331(1894KB) AllocSpace objects, 0(0B) LOS objects, 3% free, 48MB/50MB, paused 6.481ms total 62.399ms
D/[BT3.0+HS]PAL(  332): == chip_reset_fd is set ==
D/[BT3.0+HS]PAL(  332): 
D/[BT3.0+HS]PAL(  332): invalid reply message
D/[BT3.0+HS]PAL(  332): 
I/Netd    (  299): Get netlink event, ifname: wlan0 action: 4
D/[BT3.0+HS]PAL(  332): == chip_reset_fd is set ==
D/[BT3.0+HS]PAL(  332): 
D/[BT3.0+HS]PAL(  332): invalid reply message
D/[BT3.0+HS]PAL(  332): 
E/wpa_supplicant( 1294): This is a Iphone softap!!!!!!! 
E/wpa_supplicant( 1294): This is a Iphone softap!!!!!!! 
I/Netd    (  299): Get netlink event, ifname: wlan0 action: 4
E/wpa_supplicant( 1294): This is a Iphone softap!!!!!!! 
E/WifiConfigStore(  881):  rewrite network history for "chaozhouniurouwan"WPA_PSK
E/WifiStateMachine(  881): mIsFullScanOngoing: true, mSendScanResultsBroadcast: false
E/WifiStateMachine(  881): mWifiOnScanCount: 1350
I/libPerfService(  881): perfSetFavorPid - pid:17308, 439c
I/System.out(17308): isFirstLoctrue
I/System.out(17308): ******jscarlife*********************onReceiveLocation*********************
I/System.out(17308): open:http://api.map.baidu.com/sdkproxy/v2/lbs_androidsdk/geocoder/v2?location=22.57701089540161%2C114.04998117435716&coordtype=bd09ll&pois=1&output=json&from=android_map_sdk&latest_admin=0&token=4113DTKIb0b7eqvx7mztyYnn4qOxyrAWbB6IeY3UFkLi81L5fkwomAO1jp6hOpSqzwMIWdCs%2BOsmBqETEgiPU2bv1Eg4q8zQkSPXfwYb7WsxCkwztUJBjiMlV1gz%2BRLHjjHEd2C1Gjyd04dIh%2FZ66NXrMgB67Db3YmMntCoeIXXBFUfX8howSjyGiaA&pcn=com.jieshun.jslife&screen=1080%2C1920&cuid=686E53F3C8D0961EAD4B50E4D2258C2D%7C944874720008868&dpi=480%2C480&resid=02&appid=-1&mb=m2%20note&ctm=1532078816.315000&net=1&bduid=&channel=baidu&os=Android22&sv=4.5.2&sign=39388cd60de2165acbe223c1ccd9bb60
I/System.out(17308): [OkHttp] sendRequest>>
I/System.out(17308): [OkHttp] sendRequest<<
W/ContextImpl( 9304): Calling a method in the system process without a qualified user: android.app.ContextImpl.startService:1863 android.content.ContextWrapper.startService:516 android.content.ContextWrapper.startService:516 com.meizu.dataservice.ExperienceReceiver.a:-1 com.meizu.dataservice.ExperienceReceiver.onReceive:-1 
I/NetworkManagementSocketTagger(17308): untagSocket(73)
I/libPerfService(  881): perfSetFavorPid - pid:0, 0
I/SurfaceFlinger(  276): [Built-in Screen (type:0)] fps:0.656159,dur:3048.04,max:3031.74,min:16.30
I/XMPP    (17308): =============== userName=null
I/XMPP    (17308):  -----  ===============
I/XMPP    (17308):   ========10000
I/AudioFlinger(  304): setParameters(): io 0, keyvalue mediaserver_monitor=1, calling pid 881
W/AudioALSAHardware(  304): setParameters(), still have param.size() = 1, remain param = "mediaserver_monitor=1"
I/str_params(  304): key: 'mediaserver_monitor' value: '1'
I/AudioPolicyManager(  304): setStreamVolumeIndex stream = 7 index = 15 device = 0x400
I/libPerfService(  881): perfSetFavorPid - pid:17308, 439c
I/SurfaceFlinger(  276): [Built-in Screen (type:0)] fps:1.506832,dur:1327.29,max:975.40,min:351.89
I/System.out(17308): isFirstLoctrue
I/System.out(17308): ******jscarlife*********************onReceiveLocation*********************
I/System.out(17308): open:http://api.map.baidu.com/sdkproxy/v2/lbs_androidsdk/geocoder/v2?location=22.57701089540161%2C114.04998117435716&coordtype=bd09ll&pois=1&output=json&from=android_map_sdk&latest_admin=0&token=4113DTKIb0b7eqvx7mztyYnn4qOxyrAWbB6IeY3UFkLi81L5fkwomAO1jp6hOpSqzwMIWdCs%2BOsmBqETEgiPU2bv1Eg4q8zQkSPXfwYb7WsxCkwztUJBjiMlV1gz%2BRLHjjHEd2C1Gjyd04dIh%2FZ66NXrMgB67Db3YmMntCoeIXXBFUfX8howSjyGiaA&pcn=com.jieshun.jslife&screen=1080%2C1920&cuid=686E53F3C8D0961EAD4B50E4D2258C2D%7C944874720008868&dpi=480%2C480&resid=02&appid=-1&mb=m2%20note&ctm=1532078760.059000&net=1&bduid=&channel=baidu&os=Android22&sv=4.5.2&sign=879965ac0cbb21ba9940bb2d8c2c3968
I/System.out(17308): [OkHttp] sendRequest>>
I/System.out(17308): [OkHttp] sendRequest<<
W/Watchdog(  881): SWT Watchdog after wait current time:28295245
W/Watchdog(  881): **Get SF Time **1
W/Watchdog(  881): SWT Watchdog before synchronized:28295246
W/Watchdog(  881): SWT Watchdog after synchronized:28295246
W/Watchdog(  881): SWT Watchdog before wait timeout:30000
W/Watchdog(  881): SWT Watchdog before wait current time:28295246
W/Watchdog(  881): SWT Watchdog before wait start:28295246
W/Watchdog(  881): SWT Watchdog before wait CHECK_INTERVAL:30000
I/NetworkManagementSocketTagger(17308): untagSocket(73)
I/libPerfService(  881): perfSetFavorPid - pid:0, 0
I/SurfaceFlinger(  276): [Built-in Screen (type:0)] fps:1.223686,dur:1634.41,max:1004.31,min:630.09
I/EMDLOGGER1(  780): MD writer time out 10 sec.
I/thermal_repeater(  322): oh, queryMdThermalInfo (0)Bad file number
I/thermal_repeater(  322): [recvMdThermalInfo] ret=25, strLen=127,  1, 32767,,, -1, 32767, 2
I/SurfaceFlinger(  276): [Built-in Screen (type:0)] fps:1.968896,dur:1015.80,max:993.02,min:22.77
I/SurfaceFlinger(  276): [Built-in Screen (type:0)] fps:0.962314,dur:1039.16,max:1039.16,min:1039.16
I/SurfaceFlinger(  276): [Built-in Screen (type:0)] fps:1.989676,dur:1005.19,max:992.84,min:12.35
I/System.out(17308): isFirstLoctrue
I/System.out(17308): ******jscarlife*********************onReceiveLocation*********************
I/System.out(17308): open:http://api.map.baidu.com/sdkproxy/v2/lbs_androidsdk/geocoder/v2?location=22.57701089540161%2C114.04998117435716&coordtype=bd09ll&pois=1&output=json&from=android_map_sdk&latest_admin=0&token=4113DTKIb0b7eqvx7mztyYnn4qOxyrAWbB6IeY3UFkLi81L5fkwomAO1jp6hOpSqzwMIWdCs%2BOsmBqETEgiPU2bv1Eg4q8zQkSPXfwYb7WsxCkwztUJBjiMlV1gz%2BRLHjjHEd2C1Gjyd04dIh%2FZ66NXrMgB67Db3YmMntCoeIXXBFUfX8howSjyGiaA&pcn=com.jieshun.jslife&screen=1080%2C1920&cuid=686E53F3C8D0961EAD4B50E4D2258C2D%7C944874720008868&dpi=480%2C480&resid=02&appid=-1&mb=m2%20note&ctm=1532078770.077000&net=1&bduid=&channel=baidu&os=Android22&sv=4.5.2&sign=0339d0c15a79493600401c00c16d6ad3
I/System.out(17308): [OkHttp] sendRequest>>
I/System.out(17308): [OkHttp] sendRequest<<
I/NetworkManagementSocketTagger(17308): untagSocket(73)
I/SurfaceFlinger(  276): [Built-in Screen (type:0)] fps:0.952150,dur:1050.26,max:1050.26,min:1050.26
I/EMDLOGGER1(  780): MDL rate:32 KB/s, full count:0
D/EMDLOGGER1(  780): CTRL_reader: incoming SPLM req, msgid=6, token=0, result=0
I/EMDLOGGER1(  780): [MDLOG] [stats][buf] L1 : data:0x15910 last:0x565d2a; (1, 0x4354, 0x565d2a)(3, 0x622, 0x565ac3)PS : data:0x4976 last:0x565d2a; L2 : data:0x35c4 last:0x565d2a; 
D/EMDLOGGER1(  780): CTRL_reader: incoming SPLM req, msgid=6, token=0, result=0
I/EMDLOGGER1(  780): [MDLOG] [stats][mux] MCU : data:0x27911 last:0x565c0f; DSP : data:0x0 last:0x0; 
I/thermal_repeater(  322): oh, queryMdThermalInfo (0)Bad file number
I/thermal_repeater(  322): [recvMdThermalInfo] ret=25, strLen=127,  1, 32767,,, -1, 32767, 2
I/SurfaceFlinger(  276): [Built-in Screen (type:0)] fps:1.497498,dur:2003.34,max:1048.54,min:13.90
I/XMPP    (17308): =============== userName=null
I/XMPP    (17308):  -----  ===============
I/XMPP    (17308):   ========10000
I/AudioFlinger(  304): setParameters(): io 0, keyvalue mediaserver_monitor=1, calling pid 881
W/AudioALSAHardware(  304): setParameters(), still have param.size() = 1, remain param = "mediaserver_monitor=1"
I/str_params(  304): key: 'mediaserver_monitor' value: '1'
I/AudioPolicyManager(  304): setStreamVolumeIndex stream = 7 index = 15 device = 0x400
I/SurfaceFlinger(  276): [Built-in Screen (type:0)] fps:1.016127,dur:1968.26,max:993.00,min:975.26
D/MDLOGGER_CLEAR_LOG(  780): mdlogger clearLog V4.W1442.1
I/MDLOGGER_CLEAR_LOG(  780): clearLogFolder /storage/sdcard0/mtklog/mdlog1 size is 47 M. Recycle size is 600 M,no need clear log
D/[BT3.0+HS]PAL(  332): == chip_reset_fd is set ==
D/[BT3.0+HS]PAL(  332): 
D/[BT3.0+HS]PAL(  332): invalid reply message
D/[BT3.0+HS]PAL(  332): 
W/MTKLogger(10981): Maybe device was updated from old version, change property to newer one
I/StorageManagerEx(10981): getInternalStoragePath from Property path=/storage/sdcard0
W/MTKLogger(10981): Maybe device was updated from old version, change property to newer one
I/StorageManagerEx(10981): getInternalStoragePath from Property path=/storage/sdcard0
I/thermal_repeater(  322): oh, queryMdThermalInfo (0)Bad file number
I/thermal_repeater(  322): [recvMdThermalInfo] ret=25, strLen=127,  1, 32767,,, -1, 32767, 2
D/[BT3.0+HS]PAL(  332): == chip_reset_fd is set ==
D/[BT3.0+HS]PAL(  332): 
D/[BT3.0+HS]PAL(  332): invalid reply message
D/[BT3.0+HS]PAL(  332): 
D/[BT3.0+HS]PAL(  332): == chip_reset_fd is set ==
D/[BT3.0+HS]PAL(  332): 
D/[BT3.0+HS]PAL(  332): invalid reply message
D/[BT3.0+HS]PAL(  332): 
I/Netd    (  299): Get netlink event, ifname: wlan0 action: 4
I/Netd    (  299): Get netlink event, ifname: wlan0 action: 4
E/wpa_supplicant( 1294): This is a Iphone softap!!!!!!! 
E/wpa_supplicant( 1294): This is a Iphone softap!!!!!!! 
E/wpa_supplicant( 1294): This is a Iphone softap!!!!!!! 
E/wpa_supplicant( 1294): This is a Iphone softap!!!!!!! 
E/WifiConfigStore(  881):  rewrite network history for "chaozhouniurouwan"WPA_PSK
E/WifiStateMachine(  881): mIsFullScanOngoing: true, mSendScanResultsBroadcast: false
E/WifiStateMachine(  881): mWifiOnScanCount: 1351
I/libPerfService(  881): perfSetFavorPid - pid:17308, 439c
I/art     (  881): Background sticky concurrent mark sweep GC freed 16172(2MB) AllocSpace objects, 0(0B) LOS objects, 2% free, 44MB/46MB, paused 12.110ms total 79.012ms
I/art     (17308): Background sticky concurrent mark sweep GC freed 105976(3MB) AllocSpace objects, 1(16KB) LOS objects, 3% free, 48MB/50MB, paused 10.331ms total 121.073ms
I/System.out(17308): isFirstLoctrue
I/System.out(17308): ******jscarlife*********************onReceiveLocation*********************
I/System.out(17308): open:http://api.map.baidu.com/sdkproxy/v2/lbs_androidsdk/geocoder/v2?location=22.57701089540161%2C114.04998117435716&coordtype=bd09ll&pois=1&output=json&from=android_map_sdk&latest_admin=0&token=4113DTKIb0b7eqvx7mztyYnn4qOxyrAWbB6IeY3UFkLi81L5fkwomAO1jp6hOpSqzwMIWdCs%2BOsmBqETEgiPU2bv1Eg4q8zQkSPXfwYb7WsxCkwztUJBjiMlV1gz%2BRLHjjHEd2C1Gjyd04dIh%2FZ66NXrMgB67Db3YmMntCoeIXXBFUfX8howSjyGiaA&pcn=com.jieshun.jslife&screen=1080%2C1920&cuid=686E53F3C8D0961EAD4B50E4D2258C2D%7C944874720008868&dpi=480%2C480&resid=02&appid=-1&mb=m2%20note&ctm=1532078786.223000&net=1&bduid=&channel=baidu&os=Android22&sv=4.5.2&sign=1422e0f125cb6b72eb7d74f3fc94fec1
I/System.out(17308): [OkHttp] sendRequest>>
I/System.out(17308): [OkHttp] sendRequest<<
W/ContextImpl( 9304): Calling a method in the system process without a qualified user: android.app.ContextImpl.startService:1863 android.content.ContextWrapper.startService:516 android.content.ContextWrapper.startService:516 com.meizu.dataservice.ExperienceReceiver.a:-1 com.meizu.dataservice.ExperienceReceiver.onReceive:-1 
I/libPerfService(  881): perfSetFavorPid - pid:0, 0
I/NetworkManagementSocketTagger(17308): untagSocket(73)
I/SurfaceFlinger(  276): [Built-in Screen (type:0)] fps:0.494907,dur:4041.16,max:4039.35,min:1.81
I/EMDLOGGER1(  780): MD writer time out 10 sec.
I/System.out(17308): isFirstLoctrue
I/System.out(17308): ******jscarlife*********************onReceiveLocation*********************
I/System.out(17308): open:http://api.map.baidu.com/sdkproxy/v2/lbs_androidsdk/geocoder/v2?location=22.57701089540161%2C114.04998117435716&coordtype=bd09ll&pois=1&output=json&from=android_map_sdk&latest_admin=0&token=4113DTKIb0b7eqvx7mztyYnn4qOxyrAWbB6IeY3UFkLi81L5fkwomAO1jp6hOpSqzwMIWdCs%2BOsmBqETEgiPU2bv1Eg4q8zQkSPXfwYb7WsxCkwztUJBjiMlV1gz%2BRLHjjHEd2C1Gjyd04dIh%2FZ66NXrMgB67Db3YmMntCoeIXXBFUfX8howSjyGiaA&pcn=com.jieshun.jslife&screen=1080%2C1920&cuid=686E53F3C8D0961EAD4B50E4D2258C2D%7C944874720008868&dpi=480%2C480&resid=02&appid=-1&mb=m2%20note&ctm=1532078790.081000&net=1&bduid=&channel=baidu&os=Android22&sv=4.5.2&sign=8e8c063cbfc030072aed1d701b0cffd3
I/System.out(17308): [OkHttp] sendRequest>>
I/System.out(17308): [OkHttp] sendRequest<<
I/NetworkManagementSocketTagger(17308): untagSocket(73)
I/SurfaceFlinger(  276): [Built-in Screen (type:0)] fps:1.007020,dur:1986.06,max:993.21,min:992.84
I/SurfaceFlinger(  276): [Built-in Screen (type:0)] fps:0.990081,dur:1010.02,max:1010.02,min:1010.02
I/thermal_repeater(  322): oh, queryMdThermalInfo (0)Bad file number
I/thermal_repeater(  322): [recvMdThermalInfo] ret=25, strLen=127,  1, 32767,,, -1, 32767, 2
I/SurfaceFlinger(  276): [Built-in Screen (type:0)] fps:0.989776,dur:2020.66,max:2013.75,min:6.91
I/XMPP    (17308): =============== userName=null
I/XMPP    (17308):  -----  ===============
I/XMPP    (17308):   ========10000
I/AudioFlinger(  304): setParameters(): io 0, keyvalue mediaserver_monitor=1, calling pid 881
W/AudioALSAHardware(  304): setParameters(), still have param.size() = 1, remain param = "mediaserver_monitor=1"
I/str_params(  304): key: 'mediaserver_monitor' value: '1'
I/AudioPolicyManager(  304): setStreamVolumeIndex stream = 7 index = 15 device = 0x400
D/EMDLOGGER1(  780): CTRL_reader: incoming SPLM req, msgid=6, token=0, result=0
I/EMDLOGGER1(  780): [MDLOG] [stats][buf] L1 : data:0x16aee last:0x566776; (1, 0x4c5c, 0x566776)(3, 0x69b, 0x56666d)PS : data:0x52f7 last:0x566776; L2 : data:0x3ac8 last:0x566776; 
D/EMDLOGGER1(  780): CTRL_reader: incoming SPLM req, msgid=6, token=0, result=0
I/EMDLOGGER1(  780): [MDLOG] [stats][mux] MCU : data:0x23da9 last:0x56666d; DSP : data:0x0 last:0x0; 
I/System.out(17308): isFirstLoctrue
I/System.out(17308): ******jscarlife*********************onReceiveLocation*********************
I/System.out(17308): open:http://api.map.baidu.com/sdkproxy/v2/lbs_androidsdk/geocoder/v2?location=22.57701089540161%2C114.04998117435716&coordtype=bd09ll&pois=1&output=json&from=android_map_sdk&latest_admin=0&token=4113DTKIb0b7eqvx7mztyYnn4qOxyrAWbB6IeY3UFkLi81L5fkwomAO1jp6hOpSqzwMIWdCs%2BOsmBqETEgiPU2bv1Eg4q8zQkSPXfwYb7WsxCkwztUJBjiMlV1gz%2BRLHjjHEd2C1Gjyd04dIh%2FZ66NXrMgB67Db3YmMntCoeIXXBFUfX8howSjyGiaA&pcn=com.jieshun.jslife&screen=1080%2C1920&cuid=686E53F3C8D0961EAD4B50E4D2258C2D%7C944874720008868&dpi=480%2C480&resid=02&appid=-1&mb=m2%20note&ctm=1532078800.066000&net=1&bduid=&channel=baidu&os=Android22&sv=4.5.2&sign=a2677ce909a8db274b1db2da085a35e2
I/System.out(17308): [OkHttp] sendRequest>>
I/System.out(17308): [OkHttp] sendRequest<<
I/NetworkManagementSocketTagger(17308): untagSocket(73)
I/SurfaceFlinger(  276): [Built-in Screen (type:0)] fps:0.494888,dur:2020.66,max:2020.66,min:2020.66
I/EMDLOGGER1(  780): MDL rate:29 KB/s, full count:0
I/SurfaceFlinger(  276): [Built-in Screen (type:0)] fps:0.989829,dur:1010.28,max:1010.28,min:1010.28
I/thermal_repeater(  322): oh, queryMdThermalInfo (0)Bad file number
I/thermal_repeater(  322): [recvMdThermalInfo] ret=25, strLen=127,  1, 32767,,, -1, 32767, 2
I/SurfaceFlinger(  276): [Built-in Screen (type:0)] fps:0.981367,dur:2037.97,max:2025.83,min:12.15
I/SurfaceFlinger(  276): [Built-in Screen (type:0)] fps:0.989521,dur:1010.59,max:1010.59,min:1010.59
D/[BT3.0+HS]PAL(  332): == chip_reset_fd is set ==
D/[BT3.0+HS]PAL(  332): 
D/[BT3.0+HS]PAL(  332): invalid reply message
D/[BT3.0+HS]PAL(  332): 
I/thermal_repeater(  322): oh, queryMdThermalInfo (0)Bad file number
I/thermal_repeater(  322): [recvMdThermalInfo] ret=25, strLen=127,  1, 32767,,, -1, 32767, 2
I/SurfaceFlinger(  276): [Built-in Screen (type:0)] fps:0.659916,dur:3030.69,max:2038.09,min:992.60
D/[BT3.0+HS]PAL(  332): == chip_reset_fd is set ==
D/[BT3.0+HS]PAL(  332): 
D/[BT3.0+HS]PAL(  332): invalid reply message
D/[BT3.0+HS]PAL(  332): 
D/[BT3.0+HS]PAL(  332): == chip_reset_fd is set ==
D/[BT3.0+HS]PAL(  332): 
D/[BT3.0+HS]PAL(  332): invalid reply message
D/[BT3.0+HS]PAL(  332): 
I/Netd    (  299): Get netlink event, ifname: wlan0 action: 4
I/Netd    (  299): Get netlink event, ifname: wlan0 action: 4
E/wpa_supplicant( 1294): This is a Iphone softap!!!!!!! 
E/wpa_supplicant( 1294): This is a Iphone softap!!!!!!! 
E/wpa_supplicant( 1294): This is a Iphone softap!!!!!!! 
E/wpa_supplicant( 1294): This is a Iphone softap!!!!!!! 
E/WifiConfigStore(  881):  rewrite network history for "chaozhouniurouwan"WPA_PSK
E/WifiStateMachine(  881): mIsFullScanOngoing: true, mSendScanResultsBroadcast: false
E/WifiStateMachine(  881): mWifiOnScanCount: 1352
I/libPerfService(  881): perfSetFavorPid - pid:17308, 439c
W/ContextImpl( 9304): Calling a method in the system process without a qualified user: android.app.ContextImpl.startService:1863 android.content.ContextWrapper.startService:516 android.content.ContextWrapper.startService:516 com.meizu.dataservice.ExperienceReceiver.a:-1 com.meizu.dataservice.ExperienceReceiver.onReceive:-1 
I/System.out(17308): isFirstLoctrue
I/System.out(17308): ******jscarlife*********************onReceiveLocation*********************
I/System.out(17308): open:http://api.map.baidu.com/sdkproxy/v2/lbs_androidsdk/geocoder/v2?location=22.57701089540161%2C114.04998117435716&coordtype=bd09ll&pois=1&output=json&from=android_map_sdk&latest_admin=0&token=4113DTKIb0b7eqvx7mztyYnn4qOxyrAWbB6IeY3UFkLi81L5fkwomAO1jp6hOpSqzwMIWdCs%2BOsmBqETEgiPU2bv1Eg4q8zQkSPXfwYb7WsxCkwztUJBjiMlV1gz%2BRLHjjHEd2C1Gjyd04dIh%2FZ66NXrMgB67Db3YmMntCoeIXXBFUfX8howSjyGiaA&pcn=com.jieshun.jslife&screen=1080%2C1920&cuid=686E53F3C8D0961EAD4B50E4D2258C2D%7C944874720008868&dpi=480%2C480&resid=02&appid=-1&mb=m2%20note&ctm=1532078816.224000&net=1&bduid=&channel=baidu&os=Android22&sv=4.5.2&sign=3a189c41d5cdf1fb4f79ba840490dda6
I/System.out(17308): [OkHttp] sendRequest>>
I/System.out(17308): [OkHttp] sendRequest<<
I/EMDLOGGER1(  780): MD writer time out 10 sec.
I/NetworkManagementSocketTagger(17308): untagSocket(73)
I/art     (17308): Background sticky concurrent mark sweep GC freed 113680(4MB) AllocSpace objects, 2(32KB) LOS objects, 3% free, 48MB/50MB, paused 5.112ms total 51.664ms
I/libPerfService(  881): perfSetFavorPid - pid:0, 0
I/XMPP    (17308): =============== userName=null
I/XMPP    (17308):  -----  ===============
I/XMPP    (17308):   ========10000
I/AudioFlinger(  304): setParameters(): io 0, keyvalue mediaserver_monitor=1, calling pid 881
W/AudioALSAHardware(  304): setParameters(), still have param.size() = 1, remain param = "mediaserver_monitor=1"
I/str_params(  304): key: 'mediaserver_monitor' value: '1'
I/AudioPolicyManager(  304): setStreamVolumeIndex stream = 7 index = 15 device = 0x400
I/BatteryConsumeMonitor( 1344): init var lastPlugType : 2 lastBatteryChangedLevel : 100
I/KeyguardUpdateMonitor( 1045): handleBatteryUpdate index=0 updateInteresting=false
I/libPerfService(  881): perfSetFavorPid - pid:17308, 439c
I/libPerfService(  881): perfSetFavorPid - pid:0, 0
I/QuenedWorkProxy( 8391): clean QuenedWork.sPendingWorkFinishers(185342190) size 0
I/QuenedWorkProxy( 8391): clean QuenedWork.sPendingWorkFinishers(185342190) size 0
I/libPerfService(  881): perfSetFavorPid - pid:17308, 439c
I/SurfaceFlinger(  276): [Built-in Screen (type:0)] fps:1.103985,dur:1811.62,max:992.83,min:818.79
I/System.out(17308): isFirstLoctrue
I/System.out(17308): ******jscarlife*********************onReceiveLocation*********************
I/System.out(17308): open:http://api.map.baidu.com/sdkproxy/v2/lbs_androidsdk/geocoder/v2?location=22.57701089540161%2C114.04998117435716&coordtype=bd09ll&pois=1&output=json&from=android_map_sdk&latest_admin=0&token=4113DTKIb0b7eqvx7mztyYnn4qOxyrAWbB6IeY3UFkLi81L5fkwomAO1jp6hOpSqzwMIWdCs%2BOsmBqETEgiPU2bv1Eg4q8zQkSPXfwYb7WsxCkwztUJBjiMlV1gz%2BRLHjjHEd2C1Gjyd04dIh%2FZ66NXrMgB67Db3YmMntCoeIXXBFUfX8howSjyGiaA&pcn=com.jieshun.jslife&screen=1080%2C1920&cuid=686E53F3C8D0961EAD4B50E4D2258C2D%7C944874720008868&dpi=480%2C480&resid=02&appid=-1&mb=m2%20note&ctm=1532078820.068000&net=1&bduid=&channel=baidu&os=Android22&sv=4.5.2&sign=2490fb8e894c25f3bf458b9adf3439ea
I/System.out(17308): [OkHttp] sendRequest>>
I/System.out(17308): [OkHttp] sendRequest<<
W/Watchdog(  881): SWT Watchdog after wait current time:28325246
W/Watchdog(  881): **Get SF Time **1
W/Watchdog(  881): SWT Watchdog before synchronized:28325247
W/Watchdog(  881): SWT Watchdog after synchronized:28325247
W/Watchdog(  881): SWT Watchdog before wait timeout:30000
W/Watchdog(  881): SWT Watchdog before wait current time:28325247
W/Watchdog(  881): SWT Watchdog before wait start:28325247
W/Watchdog(  881): SWT Watchdog before wait CHECK_INTERVAL:30000
I/NetworkManagementSocketTagger(17308): untagSocket(73)
I/libPerfService(  881): perfSetFavorPid - pid:0, 0
I/SurfaceFlinger(  276): [Built-in Screen (type:0)] fps:1.688439,dur:1184.53,max:1006.99,min:177.54
I/SurfaceFlinger(  276): [Built-in Screen (type:0)] fps:0.989574,dur:1010.54,max:1010.54,min:1010.54
I/thermal_repeater(  322): oh, queryMdThermalInfo (0)Bad file number
D/EMDLOGGER1(  780): CTRL_reader: incoming SPLM req, msgid=6, token=0, result=0
I/EMDLOGGER1(  780): [MDLOG] [stats][buf] L1 : data:0x1a3fc last:0x56718d; (1, 0x3a4c, 0x56718d)(3, 0x371, 0x566e29)PS : data:0x3dbd last:0x56718d; L2 : data:0x3ba6 last:0x56718d; 
D/EMDLOGGER1(  780): CTRL_reader: incoming SPLM req, msgid=6, token=0, result=0
I/EMDLOGGER1(  780): [MDLOG] [stats][mux] MCU : data:0x254c8 last:0x5670a8; DSP : data:0x0 last:0x0; 
I/thermal_repeater(  322): [recvMdThermalInfo] ret=25, strLen=127,  1, 32767,,, -1, 32767, 2
I/SurfaceFlinger(  276): [Built-in Screen (type:0)] fps:0.990031,dur:1010.07,max:1010.07,min:1010.07
I/art     (17308): Background sticky concurrent mark sweep GC freed 50459(1905KB) AllocSpace objects, 1(16KB) LOS objects, 3% free, 48MB/50MB, paused 5.562ms total 73.202ms
I/SurfaceFlinger(  276): [Built-in Screen (type:0)] fps:0.989877,dur:1010.23,max:1010.23,min:1010.23
I/SurfaceFlinger(  276): [Built-in Screen (type:0)] fps:0.989779,dur:1010.33,max:1010.33,min:1010.33
I/System.out(17308): isFirstLoctrue
I/System.out(17308): ******jscarlife*********************onReceiveLocation*********************
I/System.out(17308): open:http://api.map.baidu.com/sdkproxy/v2/lbs_androidsdk/geocoder/v2?location=22.57701089540161%2C114.04998117435716&coordtype=bd09ll&pois=1&output=json&from=android_map_sdk&latest_admin=0&token=4113DTKIb0b7eqvx7mztyYnn4qOxyrAWbB6IeY3UFkLi81L5fkwomAO1jp6hOpSqzwMIWdCs%2BOsmBqETEgiPU2bv1Eg4q8zQkSPXfwYb7WsxCkwztUJBjiMlV1gz%2BRLHjjHEd2C1Gjyd04dIh%2FZ66NXrMgB67Db3YmMntCoeIXXBFUfX8howSjyGiaA&pcn=com.jieshun.jslife&screen=1080%2C1920&cuid=686E53F3C8D0961EAD4B50E4D2258C2D%7C944874720008868&dpi=480%2C480&resid=02&appid=-1&mb=m2%20note&ctm=1532078830.102000&net=1&bduid=&channel=baidu&os=Android22&sv=4.5.2&sign=75ef26ed82ddd6f66888ad4a74fcc847
I/System.out(17308): [OkHttp] sendRequest>>
I/System.out(17308): [OkHttp] sendRequest<<
I/NetworkManagementSocketTagger(17308): untagSocket(73)
I/SurfaceFlinger(  276): [Built-in Screen (type:0)] fps:1.882216,dur:1062.58,max:1054.41,min:8.17
I/EMDLOGGER1(  780): MDL rate:30 KB/s, full count:0
I/thermal_repeater(  322): oh, queryMdThermalInfo (0)Bad file number
I/thermal_repeater(  322): [recvMdThermalInfo] ret=25, strLen=127,  1, 32767,,, -1, 32767, 2
I/SurfaceFlinger(  276): [Built-in Screen (type:0)] fps:1.024603,dur:1951.98,max:993.62,min:958.35
I/SurfaceFlinger(  276): [Built-in Screen (type:0)] fps:0.974040,dur:1026.65,max:1026.65,min:1026.65
I/XMPP    (17308): =============== userName=null
I/XMPP    (17308):  -----  ===============
I/XMPP    (17308):   ========10000
I/AudioFlinger(  304): setParameters(): io 0, keyvalue mediaserver_monitor=1, calling pid 881
W/AudioALSAHardware(  304): setParameters(), still have param.size() = 1, remain param = "mediaserver_monitor=1"
I/str_params(  304): key: 'mediaserver_monitor' value: '1'
I/AudioPolicyManager(  304): setStreamVolumeIndex stream = 7 index = 15 device = 0x400
D/MDLOGGER_CLEAR_LOG(  780): mdlogger clearLog V4.W1442.1
I/MDLOGGER_CLEAR_LOG(  780): clearLogFolder /storage/sdcard0/mtklog/mdlog1 size is 47 M. Recycle size is 600 M,no need clear log
D/[BT3.0+HS]PAL(  332): == chip_reset_fd is set ==
D/[BT3.0+HS]PAL(  332): 
D/[BT3.0+HS]PAL(  332): invalid reply message
D/[BT3.0+HS]PAL(  332): 
I/EMDLOGGER1(  780): MD writer time out 10 sec.
I/thermal_repeater(  322): oh, queryMdThermalInfo (0)Bad file number
I/thermal_repeater(  322): [recvMdThermalInfo] ret=25, strLen=127,  1, 32767,,, -1, 32767, 2
D/[BT3.0+HS]PAL(  332): == chip_reset_fd is set ==
D/[BT3.0+HS]PAL(  332): 
D/[BT3.0+HS]PAL(  332): invalid reply message
D/[BT3.0+HS]PAL(  332): 
D/[BT3.0+HS]PAL(  332): == chip_reset_fd is set ==
D/[BT3.0+HS]PAL(  332): 
D/[BT3.0+HS]PAL(  332): invalid reply message
D/[BT3.0+HS]PAL(  332): 
I/Netd    (  299): Get netlink event, ifname: wlan0 action: 4
I/Netd    (  299): Get netlink event, ifname: wlan0 action: 4
E/wpa_supplicant( 1294): This is a Iphone softap!!!!!!! 
E/wpa_supplicant( 1294): This is a Iphone softap!!!!!!! 
E/wpa_supplicant( 1294): This is a Iphone softap!!!!!!! 
E/wpa_supplicant( 1294): This is a Iphone softap!!!!!!! 
E/wpa_supplicant( 1294): This is a Iphone softap!!!!!!! 
E/WifiConfigStore(  881):  rewrite network history for "chaozhouniurouwan"WPA_PSK
E/WifiStateMachine(  881): mIsFullScanOngoing: true, mSendScanResultsBroadcast: false
E/WifiStateMachine(  881): mWifiOnScanCount: 1353
I/libPerfService(  881): perfSetFavorPid - pid:17308, 439c
I/System.out(17308): isFirstLoctrue
I/System.out(17308): ******jscarlife*********************onReceiveLocation*********************
I/System.out(17308): open:http://api.map.baidu.com/sdkproxy/v2/lbs_androidsdk/geocoder/v2?location=22.57701089540161%2C114.04998117435716&coordtype=bd09ll&pois=1&output=json&from=android_map_sdk&latest_admin=0&token=4113DTKIb0b7eqvx7mztyYnn4qOxyrAWbB6IeY3UFkLi81L5fkwomAO1jp6hOpSqzwMIWdCs%2BOsmBqETEgiPU2bv1Eg4q8zQkSPXfwYb7WsxCkwztUJBjiMlV1gz%2BRLHjjHEd2C1Gjyd04dIh%2FZ66NXrMgB67Db3YmMntCoeIXXBFUfX8howSjyGiaA&pcn=com.jieshun.jslife&screen=1080%2C1920&cuid=686E53F3C8D0961EAD4B50E4D2258C2D%7C944874720008868&dpi=480%2C480&resid=02&appid=-1&mb=m2%20note&ctm=1532078846.196000&net=1&bduid=&channel=baidu&os=Android22&sv=4.5.2&sign=51fd3ccb66da2b82dff7cb72aab77fc3
I/System.out(17308): [OkHttp] sendRequest>>
I/System.out(17308): [OkHttp] sendRequest<<
W/ContextImpl( 9304): Calling a method in the system process without a qualified user: android.app.ContextImpl.startService:1863 android.content.ContextWrapper.startService:516 android.content.ContextWrapper.startService:516 com.meizu.dataservice.ExperienceReceiver.a:-1 com.meizu.dataservice.ExperienceReceiver.onReceive:-1 
I/NetworkManagementSocketTagger(17308): untagSocket(73)
I/libPerfService(  881): perfSetFavorPid - pid:0, 0
I/SurfaceFlinger(  276): [Built-in Screen (type:0)] fps:0.597997,dur:5016.75,max:4028.09,min:13.22
I/SurfaceFlinger(  276): [Built-in Screen (type:0)] fps:0.989842,dur:1010.26,max:1010.26,min:1010.26
I/System.out(17308): isFirstLoctrue
I/System.out(17308): ******jscarlife*********************onReceiveLocation*********************
I/System.out(17308): open:http://api.map.baidu.com/sdkproxy/v2/lbs_androidsdk/geocoder/v2?location=22.57701089540161%2C114.04998117435716&coordtype=bd09ll&pois=1&output=json&from=android_map_sdk&latest_admin=0&token=4113DTKIb0b7eqvx7mztyYnn4qOxyrAWbB6IeY3UFkLi81L5fkwomAO1jp6hOpSqzwMIWdCs%2BOsmBqETEgiPU2bv1Eg4q8zQkSPXfwYb7WsxCkwztUJBjiMlV1gz%2BRLHjjHEd2C1Gjyd04dIh%2FZ66NXrMgB67Db3YmMntCoeIXXBFUfX8howSjyGiaA&pcn=com.jieshun.jslife&screen=1080%2C1920&cuid=686E53F3C8D0961EAD4B50E4D2258C2D%7C944874720008868&dpi=480%2C480&resid=02&appid=-1&mb=m2%20note&ctm=1532078850.063000&net=1&bduid=&channel=baidu&os=Android22&sv=4.5.2&sign=b9cd9e23044f5b38a565946247d5b705
I/System.out(17308): [OkHttp] sendRequest>>
I/System.out(17308): [OkHttp] sendRequest<<
I/NetworkManagementSocketTagger(17308): untagSocket(73)
D/EMDLOGGER1(  780): CTRL_reader: incoming SPLM req, msgid=6, token=0, result=0
I/EMDLOGGER1(  780): [MDLOG] [stats][buf] L1 : data:0x18146 last:0x567c0f; (1, 0x4da4, 0x567c0f)(3, 0x69b, 0x5679dc)PS : data:0x543f last:0x567c0f; L2 : data:0x3c22 last:0x567c0f; 
D/EMDLOGGER1(  780): CTRL_reader: incoming SPLM req, msgid=6, token=0, result=0
I/EMDLOGGER1(  780): [MDLOG] [stats][mux] MCU : data:0x234ef last:0x567af4; DSP : data:0x0 last:0x0; 
I/SurfaceFlinger(  276): [Built-in Screen (type:0)] fps:1.975254,dur:1012.53,max:1011.12,min:1.41
I/EMDLOGGER1(  780): MDL rate:29 KB/s, full count:0
I/thermal_repeater(  322): oh, queryMdThermalInfo (0)Bad file number
I/thermal_repeater(  322): [recvMdThermalInfo] ret=25, strLen=127,  1, 32767,,, -1, 32767, 2
I/XMPP    (17308): =============== userName=null
I/XMPP    (17308):  -----  ===============
I/XMPP    (17308):   ========10000
