I/art     (  881): Background sticky concurrent mark sweep GC freed 16317(2MB) AllocSpace objects, 0(0B) LOS objects, 2% free, 46MB/47MB, paused 5.961ms total 70.263ms
W/ContextImpl( 9304): Calling a method in the system process without a qualified user: android.app.ContextImpl.startService:1863 android.content.ContextWrapper.startService:516 android.content.ContextWrapper.startService:516 com.meizu.dataservice.ExperienceReceiver.a:-1 com.meizu.dataservice.ExperienceReceiver.onReceive:-1 
I/libPerfService(  881): perfSetFavorPid - pid:0, 0
I/SurfaceFlinger(  276): [Built-in Screen (type:0)] fps:0.595975,dur:5033.77,max:4051.67,min:476.71
I/SurfaceFlinger(  276): [Built-in Screen (type:0)] fps:1.988529,dur:1005.77,max:627.12,min:378.65
I/KeyguardUpdateMonitor( 1045): handleBatteryUpdate index=0 updateInteresting=false
I/BatteryConsumeMonitor( 1344): init var lastPlugType : 0 lastBatteryChangedLevel : 100
I/libPerfService(  881): perfSetFavorPid - pid:9685, 25d5
I/QuenedWorkProxy( 8391): clean QuenedWork.sPendingWorkFinishers(185342190) size 0
I/QuenedWorkProxy( 8391): clean QuenedWork.sPendingWorkFinishers(185342190) size 0
I/libPerfService(  881): perfSetFavorPid - pid:0, 0
I/System.out( 9685): isFirstLocfalse
I/thermal_repeater(  322): oh, queryMdThermalInfo (0)Bad file number
I/thermal_repeater(  322): [recvMdThermalInfo] ret=25, strLen=127,  1, 32767,,, -1, 32767, 2
I/EMDLOGGER1(  780): MD writer time out 10 sec.
I/SurfaceFlinger(  276): [Built-in Screen (type:0)] fps:0.987581,dur:2025.15,max:1712.11,min:313.04
I/SurfaceFlinger(  276): [Built-in Screen (type:0)] fps:0.989795,dur:1010.31,max:1010.31,min:1010.31
I/AudioFlinger(  304): setParameters(): io 0, keyvalue mediaserver_monitor=1, calling pid 881
W/AudioALSAHardware(  304): setParameters(), still have param.size() = 1, remain param = "mediaserver_monitor=1"
I/str_params(  304): key: 'mediaserver_monitor' value: '1'
I/AudioPolicyManager(  304): setStreamVolumeIndex stream = 7 index = 15 device = 0x400
D/MDLOGGER_CLEAR_LOG(  780): mdlogger clearLog V4.W1442.1
I/MDLOGGER_CLEAR_LOG(  780): clearLogFolder /storage/sdcard0/mtklog/mdlog1 size is 7 M. Recycle size is 600 M,no need clear log
I/SurfaceFlinger(  276): [Built-in Screen (type:0)] fps:1.981935,dur:1009.12,max:994.00,min:15.12
W/MTKLogger(10981): Maybe device was updated from old version, change property to newer one
I/StorageManagerEx(10981): getInternalStoragePath from Property path=/storage/sdcard0
W/MTKLogger(10981): Maybe device was updated from old version, change property to newer one
I/StorageManagerEx(10981): getInternalStoragePath from Property path=/storage/sdcard0
D/[BT3.0+HS]PAL(  332): == chip_reset_fd is set ==
D/[BT3.0+HS]PAL(  332): 
D/[BT3.0+HS]PAL(  332): invalid reply message
D/[BT3.0+HS]PAL(  332): 
I/thermal_repeater(  322): oh, queryMdThermalInfo (0)Bad file number
I/thermal_repeater(  322): [recvMdThermalInfo] ret=25, strLen=127,  1, 32767,,, -1, 32767, 2
I/libPerfService(  881): perfSetFavorPid - pid:9685, 25d5
D/EMDLOGGER1(  780): CTRL_reader: incoming SPLM req, msgid=6, token=0, result=0
I/EMDLOGGER1(  780): [MDLOG] [stats][buf] L1 : data:0x1bbc0 last:0x4b651b; (1, 0x5160, 0x4b651b)(3, 0x69b, 0x4b64c3)PS : data:0x57fb last:0x4b651b; L2 : data:0x4aac last:0x4b651b; 
D/EMDLOGGER1(  780): CTRL_reader: incoming SPLM req, msgid=6, token=0, result=0
I/EMDLOGGER1(  780): [MDLOG] [stats][mux] MCU : data:0x292f9 last:0x4b6401; DSP : data:0x0 last:0x0; 
I/Netd    (  299): Get netlink event, ifname: wlan0 action: 4
D/[BT3.0+HS]PAL(  332): == chip_reset_fd is set ==
D/[BT3.0+HS]PAL(  332): 
D/[BT3.0+HS]PAL(  332): invalid reply message
D/[BT3.0+HS]PAL(  332): 
D/[BT3.0+HS]PAL(  332): == chip_reset_fd is set ==
D/[BT3.0+HS]PAL(  332): 
D/[BT3.0+HS]PAL(  332): invalid reply message
D/[BT3.0+HS]PAL(  332): 
I/Netd    (  299): Get netlink event, ifname: wlan0 action: 4
E/wpa_supplicant( 1294): This is a Iphone softap!!!!!!! 
E/wpa_supplicant( 1294): This is a Iphone softap!!!!!!! 
E/wpa_supplicant( 1294): This is a Iphone softap!!!!!!! 
E/wpa_supplicant( 1294): This is a Iphone softap!!!!!!! 
E/wpa_supplicant( 1294): This is a Iphone softap!!!!!!! 
E/wpa_supplicant( 1294): This is a Iphone softap!!!!!!! 
E/wpa_supplicant( 1294): This is a Iphone softap!!!!!!! 
E/WifiConfigStore(  881):  rewrite network history for "chaozhouniurouwan"WPA_PSK
E/WifiStateMachine(  881): mIsFullScanOngoing: true, mSendScanResultsBroadcast: false
E/WifiStateMachine(  881): mWifiOnScanCount: 1154
I/libPerfService(  881): perfSetFavorPid - pid:0, 0
I/System.out( 9685): isFirstLocfalse
I/SurfaceFlinger(  276): [Built-in Screen (type:0)] fps:0.216575,dur:4617.34,max:4617.34,min:4617.34
I/art     (  881): Background sticky concurrent mark sweep GC freed 16303(2MB) AllocSpace objects, 0(0B) LOS objects, 2% free, 46MB/47MB, paused 10.511ms total 105.772ms
W/ContextImpl( 9304): Calling a method in the system process without a qualified user: android.app.ContextImpl.startService:1863 android.content.ContextWrapper.startService:516 android.content.ContextWrapper.startService:516 com.meizu.dataservice.ExperienceReceiver.a:-1 com.meizu.dataservice.ExperienceReceiver.onReceive:-1 
I/libPerfService(  881): perfSetFavorPid - pid:9685, 25d5
I/EMDLOGGER1(  780): MDL rate:33 KB/s, full count:0
I/BatteryConsumeMonitor( 1344): init var lastPlugType : 0 lastBatteryChangedLevel : 100
I/KeyguardUpdateMonitor( 1045): handleBatteryUpdate index=0 updateInteresting=false
I/libPerfService(  881): perfSetFavorPid - pid:0, 0
I/QuenedWorkProxy( 8391): clean QuenedWork.sPendingWorkFinishers(185342190) size 0
I/QuenedWorkProxy( 8391): clean QuenedWork.sPendingWorkFinishers(185342190) size 0
I/SurfaceFlinger(  276): [Built-in Screen (type:0)] fps:0.598027,dur:1672.16,max:1672.16,min:1672.16
I/System.out( 9685): isFirstLocfalse
I/thermal_repeater(  322): oh, queryMdThermalInfo (0)Bad file number
I/thermal_repeater(  322): [recvMdThermalInfo] ret=25, strLen=127,  1, 32767,,, -1, 32767, 2
I/SurfaceFlinger(  276): [Built-in Screen (type:0)] fps:0.363298,dur:2752.56,max:2752.56,min:2752.56
I/AudioFlinger(  304): setParameters(): io 0, keyvalue mediaserver_monitor=1, calling pid 881
W/AudioALSAHardware(  304): setParameters(), still have param.size() = 1, remain param = "mediaserver_monitor=1"
I/str_params(  304): key: 'mediaserver_monitor' value: '1'
I/AudioPolicyManager(  304): setStreamVolumeIndex stream = 7 index = 15 device = 0x400
I/SurfaceFlinger(  276): [Built-in Screen (type:0)] fps:0.973006,dur:1027.74,max:1027.74,min:1027.74
I/EMDLOGGER1(  780): MD writer time out 10 sec.
I/System.out( 9685): isFirstLocfalse
I/thermal_repeater(  322): oh, queryMdThermalInfo (0)Bad file number
I/thermal_repeater(  322): [recvMdThermalInfo] ret=25, strLen=127,  1, 32767,,, -1, 32767, 2
I/SurfaceFlinger(  276): [Built-in Screen (type:0)] fps:0.331880,dur:3013.14,max:3013.14,min:3013.14
I/SurfaceFlinger(  276): [Built-in Screen (type:0)] fps:1.954293,dur:1023.39,max:610.28,min:413.10
D/EMDLOGGER1(  780): CTRL_reader: incoming SPLM req, msgid=6, token=0, result=0
I/EMDLOGGER1(  780): [MDLOG] [stats][buf] L1 : data:0x17ef0 last:0x4b6f67; (1, 0x4460, 0x4b6f67)(3, 0x622, 0x4b6c9b)PS : data:0x4a82 last:0x4b6f67; L2 : data:0x43de last:0x4b6f67; 
D/EMDLOGGER1(  780): CTRL_reader: incoming SPLM req, msgid=6, token=0, result=0
I/EMDLOGGER1(  780): [MDLOG] [stats][mux] MCU : data:0x2437d last:0x4b6e59; DSP : data:0x0 last:0x0; 
I/ActivityManager(  881): [Background Service Priority Adjustment] Set callerFg as false for service.getFlags():260
I/libPerfService(  881): perfSetFavorPid - pid:9685, 25d5
I/EMDLOGGER1(  780): MDL rate:29 KB/s, full count:0
I/KeyguardUpdateMonitor( 1045): handleBatteryUpdate index=0 updateInteresting=false
I/BatteryConsumeMonitor( 1344): init var lastPlugType : 0 lastBatteryChangedLevel : 100
I/QuenedWorkProxy( 8391): clean QuenedWork.sPendingWorkFinishers(185342190) size 0
I/QuenedWorkProxy( 8391): clean QuenedWork.sPendingWorkFinishers(185342190) size 0
I/libPerfService(  881): perfSetFavorPid - pid:0, 0
I/SurfaceFlinger(  276): [Built-in Screen (type:0)] fps:0.462003,dur:2164.49,max:2164.49,min:2164.49
D/[BT3.0+HS]PAL(  332): == chip_reset_fd is set ==
D/[BT3.0+HS]PAL(  332): 
D/[BT3.0+HS]PAL(  332): invalid reply message
D/[BT3.0+HS]PAL(  332): 
I/thermal_repeater(  322): oh, queryMdThermalInfo (0)Bad file number
I/thermal_repeater(  322): [recvMdThermalInfo] ret=25, strLen=127,  1, 32767,,, -1, 32767, 2
I/SurfaceFlinger(  276): [Built-in Screen (type:0)] fps:1.083190,dur:1846.40,max:1831.18,min:15.22
I/SurfaceFlinger(  276): [Built-in Screen (type:0)] fps:0.989415,dur:1010.70,max:1010.70,min:1010.70
I/AudioFlinger(  304): setParameters(): io 0, keyvalue mediaserver_monitor=1, calling pid 881
W/AudioALSAHardware(  304): setParameters(), still have param.size() = 1, remain param = "mediaserver_monitor=1"
I/str_params(  304): key: 'mediaserver_monitor' value: '1'
I/AudioPolicyManager(  304): setStreamVolumeIndex stream = 7 index = 15 device = 0x400
D/[BT3.0+HS]PAL(  332): == chip_reset_fd is set ==
D/[BT3.0+HS]PAL(  332): 
D/[BT3.0+HS]PAL(  332): invalid reply message
D/[BT3.0+HS]PAL(  332): 
I/Netd    (  299): Get netlink event, ifname: wlan0 action: 4
I/Netd    (  299): Get netlink event, ifname: wlan0 action: 4
D/[BT3.0+HS]PAL(  332): == chip_reset_fd is set ==
D/[BT3.0+HS]PAL(  332): 
D/[BT3.0+HS]PAL(  332): invalid reply message
D/[BT3.0+HS]PAL(  332): 
E/wpa_supplicant( 1294): This is a Iphone softap!!!!!!! 
E/wpa_supplicant( 1294): This is a Iphone softap!!!!!!! 
E/wpa_supplicant( 1294): This is a Iphone softap!!!!!!! 
E/wpa_supplicant( 1294): This is a Iphone softap!!!!!!! 
E/WifiConfigStore(  881):  rewrite network history for "chaozhouniurouwan"WPA_PSK
E/WifiStateMachine(  881): mIsFullScanOngoing: true, mSendScanResultsBroadcast: false
E/WifiStateMachine(  881): mWifiOnScanCount: 1155
I/libPerfService(  881): perfSetFavorPid - pid:9685, 25d5
I/System.out( 9685): isFirstLocfalse
W/ContextImpl( 9304): Calling a method in the system process without a qualified user: android.app.ContextImpl.startService:1863 android.content.ContextWrapper.startService:516 android.content.ContextWrapper.startService:516 com.meizu.dataservice.ExperienceReceiver.a:-1 com.meizu.dataservice.ExperienceReceiver.onReceive:-1 
I/libPerfService(  881): perfSetFavorPid - pid:0, 0
W/Watchdog(  881): SWT Watchdog after wait current time:24725133
W/Watchdog(  881): **Get SF Time **1
W/Watchdog(  881): SWT Watchdog before synchronized:24725134
W/Watchdog(  881): SWT Watchdog after synchronized:24725134
W/Watchdog(  881): SWT Watchdog before wait timeout:30000
W/Watchdog(  881): SWT Watchdog before wait current time:24725134
W/Watchdog(  881): SWT Watchdog before wait start:24725134
W/Watchdog(  881): SWT Watchdog before wait CHECK_INTERVAL:30000
I/System.out( 9685): isFirstLocfalse
I/thermal_repeater(  322): oh, queryMdThermalInfo (0)Bad file number
I/thermal_repeater(  322): [recvMdThermalInfo] ret=25, strLen=127,  1, 32767,,, -1, 32767, 2
I/EMDLOGGER1(  780): MD writer time out 10 sec.
I/BatteryConsumeMonitor( 1344): init var lastPlugType : 0 lastBatteryChangedLevel : 100
I/KeyguardUpdateMonitor( 1045): handleBatteryUpdate index=0 updateInteresting=false
I/libPerfService(  881): perfSetFavorPid - pid:9685, 25d5
I/libPerfService(  881): perfSetFavorPid - pid:0, 0
I/QuenedWorkProxy( 8391): clean QuenedWork.sPendingWorkFinishers(185342190) size 0
I/QuenedWorkProxy( 8391): clean QuenedWork.sPendingWorkFinishers(185342190) size 0
I/SurfaceFlinger(  276): [Built-in Screen (type:0)] fps:0.280061,dur:7141.29,max:6531.63,min:609.67
I/System.out( 9685): isFirstLocfalse
I/thermal_repeater(  322): oh, queryMdThermalInfo (0)Bad file number
I/thermal_repeater(  322): [recvMdThermalInfo] ret=25, strLen=127,  1, 32767,,, -1, 32767, 2
I/SurfaceFlinger(  276): [Built-in Screen (type:0)] fps:0.531479,dur:1881.54,max:1881.54,min:1881.54
D/EMDLOGGER1(  780): CTRL_reader: incoming SPLM req, msgid=6, token=0, result=0
I/EMDLOGGER1(  780): [MDLOG] [stats][buf] L1 : data:0x1cf14 last:0x4b7955; (1, 0x4fdc, 0x4b7955)(3, 0x69b, 0x4b785f)PS : data:0x5677 last:0x4b7955; L2 : data:0x4bb4 last:0x4b7955; 
D/EMDLOGGER1(  780): CTRL_reader: incoming SPLM req, msgid=6, token=0, result=0
I/EMDLOGGER1(  780): [MDLOG] [stats][mux] MCU : data:0x2952b last:0x4b785f; DSP : data:0x0 last:0x0; 
I/AudioFlinger(  304): setParameters(): io 0, keyvalue mediaserver_monitor=1, calling pid 881
W/AudioALSAHardware(  304): setParameters(), still have param.size() = 1, remain param = "mediaserver_monitor=1"
I/str_params(  304): key: 'mediaserver_monitor' value: '1'
I/AudioPolicyManager(  304): setStreamVolumeIndex stream = 7 index = 15 device = 0x400
D/MDLOGGER_CLEAR_LOG(  780): mdlogger clearLog V4.W1442.1
I/MDLOGGER_CLEAR_LOG(  780): clearLogFolder /storage/sdcard0/mtklog/mdlog1 size is 8 M. Recycle size is 600 M,no need clear log
I/EMDLOGGER1(  780): MDL rate:33 KB/s, full count:0
D/[BT3.0+HS]PAL(  332): == chip_reset_fd is set ==
D/[BT3.0+HS]PAL(  332): 
D/[BT3.0+HS]PAL(  332): invalid reply message
D/[BT3.0+HS]PAL(  332): 
I/thermal_repeater(  322): oh, queryMdThermalInfo (0)Bad file number
I/thermal_repeater(  322): [recvMdThermalInfo] ret=25, strLen=127,  1, 32767,,, -1, 32767, 2
D/[BT3.0+HS]PAL(  332): == chip_reset_fd is set ==
D/[BT3.0+HS]PAL(  332): 
D/[BT3.0+HS]PAL(  332): invalid reply message
D/[BT3.0+HS]PAL(  332): 
D/[BT3.0+HS]PAL(  332): == chip_reset_fd is set ==
D/[BT3.0+HS]PAL(  332): 
D/[BT3.0+HS]PAL(  332): invalid reply message
D/[BT3.0+HS]PAL(  332): 
I/Netd    (  299): Get netlink event, ifname: wlan0 action: 4
I/Netd    (  299): Get netlink event, ifname: wlan0 action: 4
E/wpa_supplicant( 1294): This is a Iphone softap!!!!!!! 
E/wpa_supplicant( 1294): This is a Iphone softap!!!!!!! 
E/wpa_supplicant( 1294): This is a Iphone softap!!!!!!! 
E/WifiConfigStore(  881):  rewrite network history for "chaozhouniurouwan"WPA_PSK
E/WifiStateMachine(  881): mIsFullScanOngoing: true, mSendScanResultsBroadcast: false
E/WifiStateMachine(  881): mWifiOnScanCount: 1156
I/libPerfService(  881): perfSetFavorPid - pid:9685, 25d5
I/art     (  881): Background sticky concurrent mark sweep GC freed 16425(2MB) AllocSpace objects, 0(0B) LOS objects, 1% free, 46MB/47MB, paused 5.484ms total 67.197ms
W/ContextImpl( 9304): Calling a method in the system process without a qualified user: android.app.ContextImpl.startService:1863 android.content.ContextWrapper.startService:516 android.content.ContextWrapper.startService:516 com.meizu.dataservice.ExperienceReceiver.a:-1 com.meizu.dataservice.ExperienceReceiver.onReceive:-1 
I/NetworkManagementSocketTagger( 9874): untagSocket(45)
I/NetworkManagementSocketTagger( 9874): untagSocket(45)
I/NetworkManagementSocketTagger( 9874): untagSocket(45)
I/NetworkManagementSocketTagger( 9874): untagSocket(45)
I/NetworkManagementSocketTagger( 9874): untagSocket(45)
I/NetworkManagementSocketTagger( 9874): untagSocket(45)
I/NetworkManagementSocketTagger( 9874): untagSocket(45)
I/NetworkManagementSocketTagger( 9874): untagSocket(45)
I/NetworkManagementSocketTagger( 9874): untagSocket(45)
I/NetworkManagementSocketTagger( 9874): untagSocket(45)
I/NetworkManagementSocketTagger( 9874): untagSocket(45)
I/System.out( 9874): open:https://loc.map.baidu.com/sdk.php
I/System.out( 9874): Close in OkHttp
I/System.out( 9874): [CDS]close[46188]
I/NetworkManagementSocketTagger( 9874): untagSocket(32)
D/libc-netbsd( 9874): [getaddrinfo]: hostname=loc.map.baidu.com; servname=(null); cache_mode=(null), netid=0; mark=0
D/libc-netbsd( 9874): [getaddrinfo]: ai_addrlen=0; ai_canonname=(null); ai_flags=4; ai_family=0
D/libc-netbsd( 9874): [getaddrinfo]: hostname=loc.map.baidu.com; servname=(null); cache_mode=(null), netid=0; mark=0
D/libc-netbsd( 9874): [getaddrinfo]: ai_addrlen=0; ai_canonname=(null); ai_flags=1024; ai_family=0
D/libc-netbsd(  299): [getaddrinfo]: hostname=loc.map.baidu.com; servname=(null); cache_mode=local, netid=104; mark=917608
D/libc-netbsd(  299): [getaddrinfo]: ai_addrlen=0; ai_canonname=(null); ai_flags=1024; ai_family=0
D/libc-netbsd(  299): default dns: query_ipv6=0, query_ipv4=1
D/libc-netbsd(  299): res_queryN name = loc.map.baidu.com, class = 1, type = 1
D/libc-netbsd(  299): res_queryN name = loc.map.baidu.com succeed
D/libc-netbsd( 9874): getaddrinfo: loc.map.baidu.com get result from proxy >>
I/System.out( 9874): propertyValue:true
I/System.out( 9874): [CDS]connect[loc.map.baidu.com/14.215.177.33:443] tm:12
D/libc-netbsd( 9874): [getaddrinfo]: hostname=loc.map.baidu.com; servname=(null); cache_mode=(null), netid=0; mark=0
D/libc-netbsd( 9874): [getaddrinfo]: ai_addrlen=0; ai_canonname=(null); ai_flags=4; ai_family=0
I/System.out( 9874): gba_cipher_suite:TLS_ECDHE_RSA_WITH_AES_128_GCM_SHA256
I/System.out( 9874): [OkHttp] sendRequest>>
I/System.out( 9874): [OkHttp] sendRequest<<
I/libPerfService(  881): perfSetFavorPid - pid:0, 0
I/SurfaceFlinger(  276): [Built-in Screen (type:0)] fps:0.284212,dur:7037.00,max:6044.23,min:992.77
I/NetworkManagementSocketTagger( 9874): untagSocket(32)
I/System.out( 9685): isFirstLocfalse
I/BatteryConsumeMonitor( 1344): init var lastPlugType : 0 lastBatteryChangedLevel : 100
I/KeyguardUpdateMonitor( 1045): handleBatteryUpdate index=0 updateInteresting=false
I/libPerfService(  881): perfSetFavorPid - pid:9685, 25d5
I/QuenedWorkProxy( 8391): clean QuenedWork.sPendingWorkFinishers(185342190) size 0
I/QuenedWorkProxy( 8391): clean QuenedWork.sPendingWorkFinishers(185342190) size 0
I/SurfaceFlinger(  276): [Built-in Screen (type:0)] fps:1.850625,dur:1080.72,max:993.67,min:87.05
I/System.out( 9685): isFirstLocfalse
I/EMDLOGGER1(  780): MD writer time out 10 sec.
I/libPerfService(  881): perfSetFavorPid - pid:0, 0
I/thermal_repeater(  322): oh, queryMdThermalInfo (0)Bad file number
I/thermal_repeater(  322): [recvMdThermalInfo] ret=25, strLen=127,  1, 32767,,, -1, 32767, 2
I/AudioFlinger(  304): setParameters(): io 0, keyvalue mediaserver_monitor=1, calling pid 881
W/AudioALSAHardware(  304): setParameters(), still have param.size() = 1, remain param = "mediaserver_monitor=1"
I/str_params(  304): key: 'mediaserver_monitor' value: '1'
I/AudioPolicyManager(  304): setStreamVolumeIndex stream = 7 index = 15 device = 0x400
I/SurfaceFlinger(  276): [Built-in Screen (type:0)] fps:0.758839,dur:3953.41,max:3029.30,min:20.37
I/SurfaceFlinger(  276): [Built-in Screen (type:0)] fps:0.989796,dur:1010.31,max:1010.31,min:1010.31
I/System.out( 9685): isFirstLocfalse
I/thermal_repeater(  322): oh, queryMdThermalInfo (0)Bad file number
D/EMDLOGGER1(  780): CTRL_reader: incoming SPLM req, msgid=6, token=0, result=0
I/EMDLOGGER1(  780): [MDLOG] [stats][buf] L1 : data:0x15e08 last:0x4b8426; (1, 0x4148, 0x4b8426)(3, 0x622, 0x4b8229)PS : data:0x476a last:0x4b8426; L2 : data:0x3576 last:0x4b8426; 
D/EMDLOGGER1(  780): CTRL_reader: incoming SPLM req, msgid=6, token=0, result=0
I/EMDLOGGER1(  780): [MDLOG] [stats][mux] MCU : data:0x24915 last:0x4b8344; DSP : data:0x0 last:0x0; 
I/thermal_repeater(  322): [recvMdThermalInfo] ret=25, strLen=127,  1, 32767,,, -1, 32767, 2
I/SurfaceFlinger(  276): [Built-in Screen (type:0)] fps:1.982456,dur:1008.85,max:994.72,min:14.13
I/SurfaceFlinger(  276): [Built-in Screen (type:0)] fps:0.971153,dur:1029.70,max:1029.70,min:1029.70
I/EMDLOGGER1(  780): MDL rate:30 KB/s, full count:0
I/KeyguardUpdateMonitor( 1045): handleBatteryUpdate index=0 updateInteresting=false
I/BatteryConsumeMonitor( 1344): init var lastPlugType : 0 lastBatteryChangedLevel : 100
I/libPerfService(  881): perfSetFavorPid - pid:9685, 25d5
I/libPerfService(  881): perfSetFavorPid - pid:0, 0
I/QuenedWorkProxy( 8391): clean QuenedWork.sPendingWorkFinishers(185342190) size 0
I/QuenedWorkProxy( 8391): clean QuenedWork.sPendingWorkFinishers(185342190) size 0
I/SurfaceFlinger(  276): [Built-in Screen (type:0)] fps:0.663765,dur:3013.11,max:2020.32,min:992.79
D/[BT3.0+HS]PAL(  332): == chip_reset_fd is set ==
D/[BT3.0+HS]PAL(  332): 
D/[BT3.0+HS]PAL(  332): invalid reply message
D/[BT3.0+HS]PAL(  332): 
I/thermal_repeater(  322): oh, queryMdThermalInfo (0)Bad file number
I/thermal_repeater(  322): [recvMdThermalInfo] ret=25, strLen=127,  1, 32767,,, -1, 32767, 2
I/AudioFlinger(  304): setParameters(): io 0, keyvalue mediaserver_monitor=1, calling pid 881
W/AudioALSAHardware(  304): setParameters(), still have param.size() = 1, remain param = "mediaserver_monitor=1"
I/str_params(  304): key: 'mediaserver_monitor' value: '1'
I/AudioPolicyManager(  304): setStreamVolumeIndex stream = 7 index = 15 device = 0x400
I/SurfaceFlinger(  276): [Built-in Screen (type:0)] fps:0.663649,dur:3013.64,max:3011.40,min:2.23
D/[BT3.0+HS]PAL(  332): == chip_reset_fd is set ==
D/[BT3.0+HS]PAL(  332): 
D/[BT3.0+HS]PAL(  332): invalid reply message
D/[BT3.0+HS]PAL(  332): 
D/[BT3.0+HS]PAL(  332): == chip_reset_fd is set ==
D/[BT3.0+HS]PAL(  332): 
D/[BT3.0+HS]PAL(  332): invalid reply message
D/[BT3.0+HS]PAL(  332): 
E/wpa_supplicant( 1294): This is a Iphone softap!!!!!!! 
E/wpa_supplicant( 1294): This is a Iphone softap!!!!!!! 
E/wpa_supplicant( 1294): This is a Iphone softap!!!!!!! 
I/Netd    (  299): Get netlink event, ifname: wlan0 action: 4
I/Netd    (  299): Get netlink event, ifname: wlan0 action: 4
E/wpa_supplicant( 1294): This is a Iphone softap!!!!!!! 
E/wpa_supplicant( 1294): This is a Iphone softap!!!!!!! 
E/wpa_supplicant( 1294): This is a Iphone softap!!!!!!! 
E/WifiConfigStore(  881):  rewrite network history for "chaozhouniurouwan"WPA_PSK
E/WifiStateMachine(  881): mIsFullScanOngoing: true, mSendScanResultsBroadcast: false
E/WifiStateMachine(  881): mWifiOnScanCount: 1157
I/libPerfService(  881): perfSetFavorPid - pid:9685, 25d5
I/art     (  881): Background sticky concurrent mark sweep GC freed 17717(2MB) AllocSpace objects, 0(0B) LOS objects, 1% free, 47MB/47MB, paused 5.338ms total 72.645ms
I/System.out( 9685): isFirstLocfalse
W/ContextImpl( 9304): Calling a method in the system process without a qualified user: android.app.ContextImpl.startService:1863 android.content.ContextWrapper.startService:516 android.content.ContextWrapper.startService:516 com.meizu.dataservice.ExperienceReceiver.a:-1 com.meizu.dataservice.ExperienceReceiver.onReceive:-1 
I/libPerfService(  881): perfSetFavorPid - pid:0, 0
I/SurfaceFlinger(  276): [Built-in Screen (type:0)] fps:0.989679,dur:1010.43,max:1010.43,min:1010.43
I/libPerfService(  881): perfSetFavorPid - pid:9685, 25d5
W/Watchdog(  881): SWT Watchdog after wait current time:24755135
W/Watchdog(  881): **Get SF Time **1
W/Watchdog(  881): SWT Watchdog before synchronized:24755135
W/Watchdog(  881): SWT Watchdog after synchronized:24755135
W/Watchdog(  881): SWT Watchdog before wait timeout:30000
W/Watchdog(  881): SWT Watchdog before wait current time:24755135
W/Watchdog(  881): SWT Watchdog before wait start:24755135
W/Watchdog(  881): SWT Watchdog before wait CHECK_INTERVAL:30000
I/EMDLOGGER1(  780): MD writer time out 10 sec.
I/libPerfService(  881): perfSetFavorPid - pid:0, 0
I/SurfaceFlinger(  276): [Built-in Screen (type:0)] fps:1.881779,dur:1062.82,max:1004.96,min:57.86
I/System.out( 9685): isFirstLocfalse
I/thermal_repeater(  322): oh, queryMdThermalInfo (0)Bad file number
I/thermal_repeater(  322): [recvMdThermalInfo] ret=25, strLen=127,  1, 32767,,, -1, 32767, 2
D/EMDLOGGER1(  780): CTRL_reader: incoming SPLM req, msgid=6, token=0, result=0
I/EMDLOGGER1(  780): [MDLOG] [stats][buf] L1 : data:0x153fc last:0x4b8d90; (1, 0x4454, 0x4b8d90)(3, 0x3ea, 0x4b8bfd)PS : data:0x483e last:0x4b8d90; L2 : data:0x3ab4 last:0x4b8d90; 
D/EMDLOGGER1(  780): CTRL_reader: incoming SPLM req, msgid=6, token=0, result=0
I/EMDLOGGER1(  780): [MDLOG] [stats][mux] MCU : data:0x211a0 last:0x4b8ca3; DSP : data:0x0 last:0x0; 
I/SurfaceFlinger(  276): [Built-in Screen (type:0)] fps:0.501422,dur:3988.66,max:3031.27,min:957.39
I/EMDLOGGER1(  780): MDL rate:27 KB/s, full count:0
I/KeyguardUpdateMonitor( 1045): handleBatteryUpdate index=0 updateInteresting=false
I/BatteryConsumeMonitor( 1344): init var lastPlugType : 0 lastBatteryChangedLevel : 100
I/libPerfService(  881): perfSetFavorPid - pid:9685, 25d5
I/QuenedWorkProxy( 8391): clean QuenedWork.sPendingWorkFinishers(185342190) size 0
I/QuenedWorkProxy( 8391): clean QuenedWork.sPendingWorkFinishers(185342190) size 0
I/libPerfService(  881): perfSetFavorPid - pid:0, 0
I/SurfaceFlinger(  276): [Built-in Screen (type:0)] fps:1.989772,dur:1005.14,max:922.84,min:82.30
D/[BT3.0+HS]PAL(  332): == chip_reset_fd is set ==
D/[BT3.0+HS]PAL(  332): 
D/[BT3.0+HS]PAL(  332): invalid reply message
D/[BT3.0+HS]PAL(  332): 
I/thermal_repeater(  322): oh, queryMdThermalInfo (0)Bad file number
I/thermal_repeater(  322): [recvMdThermalInfo] ret=25, strLen=127,  1, 32767,,, -1, 32767, 2
I/SurfaceFlinger(  276): [Built-in Screen (type:0)] fps:0.489440,dur:2043.15,max:2043.15,min:2043.15
I/AudioFlinger(  304): setParameters(): io 0, keyvalue mediaserver_monitor=1, calling pid 881
W/AudioALSAHardware(  304): setParameters(), still have param.size() = 1, remain param = "mediaserver_monitor=1"
I/str_params(  304): key: 'mediaserver_monitor' value: '1'
I/AudioPolicyManager(  304): setStreamVolumeIndex stream = 7 index = 15 device = 0x400
I/SurfaceFlinger(  276): [Built-in Screen (type:0)] fps:1.983919,dur:1008.11,max:992.75,min:15.36
D/[BT3.0+HS]PAL(  332): == chip_reset_fd is set ==
D/[BT3.0+HS]PAL(  332): 
D/[BT3.0+HS]PAL(  332): invalid reply message
D/[BT3.0+HS]PAL(  332): 
D/[BT3.0+HS]PAL(  332): == chip_reset_fd is set ==
D/[BT3.0+HS]PAL(  332): 
D/[BT3.0+HS]PAL(  332): invalid reply message
D/[BT3.0+HS]PAL(  332): 
E/wpa_supplicant( 1294): This is a Iphone softap!!!!!!! 
E/wpa_supplicant( 1294): This is a Iphone softap!!!!!!! 
E/wpa_supplicant( 1294): This is a Iphone softap!!!!!!! 
I/Netd    (  299): Get netlink event, ifname: wlan0 action: 4
I/Netd    (  299): Get netlink event, ifname: wlan0 action: 4
E/WifiConfigStore(  881):  rewrite network history for "chaozhouniurouwan"WPA_PSK
E/WifiStateMachine(  881): mIsFullScanOngoing: true, mSendScanResultsBroadcast: false
E/WifiStateMachine(  881): mWifiOnScanCount: 1158
I/libPerfService(  881): perfSetFavorPid - pid:9685, 25d5
I/System.out( 9685): isFirstLocfalse
D/MDLOGGER_CLEAR_LOG(  780): mdlogger clearLog V4.W1442.1
I/MDLOGGER_CLEAR_LOG(  780): clearLogFolder /storage/sdcard0/mtklog/mdlog1 size is 8 M. Recycle size is 600 M,no need clear log
W/ContextImpl( 9304): Calling a method in the system process without a qualified user: android.app.ContextImpl.startService:1863 android.content.ContextWrapper.startService:516 android.content.ContextWrapper.startService:516 com.meizu.dataservice.ExperienceReceiver.a:-1 com.meizu.dataservice.ExperienceReceiver.onReceive:-1 
W/MTKLogger(10981): Maybe device was updated from old version, change property to newer one
I/StorageManagerEx(10981): getInternalStoragePath from Property path=/storage/sdcard0
W/MTKLogger(10981): Maybe device was updated from old version, change property to newer one
I/StorageManagerEx(10981): getInternalStoragePath from Property path=/storage/sdcard0
I/System.out( 9685): isFirstLocfalse
I/thermal_repeater(  322): oh, queryMdThermalInfo (0)Bad file number
I/thermal_repeater(  322): [recvMdThermalInfo] ret=25, strLen=127,  1, 32767,,, -1, 32767, 2
I/EMDLOGGER1(  780): MD writer time out 10 sec.
I/libPerfService(  881): perfSetFavorPid - pid:0, 0
I/SurfaceFlinger(  276): [Built-in Screen (type:0)] fps:0.248385,dur:4026.01,max:4026.01,min:4026.01
I/SurfaceFlinger(  276): [Built-in Screen (type:0)] fps:0.990045,dur:1010.06,max:1010.06,min:1010.06
I/SurfaceFlinger(  276): [Built-in Screen (type:0)] fps:0.972225,dur:1028.57,max:1028.57,min:1028.57
I/KeyguardUpdateMonitor( 1045): handleBatteryUpdate index=0 updateInteresting=false
I/libPerfService(  881): perfSetFavorPid - pid:9685, 25d5
I/BatteryConsumeMonitor( 1344): init var lastPlugType : 0 lastBatteryChangedLevel : 100
I/libPerfService(  881): perfSetFavorPid - pid:0, 0
I/QuenedWorkProxy( 8391): clean QuenedWork.sPendingWorkFinishers(185342190) size 0
I/QuenedWorkProxy( 8391): clean QuenedWork.sPendingWorkFinishers(185342190) size 0
I/System.out( 9685): isFirstLocfalse
I/thermal_repeater(  322): oh, queryMdThermalInfo (0)Bad file number
D/EMDLOGGER1(  780): CTRL_reader: incoming SPLM req, msgid=6, token=0, result=0
I/EMDLOGGER1(  780): [MDLOG] [stats][buf] L1 : data:0x171f6 last:0x4b97c0; (1, 0x4c24, 0x4b97c0)(3, 0x8a1, 0x4b95d0)PS : data:0x54c5 last:0x4b97c0; L2 : data:0x4d3a last:0x4b97c0; 
D/EMDLOGGER1(  780): CTRL_reader: incoming SPLM req, msgid=6, token=0, result=0
I/EMDLOGGER1(  780): [MDLOG] [stats][mux] MCU : data:0x25973 last:0x4b96c2; DSP : data:0x0 last:0x0; 
I/thermal_repeater(  322): [recvMdThermalInfo] ret=25, strLen=127,  1, 32767,,, -1, 32767, 2
I/SurfaceFlinger(  276): [Built-in Screen (type:0)] fps:1.511415,dur:1984.89,max:1179.34,min:5.13
I/SurfaceFlinger(  276): [Built-in Screen (type:0)] fps:0.972558,dur:1028.22,max:1028.22,min:1028.22
I/libPerfService(  881): 11: set: 2
I/AudioFlinger(  304): setParameters(): io 0, keyvalue mediaserver_monitor=1, calling pid 881
W/AudioALSAHardware(  304): setParameters(), still have param.size() = 1, remain param = "mediaserver_monitor=1"
I/str_params(  304): key: 'mediaserver_monitor' value: '1'
I/AudioPolicyManager(  304): setStreamVolumeIndex stream = 7 index = 15 device = 0x400
I/art     (  881): Background sticky concurrent mark sweep GC freed 9694(597KB) AllocSpace objects, 0(0B) LOS objects, 1% free, 47MB/47MB, paused 5.293ms total 52.568ms
I/EMDLOGGER1(  780): MDL rate:30 KB/s, full count:0
D/[BT3.0+HS]PAL(  332): == chip_reset_fd is set ==
D/[BT3.0+HS]PAL(  332): 
D/[BT3.0+HS]PAL(  332): invalid reply message
D/[BT3.0+HS]PAL(  332): 
I/libPerfService(  881): 11: set: 1
I/libPerfService(  881): 11: set freq: 0
I/libPerfService(  881): 11: set gpu level: 0
I/thermal_repeater(  322): oh, queryMdThermalInfo (0)Bad file number
I/thermal_repeater(  322): [recvMdThermalInfo] ret=25, strLen=127,  1, 32767,,, -1, 32767, 2
I/SurfaceFlinger(  276): [Built-in Screen (type:0)] fps:0.199331,dur:5016.78,max:5016.78,min:5016.78
D/[BT3.0+HS]PAL(  332): == chip_reset_fd is set ==
D/[BT3.0+HS]PAL(  332): 
D/[BT3.0+HS]PAL(  332): invalid reply message
D/[BT3.0+HS]PAL(  332): 
I/Netd    (  299): Get netlink event, ifname: wlan0 action: 4
I/Netd    (  299): Get netlink event, ifname: wlan0 action: 4
D/[BT3.0+HS]PAL(  332): == chip_reset_fd is set ==
D/[BT3.0+HS]PAL(  332): 
D/[BT3.0+HS]PAL(  332): invalid reply message
D/[BT3.0+HS]PAL(  332): 
E/wpa_supplicant( 1294): This is a Iphone softap!!!!!!! 
E/wpa_supplicant( 1294): This is a Iphone softap!!!!!!! 
E/wpa_supplicant( 1294): This is a Iphone softap!!!!!!! 
E/wpa_supplicant( 1294): This is a Iphone softap!!!!!!! 
E/wpa_supplicant( 1294): This is a Iphone softap!!!!!!! 
E/wpa_supplicant( 1294): This is a Iphone softap!!!!!!! 
E/WifiConfigStore(  881):  rewrite network history for "chaozhouniurouwan"WPA_PSK
E/WifiStateMachine(  881): mIsFullScanOngoing: true, mSendScanResultsBroadcast: false
E/WifiStateMachine(  881): mWifiOnScanCount: 1159
I/libPerfService(  881): perfSetFavorPid - pid:9685, 25d5
I/System.out( 9685): isFirstLocfalse
W/ContextImpl( 9304): Calling a method in the system process without a qualified user: android.app.ContextImpl.startService:1863 android.content.ContextWrapper.startService:516 android.content.ContextWrapper.startService:516 com.meizu.dataservice.ExperienceReceiver.a:-1 com.meizu.dataservice.ExperienceReceiver.onReceive:-1 
I/libPerfService(  881): perfSetFavorPid - pid:0, 0
I/libPerfService(  881): perfSetFavorPid - pid:9685, 25d5
I/art     (  881): Background partial concurrent mark sweep GC freed 30068(3MB) AllocSpace objects, 3(48KB) LOS objects, 8% free, 45MB/49MB, paused 2.947ms total 231.840ms
I/EMDLOGGER1(  780): MD writer time out 10 sec.
I/PowerManagerService(  881): Going to sleep due to screen timeout (uid 1000)...
I/PowerManagerService(  881): Going to sleep due to lid switch (uid 1000)...
I/ActivityManager(  881): onWakefulnessChanged: 3
I/PowerManagerService(  881): Sleeping (uid 1000)...
I/SensorHAL(  881): Dev Batch, handle: 4, name: LSM6DS3 Accelerometer Sensor
I/BatteryConsumeMonitor( 1344): watting idle mode !
I/PalmRejection( 1045): disableProximityLockLocked, mProximitySensorEnabled = false
I/PalmRejection( 1045): disableProximityLockLocked() failed... Proximity Sensor already disabled
I/SurfaceFlinger(  276): [Built-in Screen (type:0)] fps:0.740755,dur:2699.95,max:1707.39,min:992.56
I/PhoneStatusBar( 1045): updateNotificationCountChange,mLastHasNotification:true , hasActiveNotifications:true
I/[MALI][Gralloc](  276): Usage: 0x333, format: 0x1 stride: 1088 vertical_stride: 1920 size: 8355840
I/PhoneStatusBar( 1045): updateNotificationCountChange,mLastHasNotification:true , hasActiveNotifications:true
I/[MALI][Gralloc](  276): Usage: 0xb00, format: 0x1 stride: 1088 vertical_stride: 1920 size: 8355840
I/libPerfService(  881): perfSetFavorPid - pid:0, 0
I/SensorHAL(  881): Dev Batch, handle: 7, name: LSM6DS3 Step Counter Sensor
I/SensorHAL(  881): Dev Flush, handle: 7, name: LSM6DS3 Step Counter Sensor, ret: -22
E/WifiStateMachine(  881): cancelDelayedScan -> 62
I/[MALI][Gralloc](  276): Usage: 0xb00, format: 0x1 stride: 1088 vertical_stride: 1920 size: 8355840
I/AudioFlinger(  304): setParameters(): io 0, keyvalue screen_state=off, calling pid 881
E/native  (  881): do suspend true
I/PerfService(  276): PerfServiceNative_notifyDisplayType:0
I/libPerfService(  881): perfSetFavorPid - pid:9685, 25d5
I/CalendarAgendaWidget(10875): onReceive action = android.intent.action.ACCESS_CONTROL_CHANGED
I/str_params(  304): key: 'screen_state' value: 'off'
I/[MALI][Gralloc](  276): Usage: 0xb00, format: 0x1 stride: 1088 vertical_stride: 1920 size: 8355840
I/wpa_supplicant( 1294): wpa_driver_nl80211_driver_cmd: buf =  ret = 2 used = 2 total = 4096
I/CalendarAgendaWidget(10875): onReceive action = android.intent.action.ACCESS_CONTROL_CHANGED
I/[MALI][Gralloc](  276): Usage: 0xb00, format: 0x1 stride: 1088 vertical_stride: 1920 size: 8355840
W/ContextImpl( 1485): Calling a method in the system process without a qualified user: android.app.ContextImpl.startService:1863 android.content.ContextWrapper.startService:516 com.meizu.networkmanager.c.o.a:25 com.meizu.networkmanager.boradcast.b$1$1.run:67 <bottom of call stack> 
I/vpnTrace11( 1485): notifySavingDataChanged: isShowSavingFunc: false
I/NetworkStatsRecorder(  881): recordSnapshotLocked: ident[[{type=WIFI, subType=COMBINED, networkId=chaozhouniurouwan}]]
W/NetworkStatsRecorder(  881): unknown interfaces [lo, p2p0], ignoring those stats
I/Launcher( 1631): launcher stats1 = WORKSPACE
I/NetworkStatsRecorder(  881): recordSnapshotLocked: ident[[{type=WIFI, subType=COMBINED, networkId=chaozhouniurouwan}]]
W/NetworkStatsRecorder(  881): unknown interfaces [lo, p2p0], ignoring those stats
I/NetworkStatsRecorder(  881): recordSnapshotLocked: ident[[{type=WIFI, subType=COMBINED, networkId=chaozhouniurouwan}]]
I/NetworkStatsRecorder(  881): recordSnapshotLocked: ident[[{type=WIFI, subType=COMBINED, networkId=chaozhouniurouwan}]]
I/NetworkStatsRecorder(  881): recordSnapshotLocked: ident[[{type=WIFI, subType=COMBINED, networkId=chaozhouniurouwan}]]
I/NetworkStatsRecorder(  881): recordSnapshotLocked: ident[[{type=WIFI, subType=COMBINED, networkId=chaozhouniurouwan}]]
I/NetworkStatsRecorder(  881): recordSnapshotLocked: ident[[{type=WIFI, subType=COMBINED, networkId=chaozhouniurouwan}]]
I/NetworkStatsRecorder(  881): recordSnapshotLocked: ident[[{type=WIFI, subType=COMBINED, networkId=chaozhouniurouwan}]]
W/NetworkStatsRecorder(  881): unknown interfaces [lo, p2p0], ignoring those stats
W/NetworkStatsRecorder(  881): unknown interfaces [lo, p2p0], ignoring those stats
I/vpnTrace11( 1485): notifySavingDataChanged: isShowSavingFunc: false
I/QuenedWorkProxy( 8391): clean QuenedWork.sPendingWorkFinishers(185342190) size 0
W/auto_update_AppAutoUpdateManager( 8391): --Screen off and scheduler download! ,switch:true, wifi:true, and Screen on: false, Power Connected: false, Battery: 100(-50|+15), Competitive:false(not check), downloaded size:0, downloaded time:0, available size:2,latency 60 seconds
I/System.out( 9685): isFirstLocfalse
I/auto_update_AppAutoUpdateManager( 8391): switch:true, wifi:true, and Screen on: false, Power Connected: false, Battery: 100(-50|+15), Competitive:false(not check), downloaded size:0, downloaded time:0, available size:2
I/auto_update_AppAutoUpdateManager( 8391): cancel JobOnce
I/auto_update_AppAutoUpdateManager( 8391): remote delay:34 minutes, has passed:11 minutes,now set delay to be:22 minutes
I/auto_update_AppAutoUpdateManager( 8391): createJobOnce: delay 22 minutes
I/auto_update_AppAutoUpdateManager( 8391): current Jobs:101,100,103,102,
I/PreDownloadAndBookAppManager( 8391): normalCheck: true, post delay 2 min to  start book download task
I/QuenedWorkProxy( 8391): clean QuenedWork.sPendingWorkFinishers(185342190) size 2
I/ActivityManager(  881): START u0 {flg=0x10000000 cmp=com.ss.android.article.news/com.ss.android.message.sswo.SswoActivity} from uid 10096 on display 0 from pid 12102
I/libPerfService(  881): 15: set freq: 1300000
I/libPerfService(  881): 15: set: 6
I/[MALI][Gralloc](  276): Usage: 0x333, format: 0x1 stride: 544 vertical_stride: 960 size: 2088960
I/art     (  881): [heap] RegisterNativeAllocation start bytes:2088960
I/art     (  881): [heap] RegisterNativeAllocation RunFinalization time 1
I/art     (  881): [heap] RegisterNativeAllocation native_bytes_allocated_:0
I/art     (  881): [heap] RegisterNativeAllocation new_native_bytes_allocated:0, native_bytes_allocated_:2088960, native_footprint_gc_watermark_:524288, growth_limit_:536870912
I/art     (  881): [heap] RegisterNativeAllocation end
I/com.jieshun.jslife.activity.homepage.PropertyPaymentActivity( 9685): onPause()======
W/MobclickAgent( 9685): please call 'onPageStart()' before onPageEnd
I/WindowManager(  881): Losing focus: Window{129566d7 u0 com.jieshun.jslife/com.jieshun.jslife.activity.homepage.PropertyPaymentActivity}
I/libPerfService(  881): perfSetFavorPid - pid:12102, 2f46
I/WindowManager(  881): Gaining focus: Window{129566d7 u0 com.jieshun.jslife/com.jieshun.jslife.activity.homepage.PropertyPaymentActivity}
W/InputMethodManagerService(  881): Window already focused, ignoring focus gain of: com.android.internal.view.IInputMethodClient$Stub$Proxy@233eae96 attribute=android.view.inputmethod.EditorInfo@38e63a17, token = android.os.BinderProxy@2a2f9656
I/libPerfService(  881): perfSetFavorPid - pid:9685, 25d5
I/com.jieshun.jslife.activity.homepage.PropertyPaymentActivity( 9685): onResume()======
W/PerfScheduler(  881): Not Boost !
I/libPerfService(  881): perfSetFavorPid - pid:0, 0
I/libPerfService(  881): perfSetFavorPid - pid:9685, 25d5
I/MobclickAgent( 9685): Extend current session: FD74B8E9A5E0D86D4D1665B63D657858
I/SensorHAL(  881): Dev Active, handle: 2, name: LTR559 Proximity Sensor, enable: 0.
I/SensorHAL(  881): SensorBase::Enable. name: LTR559 Proximity Sensor, enable: 0
I/SensorHAL(  881): HWSensorBase::Enable, handle: 2, name: lsm6ds3_proximity, enable: 0
I/SensorHAL(  881): Dev Active, handle: 1, name: LTR559 Light Sensor, enable: 0.
I/SensorHAL(  881): SensorBase::Enable. name: LTR559 Light Sensor, enable: 0
I/SensorHAL(  881): HWSensorBase::Enable, handle: 1, name: lsm6ds3_light, enable: 0
I/DisplayManagerService(  881): Display device changed: DisplayDeviceInfo{"": uniqueId="local:0", 1080 x 1920, 57.35 fps, supportedRefreshRates [57.35], density 480, 480.0 x 480.0 dpi, appVsyncOff -8000000, presDeadline 26436792, touch INTERNAL, rotation 0, type BUILT_IN, state OFF, subtype 0, FLAG_DEFAULT_DISPLAY, FLAG_ROTATES_WITH_CONTENT, FLAG_SECURE, FLAG_SUPPORTS_PROTECTED_BUFFERS}
I/hwcomposer(  276): [HWC] SetPowerMode(0) Display(0)
I/ActivityManager(  881): onWakefulnessChanged: 0
I/[MALI][Gralloc](  276): Usage: 0x333, format: 0x1 stride: 544 vertical_stride: 960 size: 2088960
I/art     (  881): [heap] RegisterNativeAllocation start bytes:2088960
I/art     (  881): [heap] RegisterNativeAllocation native_bytes_allocated_:2088960
I/art     (  881): [heap] RegisterNativeAllocation new_native_bytes_allocated:2088960, native_bytes_allocated_:4177920, native_footprint_gc_watermark_:524288, growth_limit_:536870912
I/art     (  881): [heap] RegisterNativeAllocation end
I/PerfService(  276): PerfServiceNative_notifyDisplayType:1
I/com.jieshun.jslife.activity.homepage.PropertyPaymentActivity( 9685): onPause()======
W/MobclickAgent( 9685): please call 'onPageStart()' before onPageEnd
I/art     (  881): Background partial concurrent mark sweep GC freed 2479(176KB) AllocSpace objects, 0(0B) LOS objects, 7% free, 49MB/53MB, paused 2.968ms total 163.401ms
I/libPerfService(  881): 15: set: 1
I/libPerfService(  881): 15: set freq: 0
I/libPerfService(  881): 15: set gpu level: 0
I/thermal_repeater(  322): oh, queryMdThermalInfo (0)Bad file number
I/thermal_repeater(  322): [recvMdThermalInfo] ret=25, strLen=127,  1, 32767,,, -1, 32767, 2
W/recents.Component( 1045): create a new LoadPlan to load thumbnail -- background
W/recents.Performance( 1045): preload while task Change spend : 3
E/native  (  881): do suspend false
I/wpa_supplicant( 1294): wpa_driver_nl80211_driver_cmd: buf =  ret = 2 used = 2 total = 4096
I/wpa_supplicant( 1294): Unsupported command
I/wpa_supplicant( 1294): wpa_driver_nl80211_driver_cmd: buf =  ret = 0 used = 2 total = 4096
E/WifiStateMachine(  881): Unexpected BatchedScanResults :OK
I/wpa_supplicant( 1294): Unsupported command
I/wpa_supplicant( 1294): wpa_driver_nl80211_driver_cmd: buf =  ret = 0 used = 2 total = 4096
I/dhcpcd  (13117): sending signal 14 to pid 8792
I/dhcpcd  ( 8792): received SIGALRM, renewing
I/dhcpcd  ( 8792): wlan0: renewing lease of 192.168.207.116
D/dhcpcd  ( 8792): wlan0: sending REQUEST (xid 0x30417c2), next in 4.45 seconds
I/dhcpcd  ( 8792): wlan0: acknowledged 192.168.207.116 from 192.168.207.207
I/dhcpcd  ( 8792): wlan0: leased 192.168.207.116 for 7200 seconds
I/dhcpcd  ( 8792): wlan0: ignore dhcpcd lease timer
D/dhcpcd  ( 8792): wlan0: adding IP address 192.168.207.116/24
D/dhcpcd  ( 8792): wlan0: writing lease `/data/misc/dhcp/dhcpcd-wlan0.lease'
I/Netd    (  299): Get netlink event, ifname: wlan0 action: 6
D/libc-netbsd(  881): [getaddrinfo]: hostname=192.168.207.116; servname=(null); cache_mode=(null), netid=0; mark=0
D/libc-netbsd(  881): [getaddrinfo]: ai_addrlen=0; ai_canonname=(null); ai_flags=4; ai_family=0
I/Tethering(  881): addressUpdated wlan0, 192.168.207.116/24
D/dhcpcd  ( 8792): wlan0: executing `/system/etc/dhcpcd/dhcpcd-run-hooks', reason RENEW
D/libc-netbsd(  881): [getaddrinfo]: hostname=192.168.207.116; servname=(null); cache_mode=(null), netid=0; mark=0
D/libc-netbsd(  881): [getaddrinfo]: ai_addrlen=0; ai_canonname=(null); ai_flags=4; ai_family=0
D/libc-netbsd(  881): [getaddrinfo]: hostname=192.168.207.207; servname=(null); cache_mode=(null), netid=0; mark=0
D/libc-netbsd(  881): [getaddrinfo]: ai_addrlen=0; ai_canonname=(null); ai_flags=4; ai_family=0
D/libc-netbsd(  881): [getaddrinfo]: hostname=202.96.134.33; servname=(null); cache_mode=(null), netid=0; mark=0
D/libc-netbsd(  881): [getaddrinfo]: ai_addrlen=0; ai_canonname=(null); ai_flags=4; ai_family=0
D/libc-netbsd(  881): [getaddrinfo]: hostname=202.96.128.86; servname=(null); cache_mode=(null), netid=0; mark=0
D/libc-netbsd(  881): [getaddrinfo]: ai_addrlen=0; ai_canonname=(null); ai_flags=4; ai_family=0
D/libc-netbsd(  881): [getaddrinfo]: hostname=192.168.207.207; servname=(null); cache_mode=(null), netid=0; mark=0
D/libc-netbsd(  881): [getaddrinfo]: ai_addrlen=0; ai_canonname=(null); ai_flags=4; ai_family=0
E/DhcpStateMachine(  881): Error! unhandled message  { when=-354ms what=196615 target=com.android.internal.util.StateMachine$SmHandler }
E/native  (  881): do suspend true
I/wpa_supplicant( 1294): wpa_driver_nl80211_driver_cmd: buf =  ret = 2 used = 2 total = 4096
E/ConnectivityService(  881): ERROR: The network agent is created)
I/WifiDisplayController(  881): Received NETWORK_STATE_CHANGED,con:false,SSID:null,Freq:0,netId:-1
I/AudioFlinger(  304): setParameters(): io 0, keyvalue mediaserver_monitor=1, calling pid 881
W/AudioALSAHardware(  304): setParameters(), still have param.size() = 1, remain param = "mediaserver_monitor=1"
I/str_params(  304): key: 'mediaserver_monitor' value: '1'
I/WifiApConnectRecordStore(  881): addConnectRecordNode"chaozhouniurouwan" WPA_PSK
I/WifiDisplayController(  881): Received NETWORK_STATE_CHANGED,con:true,SSID:"chaozhouniurouwan",Freq:2462,netId:9
I/WifiApConnectRecordStore(  881): ignore same day in node "chaozhouniurouwan",WPA_PSK,2018-07-20,1,931
I/AudioPolicyManager(  304): setStreamVolumeIndex stream = 7 index = 15 device = 0x400
E/WifiStateMachine(  881): WifiStateMachine: Leaving Connected state
E/WifiConfigStore(  881):  rewrite network history for "chaozhouniurouwan"WPA_PSK
D/EMDLOGGER1(  780): CTRL_reader: incoming SPLM req, msgid=6, token=0, result=0
I/EMDLOGGER1(  780): [MDLOG] [stats][buf] L1 : data:0x15eca last:0x4ba1d6; (1, 0x7f28, 0x4ba1d4)(3, 0x930, 0x4ba151)PS : data:0x8858 last:0x4ba1d4; L2 : data:0x54d8 last:0x4ba1d3; 
D/EMDLOGGER1(  780): CTRL_reader: incoming SPLM req, msgid=6, token=0, result=0
I/EMDLOGGER1(  780): [MDLOG] [stats][mux] MCU : data:0x258f5 last:0x4ba10e; DSP : data:0x0 last:0x0; 
W/Watchdog(  881): SWT Watchdog after wait current time:24785135
W/Watchdog(  881): **Get SF Time **1
W/Watchdog(  881): SWT Watchdog before synchronized:24785136
W/Watchdog(  881): SWT Watchdog after synchronized:24785136
W/Watchdog(  881): SWT Watchdog before wait timeout:30000
W/Watchdog(  881): SWT Watchdog before wait current time:24785136
W/Watchdog(  881): SWT Watchdog before wait start:24785136
W/Watchdog(  881): SWT Watchdog before wait CHECK_INTERVAL:30000
I/EMDLOGGER1(  780): MDL rate:30 KB/s, full count:0
I/MusicSupportService( 9458): onCreate pid: 9458 uid: 10019 binder: com.meizu.media.music.support.MusicSupportService$3@2a6f4586
I/PlaybackService00( 9458): addListener mDuration:296000 mPosition = 0mBufferState = 101, mAudioSessionId: 0 mPlayState: -1
I/MusicSupportService( 9458): onBind pid: 9458 uid: 10019 binder: com.meizu.media.music.support.MusicSupportService$3@2a6f4586
I/MusicNotification0( 9458): updateNotification  mShowNotification = false isPlaying: false
I/MeizuKeyguardThemeManager( 1045): setBarState ------ statusBarState=1,keyguardFadingAway=false,goingToFullShade=false,keyguardShowing=true
I/MeizuKeyguardThemeManager( 1045): setBarState 1
I/ChargeViewUtils( 1045): updateChargingState shouldChargingViewShow = true , mPluggedIn = false
I/PhoneStatusBar( 1045): updateNotificationCountChange,mLastHasNotification:true , hasActiveNotifications:false
I/ChargeViewUtils( 1045): onRefreshBatteryInfo
I/ChargeViewUtils( 1045): updateChargingState shouldChargingViewShow = true , mPluggedIn = false
I/ChargeViewUtils( 1045): onRefreshBatteryInfo
I/ChargeViewUtils( 1045): updateChargingState shouldChargingViewShow = true , mPluggedIn = false
I/ChargeViewUtils( 1045): updateChargingState shouldChargingViewShow = true , mPluggedIn = false
W/KeyguardViewBase( 1045): setOnDismissAction =null
I/StatusBarManagerService(  881): disable by pkg=com.android.systemui
I/WindowManager(  881): Gaining focus: Window{324c5a98 u0 StatusBar}
I/WindowManager(  881): Losing focus: Window{129566d7 u0 com.jieshun.jslife/com.jieshun.jslife.activity.homepage.PropertyPaymentActivity}
I/PanelView( 1045): Max panel height 812,expand height 0.0, shade mode false
W/View    ( 1045): requestLayout() improperly called by android.widget.FrameLayout{3f85e2f7 V.E..... ......ID 0,2681-1080,2681 #7f1002a1 app:id/mz_dismiss_view} during layout: running second layout pass
I/PanelView( 1045): Max panel height 657,expand height 0.0, shade mode false
I/PanelView( 1045): Max panel height 657,expand height 657.0, shade mode false
I/ChargeViewUtils( 1045): updateChargingState shouldChargingViewShow = true , mPluggedIn = false
I/art     ( 1045): Background sticky concurrent mark sweep GC freed 36799(1932KB) AllocSpace objects, 0(0B) LOS objects, 0% free, 80MB/80MB, paused 5.944ms total 161.935ms
I/art     ( 1544): Background sticky concurrent mark sweep GC freed 23608(1321KB) AllocSpace objects, 0(0B) LOS objects, 7% free, 18MB/19MB, paused 27.019ms total 99.694ms
W/ResourcesManager( 1045): Asset path '/system/framework/android.test.runner.jar' does not exist or contains no resources.
I/KeyguardMusicView( 1045): text size is 66.0
I/KeyguardMusicView( 1045): TextView width is 0,text width is 1036,compute text size is 22
I/KeyguardMusicController( 1045): Add listener
I/MusicSupportService( 9458): addListener pid: 1045 uid: 10030 binder: com.meizu.media.music.support.MusicSupportService$3@2a6f4586
I/MusicSupportService( 9458): getLrcContent pid: 1045 uid: 10030 binder: com.meizu.media.music.support.MusicSupportService$3@2a6f4586
I/MusicSupportService( 9458): requestLyric pid: 1045 uid: 10030 binder: com.meizu.media.music.support.MusicSupportService$3@2a6f4586
I/art     ( 1045): Background partial concurrent mark sweep GC freed 13927(763KB) AllocSpace objects, 21(1508KB) LOS objects, 3% free, 99MB/103MB, paused 14.291ms total 404.605ms
I/MusicSupportService( 9458): isCollected pid: 1045 uid: 10030 binder: com.meizu.media.music.support.MusicSupportService$3@2a6f4586
