I/AudioPolicyManager(  304): s 8 c 0 avaDev 3 ba2dpo 0 ba2dpsp 0 dev 2
I/AudioPolicyManager(  304): setOutputDevice() setting same device 0002 or null device for output 2
I/AudioPolicyManager(  304):  checkAndSetVolume stream = 1 index = 8 output = 2 device = 0x2 delayMs = 0 force = 0
I/AudioPolicyManager(  304): PolicyForceReplace stream = 1 sampleRate = 44100 
I/AwesomePlayer(  304): AudioPlayer mLatencyUs 0
I/MediaPlayerService(  304): [notify] [27] notify (0xf042d540, 6, 0, 0, 0)
E/OMXCodec(  304): [OMX.google.vorbis.decoder] +waitForBufferFilled_l: 0/0
W/OMXCodec(  304): FILL_BUFFER_DONE(buffer: 4030944448, size: 4096, flags: 0x00000000, timestamp: 59501 us (0.06 secs))
E/OMXCodec(  304): [OMX.google.vorbis.decoder] -waitForBufferFilled_l
E/OMXCodec(  304): [OMX.google.vorbis.decoder] +waitForBufferFilled_l: 0/0
W/OMXCodec(  304): FILL_BUFFER_DONE(buffer: 4030944352, size: 4096, flags: 0x00000000, timestamp: 82721 us (0.08 secs))
E/OMXCodec(  304): [OMX.google.vorbis.decoder] -waitForBufferFilled_l
I/ViewRootImpl( 1045): WindowInputEventReceiver onInputEvent!! KeyCode is 3, action is 0
W/OMXCodec(  304): FILL_BUFFER_DONE(buffer: 4030944160, size: 4096, flags: 0x00000000, timestamp: 105941 us (0.11 secs))
W/OMXCodec(  304): FILL_BUFFER_DONE(buffer: 4030944064, size: 4096, flags: 0x00000000, timestamp: 129160 us (0.13 secs))
W/OMXCodec(  304): FILL_BUFFER_DONE(buffer: 4030944448, size: 4096, flags: 0x00000000, timestamp: 152380 us (0.15 secs))
I/View    ( 1045): Key down dispatch to android.widget.TextView{115a546c VFED.... .F....ID 0,0-157,66 #7f1000fa app:id/keyguard_carrier_text}, event = KeyEvent { action=ACTION_DOWN, keyCode=KEYCODE_HOME, scanCode=102, metaState=0, flags=0x8, repeatCount=0, eventTime=25050856, downTime=25050856, deviceId=7, source=0x101 }
I/ViewRootImpl( 1045): WindowInputEventReceiver onInputEvent!! KeyCode is 3, action is 1
I/View    ( 1045): Key up dispatch to android.widget.TextView{115a546c VFED.... .F....ID 0,0-157,66 #7f1000fa app:id/keyguard_carrier_text}, event = KeyEvent { action=ACTION_UP, keyCode=KEYCODE_HOME, scanCode=102, metaState=0, flags=0x28, repeatCount=0, eventTime=25051231, downTime=25050856, deviceId=7, source=0x101 }
I/PanelView( 1045): Max panel height 657,expand height 657.0, shade mode false
E/AudioALSAPlaybackHandlerBase(  304): openPcmDriver(), pcm_start(0xf3c77fa0) fail due to cannot start channel: Broken pipe
E/AudioALSAPlaybackHandlerBase(  304): -getHardwareBufferInfo pcm_get_htimestamp fail, ret = -1, pcm_get_error = cannot start channel: Broken pipe
W/OMXCodec(  304): FILL_BUFFER_DONE(buffer: 4030944352, size: 4096, flags: 0x00000000, timestamp: 175600 us (0.18 secs))
W/OMXCodec(  304): FILL_BUFFER_DONE(buffer: 4030944160, size: 4096, flags: 0x00000000, timestamp: 198820 us (0.20 secs))
W/OMXCodec(  304): FILL_BUFFER_DONE(buffer: 4030944064, size: 0, flags: 0x00000001, timestamp: 222039 us (0.22 secs))
I/[MALI][Gralloc](  276): Usage: 0xb00, format: 0x1 stride: 1088 vertical_stride: 1920 size: 8355840
E/OMXCodec(  304): [OMX.google.vorbis.decoder] No more output data in fillOutputBuffer, mFilledBuffers size=1
E/OMXCodec(  304): [OMX.google.vorbis.decoder] No more output data in fillOutputBuffer, mFilledBuffers size=0
E/OMXCodec(  304): [OMX.google.vorbis.decoder] read() final return
I/AudioPolicyManager(  304): s 0 c 0 avaDev 3 ba2dpo 0 ba2dpsp 0 dev 2
I/AudioPolicyManager(  304): getOutput() device 2, stream 3, samplingRate 0, format 0, channelMask 3, flags 0
I/AudioPolicyManager(  304): getOutput() returns output 2
I/AudioPolicyManager(  304): s 0 c 0 avaDev 3 ba2dpo 0 ba2dpsp 0 dev 2
I/AudioPolicyManager(  304): getOutput() device 2, stream 3, samplingRate 0, format 0, channelMask 3, flags 0
I/AudioPolicyManager(  304): getOutput() returns output 2
I/[MALI][Gralloc](  276): Usage: 0xb00, format: 0x1 stride: 1088 vertical_stride: 1920 size: 8355840
W/ContextImpl(  881): Calling a method in the system process without a qualified user: android.app.ContextImpl.sendBroadcast:1474 com.android.server.statusbar.StatusBarManagerService.onPanelRevealed:531 com.android.internal.statusbar.IStatusBarService$Stub.onTransact:185 android.os.Binder.execTransact:454 <bottom of call stack> 
I/ChargeViewUtils( 1045): updateChargingState shouldChargingViewShow = true , mPluggedIn = true
I/PalmRejection( 1045): enableProximityLockLocked, mProximitySensorEnabled = false
I/MountService(  881): isUsbMassStorageEnabled: false
I/SensorHAL(  881): Dev Batch, handle: 3, name: LTR559 Proximity Sensor (Wake Up)
I/SensorHAL(  881): Dev Active, handle: 3, name: LTR559 Proximity Sensor (Wake Up), enable: 1.
I/SensorHAL(  881): SensorBase::Enable. name: LTR559 Proximity Sensor (Wake Up), enable: 1
I/SensorHAL(  881): HWSensorBase::Enable, handle: 3, name: lsm6ds3_ps_wk, enable: 1
E/SensorHAL(  881): [Proximity]: 5.000000
E/SensorHAL(  881): [Proximity]: 5.000000
I/PalmRejection( 1045): onSensorChanged() -- distance = 5.0, active = false
I/PalmRejection( 1045): proximityChangedLocked, false, mScreenOnAndTooClose false
I/PalmRejection( 1045): no active! go on wakup!
E/SystemUIMobEventUtils( 1045): packageName cannot be null and null-string, or packageName is filter pkg
I/MountService(  881): isUsbMassStorageEnabled: false
I/MountService(  881): isUsbMassStorageEnabled: false
W/ContextImpl(  881): Calling a method in the system process without a qualified user: android.app.ContextImpl.sendBroadcast:1474 com.android.internal.policy.impl.PhoneWindowManager.launchHomeFromHotKey:3582 com.android.internal.policy.impl.PhoneWindowManager.handleShortPressOnHome:1391 com.android.internal.policy.impl.PhoneWindowManager.access$1800:201 com.android.internal.policy.impl.PhoneWindowManager$6.run:1422 
I/PhoneStatusBar( 1045): updateNotificationCountChange,mLastHasNotification:false , hasActiveNotifications:false
E/SystemUIMobEventUtils( 1045): packageName cannot be null and null-string, or packageName is filter pkg
I/PhoneStatusBar( 1045): updateNotificationCountChange,mLastHasNotification:false , hasActiveNotifications:false
I/libPerfService(  881): perfSetFavorPid - pid:9685, 25d5
E/MediaPlayer( 1045): Should have subtitle controller already set
I/DisplayPowerController(  881): Unblocked screen on after 686 ms
I/PanelView( 1045): Max panel height 657,expand height 657.0, shade mode false
I/MediaPlayerService(  304): [27] getCurrentPosition = 199
I/[MALI][Gralloc](  276): Usage: 0xb00, format: 0x1 stride: 1088 vertical_stride: 1920 size: 8355840
I/[MALI][Gralloc](  276): Usage: 0xb00, format: 0x1 stride: 1088 vertical_stride: 1920 size: 8355840
I/AwesomePlayer(  304): [onStreamDone]line:1083 onStreamDone:mStreamDoneStatus =-1011,video EOS=0,audio EOS=256
I/MediaPlayerService(  304): [notify] [27] notify (0xf042d540, 2, 0, 0, 0)
I/AwesomePlayer(  304): [pause_l]line:1609 pause_l :at_eos=1
I/MediaPlayerService(  304): [notify] [27] notify (0xf042d540, 7, 0, 0, 0)
I/AudioSink(  304): [stop] stop
I/MediaPlayerService(  304): [27] getCurrentPosition = 199
I/AudioFlinger_Threads(  304): pause signal - [NOT READY] on thread
I/AudioPolicyManager(  304): ReleaseFMIndirectMode 
I/AudioPolicyManager(  304): PolicyRestore
I/AudioPolicyManager(  304): stopOutput() output 2, stream 1, session 649
I/AudioPolicyManager(  304): getNewOutputDevice() selected device 0
I/AudioPolicyManager(  304): setOutputDevice() output 2 device 0000 delayMs 184 force 0
I/AudioPolicyManager(  304): setOutputDevice() prevDevice 0002
I/AudioPolicyManager(  304): setOutputDevice() mMutePrevDevice 0002
I/AudioPolicyManager(  304): s 0 c 0 avaDev 3 ba2dpo 0 ba2dpsp 0 dev 2
I/AudioPolicyManager(  304): s 1 c 0 avaDev 3 ba2dpo 0 ba2dpsp 0 dev 1
I/AudioPolicyManager(  304): s 2 c 0 avaDev 3 ba2dpo 0 ba2dpsp 0 dev 2
I/AudioPolicyManager(  304): s 2 c 0 avaDev 3 ba2dpo 0 ba2dpsp 0 dev 2
I/AudioPolicyManager(  304): s 3 c 0 avaDev 3 ba2dpo 0 ba2dpsp 0 dev 2
I/AudioPolicyManager(  304): s 0 c 0 avaDev 3 ba2dpo 0 ba2dpsp 0 dev 2
I/AudioPolicyManager(  304): s 4 c 0 avaDev 3 ba2dpo 0 ba2dpsp 0 dev 2
I/AudioPolicyManager(  304): s 5 c 0 avaDev 3 ba2dpo 0 ba2dpsp 0 dev 2
I/AudioPolicyManager(  304): s 6 c 0 avaDev 3 ba2dpo 0 ba2dpsp 0 dev 2
I/AudioPolicyManager(  304): s 7 c 0 avaDev 3 ba2dpo 0 ba2dpsp 0 dev 2
I/AudioPolicyManager(  304): s 8 c 0 avaDev 3 ba2dpo 0 ba2dpsp 0 dev 2
I/AudioPolicyManager(  304): setOutputDevice() setting same device 0000 or null device for output 2
I/libPerfService(  881): perfSetFavorPid - pid:0, 0
D/EMDLOGGER1(  780): CTRL_reader: incoming SPLM req, msgid=6, token=0, result=0
I/EMDLOGGER1(  780): [MDLOG] [stats][buf] L1 : data:0x17a2e last:0x4c7254; (1, 0xb058, 0x4c7254)(3, 0xc40, 0x4c721a)PS : data:0xbc98 last:0x4c7254; L2 : data:0x7d92 last:0x4c7253; 
D/EMDLOGGER1(  780): CTRL_reader: incoming SPLM req, msgid=6, token=0, result=0
I/EMDLOGGER1(  780): [MDLOG] [stats][mux] MCU : data:0x26690 last:0x4c7181; DSP : data:0x0 last:0x0; 
I/AudioFlinger(  304): setParameters(): io 2, keyvalue FM_DIRECT_CONTROL=0, calling pid 304
W/PerfScheduler(  881): Not Boost !
I/libPerfService(  881): 12: set freq: 1300000
I/ChargeViewUtils( 1045): updateChargingState shouldChargingViewShow = false , mPluggedIn = true
I/PanelView( 1045): Max panel height 657,expand height 657.0, shade mode false
I/libPerfService(  881): 12: set: 6
I/PanelView( 1045): Max panel height 657,expand height 586.20984, shade mode false
I/PanelView( 1045): Max panel height 657,expand height 586.20984, shade mode false
I/PanelView( 1045): Max panel height 657,expand height 459.75317, shade mode false
I/PanelView( 1045): Max panel height 657,expand height 459.75317, shade mode false
I/PanelView( 1045): Max panel height 657,expand height 268.23816, shade mode false
I/PanelView( 1045): Max panel height 657,expand height 268.23816, shade mode false
I/PerfService(  881): PerfServiceNative_boostDisableAsync:5
I/libPerfService(  881): 5: set: 6
I/libPerfService(  881): 5: set freq: 1300000
I/PanelView( 1045): Max panel height 657,expand height 189.4165, shade mode false
I/PanelView( 1045): mTracking true,cancel fling false,instant collapse false
I/PanelView( 1045): reachTarget false,camera intercept false,camera running false
I/PanelView( 1045): isShademode false,target height 0.0,expand height 189.4165
I/PanelView( 1045): Max panel height 657,expand height 189.4165, shade mode false
I/PanelView( 1045): Max panel height 657,expand height 189.4165, shade mode false
I/PanelView( 1045): Max panel height 657,expand height 189.4165, shade mode false
I/PanelView( 1045): Max panel height 657,expand height 0.0, shade mode false
I/PanelView( 1045): Max panel height 657,expand height 0.0, shade mode false
I/PanelView( 1045): Max panel height 657,expand height 0.0, shade mode false
W/ContextImpl(  881): Calling a method in the system process without a qualified user: android.app.ContextImpl.sendBroadcast:1474 com.android.server.statusbar.StatusBarManagerService.onPanelHidden:555 com.android.internal.statusbar.IStatusBarService$Stub.onTransact:192 android.os.Binder.execTransact:454 <bottom of call stack> 
I/BatteryConsumeMonitor( 1344): init var lastPlugType : 2 lastBatteryChangedLevel : 100
I/BatteryConsumeMonitor( 1344): init var lastPlugType : 2 lastBatteryChangedLevel : 100
I/libPerfService(  881): perfSetFavorPid - pid:9685, 25d5
I/AudioPolicyManager(  304): s 0 c 0 avaDev 3 ba2dpo 0 ba2dpsp 0 dev 2
I/AudioPolicyManager(  304): getOutput() device 2, stream 1, samplingRate 0, format 0, channelMask 3, flags 0
I/AudioPolicyManager(  304): getOutput() returns output 2
I/AudioPolicyManager(  304): s 0 c 0 avaDev 3 ba2dpo 0 ba2dpsp 0 dev 2
I/AudioPolicyManager(  304): getOutput() device 2, stream 1, samplingRate 0, format 0, channelMask 3, flags 0
I/AudioPolicyManager(  304): getOutput() returns output 2
I/AudioPolicyManager(  304): s 0 c 0 avaDev 3 ba2dpo 0 ba2dpsp 0 dev 2
I/AudioPolicyManager(  304): getOutput() returns output 2
I/AudioFlinger_Threads(  304): attachAuxEffect_l EffectId 0
I/AudioFlinger_Threads(  304): attachAuxEffect_l status 0
I/QuenedWorkProxy( 8391): clean QuenedWork.sPendingWorkFinishers(185342190) size 0
I/AudioPolicyManager(  304): AddSampleRateArray index = 0 sampleRate = 44100
I/AudioPolicyManager(  304): startOutput() output 2, stream 1, session 650
I/AudioPolicyManager(  304): s 0 c 0 avaDev 3 ba2dpo 0 ba2dpsp 0 dev 2
I/AudioPolicyManager(  304): getNewOutputDevice() selected device 2
I/AudioPolicyManager(  304): setOutputDevice() output 2 device 0002 delayMs 0 force 0
I/AudioPolicyManager(  304): s 0 c 0 avaDev 3 ba2dpo 0 ba2dpsp 0 dev 2
I/AudioFlinger(  304): setParameters(): io 2, keyvalue FM_DIRECT_CONTROL=1, calling pid 304
I/QuenedWorkProxy( 8391): clean QuenedWork.sPendingWorkFinishers(185342190) size 0
I/AudioPolicyManager(  304): setOutputDevice() prevDevice 0002
I/AudioPolicyManager(  304): setOutputDevice() mMutePrevDevice 0000
I/AudioPolicyManager(  304): s 0 c 0 avaDev 3 ba2dpo 0 ba2dpsp 0 dev 2
I/AudioPolicyManager(  304): s 1 c 0 avaDev 3 ba2dpo 0 ba2dpsp 0 dev 1
I/AudioPolicyManager(  304): s 2 c 0 avaDev 3 ba2dpo 0 ba2dpsp 0 dev 2
I/AudioPolicyManager(  304): s 2 c 0 avaDev 3 ba2dpo 0 ba2dpsp 0 dev 2
I/AudioPolicyManager(  304): s 3 c 0 avaDev 3 ba2dpo 0 ba2dpsp 0 dev 2
I/AudioPolicyManager(  304): s 0 c 0 avaDev 3 ba2dpo 0 ba2dpsp 0 dev 2
I/AudioPolicyManager(  304): s 4 c 0 avaDev 3 ba2dpo 0 ba2dpsp 0 dev 2
I/AudioPolicyManager(  304): s 5 c 0 avaDev 3 ba2dpo 0 ba2dpsp 0 dev 2
I/AudioPolicyManager(  304): s 6 c 0 avaDev 3 ba2dpo 0 ba2dpsp 0 dev 2
I/AudioPolicyManager(  304): s 7 c 0 avaDev 3 ba2dpo 0 ba2dpsp 0 dev 2
I/AudioPolicyManager(  304): s 8 c 0 avaDev 3 ba2dpo 0 ba2dpsp 0 dev 2
I/AudioPolicyManager(  304): setOutputDevice() setting same device 0002 or null device for output 2
I/AudioPolicyManager(  304):  checkAndSetVolume stream = 1 index = 8 output = 2 device = 0x2 delayMs = 0 force = 0
I/AudioPolicyManager(  304): PolicyForceReplace stream = 1 sampleRate = 44100 
I/AudioFlinger_Threads(  304): reset track timestretch tracn name 4100, ratio 100, mTimeStretchTrackName[name-4096] 0
I/AudioPolicyManager(  304): releaseOutput() 2
I/PanelView( 1045): Max panel height 657,expand height 0.0, shade mode false
I/MeizuKeyguardThemeManager( 1045): setBarState ------ statusBarState=0,keyguardFadingAway=true,goingToFullShade=false,keyguardShowing=false
I/MeizuKeyguardThemeManager( 1045): setBarState 0
I/PhoneStatusBar( 1045): updateNotificationCountChange,mLastHasNotification:false , hasActiveNotifications:true
I/KeyguardMusicController( 1045): Remove listener
I/MusicSupportService( 9458): removeListener pid: 1045 uid: 10030 binder: com.meizu.media.music.support.MusicSupportService$3@2a6f4586
W/KeyguardViewBase( 1045): setOnDismissAction =null
E/Tethering(  881): updateConfiguration: wrong MCCMNC =null
I/Tethering(  881): ifaceTypes = null, use default
I/Tethering(  881): upstreamIfaceTypes.add:0
I/Tethering(  881): upstreamIfaceTypes.add:1
I/Tethering(  881): upstreamIfaceTypes.add:5
I/Tethering(  881): upstreamIfaceTypes.add:7
I/Tethering(  881): upstreamIfaceTypes.add:9
I/Tethering(  881): upstreamIfaceTypes.add:49
I/Tethering(  881): checkDunRequired:2
I/PerfService(  276): PerfServiceNative_notifyDisplayType:1
W/PerfScheduler(  881): Not Boost !
I/StatusBarManagerService(  881): disable by pkg=com.android.systemui
I/com.jieshun.jslife.activity.homepage.PropertyPaymentActivity( 9685): onResume()======
W/MtpService( 3498): onReceive action: android.intent.action.USER_PRESENT
W/ContextImpl( 1485): Calling a method in the system process without a qualified user: android.app.ContextImpl.startService:1863 android.content.ContextWrapper.startService:516 android.content.ContextWrapper.startService:516 com.meizu.networkmanager.c.o.a:25 com.meizu.networkmanager.boradcast.TrafficGlobalReceiver$2.run:238 
I/vpnTrace11( 1485): notifySavingDataChanged: isShowSavingFunc: false
I/WindowManager(  881): Gaining focus: Window{129566d7 u0 com.jieshun.jslife/com.jieshun.jslife.activity.homepage.PropertyPaymentActivity}
I/WindowManager(  881): Losing focus: Window{324c5a98 u0 StatusBar}
I/libPerfService(  881): perfSetFavorPid - pid:0, 0
I/NetworkStatsRecorder(  881): recordSnapshotLocked: ident[[{type=WIFI, subType=COMBINED, networkId=chaozhouniurouwan}]]
W/NetworkStatsRecorder(  881): unknown interfaces [lo, p2p0], ignoring those stats
I/NetworkStatsRecorder(  881): recordSnapshotLocked: ident[[{type=WIFI, subType=COMBINED, networkId=chaozhouniurouwan}]]
W/NetworkStatsRecorder(  881): unknown interfaces [lo, p2p0], ignoring those stats
W/InputMethodManagerService(  881): Window already focused, ignoring focus gain of: com.android.internal.view.IInputMethodClient$Stub$Proxy@2fc0647b attribute=null, token = android.os.BinderProxy@2a2f9656
I/NetworkStatsRecorder(  881): recordSnapshotLocked: ident[[{type=WIFI, subType=COMBINED, networkId=chaozhouniurouwan}]]
I/NetworkStatsRecorder(  881): recordSnapshotLocked: ident[[{type=WIFI, subType=COMBINED, networkId=chaozhouniurouwan}]]
I/NetworkStatsRecorder(  881): recordSnapshotLocked: ident[[{type=WIFI, subType=COMBINED, networkId=chaozhouniurouwan}]]
I/NetworkStatsRecorder(  881): recordSnapshotLocked: ident[[{type=WIFI, subType=COMBINED, networkId=chaozhouniurouwan}]]
I/NetworkStatsRecorder(  881): recordSnapshotLocked: ident[[{type=WIFI, subType=COMBINED, networkId=chaozhouniurouwan}]]
I/NetworkStatsRecorder(  881): recordSnapshotLocked: ident[[{type=WIFI, subType=COMBINED, networkId=chaozhouniurouwan}]]
I/NetworkStatsRecorder(  881): recordSnapshotLocked: ident[[{type=WIFI, subType=COMBINED, networkId=chaozhouniurouwan}]]
W/NetworkStatsRecorder(  881): unknown interfaces [lo, p2p0], ignoring those stats
I/NetworkStatsRecorder(  881): recordSnapshotLocked: ident[[{type=WIFI, subType=COMBINED, networkId=chaozhouniurouwan}]]
W/NetworkStatsRecorder(  881): unknown interfaces [lo, p2p0], ignoring those stats
I/libPerfService(  881): perfSetFavorPid - pid:9685, 25d5
I/vpnTrace11( 1485): notifySavingDataChanged: isShowSavingFunc: false
I/libPerfService(  881): perfSetFavorPid - pid:0, 0
I/KeyguardUpdateMonitor( 1045): handleBatteryUpdate index=0 updateInteresting=false
I/libPerfService(  881): perfSetFavorPid - pid:9685, 25d5
I/PalmRejection( 1045): disableProximityLockLocked, mProximitySensorEnabled = true
I/SensorHAL(  881): Dev Active, handle: 3, name: LTR559 Proximity Sensor (Wake Up), enable: 0.
I/SensorHAL(  881): SensorBase::Enable. name: LTR559 Proximity Sensor (Wake Up), enable: 0
I/SensorHAL(  881): HWSensorBase::Enable, handle: 3, name: lsm6ds3_ps_wk, enable: 0
I/PalmRejection( 1045): mSensorManager.unregisterListener(mProximityListener)
I/PalmRejection( 1045): mProximityWakeLock.release()
I/libPerfService(  881): 16: set: 6
I/libPerfService(  881): 16: set freq: 1300000
I/libPerfService(  881): 16: set gpu level: 0
I/libPerfService(  881): 16: set: 6
I/libPerfService(  881): 16: set freq: 1300000
I/libPerfService(  881): 16: set gpu level: 0
I/QuenedWorkProxy( 8391): clean QuenedWork.sPendingWorkFinishers(185342190) size 0
I/auto_update_AppAutoUpdateManager( 8391): current Jobs:103,102,105,101,100,
W/auto_update_AppAutoUpdateManager( 8391): --Screen on and cancel scheduler download,switch:true, wifi:true, and Screen on: true, Power Connected: true, Battery: 100(-50|+15), Competitive:false(not check), downloaded size:0, downloaded time:0, available size:2
I/SurfaceFlinger(  276): [Built-in Screen (type:0)] fps:32.720577,dur:1008.54,max:192.02,min:15.11
I/auto_update_AppAutoUpdateManager( 8391): cancel JobOnce
E/AudioFlinger(  304): getNextBuffer, get null buffer
I/QuenedWorkProxy( 8391): clean QuenedWork.sPendingWorkFinishers(185342190) size 1
E/CellLocation( 8881): create GsmCellLocation
I/Cweather( 8881): writeWidgetWeatherFileFromInternet
I/Cweather( 8881): loadCurrentWeatherInfo cityName: isUserTheme:false temp:31 
I/System.out( 8881): httpget:http://aider.meizu.com/v2/widget/citylbs?lat=22.57121&lon=114.04327&country=&province=&city=&region=&street=&bizId=aider_app&timestamp=1532075517224&sign=833e985a035d61a597ce7ea5fbba0e04
I/System.out( 8881): isEmailSend:GET
I/System.out( 8881): this.mCheckHandler:android.net.Proxy$DefaultHttpRequestCheckHandler@3646464a
D/libc-netbsd( 8881): [getaddrinfo]: hostname=aider.meizu.com; servname=(null); cache_mode=(null), netid=0; mark=0
D/libc-netbsd( 8881): [getaddrinfo]: ai_addrlen=0; ai_canonname=(null); ai_flags=4; ai_family=0
I/DebugFlymeWeather( 8881): HotwordSwitch hotwordSwitch:1
I/MobclickAgent( 9685): Start new session: CDE424C2774A062FCC044A0A39EF6A0D
D/libc-netbsd( 8881): [getaddrinfo]: hostname=aider.meizu.com; servname=(null); cache_mode=(null), netid=0; mark=0
D/libc-netbsd( 8881): [getaddrinfo]: ai_addrlen=0; ai_canonname=(null); ai_flags=1024; ai_family=0
D/libc-netbsd(  299): [getaddrinfo]: hostname=aider.meizu.com; servname=(null); cache_mode=local, netid=104; mark=917608
D/libc-netbsd(  299): [getaddrinfo]: ai_addrlen=0; ai_canonname=(null); ai_flags=1024; ai_family=0
D/libc-netbsd(  299): default dns: query_ipv6=0, query_ipv4=1
D/libc-netbsd(  299): res_queryN name = aider.meizu.com, class = 1, type = 1
D/libc-netbsd(  299): netid=104, dns0:202.96.134.33
D/libc-netbsd(  299): netid=104, dns1:202.96.128.86
D/libc-netbsd(  299): netid=104, dns2:8.8.8.8
I/art     (  881): Background sticky concurrent mark sweep GC freed 43205(3MB) AllocSpace objects, 1(80KB) LOS objects, 4% free, 46MB/48MB, paused 5.248ms total 83.038ms
I/AudioPolicyManager(  304): ReleaseFMIndirectMode 
I/AudioPolicyManager(  304): PolicyRestore
I/AudioPolicyManager(  304): stopOutput() output 2, stream 1, session 650
I/AudioPolicyManager(  304): getNewOutputDevice() selected device 0
I/AudioPolicyManager(  304): setOutputDevice() output 2 device 0000 delayMs 184 force 0
I/AudioPolicyManager(  304): setOutputDevice() prevDevice 0002
I/AudioPolicyManager(  304): setOutputDevice() mMutePrevDevice 0002
I/AudioPolicyManager(  304): s 0 c 0 avaDev 3 ba2dpo 0 ba2dpsp 0 dev 2
I/AudioPolicyManager(  304): s 1 c 0 avaDev 3 ba2dpo 0 ba2dpsp 0 dev 1
I/AudioPolicyManager(  304): s 2 c 0 avaDev 3 ba2dpo 0 ba2dpsp 0 dev 2
I/AudioPolicyManager(  304): s 2 c 0 avaDev 3 ba2dpo 0 ba2dpsp 0 dev 2
I/AudioPolicyManager(  304): s 3 c 0 avaDev 3 ba2dpo 0 ba2dpsp 0 dev 2
I/AudioPolicyManager(  304): s 0 c 0 avaDev 3 ba2dpo 0 ba2dpsp 0 dev 2
I/AudioPolicyManager(  304): s 4 c 0 avaDev 3 ba2dpo 0 ba2dpsp 0 dev 2
I/AudioPolicyManager(  304): s 5 c 0 avaDev 3 ba2dpo 0 ba2dpsp 0 dev 2
I/AudioPolicyManager(  304): s 6 c 0 avaDev 3 ba2dpo 0 ba2dpsp 0 dev 2
I/AudioPolicyManager(  304): s 7 c 0 avaDev 3 ba2dpo 0 ba2dpsp 0 dev 2
I/AudioPolicyManager(  304): s 8 c 0 avaDev 3 ba2dpo 0 ba2dpsp 0 dev 2
I/AudioPolicyManager(  304): setOutputDevice() setting same device 0000 or null device for output 2
I/System.out( 9685): open:http://alog.umeng.com/app_logs
D/libc-netbsd( 9685): [getaddrinfo]: hostname=alog.umeng.com; servname=(null); cache_mode=(null), netid=0; mark=0
D/libc-netbsd( 9685): [getaddrinfo]: ai_addrlen=0; ai_canonname=(null); ai_flags=4; ai_family=0
D/libc-netbsd( 9685): [getaddrinfo]: hostname=alog.umeng.com; servname=(null); cache_mode=(null), netid=0; mark=0
D/libc-netbsd( 9685): [getaddrinfo]: ai_addrlen=0; ai_canonname=(null); ai_flags=1024; ai_family=0
I/System.out( 9685): Close in OkHttp
I/System.out( 9685): [CDS]close[58707]
I/NetworkManagementSocketTagger( 9685): untagSocket(64)
I/System.out( 9685): Close in OkHttp
D/libc-netbsd(  299): [getaddrinfo]: hostname=alog.umeng.com; servname=(null); cache_mode=local, netid=104; mark=917608
D/libc-netbsd(  299): [getaddrinfo]: ai_addrlen=0; ai_canonname=(null); ai_flags=1024; ai_family=0
I/System.out( 9685): [CDS]close[36976]
I/NetworkManagementSocketTagger( 9685): untagSocket(33)
D/libc-netbsd(  299): default dns: query_ipv6=0, query_ipv4=1
D/libc-netbsd(  299): res_queryN name = alog.umeng.com, class = 1, type = 1
D/libc-netbsd(  299): netid=104, dns0:202.96.134.33
D/libc-netbsd(  299): netid=104, dns1:202.96.128.86
D/libc-netbsd(  299): netid=104, dns2:8.8.8.8
I/libPerfService(  881): perfSetFavorPid - pid:0, 0
I/AudioFlinger(  304): setParameters(): io 2, keyvalue FM_DIRECT_CONTROL=0, calling pid 304
I/libPerfService(  881): 15: set: 6
I/libPerfService(  881): 15: set freq: 1300000
I/libPerfService(  881): 15: set gpu level: 0
I/[MALI][Gralloc](  276): Usage: 0xb00, format: 0x1 stride: 1088 vertical_stride: 66 size: 287232
I/[MALI][Gralloc](  276): Usage: 0xb00, format: 0x1 stride: 1088 vertical_stride: 66 size: 287232
I/[MALI][Gralloc](  276): Usage: 0xb00, format: 0x1 stride: 1088 vertical_stride: 66 size: 287232
I/[MALI][Gralloc](  276): Usage: 0xb00, format: 0x1 stride: 1088 vertical_stride: 66 size: 287232
I/thermal_repeater(  322): oh, queryMdThermalInfo (0)Bad file number
I/thermal_repeater(  322): [recvMdThermalInfo] ret=25, strLen=127,  1, 32767,,, -1, 32767, 2
D/libc-netbsd(  299): res_queryN name = aider.meizu.com succeed
D/libc-netbsd( 8881): getaddrinfo: aider.meizu.com get result from proxy >>
I/System.out( 8881): propertyValue:true
I/System.out( 8881): openConnection:1
D/libc-netbsd( 8881): [getaddrinfo]: hostname=121.14.201.236; servname=(null); cache_mode=(null), netid=0; mark=0
D/libc-netbsd( 8881): [getaddrinfo]: ai_addrlen=0; ai_canonname=(null); ai_flags=4; ai_family=0
I/System.out( 8881): [CDS]connect[/121.14.201.236:80] tm:60
D/libc-netbsd(  299): res_queryN name = alog.umeng.com succeed
D/libc-netbsd( 9685): getaddrinfo: alog.umeng.com get result from proxy >>
I/System.out( 9685): propertyValue:true
I/System.out( 9685): [CDS]connect[alog.umeng.com/140.205.254.8:80] tm:10
I/libPerfService(  881): 12: set: 1
I/libPerfService(  881): 12: set freq: 0
I/libPerfService(  881): 12: set gpu level: 0
I/System.out( 8881): buffer size:8192
I/System.out( 8881): rxBufferSize size:
I/System.out( 9685): [OkHttp] sendRequest>>
I/System.out( 8881): >doSendRequest
I/System.out( 9685): [OkHttp] sendRequest<<
I/System.out( 8881): <doSendRequest
I/NetworkManagementSocketTagger( 8881): untagSocket(26)
I/System.out( 8881): open:http://coapi.moji.com/whapi/json/lbsweather?timestamp=1532075518563&token=b32173940ee1a42c0f63e7d60d76e8c0&key=ead97fe63306860c73583a35d3eca26f&lat=22.57121&lon=114.04327
D/libc-netbsd( 8881): [getaddrinfo]: hostname=coapi.moji.com; servname=(null); cache_mode=(null), netid=0; mark=0
D/libc-netbsd( 8881): [getaddrinfo]: ai_addrlen=0; ai_canonname=(null); ai_flags=4; ai_family=0
D/libc-netbsd( 8881): [getaddrinfo]: hostname=coapi.moji.com; servname=(null); cache_mode=(null), netid=0; mark=0
D/libc-netbsd( 8881): [getaddrinfo]: ai_addrlen=0; ai_canonname=(null); ai_flags=1024; ai_family=0
D/libc-netbsd(  299): [getaddrinfo]: hostname=coapi.moji.com; servname=(null); cache_mode=local, netid=104; mark=917608
D/libc-netbsd(  299): [getaddrinfo]: ai_addrlen=0; ai_canonname=(null); ai_flags=1024; ai_family=0
D/libc-netbsd(  299): default dns: query_ipv6=0, query_ipv4=1
D/libc-netbsd(  299): res_queryN name = coapi.moji.com, class = 1, type = 1
I/System.out( 8881): Close in OkHttp
D/libc-netbsd(  299): netid=104, dns0:202.96.134.33
D/libc-netbsd(  299): netid=104, dns1:202.96.128.86
D/libc-netbsd(  299): netid=104, dns2:8.8.8.8
I/System.out( 8881): [CDS]close[34583]
I/NetworkManagementSocketTagger( 8881): untagSocket(34)
I/System.out( 8881): Close in OkHttp
I/System.out( 8881): [CDS]close[45351]
I/NetworkManagementSocketTagger( 8881): untagSocket(35)
D/libc-netbsd(  299): res_queryN name = coapi.moji.com succeed
D/libc-netbsd( 8881): getaddrinfo: coapi.moji.com get result from proxy >>
I/System.out( 8881): propertyValue:true
I/System.out( 8881): [CDS]connect[coapi.moji.com/210.14.153.67:80] tm:5
I/AudioFlinger(  304): setParameters(): io 0, keyvalue mediaserver_monitor=1, calling pid 881
W/AudioALSAHardware(  304): setParameters(), still have param.size() = 1, remain param = "mediaserver_monitor=1"
I/str_params(  304): key: 'mediaserver_monitor' value: '1'
I/AudioPolicyManager(  304): setStreamVolumeIndex stream = 7 index = 15 device = 0x400
I/MobclickAgent( 9685): Send message to http://alog.umeng.com/app_logs
I/System.out( 9685): Close in OkHttp
I/System.out( 9685): [CDS]close[41387]
I/NetworkManagementSocketTagger( 9685): untagSocket(29)
I/System.out( 8881): [OkHttp] sendRequest>>
I/System.out( 8881): [OkHttp] sendRequest<<
I/MobclickAgent( 9685): send log:succeed
I/SurfaceFlinger(  276): [Built-in Screen (type:0)] fps:16.941164,dur:1829.86,max:1000.22,min:13.35
D/[BT3.0+HS]PAL(  332): == chip_reset_fd is set ==
D/[BT3.0+HS]PAL(  332): 
D/[BT3.0+HS]PAL(  332): invalid reply message
D/[BT3.0+HS]PAL(  332): 
D/[BT3.0+HS]PAL(  332): == chip_reset_fd is set ==
D/[BT3.0+HS]PAL(  332): 
D/[BT3.0+HS]PAL(  332): invalid reply message
D/[BT3.0+HS]PAL(  332): 
I/Netd    (  299): Get netlink event, ifname: wlan0 action: 4
I/Netd    (  299): Get netlink event, ifname: wlan0 action: 4
E/wpa_supplicant( 1294): This is a Iphone softap!!!!!!! 
E/wpa_supplicant( 1294): This is a Iphone softap!!!!!!! 
E/wpa_supplicant( 1294): This is a Iphone softap!!!!!!! 
E/wpa_supplicant( 1294): This is a Iphone softap!!!!!!! 
I/NetworkManagementSocketTagger( 8881): untagSocket(34)
E/WifiConfigStore(  881):  rewrite network history for "chaozhouniurouwan"WPA_PSK
E/WifiStateMachine(  881): mIsFullScanOngoing: true, mSendScanResultsBroadcast: false
E/WifiStateMachine(  881): mWifiOnScanCount: 1178
I/libPerfService(  881): perfSetFavorPid - pid:9685, 25d5
W/ContextImpl( 9304): Calling a method in the system process without a qualified user: android.app.ContextImpl.startService:1863 android.content.ContextWrapper.startService:516 android.content.ContextWrapper.startService:516 com.meizu.dataservice.ExperienceReceiver.a:-1 com.meizu.dataservice.ExperienceReceiver.onReceive:-1 
I/NetworkManagementSocketTagger( 9874): untagSocket(45)
I/NetworkManagementSocketTagger( 9874): untagSocket(45)
I/NetworkManagementSocketTagger( 9874): untagSocket(45)
I/NetworkManagementSocketTagger( 9874): untagSocket(45)
I/NetworkManagementSocketTagger( 9874): untagSocket(45)
I/NetworkManagementSocketTagger( 9874): untagSocket(45)
I/NetworkManagementSocketTagger( 9874): untagSocket(45)
I/NetworkManagementSocketTagger( 9874): untagSocket(45)
I/NetworkManagementSocketTagger( 9874): untagSocket(45)
I/NetworkManagementSocketTagger( 9874): untagSocket(45)
I/NetworkManagementSocketTagger( 9874): untagSocket(45)
I/System.out( 8881): open:http://stat.moji.com/aMoUp
D/libc-netbsd( 8881): [getaddrinfo]: hostname=stat.moji.com; servname=(null); cache_mode=(null), netid=0; mark=0
D/libc-netbsd( 8881): [getaddrinfo]: ai_addrlen=0; ai_canonname=(null); ai_flags=4; ai_family=0
D/libc-netbsd( 8881): [getaddrinfo]: hostname=stat.moji.com; servname=(null); cache_mode=(null), netid=0; mark=0
D/libc-netbsd( 8881): [getaddrinfo]: ai_addrlen=0; ai_canonname=(null); ai_flags=1024; ai_family=0
D/libc-netbsd(  299): [getaddrinfo]: hostname=stat.moji.com; servname=(null); cache_mode=local, netid=104; mark=917608
D/libc-netbsd(  299): [getaddrinfo]: ai_addrlen=0; ai_canonname=(null); ai_flags=1024; ai_family=0
D/libc-netbsd(  299): default dns: query_ipv6=0, query_ipv4=1
D/libc-netbsd(  299): res_queryN name = stat.moji.com, class = 1, type = 1
D/libc-netbsd(  299): netid=104, dns0:202.96.134.33
D/libc-netbsd(  299): netid=104, dns1:202.96.128.86
D/libc-netbsd(  299): netid=104, dns2:8.8.8.8
I/System.out( 9874): open:https://loc.map.baidu.com/sdk.php
I/System.out( 9874): Close in OkHttp
I/System.out( 9874): [CDS]close[38531]
I/NetworkManagementSocketTagger( 9874): untagSocket(32)
D/libc-netbsd( 9874): [getaddrinfo]: hostname=loc.map.baidu.com; servname=(null); cache_mode=(null), netid=0; mark=0
D/libc-netbsd( 9874): [getaddrinfo]: ai_addrlen=0; ai_canonname=(null); ai_flags=4; ai_family=0
D/libc-netbsd( 9874): [getaddrinfo]: hostname=loc.map.baidu.com; servname=(null); cache_mode=(null), netid=0; mark=0
D/libc-netbsd( 9874): [getaddrinfo]: ai_addrlen=0; ai_canonname=(null); ai_flags=1024; ai_family=0
D/libc-netbsd(  299): [getaddrinfo]: hostname=loc.map.baidu.com; servname=(null); cache_mode=local, netid=104; mark=917608
D/libc-netbsd(  299): [getaddrinfo]: ai_addrlen=0; ai_canonname=(null); ai_flags=1024; ai_family=0
D/libc-netbsd(  299): default dns: query_ipv6=0, query_ipv4=1
D/libc-netbsd(  299): res_queryN name = loc.map.baidu.com, class = 1, type = 1
D/libc-netbsd(  299): res_queryN name = loc.map.baidu.com succeed
D/libc-netbsd( 9874): getaddrinfo: loc.map.baidu.com get result from proxy >>
I/System.out( 9874): propertyValue:true
I/System.out( 9874): [CDS]connect[loc.map.baidu.com/14.215.177.33:443] tm:12
D/libc-netbsd(  299): res_queryN name = stat.moji.com succeed
D/libc-netbsd( 8881): getaddrinfo: stat.moji.com get result from proxy >>
I/System.out( 8881): propertyValue:true
I/System.out( 8881): [CDS]connect[stat.moji.com/59.110.90.183:80] tm:5
D/libc-netbsd( 9874): [getaddrinfo]: hostname=loc.map.baidu.com; servname=(null); cache_mode=(null), netid=0; mark=0
D/libc-netbsd( 9874): [getaddrinfo]: ai_addrlen=0; ai_canonname=(null); ai_flags=4; ai_family=0
I/System.out( 9874): gba_cipher_suite:TLS_ECDHE_RSA_WITH_AES_128_GCM_SHA256
I/System.out( 9874): [OkHttp] sendRequest>>
I/System.out( 9874): [OkHttp] sendRequest<<
I/Cweather( 8881): loadCurrentWeatherInfo cityName: isUserTheme:false temp:31 
I/System.out( 8881): [CDS]close[41293]
I/NetworkManagementSocketTagger( 8881): untagSocket(26)
I/DebugFlymeWeather( 8881): HotwordSwitch hotwordSwitch:1
I/System.out( 8881): [OkHttp] sendRequest>>
I/System.out( 8881): [OkHttp] sendRequest<<
I/NetworkManagementSocketTagger( 9874): untagSocket(32)
I/System.out( 9685): isFirstLocfalse
I/System.out( 8881): open:http://alog.umeng.com/app_logs
D/libc-netbsd( 8881): [getaddrinfo]: hostname=alog.umeng.com; servname=(null); cache_mode=(null), netid=0; mark=0
D/libc-netbsd( 8881): [getaddrinfo]: ai_addrlen=0; ai_canonname=(null); ai_flags=4; ai_family=0
D/libc-netbsd( 8881): [getaddrinfo]: hostname=alog.umeng.com; servname=(null); cache_mode=(null), netid=0; mark=0
D/libc-netbsd( 8881): [getaddrinfo]: ai_addrlen=0; ai_canonname=(null); ai_flags=1024; ai_family=0
D/libc-netbsd(  299): [getaddrinfo]: hostname=alog.umeng.com; servname=(null); cache_mode=local, netid=104; mark=917608
D/libc-netbsd(  299): [getaddrinfo]: ai_addrlen=0; ai_canonname=(null); ai_flags=1024; ai_family=0
D/libc-netbsd(  299): default dns: query_ipv6=0, query_ipv4=1
D/libc-netbsd(  299): res_queryN name = alog.umeng.com, class = 1, type = 1
D/libc-netbsd(  299): res_queryN name = alog.umeng.com succeed
D/libc-netbsd( 8881): getaddrinfo: alog.umeng.com get result from proxy >>
I/System.out( 8881): propertyValue:true
I/System.out( 8881): [CDS]connect[alog.umeng.com/140.205.254.8:80] tm:10
I/NetworkManagementSocketTagger( 8881): untagSocket(35)
I/System.out( 8881): [OkHttp] sendRequest>>
I/System.out( 8881): [OkHttp] sendRequest<<
I/System.out( 8881): open:http://stat.moji.com/aMoUp
I/System.out( 8881): [CDS]EAGAIN in Recvfrom
I/System.out( 8881): [CDS]read byte is 0
I/System.out( 8881): [OkHttp] sendRequest>>
I/System.out( 8881): [OkHttp] sendRequest<<
I/NetworkManagementSocketTagger( 8881): untagSocket(35)
I/System.out( 8881): Close in OkHttp
I/System.out( 8881): [CDS]close[51560]
I/NetworkManagementSocketTagger( 8881): untagSocket(26)
I/libPerfService(  881): 7: set: 1
I/libPerfService(  881): 7: set freq: 0
I/libPerfService(  881): perfSetFavorPid - pid:0, 0
I/libPerfService(  881): perfSetFavorPid - pid:9685, 25d5
I/SurfaceFlinger(  276): [Built-in Screen (type:0)] fps:1.923012,dur:1040.04,max:992.91,min:47.12
W/Watchdog(  881): SWT Watchdog after wait current time:25055143
W/Watchdog(  881): **Get SF Time **1
W/Watchdog(  881): SWT Watchdog before synchronized:25055144
W/Watchdog(  881): SWT Watchdog after synchronized:25055144
W/Watchdog(  881): SWT Watchdog before wait timeout:30000
W/Watchdog(  881): SWT Watchdog before wait current time:25055144
W/Watchdog(  881): SWT Watchdog before wait start:25055144
W/Watchdog(  881): SWT Watchdog before wait CHECK_INTERVAL:30000
I/EMDLOGGER1(  780): MDL rate:18 KB/s, full count:0
I/libPerfService(  881): perfSetFavorPid - pid:0, 0
I/SurfaceFlinger(  276): [Built-in Screen (type:0)] fps:1.975534,dur:1012.38,max:942.69,min:69.69
I/System.out( 9685): isFirstLocfalse
I/thermal_repeater(  322): oh, queryMdThermalInfo (0)Bad file number
I/thermal_repeater(  322): [recvMdThermalInfo] ret=25, strLen=127,  1, 32767,,, -1, 32767, 2
I/SurfaceFlinger(  276): [Built-in Screen (type:0)] fps:0.498373,dur:2006.53,max:2006.53,min:2006.53
I/SurfaceFlinger(  276): [Built-in Screen (type:0)] fps:0.972994,dur:1027.76,max:1027.76,min:1027.76
W/ADB_SERVICES(16908): create_local_service_socket() name=shell:ps
W/ADB_SERVICES(16908): service_to_fd() name=shell:ps
W/ADB_SERVICES(16908): read_meminfo() mem_free=55588
W/ADB_SERVICES(16908): create_subproc ret_fd=17 pid=13263
W/ADB_SERVICES(16908): LS(1549): bound to 'shell:ps' via 17
W/ADB_SERVICES(13263): adb: unable to update oom_score_adj
W/ADB_SERVICES(16908): entered. LS(1549) fd=17
I/EMDLOGGER1(  780): MD writer time out 10 sec.
D/[BT3.0+HS]PAL(  332): == chip_reset_fd is set ==
D/[BT3.0+HS]PAL(  332): 
D/[BT3.0+HS]PAL(  332): invalid reply message
D/[BT3.0+HS]PAL(  332): 
I/KeyguardUpdateMonitor( 1045): handleBatteryUpdate index=0 updateInteresting=false
I/BatteryConsumeMonitor( 1344): init var lastPlugType : 2 lastBatteryChangedLevel : 100
I/libPerfService(  881): perfSetFavorPid - pid:9685, 25d5
I/QuenedWorkProxy( 8391): clean QuenedWork.sPendingWorkFinishers(185342190) size 0
I/QuenedWorkProxy( 8391): clean QuenedWork.sPendingWorkFinishers(185342190) size 0
I/libPerfService(  881): perfSetFavorPid - pid:0, 0
I/SurfaceFlinger(  276): [Built-in Screen (type:0)] fps:0.335697,dur:2978.87,max:2978.87,min:2978.87
I/thermal_repeater(  322): oh, queryMdThermalInfo (0)Bad file number
I/thermal_repeater(  322): [recvMdThermalInfo] ret=25, strLen=127,  1, 32767,,, -1, 32767, 2
I/SurfaceFlinger(  276): [Built-in Screen (type:0)] fps:0.973199,dur:1027.54,max:1027.54,min:1027.54
I/AudioFlinger(  304): setParameters(): io 0, keyvalue mediaserver_monitor=1, calling pid 881
W/AudioALSAHardware(  304): setParameters(), still have param.size() = 1, remain param = "mediaserver_monitor=1"
I/str_params(  304): key: 'mediaserver_monitor' value: '1'
I/AudioPolicyManager(  304): setStreamVolumeIndex stream = 7 index = 15 device = 0x400
D/EMDLOGGER1(  780): CTRL_reader: incoming SPLM req, msgid=6, token=0, result=0
I/EMDLOGGER1(  780): [MDLOG] [stats][buf] L1 : data:0x166ce last:0x4c7be4; (1, 0x5654, 0x4c7be4)(3, 0x91a, 0x4c7aeb)PS : data:0x5f6e last:0x4c7be4; L2 : data:0x4508 last:0x4c7be3; 
D/EMDLOGGER1(  780): CTRL_reader: incoming SPLM req, msgid=6, token=0, result=0
I/EMDLOGGER1(  780): [MDLOG] [stats][mux] MCU : data:0x31651 last:0x4c7ac9; DSP : data:0x0 last:0x0; 
I/SurfaceFlinger(  276): [Built-in Screen (type:0)] fps:0.989495,dur:1010.62,max:1010.62,min:1010.62
D/[BT3.0+HS]PAL(  332): == chip_reset_fd is set ==
D/[BT3.0+HS]PAL(  332): 
D/[BT3.0+HS]PAL(  332): invalid reply message
D/[BT3.0+HS]PAL(  332): 
I/Netd    (  299): Get netlink event, ifname: wlan0 action: 4
I/Netd    (  299): Get netlink event, ifname: wlan0 action: 4
D/[BT3.0+HS]PAL(  332): == chip_reset_fd is set ==
D/[BT3.0+HS]PAL(  332): 
D/[BT3.0+HS]PAL(  332): invalid reply message
D/[BT3.0+HS]PAL(  332): 
E/wpa_supplicant( 1294): This is a Iphone softap!!!!!!! 
E/wpa_supplicant( 1294): This is a Iphone softap!!!!!!! 
E/wpa_supplicant( 1294): This is a Iphone softap!!!!!!! 
E/WifiConfigStore(  881):  rewrite network history for "chaozhouniurouwan"WPA_PSK
E/WifiStateMachine(  881): mIsFullScanOngoing: true, mSendScanResultsBroadcast: false
E/WifiStateMachine(  881): mWifiOnScanCount: 1179
I/libPerfService(  881): perfSetFavorPid - pid:9685, 25d5
I/System.out( 9685): isFirstLocfalse
W/ContextImpl( 9304): Calling a method in the system process without a qualified user: android.app.ContextImpl.startService:1863 android.content.ContextWrapper.startService:516 android.content.ContextWrapper.startService:516 com.meizu.dataservice.ExperienceReceiver.a:-1 com.meizu.dataservice.ExperienceReceiver.onReceive:-1 
D/MDLOGGER_CLEAR_LOG(  780): mdlogger clearLog V4.W1442.1
I/MDLOGGER_CLEAR_LOG(  780): clearLogFolder /storage/sdcard0/mtklog/mdlog1 size is 12 M. Recycle size is 600 M,no need clear log
W/MTKLogger(10981): Maybe device was updated from old version, change property to newer one
I/StorageManagerEx(10981): getInternalStoragePath from Property path=/storage/sdcard0
W/MTKLogger(10981): Maybe device was updated from old version, change property to newer one
I/StorageManagerEx(10981): getInternalStoragePath from Property path=/storage/sdcard0
I/EMDLOGGER1(  780): MDL rate:40 KB/s, full count:0
I/System.out( 9685): isFirstLocfalse
I/thermal_repeater(  322): oh, queryMdThermalInfo (0)Bad file number
I/thermal_repeater(  322): [recvMdThermalInfo] ret=25, strLen=127,  1, 32767,,, -1, 32767, 2
I/libPerfService(  881): perfSetFavorPid - pid:0, 0
I/SurfaceFlinger(  276): [Built-in Screen (type:0)] fps:0.249620,dur:4006.09,max:4006.09,min:4006.09
I/SurfaceFlinger(  276): [Built-in Screen (type:0)] fps:0.990120,dur:1009.98,max:1009.98,min:1009.98
I/SurfaceFlinger(  276): [Built-in Screen (type:0)] fps:1.991462,dur:1004.29,max:995.17,min:9.12
I/System.out( 9685): isFirstLocfalse
I/KeyguardUpdateMonitor( 1045): handleBatteryUpdate index=0 updateInteresting=false
I/BatteryConsumeMonitor( 1344): init var lastPlugType : 2 lastBatteryChangedLevel : 100
I/libPerfService(  881): perfSetFavorPid - pid:9685, 25d5
I/libPerfService(  881): perfSetFavorPid - pid:0, 0
I/QuenedWorkProxy( 8391): clean QuenedWork.sPendingWorkFinishers(185342190) size 0
I/QuenedWorkProxy( 8391): clean QuenedWork.sPendingWorkFinishers(185342190) size 0
I/SurfaceFlinger(  276): [Built-in Screen (type:0)] fps:1.040503,dur:1922.15,max:998.98,min:923.17
I/EMDLOGGER1(  780): MD writer time out 10 sec.
I/thermal_repeater(  322): oh, queryMdThermalInfo (0)Bad file number
I/thermal_repeater(  322): [recvMdThermalInfo] ret=25, strLen=127,  1, 32767,,, -1, 32767, 2
I/SurfaceFlinger(  276): [Built-in Screen (type:0)] fps:2.733102,dur:1097.65,max:1016.01,min:12.00
I/AudioFlinger(  304): setParameters(): io 0, keyvalue mediaserver_monitor=1, calling pid 881
W/AudioALSAHardware(  304): setParameters(), still have param.size() = 1, remain param = "mediaserver_monitor=1"
I/str_params(  304): key: 'mediaserver_monitor' value: '1'
I/AudioPolicyManager(  304): setStreamVolumeIndex stream = 7 index = 15 device = 0x400
D/[BT3.0+HS]PAL(  332): == chip_reset_fd is set ==
D/[BT3.0+HS]PAL(  332): 
D/[BT3.0+HS]PAL(  332): invalid reply message
D/[BT3.0+HS]PAL(  332): 
D/EMDLOGGER1(  780): CTRL_reader: incoming SPLM req, msgid=6, token=0, result=0
I/EMDLOGGER1(  780): [MDLOG] [stats][buf] L1 : data:0x158ca last:0x4c85dd; (1, 0x4360, 0x4c85db)(3, 0x622, 0x4c85d2)PS : data:0x4982 last:0x4c85db; L2 : data:0x345a last:0x4c85da; 
D/EMDLOGGER1(  780): CTRL_reader: incoming SPLM req, msgid=6, token=0, result=0
I/EMDLOGGER1(  780): [MDLOG] [stats][mux] MCU : data:0x2061e last:0x4c8515; DSP : data:0x0 last:0x0; 
I/SurfaceFlinger(  276): [Built-in Screen (type:0)] fps:0.248517,dur:4023.86,max:4023.86,min:4023.86
I/thermal_repeater(  322): oh, queryMdThermalInfo (0)Bad file number
I/thermal_repeater(  322): [recvMdThermalInfo] ret=25, strLen=127,  1, 32767,,, -1, 32767, 2
D/[BT3.0+HS]PAL(  332): == chip_reset_fd is set ==
D/[BT3.0+HS]PAL(  332): 
D/[BT3.0+HS]PAL(  332): invalid reply message
D/[BT3.0+HS]PAL(  332): 
D/[BT3.0+HS]PAL(  332): == chip_reset_fd is set ==
D/[BT3.0+HS]PAL(  332): 
D/[BT3.0+HS]PAL(  332): invalid reply message
D/[BT3.0+HS]PAL(  332): 
I/Netd    (  299): Get netlink event, ifname: wlan0 action: 4
I/Netd    (  299): Get netlink event, ifname: wlan0 action: 4
E/wpa_supplicant( 1294): This is a Iphone softap!!!!!!! 
E/wpa_supplicant( 1294): This is a Iphone softap!!!!!!! 
E/WifiConfigStore(  881):  rewrite network history for "chaozhouniurouwan"WPA_PSK
E/WifiStateMachine(  881): mIsFullScanOngoing: true, mSendScanResultsBroadcast: false
E/WifiStateMachine(  881): mWifiOnScanCount: 1180
I/SurfaceFlinger(  276): [Built-in Screen (type:0)] fps:1.007311,dur:1985.48,max:993.26,min:992.23
I/libPerfService(  881): perfSetFavorPid - pid:9685, 25d5
I/System.out( 9685): isFirstLocfalse
W/ContextImpl( 9304): Calling a method in the system process without a qualified user: android.app.ContextImpl.startService:1863 android.content.ContextWrapper.startService:516 android.content.ContextWrapper.startService:516 com.meizu.dataservice.ExperienceReceiver.a:-1 com.meizu.dataservice.ExperienceReceiver.onReceive:-1 
I/EMDLOGGER1(  780): MDL rate:26 KB/s, full count:0
I/libPerfService(  881): perfSetFavorPid - pid:0, 0
I/System.out( 9685): isFirstLocfalse
I/SurfaceFlinger(  276): [Built-in Screen (type:0)] fps:0.989813,dur:2020.58,max:2018.86,min:1.73
I/KeyguardUpdateMonitor( 1045): handleBatteryUpdate index=0 updateInteresting=false
I/BatteryConsumeMonitor( 1344): init var lastPlugType : 2 lastBatteryChangedLevel : 100
I/libPerfService(  881): perfSetFavorPid - pid:9685, 25d5
I/libPerfService(  881): perfSetFavorPid - pid:0, 0
I/QuenedWorkProxy( 8391): clean QuenedWork.sPendingWorkFinishers(185342190) size 0
I/QuenedWorkProxy( 8391): clean QuenedWork.sPendingWorkFinishers(185342190) size 0
I/thermal_repeater(  322): oh, queryMdThermalInfo (0)Bad file number
I/thermal_repeater(  322): [recvMdThermalInfo] ret=25, strLen=127,  1, 32767,,, -1, 32767, 2
I/SurfaceFlinger(  276): [Built-in Screen (type:0)] fps:1.484439,dur:2020.97,max:1023.15,min:126.84
I/AudioFlinger(  304): setParameters(): io 0, keyvalue mediaserver_monitor=1, calling pid 881
W/AudioALSAHardware(  304): setParameters(), still have param.size() = 1, remain param = "mediaserver_monitor=1"
I/str_params(  304): key: 'mediaserver_monitor' value: '1'
I/AudioPolicyManager(  304): setStreamVolumeIndex stream = 7 index = 15 device = 0x400
W/Watchdog(  881): SWT Watchdog after wait current time:25085144
W/Watchdog(  881): **Get SF Time **1
W/Watchdog(  881): SWT Watchdog before synchronized:25085145
W/Watchdog(  881): SWT Watchdog after synchronized:25085145
W/Watchdog(  881): SWT Watchdog before wait timeout:30000
W/Watchdog(  881): SWT Watchdog before wait current time:25085146
W/Watchdog(  881): SWT Watchdog before wait start:25085146
W/Watchdog(  881): SWT Watchdog before wait CHECK_INTERVAL:30000
I/SurfaceFlinger(  276): [Built-in Screen (type:0)] fps:1.472251,dur:2037.70,max:1055.57,min:7.02
I/EMDLOGGER1(  780): MD writer time out 10 sec.
I/System.out( 9685): isFirstLocfalse
I/thermal_repeater(  322): oh, queryMdThermalInfo (0)Bad file number
I/thermal_repeater(  322): [recvMdThermalInfo] ret=25, strLen=127,  1, 32767,,, -1, 32767, 2
D/EMDLOGGER1(  780): CTRL_reader: incoming SPLM req, msgid=6, token=0, result=0
I/EMDLOGGER1(  780): [MDLOG] [stats][buf] L1 : data:0x19cd2 last:0x4c901e; (1, 0x4a54, 0x4c901e)(3, 0x669, 0x4c8e84)PS : data:0x50bd last:0x4c901e; L2 : data:0x43d8 last:0x4c901e; 
D/EMDLOGGER1(  780): CTRL_reader: incoming SPLM req, msgid=6, token=0, result=0
I/EMDLOGGER1(  780): [MDLOG] [stats][mux] MCU : data:0x298a9 last:0x4c8f04; DSP : data:0x0 last:0x0; 
I/EMDLOGGER1(  780): MDL rate:34 KB/s, full count:0
D/[BT3.0+HS]PAL(  332): == chip_reset_fd is set ==
D/[BT3.0+HS]PAL(  332): 
D/[BT3.0+HS]PAL(  332): invalid reply message
D/[BT3.0+HS]PAL(  332): 
I/BatteryConsumeMonitor( 1344): init var lastPlugType : 2 lastBatteryChangedLevel : 100
I/KeyguardUpdateMonitor( 1045): handleBatteryUpdate index=0 updateInteresting=false
I/libPerfService(  881): perfSetFavorPid - pid:9685, 25d5
I/libPerfService(  881): perfSetFavorPid - pid:0, 0
I/QuenedWorkProxy( 8391): clean QuenedWork.sPendingWorkFinishers(185342190) size 0
I/QuenedWorkProxy( 8391): clean QuenedWork.sPendingWorkFinishers(185342190) size 0
I/SurfaceFlinger(  276): [Built-in Screen (type:0)] fps:0.293648,dur:6810.89,max:5835.35,min:975.54
I/thermal_repeater(  322): oh, queryMdThermalInfo (0)Bad file number
I/thermal_repeater(  322): [recvMdThermalInfo] ret=25, strLen=127,  1, 32767,,, -1, 32767, 2
I/AudioFlinger(  304): setParameters(): io 0, keyvalue mediaserver_monitor=1, calling pid 881
W/AudioALSAHardware(  304): setParameters(), still have param.size() = 1, remain param = "mediaserver_monitor=1"
I/str_params(  304): key: 'mediaserver_monitor' value: '1'
I/AudioPolicyManager(  304): setStreamVolumeIndex stream = 7 index = 15 device = 0x400
D/[BT3.0+HS]PAL(  332): == chip_reset_fd is set ==
D/[BT3.0+HS]PAL(  332): 
D/[BT3.0+HS]PAL(  332): invalid reply message
D/[BT3.0+HS]PAL(  332): 
D/[BT3.0+HS]PAL(  332): == chip_reset_fd is set ==
D/[BT3.0+HS]PAL(  332): 
D/[BT3.0+HS]PAL(  332): invalid reply message
D/[BT3.0+HS]PAL(  332): 
I/Netd    (  299): Get netlink event, ifname: wlan0 action: 4
I/Netd    (  299): Get netlink event, ifname: wlan0 action: 4
E/wpa_supplicant( 1294): This is a Iphone softap!!!!!!! 
E/wpa_supplicant( 1294): This is a Iphone softap!!!!!!! 
E/wpa_supplicant( 1294): This is a Iphone softap!!!!!!! 
E/wpa_supplicant( 1294): This is a Iphone softap!!!!!!! 
E/WifiConfigStore(  881):  rewrite network history for "chaozhouniurouwan"WPA_PSK
E/WifiStateMachine(  881): mIsFullScanOngoing: true, mSendScanResultsBroadcast: false
E/WifiStateMachine(  881): mWifiOnScanCount: 1181
