I/AudioPolicyManager(  300): PolicyForceReplace stream = 1 sampleRate = 44100 
I/AudioFlinger_Threads(  300): reset track timestretch tracn name 4101, ratio 100, mTimeStretchTrackName[name-4096] 0
I/AudioPolicyManager(  300): releaseOutput() 2
I/PanelView( 1041): Max panel height 657,expand height 0.0, shade mode false
I/MeizuKeyguardThemeManager( 1041): setBarState ------ statusBarState=0,keyguardFadingAway=true,goingToFullShade=false,keyguardShowing=false
I/MeizuKeyguardThemeManager( 1041): setBarState 0
I/PhoneStatusBar( 1041): updateNotificationCountChange,mLastHasNotification:false , hasActiveNotifications:true
W/KeyguardViewBase( 1041): setOnDismissAction =null
I/libPerfService(  877): perfSetFavorPid - pid:1620, 654
W/PerfScheduler(  877): Not Boost !
I/PerfService(  274): PerfServiceNative_notifyDisplayType:1
I/StatusBarManagerService(  877): disable by pkg=com.android.systemui
I/MyAnimatorService( 1620): showLauncherAnimation
W/MtpService( 3616): onReceive action: android.intent.action.USER_PRESENT
E/AudioALSAPlaybackHandlerBase(  300): openPcmDriver(), pcm_start(0xf04bd0c0) fail due to cannot start channel: Broken pipe
W/ContextImpl( 1698): Calling a method in the system process without a qualified user: android.app.ContextImpl.startService:1863 android.content.ContextWrapper.startService:516 android.content.ContextWrapper.startService:516 com.meizu.networkmanager.c.r.a:25 com.meizu.networkmanager.boradcast.TrafficGlobalReceiver$2.run:244 
E/Tethering(  877): updateConfiguration: wrong MCCMNC =null
I/Tethering(  877): ifaceTypes = null, use default
I/Tethering(  877): upstreamIfaceTypes.add:0
I/Tethering(  877): upstreamIfaceTypes.add:1
I/Tethering(  877): upstreamIfaceTypes.add:5
I/Tethering(  877): upstreamIfaceTypes.add:7
I/Tethering(  877): upstreamIfaceTypes.add:9
I/Tethering(  877): upstreamIfaceTypes.add:49
I/Tethering(  877): checkDunRequired:2
I/WindowManager(  877): Gaining focus: Window{32c5bfc6 u0 com.meizu.flyme.launcher/com.meizu.flyme.launcher.Launcher}
I/WindowManager(  877): Losing focus: Window{2d945bf0 u0 StatusBar}
E/AudioALSAPlaybackHandlerBase(  300): -getHardwareBufferInfo pcm_get_htimestamp fail, ret = -1, pcm_get_error = cannot start channel: Broken pipe
I/NetworkStatsRecorder(  877): recordSnapshotLocked: ident[[{type=WIFI, subType=COMBINED, networkId=chaozhouniurouwan}]]
W/NetworkStatsRecorder(  877): unknown interfaces [lo, p2p0], ignoring those stats
I/NetworkStatsRecorder(  877): recordSnapshotLocked: ident[[{type=WIFI, subType=COMBINED, networkId=chaozhouniurouwan}]]
W/NetworkStatsRecorder(  877): unknown interfaces [lo, p2p0], ignoring those stats
I/NetworkStatsRecorder(  877): recordSnapshotLocked: ident[[{type=WIFI, subType=COMBINED, networkId=chaozhouniurouwan}]]
I/NetworkStatsRecorder(  877): recordSnapshotLocked: ident[[{type=WIFI, subType=COMBINED, networkId=chaozhouniurouwan}]]
I/NetworkStatsRecorder(  877): recordSnapshotLocked: ident[[{type=WIFI, subType=COMBINED, networkId=chaozhouniurouwan}]]
I/NetworkStatsRecorder(  877): recordSnapshotLocked: ident[[{type=WIFI, subType=COMBINED, networkId=chaozhouniurouwan}]]
W/NetworkStatsRecorder(  877): unknown interfaces [lo, p2p0], ignoring those stats
W/NetworkStatsRecorder(  877): unknown interfaces [lo, p2p0], ignoring those stats
I/Launcher( 1620): launcher guest mode set draglayout visiable
W/InputMethodManagerService(  877): Window already focused, ignoring focus gain of: com.android.internal.view.IInputMethodClient$Stub$Proxy@f38d7a0 attribute=android.view.inputmethod.EditorInfo@32a6bf59, token = android.os.BinderProxy@359d11a1
W/DecodingInfo( 1333): No Engine for Decoding
I/PalmRejection( 1041): disableProximityLockLocked, mProximitySensorEnabled = false
I/PalmRejection( 1041): disableProximityLockLocked() failed... Proximity Sensor already disabled
I/Cweather(30364): loadCurrentWeatherInfo cityName: isUserTheme:false temp:30 
I/auto_update_AppAutoUpdateManager( 3342): current Jobs:103,102,101,
W/auto_update_AppAutoUpdateManager( 3342): --Screen on and cancel scheduler download,switch:true, wifi:true, and Screen on: true, Power Connected: true, Battery: 100(-50|+15), Competitive:false(not check), downloaded size:0, downloaded time:0, available size:0
I/libPerfService(  877): perfSetFavorPid - pid:0, 0
E/AudioFlinger(  300): getNextBuffer, get null buffer
I/SurfaceFlinger(  274): [Built-in Screen (type:0)] fps:18.908123,dur:1004.86,max:522.50,min:7.83
I/AudioFlinger_Threads(  300): pause signal - [NOT READY] on thread
I/AudioPolicyManager(  300): ReleaseFMIndirectMode 
I/AudioPolicyManager(  300): PolicyRestore
I/AudioPolicyManager(  300): stopOutput() output 2, stream 1, session 235
I/AudioPolicyManager(  300): getNewOutputDevice() selected device 0
I/AudioPolicyManager(  300): setOutputDevice() output 2 device 0000 delayMs 184 force 0
I/AudioPolicyManager(  300): setOutputDevice() prevDevice 0002
I/AudioPolicyManager(  300): setOutputDevice() mMutePrevDevice 0002
I/AudioPolicyManager(  300): s 0 c 0 avaDev 3 ba2dpo 0 ba2dpsp 0 dev 2
I/AudioPolicyManager(  300): s 1 c 0 avaDev 3 ba2dpo 0 ba2dpsp 0 dev 1
I/AudioPolicyManager(  300): s 2 c 0 avaDev 3 ba2dpo 0 ba2dpsp 0 dev 2
I/AudioPolicyManager(  300): s 2 c 0 avaDev 3 ba2dpo 0 ba2dpsp 0 dev 2
I/AudioPolicyManager(  300): s 3 c 0 avaDev 3 ba2dpo 0 ba2dpsp 0 dev 2
I/AudioPolicyManager(  300): s 0 c 0 avaDev 3 ba2dpo 0 ba2dpsp 0 dev 2
I/AudioPolicyManager(  300): s 4 c 0 avaDev 3 ba2dpo 0 ba2dpsp 0 dev 2
I/AudioPolicyManager(  300): s 5 c 0 avaDev 3 ba2dpo 0 ba2dpsp 0 dev 2
I/AudioPolicyManager(  300): s 6 c 0 avaDev 3 ba2dpo 0 ba2dpsp 0 dev 2
I/AudioPolicyManager(  300): s 7 c 0 avaDev 3 ba2dpo 0 ba2dpsp 0 dev 2
I/AudioPolicyManager(  300): s 8 c 0 avaDev 3 ba2dpo 0 ba2dpsp 0 dev 2
I/AudioPolicyManager(  300): setOutputDevice() setting same device 0000 or null device for output 2
I/AudioFlinger(  300): setParameters(): io 2, keyvalue FM_DIRECT_CONTROL=0, calling pid 300
I/[MALI][Gralloc](  274): Usage: 0xb00, format: 0x1 stride: 1088 vertical_stride: 66 size: 287232
I/[MALI][Gralloc](  274): Usage: 0xb00, format: 0x1 stride: 1088 vertical_stride: 66 size: 287232
I/[MALI][Gralloc](  274): Usage: 0xb00, format: 0x1 stride: 1088 vertical_stride: 66 size: 287232
I/[MALI][Gralloc](  274): Usage: 0xb00, format: 0x1 stride: 1088 vertical_stride: 66 size: 287232
I/libPerfService(  877): 13: set: 6
I/libPerfService(  877): 13: set freq: 1300000
I/libPerfService(  877): 13: set gpu level: 0
I/libPerfService(  877): 10: set: 4
I/libPerfService(  877): 10: set freq: 1235000
I/libPerfService(  877): 10: set gpu level: 0
I/libPerfService(  877): 12: set: 1
I/libPerfService(  877): 12: set freq: 0
I/libPerfService(  877): 12: set gpu level: 0
W/Watchdog(  877): SWT Watchdog after wait current time:19806396
W/Watchdog(  877): **Get SF Time **1
W/Watchdog(  877): SWT Watchdog before synchronized:19806396
W/Watchdog(  877): SWT Watchdog after synchronized:19806397
W/Watchdog(  877): SWT Watchdog before wait timeout:30000
W/Watchdog(  877): SWT Watchdog before wait current time:19806397
W/Watchdog(  877): SWT Watchdog before wait start:19806397
W/Watchdog(  877): SWT Watchdog before wait CHECK_INTERVAL:30000
I/libPerfService(  877): perfSetFavorPid - pid:1620, 654
I/libPerfService(  877): 7: set: 1
I/libPerfService(  877): 7: set freq: 0
I/thermal_repeater(  323): oh, queryMdThermalInfo (0)Bad file number
I/thermal_repeater(  323): [recvMdThermalInfo] ret=25, strLen=127,  1, 32767,,, -1, 32767, 2
I/AudioFlinger(  300): setParameters(): io 0, keyvalue mediaserver_monitor=1, calling pid 877
W/AudioALSAHardware(  300): setParameters(), still have param.size() = 1, remain param = "mediaserver_monitor=1"
I/str_params(  300): key: 'mediaserver_monitor' value: '1'
I/thermal_repeater(  323): oh, queryMdThermalInfo (0)Bad file number
I/AudioPolicyManager(  300): setStreamVolumeIndex stream = 7 index = 15 device = 0x400
I/thermal_repeater(  323): [recvMdThermalInfo] ret=25, strLen=127,  1, 32767,,, -1, 32767, 2
I/thermal_repeater(  323): oh, queryMdThermalInfo (0)Bad file number
I/thermal_repeater(  323): [recvMdThermalInfo] ret=25, strLen=127,  1, 32767,,, -1, 32767, 2
I/AudioFlinger(  300): setParameters(): io 0, keyvalue mediaserver_monitor=1, calling pid 877
W/AudioALSAHardware(  300): setParameters(), still have param.size() = 1, remain param = "mediaserver_monitor=1"
I/str_params(  300): key: 'mediaserver_monitor' value: '1'
I/AudioPolicyManager(  300): setStreamVolumeIndex stream = 7 index = 15 device = 0x400
I/thermal_repeater(  323): oh, queryMdThermalInfo (0)Bad file number
I/thermal_repeater(  323): [recvMdThermalInfo] ret=25, strLen=127,  1, 32767,,, -1, 32767, 2
I/libPerfService(  877): perfSetFavorPid - pid:0, 0
I/SurfaceFlinger(  274): [Built-in Screen (type:0)] fps:1.882485,dur:19654.87,max:19029.67,min:15.74
I/SurfaceFlinger(  274): [Built-in Screen (type:0)] fps:0.990686,dur:1009.40,max:1009.40,min:1009.40
I/SurfaceFlinger(  274): [Built-in Screen (type:0)] fps:0.989447,dur:1010.67,max:1010.67,min:1010.67
I/libPerfService(  877): perfSetFavorPid - pid:1620, 654
I/libPerfService(  877): perfSetFavorPid - pid:0, 0
I/libPerfService(  877): perfSetFavorPid - pid:1620, 654
I/thermal_repeater(  323): oh, queryMdThermalInfo (0)Bad file number
I/thermal_repeater(  323): [recvMdThermalInfo] ret=25, strLen=127,  1, 32767,,, -1, 32767, 2
I/libPerfService(  877): perfSetFavorPid - pid:0, 0
I/SurfaceFlinger(  274): [Built-in Screen (type:0)] fps:0.989989,dur:2020.22,max:1236.71,min:783.52
I/AudioFlinger(  300): setParameters(): io 0, keyvalue mediaserver_monitor=1, calling pid 877
W/AudioALSAHardware(  300): setParameters(), still have param.size() = 1, remain param = "mediaserver_monitor=1"
I/str_params(  300): key: 'mediaserver_monitor' value: '1'
I/AudioPolicyManager(  300): setStreamVolumeIndex stream = 7 index = 15 device = 0x400
I/thermal_repeater(  323): oh, queryMdThermalInfo (0)Bad file number
I/thermal_repeater(  323): [recvMdThermalInfo] ret=25, strLen=127,  1, 32767,,, -1, 32767, 2
I/NetworkStatsRecorder(  877): recordSnapshotLocked: ident[[{type=WIFI, subType=COMBINED, networkId=chaozhouniurouwan}]]
W/NetworkStatsRecorder(  877): unknown interfaces [lo, p2p0], ignoring those stats
I/NetworkStatsRecorder(  877): recordSnapshotLocked: ident[[{type=WIFI, subType=COMBINED, networkId=chaozhouniurouwan}]]
W/NetworkStatsRecorder(  877): unknown interfaces [lo, p2p0], ignoring those stats
I/NetworkStatsRecorder(  877): recordSnapshotLocked: ident[[{type=WIFI, subType=COMBINED, networkId=chaozhouniurouwan}]]
W/NetworkStatsRecorder(  877): unknown interfaces [lo, p2p0], ignoring those stats
W/NetworkStatsRecorder(  877): unknown interfaces [lo, p2p0], ignoring those stats
I/libPerfService(  877): perfSetFavorPid - pid:1620, 654
W/Watchdog(  877): SWT Watchdog after wait current time:19836397
W/Watchdog(  877): **Get SF Time **1
W/Watchdog(  877): SWT Watchdog before synchronized:19836398
W/Watchdog(  877): SWT Watchdog after synchronized:19836398
W/Watchdog(  877): SWT Watchdog before wait timeout:30000
W/Watchdog(  877): SWT Watchdog before wait current time:19836398
W/Watchdog(  877): SWT Watchdog before wait start:19836398
W/Watchdog(  877): SWT Watchdog before wait CHECK_INTERVAL:30000
I/thermal_repeater(  323): oh, queryMdThermalInfo (0)Bad file number
I/thermal_repeater(  323): [recvMdThermalInfo] ret=25, strLen=127,  1, 32767,,, -1, 32767, 2
I/libPerfService(  877): perfSetFavorPid - pid:0, 0
I/SurfaceFlinger(  274): [Built-in Screen (type:0)] fps:0.071226,dur:14039.83,max:14039.83,min:14039.83
I/AudioFlinger(  300): setParameters(): io 0, keyvalue mediaserver_monitor=1, calling pid 877
W/AudioALSAHardware(  300): setParameters(), still have param.size() = 1, remain param = "mediaserver_monitor=1"
I/str_params(  300): key: 'mediaserver_monitor' value: '1'
I/AudioPolicyManager(  300): setStreamVolumeIndex stream = 7 index = 15 device = 0x400
I/thermal_repeater(  323): oh, queryMdThermalInfo (0)Bad file number
I/thermal_repeater(  323): [recvMdThermalInfo] ret=25, strLen=127,  1, 32767,,, -1, 32767, 2
I/SurfaceFlinger(  274): [Built-in Screen (type:0)] fps:0.494885,dur:2020.67,max:2020.67,min:2020.67
I/thermal_repeater(  323): oh, queryMdThermalInfo (0)Bad file number
I/thermal_repeater(  323): [recvMdThermalInfo] ret=25, strLen=127,  1, 32767,,, -1, 32767, 2
I/AudioFlinger(  300): setParameters(): io 0, keyvalue mediaserver_monitor=1, calling pid 877
W/AudioALSAHardware(  300): setParameters(), still have param.size() = 1, remain param = "mediaserver_monitor=1"
I/str_params(  300): key: 'mediaserver_monitor' value: '1'
I/AudioPolicyManager(  300): setStreamVolumeIndex stream = 7 index = 15 device = 0x400
I/thermal_repeater(  323): oh, queryMdThermalInfo (0)Bad file number
I/thermal_repeater(  323): [recvMdThermalInfo] ret=25, strLen=127,  1, 32767,,, -1, 32767, 2
I/SurfaceFlinger(  274): [Built-in Screen (type:0)] fps:0.099487,dur:10051.52,max:10051.52,min:10051.52
I/crashsdk(31622): Begin update unexp info ...
I/crashsdk(31622): Update unexp info took 5 ms
I/SurfaceFlinger(  274): [Built-in Screen (type:0)] fps:0.989743,dur:2020.73,max:1028.36,min:992.36
I/SurfaceFlinger(  274): [Built-in Screen (type:0)] fps:0.990611,dur:1009.48,max:1009.48,min:1009.48
I/libPerfService(  877): 11: set: 2
I/thermal_repeater(  323): oh, queryMdThermalInfo (0)Bad file number
I/thermal_repeater(  323): [recvMdThermalInfo] ret=25, strLen=127,  1, 32767,,, -1, 32767, 2
I/libPerfService(  877): 11: set: 1
I/libPerfService(  877): 11: set freq: 0
I/libPerfService(  877): 11: set gpu level: 0
I/libPerfService(  877): perfSetFavorPid - pid:1620, 654
I/AudioFlinger(  300): setParameters(): io 0, keyvalue mediaserver_monitor=1, calling pid 877
W/AudioALSAHardware(  300): setParameters(), still have param.size() = 1, remain param = "mediaserver_monitor=1"
I/str_params(  300): key: 'mediaserver_monitor' value: '1'
I/AudioPolicyManager(  300): setStreamVolumeIndex stream = 7 index = 15 device = 0x400
I/thermal_repeater(  323): oh, queryMdThermalInfo (0)Bad file number
I/thermal_repeater(  323): [recvMdThermalInfo] ret=25, strLen=127,  1, 32767,,, -1, 32767, 2
I/PowerManagerService(  877): Going to sleep due to screen timeout (uid 1000)...
I/PowerManagerService(  877): Going to sleep due to lid switch (uid 1000)...
I/PowerManagerService(  877): Sleeping (uid 1000)...
I/ActivityManager(  877): onWakefulnessChanged: 3
I/SensorHAL(  877): Dev Active, handle: 4, name: LSM6DS3 Accelerometer Sensor, enable: 0.
I/SensorHAL(  877): SensorBase::Enable. name: LSM6DS3 Accelerometer Sensor, enable: 0
I/SensorHAL(  877): HWSensorBase::Enable, handle: 4, name: lsm6ds3_accel, enable: 0
I/PalmRejection( 1041): disableProximityLockLocked, mProximitySensorEnabled = false
I/PalmRejection( 1041): disableProximityLockLocked() failed... Proximity Sensor already disabled
I/SurfaceFlinger(  274): [Built-in Screen (type:0)] fps:0.142059,dur:7039.33,max:7039.33,min:7039.33
I/libPerfService(  877): perfSetFavorPid - pid:0, 0
I/[MALI][Gralloc](  274): Usage: 0x333, format: 0x1 stride: 1088 vertical_stride: 1920 size: 8355840
I/libPerfService(  877): perfSetFavorPid - pid:1620, 654
I/PhoneStatusBar( 1041): updateNotificationCountChange,mLastHasNotification:true , hasActiveNotifications:true
I/[MALI][Gralloc](  274): Usage: 0xb00, format: 0x1 stride: 1088 vertical_stride: 1920 size: 8355840
I/[MALI][Gralloc](  274): Usage: 0xb00, format: 0x1 stride: 1088 vertical_stride: 1920 size: 8355840
I/PerfService(  274): PerfServiceNative_notifyDisplayType:0
I/BatteryConsumeMonitor( 1287): watting idle mode !
I/[MALI][Gralloc](  274): Usage: 0xb00, format: 0x1 stride: 1088 vertical_stride: 1920 size: 8355840
I/PhoneStatusBar( 1041): updateNotificationCountChange,mLastHasNotification:true , hasActiveNotifications:true
I/SensorHAL(  877): Dev Batch, handle: 7, name: LSM6DS3 Step Counter Sensor
I/SensorHAL(  877): Dev Flush, handle: 7, name: LSM6DS3 Step Counter Sensor, ret: -22
I/[MALI][Gralloc](  274): Usage: 0xb00, format: 0x1 stride: 1088 vertical_stride: 1920 size: 8355840
E/WifiStateMachine(  877): cancelDelayedScan -> 16
E/native  (  877): do suspend true
I/AudioFlinger(  300): setParameters(): io 0, keyvalue screen_state=off, calling pid 877
I/str_params(  300): key: 'screen_state' value: 'off'
I/wpa_supplicant( 1206): wpa_driver_nl80211_driver_cmd: buf =  ret = 2 used = 2 total = 4096
W/DecodingInfo( 1333): No Engine for Decoding
I/CalendarAgendaWidget(32591): onReceive action = android.intent.action.ACCESS_CONTROL_CHANGED
I/CalendarAgendaWidget(32591): onReceive action = android.intent.action.ACCESS_CONTROL_CHANGED
W/ContextImpl( 1698): Calling a method in the system process without a qualified user: android.app.ContextImpl.startService:1863 android.content.ContextWrapper.startService:516 com.meizu.networkmanager.c.r.a:25 com.meizu.networkmanager.boradcast.b$1$1.run:67 <bottom of call stack> 
I/Launcher( 1620): launcher stats1 = WORKSPACE
I/NetworkStatsRecorder(  877): recordSnapshotLocked: ident[[{type=WIFI, subType=COMBINED, networkId=chaozhouniurouwan}]]
W/NetworkStatsRecorder(  877): unknown interfaces [lo, p2p0], ignoring those stats
I/NetworkStatsRecorder(  877): recordSnapshotLocked: ident[[{type=WIFI, subType=COMBINED, networkId=chaozhouniurouwan}]]
W/NetworkStatsRecorder(  877): unknown interfaces [lo, p2p0], ignoring those stats
I/NetworkStatsRecorder(  877): recordSnapshotLocked: ident[[{type=WIFI, subType=COMBINED, networkId=chaozhouniurouwan}]]
W/NetworkStatsRecorder(  877): unknown interfaces [lo, p2p0], ignoring those stats
W/NetworkStatsRecorder(  877): unknown interfaces [lo, p2p0], ignoring those stats
W/auto_update_AppAutoUpdateManager( 3342): --Screen off but update app size == 0,switch:true, wifi:true, and Screen on: false, Power Connected: true, Battery: 100(-50|+15), Competitive:false(not check), downloaded size:0, downloaded time:0, available size:0
I/PreDownloadAndBookAppManager( 3342): normalCheck: true, post delay 2 min to  start book download task
I/SensorHAL(  877): Dev Active, handle: 2, name: LTR559 Proximity Sensor, enable: 0.
I/SensorHAL(  877): SensorBase::Enable. name: LTR559 Proximity Sensor, enable: 0
I/SensorHAL(  877): HWSensorBase::Enable, handle: 2, name: lsm6ds3_proximity, enable: 0
I/SensorHAL(  877): Dev Active, handle: 1, name: LTR559 Light Sensor, enable: 0.
I/SensorHAL(  877): SensorBase::Enable. name: LTR559 Light Sensor, enable: 0
I/SensorHAL(  877): HWSensorBase::Enable, handle: 1, name: lsm6ds3_light, enable: 0
I/DisplayManagerService(  877): Display device changed: DisplayDeviceInfo{"": uniqueId="local:0", 1080 x 1920, 57.490005 fps, supportedRefreshRates [57.490005], density 480, 480.0 x 480.0 dpi, appVsyncOff -8000000, presDeadline 26394328, touch INTERNAL, rotation 0, type BUILT_IN, state OFF, subtype 0, FLAG_DEFAULT_DISPLAY, FLAG_ROTATES_WITH_CONTENT, FLAG_SECURE, FLAG_SUPPORTS_PROTECTED_BUFFERS}
I/hwcomposer(  274): [HWC] SetPowerMode(0) Display(0)
I/PerfService(  274): PerfServiceNative_notifyDisplayType:1
I/ActivityManager(  877): onWakefulnessChanged: 0
W/recents.Component( 1041): create a new LoadPlan to load thumbnail -- background
W/recents.Performance( 1041): preload while task Change spend : 3
W/Watchdog(  877): SWT Watchdog after wait current time:19866399
W/Watchdog(  877): **Get SF Time **1
W/Watchdog(  877): SWT Watchdog before synchronized:19866399
W/Watchdog(  877): SWT Watchdog after synchronized:19866399
W/Watchdog(  877): SWT Watchdog before wait timeout:30000
W/Watchdog(  877): SWT Watchdog before wait current time:19866399
W/Watchdog(  877): SWT Watchdog before wait start:19866399
W/Watchdog(  877): SWT Watchdog before wait CHECK_INTERVAL:30000
I/thermal_repeater(  323): oh, queryMdThermalInfo (0)Bad file number
I/thermal_repeater(  323): [recvMdThermalInfo] ret=25, strLen=127,  1, 32767,,, -1, 32767, 2
I/MeizuKeyguardThemeManager( 1041): setBarState ------ statusBarState=1,keyguardFadingAway=false,goingToFullShade=false,keyguardShowing=true
I/MeizuKeyguardThemeManager( 1041): setBarState 1
I/ChargeViewUtils( 1041): updateChargingState shouldChargingViewShow = true , mPluggedIn = true
I/PhoneStatusBar( 1041): updateNotificationCountChange,mLastHasNotification:true , hasActiveNotifications:false
I/ChargeViewUtils( 1041): onRefreshBatteryInfo
I/ChargeViewUtils( 1041): updateChargingState shouldChargingViewShow = true , mPluggedIn = true
I/ChargeViewUtils( 1041): onRefreshBatteryInfo
I/ChargeViewUtils( 1041): updateChargingState shouldChargingViewShow = true , mPluggedIn = true
I/ChargeViewUtils( 1041): updateChargingState shouldChargingViewShow = true , mPluggedIn = true
W/KeyguardViewBase( 1041): setOnDismissAction =null
I/StatusBarManagerService(  877): disable by pkg=com.android.systemui
I/MyAnimatorService( 1620): hideLauncher
I/WindowManager(  877): Gaining focus: Window{2d945bf0 u0 StatusBar}
I/PanelView( 1041): Max panel height 812,expand height 0.0, shade mode false
W/View    ( 1041): requestLayout() improperly called by android.widget.FrameLayout{2ac9c3ae V.E..... ......ID 0,2681-1080,2681 #7f1002a2 app:id/mz_dismiss_view} during layout: running second layout pass
I/PanelView( 1041): Max panel height 657,expand height 0.0, shade mode false
I/PanelView( 1041): Max panel height 657,expand height 657.0, shade mode false
I/ChargeViewUtils( 1041): updateChargingState shouldChargingViewShow = true , mPluggedIn = true
I/art     ( 1041): Background partial concurrent mark sweep GC freed 5849(351KB) AllocSpace objects, 14(17MB) LOS objects, 4% free, 86MB/90MB, paused 2.545ms total 192.877ms
I/PanelView( 1041): Max panel height 657,expand height 657.0, shade mode false
W/View    ( 1041): requestLayout() improperly called by android.widget.FrameLayout{2ac9c3ae V.E..... ......ID 0,2526-1080,2526 #7f1002a2 app:id/mz_dismiss_view} during second layout pass: posting in next frame
I/PanelView( 1041): Max panel height 657,expand height 657.0, shade mode false
I/libPerfService(  877): perfSetFavorPid - pid:0, 0
I/[MALI][Gralloc](  274): Usage: 0xb00, format: 0x1 stride: 1088 vertical_stride: 1920 size: 8355840
I/[MALI][Gralloc](  274): Usage: 0xb00, format: 0x1 stride: 1088 vertical_stride: 1920 size: 8355840
E/Tethering(  877): updateConfiguration: wrong MCCMNC =null
I/Tethering(  877): ifaceTypes = null, use default
I/Tethering(  877): upstreamIfaceTypes.add:0
I/Tethering(  877): upstreamIfaceTypes.add:1
I/Tethering(  877): upstreamIfaceTypes.add:5
I/Tethering(  877): upstreamIfaceTypes.add:7
I/Tethering(  877): upstreamIfaceTypes.add:9
I/Tethering(  877): upstreamIfaceTypes.add:49
I/Tethering(  877): checkDunRequired:2
I/AudioFlinger(  300): setParameters(): io 0, keyvalue mediaserver_monitor=1, calling pid 877
W/AudioALSAHardware(  300): setParameters(), still have param.size() = 1, remain param = "mediaserver_monitor=1"
I/str_params(  300): key: 'mediaserver_monitor' value: '1'
I/AudioPolicyManager(  300): setStreamVolumeIndex stream = 7 index = 15 device = 0x400
I/thermal_repeater(  323): oh, queryMdThermalInfo (0)Bad file number
I/thermal_repeater(  323): [recvMdThermalInfo] ret=25, strLen=127,  1, 32767,,, -1, 32767, 2
I/thermal_repeater(  323): oh, queryMdThermalInfo (0)Bad file number
I/thermal_repeater(  323): [recvMdThermalInfo] ret=25, strLen=127,  1, 32767,,, -1, 32767, 2
I/AudioFlinger(  300): setParameters(): io 0, keyvalue mediaserver_monitor=1, calling pid 877
W/AudioALSAHardware(  300): setParameters(), still have param.size() = 1, remain param = "mediaserver_monitor=1"
I/str_params(  300): key: 'mediaserver_monitor' value: '1'
I/AudioPolicyManager(  300): setStreamVolumeIndex stream = 7 index = 15 device = 0x400
I/thermal_repeater(  323): oh, queryMdThermalInfo (0)Bad file number
I/thermal_repeater(  323): [recvMdThermalInfo] ret=25, strLen=127,  1, 32767,,, -1, 32767, 2
I/libPerfService(  877): perfSetFavorPid - pid:1620, 654
I/PanelView( 1041): Max panel height 657,expand height 657.0, shade mode false
I/PanelView( 1041): Max panel height 657,expand height 657.0, shade mode false
I/thermal_repeater(  323): oh, queryMdThermalInfo (0)Bad file number
I/thermal_repeater(  323): [recvMdThermalInfo] ret=25, strLen=127,  1, 32767,,, -1, 32767, 2
I/AudioFlinger(  300): setParameters(): io 0, keyvalue mediaserver_monitor=1, calling pid 877
W/AudioALSAHardware(  300): setParameters(), still have param.size() = 1, remain param = "mediaserver_monitor=1"
I/str_params(  300): key: 'mediaserver_monitor' value: '1'
I/AudioPolicyManager(  300): setStreamVolumeIndex stream = 7 index = 15 device = 0x400
I/thermal_repeater(  323): oh, queryMdThermalInfo (0)Bad file number
I/thermal_repeater(  323): [recvMdThermalInfo] ret=25, strLen=127,  1, 32767,,, -1, 32767, 2
I/System.out( 1620): open:http://113.113.98.20/lighttps?ef=qmwklMuvzdfaB2f392jsrnE%2FaH%2BLp%2Fb3NEe1WlzBhzBis5A%2FmeyUdPMNNl7gRJtReAD45La3rbYjAQaCJFUBiREM8M42VVj1HXKR4afUJflq3iWrndJAyXjv38yku4GwBwzyv%2FtTnvofx7%2B47cunRLJAbDGlEwzqYgrB96QKayE7NU8pR1Eg8wyBdWPjVPnn68e0oEkAWSSU9ubNx%2BDp5w%3D%3D
D/libc-netbsd( 1620): [getaddrinfo]: hostname=113.113.98.20; servname=(null); cache_mode=(null), netid=0; mark=0
D/libc-netbsd( 1620): [getaddrinfo]: ai_addrlen=0; ai_canonname=(null); ai_flags=4; ai_family=0
D/libc-netbsd( 1620): [getaddrinfo]: hostname=113.113.98.20; servname=(null); cache_mode=(null), netid=0; mark=0
D/libc-netbsd( 1620): [getaddrinfo]: ai_addrlen=0; ai_canonname=(null); ai_flags=4; ai_family=0
I/System.out( 1620): [CDS]connect[/113.113.98.20:80] tm:30
I/System.out( 1620): Close in OkHttp
I/System.out( 1620): [CDS]close[38198]
I/NetworkManagementSocketTagger( 1620): untagSocket(69)
I/System.out( 1620): Close in OkHttp
I/System.out( 1620): [CDS]close[33307]
I/NetworkManagementSocketTagger( 1620): untagSocket(86)
I/System.out( 1620): [OkHttp] sendRequest>>
I/System.out( 1620): [OkHttp] sendRequest<<
I/NetworkManagementSocketTagger( 1620): untagSocket(79)
W/Watchdog(  877): SWT Watchdog after wait current time:19896399
W/Watchdog(  877): **Get SF Time **1
W/Watchdog(  877): SWT Watchdog before synchronized:19896399
W/Watchdog(  877): SWT Watchdog after synchronized:19896399
W/Watchdog(  877): SWT Watchdog before wait timeout:30000
W/Watchdog(  877): SWT Watchdog before wait current time:19896400
W/Watchdog(  877): SWT Watchdog before wait start:19896400
W/Watchdog(  877): SWT Watchdog before wait CHECK_INTERVAL:30000
I/thermal_repeater(  323): oh, queryMdThermalInfo (0)Bad file number
I/thermal_repeater(  323): [recvMdThermalInfo] ret=25, strLen=127,  1, 32767,,, -1, 32767, 2
I/AudioFlinger(  300): setParameters(): io 0, keyvalue mediaserver_monitor=1, calling pid 877
W/AudioALSAHardware(  300): setParameters(), still have param.size() = 1, remain param = "mediaserver_monitor=1"
I/str_params(  300): key: 'mediaserver_monitor' value: '1'
I/AudioPolicyManager(  300): setStreamVolumeIndex stream = 7 index = 15 device = 0x400
I/thermal_repeater(  323): oh, queryMdThermalInfo (0)Bad file number
I/thermal_repeater(  323): [recvMdThermalInfo] ret=25, strLen=127,  1, 32767,,, -1, 32767, 2
I/thermal_repeater(  323): oh, queryMdThermalInfo (0)Bad file number
I/thermal_repeater(  323): [recvMdThermalInfo] ret=25, strLen=127,  1, 32767,,, -1, 32767, 2
I/AudioFlinger(  300): setParameters(): io 0, keyvalue mediaserver_monitor=1, calling pid 877
W/AudioALSAHardware(  300): setParameters(), still have param.size() = 1, remain param = "mediaserver_monitor=1"
I/str_params(  300): key: 'mediaserver_monitor' value: '1'
I/AudioPolicyManager(  300): setStreamVolumeIndex stream = 7 index = 15 device = 0x400
I/thermal_repeater(  323): oh, queryMdThermalInfo (0)Bad file number
I/thermal_repeater(  323): [recvMdThermalInfo] ret=25, strLen=127,  1, 32767,,, -1, 32767, 2
I/thermal_repeater(  323): oh, queryMdThermalInfo (0)Bad file number
I/thermal_repeater(  323): [recvMdThermalInfo] ret=25, strLen=127,  1, 32767,,, -1, 32767, 2
I/AudioFlinger(  300): setParameters(): io 0, keyvalue mediaserver_monitor=1, calling pid 877
W/AudioALSAHardware(  300): setParameters(), still have param.size() = 1, remain param = "mediaserver_monitor=1"
I/str_params(  300): key: 'mediaserver_monitor' value: '1'
I/AudioPolicyManager(  300): setStreamVolumeIndex stream = 7 index = 15 device = 0x400
I/thermal_repeater(  323): oh, queryMdThermalInfo (0)Bad file number
I/thermal_repeater(  323): [recvMdThermalInfo] ret=25, strLen=127,  1, 32767,,, -1, 32767, 2
W/Watchdog(  877): SWT Watchdog after wait current time:19926400
W/Watchdog(  877): **Get SF Time **1
W/Watchdog(  877): SWT Watchdog before synchronized:19926400
W/Watchdog(  877): SWT Watchdog after synchronized:19926400
W/Watchdog(  877): SWT Watchdog before wait timeout:30000
W/Watchdog(  877): SWT Watchdog before wait current time:19926400
W/Watchdog(  877): SWT Watchdog before wait start:19926400
W/Watchdog(  877): SWT Watchdog before wait CHECK_INTERVAL:30000
I/thermal_repeater(  323): oh, queryMdThermalInfo (0)Bad file number
I/thermal_repeater(  323): [recvMdThermalInfo] ret=25, strLen=127,  1, 32767,,, -1, 32767, 2
I/AudioFlinger(  300): setParameters(): io 0, keyvalue mediaserver_monitor=1, calling pid 877
W/AudioALSAHardware(  300): setParameters(), still have param.size() = 1, remain param = "mediaserver_monitor=1"
I/str_params(  300): key: 'mediaserver_monitor' value: '1'
I/AudioPolicyManager(  300): setStreamVolumeIndex stream = 7 index = 15 device = 0x400
I/thermal_repeater(  323): oh, queryMdThermalInfo (0)Bad file number
I/thermal_repeater(  323): [recvMdThermalInfo] ret=25, strLen=127,  1, 32767,,, -1, 32767, 2
I/thermal_repeater(  323): oh, queryMdThermalInfo (0)Bad file number
I/thermal_repeater(  323): [recvMdThermalInfo] ret=25, strLen=127,  1, 32767,,, -1, 32767, 2
I/AudioFlinger(  300): setParameters(): io 0, keyvalue mediaserver_monitor=1, calling pid 877
W/AudioALSAHardware(  300): setParameters(), still have param.size() = 1, remain param = "mediaserver_monitor=1"
I/str_params(  300): key: 'mediaserver_monitor' value: '1'
I/AudioPolicyManager(  300): setStreamVolumeIndex stream = 7 index = 15 device = 0x400
I/thermal_repeater(  323): oh, queryMdThermalInfo (0)Bad file number
I/thermal_repeater(  323): [recvMdThermalInfo] ret=25, strLen=127,  1, 32767,,, -1, 32767, 2
I/ProcessStatsService(  877): Prepared write state in 2ms
I/PanelView( 1041): Max panel height 657,expand height 657.0, shade mode false
I/PanelView( 1041): Max panel height 657,expand height 657.0, shade mode false
I/thermal_repeater(  323): oh, queryMdThermalInfo (0)Bad file number
I/thermal_repeater(  323): [recvMdThermalInfo] ret=25, strLen=127,  1, 32767,,, -1, 32767, 2
I/AudioFlinger(  300): setParameters(): io 0, keyvalue mediaserver_monitor=1, calling pid 877
W/AudioALSAHardware(  300): setParameters(), still have param.size() = 1, remain param = "mediaserver_monitor=1"
I/str_params(  300): key: 'mediaserver_monitor' value: '1'
I/AudioPolicyManager(  300): setStreamVolumeIndex stream = 7 index = 15 device = 0x400
I/thermal_repeater(  323): oh, queryMdThermalInfo (0)Bad file number
I/thermal_repeater(  323): [recvMdThermalInfo] ret=25, strLen=127,  1, 32767,,, -1, 32767, 2
W/Watchdog(  877): SWT Watchdog after wait current time:19956400
W/Watchdog(  877): **Get SF Time **1
W/Watchdog(  877): SWT Watchdog before synchronized:19956401
W/Watchdog(  877): SWT Watchdog after synchronized:19956401
W/Watchdog(  877): SWT Watchdog before wait timeout:30000
W/Watchdog(  877): SWT Watchdog before wait current time:19956401
W/Watchdog(  877): SWT Watchdog before wait start:19956401
W/Watchdog(  877): SWT Watchdog before wait CHECK_INTERVAL:30000
I/thermal_repeater(  323): oh, queryMdThermalInfo (0)Bad file number
I/thermal_repeater(  323): [recvMdThermalInfo] ret=25, strLen=127,  1, 32767,,, -1, 32767, 2
I/AudioFlinger(  300): setParameters(): io 0, keyvalue mediaserver_monitor=1, calling pid 877
W/AudioALSAHardware(  300): setParameters(), still have param.size() = 1, remain param = "mediaserver_monitor=1"
I/str_params(  300): key: 'mediaserver_monitor' value: '1'
I/AudioPolicyManager(  300): setStreamVolumeIndex stream = 7 index = 15 device = 0x400
I/thermal_repeater(  323): oh, queryMdThermalInfo (0)Bad file number
I/thermal_repeater(  323): [recvMdThermalInfo] ret=25, strLen=127,  1, 32767,,, -1, 32767, 2
I/thermal_repeater(  323): oh, queryMdThermalInfo (0)Bad file number
I/thermal_repeater(  323): [recvMdThermalInfo] ret=25, strLen=127,  1, 32767,,, -1, 32767, 2
I/AudioFlinger(  300): setParameters(): io 0, keyvalue mediaserver_monitor=1, calling pid 877
W/AudioALSAHardware(  300): setParameters(), still have param.size() = 1, remain param = "mediaserver_monitor=1"
I/str_params(  300): key: 'mediaserver_monitor' value: '1'
I/AudioPolicyManager(  300): setStreamVolumeIndex stream = 7 index = 15 device = 0x400
I/thermal_repeater(  323): oh, queryMdThermalInfo (0)Bad file number
I/thermal_repeater(  323): [recvMdThermalInfo] ret=25, strLen=127,  1, 32767,,, -1, 32767, 2
I/thermal_repeater(  323): oh, queryMdThermalInfo (0)Bad file number
I/thermal_repeater(  323): [recvMdThermalInfo] ret=25, strLen=127,  1, 32767,,, -1, 32767, 2
I/AudioFlinger(  300): setParameters(): io 0, keyvalue mediaserver_monitor=1, calling pid 877
W/AudioALSAHardware(  300): setParameters(), still have param.size() = 1, remain param = "mediaserver_monitor=1"
I/str_params(  300): key: 'mediaserver_monitor' value: '1'
I/AudioPolicyManager(  300): setStreamVolumeIndex stream = 7 index = 15 device = 0x400
I/thermal_repeater(  323): oh, queryMdThermalInfo (0)Bad file number
I/thermal_repeater(  323): [recvMdThermalInfo] ret=25, strLen=127,  1, 32767,,, -1, 32767, 2
W/JobSchedulerService( 3342): onCreate:103,102,105,101,
W/JobSchedulerService( 3342): onStartJob:105,currentJobs:103,102,105,101,
W/JobServiceContext(  877): verifyCallingUid.487..:[ComponentInfo{com.meizu.mstore/com.meizu.cloud.app.jobscheduler.JobSchedulerService},jId=105,u0,R=(-00:00,-00:00),N=2,C=false,I=false,F=0,P=false(READY)]
W/JobServiceContext(  877): verifyCallingUid. END
W/JobSchedulerService( 3342): onStartJob:101,currentJobs:103,102,105,101,
W/JobServiceContext(  877): verifyCallingUid.721..:[ComponentInfo{com.meizu.mstore/com.meizu.cloud.app.jobscheduler.JobSchedulerService},jId=101,u0,R=(-02:03,57:56),N=2,C=false,I=false,F=0,P=false(READY)]
W/JobServiceContext(  877): verifyCallingUid. END
W/JobServiceContext(  877): verifyCallingUid.487..:[ComponentInfo{com.meizu.mstore/com.meizu.cloud.app.jobscheduler.JobSchedulerService},jId=105,u0,R=(-00:00,-00:00),N=2,C=false,I=false,F=0,P=false(READY)]
W/JobServiceContext(  877): verifyCallingUid. END
W/JobServiceContext(  877): closeAndCleanupJobH.487..:[ComponentInfo{com.meizu.mstore/com.meizu.cloud.app.jobscheduler.JobSchedulerService},jId=105,u0,R=(-00:00,-00:00),N=2,C=false,I=false,F=0,P=false(READY)]
W/JobSchedulerService( 3342): onStartJob:105,currentJobs:103,102,101,
W/JobServiceContext(  877): verifyCallingUid.487..:[ComponentInfo{com.meizu.mstore/com.meizu.cloud.app.jobscheduler.JobSchedulerService},jId=105,u0,R=(-00:00,-00:00),N=2,C=false,I=false,F=0,P=false(READY)]
W/JobServiceContext(  877): verifyCallingUid. END
I/auto_update_AppAutoUpdateManager( 3342): runAutoUpdateJobPeriod,start:true,interval:3846/240 minutes,throttle:true,switch:true, wifi:true, and Screen on: false, Power Connected: true, Battery: 100(-50|+15), Competitive:false(not check), downloaded size:0, downloaded time:0, available size:0
E/auto_update_AppAutoUpdateManager( 3342): no app need to update,next time:360 minutes later,switch:true, wifi:true, and Screen on: false, Power Connected: true, Battery: 100(-50|+15), Competitive:false(not check), downloaded size:0, downloaded time:0, available size:0
I/auto_update_AppAutoUpdateManager( 3342): switch:true, wifi:true, and Screen on: false, Power Connected: true, Battery: 100(-50|+15), Competitive:false(not check), downloaded size:0, downloaded time:0, available size:0
I/auto_update_AppAutoUpdateManager( 3342): createJobOnce: delay 360 minutes
I/auto_update_AppAutoUpdateManager( 3342): current Jobs:103,102,101,100,
W/JobServiceContext(  877): verifyCallingUid.721..:[ComponentInfo{com.meizu.mstore/com.meizu.cloud.app.jobscheduler.JobSchedulerService},jId=101,u0,R=(-02:03,57:56),N=2,C=false,I=false,F=0,P=false(READY)]
W/JobServiceContext(  877): verifyCallingUid. END
W/JobServiceContext(  877): closeAndCleanupJobH.721..:[ComponentInfo{com.meizu.mstore/com.meizu.cloud.app.jobscheduler.JobSchedulerService},jId=101,u0,R=(-02:03,57:56),N=2,C=false,I=false,F=0,P=false(READY)]
W/JobServiceContext(  877): verifyCallingUid.487..:[ComponentInfo{com.meizu.mstore/com.meizu.cloud.app.jobscheduler.JobSchedulerService},jId=105,u0,R=(-00:00,-00:00),N=2,C=false,I=false,F=0,P=false(READY)]
W/JobServiceContext(  877): verifyCallingUid. END
W/JobServiceContext(  877): closeAndCleanupJobH.487..:[ComponentInfo{com.meizu.mstore/com.meizu.cloud.app.jobscheduler.JobSchedulerService},jId=105,u0,R=(-00:00,-00:00),N=2,C=false,I=false,F=0,P=false(READY)]
W/JobSchedulerService( 3342): onDestroy:103,102,101,100,
W/Watchdog(  877): SWT Watchdog after wait current time:19986401
W/Watchdog(  877): **Get SF Time **1
W/Watchdog(  877): SWT Watchdog before synchronized:19986401
W/Watchdog(  877): SWT Watchdog after synchronized:19986401
W/Watchdog(  877): SWT Watchdog before wait timeout:30000
W/Watchdog(  877): SWT Watchdog before wait current time:19986401
W/Watchdog(  877): SWT Watchdog before wait start:19986401
W/Watchdog(  877): SWT Watchdog before wait CHECK_INTERVAL:30000
I/thermal_repeater(  323): oh, queryMdThermalInfo (0)Bad file number
I/thermal_repeater(  323): [recvMdThermalInfo] ret=25, strLen=127,  1, 32767,,, -1, 32767, 2
I/AudioFlinger(  300): setParameters(): io 0, keyvalue mediaserver_monitor=1, calling pid 877
W/AudioALSAHardware(  300): setParameters(), still have param.size() = 1, remain param = "mediaserver_monitor=1"
I/str_params(  300): key: 'mediaserver_monitor' value: '1'
I/AudioPolicyManager(  300): setStreamVolumeIndex stream = 7 index = 15 device = 0x400
I/thermal_repeater(  323): oh, queryMdThermalInfo (0)Bad file number
I/thermal_repeater(  323): [recvMdThermalInfo] ret=25, strLen=127,  1, 32767,,, -1, 32767, 2
I/thermal_repeater(  323): oh, queryMdThermalInfo (0)Bad file number
I/thermal_repeater(  323): [recvMdThermalInfo] ret=25, strLen=127,  1, 32767,,, -1, 32767, 2
I/AudioFlinger(  300): setParameters(): io 0, keyvalue mediaserver_monitor=1, calling pid 877
W/AudioALSAHardware(  300): setParameters(), still have param.size() = 1, remain param = "mediaserver_monitor=1"
I/str_params(  300): key: 'mediaserver_monitor' value: '1'
I/AudioPolicyManager(  300): setStreamVolumeIndex stream = 7 index = 15 device = 0x400
I/thermal_repeater(  323): oh, queryMdThermalInfo (0)Bad file number
I/thermal_repeater(  323): [recvMdThermalInfo] ret=25, strLen=127,  1, 32767,,, -1, 32767, 2
I/PanelView( 1041): Max panel height 657,expand height 657.0, shade mode false
I/PanelView( 1041): Max panel height 657,expand height 657.0, shade mode false
I/thermal_repeater(  323): oh, queryMdThermalInfo (0)Bad file number
I/thermal_repeater(  323): [recvMdThermalInfo] ret=25, strLen=127,  1, 32767,,, -1, 32767, 2
I/AudioFlinger(  300): setParameters(): io 0, keyvalue mediaserver_monitor=1, calling pid 877
W/AudioALSAHardware(  300): setParameters(), still have param.size() = 1, remain param = "mediaserver_monitor=1"
I/str_params(  300): key: 'mediaserver_monitor' value: '1'
I/AudioPolicyManager(  300): setStreamVolumeIndex stream = 7 index = 15 device = 0x400
I/thermal_repeater(  323): oh, queryMdThermalInfo (0)Bad file number
I/thermal_repeater(  323): [recvMdThermalInfo] ret=25, strLen=127,  1, 32767,,, -1, 32767, 2
W/Watchdog(  877): SWT Watchdog after wait current time:20016401
W/Watchdog(  877): **Get SF Time **1
W/Watchdog(  877): SWT Watchdog before synchronized:20016402
W/Watchdog(  877): SWT Watchdog after synchronized:20016402
W/Watchdog(  877): SWT Watchdog before wait timeout:30000
W/Watchdog(  877): SWT Watchdog before wait current time:20016402
W/Watchdog(  877): SWT Watchdog before wait start:20016402
W/Watchdog(  877): SWT Watchdog before wait CHECK_INTERVAL:30000
I/thermal_repeater(  323): oh, queryMdThermalInfo (0)Bad file number
I/thermal_repeater(  323): [recvMdThermalInfo] ret=25, strLen=127,  1, 32767,,, -1, 32767, 2
I/AudioFlinger(  300): setParameters(): io 0, keyvalue mediaserver_monitor=1, calling pid 877
W/AudioALSAHardware(  300): setParameters(), still have param.size() = 1, remain param = "mediaserver_monitor=1"
I/str_params(  300): key: 'mediaserver_monitor' value: '1'
I/AudioPolicyManager(  300): setStreamVolumeIndex stream = 7 index = 15 device = 0x400
I/thermal_repeater(  323): oh, queryMdThermalInfo (0)Bad file number
I/thermal_repeater(  323): [recvMdThermalInfo] ret=25, strLen=127,  1, 32767,,, -1, 32767, 2
I/thermal_repeater(  323): oh, queryMdThermalInfo (0)Bad file number
I/thermal_repeater(  323): [recvMdThermalInfo] ret=25, strLen=127,  1, 32767,,, -1, 32767, 2
I/AudioFlinger(  300): setParameters(): io 0, keyvalue mediaserver_monitor=1, calling pid 877
W/AudioALSAHardware(  300): setParameters(), still have param.size() = 1, remain param = "mediaserver_monitor=1"
I/str_params(  300): key: 'mediaserver_monitor' value: '1'
I/AudioPolicyManager(  300): setStreamVolumeIndex stream = 7 index = 15 device = 0x400
I/thermal_repeater(  323): oh, queryMdThermalInfo (0)Bad file number
I/thermal_repeater(  323): [recvMdThermalInfo] ret=25, strLen=127,  1, 32767,,, -1, 32767, 2
I/crashsdk(31622): Begin update unexp info ...
I/crashsdk(31622): Update unexp info took 2 ms
I/thermal_repeater(  323): oh, queryMdThermalInfo (0)Bad file number
I/thermal_repeater(  323): [recvMdThermalInfo] ret=25, strLen=127,  1, 32767,,, -1, 32767, 2
I/AudioFlinger(  300): setParameters(): io 0, keyvalue mediaserver_monitor=1, calling pid 877
W/AudioALSAHardware(  300): setParameters(), still have param.size() = 1, remain param = "mediaserver_monitor=1"
I/str_params(  300): key: 'mediaserver_monitor' value: '1'
I/AudioPolicyManager(  300): setStreamVolumeIndex stream = 7 index = 15 device = 0x400
I/thermal_repeater(  323): oh, queryMdThermalInfo (0)Bad file number
I/thermal_repeater(  323): [recvMdThermalInfo] ret=25, strLen=127,  1, 32767,,, -1, 32767, 2
E/WifiManagerFlyme( 1287): disableScanInterface exception: java.lang.NoSuchMethodException
E/ActivityManagerFlyme( 1287): getCloneIDFromPid exception java.lang.NoSuchMethodException
E/ActivityManagerFlyme( 1287): getCloneIDFromPid exception java.lang.NoSuchMethodException
E/ActivityManagerFlyme( 1287): getCloneIDFromPid exception java.lang.NoSuchMethodException
E/ActivityManagerFlyme( 1287): getCloneIDFromPid exception java.lang.NoSuchMethodException
E/ActivityManagerFlyme( 1287): getCloneIDFromPid exception java.lang.NoSuchMethodException
E/ActivityManagerFlyme( 1287): getCloneIDFromPid exception java.lang.NoSuchMethodException
E/ActivityManagerFlyme( 1287): getCloneIDFromPid exception java.lang.NoSuchMethodException
W/ContextImpl( 1698): Calling a method in the system process without a qualified user: android.app.ContextImpl.startService:1863 android.content.ContextWrapper.startService:516 com.meizu.networkmanager.monitor.t.a:118 com.meizu.networkmanager.monitor.t.a:62 com.meizu.networkmanager.monitor.t$1.run:69 
E/ActivityManagerFlyme( 1287): getCloneIDFromPid exception java.lang.NoSuchMethodException
E/ActivityManagerFlyme( 1287): getCloneIDFromPid exception java.lang.NoSuchMethodException
E/ActivityManagerFlyme( 1287): getCloneIDFromPid exception java.lang.NoSuchMethodException
E/ActivityManagerFlyme( 1287): getCloneIDFromPid exception java.lang.NoSuchMethodException
E/ActivityManagerFlyme( 1287): getCloneIDFromPid exception java.lang.NoSuchMethodException
E/ActivityManagerFlyme( 1287): getCloneIDFromPid exception java.lang.NoSuchMethodException
E/ActivityManagerFlyme( 1287): getCloneIDFromPid exception java.lang.NoSuchMethodException
E/ActivityManagerFlyme( 1287): getCloneIDFromPid exception java.lang.NoSuchMethodException
E/ActivityManagerFlyme( 1287): getCloneIDFromPid exception java.lang.NoSuchMethodException
E/ActivityManagerFlyme( 1287): getCloneIDFromPid exception java.lang.NoSuchMethodException
E/ActivityManagerFlyme( 1287): getCloneIDFromPid exception java.lang.NoSuchMethodException
E/ActivityManagerFlyme( 1287): getCloneIDFromPid exception java.lang.NoSuchMethodException
E/ActivityManagerFlyme( 1287): getCloneIDFromPid exception java.lang.NoSuchMethodException
E/ActivityManagerFlyme( 1287): getCloneIDFromPid exception java.lang.NoSuchMethodException
E/ActivityManagerFlyme( 1287): getCloneIDFromPid exception java.lang.NoSuchMethodException
E/ActivityManagerFlyme( 1287): getCloneIDFromPid exception java.lang.NoSuchMethodException
E/ActivityManagerFlyme( 1287): getCloneIDFromPid exception java.lang.NoSuchMethodException
E/ActivityManagerFlyme( 1287): getCloneIDFromPid exception java.lang.NoSuchMethodException
E/ActivityManagerFlyme( 1287): getCloneIDFromPid exception java.lang.NoSuchMethodException
E/ActivityManagerFlyme( 1287): getCloneIDFromPid exception java.lang.NoSuchMethodException
E/ActivityManagerFlyme( 1287): getCloneIDFromPid exception java.lang.NoSuchMethodException
E/ActivityManagerFlyme( 1287): getCloneIDFromPid exception java.lang.NoSuchMethodException
E/ActivityManagerFlyme( 1287): getCloneIDFromPid exception java.lang.NoSuchMethodException
E/ActivityManagerFlyme( 1287): getCloneIDFromPid exception java.lang.NoSuchMethodException
E/ActivityManagerFlyme( 1287): getCloneIDFromPid exception java.lang.NoSuchMethodException
E/ActivityManagerFlyme( 1287): getCloneIDFromPid exception java.lang.NoSuchMethodException
E/ActivityManagerFlyme( 1287): getCloneIDFromPid exception java.lang.NoSuchMethodException
E/ActivityManagerFlyme( 1287): getCloneIDFromPid exception java.lang.NoSuchMethodException
E/ActivityManagerFlyme( 1287): getCloneIDFromPid exception java.lang.NoSuchMethodException
E/ActivityManagerFlyme( 1287): getCloneIDFromPid exception java.lang.NoSuchMethodException
E/ActivityManagerFlyme( 1287): getCloneIDFromPid exception java.lang.NoSuchMethodException
E/ActivityManagerFlyme( 1287): getCloneIDFromPid exception java.lang.NoSuchMethodException
E/ActivityManagerFlyme( 1287): getCloneIDFromPid exception java.lang.NoSuchMethodException
E/ActivityManagerFlyme( 1287): getCloneIDFromPid exception java.lang.NoSuchMethodException
E/ActivityManagerFlyme( 1287): getRunningTaskInfoCloneId failed: java.lang.NoSuchFieldException: mCloneID
I/SensorHAL(  877): Dev Batch, handle: 7, name: LSM6DS3 Step Counter Sensor
W/Watchdog(  877): SWT Watchdog after wait current time:20046402
W/Watchdog(  877): **Get SF Time **1
W/Watchdog(  877): SWT Watchdog before synchronized:20046402
W/Watchdog(  877): SWT Watchdog after synchronized:20046402
W/Watchdog(  877): SWT Watchdog before wait timeout:30000
W/Watchdog(  877): SWT Watchdog before wait current time:20046402
W/Watchdog(  877): SWT Watchdog before wait start:20046402
W/Watchdog(  877): SWT Watchdog before wait CHECK_INTERVAL:30000
I/thermal_repeater(  323): oh, queryMdThermalInfo (0)Bad file number
I/thermal_repeater(  323): [recvMdThermalInfo] ret=25, strLen=127,  1, 32767,,, -1, 32767, 2
I/WindowManager(  877): interceptKeyTq keycode=3 interactive=false keyguardActive=true policyFlags=2000000 down =true canceled = false isWakeKey=true mVolumeDownKeyTriggered =false mVolumeUpKeyTriggered =false result = 0 useHapticFeedback = false isInjected = false result = 0
I/PowerManagerService(  877): Waking up from sleep (uid 1000)...reason:101
I/MzPhoneWindowManager(  877): interceptHomeKeyLongPress: add mLunchVoiceActivity
I/ActivityManager(  877): onWakefulnessChanged: 1
I/DisplayPowerController(  877): Blocking screen on until initial contents have been drawn.
I/SensorHAL(  877): Dev Batch, handle: 4, name: LSM6DS3 Accelerometer Sensor
I/SensorHAL(  877): Dev Active, handle: 4, name: LSM6DS3 Accelerometer Sensor, enable: 1.
I/SensorHAL(  877): SensorBase::Enable. name: LSM6DS3 Accelerometer Sensor, enable: 1
W/ContextImpl(  877): Calling a method in the system process without a qualified user: android.app.ContextImpl.sendBroadcast:1474 com.android.server.statusbar.StatusBarManagerService.onPanelRevealed:531 com.android.internal.statusbar.IStatusBarService$Stub.onTransact:185 android.os.Binder.execTransact:454 <bottom of call stack> 
I/ChargeViewUtils( 1041): updateChargingState shouldChargingViewShow = true , mPluggedIn = true
I/PalmRejection( 1041): enableProximityLockLocked, mProximitySensorEnabled = false
I/BatteryConsumeMonitor( 1287): idleModeFlag : false
I/BatteryConsumeMonitor( 1287): cancelRepeatAlarm
E/WifiManagerFlyme( 1287): disableScanInterface exception: java.lang.NoSuchMethodException
I/SensorHAL(  877): HWSensorBase::Enable, handle: 4, name: lsm6ds3_accel, enable: 1
I/SensorHAL(  877): Dev Batch, handle: 2, name: LTR559 Proximity Sensor
I/SensorHAL(  877): Dev Active, handle: 2, name: LTR559 Proximity Sensor, enable: 1.
I/SensorHAL(  877): SensorBase::Enable. name: LTR559 Proximity Sensor, enable: 1
I/SensorHAL(  877): HWSensorBase::Enable, handle: 2, name: lsm6ds3_proximity, enable: 1
I/SensorHAL(  877): Dev Batch, handle: 1, name: LTR559 Light Sensor
I/SensorHAL(  877): Dev Active, handle: 1, name: LTR559 Light Sensor, enable: 1.
I/SensorHAL(  877): SensorBase::Enable. name: LTR559 Light Sensor, enable: 1
E/SensorHAL(  877): [Proximity]: 5.000000
