I/System.out( 7590): open:http://api.map.baidu.com/sdkproxy/v2/lbs_androidsdk/geocoder/v2?location=22.577016305728407%2C114.05000412931916&coordtype=bd09ll&pois=1&output=json&from=android_map_sdk&latest_admin=0&token=c0e4TNqnRlY3vEod6gWAfZ3ovht8K3YTxcWB9DJnrgJl2JNce5vCsYh5YoyAj8mCDJ1EkX9slGnaqWsWg%2FCdjvvGGxpcvaKEz7SxekyStvjUhe%2BbSKHKR5oOOmhvtZRG5JQ%2F8z7MEabPoO9f%2Fczu2UigE%2FAPmy6803irZ1Ktk%2BZ4QAzcrue%2FwL2m7Js&pcn=com.jieshun.jslife&screen=1080%2C1920&cuid=07AB6C1293F355B0E1AE06BB5824B71A%7C944874720008868&dpi=480%2C480&resid=02&appid=-1&mb=m2%20note&ctm=1536033540.571000&net=1&bduid=&channel=baidu&os=Android22&sv=4.5.2&sign=27e7da412abca72feff3f9118508364c
I/System.out( 7590): [OkHttp] sendRequest>>
I/System.out( 7590): [OkHttp] sendRequest<<
I/NetworkManagementSocketTagger( 7590): untagSocket(102)
I/thermal_repeater(  323): oh, queryMdThermalInfo (0)Bad file number
I/thermal_repeater(  323): [recvMdThermalInfo] ret=25, strLen=127,  1, 32767,,, -1, 32767, 2
I/AudioFlinger(  300): setParameters(): io 0, keyvalue mediaserver_monitor=1, calling pid 877
W/AudioALSAHardware(  300): setParameters(), still have param.size() = 1, remain param = "mediaserver_monitor=1"
I/str_params(  300): key: 'mediaserver_monitor' value: '1'
I/AudioPolicyManager(  300): setStreamVolumeIndex stream = 7 index = 15 device = 0x400
W/Watchdog(  877): SWT Watchdog after wait current time:28027893
W/Watchdog(  877): **Get SF Time **1
W/Watchdog(  877): SWT Watchdog before synchronized:28027893
W/Watchdog(  877): SWT Watchdog after synchronized:28027893
W/Watchdog(  877): SWT Watchdog before wait timeout:30000
W/Watchdog(  877): SWT Watchdog before wait current time:28027893
W/Watchdog(  877): SWT Watchdog before wait start:28027893
W/Watchdog(  877): SWT Watchdog before wait CHECK_INTERVAL:30000
I/System.out( 7590): isFirstLoctrue
I/System.out( 7590): ******jscarlife*********************onReceiveLocation*********************
I/System.out( 7590): open:http://api.map.baidu.com/sdkproxy/v2/lbs_androidsdk/geocoder/v2?location=22.577016305728407%2C114.05000412931916&coordtype=bd09ll&pois=1&output=json&from=android_map_sdk&latest_admin=0&token=c0e4TNqnRlY3vEod6gWAfZ3ovht8K3YTxcWB9DJnrgJl2JNce5vCsYh5YoyAj8mCDJ1EkX9slGnaqWsWg%2FCdjvvGGxpcvaKEz7SxekyStvjUhe%2BbSKHKR5oOOmhvtZRG5JQ%2F8z7MEabPoO9f%2Fczu2UigE%2FAPmy6803irZ1Ktk%2BZ4QAzcrue%2FwL2m7Js&pcn=com.jieshun.jslife&screen=1080%2C1920&cuid=07AB6C1293F355B0E1AE06BB5824B71A%7C944874720008868&dpi=480%2C480&resid=02&appid=-1&mb=m2%20note&ctm=1536033550.588000&net=1&bduid=&channel=baidu&os=Android22&sv=4.5.2&sign=2ac8f0e8a69f5ad6380d146390db92ba
I/System.out( 7590): [OkHttp] sendRequest>>
I/System.out( 7590): [OkHttp] sendRequest<<
I/NetworkManagementSocketTagger( 7590): untagSocket(102)
I/thermal_repeater(  323): oh, queryMdThermalInfo (0)Bad file number
I/thermal_repeater(  323): [recvMdThermalInfo] ret=25, strLen=127,  1, 32767,,, -1, 32767, 2
D/[BT3.0+HS]PAL(  333): == chip_reset_fd is set ==
D/[BT3.0+HS]PAL(  333): 
D/[BT3.0+HS]PAL(  333): invalid reply message
D/[BT3.0+HS]PAL(  333): 
I/AudioFlinger(  300): setParameters(): io 0, keyvalue mediaserver_monitor=1, calling pid 877
W/AudioALSAHardware(  300): setParameters(), still have param.size() = 1, remain param = "mediaserver_monitor=1"
I/str_params(  300): key: 'mediaserver_monitor' value: '1'
I/thermal_repeater(  323): oh, queryMdThermalInfo (0)Bad file number
I/AudioPolicyManager(  300): setStreamVolumeIndex stream = 7 index = 15 device = 0x400
I/thermal_repeater(  323): [recvMdThermalInfo] ret=25, strLen=127,  1, 32767,,, -1, 32767, 2
D/[BT3.0+HS]PAL(  333): == chip_reset_fd is set ==
D/[BT3.0+HS]PAL(  333): 
D/[BT3.0+HS]PAL(  333): invalid reply message
D/[BT3.0+HS]PAL(  333): 
D/[BT3.0+HS]PAL(  333): == chip_reset_fd is set ==
D/[BT3.0+HS]PAL(  333): 
D/[BT3.0+HS]PAL(  333): invalid reply message
D/[BT3.0+HS]PAL(  333): 
I/Netd    (  295): Get netlink event, ifname: wlan0 action: 4
I/Netd    (  295): Get netlink event, ifname: wlan0 action: 4
E/wpa_supplicant( 1206): This is a Iphone softap!!!!!!! 
E/wpa_supplicant( 1206): This is a Iphone softap!!!!!!! 
E/WifiStateMachine(  877): mIsFullScanOngoing: true, mSendScanResultsBroadcast: false
E/WifiStateMachine(  877): mWifiOnScanCount: 378
I/art     (  877): Background sticky concurrent mark sweep GC freed 12614(2MB) AllocSpace objects, 0(0B) LOS objects, 3% free, 38MB/39MB, paused 7.503ms total 52.742ms
W/ContextImpl( 2120): Calling a method in the system process without a qualified user: android.app.ContextImpl.startService:1863 android.content.ContextWrapper.startService:516 android.content.ContextWrapper.startService:516 com.meizu.dataservice.ExperienceReceiver.a:-1 com.meizu.dataservice.ExperienceReceiver.onReceive:-1 
I/System.out( 7590): isFirstLoctrue
I/System.out( 7590): ******jscarlife*********************onReceiveLocation*********************
I/System.out( 7590): open:http://api.map.baidu.com/sdkproxy/v2/lbs_androidsdk/geocoder/v2?location=22.577016305728407%2C114.05000412931916&coordtype=bd09ll&pois=1&output=json&from=android_map_sdk&latest_admin=0&token=c0e4TNqnRlY3vEod6gWAfZ3ovht8K3YTxcWB9DJnrgJl2JNce5vCsYh5YoyAj8mCDJ1EkX9slGnaqWsWg%2FCdjvvGGxpcvaKEz7SxekyStvjUhe%2BbSKHKR5oOOmhvtZRG5JQ%2F8z7MEabPoO9f%2Fczu2UigE%2FAPmy6803irZ1Ktk%2BZ4QAzcrue%2FwL2m7Js&pcn=com.jieshun.jslife&screen=1080%2C1920&cuid=07AB6C1293F355B0E1AE06BB5824B71A%7C944874720008868&dpi=480%2C480&resid=02&appid=-1&mb=m2%20note&ctm=1536033566.811000&net=1&bduid=&channel=baidu&os=Android22&sv=4.5.2&sign=ab3485ec8e04fbb2bf5fccf3ac1dda87
I/System.out( 7590): [OkHttp] sendRequest>>
I/System.out( 7590): [OkHttp] sendRequest<<
I/NetworkManagementSocketTagger( 7590): untagSocket(102)
I/System.out( 7590): isFirstLoctrue
I/System.out( 7590): ******jscarlife*********************onReceiveLocation*********************
I/System.out( 7590): open:http://api.map.baidu.com/sdkproxy/v2/lbs_androidsdk/geocoder/v2?location=22.577016305728407%2C114.05000412931916&coordtype=bd09ll&pois=1&output=json&from=android_map_sdk&latest_admin=0&token=c0e4TNqnRlY3vEod6gWAfZ3ovht8K3YTxcWB9DJnrgJl2JNce5vCsYh5YoyAj8mCDJ1EkX9slGnaqWsWg%2FCdjvvGGxpcvaKEz7SxekyStvjUhe%2BbSKHKR5oOOmhvtZRG5JQ%2F8z7MEabPoO9f%2Fczu2UigE%2FAPmy6803irZ1Ktk%2BZ4QAzcrue%2FwL2m7Js&pcn=com.jieshun.jslife&screen=1080%2C1920&cuid=07AB6C1293F355B0E1AE06BB5824B71A%7C944874720008868&dpi=480%2C480&resid=02&appid=-1&mb=m2%20note&ctm=1536033570.567000&net=1&bduid=&channel=baidu&os=Android22&sv=4.5.2&sign=16565209b74a3b977731fa5dc245a70c
I/System.out( 7590): [OkHttp] sendRequest>>
I/System.out( 7590): [OkHttp] sendRequest<<
I/NetworkManagementSocketTagger( 7590): untagSocket(102)
I/thermal_repeater(  323): oh, queryMdThermalInfo (0)Bad file number
I/thermal_repeater(  323): [recvMdThermalInfo] ret=25, strLen=127,  1, 32767,,, -1, 32767, 2
I/art     ( 2120): Background sticky concurrent mark sweep GC freed 72875(3MB) AllocSpace objects, 22(392KB) LOS objects, 9% free, 18MB/20MB, paused 10.263ms total 71.069ms
I/System.out( 7590): isFirstLoctrue
I/System.out( 7590): ******jscarlife*********************onReceiveLocation*********************
I/System.out( 7590): open:http://api.map.baidu.com/sdkproxy/v2/lbs_androidsdk/geocoder/v2?location=22.577016305728407%2C114.05000412931916&coordtype=bd09ll&pois=1&output=json&from=android_map_sdk&latest_admin=0&token=c0e4TNqnRlY3vEod6gWAfZ3ovht8K3YTxcWB9DJnrgJl2JNce5vCsYh5YoyAj8mCDJ1EkX9slGnaqWsWg%2FCdjvvGGxpcvaKEz7SxekyStvjUhe%2BbSKHKR5oOOmhvtZRG5JQ%2F8z7MEabPoO9f%2Fczu2UigE%2FAPmy6803irZ1Ktk%2BZ4QAzcrue%2FwL2m7Js&pcn=com.jieshun.jslife&screen=1080%2C1920&cuid=07AB6C1293F355B0E1AE06BB5824B71A%7C944874720008868&dpi=480%2C480&resid=02&appid=-1&mb=m2%20note&ctm=1536033580.582000&net=1&bduid=&channel=baidu&os=Android22&sv=4.5.2&sign=115c24db271816a35f4c81f1c152178d
I/System.out( 7590): [OkHttp] sendRequest>>
I/System.out( 7590): [OkHttp] sendRequest<<
I/NetworkManagementSocketTagger( 7590): untagSocket(102)
I/AudioFlinger(  300): setParameters(): io 0, keyvalue mediaserver_monitor=1, calling pid 877
W/AudioALSAHardware(  300): setParameters(), still have param.size() = 1, remain param = "mediaserver_monitor=1"
I/str_params(  300): key: 'mediaserver_monitor' value: '1'
I/AudioPolicyManager(  300): setStreamVolumeIndex stream = 7 index = 15 device = 0x400
I/thermal_repeater(  323): oh, queryMdThermalInfo (0)Bad file number
I/thermal_repeater(  323): [recvMdThermalInfo] ret=25, strLen=127,  1, 32767,,, -1, 32767, 2
D/[BT3.0+HS]PAL(  333): == chip_reset_fd is set ==
D/[BT3.0+HS]PAL(  333): 
D/[BT3.0+HS]PAL(  333): invalid reply message
D/[BT3.0+HS]PAL(  333): 
I/thermal_repeater(  323): oh, queryMdThermalInfo (0)Bad file number
I/thermal_repeater(  323): [recvMdThermalInfo] ret=25, strLen=127,  1, 32767,,, -1, 32767, 2
I/UserState( 7590): myJid = 13632836691@openfire-cloud/A1b117b2fb receive jid=formal_cloud_jsh@openfire-cloud/master  state=ONLINE
D/[BT3.0+HS]PAL(  333): == chip_reset_fd is set ==
D/[BT3.0+HS]PAL(  333): 
D/[BT3.0+HS]PAL(  333): invalid reply message
D/[BT3.0+HS]PAL(  333): 
I/Netd    (  295): Get netlink event, ifname: wlan0 action: 4
D/[BT3.0+HS]PAL(  333): == chip_reset_fd is set ==
D/[BT3.0+HS]PAL(  333): 
D/[BT3.0+HS]PAL(  333): invalid reply message
D/[BT3.0+HS]PAL(  333): 
E/wpa_supplicant( 1206): This is a Iphone softap!!!!!!! 
E/wpa_supplicant( 1206): This is a Iphone softap!!!!!!! 
E/wpa_supplicant( 1206): This is a Iphone softap!!!!!!! 
E/wpa_supplicant( 1206): This is a Iphone softap!!!!!!! 
E/wpa_supplicant( 1206): This is a Iphone softap!!!!!!! 
I/Netd    (  295): Get netlink event, ifname: wlan0 action: 4
E/WifiStateMachine(  877): mIsFullScanOngoing: true, mSendScanResultsBroadcast: false
E/WifiStateMachine(  877): mWifiOnScanCount: 379
W/ContextImpl( 2120): Calling a method in the system process without a qualified user: android.app.ContextImpl.startService:1863 android.content.ContextWrapper.startService:516 android.content.ContextWrapper.startService:516 com.meizu.dataservice.ExperienceReceiver.a:-1 com.meizu.dataservice.ExperienceReceiver.onReceive:-1 
I/System.out( 7590): isFirstLoctrue
I/System.out( 7590): ******jscarlife*********************onReceiveLocation*********************
I/System.out( 7590): open:http://api.map.baidu.com/sdkproxy/v2/lbs_androidsdk/geocoder/v2?location=22.577016305728407%2C114.05000412931916&coordtype=bd09ll&pois=1&output=json&from=android_map_sdk&latest_admin=0&token=c0e4TNqnRlY3vEod6gWAfZ3ovht8K3YTxcWB9DJnrgJl2JNce5vCsYh5YoyAj8mCDJ1EkX9slGnaqWsWg%2FCdjvvGGxpcvaKEz7SxekyStvjUhe%2BbSKHKR5oOOmhvtZRG5JQ%2F8z7MEabPoO9f%2Fczu2UigE%2FAPmy6803irZ1Ktk%2BZ4QAzcrue%2FwL2m7Js&pcn=com.jieshun.jslife&screen=1080%2C1920&cuid=07AB6C1293F355B0E1AE06BB5824B71A%7C944874720008868&dpi=480%2C480&resid=02&appid=-1&mb=m2%20note&ctm=1536033596.766000&net=1&bduid=&channel=baidu&os=Android22&sv=4.5.2&sign=f0af43b11fba43790770474b470d1cdf
I/System.out( 7590): [OkHttp] sendRequest>>
I/System.out( 7590): [OkHttp] sendRequest<<
I/art     (  877): Background sticky concurrent mark sweep GC freed 11053(2MB) AllocSpace objects, 0(0B) LOS objects, 3% free, 38MB/39MB, paused 9.691ms total 111.225ms
I/art     ( 1596): Background sticky concurrent mark sweep GC freed 11503(1674KB) AllocSpace objects, 0(0B) LOS objects, 7% free, 19MB/21MB, paused 19.955ms total 41.484ms
I/NetworkManagementSocketTagger( 7590): untagSocket(102)
I/PanelView( 1041): Max panel height 874,expand height 874.0, shade mode false
I/PanelView( 1041): Max panel height 874,expand height 874.0, shade mode false
I/System.out( 7590): isFirstLoctrue
I/System.out( 7590): ******jscarlife*********************onReceiveLocation*********************
I/System.out( 7590): open:http://api.map.baidu.com/sdkproxy/v2/lbs_androidsdk/geocoder/v2?location=22.577016305728407%2C114.05000412931916&coordtype=bd09ll&pois=1&output=json&from=android_map_sdk&latest_admin=0&token=c0e4TNqnRlY3vEod6gWAfZ3ovht8K3YTxcWB9DJnrgJl2JNce5vCsYh5YoyAj8mCDJ1EkX9slGnaqWsWg%2FCdjvvGGxpcvaKEz7SxekyStvjUhe%2BbSKHKR5oOOmhvtZRG5JQ%2F8z7MEabPoO9f%2Fczu2UigE%2FAPmy6803irZ1Ktk%2BZ4QAzcrue%2FwL2m7Js&pcn=com.jieshun.jslife&screen=1080%2C1920&cuid=07AB6C1293F355B0E1AE06BB5824B71A%7C944874720008868&dpi=480%2C480&resid=02&appid=-1&mb=m2%20note&ctm=1536033540.574000&net=1&bduid=&channel=baidu&os=Android22&sv=4.5.2&sign=3d4b74ea2388a854088891cc74bfb006
I/System.out( 7590): [OkHttp] sendRequest>>
I/System.out( 7590): [OkHttp] sendRequest<<
I/NetworkManagementSocketTagger( 7590): untagSocket(102)
I/art     ( 7590): Background partial concurrent mark sweep GC freed 50571(2MB) AllocSpace objects, 2(32KB) LOS objects, 6% free, 56MB/60MB, paused 2.845ms total 108.637ms
I/AudioFlinger(  300): setParameters(): io 0, keyvalue mediaserver_monitor=1, calling pid 877
W/AudioALSAHardware(  300): setParameters(), still have param.size() = 1, remain param = "mediaserver_monitor=1"
I/str_params(  300): key: 'mediaserver_monitor' value: '1'
I/AudioPolicyManager(  300): setStreamVolumeIndex stream = 7 index = 15 device = 0x400
I/thermal_repeater(  323): oh, queryMdThermalInfo (0)Bad file number
I/thermal_repeater(  323): [recvMdThermalInfo] ret=25, strLen=127,  1, 32767,,, -1, 32767, 2
W/Watchdog(  877): SWT Watchdog after wait current time:28057893
W/Watchdog(  877): **Get SF Time **1
W/Watchdog(  877): SWT Watchdog before synchronized:28057894
W/Watchdog(  877): SWT Watchdog after synchronized:28057894
W/Watchdog(  877): SWT Watchdog before wait timeout:30000
W/Watchdog(  877): SWT Watchdog before wait current time:28057894
W/Watchdog(  877): SWT Watchdog before wait start:28057894
W/Watchdog(  877): SWT Watchdog before wait CHECK_INTERVAL:30000
I/System.out( 7590): isFirstLoctrue
I/System.out( 7590): ******jscarlife*********************onReceiveLocation*********************
I/System.out( 7590): open:http://api.map.baidu.com/sdkproxy/v2/lbs_androidsdk/geocoder/v2?location=22.577016305728407%2C114.05000412931916&coordtype=bd09ll&pois=1&output=json&from=android_map_sdk&latest_admin=0&token=c0e4TNqnRlY3vEod6gWAfZ3ovht8K3YTxcWB9DJnrgJl2JNce5vCsYh5YoyAj8mCDJ1EkX9slGnaqWsWg%2FCdjvvGGxpcvaKEz7SxekyStvjUhe%2BbSKHKR5oOOmhvtZRG5JQ%2F8z7MEabPoO9f%2Fczu2UigE%2FAPmy6803irZ1Ktk%2BZ4QAzcrue%2FwL2m7Js&pcn=com.jieshun.jslife&screen=1080%2C1920&cuid=07AB6C1293F355B0E1AE06BB5824B71A%7C944874720008868&dpi=480%2C480&resid=02&appid=-1&mb=m2%20note&ctm=1536033550.590000&net=1&bduid=&channel=baidu&os=Android22&sv=4.5.2&sign=038dd5327d24779fe5186469a4854dc9
I/System.out( 7590): [OkHttp] sendRequest>>
I/System.out( 7590): [OkHttp] sendRequest<<
I/NetworkManagementSocketTagger( 7590): untagSocket(102)
I/thermal_repeater(  323): oh, queryMdThermalInfo (0)Bad file number
I/thermal_repeater(  323): [recvMdThermalInfo] ret=25, strLen=127,  1, 32767,,, -1, 32767, 2
D/[BT3.0+HS]PAL(  333): == chip_reset_fd is set ==
D/[BT3.0+HS]PAL(  333): 
D/[BT3.0+HS]PAL(  333): invalid reply message
D/[BT3.0+HS]PAL(  333): 
I/AudioFlinger(  300): setParameters(): io 0, keyvalue mediaserver_monitor=1, calling pid 877
W/AudioALSAHardware(  300): setParameters(), still have param.size() = 1, remain param = "mediaserver_monitor=1"
I/str_params(  300): key: 'mediaserver_monitor' value: '1'
I/AudioPolicyManager(  300): setStreamVolumeIndex stream = 7 index = 15 device = 0x400
I/thermal_repeater(  323): oh, queryMdThermalInfo (0)Bad file number
I/thermal_repeater(  323): [recvMdThermalInfo] ret=25, strLen=127,  1, 32767,,, -1, 32767, 2
I/Netd    (  295): Get netlink event, ifname: wlan0 action: 4
D/[BT3.0+HS]PAL(  333): == chip_reset_fd is set ==
D/[BT3.0+HS]PAL(  333): 
D/[BT3.0+HS]PAL(  333): invalid reply message
D/[BT3.0+HS]PAL(  333): 
I/Netd    (  295): Get netlink event, ifname: wlan0 action: 4
D/[BT3.0+HS]PAL(  333): == chip_reset_fd is set ==
D/[BT3.0+HS]PAL(  333): 
D/[BT3.0+HS]PAL(  333): invalid reply message
D/[BT3.0+HS]PAL(  333): 
E/wpa_supplicant( 1206): This is a Iphone softap!!!!!!! 
E/wpa_supplicant( 1206): This is a Iphone softap!!!!!!! 
E/wpa_supplicant( 1206): This is a Iphone softap!!!!!!! 
E/wpa_supplicant( 1206): This is a Iphone softap!!!!!!! 
E/wpa_supplicant( 1206): This is a Iphone softap!!!!!!! 
E/WifiStateMachine(  877): mIsFullScanOngoing: true, mSendScanResultsBroadcast: false
E/WifiStateMachine(  877): mWifiOnScanCount: 380
W/ContextImpl( 2120): Calling a method in the system process without a qualified user: android.app.ContextImpl.startService:1863 android.content.ContextWrapper.startService:516 android.content.ContextWrapper.startService:516 com.meizu.dataservice.ExperienceReceiver.a:-1 com.meizu.dataservice.ExperienceReceiver.onReceive:-1 
I/System.out( 7590): isFirstLoctrue
I/System.out( 7590): ******jscarlife*********************onReceiveLocation*********************
I/System.out( 7590): open:http://api.map.baidu.com/sdkproxy/v2/lbs_androidsdk/geocoder/v2?location=22.577016305728407%2C114.05000412931916&coordtype=bd09ll&pois=1&output=json&from=android_map_sdk&latest_admin=0&token=c0e4TNqnRlY3vEod6gWAfZ3ovht8K3YTxcWB9DJnrgJl2JNce5vCsYh5YoyAj8mCDJ1EkX9slGnaqWsWg%2FCdjvvGGxpcvaKEz7SxekyStvjUhe%2BbSKHKR5oOOmhvtZRG5JQ%2F8z7MEabPoO9f%2Fczu2UigE%2FAPmy6803irZ1Ktk%2BZ4QAzcrue%2FwL2m7Js&pcn=com.jieshun.jslife&screen=1080%2C1920&cuid=07AB6C1293F355B0E1AE06BB5824B71A%7C944874720008868&dpi=480%2C480&resid=02&appid=-1&mb=m2%20note&ctm=1536033566.793000&net=1&bduid=&channel=baidu&os=Android22&sv=4.5.2&sign=161445e33448f3077e7e9c9c4e35fcc7
I/System.out( 7590): [OkHttp] sendRequest>>
I/System.out( 7590): [OkHttp] sendRequest<<
I/NetworkManagementSocketTagger( 7590): untagSocket(102)
I/System.out( 7590): isFirstLoctrue
I/System.out( 7590): ******jscarlife*********************onReceiveLocation*********************
I/System.out( 7590): open:http://api.map.baidu.com/sdkproxy/v2/lbs_androidsdk/geocoder/v2?location=22.577016305728407%2C114.05000412931916&coordtype=bd09ll&pois=1&output=json&from=android_map_sdk&latest_admin=0&token=c0e4TNqnRlY3vEod6gWAfZ3ovht8K3YTxcWB9DJnrgJl2JNce5vCsYh5YoyAj8mCDJ1EkX9slGnaqWsWg%2FCdjvvGGxpcvaKEz7SxekyStvjUhe%2BbSKHKR5oOOmhvtZRG5JQ%2F8z7MEabPoO9f%2Fczu2UigE%2FAPmy6803irZ1Ktk%2BZ4QAzcrue%2FwL2m7Js&pcn=com.jieshun.jslife&screen=1080%2C1920&cuid=07AB6C1293F355B0E1AE06BB5824B71A%7C944874720008868&dpi=480%2C480&resid=02&appid=-1&mb=m2%20note&ctm=1536033570.575000&net=1&bduid=&channel=baidu&os=Android22&sv=4.5.2&sign=16993e14766243473663fde153267388
I/System.out( 7590): [OkHttp] sendRequest>>
I/System.out( 7590): [OkHttp] sendRequest<<
I/NetworkManagementSocketTagger( 7590): untagSocket(102)
I/thermal_repeater(  323): oh, queryMdThermalInfo (0)Bad file number
I/thermal_repeater(  323): [recvMdThermalInfo] ret=25, strLen=127,  1, 32767,,, -1, 32767, 2
I/System.out( 7590): isFirstLoctrue
I/System.out( 7590): ******jscarlife*********************onReceiveLocation*********************
I/System.out( 7590): open:http://api.map.baidu.com/sdkproxy/v2/lbs_androidsdk/geocoder/v2?location=22.577016305728407%2C114.05000412931916&coordtype=bd09ll&pois=1&output=json&from=android_map_sdk&latest_admin=0&token=c0e4TNqnRlY3vEod6gWAfZ3ovht8K3YTxcWB9DJnrgJl2JNce5vCsYh5YoyAj8mCDJ1EkX9slGnaqWsWg%2FCdjvvGGxpcvaKEz7SxekyStvjUhe%2BbSKHKR5oOOmhvtZRG5JQ%2F8z7MEabPoO9f%2Fczu2UigE%2FAPmy6803irZ1Ktk%2BZ4QAzcrue%2FwL2m7Js&pcn=com.jieshun.jslife&screen=1080%2C1920&cuid=07AB6C1293F355B0E1AE06BB5824B71A%7C944874720008868&dpi=480%2C480&resid=02&appid=-1&mb=m2%20note&ctm=1536033580.605000&net=1&bduid=&channel=baidu&os=Android22&sv=4.5.2&sign=ff5d25ecd84bd582fa059c616a3ea240
I/System.out( 7590): [OkHttp] sendRequest>>
I/System.out( 7590): [OkHttp] sendRequest<<
I/NetworkManagementSocketTagger( 7590): untagSocket(102)
I/AudioFlinger(  300): setParameters(): io 0, keyvalue mediaserver_monitor=1, calling pid 877
W/AudioALSAHardware(  300): setParameters(), still have param.size() = 1, remain param = "mediaserver_monitor=1"
I/str_params(  300): key: 'mediaserver_monitor' value: '1'
I/AudioPolicyManager(  300): setStreamVolumeIndex stream = 7 index = 15 device = 0x400
I/thermal_repeater(  323): oh, queryMdThermalInfo (0)Bad file number
I/thermal_repeater(  323): [recvMdThermalInfo] ret=25, strLen=127,  1, 32767,,, -1, 32767, 2
W/JobSchedulerService( 3342): onCreate:105,102,103,101,
W/JobSchedulerService( 3342): onStartJob:105,currentJobs:105,102,103,101,
W/JobServiceContext(  877): verifyCallingUid.111..:[ComponentInfo{com.meizu.mstore/com.meizu.cloud.app.jobscheduler.JobSchedulerService},jId=105,u0,R=(-00:00,-00:00),N=2,C=false,I=false,F=0,P=false(READY)]
W/JobServiceContext(  877): verifyCallingUid. END
W/JobServiceContext(  877): verifyCallingUid.111..:[ComponentInfo{com.meizu.mstore/com.meizu.cloud.app.jobscheduler.JobSchedulerService},jId=105,u0,R=(-00:00,-00:00),N=2,C=false,I=false,F=0,P=false(READY)]
W/JobServiceContext(  877): verifyCallingUid. END
W/JobServiceContext(  877): closeAndCleanupJobH.111..:[ComponentInfo{com.meizu.mstore/com.meizu.cloud.app.jobscheduler.JobSchedulerService},jId=105,u0,R=(-00:00,-00:00),N=2,C=false,I=false,F=0,P=false(READY)]
W/JobSchedulerService( 3342): onDestroy:102,103,101,
D/[BT3.0+HS]PAL(  333): == chip_reset_fd is set ==
D/[BT3.0+HS]PAL(  333): 
D/[BT3.0+HS]PAL(  333): invalid reply message
D/[BT3.0+HS]PAL(  333): 
I/thermal_repeater(  323): oh, queryMdThermalInfo (0)Bad file number
I/thermal_repeater(  323): [recvMdThermalInfo] ret=25, strLen=127,  1, 32767,,, -1, 32767, 2
D/[BT3.0+HS]PAL(  333): == chip_reset_fd is set ==
D/[BT3.0+HS]PAL(  333): 
D/[BT3.0+HS]PAL(  333): invalid reply message
D/[BT3.0+HS]PAL(  333): 
D/[BT3.0+HS]PAL(  333): == chip_reset_fd is set ==
D/[BT3.0+HS]PAL(  333): 
D/[BT3.0+HS]PAL(  333): invalid reply message
D/[BT3.0+HS]PAL(  333): 
E/wpa_supplicant( 1206): This is a Iphone softap!!!!!!! 
E/wpa_supplicant( 1206): This is a Iphone softap!!!!!!! 
E/wpa_supplicant( 1206): This is a Iphone softap!!!!!!! 
I/Netd    (  295): Get netlink event, ifname: wlan0 action: 4
I/Netd    (  295): Get netlink event, ifname: wlan0 action: 4
E/WifiStateMachine(  877): mIsFullScanOngoing: true, mSendScanResultsBroadcast: false
E/WifiStateMachine(  877): mWifiOnScanCount: 381
I/art     (  877): Background sticky concurrent mark sweep GC freed 13783(2MB) AllocSpace objects, 0(0B) LOS objects, 2% free, 38MB/39MB, paused 8.074ms total 68.384ms
W/ContextImpl( 2120): Calling a method in the system process without a qualified user: android.app.ContextImpl.startService:1863 android.content.ContextWrapper.startService:516 android.content.ContextWrapper.startService:516 com.meizu.dataservice.ExperienceReceiver.a:-1 com.meizu.dataservice.ExperienceReceiver.onReceive:-1 
I/System.out( 7590): isFirstLoctrue
I/System.out( 7590): ******jscarlife*********************onReceiveLocation*********************
I/System.out( 7590): open:http://api.map.baidu.com/sdkproxy/v2/lbs_androidsdk/geocoder/v2?location=22.577016305728407%2C114.05000412931916&coordtype=bd09ll&pois=1&output=json&from=android_map_sdk&latest_admin=0&token=c0e4TNqnRlY3vEod6gWAfZ3ovht8K3YTxcWB9DJnrgJl2JNce5vCsYh5YoyAj8mCDJ1EkX9slGnaqWsWg%2FCdjvvGGxpcvaKEz7SxekyStvjUhe%2BbSKHKR5oOOmhvtZRG5JQ%2F8z7MEabPoO9f%2Fczu2UigE%2FAPmy6803irZ1Ktk%2BZ4QAzcrue%2FwL2m7Js&pcn=com.jieshun.jslife&screen=1080%2C1920&cuid=07AB6C1293F355B0E1AE06BB5824B71A%7C944874720008868&dpi=480%2C480&resid=02&appid=-1&mb=m2%20note&ctm=1536033596.784000&net=1&bduid=&channel=baidu&os=Android22&sv=4.5.2&sign=3e033a4e40f82a495efaabaaa3227904
I/System.out( 7590): [OkHttp] sendRequest>>
I/System.out( 7590): [OkHttp] sendRequest<<
I/NetworkManagementSocketTagger( 7590): untagSocket(102)
I/art     ( 7590): Background sticky concurrent mark sweep GC freed 45077(1696KB) AllocSpace objects, 1(16KB) LOS objects, 2% free, 56MB/58MB, paused 5.225ms total 46.991ms
I/System.out( 7590): isFirstLoctrue
I/System.out( 7590): ******jscarlife*********************onReceiveLocation*********************
I/System.out( 7590): open:http://api.map.baidu.com/sdkproxy/v2/lbs_androidsdk/geocoder/v2?location=22.577016305728407%2C114.05000412931916&coordtype=bd09ll&pois=1&output=json&from=android_map_sdk&latest_admin=0&token=c0e4TNqnRlY3vEod6gWAfZ3ovht8K3YTxcWB9DJnrgJl2JNce5vCsYh5YoyAj8mCDJ1EkX9slGnaqWsWg%2FCdjvvGGxpcvaKEz7SxekyStvjUhe%2BbSKHKR5oOOmhvtZRG5JQ%2F8z7MEabPoO9f%2Fczu2UigE%2FAPmy6803irZ1Ktk%2BZ4QAzcrue%2FwL2m7Js&pcn=com.jieshun.jslife&screen=1080%2C1920&cuid=07AB6C1293F355B0E1AE06BB5824B71A%7C944874720008868&dpi=480%2C480&resid=02&appid=-1&mb=m2%20note&ctm=1536033600.576000&net=1&bduid=&channel=baidu&os=Android22&sv=4.5.2&sign=bb3fb376669a772abfe5f5720c2d62b6
I/System.out( 7590): [OkHttp] sendRequest>>
I/System.out( 7590): [OkHttp] sendRequest<<
I/NetworkManagementSocketTagger( 7590): untagSocket(102)
I/AudioFlinger(  300): setParameters(): io 0, keyvalue mediaserver_monitor=1, calling pid 877
W/AudioALSAHardware(  300): setParameters(), still have param.size() = 1, remain param = "mediaserver_monitor=1"
I/str_params(  300): key: 'mediaserver_monitor' value: '1'
I/AudioPolicyManager(  300): setStreamVolumeIndex stream = 7 index = 15 device = 0x400
I/thermal_repeater(  323): oh, queryMdThermalInfo (0)Bad file number
I/thermal_repeater(  323): [recvMdThermalInfo] ret=25, strLen=127,  1, 32767,,, -1, 32767, 2
W/Watchdog(  877): SWT Watchdog after wait current time:28087894
W/Watchdog(  877): **Get SF Time **1
W/Watchdog(  877): SWT Watchdog before synchronized:28087895
W/Watchdog(  877): SWT Watchdog after synchronized:28087895
W/Watchdog(  877): SWT Watchdog before wait timeout:30000
W/Watchdog(  877): SWT Watchdog before wait current time:28087895
W/Watchdog(  877): SWT Watchdog before wait start:28087895
W/Watchdog(  877): SWT Watchdog before wait CHECK_INTERVAL:30000
I/System.out( 7590): isFirstLoctrue
I/System.out( 7590): ******jscarlife*********************onReceiveLocation*********************
I/System.out( 7590): open:http://api.map.baidu.com/sdkproxy/v2/lbs_androidsdk/geocoder/v2?location=22.577016305728407%2C114.05000412931916&coordtype=bd09ll&pois=1&output=json&from=android_map_sdk&latest_admin=0&token=c0e4TNqnRlY3vEod6gWAfZ3ovht8K3YTxcWB9DJnrgJl2JNce5vCsYh5YoyAj8mCDJ1EkX9slGnaqWsWg%2FCdjvvGGxpcvaKEz7SxekyStvjUhe%2BbSKHKR5oOOmhvtZRG5JQ%2F8z7MEabPoO9f%2Fczu2UigE%2FAPmy6803irZ1Ktk%2BZ4QAzcrue%2FwL2m7Js&pcn=com.jieshun.jslife&screen=1080%2C1920&cuid=07AB6C1293F355B0E1AE06BB5824B71A%7C944874720008868&dpi=480%2C480&resid=02&appid=-1&mb=m2%20note&ctm=1536033610.611000&net=1&bduid=&channel=baidu&os=Android22&sv=4.5.2&sign=9d7b61b6a488fd37cca61889aa28e693
I/System.out( 7590): [OkHttp] sendRequest>>
I/System.out( 7590): [OkHttp] sendRequest<<
I/NetworkManagementSocketTagger( 7590): untagSocket(102)
I/thermal_repeater(  323): oh, queryMdThermalInfo (0)Bad file number
I/thermal_repeater(  323): [recvMdThermalInfo] ret=25, strLen=127,  1, 32767,,, -1, 32767, 2
I/WindowManager(  877): interceptKeyTq keycode=3 interactive=false keyguardActive=true policyFlags=2000000 down =true canceled = false isWakeKey=true mVolumeDownKeyTriggered =false mVolumeUpKeyTriggered =false result = 0 useHapticFeedback = false isInjected = false result = 0
I/PowerManagerService(  877): Waking up from sleep (uid 1000)...reason:101
I/MzPhoneWindowManager(  877): interceptHomeKeyLongPress: add mLunchVoiceActivity
I/ActivityManager(  877): onWakefulnessChanged: 1
I/DisplayPowerController(  877): Blocking screen on until initial contents have been drawn.
I/SensorHAL(  877): Dev Flush, handle: 4, name: LSM6DS3 Accelerometer Sensor, ret: -22
I/SensorHAL(  877): Dev Batch, handle: 2, name: LTR559 Proximity Sensor
I/SensorHAL(  877): Dev Active, handle: 2, name: LTR559 Proximity Sensor, enable: 1.
I/SensorHAL(  877): SensorBase::Enable. name: LTR559 Proximity Sensor, enable: 1
I/SensorHAL(  877): HWSensorBase::Enable, handle: 2, name: lsm6ds3_proximity, enable: 1
I/SensorHAL(  877): Dev Batch, handle: 1, name: LTR559 Light Sensor
I/SensorHAL(  877): Dev Active, handle: 1, name: LTR559 Light Sensor, enable: 1.
I/SensorHAL(  877): SensorBase::Enable. name: LTR559 Light Sensor, enable: 1
I/SensorHAL(  877): HWSensorBase::Enable, handle: 1, name: lsm6ds3_light, enable: 1
E/SensorHAL(  877): [Proximity]: 0.000000
W/ContextImpl(  877): Calling a method in the system process without a qualified user: android.app.ContextImpl.sendBroadcast:1474 com.android.server.statusbar.StatusBarManagerService.onPanelRevealed:531 com.android.internal.statusbar.IStatusBarService$Stub.onTransact:185 android.os.Binder.execTransact:454 <bottom of call stack> 
I/ChargeViewUtils( 1041): updateChargingState shouldChargingViewShow = false , mPluggedIn = true
I/PalmRejection( 1041): enableProximityLockLocked, mProximitySensorEnabled = false
I/BatteryConsumeMonitor( 1287): idleModeFlag : false
I/BatteryConsumeMonitor( 1287): cancelRepeatAlarm
E/SleepModeEngine( 1574): screen off time didn't stored, ignore
E/WifiManagerFlyme( 1287): disableScanInterface exception: java.lang.NoSuchMethodException
E/WifiStateMachine(  877): cancelDelayedScan -> 39
I/AudioFlinger(  300): setParameters(): io 0, keyvalue screen_state=on, calling pid 877
I/str_params(  300): key: 'screen_state' value: 'on'
E/native  (  877): do suspend false
I/wpa_supplicant( 1206): wpa_driver_nl80211_driver_cmd: buf =  ret = 2 used = 2 total = 4096
I/hwcomposer(  274): [HWC] SetPowerMode(2) Display(0)
I/WindowManager(  877): interceptKeyTq keycode=3 interactive=true keyguardActive=true policyFlags=22000000 down =false canceled = false isWakeKey=false mVolumeDownKeyTriggered =false mVolumeUpKeyTriggered =false result = 1 useHapticFeedback = false isInjected = false result = 1
I/MzPhoneWindowManager(  877): interceptHomeKeyLongPress: remove mLunchVoiceActivity
I/DisplayManagerService(  877): Display device changed: DisplayDeviceInfo{"": uniqueId="local:0", 1080 x 1920, 57.490005 fps, supportedRefreshRates [57.490005], density 480, 480.0 x 480.0 dpi, appVsyncOff -8000000, presDeadline 26394328, touch INTERNAL, rotation 0, type BUILT_IN, state ON, subtype 0, FLAG_DEFAULT_DISPLAY, FLAG_ROTATES_WITH_CONTENT, FLAG_SECURE, FLAG_SUPPORTS_PROTECTED_BUFFERS}
I/SensorHAL(  877): Dev Batch, handle: 3, name: LTR559 Proximity Sensor (Wake Up)
I/SensorHAL(  877): Dev Active, handle: 3, name: LTR559 Proximity Sensor (Wake Up), enable: 1.
I/SensorHAL(  877): SensorBase::Enable. name: LTR559 Proximity Sensor (Wake Up), enable: 1
I/SensorHAL(  877): HWSensorBase::Enable, handle: 3, name: lsm6ds3_ps_wk, enable: 1
E/SensorHAL(  877): [Proximity]: 0.000000
E/SensorHAL(  877): [Proximity]: 0.000000
I/PalmRejection( 1041): onSensorChanged() -- distance = 0.0, active = true
I/PalmRejection( 1041): proximityChangedLocked, true, mScreenOnAndTooClose false
I/PalmRejection( 1041): active!!! mHandler.removeCallbacks(mWakeUpScreenRunnable)()
I/libPerfService(  877): perfSetFavorPid - pid:0, 0
I/PerfService(  274): PerfServiceNative_notifyDisplayType:0
I/SurfaceFlinger(  274): [Built-in Screen (type:0)] fps:0.019606,dur:1479105.41,max:1478550.18,min:4.72
I/WifiService(  877): WifiService trying to set country code to  with persist set to true
E/WifiStateMachine(  877): Ignoring resetting of country code
I/WifiService(  877): WifiService trying to set country code to  with persist set to true
E/WifiStateMachine(  877): Ignoring resetting of country code
I/PanelView( 1041): Max panel height 874,expand height 874.0, shade mode false
I/libPerfService(  877): perfSetFavorPid - pid:7590, 1da6
I/art     (  877): Background sticky concurrent mark sweep GC freed 13367(1117KB) AllocSpace objects, 0(0B) LOS objects, 2% free, 38MB/39MB, paused 5.211ms total 40.699ms
I/libPerfService(  877): perfSetFavorPid - pid:0, 0
I/[MALI][Gralloc](  274): Usage: 0xb00, format: 0x1 stride: 1088 vertical_stride: 1920 size: 8355840
I/libPerfService(  877): perfSetFavorPid - pid:7590, 1da6
I/DisplayPowerController(  877): Unblocked screen on after 625 ms
I/PanelView( 1041): Max panel height 874,expand height 874.0, shade mode false
I/[MALI][Gralloc](  274): Usage: 0xb00, format: 0x1 stride: 1088 vertical_stride: 1920 size: 8355840
I/libPerfService(  877): 12: set freq: 1235000
I/libPerfService(  877): 12: set: 4
I/PerfService(  877): PerfServiceNative_boostDisableAsync:5
I/libPerfService(  877): 5: set: 4
I/libPerfService(  877): 5: set freq: 1235000
E/SensorHAL(  877): [Proximity]: 5.000000
E/SensorHAL(  877): [Proximity]: 5.000000
I/PalmRejection( 1041): onSensorChanged() -- distance = 5.0, active = false
I/PalmRejection( 1041): proximityChangedLocked, false, mScreenOnAndTooClose true
I/PalmRejection( 1041): disableProximityLockLocked, mProximitySensorEnabled = true
I/SensorHAL(  877): Dev Active, handle: 3, name: LTR559 Proximity Sensor (Wake Up), enable: 0.
I/SensorHAL(  877): SensorBase::Enable. name: LTR559 Proximity Sensor (Wake Up), enable: 0
I/SensorHAL(  877): HWSensorBase::Enable, handle: 3, name: lsm6ds3_ps_wk, enable: 0
I/PalmRejection( 1041): mSensorManager.unregisterListener(mProximityListener)
I/PalmRejection( 1041): mProximityWakeLock.release()
I/PalmRejection( 1041): no active! go on wakup!
I/libPerfService(  877): perfSetFavorPid - pid:0, 0
W/hwcomposer(  274): [JOB] (0) Job is late(8)...
W/hwcomposer(  274): [JOB] (0) Job is late(7)...
W/hwcomposer(  274): [JOB] (0) Job is late(7)...
W/hwcomposer(  274): [JOB] (0) Job is late(7)...
I/PanelView( 1041): Max panel height 874,expand height 874.0, shade mode false
W/hwcomposer(  274): [JOB] (0) Job is late(7)...
W/hwcomposer(  274): [JOB] (0) Job is late(7)...
W/hwcomposer(  274): [JOB] (0) Job is late(7)...
W/hwcomposer(  274): [JOB] (0) Job is late(7)...
W/hwcomposer(  274): [JOB] (0) Job is late(7)...
W/hwcomposer(  274): [JOB] (0) Job is late(7)...
W/hwcomposer(  274): [JOB] (0) Job is late(7)...
W/hwcomposer(  274): [JOB] (0) Job is late(7)...
W/hwcomposer(  274): [JOB] (0) Job is late(7)...
W/hwcomposer(  274): [JOB] (0) Job is late(7)...
W/hwcomposer(  274): [JOB] (0) Job is late(7)...
W/hwcomposer(  274): [JOB] (0) Job is late(7)...
I/SurfaceFlinger(  274): [Built-in Screen (type:0)] fps:58.828739,dur:1002.91,max:20.58,min:1.55
W/hwcomposer(  274): [JOB] (0) Job is late(7)...
W/hwcomposer(  274): [JOB] (0) Job is late(7)...
W/hwcomposer(  274): [JOB] (0) Job is late(7)...
W/hwcomposer(  274): [JOB] (0) Job is late(7)...
W/hwcomposer(  274): [JOB] (0) Job is late(7)...
W/hwcomposer(  274): [JOB] (0) Job is late(7)...
W/hwcomposer(  274): [JOB] (0) Job is late(7)...
W/hwcomposer(  274): [JOB] (0) Job is late(7)...
W/hwcomposer(  274): [JOB] (0) Job is late(7)...
W/hwcomposer(  274): [JOB] (0) Job is late(7)...
W/hwcomposer(  274): [JOB] (0) Job is late(7)...
W/hwcomposer(  274): [JOB] (0) Job is late(11)...
W/hwcomposer(  274): [JOB] (0) Job is late(10)...
W/hwcomposer(  274): [JOB] (0) Job is late(10)...
W/hwcomposer(  274): [JOB] (0) Job is late(10)...
W/hwcomposer(  274): [JOB] (0) Job is late(10)...
W/hwcomposer(  274): [JOB] (0) Job is late(10)...
W/hwcomposer(  274): [JOB] (0) Job is late(10)...
W/hwcomposer(  274): [JOB] (0) Job is late(10)...
W/hwcomposer(  274): [JOB] (0) Job is late(10)...
W/hwcomposer(  274): [JOB] (0) Job is late(10)...
W/hwcomposer(  274): [JOB] (0) Job is late(10)...
W/hwcomposer(  274): [JOB] (0) Job is late(10)...
W/hwcomposer(  274): [JOB] (0) Job is late(10)...
W/hwcomposer(  274): [JOB] (0) Job is late(10)...
W/hwcomposer(  274): [JOB] (0) Job is late(10)...
W/hwcomposer(  274): [JOB] (0) Job is late(10)...
W/hwcomposer(  274): [JOB] (0) Job is late(10)...
W/hwcomposer(  274): [JOB] (0) Job is late(10)...
W/hwcomposer(  274): [JOB] (0) Job is late(10)...
W/hwcomposer(  274): [JOB] (0) Job is late(10)...
W/hwcomposer(  274): [JOB] (0) Job is late(10)...
W/hwcomposer(  274): [JOB] (0) Job is late(10)...
W/hwcomposer(  274): [JOB] (0) Job is late(10)...
W/hwcomposer(  274): [JOB] (0) Job is late(10)...
W/hwcomposer(  274): [JOB] (0) Job is late(10)...
W/hwcomposer(  274): [JOB] (0) Job is late(10)...
W/hwcomposer(  274): [JOB] (0) Job is late(10)...
W/hwcomposer(  274): [JOB] (0) Job is late(10)...
W/hwcomposer(  274): [JOB] (0) Job is late(10)...
W/hwcomposer(  274): [JOB] (0) Job is late(10)...
W/hwcomposer(  274): [JOB] (0) Job is late(10)...
W/hwcomposer(  274): [JOB] (0) Job is late(10)...
W/hwcomposer(  274): [JOB] (0) Job is late(10)...
I/libPerfService(  877): 13: set freq: 1300000
I/libPerfService(  877): 13: set: 6
I/ChargeViewUtils( 1041): updateChargingState shouldChargingViewShow = false , mPluggedIn = true
I/PanelView( 1041): Max panel height 874,expand height 874.0, shade mode false
W/hwcomposer(  274): [JOB] (0) Job is late(10)...
I/PanelView( 1041): Max panel height 874,expand height 758.3906, shade mode false
I/PanelView( 1041): Max panel height 874,expand height 758.3906, shade mode false
W/hwcomposer(  274): [JOB] (0) Job is late(10)...
I/PanelView( 1041): Max panel height 874,expand height 632.2239, shade mode false
I/PanelView( 1041): Max panel height 874,expand height 632.2239, shade mode false
W/hwcomposer(  274): [JOB] (0) Job is late(10)...
I/PanelView( 1041): Max panel height 874,expand height 500.98376, shade mode false
I/PanelView( 1041): Max panel height 874,expand height 500.98376, shade mode false
W/hwcomposer(  274): [JOB] (0) Job is late(10)...
I/PanelView( 1041): Max panel height 874,expand height 281.06848, shade mode false
I/PanelView( 1041): Max panel height 874,expand height 281.06848, shade mode false
W/hwcomposer(  274): [JOB] (0) Job is late(10)...
I/PanelView( 1041): Max panel height 874,expand height 122.39136, shade mode false
I/PanelView( 1041): Max panel height 874,expand height 122.39136, shade mode false
I/PerfService(  877): PerfServiceNative_boostDisableAsync:5
I/libPerfService(  877): 5: set: 6
I/libPerfService(  877): 5: set freq: 1300000
W/hwcomposer(  274): [JOB] (0) Job is late(10)...
I/PanelView( 1041): mTracking true,cancel fling false,instant collapse false
I/PanelView( 1041): reachTarget false,camera intercept false,camera running false
I/PanelView( 1041): isShademode false,target height 0.0,expand height 122.39136
I/PanelView( 1041): Max panel height 874,expand height 122.39136, shade mode false
I/PanelView( 1041): Max panel height 874,expand height 122.39136, shade mode false
W/hwcomposer(  274): [JOB] (0) Job is late(10)...
W/hwcomposer(  274): [JOB] (0) Job is late(10)...
W/hwcomposer(  274): [JOB] (0) Job is late(10)...
W/hwcomposer(  274): [JOB] (0) Job is late(10)...
W/hwcomposer(  274): [JOB] (0) Job is late(10)...
I/SurfaceFlinger(  274): [Built-in Screen (type:0)] fps:57.421867,dur:1010.07,max:18.70,min:16.27
W/hwcomposer(  274): [JOB] (0) Job is late(10)...
W/hwcomposer(  274): [JOB] (0) Job is late(10)...
W/hwcomposer(  274): [JOB] (0) Job is late(10)...
W/hwcomposer(  274): [JOB] (0) Job is late(10)...
W/hwcomposer(  274): [JOB] (0) Job is late(10)...
W/hwcomposer(  274): [JOB] (0) Job is late(10)...
W/hwcomposer(  274): [JOB] (0) Job is late(12)...
I/PanelView( 1041): Max panel height 874,expand height 0.0, shade mode false
I/PanelView( 1041): Max panel height 874,expand height 0.0, shade mode false
W/hwcomposer(  274): [JOB] (0) Job is late(12)...
I/PanelView( 1041): Max panel height 874,expand height 0.0, shade mode false
W/ContextImpl(  877): Calling a method in the system process without a qualified user: android.app.ContextImpl.sendBroadcast:1474 com.android.server.statusbar.StatusBarManagerService.onPanelHidden:555 com.android.internal.statusbar.IStatusBarService$Stub.onTransact:192 android.os.Binder.execTransact:454 <bottom of call stack> 
W/hwcomposer(  274): [JOB] (0) Job is late(12)...
W/hwcomposer(  274): [JOB] (0) Job is late(12)...
W/hwcomposer(  274): [JOB] (0) Job is late(12)...
W/hwcomposer(  274): [JOB] (0) Job is late(12)...
I/PerfService(  274): PerfServiceNative_notifyDisplayType:1
W/hwcomposer(  274): [JOB] (0) Job is late(12)...
W/hwcomposer(  274): [JOB] (0) Job is late(12)...
W/hwcomposer(  274): [JOB] (0) Job is late(12)...
W/hwcomposer(  274): [JOB] (0) Job is late(12)...
W/hwcomposer(  274): [JOB] (0) Job is late(12)...
W/hwcomposer(  274): [JOB] (0) Job is late(12)...
W/hwcomposer(  274): [JOB] (0) Job is late(12)...
W/hwcomposer(  274): [JOB] (0) Job is late(12)...
W/hwcomposer(  274): [JOB] (0) Job is late(12)...
W/hwcomposer(  274): [JOB] (0) Job is late(12)...
W/hwcomposer(  274): [JOB] (0) Job is late(11)...
I/AudioPolicyManager(  300): s 0 c 0 avaDev 3 ba2dpo 0 ba2dpsp 0 dev 2
I/AudioPolicyManager(  300): getOutput() device 2, stream 1, samplingRate 0, format 0, channelMask 3, flags 0
I/AudioPolicyManager(  300): getOutput() returns output 2
I/AudioPolicyManager(  300): s 0 c 0 avaDev 3 ba2dpo 0 ba2dpsp 0 dev 2
I/AudioPolicyManager(  300): getOutput() device 2, stream 1, samplingRate 0, format 0, channelMask 3, flags 0
I/AudioPolicyManager(  300): getOutput() returns output 2
I/AudioPolicyManager(  300): s 0 c 0 avaDev 3 ba2dpo 0 ba2dpsp 0 dev 2
I/AudioPolicyManager(  300): getOutput() returns output 2
I/AudioFlinger_Threads(  300): attachAuxEffect_l EffectId 0
I/AudioFlinger_Threads(  300): attachAuxEffect_l status 0
I/AudioPolicyManager(  300): AddSampleRateArray index = 0 sampleRate = 44100
I/AudioPolicyManager(  300): startOutput() output 2, stream 1, session 317
I/AudioPolicyManager(  300): s 0 c 0 avaDev 3 ba2dpo 0 ba2dpsp 0 dev 2
I/AudioPolicyManager(  300): getNewOutputDevice() selected device 2
I/AudioPolicyManager(  300): setOutputDevice() output 2 device 0002 delayMs 0 force 0
I/AudioPolicyManager(  300): s 0 c 0 avaDev 3 ba2dpo 0 ba2dpsp 0 dev 2
I/AudioFlinger(  300): setParameters(): io 2, keyvalue FM_DIRECT_CONTROL=1, calling pid 300
I/AudioPolicyManager(  300): setOutputDevice() prevDevice 0002
I/AudioPolicyManager(  300): setOutputDevice() mMutePrevDevice 0000
I/AudioPolicyManager(  300): s 0 c 0 avaDev 3 ba2dpo 0 ba2dpsp 0 dev 2
I/AudioPolicyManager(  300): s 1 c 0 avaDev 3 ba2dpo 0 ba2dpsp 0 dev 1
I/AudioPolicyManager(  300): s 2 c 0 avaDev 3 ba2dpo 0 ba2dpsp 0 dev 2
I/AudioPolicyManager(  300): s 2 c 0 avaDev 3 ba2dpo 0 ba2dpsp 0 dev 2
I/AudioPolicyManager(  300): s 3 c 0 avaDev 3 ba2dpo 0 ba2dpsp 0 dev 2
I/AudioPolicyManager(  300): s 0 c 0 avaDev 3 ba2dpo 0 ba2dpsp 0 dev 2
I/AudioPolicyManager(  300): s 4 c 0 avaDev 3 ba2dpo 0 ba2dpsp 0 dev 2
I/AudioPolicyManager(  300): s 5 c 0 avaDev 3 ba2dpo 0 ba2dpsp 0 dev 2
I/AudioPolicyManager(  300): s 6 c 0 avaDev 3 ba2dpo 0 ba2dpsp 0 dev 2
I/AudioPolicyManager(  300): s 7 c 0 avaDev 3 ba2dpo 0 ba2dpsp 0 dev 2
I/AudioPolicyManager(  300): s 8 c 0 avaDev 3 ba2dpo 0 ba2dpsp 0 dev 2
I/AudioPolicyManager(  300): setOutputDevice() setting same device 0002 or null device for output 2
I/AudioPolicyManager(  300):  checkAndSetVolume stream = 1 index = 8 output = 2 device = 0x2 delayMs = 0 force = 0
I/AudioPolicyManager(  300): PolicyForceReplace stream = 1 sampleRate = 44100 
I/AudioFlinger_Threads(  300): reset track timestretch tracn name 4098, ratio 100, mTimeStretchTrackName[name-4096] 0
I/AudioPolicyManager(  300): releaseOutput() 2
I/PanelView( 1041): Max panel height 874,expand height 0.0, shade mode false
I/MeizuKeyguardThemeManager( 1041): setBarState ------ statusBarState=0,keyguardFadingAway=true,goingToFullShade=false,keyguardShowing=false
I/MeizuKeyguardThemeManager( 1041): setBarState 0
I/PhoneStatusBar( 1041): updateNotificationCountChange,mLastHasNotification:true , hasActiveNotifications:true
W/KeyguardViewBase( 1041): setOnDismissAction =null
W/hwcomposer(  274): [JOB] (0) Job is late(10)...
E/AudioALSAPlaybackHandlerBase(  300): openPcmDriver(), pcm_start(0xf04bd0c0) fail due to cannot start channel: Broken pipe
W/hwcomposer(  274): [JOB] (0) Job is late(9)...
E/AudioALSAPlaybackHandlerBase(  300): -getHardwareBufferInfo pcm_get_htimestamp fail, ret = -1, pcm_get_error = cannot start channel: Broken pipe
W/hwcomposer(  274): [JOB] (0) Job is late(8)...
W/hwcomposer(  274): [JOB] (0) Job is late(7)...
W/hwcomposer(  274): [JOB] (0) Job is late(6)...
E/AudioFlinger(  300): getNextBuffer, get null buffer
I/AudioFlinger_Threads(  300): pause signal - [NOT READY] on thread
I/libPerfService(  877): perfSetFavorPid - pid:7590, 1da6
W/PerfScheduler(  877): Not Boost !
I/AudioPolicyManager(  300): ReleaseFMIndirectMode 
I/AudioPolicyManager(  300): PolicyRestore
I/AudioPolicyManager(  300): stopOutput() output 2, stream 1, session 317
I/AudioPolicyManager(  300): getNewOutputDevice() selected device 0
I/AudioPolicyManager(  300): setOutputDevice() output 2 device 0000 delayMs 184 force 0
I/AudioPolicyManager(  300): setOutputDevice() prevDevice 0002
I/AudioPolicyManager(  300): setOutputDevice() mMutePrevDevice 0002
I/AudioPolicyManager(  300): s 0 c 0 avaDev 3 ba2dpo 0 ba2dpsp 0 dev 2
I/AudioPolicyManager(  300): s 1 c 0 avaDev 3 ba2dpo 0 ba2dpsp 0 dev 1
I/AudioPolicyManager(  300): s 2 c 0 avaDev 3 ba2dpo 0 ba2dpsp 0 dev 2
I/AudioPolicyManager(  300): s 2 c 0 avaDev 3 ba2dpo 0 ba2dpsp 0 dev 2
I/AudioPolicyManager(  300): s 3 c 0 avaDev 3 ba2dpo 0 ba2dpsp 0 dev 2
I/AudioPolicyManager(  300): s 0 c 0 avaDev 3 ba2dpo 0 ba2dpsp 0 dev 2
I/AudioPolicyManager(  300): s 4 c 0 avaDev 3 ba2dpo 0 ba2dpsp 0 dev 2
I/AudioPolicyManager(  300): s 5 c 0 avaDev 3 ba2dpo 0 ba2dpsp 0 dev 2
I/AudioPolicyManager(  300): s 6 c 0 avaDev 3 ba2dpo 0 ba2dpsp 0 dev 2
I/AudioPolicyManager(  300): s 7 c 0 avaDev 3 ba2dpo 0 ba2dpsp 0 dev 2
I/AudioPolicyManager(  300): s 8 c 0 avaDev 3 ba2dpo 0 ba2dpsp 0 dev 2
I/AudioPolicyManager(  300): setOutputDevice() setting same device 0000 or null device for output 2
I/StatusBarManagerService(  877): disable by pkg=com.android.systemui
W/MtpService( 3616): onReceive action: android.intent.action.USER_PRESENT
E/Tethering(  877): updateConfiguration: wrong MCCMNC =null
I/Tethering(  877): ifaceTypes = null, use default
I/Tethering(  877): upstreamIfaceTypes.add:0
I/Tethering(  877): upstreamIfaceTypes.add:1
I/Tethering(  877): upstreamIfaceTypes.add:5
I/Tethering(  877): upstreamIfaceTypes.add:7
I/Tethering(  877): upstreamIfaceTypes.add:9
I/Tethering(  877): upstreamIfaceTypes.add:49
I/Tethering(  877): checkDunRequired:2
W/ContextImpl( 1698): Calling a method in the system process without a qualified user: android.app.ContextImpl.startService:1863 android.content.ContextWrapper.startService:516 android.content.ContextWrapper.startService:516 com.meizu.networkmanager.c.r.a:25 com.meizu.networkmanager.boradcast.TrafficGlobalReceiver$2.run:244 
I/NetworkStatsRecorder(  877): recordSnapshotLocked: ident[[{type=WIFI, subType=COMBINED, networkId=chaozhouniurouwan}]]
W/NetworkStatsRecorder(  877): unknown interfaces [lo, p2p0], ignoring those stats
I/NetworkStatsRecorder(  877): recordSnapshotLocked: ident[[{type=WIFI, subType=COMBINED, networkId=chaozhouniurouwan}]]
W/NetworkStatsRecorder(  877): unknown interfaces [lo, p2p0], ignoring those stats
I/NetworkStatsRecorder(  877): recordSnapshotLocked: ident[[{type=WIFI, subType=COMBINED, networkId=chaozhouniurouwan}]]
I/NetworkStatsRecorder(  877): recordSnapshotLocked: ident[[{type=WIFI, subType=COMBINED, networkId=chaozhouniurouwan}]]
I/NetworkStatsRecorder(  877): recordSnapshotLocked: ident[[{type=WIFI, subType=COMBINED, networkId=chaozhouniurouwan}]]
I/NetworkStatsRecorder(  877): recordSnapshotLocked: ident[[{type=WIFI, subType=COMBINED, networkId=chaozhouniurouwan}]]
W/NetworkStatsRecorder(  877): unknown interfaces [lo, p2p0], ignoring those stats
W/NetworkStatsRecorder(  877): unknown interfaces [lo, p2p0], ignoring those stats
I/WindowManager(  877): Gaining focus: Window{1bfa6a0f u0 com.jieshun.jslife/com.jieshun.jslife.activity.WebViewBaseActivity}
I/WindowManager(  877): Losing focus: Window{2d945bf0 u0 StatusBar}
W/InputMethodManagerService(  877): Window already focused, ignoring focus gain of: com.android.internal.view.IInputMethodClient$Stub$Proxy@3a1728bb attribute=android.view.inputmethod.EditorInfo@5e781d8, token = android.os.BinderProxy@3c76436e
W/DecodingInfo( 1333): No Engine for Decoding
I/MobclickAgent( 7590): Start new session: 9205082565087B5F95A5BB7D70663C37
I/PalmRejection( 1041): disableProximityLockLocked, mProximitySensorEnabled = false
I/PalmRejection( 1041): disableProximityLockLocked() failed... Proximity Sensor already disabled
I/Cweather( 6861): loadCurrentWeatherInfo cityName: isUserTheme:false temp:30 
I/auto_update_AppAutoUpdateManager( 3342): current Jobs:102,103,101,
W/auto_update_AppAutoUpdateManager( 3342): --Screen on and cancel scheduler download,switch:true, wifi:true, and Screen on: true, Power Connected: true, Battery: 100(-50|+15), Competitive:false(not check), downloaded size:0, downloaded time:0, available size:0
I/libPerfService(  877): perfSetFavorPid - pid:0, 0
W/Zygote  ( 8464): mz_is_rooted false
I/ActivityManager(  877): Start proc 8464:com.meizu.net.search/u0a76 for broadcast com.meizu.net.search/.hotword.HotWordReceiver
I/libPerfService(  877): perfSetFavorPid - pid:7590, 1da6
E/CellLocation( 6861): create GsmCellLocation
I/Cweather( 6861): writeWidgetWeatherFileFromInternet
I/AudioFlinger(  300): setParameters(): io 2, keyvalue FM_DIRECT_CONTROL=0, calling pid 300
I/System.out( 6861): httpget:http://aider.meizu.com/v2/widget/citylbs?lat=22.571163&lon=114.043294&country=&province=&city=&region=&street=&bizId=aider_app&timestamp=1536033580264&sign=350be2a8a49e418429bed2bc58bb2e08
I/System.out( 6861): isEmailSend:GET
I/System.out( 6861): this.mCheckHandler:android.net.Proxy$DefaultHttpRequestCheckHandler@1d7f19a0
D/libc-netbsd( 6861): [getaddrinfo]: hostname=aider.meizu.com; servname=(null); cache_mode=(null), netid=0; mark=0
D/libc-netbsd( 6861): [getaddrinfo]: ai_addrlen=0; ai_canonname=(null); ai_flags=4; ai_family=0
