D/libc-netbsd(  297): res_queryN name = loc.map.baidu.com succeed
D/libc-netbsd( 8327): getaddrinfo: loc.map.baidu.com get result from proxy >>
I/System.out( 8327): propertyValue:true
I/System.out( 8327): [CDS]connect[loc.map.baidu.com/14.215.177.33:80] tm:12
I/System.out( 8327): [OkHttp] sendRequest>>
I/System.out( 8327): OkBuffer write source.head == null !
I/System.out( 8327): [OkHttp] sendRequest<<
I/NetworkManagementSocketTagger( 8327): untagSocket(39)
I/System.out( 8327): Close in OkHttp
I/System.out( 8327): [CDS]close[39129]
I/NetworkManagementSocketTagger( 8327): untagSocket(34)
I/SurfaceView( 8157): updateWindow -- setFrame, this = com.baidu.platform.comapi.map.j{338a7539 V.E..... ......ID 0,0-1080,1920}
I/libPerfService(  866): perfSetFavorPid - pid:8157, 1fdd
I/libPerfService(  866): perfSetFavorPid - pid:0, 0
I/libPerfService(  866): perfSetFavorPid - pid:8157, 1fdd
I/SurfaceFlinger(  275): [Built-in Screen (type:0)] fps:1.632499,dur:1837.67,max:941.94,min:17.40
I/UserState( 8157): myJid = 13632836691@openfire-cloud/A1b117b2fb receive jid=13632836691@openfire-cloud/A1b852863a  state=OFFLINE
I/art     ( 8157): Background partial concurrent mark sweep GC freed 117274(6MB) AllocSpace objects, 13(1258KB) LOS objects, 5% free, 63MB/67MB, paused 5.470ms total 113.215ms
I/libPerfService(  866): 7: set: 1
I/libPerfService(  866): 7: set freq: 0
I/SurfaceView( 8157): updateWindow -- setFrame, this = com.baidu.platform.comapi.map.j{338a7539 V.E..... ......ID 0,0-1080,1920}
I/libPerfService(  866): perfSetFavorPid - pid:0, 0
I/SurfaceFlinger(  275): [Built-in Screen (type:0)] fps:1.883866,dur:1061.65,max:1018.00,min:43.65
I/AudioFlinger(  302): setParameters(): io 0, keyvalue mediaserver_monitor=1, calling pid 866
W/AudioALSAHardware(  302): setParameters(), still have param.size() = 1, remain param = "mediaserver_monitor=1"
I/str_params(  302): key: 'mediaserver_monitor' value: '1'
I/AudioPolicyManager(  302): setStreamVolumeIndex stream = 7 index = 15 device = 0x400
I/SurfaceView( 8157): updateWindow -- setFrame, this = com.baidu.platform.comapi.map.j{338a7539 V.E..... ......ID 0,0-1080,1920}
I/SurfaceView( 8157): updateWindow -- setFrame, this = com.baidu.platform.comapi.map.j{338a7539 V.E..... ......ID 0,0-1080,1920}
D/[BT3.0+HS]PAL(  330): == chip_reset_fd is set ==
D/[BT3.0+HS]PAL(  330): 
D/[BT3.0+HS]PAL(  330): invalid reply message
D/[BT3.0+HS]PAL(  330): 
I/art     ( 8157): Background partial concurrent mark sweep GC freed 142883(7MB) AllocSpace objects, 7(2MB) LOS objects, 5% free, 62MB/66MB, paused 5.087ms total 108.003ms
I/SurfaceView( 8157): updateWindow -- setFrame, this = com.baidu.platform.comapi.map.j{338a7539 V.E..... ......ID 0,0-1080,1920}
I/SurfaceFlinger(  275): [Built-in Screen (type:0)] fps:0.667615,dur:2995.74,max:2003.13,min:992.61
I/thermal_repeater(  319): oh, queryMdThermalInfo (0)Bad file number
I/thermal_repeater(  319): [recvMdThermalInfo] ret=25, strLen=127,  1, 32767,,, -1, 32767, 2
I/art     ( 8157): Background partial concurrent mark sweep GC freed 65617(3MB) AllocSpace objects, 11(1059KB) LOS objects, 5% free, 65MB/69MB, paused 3.825ms total 107.894ms
I/libPerfService(  866): 13: set freq: 1235000
I/libPerfService(  866): 13: set: 4
I/PerfService(  866): PerfServiceNative_boostDisableAsync:5
I/libPerfService(  866): 5: set: 4
I/libPerfService(  866): 5: set freq: 1235000
I/art     ( 8157): Background partial concurrent mark sweep GC freed 109472(5MB) AllocSpace objects, 5(919KB) LOS objects, 5% free, 64MB/68MB, paused 2.827ms total 104.664ms
W/ActivityManager(  866): Launch timeout has expired, giving up wake lock!
I/libPerfService(  866): perfSetFavorPid - pid:8157, 1fdd
I/libPerfService(  866): perfSetFavorPid - pid:0, 0
I/WindowManager(  866): Gaining focus: Window{12e656fb u0 com.jieshun.jslife/com.jieshun.jslife.activity.userinfo.UserInfoNewActivity}
I/WindowManager(  866): Losing focus: Window{2e0d003a u0 com.jieshun.jslife/com.jieshun.jslife.activity.userinfo.UserInfoNewActivity EXITING}
W/InputEventReceiver( 8157): Attempted to finish an input event but the input event receiver has already been disposed.
W/DecodingInfo( 1464): No Engine for Decoding
I/SurfaceFlinger(  275): [Built-in Screen (type:0)] fps:1.626227,dur:1229.84,max:992.87,min:236.97
I/art     ( 8157): Background partial concurrent mark sweep GC freed 181466(8MB) AllocSpace objects, 17(1544KB) LOS objects, 5% free, 63MB/67MB, paused 3.526ms total 100.859ms
I/PerfService(  866): PerfServiceNative_boostDisableAsync:5
I/libPerfService(  866): 5: set: 4
I/libPerfService(  866): 5: set freq: 1235000
I/AudioPolicyManager(  302): s 0 c 0 avaDev 3 ba2dpo 0 ba2dpsp 0 dev 2
I/AudioPolicyManager(  302): getOutput() device 2, stream 1, samplingRate 0, format 0, channelMask 3, flags 0
I/AudioPolicyManager(  302): getOutput() returns output 2
I/AudioPolicyManager(  302): s 0 c 0 avaDev 3 ba2dpo 0 ba2dpsp 0 dev 2
I/AudioPolicyManager(  302): getOutput() device 2, stream 1, samplingRate 0, format 0, channelMask 3, flags 0
I/AudioPolicyManager(  302): getOutput() returns output 2
I/AudioPolicyManager(  302): s 0 c 0 avaDev 3 ba2dpo 0 ba2dpsp 0 dev 2
I/AudioPolicyManager(  302): getOutput() returns output 2
W/AudioTrack(  866): AUDIO_OUTPUT_FLAG_FAST denied by client
I/AudioFlinger_Threads(  302): attachAuxEffect_l EffectId 0
I/AudioFlinger_Threads(  302): attachAuxEffect_l status 0
I/AudioPolicyManager(  302): AddSampleRateArray index = 1 sampleRate = 48000
I/AudioPolicyManager(  302): startOutput() output 2, stream 1, session 81
I/AudioPolicyManager(  302): s 0 c 0 avaDev 3 ba2dpo 0 ba2dpsp 0 dev 2
I/AudioPolicyManager(  302): getNewOutputDevice() selected device 2
I/AudioPolicyManager(  302): setOutputDevice() output 2 device 0002 delayMs 0 force 0
I/AudioPolicyManager(  302): s 0 c 0 avaDev 3 ba2dpo 0 ba2dpsp 0 dev 2
I/AudioFlinger(  302): setParameters(): io 2, keyvalue FM_DIRECT_CONTROL=1, calling pid 302
I/AudioPolicyManager(  302): setOutputDevice() prevDevice 0002
I/AudioPolicyManager(  302): setOutputDevice() mMutePrevDevice 0000
I/AudioPolicyManager(  302): s 0 c 0 avaDev 3 ba2dpo 0 ba2dpsp 0 dev 2
I/AudioPolicyManager(  302): s 1 c 0 avaDev 3 ba2dpo 0 ba2dpsp 0 dev 1
I/AudioPolicyManager(  302): s 2 c 0 avaDev 3 ba2dpo 0 ba2dpsp 0 dev 2
I/AudioPolicyManager(  302): s 2 c 0 avaDev 3 ba2dpo 0 ba2dpsp 0 dev 2
I/AudioPolicyManager(  302): s 3 c 0 avaDev 3 ba2dpo 0 ba2dpsp 0 dev 2
I/AudioPolicyManager(  302): s 0 c 0 avaDev 3 ba2dpo 0 ba2dpsp 0 dev 2
I/AudioPolicyManager(  302): s 4 c 0 avaDev 3 ba2dpo 0 ba2dpsp 0 dev 2
I/AudioPolicyManager(  302): s 5 c 0 avaDev 3 ba2dpo 0 ba2dpsp 0 dev 2
I/AudioPolicyManager(  302): s 6 c 0 avaDev 3 ba2dpo 0 ba2dpsp 0 dev 2
I/AudioPolicyManager(  302): s 7 c 0 avaDev 3 ba2dpo 0 ba2dpsp 0 dev 2
I/AudioPolicyManager(  302): s 8 c 0 avaDev 3 ba2dpo 0 ba2dpsp 0 dev 2
I/AudioPolicyManager(  302): setOutputDevice() setting same device 0002 or null device for output 2
I/AudioPolicyManager(  302):  checkAndSetVolume stream = 1 index = 8 output = 2 device = 0x2 delayMs = 0 force = 0
I/AudioPolicyManager(  302): PolicyForceReplace stream = 1 sampleRate = 48000 
I/AudioFlinger_Threads(  302): reset track timestretch tracn name 4099, ratio 100, mTimeStretchTrackName[name-4096] 0
I/AudioPolicyManager(  302): releaseOutput() 2
I/WindowManager(  866): Gaining focus: Window{37b00af4 u0 PopupWindow:14470e7e}
E/AudioALSAPlaybackHandlerBase(  302): openPcmDriver(), pcm_start(0xf4477440) fail due to cannot start channel: Broken pipe
I/[MALI][Gralloc](  275): Usage: 0xb00, format: 0x1 stride: 960 vertical_stride: 390 size: 1497600
I/[MALI][Gralloc](  275): Usage: 0xb00, format: 0x1 stride: 960 vertical_stride: 390 size: 1497600
I/[MALI][Gralloc](  275): Usage: 0xb00, format: 0x1 stride: 960 vertical_stride: 390 size: 1497600
I/[MALI][Gralloc](  275): Usage: 0xb00, format: 0x1 stride: 960 vertical_stride: 390 size: 1497600
E/AudioALSAPlaybackHandlerBase(  302): -getHardwareBufferInfo pcm_get_htimestamp fail, ret = -1, pcm_get_error = cannot start channel: Broken pipe
E/AudioFlinger(  302): getNextBuffer, get null buffer
W/DecodingInfo( 1464): No Engine for Decoding
I/AudioFlinger_Threads(  302): pause signal - [NOT READY] on thread
I/AudioPolicyManager(  302): ReleaseFMIndirectMode 
I/AudioPolicyManager(  302): PolicyRestore
I/AudioPolicyManager(  302): stopOutput() output 2, stream 1, session 81
I/AudioPolicyManager(  302): getNewOutputDevice() selected device 0
I/AudioPolicyManager(  302): setOutputDevice() output 2 device 0000 delayMs 184 force 0
I/AudioPolicyManager(  302): setOutputDevice() prevDevice 0002
I/AudioPolicyManager(  302): setOutputDevice() mMutePrevDevice 0002
I/AudioPolicyManager(  302): s 0 c 0 avaDev 3 ba2dpo 0 ba2dpsp 0 dev 2
I/AudioPolicyManager(  302): s 1 c 0 avaDev 3 ba2dpo 0 ba2dpsp 0 dev 1
I/AudioPolicyManager(  302): s 2 c 0 avaDev 3 ba2dpo 0 ba2dpsp 0 dev 2
I/AudioPolicyManager(  302): s 2 c 0 avaDev 3 ba2dpo 0 ba2dpsp 0 dev 2
I/AudioPolicyManager(  302): s 3 c 0 avaDev 3 ba2dpo 0 ba2dpsp 0 dev 2
I/AudioPolicyManager(  302): s 0 c 0 avaDev 3 ba2dpo 0 ba2dpsp 0 dev 2
I/AudioPolicyManager(  302): s 4 c 0 avaDev 3 ba2dpo 0 ba2dpsp 0 dev 2
I/AudioPolicyManager(  302): s 5 c 0 avaDev 3 ba2dpo 0 ba2dpsp 0 dev 2
I/AudioPolicyManager(  302): s 6 c 0 avaDev 3 ba2dpo 0 ba2dpsp 0 dev 2
I/AudioPolicyManager(  302): s 7 c 0 avaDev 3 ba2dpo 0 ba2dpsp 0 dev 2
I/AudioPolicyManager(  302): s 8 c 0 avaDev 3 ba2dpo 0 ba2dpsp 0 dev 2
I/AudioPolicyManager(  302): setOutputDevice() setting same device 0000 or null device for output 2
I/SurfaceFlinger(  275): [Built-in Screen (type:0)] fps:22.744534,dur:1011.23,max:505.14,min:15.06
I/AudioFlinger(  302): setParameters(): io 2, keyvalue FM_DIRECT_CONTROL=0, calling pid 302
D/[BT3.0+HS]PAL(  330): == chip_reset_fd is set ==
D/[BT3.0+HS]PAL(  330): 
D/[BT3.0+HS]PAL(  330): invalid reply message
D/[BT3.0+HS]PAL(  330): 
D/[BT3.0+HS]PAL(  330): == chip_reset_fd is set ==
D/[BT3.0+HS]PAL(  330): 
D/[BT3.0+HS]PAL(  330): invalid reply message
D/[BT3.0+HS]PAL(  330): 
I/Netd    (  297): Get netlink event, ifname: wlan0 action: 4
I/Netd    (  297): Get netlink event, ifname: wlan0 action: 4
E/wpa_supplicant( 1343): This is a Iphone softap!!!!!!! 
E/wpa_supplicant( 1343): This is a Iphone softap!!!!!!! 
E/wpa_supplicant( 1343): This is a Iphone softap!!!!!!! 
E/WifiConfigStore(  866):  rewrite network history for "chaozhouniurouwan"WPA_PSK
E/WifiStateMachine(  866): mIsFullScanOngoing: true, mSendScanResultsBroadcast: false
E/WifiStateMachine(  866): mWifiOnScanCount: 8
I/libPerfService(  866): perfSetFavorPid - pid:8157, 1fdd
W/ContextImpl( 1639): Calling a method in the system process without a qualified user: android.app.ContextImpl.startService:1863 android.content.ContextWrapper.startService:516 android.content.ContextWrapper.startService:516 com.meizu.dataservice.ExperienceReceiver.a:-1 com.meizu.dataservice.ExperienceReceiver.onReceive:-1 
I/System.out( 8157): isFirstLoc：true
I/System.out( 8157): ******jscarlife*********************onReceiveLocation***************逆地理编码******
I/System.out( 8157): open:http://api.map.baidu.com/sdkproxy/v2/lbs_androidsdk/geocoder/v2?location=22.57698068566045%2C114.04995819807651&coordtype=bd09ll&pois=1&output=json&from=android_map_sdk&latest_admin=0&token=acfeL9wzGHDSTFf5fkYOkkI7wW7qstTx%2Bpwy0xPtq6YBJUhsXYrPyQ9h2DRKlYFrm7iQZnYmDvFWwu8hX2JPV5sM%2BsxxKQH8Px2uL%2FLjfiJwYn2%2BtgSCsS9f94nn0bVt%2BlRATBK9NGPTvMWFeok%2FWZ43wsGeljMygUzNIbIcRRLo5lQzhQuwSiFxRnQ&pcn=com.jieshun.jslife&screen=1080%2C1920&cuid=07AB6C1293F355B0E1AE06BB5824B71A%7C944874720008868&dpi=480%2C480&resid=02&appid=-1&mb=m2%20note&ctm=1535703612.716000&net=1&bduid=&channel=baidu&os=Android22&sv=4.5.2&sign=2df81267b36ad5fc6bb524bb40551269
I/System.out( 8157): [OkHttp] sendRequest>>
I/System.out( 8157): [OkHttp] sendRequest<<
D/libc-netbsd(  297): netid=101, dns0:202.96.134.133
D/libc-netbsd(  297): netid=101, dns1:202.96.128.166
D/libc-netbsd(  297): netid=101, dns2:8.8.8.8
I/NetworkManagementSocketTagger( 8157): untagSocket(73)
I/libPerfService(  866): perfSetFavorPid - pid:0, 0
I/WindowManager(  866): Gaining focus: Window{12e656fb u0 com.jieshun.jslife/com.jieshun.jslife.activity.userinfo.UserInfoNewActivity}
I/WindowManager(  866): Losing focus: Window{37b00af4 u0 PopupWindow:14470e7e}
W/InputEventReceiver( 8157): Attempted to finish an input event but the input event receiver has already been disposed.
W/DecodingInfo( 1464): No Engine for Decoding
I/UserState( 8157): myJid = 13632836691@openfire-cloud/A1b117b2fb receive jid=13632836691@openfire-cloud/A1b852863a  state=ONLINE
I/UserState( 8157): myJid = 13632836691@openfire-cloud/A1b117b2fb receive jid=13632836691@openfire-cloud/A1b852863a  state=ONLINE
I/UserState( 8157): myJid = 13632836691@openfire-cloud/A1b117b2fb receive jid=13632836691@openfire-cloud/A1b852863a  state=ONLINE
I/UserState( 8157): myJid = 13632836691@openfire-cloud/A1b117b2fb receive jid=13632836691@openfire-cloud/A1b852863a  state=ONLINE
I/SurfaceFlinger(  275): [Built-in Screen (type:0)] fps:14.870374,dur:1008.72,max:627.01,min:15.18
I/libPerfService(  866): 7: set: 4
I/libPerfService(  866): 7: set freq: 1235000
I/PerfService(  866): PerfServiceNative_boostDisableAsync:5
I/libPerfService(  866): 5: set: 4
I/libPerfService(  866): 5: set freq: 1235000
I/AudioPolicyManager(  302): s 0 c 0 avaDev 3 ba2dpo 0 ba2dpsp 0 dev 2
I/AudioPolicyManager(  302): getOutput() device 2, stream 1, samplingRate 0, format 0, channelMask 3, flags 0
I/AudioPolicyManager(  302): getOutput() returns output 2
I/AudioPolicyManager(  302): s 0 c 0 avaDev 3 ba2dpo 0 ba2dpsp 0 dev 2
I/AudioPolicyManager(  302): getOutput() device 2, stream 1, samplingRate 0, format 0, channelMask 3, flags 0
I/AudioPolicyManager(  302): getOutput() returns output 2
I/AudioPolicyManager(  302): s 0 c 0 avaDev 3 ba2dpo 0 ba2dpsp 0 dev 2
I/AudioPolicyManager(  302): getOutput() returns output 2
W/AudioTrack(  866): AUDIO_OUTPUT_FLAG_FAST denied by client
I/libPerfService(  866): 14: set freq: 1300000
I/libPerfService(  866): 14: set: 6
I/libPerfService(  866): perfSetFavorPid - pid:8157, 1fdd
I/AudioFlinger_Threads(  302): attachAuxEffect_l EffectId 0
I/AudioFlinger_Threads(  302): attachAuxEffect_l status 0
I/AudioPolicyManager(  302): AddSampleRateArray index = 1 sampleRate = 48000
I/AudioPolicyManager(  302): startOutput() output 2, stream 1, session 82
I/AudioPolicyManager(  302): s 0 c 0 avaDev 3 ba2dpo 0 ba2dpsp 0 dev 2
I/AudioPolicyManager(  302): getNewOutputDevice() selected device 2
I/AudioPolicyManager(  302): setOutputDevice() output 2 device 0002 delayMs 0 force 0
I/AudioPolicyManager(  302): s 0 c 0 avaDev 3 ba2dpo 0 ba2dpsp 0 dev 2
I/AudioFlinger(  302): setParameters(): io 2, keyvalue FM_DIRECT_CONTROL=1, calling pid 302
I/com.jieshun.jslife.activity.common.MainFragmentActivity( 8157): onResume()======
I/AudioPolicyManager(  302): setOutputDevice() prevDevice 0002
I/AudioPolicyManager(  302): setOutputDevice() mMutePrevDevice 0000
I/AudioPolicyManager(  302): s 0 c 0 avaDev 3 ba2dpo 0 ba2dpsp 0 dev 2
I/AudioPolicyManager(  302): s 1 c 0 avaDev 3 ba2dpo 0 ba2dpsp 0 dev 1
I/AudioPolicyManager(  302): s 2 c 0 avaDev 3 ba2dpo 0 ba2dpsp 0 dev 2
I/AudioPolicyManager(  302): s 2 c 0 avaDev 3 ba2dpo 0 ba2dpsp 0 dev 2
I/AudioPolicyManager(  302): s 3 c 0 avaDev 3 ba2dpo 0 ba2dpsp 0 dev 2
I/AudioPolicyManager(  302): s 0 c 0 avaDev 3 ba2dpo 0 ba2dpsp 0 dev 2
I/AudioPolicyManager(  302): s 4 c 0 avaDev 3 ba2dpo 0 ba2dpsp 0 dev 2
I/AudioPolicyManager(  302): s 5 c 0 avaDev 3 ba2dpo 0 ba2dpsp 0 dev 2
I/AudioPolicyManager(  302): s 6 c 0 avaDev 3 ba2dpo 0 ba2dpsp 0 dev 2
I/AudioPolicyManager(  302): s 7 c 0 avaDev 3 ba2dpo 0 ba2dpsp 0 dev 2
I/AudioPolicyManager(  302): s 8 c 0 avaDev 3 ba2dpo 0 ba2dpsp 0 dev 2
I/AudioPolicyManager(  302): setOutputDevice() setting same device 0002 or null device for output 2
I/AudioPolicyManager(  302):  checkAndSetVolume stream = 1 index = 8 output = 2 device = 0x2 delayMs = 0 force = 0
I/AudioPolicyManager(  302): PolicyForceReplace stream = 1 sampleRate = 48000 
I/AudioFlinger_Threads(  302): reset track timestretch tracn name 4100, ratio 100, mTimeStretchTrackName[name-4096] 0
I/AudioPolicyManager(  302): releaseOutput() 2
W/ActivityManager(  866): getRunningAppProcesses: caller 10099 does not hold REAL_GET_TASKS; limiting output
I/GLSurfaceView( 8157): setRenderMode = 1, this = com.baidu.platform.comapi.map.j{338a7539 V.E..... ......ID 0,0-1080,1920}
I/System.out( 8157): [CDS]EAGAIN in Recvfrom
I/System.out( 8157): [CDS]read byte is 0
W/ActivityManager(  866): getRunningAppProcesses: caller 10099 does not hold REAL_GET_TASKS; limiting output
I/SurfaceView( 8157): updateWindow -- onWindowVisibilityChanged, visibility = 0, this = com.baidu.platform.comapi.map.j{338a7539 V.E..... ......ID 0,0-1080,1920}
W/ActivityManager(  866): getRunningAppProcesses: caller 10099 does not hold REAL_GET_TASKS; limiting output
W/ActivityManager(  866): getRunningAppProcesses: caller 10099 does not hold REAL_GET_TASKS; limiting output
I/WindowManager(  866): Losing focus: Window{12e656fb u0 com.jieshun.jslife/com.jieshun.jslife.activity.userinfo.UserInfoNewActivity}
I/EglHelper( 8157): eglInitialize = 341, this = com.baidu.platform.comapi.map.j{338a7539 V.E..... ......ID 0,0-1080,1920}
I/EglHelper( 8157): chooseConfig = 341, this = com.baidu.platform.comapi.map.j{338a7539 V.E..... ......ID 0,0-1080,1920}
I/DefaultContextFactory( 8157): createContext = 341, this = com.baidu.platform.comapi.map.j{338a7539 V.E..... ......ID 0,0-1080,1920}
I/[MALI][Gralloc](  275): Usage: 0xb00, format: 0x1 stride: 1088 vertical_stride: 1920 size: 8355840
I/MobclickAgent( 8157): Extend current session: AF26CF5244D92371F80D8A73FF931085
I/UserState( 8157): myJid = 13632836691@openfire-cloud/A1b117b2fb receive jid=formal_cloud_jsh@openfire-cloud/master  state=ONLINE
I/libPerfService(  866): perfSetFavorPid - pid:0, 0
I/[MALI][Gralloc](  275): Usage: 0xb00, format: 0x1 stride: 1088 vertical_stride: 1920 size: 8355840
E/AudioFlinger(  302): getNextBuffer, get null buffer
I/AudioFlinger_Threads(  302): pause signal - [NOT READY] on thread
I/[MALI][Gralloc](  275): Usage: 0xb00, format: 0x1 stride: 1088 vertical_stride: 1920 size: 8355840
I/KeyguardUpdateMonitor( 1043): handleBatteryUpdate index=0 updateInteresting=false
I/BatteryConsumeMonitor( 1424): init var lastPlugType : 0 lastBatteryChangedLevel : 81
I/libPerfService(  866): perfSetFavorPid - pid:8157, 1fdd
I/GLSurfaceView( 8157): setRenderMode = 0, this = com.baidu.platform.comapi.map.j{338a7539 V.E..... ......ID 0,0-1080,1920}
I/QuenedWorkProxy( 4586): clean QuenedWork.sPendingWorkFinishers(578461696) size 0
I/QuenedWorkProxy( 4586): clean QuenedWork.sPendingWorkFinishers(578461696) size 0
I/WindowManager(  866): Gaining focus: Window{380b370e u0 com.jieshun.jslife/com.jieshun.jslife.activity.common.MainFragmentActivity}
I/SurfaceView( 8157): updateWindow -- setFrame, this = com.baidu.platform.comapi.map.j{338a7539 V.E..... ......ID 0,0-1080,1920}
I/[MALI][Gralloc](  275): Usage: 0xb00, format: 0x1 stride: 1088 vertical_stride: 1920 size: 8355840
I/[MALI][Gralloc](  275): Usage: 0xb00, format: 0x1 stride: 1088 vertical_stride: 1920 size: 8355840
I/[MALI][Gralloc](  275): Usage: 0xb00, format: 0x1 stride: 1088 vertical_stride: 1920 size: 8355840
I/[MALI][Gralloc](  275): Usage: 0xb00, format: 0x1 stride: 1088 vertical_stride: 1920 size: 8355840
I/[MALI][Gralloc](  275): Usage: 0xb00, format: 0x1 stride: 1088 vertical_stride: 1920 size: 8355840
I/System.out( 8157): open:http://api.map.baidu.com/sdkproxy/v2/lbs_androidsdk/geocoder/v2?location=22.576980685999047%2C114.04995819807648&coordtype=bd09ll&pois=1&output=json&from=android_map_sdk&latest_admin=0&token=acfeL9wzGHDSTFf5fkYOkkI7wW7qstTx%2Bpwy0xPtq6YBJUhsXYrPyQ9h2DRKlYFrm7iQZnYmDvFWwu8hX2JPV5sM%2BsxxKQH8Px2uL%2FLjfiJwYn2%2BtgSCsS9f94nn0bVt%2BlRATBK9NGPTvMWFeok%2FWZ43wsGeljMygUzNIbIcRRLo5lQzhQuwSiFxRnQ&pcn=com.jieshun.jslife&screen=1080%2C1920&cuid=07AB6C1293F355B0E1AE06BB5824B71A%7C944874720008868&dpi=480%2C480&resid=02&appid=-1&mb=m2%20note&ctm=1535703616.218000&net=1&bduid=&channel=baidu&os=Android22&sv=4.5.2&sign=cc33a04a407449b0cb469c6da9da5247
I/System.out( 8157): [OkHttp] sendRequest>>
I/System.out( 8157): [OkHttp] sendRequest<<
I/[MALI][Gralloc](  275): Usage: 0xb00, format: 0x1 stride: 1088 vertical_stride: 1920 size: 8355840
W/DecodingInfo( 1464): No Engine for Decoding
I/System.out( 8157): [CDS]EAGAIN in Recvfrom
I/System.out( 8157): [CDS]read byte is 0
I/SurfaceView( 8157): updateWindow -- setFrame, this = com.baidu.platform.comapi.map.j{338a7539 V.E..... ......ID 0,0-1080,1920}
I/AudioPolicyManager(  302): ReleaseFMIndirectMode 
I/AudioPolicyManager(  302): PolicyRestore
I/AudioPolicyManager(  302): stopOutput() output 2, stream 1, session 82
I/AudioPolicyManager(  302): getNewOutputDevice() selected device 0
I/AudioPolicyManager(  302): setOutputDevice() output 2 device 0000 delayMs 184 force 0
I/AudioPolicyManager(  302): setOutputDevice() prevDevice 0002
I/AudioPolicyManager(  302): setOutputDevice() mMutePrevDevice 0002
I/AudioPolicyManager(  302): s 0 c 0 avaDev 3 ba2dpo 0 ba2dpsp 0 dev 2
I/AudioPolicyManager(  302): s 1 c 0 avaDev 3 ba2dpo 0 ba2dpsp 0 dev 1
I/AudioPolicyManager(  302): s 2 c 0 avaDev 3 ba2dpo 0 ba2dpsp 0 dev 2
I/AudioPolicyManager(  302): s 2 c 0 avaDev 3 ba2dpo 0 ba2dpsp 0 dev 2
I/AudioPolicyManager(  302): s 3 c 0 avaDev 3 ba2dpo 0 ba2dpsp 0 dev 2
I/AudioPolicyManager(  302): s 0 c 0 avaDev 3 ba2dpo 0 ba2dpsp 0 dev 2
I/AudioPolicyManager(  302): s 4 c 0 avaDev 3 ba2dpo 0 ba2dpsp 0 dev 2
I/AudioPolicyManager(  302): s 5 c 0 avaDev 3 ba2dpo 0 ba2dpsp 0 dev 2
I/AudioPolicyManager(  302): s 6 c 0 avaDev 3 ba2dpo 0 ba2dpsp 0 dev 2
I/AudioPolicyManager(  302): s 7 c 0 avaDev 3 ba2dpo 0 ba2dpsp 0 dev 2
I/AudioPolicyManager(  302): s 8 c 0 avaDev 3 ba2dpo 0 ba2dpsp 0 dev 2
I/AudioPolicyManager(  302): setOutputDevice() setting same device 0000 or null device for output 2
I/NetworkManagementSocketTagger( 8157): untagSocket(73)
W/PerfScheduler(  866): Not Boost !
I/SurfaceView( 8157): updateWindow -- setFrame, this = com.baidu.platform.comapi.map.j{338a7539 V.E..... ......ID 0,0-1080,1920}
I/SurfaceView( 8157): updateWindow -- setFrame, this = com.baidu.platform.comapi.map.j{338a7539 V.E..... ......ID 0,0-1080,1920}
I/SurfaceFlinger(  275): [Built-in Screen (type:0)] fps:22.739189,dur:1011.47,max:470.94,min:15.83
I/SurfaceView( 8157): updateWindow -- setFrame, this = com.baidu.platform.comapi.map.j{338a7539 V.E..... ......ID 0,0-1080,1920}
I/AudioFlinger(  302): setParameters(): io 2, keyvalue FM_DIRECT_CONTROL=0, calling pid 302
W/System.err( 1639): java.io.FileNotFoundException: /sys/class/meizu/pcb_temp/temp: open failed: ENOENT (No such file or directory)
W/System.err( 1639): 	at libcore.io.IoBridge.open(IoBridge.java:512)
W/System.err( 1639): 	at java.io.FileInputStream.<init>(FileInputStream.java:76)
W/System.err( 1639): 	at com.meizu.dataservice.g.d.d(Unknown Source)
W/System.err( 1639): 	at com.meizu.dataservice.b.a.a(Unknown Source)
W/System.err( 1639): 	at com.meizu.dataservice.b.a.a(Unknown Source)
W/System.err( 1639): 	at com.meizu.dataservice.b.b.handleMessage(Unknown Source)
W/System.err( 1639): 	at android.os.Handler.dispatchMessage(Handler.java:111)
W/System.err( 1639): 	at android.os.Looper.loop(Looper.java:194)
W/System.err( 1639): 	at android.os.HandlerThread.run(HandlerThread.java:61)
W/System.err( 1639): Caused by: android.system.ErrnoException: open failed: ENOENT (No such file or directory)
W/System.err( 1639): 	at libcore.io.Posix.open(Native Method)
W/System.err( 1639): 	at libcore.io.BlockGuardOs.open(BlockGuardOs.java:186)
W/System.err( 1639): 	at libcore.io.IoBridge.open(IoBridge.java:493)
W/System.err( 1639): 	... 8 more
W/System.err( 1639): java.io.FileNotFoundException: /sys/class/meizu/cpu_temp/temp: open failed: ENOENT (No such file or directory)
W/System.err( 1639): 	at libcore.io.IoBridge.open(IoBridge.java:512)
W/System.err( 1639): 	at java.io.FileInputStream.<init>(FileInputStream.java:76)
W/System.err( 1639): 	at com.meizu.dataservice.g.d.d(Unknown Source)
W/System.err( 1639): 	at com.meizu.dataservice.b.a.a(Unknown Source)
W/System.err( 1639): 	at com.meizu.dataservice.b.a.a(Unknown Source)
W/System.err( 1639): 	at com.meizu.dataservice.b.b.handleMessage(Unknown Source)
W/System.err( 1639): 	at android.os.Handler.dispatchMessage(Handler.java:111)
W/System.err( 1639): 	at android.os.Looper.loop(Looper.java:194)
W/System.err( 1639): 	at android.os.HandlerThread.run(HandlerThread.java:61)
W/System.err( 1639): Caused by: android.system.ErrnoException: open failed: ENOENT (No such file or directory)
W/System.err( 1639): 	at libcore.io.Posix.open(Native Method)
W/System.err( 1639): 	at libcore.io.BlockGuardOs.open(BlockGuardOs.java:186)
W/System.err( 1639): 	at libcore.io.IoBridge.open(IoBridge.java:493)
W/System.err( 1639): 	... 8 more
I/System.out( 8157): isFirstLoc：true
I/System.out( 8157): ******jscarlife*********************onMapStatusChangeStart*********************1******
I/System.out( 8157): ******jscarlife*********************onReceiveLocation***************逆地理编码******
I/System.out( 8157): open:http://api.map.baidu.com/sdkproxy/v2/lbs_androidsdk/geocoder/v2?location=22.57698068566045%2C114.04995819807651&coordtype=bd09ll&pois=1&output=json&from=android_map_sdk&latest_admin=0&token=acfeL9wzGHDSTFf5fkYOkkI7wW7qstTx%2Bpwy0xPtq6YBJUhsXYrPyQ9h2DRKlYFrm7iQZnYmDvFWwu8hX2JPV5sM%2BsxxKQH8Px2uL%2FLjfiJwYn2%2BtgSCsS9f94nn0bVt%2BlRATBK9NGPTvMWFeok%2FWZ43wsGeljMygUzNIbIcRRLo5lQzhQuwSiFxRnQ&pcn=com.jieshun.jslife&screen=1080%2C1920&cuid=07AB6C1293F355B0E1AE06BB5824B71A%7C944874720008868&dpi=480%2C480&resid=02&appid=-1&mb=m2%20note&ctm=1535703616.483000&net=1&bduid=&channel=baidu&os=Android22&sv=4.5.2&sign=b85d41e535c30fa5ece43581e61967e4
I/System.out( 8157): [OkHttp] sendRequest>>
I/System.out( 8157): [OkHttp] sendRequest<<
I/libPerfService(  866): 14: set: 4
I/libPerfService(  866): 14: set freq: 1235000
I/libPerfService(  866): 14: set gpu level: 0
I/NetworkManagementSocketTagger( 8157): untagSocket(73)
I/SurfaceView( 8157): updateWindow -- setFrame, this = com.baidu.platform.comapi.map.j{338a7539 V.E..... ......ID 0,0-1080,1920}
I/System.out( 8157): ******jscarlife*********************onMapStatusChange*********************2******
I/System.out( 8157): ******jscarlife*********************onMapStatusChange*********************2******
I/System.out( 8157): ******jscarlife*********************onMapStatusChange*********************2******
I/System.out( 8157): ******jscarlife*********************onMapStatusChange*********************2******
I/System.out( 8157): ******jscarlife*********************onMapStatusChange*********************2******
I/System.out( 8157): ******jscarlife*********************onMapStatusChange*********************2******
I/System.out( 8157): ******jscarlife*********************onMapStatusChange*********************2******
I/System.out( 8157): ******jscarlife*********************onMapStatusChange*********************2******
I/System.out( 8157): ******jscarlife*********************onMapStatusChange*********************2******
I/System.out( 8157): ******jscarlife*********************onMapStatusChange*********************2******
I/System.out( 8157): ******jscarlife*********************onMapStatusChange*********************2******
I/System.out( 8157): ******jscarlife*********************onMapStatusChange*********************2******
I/System.out( 8157): ******jscarlife*********************onMapStatusChange*********************2******
I/System.out( 8157): ******jscarlife*********************onMapStatusChange*********************2******
I/System.out( 8157): ******jscarlife*********************onMapStatusChange*********************2******
I/System.out( 8157): ******jscarlife*********************onMapStatusChange*********************2******
I/System.out( 8157): ******jscarlife*********************onMapStatusChange*********************2******
I/System.out( 8157): open:http://api.map.baidu.com/sdkproxy/v2/lbs_androidsdk/geocoder/v2?location=22.576980685999047%2C114.04995819807648&coordtype=bd09ll&pois=1&output=json&from=android_map_sdk&latest_admin=0&token=acfeL9wzGHDSTFf5fkYOkkI7wW7qstTx%2Bpwy0xPtq6YBJUhsXYrPyQ9h2DRKlYFrm7iQZnYmDvFWwu8hX2JPV5sM%2BsxxKQH8Px2uL%2FLjfiJwYn2%2BtgSCsS9f94nn0bVt%2BlRATBK9NGPTvMWFeok%2FWZ43wsGeljMygUzNIbIcRRLo5lQzhQuwSiFxRnQ&pcn=com.jieshun.jslife&screen=1080%2C1920&cuid=07AB6C1293F355B0E1AE06BB5824B71A%7C944874720008868&dpi=480%2C480&resid=02&appid=-1&mb=m2%20note&ctm=1535703616.796000&net=1&bduid=&channel=baidu&os=Android22&sv=4.5.2&sign=c18a4e536f35e0a9f3d9df160b3b328f
I/System.out( 8157): [OkHttp] sendRequest>>
I/System.out( 8157): [OkHttp] sendRequest<<
I/SurfaceView( 8157): updateWindow -- setFrame, this = com.baidu.platform.comapi.map.j{338a7539 V.E..... ......ID 0,0-1080,1920}
I/NetworkManagementSocketTagger( 8157): untagSocket(73)
I/SurfaceView( 8157): updateWindow -- setFrame, this = com.baidu.platform.comapi.map.j{338a7539 V.E..... ......ID 0,0-1080,1920}
W/recents.Component( 1043): create a new LoadPlan to load thumbnail -- background
W/recents.Performance( 1043): preload while task Change spend : 2
I/libPerfService(  866): perfSetFavorPid - pid:0, 0
I/SurfaceView( 8157): updateWindow -- setFrame, this = com.baidu.platform.comapi.map.j{338a7539 V.E..... ......ID 0,0-1080,1920}
I/UserState( 8157): myJid = 13632836691@openfire-cloud/A1b117b2fb receive jid=13632836691@openfire-cloud/A1b852863a  state=OFFLINE
I/libPerfService(  866): 7: set: 4
I/libPerfService(  866): 7: set freq: 1235000
I/SurfaceView( 8157): updateWindow -- setFrame, this = com.baidu.platform.comapi.map.j{338a7539 V.E..... ......ID 0,0-1080,1920}
I/SurfaceView( 8157): updateWindow -- setFrame, this = com.baidu.platform.comapi.map.j{338a7539 V.E..... ......ID 0,0-1080,1920}
I/thermal_repeater(  319): oh, queryMdThermalInfo (0)Bad file number
I/thermal_repeater(  319): [recvMdThermalInfo] ret=25, strLen=127,  1, 32767,,, -1, 32767, 2
I/SurfaceView( 8157): updateWindow -- setFrame, this = com.baidu.platform.comapi.map.j{338a7539 V.E..... ......ID 0,0-1080,1920}
I/UserState( 8157): myJid = 13632836691@openfire-cloud/A1b117b2fb receive jid=13632836691@openfire-cloud/A1b852863a  state=ONLINE
I/UserState( 8157): myJid = 13632836691@openfire-cloud/A1b117b2fb receive jid=13632836691@openfire-cloud/A1b852863a  state=ONLINE
I/UserState( 8157): myJid = 13632836691@openfire-cloud/A1b117b2fb receive jid=13632836691@openfire-cloud/A1b852863a  state=ONLINE
I/UserState( 8157): myJid = 13632836691@openfire-cloud/A1b117b2fb receive jid=13632836691@openfire-cloud/A1b852863a  state=ONLINE
I/SurfaceView( 8157): updateWindow -- setFrame, this = com.baidu.platform.comapi.map.j{338a7539 V.E..... ......ID 0,0-1080,1920}
I/SurfaceView( 8157): updateWindow -- setFrame, this = com.baidu.platform.comapi.map.j{338a7539 V.E..... ......ID 0,0-1080,1920}
I/libPerfService(  866): 13: set: 1
I/libPerfService(  866): 13: set freq: 0
I/libPerfService(  866): 13: set gpu level: 0
I/libPerfService(  866): 13: set freq: 1235000
I/libPerfService(  866): 13: set: 4
I/SurfaceFlinger(  275): [Built-in Screen (type:0)] fps:7.073188,dur:1696.55,max:1000.79,min:16.82
I/PerfService(  866): PerfServiceNative_boostDisableAsync:5
I/libPerfService(  866): 5: set: 4
I/libPerfService(  866): 5: set freq: 1235000
I/AudioPolicyManager(  302): s 0 c 0 avaDev 3 ba2dpo 0 ba2dpsp 0 dev 2
I/AudioPolicyManager(  302): getOutput() device 2, stream 1, samplingRate 0, format 0, channelMask 3, flags 0
I/AudioPolicyManager(  302): getOutput() returns output 2
I/AudioPolicyManager(  302): s 0 c 0 avaDev 3 ba2dpo 0 ba2dpsp 0 dev 2
I/AudioPolicyManager(  302): getOutput() device 2, stream 1, samplingRate 0, format 0, channelMask 3, flags 0
I/AudioPolicyManager(  302): getOutput() returns output 2
I/AudioPolicyManager(  302): s 0 c 0 avaDev 3 ba2dpo 0 ba2dpsp 0 dev 2
I/AudioPolicyManager(  302): getOutput() returns output 2
W/AudioTrack(  866): AUDIO_OUTPUT_FLAG_FAST denied by client
I/AudioFlinger_Threads(  302): attachAuxEffect_l EffectId 0
I/AudioFlinger_Threads(  302): attachAuxEffect_l status 0
I/AudioPolicyManager(  302): AddSampleRateArray index = 1 sampleRate = 48000
I/AudioPolicyManager(  302): startOutput() output 2, stream 1, session 83
I/AudioPolicyManager(  302): s 0 c 0 avaDev 3 ba2dpo 0 ba2dpsp 0 dev 2
I/AudioPolicyManager(  302): getNewOutputDevice() selected device 2
I/AudioPolicyManager(  302): setOutputDevice() output 2 device 0002 delayMs 0 force 0
I/AudioPolicyManager(  302): s 0 c 0 avaDev 3 ba2dpo 0 ba2dpsp 0 dev 2
I/AudioFlinger(  302): setParameters(): io 2, keyvalue FM_DIRECT_CONTROL=1, calling pid 302
I/AudioPolicyManager(  302): setOutputDevice() prevDevice 0002
I/AudioPolicyManager(  302): setOutputDevice() mMutePrevDevice 0000
I/AudioPolicyManager(  302): s 0 c 0 avaDev 3 ba2dpo 0 ba2dpsp 0 dev 2
I/AudioPolicyManager(  302): s 1 c 0 avaDev 3 ba2dpo 0 ba2dpsp 0 dev 1
I/AudioPolicyManager(  302): s 2 c 0 avaDev 3 ba2dpo 0 ba2dpsp 0 dev 2
I/AudioPolicyManager(  302): s 2 c 0 avaDev 3 ba2dpo 0 ba2dpsp 0 dev 2
I/AudioPolicyManager(  302): s 3 c 0 avaDev 3 ba2dpo 0 ba2dpsp 0 dev 2
I/AudioPolicyManager(  302): s 0 c 0 avaDev 3 ba2dpo 0 ba2dpsp 0 dev 2
I/AudioPolicyManager(  302): s 4 c 0 avaDev 3 ba2dpo 0 ba2dpsp 0 dev 2
I/AudioPolicyManager(  302): s 5 c 0 avaDev 3 ba2dpo 0 ba2dpsp 0 dev 2
I/AudioPolicyManager(  302): s 6 c 0 avaDev 3 ba2dpo 0 ba2dpsp 0 dev 2
I/AudioPolicyManager(  302): s 7 c 0 avaDev 3 ba2dpo 0 ba2dpsp 0 dev 2
I/AudioPolicyManager(  302): s 8 c 0 avaDev 3 ba2dpo 0 ba2dpsp 0 dev 2
I/AudioPolicyManager(  302): setOutputDevice() setting same device 0002 or null device for output 2
I/AudioPolicyManager(  302):  checkAndSetVolume stream = 1 index = 8 output = 2 device = 0x2 delayMs = 0 force = 0
I/AudioPolicyManager(  302): PolicyForceReplace stream = 1 sampleRate = 48000 
I/AudioFlinger_Threads(  302): reset track timestretch tracn name 4099, ratio 100, mTimeStretchTrackName[name-4096] 0
I/AudioPolicyManager(  302): releaseOutput() 2
I/System.out( 8157): [CDS]EAGAIN in Recvfrom
I/System.out( 8157): [CDS]read byte is 0
I/SurfaceView( 8157): updateWindow -- OnScrollChangedListener, this = android.view.SurfaceView$2@42650a0
I/http    ( 8157): 
I/http    ( 8157): 加载首页数据 HTTP 返回：{"resultCode":"0","message":"","obj":{"paymentCarList":[],"monthCarDelayInfo":null,"voteData":null},"seqId":"521edcf7541b40e08f6cc844a60f25ea","right":true}
I/SurfaceView( 8157): updateWindow -- OnScrollChangedListener, this = android.view.SurfaceView$2@42650a0
E/AudioFlinger(  302): getNextBuffer, get null buffer
I/AudioPolicyManager(  302): ReleaseFMIndirectMode 
I/AudioPolicyManager(  302): PolicyRestore
I/AudioPolicyManager(  302): stopOutput() output 2, stream 1, session 83
I/AudioPolicyManager(  302): getNewOutputDevice() selected device 0
I/AudioPolicyManager(  302): setOutputDevice() output 2 device 0000 delayMs 184 force 0
I/AudioPolicyManager(  302): setOutputDevice() prevDevice 0002
I/AudioPolicyManager(  302): setOutputDevice() mMutePrevDevice 0002
I/AudioPolicyManager(  302): s 0 c 0 avaDev 3 ba2dpo 0 ba2dpsp 0 dev 2
I/AudioPolicyManager(  302): s 1 c 0 avaDev 3 ba2dpo 0 ba2dpsp 0 dev 1
I/AudioPolicyManager(  302): s 2 c 0 avaDev 3 ba2dpo 0 ba2dpsp 0 dev 2
I/AudioPolicyManager(  302): s 2 c 0 avaDev 3 ba2dpo 0 ba2dpsp 0 dev 2
I/AudioPolicyManager(  302): s 3 c 0 avaDev 3 ba2dpo 0 ba2dpsp 0 dev 2
I/AudioPolicyManager(  302): s 0 c 0 avaDev 3 ba2dpo 0 ba2dpsp 0 dev 2
I/AudioPolicyManager(  302): s 4 c 0 avaDev 3 ba2dpo 0 ba2dpsp 0 dev 2
I/AudioPolicyManager(  302): s 5 c 0 avaDev 3 ba2dpo 0 ba2dpsp 0 dev 2
I/AudioPolicyManager(  302): s 6 c 0 avaDev 3 ba2dpo 0 ba2dpsp 0 dev 2
I/AudioPolicyManager(  302): s 7 c 0 avaDev 3 ba2dpo 0 ba2dpsp 0 dev 2
I/AudioPolicyManager(  302): s 8 c 0 avaDev 3 ba2dpo 0 ba2dpsp 0 dev 2
I/AudioPolicyManager(  302): setOutputDevice() setting same device 0000 or null device for output 2
I/SurfaceView( 8157): updateWindow -- setFrame, this = com.baidu.platform.comapi.map.j{338a7539 V.E..... ......ID 0,0-1080,1920}
I/SurfaceView( 8157): updateWindow -- setFrame, this = com.baidu.platform.comapi.map.j{338a7539 V.E..... ......ID 0,0-1080,1920}
I/AudioFlinger(  302): setParameters(): io 2, keyvalue FM_DIRECT_CONTROL=0, calling pid 302
I/libPerfService(  866): 7: set: 4
I/libPerfService(  866): 7: set freq: 1235000
I/WindowManager(  866): interceptKeyTq keycode=269 interactive=true keyguardActive=false policyFlags=22000002 down =true canceled = false isWakeKey=false mVolumeDownKeyTriggered =false mVolumeUpKeyTriggered =false result = 1 useHapticFeedback = true isInjected = false result = 1
I/MzPhoneWindowManager(  866): fingerkey---------valid, mHomeKeyDown is false fingerTouchConsumed is false, mDisableBackInGameMode is false
I/WindowManager(  866): interceptKeyTq keycode=269 interactive=true keyguardActive=false policyFlags=22000002 down =false canceled = false isWakeKey=false mVolumeDownKeyTriggered =false mVolumeUpKeyTriggered =false result = 1 useHapticFeedback = false isInjected = false result = 1
I/WindowManager(  866): interceptKeyTq keycode=4 interactive=true keyguardActive=false policyFlags=2b000000 down =true canceled = false isWakeKey=false mVolumeDownKeyTriggered =false mVolumeUpKeyTriggered =false result = 1 useHapticFeedback = false isInjected = true result = 1
I/MzPhoneWindowManager(  866): back key inject InputEvent successed---! --> action = 0, times is 830010
I/AudioPolicyManager(  302): s 0 c 0 avaDev 3 ba2dpo 0 ba2dpsp 0 dev 2
I/AudioPolicyManager(  302): getOutput() device 2, stream 1, samplingRate 0, format 0, channelMask 3, flags 0
I/AudioPolicyManager(  302): getOutput() returns output 2
I/WindowManager(  866): interceptKeyTq keycode=4 interactive=true keyguardActive=false policyFlags=2b000000 down =false canceled = false isWakeKey=false mVolumeDownKeyTriggered =false mVolumeUpKeyTriggered =false result = 1 useHapticFeedback = false isInjected = true result = 1
I/MzPhoneWindowManager(  866): back key inject InputEvent successed---! --> action = 1, times is 830010
I/AudioPolicyManager(  302): s 0 c 0 avaDev 3 ba2dpo 0 ba2dpsp 0 dev 2
I/AudioPolicyManager(  302): getOutput() device 2, stream 1, samplingRate 0, format 0, channelMask 3, flags 0
I/AudioPolicyManager(  302): getOutput() returns output 2
I/WindowManager(  866): interceptKeyTi keyCode=4 down=true repeatCount=0 keyguardOn=false mHomePressed=false canceled=false metaState:0
I/WindowManager(  866): interceptKeyTi keyCode=4 down=false repeatCount=0 keyguardOn=false mHomePressed=false canceled=false metaState:0
I/AudioPolicyManager(  302): s 0 c 0 avaDev 3 ba2dpo 0 ba2dpsp 0 dev 2
I/AudioPolicyManager(  302): getOutput() returns output 2
W/AudioTrack(  866): AUDIO_OUTPUT_FLAG_FAST denied by client
I/ViewRootImpl( 8157): WindowInputEventReceiver onInputEvent!! KeyCode is 4, action is 0
I/AudioFlinger_Threads(  302): attachAuxEffect_l EffectId 0
I/AudioFlinger_Threads(  302): attachAuxEffect_l status 0
I/AudioPolicyManager(  302): AddSampleRateArray index = 1 sampleRate = 48000
I/AudioPolicyManager(  302): startOutput() output 2, stream 1, session 84
I/AudioPolicyManager(  302): s 0 c 0 avaDev 3 ba2dpo 0 ba2dpsp 0 dev 2
I/AudioPolicyManager(  302): getNewOutputDevice() selected device 2
I/AudioPolicyManager(  302): setOutputDevice() output 2 device 0002 delayMs 0 force 0
I/AudioPolicyManager(  302): s 0 c 0 avaDev 3 ba2dpo 0 ba2dpsp 0 dev 2
I/AudioFlinger(  302): setParameters(): io 2, keyvalue FM_DIRECT_CONTROL=1, calling pid 302
I/AudioPolicyManager(  302): setOutputDevice() prevDevice 0002
I/AudioPolicyManager(  302): setOutputDevice() mMutePrevDevice 0000
I/AudioPolicyManager(  302): s 0 c 0 avaDev 3 ba2dpo 0 ba2dpsp 0 dev 2
I/AudioPolicyManager(  302): s 1 c 0 avaDev 3 ba2dpo 0 ba2dpsp 0 dev 1
I/AudioPolicyManager(  302): s 2 c 0 avaDev 3 ba2dpo 0 ba2dpsp 0 dev 2
I/AudioPolicyManager(  302): s 2 c 0 avaDev 3 ba2dpo 0 ba2dpsp 0 dev 2
I/AudioPolicyManager(  302): s 3 c 0 avaDev 3 ba2dpo 0 ba2dpsp 0 dev 2
I/AudioPolicyManager(  302): s 0 c 0 avaDev 3 ba2dpo 0 ba2dpsp 0 dev 2
I/AudioPolicyManager(  302): s 4 c 0 avaDev 3 ba2dpo 0 ba2dpsp 0 dev 2
I/AudioPolicyManager(  302): s 5 c 0 avaDev 3 ba2dpo 0 ba2dpsp 0 dev 2
I/AudioPolicyManager(  302): s 6 c 0 avaDev 3 ba2dpo 0 ba2dpsp 0 dev 2
I/AudioPolicyManager(  302): s 7 c 0 avaDev 3 ba2dpo 0 ba2dpsp 0 dev 2
I/AudioPolicyManager(  302): s 8 c 0 avaDev 3 ba2dpo 0 ba2dpsp 0 dev 2
I/AudioPolicyManager(  302): setOutputDevice() setting same device 0002 or null device for output 2
I/AudioPolicyManager(  302):  checkAndSetVolume stream = 1 index = 8 output = 2 device = 0x2 delayMs = 0 force = 0
I/AudioPolicyManager(  302): PolicyForceReplace stream = 1 sampleRate = 48000 
I/AudioFlinger_Threads(  302): reset track timestretch tracn name 4097, ratio 100, mTimeStretchTrackName[name-4096] 0
I/AudioPolicyManager(  302): releaseOutput() 2
I/libPerfService(  866): perfSetFavorPid - pid:8157, 1fdd
I/ViewRootImpl( 8157): WindowInputEventReceiver onInputEvent!! KeyCode is 4, action is 1
I/SurfaceFlinger(  275): [Built-in Screen (type:0)] fps:4.741078,dur:1054.61,max:748.68,min:17.23
I/PowerManagerService(  866): acquireWakeLockInternal: lock=518220070, packageName=android, activeSince=830058ms, wakeLock={SCREEN_BRIGHT_WAKE_LOCK        'WindowManager' ON_AFTER_RELEASE (uid=1000, pid=866, ws=WorkSource{10099})}, sleepTimeout=-1ms, screenOffTimeout=60000ms,screenDimDuration=7000ms
I/[MALI][Gralloc](  275): Usage: 0xb00, format: 0x1 stride: 560 vertical_stride: 105 size: 235200
I/[MALI][Gralloc](  275): Usage: 0xb00, format: 0x1 stride: 560 vertical_stride: 105 size: 235200
I/[MALI][Gralloc](  275): Usage: 0xb00, format: 0x1 stride: 560 vertical_stride: 105 size: 235200
I/[MALI][Gralloc](  275): Usage: 0xb00, format: 0x1 stride: 560 vertical_stride: 105 size: 235200
I/libPerfService(  866): perfSetFavorPid - pid:0, 0
E/AudioFlinger(  302): getNextBuffer, get null buffer
I/AudioFlinger_Threads(  302): pause signal - [NOT READY] on thread
I/AudioPolicyManager(  302): ReleaseFMIndirectMode 
I/AudioPolicyManager(  302): PolicyRestore
I/AudioPolicyManager(  302): stopOutput() output 2, stream 1, session 84
I/AudioPolicyManager(  302): getNewOutputDevice() selected device 0
I/AudioPolicyManager(  302): setOutputDevice() output 2 device 0000 delayMs 184 force 0
I/AudioPolicyManager(  302): setOutputDevice() prevDevice 0002
I/AudioPolicyManager(  302): setOutputDevice() mMutePrevDevice 0002
I/AudioPolicyManager(  302): s 0 c 0 avaDev 3 ba2dpo 0 ba2dpsp 0 dev 2
I/AudioPolicyManager(  302): s 1 c 0 avaDev 3 ba2dpo 0 ba2dpsp 0 dev 1
I/AudioPolicyManager(  302): s 2 c 0 avaDev 3 ba2dpo 0 ba2dpsp 0 dev 2
I/AudioPolicyManager(  302): s 2 c 0 avaDev 3 ba2dpo 0 ba2dpsp 0 dev 2
I/AudioPolicyManager(  302): s 3 c 0 avaDev 3 ba2dpo 0 ba2dpsp 0 dev 2
I/AudioPolicyManager(  302): s 0 c 0 avaDev 3 ba2dpo 0 ba2dpsp 0 dev 2
I/AudioPolicyManager(  302): s 4 c 0 avaDev 3 ba2dpo 0 ba2dpsp 0 dev 2
I/AudioPolicyManager(  302): s 5 c 0 avaDev 3 ba2dpo 0 ba2dpsp 0 dev 2
I/AudioPolicyManager(  302): s 6 c 0 avaDev 3 ba2dpo 0 ba2dpsp 0 dev 2
I/AudioPolicyManager(  302): s 7 c 0 avaDev 3 ba2dpo 0 ba2dpsp 0 dev 2
I/AudioPolicyManager(  302): s 8 c 0 avaDev 3 ba2dpo 0 ba2dpsp 0 dev 2
I/AudioPolicyManager(  302): setOutputDevice() setting same device 0000 or null device for output 2
I/AudioFlinger(  302): setParameters(): io 0, keyvalue mediaserver_monitor=1, calling pid 866
W/AudioALSAHardware(  302): setParameters(), still have param.size() = 1, remain param = "mediaserver_monitor=1"
I/str_params(  302): key: 'mediaserver_monitor' value: '1'
I/AudioPolicyManager(  302): setStreamVolumeIndex stream = 7 index = 15 device = 0x400
I/AudioFlinger(  302): setParameters(): io 2, keyvalue FM_DIRECT_CONTROL=0, calling pid 302
W/PerfScheduler(  866): Not Boost !
W/ResourceType( 1043): No package identifier when getting value for resource number 0x00000000
W/PackageManager( 1043): Failure retrieving resources for com.jieshun.jslife: Resource ID #0x0
I/libPerfService(  866): perfSetFavorPid - pid:8157, 1fdd
W/recents.Performance( 1043): preload brefore start RecentsWindow spend : 13
I/libPerfService(  866): 11: set freq: 1300000
I/libPerfService(  866): 11: set: 6
I/recents.RecentsWindow( 1043): onStart
I/SurfaceView( 8157): updateWindow -- setFrame, this = com.baidu.platform.comapi.map.j{338a7539 V.E..... ......ID 0,0-1080,1920}
I/[MALI][Gralloc](  275): Usage: 0x333, format: 0x1 stride: 656 vertical_stride: 1152 size: 3022848
I/art     ( 1043): [heap] RegisterNativeAllocation start bytes:3022848
I/art     ( 1043): [heap] RegisterNativeAllocation RunFinalization time 1
I/art     ( 1043): [heap] RegisterNativeAllocation native_bytes_allocated_:2088960
I/art     ( 1043): [heap] RegisterNativeAllocation new_native_bytes_allocated:2088960, native_bytes_allocated_:5111808, native_footprint_gc_watermark_:2785280, growth_limit_:268435456
I/art     ( 1043): [heap] RegisterNativeAllocation end
W/recents.Performance( 1043): screenshot spend : 29ms
W/recents.TaskStackView( 1043): requestLayout
W/recents.TaskStackView( 1043): requestLayout
W/recents.TaskStackView( 1043): requestLayout
W/recents.Performance( 1043): load while activity create spend : 1
I/recents.Events( 1043): RecentsActivityActive true
I/recents.Component( 1043): showStage
W/recents.TaskStackView( 1043): requestLayout
I/[MALI][Gralloc](  275): Usage: 0xb00, format: 0x1 stride: 1088 vertical_stride: 1920 size: 8355840
I/[MALI][Gralloc](  275): Usage: 0xb00, format: 0x1 stride: 1088 vertical_stride: 1920 size: 8355840
I/[MALI][Gralloc](  275): Usage: 0xb00, format: 0x1 stride: 1088 vertical_stride: 1920 size: 8355840
I/[MALI][Gralloc](  275): Usage: 0xb00, format: 0x1 stride: 1088 vertical_stride: 1920 size: 8355840
I/recents.Events( 1043): IgnoreTouch true
E/recents.Proxy( 1043): WhiteList writeLock unlock after data init
I/recents.RecentsWindow( 1043): startEnterAnimation
I/recents.Events( 1043): RecentsActivityActive true
I/SurfaceView( 8157): updateWindow -- setFrame, this = com.baidu.platform.comapi.map.j{338a7539 V.E..... ......ID 0,0-1080,1920}
I/libPerfService(  866): perfSetFavorPid - pid:0, 0
I/SurfaceView( 8157): updateWindow -- setFrame, this = com.baidu.platform.comapi.map.j{338a7539 V.E..... ......ID 0,0-1080,1920}
I/libPerfService(  866): 13: set: 6
I/libPerfService(  866): 13: set freq: 1300000
I/libPerfService(  866): 13: set gpu level: 0
I/libPerfService(  866): 16: set: 6
I/libPerfService(  866): 16: set freq: 1300000
I/libPerfService(  866): 16: set gpu level: 0
I/SurfaceFlinger(  275): [Built-in Screen (type:0)] fps:46.514885,dur:1010.43,max:156.92,min:16.14
I/ActivityManager(  866): START u0 {flg=0x10804000 cmp=com.android.systemui/com.flyme.systemui.recents.RecentsEmptyActivity} from uid 10032 on display 0 from pid 1043
I/[MALI][Gralloc](  275): Usage: 0x333, format: 0x1 stride: 544 vertical_stride: 960 size: 2088960
I/art     (  866): [heap] RegisterNativeAllocation start bytes:2088960
I/art     (  866): [heap] RegisterNativeAllocation RunFinalization time 1
I/art     (  866): [heap] RegisterNativeAllocation native_bytes_allocated_:0
I/art     (  866): [heap] RegisterNativeAllocation new_native_bytes_allocated:0, native_bytes_allocated_:2088960, native_footprint_gc_watermark_:524288, growth_limit_:536870912
I/art     (  866): [heap] RegisterNativeAllocation end
I/WindowManager(  866): Losing focus: Window{380b370e u0 com.jieshun.jslife/com.jieshun.jslife.activity.common.MainFragmentActivity}
I/recents.Events( 1043): IgnoreTouch false
I/com.jieshun.jslife.activity.common.MainFragmentActivity( 8157): onPause()======
I/DefaultContextFactory( 8157): eglDestroyContext = 341, this = com.baidu.platform.comapi.map.j{338a7539 V.E..... ......ID 0,0-1080,1920}
I/art     ( 8157): Background sticky concurrent mark sweep GC freed 72961(3MB) AllocSpace objects, 3(48KB) LOS objects, 3% free, 61MB/63MB, paused 5.884ms total 43.438ms
I/recents.RAcitivity( 1043): onCreate
I/recents.RAcitivity( 1043): onResume
I/SurfaceView( 8157): updateWindow -- setFrame, this = com.baidu.platform.comapi.map.j{338a7539 V.E..... ......ID 0,0-1080,1920}
I/WindowManager(  866): Gaining focus: Window{2529239a u0 com.android.systemui/com.flyme.systemui.recents.RecentsEmptyActivity}
I/com.jieshun.jslife.activity.userinfo.UserInfoNewActivity( 8157): onDestroy()======
I/[MALI][Gralloc](  275): Usage: 0xb00, format: 0x1 stride: 1088 vertical_stride: 1920 size: 8355840
I/[MALI][Gralloc](  275): Usage: 0xb00, format: 0x1 stride: 1088 vertical_stride: 1920 size: 8355840
I/[MALI][Gralloc](  275): Usage: 0xb00, format: 0x1 stride: 1088 vertical_stride: 1920 size: 8355840
I/[MALI][Gralloc](  275): Usage: 0xb00, format: 0x1 stride: 1088 vertical_stride: 1920 size: 8355840
W/DecodingInfo( 1464): No Engine for Decoding
W/PerfScheduler(  866): Not Boost !
I/ActivityManager(  866): [AppLaunch] Displayed Displayed com.android.systemui/com.flyme.systemui.recents.RecentsEmptyActivity: +47ms
I/SurfaceView( 8157): updateWindow -- onWindowVisibilityChanged, visibility = 8, this = com.baidu.platform.comapi.map.j{338a7539 V.E..... ......ID 0,0-1080,1920}
W/PerfScheduler(  866): Not Boost !
I/recents.Proxy( 1043): PkgProcessInfo{pkgName='com.jieshun.jslife:0', isMain=true, pid=8157, mem=111}
I/recents.Proxy( 1043): PkgProcessInfo{pkgName='com.jieshun.jslife:0', isMain=false, pid=8327, mem=18}
