E/wpa_supplicant( 1294): This is a Iphone softap!!!!!!! 
E/WifiConfigStore(  881):  rewrite network history for "chaozhouniurouwan"WPA_PSK
I/art     (  881): Background sticky concurrent mark sweep GC freed 8747(1960KB) AllocSpace objects, 0(0B) LOS objects, 2% free, 46MB/47MB, paused 7.209ms total 54.704ms
E/WifiStateMachine(  881): mIsFullScanOngoing: true, mSendScanResultsBroadcast: false
E/WifiStateMachine(  881): mWifiOnScanCount: 1245
I/libPerfService(  881): perfSetFavorPid - pid:9685, 25d5
W/ContextImpl( 9304): Calling a method in the system process without a qualified user: android.app.ContextImpl.startService:1863 android.content.ContextWrapper.startService:516 android.content.ContextWrapper.startService:516 com.meizu.dataservice.ExperienceReceiver.a:-1 com.meizu.dataservice.ExperienceReceiver.onReceive:-1 
I/System.out( 9685): isFirstLoc：false
I/SurfaceView( 9685): updateWindow -- setFrame, this = com.baidu.platform.comapi.map.j{26ac461 V.E..... ........ 0,0-1080,1854}
I/libPerfService(  881): perfSetFavorPid - pid:0, 0
I/SurfaceFlinger(  276): [Built-in Screen (type:0)] fps:0.760356,dur:2630.35,max:2620.15,min:10.19
I/AudioFlinger(  304): setParameters(): io 0, keyvalue mediaserver_monitor=1, calling pid 881
W/AudioALSAHardware(  304): setParameters(), still have param.size() = 1, remain param = "mediaserver_monitor=1"
I/str_params(  304): key: 'mediaserver_monitor' value: '1'
I/AudioPolicyManager(  304): setStreamVolumeIndex stream = 7 index = 15 device = 0x400
I/SurfaceView( 9685): updateWindow -- setFrame, this = com.baidu.platform.comapi.map.j{26ac461 V.E..... ........ 0,0-1080,1854}
I/SurfaceFlinger(  276): [Built-in Screen (type:0)] fps:0.911259,dur:1097.38,max:1097.38,min:1097.38
D/EMDLOGGER1(  780): CTRL_reader: incoming SPLM req, msgid=6, token=0, result=0
I/EMDLOGGER1(  780): [MDLOG] [stats][buf] L1 : data:0x158d6 last:0x4ee567; (1, 0x4c7c, 0x4ee567)(3, 0x8a1, 0x4ee469)PS : data:0x551d last:0x4ee567; L2 : data:0x3be2 last:0x4ee567; 
D/EMDLOGGER1(  780): CTRL_reader: incoming SPLM req, msgid=6, token=0, result=0
I/EMDLOGGER1(  780): [MDLOG] [stats][mux] MCU : data:0x2303f last:0x4ee44d; DSP : data:0x0 last:0x0; 
I/System.out( 9685): isFirstLoc：false
I/thermal_repeater(  322): oh, queryMdThermalInfo (0)Bad file number
I/thermal_repeater(  322): [recvMdThermalInfo] ret=25, strLen=127,  1, 32767,,, -1, 32767, 2
I/SurfaceView( 9685): updateWindow -- setFrame, this = com.baidu.platform.comapi.map.j{26ac461 V.E..... ........ 0,0-1080,1854}
I/SurfaceFlinger(  276): [Built-in Screen (type:0)] fps:0.989396,dur:1010.72,max:1010.72,min:1010.72
I/EMDLOGGER1(  780): MDL rate:28 KB/s, full count:0
I/SurfaceView( 9685): updateWindow -- setFrame, this = com.baidu.platform.comapi.map.j{26ac461 V.E..... ........ 0,0-1080,1854}
I/SurfaceFlinger(  276): [Built-in Screen (type:0)] fps:0.897294,dur:1114.46,max:1114.46,min:1114.46
I/SurfaceView( 9685): updateWindow -- setFrame, this = com.baidu.platform.comapi.map.j{26ac461 V.E..... ........ 0,0-1080,1854}
I/SurfaceView( 9685): updateWindow -- setFrame, this = com.baidu.platform.comapi.map.j{26ac461 V.E..... ........ 0,0-1080,1854}
I/SurfaceFlinger(  276): [Built-in Screen (type:0)] fps:0.989860,dur:1010.24,max:1010.24,min:1010.24
I/SurfaceView( 9685): updateWindow -- setFrame, this = com.baidu.platform.comapi.map.j{26ac461 V.E..... ........ 0,0-1080,1854}
I/SurfaceView( 9685): updateWindow -- setFrame, this = com.baidu.platform.comapi.map.j{26ac461 V.E..... ........ 0,0-1080,1854}
I/SurfaceFlinger(  276): [Built-in Screen (type:0)] fps:4.283561,dur:1167.25,max:947.92,min:10.89
I/SurfaceView( 9685): updateWindow -- setFrame, this = com.baidu.platform.comapi.map.j{26ac461 V.E..... ........ 0,0-1080,1854}
I/art     ( 9685): Background sticky concurrent mark sweep GC freed 29893(1629KB) AllocSpace objects, 0(0B) LOS objects, 2% free, 61MB/63MB, paused 5.556ms total 41.855ms
D/[BT3.0+HS]PAL(  332): == chip_reset_fd is set ==
D/[BT3.0+HS]PAL(  332): 
D/[BT3.0+HS]PAL(  332): invalid reply message
D/[BT3.0+HS]PAL(  332): 
I/thermal_repeater(  322): oh, queryMdThermalInfo (0)Bad file number
I/thermal_repeater(  322): [recvMdThermalInfo] ret=25, strLen=127,  1, 32767,,, -1, 32767, 2
I/SurfaceFlinger(  276): [Built-in Screen (type:0)] fps:0.663723,dur:3013.31,max:2846.64,min:166.67
I/EMDLOGGER1(  780): MD writer time out 10 sec.
D/[BT3.0+HS]PAL(  332): == chip_reset_fd is set ==
D/[BT3.0+HS]PAL(  332): 
D/[BT3.0+HS]PAL(  332): invalid reply message
D/[BT3.0+HS]PAL(  332): 
I/Netd    (  299): Get netlink event, ifname: wlan0 action: 4
D/[BT3.0+HS]PAL(  332): == chip_reset_fd is set ==
D/[BT3.0+HS]PAL(  332): 
D/[BT3.0+HS]PAL(  332): invalid reply message
D/[BT3.0+HS]PAL(  332): 
I/Netd    (  299): Get netlink event, ifname: wlan0 action: 4
E/WifiConfigStore(  881):  rewrite network history for "chaozhouniurouwan"WPA_PSK
E/WifiStateMachine(  881): mIsFullScanOngoing: true, mSendScanResultsBroadcast: false
E/WifiStateMachine(  881): mWifiOnScanCount: 1246
I/libPerfService(  881): perfSetFavorPid - pid:9685, 25d5
W/ContextImpl( 9304): Calling a method in the system process without a qualified user: android.app.ContextImpl.startService:1863 android.content.ContextWrapper.startService:516 android.content.ContextWrapper.startService:516 com.meizu.dataservice.ExperienceReceiver.a:-1 com.meizu.dataservice.ExperienceReceiver.onReceive:-1 
I/System.out( 9685): isFirstLoc：false
I/SurfaceView( 9685): updateWindow -- setFrame, this = com.baidu.platform.comapi.map.j{26ac461 V.E..... ........ 0,0-1080,1854}
I/libPerfService(  881): perfSetFavorPid - pid:0, 0
I/libPerfService(  881): perfSetFavorPid - pid:9685, 25d5
I/SurfaceFlinger(  276): [Built-in Screen (type:0)] fps:1.148185,dur:1741.88,max:993.09,min:748.79
I/AudioFlinger(  304): setParameters(): io 0, keyvalue mediaserver_monitor=1, calling pid 881
W/AudioALSAHardware(  304): setParameters(), still have param.size() = 1, remain param = "mediaserver_monitor=1"
I/str_params(  304): key: 'mediaserver_monitor' value: '1'
I/AudioPolicyManager(  304): setStreamVolumeIndex stream = 7 index = 15 device = 0x400
I/SurfaceView( 9685): updateWindow -- setFrame, this = com.baidu.platform.comapi.map.j{26ac461 V.E..... ........ 0,0-1080,1854}
I/libPerfService(  881): perfSetFavorPid - pid:0, 0
I/SurfaceFlinger(  276): [Built-in Screen (type:0)] fps:0.911132,dur:1097.54,max:1097.54,min:1097.54
W/Watchdog(  881): SWT Watchdog after wait current time:25865172
W/Watchdog(  881): **Get SF Time **1
W/Watchdog(  881): SWT Watchdog before synchronized:25865172
W/Watchdog(  881): SWT Watchdog after synchronized:25865172
W/Watchdog(  881): SWT Watchdog before wait timeout:30000
W/Watchdog(  881): SWT Watchdog before wait current time:25865173
W/Watchdog(  881): SWT Watchdog before wait start:25865173
W/Watchdog(  881): SWT Watchdog before wait CHECK_INTERVAL:30000
I/System.out( 9685): isFirstLoc：false
I/SurfaceView( 9685): updateWindow -- setFrame, this = com.baidu.platform.comapi.map.j{26ac461 V.E..... ........ 0,0-1080,1854}
I/thermal_repeater(  322): oh, queryMdThermalInfo (0)Bad file number
I/thermal_repeater(  322): [recvMdThermalInfo] ret=25, strLen=127,  1, 32767,,, -1, 32767, 2
I/SurfaceFlinger(  276): [Built-in Screen (type:0)] fps:2.586826,dur:1159.72,max:644.66,min:167.05
I/SurfaceView( 9685): updateWindow -- setFrame, this = com.baidu.platform.comapi.map.j{26ac461 V.E..... ........ 0,0-1080,1854}
I/SurfaceFlinger(  276): [Built-in Screen (type:0)] fps:2.969263,dur:1010.35,max:749.62,min:14.17
D/EMDLOGGER1(  780): CTRL_reader: incoming SPLM req, msgid=6, token=0, result=0
I/EMDLOGGER1(  780): [MDLOG] [stats][buf] L1 : data:0x18c4a last:0x4eefc7; (1, 0x5478, 0x4eefc7)(3, 0x91a, 0x4eedef)PS : data:0x5d92 last:0x4eefc7; L2 : data:0x443c last:0x4eefc7; 
D/EMDLOGGER1(  780): CTRL_reader: incoming SPLM req, msgid=6, token=0, result=0
I/EMDLOGGER1(  780): [MDLOG] [stats][mux] MCU : data:0x2777d last:0x4eeef7; DSP : data:0x0 last:0x0; 
D/[BT3.0+HS]PAL(  332): == chip_reset_fd is set ==
D/[BT3.0+HS]PAL(  332): 
D/[BT3.0+HS]PAL(  332): invalid reply message
D/[BT3.0+HS]PAL(  332): 
I/thermal_repeater(  322): oh, queryMdThermalInfo (0)Bad file number
I/thermal_repeater(  322): [recvMdThermalInfo] ret=25, strLen=127,  1, 32767,,, -1, 32767, 2
I/EMDLOGGER1(  780): MDL rate:32 KB/s, full count:0
D/[BT3.0+HS]PAL(  332): == chip_reset_fd is set ==
D/[BT3.0+HS]PAL(  332): 
D/[BT3.0+HS]PAL(  332): invalid reply message
D/[BT3.0+HS]PAL(  332): 
D/[BT3.0+HS]PAL(  332): == chip_reset_fd is set ==
D/[BT3.0+HS]PAL(  332): 
D/[BT3.0+HS]PAL(  332): invalid reply message
D/[BT3.0+HS]PAL(  332): 
I/Netd    (  299): Get netlink event, ifname: wlan0 action: 4
I/Netd    (  299): Get netlink event, ifname: wlan0 action: 4
E/wpa_supplicant( 1294): This is a Iphone softap!!!!!!! 
E/wpa_supplicant( 1294): This is a Iphone softap!!!!!!! 
E/wpa_supplicant( 1294): This is a Iphone softap!!!!!!! 
E/wpa_supplicant( 1294): This is a Iphone softap!!!!!!! 
E/wpa_supplicant( 1294): This is a Iphone softap!!!!!!! 
E/WifiConfigStore(  881):  rewrite network history for "chaozhouniurouwan"WPA_PSK
E/WifiStateMachine(  881): mIsFullScanOngoing: true, mSendScanResultsBroadcast: false
E/WifiStateMachine(  881): mWifiOnScanCount: 1247
I/libPerfService(  881): perfSetFavorPid - pid:9685, 25d5
I/System.out( 9685): isFirstLoc：false
W/ContextImpl( 9304): Calling a method in the system process without a qualified user: android.app.ContextImpl.startService:1863 android.content.ContextWrapper.startService:516 android.content.ContextWrapper.startService:516 com.meizu.dataservice.ExperienceReceiver.a:-1 com.meizu.dataservice.ExperienceReceiver.onReceive:-1 
I/art     (  881): Background sticky concurrent mark sweep GC freed 15881(2MB) AllocSpace objects, 0(0B) LOS objects, 2% free, 46MB/47MB, paused 7.496ms total 106.354ms
I/SurfaceView( 9685): updateWindow -- setFrame, this = com.baidu.platform.comapi.map.j{26ac461 V.E..... ........ 0,0-1080,1854}
I/libPerfService(  881): perfSetFavorPid - pid:0, 0
I/SurfaceFlinger(  276): [Built-in Screen (type:0)] fps:0.147422,dur:6783.23,max:6783.23,min:6783.23
I/AudioFlinger(  304): setParameters(): io 0, keyvalue mediaserver_monitor=1, calling pid 881
W/AudioALSAHardware(  304): setParameters(), still have param.size() = 1, remain param = "mediaserver_monitor=1"
I/str_params(  304): key: 'mediaserver_monitor' value: '1'
I/AudioPolicyManager(  304): setStreamVolumeIndex stream = 7 index = 15 device = 0x400
I/SurfaceView( 9685): updateWindow -- setFrame, this = com.baidu.platform.comapi.map.j{26ac461 V.E..... ........ 0,0-1080,1854}
D/MDLOGGER_CLEAR_LOG(  780): mdlogger clearLog V4.W1442.1
I/MDLOGGER_CLEAR_LOG(  780): clearLogFolder /storage/sdcard0/mtklog/mdlog1 size is 21 M. Recycle size is 600 M,no need clear log
I/SurfaceFlinger(  276): [Built-in Screen (type:0)] fps:0.910943,dur:1097.76,max:1097.76,min:1097.76
I/System.out( 9685): isFirstLoc：false
I/SurfaceView( 9685): updateWindow -- setFrame, this = com.baidu.platform.comapi.map.j{26ac461 V.E..... ........ 0,0-1080,1854}
I/thermal_repeater(  322): oh, queryMdThermalInfo (0)Bad file number
I/thermal_repeater(  322): [recvMdThermalInfo] ret=25, strLen=127,  1, 32767,,, -1, 32767, 2
I/SurfaceFlinger(  276): [Built-in Screen (type:0)] fps:2.627018,dur:1141.98,max:646.36,min:131.87
I/SurfaceView( 9685): updateWindow -- setFrame, this = com.baidu.platform.comapi.map.j{26ac461 V.E..... ........ 0,0-1080,1854}
I/EMDLOGGER1(  780): MD writer time out 10 sec.
I/SurfaceFlinger(  276): [Built-in Screen (type:0)] fps:0.665886,dur:3003.52,max:2253.06,min:750.46
I/SurfaceFlinger(  276): [Built-in Screen (type:0)] fps:0.989846,dur:1010.26,max:1010.26,min:1010.26
D/[BT3.0+HS]PAL(  332): == chip_reset_fd is set ==
D/[BT3.0+HS]PAL(  332): 
D/[BT3.0+HS]PAL(  332): invalid reply message
D/[BT3.0+HS]PAL(  332): 
I/thermal_repeater(  322): oh, queryMdThermalInfo (0)Bad file number
D/EMDLOGGER1(  780): CTRL_reader: incoming SPLM req, msgid=6, token=0, result=0
I/EMDLOGGER1(  780): [MDLOG] [stats][buf] L1 : data:0x15c94 last:0x4ef9af; (1, 0x4b48, 0x4ef9af)(3, 0x8a1, 0x4ef829)PS : data:0x53e9 last:0x4ef9af; L2 : data:0x3a12 last:0x4ef9af; 
D/EMDLOGGER1(  780): CTRL_reader: incoming SPLM req, msgid=6, token=0, result=0
I/EMDLOGGER1(  780): [MDLOG] [stats][mux] MCU : data:0x25115 last:0x4ef8e6; DSP : data:0x0 last:0x0; 
I/thermal_repeater(  322): [recvMdThermalInfo] ret=25, strLen=127,  1, 32767,,, -1, 32767, 2
I/SurfaceFlinger(  276): [Built-in Screen (type:0)] fps:0.989860,dur:1010.24,max:1010.24,min:1010.24
I/EMDLOGGER1(  780): MDL rate:30 KB/s, full count:0
I/KeyguardUpdateMonitor( 1045): handleBatteryUpdate index=0 updateInteresting=false
I/BatteryConsumeMonitor( 1344): init var lastPlugType : 2 lastBatteryChangedLevel : 100
I/libPerfService(  881): perfSetFavorPid - pid:9685, 25d5
I/QuenedWorkProxy( 8391): clean QuenedWork.sPendingWorkFinishers(185342190) size 0
I/QuenedWorkProxy( 8391): clean QuenedWork.sPendingWorkFinishers(185342190) size 0
I/SurfaceFlinger(  276): [Built-in Screen (type:0)] fps:2.406167,dur:1246.80,max:975.69,min:10.82
D/[BT3.0+HS]PAL(  332): == chip_reset_fd is set ==
D/[BT3.0+HS]PAL(  332): 
D/[BT3.0+HS]PAL(  332): invalid reply message
D/[BT3.0+HS]PAL(  332): 
D/[BT3.0+HS]PAL(  332): == chip_reset_fd is set ==
D/[BT3.0+HS]PAL(  332): 
D/[BT3.0+HS]PAL(  332): invalid reply message
D/[BT3.0+HS]PAL(  332): 
E/wpa_supplicant( 1294): This is a Iphone softap!!!!!!! 
E/wpa_supplicant( 1294): This is a Iphone softap!!!!!!! 
E/wpa_supplicant( 1294): This is a Iphone softap!!!!!!! 
I/Netd    (  299): Get netlink event, ifname: wlan0 action: 4
I/Netd    (  299): Get netlink event, ifname: wlan0 action: 4
E/WifiConfigStore(  881):  rewrite network history for "chaozhouniurouwan"WPA_PSK
E/WifiStateMachine(  881): mIsFullScanOngoing: true, mSendScanResultsBroadcast: false
E/WifiStateMachine(  881): mWifiOnScanCount: 1248
I/art     (  881): Background sticky concurrent mark sweep GC freed 12003(1733KB) AllocSpace objects, 0(0B) LOS objects, 2% free, 46MB/47MB, paused 5.200ms total 69.424ms
I/System.out( 9685): isFirstLoc：false
W/ContextImpl( 9304): Calling a method in the system process without a qualified user: android.app.ContextImpl.startService:1863 android.content.ContextWrapper.startService:516 android.content.ContextWrapper.startService:516 com.meizu.dataservice.ExperienceReceiver.a:-1 com.meizu.dataservice.ExperienceReceiver.onReceive:-1 
I/SurfaceView( 9685): updateWindow -- setFrame, this = com.baidu.platform.comapi.map.j{26ac461 V.E..... ........ 0,0-1080,1854}
I/libPerfService(  881): perfSetFavorPid - pid:0, 0
W/MALI    ( 9685): glDrawArrays:714: [MALI] glDrawArrays takes more than 5ms here. Total elapse time(us): 8685
I/SurfaceFlinger(  276): [Built-in Screen (type:0)] fps:1.427375,dur:1401.17,max:1383.73,min:17.45
I/libPerfService(  881): perfSetFavorPid - pid:9685, 25d5
I/AudioFlinger(  304): setParameters(): io 0, keyvalue mediaserver_monitor=1, calling pid 881
W/AudioALSAHardware(  304): setParameters(), still have param.size() = 1, remain param = "mediaserver_monitor=1"
I/str_params(  304): key: 'mediaserver_monitor' value: '1'
I/AudioPolicyManager(  304): setStreamVolumeIndex stream = 7 index = 15 device = 0x400
I/SurfaceView( 9685): updateWindow -- setFrame, this = com.baidu.platform.comapi.map.j{26ac461 V.E..... ........ 0,0-1080,1854}
I/libPerfService(  881): perfSetFavorPid - pid:0, 0
I/SurfaceFlinger(  276): [Built-in Screen (type:0)] fps:0.911386,dur:1097.23,max:1097.23,min:1097.23
I/thermal_repeater(  322): oh, queryMdThermalInfo (0)Bad file number
I/thermal_repeater(  322): [recvMdThermalInfo] ret=25, strLen=127,  1, 32767,,, -1, 32767, 2
I/System.out( 9685): isFirstLoc：false
I/SurfaceView( 9685): updateWindow -- setFrame, this = com.baidu.platform.comapi.map.j{26ac461 V.E..... ........ 0,0-1080,1854}
I/SurfaceFlinger(  276): [Built-in Screen (type:0)] fps:0.989069,dur:1011.05,max:1011.05,min:1011.05
I/SurfaceView( 9685): updateWindow -- setFrame, this = com.baidu.platform.comapi.map.j{26ac461 V.E..... ........ 0,0-1080,1854}
I/SurfaceFlinger(  276): [Built-in Screen (type:0)] fps:0.897509,dur:1114.19,max:1114.19,min:1114.19
I/crashsdk(11174): Begin update unexp info ...
I/crashsdk(11174): Update unexp info took 8 ms
I/EMDLOGGER1(  780): MD writer time out 10 sec.
D/[BT3.0+HS]PAL(  332): == chip_reset_fd is set ==
D/[BT3.0+HS]PAL(  332): 
D/[BT3.0+HS]PAL(  332): invalid reply message
D/[BT3.0+HS]PAL(  332): 
I/thermal_repeater(  322): oh, queryMdThermalInfo (0)Bad file number
I/thermal_repeater(  322): [recvMdThermalInfo] ret=25, strLen=127,  1, 32767,,, -1, 32767, 2
D/EMDLOGGER1(  780): CTRL_reader: incoming SPLM req, msgid=6, token=0, result=0
I/EMDLOGGER1(  780): [MDLOG] [stats][buf] L1 : data:0x145d8 last:0x4f0332; (1, 0x5230, 0x4f0332)(3, 0x91a, 0x4f0184)PS : data:0x5b4a last:0x4f0332; L2 : data:0x3e1a last:0x4f0332; 
D/EMDLOGGER1(  780): CTRL_reader: incoming SPLM req, msgid=6, token=0, result=0
I/EMDLOGGER1(  780): [MDLOG] [stats][mux] MCU : data:0x23c01 last:0x4f0223; DSP : data:0x0 last:0x0; 
D/[BT3.0+HS]PAL(  332): == chip_reset_fd is set ==
D/[BT3.0+HS]PAL(  332): 
D/[BT3.0+HS]PAL(  332): invalid reply message
D/[BT3.0+HS]PAL(  332): 
D/[BT3.0+HS]PAL(  332): == chip_reset_fd is set ==
D/[BT3.0+HS]PAL(  332): 
D/[BT3.0+HS]PAL(  332): invalid reply message
D/[BT3.0+HS]PAL(  332): 
I/Netd    (  299): Get netlink event, ifname: wlan0 action: 4
E/wpa_supplicant( 1294): This is a Iphone softap!!!!!!! 
E/wpa_supplicant( 1294): This is a Iphone softap!!!!!!! 
E/wpa_supplicant( 1294): This is a Iphone softap!!!!!!! 
I/Netd    (  299): Get netlink event, ifname: wlan0 action: 4
E/WifiConfigStore(  881):  rewrite network history for "chaozhouniurouwan"WPA_PSK
E/WifiStateMachine(  881): mIsFullScanOngoing: true, mSendScanResultsBroadcast: false
E/WifiStateMachine(  881): mWifiOnScanCount: 1249
I/libPerfService(  881): perfSetFavorPid - pid:9685, 25d5
I/System.out( 9685): isFirstLoc：false
W/art     ( 9304): Suspending all threads took: 8.269ms
W/ContextImpl( 9304): Calling a method in the system process without a qualified user: android.app.ContextImpl.startService:1863 android.content.ContextWrapper.startService:516 android.content.ContextWrapper.startService:516 com.meizu.dataservice.ExperienceReceiver.a:-1 com.meizu.dataservice.ExperienceReceiver.onReceive:-1 
I/SurfaceView( 9685): updateWindow -- setFrame, this = com.baidu.platform.comapi.map.j{26ac461 V.E..... ........ 0,0-1080,1854}
I/libPerfService(  881): perfSetFavorPid - pid:0, 0
I/SurfaceFlinger(  276): [Built-in Screen (type:0)] fps:0.144974,dur:6897.78,max:6897.78,min:6897.78
I/libPerfService(  881): perfSetFavorPid - pid:9685, 25d5
I/AudioFlinger(  304): setParameters(): io 0, keyvalue mediaserver_monitor=1, calling pid 881
W/AudioALSAHardware(  304): setParameters(), still have param.size() = 1, remain param = "mediaserver_monitor=1"
I/str_params(  304): key: 'mediaserver_monitor' value: '1'
I/AudioPolicyManager(  304): setStreamVolumeIndex stream = 7 index = 15 device = 0x400
I/SurfaceView( 9685): updateWindow -- setFrame, this = com.baidu.platform.comapi.map.j{26ac461 V.E..... ........ 0,0-1080,1854}
I/libPerfService(  881): perfSetFavorPid - pid:0, 0
I/SurfaceFlinger(  276): [Built-in Screen (type:0)] fps:0.911134,dur:1097.53,max:1097.53,min:1097.53
I/libPerfService(  881): perfSetFavorPid - pid:9685, 25d5
I/libPerfService(  881): perfSetFavorPid - pid:0, 0
I/libPerfService(  881): perfSetFavorPid - pid:9685, 25d5
W/Watchdog(  881): SWT Watchdog after wait current time:25895173
W/Watchdog(  881): **Get SF Time **1
W/Watchdog(  881): SWT Watchdog before synchronized:25895173
W/Watchdog(  881): SWT Watchdog after synchronized:25895173
W/Watchdog(  881): SWT Watchdog before wait timeout:30000
W/Watchdog(  881): SWT Watchdog before wait current time:25895173
W/Watchdog(  881): SWT Watchdog before wait start:25895173
W/Watchdog(  881): SWT Watchdog before wait CHECK_INTERVAL:30000
I/thermal_repeater(  322): oh, queryMdThermalInfo (0)Bad file number
I/thermal_repeater(  322): [recvMdThermalInfo] ret=25, strLen=127,  1, 32767,,, -1, 32767, 2
I/System.out( 9685): isFirstLoc：false
I/SurfaceView( 9685): updateWindow -- setFrame, this = com.baidu.platform.comapi.map.j{26ac461 V.E..... ........ 0,0-1080,1854}
I/libPerfService(  881): perfSetFavorPid - pid:0, 0
I/SurfaceFlinger(  276): [Built-in Screen (type:0)] fps:2.625132,dur:1142.80,max:463.17,min:226.88
I/EMDLOGGER1(  780): MDL rate:29 KB/s, full count:0
I/SurfaceView( 9685): updateWindow -- setFrame, this = com.baidu.platform.comapi.map.j{26ac461 V.E..... ........ 0,0-1080,1854}
I/SurfaceFlinger(  276): [Built-in Screen (type:0)] fps:2.971009,dur:1009.76,max:888.60,min:17.05
I/art     ( 9685): Background sticky concurrent mark sweep GC freed 28291(1565KB) AllocSpace objects, 0(0B) LOS objects, 2% free, 61MB/63MB, paused 5.379ms total 86.857ms
I/thermal_repeater(  322): oh, queryMdThermalInfo (0)Bad file number
D/[BT3.0+HS]PAL(  332): == chip_reset_fd is set ==
D/[BT3.0+HS]PAL(  332): 
D/[BT3.0+HS]PAL(  332): invalid reply message
D/[BT3.0+HS]PAL(  332): 
I/thermal_repeater(  322): [recvMdThermalInfo] ret=25, strLen=127,  1, 32767,,, -1, 32767, 2
I/EMDLOGGER1(  780): MD writer time out 10 sec.
I/KeyguardUpdateMonitor( 1045): handleBatteryUpdate index=0 updateInteresting=false
I/BatteryConsumeMonitor( 1344): init var lastPlugType : 2 lastBatteryChangedLevel : 100
I/SurfaceFlinger(  276): [Built-in Screen (type:0)] fps:0.191724,dur:5215.82,max:5215.82,min:5215.82
I/libPerfService(  881): perfSetFavorPid - pid:9685, 25d5
I/QuenedWorkProxy( 8391): clean QuenedWork.sPendingWorkFinishers(185342190) size 0
I/QuenedWorkProxy( 8391): clean QuenedWork.sPendingWorkFinishers(185342190) size 0
D/[BT3.0+HS]PAL(  332): == chip_reset_fd is set ==
D/[BT3.0+HS]PAL(  332): 
D/[BT3.0+HS]PAL(  332): invalid reply message
D/[BT3.0+HS]PAL(  332): 
D/[BT3.0+HS]PAL(  332): == chip_reset_fd is set ==
D/[BT3.0+HS]PAL(  332): 
D/[BT3.0+HS]PAL(  332): invalid reply message
D/[BT3.0+HS]PAL(  332): 
I/Netd    (  299): Get netlink event, ifname: wlan0 action: 4
I/Netd    (  299): Get netlink event, ifname: wlan0 action: 4
E/WifiConfigStore(  881):  rewrite network history for "chaozhouniurouwan"WPA_PSK
E/WifiStateMachine(  881): mIsFullScanOngoing: true, mSendScanResultsBroadcast: false
E/WifiStateMachine(  881): mWifiOnScanCount: 1250
I/art     (  881): Background sticky concurrent mark sweep GC freed 13870(2MB) AllocSpace objects, 0(0B) LOS objects, 1% free, 47MB/47MB, paused 5.152ms total 78.005ms
W/ContextImpl( 9304): Calling a method in the system process without a qualified user: android.app.ContextImpl.startService:1863 android.content.ContextWrapper.startService:516 android.content.ContextWrapper.startService:516 com.meizu.dataservice.ExperienceReceiver.a:-1 com.meizu.dataservice.ExperienceReceiver.onReceive:-1 
I/System.out( 9685): isFirstLoc：false
I/SurfaceView( 9685): updateWindow -- setFrame, this = com.baidu.platform.comapi.map.j{26ac461 V.E..... ........ 0,0-1080,1854}
I/libPerfService(  881): perfSetFavorPid - pid:0, 0
I/libPerfService(  881): perfSetFavorPid - pid:9685, 25d5
I/SurfaceFlinger(  276): [Built-in Screen (type:0)] fps:0.562837,dur:1776.71,max:1776.71,min:1776.71
I/AudioFlinger(  304): setParameters(): io 0, keyvalue mediaserver_monitor=1, calling pid 881
W/AudioALSAHardware(  304): setParameters(), still have param.size() = 1, remain param = "mediaserver_monitor=1"
I/str_params(  304): key: 'mediaserver_monitor' value: '1'
I/AudioPolicyManager(  304): setStreamVolumeIndex stream = 7 index = 15 device = 0x400
D/MDLOGGER_CLEAR_LOG(  780): mdlogger clearLog V4.W1442.1
I/MDLOGGER_CLEAR_LOG(  780): clearLogFolder /storage/sdcard0/mtklog/mdlog1 size is 21 M. Recycle size is 600 M,no need clear log
I/SurfaceView( 9685): updateWindow -- setFrame, this = com.baidu.platform.comapi.map.j{26ac461 V.E..... ........ 0,0-1080,1854}
I/libPerfService(  881): perfSetFavorPid - pid:0, 0
I/SurfaceFlinger(  276): [Built-in Screen (type:0)] fps:0.910906,dur:1097.81,max:1097.81,min:1097.81
D/EMDLOGGER1(  780): CTRL_reader: incoming SPLM req, msgid=6, token=0, result=0
I/EMDLOGGER1(  780): [MDLOG] [stats][buf] L1 : data:0x1766c last:0x4f0d20; (1, 0x5764, 0x4f0d20)(3, 0xb20, 0x4f0be0)PS : data:0x6284 last:0x4f0d20; L2 : data:0x451a last:0x4f0d20; 
D/EMDLOGGER1(  780): CTRL_reader: incoming SPLM req, msgid=6, token=0, result=0
I/EMDLOGGER1(  780): [MDLOG] [stats][mux] MCU : data:0x26651 last:0x4f0c29; DSP : data:0x0 last:0x0; 
I/thermal_repeater(  322): oh, queryMdThermalInfo (0)Bad file number
I/thermal_repeater(  322): [recvMdThermalInfo] ret=25, strLen=127,  1, 32767,,, -1, 32767, 2
I/System.out( 9685): isFirstLoc：false
I/SurfaceView( 9685): updateWindow -- setFrame, this = com.baidu.platform.comapi.map.j{26ac461 V.E..... ........ 0,0-1080,1854}
I/EMDLOGGER1(  780): MDL rate:31 KB/s, full count:0
W/MTKLogger(10981): Maybe device was updated from old version, change property to newer one
I/StorageManagerEx(10981): getInternalStoragePath from Property path=/storage/sdcard0
W/MTKLogger(10981): Maybe device was updated from old version, change property to newer one
I/StorageManagerEx(10981): getInternalStoragePath from Property path=/storage/sdcard0
I/SurfaceView( 9685): updateWindow -- setFrame, this = com.baidu.platform.comapi.map.j{26ac461 V.E..... ........ 0,0-1080,1854}
I/SurfaceFlinger(  276): [Built-in Screen (type:0)] fps:1.104152,dur:1811.34,max:1097.81,min:713.54
I/libPerfService(  881): perfSetFavorPid - pid:9685, 25d5
I/libPerfService(  881): perfSetFavorPid - pid:0, 0
I/SurfaceFlinger(  276): [Built-in Screen (type:0)] fps:0.897261,dur:1114.50,max:1114.50,min:1114.50
I/SurfaceFlinger(  276): [Built-in Screen (type:0)] fps:1.992334,dur:1003.85,max:992.85,min:10.99
I/thermal_repeater(  322): oh, queryMdThermalInfo (0)Bad file number
I/thermal_repeater(  322): [recvMdThermalInfo] ret=25, strLen=127,  1, 32767,,, -1, 32767, 2
D/[BT3.0+HS]PAL(  332): == chip_reset_fd is set ==
D/[BT3.0+HS]PAL(  332): 
D/[BT3.0+HS]PAL(  332): invalid reply message
D/[BT3.0+HS]PAL(  332): 
I/SurfaceFlinger(  276): [Built-in Screen (type:0)] fps:0.497564,dur:2009.79,max:2009.79,min:2009.79
I/System.out( 1881): [CDS]close[0]
I/NetworkManagementSocketTagger( 1881): untagSocket(42)
I/SurfaceFlinger(  276): [Built-in Screen (type:0)] fps:1.007220,dur:1985.66,max:992.99,min:992.67
D/[BT3.0+HS]PAL(  332): == chip_reset_fd is set ==
D/[BT3.0+HS]PAL(  332): 
D/[BT3.0+HS]PAL(  332): invalid reply message
D/[BT3.0+HS]PAL(  332): 
D/[BT3.0+HS]PAL(  332): == chip_reset_fd is set ==
D/[BT3.0+HS]PAL(  332): 
D/[BT3.0+HS]PAL(  332): invalid reply message
D/[BT3.0+HS]PAL(  332): 
I/Netd    (  299): Get netlink event, ifname: wlan0 action: 4
I/Netd    (  299): Get netlink event, ifname: wlan0 action: 4
E/wpa_supplicant( 1294): This is a Iphone softap!!!!!!! 
E/wpa_supplicant( 1294): This is a Iphone softap!!!!!!! 
E/wpa_supplicant( 1294): This is a Iphone softap!!!!!!! 
E/wpa_supplicant( 1294): This is a Iphone softap!!!!!!! 
E/WifiConfigStore(  881):  rewrite network history for "chaozhouniurouwan"WPA_PSK
E/WifiStateMachine(  881): mIsFullScanOngoing: true, mSendScanResultsBroadcast: false
E/WifiStateMachine(  881): mWifiOnScanCount: 1251
I/libPerfService(  881): perfSetFavorPid - pid:9685, 25d5
W/ContextImpl( 9304): Calling a method in the system process without a qualified user: android.app.ContextImpl.startService:1863 android.content.ContextWrapper.startService:516 android.content.ContextWrapper.startService:516 com.meizu.dataservice.ExperienceReceiver.a:-1 com.meizu.dataservice.ExperienceReceiver.onReceive:-1 
I/System.out( 9685): isFirstLoc：false
I/SurfaceView( 9685): updateWindow -- setFrame, this = com.baidu.platform.comapi.map.j{26ac461 V.E..... ........ 0,0-1080,1854}
W/MALI    ( 9685): glDrawArrays:714: [MALI] glDrawArrays takes more than 5ms here. Total elapse time(us): 10120
I/libPerfService(  881): perfSetFavorPid - pid:0, 0
I/AudioFlinger(  304): setParameters(): io 0, keyvalue mediaserver_monitor=1, calling pid 881
W/AudioALSAHardware(  304): setParameters(), still have param.size() = 1, remain param = "mediaserver_monitor=1"
I/str_params(  304): key: 'mediaserver_monitor' value: '1'
I/AudioPolicyManager(  304): setStreamVolumeIndex stream = 7 index = 15 device = 0x400
I/EMDLOGGER1(  780): MD writer time out 10 sec.
I/SurfaceView( 9685): updateWindow -- setFrame, this = com.baidu.platform.comapi.map.j{26ac461 V.E..... ........ 0,0-1080,1854}
I/SurfaceFlinger(  276): [Built-in Screen (type:0)] fps:1.435223,dur:2090.27,max:1103.19,min:10.16
I/thermal_repeater(  322): oh, queryMdThermalInfo (0)Bad file number
I/thermal_repeater(  322): [recvMdThermalInfo] ret=25, strLen=127,  1, 32767,,, -1, 32767, 2
I/System.out( 9685): isFirstLoc：false
I/SurfaceView( 9685): updateWindow -- setFrame, this = com.baidu.platform.comapi.map.j{26ac461 V.E..... ........ 0,0-1080,1854}
I/SurfaceView( 9685): updateWindow -- setFrame, this = com.baidu.platform.comapi.map.j{26ac461 V.E..... ........ 0,0-1080,1854}
I/art     ( 9685): Background partial concurrent mark sweep GC freed 35931(2MB) AllocSpace objects, 17(1859KB) LOS objects, 6% free, 58MB/62MB, paused 5.198ms total 116.490ms
I/SurfaceFlinger(  276): [Built-in Screen (type:0)] fps:1.093526,dur:1828.95,max:1114.10,min:714.84
I/System.out( 9685): [CDS]close[59583]
I/NetworkManagementSocketTagger( 9685): untagSocket(91)
D/EMDLOGGER1(  780): CTRL_reader: incoming SPLM req, msgid=6, token=0, result=0
I/EMDLOGGER1(  780): [MDLOG] [stats][buf] L1 : data:0x11664 last:0x4f176c; (1, 0x47e0, 0x4f176c)(3, 0x69b, 0x4f151d)PS : data:0x4e7b last:0x4f176c; L2 : data:0x2f9e last:0x4f176c; 
D/EMDLOGGER1(  780): CTRL_reader: incoming SPLM req, msgid=6, token=0, result=0
I/EMDLOGGER1(  780): [MDLOG] [stats][mux] MCU : data:0x1d38d last:0x4f1652; DSP : data:0x0 last:0x0; 
I/SurfaceFlinger(  276): [Built-in Screen (type:0)] fps:0.474448,dur:2107.71,max:2107.71,min:2107.71
I/thermal_repeater(  322): oh, queryMdThermalInfo (0)Bad file number
I/thermal_repeater(  322): [recvMdThermalInfo] ret=25, strLen=127,  1, 32767,,, -1, 32767, 2
D/[BT3.0+HS]PAL(  332): == chip_reset_fd is set ==
D/[BT3.0+HS]PAL(  332): 
D/[BT3.0+HS]PAL(  332): invalid reply message
D/[BT3.0+HS]PAL(  332): 
I/EMDLOGGER1(  780): MDL rate:24 KB/s, full count:0
I/KeyguardUpdateMonitor( 1045): handleBatteryUpdate index=0 updateInteresting=false
I/BatteryConsumeMonitor( 1344): init var lastPlugType : 2 lastBatteryChangedLevel : 100
I/libPerfService(  881): perfSetFavorPid - pid:9685, 25d5
I/QuenedWorkProxy( 8391): clean QuenedWork.sPendingWorkFinishers(185342190) size 0
I/QuenedWorkProxy( 8391): clean QuenedWork.sPendingWorkFinishers(185342190) size 0
I/libPerfService(  881): perfSetFavorPid - pid:0, 0
I/SurfaceFlinger(  276): [Built-in Screen (type:0)] fps:0.624003,dur:3205.11,max:2212.22,min:992.89
D/[BT3.0+HS]PAL(  332): == chip_reset_fd is set ==
D/[BT3.0+HS]PAL(  332): 
D/[BT3.0+HS]PAL(  332): invalid reply message
D/[BT3.0+HS]PAL(  332): 
D/[BT3.0+HS]PAL(  332): == chip_reset_fd is set ==
D/[BT3.0+HS]PAL(  332): 
D/[BT3.0+HS]PAL(  332): invalid reply message
D/[BT3.0+HS]PAL(  332): 
I/Netd    (  299): Get netlink event, ifname: wlan0 action: 4
I/Netd    (  299): Get netlink event, ifname: wlan0 action: 4
E/wpa_supplicant( 1294): This is a Iphone softap!!!!!!! 
E/wpa_supplicant( 1294): This is a Iphone softap!!!!!!! 
E/wpa_supplicant( 1294): This is a Iphone softap!!!!!!! 
E/wpa_supplicant( 1294): This is a Iphone softap!!!!!!! 
E/wpa_supplicant( 1294): This is a Iphone softap!!!!!!! 
E/wpa_supplicant( 1294): This is a Iphone softap!!!!!!! 
E/WifiConfigStore(  881):  rewrite network history for "chaozhouniurouwan"WPA_PSK
E/WifiStateMachine(  881): mIsFullScanOngoing: true, mSendScanResultsBroadcast: false
E/WifiStateMachine(  881): mWifiOnScanCount: 1252
I/libPerfService(  881): perfSetFavorPid - pid:9685, 25d5
I/System.out( 9685): isFirstLoc：false
W/ContextImpl( 9304): Calling a method in the system process without a qualified user: android.app.ContextImpl.startService:1863 android.content.ContextWrapper.startService:516 android.content.ContextWrapper.startService:516 com.meizu.dataservice.ExperienceReceiver.a:-1 com.meizu.dataservice.ExperienceReceiver.onReceive:-1 
I/SurfaceView( 9685): updateWindow -- setFrame, this = com.baidu.platform.comapi.map.j{26ac461 V.E..... ........ 0,0-1080,1854}
W/MALI    ( 9685): glDrawArrays:714: [MALI] glDrawArrays takes more than 5ms here. Total elapse time(us): 5688
I/libPerfService(  881): perfSetFavorPid - pid:0, 0
I/SurfaceFlinger(  276): [Built-in Screen (type:0)] fps:0.585817,dur:1707.02,max:1707.02,min:1707.02
I/libPerfService(  881): perfSetFavorPid - pid:9685, 25d5
I/art     (  881): Background partial concurrent mark sweep GC freed 30049(3MB) AllocSpace objects, 0(0B) LOS objects, 8% free, 45MB/49MB, paused 2.842ms total 263.344ms
I/AudioFlinger(  304): setParameters(): io 0, keyvalue mediaserver_monitor=1, calling pid 881
W/AudioALSAHardware(  304): setParameters(), still have param.size() = 1, remain param = "mediaserver_monitor=1"
I/str_params(  304): key: 'mediaserver_monitor' value: '1'
I/AudioPolicyManager(  304): setStreamVolumeIndex stream = 7 index = 15 device = 0x400
I/SurfaceView( 9685): updateWindow -- setFrame, this = com.baidu.platform.comapi.map.j{26ac461 V.E..... ........ 0,0-1080,1854}
I/libPerfService(  881): perfSetFavorPid - pid:0, 0
I/SurfaceFlinger(  276): [Built-in Screen (type:0)] fps:0.911149,dur:1097.52,max:1097.52,min:1097.52
W/Watchdog(  881): SWT Watchdog after wait current time:25925174
W/Watchdog(  881): **Get SF Time **1
W/Watchdog(  881): SWT Watchdog before synchronized:25925174
W/Watchdog(  881): SWT Watchdog after synchronized:25925174
W/Watchdog(  881): SWT Watchdog before wait timeout:30000
W/Watchdog(  881): SWT Watchdog before wait current time:25925175
W/Watchdog(  881): SWT Watchdog before wait start:25925174
W/Watchdog(  881): SWT Watchdog before wait CHECK_INTERVAL:30000
I/thermal_repeater(  322): oh, queryMdThermalInfo (0)Bad file number
I/thermal_repeater(  322): [recvMdThermalInfo] ret=25, strLen=127,  1, 32767,,, -1, 32767, 2
I/System.out( 9685): isFirstLoc：false
I/SurfaceView( 9685): updateWindow -- setFrame, this = com.baidu.platform.comapi.map.j{26ac461 V.E..... ........ 0,0-1080,1854}
I/SurfaceView( 9685): updateWindow -- setFrame, this = com.baidu.platform.comapi.map.j{26ac461 V.E..... ........ 0,0-1080,1854}
I/SurfaceFlinger(  276): [Built-in Screen (type:0)] fps:1.580128,dur:1898.58,max:912.75,min:184.58
I/EMDLOGGER1(  780): MD writer time out 10 sec.
I/SurfaceFlinger(  276): [Built-in Screen (type:0)] fps:1.822278,dur:1097.53,max:1000.29,min:97.24
I/thermal_repeater(  322): oh, queryMdThermalInfo (0)Bad file number
D/EMDLOGGER1(  780): CTRL_reader: incoming SPLM req, msgid=6, token=0, result=0
I/EMDLOGGER1(  780): [MDLOG] [stats][buf] L1 : data:0x12a34 last:0x4f20dc; (1, 0x4c1c, 0x4f20dc)(3, 0x8a1, 0x4f1f84)PS : data:0x54bd last:0x4f20dc; L2 : data:0x3ade last:0x4f20dc; 
D/EMDLOGGER1(  780): CTRL_reader: incoming SPLM req, msgid=6, token=0, result=0
I/EMDLOGGER1(  780): [MDLOG] [stats][mux] MCU : data:0x1f125 last:0x4f1fe2; DSP : data:0x0 last:0x0; 
I/thermal_repeater(  322): [recvMdThermalInfo] ret=25, strLen=127,  1, 32767,,, -1, 32767, 2
D/[BT3.0+HS]PAL(  332): == chip_reset_fd is set ==
D/[BT3.0+HS]PAL(  332): 
D/[BT3.0+HS]PAL(  332): invalid reply message
D/[BT3.0+HS]PAL(  332): 
I/EMDLOGGER1(  780): MDL rate:25 KB/s, full count:0
D/[BT3.0+HS]PAL(  332): == chip_reset_fd is set ==
D/[BT3.0+HS]PAL(  332): 
D/[BT3.0+HS]PAL(  332): invalid reply message
D/[BT3.0+HS]PAL(  332): 
D/[BT3.0+HS]PAL(  332): == chip_reset_fd is set ==
D/[BT3.0+HS]PAL(  332): 
D/[BT3.0+HS]PAL(  332): invalid reply message
D/[BT3.0+HS]PAL(  332): 
I/Netd    (  299): Get netlink event, ifname: wlan0 action: 4
I/Netd    (  299): Get netlink event, ifname: wlan0 action: 4
E/wpa_supplicant( 1294): This is a Iphone softap!!!!!!! 
E/wpa_supplicant( 1294): This is a Iphone softap!!!!!!! 
E/wpa_supplicant( 1294): This is a Iphone softap!!!!!!! 
E/WifiConfigStore(  881):  rewrite network history for "chaozhouniurouwan"WPA_PSK
E/WifiStateMachine(  881): mIsFullScanOngoing: true, mSendScanResultsBroadcast: false
E/WifiStateMachine(  881): mWifiOnScanCount: 1253
I/libPerfService(  881): perfSetFavorPid - pid:9685, 25d5
I/System.out( 9685): isFirstLoc：false
W/ContextImpl( 9304): Calling a method in the system process without a qualified user: android.app.ContextImpl.startService:1863 android.content.ContextWrapper.startService:516 android.content.ContextWrapper.startService:516 com.meizu.dataservice.ExperienceReceiver.a:-1 com.meizu.dataservice.ExperienceReceiver.onReceive:-1 
I/SurfaceView( 9685): updateWindow -- setFrame, this = com.baidu.platform.comapi.map.j{26ac461 V.E..... ........ 0,0-1080,1854}
I/libPerfService(  881): perfSetFavorPid - pid:0, 0
W/MALI    ( 9685): glDrawArrays:714: [MALI] glDrawArrays takes more than 5ms here. Total elapse time(us): 6625
I/libPerfService(  881): perfSetFavorPid - pid:9685, 25d5
I/SurfaceFlinger(  276): [Built-in Screen (type:0)] fps:0.330891,dur:6044.29,max:6034.30,min:9.99
I/AudioFlinger(  304): setParameters(): io 0, keyvalue mediaserver_monitor=1, calling pid 881
W/AudioALSAHardware(  304): setParameters(), still have param.size() = 1, remain param = "mediaserver_monitor=1"
I/str_params(  304): key: 'mediaserver_monitor' value: '1'
I/AudioPolicyManager(  304): setStreamVolumeIndex stream = 7 index = 15 device = 0x400
D/MDLOGGER_CLEAR_LOG(  780): mdlogger clearLog V4.W1442.1
I/MDLOGGER_CLEAR_LOG(  780): clearLogFolder /storage/sdcard0/mtklog/mdlog1 size is 21 M. Recycle size is 600 M,no need clear log
I/SurfaceView( 9685): updateWindow -- setFrame, this = com.baidu.platform.comapi.map.j{26ac461 V.E..... ........ 0,0-1080,1854}
I/libPerfService(  881): perfSetFavorPid - pid:0, 0
I/SurfaceFlinger(  276): [Built-in Screen (type:0)] fps:0.925655,dur:1080.32,max:1080.32,min:1080.32
I/thermal_repeater(  322): oh, queryMdThermalInfo (0)Bad file number
I/thermal_repeater(  322): [recvMdThermalInfo] ret=25, strLen=127,  1, 32767,,, -1, 32767, 2
I/System.out( 9685): isFirstLoc：false
I/SurfaceView( 9685): updateWindow -- setFrame, this = com.baidu.platform.comapi.map.j{26ac461 V.E..... ........ 0,0-1080,1854}
I/SurfaceView( 9685): updateWindow -- setFrame, this = com.baidu.platform.comapi.map.j{26ac461 V.E..... ........ 0,0-1080,1854}
I/SurfaceFlinger(  276): [Built-in Screen (type:0)] fps:1.043935,dur:1915.83,max:1114.84,min:800.99
I/SurfaceFlinger(  276): [Built-in Screen (type:0)] fps:0.998413,dur:2003.18,max:1010.31,min:992.87
I/EMDLOGGER1(  780): MD writer time out 10 sec.
I/thermal_repeater(  322): oh, queryMdThermalInfo (0)Bad file number
I/thermal_repeater(  322): [recvMdThermalInfo] ret=25, strLen=127,  1, 32767,,, -1, 32767, 2
D/[BT3.0+HS]PAL(  332): == chip_reset_fd is set ==
D/[BT3.0+HS]PAL(  332): 
D/[BT3.0+HS]PAL(  332): invalid reply message
D/[BT3.0+HS]PAL(  332): 
I/libPerfService(  881): 11: set: 2
I/SurfaceFlinger(  276): [Built-in Screen (type:0)] fps:0.334543,dur:2989.15,max:2989.15,min:2989.15
I/SurfaceFlinger(  276): [Built-in Screen (type:0)] fps:1.979250,dur:1010.48,max:999.78,min:10.70
D/EMDLOGGER1(  780): CTRL_reader: incoming SPLM req, msgid=6, token=0, result=0
I/EMDLOGGER1(  780): [MDLOG] [stats][buf] L1 : data:0x13e64 last:0x4f2a8c; (1, 0x4bcc, 0x4f2a8c)(3, 0x69b, 0x4f2a8c)PS : data:0x5267 last:0x4f2a8c; L2 : data:0x34ca last:0x4f2a8c; 
D/EMDLOGGER1(  780): CTRL_reader: incoming SPLM req, msgid=6, token=0, result=0
I/EMDLOGGER1(  780): [MDLOG] [stats][mux] MCU : data:0x1f7c0 last:0x4f2972; DSP : data:0x0 last:0x0; 
I/libPerfService(  881): 11: set: 1
I/libPerfService(  881): 11: set freq: 0
I/libPerfService(  881): 11: set gpu level: 0
D/[BT3.0+HS]PAL(  332): == chip_reset_fd is set ==
D/[BT3.0+HS]PAL(  332): 
D/[BT3.0+HS]PAL(  332): invalid reply message
D/[BT3.0+HS]PAL(  332): 
D/[BT3.0+HS]PAL(  332): == chip_reset_fd is set ==
D/[BT3.0+HS]PAL(  332): 
D/[BT3.0+HS]PAL(  332): invalid reply message
D/[BT3.0+HS]PAL(  332): 
E/wpa_supplicant( 1294): This is a Iphone softap!!!!!!! 
E/wpa_supplicant( 1294): This is a Iphone softap!!!!!!! 
E/wpa_supplicant( 1294): This is a Iphone softap!!!!!!! 
E/wpa_supplicant( 1294): This is a Iphone softap!!!!!!! 
I/Netd    (  299): Get netlink event, ifname: wlan0 action: 4
I/Netd    (  299): Get netlink event, ifname: wlan0 action: 4
E/WifiConfigStore(  881):  rewrite network history for "chaozhouniurouwan"WPA_PSK
E/WifiStateMachine(  881): mIsFullScanOngoing: true, mSendScanResultsBroadcast: false
E/WifiStateMachine(  881): mWifiOnScanCount: 1254
I/libPerfService(  881): perfSetFavorPid - pid:9685, 25d5
W/ContextImpl( 9304): Calling a method in the system process without a qualified user: android.app.ContextImpl.startService:1863 android.content.ContextWrapper.startService:516 android.content.ContextWrapper.startService:516 com.meizu.dataservice.ExperienceReceiver.a:-1 com.meizu.dataservice.ExperienceReceiver.onReceive:-1 
I/System.out( 9685): isFirstLoc：false
I/art     (  881): Background sticky concurrent mark sweep GC freed 28851(4MB) AllocSpace objects, 0(0B) LOS objects, 4% free, 45MB/47MB, paused 8.294ms total 100.640ms
I/SurfaceView( 9685): updateWindow -- setFrame, this = com.baidu.platform.comapi.map.j{26ac461 V.E..... ........ 0,0-1080,1854}
I/libPerfService(  881): perfSetFavorPid - pid:0, 0
I/SurfaceFlinger(  276): [Built-in Screen (type:0)] fps:0.950439,dur:1052.15,max:1052.15,min:1052.15
I/AudioFlinger(  304): setParameters(): io 0, keyvalue mediaserver_monitor=1, calling pid 881
W/AudioALSAHardware(  304): setParameters(), still have param.size() = 1, remain param = "mediaserver_monitor=1"
I/str_params(  304): key: 'mediaserver_monitor' value: '1'
I/AudioPolicyManager(  304): setStreamVolumeIndex stream = 7 index = 15 device = 0x400
I/SurfaceView( 9685): updateWindow -- setFrame, this = com.baidu.platform.comapi.map.j{26ac461 V.E..... ........ 0,0-1080,1854}
I/SurfaceFlinger(  276): [Built-in Screen (type:0)] fps:0.926171,dur:1079.71,max:1079.71,min:1079.71
I/thermal_repeater(  322): oh, queryMdThermalInfo (0)Bad file number
I/thermal_repeater(  322): [recvMdThermalInfo] ret=25, strLen=127,  1, 32767,,, -1, 32767, 2
I/System.out( 9685): isFirstLoc：false
I/SurfaceView( 9685): updateWindow -- setFrame, this = com.baidu.platform.comapi.map.j{26ac461 V.E..... ........ 0,0-1080,1854}
I/EMDLOGGER1(  780): MDL rate:25 KB/s, full count:0
I/System.out( 9685): [CDS]close[34735]
I/NetworkManagementSocketTagger( 9685): untagSocket(33)
I/SurfaceView( 9685): updateWindow -- setFrame, this = com.baidu.platform.comapi.map.j{26ac461 V.E..... ........ 0,0-1080,1854}
I/SurfaceFlinger(  276): [Built-in Screen (type:0)] fps:1.063052,dur:1881.37,max:1097.42,min:783.96
I/System.out( 9685): [CDS]close[54761]
I/NetworkManagementSocketTagger( 9685): untagSocket(29)
I/PowerManagerService(  881): Going to sleep due to screen timeout (uid 1000)...
I/PowerManagerService(  881): Going to sleep due to lid switch (uid 1000)...
I/ActivityManager(  881): onWakefulnessChanged: 3
I/PowerManagerService(  881): Sleeping (uid 1000)...
I/SensorHAL(  881): Dev Batch, handle: 4, name: LSM6DS3 Accelerometer Sensor
I/libPerfService(  881): perfSetFavorPid - pid:9685, 25d5
I/PalmRejection( 1045): disableProximityLockLocked, mProximitySensorEnabled = false
I/PalmRejection( 1045): disableProximityLockLocked() failed... Proximity Sensor already disabled
I/BatteryConsumeMonitor( 1344): watting idle mode !
I/SurfaceFlinger(  276): [Built-in Screen (type:0)] fps:1.713828,dur:1166.98,max:1156.19,min:10.78
I/[MALI][Gralloc](  276): Usage: 0x333, format: 0x1 stride: 1088 vertical_stride: 1920 size: 8355840
I/PhoneStatusBar( 1045): updateNotificationCountChange,mLastHasNotification:true , hasActiveNotifications:true
I/AudioFlinger(  304): setParameters(): io 0, keyvalue screen_state=off, calling pid 881
I/str_params(  304): key: 'screen_state' value: 'off'
E/WifiStateMachine(  881): cancelDelayedScan -> 64
I/CalendarAgendaWidget(10875): onReceive action = android.intent.action.ACCESS_CONTROL_CHANGED
E/native  (  881): do suspend true
I/wpa_supplicant( 1294): wpa_driver_nl80211_driver_cmd: buf =  ret = 2 used = 2 total = 4096
I/PhoneStatusBar( 1045): updateNotificationCountChange,mLastHasNotification:true , hasActiveNotifications:true
I/[MALI][Gralloc](  276): Usage: 0xb00, format: 0x1 stride: 1088 vertical_stride: 1920 size: 8355840
I/libPerfService(  881): perfSetFavorPid - pid:0, 0
I/libPerfService(  881): perfSetFavorPid - pid:9685, 25d5
I/[MALI][Gralloc](  276): Usage: 0xb00, format: 0x1 stride: 1088 vertical_stride: 1920 size: 8355840
I/CalendarAgendaWidget(10875): onReceive action = android.intent.action.ACCESS_CONTROL_CHANGED
I/PerfService(  276): PerfServiceNative_notifyDisplayType:0
I/[MALI][Gralloc](  276): Usage: 0xb00, format: 0x1 stride: 1088 vertical_stride: 1920 size: 8355840
I/SensorHAL(  881): Dev Batch, handle: 7, name: LSM6DS3 Step Counter Sensor
W/ContextImpl( 1485): Calling a method in the system process without a qualified user: android.app.ContextImpl.startService:1863 android.content.ContextWrapper.startService:516 com.meizu.networkmanager.c.o.a:25 com.meizu.networkmanager.boradcast.b$1$1.run:67 <bottom of call stack> 
I/vpnTrace11( 1485): notifySavingDataChanged: isShowSavingFunc: false
I/[MALI][Gralloc](  276): Usage: 0xb00, format: 0x1 stride: 1088 vertical_stride: 1920 size: 8355840
I/SensorHAL(  881): Dev Flush, handle: 7, name: LSM6DS3 Step Counter Sensor, ret: -22
I/NetworkStatsRecorder(  881): recordSnapshotLocked: ident[[{type=WIFI, subType=COMBINED, networkId=chaozhouniurouwan}]]
W/NetworkStatsRecorder(  881): unknown interfaces [lo, p2p0], ignoring those stats
I/NetworkStatsRecorder(  881): recordSnapshotLocked: ident[[{type=WIFI, subType=COMBINED, networkId=chaozhouniurouwan}]]
W/NetworkStatsRecorder(  881): unknown interfaces [lo, p2p0], ignoring those stats
I/NetworkStatsRecorder(  881): recordSnapshotLocked: ident[[{type=WIFI, subType=COMBINED, networkId=chaozhouniurouwan}]]
I/NetworkStatsRecorder(  881): recordSnapshotLocked: ident[[{type=WIFI, subType=COMBINED, networkId=chaozhouniurouwan}]]
I/NetworkStatsRecorder(  881): recordSnapshotLocked: ident[[{type=WIFI, subType=COMBINED, networkId=chaozhouniurouwan}]]
I/NetworkStatsRecorder(  881): recordSnapshotLocked: ident[[{type=WIFI, subType=COMBINED, networkId=chaozhouniurouwan}]]
I/NetworkStatsRecorder(  881): recordSnapshotLocked: ident[[{type=WIFI, subType=COMBINED, networkId=chaozhouniurouwan}]]
I/NetworkStatsRecorder(  881): recordSnapshotLocked: ident[[{type=WIFI, subType=COMBINED, networkId=chaozhouniurouwan}]]
W/NetworkStatsRecorder(  881): unknown interfaces [lo, p2p0], ignoring those stats
W/NetworkStatsRecorder(  881): unknown interfaces [lo, p2p0], ignoring those stats
I/Launcher( 1631): launcher stats1 = WORKSPACE
I/vpnTrace11( 1485): notifySavingDataChanged: isShowSavingFunc: false
I/QuenedWorkProxy( 8391): clean QuenedWork.sPendingWorkFinishers(185342190) size 0
W/auto_update_AppAutoUpdateManager( 8391): --Screen off and scheduler download! ,switch:true, wifi:true, and Screen on: false, Power Connected: true, Battery: 100(-50|+15), Competitive:false(not check), downloaded size:0, downloaded time:0, available size:2,latency 60 seconds
I/auto_update_AppAutoUpdateManager( 8391): switch:true, wifi:true, and Screen on: false, Power Connected: true, Battery: 100(-50|+15), Competitive:false(not check), downloaded size:0, downloaded time:0, available size:2
I/auto_update_AppAutoUpdateManager( 8391): remote delay:34 minutes, has passed:31 minutes,now set delay to be:3 minutes
I/auto_update_AppAutoUpdateManager( 8391): createJobOnce: delay 3 minutes
I/auto_update_AppAutoUpdateManager( 8391): current Jobs:103,102,100,101,
I/PreDownloadAndBookAppManager( 8391): normalCheck: true, post delay 2 min to  start book download task
I/QuenedWorkProxy( 8391): clean QuenedWork.sPendingWorkFinishers(185342190) size 1
I/SensorHAL(  881): Dev Active, handle: 2, name: LTR559 Proximity Sensor, enable: 0.
I/SensorHAL(  881): SensorBase::Enable. name: LTR559 Proximity Sensor, enable: 0
I/SensorHAL(  881): HWSensorBase::Enable, handle: 2, name: lsm6ds3_proximity, enable: 0
I/SensorHAL(  881): Dev Active, handle: 1, name: LTR559 Light Sensor, enable: 0.
I/SensorHAL(  881): SensorBase::Enable. name: LTR559 Light Sensor, enable: 0
I/SensorHAL(  881): HWSensorBase::Enable, handle: 1, name: lsm6ds3_light, enable: 0
I/DisplayManagerService(  881): Display device changed: DisplayDeviceInfo{"内置屏幕": uniqueId="local:0", 1080 x 1920, 57.35 fps, supportedRefreshRates [57.35], density 480, 480.0 x 480.0 dpi, appVsyncOff -8000000, presDeadline 26436792, touch INTERNAL, rotation 0, type BUILT_IN, state OFF, subtype 0, FLAG_DEFAULT_DISPLAY, FLAG_ROTATES_WITH_CONTENT, FLAG_SECURE, FLAG_SUPPORTS_PROTECTED_BUFFERS}
I/hwcomposer(  276): [HWC] SetPowerMode(0) Display(0)
I/ActivityManager(  881): onWakefulnessChanged: 0
I/PerfService(  276): PerfServiceNative_notifyDisplayType:1
I/[MALI][Gralloc](  276): Usage: 0x333, format: 0x1 stride: 544 vertical_stride: 960 size: 2088960
I/art     (  881): [heap] RegisterNativeAllocation start bytes:2088960
I/art     (  881): [heap] RegisterNativeAllocation RunFinalization time 1
