I/WindowManager(  881): Gaining focus: Window{2fdf2726 u0 com.jieshun.jslife/com.jieshun.jslife.activity.minicommunity.CommunityNoticeActivity}
I/WindowManager(  881): Losing focus: Window{1ad8f52f u0 com.jieshun.jslife/com.jieshun.jslife.activity.minicommunity.CommunityNoticeActivity EXITING}
I/WindowManager(  881): Gaining focus: Window{2e6b061a u0 com.jieshun.jslife/com.jieshun.jslife.activity.minicommunity.CommunityNoticeActivity}
I/WindowManager(  881): Gaining focus: Window{2fdf2726 u0 com.jieshun.jslife/com.jieshun.jslife.activity.minicommunity.CommunityNoticeActivity}
I/WindowManager(  881): Losing focus: Window{2e6b061a u0 com.jieshun.jslife/com.jieshun.jslife.activity.minicommunity.CommunityNoticeActivity EXITING}
I/WindowManager(  881): Gaining focus: Window{bdc9041 u0 com.jieshun.jslife/com.jieshun.jslife.activity.minicommunity.CommunityNoticeActivity}
I/WindowManager(  881): Gaining focus: Window{2fdf2726 u0 com.jieshun.jslife/com.jieshun.jslife.activity.minicommunity.CommunityNoticeActivity}
I/WindowManager(  881): Losing focus: Window{bdc9041 u0 com.jieshun.jslife/com.jieshun.jslife.activity.minicommunity.CommunityNoticeActivity EXITING}
I/thermal_repeater(  322): oh, queryMdThermalInfo (0)Bad file number
I/thermal_repeater(  322): [recvMdThermalInfo] ret=25, strLen=127,  1, 32767,,, -1, 32767, 2
I/WindowManager(  881): Gaining focus: Window{33a2e1d4 u0 com.jieshun.jslife/com.jieshun.jslife.activity.minicommunity.CommunityNoticeActivity}
I/WindowManager(  881): Gaining focus: Window{2fdf2726 u0 com.jieshun.jslife/com.jieshun.jslife.activity.minicommunity.CommunityNoticeActivity}
I/WindowManager(  881): Losing focus: Window{33a2e1d4 u0 com.jieshun.jslife/com.jieshun.jslife.activity.minicommunity.CommunityNoticeActivity EXITING}
I/WindowManager(  881): Gaining focus: Window{b8982c3 u0 com.jieshun.jslife/com.jieshun.jslife.activity.minicommunity.CommunityNoticeActivity}
I/WindowManager(  881): Gaining focus: Window{2fdf2726 u0 com.jieshun.jslife/com.jieshun.jslife.activity.minicommunity.CommunityNoticeActivity}
I/WindowManager(  881): Losing focus: Window{b8982c3 u0 com.jieshun.jslife/com.jieshun.jslife.activity.minicommunity.CommunityNoticeActivity EXITING}
I/WindowManager(  881): Gaining focus: Window{247bcfbe u0 com.jieshun.jslife/com.jieshun.jslife.activity.minicommunity.CommunityNoticeActivity}
I/WindowManager(  881): Gaining focus: Window{2fdf2726 u0 com.jieshun.jslife/com.jieshun.jslife.activity.minicommunity.CommunityNoticeActivity}
I/WindowManager(  881): Losing focus: Window{247bcfbe u0 com.jieshun.jslife/com.jieshun.jslife.activity.minicommunity.CommunityNoticeActivity EXITING}
I/WindowManager(  881): Gaining focus: Window{ee39135 u0 com.jieshun.jslife/com.jieshun.jslife.activity.minicommunity.CommunityNoticeActivity}
I/WindowManager(  881): Gaining focus: Window{2fdf2726 u0 com.jieshun.jslife/com.jieshun.jslife.activity.minicommunity.CommunityNoticeActivity}
I/WindowManager(  881): Losing focus: Window{ee39135 u0 com.jieshun.jslife/com.jieshun.jslife.activity.minicommunity.CommunityNoticeActivity EXITING}
I/WindowManager(  881): Gaining focus: Window{336dbe58 u0 com.jieshun.jslife/com.jieshun.jslife.activity.minicommunity.CommunityNoticeActivity}
I/WindowManager(  881): Gaining focus: Window{2fdf2726 u0 com.jieshun.jslife/com.jieshun.jslife.activity.minicommunity.CommunityNoticeActivity}
I/WindowManager(  881): Losing focus: Window{336dbe58 u0 com.jieshun.jslife/com.jieshun.jslife.activity.minicommunity.CommunityNoticeActivity EXITING}
I/WindowManager(  881): Gaining focus: Window{c5c5c17 u0 com.jieshun.jslife/com.jieshun.jslife.activity.minicommunity.CommunityNoticeActivity}
I/WindowManager(  881): Gaining focus: Window{2fdf2726 u0 com.jieshun.jslife/com.jieshun.jslife.activity.minicommunity.CommunityNoticeActivity}
I/WindowManager(  881): Losing focus: Window{c5c5c17 u0 com.jieshun.jslife/com.jieshun.jslife.activity.minicommunity.CommunityNoticeActivity EXITING}
I/ActivityManager(  881): START u0 {act=android.intent.action.CALL_BUTTON flg=0x10000000} from uid 10102 on display 0 from pid 9685
I/WindowManager(  881): Gaining focus: Window{2f2d2822 u0 com.jieshun.jslife/com.jieshun.jslife.activity.minicommunity.CommunityNoticeActivity}
I/WindowManager(  881): Gaining focus: Window{2fdf2726 u0 com.jieshun.jslife/com.jieshun.jslife.activity.minicommunity.CommunityNoticeActivity}
I/WindowManager(  881): Losing focus: Window{2f2d2822 u0 com.jieshun.jslife/com.jieshun.jslife.activity.minicommunity.CommunityNoticeActivity EXITING}
W/ContextImpl( 9304): Calling a method in the system process without a qualified user: android.app.ContextImpl.startService:1863 android.content.ContextWrapper.startService:516 android.content.ContextWrapper.startService:516 com.meizu.dataservice.ExperienceReceiver.a:-1 com.meizu.dataservice.ExperienceReceiver.onReceive:-1 
I/WindowManager(  881): Gaining focus: Window{2c19a46e u0 com.jieshun.jslife/com.jieshun.jslife.activity.minicommunity.CommunityNoticeActivity}
I/WindowManager(  881): Gaining focus: Window{2fdf2726 u0 com.jieshun.jslife/com.jieshun.jslife.activity.minicommunity.CommunityNoticeActivity}
I/WindowManager(  881): Losing focus: Window{2c19a46e u0 com.jieshun.jslife/com.jieshun.jslife.activity.minicommunity.CommunityNoticeActivity EXITING}
I/WindowManager(  881): Gaining focus: Window{339c31a5 u0 com.jieshun.jslife/com.jieshun.jslife.activity.minicommunity.CommunityNoticeActivity}
I/WindowManager(  881): Gaining focus: Window{2fdf2726 u0 com.jieshun.jslife/com.jieshun.jslife.activity.minicommunity.CommunityNoticeActivity}
I/WindowManager(  881): Losing focus: Window{339c31a5 u0 com.jieshun.jslife/com.jieshun.jslife.activity.minicommunity.CommunityNoticeActivity EXITING}
I/WindowManager(  881): Gaining focus: Window{16796d88 u0 com.jieshun.jslife/com.jieshun.jslife.activity.minicommunity.CommunityNoticeActivity}
I/WindowManager(  881): Gaining focus: Window{2fdf2726 u0 com.jieshun.jslife/com.jieshun.jslife.activity.minicommunity.CommunityNoticeActivity}
I/WindowManager(  881): Losing focus: Window{16796d88 u0 com.jieshun.jslife/com.jieshun.jslife.activity.minicommunity.CommunityNoticeActivity EXITING}
I/WindowManager(  881): Gaining focus: Window{32b67907 u0 com.jieshun.jslife/com.jieshun.jslife.activity.minicommunity.CommunityNoticeActivity}
I/WindowManager(  881): Gaining focus: Window{2fdf2726 u0 com.jieshun.jslife/com.jieshun.jslife.activity.minicommunity.CommunityNoticeActivity}
I/WindowManager(  881): Losing focus: Window{32b67907 u0 com.jieshun.jslife/com.jieshun.jslife.activity.minicommunity.CommunityNoticeActivity EXITING}
I/WindowManager(  881): Gaining focus: Window{1b53ddd2 u0 com.jieshun.jslife/com.jieshun.jslife.activity.minicommunity.CommunityNoticeActivity}
I/WindowManager(  881): Gaining focus: Window{2fdf2726 u0 com.jieshun.jslife/com.jieshun.jslife.activity.minicommunity.CommunityNoticeActivity}
I/WindowManager(  881): Losing focus: Window{1b53ddd2 u0 com.jieshun.jslife/com.jieshun.jslife.activity.minicommunity.CommunityNoticeActivity EXITING}
I/WindowManager(  881): Gaining focus: Window{1fc03559 u0 com.jieshun.jslife/com.jieshun.jslife.activity.minicommunity.CommunityNoticeActivity}
I/thermal_repeater(  322): oh, queryMdThermalInfo (0)Bad file number
I/thermal_repeater(  322): [recvMdThermalInfo] ret=25, strLen=127,  1, 32767,,, -1, 32767, 2
I/WindowManager(  881): Gaining focus: Window{2fdf2726 u0 com.jieshun.jslife/com.jieshun.jslife.activity.minicommunity.CommunityNoticeActivity}
I/WindowManager(  881): Losing focus: Window{1fc03559 u0 com.jieshun.jslife/com.jieshun.jslife.activity.minicommunity.CommunityNoticeActivity EXITING}
I/WindowManager(  881): Gaining focus: Window{d8c3bcc u0 com.jieshun.jslife/com.jieshun.jslife.activity.minicommunity.CommunityNoticeActivity}
I/WindowManager(  881): Gaining focus: Window{2fdf2726 u0 com.jieshun.jslife/com.jieshun.jslife.activity.minicommunity.CommunityNoticeActivity}
I/WindowManager(  881): Losing focus: Window{d8c3bcc u0 com.jieshun.jslife/com.jieshun.jslife.activity.minicommunity.CommunityNoticeActivity EXITING}
I/WindowManager(  881): Gaining focus: Window{29b03f1b u0 com.jieshun.jslife/com.jieshun.jslife.activity.minicommunity.CommunityNoticeActivity}
I/WindowManager(  881): Gaining focus: Window{2fdf2726 u0 com.jieshun.jslife/com.jieshun.jslife.activity.minicommunity.CommunityNoticeActivity}
I/WindowManager(  881): Losing focus: Window{29b03f1b u0 com.jieshun.jslife/com.jieshun.jslife.activity.minicommunity.CommunityNoticeActivity EXITING}
I/WindowManager(  881): Gaining focus: Window{1f2799f6 u0 com.jieshun.jslife/com.jieshun.jslife.activity.minicommunity.CommunityNoticeActivity}
I/WindowManager(  881): Gaining focus: Window{2fdf2726 u0 com.jieshun.jslife/com.jieshun.jslife.activity.minicommunity.CommunityNoticeActivity}
I/WindowManager(  881): Losing focus: Window{1f2799f6 u0 com.jieshun.jslife/com.jieshun.jslife.activity.minicommunity.CommunityNoticeActivity EXITING}
I/WindowManager(  881): Gaining focus: Window{3032aacd u0 com.jieshun.jslife/com.jieshun.jslife.activity.minicommunity.CommunityNoticeActivity}
I/WindowManager(  881): Gaining focus: Window{2fdf2726 u0 com.jieshun.jslife/com.jieshun.jslife.activity.minicommunity.CommunityNoticeActivity}
I/WindowManager(  881): Losing focus: Window{3032aacd u0 com.jieshun.jslife/com.jieshun.jslife.activity.minicommunity.CommunityNoticeActivity EXITING}
I/WindowManager(  881): Gaining focus: Window{165e76d0 u0 com.jieshun.jslife/com.jieshun.jslife.activity.minicommunity.CommunityNoticeActivity}
I/WindowManager(  881): Gaining focus: Window{2fdf2726 u0 com.jieshun.jslife/com.jieshun.jslife.activity.minicommunity.CommunityNoticeActivity}
I/WindowManager(  881): Losing focus: Window{165e76d0 u0 com.jieshun.jslife/com.jieshun.jslife.activity.minicommunity.CommunityNoticeActivity EXITING}
W/ActivityManager(  881): getRunningAppProcesses: caller 10102 does not hold REAL_GET_TASKS; limiting output
W/ActivityManager(  881): getRunningAppProcesses: caller 10102 does not hold REAL_GET_TASKS; limiting output
W/ActivityManager(  881): getRunningAppProcesses: caller 10102 does not hold REAL_GET_TASKS; limiting output
W/ActivityManager(  881): getRunningAppProcesses: caller 10102 does not hold REAL_GET_TASKS; limiting output
I/WindowManager(  881): Losing focus: Window{2fdf2726 u0 com.jieshun.jslife/com.jieshun.jslife.activity.minicommunity.CommunityNoticeActivity}
W/ActivityManager(  881): getRunningAppProcesses: caller 10102 does not hold REAL_GET_TASKS; limiting output
W/ActivityManager(  881): getRunningAppProcesses: caller 10102 does not hold REAL_GET_TASKS; limiting output
W/ActivityManager(  881): getRunningAppProcesses: caller 10102 does not hold REAL_GET_TASKS; limiting output
W/ActivityManager(  881): getRunningAppProcesses: caller 10102 does not hold REAL_GET_TASKS; limiting output
I/WindowManager(  881): Gaining focus: Window{20dd3e56 u0 com.jieshun.jslife/com.jieshun.jslife.activity.common.MainFragmentActivity}
I/ActivityManager(  881): START u0 {cmp=com.jieshun.jslife/.activity.minicommunity.CommunityNoticeActivity (has extras)} from uid 10102 on display 0 from pid 9685
I/WindowManager(  881): Losing focus: Window{20dd3e56 u0 com.jieshun.jslife/com.jieshun.jslife.activity.common.MainFragmentActivity}
I/WindowManager(  881): Gaining focus: Window{37c86ca6 u0 com.jieshun.jslife/com.jieshun.jslife.activity.minicommunity.CommunityNoticeActivity}
I/WindowManager(  881): Gaining focus: Window{13788294 u0 com.jieshun.jslife/com.jieshun.jslife.activity.minicommunity.CommunityNoticeActivity}
I/WindowManager(  881): Gaining focus: Window{1fb58318 u0 com.jieshun.jslife/com.jieshun.jslife.activity.minicommunity.CommunityNoticeActivity}
I/WindowManager(  881): Gaining focus: Window{13788294 u0 com.jieshun.jslife/com.jieshun.jslife.activity.minicommunity.CommunityNoticeActivity}
I/WindowManager(  881): Losing focus: Window{1fb58318 u0 com.jieshun.jslife/com.jieshun.jslife.activity.minicommunity.CommunityNoticeActivity EXITING}
W/ActivityManager(  881): getRunningAppProcesses: caller 10102 does not hold REAL_GET_TASKS; limiting output
W/ActivityManager(  881): getRunningAppProcesses: caller 10102 does not hold REAL_GET_TASKS; limiting output
W/ActivityManager(  881): getRunningAppProcesses: caller 10102 does not hold REAL_GET_TASKS; limiting output
W/ActivityManager(  881): getRunningAppProcesses: caller 10102 does not hold REAL_GET_TASKS; limiting output
I/WindowManager(  881): Losing focus: Window{13788294 u0 com.jieshun.jslife/com.jieshun.jslife.activity.minicommunity.CommunityNoticeActivity}
I/WindowManager(  881): Gaining focus: Window{20dd3e56 u0 com.jieshun.jslife/com.jieshun.jslife.activity.common.MainFragmentActivity}
I/ActivityManager(  881): START u0 {cmp=com.jieshun.jslife/.activity.minicommunity.MyInfoActivity} from uid 10102 on display 0 from pid 9685
I/WindowManager(  881): Losing focus: Window{20dd3e56 u0 com.jieshun.jslife/com.jieshun.jslife.activity.common.MainFragmentActivity}
I/WindowManager(  881): Gaining focus: Window{668503a u0 com.jieshun.jslife/com.jieshun.jslife.activity.minicommunity.MyInfoActivity}
W/InputManager(  881): Input event injection from pid 12446 failed.
W/InputManager(  881): Input event injection from pid 12446 failed.
I/WindowManager(  881): Gaining focus: Window{2d9be248 u0 com.jieshun.jslife/com.jieshun.jslife.activity.minicommunity.MyInfoActivity}
I/ActivityManager(  881): START u0 {act=android.intent.action.MAIN cat=[android.intent.category.LAUNCHER] flg=0x10200000 cmp=com.jieshun.jslife/.activity.common.WelcomeActivity} from uid 2000 on display 0 from pid 12446
I/ActivityManager(  881): START u0 {cmp=com.jieshun.jslife/.activity.userinfo.FullWebViewActivity (has extras)} from uid 10102 on display 0 from pid 9685
I/WindowManager(  881): Losing focus: Window{2d9be248 u0 com.jieshun.jslife/com.jieshun.jslife.activity.minicommunity.MyInfoActivity}
I/WindowManager(  881): Gaining focus: Window{1e953bea u0 com.jieshun.jslife/com.jieshun.jslife.activity.userinfo.FullWebViewActivity}
I/WindowManager(  881): Gaining focus: Window{1fc95c51 u0 com.jieshun.jslife/com.jieshun.jslife.activity.userinfo.FullWebViewActivity}
I/thermal_repeater(  322): oh, queryMdThermalInfo (0)Bad file number
I/thermal_repeater(  322): [recvMdThermalInfo] ret=25, strLen=127,  1, 32767,,, -1, 32767, 2
I/ActivityManager(  881): START u0 {act=android.intent.action.MAIN cat=[android.intent.category.HOME] flg=0x10200000 cmp=com.meizu.flyme.launcher/.Launcher} from uid 1000 on display 0 from pid 881
I/WindowManager(  881): Gaining focus: Window{1e953bea u0 com.jieshun.jslife/com.jieshun.jslife.activity.userinfo.FullWebViewActivity}
I/WindowManager(  881): Losing focus: Window{1fc95c51 u0 com.jieshun.jslife/com.jieshun.jslife.activity.userinfo.FullWebViewActivity EXITING}
W/BackupManagerService(  881): dataChanged but no participant pkg='com.android.providers.settings' uid=10030
W/ContextImpl( 9304): Calling a method in the system process without a qualified user: android.app.ContextImpl.startService:1863 android.content.ContextWrapper.startService:516 android.content.ContextWrapper.startService:516 com.meizu.dataservice.ExperienceReceiver.a:-1 com.meizu.dataservice.ExperienceReceiver.onReceive:-1 
I/ActivityManager(  881): START u0 {act=android.intent.action.MAIN cat=[android.intent.category.LAUNCHER] flg=0x10200000 cmp=com.jieshun.jslife/.activity.common.WelcomeActivity} from uid 2000 on display 0 from pid 12446
W/BackupManagerService(  881): dataChanged but no participant pkg='com.android.providers.settings' uid=10030
I/thermal_repeater(  322): oh, queryMdThermalInfo (0)Bad file number
I/thermal_repeater(  322): [recvMdThermalInfo] ret=25, strLen=127,  1, 32767,,, -1, 32767, 2
I/ActivityManager(  881): START u0 {act=android.intent.action.MAIN cat=[android.intent.category.LAUNCHER] flg=0x10200000 cmp=com.jieshun.jslife/.activity.common.WelcomeActivity} from uid 2000 on display 0 from pid 12446
W/ActivityManager(  881): Launch timeout has expired, giving up wake lock!
I/WindowManager(  881): Gaining focus: Window{2d9be248 u0 com.jieshun.jslife/com.jieshun.jslife.activity.minicommunity.MyInfoActivity}
I/ActivityManager(  881): START u0 {act=android.intent.action.MAIN cat=[android.intent.category.LAUNCHER] flg=0x10200000 cmp=com.jieshun.jslife/.activity.common.WelcomeActivity} from uid 2000 on display 0 from pid 12446
I/ActivityManager(  881): START u0 {cmp=com.jieshun.jslife/.activity.userinfo.FullWebViewActivity (has extras)} from uid 10102 on display 0 from pid 9685
I/WindowManager(  881): Losing focus: Window{2d9be248 u0 com.jieshun.jslife/com.jieshun.jslife.activity.minicommunity.MyInfoActivity}
I/WindowManager(  881): Gaining focus: Window{32df72a7 u0 com.jieshun.jslife/com.jieshun.jslife.activity.userinfo.FullWebViewActivity}
I/WindowManager(  881): Gaining focus: Window{8c9c53e u0 com.jieshun.jslife/com.jieshun.jslife.activity.userinfo.FullWebViewActivity}
I/ActivityManager(  881): START u0 {act=android.intent.action.MAIN cat=[android.intent.category.LAUNCHER] flg=0x10200000 cmp=com.jieshun.jslife/.activity.common.WelcomeActivity} from uid 2000 on display 0 from pid 12446
I/thermal_repeater(  322): oh, queryMdThermalInfo (0)Bad file number
I/thermal_repeater(  322): [recvMdThermalInfo] ret=25, strLen=127,  1, 32767,,, -1, 32767, 2
I/WindowManager(  881): Gaining focus: Window{32df72a7 u0 com.jieshun.jslife/com.jieshun.jslife.activity.userinfo.FullWebViewActivity}
I/WindowManager(  881): Losing focus: Window{8c9c53e u0 com.jieshun.jslife/com.jieshun.jslife.activity.userinfo.FullWebViewActivity EXITING}
I/ActivityManager(  881): START u0 {act=android.intent.action.MAIN cat=[android.intent.category.LAUNCHER] flg=0x10200000 cmp=com.jieshun.jslife/.activity.common.WelcomeActivity} from uid 2000 on display 0 from pid 12446
I/ActivityManager(  881): START u0 {act=android.intent.action.MAIN cat=[android.intent.category.LAUNCHER] flg=0x10200000 cmp=com.jieshun.jslife/.activity.common.WelcomeActivity} from uid 2000 on display 0 from pid 12446
W/ContextImpl( 9304): Calling a method in the system process without a qualified user: android.app.ContextImpl.startService:1863 android.content.ContextWrapper.startService:516 android.content.ContextWrapper.startService:516 com.meizu.dataservice.ExperienceReceiver.a:-1 com.meizu.dataservice.ExperienceReceiver.onReceive:-1 
W/Watchdog(  881): SWT Watchdog after wait current time:24335111
W/Watchdog(  881): **Get SF Time **1
W/Watchdog(  881): SWT Watchdog before synchronized:24335112
W/Watchdog(  881): SWT Watchdog after synchronized:24335112
W/Watchdog(  881): SWT Watchdog before wait timeout:30000
W/Watchdog(  881): SWT Watchdog before wait current time:24335112
W/Watchdog(  881): SWT Watchdog before wait start:24335112
W/Watchdog(  881): SWT Watchdog before wait CHECK_INTERVAL:30000
I/thermal_repeater(  322): oh, queryMdThermalInfo (0)Bad file number
I/thermal_repeater(  322): [recvMdThermalInfo] ret=25, strLen=127,  1, 32767,,, -1, 32767, 2
I/WindowManager(  881): Gaining focus: Window{2d9be248 u0 com.jieshun.jslife/com.jieshun.jslife.activity.minicommunity.MyInfoActivity}
I/ActivityManager(  881): START u0 {cmp=com.jieshun.jslife/.activity.userinfo.FullWebViewActivity (has extras)} from uid 10102 on display 0 from pid 9685
I/WindowManager(  881): Losing focus: Window{2d9be248 u0 com.jieshun.jslife/com.jieshun.jslife.activity.minicommunity.MyInfoActivity}
I/WindowManager(  881): Gaining focus: Window{388ff9ee u0 com.jieshun.jslife/com.jieshun.jslife.activity.userinfo.FullWebViewActivity}
I/WindowManager(  881): Gaining focus: Window{1fcb6ea1 u0 com.jieshun.jslife/com.jieshun.jslife.activity.userinfo.FullWebViewActivity}
I/WindowManager(  881): Gaining focus: Window{388ff9ee u0 com.jieshun.jslife/com.jieshun.jslife.activity.userinfo.FullWebViewActivity}
I/WindowManager(  881): Losing focus: Window{1fcb6ea1 u0 com.jieshun.jslife/com.jieshun.jslife.activity.userinfo.FullWebViewActivity EXITING}
I/WindowManager(  881): Gaining focus: Window{2d9be248 u0 com.jieshun.jslife/com.jieshun.jslife.activity.minicommunity.MyInfoActivity}
I/thermal_repeater(  322): oh, queryMdThermalInfo (0)Bad file number
I/thermal_repeater(  322): [recvMdThermalInfo] ret=25, strLen=127,  1, 32767,,, -1, 32767, 2
I/ActivityManager(  881): START u0 {act=android.intent.action.MAIN cat=[android.intent.category.LAUNCHER] flg=0x10200000 cmp=com.jieshun.jslife/.activity.common.WelcomeActivity} from uid 2000 on display 0 from pid 12446
W/ContextImpl( 9304): Calling a method in the system process without a qualified user: android.app.ContextImpl.startService:1863 android.content.ContextWrapper.startService:516 android.content.ContextWrapper.startService:516 com.meizu.dataservice.ExperienceReceiver.a:-1 com.meizu.dataservice.ExperienceReceiver.onReceive:-1 
W/ActivityManager(  881): getRunningAppProcesses: caller 10102 does not hold REAL_GET_TASKS; limiting output
W/ActivityManager(  881): getRunningAppProcesses: caller 10102 does not hold REAL_GET_TASKS; limiting output
W/ActivityManager(  881): getRunningAppProcesses: caller 10102 does not hold REAL_GET_TASKS; limiting output
W/ActivityManager(  881): getRunningAppProcesses: caller 10102 does not hold REAL_GET_TASKS; limiting output
I/WindowManager(  881): Losing focus: Window{2d9be248 u0 com.jieshun.jslife/com.jieshun.jslife.activity.minicommunity.MyInfoActivity}
I/WindowManager(  881): Gaining focus: Window{20dd3e56 u0 com.jieshun.jslife/com.jieshun.jslife.activity.common.MainFragmentActivity}
I/thermal_repeater(  322): oh, queryMdThermalInfo (0)Bad file number
I/thermal_repeater(  322): [recvMdThermalInfo] ret=25, strLen=127,  1, 32767,,, -1, 32767, 2
I/ActivityManager(  881): START u0 {cmp=com.jieshun.jslife/.activity.WebViewBaseActivity (has extras)} from uid 10102 on display 0 from pid 9685
I/WindowManager(  881): Losing focus: Window{20dd3e56 u0 com.jieshun.jslife/com.jieshun.jslife.activity.common.MainFragmentActivity}
I/WindowManager(  881): Gaining focus: Window{294c5238 u0 com.jieshun.jslife/com.jieshun.jslife.activity.WebViewBaseActivity}
I/WindowManager(  881): Gaining focus: Window{396b2613 u0 com.jieshun.jslife/com.jieshun.jslife.activity.WebViewBaseActivity}
W/ProcessCpuTracker(  881): Skipping unknown process pid 12759
W/ActivityManager(  881): Launch timeout has expired, giving up wake lock!
I/WindowManager(  881): Gaining focus: Window{294c5238 u0 com.jieshun.jslife/com.jieshun.jslife.activity.WebViewBaseActivity}
I/WindowManager(  881): Losing focus: Window{396b2613 u0 com.jieshun.jslife/com.jieshun.jslife.activity.WebViewBaseActivity EXITING}
I/ActivityManager(  881): START u0 {act=android.intent.action.MAIN cat=[android.intent.category.LAUNCHER] flg=0x10200000 cmp=com.jieshun.jslife/.activity.common.WelcomeActivity} from uid 2000 on display 0 from pid 12446
I/NetworkStatsRecorder(  881): recordSnapshotLocked: ident[[{type=WIFI, subType=COMBINED, networkId=chaozhouniurouwan}]]
W/NetworkStatsRecorder(  881): unknown interfaces [lo, p2p0], ignoring those stats
I/NetworkStatsRecorder(  881): recordSnapshotLocked: ident[[{type=WIFI, subType=COMBINED, networkId=chaozhouniurouwan}]]
W/NetworkStatsRecorder(  881): unknown interfaces [lo, p2p0], ignoring those stats
I/NetworkStatsRecorder(  881): recordSnapshotLocked: ident[[{type=WIFI, subType=COMBINED, networkId=chaozhouniurouwan}]]
I/NetworkStatsRecorder(  881): recordSnapshotLocked: ident[[{type=WIFI, subType=COMBINED, networkId=chaozhouniurouwan}]]
I/NetworkStatsRecorder(  881): recordSnapshotLocked: ident[[{type=WIFI, subType=COMBINED, networkId=chaozhouniurouwan}]]
I/NetworkStatsRecorder(  881): recordSnapshotLocked: ident[[{type=WIFI, subType=COMBINED, networkId=chaozhouniurouwan}]]
I/NetworkStatsRecorder(  881): recordSnapshotLocked: ident[[{type=WIFI, subType=COMBINED, networkId=chaozhouniurouwan}]]
I/NetworkStatsRecorder(  881): recordSnapshotLocked: ident[[{type=WIFI, subType=COMBINED, networkId=chaozhouniurouwan}]]
I/NetworkStatsRecorder(  881): recordSnapshotLocked: ident[[{type=WIFI, subType=COMBINED, networkId=chaozhouniurouwan}]]
W/NetworkStatsRecorder(  881): unknown interfaces [lo, p2p0], ignoring those stats
W/NetworkStatsRecorder(  881): unknown interfaces [lo, p2p0], ignoring those stats
W/ActivityManager(  881): getRunningAppProcesses: caller 10102 does not hold REAL_GET_TASKS; limiting output
W/ActivityManager(  881): getRunningAppProcesses: caller 10102 does not hold REAL_GET_TASKS; limiting output
W/ActivityManager(  881): getRunningAppProcesses: caller 10102 does not hold REAL_GET_TASKS; limiting output
W/ActivityManager(  881): getRunningAppProcesses: caller 10102 does not hold REAL_GET_TASKS; limiting output
I/WindowManager(  881): Losing focus: Window{294c5238 u0 com.jieshun.jslife/com.jieshun.jslife.activity.WebViewBaseActivity}
W/ActivityManager(  881): getRunningAppProcesses: caller 10102 does not hold REAL_GET_TASKS; limiting output
W/ActivityManager(  881): getRunningAppProcesses: caller 10102 does not hold REAL_GET_TASKS; limiting output
W/ActivityManager(  881): getRunningAppProcesses: caller 10102 does not hold REAL_GET_TASKS; limiting output
W/ActivityManager(  881): getRunningAppProcesses: caller 10102 does not hold REAL_GET_TASKS; limiting output
W/InputManager(  881): Input event injection from pid 12446 failed.
W/InputManager(  881): Input event injection from pid 12446 failed.
I/WindowManager(  881): Gaining focus: Window{20dd3e56 u0 com.jieshun.jslife/com.jieshun.jslife.activity.common.MainFragmentActivity}
I/thermal_repeater(  322): oh, queryMdThermalInfo (0)Bad file number
I/thermal_repeater(  322): [recvMdThermalInfo] ret=25, strLen=127,  1, 32767,,, -1, 32767, 2
I/ActivityManager(  881): START u0 {flg=0x4000000 cmp=com.jieshun.jslife/.activity.homepage.PayForGuestActivity} from uid 10102 on display 0 from pid 9685
I/WindowManager(  881): Losing focus: Window{20dd3e56 u0 com.jieshun.jslife/com.jieshun.jslife.activity.common.MainFragmentActivity}
W/InputManager(  881): Input event injection from pid 12446 failed.
W/InputManager(  881): Input event injection from pid 12446 failed.
I/WindowManager(  881): Gaining focus: Window{13a804bd u0 com.jieshun.jslife/com.jieshun.jslife.activity.homepage.PayForGuestActivity}
W/ContextImpl( 9304): Calling a method in the system process without a qualified user: android.app.ContextImpl.startService:1863 android.content.ContextWrapper.startService:516 android.content.ContextWrapper.startService:516 com.meizu.dataservice.ExperienceReceiver.a:-1 com.meizu.dataservice.ExperienceReceiver.onReceive:-1 
I/thermal_repeater(  322): oh, queryMdThermalInfo (0)Bad file number
I/thermal_repeater(  322): [recvMdThermalInfo] ret=25, strLen=127,  1, 32767,,, -1, 32767, 2
W/ContextImpl(  881): Calling a method in the system process without a qualified user: android.app.ContextImpl.sendBroadcast:1474 com.android.server.statusbar.StatusBarManagerService.onPanelRevealed:531 com.android.internal.statusbar.IStatusBarService$Stub.onTransact:185 android.os.Binder.execTransact:454 <bottom of call stack> 
I/WindowManager(  881): Gaining focus: Window{324c5a98 u0 StatusBar}
I/WindowManager(  881): Losing focus: Window{13a804bd u0 com.jieshun.jslife/com.jieshun.jslife.activity.homepage.PayForGuestActivity}
W/ContextImpl(  881): Calling a method in the system process without a qualified user: android.app.ContextImpl.sendBroadcast:1474 com.android.server.statusbar.StatusBarManagerService.onPanelHidden:555 com.android.internal.statusbar.IStatusBarService$Stub.onTransact:192 android.os.Binder.execTransact:454 <bottom of call stack> 
I/WindowManager(  881): Gaining focus: Window{13a804bd u0 com.jieshun.jslife/com.jieshun.jslife.activity.homepage.PayForGuestActivity}
I/WindowManager(  881): Losing focus: Window{324c5a98 u0 StatusBar}
W/InputMethodManagerService(  881): Window already focused, ignoring focus gain of: com.android.internal.view.IInputMethodClient$Stub$Proxy@f2e667b attribute=android.view.inputmethod.EditorInfo@181d4c98, token = android.os.BinderProxy@1cb00414
I/thermal_repeater(  322): oh, queryMdThermalInfo (0)Bad file number
I/thermal_repeater(  322): [recvMdThermalInfo] ret=25, strLen=127,  1, 32767,,, -1, 32767, 2
I/ActivityManager(  881): START u0 {act=android.intent.action.MAIN cat=[android.intent.category.LAUNCHER] flg=0x10200000 cmp=com.jieshun.jslife/.activity.common.WelcomeActivity} from uid 2000 on display 0 from pid 12446
I/ActivityManager(  881): START u0 {act=android.intent.action.MAIN cat=[android.intent.category.LAUNCHER] flg=0x10200000 cmp=com.jieshun.jslife/.activity.common.WelcomeActivity} from uid 2000 on display 0 from pid 12446
I/ActivityManager(  881): START u0 {act=android.intent.action.MAIN cat=[android.intent.category.LAUNCHER] flg=0x10200000 cmp=com.jieshun.jslife/.activity.common.WelcomeActivity} from uid 2000 on display 0 from pid 12446
W/Watchdog(  881): SWT Watchdog after wait current time:24365113
W/Watchdog(  881): **Get SF Time **1
W/Watchdog(  881): SWT Watchdog before synchronized:24365114
W/Watchdog(  881): SWT Watchdog after synchronized:24365114
W/Watchdog(  881): SWT Watchdog before wait timeout:30000
W/Watchdog(  881): SWT Watchdog before wait current time:24365114
W/Watchdog(  881): SWT Watchdog before wait start:24365114
W/Watchdog(  881): SWT Watchdog before wait CHECK_INTERVAL:30000
I/thermal_repeater(  322): oh, queryMdThermalInfo (0)Bad file number
I/thermal_repeater(  322): [recvMdThermalInfo] ret=25, strLen=127,  1, 32767,,, -1, 32767, 2
I/ActivityManager(  881): START u0 {act=android.intent.action.CALL_BUTTON flg=0x10000000} from uid 10102 on display 0 from pid 9685
I/ActivityManager(  881): START u0 {act=android.intent.action.MAIN cat=[android.intent.category.HOME] flg=0x10200000 cmp=com.meizu.flyme.launcher/.Launcher} from uid 1000 on display 0 from pid 881
W/ContextImpl( 9304): Calling a method in the system process without a qualified user: android.app.ContextImpl.startService:1863 android.content.ContextWrapper.startService:516 android.content.ContextWrapper.startService:516 com.meizu.dataservice.ExperienceReceiver.a:-1 com.meizu.dataservice.ExperienceReceiver.onReceive:-1 
I/ActivityManager(  881): START u0 {act=android.intent.action.MAIN cat=[android.intent.category.LAUNCHER] flg=0x10200000 cmp=com.jieshun.jslife/.activity.common.WelcomeActivity} from uid 2000 on display 0 from pid 12446
I/thermal_repeater(  322): oh, queryMdThermalInfo (0)Bad file number
I/thermal_repeater(  322): [recvMdThermalInfo] ret=25, strLen=127,  1, 32767,,, -1, 32767, 2
W/ActivityManager(  881): getRunningAppProcesses: caller 10102 does not hold REAL_GET_TASKS; limiting output
W/ActivityManager(  881): getRunningAppProcesses: caller 10102 does not hold REAL_GET_TASKS; limiting output
W/ActivityManager(  881): getRunningAppProcesses: caller 10102 does not hold REAL_GET_TASKS; limiting output
W/ActivityManager(  881): getRunningAppProcesses: caller 10102 does not hold REAL_GET_TASKS; limiting output
I/WindowManager(  881): Losing focus: Window{13a804bd u0 com.jieshun.jslife/com.jieshun.jslife.activity.homepage.PayForGuestActivity}
W/InputManager(  881): Input event injection from pid 12446 failed.
W/InputManager(  881): Input event injection from pid 12446 failed.
W/InputManager(  881): Input event injection from pid 12446 failed.
W/InputManager(  881): Input event injection from pid 12446 failed.
W/InputManager(  881): Input event injection from pid 12446 failed.
I/WindowManager(  881): Gaining focus: Window{20dd3e56 u0 com.jieshun.jslife/com.jieshun.jslife.activity.common.MainFragmentActivity}
I/ActivityManager(  881): START u0 {cmp=com.jieshun.jslife/.activity.homepage.ShareArroundActivity} from uid 10102 on display 0 from pid 9685
I/WindowManager(  881): Losing focus: Window{20dd3e56 u0 com.jieshun.jslife/com.jieshun.jslife.activity.common.MainFragmentActivity}
I/WindowManager(  881): Gaining focus: Window{134844ae u0 com.jieshun.jslife/com.jieshun.jslife.activity.homepage.ShareArroundActivity}
I/WindowManager(  881): Gaining focus: Window{1f612461 u0 com.jieshun.jslife/com.jieshun.jslife.activity.homepage.ShareArroundActivity}
I/WindowManager(  881): Gaining focus: Window{134844ae u0 com.jieshun.jslife/com.jieshun.jslife.activity.homepage.ShareArroundActivity}
I/WindowManager(  881): Losing focus: Window{1f612461 u0 com.jieshun.jslife/com.jieshun.jslife.activity.homepage.ShareArroundActivity EXITING}
I/WindowManager(  881): Gaining focus: Window{1d738be0 u0 com.jieshun.jslife/com.jieshun.jslife.activity.homepage.ShareArroundActivity}
I/WindowManager(  881): Gaining focus: Window{134844ae u0 com.jieshun.jslife/com.jieshun.jslife.activity.homepage.ShareArroundActivity}
I/WindowManager(  881): Losing focus: Window{1d738be0 u0 com.jieshun.jslife/com.jieshun.jslife.activity.homepage.ShareArroundActivity EXITING}
W/BackupManagerService(  881): dataChanged but no participant pkg='com.android.providers.settings' uid=10030
I/WindowManager(  881): Gaining focus: Window{8b496a u0 com.jieshun.jslife/com.jieshun.jslife.activity.homepage.ShareArroundActivity}
W/BackupManagerService(  881): dataChanged but no participant pkg='com.android.providers.settings' uid=10030
I/WindowManager(  881): Gaining focus: Window{134844ae u0 com.jieshun.jslife/com.jieshun.jslife.activity.homepage.ShareArroundActivity}
I/WindowManager(  881): Losing focus: Window{8b496a u0 com.jieshun.jslife/com.jieshun.jslife.activity.homepage.ShareArroundActivity EXITING}
I/WindowManager(  881): Gaining focus: Window{2c2ae7d1 u0 com.jieshun.jslife/com.jieshun.jslife.activity.homepage.ShareArroundActivity}
I/WindowManager(  881): Gaining focus: Window{134844ae u0 com.jieshun.jslife/com.jieshun.jslife.activity.homepage.ShareArroundActivity}
I/WindowManager(  881): Losing focus: Window{2c2ae7d1 u0 com.jieshun.jslife/com.jieshun.jslife.activity.homepage.ShareArroundActivity EXITING}
I/WindowManager(  881): Gaining focus: Window{14a48aa4 u0 com.jieshun.jslife/com.jieshun.jslife.activity.homepage.ShareArroundActivity}
I/WindowManager(  881): Gaining focus: Window{134844ae u0 com.jieshun.jslife/com.jieshun.jslife.activity.homepage.ShareArroundActivity}
I/WindowManager(  881): Losing focus: Window{14a48aa4 u0 com.jieshun.jslife/com.jieshun.jslife.activity.homepage.ShareArroundActivity EXITING}
I/WindowManager(  881): Gaining focus: Window{73e9dd3 u0 com.jieshun.jslife/com.jieshun.jslife.activity.homepage.ShareArroundActivity}
I/WindowManager(  881): Gaining focus: Window{134844ae u0 com.jieshun.jslife/com.jieshun.jslife.activity.homepage.ShareArroundActivity}
I/WindowManager(  881): Losing focus: Window{73e9dd3 u0 com.jieshun.jslife/com.jieshun.jslife.activity.homepage.ShareArroundActivity EXITING}
I/WindowManager(  881): Gaining focus: Window{1237b20e u0 com.jieshun.jslife/com.jieshun.jslife.activity.homepage.ShareArroundActivity}
I/WindowManager(  881): Gaining focus: Window{134844ae u0 com.jieshun.jslife/com.jieshun.jslife.activity.homepage.ShareArroundActivity}
I/WindowManager(  881): Losing focus: Window{1237b20e u0 com.jieshun.jslife/com.jieshun.jslife.activity.homepage.ShareArroundActivity EXITING}
I/WindowManager(  881): Gaining focus: Window{1ffd53c5 u0 com.jieshun.jslife/com.jieshun.jslife.activity.homepage.ShareArroundActivity}
I/WindowManager(  881): Gaining focus: Window{134844ae u0 com.jieshun.jslife/com.jieshun.jslife.activity.homepage.ShareArroundActivity}
I/WindowManager(  881): Losing focus: Window{1ffd53c5 u0 com.jieshun.jslife/com.jieshun.jslife.activity.homepage.ShareArroundActivity EXITING}
I/WindowManager(  881): Gaining focus: Window{35d60e28 u0 com.jieshun.jslife/com.jieshun.jslife.activity.homepage.ShareArroundActivity}
I/WindowManager(  881): Gaining focus: Window{134844ae u0 com.jieshun.jslife/com.jieshun.jslife.activity.homepage.ShareArroundActivity}
I/WindowManager(  881): Losing focus: Window{35d60e28 u0 com.jieshun.jslife/com.jieshun.jslife.activity.homepage.ShareArroundActivity EXITING}
I/thermal_repeater(  322): oh, queryMdThermalInfo (0)Bad file number
I/thermal_repeater(  322): [recvMdThermalInfo] ret=25, strLen=127,  1, 32767,,, -1, 32767, 2
I/WindowManager(  881): Gaining focus: Window{13498a27 u0 com.jieshun.jslife/com.jieshun.jslife.activity.homepage.ShareArroundActivity}
I/WindowManager(  881): Gaining focus: Window{134844ae u0 com.jieshun.jslife/com.jieshun.jslife.activity.homepage.ShareArroundActivity}
I/WindowManager(  881): Losing focus: Window{13498a27 u0 com.jieshun.jslife/com.jieshun.jslife.activity.homepage.ShareArroundActivity EXITING}
I/WindowManager(  881): Gaining focus: Window{827972 u0 com.jieshun.jslife/com.jieshun.jslife.activity.homepage.ShareArroundActivity}
I/WindowManager(  881): Gaining focus: Window{134844ae u0 com.jieshun.jslife/com.jieshun.jslife.activity.homepage.ShareArroundActivity}
I/WindowManager(  881): Losing focus: Window{827972 u0 com.jieshun.jslife/com.jieshun.jslife.activity.homepage.ShareArroundActivity EXITING}
I/WindowManager(  881): Gaining focus: Window{211dbd79 u0 com.jieshun.jslife/com.jieshun.jslife.activity.homepage.ShareArroundActivity}
I/WindowManager(  881): Gaining focus: Window{134844ae u0 com.jieshun.jslife/com.jieshun.jslife.activity.homepage.ShareArroundActivity}
I/WindowManager(  881): Losing focus: Window{211dbd79 u0 com.jieshun.jslife/com.jieshun.jslife.activity.homepage.ShareArroundActivity EXITING}
I/WindowManager(  881): Gaining focus: Window{2c44fa6c u0 com.jieshun.jslife/com.jieshun.jslife.activity.homepage.ShareArroundActivity}
I/WindowManager(  881): Gaining focus: Window{134844ae u0 com.jieshun.jslife/com.jieshun.jslife.activity.homepage.ShareArroundActivity}
I/WindowManager(  881): Losing focus: Window{2c44fa6c u0 com.jieshun.jslife/com.jieshun.jslife.activity.homepage.ShareArroundActivity EXITING}
I/WindowManager(  881): Gaining focus: Window{226c863b u0 com.jieshun.jslife/com.jieshun.jslife.activity.homepage.ShareArroundActivity}
I/ActivityManager(  881): START u0 {act=android.intent.action.MAIN cat=[android.intent.category.LAUNCHER] flg=0x10200000 cmp=com.jieshun.jslife/.activity.common.WelcomeActivity} from uid 2000 on display 0 from pid 12446
I/WindowManager(  881): Gaining focus: Window{134844ae u0 com.jieshun.jslife/com.jieshun.jslife.activity.homepage.ShareArroundActivity}
I/WindowManager(  881): Losing focus: Window{226c863b u0 com.jieshun.jslife/com.jieshun.jslife.activity.homepage.ShareArroundActivity EXITING}
I/WindowManager(  881): Gaining focus: Window{3b216396 u0 com.jieshun.jslife/com.jieshun.jslife.activity.homepage.ShareArroundActivity}
I/WindowManager(  881): Gaining focus: Window{134844ae u0 com.jieshun.jslife/com.jieshun.jslife.activity.homepage.ShareArroundActivity}
I/WindowManager(  881): Losing focus: Window{3b216396 u0 com.jieshun.jslife/com.jieshun.jslife.activity.homepage.ShareArroundActivity EXITING}
I/WindowManager(  881): Gaining focus: Window{1d882322 u0 com.jieshun.jslife/com.jieshun.jslife.activity.homepage.ShareArroundActivity}
W/ContextImpl( 9304): Calling a method in the system process without a qualified user: android.app.ContextImpl.startService:1863 android.content.ContextWrapper.startService:516 android.content.ContextWrapper.startService:516 com.meizu.dataservice.ExperienceReceiver.a:-1 com.meizu.dataservice.ExperienceReceiver.onReceive:-1 
I/WindowManager(  881): Gaining focus: Window{134844ae u0 com.jieshun.jslife/com.jieshun.jslife.activity.homepage.ShareArroundActivity}
I/WindowManager(  881): Losing focus: Window{1d882322 u0 com.jieshun.jslife/com.jieshun.jslife.activity.homepage.ShareArroundActivity EXITING}
I/WindowManager(  881): Gaining focus: Window{4a94f6e u0 com.jieshun.jslife/com.jieshun.jslife.activity.homepage.ShareArroundActivity}
I/WindowManager(  881): Gaining focus: Window{134844ae u0 com.jieshun.jslife/com.jieshun.jslife.activity.homepage.ShareArroundActivity}
I/WindowManager(  881): Losing focus: Window{4a94f6e u0 com.jieshun.jslife/com.jieshun.jslife.activity.homepage.ShareArroundActivity EXITING}
I/WindowManager(  881): Gaining focus: Window{11c418a5 u0 com.jieshun.jslife/com.jieshun.jslife.activity.homepage.ShareArroundActivity}
I/WindowManager(  881): Gaining focus: Window{134844ae u0 com.jieshun.jslife/com.jieshun.jslife.activity.homepage.ShareArroundActivity}
I/WindowManager(  881): Losing focus: Window{11c418a5 u0 com.jieshun.jslife/com.jieshun.jslife.activity.homepage.ShareArroundActivity EXITING}
I/WindowManager(  881): Gaining focus: Window{153c088 u0 com.jieshun.jslife/com.jieshun.jslife.activity.homepage.ShareArroundActivity}
I/WindowManager(  881): Gaining focus: Window{134844ae u0 com.jieshun.jslife/com.jieshun.jslife.activity.homepage.ShareArroundActivity}
I/WindowManager(  881): Losing focus: Window{153c088 u0 com.jieshun.jslife/com.jieshun.jslife.activity.homepage.ShareArroundActivity EXITING}
I/WindowManager(  881): Gaining focus: Window{1b072807 u0 com.jieshun.jslife/com.jieshun.jslife.activity.homepage.ShareArroundActivity}
I/WindowManager(  881): Gaining focus: Window{134844ae u0 com.jieshun.jslife/com.jieshun.jslife.activity.homepage.ShareArroundActivity}
I/WindowManager(  881): Losing focus: Window{1b072807 u0 com.jieshun.jslife/com.jieshun.jslife.activity.homepage.ShareArroundActivity EXITING}
I/WindowManager(  881): Gaining focus: Window{fe398d2 u0 com.jieshun.jslife/com.jieshun.jslife.activity.homepage.ShareArroundActivity}
I/WindowManager(  881): Gaining focus: Window{134844ae u0 com.jieshun.jslife/com.jieshun.jslife.activity.homepage.ShareArroundActivity}
I/WindowManager(  881): Losing focus: Window{fe398d2 u0 com.jieshun.jslife/com.jieshun.jslife.activity.homepage.ShareArroundActivity EXITING}
I/WindowManager(  881): Gaining focus: Window{25b36c59 u0 com.jieshun.jslife/com.jieshun.jslife.activity.homepage.ShareArroundActivity}
I/thermal_repeater(  322): oh, queryMdThermalInfo (0)Bad file number
I/thermal_repeater(  322): [recvMdThermalInfo] ret=25, strLen=127,  1, 32767,,, -1, 32767, 2
I/WindowManager(  881): Gaining focus: Window{134844ae u0 com.jieshun.jslife/com.jieshun.jslife.activity.homepage.ShareArroundActivity}
I/WindowManager(  881): Losing focus: Window{25b36c59 u0 com.jieshun.jslife/com.jieshun.jslife.activity.homepage.ShareArroundActivity EXITING}
I/WindowManager(  881): Gaining focus: Window{39e61ecc u0 com.jieshun.jslife/com.jieshun.jslife.activity.homepage.ShareArroundActivity}
I/WindowManager(  881): Gaining focus: Window{134844ae u0 com.jieshun.jslife/com.jieshun.jslife.activity.homepage.ShareArroundActivity}
I/WindowManager(  881): Losing focus: Window{39e61ecc u0 com.jieshun.jslife/com.jieshun.jslife.activity.homepage.ShareArroundActivity EXITING}
I/WindowManager(  881): Gaining focus: Window{1ef1be1b u0 com.jieshun.jslife/com.jieshun.jslife.activity.homepage.ShareArroundActivity}
W/ActivityManager(  881): Launch timeout has expired, giving up wake lock!
I/WindowManager(  881): Gaining focus: Window{134844ae u0 com.jieshun.jslife/com.jieshun.jslife.activity.homepage.ShareArroundActivity}
I/WindowManager(  881): Losing focus: Window{1ef1be1b u0 com.jieshun.jslife/com.jieshun.jslife.activity.homepage.ShareArroundActivity EXITING}
I/ActivityManager(  881): START u0 {act=android.intent.action.MAIN cat=[android.intent.category.LAUNCHER] flg=0x10200000 cmp=com.jieshun.jslife/.activity.common.WelcomeActivity} from uid 2000 on display 0 from pid 12446
W/ContextImpl(  881): Calling a method in the system process without a qualified user: android.app.ContextImpl.sendBroadcast:1474 com.android.server.statusbar.StatusBarManagerService.onPanelRevealed:531 com.android.internal.statusbar.IStatusBarService$Stub.onTransact:185 android.os.Binder.execTransact:454 <bottom of call stack> 
I/WindowManager(  881): Gaining focus: Window{324c5a98 u0 StatusBar}
I/WindowManager(  881): Losing focus: Window{134844ae u0 com.jieshun.jslife/com.jieshun.jslife.activity.homepage.ShareArroundActivity}
W/ContextImpl(  881): Calling a method in the system process without a qualified user: android.app.ContextImpl.sendBroadcast:1474 com.android.server.statusbar.StatusBarManagerService.onPanelHidden:555 com.android.internal.statusbar.IStatusBarService$Stub.onTransact:192 android.os.Binder.execTransact:454 <bottom of call stack> 
I/WindowManager(  881): Gaining focus: Window{134844ae u0 com.jieshun.jslife/com.jieshun.jslife.activity.homepage.ShareArroundActivity}
I/WindowManager(  881): Losing focus: Window{324c5a98 u0 StatusBar}
W/InputMethodManagerService(  881): Window already focused, ignoring focus gain of: com.android.internal.view.IInputMethodClient$Stub$Proxy@34754d91 attribute=null, token = android.os.BinderProxy@14c47929
I/WindowManager(  881): Gaining focus: Window{206420f7 u0 com.jieshun.jslife/com.jieshun.jslife.activity.homepage.ShareArroundActivity}
I/WindowManager(  881): Gaining focus: Window{134844ae u0 com.jieshun.jslife/com.jieshun.jslife.activity.homepage.ShareArroundActivity}
I/WindowManager(  881): Losing focus: Window{206420f7 u0 com.jieshun.jslife/com.jieshun.jslife.activity.homepage.ShareArroundActivity EXITING}
I/WindowManager(  881): Gaining focus: Window{2e9fda82 u0 com.jieshun.jslife/com.jieshun.jslife.activity.homepage.ShareArroundActivity}
I/WindowManager(  881): Gaining focus: Window{134844ae u0 com.jieshun.jslife/com.jieshun.jslife.activity.homepage.ShareArroundActivity}
I/WindowManager(  881): Losing focus: Window{2e9fda82 u0 com.jieshun.jslife/com.jieshun.jslife.activity.homepage.ShareArroundActivity EXITING}
I/WindowManager(  881): Gaining focus: Window{33fb1dc9 u0 com.jieshun.jslife/com.jieshun.jslife.activity.homepage.ShareArroundActivity}
I/WindowManager(  881): Gaining focus: Window{134844ae u0 com.jieshun.jslife/com.jieshun.jslife.activity.homepage.ShareArroundActivity}
I/WindowManager(  881): Losing focus: Window{33fb1dc9 u0 com.jieshun.jslife/com.jieshun.jslife.activity.homepage.ShareArroundActivity EXITING}
I/WindowManager(  881): Gaining focus: Window{1c94d2fc u0 com.jieshun.jslife/com.jieshun.jslife.activity.homepage.ShareArroundActivity}
I/WindowManager(  881): Gaining focus: Window{134844ae u0 com.jieshun.jslife/com.jieshun.jslife.activity.homepage.ShareArroundActivity}
I/WindowManager(  881): Losing focus: Window{1c94d2fc u0 com.jieshun.jslife/com.jieshun.jslife.activity.homepage.ShareArroundActivity EXITING}
I/WindowManager(  881): Gaining focus: Window{2c3a640b u0 com.jieshun.jslife/com.jieshun.jslife.activity.homepage.ShareArroundActivity}
I/WindowManager(  881): Gaining focus: Window{134844ae u0 com.jieshun.jslife/com.jieshun.jslife.activity.homepage.ShareArroundActivity}
I/WindowManager(  881): Losing focus: Window{2c3a640b u0 com.jieshun.jslife/com.jieshun.jslife.activity.homepage.ShareArroundActivity EXITING}
I/WindowManager(  881): Gaining focus: Window{2723f7a6 u0 com.jieshun.jslife/com.jieshun.jslife.activity.homepage.ShareArroundActivity}
I/WindowManager(  881): Gaining focus: Window{134844ae u0 com.jieshun.jslife/com.jieshun.jslife.activity.homepage.ShareArroundActivity}
I/WindowManager(  881): Losing focus: Window{2723f7a6 u0 com.jieshun.jslife/com.jieshun.jslife.activity.homepage.ShareArroundActivity EXITING}
W/ActivityManager(  881): getRunningAppProcesses: caller 10102 does not hold REAL_GET_TASKS; limiting output
W/ActivityManager(  881): getRunningAppProcesses: caller 10102 does not hold REAL_GET_TASKS; limiting output
W/ActivityManager(  881): getRunningAppProcesses: caller 10102 does not hold REAL_GET_TASKS; limiting output
W/ActivityManager(  881): getRunningAppProcesses: caller 10102 does not hold REAL_GET_TASKS; limiting output
I/WindowManager(  881): Losing focus: Window{134844ae u0 com.jieshun.jslife/com.jieshun.jslife.activity.homepage.ShareArroundActivity}
W/ActivityManager(  881): getRunningAppProcesses: caller 10102 does not hold REAL_GET_TASKS; limiting output
W/ActivityManager(  881): getRunningAppProcesses: caller 10102 does not hold REAL_GET_TASKS; limiting output
W/ActivityManager(  881): getRunningAppProcesses: caller 10102 does not hold REAL_GET_TASKS; limiting output
W/ActivityManager(  881): getRunningAppProcesses: caller 10102 does not hold REAL_GET_TASKS; limiting output
W/InputManager(  881): Input event injection from pid 12446 failed.
W/InputManager(  881): Input event injection from pid 12446 failed.
I/WindowManager(  881): Gaining focus: Window{20dd3e56 u0 com.jieshun.jslife/com.jieshun.jslife.activity.common.MainFragmentActivity}
I/WindowManager(  881): Gaining focus: Window{330a0b39 u0 com.jieshun.jslife/com.jieshun.jslife.activity.common.MainFragmentActivity}
I/WindowManager(  881): Gaining focus: Window{20dd3e56 u0 com.jieshun.jslife/com.jieshun.jslife.activity.common.MainFragmentActivity}
I/WindowManager(  881): Losing focus: Window{330a0b39 u0 com.jieshun.jslife/com.jieshun.jslife.activity.common.MainFragmentActivity EXITING}
I/thermal_repeater(  322): oh, queryMdThermalInfo (0)Bad file number
I/thermal_repeater(  322): [recvMdThermalInfo] ret=25, strLen=127,  1, 32767,,, -1, 32767, 2
I/ActivityManager(  881): START u0 {flg=0x4000000 cmp=com.jieshun.jslife/.activity.homepage.PropertyPaymentActivity} from uid 10102 on display 0 from pid 9685
I/WindowManager(  881): Losing focus: Window{20dd3e56 u0 com.jieshun.jslife/com.jieshun.jslife.activity.common.MainFragmentActivity}
I/WindowManager(  881): Gaining focus: Window{150e9aad u0 com.jieshun.jslife/com.jieshun.jslife.activity.homepage.PropertyPaymentActivity}
I/WindowManager(  881): Gaining focus: Window{129566d7 u0 com.jieshun.jslife/com.jieshun.jslife.activity.homepage.PropertyPaymentActivity}
