I/thermal_repeater(  322): oh, queryMdThermalInfo (0)Bad file number
I/thermal_repeater(  322): [recvMdThermalInfo] ret=25, strLen=127,  1, 32767,,, -1, 32767, 2
I/AudioFlinger(  296): setParameters(): io 0, keyvalue mediaserver_monitor=1, calling pid 877
W/AudioALSAHardware(  296): setParameters(), still have param.size() = 1, remain param = "mediaserver_monitor=1"
I/str_params(  296): key: 'mediaserver_monitor' value: '1'
I/AudioPolicyManager(  296): setStreamVolumeIndex stream = 7 index = 15 device = 0x400
I/thermal_repeater(  322): oh, queryMdThermalInfo (0)Bad file number
I/thermal_repeater(  322): [recvMdThermalInfo] ret=25, strLen=127,  1, 32767,,, -1, 32767, 2
W/Watchdog(  877): SWT Watchdog after wait current time:8646297
W/Watchdog(  877): **Get SF Time **1
W/Watchdog(  877): SWT Watchdog before synchronized:8646297
W/Watchdog(  877): SWT Watchdog after synchronized:8646297
W/Watchdog(  877): SWT Watchdog before wait timeout:30000
W/Watchdog(  877): SWT Watchdog before wait current time:8646297
W/Watchdog(  877): SWT Watchdog before wait start:8646297
W/Watchdog(  877): SWT Watchdog before wait CHECK_INTERVAL:30000
I/System.out( 1620): open:http://113.113.98.20/lighttps?ef=qmwklMuvzdfaB2f392jsrnE%2FaH%2BLp%2Fb3NEe1WlzBhzBis5A%2FmeyUdPMNNl7gRJtRu83oxcjGZt2KqxG38oPqENmWWquaZgiJpooBuC62ofu9S4NpQPXSI7b%2FYcJhG9Q0JhQ7HW%2FE606NFRuz5MeitiuAMmLSXcTZN7m%2BZEDC1dm%2Ba%2FXt%2F9b4%2BxJx90UJW7wWBWgtAQqWu2YH8Sdhm74a7A%3D%3D
D/libc-netbsd( 1620): [getaddrinfo]: hostname=113.113.98.20; servname=(null); cache_mode=(null), netid=0; mark=0
D/libc-netbsd( 1620): [getaddrinfo]: ai_addrlen=0; ai_canonname=(null); ai_flags=4; ai_family=0
D/libc-netbsd( 1620): [getaddrinfo]: hostname=113.113.98.20; servname=(null); cache_mode=(null), netid=0; mark=0
D/libc-netbsd( 1620): [getaddrinfo]: ai_addrlen=0; ai_canonname=(null); ai_flags=4; ai_family=0
I/System.out( 1620): [CDS]connect[/113.113.98.20:80] tm:30
I/System.out( 1620): Close in OkHttp
I/System.out( 1620): [CDS]close[35921]
I/NetworkManagementSocketTagger( 1620): untagSocket(72)
I/System.out( 1620): Close in OkHttp
I/System.out( 1620): [CDS]close[45877]
I/NetworkManagementSocketTagger( 1620): untagSocket(79)
I/System.out( 1620): [OkHttp] sendRequest>>
I/System.out( 1620): [OkHttp] sendRequest<<
I/NetworkManagementSocketTagger( 1620): untagSocket(77)
I/thermal_repeater(  322): oh, queryMdThermalInfo (0)Bad file number
I/thermal_repeater(  322): [recvMdThermalInfo] ret=25, strLen=127,  1, 32767,,, -1, 32767, 2
I/AudioFlinger(  296): setParameters(): io 0, keyvalue mediaserver_monitor=1, calling pid 877
W/AudioALSAHardware(  296): setParameters(), still have param.size() = 1, remain param = "mediaserver_monitor=1"
I/str_params(  296): key: 'mediaserver_monitor' value: '1'
I/AudioPolicyManager(  296): setStreamVolumeIndex stream = 7 index = 15 device = 0x400
I/thermal_repeater(  322): oh, queryMdThermalInfo (0)Bad file number
I/thermal_repeater(  322): [recvMdThermalInfo] ret=25, strLen=127,  1, 32767,,, -1, 32767, 2
I/thermal_repeater(  322): oh, queryMdThermalInfo (0)Bad file number
I/thermal_repeater(  322): [recvMdThermalInfo] ret=25, strLen=127,  1, 32767,,, -1, 32767, 2
I/AudioFlinger(  296): setParameters(): io 0, keyvalue mediaserver_monitor=1, calling pid 877
W/AudioALSAHardware(  296): setParameters(), still have param.size() = 1, remain param = "mediaserver_monitor=1"
I/str_params(  296): key: 'mediaserver_monitor' value: '1'
I/AudioPolicyManager(  296): setStreamVolumeIndex stream = 7 index = 15 device = 0x400
I/thermal_repeater(  322): oh, queryMdThermalInfo (0)Bad file number
I/thermal_repeater(  322): [recvMdThermalInfo] ret=25, strLen=127,  1, 32767,,, -1, 32767, 2
I/thermal_repeater(  322): oh, queryMdThermalInfo (0)Bad file number
I/thermal_repeater(  322): [recvMdThermalInfo] ret=25, strLen=127,  1, 32767,,, -1, 32767, 2
I/AudioFlinger(  296): setParameters(): io 0, keyvalue mediaserver_monitor=1, calling pid 877
W/AudioALSAHardware(  296): setParameters(), still have param.size() = 1, remain param = "mediaserver_monitor=1"
I/str_params(  296): key: 'mediaserver_monitor' value: '1'
I/AudioPolicyManager(  296): setStreamVolumeIndex stream = 7 index = 15 device = 0x400
I/thermal_repeater(  322): oh, queryMdThermalInfo (0)Bad file number
I/thermal_repeater(  322): [recvMdThermalInfo] ret=25, strLen=127,  1, 32767,,, -1, 32767, 2
W/Watchdog(  877): SWT Watchdog after wait current time:8676297
W/Watchdog(  877): **Get SF Time **1
W/Watchdog(  877): SWT Watchdog before synchronized:8676298
W/Watchdog(  877): SWT Watchdog after synchronized:8676298
W/Watchdog(  877): SWT Watchdog before wait timeout:30000
W/Watchdog(  877): SWT Watchdog before wait current time:8676298
W/Watchdog(  877): SWT Watchdog before wait start:8676298
W/Watchdog(  877): SWT Watchdog before wait CHECK_INTERVAL:30000
I/thermal_repeater(  322): oh, queryMdThermalInfo (0)Bad file number
I/thermal_repeater(  322): [recvMdThermalInfo] ret=25, strLen=127,  1, 32767,,, -1, 32767, 2
I/AudioFlinger(  296): setParameters(): io 0, keyvalue mediaserver_monitor=1, calling pid 877
W/AudioALSAHardware(  296): setParameters(), still have param.size() = 1, remain param = "mediaserver_monitor=1"
I/str_params(  296): key: 'mediaserver_monitor' value: '1'
I/AudioPolicyManager(  296): setStreamVolumeIndex stream = 7 index = 15 device = 0x400
I/thermal_repeater(  322): oh, queryMdThermalInfo (0)Bad file number
I/thermal_repeater(  322): [recvMdThermalInfo] ret=25, strLen=127,  1, 32767,,, -1, 32767, 2
I/crashsdk(15286): Begin update unexp info ...
I/crashsdk(15286): Update unexp info took 2 ms
I/BatteryConsumeMonitor( 1343): init var lastPlugType : 2 lastBatteryChangedLevel : 61
I/KeyguardUpdateMonitor( 1042): handleBatteryUpdate index=0 updateInteresting=false
I/BatteryConsumeMonitor( 1343): init var lastPlugType : 2 lastBatteryChangedLevel : 62
I/PanelView( 1042): Max panel height 657,expand height 657.0, shade mode false
I/KeyguardUpdateMonitor( 1042): handleBatteryUpdate index=0 updateInteresting=true
I/ChargeViewUtils( 1042): onRefreshBatteryInfo
I/ChargeViewUtils( 1042): updateChargingState shouldChargingViewShow = true , mPluggedIn = true
I/PreDownloadAndBookAppManager( 2580): normalCheck: true, post delay 2 min to  start book download task
I/thermal_repeater(  322): oh, queryMdThermalInfo (0)Bad file number
I/thermal_repeater(  322): [recvMdThermalInfo] ret=25, strLen=127,  1, 32767,,, -1, 32767, 2
I/AudioFlinger(  296): setParameters(): io 0, keyvalue mediaserver_monitor=1, calling pid 877
W/AudioALSAHardware(  296): setParameters(), still have param.size() = 1, remain param = "mediaserver_monitor=1"
I/str_params(  296): key: 'mediaserver_monitor' value: '1'
I/AudioPolicyManager(  296): setStreamVolumeIndex stream = 7 index = 15 device = 0x400
I/thermal_repeater(  322): oh, queryMdThermalInfo (0)Bad file number
I/thermal_repeater(  322): [recvMdThermalInfo] ret=25, strLen=127,  1, 32767,,, -1, 32767, 2
I/PanelView( 1042): Max panel height 657,expand height 657.0, shade mode false
I/PanelView( 1042): Max panel height 657,expand height 657.0, shade mode false
I/thermal_repeater(  322): oh, queryMdThermalInfo (0)Bad file number
I/thermal_repeater(  322): [recvMdThermalInfo] ret=25, strLen=127,  1, 32767,,, -1, 32767, 2
I/AudioFlinger(  296): setParameters(): io 0, keyvalue mediaserver_monitor=1, calling pid 877
W/AudioALSAHardware(  296): setParameters(), still have param.size() = 1, remain param = "mediaserver_monitor=1"
I/str_params(  296): key: 'mediaserver_monitor' value: '1'
I/AudioPolicyManager(  296): setStreamVolumeIndex stream = 7 index = 15 device = 0x400
I/thermal_repeater(  322): oh, queryMdThermalInfo (0)Bad file number
I/thermal_repeater(  322): [recvMdThermalInfo] ret=25, strLen=127,  1, 32767,,, -1, 32767, 2
W/Watchdog(  877): SWT Watchdog after wait current time:8706298
W/Watchdog(  877): **Get SF Time **1
W/Watchdog(  877): SWT Watchdog before synchronized:8706298
W/Watchdog(  877): SWT Watchdog after synchronized:8706298
W/Watchdog(  877): SWT Watchdog before wait timeout:30000
W/Watchdog(  877): SWT Watchdog before wait current time:8706298
W/Watchdog(  877): SWT Watchdog before wait start:8706298
W/Watchdog(  877): SWT Watchdog before wait CHECK_INTERVAL:30000
I/thermal_repeater(  322): oh, queryMdThermalInfo (0)Bad file number
I/thermal_repeater(  322): [recvMdThermalInfo] ret=25, strLen=127,  1, 32767,,, -1, 32767, 2
I/AudioFlinger(  296): setParameters(): io 0, keyvalue mediaserver_monitor=1, calling pid 877
W/AudioALSAHardware(  296): setParameters(), still have param.size() = 1, remain param = "mediaserver_monitor=1"
I/str_params(  296): key: 'mediaserver_monitor' value: '1'
I/AudioPolicyManager(  296): setStreamVolumeIndex stream = 7 index = 15 device = 0x400
I/thermal_repeater(  322): oh, queryMdThermalInfo (0)Bad file number
I/thermal_repeater(  322): [recvMdThermalInfo] ret=25, strLen=127,  1, 32767,,, -1, 32767, 2
I/thermal_repeater(  322): oh, queryMdThermalInfo (0)Bad file number
I/thermal_repeater(  322): [recvMdThermalInfo] ret=25, strLen=127,  1, 32767,,, -1, 32767, 2
I/AudioFlinger(  296): setParameters(): io 0, keyvalue mediaserver_monitor=1, calling pid 877
W/AudioALSAHardware(  296): setParameters(), still have param.size() = 1, remain param = "mediaserver_monitor=1"
I/str_params(  296): key: 'mediaserver_monitor' value: '1'
I/AudioPolicyManager(  296): setStreamVolumeIndex stream = 7 index = 15 device = 0x400
I/thermal_repeater(  322): oh, queryMdThermalInfo (0)Bad file number
I/thermal_repeater(  322): [recvMdThermalInfo] ret=25, strLen=127,  1, 32767,,, -1, 32767, 2
I/KeyguardUpdateMonitor( 1042): handleBatteryUpdate index=0 updateInteresting=false
I/BatteryConsumeMonitor( 1343): init var lastPlugType : 2 lastBatteryChangedLevel : 62
I/thermal_repeater(  322): oh, queryMdThermalInfo (0)Bad file number
I/thermal_repeater(  322): [recvMdThermalInfo] ret=25, strLen=127,  1, 32767,,, -1, 32767, 2
I/AudioFlinger(  296): setParameters(): io 0, keyvalue mediaserver_monitor=1, calling pid 877
W/AudioALSAHardware(  296): setParameters(), still have param.size() = 1, remain param = "mediaserver_monitor=1"
I/str_params(  296): key: 'mediaserver_monitor' value: '1'
I/AudioPolicyManager(  296): setStreamVolumeIndex stream = 7 index = 15 device = 0x400
I/thermal_repeater(  322): oh, queryMdThermalInfo (0)Bad file number
I/thermal_repeater(  322): [recvMdThermalInfo] ret=25, strLen=127,  1, 32767,,, -1, 32767, 2
W/Watchdog(  877): SWT Watchdog after wait current time:8736298
W/Watchdog(  877): **Get SF Time **1
W/Watchdog(  877): SWT Watchdog before synchronized:8736299
W/Watchdog(  877): SWT Watchdog after synchronized:8736299
W/Watchdog(  877): SWT Watchdog before wait timeout:30000
W/Watchdog(  877): SWT Watchdog before wait current time:8736299
W/Watchdog(  877): SWT Watchdog before wait start:8736299
W/Watchdog(  877): SWT Watchdog before wait CHECK_INTERVAL:30000
I/thermal_repeater(  322): oh, queryMdThermalInfo (0)Bad file number
I/thermal_repeater(  322): [recvMdThermalInfo] ret=25, strLen=127,  1, 32767,,, -1, 32767, 2
I/AudioFlinger(  296): setParameters(): io 0, keyvalue mediaserver_monitor=1, calling pid 877
W/AudioALSAHardware(  296): setParameters(), still have param.size() = 1, remain param = "mediaserver_monitor=1"
I/str_params(  296): key: 'mediaserver_monitor' value: '1'
I/AudioPolicyManager(  296): setStreamVolumeIndex stream = 7 index = 15 device = 0x400
I/thermal_repeater(  322): oh, queryMdThermalInfo (0)Bad file number
I/thermal_repeater(  322): [recvMdThermalInfo] ret=25, strLen=127,  1, 32767,,, -1, 32767, 2
I/thermal_repeater(  322): oh, queryMdThermalInfo (0)Bad file number
I/thermal_repeater(  322): [recvMdThermalInfo] ret=25, strLen=127,  1, 32767,,, -1, 32767, 2
I/AudioFlinger(  296): setParameters(): io 0, keyvalue mediaserver_monitor=1, calling pid 877
W/AudioALSAHardware(  296): setParameters(), still have param.size() = 1, remain param = "mediaserver_monitor=1"
I/str_params(  296): key: 'mediaserver_monitor' value: '1'
I/AudioPolicyManager(  296): setStreamVolumeIndex stream = 7 index = 15 device = 0x400
I/thermal_repeater(  322): oh, queryMdThermalInfo (0)Bad file number
I/thermal_repeater(  322): [recvMdThermalInfo] ret=25, strLen=127,  1, 32767,,, -1, 32767, 2
I/PanelView( 1042): Max panel height 657,expand height 657.0, shade mode false
I/PanelView( 1042): Max panel height 657,expand height 657.0, shade mode false
I/thermal_repeater(  322): oh, queryMdThermalInfo (0)Bad file number
I/thermal_repeater(  322): [recvMdThermalInfo] ret=25, strLen=127,  1, 32767,,, -1, 32767, 2
I/AudioFlinger(  296): setParameters(): io 0, keyvalue mediaserver_monitor=1, calling pid 877
W/AudioALSAHardware(  296): setParameters(), still have param.size() = 1, remain param = "mediaserver_monitor=1"
I/str_params(  296): key: 'mediaserver_monitor' value: '1'
I/AudioPolicyManager(  296): setStreamVolumeIndex stream = 7 index = 15 device = 0x400
I/thermal_repeater(  322): oh, queryMdThermalInfo (0)Bad file number
I/thermal_repeater(  322): [recvMdThermalInfo] ret=25, strLen=127,  1, 32767,,, -1, 32767, 2
W/Watchdog(  877): SWT Watchdog after wait current time:8766299
W/Watchdog(  877): **Get SF Time **1
W/Watchdog(  877): SWT Watchdog before synchronized:8766299
W/Watchdog(  877): SWT Watchdog after synchronized:8766299
W/Watchdog(  877): SWT Watchdog before wait timeout:30000
W/Watchdog(  877): SWT Watchdog before wait current time:8766299
W/Watchdog(  877): SWT Watchdog before wait start:8766299
W/Watchdog(  877): SWT Watchdog before wait CHECK_INTERVAL:30000
I/thermal_repeater(  322): oh, queryMdThermalInfo (0)Bad file number
I/thermal_repeater(  322): [recvMdThermalInfo] ret=25, strLen=127,  1, 32767,,, -1, 32767, 2
I/art     (  877): Background partial concurrent mark sweep GC freed 39522(1850KB) AllocSpace objects, 11(1944KB) LOS objects, 10% free, 33MB/37MB, paused 3.672ms total 168.147ms
I/AudioFlinger(  296): setParameters(): io 0, keyvalue mediaserver_monitor=1, calling pid 877
W/AudioALSAHardware(  296): setParameters(), still have param.size() = 1, remain param = "mediaserver_monitor=1"
I/str_params(  296): key: 'mediaserver_monitor' value: '1'
I/AudioPolicyManager(  296): setStreamVolumeIndex stream = 7 index = 15 device = 0x400
I/thermal_repeater(  322): oh, queryMdThermalInfo (0)Bad file number
I/thermal_repeater(  322): [recvMdThermalInfo] ret=25, strLen=127,  1, 32767,,, -1, 32767, 2
I/KeyguardUpdateMonitor( 1042): handleBatteryUpdate index=0 updateInteresting=false
I/BatteryConsumeMonitor( 1343): init var lastPlugType : 2 lastBatteryChangedLevel : 62
I/thermal_repeater(  322): oh, queryMdThermalInfo (0)Bad file number
I/thermal_repeater(  322): [recvMdThermalInfo] ret=25, strLen=127,  1, 32767,,, -1, 32767, 2
I/AudioFlinger(  296): setParameters(): io 0, keyvalue mediaserver_monitor=1, calling pid 877
W/AudioALSAHardware(  296): setParameters(), still have param.size() = 1, remain param = "mediaserver_monitor=1"
I/str_params(  296): key: 'mediaserver_monitor' value: '1'
I/AudioPolicyManager(  296): setStreamVolumeIndex stream = 7 index = 15 device = 0x400
I/thermal_repeater(  322): oh, queryMdThermalInfo (0)Bad file number
I/thermal_repeater(  322): [recvMdThermalInfo] ret=25, strLen=127,  1, 32767,,, -1, 32767, 2
I/thermal_repeater(  322): oh, queryMdThermalInfo (0)Bad file number
I/thermal_repeater(  322): [recvMdThermalInfo] ret=25, strLen=127,  1, 32767,,, -1, 32767, 2
I/AudioFlinger(  296): setParameters(): io 0, keyvalue mediaserver_monitor=1, calling pid 877
W/AudioALSAHardware(  296): setParameters(), still have param.size() = 1, remain param = "mediaserver_monitor=1"
I/str_params(  296): key: 'mediaserver_monitor' value: '1'
I/AudioPolicyManager(  296): setStreamVolumeIndex stream = 7 index = 15 device = 0x400
I/thermal_repeater(  322): oh, queryMdThermalInfo (0)Bad file number
I/thermal_repeater(  322): [recvMdThermalInfo] ret=25, strLen=127,  1, 32767,,, -1, 32767, 2
E/WifiManagerFlyme( 1343): disableScanInterface exception: java.lang.NoSuchMethodException
E/ActivityManagerFlyme( 1343): getCloneIDFromPid exception java.lang.NoSuchMethodException
E/ActivityManagerFlyme( 1343): getCloneIDFromPid exception java.lang.NoSuchMethodException
E/ActivityManagerFlyme( 1343): getCloneIDFromPid exception java.lang.NoSuchMethodException
E/ActivityManagerFlyme( 1343): getCloneIDFromPid exception java.lang.NoSuchMethodException
E/ActivityManagerFlyme( 1343): getCloneIDFromPid exception java.lang.NoSuchMethodException
E/ActivityManagerFlyme( 1343): getCloneIDFromPid exception java.lang.NoSuchMethodException
E/ActivityManagerFlyme( 1343): getCloneIDFromPid exception java.lang.NoSuchMethodException
E/ActivityManagerFlyme( 1343): getCloneIDFromPid exception java.lang.NoSuchMethodException
E/ActivityManagerFlyme( 1343): getCloneIDFromPid exception java.lang.NoSuchMethodException
E/ActivityManagerFlyme( 1343): getCloneIDFromPid exception java.lang.NoSuchMethodException
E/ActivityManagerFlyme( 1343): getCloneIDFromPid exception java.lang.NoSuchMethodException
E/ActivityManagerFlyme( 1343): getCloneIDFromPid exception java.lang.NoSuchMethodException
E/ActivityManagerFlyme( 1343): getCloneIDFromPid exception java.lang.NoSuchMethodException
E/ActivityManagerFlyme( 1343): getCloneIDFromPid exception java.lang.NoSuchMethodException
E/ActivityManagerFlyme( 1343): getCloneIDFromPid exception java.lang.NoSuchMethodException
E/ActivityManagerFlyme( 1343): getCloneIDFromPid exception java.lang.NoSuchMethodException
W/ContextImpl( 1667): Calling a method in the system process without a qualified user: android.app.ContextImpl.startService:1863 android.content.ContextWrapper.startService:516 com.meizu.networkmanager.monitor.w.a:118 com.meizu.networkmanager.monitor.w.a:62 com.meizu.networkmanager.monitor.w$1.run:69 
E/ActivityManagerFlyme( 1343): getCloneIDFromPid exception java.lang.NoSuchMethodException
E/ActivityManagerFlyme( 1343): getCloneIDFromPid exception java.lang.NoSuchMethodException
E/ActivityManagerFlyme( 1343): getCloneIDFromPid exception java.lang.NoSuchMethodException
E/ActivityManagerFlyme( 1343): getCloneIDFromPid exception java.lang.NoSuchMethodException
E/ActivityManagerFlyme( 1343): getCloneIDFromPid exception java.lang.NoSuchMethodException
E/ActivityManagerFlyme( 1343): getCloneIDFromPid exception java.lang.NoSuchMethodException
E/ActivityManagerFlyme( 1343): getCloneIDFromPid exception java.lang.NoSuchMethodException
E/ActivityManagerFlyme( 1343): getCloneIDFromPid exception java.lang.NoSuchMethodException
E/ActivityManagerFlyme( 1343): getCloneIDFromPid exception java.lang.NoSuchMethodException
E/ActivityManagerFlyme( 1343): getCloneIDFromPid exception java.lang.NoSuchMethodException
E/ActivityManagerFlyme( 1343): getCloneIDFromPid exception java.lang.NoSuchMethodException
E/ActivityManagerFlyme( 1343): getCloneIDFromPid exception java.lang.NoSuchMethodException
E/ActivityManagerFlyme( 1343): getCloneIDFromPid exception java.lang.NoSuchMethodException
E/ActivityManagerFlyme( 1343): getCloneIDFromPid exception java.lang.NoSuchMethodException
E/ActivityManagerFlyme( 1343): getCloneIDFromPid exception java.lang.NoSuchMethodException
E/ActivityManagerFlyme( 1343): getCloneIDFromPid exception java.lang.NoSuchMethodException
E/ActivityManagerFlyme( 1343): getCloneIDFromPid exception java.lang.NoSuchMethodException
E/ActivityManagerFlyme( 1343): getCloneIDFromPid exception java.lang.NoSuchMethodException
E/ActivityManagerFlyme( 1343): getCloneIDFromPid exception java.lang.NoSuchMethodException
E/ActivityManagerFlyme( 1343): getCloneIDFromPid exception java.lang.NoSuchMethodException
E/ActivityManagerFlyme( 1343): getCloneIDFromPid exception java.lang.NoSuchMethodException
E/ActivityManagerFlyme( 1343): getCloneIDFromPid exception java.lang.NoSuchMethodException
E/ActivityManagerFlyme( 1343): getCloneIDFromPid exception java.lang.NoSuchMethodException
E/ActivityManagerFlyme( 1343): getRunningTaskInfoCloneId failed: java.lang.NoSuchFieldException: mCloneID
I/SensorHAL(  877): Dev Batch, handle: 7, name: LSM6DS3 Step Counter Sensor
W/Watchdog(  877): SWT Watchdog after wait current time:8796300
W/Watchdog(  877): **Get SF Time **1
W/Watchdog(  877): SWT Watchdog before synchronized:8796300
W/Watchdog(  877): SWT Watchdog after synchronized:8796300
W/Watchdog(  877): SWT Watchdog before wait timeout:30000
W/Watchdog(  877): SWT Watchdog before wait current time:8796300
W/Watchdog(  877): SWT Watchdog before wait start:8796300
W/Watchdog(  877): SWT Watchdog before wait CHECK_INTERVAL:30000
I/thermal_repeater(  322): oh, queryMdThermalInfo (0)Bad file number
I/thermal_repeater(  322): [recvMdThermalInfo] ret=25, strLen=127,  1, 32767,,, -1, 32767, 2
I/AudioFlinger(  296): setParameters(): io 0, keyvalue mediaserver_monitor=1, calling pid 877
W/AudioALSAHardware(  296): setParameters(), still have param.size() = 1, remain param = "mediaserver_monitor=1"
I/str_params(  296): key: 'mediaserver_monitor' value: '1'
I/AudioPolicyManager(  296): setStreamVolumeIndex stream = 7 index = 15 device = 0x400
I/thermal_repeater(  322): oh, queryMdThermalInfo (0)Bad file number
I/thermal_repeater(  322): [recvMdThermalInfo] ret=25, strLen=127,  1, 32767,,, -1, 32767, 2
W/JobSchedulerService( 2580): onCreate:102,105,101,103,
W/JobSchedulerService( 2580): onStartJob:105,currentJobs:102,105,101,103,
W/JobServiceContext(  877): verifyCallingUid.889..:[ComponentInfo{com.meizu.mstore/com.meizu.cloud.app.jobscheduler.JobSchedulerService},jId=105,u0,R=(-00:00,-00:00),N=2,C=false,I=false,F=0,P=false(READY)]
W/JobServiceContext(  877): verifyCallingUid. END
W/JobServiceContext(  877): verifyCallingUid.889..:[ComponentInfo{com.meizu.mstore/com.meizu.cloud.app.jobscheduler.JobSchedulerService},jId=105,u0,R=(-00:00,-00:00),N=2,C=false,I=false,F=0,P=false(READY)]
W/JobServiceContext(  877): verifyCallingUid. END
W/JobServiceContext(  877): closeAndCleanupJobH.889..:[ComponentInfo{com.meizu.mstore/com.meizu.cloud.app.jobscheduler.JobSchedulerService},jId=105,u0,R=(-00:00,-00:00),N=2,C=false,I=false,F=0,P=false(READY)]
W/JobSchedulerService( 2580): onDestroy:102,101,103,
I/thermal_repeater(  322): oh, queryMdThermalInfo (0)Bad file number
I/thermal_repeater(  322): [recvMdThermalInfo] ret=25, strLen=127,  1, 32767,,, -1, 32767, 2
I/AudioFlinger(  296): setParameters(): io 0, keyvalue mediaserver_monitor=1, calling pid 877
W/AudioALSAHardware(  296): setParameters(), still have param.size() = 1, remain param = "mediaserver_monitor=1"
I/str_params(  296): key: 'mediaserver_monitor' value: '1'
I/AudioPolicyManager(  296): setStreamVolumeIndex stream = 7 index = 15 device = 0x400
I/thermal_repeater(  322): oh, queryMdThermalInfo (0)Bad file number
I/thermal_repeater(  322): [recvMdThermalInfo] ret=25, strLen=127,  1, 32767,,, -1, 32767, 2
I/PanelView( 1042): Max panel height 657,expand height 657.0, shade mode false
I/PanelView( 1042): Max panel height 657,expand height 657.0, shade mode false
I/thermal_repeater(  322): oh, queryMdThermalInfo (0)Bad file number
I/thermal_repeater(  322): [recvMdThermalInfo] ret=25, strLen=127,  1, 32767,,, -1, 32767, 2
I/AudioFlinger(  296): setParameters(): io 0, keyvalue mediaserver_monitor=1, calling pid 877
W/AudioALSAHardware(  296): setParameters(), still have param.size() = 1, remain param = "mediaserver_monitor=1"
I/str_params(  296): key: 'mediaserver_monitor' value: '1'
I/AudioPolicyManager(  296): setStreamVolumeIndex stream = 7 index = 15 device = 0x400
I/thermal_repeater(  322): oh, queryMdThermalInfo (0)Bad file number
I/thermal_repeater(  322): [recvMdThermalInfo] ret=25, strLen=127,  1, 32767,,, -1, 32767, 2
W/Watchdog(  877): SWT Watchdog after wait current time:8826300
W/Watchdog(  877): **Get SF Time **1
W/Watchdog(  877): SWT Watchdog before synchronized:8826301
W/Watchdog(  877): SWT Watchdog after synchronized:8826301
W/Watchdog(  877): SWT Watchdog before wait timeout:30000
W/Watchdog(  877): SWT Watchdog before wait current time:8826301
W/Watchdog(  877): SWT Watchdog before wait start:8826301
W/Watchdog(  877): SWT Watchdog before wait CHECK_INTERVAL:30000
I/thermal_repeater(  322): oh, queryMdThermalInfo (0)Bad file number
I/thermal_repeater(  322): [recvMdThermalInfo] ret=25, strLen=127,  1, 32767,,, -1, 32767, 2
W/ADB_SERVICES(  476): create_local_service_socket() name=shell:wm size
W/ADB_SERVICES(  476): service_to_fd() name=shell:wm size
W/ADB_SERVICES(  476): read_meminfo() mem_free=105188
W/ADB_SERVICES(  476): create_subproc ret_fd=16 pid=16224
W/ADB_SERVICES(  476): LS(481): bound to 'shell:wm size' via 16
W/ADB_SERVICES(16224): adb: unable to update oom_score_adj
E/memtrack(16224): Couldn't load memtrack module (No such file or directory)
E/android.os.Debug(16224): failed to load memtrack module: -2
E/art     (16224): Thread attaching while runtime is shutting down: Binder_1
I/AndroidRuntime(16224): NOTE: attach of thread 'Binder_1' failed
W/ADB_SERVICES(  476): create_local_service_socket() name=shell:cat /proc/meminfo
W/ADB_SERVICES(  476): service_to_fd() name=shell:cat /proc/meminfo
W/ADB_SERVICES(  476): read_meminfo() mem_free=99120
W/ADB_SERVICES(  476): create_subproc ret_fd=21 pid=16239
W/ADB_SERVICES(  476): LS(482): bound to 'shell:cat /proc/meminfo' via 21
W/ADB_SERVICES(16239): adb: unable to update oom_score_adj
W/ADB_SERVICES(  476): entered. LS(482) fd=21
W/ADB_SERVICES(  476): create_local_service_socket() name=shell:getprop ro.build.version.release
W/ADB_SERVICES(  476): service_to_fd() name=shell:getprop ro.build.version.release
W/ADB_SERVICES(  476): read_meminfo() mem_free=98984
W/ADB_SERVICES(  476): create_subproc ret_fd=21 pid=16240
W/ADB_SERVICES(  476): LS(483): bound to 'shell:getprop ro.build.version.release' via 21
W/ADB_SERVICES(16240): adb: unable to update oom_score_adj
W/ADB_SERVICES(  476): entered. LS(483) fd=21
W/ADB_SERVICES(  476): create_local_service_socket() name=shell:getprop ro.product.model
W/ADB_SERVICES(  476): service_to_fd() name=shell:getprop ro.product.model
W/ADB_SERVICES(  476): read_meminfo() mem_free=98860
W/ADB_SERVICES(  476): create_subproc ret_fd=21 pid=16241
W/ADB_SERVICES(  476): LS(484): bound to 'shell:getprop ro.product.model' via 21
W/ADB_SERVICES(16241): adb: unable to update oom_score_adj
W/ADB_SERVICES(  476): entered. LS(484) fd=21
W/ADB_SERVICES(  476): create_local_service_socket() name=shell:getprop ro.product.brand
W/ADB_SERVICES(  476): service_to_fd() name=shell:getprop ro.product.brand
W/ADB_SERVICES(  476): read_meminfo() mem_free=98860
W/ADB_SERVICES(  476): create_subproc ret_fd=21 pid=16242
W/ADB_SERVICES(  476): LS(485): bound to 'shell:getprop ro.product.brand' via 21
W/ADB_SERVICES(16242): adb: unable to update oom_score_adj
W/ADB_SERVICES(  476): entered. LS(485) fd=21
W/ADB_SERVICES(  476): create_local_service_socket() name=shell:cat /proc/cpuinfo
W/ADB_SERVICES(  476): service_to_fd() name=shell:cat /proc/cpuinfo
W/ADB_SERVICES(  476): read_meminfo() mem_free=100092
W/ADB_SERVICES(  476): create_subproc ret_fd=21 pid=16243
W/ADB_SERVICES(  476): LS(486): bound to 'shell:cat /proc/cpuinfo' via 21
W/ADB_SERVICES(16243): adb: unable to update oom_score_adj
W/ADB_SERVICES(  476): entered. LS(486) fd=21
W/ADB_SERVICES(  476): entered. LS(481) fd=16
W/ADB_SERVICES(  476): create_local_service_socket() name=shell:monkey -p com.jieshun.jslife -s 577 --throttle 300 --ignore-crashes --ignore-timeouts --pct-touch 60 --pct-trackball 12 --pct-appswitch 5 --pct-syskeys 10 --pct-motion 13 -v -v 1000
W/ADB_SERVICES(  476): service_to_fd() name=shell:monkey -p com.jieshun.jslife -s 577 --throttle 300 --ignore-crashes --ignore-timeouts --pct-touch 60 --pct-trackball 12 --pct-appswitch 5 --pct-syskeys 10 --pct-motion 13 -v -v 1000
W/ADB_SERVICES(  476): read_meminfo() mem_free=104520
W/ADB_SERVICES(  476): create_subproc ret_fd=16 pid=16244
W/ADB_SERVICES(  476): LS(487): bound to 'shell:monkey -p com.jieshun.jslife -s 577 --throttle 300 --ignore-crashes --ignore-timeouts --pct-touch 60 --pct-trackball 12 --pct-appswitch 5 --pct-syskeys 10 --pct-motion 13 -v -v 1000' via 16
W/ADB_SERVICES(16244): adb: unable to update oom_score_adj
W/ADB_SERVICES(  476): create_local_service_socket() name=shell:export ANDROID_LOG_TAGS="''"; exec logcat
W/ADB_SERVICES(  476): service_to_fd() name=shell:export ANDROID_LOG_TAGS="''"; exec logcat
W/ADB_SERVICES(  476): read_meminfo() mem_free=104040
W/ADB_SERVICES(  476): create_subproc ret_fd=21 pid=16245
W/ADB_SERVICES(  476): LS(488): bound to 'shell:export ANDROID_LOG_TAGS="''"; exec logcat' via 21
W/ADB_SERVICES(16245): adb: unable to update oom_score_adj
W/ADB_SERVICES(  476): create_local_service_socket() name=shell:cat /data/anr/traces.txt
W/ADB_SERVICES(  476): service_to_fd() name=shell:cat /data/anr/traces.txt
W/ADB_SERVICES(  476): read_meminfo() mem_free=103280
W/ADB_SERVICES(  476): create_subproc ret_fd=22 pid=16246
W/ADB_SERVICES(  476): LS(489): bound to 'shell:cat /data/anr/traces.txt' via 22
W/ADB_SERVICES(16246): adb: unable to update oom_score_adj
W/ADB_SERVICES(  476): entered. LS(489) fd=22
E/memtrack(16244): Couldn't load memtrack module (No such file or directory)
E/android.os.Debug(16244): failed to load memtrack module: -2
I/ActivityManager(  877): Controller Pid : 16244
W/BroadcastQueue(  877): Skipping deliver [background] BroadcastRecord{10225b3 u-1 android.net.conn.CONNECTIVITY_CHANGE} to ReceiverList{30d8c770 16244 (unknown name)/2000/u-1 remote:2278bced}: process crashing
I/ActivityManager(  877): START u0 {act=android.intent.action.MAIN cat=[android.intent.category.LAUNCHER] flg=0x10200000 cmp=com.jieshun.jslife/.activity.common.WelcomeActivity} from uid 2000 on display 0 from pid 16244
I/libPerfService(  877): 10: set freq: 1300000
W/PerfScheduler(  877): Not Boost !
I/libPerfService(  877): 10: set: 6
W/Zygote  (16262): mz_is_rooted false
I/ActivityManager(  877): Start proc 16262:com.jieshun.jslife/u0a105 for activity com.jieshun.jslife/.activity.common.WelcomeActivity
I/libPerfService(  877): perfSetFavorPid - pid:16262, 3f86
W/ADB_SERVICES(  476): create_local_service_socket() name=shell:ps
W/ADB_SERVICES(  476): service_to_fd() name=shell:ps
W/ADB_SERVICES(  476): read_meminfo() mem_free=86616
W/ADB_SERVICES(  476): create_subproc ret_fd=22 pid=16284
W/ADB_SERVICES(  476): LS(490): bound to 'shell:ps' via 22
W/ADB_SERVICES(16284): adb: unable to update oom_score_adj
W/ActivityManager(  877): Activity pause timeout for ActivityRecord{9b13ae9 u0 com.jieshun.jslife/.activity.common.WelcomeActivity t17}
W/ADB_SERVICES(  476): entered. LS(490) fd=22
I/MultiDex(16262): VM with version 2.1.0 has multidex support
I/MultiDex(16262): install
I/MultiDex(16262): VM has multidex support, MultiDex support library is disabled.
W/DeviceId(16262): galaxy lib host missing meta-data,make sure you know the right way to integrate galaxy
W/DeviceId(16262): galaxy lib host missing meta-data,make sure you know the right way to integrate galaxy
W/DeviceId(16262): galaxy lib host missing meta-data,make sure you know the right way to integrate galaxy
I/BaiduApiAuth(16262): BaiduApiAuth SDK Version:1.0.20
W/ActivityManager(  877): getRunningAppProcesses: caller 10105 does not hold REAL_GET_TASKS; limiting output
I/System.out(16262): initEngineManager 
I/System.out(16262): initEngineManager null: true
W/ActivityManager(  877): getRunningAppProcesses: caller 10105 does not hold REAL_GET_TASKS; limiting output
W/linker  (16262): libapp_BaiduPanoramaAppLib.so: unused DT entry: type 0x6ffffffe arg 0x2b00
W/linker  (16262): libapp_BaiduPanoramaAppLib.so: unused DT entry: type 0x6fffffff arg 0x3
W/ActivityManager(  877): getRunningAppProcesses: caller 10105 does not hold REAL_GET_TASKS; limiting output
W/ActivityManager(  877): getRunningAppProcesses: caller 10105 does not hold REAL_GET_TASKS; limiting output
I/System.out(16262): initEngineManager error 
I/System.out(16262): initEngineManager init 
I/System.out(16262): initEngineManager init after 
W/ActivityManager(  877): getRunningAppProcesses: caller 10105 does not hold REAL_GET_TASKS; limiting output
I/System.out(16262): global application 
I/System.out(16262): open:https://api.map.baidu.com/sdkcs/verify
D/libc-netbsd(16262): [getaddrinfo]: hostname=api.map.baidu.com; servname=(null); cache_mode=(null), netid=0; mark=0
D/libc-netbsd(16262): [getaddrinfo]: ai_addrlen=0; ai_canonname=(null); ai_flags=4; ai_family=0
D/libc-netbsd(16262): [getaddrinfo]: hostname=api.map.baidu.com; servname=(null); cache_mode=(null), netid=0; mark=0
D/libc-netbsd(16262): [getaddrinfo]: ai_addrlen=0; ai_canonname=(null); ai_flags=1024; ai_family=0
D/libc-netbsd(  290): [getaddrinfo]: hostname=api.map.baidu.com; servname=(null); cache_mode=local, netid=100; mark=917604
D/libc-netbsd(  290): [getaddrinfo]: ai_addrlen=0; ai_canonname=(null); ai_flags=1024; ai_family=0
D/libc-netbsd(  290): default dns: query_ipv6=0, query_ipv4=1
D/libc-netbsd(  290): res_queryN name = api.map.baidu.com, class = 1, type = 1
D/libc-netbsd(  290): netid=100, dns0:202.96.134.33
D/libc-netbsd(  290): netid=100, dns1:202.96.128.86
D/libc-netbsd(  290): netid=100, dns2:8.8.8.8
D/libc-netbsd(  290): res_queryN name = api.map.baidu.com succeed
D/libc-netbsd(16262): getaddrinfo: api.map.baidu.com get result from proxy >>
I/System.out(16262): propertyValue:true
I/System.out(16262): [CDS]connect[api.map.baidu.com/14.215.177.92:443] tm:50
D/libc-netbsd(16262): [getaddrinfo]: hostname=api.map.baidu.com; servname=(null); cache_mode=(null), netid=0; mark=0
D/libc-netbsd(16262): [getaddrinfo]: ai_addrlen=0; ai_canonname=(null); ai_flags=4; ai_family=0
I/ActivityManager(  877): START u0 {cmp=com.jieshun.jslife/.activity.common.LoadingActivity} from uid 10105 on display 0 from pid 16262
W/PerfScheduler(  877): Not Boost !
E/Ble     (16262): BluetoothLeService  onStartCommand()
I/MediaPlayerService(  296): [decode] decode(33, 32541640, 40044)
E/DrmMtkUtil/DrmUtil(  296): checkDcf: not dcf type, dcf version value [80]
E/Cta5File(  296): Cta5File::isCta5NormalFile false, bad magic:PK
E/Cta5File(  296): Cta5File::isCta5MultimediaFile false, bad magic:
E/DrmMtkUtil/DrmUtil(  296): checkDcf: not dcf type, dcf version value [80]
I/NuPlayer(  296): disable trackId:0
I/GenericSource(  296): GenericSource::initCheck
E/NativeCrypto(16262): ssl=0xee840000 cert_verify_callback x509_store_ctx=0xdeb6fd50 arg=0x0
E/NativeCrypto(16262): ssl=0xee840000 cert_verify_callback calling verifyCertificateChain authMethod=ECDHE_RSA
I/SensorHAL(  877): Dev Batch, handle: 4, name: LSM6DS3 Accelerometer Sensor
I/SensorHAL(  877): Dev Active, handle: 4, name: LSM6DS3 Accelerometer Sensor, enable: 1.
I/SensorHAL(  877): SensorBase::Enable. name: LSM6DS3 Accelerometer Sensor, enable: 1
E/DrmCtaPlugIn(  295): [ERROR]onOpenDecryptSession - The key is not set by user
E/DrmMtkUtil/DrmUtil(  295): parseDcf: not dcf type, dcf version value [80]
E/DrmMtkPlugIn(  295): onOpenDecryptSession() : failed to parse dcf file.
I/SensorHAL(  877): HWSensorBase::Enable, handle: 4, name: lsm6ds3_accel, enable: 1
W/ImageLoader(16262): memoryCache() and memoryCacheSize() calls overlap each other
I/libPerfService(  877): 10: set: 1
I/libPerfService(  877): 10: set freq: 0
I/libPerfService(  877): 10: set gpu level: 0
I/System.out(16262): gba_cipher_suite:TLS_ECDHE_RSA_WITH_AES_128_GCM_SHA256
I/System.out(16262): [OkHttp] sendRequest>>
I/System.out(16262): [OkHttp] sendRequest<<
I/NetworkManagementSocketTagger(16262): untagSocket(39)
W/ActivityManager(  877): getRunningAppProcesses: caller 10105 does not hold REAL_GET_TASKS; limiting output
W/ADB_SERVICES(  476): create_local_service_socket() name=shell:cat /proc/cpuinfo
W/ADB_SERVICES(  476): service_to_fd() name=shell:cat /proc/cpuinfo
W/ADB_SERVICES(  476): read_meminfo() mem_free=73636
W/ADB_SERVICES(  476): create_subproc ret_fd=22 pid=16309
W/ADB_SERVICES(  476): LS(491): bound to 'shell:cat /proc/cpuinfo' via 22
W/ADB_SERVICES(16309): adb: unable to update oom_score_adj
I/Utils   (  296): GetMimeType : fourcc 0x1
I/Utils   (  296): GetMimeType : fourcc 0x1
I/WAVExtractorExt(  296): WAV : mime audio/raw channel 2 samplerate 11025 bps 16 br 353188 dur 907029
I/Utils   (  296): GetMimeType : fourcc 0x1
W/ADB_SERVICES(  476): entered. LS(491) fd=22
I/Utils   (  296): GetMimeType : fourcc 0x1
I/Utils   (  296): GetMimeType : fourcc 0x1
I/WAVExtractorExt(  296): WAV : mime audio/raw channel 2 samplerate 11025 bps 16 br 353188 dur 907029
I/GenericSource(  296): GenericSource::getFormatMeta 0
I/AudioCache(  296): [notify] notify(0xf4074800, 1, 0, 0)
I/GenericSource(  296): start
I/GenericSource(  296): GenericSource::getFormatMeta 1
I/GenericSource(  296): GenericSource::getFormatMeta 0
I/AudioPolicyManager(  296): isOffloadSupported: SR=11025, CM=0x3, Format=0x1, StreamType=-1, BitRate=353188, duration=907029 us, has_video=0
I/NuPlayerRenderer(  296): sFrameAVsyncByVFS 1
E/NuPlayer(  296): onScanSources
I/GenericSource(  296): GenericSource::getFormatMeta 1
I/AudioCache(  296): [notify] notify(0xf4074800, 5, 0, 0)
I/AudioCache(  296): [notify] notify(0xf4074800, 5, 0, 0)
I/MediaCodec(  296): [CreateByType]line:159 audio/raw
I/MediaCodec(  296): [onMessageReceived]line:1320 [][what=kWhatInit][state 0][msg='AMessage(what = 'init', target = 612) = {
I/MediaCodec(  296):   string name = "audio/raw"
I/MediaCodec(  296):   int32_t nameIsType = 1
I/MediaCodec(  296):   int32_t encoder = 0
I/MediaCodec(  296):   int32_t replyID = 3396
I/MediaCodec(  296): }' ]
I/MediaCodec(  296): [onMessageReceived]line:963 [][what=kWhatComponentAllocated][state 1][msg='AMessage(what = 'codc', target = 612) = {
I/MediaCodec(  296):   int32_t what = 1665231980
I/MediaCodec(  296):   string componentName = "OMX.google.raw.decoder"
I/MediaCodec(  296):   int32_t quirks = 0
I/MediaCodec(  296): }' ]
I/MediaCodec(  296): [CreateByType]line:166 audio/raw
I/MediaCodec(  296): Found 0 pieces of codec specific data.
E/OMXNodeInstance(  296): getParameter(a0:google.raw.decoder, ??(0x7f200406)) ERROR: UnsupportedIndex(0x8000101a)
I/MediaCodec(  296): [onMessageReceived]line:991 [OMX.google.raw.decoder][what=kWhatComponentConfigured][state 3][msg='AMessage(what = 'codc', target = 612) = {
I/MediaCodec(  296):   int32_t what = 1665363822
I/MediaCodec(  296):   AMessage input-format = AMessage(what = 0x00000000) = {
I/MediaCodec(  296):                             int32_t support-partial-frame = 0
I/MediaCodec(  296):                             string mime = "audio/raw"
I/MediaCodec(  296):                             int32_t channel-count = 2
I/MediaCodec(  296):                             int32_t sample-rate = 11025
I/MediaCodec(  296):                             int32_t bit-width = 16
I/MediaCodec(  296):                           }
I/MediaCodec(  296):   AMessage output-format = AMessage(what = 'codc', target = 612) = {
I/MediaCodec(  296):                              string mime = "audio/raw"
I/MediaCodec(  296):                              int32_t channel-count = 2
I/MediaCodec(  296):                              int32_t sample-rate = 11025
I/MediaCodec(  296):                              int32_t bit-width = 16
I/MediaCodec(  296):                            }
I/MediaCodec(  296): }' ]
I/MediaCodec(  296): [getOutputFormat]line:566 [OMX.google.raw.decoder]+++
I/NuPlayerDecoder(  296): mSupportsPartialFrames 0 
I/MediaCodec(  296): [start]line:367 [OMX.google.raw.decoder]+++
I/MediaCodec(  296): [onMessageReceived]line:1048 [OMX.google.raw.decoder][what=kWhatBuffersAllocated][state 5][msg='AMessage(what = 'codc', target = 612) = {
I/MediaCodec(  296):   int32_t what = 1634495587
I/MediaCodec(  296):   int32_t portIndex = 0
I/MediaCodec(  296):   RefBase *portDesc = 0xf0837700
I/MediaCodec(  296): }' ]
I/MediaCodec(  296): [onMessageReceived]line:1048 [OMX.google.raw.decoder][what=kWhatBuffersAllocated][state 5][msg='AMessage(what = 'codc', target = 612) = {
I/MediaCodec(  296):   int32_t what = 1634495587
I/MediaCodec(  296):   int32_t portIndex = 1
I/MediaCodec(  296):   RefBase *portDesc = 0xf0837850
I/MediaCodec(  296): }' ]
I/MediaCodec(  296): [getInputBuffers]line:609 [OMX.google.raw.decoder]+++
I/MediaCodec(  296): [getOutputBuffers]line:620 [OMX.google.raw.decoder]+++
I/MediaCodec(  296): codec output format changed mFlags 801
I/MediaCodec(  296): [onMessageReceived]line:1261 [OMX.google.raw.decoder][what=kWhatEOS][state 6] 
I/MediaCodec(  296): [getOutputFormat]line:566 [OMX.google.raw.decoder]+++
I/GenericSource(  296): GenericSource::getFormatMeta 0
I/AudioCache(  296): [open] open(11025, 2, 0x0, 1, 8)
I/NuPlayerDecoder(  296): [OMX.google.raw.decoder] EOS ,timeUs:0 ,size 0
I/AudioCache(  296): [notify] notify(0xf4074800, 6, 0, 0)
I/NuPlayerDecoder(  296): [handleAnOutputBuffer]line:655 [OMX.google.raw.decoder] EOS ,timeUs:0
I/NuPlayerRenderer(  296): [queueEOS]line:174 queueEOS audio:1
I/AudioCache(  296): [notify] notify(0xf4074800, 2, 0, 0)
I/AudioCache(  296): [notify] notify(0xf4074800, 8, 0, 0)
I/NuPlayer(  296): [resetAsync]line:439 mSource:1
I/GenericSource(  296): [disconnect]line:869 mDataSource:1, lock
I/MediaCodec(  296): [flush]line:680 [OMX.google.raw.decoder]+++
I/NuPlayerRenderer(  296): onflush audio 1 flag 0
I/NuPlayerRenderer(  296): [onFlush]line:1553 audiosink flush.
I/MediaCodec(  296): [onMessageReceived]line:1765 [OMX.google.raw.decoder][what=kWhatFlush][state 6][msg='AMessage(what = 'flus', target = 612) = {
I/MediaCodec(  296):   int32_t replyID = 3425
I/MediaCodec(  296): }' ]
I/MediaCodec(  296): [onMessageReceived]line:1294 [OMX.google.raw.decoder][what=kWhatFlushCompleted][state 7][msg='AMessage(what = 'codc', target = 612) = {
I/MediaCodec(  296):   int32_t what = 1717792621
I/MediaCodec(  296): }' ]
I/MediaCodec(  296): [release]line:383 [OMX.google.raw.decoder]+++
I/ACodec  (  296): freeBuffersOnPort portIndex 0
I/ACodec  (  296): freeBuffersOnPort portIndex 1
I/MediaCodec(  296): [onMessageReceived]line:1268 [OMX.google.raw.decoder][what=kWhatShutdownCompleted][state 10][msg='AMessage(what = 'codc', target = 612) = {
I/MediaCodec(  296):   int32_t what = 1935896429
I/MediaCodec(  296): }' ]
I/MediaCodec(  296): [~MediaCodec]line:205 [][mState 0]+++
I/NuPlayer(  296): [finishFlushIfPossible]line:1565 mFlushingAudio 5 ,mFlushingVideo 0
I/MediaPlayerService(  296): [decode] decode(33, 32229804, 50044)
E/DrmMtkUtil/DrmUtil(  296): checkDcf: not dcf type, dcf version value [80]
E/Cta5File(  296): Cta5File::isCta5NormalFile false, bad magic:PK
E/Cta5File(  296): Cta5File::isCta5MultimediaFile false, bad magic:
E/DrmMtkUtil/DrmUtil(  296): checkDcf: not dcf type, dcf version value [80]
I/NuPlayer(  296): disable trackId:0
I/GenericSource(  296): GenericSource::initCheck
E/DrmCtaPlugIn(  295): [ERROR]onOpenDecryptSession - The key is not set by user
E/DrmMtkUtil/DrmUtil(  295): parseDcf: not dcf type, dcf version value [80]
E/DrmMtkPlugIn(  295): onOpenDecryptSession() : failed to parse dcf file.
W/ADB_SERVICES(  476): create_local_service_socket() name=shell:dumpsys battery
W/ADB_SERVICES(  476): service_to_fd() name=shell:dumpsys battery
W/ADB_SERVICES(  476): read_meminfo() mem_free=68552
W/ADB_SERVICES(  476): create_subproc ret_fd=22 pid=16318
W/ADB_SERVICES(  476): LS(492): bound to 'shell:dumpsys battery' via 22
W/ADB_SERVICES(16318): adb: unable to update oom_score_adj
W/ADB_SERVICES(  476): entered. LS(492) fd=22
I/SurfaceFlinger(  275): EventThread Client Pid (16262) created
I/SurfaceFlinger(  275): EventThread Client Pid (16262) created
I/SurfaceFlinger(  275): [SF client] NEW(0x7f8e41d300) for (877:system_server)
I/ActivityManager(  877): Activity reported stop, but no longer stopping: ActivityRecord{9b13ae9 u0 com.jieshun.jslife/.activity.common.WelcomeActivity t17 f}
I/com.jieshun.jslife.service.XMPPService(16262): start XMPPService ===============
E/PhoneInterfaceManager( 1598): [PhoneIntfMgr] getIccId: ICC ID is null or empty.
I/com.jieshun.jslife.service.XMPPService(16262): startRequestQueQue ===============
I/CallbackListener(16262): xmppQueQue==========
I/XMPP    (16262): openfire----  disconnect()
E/Ble     (16262): BluetoothLeService  onStartCommand()
I/XMPP    (16262): 1111 ======== isRunning = true
I/XMPP    (16262): ========
I/XMPP    (16262): openfire============== OPENFIRE=jsimp.jslife.com.cn SERVICE_NAME=openfire-cloud PORT=7608  userName=13632836691  pwd=test123456 ; resource=A1b117b2fb
I/XMPP    (16262): ----userName========13632836691 ; pwd========test123456 ; resource======A1b117b2fb
I/SensorHAL(  877): Dev Flush, handle: 4, name: LSM6DS3 Accelerometer Sensor, ret: -22
I/MediaPlayerService(  296): [decode] decode(40, 32541640, 40044)
E/DrmMtkUtil/DrmUtil(  296): checkDcf: not dcf type, dcf version value [80]
E/Cta5File(  296): Cta5File::isCta5NormalFile false, bad magic:PK
E/Cta5File(  296): Cta5File::isCta5MultimediaFile false, bad magic:
E/DrmMtkUtil/DrmUtil(  296): checkDcf: not dcf type, dcf version value [80]
I/System.out(16262): onGetPermissionState iError 0
I/System.out(16262): *****key*****
I/NuPlayer(  296): disable trackId:0
I/GenericSource(  296): GenericSource::initCheck
I/MobclickAgent(16262): Start new session: EA0C8D61DDE69A489A061BD8FE660B13
E/DrmCtaPlugIn(  295): [ERROR]onOpenDecryptSession - The key is not set by user
E/DrmMtkUtil/DrmUtil(  295): parseDcf: not dcf type, dcf version value [80]
E/DrmMtkPlugIn(  295): onOpenDecryptSession() : failed to parse dcf file.
E/GED     (16262): Failed to get GED Log Buf, err(0)
I/OpenGLRenderer(16262): Initialized EGL, version 1.4
I/Utils   (  296): GetMimeType : fourcc 0x1
I/Utils   (  296): GetMimeType : fourcc 0x1
I/WAVExtractorExt(  296): WAV : mime audio/raw channel 2 samplerate 11025 bps 16 br 353110 dur 1133786
I/Utils   (  296): GetMimeType : fourcc 0x1
I/[MALI][Gralloc](  275): Usage: 0xb00, format: 0x1 stride: 1088 vertical_stride: 1920 size: 8355840
I/[MALI][Gralloc](  275): Usage: 0xb00, format: 0x1 stride: 1088 vertical_stride: 1920 size: 8355840
I/[MALI][Gralloc](  275): Usage: 0xb00, format: 0x1 stride: 1088 vertical_stride: 1920 size: 8355840
I/[MALI][Gralloc](  275): Usage: 0xb00, format: 0x1 stride: 1088 vertical_stride: 1920 size: 8355840
I/Utils   (  296): GetMimeType : fourcc 0x1
I/Utils   (  296): GetMimeType : fourcc 0x1
I/WAVExtractorExt(  296): WAV : mime audio/raw channel 2 samplerate 11025 bps 16 br 353110 dur 1133786
I/GenericSource(  296): GenericSource::getFormatMeta 0
I/AudioCache(  296): [notify] notify(0xf42a5580, 1, 0, 0)
I/GenericSource(  296): start
I/GenericSource(  296): GenericSource::getFormatMeta 1
I/GenericSource(  296): GenericSource::getFormatMeta 0
I/AudioPolicyManager(  296): isOffloadSupported: SR=11025, CM=0x3, Format=0x1, StreamType=-1, BitRate=353110, duration=1133786 us, has_video=0
I/NuPlayerRenderer(  296): sFrameAVsyncByVFS 1
E/NuPlayer(  296): onScanSources
I/GenericSource(  296): GenericSource::getFormatMeta 1
I/AudioCache(  296): [notify] notify(0xf42a5580, 5, 0, 0)
I/AudioCache(  296): [notify] notify(0xf42a5580, 5, 0, 0)
I/MediaCodec(  296): [CreateByType]line:159 audio/raw
I/MediaCodec(  296): [onMessageReceived]line:1320 [][what=kWhatInit][state 0][msg='AMessage(what = 'init', target = 621) = {
I/MediaCodec(  296):   string name = "audio/raw"
I/MediaCodec(  296):   int32_t nameIsType = 1
I/MediaCodec(  296):   int32_t encoder = 0
I/MediaCodec(  296):   int32_t replyID = 3431
I/MediaCodec(  296): }' ]
I/MediaCodec(  296): [onMessageReceived]line:963 [][what=kWhatComponentAllocated][state 1][msg='AMessage(what = 'codc', target = 621) = {
I/MediaCodec(  296):   int32_t what = 1665231980
I/MediaCodec(  296):   string componentName = "OMX.google.raw.decoder"
I/MediaCodec(  296):   int32_t quirks = 0
I/MediaCodec(  296): }' ]
I/MediaCodec(  296): [CreateByType]line:166 audio/raw
I/MediaCodec(  296): Found 0 pieces of codec specific data.
E/OMXNodeInstance(  296): getParameter(a1:google.raw.decoder, ??(0x7f200406)) ERROR: UnsupportedIndex(0x8000101a)
I/MediaCodec(  296): [onMessageReceived]line:991 [OMX.google.raw.decoder][what=kWhatComponentConfigured][state 3][msg='AMessage(what = 'codc', target = 621) = {
I/MediaCodec(  296):   int32_t what = 1665363822
I/MediaCodec(  296):   AMessage input-format = AMessage(what = 0x00000000) = {
I/MediaCodec(  296):                             int32_t support-partial-frame = 0
I/MediaCodec(  296):                             string mime = "audio/raw"
I/MediaCodec(  296):                             int32_t channel-count = 2
I/MediaCodec(  296):                             int32_t sample-rate = 11025
I/MediaCodec(  296):                             int32_t bit-width = 16
I/MediaCodec(  296):                           }
I/MediaCodec(  296):   AMessage output-format = AMessage(what = 'codc', target = 621) = {
I/MediaCodec(  296):                              string mime = "audio/raw"
I/MediaCodec(  296):                              int32_t channel-count = 2
I/MediaCodec(  296):                              int32_t sample-rate = 11025
I/MediaCodec(  296):                              int32_t bit-width = 16
I/MediaCodec(  296):                            }
I/MediaCodec(  296): }' ]
I/MediaCodec(  296): [getOutputFormat]line:566 [OMX.google.raw.decoder]+++
I/NuPlayerDecoder(  296): mSupportsPartialFrames 0 
I/MediaCodec(  296): [start]line:367 [OMX.google.raw.decoder]+++
