I/ActivityManager(  866): Start proc 7494:com.android.defcontainer/u0a6 for service com.android.defcontainer/.DefaultContainerService
I/PackageManager(  866): mcs_bound
I/PackageManager(  866): startCopy UserHandle{0}: InstallParams{3f6ce136 file=/data/app/vmdl1090626754.tmp cid=null}
I/PackageManager(  866): Apk copy done
I/PackageManager(  866): Start parsing apk: com.meizu.mstore
W/PackageParser(  866): No actions in intent filter at /data/app/vmdl1090626754.tmp/base.apk Binary XML file line #415
W/PackageParser(  866): No actions in intent filter at /data/app/vmdl1090626754.tmp/base.apk Binary XML file line #424
I/PackageManager(  866): Parsing done for apk: com.meizu.mstore
I/NetworkStatsRecorder(  866): recordSnapshotLocked: ident[[{type=WIFI, subType=COMBINED, networkId=chaozhouniurouwan}]]
W/NetworkStatsRecorder(  866): unknown interfaces [lo, p2p0], ignoring those stats
I/NetworkStatsRecorder(  866): recordSnapshotLocked: ident[[{type=WIFI, subType=COMBINED, networkId=chaozhouniurouwan}]]
W/NetworkStatsRecorder(  866): unknown interfaces [lo, p2p0], ignoring those stats
I/NetworkStatsRecorder(  866): recordSnapshotLocked: ident[[{type=WIFI, subType=COMBINED, networkId=chaozhouniurouwan}]]
I/NetworkStatsRecorder(  866): recordSnapshotLocked: ident[[{type=WIFI, subType=COMBINED, networkId=chaozhouniurouwan}]]
I/NetworkStatsRecorder(  866): recordSnapshotLocked: ident[[{type=WIFI, subType=COMBINED, networkId=chaozhouniurouwan}]]
W/NetworkStatsRecorder(  866): unknown interfaces [lo, p2p0], ignoring those stats
W/NetworkStatsRecorder(  866): unknown interfaces [lo, p2p0], ignoring those stats
I/PackageManager(  866): Start installation for package: com.meizu.mstore
I/ActivityManager(  866): Force stopping com.meizu.mcare appid=1000 user=-1: uninstall pkg
I/PackageManager(  866): args=com.android.server.pm.PackageManagerService$FileInstallArgs@12b1793b
I/PackageManager(  866): Package com.meizu.mcare codePath changed from /data/app/com.meizu.mcare-1 to /data/app/com.meizu.mcare-2; Retaining data and using new
I/PackageManager(  866): Linking native library dir for /data/app/com.meizu.mcare-2
I/PackageManager(  866): Perform pre-dex opt for package: com.meizu.mcare
I/PackageManager(  866): Running dexopt on: /data/app/com.meizu.mcare-2/base.apk pkg=com.meizu.mcare isa=arm64 vmSafeMode=false
I/thermal_repeater(  319): oh, queryMdThermalInfo (0)Bad file number
I/thermal_repeater(  319): [recvMdThermalInfo] ret=25, strLen=127,  1, 32767,,, -1, 32767, 2
W/Watchdog(  866): SWT Watchdog after wait current time:632498
W/Watchdog(  866): **Get SF Time **1
W/Watchdog(  866): SWT Watchdog before synchronized:632499
W/Watchdog(  866): SWT Watchdog after synchronized:632499
W/Watchdog(  866): SWT Watchdog before wait timeout:30000
W/Watchdog(  866): SWT Watchdog before wait current time:632499
W/Watchdog(  866): SWT Watchdog before wait start:632499
W/Watchdog(  866): SWT Watchdog before wait CHECK_INTERVAL:30000
I/thermal_repeater(  319): oh, queryMdThermalInfo (0)Bad file number
I/thermal_repeater(  319): [recvMdThermalInfo] ret=25, strLen=127,  1, 32767,,, -1, 32767, 2
I/thermal_repeater(  319): oh, queryMdThermalInfo (0)Bad file number
I/thermal_repeater(  319): [recvMdThermalInfo] ret=25, strLen=127,  1, 32767,,, -1, 32767, 2
I/thermal_repeater(  319): oh, queryMdThermalInfo (0)Bad file number
I/thermal_repeater(  319): [recvMdThermalInfo] ret=25, strLen=127,  1, 32767,,, -1, 32767, 2
I/PackageManager(  866): Dexopt done on: com.meizu.mcare
W/PackageManager(  866): Code path for pkg : com.meizu.mcare changing from /data/app/com.meizu.mcare-1 to /data/app/com.meizu.mcare-2
W/PackageManager(  866): Resource path for pkg : com.meizu.mcare changing from /data/app/com.meizu.mcare-1 to /data/app/com.meizu.mcare-2
I/ActivityManager(  866): Force stopping com.meizu.mcare appid=1000 user=-1: update pkg
I/PackageManager(  866): Un-granting permission android.permission.REAL_GET_TASKS from package com.android.providers.downloads.ui (protectionLevel=18 flags=0xc83e45)
W/PackageManager(  866): Unknown permission android.permission.LOCAL_MAC_ADDRESS in package com.meizu.mcare
W/PackageManager(  866): Unknown permission flyme.permission.ROOT_RECOVERY_STATE in package com.meizu.mcare
I/PackageManager(  866): Installation done for package: com.meizu.mstore
I/PackageManager(  866): mcs_check
I/PackageManager(  866): mcs_check(true, 1)
I/PackageManager(  866): mcs_unbind
I/PackageManager(  866): calling disconnectService()
I/ActivityManager(  866): Force stopping com.meizu.mcare appid=1000 user=0: pkg removed
I/ActivityManager(  866): Start proc 7576:com.android.musicfx/u0a22 for broadcast com.android.musicfx/.Compatibility$Receiver
W/ActivityManager(  866): Skip forceProcessStateUpTo() to newState 8
I/ActivityManager(  866): Start proc 7601:com.meizu.filemanager/u0a47 for broadcast com.meizu.filemanager/com.meizu.flyme.filemanager.PackageInstallReceiver
I/ActivityManager(  866): Killing 4364:com.meizu.netcontactservice:breakingscam/u0a7 (adj 15): empty #17
W/ActivityManager(  866): Skip forceProcessStateUpTo() to newState 8
W/VoiceInteractionManagerService(  866): no available voice recognition services found for user 0
I/ActivityManager(  866): Start proc 7623:com.android.keychain/1000 for broadcast com.android.keychain/.KeyChainBroadcastReceiver
I/ActivityManager(  866): Killing 4908:com.android.providers.calendar/u0a3 (adj 15): empty #17
W/ActivityManager(  866): Skip forceProcessStateUpTo() to newState 8
W/ContextImpl( 7623): Calling a method in the system process without a qualified user: android.app.ContextImpl.startService:1863 android.content.ContextWrapper.startService:516 android.content.ContextWrapper.startService:516 com.android.keychain.KeyChainBroadcastReceiver.onReceive:12 android.app.ActivityThread.handleReceiver:3016 
I/ActivityManager(  866): Start proc 7646:com.android.packageinstaller/1000 for broadcast com.android.packageinstaller/.AppFirstLaunchReceiver
I/ActivityManager(  866): Killing 4140:com.meizu.privacy/1338 (adj 15): empty #17
W/ActivityManager(  866): Skip forceProcessStateUpTo() to newState 8
I/ActivityManager(  866): Killing 6362:com.meizu.media.music/u0a21 (adj 15): empty #17
W/ContextImpl( 1773): Calling a method in the system process without a qualified user: android.app.ContextImpl.startService:1863 android.content.ContextWrapper.startService:516 com.meizu.safe.InstallReceiver.a:210 com.meizu.safe.InstallReceiver.onReceive:131 android.app.ActivityThread.handleReceiver:3016 
I/ActivityManager(  866): Start proc 7678:com.svox.pico/u0a72 for broadcast com.svox.pico/.VoiceDataInstallerReceiver
W/ActivityManager(  866): Skip forceProcessStateUpTo() to newState 8
I/ActivityManager(  866): Killing 4809:com.android.calendar:remote/u0a40 (adj 15): empty #17
I/thermal_repeater(  319): oh, queryMdThermalInfo (0)Bad file number
I/thermal_repeater(  319): [recvMdThermalInfo] ret=25, strLen=127,  1, 32767,,, -1, 32767, 2
I/ActivityManager(  866): Killing 6439:com.mediatek.providers.drm/u0a46 (adj 15): empty #17
I/thermal_repeater(  319): oh, queryMdThermalInfo (0)Bad file number
I/thermal_repeater(  319): [recvMdThermalInfo] ret=25, strLen=127,  1, 32767,,, -1, 32767, 2
I/thermal_repeater(  319): oh, queryMdThermalInfo (0)Bad file number
I/thermal_repeater(  319): [recvMdThermalInfo] ret=25, strLen=127,  1, 32767,,, -1, 32767, 2
W/Watchdog(  866): SWT Watchdog after wait current time:662499
W/Watchdog(  866): **Get SF Time **1
W/Watchdog(  866): SWT Watchdog before synchronized:662499
W/Watchdog(  866): SWT Watchdog after synchronized:662499
W/Watchdog(  866): SWT Watchdog before wait timeout:30000
W/Watchdog(  866): SWT Watchdog before wait current time:662499
W/Watchdog(  866): SWT Watchdog before wait start:662499
W/Watchdog(  866): SWT Watchdog before wait CHECK_INTERVAL:30000
I/thermal_repeater(  319): oh, queryMdThermalInfo (0)Bad file number
I/thermal_repeater(  319): [recvMdThermalInfo] ret=25, strLen=127,  1, 32767,,, -1, 32767, 2
I/thermal_repeater(  319): oh, queryMdThermalInfo (0)Bad file number
I/thermal_repeater(  319): [recvMdThermalInfo] ret=25, strLen=127,  1, 32767,,, -1, 32767, 2
I/thermal_repeater(  319): oh, queryMdThermalInfo (0)Bad file number
I/thermal_repeater(  319): [recvMdThermalInfo] ret=25, strLen=127,  1, 32767,,, -1, 32767, 2
I/thermal_repeater(  319): oh, queryMdThermalInfo (0)Bad file number
I/thermal_repeater(  319): [recvMdThermalInfo] ret=25, strLen=127,  1, 32767,,, -1, 32767, 2
I/NetworkStatsRecorder(  866): recordSnapshotLocked: ident[[{type=WIFI, subType=COMBINED, networkId=chaozhouniurouwan}]]
W/NetworkStatsRecorder(  866): unknown interfaces [lo, p2p0], ignoring those stats
I/NetworkStatsRecorder(  866): recordSnapshotLocked: ident[[{type=WIFI, subType=COMBINED, networkId=chaozhouniurouwan}]]
W/NetworkStatsRecorder(  866): unknown interfaces [lo, p2p0], ignoring those stats
I/NetworkStatsRecorder(  866): recordSnapshotLocked: ident[[{type=WIFI, subType=COMBINED, networkId=chaozhouniurouwan}]]
I/NetworkStatsRecorder(  866): recordSnapshotLocked: ident[[{type=WIFI, subType=COMBINED, networkId=chaozhouniurouwan}]]
I/NetworkStatsRecorder(  866): recordSnapshotLocked: ident[[{type=WIFI, subType=COMBINED, networkId=chaozhouniurouwan}]]
I/NetworkStatsRecorder(  866): recordSnapshotLocked: ident[[{type=WIFI, subType=COMBINED, networkId=chaozhouniurouwan}]]
I/NetworkStatsRecorder(  866): recordSnapshotLocked: ident[[{type=WIFI, subType=COMBINED, networkId=chaozhouniurouwan}]]
W/NetworkStatsRecorder(  866): unknown interfaces [lo, p2p0], ignoring those stats
I/NetworkStatsRecorder(  866): recordSnapshotLocked: ident[[{type=WIFI, subType=COMBINED, networkId=chaozhouniurouwan}]]
W/NetworkStatsRecorder(  866): unknown interfaces [lo, p2p0], ignoring those stats
W/JobServiceContext(  866): verifyCallingUid.511..:[ComponentInfo{com.meizu.mstore/com.meizu.cloud.app.jobscheduler.JobSchedulerService},jId=105,u0,R=(-00:47,-00:47),N=2,C=false,I=false,F=0,P=false(READY)]
W/JobServiceContext(  866): verifyCallingUid. END
W/JobServiceContext(  866): verifyCallingUid.511..:[ComponentInfo{com.meizu.mstore/com.meizu.cloud.app.jobscheduler.JobSchedulerService},jId=105,u0,R=(-00:47,-00:47),N=2,C=false,I=false,F=0,P=false(READY)]
W/JobServiceContext(  866): verifyCallingUid. END
W/JobServiceContext(  866): closeAndCleanupJobH.511..:[ComponentInfo{com.meizu.mstore/com.meizu.cloud.app.jobscheduler.JobSchedulerService},jId=105,u0,R=(-00:47,-00:47),N=2,C=false,I=false,F=0,P=false(READY)]
E/ConnectivityService(  866): ERROR: The network agent is created)
I/WifiDisplayController(  866): Received NETWORK_STATE_CHANGED,con:false,SSID:null,Freq:0,netId:-1
I/WifiDisplayController(  866): Received NETWORK_STATE_CHANGED,con:true,SSID:"chaozhouniurouwan",Freq:2412,netId:0
I/thermal_repeater(  319): oh, queryMdThermalInfo (0)Bad file number
I/thermal_repeater(  319): [recvMdThermalInfo] ret=25, strLen=127,  1, 32767,,, -1, 32767, 2
W/Watchdog(  866): SWT Watchdog after wait current time:692500
W/Watchdog(  866): **Get SF Time **1
W/Watchdog(  866): SWT Watchdog before synchronized:692500
W/Watchdog(  866): SWT Watchdog after synchronized:692500
W/Watchdog(  866): SWT Watchdog before wait timeout:30000
W/Watchdog(  866): SWT Watchdog before wait current time:692500
W/Watchdog(  866): SWT Watchdog before wait start:692500
W/Watchdog(  866): SWT Watchdog before wait CHECK_INTERVAL:30000
I/thermal_repeater(  319): oh, queryMdThermalInfo (0)Bad file number
I/thermal_repeater(  319): [recvMdThermalInfo] ret=25, strLen=127,  1, 32767,,, -1, 32767, 2
I/thermal_repeater(  319): oh, queryMdThermalInfo (0)Bad file number
I/thermal_repeater(  319): [recvMdThermalInfo] ret=25, strLen=127,  1, 32767,,, -1, 32767, 2
I/thermal_repeater(  319): oh, queryMdThermalInfo (0)Bad file number
I/thermal_repeater(  319): [recvMdThermalInfo] ret=25, strLen=127,  1, 32767,,, -1, 32767, 2
I/PowerManagerService(  866): Waking up from sleep (uid 1000)...reason:101
I/ActivityManager(  866): onWakefulnessChanged: 1
W/ContextImpl(  866): Calling a method in the system process without a qualified user: android.app.ContextImpl.sendBroadcast:1474 com.android.server.statusbar.StatusBarManagerService.onPanelRevealed:531 com.android.internal.statusbar.IStatusBarService$Stub.onTransact:185 android.os.Binder.execTransact:454 <bottom of call stack> 
I/DisplayPowerController(  866): Blocking screen on until initial contents have been drawn.
I/DisplayManagerService(  866): Display device changed: DisplayDeviceInfo{"内置屏幕": uniqueId="local:0", 1080 x 1920, 57.35 fps, supportedRefreshRates [57.35], density 480, 480.0 x 480.0 dpi, appVsyncOff -8000000, presDeadline 26436792, touch INTERNAL, rotation 0, type BUILT_IN, state ON, subtype 0, FLAG_DEFAULT_DISPLAY, FLAG_ROTATES_WITH_CONTENT, FLAG_SECURE, FLAG_SUPPORTS_PROTECTED_BUFFERS}
I/DisplayPowerController(  866): Unblocked screen on after 364 ms
W/ContextImpl(  866): Calling a method in the system process without a qualified user: android.app.ContextImpl.sendBroadcast:1474 com.android.server.statusbar.StatusBarManagerService.onPanelHidden:555 com.android.internal.statusbar.IStatusBarService$Stub.onTransact:192 android.os.Binder.execTransact:454 <bottom of call stack> 
I/StatusBarManagerService(  866): disable by pkg=com.android.systemui
W/ContextImpl( 1773): Calling a method in the system process without a qualified user: android.app.ContextImpl.startService:1863 android.content.ContextWrapper.startService:516 android.content.ContextWrapper.startService:516 com.meizu.networkmanager.c.r.a:25 com.meizu.networkmanager.boradcast.TrafficGlobalReceiver$2.run:244 
I/WindowManager(  866): Gaining focus: Window{322460b7 u0 com.meizu.flyme.launcher/com.meizu.flyme.launcher.Launcher}
I/WindowManager(  866): Losing focus: Window{2155a86c u0 StatusBar}
I/ActivityManager(  866): Start proc 7753:com.meizu.privacy/1338 for broadcast com.meizu.privacy/.PrivacyControllerReceiver
W/InputMethodManagerService(  866): Window already focused, ignoring focus gain of: com.android.internal.view.IInputMethodClient$Stub$Proxy@19eb34a4 attribute=android.view.inputmethod.EditorInfo@e07920d, token = android.os.BinderProxy@2fd8cbb6
I/NetworkStatsRecorder(  866): recordSnapshotLocked: ident[[{type=WIFI, subType=COMBINED, networkId=chaozhouniurouwan}]]
W/NetworkStatsRecorder(  866): unknown interfaces [lo, p2p0], ignoring those stats
I/NetworkStatsRecorder(  866): recordSnapshotLocked: ident[[{type=WIFI, subType=COMBINED, networkId=chaozhouniurouwan}]]
W/NetworkStatsRecorder(  866): unknown interfaces [lo, p2p0], ignoring those stats
I/NetworkStatsRecorder(  866): recordSnapshotLocked: ident[[{type=WIFI, subType=COMBINED, networkId=chaozhouniurouwan}]]
I/NetworkStatsRecorder(  866): recordSnapshotLocked: ident[[{type=WIFI, subType=COMBINED, networkId=chaozhouniurouwan}]]
I/NetworkStatsRecorder(  866): recordSnapshotLocked: ident[[{type=WIFI, subType=COMBINED, networkId=chaozhouniurouwan}]]
I/NetworkStatsRecorder(  866): recordSnapshotLocked: ident[[{type=WIFI, subType=COMBINED, networkId=chaozhouniurouwan}]]
W/NetworkStatsRecorder(  866): unknown interfaces [lo, p2p0], ignoring those stats
I/NetworkStatsRecorder(  866): recordSnapshotLocked: ident[[{type=WIFI, subType=COMBINED, networkId=chaozhouniurouwan}]]
W/NetworkStatsRecorder(  866): unknown interfaces [lo, p2p0], ignoring those stats
W/ActivityManager(  866): Skip forceProcessStateUpTo() to newState 8
I/ActivityManager(  866): Start proc 7779:com.meizu.net.search/u0a76 for broadcast com.meizu.net.search/.hotword.HotWordReceiver
W/ActivityManager(  866): Skip forceProcessStateUpTo() to newState 8
I/ActivityManager(  866): Killing 6464:com.mediatek.systemupdate/u0a78 (adj 15): empty #17
I/ActivityManager(  866): Killing 6996:com.meizu.media.reader/u0a74 (adj 15): empty #17
W/ContextImpl(  866): Calling a method in the system process without a qualified user: android.app.ContextImpl.sendBroadcast:1474 com.android.server.statusbar.StatusBarManagerService.onPanelRevealed:531 com.android.internal.statusbar.IStatusBarService$Stub.onTransact:185 android.os.Binder.execTransact:454 <bottom of call stack> 
I/WindowManager(  866): Gaining focus: Window{2155a86c u0 StatusBar}
I/WindowManager(  866): Losing focus: Window{322460b7 u0 com.meizu.flyme.launcher/com.meizu.flyme.launcher.Launcher}
I/thermal_repeater(  319): oh, queryMdThermalInfo (0)Bad file number
I/thermal_repeater(  319): [recvMdThermalInfo] ret=25, strLen=127,  1, 32767,,, -1, 32767, 2
I/ActivityManager(  866): Start proc 7822:com.meizu.media.reader/u0a74 for broadcast com.meizu.media.reader/.module.push.ReaderPushReceiver
W/ContextImpl(  866): Calling a method in the system process without a qualified user: android.app.ContextImpl.sendBroadcast:1474 com.android.server.statusbar.StatusBarManagerService.onPanelHidden:555 com.android.internal.statusbar.IStatusBarService$Stub.onTransact:192 android.os.Binder.execTransact:454 <bottom of call stack> 
W/ActivityManager(  866): Skip forceProcessStateUpTo() to newState 8
I/WindowManager(  866): Gaining focus: Window{322460b7 u0 com.meizu.flyme.launcher/com.meizu.flyme.launcher.Launcher}
I/WindowManager(  866): Losing focus: Window{2155a86c u0 StatusBar}
W/InputMethodManagerService(  866): Window already focused, ignoring focus gain of: com.android.internal.view.IInputMethodClient$Stub$Proxy@70e7d96 attribute=null, token = android.os.BinderProxy@2fd8cbb6
W/StatusBar( 1043): removeFakeNotificationViews()---removeNotification for unknown pkg: com.meizu.media.reader
W/StatusBar( 1043): removeFakeNotificationViews()---removeNotification for unknown pkg: com.meizu.flyme.weather
W/StatusBar( 1043): removeFakeNotificationViews()---removeNotification for unknown pkg: com.meizu.media.video
W/StatusBar( 1043): updateNotification for unknown pkg: com.android.browser
W/StatusBar( 1043): removeFakeNotificationViews()---removeNotification for unknown pkg: com.meizu.mstore
W/StatusBar( 1043): removeFakeNotificationViews()---removeNotification for unknown pkg: com.android.browser
W/BroadcastQueue(  866): Permission Denial: broadcasting Intent { act=com.meizu.cloud.center.ignore.update flg=0x10 (has extras) } from com.meizu.mstore (pid=-1, uid=10038) is not exported from uid 10050 due to receiver com.meizu.flyme.gamecenter/com.meizu.cloud.app.receiver.UpdateCheckReceiver
I/ActivityManager(  866): Killing 7494:com.android.defcontainer/u0a6 (adj 15): empty #17
E/Vold    (  274): Failed to find mounted volume for /storage/sdcard1/Android/data/com.meizu.media.reader/cache/
W/Vold    (  274): Returning OperationFailed - no handler for errno 0
I/NetworkStatsRecorder(  866): recordSnapshotLocked: ident[[{type=WIFI, subType=COMBINED, networkId=chaozhouniurouwan}]]
W/NetworkStatsRecorder(  866): unknown interfaces [lo, p2p0], ignoring those stats
I/NetworkStatsRecorder(  866): recordSnapshotLocked: ident[[{type=WIFI, subType=COMBINED, networkId=chaozhouniurouwan}]]
W/NetworkStatsRecorder(  866): unknown interfaces [lo, p2p0], ignoring those stats
I/NetworkStatsRecorder(  866): recordSnapshotLocked: ident[[{type=WIFI, subType=COMBINED, networkId=chaozhouniurouwan}]]
I/NetworkStatsRecorder(  866): recordSnapshotLocked: ident[[{type=WIFI, subType=COMBINED, networkId=chaozhouniurouwan}]]
I/NetworkStatsRecorder(  866): recordSnapshotLocked: ident[[{type=WIFI, subType=COMBINED, networkId=chaozhouniurouwan}]]
I/NetworkStatsRecorder(  866): recordSnapshotLocked: ident[[{type=WIFI, subType=COMBINED, networkId=chaozhouniurouwan}]]
I/NetworkStatsRecorder(  866): recordSnapshotLocked: ident[[{type=WIFI, subType=COMBINED, networkId=chaozhouniurouwan}]]
W/NetworkStatsRecorder(  866): unknown interfaces [lo, p2p0], ignoring those stats
I/NetworkStatsRecorder(  866): recordSnapshotLocked: ident[[{type=WIFI, subType=COMBINED, networkId=chaozhouniurouwan}]]
W/NetworkStatsRecorder(  866): unknown interfaces [lo, p2p0], ignoring those stats
E/Vold    (  274): Failed to find mounted volume for /storage/sdcard1/Android/data/com.meizu.media.reader/cache/
W/Vold    (  274): Returning OperationFailed - no handler for errno 0
W/ContextImpl(  866): Calling a method in the system process without a qualified user: android.app.ContextImpl.sendBroadcast:1474 com.android.server.statusbar.StatusBarManagerService.onPanelRevealed:531 com.android.internal.statusbar.IStatusBarService$Stub.onTransact:185 android.os.Binder.execTransact:454 <bottom of call stack> 
I/WindowManager(  866): Gaining focus: Window{2155a86c u0 StatusBar}
I/WindowManager(  866): Losing focus: Window{322460b7 u0 com.meizu.flyme.launcher/com.meizu.flyme.launcher.Launcher}
E/Vold    (  274): Failed to find mounted volume for /storage/sdcard1/Android/data/com.meizu.media.reader/cache/
W/Vold    (  274): Returning OperationFailed - no handler for errno 0
E/Vold    (  274): Failed to find mounted volume for /storage/sdcard1/Android/data/com.meizu.media.reader/cache/
W/Vold    (  274): Returning OperationFailed - no handler for errno 0
W/ContextImpl(  866): Calling a method in the system process without a qualified user: android.app.ContextImpl.sendBroadcast:1474 com.android.server.statusbar.StatusBarManagerService.onPanelHidden:555 com.android.internal.statusbar.IStatusBarService$Stub.onTransact:192 android.os.Binder.execTransact:454 <bottom of call stack> 
I/WindowManager(  866): Gaining focus: Window{322460b7 u0 com.meizu.flyme.launcher/com.meizu.flyme.launcher.Launcher}
I/WindowManager(  866): Losing focus: Window{2155a86c u0 StatusBar}
W/InputMethodManagerService(  866): Window already focused, ignoring focus gain of: com.android.internal.view.IInputMethodClient$Stub$Proxy@39e388cc attribute=null, token = android.os.BinderProxy@2fd8cbb6
I/thermal_repeater(  319): oh, queryMdThermalInfo (0)Bad file number
I/thermal_repeater(  319): [recvMdThermalInfo] ret=25, strLen=127,  1, 32767,,, -1, 32767, 2
I/thermal_repeater(  319): oh, queryMdThermalInfo (0)Bad file number
I/thermal_repeater(  319): [recvMdThermalInfo] ret=25, strLen=127,  1, 32767,,, -1, 32767, 2
W/Watchdog(  866): SWT Watchdog after wait current time:722500
W/Watchdog(  866): **Get SF Time **1
W/Watchdog(  866): SWT Watchdog before synchronized:722501
W/Watchdog(  866): SWT Watchdog after synchronized:722501
W/Watchdog(  866): SWT Watchdog before wait timeout:30000
W/Watchdog(  866): SWT Watchdog before wait current time:722501
W/Watchdog(  866): SWT Watchdog before wait start:722501
W/Watchdog(  866): SWT Watchdog before wait CHECK_INTERVAL:30000
I/EntropyMixer(  866): Writing entropy...
W/ContextImpl( 1773): Calling a method in the system process without a qualified user: android.app.ContextImpl.startService:1863 android.content.ContextWrapper.startService:516 android.content.ContextWrapper.startService:516 com.meizu.safe.blockService.receiver.PowerConnectionReceiver.onReceive:26 android.app.ActivityThread.handleReceiver:3016 
I/ValidateNoPeople(  866): skipping global notification
I/ValidateNoPeople(  866): skipping global notification
W/UsbDeviceManager(  866): sys.usb.mtpConnect = mtpConnection
I/ActivityManager(  866): Start proc 7949:com.mediatek.mtklogger/u0a57 for broadcast com.mediatek.mtklogger/.framework.LogReceiver
W/ActivityManager(  866): Skip forceProcessStateUpTo() to newState 8
W/UsbDeviceManager(  866): sys.usb.mtpConnect = mtpConnection
I/MountService(  866): isUsbMassStorageEnabled: false
I/ActivityManager(  866): Start proc 7973:com.meizu.media.music/u0a21 for broadcast com.meizu.media.music/.feature.recent_add_notify.UsbAndSdcardReceiver
I/ActivityManager(  866): Killing 7623:com.android.keychain/1000 (adj 15): empty #17
I/MountService(  866): isUsbMassStorageEnabled: false
W/ContextImpl( 2005): Calling a method in the system process without a qualified user: android.app.ContextImpl.bindService:1928 android.content.ContextWrapper.bindService:539 com.meizu.safe.blockService.service.SDKUpdateService.d:205 com.meizu.safe.blockService.service.SDKUpdateService.a:158 com.meizu.safe.blockService.service.SDKUpdateService.a:41 
W/ActivityManager(  866): Skip forceProcessStateUpTo() to newState 8
W/ResourcesManager( 7973): Asset path '/system/framework/android.test.runner.jar' does not exist or contains no resources.
W/ContextImpl( 2005): Calling a method in the system process without a qualified user: android.app.ContextImpl.startService:1863 android.content.ContextWrapper.startService:516 android.content.ContextWrapper.startService:516 com.qihoo.antivirus.update.UpdateCommand.startUpdate:-1 blocksdk.ic.b:80 
I/ActivityManager(  866): Start proc 7994:com.meizu.safe:update/1000 for service com.meizu.safe/com.qihoo.antivirus.update.UpdateService
I/thermal_repeater(  319): oh, queryMdThermalInfo (0)Bad file number
I/thermal_repeater(  319): [recvMdThermalInfo] ret=25, strLen=127,  1, 32767,,, -1, 32767, 2
W/ActivityManager(  866): getRunningAppProcesses: caller 10009 is using old GET_TASKS but privileged; allowing
I/ActivityManager(  866): Killing 7646:com.android.packageinstaller/1000 (adj 15): empty #17
E/Vold    (  274): Failed to find mounted volume for /storage/sdcard1/Android/data/com.meizu.media.music/cache/
W/Vold    (  274): Returning OperationFailed - no handler for errno 0
W/UsbDeviceManager(  866): sys.usb.mtpConnect = mtpConnection
I/MountService(  866): isUsbMassStorageEnabled: false
I/MtpStorage( 3570): MtpStorage id: 0x00010001 path: /storage/emulated/0
E/MtpServer( 3570): void android::MtpServer::sendEvent(android::MtpEventCode, uint32_t): Without OpenSession to send event code = 0x4004, 
E/MtpServer( 3570): MtpServer::run mFD: 38
E/MtpServer( 3570): void android::MtpServer::sendEvent(android::MtpEventCode, uint32_t): Without OpenSession to send event code = 0x4006, 
I/ActivityManager(  866): Process com.meizu.flyme.weather (pid 6642) has died
W/libprocessgroup(  866): failed to open /acct/uid_10081/pid_6642/cgroup.procs: No such file or directory
I/thermal_repeater(  319): oh, queryMdThermalInfo (0)Bad file number
I/thermal_repeater(  319): [recvMdThermalInfo] ret=25, strLen=127,  1, 32767,,, -1, 32767, 2
W/ContextImpl( 1773): Calling a method in the system process without a qualified user: android.app.ContextImpl.stopService:1869 android.content.ContextWrapper.stopService:521 android.content.ContextWrapper.stopService:521 com.meizu.safe.blockService.receiver.PowerConnectionReceiver.onReceive:29 android.app.ActivityThread.handleReceiver:3016 
W/UsbDeviceManager(  866): sys.usb.mtpConnect = noneMTPConnection
I/MountService(  866): isUsbMassStorageEnabled: false
W/StatusBar( 1043): updateNotification for unknown pkg: android
W/StatusBar( 1043): removeFakeNotificationViews()---removeNotification for unknown pkg: android
I/ActivityManager(  866): Process com.mediatek.mtklogger (pid 7949) has died
I/thermal_repeater(  319): oh, queryMdThermalInfo (0)Bad file number
I/thermal_repeater(  319): [recvMdThermalInfo] ret=25, strLen=127,  1, 32767,,, -1, 32767, 2
W/ContextImpl( 7994): Calling a method in the system process without a qualified user: android.app.ContextImpl.sendBroadcast:1490 android.content.ContextWrapper.sendBroadcast:382 com.qihoo.antivirus.a.x.a:-1 com.qihoo.antivirus.a.x.e:-1 com.qihoo.antivirus.a.ab.a:-1 
W/ContextImpl( 7994): Calling a method in the system process without a qualified user: android.app.ContextImpl.stopService:1869 android.content.ContextWrapper.stopService:521 com.qihoo.antivirus.update.UpdateService.a:-1 com.qihoo.antivirus.update.b.handleMessage:-1 android.os.Handler.dispatchMessage:111 
I/ActivityManager(  866): Process com.meizu.safe:update (pid 7994) has died
I/thermal_repeater(  319): oh, queryMdThermalInfo (0)Bad file number
I/thermal_repeater(  319): [recvMdThermalInfo] ret=25, strLen=127,  1, 32767,,, -1, 32767, 2
I/thermal_repeater(  319): oh, queryMdThermalInfo (0)Bad file number
I/thermal_repeater(  319): [recvMdThermalInfo] ret=25, strLen=127,  1, 32767,,, -1, 32767, 2
I/thermal_repeater(  319): oh, queryMdThermalInfo (0)Bad file number
I/thermal_repeater(  319): [recvMdThermalInfo] ret=25, strLen=127,  1, 32767,,, -1, 32767, 2
W/Watchdog(  866): SWT Watchdog after wait current time:752502
W/Watchdog(  866): **Get SF Time **1
W/Watchdog(  866): SWT Watchdog before synchronized:752503
W/Watchdog(  866): SWT Watchdog after synchronized:752503
W/Watchdog(  866): SWT Watchdog before wait timeout:30000
W/Watchdog(  866): SWT Watchdog before wait current time:752503
W/Watchdog(  866): SWT Watchdog before wait start:752503
W/Watchdog(  866): SWT Watchdog before wait CHECK_INTERVAL:30000
I/thermal_repeater(  319): oh, queryMdThermalInfo (0)Bad file number
I/thermal_repeater(  319): [recvMdThermalInfo] ret=25, strLen=127,  1, 32767,,, -1, 32767, 2
I/thermal_repeater(  319): oh, queryMdThermalInfo (0)Bad file number
I/thermal_repeater(  319): [recvMdThermalInfo] ret=25, strLen=127,  1, 32767,,, -1, 32767, 2
I/thermal_repeater(  319): oh, queryMdThermalInfo (0)Bad file number
I/thermal_repeater(  319): [recvMdThermalInfo] ret=25, strLen=127,  1, 32767,,, -1, 32767, 2
I/thermal_repeater(  319): oh, queryMdThermalInfo (0)Bad file number
I/thermal_repeater(  319): [recvMdThermalInfo] ret=25, strLen=127,  1, 32767,,, -1, 32767, 2
I/thermal_repeater(  319): oh, queryMdThermalInfo (0)Bad file number
I/thermal_repeater(  319): [recvMdThermalInfo] ret=25, strLen=127,  1, 32767,,, -1, 32767, 2
I/thermal_repeater(  319): oh, queryMdThermalInfo (0)Bad file number
I/thermal_repeater(  319): [recvMdThermalInfo] ret=25, strLen=127,  1, 32767,,, -1, 32767, 2
W/Watchdog(  866): SWT Watchdog after wait current time:782503
W/Watchdog(  866): **Get SF Time **1
W/Watchdog(  866): SWT Watchdog before synchronized:782504
W/Watchdog(  866): SWT Watchdog after synchronized:782504
W/Watchdog(  866): SWT Watchdog before wait timeout:30000
W/Watchdog(  866): SWT Watchdog before wait current time:782504
W/Watchdog(  866): SWT Watchdog before wait start:782504
W/Watchdog(  866): SWT Watchdog before wait CHECK_INTERVAL:30000
I/thermal_repeater(  319): oh, queryMdThermalInfo (0)Bad file number
I/thermal_repeater(  319): [recvMdThermalInfo] ret=25, strLen=127,  1, 32767,,, -1, 32767, 2
I/thermal_repeater(  319): oh, queryMdThermalInfo (0)Bad file number
I/thermal_repeater(  319): [recvMdThermalInfo] ret=25, strLen=127,  1, 32767,,, -1, 32767, 2
I/PowerManagerService(  866): Going to sleep due to screen timeout (uid 1000)...
I/PowerManagerService(  866): Going to sleep due to lid switch (uid 1000)...
I/ActivityManager(  866): onWakefulnessChanged: 3
I/PowerManagerService(  866): Sleeping (uid 1000)...
I/ActivityManager(  866): Start proc 8091:com.android.calendar:remote/u0a40 for broadcast com.android.calendar/com.meizu.flyme.calendar.widget.CalendarCardProvider
W/ActivityManager(  866): Skip forceProcessStateUpTo() to newState 8
W/ContextImpl( 1773): Calling a method in the system process without a qualified user: android.app.ContextImpl.startService:1863 android.content.ContextWrapper.startService:516 com.meizu.networkmanager.c.r.a:25 com.meizu.networkmanager.boradcast.b$1$1.run:67 <bottom of call stack> 
I/NetworkStatsRecorder(  866): recordSnapshotLocked: ident[[{type=WIFI, subType=COMBINED, networkId=chaozhouniurouwan}]]
W/NetworkStatsRecorder(  866): unknown interfaces [lo, p2p0], ignoring those stats
I/NetworkStatsRecorder(  866): recordSnapshotLocked: ident[[{type=WIFI, subType=COMBINED, networkId=chaozhouniurouwan}]]
W/NetworkStatsRecorder(  866): unknown interfaces [lo, p2p0], ignoring those stats
I/NetworkStatsRecorder(  866): recordSnapshotLocked: ident[[{type=WIFI, subType=COMBINED, networkId=chaozhouniurouwan}]]
I/NetworkStatsRecorder(  866): recordSnapshotLocked: ident[[{type=WIFI, subType=COMBINED, networkId=chaozhouniurouwan}]]
I/NetworkStatsRecorder(  866): recordSnapshotLocked: ident[[{type=WIFI, subType=COMBINED, networkId=chaozhouniurouwan}]]
I/NetworkStatsRecorder(  866): recordSnapshotLocked: ident[[{type=WIFI, subType=COMBINED, networkId=chaozhouniurouwan}]]
W/NetworkStatsRecorder(  866): unknown interfaces [lo, p2p0], ignoring those stats
I/NetworkStatsRecorder(  866): recordSnapshotLocked: ident[[{type=WIFI, subType=COMBINED, networkId=chaozhouniurouwan}]]
W/NetworkStatsRecorder(  866): unknown interfaces [lo, p2p0], ignoring those stats
I/DisplayManagerService(  866): Display device changed: DisplayDeviceInfo{"内置屏幕": uniqueId="local:0", 1080 x 1920, 57.35 fps, supportedRefreshRates [57.35], density 480, 480.0 x 480.0 dpi, appVsyncOff -8000000, presDeadline 26436792, touch INTERNAL, rotation 0, type BUILT_IN, state OFF, subtype 0, FLAG_DEFAULT_DISPLAY, FLAG_ROTATES_WITH_CONTENT, FLAG_SECURE, FLAG_SUPPORTS_PROTECTED_BUFFERS}
I/ActivityManager(  866): onWakefulnessChanged: 0
I/thermal_repeater(  319): oh, queryMdThermalInfo (0)Bad file number
I/thermal_repeater(  319): [recvMdThermalInfo] ret=25, strLen=127,  1, 32767,,, -1, 32767, 2
I/StatusBarManagerService(  866): disable by pkg=com.android.systemui
I/WindowManager(  866): Gaining focus: Window{2155a86c u0 StatusBar}
I/PowerManagerService(  866): Waking up from sleep (uid 1000)...reason:101
I/ActivityManager(  866): onWakefulnessChanged: 1
W/ContextImpl(  866): Calling a method in the system process without a qualified user: android.app.ContextImpl.sendBroadcast:1474 com.android.server.statusbar.StatusBarManagerService.onPanelRevealed:531 com.android.internal.statusbar.IStatusBarService$Stub.onTransact:185 android.os.Binder.execTransact:454 <bottom of call stack> 
I/DisplayPowerController(  866): Blocking screen on until initial contents have been drawn.
I/DisplayManagerService(  866): Display device changed: DisplayDeviceInfo{"内置屏幕": uniqueId="local:0", 1080 x 1920, 57.35 fps, supportedRefreshRates [57.35], density 480, 480.0 x 480.0 dpi, appVsyncOff -8000000, presDeadline 26436792, touch INTERNAL, rotation 0, type BUILT_IN, state ON, subtype 0, FLAG_DEFAULT_DISPLAY, FLAG_ROTATES_WITH_CONTENT, FLAG_SECURE, FLAG_SUPPORTS_PROTECTED_BUFFERS}
I/DisplayPowerController(  866): Unblocked screen on after 362 ms
W/ContextImpl(  866): Calling a method in the system process without a qualified user: android.app.ContextImpl.sendBroadcast:1474 com.android.server.statusbar.StatusBarManagerService.onPanelHidden:555 com.android.internal.statusbar.IStatusBarService$Stub.onTransact:192 android.os.Binder.execTransact:454 <bottom of call stack> 
I/StatusBarManagerService(  866): disable by pkg=com.android.systemui
W/ContextImpl( 1773): Calling a method in the system process without a qualified user: android.app.ContextImpl.startService:1863 android.content.ContextWrapper.startService:516 android.content.ContextWrapper.startService:516 com.meizu.networkmanager.c.r.a:25 com.meizu.networkmanager.boradcast.TrafficGlobalReceiver$2.run:244 
I/NetworkStatsRecorder(  866): recordSnapshotLocked: ident[[{type=WIFI, subType=COMBINED, networkId=chaozhouniurouwan}]]
W/NetworkStatsRecorder(  866): unknown interfaces [lo, p2p0], ignoring those stats
I/NetworkStatsRecorder(  866): recordSnapshotLocked: ident[[{type=WIFI, subType=COMBINED, networkId=chaozhouniurouwan}]]
W/NetworkStatsRecorder(  866): unknown interfaces [lo, p2p0], ignoring those stats
I/NetworkStatsRecorder(  866): recordSnapshotLocked: ident[[{type=WIFI, subType=COMBINED, networkId=chaozhouniurouwan}]]
I/NetworkStatsRecorder(  866): recordSnapshotLocked: ident[[{type=WIFI, subType=COMBINED, networkId=chaozhouniurouwan}]]
W/NetworkStatsRecorder(  866): unknown interfaces [lo, p2p0], ignoring those stats
W/NetworkStatsRecorder(  866): unknown interfaces [lo, p2p0], ignoring those stats
I/WindowManager(  866): Gaining focus: Window{322460b7 u0 com.meizu.flyme.launcher/com.meizu.flyme.launcher.Launcher}
I/WindowManager(  866): Losing focus: Window{2155a86c u0 StatusBar}
I/ActivityManager(  866): Start proc 8124:com.meizu.flyme.weather/u0a81 for broadcast com.meizu.flyme.weather/.WeatherWidgetProvider
W/InputMethodManagerService(  866): Window already focused, ignoring focus gain of: com.android.internal.view.IInputMethodClient$Stub$Proxy@1ec06a81 attribute=android.view.inputmethod.EditorInfo@1926d726, token = android.os.BinderProxy@2fd8cbb6
W/ActivityManager(  866): Skip forceProcessStateUpTo() to newState 8
I/thermal_repeater(  319): oh, queryMdThermalInfo (0)Bad file number
I/thermal_repeater(  319): [recvMdThermalInfo] ret=25, strLen=127,  1, 32767,,, -1, 32767, 2
I/ActivityManager(  866): START u0 {act=android.intent.action.MAIN cat=[android.intent.category.LAUNCHER] flg=0x10200000 cmp=com.jieshun.jslife/.activity.common.WelcomeActivity bnds=[24,384][282,672] (has extras)} from uid 10013 on display 0 from pid 1702
I/WindowManager(  866): Losing focus: Window{322460b7 u0 com.meizu.flyme.launcher/com.meizu.flyme.launcher.Launcher}
I/ActivityManager(  866): Start proc 8157:com.jieshun.jslife/u0a99 for activity com.jieshun.jslife/.activity.common.WelcomeActivity
W/ActivityManager(  866): getRunningAppProcesses: caller 10099 does not hold REAL_GET_TASKS; limiting output
W/ActivityManager(  866): getRunningAppProcesses: caller 10099 does not hold REAL_GET_TASKS; limiting output
W/ActivityManager(  866): getRunningAppProcesses: caller 10099 does not hold REAL_GET_TASKS; limiting output
W/ActivityManager(  866): getRunningAppProcesses: caller 10099 does not hold REAL_GET_TASKS; limiting output
W/ActivityManager(  866): getRunningAppProcesses: caller 10099 does not hold REAL_GET_TASKS; limiting output
I/ActivityManager(  866): START u0 {cmp=com.jieshun.jslife/.activity.common.LoadingActivity} from uid 10099 on display 0 from pid 8157
W/ActivityManager(  866): getRunningAppProcesses: caller 10099 does not hold REAL_GET_TASKS; limiting output
I/WindowManager(  866): Gaining focus: Window{13cbd30c u0 com.jieshun.jslife/com.jieshun.jslife.activity.common.LoadingActivity}
I/ActivityManager(  866): START u0 {cmp=com.jieshun.jslife/.activity.common.MainFragmentActivity} from uid 10099 on display 0 from pid 8157
I/WindowManager(  866): Losing focus: Window{13cbd30c u0 com.jieshun.jslife/com.jieshun.jslife.activity.common.LoadingActivity}
I/WindowManager(  866): Gaining focus: Window{19bcd0c2 u0 com.jieshun.jslife/com.jieshun.jslife.activity.common.MainFragmentActivity}
I/thermal_repeater(  319): oh, queryMdThermalInfo (0)Bad file number
I/thermal_repeater(  319): [recvMdThermalInfo] ret=25, strLen=127,  1, 32767,,, -1, 32767, 2
E/Vold    (  274): Failed to find mounted volume for /storage/sdcard1/Android/data/com.jieshun.jslife/files/
W/Vold    (  274): Returning OperationFailed - no handler for errno 0
W/ActivityManager(  866): getRunningAppProcesses: caller 10099 does not hold REAL_GET_TASKS; limiting output
W/ActivityManager(  866): getRunningAppProcesses: caller 10099 does not hold REAL_GET_TASKS; limiting output
W/ActivityManager(  866): getRunningAppProcesses: caller 10099 does not hold REAL_GET_TASKS; limiting output
W/ActivityManager(  866): getRunningAppProcesses: caller 10099 does not hold REAL_GET_TASKS; limiting output
W/ActivityManager(  866): getRunningAppProcesses: caller 10099 does not hold REAL_GET_TASKS; limiting output
W/ActivityManager(  866): getRunningAppProcesses: caller 10099 does not hold REAL_GET_TASKS; limiting output
W/ActivityManager(  866): getRunningAppProcesses: caller 10099 does not hold REAL_GET_TASKS; limiting output
W/ActivityManager(  866): getRunningAppProcesses: caller 10099 does not hold REAL_GET_TASKS; limiting output
W/ActivityManager(  866): getRunningAppProcesses: caller 10099 does not hold REAL_GET_TASKS; limiting output
W/ActivityManager(  866): getRunningAppProcesses: caller 10099 does not hold REAL_GET_TASKS; limiting output
W/ActivityManager(  866): getRunningAppProcesses: caller 10099 does not hold REAL_GET_TASKS; limiting output
W/ActivityManager(  866): getRunningAppProcesses: caller 10099 does not hold REAL_GET_TASKS; limiting output
I/ActivityManager(  866): Process com.android.browser (pid 7175) has died
W/libprocessgroup(  866): failed to open /acct/uid_10002/pid_7175/cgroup.procs: No such file or directory
W/ActivityManager(  866): getRunningAppProcesses: caller 10099 does not hold REAL_GET_TASKS; limiting output
W/ActivityManager(  866): getRunningAppProcesses: caller 10099 does not hold REAL_GET_TASKS; limiting output
W/ActivityManager(  866): getRunningAppProcesses: caller 10099 does not hold REAL_GET_TASKS; limiting output
W/ActivityManager(  866): getRunningAppProcesses: caller 10099 does not hold REAL_GET_TASKS; limiting output
I/WindowManager(  866): Gaining focus: Window{380b370e u0 com.jieshun.jslife/com.jieshun.jslife.activity.common.MainFragmentActivity}
I/WindowManager(  866): Losing focus: Window{19bcd0c2 u0 com.jieshun.jslife/com.jieshun.jslife.activity.common.MainFragmentActivity EXITING}
I/ActivityManager(  866): Start proc 8327:com.jieshun.jslife:remote/u0a99 for service com.jieshun.jslife/com.baidu.location.f
W/ActivityManager(  866): getRunningAppProcesses: caller 10099 does not hold REAL_GET_TASKS; limiting output
W/ActivityManager(  866): getRunningAppProcesses: caller 10099 does not hold REAL_GET_TASKS; limiting output
W/ActivityManager(  866): getRunningAppProcesses: caller 10099 does not hold REAL_GET_TASKS; limiting output
I/WindowManager(  866): Gaining focus: Window{1f4b0a34 u0 com.jieshun.jslife/com.jieshun.jslife.activity.common.MainFragmentActivity}
W/ActivityManager(  866): getRunningAppProcesses: caller 10099 does not hold REAL_GET_TASKS; limiting output
W/ActivityManager(  866): getRunningAppProcesses: caller 10099 does not hold REAL_GET_TASKS; limiting output
W/ActivityManager(  866): getRunningAppProcesses: caller 10099 does not hold REAL_GET_TASKS; limiting output
W/ActivityManager(  866): getRunningAppProcesses: caller 10099 does not hold REAL_GET_TASKS; limiting output
W/ActivityManager(  866): getRunningAppProcesses: caller 10099 does not hold REAL_GET_TASKS; limiting output
I/thermal_repeater(  319): oh, queryMdThermalInfo (0)Bad file number
I/thermal_repeater(  319): [recvMdThermalInfo] ret=25, strLen=127,  1, 32767,,, -1, 32767, 2
I/WindowManager(  866): Gaining focus: Window{380b370e u0 com.jieshun.jslife/com.jieshun.jslife.activity.common.MainFragmentActivity}
I/WindowManager(  866): Losing focus: Window{1f4b0a34 u0 com.jieshun.jslife/com.jieshun.jslife.activity.common.MainFragmentActivity EXITING}
--------- beginning of main
I/UserState( 8157): myJid = 13632836691@openfire-cloud/A1b117b2fb receive jid=13632836691@openfire-cloud/A1b117b2fb  state=ONLINE
I/NetworkManagementSocketTagger( 8327): untagSocket(51)
I/UserState( 8157): myJid = 13632836691@openfire-cloud/A1b117b2fb receive jid=formal_cloud_jsh@openfire-cloud/master  state=ONLINE
I/UserState( 8157): myJid = 13632836691@openfire-cloud/A1b117b2fb receive jid=formal_cloud_jsh@openfire-cloud/slave  state=ONLINE
I/NetworkManagementSocketTagger( 8327): untagSocket(51)
I/NetworkManagementSocketTagger( 8327): untagSocket(51)
I/NetworkManagementSocketTagger( 8327): untagSocket(51)
I/NetworkManagementSocketTagger( 8327): untagSocket(51)
I/NetworkManagementSocketTagger( 8327): untagSocket(51)
I/NetworkManagementSocketTagger( 8327): untagSocket(51)
W/DecodingInfo( 1464): No Engine for Decoding
I/NetworkManagementSocketTagger( 8327): untagSocket(51)
I/NetworkManagementSocketTagger( 8327): untagSocket(51)
I/NetworkManagementSocketTagger( 8327): untagSocket(51)
I/NetworkManagementSocketTagger( 8327): untagSocket(51)
I/System.out( 8157): open:https://jht-nissp.oss-cn-shenzhen.aliyuncs.com/ICOP/JSLIFEMAINPAGECARD/c24c99484fad47e0a555c2f895be1a3f..jpg?Expires=1687665653&OSSAccessKeyId=LTAIH9BWpXZVLFE3&Signature=6IK%2FVCBjk3eptfRIPegyy1IP4aA%3D
I/System.out( 8157): [OkHttp] sendRequest>>
I/System.out( 8157): [OkHttp] sendRequest<<
I/SurfaceView( 8157): updateWindow -- setFrame, this = com.baidu.platform.comapi.map.j{338a7539 V.E..... ......ID 0,0-1080,1920}
I/SurfaceView( 8157): updateWindow -- setFrame, this = com.baidu.platform.comapi.map.j{338a7539 V.E..... ......ID 0,0-1080,1920}
I/Utils   (  302): GetMimeType : fourcc 0x1
I/Utils   (  302): GetMimeType : fourcc 0x1
I/WAVExtractorExt(  302): WAV : mime audio/raw channel 2 samplerate 11025 bps 16 br 353110 dur 1133786
I/Utils   (  302): GetMimeType : fourcc 0x1
I/Utils   (  302): GetMimeType : fourcc 0x1
I/Utils   (  302): GetMimeType : fourcc 0x1
I/WAVExtractorExt(  302): WAV : mime audio/raw channel 2 samplerate 11025 bps 16 br 353110 dur 1133786
I/GenericSource(  302): GenericSource::getFormatMeta 0
I/AudioCache(  302): [notify] notify(0xf0836300, 1, 0, 0)
I/GenericSource(  302): start
I/GenericSource(  302): GenericSource::getFormatMeta 1
I/GenericSource(  302): GenericSource::getFormatMeta 0
I/NetworkManagementSocketTagger( 8157): untagSocket(39)
I/AudioPolicyManager(  302): isOffloadSupported: SR=11025, CM=0x3, Format=0x1, StreamType=-1, BitRate=353110, duration=1133786 us, has_video=0
I/NuPlayerRenderer(  302): sFrameAVsyncByVFS 1
E/NuPlayer(  302): onScanSources
I/GenericSource(  302): GenericSource::getFormatMeta 1
I/AudioCache(  302): [notify] notify(0xf0836300, 5, 0, 0)
I/AudioCache(  302): [notify] notify(0xf0836300, 5, 0, 0)
I/MediaCodec(  302): [CreateByType]line:159 audio/raw
I/MediaCodec(  302): [onMessageReceived]line:1320 [][what=kWhatInit][state 0][msg='AMessage(what = 'init', target = 158) = {
I/MediaCodec(  302):   string name = "audio/raw"
I/MediaCodec(  302):   int32_t nameIsType = 1
I/MediaCodec(  302):   int32_t encoder = 0
I/MediaCodec(  302):   int32_t replyID = 1160
I/MediaCodec(  302): }' ]
I/System.out( 8327): open:https://loc.map.baidu.com/sdk.php
D/libc-netbsd( 8327): [getaddrinfo]: hostname=loc.map.baidu.com; servname=(null); cache_mode=(null), netid=0; mark=0
D/libc-netbsd( 8327): [getaddrinfo]: ai_addrlen=0; ai_canonname=(null); ai_flags=4; ai_family=0
D/libc-netbsd( 8327): [getaddrinfo]: hostname=loc.map.baidu.com; servname=(null); cache_mode=(null), netid=0; mark=0
D/libc-netbsd( 8327): [getaddrinfo]: ai_addrlen=0; ai_canonname=(null); ai_flags=1024; ai_family=0
I/MediaCodec(  302): [onMessageReceived]line:963 [][what=kWhatComponentAllocated][state 1][msg='AMessage(what = 'codc', target = 158) = {
I/MediaCodec(  302):   int32_t what = 1665231980
I/MediaCodec(  302):   string componentName = "OMX.google.raw.decoder"
I/MediaCodec(  302):   int32_t quirks = 0
I/MediaCodec(  302): }' ]
I/MediaCodec(  302): [CreateByType]line:166 audio/raw
I/MediaCodec(  302): Found 0 pieces of codec specific data.
E/OMXNodeInstance(  302): getParameter(54:google.raw.decoder, ??(0x7f200406)) ERROR: UnsupportedIndex(0x8000101a)
I/MediaCodec(  302): [onMessageReceived]line:991 [OMX.google.raw.decoder][what=kWhatComponentConfigured][state 3][msg='AMessage(what = 'codc', target = 158) = {
I/MediaCodec(  302):   int32_t what = 1665363822
I/MediaCodec(  302):   AMessage input-format = AMessage(what = 0x00000000) = {
I/MediaCodec(  302):                             int32_t support-partial-frame = 0
I/MediaCodec(  302):                             string mime = "audio/raw"
I/MediaCodec(  302):                             int32_t channel-count = 2
I/MediaCodec(  302):                             int32_t sample-rate = 11025
I/MediaCodec(  302):                             int32_t bit-width = 16
I/MediaCodec(  302):                           }
I/MediaCodec(  302):   AMessage output-format = AMessage(what = 'codc', target = 158) = {
I/MediaCodec(  302):                              string mime = "audio/raw"
I/MediaCodec(  302):                              int32_t channel-count = 2
I/MediaCodec(  302):                              int32_t sample-rate = 11025
I/MediaCodec(  302):                              int32_t bit-width = 16
I/MediaCodec(  302):                            }
I/MediaCodec(  302): }' ]
D/libc-netbsd(  297): [getaddrinfo]: hostname=loc.map.baidu.com; servname=(null); cache_mode=local, netid=101; mark=917605
D/libc-netbsd(  297): [getaddrinfo]: ai_addrlen=0; ai_canonname=(null); ai_flags=1024; ai_family=0
I/MediaCodec(  302): [getOutputFormat]line:566 [OMX.google.raw.decoder]+++
I/NuPlayerDecoder(  302): mSupportsPartialFrames 0 
I/MediaCodec(  302): [start]line:367 [OMX.google.raw.decoder]+++
D/libc-netbsd(  297): default dns: query_ipv6=0, query_ipv4=1
I/MediaCodec(  302): [onMessageReceived]line:1048 [OMX.google.raw.decoder][what=kWhatBuffersAllocated][state 5][msg='AMessage(what = 'codc', target = 158) = {
I/MediaCodec(  302):   int32_t what = 1634495587
I/MediaCodec(  302):   int32_t portIndex = 0
I/MediaCodec(  302):   RefBase *portDesc = 0xf08374c0
I/MediaCodec(  302): }' ]
D/libc-netbsd(  297): res_queryN name = loc.map.baidu.com, class = 1, type = 1
I/MediaCodec(  302): [onMessageReceived]line:1048 [OMX.google.raw.decoder][what=kWhatBuffersAllocated][state 5][msg='AMessage(what = 'codc', target = 158) = {
I/MediaCodec(  302):   int32_t what = 1634495587
I/MediaCodec(  302):   int32_t portIndex = 1
I/MediaCodec(  302):   RefBase *portDesc = 0xf0837670
I/MediaCodec(  302): }' ]
D/libc-netbsd(  297): res_queryN name = loc.map.baidu.com succeed
I/MediaCodec(  302): [getInputBuffers]line:609 [OMX.google.raw.decoder]+++
I/MediaCodec(  302): [getOutputBuffers]line:620 [OMX.google.raw.decoder]+++
D/libc-netbsd( 8327): getaddrinfo: loc.map.baidu.com get result from proxy >>
I/System.out( 8327): propertyValue:true
I/System.out( 8327): [CDS]connect[loc.map.baidu.com/14.215.177.33:443] tm:12
I/MediaCodec(  302): codec output format changed mFlags 801
I/MediaCodec(  302): [getOutputFormat]line:566 [OMX.google.raw.decoder]+++
I/MediaCodec(  302): [onMessageReceived]line:1261 [OMX.google.raw.decoder][what=kWhatEOS][state 6] 
