I/AudioPolicyManager(  300): getOutput() returns output 2
I/AudioPolicyManager(  300): s 0 c 0 avaDev 3 ba2dpo 0 ba2dpsp 0 dev 2
I/AudioPolicyManager(  300): getOutput() returns output 2
I/AudioFlinger_Threads(  300): attachAuxEffect_l EffectId 0
I/AudioFlinger_Threads(  300): attachAuxEffect_l status 0
I/AudioPolicyManager(  300): AddSampleRateArray index = 0 sampleRate = 44100
I/AudioPolicyManager(  300): startOutput() output 2, stream 1, session 318
I/AudioPolicyManager(  300): s 0 c 0 avaDev 3 ba2dpo 0 ba2dpsp 0 dev 2
I/AudioPolicyManager(  300): getNewOutputDevice() selected device 2
I/AudioPolicyManager(  300): setOutputDevice() output 2 device 0002 delayMs 0 force 0
I/AudioPolicyManager(  300): s 0 c 0 avaDev 3 ba2dpo 0 ba2dpsp 0 dev 2
I/AudioFlinger(  300): setParameters(): io 2, keyvalue FM_DIRECT_CONTROL=1, calling pid 300
I/AudioPolicyManager(  300): setOutputDevice() prevDevice 0002
I/AudioPolicyManager(  300): setOutputDevice() mMutePrevDevice 0000
I/AudioPolicyManager(  300): s 0 c 0 avaDev 3 ba2dpo 0 ba2dpsp 0 dev 2
I/AudioPolicyManager(  300): s 1 c 0 avaDev 3 ba2dpo 0 ba2dpsp 0 dev 1
I/AudioPolicyManager(  300): s 2 c 0 avaDev 3 ba2dpo 0 ba2dpsp 0 dev 2
I/AudioPolicyManager(  300): s 2 c 0 avaDev 3 ba2dpo 0 ba2dpsp 0 dev 2
I/AudioPolicyManager(  300): s 3 c 0 avaDev 3 ba2dpo 0 ba2dpsp 0 dev 2
I/AudioPolicyManager(  300): s 0 c 0 avaDev 3 ba2dpo 0 ba2dpsp 0 dev 2
I/AudioPolicyManager(  300): s 4 c 0 avaDev 3 ba2dpo 0 ba2dpsp 0 dev 2
I/AudioPolicyManager(  300): s 5 c 0 avaDev 3 ba2dpo 0 ba2dpsp 0 dev 2
I/AudioPolicyManager(  300): s 6 c 0 avaDev 3 ba2dpo 0 ba2dpsp 0 dev 2
I/AudioPolicyManager(  300): s 7 c 0 avaDev 3 ba2dpo 0 ba2dpsp 0 dev 2
I/AudioPolicyManager(  300): s 8 c 0 avaDev 3 ba2dpo 0 ba2dpsp 0 dev 2
I/AudioPolicyManager(  300): setOutputDevice() setting same device 0002 or null device for output 2
I/AudioPolicyManager(  300):  checkAndSetVolume stream = 1 index = 8 output = 2 device = 0x2 delayMs = 0 force = 0
I/AudioPolicyManager(  300): PolicyForceReplace stream = 1 sampleRate = 44100 
I/AudioFlinger_Threads(  300): reset track timestretch tracn name 4103, ratio 100, mTimeStretchTrackName[name-4096] 0
I/AudioPolicyManager(  300): releaseOutput() 2
I/PanelView( 1041): Max panel height 874,expand height 0.0, shade mode false
I/MeizuKeyguardThemeManager( 1041): setBarState ------ statusBarState=0,keyguardFadingAway=true,goingToFullShade=false,keyguardShowing=false
I/MeizuKeyguardThemeManager( 1041): setBarState 0
I/PhoneStatusBar( 1041): updateNotificationCountChange,mLastHasNotification:true , hasActiveNotifications:true
W/hwcomposer(  274): [JOB] (0) Job is late(23)...
W/KeyguardViewBase( 1041): setOnDismissAction =null
I/libPerfService(  877): perfSetFavorPid - pid:7590, 1da6
I/PerfService(  274): PerfServiceNative_notifyDisplayType:1
E/AudioALSAPlaybackHandlerBase(  300): openPcmDriver(), pcm_start(0xf04bd0c0) fail due to cannot start channel: Broken pipe
W/PerfScheduler(  877): Not Boost !
I/StatusBarManagerService(  877): disable by pkg=com.android.systemui
W/hwcomposer(  274): [JOB] (0) Job is late(23)...
E/AudioALSAPlaybackHandlerBase(  300): -getHardwareBufferInfo pcm_get_htimestamp fail, ret = -1, pcm_get_error = cannot start channel: Broken pipe
W/MtpService( 3616): onReceive action: android.intent.action.USER_PRESENT
W/hwcomposer(  274): [JOB] (0) Job is late(23)...
I/WindowManager(  877): Gaining focus: Window{1bfa6a0f u0 com.jieshun.jslife/com.jieshun.jslife.activity.WebViewBaseActivity}
I/WindowManager(  877): Losing focus: Window{2d945bf0 u0 StatusBar}
W/ContextImpl( 1698): Calling a method in the system process without a qualified user: android.app.ContextImpl.startService:1863 android.content.ContextWrapper.startService:516 android.content.ContextWrapper.startService:516 com.meizu.networkmanager.c.r.a:25 com.meizu.networkmanager.boradcast.TrafficGlobalReceiver$2.run:244 
W/InputMethodManagerService(  877): Window already focused, ignoring focus gain of: com.android.internal.view.IInputMethodClient$Stub$Proxy@ec3a372 attribute=android.view.inputmethod.EditorInfo@14583c3, token = android.os.BinderProxy@3c76436e
E/Tethering(  877): updateConfiguration: wrong MCCMNC =null
I/Tethering(  877): ifaceTypes = null, use default
I/Tethering(  877): upstreamIfaceTypes.add:0
I/Tethering(  877): upstreamIfaceTypes.add:1
I/Tethering(  877): upstreamIfaceTypes.add:5
I/Tethering(  877): upstreamIfaceTypes.add:7
I/Tethering(  877): upstreamIfaceTypes.add:9
I/Tethering(  877): upstreamIfaceTypes.add:49
W/DecodingInfo( 1333): No Engine for Decoding
I/Tethering(  877): checkDunRequired:2
I/NetworkStatsRecorder(  877): recordSnapshotLocked: ident[[{type=WIFI, subType=COMBINED, networkId=chaozhouniurouwan}]]
W/NetworkStatsRecorder(  877): unknown interfaces [lo, p2p0], ignoring those stats
I/NetworkStatsRecorder(  877): recordSnapshotLocked: ident[[{type=WIFI, subType=COMBINED, networkId=chaozhouniurouwan}]]
W/NetworkStatsRecorder(  877): unknown interfaces [lo, p2p0], ignoring those stats
I/NetworkStatsRecorder(  877): recordSnapshotLocked: ident[[{type=WIFI, subType=COMBINED, networkId=chaozhouniurouwan}]]
I/NetworkStatsRecorder(  877): recordSnapshotLocked: ident[[{type=WIFI, subType=COMBINED, networkId=chaozhouniurouwan}]]
W/hwcomposer(  274): [JOB] (0) Job is late(23)...
W/NetworkStatsRecorder(  877): unknown interfaces [lo, p2p0], ignoring those stats
W/NetworkStatsRecorder(  877): unknown interfaces [lo, p2p0], ignoring those stats
I/Cweather( 6861): loadCurrentWeatherInfo cityName: isUserTheme:false temp:31 
I/auto_update_AppAutoUpdateManager( 3342): current Jobs:102,103,105,101,
W/auto_update_AppAutoUpdateManager( 3342): --Screen on and cancel scheduler download,switch:true, wifi:true, and Screen on: true, Power Connected: true, Battery: 100(-50|+15), Competitive:false(not check), downloaded size:0, downloaded time:0, available size:0
W/hwcomposer(  274): [JOB] (0) Job is late(22)...
W/hwcomposer(  274): [JOB] (0) Job is late(21)...
I/MobclickAgent( 7590): Start new session: 374D10E6291AB6A198A71C10F4073001
W/hwcomposer(  274): [JOB] (0) Job is late(20)...
E/AudioFlinger(  300): getNextBuffer, get null buffer
W/hwcomposer(  274): [JOB] (0) Job is late(20)...
W/hwcomposer(  274): [JOB] (0) Job is late(20)...
I/AudioFlinger_Threads(  300): pause signal - [NOT READY] on thread
W/hwcomposer(  274): [JOB] (0) Job is late(20)...
W/hwcomposer(  274): [JOB] (0) Job is late(20)...
W/hwcomposer(  274): [JOB] (0) Job is late(19)...
I/System.out( 7590): open:http://alog.umeng.com/app_logs
D/libc-netbsd( 7590): [getaddrinfo]: hostname=alog.umeng.com; servname=(null); cache_mode=(null), netid=0; mark=0
D/libc-netbsd( 7590): [getaddrinfo]: ai_addrlen=0; ai_canonname=(null); ai_flags=4; ai_family=0
D/libc-netbsd( 7590): [getaddrinfo]: hostname=alog.umeng.com; servname=(null); cache_mode=(null), netid=0; mark=0
D/libc-netbsd( 7590): [getaddrinfo]: ai_addrlen=0; ai_canonname=(null); ai_flags=1024; ai_family=0
D/libc-netbsd(  295): [getaddrinfo]: hostname=alog.umeng.com; servname=(null); cache_mode=local, netid=102; mark=917606
D/libc-netbsd(  295): [getaddrinfo]: ai_addrlen=0; ai_canonname=(null); ai_flags=1024; ai_family=0
D/libc-netbsd(  295): default dns: query_ipv6=0, query_ipv4=1
D/libc-netbsd(  295): res_queryN name = alog.umeng.com, class = 1, type = 1
D/libc-netbsd(  295): res_queryN name = alog.umeng.com succeed
D/libc-netbsd( 7590): getaddrinfo: alog.umeng.com get result from proxy >>
I/System.out( 7590): propertyValue:true
I/System.out( 7590): [CDS]connect[alog.umeng.com/106.11.250.205:80] tm:10
W/hwcomposer(  274): [JOB] (0) Job is late(18)...
W/hwcomposer(  274): [JOB] (0) Job is late(17)...
W/hwcomposer(  274): [JOB] (0) Job is late(16)...
I/AudioPolicyManager(  300): ReleaseFMIndirectMode 
I/AudioPolicyManager(  300): PolicyRestore
I/AudioPolicyManager(  300): stopOutput() output 2, stream 1, session 318
I/AudioPolicyManager(  300): getNewOutputDevice() selected device 0
I/AudioPolicyManager(  300): setOutputDevice() output 2 device 0000 delayMs 184 force 0
I/AudioPolicyManager(  300): setOutputDevice() prevDevice 0002
I/AudioPolicyManager(  300): setOutputDevice() mMutePrevDevice 0002
I/AudioPolicyManager(  300): s 0 c 0 avaDev 3 ba2dpo 0 ba2dpsp 0 dev 2
I/AudioPolicyManager(  300): s 1 c 0 avaDev 3 ba2dpo 0 ba2dpsp 0 dev 1
I/AudioPolicyManager(  300): s 2 c 0 avaDev 3 ba2dpo 0 ba2dpsp 0 dev 2
I/AudioPolicyManager(  300): s 2 c 0 avaDev 3 ba2dpo 0 ba2dpsp 0 dev 2
I/AudioPolicyManager(  300): s 3 c 0 avaDev 3 ba2dpo 0 ba2dpsp 0 dev 2
I/AudioPolicyManager(  300): s 0 c 0 avaDev 3 ba2dpo 0 ba2dpsp 0 dev 2
I/AudioPolicyManager(  300): s 4 c 0 avaDev 3 ba2dpo 0 ba2dpsp 0 dev 2
I/AudioPolicyManager(  300): s 5 c 0 avaDev 3 ba2dpo 0 ba2dpsp 0 dev 2
I/AudioPolicyManager(  300): s 6 c 0 avaDev 3 ba2dpo 0 ba2dpsp 0 dev 2
I/AudioPolicyManager(  300): s 7 c 0 avaDev 3 ba2dpo 0 ba2dpsp 0 dev 2
I/AudioPolicyManager(  300): s 8 c 0 avaDev 3 ba2dpo 0 ba2dpsp 0 dev 2
I/AudioPolicyManager(  300): setOutputDevice() setting same device 0000 or null device for output 2
I/System.out( 7590): [OkHttp] sendRequest>>
I/System.out( 7590): [OkHttp] sendRequest<<
W/hwcomposer(  274): [JOB] (0) Job is late(15)...
W/hwcomposer(  274): [JOB] (0) Job is late(14)...
W/hwcomposer(  274): [JOB] (0) Job is late(13)...
W/hwcomposer(  274): [JOB] (0) Job is late(12)...
W/hwcomposer(  274): [JOB] (0) Job is late(11)...
W/hwcomposer(  274): [JOB] (0) Job is late(10)...
W/hwcomposer(  274): [JOB] (0) Job is late(9)...
W/hwcomposer(  274): [JOB] (0) Job is late(8)...
W/MALI    ( 1041): display_window_buffer:1332: [MALI] warning, queueBuffer takes more than 300ms here. Total elapse time: 339194
I/PalmRejection( 1041): disableProximityLockLocked, mProximitySensorEnabled = false
I/PalmRejection( 1041): disableProximityLockLocked() failed... Proximity Sensor already disabled
I/libPerfService(  877): perfSetFavorPid - pid:0, 0
W/hwcomposer(  274): [JOB] (0) Job is late(7)...
W/hwcomposer(  274): [JOB] (0) Job is late(6)...
I/AudioFlinger(  300): setParameters(): io 2, keyvalue FM_DIRECT_CONTROL=0, calling pid 300
I/libPerfService(  877): 14: set: 6
I/libPerfService(  877): 14: set freq: 1300000
I/libPerfService(  877): 14: set gpu level: 0
W/MALI    (  274): display_window_buffer:1332: [MALI] warning, queueBuffer takes more than 300ms here. Total elapse time: 346442
I/SurfaceFlinger(  274): [Built-in Screen (type:0)] fps:39.602646,dur:1287.79,max:363.78,min:15.40
I/[MALI][Gralloc](  274): Usage: 0xb00, format: 0x1 stride: 1088 vertical_stride: 66 size: 287232
I/[MALI][Gralloc](  274): Usage: 0xb00, format: 0x1 stride: 1088 vertical_stride: 66 size: 287232
I/thermal_repeater(  323): oh, queryMdThermalInfo (0)Bad file number
I/[MALI][Gralloc](  274): Usage: 0xb00, format: 0x1 stride: 1088 vertical_stride: 66 size: 287232
I/thermal_repeater(  323): [recvMdThermalInfo] ret=25, strLen=127,  1, 32767,,, -1, 32767, 2
I/[MALI][Gralloc](  274): Usage: 0xb00, format: 0x1 stride: 1088 vertical_stride: 66 size: 287232
I/MobclickAgent( 7590): Send message to http://alog.umeng.com/app_logs
I/System.out( 7590): Close in OkHttp
I/System.out( 7590): [CDS]close[52297]
I/NetworkManagementSocketTagger( 7590): untagSocket(29)
I/MobclickAgent( 7590): send log:succeed
I/libPerfService(  877): 13: set: 4
I/libPerfService(  877): 13: set freq: 1235000
I/libPerfService(  877): 13: set gpu level: 0
I/libPerfService(  877): 12: set: 1
I/libPerfService(  877): 12: set freq: 0
I/libPerfService(  877): 12: set gpu level: 0
I/libPerfService(  877): perfSetFavorPid - pid:7590, 1da6
I/SurfaceFlinger(  274): [Built-in Screen (type:0)] fps:38.569614,dur:1011.16,max:313.43,min:2.12
I/libPerfService(  877): perfSetFavorPid - pid:0, 0
I/art     ( 7590): Background sticky concurrent mark sweep GC freed 32385(1357KB) AllocSpace objects, 2(32KB) LOS objects, 2% free, 56MB/58MB, paused 5.264ms total 31.216ms
I/libPerfService(  877): 7: set: 1
I/libPerfService(  877): 7: set freq: 0
I/SurfaceFlinger(  274): [Built-in Screen (type:0)] fps:57.170227,dur:1014.51,max:21.46,min:14.96
I/libPerfService(  877): 12: set freq: 1235000
I/libPerfService(  877): 12: set: 4
E/SensorHAL(  877): [Proximity]: 0.000000
I/PerfService(  877): PerfServiceNative_boostDisableAsync:5
I/libPerfService(  877): 5: set: 4
I/libPerfService(  877): 5: set freq: 1235000
I/AudioPolicyManager(  300): s 0 c 0 avaDev 3 ba2dpo 0 ba2dpsp 0 dev 2
I/AudioPolicyManager(  300): getOutput() device 2, stream 1, samplingRate 0, format 0, channelMask 3, flags 0
I/AudioPolicyManager(  300): getOutput() returns output 2
I/AudioPolicyManager(  300): s 0 c 0 avaDev 3 ba2dpo 0 ba2dpsp 0 dev 2
I/AudioPolicyManager(  300): getOutput() device 2, stream 1, samplingRate 0, format 0, channelMask 3, flags 0
I/AudioPolicyManager(  300): getOutput() returns output 2
I/AudioPolicyManager(  300): s 0 c 0 avaDev 3 ba2dpo 0 ba2dpsp 0 dev 2
I/AudioPolicyManager(  300): getOutput() returns output 2
I/libPerfService(  877): 14: set freq: 1300000
W/AudioTrack(  877): AUDIO_OUTPUT_FLAG_FAST denied by client
I/libPerfService(  877): 14: set: 6
I/libPerfService(  877): perfSetFavorPid - pid:7590, 1da6
I/AudioFlinger_Threads(  300): attachAuxEffect_l EffectId 0
I/AudioFlinger_Threads(  300): attachAuxEffect_l status 0
I/AudioPolicyManager(  300): AddSampleRateArray index = 1 sampleRate = 48000
I/AudioPolicyManager(  300): startOutput() output 2, stream 1, session 319
I/AudioPolicyManager(  300): s 0 c 0 avaDev 3 ba2dpo 0 ba2dpsp 0 dev 2
I/AudioPolicyManager(  300): getNewOutputDevice() selected device 2
I/AudioPolicyManager(  300): setOutputDevice() output 2 device 0002 delayMs 0 force 0
I/AudioPolicyManager(  300): s 0 c 0 avaDev 3 ba2dpo 0 ba2dpsp 0 dev 2
I/AudioFlinger(  300): setParameters(): io 2, keyvalue FM_DIRECT_CONTROL=1, calling pid 300
I/AudioPolicyManager(  300): setOutputDevice() prevDevice 0002
I/AudioPolicyManager(  300): setOutputDevice() mMutePrevDevice 0000
I/AudioPolicyManager(  300): s 0 c 0 avaDev 3 ba2dpo 0 ba2dpsp 0 dev 2
I/AudioPolicyManager(  300): s 1 c 0 avaDev 3 ba2dpo 0 ba2dpsp 0 dev 1
I/AudioPolicyManager(  300): s 2 c 0 avaDev 3 ba2dpo 0 ba2dpsp 0 dev 2
I/AudioPolicyManager(  300): s 2 c 0 avaDev 3 ba2dpo 0 ba2dpsp 0 dev 2
I/AudioPolicyManager(  300): s 3 c 0 avaDev 3 ba2dpo 0 ba2dpsp 0 dev 2
I/AudioPolicyManager(  300): s 0 c 0 avaDev 3 ba2dpo 0 ba2dpsp 0 dev 2
I/AudioPolicyManager(  300): s 4 c 0 avaDev 3 ba2dpo 0 ba2dpsp 0 dev 2
I/AudioPolicyManager(  300): s 5 c 0 avaDev 3 ba2dpo 0 ba2dpsp 0 dev 2
I/AudioPolicyManager(  300): s 6 c 0 avaDev 3 ba2dpo 0 ba2dpsp 0 dev 2
I/AudioPolicyManager(  300): s 7 c 0 avaDev 3 ba2dpo 0 ba2dpsp 0 dev 2
I/AudioPolicyManager(  300): s 8 c 0 avaDev 3 ba2dpo 0 ba2dpsp 0 dev 2
I/AudioPolicyManager(  300): setOutputDevice() setting same device 0002 or null device for output 2
I/AudioPolicyManager(  300):  checkAndSetVolume stream = 1 index = 8 output = 2 device = 0x2 delayMs = 0 force = 0
I/AudioPolicyManager(  300): PolicyForceReplace stream = 1 sampleRate = 48000 
I/AudioFlinger_Threads(  300): reset track timestretch tracn name 4100, ratio 100, mTimeStretchTrackName[name-4096] 0
I/AudioPolicyManager(  300): releaseOutput() 2
I/com.jieshun.jslife.activity.common.MainFragmentActivity( 7590): onResume()======
D/libc-netbsd( 7590): [getaddrinfo]: hostname=hdwg.jieshunpay.cn; servname=(null); cache_mode=(null), netid=0; mark=0
D/libc-netbsd( 7590): [getaddrinfo]: ai_addrlen=0; ai_canonname=(null); ai_flags=4; ai_family=0
D/libc-netbsd( 7590): [getaddrinfo]: hostname=hdwg.jieshunpay.cn; servname=(null); cache_mode=(null), netid=0; mark=0
D/libc-netbsd( 7590): [getaddrinfo]: ai_addrlen=0; ai_canonname=(null); ai_flags=1024; ai_family=0
D/libc-netbsd(  295): [getaddrinfo]: hostname=hdwg.jieshunpay.cn; servname=(null); cache_mode=local, netid=102; mark=917606
D/libc-netbsd(  295): [getaddrinfo]: ai_addrlen=0; ai_canonname=(null); ai_flags=1024; ai_family=0
D/libc-netbsd(  295): default dns: query_ipv6=0, query_ipv4=1
D/libc-netbsd(  295): res_queryN name = hdwg.jieshunpay.cn, class = 1, type = 1
D/libc-netbsd(  295): netid=102, dns0:202.96.134.133
D/libc-netbsd(  295): netid=102, dns1:202.96.128.166
D/libc-netbsd(  295): netid=102, dns2:8.8.8.8
E/SensorHAL(  877): [Proximity]: 5.000000
D/libc-netbsd( 7590): [getaddrinfo]: hostname=jsh.jslife.com.cn; servname=(null); cache_mode=(null), netid=0; mark=0
D/libc-netbsd( 7590): [getaddrinfo]: ai_addrlen=0; ai_canonname=(null); ai_flags=4; ai_family=0
D/libc-netbsd( 7590): [getaddrinfo]: hostname=jsh.jslife.com.cn; servname=(null); cache_mode=(null), netid=0; mark=0
D/libc-netbsd( 7590): [getaddrinfo]: ai_addrlen=0; ai_canonname=(null); ai_flags=1024; ai_family=0
D/libc-netbsd(  295): [getaddrinfo]: hostname=jsh.jslife.com.cn; servname=(null); cache_mode=local, netid=102; mark=917606
D/libc-netbsd(  295): [getaddrinfo]: ai_addrlen=0; ai_canonname=(null); ai_flags=1024; ai_family=0
D/libc-netbsd(  295): default dns: query_ipv6=0, query_ipv4=1
D/libc-netbsd(  295): res_queryN name = jsh.jslife.com.cn, class = 1, type = 1
D/libc-netbsd(  295): netid=102, dns0:202.96.134.133
D/libc-netbsd(  295): netid=102, dns1:202.96.128.166
D/libc-netbsd(  295): netid=102, dns2:8.8.8.8
I/MobclickAgent( 7590): Extend current session: 374D10E6291AB6A198A71C10F4073001
W/ActivityManager(  877): getRunningAppProcesses: caller 10099 does not hold REAL_GET_TASKS; limiting output
I/GLSurfaceView( 7590): setRenderMode = 1, this = com.baidu.platform.comapi.map.j{3aba50f8 V.E..... ......ID 0,0-1080,1920}
W/ActivityManager(  877): getRunningAppProcesses: caller 10099 does not hold REAL_GET_TASKS; limiting output
W/ActivityManager(  877): getRunningAppProcesses: caller 10099 does not hold REAL_GET_TASKS; limiting output
I/SurfaceView( 7590): updateWindow -- onWindowVisibilityChanged, visibility = 0, this = com.baidu.platform.comapi.map.j{3aba50f8 V.E..... ......ID 0,0-1080,1920}
W/ActivityManager(  877): getRunningAppProcesses: caller 10099 does not hold REAL_GET_TASKS; limiting output
I/WindowManager(  877): Losing focus: Window{1bfa6a0f u0 com.jieshun.jslife/com.jieshun.jslife.activity.WebViewBaseActivity}
I/EglHelper( 7590): eglInitialize = 917, this = com.baidu.platform.comapi.map.j{3aba50f8 V.E..... ......ID 0,0-1080,1920}
I/EglHelper( 7590): chooseConfig = 917, this = com.baidu.platform.comapi.map.j{3aba50f8 V.E..... ......ID 0,0-1080,1920}
I/DefaultContextFactory( 7590): createContext = 917, this = com.baidu.platform.comapi.map.j{3aba50f8 V.E..... ......ID 0,0-1080,1920}
I/[MALI][Gralloc](  274): Usage: 0xb00, format: 0x1 stride: 1088 vertical_stride: 1920 size: 8355840
I/[MALI][Gralloc](  274): Usage: 0xb00, format: 0x1 stride: 1088 vertical_stride: 1920 size: 8355840
I/[MALI][Gralloc](  274): Usage: 0xb00, format: 0x1 stride: 1088 vertical_stride: 1920 size: 8355840
E/AudioFlinger(  300): getNextBuffer, get null buffer
W/BufferQueueDump(  274): [SurfaceView] [void android::BufferQueueDump::addBuffer(const int&, const android::sp<android::GraphicBuffer>&, const android::sp<android::Fence>&, const int64_t&)] slot(0) acquired, seems to be abnormal, just update ...
I/[MALI][Gralloc](  274): Usage: 0xb00, format: 0x1 stride: 1088 vertical_stride: 1920 size: 8355840
I/[MALI][Gralloc](  274): Usage: 0xb00, format: 0x1 stride: 1088 vertical_stride: 1920 size: 8355840
D/libc-netbsd(  295): res_queryN name = hdwg.jieshunpay.cn succeed
D/libc-netbsd( 7590): getaddrinfo: hdwg.jieshunpay.cn get result from proxy >>
I/System.out( 7590): propertyValue:true
I/System.out( 7590): [CDS]connect[hdwg.jieshunpay.cn/14.215.135.104:8120] tm:10
I/WindowManager(  877): Gaining focus: Window{3231a098 u0 com.jieshun.jslife/com.jieshun.jslife.activity.common.MainFragmentActivity}
I/SurfaceView( 7590): updateWindow -- setFrame, this = com.baidu.platform.comapi.map.j{3aba50f8 V.E..... ......ID 0,0-1080,1920}
I/[MALI][Gralloc](  274): Usage: 0xb00, format: 0x1 stride: 1088 vertical_stride: 1920 size: 8355840
I/[MALI][Gralloc](  274): Usage: 0xb00, format: 0x1 stride: 1088 vertical_stride: 1920 size: 8355840
I/[MALI][Gralloc](  274): Usage: 0xb00, format: 0x1 stride: 1088 vertical_stride: 1920 size: 8355840
I/[MALI][Gralloc](  274): Usage: 0xb00, format: 0x1 stride: 1088 vertical_stride: 1920 size: 8355840
D/libc-netbsd( 7590): [getaddrinfo]: hostname=client.map.baidu.com; servname=80; cache_mode=(null), netid=0; mark=0
D/libc-netbsd( 7590): [getaddrinfo]: ai_addrlen=0; ai_canonname=(null); ai_flags=0; ai_family=0
D/libc-netbsd(  295): [getaddrinfo]: hostname=client.map.baidu.com; servname=80; cache_mode=local, netid=102; mark=917606
I/libPerfService(  877): perfSetFavorPid - pid:0, 0
D/libc-netbsd(  295): [getaddrinfo]: ai_addrlen=0; ai_canonname=(null); ai_flags=0; ai_family=0
D/libc-netbsd(  295): res_queryN name = client.map.baidu.com, class = 1, type = 28
D/libc-netbsd(  295): res_queryN name = client.map.baidu.com, class = 1, type = 1
D/libc-netbsd(  295): netid=102, dns0:202.96.134.133
D/libc-netbsd(  295): netid=102, dns1:202.96.128.166
D/libc-netbsd(  295): netid=102, dns2:8.8.8.8
I/SurfaceView( 7590): updateWindow -- OnScrollChangedListener, this = android.view.SurfaceView$2@1245f929
D/libc-netbsd(  295): res_queryN name = jsh.jslife.com.cn succeed
D/libc-netbsd( 7590): getaddrinfo: jsh.jslife.com.cn get result from proxy >>
I/System.out( 7590): propertyValue:true
I/System.out( 7590): [CDS]connect[jsh.jslife.com.cn/39.108.207.79:80] tm:20
W/PerfScheduler(  877): Not Boost !
I/System.out( 7590): open:http://api.map.baidu.com/sdkproxy/v2/lbs_androidsdk/geocoder/v2?location=22.577016306067733%2C114.05000412931915&coordtype=bd09ll&pois=1&output=json&from=android_map_sdk&latest_admin=0&token=c0e4TNqnRlY3vEod6gWAfZ3ovht8K3YTxcWB9DJnrgJl2JNce5vCsYh5YoyAj8mCDJ1EkX9slGnaqWsWg%2FCdjvvGGxpcvaKEz7SxekyStvjUhe%2BbSKHKR5oOOmhvtZRG5JQ%2F8z7MEabPoO9f%2Fczu2UigE%2FAPmy6803irZ1Ktk%2BZ4QAzcrue%2FwL2m7Js&pcn=com.jieshun.jslife&screen=1080%2C1920&cuid=07AB6C1293F355B0E1AE06BB5824B71A%7C944874720008868&dpi=480%2C480&resid=02&appid=-1&mb=m2%20note&ctm=1536033758.108000&net=1&bduid=&channel=baidu&os=Android22&sv=4.5.2&sign=a02b97ecd3bb0bbf7c161e4306cfd394
I/System.out( 7590): [OkHttp] sendRequest>>
I/System.out( 7590): [OkHttp] sendRequest<<
I/AudioPolicyManager(  300): ReleaseFMIndirectMode 
I/AudioPolicyManager(  300): PolicyRestore
I/AudioPolicyManager(  300): stopOutput() output 2, stream 1, session 319
I/AudioPolicyManager(  300): getNewOutputDevice() selected device 0
I/AudioPolicyManager(  300): setOutputDevice() output 2 device 0000 delayMs 184 force 0
I/AudioPolicyManager(  300): setOutputDevice() prevDevice 0002
I/AudioPolicyManager(  300): setOutputDevice() mMutePrevDevice 0002
I/AudioPolicyManager(  300): s 0 c 0 avaDev 3 ba2dpo 0 ba2dpsp 0 dev 2
I/AudioPolicyManager(  300): s 1 c 0 avaDev 3 ba2dpo 0 ba2dpsp 0 dev 1
I/AudioPolicyManager(  300): s 2 c 0 avaDev 3 ba2dpo 0 ba2dpsp 0 dev 2
I/AudioPolicyManager(  300): s 2 c 0 avaDev 3 ba2dpo 0 ba2dpsp 0 dev 2
I/AudioPolicyManager(  300): s 3 c 0 avaDev 3 ba2dpo 0 ba2dpsp 0 dev 2
I/AudioPolicyManager(  300): s 0 c 0 avaDev 3 ba2dpo 0 ba2dpsp 0 dev 2
I/AudioPolicyManager(  300): s 4 c 0 avaDev 3 ba2dpo 0 ba2dpsp 0 dev 2
I/AudioPolicyManager(  300): s 5 c 0 avaDev 3 ba2dpo 0 ba2dpsp 0 dev 2
I/AudioPolicyManager(  300): s 6 c 0 avaDev 3 ba2dpo 0 ba2dpsp 0 dev 2
I/AudioPolicyManager(  300): s 7 c 0 avaDev 3 ba2dpo 0 ba2dpsp 0 dev 2
I/AudioPolicyManager(  300): s 8 c 0 avaDev 3 ba2dpo 0 ba2dpsp 0 dev 2
I/AudioPolicyManager(  300): setOutputDevice() setting same device 0000 or null device for output 2
W/DecodingInfo( 1333): No Engine for Decoding
I/SurfaceView( 7590): updateWindow -- setFrame, this = com.baidu.platform.comapi.map.j{3aba50f8 V.E..... ......ID 0,0-1080,1920}
I/GLSurfaceView( 7590): setRenderMode = 0, this = com.baidu.platform.comapi.map.j{3aba50f8 V.E..... ......ID 0,0-1080,1920}
I/SurfaceView( 7590): updateWindow -- setFrame, this = com.baidu.platform.comapi.map.j{3aba50f8 V.E..... ......ID 0,0-1080,1920}
I/SurfaceView( 7590): updateWindow -- setFrame, this = com.baidu.platform.comapi.map.j{3aba50f8 V.E..... ......ID 0,0-1080,1920}
D/libc-netbsd(  295): res_queryN name = client.map.baidu.com succeed
D/libc-netbsd( 7590): getaddrinfo: client.map.baidu.com get result from proxy >>
I/SurfaceView( 7590): updateWindow -- setFrame, this = com.baidu.platform.comapi.map.j{3aba50f8 V.E..... ......ID 0,0-1080,1920}
I/System.out( 7590): [CDS]EAGAIN in Recvfrom
I/System.out( 7590): [CDS]read byte is 0
I/chromium( 7590): [INFO:browser_view_renderer.cc(697)] [FallbackTickFired] [0xf4f5b3fc] [0][0][1][0] => cancel throttleFallback !
I/AudioFlinger(  300): setParameters(): io 2, keyvalue FM_DIRECT_CONTROL=0, calling pid 300
I/NetworkManagementSocketTagger( 7590): untagSocket(102)
I/SurfaceView( 7590): updateWindow -- setFrame, this = com.baidu.platform.comapi.map.j{3aba50f8 V.E..... ......ID 0,0-1080,1920}
I/libPerfService(  877): 14: set: 4
I/libPerfService(  877): 14: set freq: 1235000
I/libPerfService(  877): 14: set gpu level: 0
I/SurfaceView( 7590): updateWindow -- setFrame, this = com.baidu.platform.comapi.map.j{3aba50f8 V.E..... ......ID 0,0-1080,1920}
W/ActivityManager(  877): getRunningAppProcesses: caller 10099 does not hold REAL_GET_TASKS; limiting output
W/ActivityManager(  877): getRunningAppProcesses: caller 10099 does not hold REAL_GET_TASKS; limiting output
W/ActivityManager(  877): getRunningAppProcesses: caller 10099 does not hold REAL_GET_TASKS; limiting output
W/ActivityManager(  877): getRunningAppProcesses: caller 10099 does not hold REAL_GET_TASKS; limiting output
D/libc-netbsd( 7590): [getaddrinfo]: hostname=newvector.map.baidu.com; servname=80; cache_mode=(null), netid=0; mark=0
D/libc-netbsd( 7590): [getaddrinfo]: ai_addrlen=0; ai_canonname=(null); ai_flags=0; ai_family=0
D/libc-netbsd(  295): [getaddrinfo]: hostname=newvector.map.baidu.com; servname=80; cache_mode=local, netid=102; mark=917606
D/libc-netbsd(  295): [getaddrinfo]: ai_addrlen=0; ai_canonname=(null); ai_flags=0; ai_family=0
D/libc-netbsd(  295): res_queryN name = newvector.map.baidu.com, class = 1, type = 28
D/libc-netbsd(  295): res_queryN name = newvector.map.baidu.com, class = 1, type = 1
D/libc-netbsd(  295): netid=102, dns0:202.96.134.133
D/libc-netbsd(  295): netid=102, dns1:202.96.128.166
D/libc-netbsd(  295): netid=102, dns2:8.8.8.8
I/SurfaceView( 7590): updateWindow -- setFrame, this = com.baidu.platform.comapi.map.j{3aba50f8 V.E..... ......ID 0,0-1080,1920}
I/libPerfService(  877): 13: set freq: 1300000
I/libPerfService(  877): 13: set: 6
I/SurfaceView( 7590): updateWindow -- setFrame, this = com.baidu.platform.comapi.map.j{3aba50f8 V.E..... ......ID 0,0-1080,1920}
W/ContextImpl(  877): Calling a method in the system process without a qualified user: android.app.ContextImpl.sendBroadcast:1474 com.android.server.statusbar.StatusBarManagerService.onPanelRevealed:531 com.android.internal.statusbar.IStatusBarService$Stub.onTransact:185 android.os.Binder.execTransact:454 <bottom of call stack> 
I/MediaPlayerService(  300): [stop] [28] stop
I/AwesomePlayer(  300): stop extractor in reset
I/AwesomePlayer(  300): [pause_l]line:1609 pause_l :at_eos=0
I/MediaPlayerService(  300): [disconnect] disconnect(28) from pid 1041
I/AwesomePlayer(  300): stop extractor in reset
I/AwesomePlayer(  300): [reset_l]line:707 reset_l
I/AwesomePlayer(  300): [reset_l]line:762 reset cancelPlayEvents
I/AudioSink(  300): [pause] pause
I/[MALI][Gralloc](  274): Usage: 0x333, format: 0x1 stride: 544 vertical_stride: 960 size: 2088960
I/art     ( 1041): [heap] RegisterNativeAllocation start bytes:2088960
I/art     ( 1041): [heap] RegisterNativeAllocation RunFinalization time 1
I/art     ( 1041): [heap] RegisterNativeAllocation native_bytes_allocated_:2088960
I/art     ( 1041): [heap] RegisterNativeAllocation new_native_bytes_allocated:2088960, native_bytes_allocated_:4177920, native_footprint_gc_watermark_:2785280, growth_limit_:268435456
I/art     ( 1041): [heap] RegisterNativeAllocation end
E/Tethering(  877): updateConfiguration: wrong MCCMNC =null
I/Tethering(  877): ifaceTypes = null, use default
I/Tethering(  877): upstreamIfaceTypes.add:0
I/Tethering(  877): upstreamIfaceTypes.add:1
I/Tethering(  877): upstreamIfaceTypes.add:5
I/Tethering(  877): upstreamIfaceTypes.add:7
I/Tethering(  877): upstreamIfaceTypes.add:9
I/Tethering(  877): upstreamIfaceTypes.add:49
I/Tethering(  877): checkDunRequired:2
I/AudioSink(  300): [stop] stop
I/AudioSink(  300): [flush] flush
I/AudioFlinger_Threads(  300): enforc flush
I/AudioSink(  300): [close] close
I/AudioSink(  300): close mTearDownLock
I/AudioFlinger_Threads(  300): reset track timestretch tracn name 4099, ratio 100, mTimeStretchTrackName[name-4096] 0
I/AudioPolicyManager(  300): releaseOutput() 2
W/OMXCodec(  300): FILL_BUFFER_DONE(buffer: 3997157216, size: 0, flags: 0x00000000, timestamp: 851882 us (0.85 secs))
I/AwesomePlayer(  300): [reset_l]line:861 reset_l done
I/AwesomePlayer(  300): set flag for stopped
I/AwesomePlayer(  300): [reset_l]line:707 reset_l
I/AwesomePlayer(  300): [reset_l]line:762 reset cancelPlayEvents
I/AwesomePlayer(  300): [reset_l]line:861 reset_l done
I/AwesomePlayer(  300): set flag for stopped
I/AwesomePlayer(  300): [reset_l]line:707 reset_l
I/AwesomePlayer(  300): [reset_l]line:762 reset cancelPlayEvents
I/AwesomePlayer(  300): [reset_l]line:861 reset_l done
I/AudioSink(  300): [close] close
I/AudioSink(  300): close mTearDownLock
I/MediaPlayerService(  300): [disconnect] disconnect(28) from pid 1041
I/MediaPlayerService(  300): [~Client] [28]~Client
I/WindowManager(  877): Gaining focus: Window{2d945bf0 u0 StatusBar}
I/WindowManager(  877): Losing focus: Window{3231a098 u0 com.jieshun.jslife/com.jieshun.jslife.activity.common.MainFragmentActivity}
I/[MALI][Gralloc](  274): Usage: 0xb00, format: 0x1 stride: 1088 vertical_stride: 1920 size: 8355840
I/[MALI][Gralloc](  274): Usage: 0xb00, format: 0x1 stride: 1088 vertical_stride: 1920 size: 8355840
I/[MALI][Gralloc](  274): Usage: 0xb00, format: 0x1 stride: 1088 vertical_stride: 1920 size: 8355840
I/SurfaceFlinger(  274): [Built-in Screen (type:0)] fps:39.734695,dur:1006.68,max:260.77,min:13.38
I/[MALI][Gralloc](  274): Usage: 0xb00, format: 0x1 stride: 1088 vertical_stride: 1920 size: 8355840
I/SurfaceView( 7590): updateWindow -- setFrame, this = com.baidu.platform.comapi.map.j{3aba50f8 V.E..... ......ID 0,0-1080,1920}
I/PerfService(  877): PerfServiceNative_boostDisableAsync:5
I/libPerfService(  877): 5: set: 6
I/libPerfService(  877): 5: set freq: 1300000
I/PanelView( 1041): mTracking true,cancel fling false,instant collapse false
I/PanelView( 1041): reachTarget false,camera intercept false,camera running false
I/PanelView( 1041): isShademode false,target height 1191.0,expand height 635.66895
I/SurfaceView( 7590): updateWindow -- setFrame, this = com.baidu.platform.comapi.map.j{3aba50f8 V.E..... ......ID 0,0-1080,1920}
W/recents.Component( 1041): create a new LoadPlan to load thumbnail -- background
W/recents.Performance( 1041): preload while task Change spend : 2
I/SurfaceView( 7590): updateWindow -- setFrame, this = com.baidu.platform.comapi.map.j{3aba50f8 V.E..... ......ID 0,0-1080,1920}
I/http    ( 7590): 
I/http    ( 7590):  HTTP {"resultCode":"0","message":"","obj":{"paymentCarList":[],"monthCarDelayInfo":null,"voteData":null},"seqId":"59c6bb50efd2421fa35bc62ad3f2e023","right":true}
D/libc-netbsd(  295): res_queryN name = newvector.map.baidu.com succeed
D/libc-netbsd( 7590): getaddrinfo: newvector.map.baidu.com get result from proxy >>
I/SurfaceView( 7590): updateWindow -- setFrame, this = com.baidu.platform.comapi.map.j{3aba50f8 V.E..... ......ID 0,0-1080,1920}
I/SurfaceView( 7590): updateWindow -- setFrame, this = com.baidu.platform.comapi.map.j{3aba50f8 V.E..... ......ID 0,0-1080,1920}
I/SurfaceView( 7590): updateWindow -- setFrame, this = com.baidu.platform.comapi.map.j{3aba50f8 V.E..... ......ID 0,0-1080,1920}
I/SurfaceView( 7590): updateWindow -- setFrame, this = com.baidu.platform.comapi.map.j{3aba50f8 V.E..... ......ID 0,0-1080,1920}
I/SurfaceView( 7590): updateWindow -- setFrame, this = com.baidu.platform.comapi.map.j{3aba50f8 V.E..... ......ID 0,0-1080,1920}
I/SurfaceView( 7590): updateWindow -- setFrame, this = com.baidu.platform.comapi.map.j{3aba50f8 V.E..... ......ID 0,0-1080,1920}
I/SurfaceView( 7590): updateWindow -- setFrame, this = com.baidu.platform.comapi.map.j{3aba50f8 V.E..... ......ID 0,0-1080,1920}
I/libPerfService(  877): 13: set: 4
I/libPerfService(  877): 13: set freq: 1235000
I/libPerfService(  877): 13: set gpu level: 0
D/[BT3.0+HS]PAL(  333): == chip_reset_fd is set ==
D/[BT3.0+HS]PAL(  333): 
D/[BT3.0+HS]PAL(  333): invalid reply message
D/[BT3.0+HS]PAL(  333): 
I/SurfaceView( 7590): updateWindow -- setFrame, this = com.baidu.platform.comapi.map.j{3aba50f8 V.E..... ......ID 0,0-1080,1920}
I/SurfaceView( 7590): updateWindow -- setFrame, this = com.baidu.platform.comapi.map.j{3aba50f8 V.E..... ......ID 0,0-1080,1920}
I/SurfaceView( 7590): updateWindow -- setFrame, this = com.baidu.platform.comapi.map.j{3aba50f8 V.E..... ......ID 0,0-1080,1920}
I/SurfaceView( 7590): updateWindow -- setFrame, this = com.baidu.platform.comapi.map.j{3aba50f8 V.E..... ......ID 0,0-1080,1920}
I/PerfService(  877): PerfServiceNative_boostDisableAsync:5
I/libPerfService(  877): 5: set: 4
I/libPerfService(  877): 5: set freq: 1235000
I/AudioPolicyManager(  300): s 0 c 0 avaDev 3 ba2dpo 0 ba2dpsp 0 dev 2
I/AudioPolicyManager(  300): getOutput() device 2, stream 1, samplingRate 0, format 0, channelMask 3, flags 0
I/AudioPolicyManager(  300): getOutput() returns output 2
I/AudioPolicyManager(  300): s 0 c 0 avaDev 3 ba2dpo 0 ba2dpsp 0 dev 2
I/AudioPolicyManager(  300): getOutput() device 2, stream 1, samplingRate 0, format 0, channelMask 3, flags 0
I/AudioPolicyManager(  300): getOutput() returns output 2
I/AudioPolicyManager(  300): s 0 c 0 avaDev 3 ba2dpo 0 ba2dpsp 0 dev 2
I/AudioPolicyManager(  300): getOutput() returns output 2
W/AudioTrack(  877): AUDIO_OUTPUT_FLAG_FAST denied by client
I/AudioFlinger_Threads(  300): attachAuxEffect_l EffectId 0
I/AudioFlinger_Threads(  300): attachAuxEffect_l status 0
I/AudioPolicyManager(  300): AddSampleRateArray index = 1 sampleRate = 48000
I/AudioPolicyManager(  300): startOutput() output 2, stream 1, session 320
I/AudioPolicyManager(  300): s 0 c 0 avaDev 3 ba2dpo 0 ba2dpsp 0 dev 2
I/AudioPolicyManager(  300): getNewOutputDevice() selected device 2
I/AudioPolicyManager(  300): setOutputDevice() output 2 device 0002 delayMs 0 force 0
I/AudioPolicyManager(  300): s 0 c 0 avaDev 3 ba2dpo 0 ba2dpsp 0 dev 2
I/AudioFlinger(  300): setParameters(): io 2, keyvalue FM_DIRECT_CONTROL=1, calling pid 300
I/AudioPolicyManager(  300): setOutputDevice() prevDevice 0002
I/AudioPolicyManager(  300): setOutputDevice() mMutePrevDevice 0000
I/AudioPolicyManager(  300): s 0 c 0 avaDev 3 ba2dpo 0 ba2dpsp 0 dev 2
I/AudioPolicyManager(  300): s 1 c 0 avaDev 3 ba2dpo 0 ba2dpsp 0 dev 1
I/AudioPolicyManager(  300): s 2 c 0 avaDev 3 ba2dpo 0 ba2dpsp 0 dev 2
I/AudioPolicyManager(  300): s 2 c 0 avaDev 3 ba2dpo 0 ba2dpsp 0 dev 2
I/AudioPolicyManager(  300): s 3 c 0 avaDev 3 ba2dpo 0 ba2dpsp 0 dev 2
I/AudioPolicyManager(  300): s 0 c 0 avaDev 3 ba2dpo 0 ba2dpsp 0 dev 2
I/AudioPolicyManager(  300): s 4 c 0 avaDev 3 ba2dpo 0 ba2dpsp 0 dev 2
I/AudioPolicyManager(  300): s 5 c 0 avaDev 3 ba2dpo 0 ba2dpsp 0 dev 2
I/AudioPolicyManager(  300): s 6 c 0 avaDev 3 ba2dpo 0 ba2dpsp 0 dev 2
I/AudioPolicyManager(  300): s 7 c 0 avaDev 3 ba2dpo 0 ba2dpsp 0 dev 2
I/AudioPolicyManager(  300): s 8 c 0 avaDev 3 ba2dpo 0 ba2dpsp 0 dev 2
I/AudioPolicyManager(  300): setOutputDevice() setting same device 0002 or null device for output 2
I/AudioPolicyManager(  300):  checkAndSetVolume stream = 1 index = 8 output = 2 device = 0x2 delayMs = 0 force = 0
I/AudioPolicyManager(  300): PolicyForceReplace stream = 1 sampleRate = 48000 
I/AudioFlinger_Threads(  300): reset track timestretch tracn name 4103, ratio 100, mTimeStretchTrackName[name-4096] 0
I/AudioPolicyManager(  300): releaseOutput() 2
I/SurfaceFlinger(  274): [Built-in Screen (type:0)] fps:14.166365,dur:1270.62,max:669.36,min:17.01
I/SurfaceView( 7590): updateWindow -- setFrame, this = com.baidu.platform.comapi.map.j{3aba50f8 V.E..... ......ID 0,0-1080,1920}
E/AudioFlinger(  300): getNextBuffer, get null buffer
I/SurfaceView( 7590): updateWindow -- setFrame, this = com.baidu.platform.comapi.map.j{3aba50f8 V.E..... ......ID 0,0-1080,1920}
I/AudioFlinger_Threads(  300): pause signal - [NOT READY] on thread
I/SurfaceView( 7590): updateWindow -- setFrame, this = com.baidu.platform.comapi.map.j{3aba50f8 V.E..... ......ID 0,0-1080,1920}
I/SurfaceView( 7590): updateWindow -- setFrame, this = com.baidu.platform.comapi.map.j{3aba50f8 V.E..... ......ID 0,0-1080,1920}
I/AudioPolicyManager(  300): ReleaseFMIndirectMode 
I/AudioPolicyManager(  300): PolicyRestore
I/AudioPolicyManager(  300): stopOutput() output 2, stream 1, session 320
I/AudioPolicyManager(  300): getNewOutputDevice() selected device 0
I/AudioPolicyManager(  300): setOutputDevice() output 2 device 0000 delayMs 184 force 0
I/AudioPolicyManager(  300): setOutputDevice() prevDevice 0002
I/AudioPolicyManager(  300): setOutputDevice() mMutePrevDevice 0002
I/AudioPolicyManager(  300): s 0 c 0 avaDev 3 ba2dpo 0 ba2dpsp 0 dev 2
I/AudioPolicyManager(  300): s 1 c 0 avaDev 3 ba2dpo 0 ba2dpsp 0 dev 1
I/AudioPolicyManager(  300): s 2 c 0 avaDev 3 ba2dpo 0 ba2dpsp 0 dev 2
I/AudioPolicyManager(  300): s 2 c 0 avaDev 3 ba2dpo 0 ba2dpsp 0 dev 2
I/AudioPolicyManager(  300): s 3 c 0 avaDev 3 ba2dpo 0 ba2dpsp 0 dev 2
I/AudioPolicyManager(  300): s 0 c 0 avaDev 3 ba2dpo 0 ba2dpsp 0 dev 2
I/AudioPolicyManager(  300): s 4 c 0 avaDev 3 ba2dpo 0 ba2dpsp 0 dev 2
I/AudioPolicyManager(  300): s 5 c 0 avaDev 3 ba2dpo 0 ba2dpsp 0 dev 2
I/AudioPolicyManager(  300): s 6 c 0 avaDev 3 ba2dpo 0 ba2dpsp 0 dev 2
I/AudioPolicyManager(  300): s 7 c 0 avaDev 3 ba2dpo 0 ba2dpsp 0 dev 2
I/AudioPolicyManager(  300): s 8 c 0 avaDev 3 ba2dpo 0 ba2dpsp 0 dev 2
I/AudioPolicyManager(  300): setOutputDevice() setting same device 0000 or null device for output 2
I/AudioFlinger(  300): setParameters(): io 0, keyvalue mediaserver_monitor=1, calling pid 877
W/AudioALSAHardware(  300): setParameters(), still have param.size() = 1, remain param = "mediaserver_monitor=1"
I/str_params(  300): key: 'mediaserver_monitor' value: '1'
I/AudioPolicyManager(  300): setStreamVolumeIndex stream = 7 index = 15 device = 0x400
I/SurfaceView( 7590): updateWindow -- setFrame, this = com.baidu.platform.comapi.map.j{3aba50f8 V.E..... ......ID 0,0-1080,1920}
I/AudioFlinger(  300): setParameters(): io 2, keyvalue FM_DIRECT_CONTROL=0, calling pid 300
I/SurfaceView( 7590): updateWindow -- setFrame, this = com.baidu.platform.comapi.map.j{3aba50f8 V.E..... ......ID 0,0-1080,1920}
I/libPerfService(  877): 13: set freq: 1300000
I/PanelView( 1041): isShademode false,target height 0.0,expand height 1191.0
I/libPerfService(  877): 13: set: 6
I/SurfaceView( 7590): updateWindow -- setFrame, this = com.baidu.platform.comapi.map.j{3aba50f8 V.E..... ......ID 0,0-1080,1920}
I/SurfaceView( 7590): updateWindow -- setFrame, this = com.baidu.platform.comapi.map.j{3aba50f8 V.E..... ......ID 0,0-1080,1920}
I/SurfaceView( 7590): updateWindow -- setFrame, this = com.baidu.platform.comapi.map.j{3aba50f8 V.E..... ......ID 0,0-1080,1920}
I/thermal_repeater(  323): oh, queryMdThermalInfo (0)Bad file number
I/libPerfService(  877): perfSetFavorPid - pid:7590, 1da6
W/StatusBar( 1041): removeFakeNotificationViews()---removeNotification for unknown pkg: com.meizu.media.reader
I/thermal_repeater(  323): [recvMdThermalInfo] ret=25, strLen=127,  1, 32767,,, -1, 32767, 2
I/PhoneStatusBar( 1041): updateNotificationCountChange,mLastHasNotification:true , hasActiveNotifications:true
W/ContextImpl(  877): Calling a method in the system process without a qualified user: android.app.ContextImpl.sendBroadcast:1474 com.android.server.statusbar.StatusBarManagerService.onPanelHidden:555 com.android.internal.statusbar.IStatusBarService$Stub.onTransact:192 android.os.Binder.execTransact:454 <bottom of call stack> 
W/READER_LOGGER-ReaderPushReceiver( 5835): onNotificationDeleted() called with: context = [com.meizu.media.reader.ReaderApplication@2a08fbd5], title = [], content = [], selfDefineContentString = [{"t":0,"m":{"i":1536029548120001,"ui":"c3d6a1a4716945dcb1d0706d493a3d3e","ot":1,"rt":4,"rst":"NORMAL","rid":48,"r":"","t":"","c":"","u":"http://reader.res.meizu.com/reader/articlecontent/20180904/1536029548120001.json","d":1536030613212,"pid":1536030613212,"w":0,"bt":0,"img":"","bcid":-1,"is":0,"indb":false,"vw":0,"vh":0,"ct":0,"bvcid":46,"pbt":0,"dp":1}}], notifyId = [31768428]
I/WindowManager(  877): Gaining focus: Window{3231a098 u0 com.jieshun.jslife/com.jieshun.jslife.activity.common.MainFragmentActivity}
I/WindowManager(  877): Losing focus: Window{2d945bf0 u0 StatusBar}
W/InputMethodManagerService(  877): Window already focused, ignoring focus gain of: com.android.internal.view.IInputMethodClient$Stub$Proxy@b7a6d96 attribute=null, token = android.os.BinderProxy@364f8a7b
I/[MALI][Gralloc](  274): Usage: 0xb00, format: 0x1 stride: 1088 vertical_stride: 66 size: 287232
I/[MALI][Gralloc](  274): Usage: 0xb00, format: 0x1 stride: 1088 vertical_stride: 66 size: 287232
I/PalmRejection( 1041): disableProximityLockLocked, mProximitySensorEnabled = false
I/PalmRejection( 1041): disableProximityLockLocked() failed... Proximity Sensor already disabled
I/System.out( 5835): open:https://push-statics.meizu.com/push_data_report/mobile
I/[MALI][Gralloc](  274): Usage: 0xb00, format: 0x1 stride: 1088 vertical_stride: 66 size: 287232
D/libc-netbsd( 5835): [getaddrinfo]: hostname=push-statics.meizu.com; servname=(null); cache_mode=(null), netid=0; mark=0
D/libc-netbsd( 5835): [getaddrinfo]: ai_addrlen=0; ai_canonname=(null); ai_flags=4; ai_family=0
D/libc-netbsd( 5835): [getaddrinfo]: hostname=push-statics.meizu.com; servname=(null); cache_mode=(null), netid=0; mark=0
D/libc-netbsd( 5835): [getaddrinfo]: ai_addrlen=0; ai_canonname=(null); ai_flags=1024; ai_family=0
I/libPerfService(  877): perfSetFavorPid - pid:0, 0
D/libc-netbsd(  295): [getaddrinfo]: hostname=push-statics.meizu.com; servname=(null); cache_mode=local, netid=102; mark=917606
D/libc-netbsd(  295): [getaddrinfo]: ai_addrlen=0; ai_canonname=(null); ai_flags=1024; ai_family=0
D/libc-netbsd(  295): default dns: query_ipv6=0, query_ipv4=1
D/libc-netbsd(  295): res_queryN name = push-statics.meizu.com, class = 1, type = 1
D/libc-netbsd(  295): netid=102, dns0:202.96.134.133
D/libc-netbsd(  295): netid=102, dns1:202.96.128.166
D/libc-netbsd(  295): netid=102, dns2:8.8.8.8
I/SurfaceView( 7590): updateWindow -- setFrame, this = com.baidu.platform.comapi.map.j{3aba50f8 V.E..... ......ID 0,0-1080,1920}
I/libPerfService(  877): 7: set: 6
I/libPerfService(  877): 7: set freq: 1300000
I/SurfaceView( 7590): updateWindow -- setFrame, this = com.baidu.platform.comapi.map.j{3aba50f8 V.E..... ......ID 0,0-1080,1920}
I/SurfaceView( 7590): updateWindow -- setFrame, this = com.baidu.platform.comapi.map.j{3aba50f8 V.E..... ......ID 0,0-1080,1920}
I/[MALI][Gralloc](  274): Usage: 0xb00, format: 0x1 stride: 1088 vertical_stride: 66 size: 287232
I/SurfaceFlinger(  274): [Built-in Screen (type:0)] fps:35.183979,dur:1080.04,max:243.70,min:15.78
I/SurfaceView( 7590): updateWindow -- setFrame, this = com.baidu.platform.comapi.map.j{3aba50f8 V.E..... ......ID 0,0-1080,1920}
I/SurfaceView( 7590): updateWindow -- OnScrollChangedListener, this = android.view.SurfaceView$2@1245f929
I/SurfaceView( 7590): Punch a hole(draw), w = 1080, h = 1920, this = com.baidu.platform.comapi.map.j{3aba50f8 V.E..... ........ 0,0-1080,1920}
I/SurfaceView( 7590): updateWindow -- setFrame, this = com.baidu.platform.comapi.map.j{3aba50f8 V.E..... ........ 0,0-1080,1920}
I/SurfaceView( 7590): updateWindow -- OnScrollChangedListener, this = android.view.SurfaceView$2@1245f929
I/SurfaceView( 7590): updateWindow -- OnScrollChangedListener, this = android.view.SurfaceView$2@1245f929
I/SurfaceView( 7590): updateWindow -- OnScrollChangedListener, this = android.view.SurfaceView$2@1245f929
I/KeyguardUpdateMonitor( 1041): handleBatteryUpdate index=0 updateInteresting=false
I/BatteryConsumeMonitor( 1287): init var lastPlugType : 2 lastBatteryChangedLevel : 100
I/BatteryConsumeMonitor( 1287): init var lastPlugType : 2 lastBatteryChangedLevel : 100
I/libPerfService(  877): perfSetFavorPid - pid:7590, 1da6
I/SurfaceView( 7590): updateWindow -- OnScrollChangedListener, this = android.view.SurfaceView$2@1245f929
I/SurfaceView( 7590): updateWindow -- OnScrollChangedListener, this = android.view.SurfaceView$2@1245f929
I/SurfaceView( 7590): updateWindow -- OnScrollChangedListener, this = android.view.SurfaceView$2@1245f929
I/SurfaceView( 7590): updateWindow -- setFrame, this = com.baidu.platform.comapi.map.j{3aba50f8 V.E..... ........ 0,0-1080,1920}
I/SurfaceView( 7590): updateWindow -- OnScrollChangedListener, this = android.view.SurfaceView$2@1245f929
I/SurfaceView( 7590): updateWindow -- setFrame, this = com.baidu.platform.comapi.map.j{3aba50f8 V.E..... ........ 0,0-1080,1920}
I/libPerfService(  877): 13: set: 4
I/libPerfService(  877): 13: set freq: 1235000
I/libPerfService(  877): 13: set gpu level: 0
I/SurfaceView( 7590): updateWindow -- setFrame, this = com.baidu.platform.comapi.map.j{3aba50f8 V.E..... ........ 0,0-1080,1920}
I/SurfaceView( 7590): updateWindow -- setFrame, this = com.baidu.platform.comapi.map.j{3aba50f8 V.E..... ........ 0,0-1080,1920}
I/libPerfService(  877): perfSetFavorPid - pid:0, 0
I/libPerfService(  877): perfSetFavorPid - pid:7590, 1da6
I/SurfaceView( 7590): updateWindow -- setFrame, this = com.baidu.platform.comapi.map.j{3aba50f8 V.E..... ........ 0,0-1080,1920}
I/libPerfService(  877): 7: set: 4
I/libPerfService(  877): 7: set freq: 1235000
I/SurfaceView( 7590): updateWindow -- setFrame, this = com.baidu.platform.comapi.map.j{3aba50f8 V.E..... ........ 0,0-1080,1920}
I/libPerfService(  877): 12: set: 1
I/libPerfService(  877): 12: set freq: 0
I/libPerfService(  877): 12: set gpu level: 0
I/SurfaceView( 7590): updateWindow -- setFrame, this = com.baidu.platform.comapi.map.j{3aba50f8 V.E..... ........ 0,0-1080,1920}
I/SurfaceView( 7590): updateWindow -- setFrame, this = com.baidu.platform.comapi.map.j{3aba50f8 V.E..... ........ 0,0-1080,1920}
I/libPerfService(  877): perfSetFavorPid - pid:0, 0
I/SurfaceFlinger(  274): [Built-in Screen (type:0)] fps:18.797482,dur:1010.77,max:139.61,min:16.53
I/SurfaceView( 7590): updateWindow -- setFrame, this = com.baidu.platform.comapi.map.j{3aba50f8 V.E..... ........ 0,0-1080,1920}
I/SurfaceView( 7590): updateWindow -- setFrame, this = com.baidu.platform.comapi.map.j{3aba50f8 V.E..... ........ 0,0-1080,1920}
I/SurfaceView( 7590): updateWindow -- setFrame, this = com.baidu.platform.comapi.map.j{3aba50f8 V.E..... ........ 0,0-1080,1920}
I/SurfaceView( 7590): updateWindow -- setFrame, this = com.baidu.platform.comapi.map.j{3aba50f8 V.E..... ........ 0,0-1080,1920}
I/SurfaceView( 7590): updateWindow -- setFrame, this = com.baidu.platform.comapi.map.j{3aba50f8 V.E..... ........ 0,0-1080,1920}
I/SurfaceView( 7590): updateWindow -- setFrame, this = com.baidu.platform.comapi.map.j{3aba50f8 V.E..... ........ 0,0-1080,1920}
I/SurfaceView( 7590): updateWindow -- setFrame, this = com.baidu.platform.comapi.map.j{3aba50f8 V.E..... ........ 0,0-1080,1920}
D/[BT3.0+HS]PAL(  333): == chip_reset_fd is set ==
D/[BT3.0+HS]PAL(  333): 
D/[BT3.0+HS]PAL(  333): invalid reply message
D/[BT3.0+HS]PAL(  333): 
E/wpa_supplicant( 1206): This is a Iphone softap!!!!!!! 
E/wpa_supplicant( 1206): This is a Iphone softap!!!!!!! 
E/wpa_supplicant( 1206): This is a Iphone softap!!!!!!! 
E/wpa_supplicant( 1206): This is a Iphone softap!!!!!!! 
I/Netd    (  295): Get netlink event, ifname: wlan0 action: 4
I/Netd    (  295): Get netlink event, ifname: wlan0 action: 4
D/[BT3.0+HS]PAL(  333): == chip_reset_fd is set ==
D/[BT3.0+HS]PAL(  333): 
D/[BT3.0+HS]PAL(  333): invalid reply message
D/[BT3.0+HS]PAL(  333): 
E/wpa_supplicant( 1206): This is a Iphone softap!!!!!!! 
I/SurfaceView( 7590): updateWindow -- setFrame, this = com.baidu.platform.comapi.map.j{3aba50f8 V.E..... ........ 0,0-1080,1920}
E/WifiConfigStore(  877):  rewrite network history for "chaozhouniurouwan"WPA_PSK
E/WifiStateMachine(  877): mIsFullScanOngoing: true, mSendScanResultsBroadcast: false
E/WifiStateMachine(  877): mWifiOnScanCount: 391
I/libPerfService(  877): perfSetFavorPid - pid:7590, 1da6
W/ContextImpl( 2120): Calling a method in the system process without a qualified user: android.app.ContextImpl.startService:1863 android.content.ContextWrapper.startService:516 android.content.ContextWrapper.startService:516 com.meizu.dataservice.ExperienceReceiver.a:-1 com.meizu.dataservice.ExperienceReceiver.onReceive:-1 
I/art     (  877): Background sticky concurrent mark sweep GC freed 10578(1988KB) AllocSpace objects, 0(0B) LOS objects, 3% free, 40MB/41MB, paused 15.077ms total 67.028ms
I/SurfaceView( 7590): updateWindow -- setFrame, this = com.baidu.platform.comapi.map.j{3aba50f8 V.E..... ........ 0,0-1080,1920}
I/System.out( 7590): isFirstLoctrue
I/System.out( 7590): ******jscarlife*********************onMapStatusChangeStart*********************1******
