I/View    ( 9685): Key up dispatch to android.support.design.widget.TabLayout$TabView{15985ff0 VFE...C. .FS..... 60,0-276,144}, event = KeyEvent { action=ACTION_UP, keyCode=KEYCODE_DPAD_LEFT, scanCode=0, metaState=0, flags=0x400, repeatCount=0, eventTime=25421294, downTime=25421294, deviceId=-1, source=0x101 }
I/[MALI][Gralloc](  276): Usage: 0xb00, format: 0x1 stride: 304 vertical_stride: 300 size: 364800
I/[MALI][Gralloc](  276): Usage: 0xb00, format: 0x1 stride: 304 vertical_stride: 300 size: 364800
I/[MALI][Gralloc](  276): Usage: 0xb00, format: 0x1 stride: 304 vertical_stride: 300 size: 364800
I/[MALI][Gralloc](  276): Usage: 0xb00, format: 0x1 stride: 304 vertical_stride: 300 size: 364800
E/AudioALSAPlaybackHandlerBase(  304): openPcmDriver(), pcm_start(0xf3c77fa0) fail due to cannot start channel: Broken pipe
E/AudioALSAPlaybackHandlerBase(  304): -getHardwareBufferInfo pcm_get_htimestamp fail, ret = -1, pcm_get_error = cannot start channel: Broken pipe
E/AudioFlinger(  304): getNextBuffer, get null buffer
I/art     (  881): Background sticky concurrent mark sweep GC freed 9704(594KB) AllocSpace objects, 0(0B) LOS objects, 1% free, 47MB/48MB, paused 6.242ms total 62.635ms
I/AudioFlinger_Threads(  304): pause signal - [NOT READY] on thread
W/ADB_SERVICES(16908): create_local_service_socket() name=shell:ps
W/ADB_SERVICES(16908): service_to_fd() name=shell:ps
W/ADB_SERVICES(16908): read_meminfo() mem_free=38520
W/ADB_SERVICES(16908): create_subproc ret_fd=22 pid=13556
W/ADB_SERVICES(16908): LS(1581): bound to 'shell:ps' via 22
W/ADB_SERVICES(13556): adb: unable to update oom_score_adj
I/AudioPolicyManager(  304): ReleaseFMIndirectMode 
I/AudioPolicyManager(  304): PolicyRestore
I/AudioPolicyManager(  304): stopOutput() output 2, stream 1, session 661
I/AudioPolicyManager(  304): getNewOutputDevice() selected device 0
I/AudioPolicyManager(  304): setOutputDevice() output 2 device 0000 delayMs 184 force 0
I/AudioPolicyManager(  304): setOutputDevice() prevDevice 0002
I/AudioPolicyManager(  304): setOutputDevice() mMutePrevDevice 0002
I/AudioPolicyManager(  304): s 0 c 0 avaDev 3 ba2dpo 0 ba2dpsp 0 dev 2
I/AudioPolicyManager(  304): s 1 c 0 avaDev 3 ba2dpo 0 ba2dpsp 0 dev 1
I/AudioPolicyManager(  304): s 2 c 0 avaDev 3 ba2dpo 0 ba2dpsp 0 dev 2
I/AudioPolicyManager(  304): s 2 c 0 avaDev 3 ba2dpo 0 ba2dpsp 0 dev 2
I/AudioPolicyManager(  304): s 3 c 0 avaDev 3 ba2dpo 0 ba2dpsp 0 dev 2
I/AudioPolicyManager(  304): s 0 c 0 avaDev 3 ba2dpo 0 ba2dpsp 0 dev 2
I/AudioPolicyManager(  304): s 4 c 0 avaDev 3 ba2dpo 0 ba2dpsp 0 dev 2
I/AudioPolicyManager(  304): s 5 c 0 avaDev 3 ba2dpo 0 ba2dpsp 0 dev 2
I/AudioPolicyManager(  304): s 6 c 0 avaDev 3 ba2dpo 0 ba2dpsp 0 dev 2
I/AudioPolicyManager(  304): s 7 c 0 avaDev 3 ba2dpo 0 ba2dpsp 0 dev 2
I/AudioPolicyManager(  304): s 8 c 0 avaDev 3 ba2dpo 0 ba2dpsp 0 dev 2
I/AudioPolicyManager(  304): setOutputDevice() setting same device 0000 or null device for output 2
W/ADB_SERVICES(16908): entered. LS(1581) fd=22
I/PerfService(  881): PerfServiceNative_boostDisableAsync:5
I/libPerfService(  881): 5: set: 1
I/libPerfService(  881): 5: set freq: 0
W/ADB_SERVICES(16908): create_local_service_socket() name=shell:cat /proc/cpuinfo
W/ADB_SERVICES(16908): service_to_fd() name=shell:cat /proc/cpuinfo
W/ADB_SERVICES(16908): read_meminfo() mem_free=38276
W/ADB_SERVICES(16908): create_subproc ret_fd=22 pid=13557
W/ADB_SERVICES(16908): LS(1582): bound to 'shell:cat /proc/cpuinfo' via 22
W/ADB_SERVICES(13557): adb: unable to update oom_score_adj
W/ADB_SERVICES(16908): entered. LS(1582) fd=22
I/AudioFlinger(  304): setParameters(): io 2, keyvalue FM_DIRECT_CONTROL=0, calling pid 304
I/SurfaceFlinger(  276): [Built-in Screen (type:0)] fps:23.926609,dur:1003.07,max:348.18,min:4.62
W/ADB_SERVICES(16908): create_local_service_socket() name=shell:dumpsys battery
W/ADB_SERVICES(16908): service_to_fd() name=shell:dumpsys battery
W/ADB_SERVICES(16908): read_meminfo() mem_free=38152
W/ADB_SERVICES(16908): create_subproc ret_fd=22 pid=13558
W/ADB_SERVICES(16908): LS(1583): bound to 'shell:dumpsys battery' via 22
W/ADB_SERVICES(13558): adb: unable to update oom_score_adj
W/ADB_SERVICES(16908): entered. LS(1583) fd=22
I/CallbackListener( 9685): requestMap  remove  serviceId = ac.community.querypropertyfee in = BasePropertyPayFragment{a5b818b #1 id=0x7f1003a2 android:switcher:2131755938:0}
I/WindowManager(  881): Gaining focus: Window{129566d7 u0 com.jieshun.jslife/com.jieshun.jslife.activity.homepage.PropertyPaymentActivity}
I/WindowManager(  881): Losing focus: Window{b83b92c u0 com.jieshun.jslife/com.jieshun.jslife.activity.homepage.PropertyPaymentActivity EXITING}
I/PerfService(  881): PerfServiceNative_boostDisableAsync:5
I/libPerfService(  881): 5: set: 1
I/libPerfService(  881): 5: set freq: 0
I/EMDLOGGER1(  780): MD writer time out 10 sec.
I/PerfService(  881): PerfServiceNative_boostDisableAsync:5
I/libPerfService(  881): 5: set: 1
I/libPerfService(  881): 5: set freq: 0
I/AudioPolicyManager(  304): s 0 c 0 avaDev 3 ba2dpo 0 ba2dpsp 0 dev 2
I/AudioPolicyManager(  304): getOutput() device 2, stream 1, samplingRate 0, format 0, channelMask 3, flags 0
I/AudioPolicyManager(  304): getOutput() returns output 2
I/AudioPolicyManager(  304): s 0 c 0 avaDev 3 ba2dpo 0 ba2dpsp 0 dev 2
I/AudioPolicyManager(  304): getOutput() device 2, stream 1, samplingRate 0, format 0, channelMask 3, flags 0
I/AudioPolicyManager(  304): getOutput() returns output 2
I/AudioPolicyManager(  304): s 0 c 0 avaDev 3 ba2dpo 0 ba2dpsp 0 dev 2
I/AudioPolicyManager(  304): getOutput() returns output 2
W/AudioTrack(  881): AUDIO_OUTPUT_FLAG_FAST denied by client
I/WindowManager(  881): Gaining focus: Window{319e63fb u0 com.jieshun.jslife/com.jieshun.jslife.activity.homepage.PropertyPaymentActivity}
I/AudioFlinger_Threads(  304): attachAuxEffect_l EffectId 0
I/AudioFlinger_Threads(  304): attachAuxEffect_l status 0
I/AudioPolicyManager(  304): AddSampleRateArray index = 1 sampleRate = 48000
I/AudioPolicyManager(  304): startOutput() output 2, stream 1, session 662
I/AudioPolicyManager(  304): s 0 c 0 avaDev 3 ba2dpo 0 ba2dpsp 0 dev 2
I/AudioPolicyManager(  304): getNewOutputDevice() selected device 2
I/AudioPolicyManager(  304): setOutputDevice() output 2 device 0002 delayMs 0 force 0
I/AudioPolicyManager(  304): s 0 c 0 avaDev 3 ba2dpo 0 ba2dpsp 0 dev 2
I/AudioFlinger(  304): setParameters(): io 2, keyvalue FM_DIRECT_CONTROL=1, calling pid 304
I/CallbackListener( 9685): requestMap add  activity = BasePropertyPayFragment{a5b818b #1 id=0x7f1003a2 android:switcher:2131755938:0}  serviceId = ac.community.querypropertyfee
I/AudioPolicyManager(  304): setOutputDevice() prevDevice 0002
I/AudioPolicyManager(  304): setOutputDevice() mMutePrevDevice 0000
I/AudioPolicyManager(  304): s 0 c 0 avaDev 3 ba2dpo 0 ba2dpsp 0 dev 2
I/AudioPolicyManager(  304): s 1 c 0 avaDev 3 ba2dpo 0 ba2dpsp 0 dev 1
I/AudioPolicyManager(  304): s 2 c 0 avaDev 3 ba2dpo 0 ba2dpsp 0 dev 2
I/AudioPolicyManager(  304): s 2 c 0 avaDev 3 ba2dpo 0 ba2dpsp 0 dev 2
I/AudioPolicyManager(  304): s 3 c 0 avaDev 3 ba2dpo 0 ba2dpsp 0 dev 2
I/AudioPolicyManager(  304): s 0 c 0 avaDev 3 ba2dpo 0 ba2dpsp 0 dev 2
I/AudioPolicyManager(  304): s 4 c 0 avaDev 3 ba2dpo 0 ba2dpsp 0 dev 2
I/AudioPolicyManager(  304): s 5 c 0 avaDev 3 ba2dpo 0 ba2dpsp 0 dev 2
I/AudioPolicyManager(  304): s 6 c 0 avaDev 3 ba2dpo 0 ba2dpsp 0 dev 2
I/AudioPolicyManager(  304): s 7 c 0 avaDev 3 ba2dpo 0 ba2dpsp 0 dev 2
I/AudioPolicyManager(  304): s 8 c 0 avaDev 3 ba2dpo 0 ba2dpsp 0 dev 2
I/AudioPolicyManager(  304): setOutputDevice() setting same device 0002 or null device for output 2
I/AudioPolicyManager(  304):  checkAndSetVolume stream = 1 index = 8 output = 2 device = 0x2 delayMs = 0 force = 0
I/AudioPolicyManager(  304): PolicyForceReplace stream = 1 sampleRate = 48000 
I/AudioFlinger_Threads(  304): reset track timestretch tracn name 4101, ratio 100, mTimeStretchTrackName[name-4096] 0
I/AudioPolicyManager(  304): releaseOutput() 2
I/[MALI][Gralloc](  276): Usage: 0xb00, format: 0x1 stride: 304 vertical_stride: 300 size: 364800
I/[MALI][Gralloc](  276): Usage: 0xb00, format: 0x1 stride: 304 vertical_stride: 300 size: 364800
I/[MALI][Gralloc](  276): Usage: 0xb00, format: 0x1 stride: 304 vertical_stride: 300 size: 364800
I/[MALI][Gralloc](  276): Usage: 0xb00, format: 0x1 stride: 304 vertical_stride: 300 size: 364800
E/AudioFlinger(  304): getNextBuffer, get null buffer
I/AudioFlinger_Threads(  304): pause signal - [NOT READY] on thread
I/AudioPolicyManager(  304): ReleaseFMIndirectMode 
I/AudioPolicyManager(  304): PolicyRestore
I/AudioPolicyManager(  304): stopOutput() output 2, stream 1, session 662
I/AudioPolicyManager(  304): getNewOutputDevice() selected device 0
I/AudioPolicyManager(  304): setOutputDevice() output 2 device 0000 delayMs 184 force 0
I/AudioPolicyManager(  304): setOutputDevice() prevDevice 0002
I/AudioPolicyManager(  304): setOutputDevice() mMutePrevDevice 0002
I/AudioPolicyManager(  304): s 0 c 0 avaDev 3 ba2dpo 0 ba2dpsp 0 dev 2
I/AudioPolicyManager(  304): s 1 c 0 avaDev 3 ba2dpo 0 ba2dpsp 0 dev 1
I/AudioPolicyManager(  304): s 2 c 0 avaDev 3 ba2dpo 0 ba2dpsp 0 dev 2
I/AudioPolicyManager(  304): s 2 c 0 avaDev 3 ba2dpo 0 ba2dpsp 0 dev 2
I/AudioPolicyManager(  304): s 3 c 0 avaDev 3 ba2dpo 0 ba2dpsp 0 dev 2
I/AudioPolicyManager(  304): s 0 c 0 avaDev 3 ba2dpo 0 ba2dpsp 0 dev 2
I/AudioPolicyManager(  304): s 4 c 0 avaDev 3 ba2dpo 0 ba2dpsp 0 dev 2
I/AudioPolicyManager(  304): s 5 c 0 avaDev 3 ba2dpo 0 ba2dpsp 0 dev 2
I/AudioPolicyManager(  304): s 6 c 0 avaDev 3 ba2dpo 0 ba2dpsp 0 dev 2
I/AudioPolicyManager(  304): s 7 c 0 avaDev 3 ba2dpo 0 ba2dpsp 0 dev 2
I/AudioPolicyManager(  304): s 8 c 0 avaDev 3 ba2dpo 0 ba2dpsp 0 dev 2
I/AudioPolicyManager(  304): setOutputDevice() setting same device 0000 or null device for output 2
I/PerfService(  881): PerfServiceNative_boostDisableAsync:5
I/libPerfService(  881): 5: set: 1
I/libPerfService(  881): 5: set freq: 0
I/AudioFlinger(  304): setParameters(): io 2, keyvalue FM_DIRECT_CONTROL=0, calling pid 304
I/SurfaceFlinger(  276): [Built-in Screen (type:0)] fps:29.108391,dur:1133.69,max:188.06,min:13.25
I/PerfService(  881): PerfServiceNative_boostDisableAsync:5
I/libPerfService(  881): 5: set: 1
I/libPerfService(  881): 5: set freq: 0
I/CallbackListener( 9685): requestMap  remove  serviceId = ac.community.querypropertyfee in = BasePropertyPayFragment{a5b818b #1 id=0x7f1003a2 android:switcher:2131755938:0}
I/WindowManager(  881): Gaining focus: Window{129566d7 u0 com.jieshun.jslife/com.jieshun.jslife.activity.homepage.PropertyPaymentActivity}
I/WindowManager(  881): Losing focus: Window{319e63fb u0 com.jieshun.jslife/com.jieshun.jslife.activity.homepage.PropertyPaymentActivity EXITING}
I/PerfService(  881): PerfServiceNative_boostDisableAsync:5
I/libPerfService(  881): 5: set: 1
I/libPerfService(  881): 5: set freq: 0
I/AudioPolicyManager(  304): s 0 c 0 avaDev 3 ba2dpo 0 ba2dpsp 0 dev 2
I/AudioPolicyManager(  304): getOutput() device 2, stream 1, samplingRate 0, format 0, channelMask 3, flags 0
I/AudioPolicyManager(  304): getOutput() returns output 2
I/AudioPolicyManager(  304): s 0 c 0 avaDev 3 ba2dpo 0 ba2dpsp 0 dev 2
I/AudioPolicyManager(  304): getOutput() device 2, stream 1, samplingRate 0, format 0, channelMask 3, flags 0
I/AudioPolicyManager(  304): getOutput() returns output 2
I/AudioPolicyManager(  304): s 0 c 0 avaDev 3 ba2dpo 0 ba2dpsp 0 dev 2
I/AudioPolicyManager(  304): getOutput() returns output 2
W/AudioTrack(  881): AUDIO_OUTPUT_FLAG_FAST denied by client
I/AudioFlinger_Threads(  304): attachAuxEffect_l EffectId 0
I/AudioFlinger_Threads(  304): attachAuxEffect_l status 0
I/AudioPolicyManager(  304): AddSampleRateArray index = 1 sampleRate = 48000
I/AudioPolicyManager(  304): startOutput() output 2, stream 1, session 663
I/AudioPolicyManager(  304): s 0 c 0 avaDev 3 ba2dpo 0 ba2dpsp 0 dev 2
I/AudioPolicyManager(  304): getNewOutputDevice() selected device 2
I/AudioPolicyManager(  304): setOutputDevice() output 2 device 0002 delayMs 0 force 0
I/AudioPolicyManager(  304): s 0 c 0 avaDev 3 ba2dpo 0 ba2dpsp 0 dev 2
I/AudioFlinger(  304): setParameters(): io 2, keyvalue FM_DIRECT_CONTROL=1, calling pid 304
I/WindowManager(  881): Gaining focus: Window{1efc2c56 u0 com.jieshun.jslife/com.jieshun.jslife.activity.homepage.PropertyPaymentActivity}
I/AudioPolicyManager(  304): setOutputDevice() prevDevice 0002
I/AudioPolicyManager(  304): setOutputDevice() mMutePrevDevice 0000
I/AudioPolicyManager(  304): s 0 c 0 avaDev 3 ba2dpo 0 ba2dpsp 0 dev 2
I/AudioPolicyManager(  304): s 1 c 0 avaDev 3 ba2dpo 0 ba2dpsp 0 dev 1
I/AudioPolicyManager(  304): s 2 c 0 avaDev 3 ba2dpo 0 ba2dpsp 0 dev 2
I/AudioPolicyManager(  304): s 2 c 0 avaDev 3 ba2dpo 0 ba2dpsp 0 dev 2
I/AudioPolicyManager(  304): s 3 c 0 avaDev 3 ba2dpo 0 ba2dpsp 0 dev 2
I/AudioPolicyManager(  304): s 0 c 0 avaDev 3 ba2dpo 0 ba2dpsp 0 dev 2
I/AudioPolicyManager(  304): s 4 c 0 avaDev 3 ba2dpo 0 ba2dpsp 0 dev 2
I/AudioPolicyManager(  304): s 5 c 0 avaDev 3 ba2dpo 0 ba2dpsp 0 dev 2
I/AudioPolicyManager(  304): s 6 c 0 avaDev 3 ba2dpo 0 ba2dpsp 0 dev 2
I/AudioPolicyManager(  304): s 7 c 0 avaDev 3 ba2dpo 0 ba2dpsp 0 dev 2
I/AudioPolicyManager(  304): s 8 c 0 avaDev 3 ba2dpo 0 ba2dpsp 0 dev 2
I/AudioPolicyManager(  304): setOutputDevice() setting same device 0002 or null device for output 2
I/AudioPolicyManager(  304):  checkAndSetVolume stream = 1 index = 8 output = 2 device = 0x2 delayMs = 0 force = 0
I/AudioPolicyManager(  304): PolicyForceReplace stream = 1 sampleRate = 48000 
I/CallbackListener( 9685): requestMap add  activity = BasePropertyPayFragment{a5b818b #1 id=0x7f1003a2 android:switcher:2131755938:0}  serviceId = ac.community.querypropertyfee
I/AudioFlinger_Threads(  304): reset track timestretch tracn name 4097, ratio 100, mTimeStretchTrackName[name-4096] 0
I/AudioPolicyManager(  304): releaseOutput() 2
I/[MALI][Gralloc](  276): Usage: 0xb00, format: 0x1 stride: 304 vertical_stride: 300 size: 364800
I/[MALI][Gralloc](  276): Usage: 0xb00, format: 0x1 stride: 304 vertical_stride: 300 size: 364800
I/[MALI][Gralloc](  276): Usage: 0xb00, format: 0x1 stride: 304 vertical_stride: 300 size: 364800
I/[MALI][Gralloc](  276): Usage: 0xb00, format: 0x1 stride: 304 vertical_stride: 300 size: 364800
I/CallbackListener( 9685): requestMap  remove  serviceId = ac.community.querypropertyfee in = BasePropertyPayFragment{a5b818b #1 id=0x7f1003a2 android:switcher:2131755938:0}
I/WindowManager(  881): Gaining focus: Window{129566d7 u0 com.jieshun.jslife/com.jieshun.jslife.activity.homepage.PropertyPaymentActivity}
I/WindowManager(  881): Losing focus: Window{1efc2c56 u0 com.jieshun.jslife/com.jieshun.jslife.activity.homepage.PropertyPaymentActivity EXITING}
E/AudioFlinger(  304): getNextBuffer, get null buffer
I/CallbackListener( 9685): xmppQueQue==========
I/AudioPolicyManager(  304): ReleaseFMIndirectMode 
I/AudioPolicyManager(  304): PolicyRestore
I/AudioPolicyManager(  304): stopOutput() output 2, stream 1, session 663
I/AudioPolicyManager(  304): getNewOutputDevice() selected device 0
I/AudioPolicyManager(  304): setOutputDevice() output 2 device 0000 delayMs 184 force 0
I/AudioPolicyManager(  304): setOutputDevice() prevDevice 0002
I/AudioPolicyManager(  304): setOutputDevice() mMutePrevDevice 0002
I/AudioPolicyManager(  304): s 0 c 0 avaDev 3 ba2dpo 0 ba2dpsp 0 dev 2
I/AudioPolicyManager(  304): s 1 c 0 avaDev 3 ba2dpo 0 ba2dpsp 0 dev 1
I/AudioPolicyManager(  304): s 2 c 0 avaDev 3 ba2dpo 0 ba2dpsp 0 dev 2
I/AudioPolicyManager(  304): s 2 c 0 avaDev 3 ba2dpo 0 ba2dpsp 0 dev 2
I/AudioPolicyManager(  304): s 3 c 0 avaDev 3 ba2dpo 0 ba2dpsp 0 dev 2
I/AudioPolicyManager(  304): s 0 c 0 avaDev 3 ba2dpo 0 ba2dpsp 0 dev 2
I/AudioPolicyManager(  304): s 4 c 0 avaDev 3 ba2dpo 0 ba2dpsp 0 dev 2
I/AudioPolicyManager(  304): s 5 c 0 avaDev 3 ba2dpo 0 ba2dpsp 0 dev 2
I/AudioPolicyManager(  304): s 6 c 0 avaDev 3 ba2dpo 0 ba2dpsp 0 dev 2
I/AudioPolicyManager(  304): s 7 c 0 avaDev 3 ba2dpo 0 ba2dpsp 0 dev 2
I/AudioPolicyManager(  304): s 8 c 0 avaDev 3 ba2dpo 0 ba2dpsp 0 dev 2
I/AudioPolicyManager(  304): setOutputDevice() setting same device 0000 or null device for output 2
I/PerfService(  881): PerfServiceNative_boostDisableAsync:5
I/libPerfService(  881): 5: set: 1
I/libPerfService(  881): 5: set freq: 0
I/AudioFlinger(  304): setParameters(): io 2, keyvalue FM_DIRECT_CONTROL=0, calling pid 304
I/PerfService(  881): PerfServiceNative_boostDisableAsync:5
I/libPerfService(  881): 5: set: 1
I/libPerfService(  881): 5: set freq: 0
I/AudioPolicyManager(  304): s 0 c 0 avaDev 3 ba2dpo 0 ba2dpsp 0 dev 2
I/AudioPolicyManager(  304): getOutput() device 2, stream 1, samplingRate 0, format 0, channelMask 3, flags 0
I/AudioPolicyManager(  304): getOutput() returns output 2
I/AudioPolicyManager(  304): s 0 c 0 avaDev 3 ba2dpo 0 ba2dpsp 0 dev 2
I/AudioPolicyManager(  304): getOutput() device 2, stream 1, samplingRate 0, format 0, channelMask 3, flags 0
I/AudioPolicyManager(  304): getOutput() returns output 2
I/AudioPolicyManager(  304): s 0 c 0 avaDev 3 ba2dpo 0 ba2dpsp 0 dev 2
I/WindowManager(  881): Gaining focus: Window{25dca8ad u0 com.jieshun.jslife/com.jieshun.jslife.activity.homepage.PropertyPaymentActivity}
I/AudioPolicyManager(  304): getOutput() returns output 2
W/AudioTrack(  881): AUDIO_OUTPUT_FLAG_FAST denied by client
I/AudioFlinger_Threads(  304): attachAuxEffect_l EffectId 0
I/AudioFlinger_Threads(  304): attachAuxEffect_l status 0
I/AudioPolicyManager(  304): AddSampleRateArray index = 1 sampleRate = 48000
I/AudioPolicyManager(  304): startOutput() output 2, stream 1, session 664
I/AudioPolicyManager(  304): s 0 c 0 avaDev 3 ba2dpo 0 ba2dpsp 0 dev 2
I/AudioPolicyManager(  304): getNewOutputDevice() selected device 2
I/AudioPolicyManager(  304): setOutputDevice() output 2 device 0002 delayMs 0 force 0
I/AudioPolicyManager(  304): s 0 c 0 avaDev 3 ba2dpo 0 ba2dpsp 0 dev 2
I/AudioFlinger(  304): setParameters(): io 2, keyvalue FM_DIRECT_CONTROL=1, calling pid 304
I/CallbackListener( 9685): xmppQueQue=========1
I/CallbackListener( 9685): requestMap add  activity = BasePropertyPayFragment{a5b818b #1 id=0x7f1003a2 android:switcher:2131755938:0}  serviceId = ac.community.querypropertyfee
I/AudioPolicyManager(  304): setOutputDevice() prevDevice 0002
I/AudioPolicyManager(  304): setOutputDevice() mMutePrevDevice 0000
I/AudioPolicyManager(  304): s 0 c 0 avaDev 3 ba2dpo 0 ba2dpsp 0 dev 2
I/AudioPolicyManager(  304): s 1 c 0 avaDev 3 ba2dpo 0 ba2dpsp 0 dev 1
I/AudioPolicyManager(  304): s 2 c 0 avaDev 3 ba2dpo 0 ba2dpsp 0 dev 2
I/AudioPolicyManager(  304): s 2 c 0 avaDev 3 ba2dpo 0 ba2dpsp 0 dev 2
I/AudioPolicyManager(  304): s 3 c 0 avaDev 3 ba2dpo 0 ba2dpsp 0 dev 2
I/AudioPolicyManager(  304): s 0 c 0 avaDev 3 ba2dpo 0 ba2dpsp 0 dev 2
I/AudioPolicyManager(  304): s 4 c 0 avaDev 3 ba2dpo 0 ba2dpsp 0 dev 2
I/AudioPolicyManager(  304): s 5 c 0 avaDev 3 ba2dpo 0 ba2dpsp 0 dev 2
I/AudioPolicyManager(  304): s 6 c 0 avaDev 3 ba2dpo 0 ba2dpsp 0 dev 2
I/AudioPolicyManager(  304): s 7 c 0 avaDev 3 ba2dpo 0 ba2dpsp 0 dev 2
I/AudioPolicyManager(  304): s 8 c 0 avaDev 3 ba2dpo 0 ba2dpsp 0 dev 2
I/AudioPolicyManager(  304): setOutputDevice() setting same device 0002 or null device for output 2
I/AudioPolicyManager(  304):  checkAndSetVolume stream = 1 index = 8 output = 2 device = 0x2 delayMs = 0 force = 0
I/AudioPolicyManager(  304): PolicyForceReplace stream = 1 sampleRate = 48000 
I/AudioFlinger_Threads(  304): reset track timestretch tracn name 4098, ratio 100, mTimeStretchTrackName[name-4096] 0
I/AudioPolicyManager(  304): releaseOutput() 2
I/[MALI][Gralloc](  276): Usage: 0xb00, format: 0x1 stride: 304 vertical_stride: 300 size: 364800
I/[MALI][Gralloc](  276): Usage: 0xb00, format: 0x1 stride: 304 vertical_stride: 300 size: 364800
I/[MALI][Gralloc](  276): Usage: 0xb00, format: 0x1 stride: 304 vertical_stride: 300 size: 364800
I/[MALI][Gralloc](  276): Usage: 0xb00, format: 0x1 stride: 304 vertical_stride: 300 size: 364800
I/SurfaceFlinger(  276): [Built-in Screen (type:0)] fps:32.150459,dur:1026.42,max:296.67,min:14.67
W/ADB_SERVICES(16908): create_local_service_socket() name=shell:cat /proc/9685/stat
W/ADB_SERVICES(16908): service_to_fd() name=shell:cat /proc/9685/stat
W/ADB_SERVICES(16908): read_meminfo() mem_free=37336
W/ADB_SERVICES(16908): create_subproc ret_fd=22 pid=13562
W/ADB_SERVICES(16908): LS(1584): bound to 'shell:cat /proc/9685/stat' via 22
E/AudioFlinger(  304): getNextBuffer, get null buffer
W/ADB_SERVICES(13562): adb: unable to update oom_score_adj
W/ADB_SERVICES(16908): entered. LS(1584) fd=22
I/libPerfService(  881): 7: set: 1
I/libPerfService(  881): 7: set freq: 0
I/AudioFlinger(  304): setParameters(): io 0, keyvalue mediaserver_monitor=1, calling pid 881
W/AudioALSAHardware(  304): setParameters(), still have param.size() = 1, remain param = "mediaserver_monitor=1"
I/str_params(  304): key: 'mediaserver_monitor' value: '1'
I/AudioPolicyManager(  304): ReleaseFMIndirectMode 
I/WindowManager(  881): Gaining focus: Window{129566d7 u0 com.jieshun.jslife/com.jieshun.jslife.activity.homepage.PropertyPaymentActivity}
I/AudioPolicyManager(  304): PolicyRestore
I/WindowManager(  881): Losing focus: Window{25dca8ad u0 com.jieshun.jslife/com.jieshun.jslife.activity.homepage.PropertyPaymentActivity EXITING}
I/AudioPolicyManager(  304): stopOutput() output 2, stream 1, session 664
I/AudioPolicyManager(  304): getNewOutputDevice() selected device 0
I/AudioPolicyManager(  304): setOutputDevice() output 2 device 0000 delayMs 184 force 0
I/AudioPolicyManager(  304): setOutputDevice() prevDevice 0002
I/AudioPolicyManager(  304): setOutputDevice() mMutePrevDevice 0002
I/AudioPolicyManager(  304): s 0 c 0 avaDev 3 ba2dpo 0 ba2dpsp 0 dev 2
I/AudioPolicyManager(  304): s 1 c 0 avaDev 3 ba2dpo 0 ba2dpsp 0 dev 1
I/AudioPolicyManager(  304): s 2 c 0 avaDev 3 ba2dpo 0 ba2dpsp 0 dev 2
I/AudioPolicyManager(  304): s 2 c 0 avaDev 3 ba2dpo 0 ba2dpsp 0 dev 2
I/AudioPolicyManager(  304): s 3 c 0 avaDev 3 ba2dpo 0 ba2dpsp 0 dev 2
I/AudioPolicyManager(  304): s 0 c 0 avaDev 3 ba2dpo 0 ba2dpsp 0 dev 2
I/AudioPolicyManager(  304): s 4 c 0 avaDev 3 ba2dpo 0 ba2dpsp 0 dev 2
I/AudioPolicyManager(  304): s 5 c 0 avaDev 3 ba2dpo 0 ba2dpsp 0 dev 2
I/AudioPolicyManager(  304): s 6 c 0 avaDev 3 ba2dpo 0 ba2dpsp 0 dev 2
I/AudioPolicyManager(  304): s 7 c 0 avaDev 3 ba2dpo 0 ba2dpsp 0 dev 2
I/AudioPolicyManager(  304): s 8 c 0 avaDev 3 ba2dpo 0 ba2dpsp 0 dev 2
I/AudioPolicyManager(  304): setOutputDevice() setting same device 0000 or null device for output 2
I/AudioPolicyManager(  304): setStreamVolumeIndex stream = 7 index = 15 device = 0x400
I/CallbackListener( 9685): requestMap  remove  serviceId = ac.community.querypropertyfee in = BasePropertyPayFragment{a5b818b #1 id=0x7f1003a2 android:switcher:2131755938:0}
I/WindowManager(  881): interceptKeyTq keycode=4 interactive=true keyguardActive=false policyFlags=2b000000 down =true canceled = false isWakeKey=false mVolumeDownKeyTriggered =false mVolumeUpKeyTriggered =false result = 1 useHapticFeedback = false isInjected = true result = 1
I/WindowManager(  881): interceptKeyTi keyCode=4 down=true repeatCount=0 keyguardOn=false mHomePressed=false canceled=false metaState:0
I/libPerfService(  881): 16: set freq: 1235000
I/libPerfService(  881): 16: set: 2
I/ViewRootImpl( 9685): WindowInputEventReceiver onInputEvent!! KeyCode is 4, action is 0
I/WindowManager(  881): interceptKeyTq keycode=4 interactive=true keyguardActive=false policyFlags=2b000000 down =false canceled = false isWakeKey=false mVolumeDownKeyTriggered =false mVolumeUpKeyTriggered =false result = 1 useHapticFeedback = false isInjected = true result = 1
I/WindowManager(  881): interceptKeyTi keyCode=4 down=false repeatCount=0 keyguardOn=false mHomePressed=false canceled=false metaState:0
I/ViewRootImpl( 9685): WindowInputEventReceiver onInputEvent!! KeyCode is 4, action is 1
I/com.jieshun.jslife.activity.homepage.PropertyPaymentActivity( 9685): onPause()======
W/MobclickAgent( 9685): please call 'onPageStart()' before onPageEnd
I/libPerfService(  881): perfSetFavorPid - pid:9685, 25d5
I/libPerfService(  881): 15: set freq: 1300000
I/libPerfService(  881): 15: set: 6
I/com.jieshun.jslife.activity.common.MainFragmentActivity( 9685): onResume()======
D/libc-netbsd( 9685): [getaddrinfo]: hostname=hdwg.jieshunpay.cn; servname=(null); cache_mode=(null), netid=0; mark=0
D/libc-netbsd( 9685): [getaddrinfo]: ai_addrlen=0; ai_canonname=(null); ai_flags=4; ai_family=0
D/libc-netbsd( 9685): [getaddrinfo]: hostname=hdwg.jieshunpay.cn; servname=(null); cache_mode=(null), netid=0; mark=0
D/libc-netbsd( 9685): [getaddrinfo]: ai_addrlen=0; ai_canonname=(null); ai_flags=1024; ai_family=0
D/libc-netbsd(  299): [getaddrinfo]: hostname=hdwg.jieshunpay.cn; servname=(null); cache_mode=local, netid=104; mark=917608
D/libc-netbsd(  299): [getaddrinfo]: ai_addrlen=0; ai_canonname=(null); ai_flags=1024; ai_family=0
D/libc-netbsd(  299): default dns: query_ipv6=0, query_ipv4=1
D/libc-netbsd(  299): res_queryN name = hdwg.jieshunpay.cn, class = 1, type = 1
D/libc-netbsd(  299): netid=104, dns0:202.96.134.33
D/libc-netbsd(  299): netid=104, dns1:202.96.128.86
D/libc-netbsd(  299): netid=104, dns2:8.8.8.8
D/libc-netbsd( 9685): [getaddrinfo]: hostname=jsh.jslife.com.cn; servname=(null); cache_mode=(null), netid=0; mark=0
D/libc-netbsd( 9685): [getaddrinfo]: ai_addrlen=0; ai_canonname=(null); ai_flags=4; ai_family=0
D/libc-netbsd( 9685): [getaddrinfo]: hostname=jsh.jslife.com.cn; servname=(null); cache_mode=(null), netid=0; mark=0
D/libc-netbsd( 9685): [getaddrinfo]: ai_addrlen=0; ai_canonname=(null); ai_flags=1024; ai_family=0
D/libc-netbsd(  299): [getaddrinfo]: hostname=jsh.jslife.com.cn; servname=(null); cache_mode=local, netid=104; mark=917608
D/libc-netbsd(  299): [getaddrinfo]: ai_addrlen=0; ai_canonname=(null); ai_flags=1024; ai_family=0
D/libc-netbsd(  299): default dns: query_ipv6=0, query_ipv4=1
D/libc-netbsd(  299): res_queryN name = jsh.jslife.com.cn, class = 1, type = 1
D/libc-netbsd(  299): netid=104, dns0:202.96.134.33
D/libc-netbsd(  299): netid=104, dns1:202.96.128.86
D/libc-netbsd(  299): netid=104, dns2:8.8.8.8
W/ActivityManager(  881): getRunningAppProcesses: caller 10102 does not hold REAL_GET_TASKS; limiting output
I/thermal_repeater(  322): oh, queryMdThermalInfo (0)Bad file number
I/GLSurfaceView( 9685): setRenderMode = 1, this = com.baidu.platform.comapi.map.j{26ac461 V.E..... ........ 0,0-1080,1854}
W/ActivityManager(  881): getRunningAppProcesses: caller 10102 does not hold REAL_GET_TASKS; limiting output
I/SurfaceView( 9685): updateWindow -- onWindowVisibilityChanged, visibility = 0, this = com.baidu.platform.comapi.map.j{26ac461 V.E..... ........ 0,0-1080,1854}
W/ActivityManager(  881): getRunningAppProcesses: caller 10102 does not hold REAL_GET_TASKS; limiting output
I/thermal_repeater(  322): [recvMdThermalInfo] ret=25, strLen=127,  1, 32767,,, -1, 32767, 2
W/ActivityManager(  881): getRunningAppProcesses: caller 10102 does not hold REAL_GET_TASKS; limiting output
D/libc-netbsd( 9685): [getaddrinfo]: hostname=client.map.baidu.com; servname=80; cache_mode=(null), netid=0; mark=0
D/libc-netbsd( 9685): [getaddrinfo]: ai_addrlen=0; ai_canonname=(null); ai_flags=0; ai_family=0
I/EglHelper( 9685): eglInitialize = 692, this = com.baidu.platform.comapi.map.j{26ac461 V.E..... ........ 0,0-1080,1854}
I/EglHelper( 9685): chooseConfig = 692, this = com.baidu.platform.comapi.map.j{26ac461 V.E..... ........ 0,0-1080,1854}
D/libc-netbsd(  299): [getaddrinfo]: hostname=client.map.baidu.com; servname=80; cache_mode=local, netid=104; mark=917608
D/libc-netbsd(  299): [getaddrinfo]: ai_addrlen=0; ai_canonname=(null); ai_flags=0; ai_family=0
I/WindowManager(  881): Losing focus: Window{129566d7 u0 com.jieshun.jslife/com.jieshun.jslife.activity.homepage.PropertyPaymentActivity}
I/DefaultContextFactory( 9685): createContext = 692, this = com.baidu.platform.comapi.map.j{26ac461 V.E..... ........ 0,0-1080,1854}
I/MobclickAgent( 9685): Extend current session: CDE424C2774A062FCC044A0A39EF6A0D
D/libc-netbsd(  299): res_queryN name = client.map.baidu.com, class = 1, type = 28
D/libc-netbsd(  299): netid=104, dns0:202.96.134.33
D/libc-netbsd(  299): netid=104, dns1:202.96.128.86
D/libc-netbsd(  299): netid=104, dns2:8.8.8.8
I/[MALI][Gralloc](  276): Usage: 0xb00, format: 0x1 stride: 1088 vertical_stride: 1854 size: 8068608
D/libc-netbsd(  299): res_queryN name = hdwg.jieshunpay.cn succeed
D/libc-netbsd( 9685): getaddrinfo: hdwg.jieshunpay.cn get result from proxy >>
I/System.out( 9685): propertyValue:true
D/libc-netbsd(  299): res_queryN name = client.map.baidu.com, class = 1, type = 1
D/libc-netbsd(  299): netid=104, dns0:202.96.134.33
D/libc-netbsd(  299): netid=104, dns1:202.96.128.86
D/libc-netbsd(  299): netid=104, dns2:8.8.8.8
D/libc-netbsd(  299): res_queryN name = jsh.jslife.com.cn succeed
D/libc-netbsd( 9685): getaddrinfo: jsh.jslife.com.cn get result from proxy >>
I/System.out( 9685): propertyValue:true
I/System.out( 9685): [CDS]connect[hdwg.jieshunpay.cn/14.215.135.104:8120] tm:10
I/System.out( 9685): [CDS]connect[jsh.jslife.com.cn/39.108.207.79:80] tm:20
D/libc-netbsd(  299): res_queryN name = client.map.baidu.com succeed
D/libc-netbsd( 9685): getaddrinfo: client.map.baidu.com get result from proxy >>
I/AudioFlinger(  304): setParameters(): io 2, keyvalue FM_DIRECT_CONTROL=0, calling pid 304
I/[MALI][Gralloc](  276): Usage: 0xb00, format: 0x1 stride: 1088 vertical_stride: 1854 size: 8068608
I/libPerfService(  881): 7: set: 6
I/libPerfService(  881): 7: set freq: 1300000
W/ActivityManager(  881): getRunningAppProcesses: caller 10102 does not hold REAL_GET_TASKS; limiting output
W/ActivityManager(  881): getRunningAppProcesses: caller 10102 does not hold REAL_GET_TASKS; limiting output
D/libc-netbsd( 9685): [getaddrinfo]: hostname=itsmap3.baidu.com; servname=80; cache_mode=(null), netid=0; mark=0
D/libc-netbsd( 9685): [getaddrinfo]: ai_addrlen=0; ai_canonname=(null); ai_flags=0; ai_family=0
D/[BT3.0+HS]PAL(  332): == chip_reset_fd is set ==
W/ActivityManager(  881): getRunningAppProcesses: caller 10102 does not hold REAL_GET_TASKS; limiting output
D/[BT3.0+HS]PAL(  332): 
D/[BT3.0+HS]PAL(  332): invalid reply message
D/[BT3.0+HS]PAL(  332): 
D/[BT3.0+HS]PAL(  332): == chip_reset_fd is set ==
D/[BT3.0+HS]PAL(  332): 
D/[BT3.0+HS]PAL(  332): invalid reply message
D/[BT3.0+HS]PAL(  332): 
I/Netd    (  299): Get netlink event, ifname: wlan0 action: 4
I/Netd    (  299): Get netlink event, ifname: wlan0 action: 4
E/wpa_supplicant( 1294): This is a Iphone softap!!!!!!! 
E/wpa_supplicant( 1294): This is a Iphone softap!!!!!!! 
E/wpa_supplicant( 1294): This is a Iphone softap!!!!!!! 
E/wpa_supplicant( 1294): This is a Iphone softap!!!!!!! 
E/wpa_supplicant( 1294): This is a Iphone softap!!!!!!! 
D/libc-netbsd(  299): [getaddrinfo]: hostname=itsmap3.baidu.com; servname=80; cache_mode=local, netid=104; mark=917608
D/libc-netbsd(  299): [getaddrinfo]: ai_addrlen=0; ai_canonname=(null); ai_flags=0; ai_family=0
D/libc-netbsd(  299): res_queryN name = itsmap3.baidu.com, class = 1, type = 28
D/libc-netbsd(  299): res_queryN name = itsmap3.baidu.com, class = 1, type = 1
D/libc-netbsd(  299): netid=104, dns0:202.96.134.33
D/libc-netbsd(  299): netid=104, dns1:202.96.128.86
D/libc-netbsd(  299): netid=104, dns2:8.8.8.8
W/ActivityManager(  881): getRunningAppProcesses: caller 10102 does not hold REAL_GET_TASKS; limiting output
D/libc-netbsd(  299): res_queryN name = itsmap3.baidu.com succeed
D/libc-netbsd( 9685): getaddrinfo: itsmap3.baidu.com get result from proxy >>
E/WifiConfigStore(  881):  rewrite network history for "chaozhouniurouwan"WPA_PSK
E/WifiStateMachine(  881): mIsFullScanOngoing: true, mSendScanResultsBroadcast: false
E/WifiStateMachine(  881): mWifiOnScanCount: 1203
I/InputDispatcher(  881): Dropping event because there is no touchable window at (989, 1029).
W/InputManager(  881): Input event injection from pid 13535 failed.
W/InputManager(  881): Input event injection from pid 13535 failed.
I/GLSurfaceView( 9685): setRenderMode = 0, this = com.baidu.platform.comapi.map.j{26ac461 V.E..... ........ 0,0-1080,1854}
W/ContextImpl( 9304): Calling a method in the system process without a qualified user: android.app.ContextImpl.startService:1863 android.content.ContextWrapper.startService:516 android.content.ContextWrapper.startService:516 com.meizu.dataservice.ExperienceReceiver.a:-1 com.meizu.dataservice.ExperienceReceiver.onReceive:-1 
I/WindowManager(  881): Gaining focus: Window{20dd3e56 u0 com.jieshun.jslife/com.jieshun.jslife.activity.common.MainFragmentActivity}
I/[MALI][Gralloc](  276): Usage: 0xb00, format: 0x1 stride: 1088 vertical_stride: 1920 size: 8355840
I/[MALI][Gralloc](  276): Usage: 0xb00, format: 0x1 stride: 1088 vertical_stride: 1920 size: 8355840
I/[MALI][Gralloc](  276): Usage: 0xb00, format: 0x1 stride: 1088 vertical_stride: 1920 size: 8355840
I/[MALI][Gralloc](  276): Usage: 0xb00, format: 0x1 stride: 1088 vertical_stride: 1920 size: 8355840
I/libPerfService(  881): perfSetFavorPid - pid:0, 0
I/[MALI][Gralloc](  276): Usage: 0xb00, format: 0x1 stride: 1088 vertical_stride: 1854 size: 8068608
I/http    ( 9685): 
I/http    ( 9685):  HTTP {"resultCode":"0","message":"","obj":{"paymentCarList":[],"monthCarDelayInfo":null,"voteData":null},"right":true}
I/art     (  881): Background partial concurrent mark sweep GC freed 32300(3MB) AllocSpace objects, 4(240KB) LOS objects, 8% free, 45MB/49MB, paused 3.210ms total 234.391ms
I/System.out( 9685): isFirstLocfalse
I/[MALI][Gralloc](  276): Usage: 0xb00, format: 0x1 stride: 1088 vertical_stride: 1854 size: 8068608
I/art     ( 9685): Background sticky concurrent mark sweep GC freed 16238(950KB) AllocSpace objects, 7(336KB) LOS objects, 2% free, 52MB/53MB, paused 6.424ms total 42.783ms
I/System.out( 9685): [CDS]EAGAIN in Recvfrom
I/System.out( 9685): [CDS]read byte is 0
D/MDLOGGER_CLEAR_LOG(  780): mdlogger clearLog V4.W1442.1
I/libPerfService(  881): 7: set: 6
I/libPerfService(  881): 7: set freq: 1300000
I/MDLOGGER_CLEAR_LOG(  780): clearLogFolder /storage/sdcard0/mtklog/mdlog1 size is 15 M. Recycle size is 600 M,no need clear log
I/libPerfService(  881): perfSetFavorPid - pid:9685, 25d5
I/libPerfService(  881): 15: set: 2
I/libPerfService(  881): 15: set freq: 1235000
I/libPerfService(  881): 15: set gpu level: 0
I/SurfaceView( 9685): updateWindow -- setFrame, this = com.baidu.platform.comapi.map.j{26ac461 V.E..... ........ 0,0-1080,1854}
I/SurfaceView( 9685): updateWindow -- OnScrollChangedListener, this = android.view.SurfaceView$2@37316d57
I/libPerfService(  881): perfSetFavorPid - pid:0, 0
I/libPerfService(  881): 17: set: 3
I/WindowManager(  881): interceptKeyTq keycode=3 interactive=true keyguardActive=false policyFlags=2b000000 down =true canceled = false isWakeKey=false mVolumeDownKeyTriggered =false mVolumeUpKeyTriggered =false result = 1 useHapticFeedback = false isInjected = true result = 1
I/WindowManager(  881): interceptKeyTi keyCode=3 down=true repeatCount=0 keyguardOn=false mHomePressed=false canceled=false metaState:0
W/PerfScheduler(  881): Not Boost !
I/WindowManager(  881): interceptKeyTq keycode=3 interactive=true keyguardActive=false policyFlags=2b000000 down =false canceled = false isWakeKey=false mVolumeDownKeyTriggered =false mVolumeUpKeyTriggered =false result = 1 useHapticFeedback = false isInjected = true result = 1
I/WindowManager(  881): interceptKeyTi keyCode=3 down=false repeatCount=0 keyguardOn=false mHomePressed=true canceled=false metaState:0
W/PerfScheduler(  881): Not Boost !
I/WindowManager(  881): interceptKey home mDoubleTapOnHomeBehavior === 1
I/[MALI][Gralloc](  276): Usage: 0xb00, format: 0x1 stride: 1088 vertical_stride: 1854 size: 8068608
I/SurfaceFlinger(  276): [Built-in Screen (type:0)] fps:48.497128,dur:1010.37,max:172.82,min:7.37
I/SurfaceView( 9685): updateWindow -- setFrame, this = com.baidu.platform.comapi.map.j{26ac461 V.E..... ........ 0,0-1080,1854}
I/libPerfService(  881): 7: set: 3
I/libPerfService(  881): 7: set freq: 1235000
I/ActivityManager(  881): START u0 {act=android.intent.action.MAIN cat=[android.intent.category.HOME] flg=0x10200000 cmp=com.meizu.flyme.launcher/.Launcher} from uid 1000 on display 0 from pid 881
I/SurfaceView( 9685): updateWindow -- setFrame, this = com.baidu.platform.comapi.map.j{26ac461 V.E..... ........ 0,0-1080,1854}
I/SurfaceView( 9685): updateWindow -- setFrame, this = com.baidu.platform.comapi.map.j{26ac461 V.E..... ........ 0,0-1080,1854}
W/ADB_SERVICES(16908): create_local_service_socket() name=shell:cat /proc/9685/stat
W/ADB_SERVICES(16908): service_to_fd() name=shell:cat /proc/9685/stat
W/ADB_SERVICES(16908): read_meminfo() mem_free=35968
W/ADB_SERVICES(16908): create_subproc ret_fd=22 pid=13578
W/ADB_SERVICES(16908): LS(1585): bound to 'shell:cat /proc/9685/stat' via 22
W/ADB_SERVICES(13578): adb: unable to update oom_score_adj
W/ADB_SERVICES(16908): entered. LS(1585) fd=22
I/SurfaceView( 9685): updateWindow -- setFrame, this = com.baidu.platform.comapi.map.j{26ac461 V.E..... ........ 0,0-1080,1854}
I/PerfService(  881): PerfServiceNative_boostDisableAsync:5
I/libPerfService(  881): 5: set: 3
I/libPerfService(  881): 5: set freq: 1235000
W/ADB_SERVICES(16908): create_local_service_socket() name=shell:cat /proc/stat
W/ADB_SERVICES(16908): service_to_fd() name=shell:cat /proc/stat
W/ADB_SERVICES(16908): read_meminfo() mem_free=36588
I/AudioPolicyManager(  304): s 0 c 0 avaDev 3 ba2dpo 0 ba2dpsp 0 dev 2
I/AudioPolicyManager(  304): getOutput() device 2, stream 1, samplingRate 0, format 0, channelMask 3, flags 0
I/AudioPolicyManager(  304): getOutput() returns output 2
I/AudioPolicyManager(  304): s 0 c 0 avaDev 3 ba2dpo 0 ba2dpsp 0 dev 2
I/AudioPolicyManager(  304): getOutput() device 2, stream 1, samplingRate 0, format 0, channelMask 3, flags 0
I/AudioPolicyManager(  304): getOutput() returns output 2
W/ADB_SERVICES(16908): create_subproc ret_fd=22 pid=13579
W/ADB_SERVICES(16908): LS(1586): bound to 'shell:cat /proc/stat' via 22
W/ADB_SERVICES(13579): adb: unable to update oom_score_adj
I/AudioPolicyManager(  304): s 0 c 0 avaDev 3 ba2dpo 0 ba2dpsp 0 dev 2
I/AudioPolicyManager(  304): getOutput() returns output 2
W/AudioTrack(  881): AUDIO_OUTPUT_FLAG_FAST denied by client
I/AudioFlinger_Threads(  304): attachAuxEffect_l EffectId 0
I/AudioFlinger_Threads(  304): attachAuxEffect_l status 0
I/AudioPolicyManager(  304): AddSampleRateArray index = 1 sampleRate = 48000
I/AudioPolicyManager(  304): startOutput() output 2, stream 1, session 665
I/AudioPolicyManager(  304): s 0 c 0 avaDev 3 ba2dpo 0 ba2dpsp 0 dev 2
I/AudioPolicyManager(  304): getNewOutputDevice() selected device 2
I/AudioPolicyManager(  304): setOutputDevice() output 2 device 0002 delayMs 0 force 0
I/AudioPolicyManager(  304): s 0 c 0 avaDev 3 ba2dpo 0 ba2dpsp 0 dev 2
I/AudioFlinger(  304): setParameters(): io 2, keyvalue FM_DIRECT_CONTROL=1, calling pid 304
I/AudioPolicyManager(  304): setOutputDevice() prevDevice 0002
I/AudioPolicyManager(  304): setOutputDevice() mMutePrevDevice 0000
I/AudioPolicyManager(  304): s 0 c 0 avaDev 3 ba2dpo 0 ba2dpsp 0 dev 2
I/AudioPolicyManager(  304): s 1 c 0 avaDev 3 ba2dpo 0 ba2dpsp 0 dev 1
I/AudioPolicyManager(  304): s 2 c 0 avaDev 3 ba2dpo 0 ba2dpsp 0 dev 2
I/AudioPolicyManager(  304): s 2 c 0 avaDev 3 ba2dpo 0 ba2dpsp 0 dev 2
I/AudioPolicyManager(  304): s 3 c 0 avaDev 3 ba2dpo 0 ba2dpsp 0 dev 2
I/AudioPolicyManager(  304): s 0 c 0 avaDev 3 ba2dpo 0 ba2dpsp 0 dev 2
I/AudioPolicyManager(  304): s 4 c 0 avaDev 3 ba2dpo 0 ba2dpsp 0 dev 2
I/AudioPolicyManager(  304): s 5 c 0 avaDev 3 ba2dpo 0 ba2dpsp 0 dev 2
I/AudioPolicyManager(  304): s 6 c 0 avaDev 3 ba2dpo 0 ba2dpsp 0 dev 2
I/AudioPolicyManager(  304): s 7 c 0 avaDev 3 ba2dpo 0 ba2dpsp 0 dev 2
I/AudioPolicyManager(  304): s 8 c 0 avaDev 3 ba2dpo 0 ba2dpsp 0 dev 2
I/AudioPolicyManager(  304): setOutputDevice() setting same device 0002 or null device for output 2
I/AudioPolicyManager(  304):  checkAndSetVolume stream = 1 index = 8 output = 2 device = 0x2 delayMs = 0 force = 0
I/AudioPolicyManager(  304): PolicyForceReplace stream = 1 sampleRate = 48000 
I/AudioFlinger_Threads(  304): reset track timestretch tracn name 4097, ratio 100, mTimeStretchTrackName[name-4096] 0
I/AudioPolicyManager(  304): releaseOutput() 2
W/ADB_SERVICES(16908): entered. LS(1586) fd=22
I/libPerfService(  881): 16: set: 3
I/libPerfService(  881): 16: set freq: 1235000
I/libPerfService(  881): 16: set gpu level: 0
W/recents.Component( 1045): create a new LoadPlan to load thumbnail -- background
W/recents.Performance( 1045): preload while task Change spend : 3
E/AudioFlinger(  304): getNextBuffer, get null buffer
I/libPerfService(  881): 7: set: 3
I/libPerfService(  881): 7: set freq: 1235000
I/AudioPolicyManager(  304): ReleaseFMIndirectMode 
I/AudioPolicyManager(  304): PolicyRestore
I/AudioPolicyManager(  304): stopOutput() output 2, stream 1, session 665
I/AudioPolicyManager(  304): getNewOutputDevice() selected device 0
I/AudioPolicyManager(  304): setOutputDevice() output 2 device 0000 delayMs 184 force 0
I/AudioPolicyManager(  304): setOutputDevice() prevDevice 0002
I/AudioPolicyManager(  304): setOutputDevice() mMutePrevDevice 0002
I/AudioPolicyManager(  304): s 0 c 0 avaDev 3 ba2dpo 0 ba2dpsp 0 dev 2
I/AudioPolicyManager(  304): s 1 c 0 avaDev 3 ba2dpo 0 ba2dpsp 0 dev 1
I/AudioPolicyManager(  304): s 2 c 0 avaDev 3 ba2dpo 0 ba2dpsp 0 dev 2
I/AudioPolicyManager(  304): s 2 c 0 avaDev 3 ba2dpo 0 ba2dpsp 0 dev 2
I/AudioPolicyManager(  304): s 3 c 0 avaDev 3 ba2dpo 0 ba2dpsp 0 dev 2
I/AudioPolicyManager(  304): s 0 c 0 avaDev 3 ba2dpo 0 ba2dpsp 0 dev 2
I/AudioPolicyManager(  304): s 4 c 0 avaDev 3 ba2dpo 0 ba2dpsp 0 dev 2
I/AudioPolicyManager(  304): s 5 c 0 avaDev 3 ba2dpo 0 ba2dpsp 0 dev 2
I/AudioPolicyManager(  304): s 6 c 0 avaDev 3 ba2dpo 0 ba2dpsp 0 dev 2
I/AudioPolicyManager(  304): s 7 c 0 avaDev 3 ba2dpo 0 ba2dpsp 0 dev 2
I/AudioPolicyManager(  304): s 8 c 0 avaDev 3 ba2dpo 0 ba2dpsp 0 dev 2
I/AudioPolicyManager(  304): setOutputDevice() setting same device 0000 or null device for output 2
I/PerfService(  881): PerfServiceNative_boostDisableAsync:5
I/libPerfService(  881): 5: set: 3
I/libPerfService(  881): 5: set freq: 1235000
I/AudioPolicyManager(  304): s 0 c 0 avaDev 3 ba2dpo 0 ba2dpsp 0 dev 2
I/AudioPolicyManager(  304): getOutput() device 2, stream 1, samplingRate 0, format 0, channelMask 3, flags 0
I/AudioPolicyManager(  304): getOutput() returns output 2
I/AudioPolicyManager(  304): s 0 c 0 avaDev 3 ba2dpo 0 ba2dpsp 0 dev 2
I/AudioPolicyManager(  304): getOutput() device 2, stream 1, samplingRate 0, format 0, channelMask 3, flags 0
I/AudioPolicyManager(  304): getOutput() returns output 2
I/AudioPolicyManager(  304): s 0 c 0 avaDev 3 ba2dpo 0 ba2dpsp 0 dev 2
I/AudioPolicyManager(  304): getOutput() returns output 2
W/AudioTrack(  881): AUDIO_OUTPUT_FLAG_FAST denied by client
I/WindowManager(  881): Gaining focus: Window{25d74065 u0 com.jieshun.jslife/com.jieshun.jslife.activity.common.MainFragmentActivity}
I/AudioFlinger_Threads(  304): attachAuxEffect_l EffectId 0
I/AudioFlinger_Threads(  304): attachAuxEffect_l status 0
I/AudioPolicyManager(  304): AddSampleRateArray index = 1 sampleRate = 48000
I/AudioPolicyManager(  304): startOutput() output 2, stream 1, session 666
I/AudioPolicyManager(  304): s 0 c 0 avaDev 3 ba2dpo 0 ba2dpsp 0 dev 2
I/AudioPolicyManager(  304): getNewOutputDevice() selected device 2
I/AudioPolicyManager(  304): setOutputDevice() output 2 device 0002 delayMs 0 force 0
I/AudioPolicyManager(  304): s 0 c 0 avaDev 3 ba2dpo 0 ba2dpsp 0 dev 2
I/AudioPolicyManager(  304): setOutputDevice() prevDevice 0002
I/AudioPolicyManager(  304): setOutputDevice() mMutePrevDevice 0000
I/AudioPolicyManager(  304): s 0 c 0 avaDev 3 ba2dpo 0 ba2dpsp 0 dev 2
I/AudioPolicyManager(  304): s 1 c 0 avaDev 3 ba2dpo 0 ba2dpsp 0 dev 1
I/AudioPolicyManager(  304): s 2 c 0 avaDev 3 ba2dpo 0 ba2dpsp 0 dev 2
I/AudioPolicyManager(  304): s 2 c 0 avaDev 3 ba2dpo 0 ba2dpsp 0 dev 2
I/AudioPolicyManager(  304): s 3 c 0 avaDev 3 ba2dpo 0 ba2dpsp 0 dev 2
I/AudioPolicyManager(  304): s 0 c 0 avaDev 3 ba2dpo 