I/System.out( 7590): [CDS]connect[api.map.baidu.com/14.215.177.92:443] tm:50
I/System.out( 7590): [CDS]connect[api.map.baidu.com/14.215.177.92:443] tm:50
D/libc-netbsd( 7590): [getaddrinfo]: hostname=api.map.baidu.com; servname=(null); cache_mode=(null), netid=0; mark=0
D/libc-netbsd( 7590): [getaddrinfo]: hostname=api.map.baidu.com; servname=(null); cache_mode=(null), netid=0; mark=0
D/libc-netbsd( 7590): [getaddrinfo]: ai_addrlen=0; ai_canonname=(null); ai_flags=4; ai_family=0
D/libc-netbsd( 7590): [getaddrinfo]: ai_addrlen=0; ai_canonname=(null); ai_flags=4; ai_family=0
E/NativeCrypto( 7590): ssl=0xf4d12c00 cert_verify_callback x509_store_ctx=0xdf375d50 arg=0x0
E/NativeCrypto( 7590): ssl=0xf4d12c00 cert_verify_callback calling verifyCertificateChain authMethod=ECDHE_RSA
I/ActivityManager(  877): START u0 {cmp=com.jieshun.jslife/.activity.common.LoadingActivity} from uid 10099 on display 0 from pid 7590
W/PerfScheduler(  877): Not Boost !
E/NativeCrypto( 7590): ssl=0xef040600 cert_verify_callback x509_store_ctx=0xdf479d50 arg=0x0
E/NativeCrypto( 7590): ssl=0xef040600 cert_verify_callback calling verifyCertificateChain authMethod=ECDHE_RSA
E/Ble     ( 7590): BluetoothLeService  onStartCommand()
I/MediaPlayerService(  300): [decode] decode(35, 32000716, 40044)
E/DrmMtkUtil/DrmUtil(  300): checkDcf: not dcf type, dcf version value [80]
E/Cta5File(  300): Cta5File::isCta5NormalFile false, bad magic:PK
E/Cta5File(  300): Cta5File::isCta5MultimediaFile false, bad magic:
E/DrmMtkUtil/DrmUtil(  300): checkDcf: not dcf type, dcf version value [80]
I/NuPlayer(  300): disable trackId:0
I/GenericSource(  300): GenericSource::initCheck
E/DrmCtaPlugIn(  299): [ERROR]onOpenDecryptSession - The key is not set by user
E/DrmMtkUtil/DrmUtil(  299): parseDcf: not dcf type, dcf version value [80]
E/DrmMtkPlugIn(  299): onOpenDecryptSession() : failed to parse dcf file.
I/SensorHAL(  877): Dev Batch, handle: 4, name: LSM6DS3 Accelerometer Sensor
I/SensorHAL(  877): Dev Flush, handle: 4, name: LSM6DS3 Accelerometer Sensor, ret: -22
W/PerfScheduler(  877): Not Boost !
I/libPerfService(  877): 10: set: 1
I/libPerfService(  877): 10: set freq: 0
I/libPerfService(  877): 10: set gpu level: 0
W/ImageLoader( 7590): memoryCache() and memoryCacheSize() calls overlap each other
I/System.out( 7590): gba_cipher_suite:TLS_ECDHE_RSA_WITH_AES_128_GCM_SHA256
I/System.out( 7590): [OkHttp] sendRequest>>
I/System.out( 7590): [OkHttp] sendRequest<<
I/System.out( 7590): gba_cipher_suite:TLS_ECDHE_RSA_WITH_AES_128_GCM_SHA256
I/System.out( 7590): [OkHttp] sendRequest>>
I/System.out( 7590): [OkHttp] sendRequest<<
I/NetworkManagementSocketTagger( 7590): untagSocket(38)
I/NetworkManagementSocketTagger( 7590): untagSocket(39)
W/ActivityManager(  877): getRunningAppProcesses: caller 10099 does not hold REAL_GET_TASKS; limiting output
I/Utils   (  300): GetMimeType : fourcc 0x1
I/Utils   (  300): GetMimeType : fourcc 0x1
I/WAVExtractorExt(  300): WAV : mime audio/raw channel 2 samplerate 11025 bps 16 br 353188 dur 907029
I/Utils   (  300): GetMimeType : fourcc 0x1
W/ActivityManager(  877): getRunningAppProcesses: caller 10099 does not hold REAL_GET_TASKS; limiting output
I/Utils   (  300): GetMimeType : fourcc 0x1
I/Utils   (  300): GetMimeType : fourcc 0x1
I/WAVExtractorExt(  300): WAV : mime audio/raw channel 2 samplerate 11025 bps 16 br 353188 dur 907029
I/GenericSource(  300): GenericSource::getFormatMeta 0
I/AudioCache(  300): [notify] notify(0xf3c747c0, 1, 0, 0)
I/GenericSource(  300): start
I/GenericSource(  300): GenericSource::getFormatMeta 1
I/GenericSource(  300): GenericSource::getFormatMeta 0
I/AudioPolicyManager(  300): isOffloadSupported: SR=11025, CM=0x3, Format=0x1, StreamType=-1, BitRate=353188, duration=907029 us, has_video=0
I/NuPlayerRenderer(  300): sFrameAVsyncByVFS 1
E/NuPlayer(  300): onScanSources
I/GenericSource(  300): GenericSource::getFormatMeta 1
I/AudioCache(  300): [notify] notify(0xf3c747c0, 5, 0, 0)
I/AudioCache(  300): [notify] notify(0xf3c747c0, 5, 0, 0)
I/MediaCodec(  300): [CreateByType]line:159 audio/raw
I/MediaCodec(  300): [onMessageReceived]line:1320 [][what=kWhatInit][state 0][msg='AMessage(what = 'init', target = 2505) = {
I/MediaCodec(  300):   string name = "audio/raw"
I/MediaCodec(  300):   int32_t nameIsType = 1
I/MediaCodec(  300):   int32_t encoder = 0
I/MediaCodec(  300):   int32_t replyID = 14053
I/MediaCodec(  300): }' ]
I/MediaCodec(  300): [onMessageReceived]line:963 [][what=kWhatComponentAllocated][state 1][msg='AMessage(what = 'codc', target = 2505) = {
I/MediaCodec(  300):   int32_t what = 1665231980
I/MediaCodec(  300):   string componentName = "OMX.google.raw.decoder"
I/MediaCodec(  300):   int32_t quirks = 0
I/MediaCodec(  300): }' ]
I/MediaCodec(  300): [CreateByType]line:166 audio/raw
I/MediaCodec(  300): Found 0 pieces of codec specific data.
E/OMXNodeInstance(  300): getParameter(1b4:google.raw.decoder, ??(0x7f200406)) ERROR: UnsupportedIndex(0x8000101a)
I/MediaCodec(  300): [onMessageReceived]line:991 [OMX.google.raw.decoder][what=kWhatComponentConfigured][state 3][msg='AMessage(what = 'codc', target = 2505) = {
I/MediaCodec(  300):   int32_t what = 1665363822
I/MediaCodec(  300):   AMessage input-format = AMessage(what = 0x00000000) = {
I/MediaCodec(  300):                             int32_t support-partial-frame = 0
I/MediaCodec(  300):                             string mime = "audio/raw"
I/MediaCodec(  300):                             int32_t channel-count = 2
I/MediaCodec(  300):                             int32_t sample-rate = 11025
I/MediaCodec(  300):                             int32_t bit-width = 16
I/MediaCodec(  300):                           }
I/MediaCodec(  300):   AMessage output-format = AMessage(what = 'codc', target = 2505) = {
I/MediaCodec(  300):                              string mime = "audio/raw"
I/MediaCodec(  300):                              int32_t channel-count = 2
I/MediaCodec(  300):                              int32_t sample-rate = 11025
I/MediaCodec(  300):                              int32_t bit-width = 16
I/MediaCodec(  300):                            }
I/MediaCodec(  300): }' ]
I/MediaCodec(  300): [getOutputFormat]line:566 [OMX.google.raw.decoder]+++
I/NuPlayerDecoder(  300): mSupportsPartialFrames 0 
I/MediaCodec(  300): [start]line:367 [OMX.google.raw.decoder]+++
I/MediaCodec(  300): [onMessageReceived]line:1048 [OMX.google.raw.decoder][what=kWhatBuffersAllocated][state 5][msg='AMessage(what = 'codc', target = 2505) = {
I/MediaCodec(  300):   int32_t what = 1634495587
I/MediaCodec(  300):   int32_t portIndex = 0
I/MediaCodec(  300):   RefBase *portDesc = 0xe46a3820
I/MediaCodec(  300): }' ]
I/MediaCodec(  300): [onMessageReceived]line:1048 [OMX.google.raw.decoder][what=kWhatBuffersAllocated][state 5][msg='AMessage(what = 'codc', target = 2505) = {
I/MediaCodec(  300):   int32_t what = 1634495587
I/MediaCodec(  300):   int32_t portIndex = 1
I/MediaCodec(  300):   RefBase *portDesc = 0xe46a39d0
I/MediaCodec(  300): }' ]
I/MediaCodec(  300): [getInputBuffers]line:609 [OMX.google.raw.decoder]+++
I/MediaCodec(  300): [getOutputBuffers]line:620 [OMX.google.raw.decoder]+++
I/MediaCodec(  300): codec output format changed mFlags 801
I/MediaCodec(  300): [onMessageReceived]line:1261 [OMX.google.raw.decoder][what=kWhatEOS][state 6] 
I/MediaCodec(  300): [getOutputFormat]line:566 [OMX.google.raw.decoder]+++
I/GenericSource(  300): GenericSource::getFormatMeta 0
I/AudioCache(  300): [open] open(11025, 2, 0x0, 1, 8)
I/NuPlayerDecoder(  300): [OMX.google.raw.decoder] EOS ,timeUs:0 ,size 0
I/AudioCache(  300): [notify] notify(0xf3c747c0, 6, 0, 0)
I/NuPlayerDecoder(  300): [handleAnOutputBuffer]line:655 [OMX.google.raw.decoder] EOS ,timeUs:0
I/NuPlayerRenderer(  300): [queueEOS]line:174 queueEOS audio:1
I/AudioCache(  300): [notify] notify(0xf3c747c0, 2, 0, 0)
I/AudioCache(  300): [notify] notify(0xf3c747c0, 8, 0, 0)
I/NuPlayer(  300): [resetAsync]line:439 mSource:1
I/GenericSource(  300): [disconnect]line:869 mDataSource:1, lock
I/MediaCodec(  300): [flush]line:680 [OMX.google.raw.decoder]+++
I/NuPlayerRenderer(  300): onflush audio 1 flag 0
I/NuPlayerRenderer(  300): [onFlush]line:1553 audiosink flush.
I/MediaCodec(  300): [onMessageReceived]line:1765 [OMX.google.raw.decoder][what=kWhatFlush][state 6][msg='AMessage(what = 'flus', target = 2505) = {
I/MediaCodec(  300):   int32_t replyID = 14084
I/MediaCodec(  300): }' ]
I/MediaCodec(  300): [onMessageReceived]line:1294 [OMX.google.raw.decoder][what=kWhatFlushCompleted][state 7][msg='AMessage(what = 'codc', target = 2505) = {
I/MediaCodec(  300):   int32_t what = 1717792621
I/MediaCodec(  300): }' ]
I/MediaCodec(  300): [release]line:383 [OMX.google.raw.decoder]+++
I/ACodec  (  300): freeBuffersOnPort portIndex 0
I/ACodec  (  300): freeBuffersOnPort portIndex 1
I/MediaCodec(  300): [onMessageReceived]line:1268 [OMX.google.raw.decoder][what=kWhatShutdownCompleted][state 10][msg='AMessage(what = 'codc', target = 2505) = {
I/MediaCodec(  300):   int32_t what = 1935896429
I/MediaCodec(  300): }' ]
I/MediaCodec(  300): [~MediaCodec]line:205 [][mState 0]+++
I/NuPlayer(  300): [finishFlushIfPossible]line:1565 mFlushingAudio 5 ,mFlushingVideo 0
I/MediaPlayerService(  300): [decode] decode(35, 31689144, 50044)
E/DrmMtkUtil/DrmUtil(  300): checkDcf: not dcf type, dcf version value [80]
E/Cta5File(  300): Cta5File::isCta5NormalFile false, bad magic:PK
E/Cta5File(  300): Cta5File::isCta5MultimediaFile false, bad magic:
E/DrmMtkUtil/DrmUtil(  300): checkDcf: not dcf type, dcf version value [80]
I/NuPlayer(  300): disable trackId:0
I/GenericSource(  300): GenericSource::initCheck
E/DrmCtaPlugIn(  299): [ERROR]onOpenDecryptSession - The key is not set by user
E/DrmMtkUtil/DrmUtil(  299): parseDcf: not dcf type, dcf version value [80]
E/DrmMtkPlugIn(  299): onOpenDecryptSession() : failed to parse dcf file.
I/Utils   (  300): GetMimeType : fourcc 0x1
I/Utils   (  300): GetMimeType : fourcc 0x1
I/WAVExtractorExt(  300): WAV : mime audio/raw channel 2 samplerate 11025 bps 16 br 353110 dur 1133786
I/Utils   (  300): GetMimeType : fourcc 0x1
I/SurfaceFlinger(  274): EventThread Client Pid (7590) created
W/ADB_SERVICES(  504): create_local_service_socket() name=shell:ps
W/ADB_SERVICES(  504): service_to_fd() name=shell:ps
W/ADB_SERVICES(  504): read_meminfo() mem_free=216464
W/ADB_SERVICES(  504): create_subproc ret_fd=16 pid=7648
W/ADB_SERVICES(  504): LS(3683): bound to 'shell:ps' via 16
I/Utils   (  300): GetMimeType : fourcc 0x1
I/Utils   (  300): GetMimeType : fourcc 0x1
I/WAVExtractorExt(  300): WAV : mime audio/raw channel 2 samplerate 11025 bps 16 br 353110 dur 1133786
I/GenericSource(  300): GenericSource::getFormatMeta 0
W/ADB_SERVICES( 7648): adb: unable to update oom_score_adj
I/AudioCache(  300): [notify] notify(0xf04330c0, 1, 0, 0)
I/GenericSource(  300): start
I/GenericSource(  300): GenericSource::getFormatMeta 1
I/GenericSource(  300): GenericSource::getFormatMeta 0
I/AudioPolicyManager(  300): isOffloadSupported: SR=11025, CM=0x3, Format=0x1, StreamType=-1, BitRate=353110, duration=1133786 us, has_video=0
I/NuPlayerRenderer(  300): sFrameAVsyncByVFS 1
E/NuPlayer(  300): onScanSources
I/GenericSource(  300): GenericSource::getFormatMeta 1
I/AudioCache(  300): [notify] notify(0xf04330c0, 5, 0, 0)
I/AudioCache(  300): [notify] notify(0xf04330c0, 5, 0, 0)
I/MediaCodec(  300): [CreateByType]line:159 audio/raw
I/MediaCodec(  300): [onMessageReceived]line:1320 [][what=kWhatInit][state 0][msg='AMessage(what = 'init', target = 2512) = {
I/MediaCodec(  300):   string name = "audio/raw"
I/MediaCodec(  300):   int32_t nameIsType = 1
I/MediaCodec(  300):   int32_t encoder = 0
I/MediaCodec(  300):   int32_t replyID = 14090
I/MediaCodec(  300): }' ]
I/SurfaceFlinger(  274): EventThread Client Pid (7590) created
I/MediaCodec(  300): [onMessageReceived]line:963 [][what=kWhatComponentAllocated][state 1][msg='AMessage(what = 'codc', target = 2512) = {
I/MediaCodec(  300):   int32_t what = 1665231980
I/MediaCodec(  300):   string componentName = "OMX.google.raw.decoder"
I/MediaCodec(  300):   int32_t quirks = 0
I/MediaCodec(  300): }' ]
I/MediaCodec(  300): [CreateByType]line:166 audio/raw
I/MediaCodec(  300): Found 0 pieces of codec specific data.
E/OMXNodeInstance(  300): getParameter(1b5:google.raw.decoder, ??(0x7f200406)) ERROR: UnsupportedIndex(0x8000101a)
I/MediaCodec(  300): [onMessageReceived]line:991 [OMX.google.raw.decoder][what=kWhatComponentConfigured][state 3][msg='AMessage(what = 'codc', target = 2512) = {
I/MediaCodec(  300):   int32_t what = 1665363822
I/MediaCodec(  300):   AMessage input-format = AMessage(what = 0x00000000) = {
I/MediaCodec(  300):                             int32_t support-partial-frame = 0
I/MediaCodec(  300):                             string mime = "audio/raw"
I/MediaCodec(  300):                             int32_t channel-count = 2
I/MediaCodec(  300):                             int32_t sample-rate = 11025
I/MediaCodec(  300):                             int32_t bit-width = 16
I/MediaCodec(  300):                           }
I/MediaCodec(  300):   AMessage output-format = AMessage(what = 'codc', target = 2512) = {
I/MediaCodec(  300):                              string mime = "audio/raw"
I/MediaCodec(  300):                              int32_t channel-count = 2
I/MediaCodec(  300):                              int32_t sample-rate = 11025
I/MediaCodec(  300):                              int32_t bit-width = 16
I/MediaCodec(  300):                            }
I/MediaCodec(  300): }' ]
I/MediaCodec(  300): [getOutputFormat]line:566 [OMX.google.raw.decoder]+++
I/NuPlayerDecoder(  300): mSupportsPartialFrames 0 
I/MediaCodec(  300): [start]line:367 [OMX.google.raw.decoder]+++
I/MediaCodec(  300): [onMessageReceived]line:1048 [OMX.google.raw.decoder][what=kWhatBuffersAllocated][state 5][msg='AMessage(what = 'codc', target = 2512) = {
I/MediaCodec(  300):   int32_t what = 1634495587
I/MediaCodec(  300):   int32_t portIndex = 0
I/MediaCodec(  300):   RefBase *portDesc = 0xe46a3820
I/MediaCodec(  300): }' ]
I/MediaCodec(  300): [onMessageReceived]line:1048 [OMX.google.raw.decoder][what=kWhatBuffersAllocated][state 5][msg='AMessage(what = 'codc', target = 2512) = {
I/MediaCodec(  300):   int32_t what = 1634495587
I/MediaCodec(  300):   int32_t portIndex = 1
I/MediaCodec(  300):   RefBase *portDesc = 0xe46a3a00
I/MediaCodec(  300): }' ]
I/MediaCodec(  300): [getInputBuffers]line:609 [OMX.google.raw.decoder]+++
I/MediaCodec(  300): [getOutputBuffers]line:620 [OMX.google.raw.decoder]+++
I/MediaCodec(  300): codec output format changed mFlags 801
I/MediaCodec(  300): [onMessageReceived]line:1261 [OMX.google.raw.decoder][what=kWhatEOS][state 6] 
I/MediaCodec(  300): [getOutputFormat]line:566 [OMX.google.raw.decoder]+++
I/GenericSource(  300): GenericSource::getFormatMeta 0
I/AudioCache(  300): [open] open(11025, 2, 0x0, 1, 8)
I/NuPlayerDecoder(  300): [OMX.google.raw.decoder] EOS ,timeUs:0 ,size 0
I/NuPlayerDecoder(  300): [handleAnOutputBuffer]line:655 [OMX.google.raw.decoder] EOS ,timeUs:0
I/NuPlayerRenderer(  300): [queueEOS]line:174 queueEOS audio:1
I/AudioCache(  300): [notify] notify(0xf04330c0, 6, 0, 0)
I/AudioCache(  300): [notify] notify(0xf04330c0, 2, 0, 0)
I/AudioCache(  300): [notify] notify(0xf04330c0, 8, 0, 0)
I/NuPlayer(  300): [resetAsync]line:439 mSource:1
I/GenericSource(  300): [disconnect]line:869 mDataSource:1, lock
I/SurfaceFlinger(  274): [SF client] NEW(0x7f7d01d300) for (877:system_server)
I/MediaCodec(  300): [flush]line:680 [OMX.google.raw.decoder]+++
I/NuPlayerRenderer(  300): onflush audio 1 flag 0
I/NuPlayerRenderer(  300): [onFlush]line:1553 audiosink flush.
I/MediaCodec(  300): [onMessageReceived]line:1765 [OMX.google.raw.decoder][what=kWhatFlush][state 6][msg='AMessage(what = 'flus', target = 2512) = {
I/MediaCodec(  300):   int32_t replyID = 14117
I/MediaCodec(  300): }' ]
I/MediaCodec(  300): [onMessageReceived]line:1294 [OMX.google.raw.decoder][what=kWhatFlushCompleted][state 7][msg='AMessage(what = 'codc', target = 2512) = {
I/MediaCodec(  300):   int32_t what = 1717792621
I/MediaCodec(  300): }' ]
I/MediaCodec(  300): [release]line:383 [OMX.google.raw.decoder]+++
I/ACodec  (  300): freeBuffersOnPort portIndex 0
I/ACodec  (  300): freeBuffersOnPort portIndex 1
I/MediaCodec(  300): [onMessageReceived]line:1268 [OMX.google.raw.decoder][what=kWhatShutdownCompleted][state 10][msg='AMessage(what = 'codc', target = 2512) = {
I/MediaCodec(  300):   int32_t what = 1935896429
I/MediaCodec(  300): }' ]
I/MediaCodec(  300): [~MediaCodec]line:205 [][mState 0]+++
I/NuPlayer(  300): [finishFlushIfPossible]line:1565 mFlushingAudio 5 ,mFlushingVideo 0
I/com.jieshun.jslife.service.XMPPService( 7590): start XMPPService ===============
W/ADB_SERVICES(  504): entered. LS(3683) fd=16
E/PhoneInterfaceManager( 1596): [PhoneIntfMgr] getIccId: ICC ID is null or empty.
I/com.jieshun.jslife.service.XMPPService( 7590): startRequestQueQue ===============
I/CallbackListener( 7590): xmppQueQue==========
I/XMPP    ( 7590): openfire----  disconnect()
E/Ble     ( 7590): BluetoothLeService  onStartCommand()
I/XMPP    ( 7590): ========
I/XMPP    ( 7590): openfire============== OPENFIRE=jsimp.jslife.com.cn SERVICE_NAME=openfire-cloud PORT=7608  userName=13632836691  pwd=123456 ; resource=A1b117b2fb
I/XMPP    ( 7590): ----userName========13632836691 ; pwd========123456 ; resource======A1b117b2fb
I/SensorHAL(  877): Dev Flush, handle: 4, name: LSM6DS3 Accelerometer Sensor, ret: -22
I/MediaPlayerService(  300): [decode] decode(35, 32000716, 40044)
E/DrmMtkUtil/DrmUtil(  300): checkDcf: not dcf type, dcf version value [80]
E/Cta5File(  300): Cta5File::isCta5NormalFile false, bad magic:PK
E/Cta5File(  300): Cta5File::isCta5MultimediaFile false, bad magic:
E/DrmMtkUtil/DrmUtil(  300): checkDcf: not dcf type, dcf version value [80]
I/NuPlayer(  300): disable trackId:0
I/GenericSource(  300): GenericSource::initCheck
I/System.out( 7590): onGetPermissionState iError 0
E/DrmCtaPlugIn(  299): [ERROR]onOpenDecryptSession - The key is not set by user
E/DrmMtkUtil/DrmUtil(  299): parseDcf: not dcf type, dcf version value [80]
I/System.out( 7590): *****key*****
E/DrmMtkPlugIn(  299): onOpenDecryptSession() : failed to parse dcf file.
W/art     ( 7590): Verification of void com.jht.jsif.comm.B.S.<clinit>() took 159.472ms
I/Utils   (  300): GetMimeType : fourcc 0x1
I/Utils   (  300): GetMimeType : fourcc 0x1
I/WAVExtractorExt(  300): WAV : mime audio/raw channel 2 samplerate 11025 bps 16 br 353188 dur 907029
I/Utils   (  300): GetMimeType : fourcc 0x1
I/MobclickAgent( 7590): Start new session: C4C25FC04AE4A1CE5E0BF10DBCFFA887
I/WindowManager(  877): Gaining focus: Window{382c0d68 u0 com.jieshun.jslife/com.jieshun.jslife.activity.common.LoadingActivity}
I/Utils   (  300): GetMimeType : fourcc 0x1
I/Utils   (  300): GetMimeType : fourcc 0x1
I/WAVExtractorExt(  300): WAV : mime audio/raw channel 2 samplerate 11025 bps 16 br 353188 dur 907029
I/GenericSource(  300): GenericSource::getFormatMeta 0
I/AudioCache(  300): [notify] notify(0xf3c74d40, 1, 0, 0)
I/GenericSource(  300): start
I/GenericSource(  300): GenericSource::getFormatMeta 1
I/GenericSource(  300): GenericSource::getFormatMeta 0
I/AudioPolicyManager(  300): isOffloadSupported: SR=11025, CM=0x3, Format=0x1, StreamType=-1, BitRate=353188, duration=907029 us, has_video=0
I/NuPlayerRenderer(  300): sFrameAVsyncByVFS 1
E/NuPlayer(  300): onScanSources
I/GenericSource(  300): GenericSource::getFormatMeta 1
I/AudioCache(  300): [notify] notify(0xf3c74d40, 5, 0, 0)
I/AudioCache(  300): [notify] notify(0xf3c74d40, 5, 0, 0)
I/MediaCodec(  300): [CreateByType]line:159 audio/raw
I/SurfaceFlinger(  274): [Built-in Screen (type:0)] fps:0.667437,dur:1498.27,max:1498.27,min:1498.27
I/MediaCodec(  300): [onMessageReceived]line:1320 [][what=kWhatInit][state 0][msg='AMessage(what = 'init', target = 2519) = {
I/MediaCodec(  300):   string name = "audio/raw"
I/MediaCodec(  300):   int32_t nameIsType = 1
I/MediaCodec(  300):   int32_t encoder = 0
I/MediaCodec(  300):   int32_t replyID = 14123
I/MediaCodec(  300): }' ]
I/MediaCodec(  300): [onMessageReceived]line:963 [][what=kWhatComponentAllocated][state 1][msg='AMessage(what = 'codc', target = 2519) = {
I/MediaCodec(  300):   int32_t what = 1665231980
I/MediaCodec(  300):   string componentName = "OMX.google.raw.decoder"
I/MediaCodec(  300):   int32_t quirks = 0
I/MediaCodec(  300): }' ]
I/MediaCodec(  300): [CreateByType]line:166 audio/raw
I/MediaCodec(  300): Found 0 pieces of codec specific data.
E/OMXNodeInstance(  300): getParameter(1b6:google.raw.decoder, ??(0x7f200406)) ERROR: UnsupportedIndex(0x8000101a)
I/MediaCodec(  300): [onMessageReceived]line:991 [OMX.google.raw.decoder][what=kWhatComponentConfigured][state 3][msg='AMessage(what = 'codc', target = 2519) = {
I/MediaCodec(  300):   int32_t what = 1665363822
I/MediaCodec(  300):   AMessage input-format = AMessage(what = 0x00000000) = {
I/MediaCodec(  300):                             int32_t support-partial-frame = 0
I/MediaCodec(  300):                             string mime = "audio/raw"
I/MediaCodec(  300):                             int32_t channel-count = 2
I/MediaCodec(  300):                             int32_t sample-rate = 11025
I/MediaCodec(  300):                             int32_t bit-width = 16
I/MediaCodec(  300):                           }
I/MediaCodec(  300):   AMessage output-format = AMessage(what = 'codc', target = 2519) = {
I/MediaCodec(  300):                              string mime = "audio/raw"
I/MediaCodec(  300):                              int32_t channel-count = 2
I/MediaCodec(  300):                              int32_t sample-rate = 11025
I/MediaCodec(  300):                              int32_t bit-width = 16
I/MediaCodec(  300):                            }
I/MediaCodec(  300): }' ]
I/MediaCodec(  300): [getOutputFormat]line:566 [OMX.google.raw.decoder]+++
I/NuPlayerDecoder(  300): mSupportsPartialFrames 0 
I/MediaCodec(  300): [start]line:367 [OMX.google.raw.decoder]+++
I/MediaCodec(  300): [onMessageReceived]line:1048 [OMX.google.raw.decoder][what=kWhatBuffersAllocated][state 5][msg='AMessage(what = 'codc', target = 2519) = {
I/MediaCodec(  300):   int32_t what = 1634495587
I/MediaCodec(  300):   int32_t portIndex = 0
I/MediaCodec(  300):   RefBase *portDesc = 0xe46a3820
I/MediaCodec(  300): }' ]
I/MediaCodec(  300): [onMessageReceived]line:1048 [OMX.google.raw.decoder][what=kWhatBuffersAllocated][state 5][msg='AMessage(what = 'codc', target = 2519) = {
I/MediaCodec(  300):   int32_t what = 1634495587
I/MediaCodec(  300):   int32_t portIndex = 1
I/MediaCodec(  300):   RefBase *portDesc = 0xe46a39d0
I/MediaCodec(  300): }' ]
I/MediaCodec(  300): [getInputBuffers]line:609 [OMX.google.raw.decoder]+++
I/MediaCodec(  300): [getOutputBuffers]line:620 [OMX.google.raw.decoder]+++
I/MediaCodec(  300): codec output format changed mFlags 801
I/MediaCodec(  300): [getOutputFormat]line:566 [OMX.google.raw.decoder]+++
I/GenericSource(  300): GenericSource::getFormatMeta 0
I/AudioCache(  300): [open] open(11025, 2, 0x0, 1, 8)
I/AudioCache(  300): [notify] notify(0xf3c74d40, 6, 0, 0)
I/MediaCodec(  300): [onMessageReceived]line:1261 [OMX.google.raw.decoder][what=kWhatEOS][state 6] 
I/NuPlayerDecoder(  300): [OMX.google.raw.decoder] EOS ,timeUs:0 ,size 0
I/NuPlayerDecoder(  300): [handleAnOutputBuffer]line:655 [OMX.google.raw.decoder] EOS ,timeUs:0
I/NuPlayerRenderer(  300): [queueEOS]line:174 queueEOS audio:1
I/AudioCache(  300): [notify] notify(0xf3c74d40, 2, 0, 0)
I/AudioCache(  300): [notify] notify(0xf3c74d40, 8, 0, 0)
I/NuPlayer(  300): [resetAsync]line:439 mSource:1
I/GenericSource(  300): [disconnect]line:869 mDataSource:1, lock
I/MediaCodec(  300): [flush]line:680 [OMX.google.raw.decoder]+++
I/MediaCodec(  300): [onMessageReceived]line:1765 [OMX.google.raw.decoder][what=kWhatFlush][state 6][msg='AMessage(what = 'flus', target = 2519) = {
I/MediaCodec(  300):   int32_t replyID = 14150
I/MediaCodec(  300): }' ]
I/NuPlayerRenderer(  300): onflush audio 1 flag 0
I/NuPlayerRenderer(  300): [onFlush]line:1553 audiosink flush.
I/MediaCodec(  300): [onMessageReceived]line:1294 [OMX.google.raw.decoder][what=kWhatFlushCompleted][state 7][msg='AMessage(what = 'codc', target = 2519) = {
I/MediaCodec(  300):   int32_t what = 1717792621
I/MediaCodec(  300): }' ]
I/MediaCodec(  300): [release]line:383 [OMX.google.raw.decoder]+++
I/ACodec  (  300): freeBuffersOnPort portIndex 0
I/ACodec  (  300): freeBuffersOnPort portIndex 1
I/MediaCodec(  300): [onMessageReceived]line:1268 [OMX.google.raw.decoder][what=kWhatShutdownCompleted][state 10][msg='AMessage(what = 'codc', target = 2519) = {
I/MediaCodec(  300):   int32_t what = 1935896429
I/MediaCodec(  300): }' ]
I/MediaCodec(  300): [~MediaCodec]line:205 [][mState 0]+++
I/NuPlayer(  300): [finishFlushIfPossible]line:1565 mFlushingAudio 5 ,mFlushingVideo 0
I/MediaPlayerService(  300): [decode] decode(35, 31689144, 50044)
E/DrmMtkUtil/DrmUtil(  300): checkDcf: not dcf type, dcf version value [80]
E/Cta5File(  300): Cta5File::isCta5NormalFile false, bad magic:PK
E/Cta5File(  300): Cta5File::isCta5MultimediaFile false, bad magic:
E/DrmMtkUtil/DrmUtil(  300): checkDcf: not dcf type, dcf version value [80]
I/NuPlayer(  300): disable trackId:0
I/GenericSource(  300): GenericSource::initCheck
I/PerfService(  877): PerfServiceNative_boostDisableAsync:5
I/libPerfService(  877): 5: set: 1
I/libPerfService(  877): 5: set freq: 0
E/GED     ( 7590): Failed to get GED Log Buf, err(0)
E/DrmCtaPlugIn(  299): [ERROR]onOpenDecryptSession - The key is not set by user
E/DrmMtkUtil/DrmUtil(  299): parseDcf: not dcf type, dcf version value [80]
E/DrmMtkPlugIn(  299): onOpenDecryptSession() : failed to parse dcf file.
I/OpenGLRenderer( 7590): Initialized EGL, version 1.4
W/MALI    ( 7590): gles_context_new:222: [MALI]ctx init(phase:7) takes more than 20ms here. Elapse time(us): 31403
I/[MALI][Gralloc](  274): Usage: 0xb00, format: 0x1 stride: 1088 vertical_stride: 1920 size: 8355840
I/[MALI][Gralloc](  274): Usage: 0xb00, format: 0x1 stride: 1088 vertical_stride: 1920 size: 8355840
I/ActivityManager(  877): START u0 {cmp=com.jieshun.jslife/.activity.common.MainFragmentActivity} from uid 10099 on display 0 from pid 7590
I/[MALI][Gralloc](  274): Usage: 0xb00, format: 0x1 stride: 1088 vertical_stride: 1920 size: 8355840
I/libPerfService(  877): perfSetFavorPid - pid:0, 0
I/[MALI][Gralloc](  274): Usage: 0xb00, format: 0x1 stride: 1088 vertical_stride: 1920 size: 8355840
W/System.err( 7590): SLF4J: Failed to load class "org.slf4j.impl.StaticLoggerBinder".
W/System.err( 7590): SLF4J: Defaulting to no-operation (NOP) logger implementation
W/System.err( 7590): SLF4J: See http://www.slf4j.org/codes.html#StaticLoggerBinder for further details.
I/libPerfService(  877): 14: set freq: 1300000
I/libPerfService(  877): 14: set: 6
I/WindowManager(  877): Losing focus: Window{382c0d68 u0 com.jieshun.jslife/com.jieshun.jslife.activity.common.LoadingActivity}
W/DecodingInfo( 1333): No Engine for Decoding
I/Utils   (  300): GetMimeType : fourcc 0x1
I/Utils   (  300): GetMimeType : fourcc 0x1
I/WAVExtractorExt(  300): WAV : mime audio/raw channel 2 samplerate 11025 bps 16 br 353110 dur 1133786
I/Utils   (  300): GetMimeType : fourcc 0x1
D/libc-netbsd( 7590): [getaddrinfo]: hostname=jsimp.jslife.com.cn; servname=(null); cache_mode=(null), netid=0; mark=0
D/libc-netbsd( 7590): [getaddrinfo]: ai_addrlen=0; ai_canonname=(null); ai_flags=4; ai_family=0
D/libc-netbsd( 7590): [getaddrinfo]: hostname=jsimp.jslife.com.cn; servname=(null); cache_mode=(null), netid=0; mark=0
D/libc-netbsd( 7590): [getaddrinfo]: ai_addrlen=0; ai_canonname=(null); ai_flags=1024; ai_family=0
D/libc-netbsd(  295): [getaddrinfo]: hostname=jsimp.jslife.com.cn; servname=(null); cache_mode=local, netid=102; mark=917606
D/libc-netbsd(  295): [getaddrinfo]: ai_addrlen=0; ai_canonname=(null); ai_flags=1024; ai_family=0
D/libc-netbsd(  295): default dns: query_ipv6=0, query_ipv4=1
D/libc-netbsd(  295): res_queryN name = jsimp.jslife.com.cn, class = 1, type = 1
D/libc-netbsd(  295): netid=102, dns0:202.96.134.133
D/libc-netbsd(  295): netid=102, dns1:202.96.128.166
D/libc-netbsd(  295): netid=102, dns2:8.8.8.8
I/Utils   (  300): GetMimeType : fourcc 0x1
I/Utils   (  300): GetMimeType : fourcc 0x1
I/WAVExtractorExt(  300): WAV : mime audio/raw channel 2 samplerate 11025 bps 16 br 353110 dur 1133786
I/GenericSource(  300): GenericSource::getFormatMeta 0
I/AudioCache(  300): [notify] notify(0xf0433100, 1, 0, 0)
I/GenericSource(  300): start
I/GenericSource(  300): GenericSource::getFormatMeta 1
I/GenericSource(  300): GenericSource::getFormatMeta 0
I/AudioPolicyManager(  300): isOffloadSupported: SR=11025, CM=0x3, Format=0x1, StreamType=-1, BitRate=353110, duration=1133786 us, has_video=0
I/NuPlayerRenderer(  300): sFrameAVsyncByVFS 1
E/NuPlayer(  300): onScanSources
I/GenericSource(  300): GenericSource::getFormatMeta 1
I/AudioCache(  300): [notify] notify(0xf0433100, 5, 0, 0)
I/AudioCache(  300): [notify] notify(0xf0433100, 5, 0, 0)
I/MediaCodec(  300): [CreateByType]line:159 audio/raw
I/MediaCodec(  300): [onMessageReceived]line:1320 [][what=kWhatInit][state 0][msg='AMessage(what = 'init', target = 2526) = {
I/MediaCodec(  300):   string name = "audio/raw"
I/MediaCodec(  300):   int32_t nameIsType = 1
I/MediaCodec(  300):   int32_t encoder = 0
I/MediaCodec(  300):   int32_t replyID = 14156
I/MediaCodec(  300): }' ]
D/libc-netbsd(  295): res_queryN name = jsimp.jslife.com.cn succeed
D/libc-netbsd( 7590): getaddrinfo: jsimp.jslife.com.cn get result from proxy >>
I/System.out( 7590): propertyValue:true
I/MediaCodec(  300): [onMessageReceived]line:963 [][what=kWhatComponentAllocated][state 1][msg='AMessage(what = 'codc', target = 2526) = {
I/MediaCodec(  300):   int32_t what = 1665231980
I/MediaCodec(  300):   string componentName = "OMX.google.raw.decoder"
I/MediaCodec(  300):   int32_t quirks = 0
I/MediaCodec(  300): }' ]
I/MediaCodec(  300): [CreateByType]line:166 audio/raw
I/System.out( 7590): [CDS]connect[jsimp.jslife.com.cn/112.74.43.206:7608] tm:90
I/MediaCodec(  300): Found 0 pieces of codec specific data.
E/OMXNodeInstance(  300): getParameter(1b7:google.raw.decoder, ??(0x7f200406)) ERROR: UnsupportedIndex(0x8000101a)
I/MediaCodec(  300): [onMessageReceived]line:991 [OMX.google.raw.decoder][what=kWhatComponentConfigured][state 3][msg='AMessage(what = 'codc', target = 2526) = {
I/MediaCodec(  300):   int32_t what = 1665363822
I/MediaCodec(  300):   AMessage input-format = AMessage(what = 0x00000000) = {
I/MediaCodec(  300):                             int32_t support-partial-frame = 0
I/MediaCodec(  300):                             string mime = "audio/raw"
I/MediaCodec(  300):                             int32_t channel-count = 2
I/MediaCodec(  300):                             int32_t sample-rate = 11025
I/MediaCodec(  300):                             int32_t bit-width = 16
I/MediaCodec(  300):                           }
I/MediaCodec(  300):   AMessage output-format = AMessage(what = 'codc', target = 2526) = {
I/MediaCodec(  300):                              string mime = "audio/raw"
I/MediaCodec(  300):                              int32_t channel-count = 2
I/MediaCodec(  300):                              int32_t sample-rate = 11025
I/MediaCodec(  300):                              int32_t bit-width = 16
I/MediaCodec(  300):                            }
I/MediaCodec(  300): }' ]
I/MediaCodec(  300): [getOutputFormat]line:566 [OMX.google.raw.decoder]+++
I/NuPlayerDecoder(  300): mSupportsPartialFrames 0 
I/MediaCodec(  300): [start]line:367 [OMX.google.raw.decoder]+++
I/MediaCodec(  300): [onMessageReceived]line:1048 [OMX.google.raw.decoder][what=kWhatBuffersAllocated][state 5][msg='AMessage(what = 'codc', target = 2526) = {
I/MediaCodec(  300):   int32_t what = 1634495587
I/MediaCodec(  300):   int32_t portIndex = 0
I/MediaCodec(  300):   RefBase *portDesc = 0xe46a3820
I/MediaCodec(  300): }' ]
I/MediaCodec(  300): [onMessageReceived]line:1048 [OMX.google.raw.decoder][what=kWhatBuffersAllocated][state 5][msg='AMessage(what = 'codc', target = 2526) = {
I/MediaCodec(  300):   int32_t what = 1634495587
I/MediaCodec(  300):   int32_t portIndex = 1
I/MediaCodec(  300):   RefBase *portDesc = 0xe46a3a00
I/MediaCodec(  300): }' ]
I/MediaCodec(  300): [getInputBuffers]line:609 [OMX.google.raw.decoder]+++
I/MediaCodec(  300): [getOutputBuffers]line:620 [OMX.google.raw.decoder]+++
I/libPerfService(  877): perfSetFavorPid - pid:7590, 1da6
I/MediaCodec(  300): codec output format changed mFlags 801
I/MediaCodec(  300): [getOutputFormat]line:566 [OMX.google.raw.decoder]+++
I/MediaCodec(  300): [onMessageReceived]line:1261 [OMX.google.raw.decoder][what=kWhatEOS][state 6] 
I/GenericSource(  300): GenericSource::getFormatMeta 0
I/AudioCache(  300): [open] open(11025, 2, 0x0, 1, 8)
I/NuPlayerDecoder(  300): [OMX.google.raw.decoder] EOS ,timeUs:0 ,size 0
I/AudioCache(  300): [notify] notify(0xf0433100, 6, 0, 0)
I/NuPlayerDecoder(  300): [handleAnOutputBuffer]line:655 [OMX.google.raw.decoder] EOS ,timeUs:0
I/NuPlayerRenderer(  300): [queueEOS]line:174 queueEOS audio:1
I/AudioCache(  300): [notify] notify(0xf0433100, 2, 0, 0)
I/AudioCache(  300): [notify] notify(0xf0433100, 8, 0, 0)
I/NuPlayer(  300): [resetAsync]line:439 mSource:1
I/GenericSource(  300): [disconnect]line:869 mDataSource:1, lock
I/MediaCodec(  300): [flush]line:680 [OMX.google.raw.decoder]+++
I/NuPlayerRenderer(  300): onflush audio 1 flag 0
I/MediaCodec(  300): [onMessageReceived]line:1765 [OMX.google.raw.decoder][what=kWhatFlush][state 6][msg='AMessage(what = 'flus', target = 2526) = {
I/MediaCodec(  300):   int32_t replyID = 14185
I/MediaCodec(  300): }' ]
I/NuPlayerRenderer(  300): [onFlush]line:1553 audiosink flush.
I/MediaCodec(  300): [onMessageReceived]line:1294 [OMX.google.raw.decoder][what=kWhatFlushCompleted][state 7][msg='AMessage(what = 'codc', target = 2526) = {
I/MediaCodec(  300):   int32_t what = 1717792621
I/MediaCodec(  300): }' ]
I/MediaCodec(  300): [release]line:383 [OMX.google.raw.decoder]+++
I/ACodec  (  300): freeBuffersOnPort portIndex 0
I/ACodec  (  300): freeBuffersOnPort portIndex 1
I/MediaCodec(  300): [onMessageReceived]line:1268 [OMX.google.raw.decoder][what=kWhatShutdownCompleted][state 10][msg='AMessage(what = 'codc', target = 2526) = {
I/MediaCodec(  300):   int32_t what = 1935896429
I/MediaCodec(  300): }' ]
I/MediaCodec(  300): [~MediaCodec]line:205 [][mState 0]+++
I/NuPlayer(  300): [finishFlushIfPossible]line:1565 mFlushingAudio 5 ,mFlushingVideo 0
W/ADB_SERVICES(  504): create_local_service_socket() name=shell:cat /proc/cpuinfo
W/ADB_SERVICES(  504): service_to_fd() name=shell:cat /proc/cpuinfo
W/ADB_SERVICES(  504): read_meminfo() mem_free=186164
W/ADB_SERVICES(  504): create_subproc ret_fd=16 pid=7701
W/ADB_SERVICES(  504): LS(3684): bound to 'shell:cat /proc/cpuinfo' via 16
W/ADB_SERVICES( 7701): adb: unable to update oom_score_adj
W/ADB_SERVICES(  504): entered. LS(3684) fd=16
I/InputDispatcher(  877): Dropping event because there is no touchable window at (1019, 132).
W/InputManager(  877): Input event injection from pid 7570 failed.
W/InputManager(  877): Input event injection from pid 7570 failed.
W/ADB_SERVICES(  504): create_local_service_socket() name=shell:dumpsys battery
W/ADB_SERVICES(  504): service_to_fd() name=shell:dumpsys battery
W/ADB_SERVICES(  504): read_meminfo() mem_free=185900
W/ADB_SERVICES(  504): create_subproc ret_fd=16 pid=7703
W/ADB_SERVICES(  504): LS(3685): bound to 'shell:dumpsys battery' via 16
W/ADB_SERVICES( 7703): adb: unable to update oom_score_adj
W/ADB_SERVICES(  504): entered. LS(3685) fd=16
I/XMPP    ( 7590): loginToOpenfire==============  openfire isSuccess:  true
I/XMPP    ( 7590): my jid = 13632836691@openfire-cloud/A1b117b2fb
I/XMPP    ( 7590):   login  success!=============== userName=13632836691  pwd=123456
I/UserState( 7590): myJid = 13632836691@openfire-cloud/A1b117b2fb receive jid=13632836691@openfire-cloud/A1b117b2fb  state=ONLINE
I/UserState( 7590): myJid = 13632836691@openfire-cloud/A1b117b2fb receive jid=formal_cloud_jsh@openfire-cloud/master  state=ONLINE
I/UserState( 7590): myJid = 13632836691@openfire-cloud/A1b117b2fb receive jid=formal_cloud_jsh@openfire-cloud/slave  state=ONLINE
I/System.out( 7590): open:http://alog.umeng.com/app_logs
D/libc-netbsd( 7590): [getaddrinfo]: hostname=alog.umeng.com; servname=(null); cache_mode=(null), netid=0; mark=0
D/libc-netbsd( 7590): [getaddrinfo]: ai_addrlen=0; ai_canonname=(null); ai_flags=4; ai_family=0
D/libc-netbsd( 7590): [getaddrinfo]: hostname=alog.umeng.com; servname=(null); cache_mode=(null), netid=0; mark=0
D/libc-netbsd( 7590): [getaddrinfo]: ai_addrlen=0; ai_canonname=(null); ai_flags=1024; ai_family=0
D/libc-netbsd(  295): [getaddrinfo]: hostname=alog.umeng.com; servname=(null); cache_mode=local, netid=102; mark=917606
D/libc-netbsd(  295): [getaddrinfo]: ai_addrlen=0; ai_canonname=(null); ai_flags=1024; ai_family=0
D/libc-netbsd(  295): default dns: query_ipv6=0, query_ipv4=1
D/libc-netbsd(  295): res_queryN name = alog.umeng.com, class = 1, type = 1
D/libc-netbsd(  295): netid=102, dns0:202.96.134.133
D/libc-netbsd(  295): netid=102, dns1:202.96.128.166
D/libc-netbsd(  295): netid=102, dns2:8.8.8.8
D/libc-netbsd(  295): res_queryN name = alog.umeng.com succeed
D/libc-netbsd( 7590): getaddrinfo: alog.umeng.com get result from proxy >>
I/System.out( 7590): propertyValue:true
I/System.out( 7590): [CDS]connect[alog.umeng.com/140.205.254.8:80] tm:10
I/InputDispatcher(  877): Dropping event because there is no touchable window at (341, 877).
W/InputManager(  877): Input event injection from pid 7570 failed.
W/InputManager(  877): Input event injection from pid 7570 failed.
E/PhoneInterfaceManager( 1596): [PhoneIntfMgr] getIccId: ICC ID is null or empty.
I/System.out( 7590): [OkHttp] sendRequest>>
I/System.out( 7590): [OkHttp] sendRequest<<
I/libPerfService(  877): 14: set: 1
I/libPerfService(  877): 14: set freq: 0
I/libPerfService(  877): 14: set gpu level: 0
E/SensorHAL(  877): [Proximity]: 0.000000
I/WindowManager(  877): Gaining focus: Window{1856d5ac u0 com.jieshun.jslife/com.jieshun.jslife.activity.common.MainFragmentActivity}
D/libc-netbsd( 7590): [getaddrinfo]: hostname=jsh.jslife.com.cn; servname=(null); cache_mode=(null), netid=0; mark=0
D/libc-netbsd( 7590): [getaddrinfo]: ai_addrlen=0; ai_canonname=(null); ai_flags=4; ai_family=0
D/libc-netbsd( 7590): [getaddrinfo]: hostname=jsh.jslife.com.cn; servname=(null); cache_mode=(null), netid=0; mark=0
D/libc-netbsd( 7590): [getaddrinfo]: ai_addrlen=0; ai_canonname=(null); ai_flags=1024; ai_family=0
D/libc-netbsd(  295): [getaddrinfo]: hostname=jsh.jslife.com.cn; servname=(null); cache_mode=local, netid=102; mark=917606
D/libc-netbsd(  295): [getaddrinfo]: ai_addrlen=0; ai_canonname=(null); ai_flags=1024; ai_family=0
D/libc-netbsd(  295): default dns: query_ipv6=0, query_ipv4=1
D/libc-netbsd(  295): res_queryN name = jsh.jslife.com.cn, class = 1, type = 1
D/libc-netbsd(  295): netid=102, dns0:202.96.134.133
D/libc-netbsd(  295): netid=102, dns1:202.96.128.166
D/libc-netbsd(  295): netid=102, dns2:8.8.8.8
D/libc-netbsd( 7590): [getaddrinfo]: hostname=jsh.jslife.com.cn; servname=(null); cache_mode=(null), netid=0; mark=0
D/libc-netbsd( 7590): [getaddrinfo]: ai_addrlen=0; ai_canonname=(null); ai_flags=4; ai_family=0
D/libc-netbsd( 7590): [getaddrinfo]: hostname=jsh.jslife.com.cn; servname=(null); cache_mode=(null), netid=0; mark=0
D/libc-netbsd( 7590): [getaddrinfo]: ai_addrlen=0; ai_canonname=(null); ai_flags=1024; ai_family=0
D/libc-netbsd(  295): [getaddrinfo]: hostname=jsh.jslife.com.cn; servname=(null); cache_mode=local, netid=102; mark=917606
D/libc-netbsd(  295): [getaddrinfo]: ai_addrlen=0; ai_canonname=(null); ai_flags=1024; ai_family=0
D/libc-netbsd(  295): default dns: query_ipv6=0, query_ipv4=1
D/libc-netbsd(  295): res_queryN name = jsh.jslife.com.cn, class = 1, type = 1
I/AudioFlinger(  300): setParameters(): io 0, keyvalue mediaserver_monitor=1, calling pid 877
W/AudioALSAHardware(  300): setParameters(), still have param.size() = 1, remain param = "mediaserver_monitor=1"
I/str_params(  300): key: 'mediaserver_monitor' value: '1'
I/AudioPolicyManager(  300): setStreamVolumeIndex stream = 7 index = 15 device = 0x400
I/MobclickAgent( 7590): Send message to http://alog.umeng.com/app_logs
I/System.out( 7590): Close in OkHttp
I/System.out( 7590): [CDS]close[36429]
I/NetworkManagementSocketTagger( 7590): untagSocket(66)
I/com.jieshun.jslife.activity.common.MainFragmentActivity( 7590): onResume()======
I/MobclickAgent( 7590): send log:succeed
I/MobclickAgent( 7590): Extend current session: C4C25FC04AE4A1CE5E0BF10DBCFFA887
D/libc-netbsd(  295): res_queryN name = jsh.jslife.com.cn succeed
D/libc-netbsd(  295): res_queryN name = jsh.jslife.com.cn succeed
D/libc-netbsd( 7590): getaddrinfo: jsh.jslife.com.cn get result from proxy >>
D/libc-netbsd( 7590): getaddrinfo: jsh.jslife.com.cn get result from proxy >>
I/System.out( 7590): propertyValue:true
I/System.out( 7590): propertyValue:true
I/System.out( 7590): [CDS]connect[jsh.jslife.com.cn/39.108.207.79:80] tm:20
I/System.out( 7590): [CDS]connect[jsh.jslife.com.cn/39.108.207.79:80] tm:20
I/[MALI][Gralloc](  274): Usage: 0xb00, format: 0x1 stride: 304 vertical_stride: 300 size: 364800
I/[MALI][Gralloc](  274): Usage: 0xb00, format: 0x1 stride: 304 vertical_stride: 300 size: 364800
I/[MALI][Gralloc](  274): Usage: 0xb00, format: 0x1 stride: 304 vertical_stride: 300 size: 364800
I/[MALI][Gralloc](  274): Usage: 0xb00, format: 0x1 stride: 304 vertical_stride: 300 size: 364800
W/ActivityManager(  877): getTasks: caller 10099 does not hold REAL_GET_TASKS; limiting output
I/PerfService(  877): PerfServiceNative_boostDisableAsync:5
I/libPerfService(  877): 5: set: 1
I/libPerfService(  877): 5: set freq: 0
I/SurfaceFlinger(  274): [Built-in Screen (type:0)] fps:57.850662,dur:1002.58,max:23.00,min:4.72
I/libPerfService(  877): perfSetFavorPid - pid:0, 0
D/libc-netbsd( 7590): [getaddrinfo]: hostname=hdwg.jieshunpay.cn; servname=(null); cache_mode=(null), netid=0; mark=0
D/libc-netbsd( 7590): [getaddrinfo]: ai_addrlen=0; ai_canonname=(null); ai_flags=4; ai_family=0
D/libc-netbsd( 7590): [getaddrinfo]: hostname=hdwg.jieshunpay.cn; servname=(null); cache_mode=(null), netid=0; mark=0
D/libc-netbsd( 7590): [getaddrinfo]: ai_addrlen=0; ai_canonname=(null); ai_flags=1024; ai_family=0
D/libc-netbsd(  295): [getaddrinfo]: hostname=hdwg.jieshunpay.cn; servname=(null); cache_mode=local, netid=102; mark=917606
D/libc-netbsd(  295): [getaddrinfo]: ai_addrlen=0; ai_canonname=(null); ai_flags=1024; ai_family=0
D/libc-netbsd(  295): default dns: query_ipv6=0, query_ipv4=1
D/libc-netbsd(  295): res_queryN name = hdwg.jieshunpay.cn, class = 1, type = 1
D/libc-netbsd(  295): netid=102, dns0:202.96.134.133
D/libc-netbsd(  295): netid=102, dns1:202.96.128.166
D/libc-netbsd(  295): netid=102, dns2:8.8.8.8
D/libc-netbsd(  295): res_queryN name = hdwg.jieshunpay.cn succeed
D/libc-netbsd( 7590): getaddrinfo: hdwg.jieshunpay.cn get result from proxy >>
I/System.out( 7590): propertyValue:true
I/System.out( 7590): [CDS]connect[hdwg.jieshunpay.cn/14.215.135.104:8120] tm:10
I/System.out( 7590): [CDS]EAGAIN in Recvfrom
I/System.out( 7590): [CDS]read byte is 0
W/FragmentManager( 7590): moveToState: Fragment state for UserHomeFragment{7daf2e0 #0 id=0x7f1002e7 android:switcher:2131755751:4} not updated inline; expected state 3 found 2
I/System.out( 7590): [CDS]EAGAIN in Recvfrom
I/System.out( 7590): [CDS]read byte is 0
W/recents.Component( 1041): create a new LoadPlan to load thumbnail -- background
W/recents.Performance( 1041): preload while task Change spend : 3
W/System.err( 7590): java.lang.UnsatisfiedLinkError: dalvik.system.PathClassLoader[DexPathList[[zip file "/data/app/com.jieshun.jslife-1/base.apk", dex file "/data/app/com.jieshun.jslife-1/base.apk"],nativeLibraryDirectories=[/data/app/com.jieshun.jslife-1/lib/arm, /vendor/lib, /system/lib]]] couldn't find "libjgemucheck.so"
W/System.err( 7590): 	at java.lang.Runtime.loadLibrary(Runtime.java:367)
W/System.err( 7590): 	at java.lang.System.loadLibrary(System.java:988)
W/System.err( 7590): 	at com.qihoo.jg.envcheck.EmuCheck.<clinit>(EmuCheck.java:10)
W/System.err( 7590): 	at com.qihoo.jg.envcheck.EmuCheck.check(Native Method)
W/System.err( 7590): 	at com.qihoo.jg.envcheck.EnvCheck.isEmulator(EnvCheck.java:19)
I/PerfService(  877): PerfServiceNative_boostDisableAsync:5
I/libPerfService(  877): 5: set: 1
I/libPerfService(  877): 5: set freq: 0
D/libc-netbsd(  295): netid=102, dns0:202.96.134.133
D/libc-netbsd(  295): netid=