--------- beginning of system
I/ActivityManager(  866): Killing 3901:com.mediatek.batterywarning/1000 (adj 15): empty #17
W/ContextImpl( 1639): Calling a method in the system process without a qualified user: android.app.ContextImpl.startService:1863 android.content.ContextWrapper.startService:516 android.content.ContextWrapper.startService:516 com.meizu.dataservice.ExperienceReceiver.a:-1 com.meizu.dataservice.ExperienceReceiver.onReceive:-1 
W/ContextImpl( 1773): Calling a method in the system process without a qualified user: android.app.ContextImpl.startService:1863 android.content.ContextWrapper.startService:516 android.content.ContextWrapper.startService:516 com.meizu.networkmanager.c.r.a:25 com.meizu.networkmanager.boradcast.TrafficGlobalReceiver$2.run:244 
I/NetworkStatsRecorder(  866): recordSnapshotLocked: ident[[{type=WIFI, subType=COMBINED, networkId=chaozhouniurouwan}]]
W/NetworkStatsRecorder(  866): unknown interfaces [lo, p2p0], ignoring those stats
I/NetworkStatsRecorder(  866): recordSnapshotLocked: ident[[{type=WIFI, subType=COMBINED, networkId=chaozhouniurouwan}]]
W/NetworkStatsRecorder(  866): unknown interfaces [lo, p2p0], ignoring those stats
I/NetworkStatsRecorder(  866): recordSnapshotLocked: ident[[{type=WIFI, subType=COMBINED, networkId=chaozhouniurouwan}]]
I/NetworkStatsRecorder(  866): recordSnapshotLocked: ident[[{type=WIFI, subType=COMBINED, networkId=chaozhouniurouwan}]]
I/NetworkStatsRecorder(  866): recordSnapshotLocked: ident[[{type=WIFI, subType=COMBINED, networkId=chaozhouniurouwan}]]
I/NetworkStatsRecorder(  866): recordSnapshotLocked: ident[[{type=WIFI, subType=COMBINED, networkId=chaozhouniurouwan}]]
I/NetworkStatsRecorder(  866): recordSnapshotLocked: ident[[{type=WIFI, subType=COMBINED, networkId=chaozhouniurouwan}]]
I/NetworkStatsRecorder(  866): recordSnapshotLocked: ident[[{type=WIFI, subType=COMBINED, networkId=chaozhouniurouwan}]]
W/NetworkStatsRecorder(  866): unknown interfaces [lo, p2p0], ignoring those stats
I/NetworkStatsRecorder(  866): recordSnapshotLocked: ident[[{type=WIFI, subType=COMBINED, networkId=chaozhouniurouwan}]]
W/NetworkStatsRecorder(  866): unknown interfaces [lo, p2p0], ignoring those stats
I/ActivityManager(  866): Start proc 4562:com.meizu.flyme.weather/u0a81 for broadcast com.meizu.flyme.weather/.WeatherWidgetProvider
W/ActivityManager(  866): getRunningAppProcesses: caller 10009 is using old GET_TASKS but privileged; allowing
W/ActivityManager(  866): Skip forceProcessStateUpTo() to newState 8
I/ActivityManager(  866): Start proc 4586:com.meizu.mstore/u0a38 for broadcast com.meizu.mstore/com.meizu.cloud.app.update.ConditionReceiver
W/ActivityManager(  866): Skip forceProcessStateUpTo() to newState 8
E/Vold    (  274): Failed to find mounted volume for /storage/sdcard1/Android/data/com.meizu.media.music/cache/
W/Vold    (  274): Returning OperationFailed - no handler for errno 0
E/Vold    (  274): Failed to find mounted volume for /storage/sdcard1/Android/data/com.meizu.mstore/cache/
W/Vold    (  274): Returning OperationFailed - no handler for errno 0
I/ActivityManager(  866): Killing 3925:com.mediatek.engineermode/1001 (adj 15): empty #17
I/ActivityManager(  866): Start proc 4639:com.meizu.net.search/u0a76 for broadcast com.meizu.net.search/.hotword.HotWordReceiver
I/ActivityManager(  866): Killing 3955:com.mediatek.hetcomm/u0a52 (adj 15): empty #17
W/ActivityManager(  866): Skip forceProcessStateUpTo() to newState 8
I/ActivityManager(  866): Killing 3987:com.mediatek.thermalmanager/1000 (adj 15): empty #17
I/ActivityManager(  866): Killing 4059:com.meizu.notepaper/u0a69 (adj 15): empty #17
I/ActivityManager(  866): Start proc 4729:com.mediatek.providers.drm/u0a46 for broadcast com.mediatek.providers.drm/.ConnectionChangeReceiver
W/ActivityThread( 1639): ClassLoader.loadClass: The class loader returned by Thread.getContextClassLoader() may fail for processes that host multiple applications. You should explicitly specify a context class loader. For example: Thread.setContextClassLoader(getClass().getClassLoader());
W/ActivityManager(  866): Skip forceProcessStateUpTo() to newState 8
I/ActivityManager(  866): Killing 4088:com.mediatek.omacp/u0a70 (adj 15): empty #17
W/ContextImpl( 1773): Calling a method in the system process without a qualified user: android.app.ContextImpl.startService:1863 android.content.ContextWrapper.startService:516 com.meizu.safe.urlDownload.v2.HmService.a:206 com.meizu.safe.viruscleaner.utils.VirusLibUpdater.onReceive:127 android.app.ActivityThread.handleReceiver:3016 
W/ContextImpl( 1773): Calling a method in the system process without a qualified user: android.app.ContextImpl.bindService:1928 android.content.ContextWrapper.bindService:539 com.meizu.safe.common.e.m.c:108 com.meizu.safe.common.e.m.a:75 com.meizu.safe.viruscleaner.utils.VirusLibUpdater$3.run:228 
W/BroadcastQueue(  866): Permission Denial: broadcasting Intent { act=com.meizu.cloud.pushservice.action.PUSH_SERVICE_START flg=0x10 pkg=com.meizu.mstore } from com.meizu.cloud (pid=3083, uid=10061) is not exported from uid 10038 due to receiver com.meizu.mstore/com.meizu.cloud.pushsdk.SystemReceiver
I/ActivityManager(  866): Start proc 4774:com.android.alarmclock/u0a37 for broadcast com.android.alarmclock/com.meizu.flyme.alarmclock.AlarmInitReceiver
W/ActivityManager(  866): Skip forceProcessStateUpTo() to newState 8
I/ActivityManager(  866): Start proc 4809:com.android.calendar:remote/u0a40 for broadcast com.android.calendar/com.meizu.flyme.calendar.widget.countdown.CountDownWidgetProvider
I/ActivityManager(  866): Killing 4110:com.android.packageinstaller/1000 (adj 15): empty #17
W/ActivityManager(  866): Skip forceProcessStateUpTo() to newState 8
I/ActivityManager(  866): Start proc 4841:com.meizu.filemanager/u0a47 for broadcast com.meizu.filemanager/com.meizu.flyme.filemanager.LocaleChangeReceiver
I/ActivityManager(  866): Killing 4195:com.meizu.media.video/u0a33 (adj 15): empty #17
W/ActivityManager(  866): Skip forceProcessStateUpTo() to newState 8
I/ActivityManager(  866): Killing 3745:com.android.mms/u0a20 (adj 15): empty #17
I/ActivityManager(  866): Start proc 4864:com.meizu.flyme.wallet/u0a35 for broadcast com.meizu.flyme.wallet/.widget.WalletBillWidgetProvider
W/Watchdog(  866): SWT Watchdog after wait current time:62135
W/Watchdog(  866): **Get SF Time **1
W/Watchdog(  866): SWT Watchdog before synchronized:62136
W/Watchdog(  866): SWT Watchdog after synchronized:62136
W/Watchdog(  866): SWT Watchdog before wait timeout:30000
W/Watchdog(  866): SWT Watchdog before wait current time:62136
W/Watchdog(  866): SWT Watchdog before wait start:62136
W/Watchdog(  866): SWT Watchdog before wait CHECK_INTERVAL:30000
W/ActivityManager(  866): Skip forceProcessStateUpTo() to newState 8
W/ResourcesManager( 4864): Asset path '/system/framework/android.test.runner.jar' does not exist or contains no resources.
E/libprocessgroup(  866): failed to kill 1 processes for processgroup 3745
I/ActivityManager(  866): START u0 {act=android.intent.action.MAIN cmp=com.android.settings/.SubSettings (has extras)} from uid 1000 on display 0 from pid 3785
I/WindowManager(  866): Losing focus: Window{3ebccafe u0 com.android.settings/com.android.settings.Settings}
I/WindowManager(  866): Gaining focus: Window{20f92eff u0 com.android.settings/com.android.settings.SubSettings}
I/ActivityManager(  866): Killing 4371:com.meizu.flyme.telecom/u0a49 (adj 15): empty #17
I/ActivityManager(  866): Start proc 4908:com.android.providers.calendar/u0a3 for broadcast com.android.providers.calendar/.CalendarProviderBroadcastReceiver
W/ActivityManager(  866): Skip forceProcessStateUpTo() to newState 8
W/ResourcesManager( 4908): Asset path '/system/framework/android.test.runner.jar' does not exist or contains no resources.
W/ContextImpl( 1639): Calling a method in the system process without a qualified user: android.app.ContextImpl.startService:1863 android.content.ContextWrapper.startService:516 android.content.ContextWrapper.startService:516 com.meizu.dataservice.ExperienceReceiver.a:-1 com.meizu.dataservice.ExperienceReceiver.onReceive:-1 
W/JobServiceContext(  866): verifyCallingUid.154..:[ComponentInfo{com.meizu.mstore/com.meizu.cloud.app.jobscheduler.JobSchedulerService},jId=102,u0,R=(-00:00,2:59:59),N=1,C=false,I=false,F=0,P=false(READY)]
W/JobServiceContext(  866): verifyCallingUid. END
W/JobServiceContext(  866): verifyCallingUid.335..:[ComponentInfo{com.meizu.mstore/com.meizu.cloud.app.jobscheduler.JobSchedulerService},jId=103,u0,R=(-00:00,23:59:59),N=1,C=false,I=false,F=0,P=false(READY)]
W/JobServiceContext(  866): verifyCallingUid. END
W/JobServiceContext(  866): verifyCallingUid.154..:[ComponentInfo{com.meizu.mstore/com.meizu.cloud.app.jobscheduler.JobSchedulerService},jId=102,u0,R=(-00:00,2:59:59),N=1,C=false,I=false,F=0,P=false(READY)]
W/JobServiceContext(  866): verifyCallingUid. END
W/JobServiceContext(  866): closeAndCleanupJobH.154..:[ComponentInfo{com.meizu.mstore/com.meizu.cloud.app.jobscheduler.JobSchedulerService},jId=102,u0,R=(-00:00,2:59:59),N=1,C=false,I=false,F=0,P=false(READY)]
W/JobServiceContext(  866): verifyCallingUid.335..:[ComponentInfo{com.meizu.mstore/com.meizu.cloud.app.jobscheduler.JobSchedulerService},jId=103,u0,R=(-00:00,23:59:59),N=1,C=false,I=false,F=0,P=false(READY)]
W/JobServiceContext(  866): verifyCallingUid. END
I/ActivityManager(  866): Start proc 4947:com.jieshun.jslife/u0a99 for restart
W/JobServiceContext(  866): closeAndCleanupJobH.335..:[ComponentInfo{com.meizu.mstore/com.meizu.cloud.app.jobscheduler.JobSchedulerService},jId=103,u0,R=(-00:00,23:59:59),N=1,C=false,I=false,F=0,P=false(READY)]
W/BroadcastQueue(  866): Permission Denial: broadcasting Intent { act=com.meizu.cloud.pushservice.action.PUSH_SERVICE_START flg=0x10 pkg=com.meizu.mstore } from com.meizu.cloud (pid=3083, uid=10061) is not exported from uid 10038 due to receiver com.meizu.mstore/com.meizu.cloud.pushsdk.SystemReceiver
I/thermal_repeater(  319): oh, setMdTpThreshold (0)Bad file number
I/thermal_repeater(  319): [recvMdThermalInfo] ret=6, strLen=127, (null)
I/thermal_repeater(  319): oh, setMdTpThreshold (0)Bad file number
I/thermal_repeater(  319): [recvMdThermalInfo] ret=6, strLen=127, (null)
I/thermal_repeater(  319): oh, setMdTpThreshold (0)Bad file number
I/thermal_repeater(  319): [recvMdThermalInfo] ret=6, strLen=127, (null)
I/thermal_repeater(  319): oh, queryMdThermalInfo (0)Bad file number
I/thermal_repeater(  319): [recvMdThermalInfo] ret=25, strLen=127,  1, 32767,,, -1, 32767, 2
I/ActivityManager(  866): Killing 4340:com.meizu.mzsimcontacts/u0a66 (adj 15): empty #17
W/ActivityManager(  866): getRunningAppProcesses: caller 10099 does not hold REAL_GET_TASKS; limiting output
W/ActivityManager(  866): getRunningAppProcesses: caller 10099 does not hold REAL_GET_TASKS; limiting output
W/ActivityManager(  866): getRunningAppProcesses: caller 10099 does not hold REAL_GET_TASKS; limiting output
W/ActivityManager(  866): getRunningAppProcesses: caller 10099 does not hold REAL_GET_TASKS; limiting output
W/ActivityManager(  866): getRunningAppProcesses: caller 10099 does not hold REAL_GET_TASKS; limiting output
I/NetworkStatsRecorder(  866): recordSnapshotLocked: ident[[{type=WIFI, subType=COMBINED, networkId=chaozhouniurouwan}]]
W/NetworkStatsRecorder(  866): unknown interfaces [lo, p2p0], ignoring those stats
I/NetworkStatsRecorder(  866): recordSnapshotLocked: ident[[{type=WIFI, subType=COMBINED, networkId=chaozhouniurouwan}]]
W/NetworkStatsRecorder(  866): unknown interfaces [lo, p2p0], ignoring those stats
I/NetworkStatsRecorder(  866): recordSnapshotLocked: ident[[{type=WIFI, subType=COMBINED, networkId=chaozhouniurouwan}]]
I/NetworkStatsRecorder(  866): recordSnapshotLocked: ident[[{type=WIFI, subType=COMBINED, networkId=chaozhouniurouwan}]]
I/NetworkStatsRecorder(  866): recordSnapshotLocked: ident[[{type=WIFI, subType=COMBINED, networkId=chaozhouniurouwan}]]
I/NetworkStatsRecorder(  866): recordSnapshotLocked: ident[[{type=WIFI, subType=COMBINED, networkId=chaozhouniurouwan}]]
I/NetworkStatsRecorder(  866): recordSnapshotLocked: ident[[{type=WIFI, subType=COMBINED, networkId=chaozhouniurouwan}]]
I/NetworkStatsRecorder(  866): recordSnapshotLocked: ident[[{type=WIFI, subType=COMBINED, networkId=chaozhouniurouwan}]]
W/NetworkStatsRecorder(  866): unknown interfaces [lo, p2p0], ignoring those stats
I/NetworkStatsRecorder(  866): recordSnapshotLocked: ident[[{type=WIFI, subType=COMBINED, networkId=chaozhouniurouwan}]]
W/NetworkStatsRecorder(  866): unknown interfaces [lo, p2p0], ignoring those stats
W/ContextImpl(  866): Calling a method in the system process without a qualified user: android.app.ContextImpl.bindService:1928 android.content.ContextWrapper.bindService:539 com.meizu.server.telecom.MzTelecomGlobals.initTelephonyService:102 com.meizu.server.telecom.MzTelecomGlobals.access$000:20 com.meizu.server.telecom.MzTelecomGlobals$1.run:64 
W/ActivityManager(  866): getRunningAppProcesses: caller 10099 does not hold REAL_GET_TASKS; limiting output
I/NetworkIdentity(  866): buildNetworkIdentity:
I/NetworkIdentity(  866): networkId = chaozhouniurouwan
I/ActivityManager(  866): Process com.mediatek.mtklogger (pid 4445) has died
I/ActivityManager(  866): START u0 {act=com.meizu.customizecenter.theme.export flg=0x20000000 pkg=com.meizu.customizecenter cmp=com.meizu.customizecenter/.ExportThemeActivity} from uid 1000 on display 0 from pid 3785
I/WindowManager(  866): Losing focus: Window{20f92eff u0 com.android.settings/com.android.settings.SubSettings}
I/ActivityManager(  866): Start proc 5053:com.meizu.customizecenter/u0a5 for activity com.meizu.customizecenter/.ExportThemeActivity
I/thermal_repeater(  319): oh, queryMdThermalInfo (0)Bad file number
I/thermal_repeater(  319): [recvMdThermalInfo] ret=25, strLen=127,  1, 32767,,, -1, 32767, 2
I/WindowManager(  866): Gaining focus: Window{31fe51ab u0 com.meizu.customizecenter/com.meizu.customizecenter.ExportThemeActivity}
I/NetworkStatsRecorder(  866): recordSnapshotLocked: ident[[{type=WIFI, subType=COMBINED, networkId=chaozhouniurouwan}]]
W/NetworkStatsRecorder(  866): unknown interfaces [lo, p2p0], ignoring those stats
I/NetworkStatsRecorder(  866): recordSnapshotLocked: ident[[{type=WIFI, subType=COMBINED, networkId=chaozhouniurouwan}]]
W/NetworkStatsRecorder(  866): unknown interfaces [lo, p2p0], ignoring those stats
I/NetworkStatsRecorder(  866): recordSnapshotLocked: ident[[{type=WIFI, subType=COMBINED, networkId=chaozhouniurouwan}]]
I/NetworkStatsRecorder(  866): recordSnapshotLocked: ident[[{type=WIFI, subType=COMBINED, networkId=chaozhouniurouwan}]]
I/NetworkStatsRecorder(  866): recordSnapshotLocked: ident[[{type=WIFI, subType=COMBINED, networkId=chaozhouniurouwan}]]
I/NetworkStatsRecorder(  866): recordSnapshotLocked: ident[[{type=WIFI, subType=COMBINED, networkId=chaozhouniurouwan}]]
W/NetworkStatsRecorder(  866): unknown interfaces [lo, p2p0], ignoring those stats
I/NetworkStatsRecorder(  866): recordSnapshotLocked: ident[[{type=WIFI, subType=COMBINED, networkId=chaozhouniurouwan}]]
W/NetworkStatsRecorder(  866): unknown interfaces [lo, p2p0], ignoring those stats
W/ActivityThread( 1676): ClassLoader.loadClass: The class loader returned by Thread.getContextClassLoader() may fail for processes that host multiple applications. You should explicitly specify a context class loader. For example: Thread.setContextClassLoader(getClass().getClassLoader());
I/ActivityManager(  866): START u0 {cmp=com.meizu.customizecenter/.ThemePreviewActivity (has extras)} from uid 10005 on display 0 from pid 5053
I/WindowManager(  866): Losing focus: Window{31fe51ab u0 com.meizu.customizecenter/com.meizu.customizecenter.ExportThemeActivity}
I/WindowManager(  866): Gaining focus: Window{37bbdb5a u0 com.meizu.customizecenter/com.meizu.customizecenter.ThemePreviewActivity}
I/WindowManager(  866): Gaining focus: Window{31fe51ab u0 com.meizu.customizecenter/com.meizu.customizecenter.ExportThemeActivity}
I/thermal_repeater(  319): oh, queryMdThermalInfo (0)Bad file number
I/thermal_repeater(  319): [recvMdThermalInfo] ret=25, strLen=127,  1, 32767,,, -1, 32767, 2
I/ActivityManager(  866): START u0 {cmp=com.meizu.customizecenter/.ThemePreviewActivity (has extras)} from uid 10005 on display 0 from pid 5053
I/WindowManager(  866): Losing focus: Window{31fe51ab u0 com.meizu.customizecenter/com.meizu.customizecenter.ExportThemeActivity}
I/WindowManager(  866): Gaining focus: Window{9e2eaac u0 com.meizu.customizecenter/com.meizu.customizecenter.ThemePreviewActivity}
W/UsbDeviceManager(  866): sys.usb.mtpConnect = noneMTPConnection
I/MountService(  866): isUsbMassStorageEnabled: false
I/ActivityManager(  866): Start proc 5154:com.mediatek.mtklogger/u0a57 for broadcast com.mediatek.mtklogger/.framework.LogReceiver
W/ActivityManager(  866): Skip forceProcessStateUpTo() to newState 8
I/NetworkIdentity(  866): buildNetworkIdentity:
I/NetworkIdentity(  866): networkId = chaozhouniurouwan
I/ActivityManager(  866): Killing 4412:com.meizu.flymecommunication/u0a48 (adj 15): empty #17
I/ActivityManager(  866): START u0 {cmp=com.meizu.customizecenter/.ThemeFullPreviewActivity (has extras)} from uid 10005 on display 0 from pid 5053
I/WindowManager(  866): Losing focus: Window{9e2eaac u0 com.meizu.customizecenter/com.meizu.customizecenter.ThemePreviewActivity}
I/WindowManager(  866): Gaining focus: Window{29cddf4f u0 com.meizu.customizecenter/com.meizu.customizecenter.ThemeFullPreviewActivity}
I/thermal_repeater(  319): oh, queryMdThermalInfo (0)Bad file number
I/thermal_repeater(  319): [recvMdThermalInfo] ret=25, strLen=127,  1, 32767,,, -1, 32767, 2
I/WindowManager(  866): Gaining focus: Window{9e2eaac u0 com.meizu.customizecenter/com.meizu.customizecenter.ThemePreviewActivity}
I/WindowManager(  866): Losing focus: Window{29cddf4f u0 com.meizu.customizecenter/com.meizu.customizecenter.ThemeFullPreviewActivity}
I/ActivityManager(  866): START u0 {cmp=com.meizu.customizecenter/.ThemeFullPreviewActivity (has extras)} from uid 10005 on display 0 from pid 5053
I/WindowManager(  866): Losing focus: Window{9e2eaac u0 com.meizu.customizecenter/com.meizu.customizecenter.ThemePreviewActivity}
I/WindowManager(  866): Gaining focus: Window{1ae6a4e0 u0 com.meizu.customizecenter/com.meizu.customizecenter.ThemeFullPreviewActivity}
I/WindowManager(  866): Gaining focus: Window{9e2eaac u0 com.meizu.customizecenter/com.meizu.customizecenter.ThemePreviewActivity}
I/WindowManager(  866): Losing focus: Window{1ae6a4e0 u0 com.meizu.customizecenter/com.meizu.customizecenter.ThemeFullPreviewActivity}
I/thermal_repeater(  319): oh, queryMdThermalInfo (0)Bad file number
I/thermal_repeater(  319): [recvMdThermalInfo] ret=25, strLen=127,  1, 32767,,, -1, 32767, 2
I/ActivityManager(  866): START u0 {cmp=com.meizu.customizecenter/.ThemeFullPreviewActivity (has extras)} from uid 10005 on display 0 from pid 5053
I/WindowManager(  866): Losing focus: Window{9e2eaac u0 com.meizu.customizecenter/com.meizu.customizecenter.ThemePreviewActivity}
I/WindowManager(  866): Gaining focus: Window{337a2cd1 u0 com.meizu.customizecenter/com.meizu.customizecenter.ThemeFullPreviewActivity}
I/ActivityManager(  866): Process com.mediatek.mtklogger (pid 5154) has died
I/NetworkIdentity(  866): buildNetworkIdentity:
I/NetworkIdentity(  866): networkId = chaozhouniurouwan
I/thermal_repeater(  319): oh, queryMdThermalInfo (0)Bad file number
I/thermal_repeater(  319): [recvMdThermalInfo] ret=25, strLen=127,  1, 32767,,, -1, 32767, 2
I/WindowManager(  866): Gaining focus: Window{9e2eaac u0 com.meizu.customizecenter/com.meizu.customizecenter.ThemePreviewActivity}
I/WindowManager(  866): Losing focus: Window{337a2cd1 u0 com.meizu.customizecenter/com.meizu.customizecenter.ThemeFullPreviewActivity}
W/Watchdog(  866): SWT Watchdog after wait current time:92136
W/Watchdog(  866): **Get SF Time **1
W/Watchdog(  866): SWT Watchdog before synchronized:92136
W/Watchdog(  866): SWT Watchdog after synchronized:92136
W/Watchdog(  866): SWT Watchdog before wait timeout:30000
W/Watchdog(  866): SWT Watchdog before wait current time:92136
W/Watchdog(  866): SWT Watchdog before wait start:92136
W/Watchdog(  866): SWT Watchdog before wait CHECK_INTERVAL:30000
I/thermal_repeater(  319): oh, queryMdThermalInfo (0)Bad file number
I/thermal_repeater(  319): [recvMdThermalInfo] ret=25, strLen=127,  1, 32767,,, -1, 32767, 2
I/ActivityManager(  866): Start proc 5229:android.process.acore/u0a4 for content provider com.android.providers.contacts/.ContactsProvider2
I/WindowManager(  866): Gaining focus: Window{31fe51ab u0 com.meizu.customizecenter/com.meizu.customizecenter.ExportThemeActivity}
I/PowerManagerService(  866): Going to sleep due to power button (uid 1000)...
I/PowerManagerService(  866): Sleeping (uid 1000)...
I/ActivityManager(  866): onWakefulnessChanged: 3
I/StatusBarManagerService(  866): disable by pkg=com.android.systemui
I/WindowManager(  866): Gaining focus: Window{2155a86c u0 StatusBar}
I/WindowManager(  866): Losing focus: Window{31fe51ab u0 com.meizu.customizecenter/com.meizu.customizecenter.ExportThemeActivity}
W/ContextImpl( 1773): Calling a method in the system process without a qualified user: android.app.ContextImpl.startService:1863 android.content.ContextWrapper.startService:516 com.meizu.networkmanager.c.r.a:25 com.meizu.networkmanager.boradcast.b$1$1.run:67 <bottom of call stack> 
I/NetworkStatsRecorder(  866): recordSnapshotLocked: ident[[{type=WIFI, subType=COMBINED, networkId=chaozhouniurouwan}]]
W/NetworkStatsRecorder(  866): unknown interfaces [lo, p2p0], ignoring those stats
I/NetworkStatsRecorder(  866): recordSnapshotLocked: ident[[{type=WIFI, subType=COMBINED, networkId=chaozhouniurouwan}]]
W/NetworkStatsRecorder(  866): unknown interfaces [lo, p2p0], ignoring those stats
I/NetworkStatsRecorder(  866): recordSnapshotLocked: ident[[{type=WIFI, subType=COMBINED, networkId=chaozhouniurouwan}]]
I/NetworkStatsRecorder(  866): recordSnapshotLocked: ident[[{type=WIFI, subType=COMBINED, networkId=chaozhouniurouwan}]]
I/NetworkStatsRecorder(  866): recordSnapshotLocked: ident[[{type=WIFI, subType=COMBINED, networkId=chaozhouniurouwan}]]
I/NetworkStatsRecorder(  866): recordSnapshotLocked: ident[[{type=WIFI, subType=COMBINED, networkId=chaozhouniurouwan}]]
I/NetworkStatsRecorder(  866): recordSnapshotLocked: ident[[{type=WIFI, subType=COMBINED, networkId=chaozhouniurouwan}]]
I/NetworkStatsRecorder(  866): recordSnapshotLocked: ident[[{type=WIFI, subType=COMBINED, networkId=chaozhouniurouwan}]]
I/NetworkStatsRecorder(  866): recordSnapshotLocked: ident[[{type=WIFI, subType=COMBINED, networkId=chaozhouniurouwan}]]
I/NetworkStatsRecorder(  866): recordSnapshotLocked: ident[[{type=WIFI, subType=COMBINED, networkId=chaozhouniurouwan}]]
W/NetworkStatsRecorder(  866): unknown interfaces [lo, p2p0], ignoring those stats
I/NetworkStatsRecorder(  866): recordSnapshotLocked: ident[[{type=WIFI, subType=COMBINED, networkId=chaozhouniurouwan}]]
W/NetworkStatsRecorder(  866): unknown interfaces [lo, p2p0], ignoring those stats
I/NetworkIdentity(  866): buildNetworkIdentity:
I/NetworkIdentity(  866): networkId = chaozhouniurouwan
I/DisplayManagerService(  866): Display device changed: DisplayDeviceInfo{"内置屏幕": uniqueId="local:0", 1080 x 1920, 57.35 fps, supportedRefreshRates [57.35], density 480, 480.0 x 480.0 dpi, appVsyncOff -8000000, presDeadline 26436792, touch INTERNAL, rotation 0, type BUILT_IN, state OFF, subtype 0, FLAG_DEFAULT_DISPLAY, FLAG_ROTATES_WITH_CONTENT, FLAG_SECURE, FLAG_SUPPORTS_PROTECTED_BUFFERS}
I/ActivityManager(  866): onWakefulnessChanged: 0
I/thermal_repeater(  319): oh, queryMdThermalInfo (0)Bad file number
I/thermal_repeater(  319): [recvMdThermalInfo] ret=25, strLen=127,  1, 32767,,, -1, 32767, 2
I/PowerManagerService(  866): Waking up from sleep (uid 1000)...reason:101
I/ActivityManager(  866): onWakefulnessChanged: 1
W/ContextImpl(  866): Calling a method in the system process without a qualified user: android.app.ContextImpl.sendBroadcast:1474 com.android.server.statusbar.StatusBarManagerService.onPanelRevealed:531 com.android.internal.statusbar.IStatusBarService$Stub.onTransact:185 android.os.Binder.execTransact:454 <bottom of call stack> 
I/DisplayPowerController(  866): Blocking screen on until initial contents have been drawn.
I/DisplayManagerService(  866): Display device changed: DisplayDeviceInfo{"内置屏幕": uniqueId="local:0", 1080 x 1920, 57.35 fps, supportedRefreshRates [57.35], density 480, 480.0 x 480.0 dpi, appVsyncOff -8000000, presDeadline 26436792, touch INTERNAL, rotation 0, type BUILT_IN, state ON, subtype 0, FLAG_DEFAULT_DISPLAY, FLAG_ROTATES_WITH_CONTENT, FLAG_SECURE, FLAG_SUPPORTS_PROTECTED_BUFFERS}
I/DisplayPowerController(  866): Unblocked screen on after 383 ms
W/ContextImpl(  866): Calling a method in the system process without a qualified user: android.app.ContextImpl.sendBroadcast:1474 com.android.server.statusbar.StatusBarManagerService.onPanelHidden:555 com.android.internal.statusbar.IStatusBarService$Stub.onTransact:192 android.os.Binder.execTransact:454 <bottom of call stack> 
I/StatusBarManagerService(  866): disable by pkg=com.android.systemui
W/ContextImpl( 1773): Calling a method in the system process without a qualified user: android.app.ContextImpl.startService:1863 android.content.ContextWrapper.startService:516 android.content.ContextWrapper.startService:516 com.meizu.networkmanager.c.r.a:25 com.meizu.networkmanager.boradcast.TrafficGlobalReceiver$2.run:244 
I/WindowManager(  866): Gaining focus: Window{31fe51ab u0 com.meizu.customizecenter/com.meizu.customizecenter.ExportThemeActivity}
I/WindowManager(  866): Losing focus: Window{2155a86c u0 StatusBar}
I/NetworkStatsRecorder(  866): recordSnapshotLocked: ident[[{type=WIFI, subType=COMBINED, networkId=chaozhouniurouwan}]]
W/NetworkStatsRecorder(  866): unknown interfaces [lo, p2p0], ignoring those stats
W/NetworkStatsRecorder(  866): unknown interfaces [lo, p2p0], ignoring those stats
W/NetworkStatsRecorder(  866): unknown interfaces [lo, p2p0], ignoring those stats
W/NetworkStatsRecorder(  866): unknown interfaces [lo, p2p0], ignoring those stats
W/InputMethodManagerService(  866): Window already focused, ignoring focus gain of: com.android.internal.view.IInputMethodClient$Stub$Proxy@27aa9932 attribute=android.view.inputmethod.EditorInfo@cfca683, token = android.os.BinderProxy@2958d7fa
I/ActivityManager(  866): [Background Service Priority Adjustment] Set callerFg as false for service.getFlags():260
I/PowerManagerService(  866): Going to sleep due to power button (uid 1000)...
I/PowerManagerService(  866): Sleeping (uid 1000)...
I/ActivityManager(  866): onWakefulnessChanged: 3
I/StatusBarManagerService(  866): disable by pkg=com.android.systemui
I/WindowManager(  866): Gaining focus: Window{2155a86c u0 StatusBar}
I/WindowManager(  866): Losing focus: Window{31fe51ab u0 com.meizu.customizecenter/com.meizu.customizecenter.ExportThemeActivity}
W/ContextImpl( 1773): Calling a method in the system process without a qualified user: android.app.ContextImpl.startService:1863 android.content.ContextWrapper.startService:516 com.meizu.networkmanager.c.r.a:25 com.meizu.networkmanager.boradcast.b$1$1.run:67 <bottom of call stack> 
I/NetworkStatsRecorder(  866): recordSnapshotLocked: ident[[{type=WIFI, subType=COMBINED, networkId=chaozhouniurouwan}]]
W/NetworkStatsRecorder(  866): unknown interfaces [lo, p2p0], ignoring those stats
I/NetworkStatsRecorder(  866): recordSnapshotLocked: ident[[{type=WIFI, subType=COMBINED, networkId=chaozhouniurouwan}]]
W/NetworkStatsRecorder(  866): unknown interfaces [lo, p2p0], ignoring those stats
I/NetworkStatsRecorder(  866): recordSnapshotLocked: ident[[{type=WIFI, subType=COMBINED, networkId=chaozhouniurouwan}]]
W/NetworkStatsRecorder(  866): unknown interfaces [lo, p2p0], ignoring those stats
W/NetworkStatsRecorder(  866): unknown interfaces [lo, p2p0], ignoring those stats
I/DisplayManagerService(  866): Display device changed: DisplayDeviceInfo{"内置屏幕": uniqueId="local:0", 1080 x 1920, 57.35 fps, supportedRefreshRates [57.35], density 480, 480.0 x 480.0 dpi, appVsyncOff -8000000, presDeadline 26436792, touch INTERNAL, rotation 0, type BUILT_IN, state OFF, subtype 0, FLAG_DEFAULT_DISPLAY, FLAG_ROTATES_WITH_CONTENT, FLAG_SECURE, FLAG_SUPPORTS_PROTECTED_BUFFERS}
I/ActivityManager(  866): onWakefulnessChanged: 0
I/PowerManagerService(  866): Waking up from sleep (uid 1000)...reason:101
I/ActivityManager(  866): onWakefulnessChanged: 1
W/ContextImpl(  866): Calling a method in the system process without a qualified user: android.app.ContextImpl.sendBroadcast:1474 com.android.server.statusbar.StatusBarManagerService.onPanelRevealed:531 com.android.internal.statusbar.IStatusBarService$Stub.onTransact:185 android.os.Binder.execTransact:454 <bottom of call stack> 
I/DisplayPowerController(  866): Blocking screen on until initial contents have been drawn.
I/thermal_repeater(  319): oh, queryMdThermalInfo (0)Bad file number
I/thermal_repeater(  319): [recvMdThermalInfo] ret=25, strLen=127,  1, 32767,,, -1, 32767, 2
I/DisplayManagerService(  866): Display device changed: DisplayDeviceInfo{"内置屏幕": uniqueId="local:0", 1080 x 1920, 57.35 fps, supportedRefreshRates [57.35], density 480, 480.0 x 480.0 dpi, appVsyncOff -8000000, presDeadline 26436792, touch INTERNAL, rotation 0, type BUILT_IN, state ON, subtype 0, FLAG_DEFAULT_DISPLAY, FLAG_ROTATES_WITH_CONTENT, FLAG_SECURE, FLAG_SUPPORTS_PROTECTED_BUFFERS}
I/DisplayPowerController(  866): Unblocked screen on after 448 ms
W/StatusBar( 1043): removeFakeNotificationViews()---removeNotification for unknown pkg: com.meizu.account
W/ContextImpl(  866): Calling a method in the system process without a qualified user: android.app.ContextImpl.sendBroadcast:1474 com.android.server.statusbar.StatusBarManagerService.onPanelHidden:555 com.android.internal.statusbar.IStatusBarService$Stub.onTransact:192 android.os.Binder.execTransact:454 <bottom of call stack> 
I/StatusBarManagerService(  866): disable by pkg=com.android.systemui
W/ContextImpl( 1773): Calling a method in the system process without a qualified user: android.app.ContextImpl.startService:1863 android.content.ContextWrapper.startService:516 android.content.ContextWrapper.startService:516 com.meizu.networkmanager.c.r.a:25 com.meizu.networkmanager.boradcast.TrafficGlobalReceiver$2.run:244 
I/WindowManager(  866): Gaining focus: Window{31fe51ab u0 com.meizu.customizecenter/com.meizu.customizecenter.ExportThemeActivity}
I/WindowManager(  866): Losing focus: Window{2155a86c u0 StatusBar}
I/NetworkStatsRecorder(  866): recordSnapshotLocked: ident[[{type=WIFI, subType=COMBINED, networkId=chaozhouniurouwan}]]
W/NetworkStatsRecorder(  866): unknown interfaces [lo, p2p0], ignoring those stats
I/NetworkStatsRecorder(  866): recordSnapshotLocked: ident[[{type=WIFI, subType=COMBINED, networkId=chaozhouniurouwan}]]
W/NetworkStatsRecorder(  866): unknown interfaces [lo, p2p0], ignoring those stats
I/NetworkStatsRecorder(  866): recordSnapshotLocked: ident[[{type=WIFI, subType=COMBINED, networkId=chaozhouniurouwan}]]
I/NetworkStatsRecorder(  866): recordSnapshotLocked: ident[[{type=WIFI, subType=COMBINED, networkId=chaozhouniurouwan}]]
I/NetworkStatsRecorder(  866): recordSnapshotLocked: ident[[{type=WIFI, subType=COMBINED, networkId=chaozhouniurouwan}]]
W/NetworkStatsRecorder(  866): unknown interfaces [lo, p2p0], ignoring those stats
W/NetworkStatsRecorder(  866): unknown interfaces [lo, p2p0], ignoring those stats
W/InputMethodManagerService(  866): Window already focused, ignoring focus gain of: com.android.internal.view.IInputMethodClient$Stub$Proxy@1255ea53 attribute=android.view.inputmethod.EditorInfo@b2c3f90, token = android.os.BinderProxy@2958d7fa
I/thermal_repeater(  319): oh, queryMdThermalInfo (0)Bad file number
I/thermal_repeater(  319): [recvMdThermalInfo] ret=25, strLen=127,  1, 32767,,, -1, 32767, 2
I/thermal_repeater(  319): oh, queryMdThermalInfo (0)Bad file number
I/thermal_repeater(  319): [recvMdThermalInfo] ret=25, strLen=127,  1, 32767,,, -1, 32767, 2
I/WindowManager(  866): Losing focus: Window{31fe51ab u0 com.meizu.customizecenter/com.meizu.customizecenter.ExportThemeActivity}
I/WindowManager(  866): Gaining focus: Window{20f92eff u0 com.android.settings/com.android.settings.SubSettings}
I/ActivityManager(  866): Killing 4169:com.mediatek.systemupdate/u0a78 (adj 15): empty #17
I/ActivityManager(  866): START u0 {act=com.meizu.customizecenter.wallpaper.export flg=0x20000000 cmp=com.meizu.customizecenter/.ExportWallpaperActivity} from uid 1000 on display 0 from pid 3785
I/WindowManager(  866): Losing focus: Window{20f92eff u0 com.android.settings/com.android.settings.SubSettings}
I/WindowManager(  866): Gaining focus: Window{287e0e43 u0 com.meizu.customizecenter/com.meizu.customizecenter.ExportWallpaperActivity}
I/ActivityManager(  866): START u0 {cmp=com.meizu.customizecenter/.modules.wallpaperPreview.view.ApplyWallpaperActivity (has extras)} from uid 10005 on display 0 from pid 5053
I/WindowManager(  866): Losing focus: Window{287e0e43 u0 com.meizu.customizecenter/com.meizu.customizecenter.ExportWallpaperActivity}
I/WindowManager(  866): Gaining focus: Window{31e0b331 u0 com.meizu.customizecenter/com.meizu.customizecenter.modules.wallpaperPreview.view.ApplyWallpaperActivity}
I/thermal_repeater(  319): oh, queryMdThermalInfo (0)Bad file number
I/thermal_repeater(  319): [recvMdThermalInfo] ret=25, strLen=127,  1, 32767,,, -1, 32767, 2
W/Watchdog(  866): SWT Watchdog after wait current time:122137
W/Watchdog(  866): **Get SF Time **1
W/Watchdog(  866): SWT Watchdog before synchronized:122137
W/Watchdog(  866): SWT Watchdog after synchronized:122137
W/Watchdog(  866): SWT Watchdog before wait timeout:30000
W/Watchdog(  866): SWT Watchdog before wait current time:122137
W/Watchdog(  866): SWT Watchdog before wait start:122137
W/Watchdog(  866): SWT Watchdog before wait CHECK_INTERVAL:30000
I/thermal_repeater(  319): oh, queryMdThermalInfo (0)Bad file number
I/thermal_repeater(  319): [recvMdThermalInfo] ret=25, strLen=127,  1, 32767,,, -1, 32767, 2
I/WindowManager(  866): Gaining focus: Window{287e0e43 u0 com.meizu.customizecenter/com.meizu.customizecenter.ExportWallpaperActivity}
I/WindowManager(  866): Losing focus: Window{287e0e43 u0 com.meizu.customizecenter/com.meizu.customizecenter.ExportWallpaperActivity}
I/WindowManager(  866): Gaining focus: Window{20f92eff u0 com.android.settings/com.android.settings.SubSettings}
I/thermal_repeater(  319): oh, queryMdThermalInfo (0)Bad file number
I/thermal_repeater(  319): [recvMdThermalInfo] ret=25, strLen=127,  1, 32767,,, -1, 32767, 2
I/ActivityManager(  866): START u0 {flg=0x10804000 cmp=com.android.systemui/com.flyme.systemui.recents.RecentsEmptyActivity} from uid 10032 on display 0 from pid 1043
I/WindowManager(  866): Losing focus: Window{20f92eff u0 com.android.settings/com.android.settings.SubSettings}
I/WindowManager(  866): Gaining focus: Window{2db5057f u0 com.android.systemui/com.flyme.systemui.recents.RecentsEmptyActivity}
I/ActivityManager(  866): Killing 4729:com.mediatek.providers.drm/u0a46 (adj 15): empty #17
I/ActivityManager(  866): Killing 4774:com.android.alarmclock/u0a37 (adj 15): empty #18
I/ActivityManager(  866): START u0 {act=android.intent.action.MAIN cat=[android.intent.category.HOME] flg=0x10200000 cmp=com.meizu.flyme.launcher/.Launcher} from uid 10032 on display 0 from pid 1043
I/WindowManager(  866): Losing focus: Window{2db5057f u0 com.android.systemui/com.flyme.systemui.recents.RecentsEmptyActivity}
I/WindowManager(  866): Gaining focus: Window{322460b7 u0 com.meizu.flyme.launcher/com.meizu.flyme.launcher.Launcher}
I/ActivityManager(  866): START u0 {flg=0x10804000 cmp=com.android.systemui/com.flyme.systemui.recents.RecentsEmptyActivity} from uid 10032 on display 0 from pid 1043
I/WindowManager(  866): Losing focus: Window{322460b7 u0 com.meizu.flyme.launcher/com.meizu.flyme.launcher.Launcher}
I/WindowManager(  866): Gaining focus: Window{3851de26 u0 com.android.systemui/com.flyme.systemui.recents.RecentsEmptyActivity}
I/WindowManager(  866): Losing focus: Window{3851de26 u0 com.android.systemui/com.flyme.systemui.recents.RecentsEmptyActivity}
I/WindowManager(  866): Gaining focus: Window{322460b7 u0 com.meizu.flyme.launcher/com.meizu.flyme.launcher.Launcher}
I/ActivityManager(  866): Force stopping com.meizu.filemanager appid=10047 user=0: from pid 1043
I/ActivityManager(  866): Killing 4841:com.meizu.filemanager/u0a47 (adj 15): stop com.meizu.filemanager
I/ActivityManager(  866): Force stopping com.meizu.desktopbackup appid=10045 user=0: from pid 1043
I/ActivityManager(  866): Killing 3409:com.meizu.desktopbackup/u0a45 (adj 5): stop com.meizu.desktopbackup
W/ActivityManager(  866): Scheduling restart of crashed service com.meizu.desktopbackup/com.meizu.backup.compontent.BackupRestoreService in 1000ms
I/ActivityManager(  866):   Force stopping service ServiceRecord{396c16b0 u0 com.meizu.desktopbackup/com.meizu.backup.compontent.BackupRestoreService}
I/ActivityManager(  866): Force stopping com.meizu.customizecenter appid=10005 user=0: from pid 1043
I/ActivityManager(  866): Killing 5053:com.meizu.customizecenter/u0a5 (adj 9): stop com.meizu.customizecenter
I/ActivityManager(  866): Killing 1498:com.meizu.location/u0a18 (adj 1): user remove in Recents, killPid by 0
I/ActivityManager(  866): Force stopping com.meizu.flyme.wallet appid=10035 user=0: from pid 1043
I/ActivityManager(  866): Killing 4864:com.meizu.flyme.wallet/u0a35 (adj 13): stop com.meizu.flyme.wallet
I/ActivityManager(  866): Killing 2481:com.meizu.flyme.service.find/u0a64 (adj 5): user remove in Recents, killPid by 0
I/ActivityManager(  866): Force stopping com.jieshun.jslife appid=10099 user=0: from pid 1043
I/ActivityManager(  866): Killing 4947:com.jieshun.jslife/u0a99 (adj 4): stop com.jieshun.jslife
W/ActivityManager(  866): Scheduling restart of crashed service com.jieshun.jslife/.service.XMPPService in 1000ms
W/ActivityManager(  866): Scheduling restart of crashed service com.jieshun.jslife/.service.BluetoothLeService in 139314ms
W/ActivityManager(  866): Scheduling restart of crashed service com.jieshun.jslife/.service.NetworkStateService in 1000ms
I/ActivityManager(  866):   Force stopping service ServiceRecord{1a80f7cf u0 com.jieshun.jslife/.service.BluetoothLeService}
I/ActivityManager(  866):   Force stopping service ServiceRecord{246db48 u0 com.jieshun.jslife/.service.NetworkStateService}
I/ActivityManager(  866): Killing 4300:com.meizu.sceneinfo/u0a29 (adj 13): user remove in Recents, killPid by 0
I/ActivityManager(  866): Killing 4562:com.meizu.flyme.weather/u0a81 (adj 9): user remove in Recents, killPid by 0
I/ActivityManager(  866): Force stopping com.meizu.net.search appid=10076 user=0: from pid 1043
I/ActivityManager(  866): Killing 4639:com.meizu.net.search/u0a76 (adj 9): stop com.meizu.net.search
I/ActivityManager(  866): Force stopping com.meizu.media.music appid=10021 user=0: from pid 1043
I/ActivityManager(  866): Killing 4510:com.meizu.media.music/u0a21 (adj 0): stop com.meizu.media.music
W/ActivityManager(  866): Scheduling restart of crashed service com.meizu.media.music/.support.MusicSupportService in 1000ms
I/ActivityManager(  866):   Force stopping service ServiceRecord{291fe06b u0 com.meizu.media.music/.support.MusicSupportService}
W/ActivityManager(  866): Scheduling restart of crashed service com.meizu.flyme.service.find/.PhoneLocationService in 1000ms
W/ActivityManager(  866): Scheduling restart of crashed service com.meizu.location/.NetworkLocationService in 10979ms
W/ActivityManager(  866): Scheduling restart of crashed service com.meizu.location/.service.UpdateService in 20979ms
W/ActivityManager(  866): Scheduling restart of crashed service com.meizu.location/.GeocodeService in 30979ms
I/libprocessgroup(  866): Killing pid 4993 in uid 10099 as part of process group 4947
I/libprocessgroup(  866): Killing pid 4993 in uid 10099 as part of process group 4947
I/thermal_repeater(  319): oh, queryMdThermalInfo (0)Bad file number
I/thermal_repeater(  319): [recvMdThermalInfo] ret=25, strLen=127,  1, 32767,,, -1, 32767, 2
I/libprocessgroup(  866): Killing pid 4993 in uid 10099 as part of process group 4947
I/ActivityManager(  866): Start proc 5355:com.meizu.flyme.service.find/u0a64 for service com.meizu.flyme.service.find/.PhoneLocationService
I/ActivityManager(  866): [Background Service Priority Adjustment] Process.setProcessGroup to Process.THREAD_GROUP_BG_NONINTERACTIVE, app.pid: 5355
I/ActivityManager(  866): START u0 {act=android.intent.action.MAIN cat=[android.intent.category.LAUNCHER] flg=0x10200000 cmp=com.android.settings/.Settings bnds=[798,672][1056,960]} from uid 10013 on display 0 from pid 1702
I/WindowManager(  866): Losing focus: Window{322460b7 u0 com.meizu.flyme.launcher/com.meizu.flyme.launcher.Launcher}
I/WindowManager(  866): Gaining focus: Window{1446d31f u0 com.android.settings/com.android.settings.Settings}
I/ActivityManager(  866): START u0 {act=android.intent.action.MAIN cmp=com.android.settings/.SubSettings (has extras)} from uid 1000 on display 0 from pid 3785
I/WindowManager(  866): Losing focus: Window{1446d31f u0 com.android.settings/com.android.settings.Settings}
I/WindowManager(  866): Gaining focus: Window{2842ba1b u0 com.android.settings/com.android.settings.SubSettings}
I/thermal_repeater(  319): oh, queryMdThermalInfo (0)Bad file number
I/thermal_repeater(  319): [recvMdThermalInfo] ret=25, strLen=127,  1, 32767,,, -1, 32767, 2
I/ActivityManager(  866): START u0 {act=com.meizu.customizecenter.wallpaper.export flg=0x20000000 cmp=com.meizu.customizecenter/.ExportWallpaperActivity} from uid 1000 on display 0 from pid 3785
I/WindowManager(  866): Losing focus: Window{2842ba1b u0 com.android.settings/com.android.settings.SubSettings}
I/ActivityManager(  866): Start proc 5409:com.meizu.customizecenter/u0a5 for activity com.meizu.customizecenter/.ExportWallpaperActivity
I/WindowManager(  866): Gaining focus: Window{1ff7017e u0 com.meizu.customizecenter/com.meizu.customizecenter.ExportWallpaperActivity}
I/ActivityManager(  866): START u0 {cmp=com.meizu.customizecenter/.modules.wallpaperPreview.view.ApplyWallpaperActivity (has extras)} from uid 10005 on display 0 from pid 5409
I/WindowManager(  866): Losing focus: Window{1ff7017e u0 com.meizu.customizecenter/com.meizu.customizecenter.ExportWallpaperActivity}
I/WindowManager(  866): Gaining focus: Window{3a416fc7 u0 com.meizu.customizecenter/com.meizu.customizecenter.modules.wallpaperPreview.view.ApplyWallpaperActivity}
I/thermal_repeater(  319): oh, queryMdThermalInfo (0)Bad file number
I/thermal_repeater(  319): [recvMdThermalInfo] ret=25, strLen=127,  1, 32767,,, -1, 32767, 2
I/ActivityManager(  866): Start proc 5495:com.meizu.location/u0a18 for service com.meizu.location/.NetworkLocationService
I/ActivityManager(  866): [Background Service Priority Adjustment] Process.setProcessGroup to Process.THREAD_GROUP_BG_NONINTERACTIVE, app.pid: 5495
W/ResourcesManager( 5495): Asset path '/system/framework/com.android.location.provider.jar' does not exist or contains no resources.
I/NetworkIdentity(  866): buildNetworkIdentity:
I/NetworkIdentity(  866): networkId = chaozhouniurouwan
I/thermal_repeater(  319): oh, queryMdThermalInfo (0)Bad file number
I/thermal_repeater(  319): [recvMdThermalInfo] ret=25, strLen=127,  1, 32767,,, -1, 32767, 2
W/Watchdog(  866): SWT Watchdog after wait current time:152137
W/Watchdog(  866): **Get SF Time **1
W/Watchdog(  866): SWT Watchdog before synchronized:152138
W/Watchdog(  866): SWT Watchdog after synchronized:152138
W/Watchdog(  866): SWT Watchdog before wait timeout:30000
W/Watchdog(  866): SWT Watchdog before wait current time:152138
W/Watchdog(  866): SWT Watchdog before wait start:152138
W/Watchdog(  866): SWT Watchdog before wait CHECK_INTERVAL:30000
W/ContextImpl( 1639): Calling a method in the system process without a qualified user: android.app.ContextImpl.startService:1863 android.content.ContextWrapper.startService:516 android.content.ContextWrapper.startService:516 com.meizu.dataservice.ExperienceReceiver.a:-1 com.meizu.dataservice.ExperienceReceiver.onReceive:-1 
I/thermal_repeater(  319): oh, queryMdThermalInfo (0)Bad file number
I/thermal_repeater(  319): [recvMdThermalInfo] ret=25, strLen=127,  1, 32767,,, -1, 32767, 2
W/WallpaperManagerService(  866): onServiceConnected(): ComponentInfo{com.android.systemui/com.android.systemui.ImageWallpaper}
W/ContextImpl(  866): Calling a method in the system process without a qualified user: android.app.ContextImpl.sendBroadcast:1474 com.android.server.wallpaper.FlymeWallpaperService.notifyLockWallpaperChangeLocked:188 com.android.server.wallpaper.WallpaperManagerService$WallpaperObserver.onEvent:186 android.os.FileObserver$ObserverThread.onEvent:122 android.os.FileObserver$ObserverThread.observe:-2 
I/PowerManagerService(  866): acquireWakeLockInternal: lock=518220070, packageName=android, activeSince=155743ms, wakeLock={SCREEN_BRIGHT_WAKE_LOCK        'WindowManager' ON_AFTER_RELEASE (uid=1000, pid=866, ws=WorkSource{10005})}, sleepTimeout=-1ms, screenOffTimeout=60000ms,screenDimDuration=7000ms
W/ContextImpl( 1773): Calling a method in the system process without a qualified user: android.app.ContextImpl.startService:1863 android.content.ContextWrapper.startService:516 com.meizu.networkmanager.c.r.a:25 com.meizu.networkmanager.i.y.a:101 com.meizu.networkmanager.i.y.a:91 
I/ActivityManager(  866): Start proc 5587:com.meizu.flyme.weather/u0a81 for broadcast com.meizu.flyme.weather/.WeatherWidgetProvider
I/NetworkStatsRecorder(  866): recordSnapshotLocked: ident[[{type=WIFI, subType=COMBINED, networkId=chaozhouniurouwan}]]
W/NetworkStatsRecorder(  866): unknown interfaces [lo, p2p0], ignoring those stats
I/NetworkStatsRecorder(  866): recordSnapshotLocked: ident[[{type=WIFI, subType=COMBINED, networkId=chaozhouniurouwan}]]
W/NetworkStatsRecorder(  866): unknown interfaces [lo, p2p0], ignoring those stats
I/NetworkStatsRecorder(  866): recordSnapshotLocked: ident[[{type=WIFI, subType=COMBINED, networkId=chaozhouniurouwan}]]
I/NetworkStatsRecorder(  866): recordSnapshotLocked: ident[[{type=WIFI, subType=COMBINED, networkId=chaozhouniurouwan}]]
I/NetworkStatsRecorder(  866): recordSnapshotLocked: ident[[{type=WIFI, subType=COMBINED, networkId=chaozhouniurouwan}]]
I/NetworkStatsRecorder(  866): recordSnapshotLocked: ident[[{type=WIFI, subType=COMBINED, networkId=chaozhouniurouwan}]]
I/NetworkStatsRecorder(  866): recordSnapshotLocked: ident[[{type=WIFI, subType=COMBINED, networkId=chaozhouniurouwan}]]
I/NetworkStatsRecorder(  866): recordSnapshotLocked: ident[[{type=WIFI, subType=COMBINED, networkId=chaozhouniurouwan}]]
I/NetworkStatsRecorder(  866): recordSnapshotLocked: ident[[{type=WIFI, subType=COMBINED, networkId=chaozhouniurouwan}]]
I/NetworkStatsRecorder(  866): recordSnapshotLocked: ident[[{type=WIFI, subType=COMBINED, networkId=chaozhouniurouwan}]]
I/NetworkStatsRecorder(  866): recordSnapshotLocked: ident[[{type=WIFI, subType=COMBINED, networkId=chaozhouniurouwan}]]
I/NetworkStatsRecorder(  866): recordSnapshotLocked: ident[[{type=WIFI, subType=COMBINED, networkId=chaozhouniurouwan}]]
I/NetworkStatsRecorder(  866): recordSnapshotLocked: ident[[{type=WIFI, subType=COMBINED, networkId=chaozhouniurouwan}]]
W/NetworkStatsRecorder(  866): unknown interfaces [lo, p2p0], ignoring those stats
W/NetworkStatsRecorder(  866): unknown interfaces [lo, p2p0], ignoring those stats
W/ActivityManager(  866): Skip forceProcessStateUpTo() to newState 8
I/PowerManagerService(  866): releaseWakeLockInternal: lock=518220070, packageName=android, flags=0x0, total_time=2008ms, wakeLock={SCREEN_BRIGHT_WAKE_LOCK        'WindowManager' ON_AFTER_RELEASE (uid=1000, pid=866, ws=WorkSource{10005})}, sleepTimeout=-1ms, screenOffTimeout=60000ms,screenDimDuration=7000ms
I/PowerManagerService(  866): acquireWakeLockInternal: lock=518220070, packageName=android, activeSince=158113ms, wakeLock={SCREEN_BRIGHT_WAKE_LOCK        'WindowManager' ON_AFTER_RELEASE (uid=1000, pid=866, ws=WorkSource{10005})}, sleepTimeout=-1ms, screenOffTimeout=60000ms,screenDimDuration=7000ms
I/PowerManagerService(  866): releaseWakeLockInternal: lock=518220070, packageName=android, flags=0x0, total_time=9ms, wakeLock={SCREEN_BRIGHT_WAKE_LOCK        'WindowManager' ON_AFTER_RELEASE (uid=1000, pid=866, ws=WorkSource{10005})}, sleepTimeout=-1ms, screenOffTimeout=60000ms,screenDimDuration=7000ms
I/thermal_repeater(  319): oh, queryMdThermalInfo (0)Bad file number
I/thermal_repeater(  319): [recvMdThermalInfo] ret=25, strLen=127,  1, 32767,,, -1, 32767, 2
I/ActivityManager(  866): START u0 {flg=0x10804000 cmp=com.android.systemui/com.flyme.systemui.recents.RecentsEmptyActivity} from uid 10032 on display 0 from pid 1043
I/WindowManager(  866): Losing focus: Window{3a416fc7 u0 com.meizu.customizecenter/com.meizu.customizecenter.modules.wallpaperPreview.view.ApplyWallpaperActivity}
I/WindowManager(  866): Gaining focus: Window{30cdcc29 u0 com.android.systemui/com.flyme.systemui.recents.RecentsEmptyActivity}
I/ActivityManager(  866): START u0 {act=android.intent.action.MAIN cat=[android.intent.category.HOME] flg=0x10200000 cmp=com.meizu.flyme.launcher/.Launcher} from uid 10032 on display 0 from pid 1043
I/WindowManager(  866): Losing focus: Window{30cdcc29 u0 com.android.systemui/com.flyme.systemui.recents.RecentsEmptyActivity}
