I/EMDLOGGER1(  780): [MDLOG] [stats][mux] MCU : data:0x23f10 last:0x53f639; DSP : data:0x0 last:0x0; 
I/EMDLOGGER1(  780): MDL rate:29 KB/s, full count:0
I/thermal_repeater(  322): oh, queryMdThermalInfo (0)Bad file number
I/thermal_repeater(  322): [recvMdThermalInfo] ret=25, strLen=127,  1, 32767,,, -1, 32767, 2
I/AudioFlinger(  304): setParameters(): io 0, keyvalue mediaserver_monitor=1, calling pid 881
W/AudioALSAHardware(  304): setParameters(), still have param.size() = 1, remain param = "mediaserver_monitor=1"
I/str_params(  304): key: 'mediaserver_monitor' value: '1'
I/AudioPolicyManager(  304): setStreamVolumeIndex stream = 7 index = 15 device = 0x400
I/EMDLOGGER1(  780): MD writer time out 10 sec.
D/MDLOGGER_CLEAR_LOG(  780): mdlogger clearLog V4.W1442.1
I/MDLOGGER_CLEAR_LOG(  780): clearLogFolder /storage/sdcard0/mtklog/mdlog1 size is 38 M. Recycle size is 600 M,no need clear log
I/thermal_repeater(  322): oh, queryMdThermalInfo (0)Bad file number
I/thermal_repeater(  322): [recvMdThermalInfo] ret=25, strLen=127,  1, 32767,,, -1, 32767, 2
W/MTKLogger(10981): Maybe device was updated from old version, change property to newer one
I/StorageManagerEx(10981): getInternalStoragePath from Property path=/storage/sdcard0
W/MTKLogger(10981): Maybe device was updated from old version, change property to newer one
I/StorageManagerEx(10981): getInternalStoragePath from Property path=/storage/sdcard0
D/EMDLOGGER1(  780): CTRL_reader: incoming SPLM req, msgid=6, token=0, result=0
I/EMDLOGGER1(  780): [MDLOG] [stats][buf] L1 : data:0x18320 last:0x5401a0; (1, 0x3550, 0x5401a0)(3, 0xf2, 0x53fed2)PS : data:0x3642 last:0x5401a0; L2 : data:0x3cd6 last:0x5401a0; 
D/EMDLOGGER1(  780): CTRL_reader: incoming SPLM req, msgid=6, token=0, result=0
I/EMDLOGGER1(  780): [MDLOG] [stats][mux] MCU : data:0x24498 last:0x540085; DSP : data:0x0 last:0x0; 
I/thermal_repeater(  322): oh, queryMdThermalInfo (0)Bad file number
I/thermal_repeater(  322): [recvMdThermalInfo] ret=25, strLen=127,  1, 32767,,, -1, 32767, 2
I/EMDLOGGER1(  780): MDL rate:29 KB/s, full count:0
I/AudioFlinger(  304): setParameters(): io 0, keyvalue mediaserver_monitor=1, calling pid 881
W/AudioALSAHardware(  304): setParameters(), still have param.size() = 1, remain param = "mediaserver_monitor=1"
I/str_params(  304): key: 'mediaserver_monitor' value: '1'
I/AudioPolicyManager(  304): setStreamVolumeIndex stream = 7 index = 15 device = 0x400
I/thermal_repeater(  322): oh, queryMdThermalInfo (0)Bad file number
I/thermal_repeater(  322): [recvMdThermalInfo] ret=25, strLen=127,  1, 32767,,, -1, 32767, 2
I/EMDLOGGER1(  780): MD writer time out 10 sec.
I/thermal_repeater(  322): oh, queryMdThermalInfo (0)Bad file number
I/thermal_repeater(  322): [recvMdThermalInfo] ret=25, strLen=127,  1, 32767,,, -1, 32767, 2
I/EMDLOGGER1(  780): MDL rate:23 KB/s, full count:0
D/EMDLOGGER1(  780): CTRL_reader: incoming SPLM req, msgid=6, token=0, result=0
I/EMDLOGGER1(  780): [MDLOG] [stats][buf] L1 : data:0x12b06 last:0x540b8e; (1, 0x3aa4, 0x540b8e)(3, 0x16b, 0x540a92)PS : data:0x3c0f last:0x540b8e; L2 : data:0x2cc6 last:0x540b8e; 
D/EMDLOGGER1(  780): CTRL_reader: incoming SPLM req, msgid=6, token=0, result=0
I/EMDLOGGER1(  780): [MDLOG] [stats][mux] MCU : data:0x1c25a last:0x540a74; DSP : data:0x0 last:0x0; 
I/AudioFlinger(  304): setParameters(): io 0, keyvalue mediaserver_monitor=1, calling pid 881
W/AudioALSAHardware(  304): setParameters(), still have param.size() = 1, remain param = "mediaserver_monitor=1"
I/str_params(  304): key: 'mediaserver_monitor' value: '1'
I/AudioPolicyManager(  304): setStreamVolumeIndex stream = 7 index = 15 device = 0x400
W/Watchdog(  881): SWT Watchdog after wait current time:27545224
W/Watchdog(  881): **Get SF Time **1
W/Watchdog(  881): SWT Watchdog before synchronized:27545224
W/Watchdog(  881): SWT Watchdog after synchronized:27545224
W/Watchdog(  881): SWT Watchdog before wait timeout:30000
W/Watchdog(  881): SWT Watchdog before wait current time:27545224
W/Watchdog(  881): SWT Watchdog before wait start:27545224
W/Watchdog(  881): SWT Watchdog before wait CHECK_INTERVAL:30000
I/thermal_repeater(  322): oh, queryMdThermalInfo (0)Bad file number
I/thermal_repeater(  322): [recvMdThermalInfo] ret=25, strLen=127,  1, 32767,,, -1, 32767, 2
I/EMDLOGGER1(  780): MD writer time out 10 sec.
I/thermal_repeater(  322): oh, queryMdThermalInfo (0)Bad file number
I/thermal_repeater(  322): [recvMdThermalInfo] ret=25, strLen=127,  1, 32767,,, -1, 32767, 2
I/AudioFlinger(  304): setParameters(): io 0, keyvalue mediaserver_monitor=1, calling pid 881
W/AudioALSAHardware(  304): setParameters(), still have param.size() = 1, remain param = "mediaserver_monitor=1"
I/str_params(  304): key: 'mediaserver_monitor' value: '1'
I/AudioPolicyManager(  304): setStreamVolumeIndex stream = 7 index = 15 device = 0x400
D/MDLOGGER_CLEAR_LOG(  780): mdlogger clearLog V4.W1442.1
I/MDLOGGER_CLEAR_LOG(  780): clearLogFolder /storage/sdcard0/mtklog/mdlog1 size is 39 M. Recycle size is 600 M,no need clear log
D/EMDLOGGER1(  780): CTRL_reader: incoming SPLM req, msgid=6, token=0, result=0
I/EMDLOGGER1(  780): [MDLOG] [stats][buf] L1 : data:0x1c9da last:0x5415ee; (1, 0x34b0, 0x5415ee)(3, 0xf2, 0x541267)PS : data:0x35a2 last:0x5415ee; L2 : data:0x3950 last:0x5415ee; 
D/EMDLOGGER1(  780): CTRL_reader: incoming SPLM req, msgid=6, token=0, result=0
I/EMDLOGGER1(  780): [MDLOG] [stats][mux] MCU : data:0x26708 last:0x54151e; DSP : data:0x0 last:0x0; 
I/thermal_repeater(  322): oh, queryMdThermalInfo (0)Bad file number
I/thermal_repeater(  322): [recvMdThermalInfo] ret=25, strLen=127,  1, 32767,,, -1, 32767, 2
I/EMDLOGGER1(  780): MDL rate:31 KB/s, full count:0
I/thermal_repeater(  322): oh, queryMdThermalInfo (0)Bad file number
I/thermal_repeater(  322): [recvMdThermalInfo] ret=25, strLen=127,  1, 32767,,, -1, 32767, 2
I/EMDLOGGER1(  780): MD writer time out 10 sec.
I/AudioFlinger(  304): setParameters(): io 0, keyvalue mediaserver_monitor=1, calling pid 881
W/AudioALSAHardware(  304): setParameters(), still have param.size() = 1, remain param = "mediaserver_monitor=1"
I/str_params(  304): key: 'mediaserver_monitor' value: '1'
I/AudioPolicyManager(  304): setStreamVolumeIndex stream = 7 index = 15 device = 0x400
E/WifiManagerFlyme( 1344): disableScanInterface exception: java.lang.NoSuchMethodException
E/ActivityManagerFlyme( 1344): getCloneIDFromPid exception java.lang.NoSuchMethodException
E/ActivityManagerFlyme( 1344): getCloneIDFromPid exception java.lang.NoSuchMethodException
E/ActivityManagerFlyme( 1344): getCloneIDFromPid exception java.lang.NoSuchMethodException
E/ActivityManagerFlyme( 1344): getCloneIDFromPid exception java.lang.NoSuchMethodException
E/ActivityManagerFlyme( 1344): getCloneIDFromPid exception java.lang.NoSuchMethodException
E/ActivityManagerFlyme( 1344): getCloneIDFromPid exception java.lang.NoSuchMethodException
E/ActivityManagerFlyme( 1344): getCloneIDFromPid exception java.lang.NoSuchMethodException
W/ContextImpl( 1485): Calling a method in the system process without a qualified user: android.app.ContextImpl.startService:1863 android.content.ContextWrapper.startService:516 com.meizu.networkmanager.monitor.q.a:118 com.meizu.networkmanager.monitor.q.a:62 com.meizu.networkmanager.monitor.q$1.run:69 
E/ActivityManagerFlyme( 1344): getCloneIDFromPid exception java.lang.NoSuchMethodException
E/ActivityManagerFlyme( 1344): getCloneIDFromPid exception java.lang.NoSuchMethodException
E/ActivityManagerFlyme( 1344): getCloneIDFromPid exception java.lang.NoSuchMethodException
E/ActivityManagerFlyme( 1344): getCloneIDFromPid exception java.lang.NoSuchMethodException
E/ActivityManagerFlyme( 1344): getCloneIDFromPid exception java.lang.NoSuchMethodException
E/ActivityManagerFlyme( 1344): getCloneIDFromPid exception java.lang.NoSuchMethodException
E/ActivityManagerFlyme( 1344): getCloneIDFromPid exception java.lang.NoSuchMethodException
E/ActivityManagerFlyme( 1344): getCloneIDFromPid exception java.lang.NoSuchMethodException
E/ActivityManagerFlyme( 1344): getCloneIDFromPid exception java.lang.NoSuchMethodException
E/ActivityManagerFlyme( 1344): getCloneIDFromPid exception java.lang.NoSuchMethodException
E/ActivityManagerFlyme( 1344): getCloneIDFromPid exception java.lang.NoSuchMethodException
E/ActivityManagerFlyme( 1344): getCloneIDFromPid exception java.lang.NoSuchMethodException
E/ActivityManagerFlyme( 1344): getCloneIDFromPid exception java.lang.NoSuchMethodException
E/ActivityManagerFlyme( 1344): getCloneIDFromPid exception java.lang.NoSuchMethodException
E/ActivityManagerFlyme( 1344): getCloneIDFromPid exception java.lang.NoSuchMethodException
E/ActivityManagerFlyme( 1344): getCloneIDFromPid exception java.lang.NoSuchMethodException
E/ActivityManagerFlyme( 1344): getCloneIDFromPid exception java.lang.NoSuchMethodException
E/ActivityManagerFlyme( 1344): getCloneIDFromPid exception java.lang.NoSuchMethodException
E/ActivityManagerFlyme( 1344): getCloneIDFromPid exception java.lang.NoSuchMethodException
E/ActivityManagerFlyme( 1344): getCloneIDFromPid exception java.lang.NoSuchMethodException
E/ActivityManagerFlyme( 1344): getCloneIDFromPid exception java.lang.NoSuchMethodException
E/ActivityManagerFlyme( 1344): getCloneIDFromPid exception java.lang.NoSuchMethodException
E/ActivityManagerFlyme( 1344): getCloneIDFromPid exception java.lang.NoSuchMethodException
E/ActivityManagerFlyme( 1344): getCloneIDFromPid exception java.lang.NoSuchMethodException
E/ActivityManagerFlyme( 1344): getCloneIDFromPid exception java.lang.NoSuchMethodException
E/ActivityManagerFlyme( 1344): getCloneIDFromPid exception java.lang.NoSuchMethodException
E/ActivityManagerFlyme( 1344): getCloneIDFromPid exception java.lang.NoSuchMethodException
E/ActivityManagerFlyme( 1344): getCloneIDFromPid exception java.lang.NoSuchMethodException
E/ActivityManagerFlyme( 1344): getCloneIDFromPid exception java.lang.NoSuchMethodException
E/ActivityManagerFlyme( 1344): getCloneIDFromPid exception java.lang.NoSuchMethodException
E/ActivityManagerFlyme( 1344): getCloneIDFromPid exception java.lang.NoSuchMethodException
E/ActivityManagerFlyme( 1344): getCloneIDFromPid exception java.lang.NoSuchMethodException
E/ActivityManagerFlyme( 1344): getCloneIDFromPid exception java.lang.NoSuchMethodException
I/thermal_repeater(  322): oh, queryMdThermalInfo (0)Bad file number
E/ActivityManagerFlyme( 1344): getCloneIDFromPid exception java.lang.NoSuchMethodException
E/ActivityManagerFlyme( 1344): getCloneIDFromPid exception java.lang.NoSuchMethodException
E/ActivityManagerFlyme( 1344): getCloneIDFromPid exception java.lang.NoSuchMethodException
E/ActivityManagerFlyme( 1344): getCloneIDFromPid exception java.lang.NoSuchMethodException
E/ActivityManagerFlyme( 1344): getCloneIDFromPid exception java.lang.NoSuchMethodException
I/thermal_repeater(  322): [recvMdThermalInfo] ret=25, strLen=127,  1, 32767,,, -1, 32767, 2
E/ActivityManagerFlyme( 1344): getRunningTaskInfoCloneId failed: java.lang.NoSuchFieldException: mCloneID
I/ActivityManager(  881): Force stopping io.appium.android.ime appid=10112 user=0: from pid 1344
I/ActivityManager(  881): Killing 14929:io.appium.android.ime/u0a112 (adj 11): stop io.appium.android.ime
W/Interception(  881): isInterceptByRule realCallingPid: -1 isInterceptAsUsual: true isMatch: false, runType===broadcast|||callerPkg===*|||calleePkg===com.jingdong.app.mall|||calleeClass===com.jingdong.app.mall.broadcastReceiver.AppStateRecevier|||processName===com.jingdong.app.mall|||action===android.intent.action.PACKAGE_RESTARTED|||data===package:io.appium.android.ime|||extras===Bundle[{android.intent.extra.UID=10112, android.intent.extra.user_handle=0}]|||interception===false
I/ActivityManager(  881): Force stopping io.appium.settings appid=10097 user=0: from pid 1344
I/ActivityManager(  881): Killing 14772:io.appium.settings/u0a97 (adj 15): stop io.appium.settings
W/Interception(  881): isInterceptByRule realCallingPid: -1 isInterceptAsUsual: true isMatch: false, runType===broadcast|||callerPkg===*|||calleePkg===com.jingdong.app.mall|||calleeClass===com.jingdong.app.mall.broadcastReceiver.AppStateRecevier|||processName===com.jingdong.app.mall|||action===android.intent.action.PACKAGE_RESTARTED|||data===package:io.appium.settings|||extras===Bundle[{android.intent.extra.UID=10097, android.intent.extra.user_handle=0}]|||interception===false
W/ADB_SERVICES(16908): terminating JDWP 14929 connection: I/O error
I/SurfaceFlinger(  276): EventThread Client Pid (14772) disconnected by (276)
I/SurfaceFlinger(  276): EventThread Client Pid (14772) disconnected by (276)
I/SurfaceFlinger(  276): [SF client] DEL(0x7f76c7f140) for (881:system_server)
W/ADB_SERVICES(16908): terminating JDWP 14772 connection: I/O error
I/SensorHAL(  881): Dev Batch, handle: 7, name: LSM6DS3 Step Counter Sensor
D/EMDLOGGER1(  780): CTRL_reader: incoming SPLM req, msgid=6, token=0, result=0
I/EMDLOGGER1(  780): [MDLOG] [stats][buf] L1 : data:0x1815e last:0x542027; (1, 0x3edc, 0x542027)(3, 0x16b, 0x541e27)PS : data:0x4047 last:0x542027; L2 : data:0x38d2 last:0x542027; 
D/EMDLOGGER1(  780): CTRL_reader: incoming SPLM req, msgid=6, token=0, result=0
I/EMDLOGGER1(  780): [MDLOG] [stats][mux] MCU : data:0x2277e last:0x541f0c; DSP : data:0x0 last:0x0; 
I/thermal_repeater(  322): oh, queryMdThermalInfo (0)Bad file number
I/thermal_repeater(  322): [recvMdThermalInfo] ret=25, strLen=127,  1, 32767,,, -1, 32767, 2
I/EMDLOGGER1(  780): MDL rate:28 KB/s, full count:0
I/AudioFlinger(  304): setParameters(): io 0, keyvalue mediaserver_monitor=1, calling pid 881
W/AudioALSAHardware(  304): setParameters(), still have param.size() = 1, remain param = "mediaserver_monitor=1"
I/str_params(  304): key: 'mediaserver_monitor' value: '1'
I/AudioPolicyManager(  304): setStreamVolumeIndex stream = 7 index = 15 device = 0x400
I/PanelView( 1045): Max panel height 657,expand height 657.0, shade mode false
I/PanelView( 1045): Max panel height 657,expand height 657.0, shade mode false
W/Watchdog(  881): SWT Watchdog after wait current time:27575224
W/Watchdog(  881): **Get SF Time **1
W/Watchdog(  881): SWT Watchdog before synchronized:27575225
W/Watchdog(  881): SWT Watchdog after synchronized:27575225
W/Watchdog(  881): SWT Watchdog before wait timeout:30000
W/Watchdog(  881): SWT Watchdog before wait current time:27575225
W/Watchdog(  881): SWT Watchdog before wait start:27575225
W/Watchdog(  881): SWT Watchdog before wait CHECK_INTERVAL:30000
I/thermal_repeater(  322): oh, queryMdThermalInfo (0)Bad file number
I/thermal_repeater(  322): [recvMdThermalInfo] ret=25, strLen=127,  1, 32767,,, -1, 32767, 2
I/EMDLOGGER1(  780): MD writer time out 10 sec.
I/thermal_repeater(  322): oh, queryMdThermalInfo (0)Bad file number
I/thermal_repeater(  322): [recvMdThermalInfo] ret=25, strLen=127,  1, 32767,,, -1, 32767, 2
I/EMDLOGGER1(  780): MDL rate:26 KB/s, full count:0
D/EMDLOGGER1(  780): CTRL_reader: incoming SPLM req, msgid=6, token=0, result=0
I/EMDLOGGER1(  780): [MDLOG] [stats][buf] L1 : data:0x1ab16 last:0x542a8a; (1, 0x3d2c, 0x542a8a)(3, 0x16b, 0x5429e7)PS : data:0x3e97 last:0x542a8a; L2 : data:0x3aac last:0x542a8a; 
D/EMDLOGGER1(  780): CTRL_reader: incoming SPLM req, msgid=6, token=0, result=0
I/EMDLOGGER1(  780): [MDLOG] [stats][mux] MCU : data:0x20a00 last:0x5429b7; DSP : data:0x0 last:0x0; 
I/AudioFlinger(  304): setParameters(): io 0, keyvalue mediaserver_monitor=1, calling pid 881
W/AudioALSAHardware(  304): setParameters(), still have param.size() = 1, remain param = "mediaserver_monitor=1"
I/str_params(  304): key: 'mediaserver_monitor' value: '1'
I/AudioPolicyManager(  304): setStreamVolumeIndex stream = 7 index = 15 device = 0x400
D/MDLOGGER_CLEAR_LOG(  780): mdlogger clearLog V4.W1442.1
I/MDLOGGER_CLEAR_LOG(  780): clearLogFolder /storage/sdcard0/mtklog/mdlog1 size is 39 M. Recycle size is 600 M,no need clear log
I/thermal_repeater(  322): oh, queryMdThermalInfo (0)Bad file number
I/thermal_repeater(  322): [recvMdThermalInfo] ret=25, strLen=127,  1, 32767,,, -1, 32767, 2
W/MTKLogger(10981): Maybe device was updated from old version, change property to newer one
I/StorageManagerEx(10981): getInternalStoragePath from Property path=/storage/sdcard0
W/MTKLogger(10981): Maybe device was updated from old version, change property to newer one
I/StorageManagerEx(10981): getInternalStoragePath from Property path=/storage/sdcard0
I/EMDLOGGER1(  780): MD writer time out 10 sec.
I/thermal_repeater(  322): oh, queryMdThermalInfo (0)Bad file number
I/thermal_repeater(  322): [recvMdThermalInfo] ret=25, strLen=127,  1, 32767,,, -1, 32767, 2
I/AudioFlinger(  304): setParameters(): io 0, keyvalue mediaserver_monitor=1, calling pid 881
W/AudioALSAHardware(  304): setParameters(), still have param.size() = 1, remain param = "mediaserver_monitor=1"
I/str_params(  304): key: 'mediaserver_monitor' value: '1'
I/AudioPolicyManager(  304): setStreamVolumeIndex stream = 7 index = 15 device = 0x400
D/EMDLOGGER1(  780): CTRL_reader: incoming SPLM req, msgid=6, token=0, result=0
I/EMDLOGGER1(  780): [MDLOG] [stats][buf] L1 : data:0x1a610 last:0x5434bf; (1, 0x32dc, 0x5434bf)(3, 0xf2, 0x5431bc)PS : data:0x33ce last:0x5434bf; L2 : data:0x386e last:0x5434bf; 
D/EMDLOGGER1(  780): CTRL_reader: incoming SPLM req, msgid=6, token=0, result=0
I/EMDLOGGER1(  780): [MDLOG] [stats][mux] MCU : data:0x2866a last:0x5433a5; DSP : data:0x0 last:0x0; 
I/thermal_repeater(  322): oh, queryMdThermalInfo (0)Bad file number
I/thermal_repeater(  322): [recvMdThermalInfo] ret=25, strLen=127,  1, 32767,,, -1, 32767, 2
I/EMDLOGGER1(  780): MDL rate:33 KB/s, full count:0
I/thermal_repeater(  322): oh, queryMdThermalInfo (0)Bad file number
I/thermal_repeater(  322): [recvMdThermalInfo] ret=25, strLen=127,  1, 32767,,, -1, 32767, 2
I/EMDLOGGER1(  780): MD writer time out 10 sec.
I/AudioFlinger(  304): setParameters(): io 0, keyvalue mediaserver_monitor=1, calling pid 881
W/AudioALSAHardware(  304): setParameters(), still have param.size() = 1, remain param = "mediaserver_monitor=1"
I/str_params(  304): key: 'mediaserver_monitor' value: '1'
I/AudioPolicyManager(  304): setStreamVolumeIndex stream = 7 index = 15 device = 0x400
I/KeyguardUpdateMonitor( 1045): handleBatteryUpdate index=0 updateInteresting=false
I/BatteryConsumeMonitor( 1344): init var lastPlugType : 2 lastBatteryChangedLevel : 100
I/QuenedWorkProxy( 8391): clean QuenedWork.sPendingWorkFinishers(185342190) size 0
I/QuenedWorkProxy( 8391): clean QuenedWork.sPendingWorkFinishers(185342190) size 0
W/Watchdog(  881): SWT Watchdog after wait current time:27605225
W/Watchdog(  881): **Get SF Time **1
W/Watchdog(  881): SWT Watchdog before synchronized:27605225
W/Watchdog(  881): SWT Watchdog after synchronized:27605225
W/Watchdog(  881): SWT Watchdog before wait timeout:30000
W/Watchdog(  881): SWT Watchdog before wait current time:27605225
W/Watchdog(  881): SWT Watchdog before wait start:27605225
W/Watchdog(  881): SWT Watchdog before wait CHECK_INTERVAL:30000
I/thermal_repeater(  322): oh, queryMdThermalInfo (0)Bad file number
I/thermal_repeater(  322): [recvMdThermalInfo] ret=25, strLen=127,  1, 32767,,, -1, 32767, 2
D/EMDLOGGER1(  780): CTRL_reader: incoming SPLM req, msgid=6, token=0, result=0
I/EMDLOGGER1(  780): [MDLOG] [stats][buf] L1 : data:0x1402e last:0x543f0c; (1, 0x3b38, 0x543f0b)(3, 0x16b, 0x543d7c)PS : data:0x3ca3 last:0x543f0b; L2 : data:0x2de8 last:0x543f0b; 
D/EMDLOGGER1(  780): CTRL_reader: incoming SPLM req, msgid=6, token=0, result=0
I/EMDLOGGER1(  780): [MDLOG] [stats][mux] MCU : data:0x1da40 last:0x543df1; DSP : data:0x0 last:0x0; 
I/thermal_repeater(  322): oh, queryMdThermalInfo (0)Bad file number
I/thermal_repeater(  322): [recvMdThermalInfo] ret=25, strLen=127,  1, 32767,,, -1, 32767, 2
I/EMDLOGGER1(  780): MDL rate:24 KB/s, full count:0
I/AudioFlinger(  304): setParameters(): io 0, keyvalue mediaserver_monitor=1, calling pid 881
W/AudioALSAHardware(  304): setParameters(), still have param.size() = 1, remain param = "mediaserver_monitor=1"
I/str_params(  304): key: 'mediaserver_monitor' value: '1'
I/AudioPolicyManager(  304): setStreamVolumeIndex stream = 7 index = 15 device = 0x400
D/MDLOGGER_CLEAR_LOG(  780): mdlogger clearLog V4.W1442.1
I/MDLOGGER_CLEAR_LOG(  780): clearLogFolder /storage/sdcard0/mtklog/mdlog1 size is 39 M. Recycle size is 600 M,no need clear log
I/thermal_repeater(  322): oh, queryMdThermalInfo (0)Bad file number
I/thermal_repeater(  322): [recvMdThermalInfo] ret=25, strLen=127,  1, 32767,,, -1, 32767, 2
I/EMDLOGGER1(  780): MD writer time out 10 sec.
I/thermal_repeater(  322): oh, queryMdThermalInfo (0)Bad file number
I/thermal_repeater(  322): [recvMdThermalInfo] ret=25, strLen=127,  1, 32767,,, -1, 32767, 2
I/EMDLOGGER1(  780): MDL rate:31 KB/s, full count:0
D/EMDLOGGER1(  780): CTRL_reader: incoming SPLM req, msgid=6, token=0, result=0
I/EMDLOGGER1(  780): [MDLOG] [stats][buf] L1 : data:0x1c1c0 last:0x5449b6; (1, 0x4098, 0x5449b6)(3, 0x16b, 0x54493c)PS : data:0x4203 last:0x5449b6; L2 : data:0x3dca last:0x5449b6; 
D/EMDLOGGER1(  780): CTRL_reader: incoming SPLM req, msgid=6, token=0, result=0
I/EMDLOGGER1(  780): [MDLOG] [stats][mux] MCU : data:0x26ede last:0x54489c; DSP : data:0x0 last:0x0; 
I/AudioFlinger(  304): setParameters(): io 0, keyvalue mediaserver_monitor=1, calling pid 881
W/AudioALSAHardware(  304): setParameters(), still have param.size() = 1, remain param = "mediaserver_monitor=1"
I/str_params(  304): key: 'mediaserver_monitor' value: '1'
I/AudioPolicyManager(  304): setStreamVolumeIndex stream = 7 index = 15 device = 0x400
I/thermal_repeater(  322): oh, queryMdThermalInfo (0)Bad file number
I/thermal_repeater(  322): [recvMdThermalInfo] ret=25, strLen=127,  1, 32767,,, -1, 32767, 2
I/EMDLOGGER1(  780): MD writer time out 10 sec.
I/thermal_repeater(  322): oh, queryMdThermalInfo (0)Bad file number
I/thermal_repeater(  322): [recvMdThermalInfo] ret=25, strLen=127,  1, 32767,,, -1, 32767, 2
I/AudioFlinger(  304): setParameters(): io 0, keyvalue mediaserver_monitor=1, calling pid 881
W/AudioALSAHardware(  304): setParameters(), still have param.size() = 1, remain param = "mediaserver_monitor=1"
I/str_params(  304): key: 'mediaserver_monitor' value: '1'
I/AudioPolicyManager(  304): setStreamVolumeIndex stream = 7 index = 15 device = 0x400
D/EMDLOGGER1(  780): CTRL_reader: incoming SPLM req, msgid=6, token=0, result=0
I/EMDLOGGER1(  780): [MDLOG] [stats][buf] L1 : data:0x146d2 last:0x545460; (1, 0x3420, 0x545460)(3, 0xf2, 0x545111)PS : data:0x3512 last:0x545460; L2 : data:0x2bf6 last:0x545460; 
D/EMDLOGGER1(  780): CTRL_reader: incoming SPLM req, msgid=6, token=0, result=0
I/EMDLOGGER1(  780): [MDLOG] [stats][mux] MCU : data:0x1f60a last:0x545368; DSP : data:0x0 last:0x0; 
I/PanelView( 1045): Max panel height 657,expand height 657.0, shade mode false
I/PanelView( 1045): Max panel height 657,expand height 657.0, shade mode false
W/Watchdog(  881): SWT Watchdog after wait current time:27635225
W/Watchdog(  881): **Get SF Time **1
W/Watchdog(  881): SWT Watchdog before synchronized:27635226
W/Watchdog(  881): SWT Watchdog after synchronized:27635226
W/Watchdog(  881): SWT Watchdog before wait timeout:30000
W/Watchdog(  881): SWT Watchdog before wait current time:27635226
W/Watchdog(  881): SWT Watchdog before wait start:27635226
W/Watchdog(  881): SWT Watchdog before wait CHECK_INTERVAL:30000
I/thermal_repeater(  322): oh, queryMdThermalInfo (0)Bad file number
I/thermal_repeater(  322): [recvMdThermalInfo] ret=25, strLen=127,  1, 32767,,, -1, 32767, 2
I/EMDLOGGER1(  780): MDL rate:25 KB/s, full count:0
I/thermal_repeater(  322): oh, queryMdThermalInfo (0)Bad file number
I/thermal_repeater(  322): [recvMdThermalInfo] ret=25, strLen=127,  1, 32767,,, -1, 32767, 2
I/EMDLOGGER1(  780): MD writer time out 10 sec.
I/AudioFlinger(  304): setParameters(): io 0, keyvalue mediaserver_monitor=1, calling pid 881
W/AudioALSAHardware(  304): setParameters(), still have param.size() = 1, remain param = "mediaserver_monitor=1"
I/str_params(  304): key: 'mediaserver_monitor' value: '1'
I/AudioPolicyManager(  304): setStreamVolumeIndex stream = 7 index = 15 device = 0x400
D/MDLOGGER_CLEAR_LOG(  780): mdlogger clearLog V4.W1442.1
I/MDLOGGER_CLEAR_LOG(  780): clearLogFolder /storage/sdcard0/mtklog/mdlog1 size is 40 M. Recycle size is 600 M,no need clear log
I/thermal_repeater(  322): oh, queryMdThermalInfo (0)Bad file number
I/thermal_repeater(  322): [recvMdThermalInfo] ret=25, strLen=127,  1, 32767,,, -1, 32767, 2
W/MTKLogger(10981): Maybe device was updated from old version, change property to newer one
I/StorageManagerEx(10981): getInternalStoragePath from Property path=/storage/sdcard0
W/MTKLogger(10981): Maybe device was updated from old version, change property to newer one
I/StorageManagerEx(10981): getInternalStoragePath from Property path=/storage/sdcard0
D/EMDLOGGER1(  780): CTRL_reader: incoming SPLM req, msgid=6, token=0, result=0
I/EMDLOGGER1(  780): [MDLOG] [stats][buf] L1 : data:0x1a72e last:0x545f28; (1, 0x3ef8, 0x545f28)(3, 0x16b, 0x545cd0)PS : data:0x4063 last:0x545f28; L2 : data:0x3e58 last:0x545f28; 
D/EMDLOGGER1(  780): CTRL_reader: incoming SPLM req, msgid=6, token=0, result=0
I/EMDLOGGER1(  780): [MDLOG] [stats][mux] MCU : data:0x24582 last:0x545e4f; DSP : data:0x0 last:0x0; 
I/thermal_repeater(  322): oh, queryMdThermalInfo (0)Bad file number
I/thermal_repeater(  322): [recvMdThermalInfo] ret=25, strLen=127,  1, 32767,,, -1, 32767, 2
I/EMDLOGGER1(  780): MDL rate:29 KB/s, full count:0
I/AudioFlinger(  304): setParameters(): io 0, keyvalue mediaserver_monitor=1, calling pid 881
W/AudioALSAHardware(  304): setParameters(), still have param.size() = 1, remain param = "mediaserver_monitor=1"
I/str_params(  304): key: 'mediaserver_monitor' value: '1'
I/AudioPolicyManager(  304): setStreamVolumeIndex stream = 7 index = 15 device = 0x400
I/thermal_repeater(  322): oh, queryMdThermalInfo (0)Bad file number
I/thermal_repeater(  322): [recvMdThermalInfo] ret=25, strLen=127,  1, 32767,,, -1, 32767, 2
I/EMDLOGGER1(  780): MD writer time out 10 sec.
I/thermal_repeater(  322): oh, queryMdThermalInfo (0)Bad file number
I/thermal_repeater(  322): [recvMdThermalInfo] ret=25, strLen=127,  1, 32767,,, -1, 32767, 2
I/EMDLOGGER1(  780): MDL rate:26 KB/s, full count:0
D/EMDLOGGER1(  780): CTRL_reader: incoming SPLM req, msgid=6, token=0, result=0
I/EMDLOGGER1(  780): [MDLOG] [stats][buf] L1 : data:0x1636e last:0x546957; (1, 0x3cf8, 0x546957)(3, 0x16b, 0x54688e)PS : data:0x3e63 last:0x546957; L2 : data:0x3110 last:0x546957; 
D/EMDLOGGER1(  780): CTRL_reader: incoming SPLM req, msgid=6, token=0, result=0
I/EMDLOGGER1(  780): [MDLOG] [stats][mux] MCU : data:0x202ec last:0x54688e; DSP : data:0x0 last:0x0; 
I/AudioFlinger(  304): setParameters(): io 0, keyvalue mediaserver_monitor=1, calling pid 881
W/AudioALSAHardware(  304): setParameters(), still have param.size() = 1, remain param = "mediaserver_monitor=1"
I/str_params(  304): key: 'mediaserver_monitor' value: '1'
I/AudioPolicyManager(  304): setStreamVolumeIndex stream = 7 index = 15 device = 0x400
I/KeyguardUpdateMonitor( 1045): handleBatteryUpdate index=0 updateInteresting=false
I/BatteryConsumeMonitor( 1344): init var lastPlugType : 2 lastBatteryChangedLevel : 100
I/QuenedWorkProxy( 8391): clean QuenedWork.sPendingWorkFinishers(185342190) size 0
I/QuenedWorkProxy( 8391): clean QuenedWork.sPendingWorkFinishers(185342190) size 0
W/Watchdog(  881): SWT Watchdog after wait current time:27665226
W/Watchdog(  881): **Get SF Time **1
W/Watchdog(  881): SWT Watchdog before synchronized:27665226
W/Watchdog(  881): SWT Watchdog after synchronized:27665226
W/Watchdog(  881): SWT Watchdog before wait timeout:30000
W/Watchdog(  881): SWT Watchdog before wait current time:27665226
W/Watchdog(  881): SWT Watchdog before wait start:27665226
W/Watchdog(  881): SWT Watchdog before wait CHECK_INTERVAL:30000
I/thermal_repeater(  322): oh, queryMdThermalInfo (0)Bad file number
I/thermal_repeater(  322): [recvMdThermalInfo] ret=25, strLen=127,  1, 32767,,, -1, 32767, 2
I/WindowManager(  881): interceptKeyTq keycode=3 interactive=false keyguardActive=true policyFlags=2000000 down =true canceled = false isWakeKey=true mVolumeDownKeyTriggered =false mVolumeUpKeyTriggered =false result = 0 useHapticFeedback = false isInjected = false result = 0
I/PowerManagerService(  881): Waking up from sleep (uid 1000)...reason:101
I/MzPhoneWindowManager(  881): interceptHomeKeyLongPress: add mLunchVoiceActivity
I/ActivityManager(  881): onWakefulnessChanged: 1
I/DisplayPowerController(  881): Blocking screen on until initial contents have been drawn.
I/SensorHAL(  881): Dev Batch, handle: 4, name: LSM6DS3 Accelerometer Sensor
I/SensorHAL(  881): Dev Active, handle: 4, name: LSM6DS3 Accelerometer Sensor, enable: 1.
I/SensorHAL(  881): SensorBase::Enable. name: LSM6DS3 Accelerometer Sensor, enable: 1
W/ContextImpl(  881): Calling a method in the system process without a qualified user: android.app.ContextImpl.sendBroadcast:1474 com.android.server.statusbar.StatusBarManagerService.onPanelRevealed:531 com.android.internal.statusbar.IStatusBarService$Stub.onTransact:185 android.os.Binder.execTransact:454 <bottom of call stack> 
I/ChargeViewUtils( 1045): updateChargingState shouldChargingViewShow = true , mPluggedIn = true
I/PalmRejection( 1045): enableProximityLockLocked, mProximitySensorEnabled = false
I/SensorHAL(  881): HWSensorBase::Enable, handle: 4, name: lsm6ds3_accel, enable: 1
I/SensorHAL(  881): Dev Batch, handle: 2, name: LTR559 Proximity Sensor
I/SensorHAL(  881): Dev Active, handle: 2, name: LTR559 Proximity Sensor, enable: 1.
I/SensorHAL(  881): SensorBase::Enable. name: LTR559 Proximity Sensor, enable: 1
I/SensorHAL(  881): HWSensorBase::Enable, handle: 2, name: lsm6ds3_proximity, enable: 1
I/SensorHAL(  881): Dev Batch, handle: 1, name: LTR559 Light Sensor
I/SensorHAL(  881): Dev Active, handle: 1, name: LTR559 Light Sensor, enable: 1.
I/SensorHAL(  881): SensorBase::Enable. name: LTR559 Light Sensor, enable: 1
E/SensorHAL(  881): [Proximity]: 5.000000
I/SensorHAL(  881): HWSensorBase::Enable, handle: 1, name: lsm6ds3_light, enable: 1
E/WifiStateMachine(  881): cancelDelayedScan -> 69
I/AudioFlinger(  304): setParameters(): io 0, keyvalue screen_state=on, calling pid 881
I/str_params(  304): key: 'screen_state' value: 'on'
I/BatteryConsumeMonitor( 1344): idleModeFlag : false
I/BatteryConsumeMonitor( 1344): cancelRepeatAlarm
E/WifiManagerFlyme( 1344): disableScanInterface exception: java.lang.NoSuchMethodException
E/native  (  881): do suspend false
I/wpa_supplicant( 1294): wpa_driver_nl80211_driver_cmd: buf =  ret = 2 used = 2 total = 4096
I/art     (  881): Background sticky concurrent mark sweep GC freed 34633(1551KB) AllocSpace objects, 1(20KB) LOS objects, 2% free, 44MB/46MB, paused 4.458ms total 137.677ms
I/WindowManager(  881): interceptKeyTq keycode=3 interactive=true keyguardActive=true policyFlags=22000000 down =false canceled = false isWakeKey=false mVolumeDownKeyTriggered =false mVolumeUpKeyTriggered =false result = 1 useHapticFeedback = false isInjected = false result = 1
I/MzPhoneWindowManager(  881): interceptHomeKeyLongPress: remove mLunchVoiceActivity
I/hwcomposer(  276): [HWC] SetPowerMode(2) Display(0)
I/DisplayManagerService(  881): Display device changed: DisplayDeviceInfo{"": uniqueId="local:0", 1080 x 1920, 57.35 fps, supportedRefreshRates [57.35], density 480, 480.0 x 480.0 dpi, appVsyncOff -8000000, presDeadline 26436792, touch INTERNAL, rotation 0, type BUILT_IN, state ON, subtype 0, FLAG_DEFAULT_DISPLAY, FLAG_ROTATES_WITH_CONTENT, FLAG_SECURE, FLAG_SUPPORTS_PROTECTED_BUFFERS}
I/SensorHAL(  881): Dev Batch, handle: 3, name: LTR559 Proximity Sensor (Wake Up)
I/SensorHAL(  881): Dev Active, handle: 3, name: LTR559 Proximity Sensor (Wake Up), enable: 1.
I/SensorHAL(  881): SensorBase::Enable. name: LTR559 Proximity Sensor (Wake Up), enable: 1
I/SensorHAL(  881): HWSensorBase::Enable, handle: 3, name: lsm6ds3_ps_wk, enable: 1
E/SensorHAL(  881): [Proximity]: 5.000000
E/SensorHAL(  881): [Proximity]: 5.000000
I/PerfService(  276): PerfServiceNative_notifyDisplayType:0
I/SurfaceFlinger(  276): [Built-in Screen (type:0)] fps:0.087875,dur:284495.40,max:283992.36,min:17.01
I/PalmRejection( 1045): onSensorChanged() -- distance = 5.0, active = false
I/PalmRejection( 1045): proximityChangedLocked, false, mScreenOnAndTooClose false
I/PalmRejection( 1045): no active! go on wakup!
I/libPerfService(  881): perfSetFavorPid - pid:0, 0
I/libPerfService(  881): perfSetFavorPid - pid:1631, 65f
I/PanelView( 1045): Max panel height 657,expand height 657.0, shade mode false
I/libPerfService(  881): perfSetFavorPid - pid:0, 0
I/DisplayPowerController(  881): Unblocked screen on after 544 ms
I/libPerfService(  881): perfSetFavorPid - pid:1631, 65f
E/SensorHAL(  881): [Proximity]: 0.000000
E/SensorHAL(  881): [Proximity]: 0.000000
I/PalmRejection( 1045): onSensorChanged() -- distance = 0.0, active = true
I/PalmRejection( 1045): proximityChangedLocked, true, mScreenOnAndTooClose false
I/PalmRejection( 1045): active!!! mHandler.removeCallbacks(mWakeUpScreenRunnable)()
I/libPerfService(  881): 13: set freq: 1235000
I/libPerfService(  881): 13: set: 4
I/libPerfService(  881): perfSetFavorPid - pid:0, 0
I/PerfService(  881): PerfServiceNative_boostDisableAsync:5
I/libPerfService(  881): 5: set: 4
I/libPerfService(  881): 5: set freq: 1235000
E/SensorHAL(  881): [Proximity]: 5.000000
E/SensorHAL(  881): [Proximity]: 5.000000
I/PalmRejection( 1045): onSensorChanged() -- distance = 5.0, active = false
I/PalmRejection( 1045): proximityChangedLocked, false, mScreenOnAndTooClose true
I/PalmRejection( 1045): disableProximityLockLocked, mProximitySensorEnabled = true
I/SensorHAL(  881): Dev Active, handle: 3, name: LTR559 Proximity Sensor (Wake Up), enable: 0.
I/SensorHAL(  881): SensorBase::Enable. name: LTR559 Proximity Sensor (Wake Up), enable: 0
I/SensorHAL(  881): HWSensorBase::Enable, handle: 3, name: lsm6ds3_ps_wk, enable: 0
I/PalmRejection( 1045): mSensorManager.unregisterListener(mProximityListener)
I/PalmRejection( 1045): mProximityWakeLock.release()
I/PalmRejection( 1045): no active! go on wakup!
I/EMDLOGGER1(  780): MD writer time out 10 sec.
I/thermal_repeater(  322): oh, queryMdThermalInfo (0)Bad file number
I/thermal_repeater(  322): [recvMdThermalInfo] ret=25, strLen=127,  1, 32767,,, -1, 32767, 2
I/libPerfService(  881): 12: set freq: 1300000
I/ChargeViewUtils( 1045): updateChargingState shouldChargingViewShow = false , mPluggedIn = true
I/PanelView( 1045): Max panel height 657,expand height 657.0, shade mode false
I/libPerfService(  881): 12: set: 6
I/PanelView( 1045): Max panel height 657,expand height 605.92285, shade mode false
I/PanelView( 1045): Max panel height 657,expand height 605.92285, shade mode false
I/PanelView( 1045): Max panel height 657,expand height 575.56287, shade mode false
I/PanelView( 1045): Max panel height 657,expand height 575.56287, shade mode false
I/SurfaceFlinger(  276): [Built-in Screen (type:0)] fps:13.512717,dur:2368.14,max:1435.99,min:15.74
I/PanelView( 1045): Max panel height 657,expand height 553.3397, shade mode false
I/PanelView( 1045): Max panel height 657,expand height 553.3397, shade mode false
I/PanelView( 1045): Max panel height 657,expand height 532.11035, shade mode false
I/PanelView( 1045): Max panel height 657,expand height 532.11035, shade mode false
I/PanelView( 1045): Max panel height 657,expand height 521.3506, shade mode false
I/PanelView( 1045): Max panel height 657,expand height 521.3506, shade mode false
I/PanelView( 1045): Max panel height 657,expand height 498.46997, shade mode false
I/PanelView( 1045): Max panel height 657,expand height 498.46997, shade mode false
I/PanelView( 1045): Max panel height 657,expand height 445.7384, shade mode false
I/PanelView( 1045): Max panel height 657,expand height 445.7384, shade mode false
I/PanelView( 1045): Max panel height 657,expand height 339.46753, shade mode false
I/PanelView( 1045): Max panel height 657,expand height 339.46753, shade mode false
I/PanelView( 1045): Max panel height 657,expand height 208.6222, shade mode false
I/PanelView( 1045): Max panel height 657,expand height 208.6222, shade mode false
I/PanelView( 1045): Max panel height 657,expand height 68.6936, shade mode false
I/PanelView( 1045): Max panel height 657,expand height 68.6936, shade mode false
I/PanelView( 1045): Max panel height 657,expand height 0.0, shade mode false
I/PanelView( 1045): Max panel height 657,expand height 0.0, shade mode false
I/PanelView( 1045): Max panel height 657,expand height 0.0, shade mode false
I/PanelView( 1045): Max panel height 657,expand height 0.0, shade mode false
I/PanelView( 1045): Max panel height 657,expand height 0.0, shade mode false
I/PanelView( 1045): Max panel height 657,expand height 0.0, shade mode false
I/PanelView( 1045): Max panel height 657,expand height 0.0, shade mode false
I/PanelView( 1045): Max panel height 657,expand height 0.0, shade mode false
I/PanelView( 1045): Max panel height 657,expand height 0.0, shade mode false
I/PanelView( 1045): Max panel height 657,expand height 0.0, shade mode false
I/PanelView( 1045): Max panel height 657,expand height 0.0, shade mode false
I/PanelView( 1045): Max panel height 657,expand height 0.0, shade mode false
I/PanelView( 1045): Max panel height 657,expand height 0.0, shade mode false
I/PerfService(  881): PerfServiceNative_boostDisableAsync:5
I/libPerfService(  881): 5: set: 6
I/libPerfService(  881): 5: set freq: 1300000
I/PanelView( 1045): Max panel height 657,expand height 0.0, shade mode false
I/PanelView( 1045): mTracking true,cancel fling false,instant collapse false
I/PanelView( 1045): reachTarget false,camera intercept false,camera running false
I/PanelView( 1045): Max panel height 657,expand height 0.0, shade mode false
W/ContextImpl(  881): Calling a method in the system process without a qualified user: android.app.ContextImpl.sendBroadcast:1474 com.android.server.statusbar.StatusBarManagerService.onPanelHidden:555 com.android.internal.statusbar.IStatusBarService$Stub.onTransact:192 android.os.Binder.execTransact:454 <bottom of call stack> 
I/AudioPolicyManager(  304): s 0 c 0 avaDev 3 ba2dpo 0 ba2dpsp 0 dev 2
I/AudioPolicyManager(  304): getOutput() device 2, stream 1, samplingRate 0, format 0, channelMask 3, flags 0
I/AudioPolicyManager(  304): getOutput() returns output 2
I/AudioPolicyManager(  304): s 0 c 0 avaDev 3 ba2dpo 0 ba2dpsp 0 dev 2
I/AudioPolicyManager(  304): getOutput() device 2, stream 1, samplingRate 0, format 0, channelMask 3, flags 0
I/AudioPolicyManager(  304): getOutput() returns output 2
I/AudioPolicyManager(  304): s 0 c 0 avaDev 3 ba2dpo 0 ba2dpsp 0 dev 2
I/AudioPolicyManager(  304): getOutput() returns output 2
I/AudioFlinger_Threads(  304): attachAuxEffect_l EffectId 0
I/AudioFlinger_Threads(  304): attachAuxEffect_l status 0
I/AudioPolicyManager(  304): AddSampleRateArray index = 0 sampleRate = 44100
I/AudioPolicyManager(  304): startOutput() output 2, stream 1, session 834
I/AudioPolicyManager(  304): s 0 c 0 avaDev 3 ba2dpo 0 ba2dpsp 0 dev 2
I/AudioPolicyManager(  304): getNewOutputDevice() selected device 2
I/AudioPolicyManager(  304): setOutputDevice() output 2 device 0002 delayMs 0 force 0
I/AudioPolicyManager(  304): s 0 c 0 avaDev 3 ba2dpo 0 ba2dpsp 0 dev 2
I/AudioFlinger(  304): setParameters(): io 2, keyvalue FM_DIRECT_CONTROL=1, calling pid 304
I/AudioPolicyManager(  304): setOutputDevice() prevDevice 0002
I/AudioPolicyManager(  304): setOutputDevice() mMutePrevDevice 0000
I/AudioPolicyManager(  304): s 0 c 0 avaDev 3 ba2dpo 0 ba2dpsp 0 dev 2
I/AudioPolicyManager(  304): s 1 c 0 avaDev 3 ba2dpo 0 ba2dpsp 0 dev 1
I/AudioPolicyManager(  304): s 2 c 0 avaDev 3 ba2dpo 0 ba2dpsp 0 dev 2
I/AudioPolicyManager(  304): s 2 c 0 avaDev 3 ba2dpo 0 ba2dpsp 0 dev 2
I/AudioPolicyManager(  304): s 3 c 0 avaDev 3 ba2dpo 0 ba2dpsp 0 dev 2
I/AudioPolicyManager(  304): s 0 c 0 avaDev 3 ba2dpo 0 ba2dpsp 0 dev 2
I/AudioPolicyManager(  304): s 4 c 0 avaDev 3 ba2dpo 0 ba2dpsp 0 dev 2
I/AudioPolicyManager(  304): s 5 c 0 avaDev 3 ba2dpo 0 ba2dpsp 0 dev 2
I/AudioPolicyManager(  304): s 6 c 0 avaDev 3 ba2dpo 0 ba2dpsp 0 dev 2
I/AudioPolicyManager(  304): s 7 c 0 avaDev 3 ba2dpo 0 ba2dpsp 0 dev 2
I/AudioPolicyManager(  304): s 8 c 0 avaDev 3 ba2dpo 0 ba2dpsp 0 dev 2
I/AudioPolicyManager(  304): setOutputDevice() setting same device 0002 or null device for output 2
I/AudioPolicyManager(  304):  checkAndSetVolume stream = 1 index = 8 output = 2 device = 0x2 delayMs = 0 force = 0
I/AudioPolicyManager(  304): PolicyForceReplace stream = 1 sampleRate = 44100 
I/AudioFlinger_Threads(  304): reset track timestretch tracn name 4099, ratio 100, mTimeStretchTrackName[name-4096] 0
I/AudioPolicyManager(  304): releaseOutput() 2
I/PanelView( 1045): Max panel height 657,expand height 0.0, shade mode false
I/MeizuKeyguardThemeManager( 1045): setBarState ------ statusBarState=0,keyguardFadingAway=true,goingToFullShade=false,keyguardShowing=false
I/MeizuKeyguardThemeManager( 1045): setBarState 0
I/PhoneStatusBar( 1045): updateNotificationCountChange,mLastHasNotification:false , hasActiveNotifications:true
I/KeyguardMusicController( 1045): Remove listener
I/MusicSupportService( 9458): removeListener pid: 1045 uid: 10030 binder: com.meizu.media.music.support.MusicSupportService$3@2fb4336a
I/PerfService(  276): PerfServiceNative_notifyDisplayType:1
W/KeyguardViewBase( 1045): setOnDismissAction =null
I/libPerfService(  881): perfSetFavorPid - pid:1631, 65f
E/Tethering(  881): updateConfiguration: wrong MCCMNC =null
I/Tethering(  881): ifaceTypes = null, use default
I/Tethering(  881): upstreamIfaceTypes.add:0
I/Tethering(  881): upstreamIfaceTypes.add:1
I/Tethering(  881): upstreamIfaceTypes.add:5
I/Tethering(  881): upstreamIfaceTypes.add:7
I/Tethering(  881): upstreamIfaceTypes.add:9
I/Tethering(  881): upstreamIfaceTypes.add:49
I/Tethering(  881): checkDunRequired:2
W/PerfScheduler(  881): Not Boost !
E/AudioALSAPlaybackHandlerBase(  304): openPcmDriver(), pcm_start(0xf3c77fa0) fail due to cannot start channel: Broken pipe
I/StatusBarManagerService(  881): disable by pkg=com.android.systemui
I/MyAnimatorService( 1631): showLauncherAnimation
W/MtpService( 3498): onReceive action: android.intent.action.USER_PRESENT
E/AudioALSAPlaybackHandlerBase(  304): -getHardwareBufferInfo pcm_get_htimestamp fail, ret = -1, pcm_get_error = cannot start channel: Broken pipe
W/ContextImpl( 1485): Calling a method in the system process without a qualified user: android.app.ContextImpl.startService:1863 android.content.ContextWrapper.startService:516 android.content.ContextWrapper.startService:516 com.meizu.networkmanager.c.o.a:25 com.meizu.networkmanager.boradcast.TrafficGlobalReceiver$2.run:238 
I/WindowManager(  881): Gaining focus: Window{ae407a7 u0 com.meizu.flyme.launcher/com.meizu.flyme.launcher.Launcher}
I/WindowManager(  881): Losing focus: Window{324c5a98 u0 StatusBar}
I/vpnTrace11( 1485): notifySavingDataChanged: isShowSavingFunc: false
E/Launcher( 1631): Error start clone app: java.lang.NullPointerException: Attempt to invoke virtual method 'int java.lang.reflect.Field.getInt(java.lang.Object)' on a null object reference
E/Launcher( 1631): Error start clone app: java.lang.NullPointerException: Attempt to invoke virtual method 'int java.lang.reflect.Field.getInt(java.lang.Object)' on a null object reference
I/Launcher( 1631): launcher guest mode set draglayout visiable
I/libPerfService(  881): perfSetFavorPid - pid:0, 0
I/libPerfService(  881): perfSetFavorPid - pid:1631, 65f
I/NetworkStatsRecorder(  881): recordSnapshotLocked: ident[[{type=WIFI, subType=COMBINED, networkId=chaozhouniurouwan}]]
W/NetworkStatsRecorder(  881): unknown interfaces [lo, p2p0], ignoring those stats
W/NetworkStatsRecorder(  881): unknown interfaces [lo, p2p0], ignoring those stats
W/NetworkStatsRecorder(  881): unknown interfaces [lo, p2p0], ignoring those stats
W/NetworkStatsRecorder(  881): unknown interfaces [lo, p2p0], ignoring those stats
W/InputMethodManagerService(  881): Window already focused, ignoring focus gain of: com.android.internal.view.IInputMethodClient$Stub$Proxy@344c9f8e attribute=android.view.inputmethod.EditorInfo@131163af, token = android.os.BinderProxy@2523f866
I/vpnTrace11( 1485): notifySavingDataChanged: isShowSavingFunc: false
W/DecodingInfo( 6853): No Engine for Decoding
I/PalmRejection( 1045): disableProximityLockLocked, mProximitySensorEnabled = false
I/PalmRejection( 1045): disableProximityLockLocked() failed... Proximity Sensor already disabled
I/libPerfService(  881): perfSetFavorPid - pid:0, 0
I/ActivityManager(  881): Start proc 17097:com.meizu.flyme.weather/u0a79 for broadcast com.meizu.flyme.weather/.WeatherWidgetProvider
I/libPerfService(  881): perfSetFavorPid - pid:1631, 65f
E/AudioFlinger(  304): getNextBuffer, get null buffer
W/Zygote  (17097): mz_is_rooted false
I/AudioFlinger_Threads(  304): pause signal - [NOT READY] on thread
W/ActivityManager(  881): Skip forceProcessStateUpTo() to newState 8
E/System  (17097): stat file error, path is /system/app/Weather/lib/arm64, exception is android.system.ErrnoException: stat failed: ENOENT (No such file or directory)
W/linker  (17097): /system/lib64/libfilterUtils.so: unused DT entry: type 0x6ffffffe arg 0x808
W/linker  (17097): /system/lib64/libfilterUtils.so: unused DT entry: type 0x6fffffff arg 0x2
I/AudioPolicyManager(  304): ReleaseFMIndirectMode 
I/AudioPolicyManager(  304): PolicyRestore
I/AudioPolicyManager(  304): stopOutput() output 2, stream 1, session 834
I/AudioPolicyManager(  304): getNewOutputDevice() selected device 0
I/AudioPolicyManager(  304): setOutputDevice() output 2 device 0000 delayMs 184 force 0
I/AudioPolicyManager(  304): setOutputDevice() prevDevice 0002
I/AudioPolicyManager(  304): setOutputDevice() mMutePrevDevice 0002
I/AudioPolicyManager(  304): s 0 c 0 avaDev 3 ba2dpo 0 ba2dpsp 0 dev 2
I/AudioPolicyManager(  304): s 1 c 0 avaDev 3 ba2dpo 0 ba2dpsp 0 dev 1
I/AudioPolicyManager(  304): s 2 c 0 avaDev 3 ba2dpo 0 ba2dpsp 0 dev 2
I/AudioPolicyManager(  304): s 2 c 0 avaDev 3 ba2dpo 0 ba2dpsp 0 dev 2
I/AudioPolicyManager(  304): s 3 c 0 avaDev 3 ba2dpo 0 ba2dpsp 0 dev 2
I/AudioPolicyManager(  304): s 0 c 0 avaDev 3 ba2dpo 0 ba2dpsp 0 dev 2
I/AudioPolicyManager(  304): s 4 c 0 avaDev 3 ba2dpo 0 ba2dpsp 0 dev 2
I/AudioPolicyManager(  304): s 5 c 0 avaDev 3 ba2dpo 0 ba2dpsp 0 dev 2
I/AudioPolicyManager(  304): s 6 c 0 avaDev 3 ba2dpo 0 ba2dpsp 0 dev 2
I/AudioPolicyManager(  304): s 7 c 0 avaDev 3 ba2dpo 0 ba2dpsp 0 dev 2
I/AudioPolicyManager(  304): s 8 c 0 avaDev 3 ba2dpo 0 ba2dpsp 0 dev 2
I/AudioPolicyManager(  304): setOutputDevice() setting same device 0000 or null device for output 2
I/ActivityManager(  881): Start proc 17124:com.meizu.media.reader/u0a72 for broadcast com.meizu.media.reader/.module.appwidget.ReaderAppWidgetProvider
I/art     (  329): Explicit concurrent mark sweep GC freed 731(32KB) AllocSpace objects, 0(0B) LOS objects, 19% free, 16MB/20MB, paused 432us total 21.686ms
I/Cweather(17097): loadCurrentWeatherInfo cityName: isUserTheme:false temp:31 
W/Zygote  (17124): mz_is_rooted false
I/art     (  329): Explicit concurrent mark sweep GC freed 5(160B) AllocSpace objects, 0(0B) LOS objects, 19% free, 16MB/20MB, paused 456us total 20.211ms
E/CellLocation(17097): create GsmCellLocation
W/ActivityManager(  881): Skip forceProcessStateUpTo() to newState 8
I/art     (  329): Explicit concurrent mark sweep GC freed 5(160B) AllocSpace objects, 0(0B) LOS objects, 19% free, 16MB/20MB, paused 480us total 21.123ms
I/Cweather(17097): writeWidgetWeatherFileFromInternet
I/AudioFlinger(  304): setParameters(): io 2, keyvalue FM_DIRECT_CONTROL=0, calling pid 304
I/libPerfService(  881): perfSetFavorPid - pid:0, 0
I/DebugFlymeWeather(17097): HotwordSwitch hotwordSwitch:1
I/DebugFlymeWeather(17097): Get Mz Phone IMEI 868800027478449
I/System.out(17097): httpget:http://aider.meizu.com/v2/widget/citylbs?lat=22.57121&lon=114.04327&country=&province=&city=&region=&street=&bizId=aider_app&timestamp=1532078138062&sign=f5f45fe54e27263f84fa3d5054978a46
I/libPerfService(  881): perfSetFavorPid - pid:1631, 65f
I/System.out(17097): isEmailSend:GET
I/System.out(17097): this.mCheckHandler:android.net.Proxy$DefaultHttpRequestCheckHandler@1d1916c1
D/libc-netbsd(17097): [getaddrinfo]: hostname=aider.meizu.com; servname=(null); cache_mode=(null), netid=0; mark=0
D/libc-netbsd(17097): [getaddrinfo]: ai_addrlen=0; ai_canonname=(null); ai_flags=4; ai_family=0
D/libc-netbsd(17097): [getaddrinfo]: hostname=aider.meizu.com; servname=(null); cache_mode=(null), netid=0; mark=0
D/libc-netbsd(17097): [getaddrinfo]: ai_addrlen=0; ai_canonname=(null); ai_flags=1024; ai_family=0
D/libc-netbsd(  299): [getaddrinfo]: hostname=aider.meizu.com; servname=(null); cache_mode=local, netid=104; mark=917608
D/libc-netbsd(  299): [getaddrinfo]: ai_addrlen=0; ai_canonname=(null); ai_flags=1024; ai_family=0
D/libc-netbsd(  299): default dns: query_ipv6=0, query_ipv4=1
D/libc-netbsd(  299): res_queryN name = aider.meizu.com, class = 1, type = 1
D/libc-netbsd(  299): netid=104, dns0:202.96.134.33
D/libc-netbsd(  299): netid=104, dns1:202.96.128.86
D/libc-netbsd(  299): netid=104, dns2:8.8.8.8
I/libPerfService(  881): perfSetFavorPid - pid:0, 0
I/[MALI][Gralloc](  276): Usage: 0xb00, format: 0x1 stride: 1088 vertical_stride: 66 size: 287232
