W/Watchdog(  881): SWT Watchdog before wait current time:26465188
W/Watchdog(  881): SWT Watchdog before wait start:26465188
W/Watchdog(  881): SWT Watchdog before wait CHECK_INTERVAL:30000
I/NetworkManagementSocketTagger( 9874): untagSocket(32)
I/System.out( 9685): isFirstLoc：false
D/EMDLOGGER1(  780): CTRL_reader: incoming SPLM req, msgid=6, token=0, result=0
I/EMDLOGGER1(  780): [MDLOG] [stats][buf] L1 : data:0x14e6c last:0x50c2d8; (1, 0x4480, 0x50c2d7)(3, 0x5f0, 0x50c196)PS : data:0x4a70 last:0x50c2d7; L2 : data:0x4378 last:0x50c2d7; 
D/EMDLOGGER1(  780): CTRL_reader: incoming SPLM req, msgid=6, token=0, result=0
I/EMDLOGGER1(  780): [MDLOG] [stats][mux] MCU : data:0x219f0 last:0x50c20f; DSP : data:0x0 last:0x0; 
I/System.out( 9685): isFirstLoc：false
I/EMDLOGGER1(  780): MDL rate:27 KB/s, full count:0
I/thermal_repeater(  322): oh, queryMdThermalInfo (0)Bad file number
I/thermal_repeater(  322): [recvMdThermalInfo] ret=25, strLen=127,  1, 32767,,, -1, 32767, 2
I/System.out( 9685): isFirstLoc：false
I/thermal_repeater(  322): oh, queryMdThermalInfo (0)Bad file number
I/thermal_repeater(  322): [recvMdThermalInfo] ret=25, strLen=127,  1, 32767,,, -1, 32767, 2
I/AudioFlinger(  304): setParameters(): io 0, keyvalue mediaserver_monitor=1, calling pid 881
W/AudioALSAHardware(  304): setParameters(), still have param.size() = 1, remain param = "mediaserver_monitor=1"
I/str_params(  304): key: 'mediaserver_monitor' value: '1'
I/AudioPolicyManager(  304): setStreamVolumeIndex stream = 7 index = 15 device = 0x400
I/EMDLOGGER1(  780): MD writer time out 10 sec.
D/MDLOGGER_CLEAR_LOG(  780): mdlogger clearLog V4.W1442.1
I/MDLOGGER_CLEAR_LOG(  780): clearLogFolder /storage/sdcard0/mtklog/mdlog1 size is 27 M. Recycle size is 600 M,no need clear log
D/[BT3.0+HS]PAL(  332): == chip_reset_fd is set ==
D/[BT3.0+HS]PAL(  332): 
D/[BT3.0+HS]PAL(  332): invalid reply message
D/[BT3.0+HS]PAL(  332): 
I/thermal_repeater(  322): oh, queryMdThermalInfo (0)Bad file number
I/thermal_repeater(  322): [recvMdThermalInfo] ret=25, strLen=127,  1, 32767,,, -1, 32767, 2
D/EMDLOGGER1(  780): CTRL_reader: incoming SPLM req, msgid=6, token=0, result=0
I/EMDLOGGER1(  780): [MDLOG] [stats][buf] L1 : data:0x15208 last:0x50ccb9; (1, 0x431c, 0x50ccb9)(3, 0x3ea, 0x50cbd3)PS : data:0x4706 last:0x50ccb9; L2 : data:0x35b6 last:0x50ccb9; 
D/EMDLOGGER1(  780): CTRL_reader: incoming SPLM req, msgid=6, token=0, result=0
I/EMDLOGGER1(  780): [MDLOG] [stats][mux] MCU : data:0x212d2 last:0x50cb9f; DSP : data:0x0 last:0x0; 
D/[BT3.0+HS]PAL(  332): == chip_reset_fd is set ==
D/[BT3.0+HS]PAL(  332): 
D/[BT3.0+HS]PAL(  332): invalid reply message
D/[BT3.0+HS]PAL(  332): 
D/[BT3.0+HS]PAL(  332): == chip_reset_fd is set ==
D/[BT3.0+HS]PAL(  332): 
D/[BT3.0+HS]PAL(  332): invalid reply message
D/[BT3.0+HS]PAL(  332): 
I/Netd    (  299): Get netlink event, ifname: wlan0 action: 4
E/wpa_supplicant( 1294): This is a Iphone softap!!!!!!! 
E/wpa_supplicant( 1294): This is a Iphone softap!!!!!!! 
E/wpa_supplicant( 1294): This is a Iphone softap!!!!!!! 
E/wpa_supplicant( 1294): This is a Iphone softap!!!!!!! 
I/Netd    (  299): Get netlink event, ifname: wlan0 action: 4
E/WifiStateMachine(  881): mIsFullScanOngoing: true, mSendScanResultsBroadcast: false
E/WifiStateMachine(  881): mWifiOnScanCount: 1290
I/System.out( 9685): isFirstLoc：false
I/art     (  881): Background sticky concurrent mark sweep GC freed 9621(1850KB) AllocSpace objects, 0(0B) LOS objects, 3% free, 45MB/47MB, paused 5.768ms total 61.415ms
W/ContextImpl( 9304): Calling a method in the system process without a qualified user: android.app.ContextImpl.startService:1863 android.content.ContextWrapper.startService:516 android.content.ContextWrapper.startService:516 com.meizu.dataservice.ExperienceReceiver.a:-1 com.meizu.dataservice.ExperienceReceiver.onReceive:-1 
I/System.out( 9685): isFirstLoc：false
I/EMDLOGGER1(  780): MDL rate:27 KB/s, full count:0
I/thermal_repeater(  322): oh, queryMdThermalInfo (0)Bad file number
I/thermal_repeater(  322): [recvMdThermalInfo] ret=25, strLen=127,  1, 32767,,, -1, 32767, 2
I/AudioFlinger(  304): setParameters(): io 0, keyvalue mediaserver_monitor=1, calling pid 881
W/AudioALSAHardware(  304): setParameters(), still have param.size() = 1, remain param = "mediaserver_monitor=1"
I/str_params(  304): key: 'mediaserver_monitor' value: '1'
I/AudioPolicyManager(  304): setStreamVolumeIndex stream = 7 index = 15 device = 0x400
I/System.out( 9685): isFirstLoc：false
I/EMDLOGGER1(  780): MD writer time out 10 sec.
I/thermal_repeater(  322): oh, queryMdThermalInfo (0)Bad file number
I/thermal_repeater(  322): [recvMdThermalInfo] ret=25, strLen=127,  1, 32767,,, -1, 32767, 2
D/[BT3.0+HS]PAL(  332): == chip_reset_fd is set ==
D/[BT3.0+HS]PAL(  332): 
D/[BT3.0+HS]PAL(  332): invalid reply message
D/[BT3.0+HS]PAL(  332): 
I/EMDLOGGER1(  780): MDL rate:30 KB/s, full count:0
D/EMDLOGGER1(  780): CTRL_reader: incoming SPLM req, msgid=6, token=0, result=0
I/EMDLOGGER1(  780): [MDLOG] [stats][buf] L1 : data:0x182da last:0x50d764; (1, 0x4590, 0x50d764)(3, 0x5f0, 0x50d3a9)PS : data:0x4b80 last:0x50d764; L2 : data:0x4b38 last:0x50d763; 
D/EMDLOGGER1(  780): CTRL_reader: incoming SPLM req, msgid=6, token=0, result=0
I/EMDLOGGER1(  780): [MDLOG] [stats][mux] MCU : data:0x257d4 last:0x50d649; DSP : data:0x0 last:0x0; 
I/thermal_repeater(  322): oh, queryMdThermalInfo (0)Bad file number
I/thermal_repeater(  322): [recvMdThermalInfo] ret=25, strLen=127,  1, 32767,,, -1, 32767, 2
D/[BT3.0+HS]PAL(  332): == chip_reset_fd is set ==
D/[BT3.0+HS]PAL(  332): 
D/[BT3.0+HS]PAL(  332): invalid reply message
D/[BT3.0+HS]PAL(  332): 
D/[BT3.0+HS]PAL(  332): == chip_reset_fd is set ==
D/[BT3.0+HS]PAL(  332): 
D/[BT3.0+HS]PAL(  332): invalid reply message
D/[BT3.0+HS]PAL(  332): 
E/wpa_supplicant( 1294): This is a Iphone softap!!!!!!! 
E/wpa_supplicant( 1294): This is a Iphone softap!!!!!!! 
E/wpa_supplicant( 1294): This is a Iphone softap!!!!!!! 
E/wpa_supplicant( 1294): This is a Iphone softap!!!!!!! 
E/wpa_supplicant( 1294): This is a Iphone softap!!!!!!! 
I/Netd    (  299): Get netlink event, ifname: wlan0 action: 4
I/Netd    (  299): Get netlink event, ifname: wlan0 action: 4
I/AudioFlinger(  304): setParameters(): io 0, keyvalue mediaserver_monitor=1, calling pid 881
W/AudioALSAHardware(  304): setParameters(), still have param.size() = 1, remain param = "mediaserver_monitor=1"
I/str_params(  304): key: 'mediaserver_monitor' value: '1'
I/AudioPolicyManager(  304): setStreamVolumeIndex stream = 7 index = 15 device = 0x400
E/WifiStateMachine(  881): mIsFullScanOngoing: true, mSendScanResultsBroadcast: false
E/WifiStateMachine(  881): mWifiOnScanCount: 1291
I/art     (  881): Background sticky concurrent mark sweep GC freed 9274(1866KB) AllocSpace objects, 0(0B) LOS objects, 3% free, 46MB/47MB, paused 6.363ms total 78.335ms
I/System.out( 9685): isFirstLoc：false
W/ContextImpl( 9304): Calling a method in the system process without a qualified user: android.app.ContextImpl.startService:1863 android.content.ContextWrapper.startService:516 android.content.ContextWrapper.startService:516 com.meizu.dataservice.ExperienceReceiver.a:-1 com.meizu.dataservice.ExperienceReceiver.onReceive:-1 
I/PanelView( 1045): Max panel height 657,expand height 657.0, shade mode false
I/PanelView( 1045): Max panel height 657,expand height 657.0, shade mode false
W/Watchdog(  881): SWT Watchdog after wait current time:26495188
W/Watchdog(  881): **Get SF Time **1
W/Watchdog(  881): SWT Watchdog before synchronized:26495188
W/Watchdog(  881): SWT Watchdog after synchronized:26495188
W/Watchdog(  881): SWT Watchdog before wait timeout:30000
W/Watchdog(  881): SWT Watchdog before wait current time:26495189
W/Watchdog(  881): SWT Watchdog before wait start:26495189
W/Watchdog(  881): SWT Watchdog before wait CHECK_INTERVAL:30000
I/System.out( 9685): isFirstLoc：false
I/thermal_repeater(  322): oh, queryMdThermalInfo (0)Bad file number
I/thermal_repeater(  322): [recvMdThermalInfo] ret=25, strLen=127,  1, 32767,,, -1, 32767, 2
I/EMDLOGGER1(  780): MD writer time out 10 sec.
I/System.out( 9685): isFirstLoc：false
I/thermal_repeater(  322): oh, queryMdThermalInfo (0)Bad file number
I/thermal_repeater(  322): [recvMdThermalInfo] ret=25, strLen=127,  1, 32767,,, -1, 32767, 2
I/AudioFlinger(  304): setParameters(): io 0, keyvalue mediaserver_monitor=1, calling pid 881
W/AudioALSAHardware(  304): setParameters(), still have param.size() = 1, remain param = "mediaserver_monitor=1"
I/str_params(  304): key: 'mediaserver_monitor' value: '1'
I/AudioPolicyManager(  304): setStreamVolumeIndex stream = 7 index = 15 device = 0x400
D/MDLOGGER_CLEAR_LOG(  780): mdlogger clearLog V4.W1442.1
I/MDLOGGER_CLEAR_LOG(  780): clearLogFolder /storage/sdcard0/mtklog/mdlog1 size is 28 M. Recycle size is 600 M,no need clear log
D/EMDLOGGER1(  780): CTRL_reader: incoming SPLM req, msgid=6, token=0, result=0
I/EMDLOGGER1(  780): [MDLOG] [stats][buf] L1 : data:0x1a1ce last:0x50e1b2; (1, 0x4e58, 0x50e1b0)(3, 0x669, 0x50df6a)PS : data:0x54c1 last:0x50e1b0; L2 : data:0x410e last:0x50e1b0; 
D/EMDLOGGER1(  780): CTRL_reader: incoming SPLM req, msgid=6, token=0, result=0
I/EMDLOGGER1(  780): [MDLOG] [stats][mux] MCU : data:0x2645c last:0x50e0ea; DSP : data:0x0 last:0x0; 
D/[BT3.0+HS]PAL(  332): == chip_reset_fd is set ==
D/[BT3.0+HS]PAL(  332): 
D/[BT3.0+HS]PAL(  332): invalid reply message
D/[BT3.0+HS]PAL(  332): 
I/EMDLOGGER1(  780): MDL rate:31 KB/s, full count:0
W/MTKLogger(10981): Maybe device was updated from old version, change property to newer one
I/StorageManagerEx(10981): getInternalStoragePath from Property path=/storage/sdcard0
W/MTKLogger(10981): Maybe device was updated from old version, change property to newer one
I/StorageManagerEx(10981): getInternalStoragePath from Property path=/storage/sdcard0
I/thermal_repeater(  322): oh, queryMdThermalInfo (0)Bad file number
I/thermal_repeater(  322): [recvMdThermalInfo] ret=25, strLen=127,  1, 32767,,, -1, 32767, 2
D/[BT3.0+HS]PAL(  332): == chip_reset_fd is set ==
D/[BT3.0+HS]PAL(  332): 
D/[BT3.0+HS]PAL(  332): invalid reply message
D/[BT3.0+HS]PAL(  332): 
I/Netd    (  299): Get netlink event, ifname: wlan0 action: 4
D/[BT3.0+HS]PAL(  332): == chip_reset_fd is set ==
D/[BT3.0+HS]PAL(  332): 
D/[BT3.0+HS]PAL(  332): invalid reply message
D/[BT3.0+HS]PAL(  332): 
I/Netd    (  299): Get netlink event, ifname: wlan0 action: 4
E/wpa_supplicant( 1294): This is a Iphone softap!!!!!!! 
E/wpa_supplicant( 1294): This is a Iphone softap!!!!!!! 
E/wpa_supplicant( 1294): This is a Iphone softap!!!!!!! 
E/wpa_supplicant( 1294): This is a Iphone softap!!!!!!! 
E/WifiStateMachine(  881): mIsFullScanOngoing: true, mSendScanResultsBroadcast: false
E/WifiStateMachine(  881): mWifiOnScanCount: 1292
I/art     (  881): Background sticky concurrent mark sweep GC freed 9526(1831KB) AllocSpace objects, 0(0B) LOS objects, 3% free, 46MB/47MB, paused 10.285ms total 83.358ms
I/System.out( 9685): isFirstLoc：false
W/ContextImpl( 9304): Calling a method in the system process without a qualified user: android.app.ContextImpl.startService:1863 android.content.ContextWrapper.startService:516 android.content.ContextWrapper.startService:516 com.meizu.dataservice.ExperienceReceiver.a:-1 com.meizu.dataservice.ExperienceReceiver.onReceive:-1 
I/WindowManager(  881): interceptKeyTq keycode=3 interactive=false keyguardActive=true policyFlags=2000000 down =true canceled = false isWakeKey=true mVolumeDownKeyTriggered =false mVolumeUpKeyTriggered =false result = 0 useHapticFeedback = false isInjected = false result = 0
I/PowerManagerService(  881): Waking up from sleep (uid 1000)...reason:101
I/MzPhoneWindowManager(  881): interceptHomeKeyLongPress: add mLunchVoiceActivity
I/ActivityManager(  881): onWakefulnessChanged: 1
I/DisplayPowerController(  881): Blocking screen on until initial contents have been drawn.
I/SensorHAL(  881): Dev Flush, handle: 4, name: LSM6DS3 Accelerometer Sensor, ret: -22
I/SensorHAL(  881): Dev Batch, handle: 2, name: LTR559 Proximity Sensor
I/SensorHAL(  881): Dev Active, handle: 2, name: LTR559 Proximity Sensor, enable: 1.
I/SensorHAL(  881): SensorBase::Enable. name: LTR559 Proximity Sensor, enable: 1
I/SensorHAL(  881): HWSensorBase::Enable, handle: 2, name: lsm6ds3_proximity, enable: 1
I/SensorHAL(  881): Dev Batch, handle: 1, name: LTR559 Light Sensor
I/SensorHAL(  881): Dev Active, handle: 1, name: LTR559 Light Sensor, enable: 1.
I/SensorHAL(  881): SensorBase::Enable. name: LTR559 Light Sensor, enable: 1
I/SensorHAL(  881): HWSensorBase::Enable, handle: 1, name: lsm6ds3_light, enable: 1
E/SensorHAL(  881): [Proximity]: 5.000000
W/ContextImpl(  881): Calling a method in the system process without a qualified user: android.app.ContextImpl.sendBroadcast:1474 com.android.server.statusbar.StatusBarManagerService.onPanelRevealed:531 com.android.internal.statusbar.IStatusBarService$Stub.onTransact:185 android.os.Binder.execTransact:454 <bottom of call stack> 
I/ChargeViewUtils( 1045): updateChargingState shouldChargingViewShow = true , mPluggedIn = true
I/PalmRejection( 1045): enableProximityLockLocked, mProximitySensorEnabled = false
I/BatteryConsumeMonitor( 1344): idleModeFlag : false
E/WifiStateMachine(  881): cancelDelayedScan -> 65
E/native  (  881): do suspend false
I/AudioFlinger(  304): setParameters(): io 0, keyvalue screen_state=on, calling pid 881
I/str_params(  304): key: 'screen_state' value: 'on'
I/BatteryConsumeMonitor( 1344): cancelRepeatAlarm
E/WifiManagerFlyme( 1344): disableScanInterface exception: java.lang.NoSuchMethodException
I/wpa_supplicant( 1294): wpa_driver_nl80211_driver_cmd: buf =  ret = 2 used = 2 total = 4096
I/hwcomposer(  276): [HWC] SetPowerMode(2) Display(0)
I/DisplayManagerService(  881): Display device changed: DisplayDeviceInfo{"内置屏幕": uniqueId="local:0", 1080 x 1920, 57.35 fps, supportedRefreshRates [57.35], density 480, 480.0 x 480.0 dpi, appVsyncOff -8000000, presDeadline 26436792, touch INTERNAL, rotation 0, type BUILT_IN, state ON, subtype 0, FLAG_DEFAULT_DISPLAY, FLAG_ROTATES_WITH_CONTENT, FLAG_SECURE, FLAG_SUPPORTS_PROTECTED_BUFFERS}
I/WindowManager(  881): interceptKeyTq keycode=3 interactive=true keyguardActive=true policyFlags=22000000 down =false canceled = false isWakeKey=false mVolumeDownKeyTriggered =false mVolumeUpKeyTriggered =false result = 1 useHapticFeedback = false isInjected = false result = 1
I/MzPhoneWindowManager(  881): interceptHomeKeyLongPress: remove mLunchVoiceActivity
I/PerfService(  276): PerfServiceNative_notifyDisplayType:0
I/SurfaceFlinger(  276): [Built-in Screen (type:0)] fps:0.046273,dur:561879.89,max:561314.06,min:11.03
I/SensorHAL(  881): Dev Batch, handle: 3, name: LTR559 Proximity Sensor (Wake Up)
I/SensorHAL(  881): Dev Active, handle: 3, name: LTR559 Proximity Sensor (Wake Up), enable: 1.
I/SensorHAL(  881): SensorBase::Enable. name: LTR559 Proximity Sensor (Wake Up), enable: 1
I/SensorHAL(  881): HWSensorBase::Enable, handle: 3, name: lsm6ds3_ps_wk, enable: 1
W/ADB_SERVICES(16908): create_local_service_socket() name=shell:wm size
W/ADB_SERVICES(16908): service_to_fd() name=shell:wm size
W/ADB_SERVICES(16908): read_meminfo() mem_free=33048
W/ADB_SERVICES(16908): create_subproc ret_fd=17 pid=14488
W/ADB_SERVICES(16908): LS(1767): bound to 'shell:wm size' via 17
E/SensorHAL(  881): [Proximity]: 5.000000
E/SensorHAL(  881): [Proximity]: 5.000000
W/ADB_SERVICES(14488): adb: unable to update oom_score_adj
I/PalmRejection( 1045): onSensorChanged() -- distance = 5.0, active = false
I/PalmRejection( 1045): proximityChangedLocked, false, mScreenOnAndTooClose false
I/PalmRejection( 1045): no active! go on wakup!
I/libPerfService(  881): perfSetFavorPid - pid:0, 0
I/PanelView( 1045): Max panel height 657,expand height 657.0, shade mode false
I/libPerfService(  881): perfSetFavorPid - pid:9685, 25d5
I/libPerfService(  881): perfSetFavorPid - pid:0, 0
I/[MALI][Gralloc](  276): Usage: 0xb00, format: 0x1 stride: 1088 vertical_stride: 1920 size: 8355840
I/[MALI][Gralloc](  276): Usage: 0xb00, format: 0x1 stride: 1088 vertical_stride: 1920 size: 8355840
I/DisplayPowerController(  881): Unblocked screen on after 560 ms
I/libPerfService(  881): perfSetFavorPid - pid:9685, 25d5
I/PerfService(  276): PerfServiceNative_notifyDisplayType:1
I/[MALI][Gralloc](  276): Usage: 0xb00, format: 0x1 stride: 1088 vertical_stride: 1920 size: 8355840
I/PerfService(  276): PerfServiceNative_notifyDisplayType:0
I/libPerfService(  881): 13: set freq: 1235000
I/libPerfService(  881): 13: set: 4
E/memtrack(14488): Couldn't load memtrack module (No such file or directory)
E/android.os.Debug(14488): failed to load memtrack module: -2
I/libPerfService(  881): 12: set freq: 1300000
I/ChargeViewUtils( 1045): updateChargingState shouldChargingViewShow = false , mPluggedIn = true
I/PanelView( 1045): Max panel height 657,expand height 657.0, shade mode false
I/libPerfService(  881): 12: set: 6
I/PanelView( 1045): Max panel height 657,expand height 526.463, shade mode false
I/PanelView( 1045): Max panel height 657,expand height 526.463, shade mode false
I/libPerfService(  881): perfSetFavorPid - pid:0, 0
I/[MALI][Gralloc](  276): Usage: 0xb00, format: 0x1 stride: 1088 vertical_stride: 1920 size: 8355840
I/PanelView( 1045): Max panel height 657,expand height 338.61743, shade mode false
W/ADB_SERVICES(16908): create_local_service_socket() name=shell:cat /proc/meminfo
W/ADB_SERVICES(16908): service_to_fd() name=shell:cat /proc/meminfo
W/ADB_SERVICES(16908): read_meminfo() mem_free=35708
W/ADB_SERVICES(16908): create_subproc ret_fd=18 pid=14504
W/ADB_SERVICES(16908): LS(1768): bound to 'shell:cat /proc/meminfo' via 18
I/PanelView( 1045): Max panel height 657,expand height 338.61743, shade mode false
W/ADB_SERVICES(14504): adb: unable to update oom_score_adj
W/ADB_SERVICES(16908): entered. LS(1768) fd=18
I/PanelView( 1045): Max panel height 657,expand height 136.88074, shade mode false
I/PanelView( 1045): Max panel height 657,expand height 136.88074, shade mode false
W/ADB_SERVICES(16908): create_local_service_socket() name=shell:getprop ro.build.version.release
W/ADB_SERVICES(16908): service_to_fd() name=shell:getprop ro.build.version.release
W/ADB_SERVICES(16908): read_meminfo() mem_free=35520
W/ADB_SERVICES(16908): create_subproc ret_fd=18 pid=14505
W/ADB_SERVICES(16908): LS(1769): bound to 'shell:getprop ro.build.version.release' via 18
W/ADB_SERVICES(14505): adb: unable to update oom_score_adj
I/PanelView( 1045): Max panel height 657,expand height 0.0, shade mode false
W/ADB_SERVICES(16908): entered. LS(1769) fd=18
I/PanelView( 1045): Max panel height 657,expand height 0.0, shade mode false
I/PanelView( 1045): Max panel height 657,expand height 0.0, shade mode false
W/ADB_SERVICES(16908): create_local_service_socket() name=shell:getprop ro.product.model
W/ADB_SERVICES(16908): service_to_fd() name=shell:getprop ro.product.model
W/ADB_SERVICES(16908): read_meminfo() mem_free=35132
W/ADB_SERVICES(16908): create_subproc ret_fd=18 pid=14506
W/ADB_SERVICES(16908): LS(1770): bound to 'shell:getprop ro.product.model' via 18
W/ADB_SERVICES(14506): adb: unable to update oom_score_adj
W/ADB_SERVICES(16908): entered. LS(1770) fd=18
I/PanelView( 1045): Max panel height 657,expand height 0.0, shade mode false
I/PerfService(  881): PerfServiceNative_boostDisableAsync:5
I/libPerfService(  881): 5: set: 6
I/libPerfService(  881): 5: set freq: 1300000
I/PanelView( 1045): Max panel height 657,expand height 0.0, shade mode false
I/PanelView( 1045): mTracking true,cancel fling false,instant collapse false
I/PanelView( 1045): reachTarget false,camera intercept false,camera running false
W/ADB_SERVICES(16908): create_local_service_socket() name=shell:getprop ro.product.brand
W/ADB_SERVICES(16908): service_to_fd() name=shell:getprop ro.product.brand
W/ADB_SERVICES(16908): read_meminfo() mem_free=35256
W/ADB_SERVICES(16908): create_subproc ret_fd=18 pid=14507
W/ADB_SERVICES(16908): LS(1771): bound to 'shell:getprop ro.product.brand' via 18
W/ADB_SERVICES(14507): adb: unable to update oom_score_adj
I/PanelView( 1045): Max panel height 657,expand height 0.0, shade mode false
W/ContextImpl(  881): Calling a method in the system process without a qualified user: android.app.ContextImpl.sendBroadcast:1474 com.android.server.statusbar.StatusBarManagerService.onPanelHidden:555 com.android.internal.statusbar.IStatusBarService$Stub.onTransact:192 android.os.Binder.execTransact:454 <bottom of call stack> 
W/ADB_SERVICES(16908): entered. LS(1771) fd=18
I/AudioPolicyManager(  304): s 0 c 0 avaDev 3 ba2dpo 0 ba2dpsp 0 dev 2
I/AudioPolicyManager(  304): getOutput() device 2, stream 1, samplingRate 0, format 0, channelMask 3, flags 0
I/AudioPolicyManager(  304): getOutput() returns output 2
I/AudioPolicyManager(  304): s 0 c 0 avaDev 3 ba2dpo 0 ba2dpsp 0 dev 2
I/AudioPolicyManager(  304): getOutput() device 2, stream 1, samplingRate 0, format 0, channelMask 3, flags 0
I/AudioPolicyManager(  304): getOutput() returns output 2
I/AudioPolicyManager(  304): s 0 c 0 avaDev 3 ba2dpo 0 ba2dpsp 0 dev 2
I/AudioPolicyManager(  304): getOutput() returns output 2
W/ADB_SERVICES(16908): create_local_service_socket() name=shell:cat /proc/cpuinfo
W/ADB_SERVICES(16908): service_to_fd() name=shell:cat /proc/cpuinfo
W/ADB_SERVICES(16908): read_meminfo() mem_free=35628
I/AudioFlinger_Threads(  304): attachAuxEffect_l EffectId 0
I/AudioFlinger_Threads(  304): attachAuxEffect_l status 0
W/ADB_SERVICES(16908): create_subproc ret_fd=18 pid=14509
W/ADB_SERVICES(16908): LS(1772): bound to 'shell:cat /proc/cpuinfo' via 18
I/AudioPolicyManager(  304): AddSampleRateArray index = 0 sampleRate = 44100
I/AudioPolicyManager(  304): startOutput() output 2, stream 1, session 820
I/AudioPolicyManager(  304): s 0 c 0 avaDev 3 ba2dpo 0 ba2dpsp 0 dev 2
I/AudioPolicyManager(  304): getNewOutputDevice() selected device 2
W/ADB_SERVICES(14509): adb: unable to update oom_score_adj
I/AudioPolicyManager(  304): setOutputDevice() output 2 device 0002 delayMs 0 force 0
I/AudioPolicyManager(  304): s 0 c 0 avaDev 3 ba2dpo 0 ba2dpsp 0 dev 2
I/AudioFlinger(  304): setParameters(): io 2, keyvalue FM_DIRECT_CONTROL=1, calling pid 304
I/AudioPolicyManager(  304): setOutputDevice() prevDevice 0002
I/AudioPolicyManager(  304): setOutputDevice() mMutePrevDevice 0000
I/AudioPolicyManager(  304): s 0 c 0 avaDev 3 ba2dpo 0 ba2dpsp 0 dev 2
I/AudioPolicyManager(  304): s 1 c 0 avaDev 3 ba2dpo 0 ba2dpsp 0 dev 1
I/AudioPolicyManager(  304): s 2 c 0 avaDev 3 ba2dpo 0 ba2dpsp 0 dev 2
I/AudioPolicyManager(  304): s 2 c 0 avaDev 3 ba2dpo 0 ba2dpsp 0 dev 2
I/AudioPolicyManager(  304): s 3 c 0 avaDev 3 ba2dpo 0 ba2dpsp 0 dev 2
I/AudioPolicyManager(  304): s 0 c 0 avaDev 3 ba2dpo 0 ba2dpsp 0 dev 2
I/AudioPolicyManager(  304): s 4 c 0 avaDev 3 ba2dpo 0 ba2dpsp 0 dev 2
I/AudioPolicyManager(  304): s 5 c 0 avaDev 3 ba2dpo 0 ba2dpsp 0 dev 2
I/AudioPolicyManager(  304): s 6 c 0 avaDev 3 ba2dpo 0 ba2dpsp 0 dev 2
I/AudioPolicyManager(  304): s 7 c 0 avaDev 3 ba2dpo 0 ba2dpsp 0 dev 2
I/AudioPolicyManager(  304): s 8 c 0 avaDev 3 ba2dpo 0 ba2dpsp 0 dev 2
I/AudioPolicyManager(  304): setOutputDevice() setting same device 0002 or null device for output 2
I/AudioPolicyManager(  304):  checkAndSetVolume stream = 1 index = 8 output = 2 device = 0x2 delayMs = 0 force = 0
I/AudioPolicyManager(  304): PolicyForceReplace stream = 1 sampleRate = 44100 
I/AudioFlinger_Threads(  304): reset track timestretch tracn name 4102, ratio 100, mTimeStretchTrackName[name-4096] 0
I/AudioPolicyManager(  304): releaseOutput() 2
I/PanelView( 1045): Max panel height 657,expand height 0.0, shade mode false
I/MeizuKeyguardThemeManager( 1045): setBarState ------ statusBarState=0,keyguardFadingAway=true,goingToFullShade=false,keyguardShowing=false
I/MeizuKeyguardThemeManager( 1045): setBarState 0
W/ADB_SERVICES(16908): entered. LS(1772) fd=18
I/PhoneStatusBar( 1045): updateNotificationCountChange,mLastHasNotification:false , hasActiveNotifications:true
I/KeyguardMusicController( 1045): Remove listener
I/MusicSupportService( 9458): removeListener pid: 1045 uid: 10030 binder: com.meizu.media.music.support.MusicSupportService$3@2d223099
I/libPerfService(  881): perfSetFavorPid - pid:9685, 25d5
W/KeyguardViewBase( 1045): setOnDismissAction =null
E/AudioALSAPlaybackHandlerBase(  304): openPcmDriver(), pcm_start(0xf3c77fa0) fail due to cannot start channel: Broken pipe
W/PerfScheduler(  881): Not Boost !
I/StatusBarManagerService(  881): disable by pkg=com.android.systemui
E/Tethering(  881): updateConfiguration: wrong MCCMNC =null
I/Tethering(  881): ifaceTypes = null, use default
I/Tethering(  881): upstreamIfaceTypes.add:0
I/Tethering(  881): upstreamIfaceTypes.add:1
I/Tethering(  881): upstreamIfaceTypes.add:5
I/Tethering(  881): upstreamIfaceTypes.add:7
I/Tethering(  881): upstreamIfaceTypes.add:9
I/Tethering(  881): upstreamIfaceTypes.add:49
I/PerfService(  276): PerfServiceNative_notifyDisplayType:1
I/Tethering(  881): checkDunRequired:2
W/MtpService( 3498): onReceive action: android.intent.action.USER_PRESENT
E/AudioALSAPlaybackHandlerBase(  304): -getHardwareBufferInfo pcm_get_htimestamp fail, ret = -1, pcm_get_error = cannot start channel: Broken pipe
W/ContextImpl( 1485): Calling a method in the system process without a qualified user: android.app.ContextImpl.startService:1863 android.content.ContextWrapper.startService:516 android.content.ContextWrapper.startService:516 com.meizu.networkmanager.c.o.a:25 com.meizu.networkmanager.boradcast.TrafficGlobalReceiver$2.run:238 
I/SurfaceView( 9685): updateWindow -- setFrame, this = com.baidu.platform.comapi.map.j{26ac461 V.E..... ........ 0,0-1080,1854}
I/WindowManager(  881): Gaining focus: Window{20dd3e56 u0 com.jieshun.jslife/com.jieshun.jslife.activity.common.MainFragmentActivity}
I/WindowManager(  881): Losing focus: Window{324c5a98 u0 StatusBar}
I/vpnTrace11( 1485): notifySavingDataChanged: isShowSavingFunc: false
I/NetworkStatsRecorder(  881): recordSnapshotLocked: ident[[{type=WIFI, subType=COMBINED, networkId=chaozhouniurouwan}]]
W/NetworkStatsRecorder(  881): unknown interfaces [lo, p2p0], ignoring those stats
I/NetworkStatsRecorder(  881): recordSnapshotLocked: ident[[{type=WIFI, subType=COMBINED, networkId=chaozhouniurouwan}]]
W/NetworkStatsRecorder(  881): unknown interfaces [lo, p2p0], ignoring those stats
I/NetworkStatsRecorder(  881): recordSnapshotLocked: ident[[{type=WIFI, subType=COMBINED, networkId=chaozhouniurouwan}]]
I/NetworkStatsRecorder(  881): recordSnapshotLocked: ident[[{type=WIFI, subType=COMBINED, networkId=chaozhouniurouwan}]]
I/NetworkStatsRecorder(  881): recordSnapshotLocked: ident[[{type=WIFI, subType=COMBINED, networkId=chaozhouniurouwan}]]
I/NetworkStatsRecorder(  881): recordSnapshotLocked: ident[[{type=WIFI, subType=COMBINED, networkId=chaozhouniurouwan}]]
W/NetworkStatsRecorder(  881): unknown interfaces [lo, p2p0], ignoring those stats
I/NetworkStatsRecorder(  881): recordSnapshotLocked: ident[[{type=WIFI, subType=COMBINED, networkId=chaozhouniurouwan}]]
W/NetworkStatsRecorder(  881): unknown interfaces [lo, p2p0], ignoring those stats
I/libPerfService(  881): perfSetFavorPid - pid:0, 0
I/libPerfService(  881): perfSetFavorPid - pid:9685, 25d5
I/vpnTrace11( 1485): notifySavingDataChanged: isShowSavingFunc: false
I/com.jieshun.jslife.activity.common.MainFragmentActivity( 9685): onResume()======
W/ADB_SERVICES(16908): create_local_service_socket() name=shell:export ANDROID_LOG_TAGS="''"; exec logcat
W/ADB_SERVICES(16908): service_to_fd() name=shell:export ANDROID_LOG_TAGS="''"; exec logcat
W/ADB_SERVICES(16908): read_meminfo() mem_free=32196
I/PalmRejection( 1045): disableProximityLockLocked, mProximitySensorEnabled = true
W/ADB_SERVICES(16908): create_subproc ret_fd=18 pid=14514
W/ADB_SERVICES(16908): LS(1773): bound to 'shell:export ANDROID_LOG_TAGS="''"; exec logcat' via 18
I/SensorHAL(  881): Dev Active, handle: 3, name: LTR559 Proximity Sensor (Wake Up), enable: 0.
I/SensorHAL(  881): SensorBase::Enable. name: LTR559 Proximity Sensor (Wake Up), enable: 0
W/ADB_SERVICES(16908): create_local_service_socket() name=shell:monkey -p com.jieshun.jslife -s 997 --throttle 300 --ignore-crashes --ignore-timeouts --pct-touch 80 --pct-trackball 5 --pct-appswitch 5 --pct-syskeys 5 --pct-motion 5 -v -v 500
W/ADB_SERVICES(16908): service_to_fd() name=shell:monkey -p com.jieshun.jslife -s 997 --throttle 300 --ignore-crashes --ignore-timeouts --pct-touch 80 --pct-trackball 5 --pct-appswitch 5 --pct-syskeys 5 --pct-motion 5 -v -v 500
W/ADB_SERVICES(14514): adb: unable to update oom_score_adj
W/ADB_SERVICES(16908): read_meminfo() mem_free=32196
I/EglHelper( 9685): eglInitialize = 692, this = com.baidu.platform.comapi.map.j{26ac461 V.E..... ........ 0,0-1080,1854}
I/EglHelper( 9685): chooseConfig = 692, this = com.baidu.platform.comapi.map.j{26ac461 V.E..... ........ 0,0-1080,1854}
W/ADB_SERVICES(16908): create_subproc ret_fd=22 pid=14516
W/ADB_SERVICES(16908): LS(1774): bound to 'shell:monkey -p com.jieshun.jslife -s 997 --throttle 300 --ignore-crashes --ignore-timeouts --pct-touch 80 --pct-trackball 5 --pct-appswitch 5 --pct-syskeys 5 --pct-motion 5 -v -v 500' via 22
W/ADB_SERVICES(16908): create_local_service_socket() name=shell:cat /data/anr/traces.txt
W/ADB_SERVICES(16908): service_to_fd() name=shell:cat /data/anr/traces.txt
W/ADB_SERVICES(16908): read_meminfo() mem_free=32040
D/libc-netbsd( 9685): [getaddrinfo]: hostname=hdwg.jieshunpay.cn; servname=(null); cache_mode=(null), netid=0; mark=0
D/libc-netbsd( 9685): [getaddrinfo]: ai_addrlen=0; ai_canonname=(null); ai_flags=4; ai_family=0
D/libc-netbsd( 9685): [getaddrinfo]: hostname=hdwg.jieshunpay.cn; servname=(null); cache_mode=(null), netid=0; mark=0
D/libc-netbsd( 9685): [getaddrinfo]: ai_addrlen=0; ai_canonname=(null); ai_flags=1024; ai_family=0
W/ADB_SERVICES(16908): create_subproc ret_fd=23 pid=14517
W/ADB_SERVICES(16908): LS(1775): bound to 'shell:cat /data/anr/traces.txt' via 23
I/SensorHAL(  881): HWSensorBase::Enable, handle: 3, name: lsm6ds3_ps_wk, enable: 0
I/PalmRejection( 1045): mSensorManager.unregisterListener(mProximityListener)
W/ADB_SERVICES(14516): adb: unable to update oom_score_adj
I/DefaultContextFactory( 9685): createContext = 692, this = com.baidu.platform.comapi.map.j{26ac461 V.E..... ........ 0,0-1080,1854}
I/PalmRejection( 1045): mProximityWakeLock.release()
W/ActivityManager(  881): getRunningAppProcesses: caller 10102 does not hold REAL_GET_TASKS; limiting output
W/ADB_SERVICES(14517): adb: unable to update oom_score_adj
D/libc-netbsd(  299): [getaddrinfo]: hostname=hdwg.jieshunpay.cn; servname=(null); cache_mode=local, netid=104; mark=917608
D/libc-netbsd(  299): [getaddrinfo]: ai_addrlen=0; ai_canonname=(null); ai_flags=1024; ai_family=0
D/libc-netbsd(  299): default dns: query_ipv6=0, query_ipv4=1
D/libc-netbsd(  299): res_queryN name = hdwg.jieshunpay.cn, class = 1, type = 1
D/libc-netbsd(  299): netid=104, dns0:202.96.134.33
W/ADB_SERVICES(16908): entered. LS(1767) fd=17
D/libc-netbsd(  299): netid=104, dns1:202.96.128.86
D/libc-netbsd(  299): netid=104, dns2:8.8.8.8
I/GLSurfaceView( 9685): setRenderMode = 1, this = com.baidu.platform.comapi.map.j{26ac461 V.E..... ........ 0,0-1080,1854}
W/ADB_SERVICES(16908): entered. LS(1775) fd=23
W/ActivityManager(  881): getRunningAppProcesses: caller 10102 does not hold REAL_GET_TASKS; limiting output
I/[MALI][Gralloc](  276): Usage: 0xb00, format: 0x1 stride: 1088 vertical_stride: 1854 size: 8068608
E/AudioFlinger(  304): getNextBuffer, get null buffer
D/libc-netbsd(  299): res_queryN name = hdwg.jieshunpay.cn succeed
D/libc-netbsd( 9685): getaddrinfo: hdwg.jieshunpay.cn get result from proxy >>
I/System.out( 9685): propertyValue:true
I/System.out( 9685): [CDS]connect[hdwg.jieshunpay.cn/14.215.135.104:8120] tm:10
I/AudioFlinger_Threads(  304): pause signal - [NOT READY] on thread
D/libc-netbsd( 9685): [getaddrinfo]: hostname=client.map.baidu.com; servname=80; cache_mode=(null), netid=0; mark=0
D/libc-netbsd( 9685): [getaddrinfo]: ai_addrlen=0; ai_canonname=(null); ai_flags=0; ai_family=0
W/ActivityManager(  881): getRunningAppProcesses: caller 10102 does not hold REAL_GET_TASKS; limiting output
W/ActivityManager(  881): getRunningAppProcesses: caller 10102 does not hold REAL_GET_TASKS; limiting output
D/libc-netbsd(  299): [getaddrinfo]: hostname=client.map.baidu.com; servname=80; cache_mode=local, netid=104; mark=917608
D/libc-netbsd(  299): [getaddrinfo]: ai_addrlen=0; ai_canonname=(null); ai_flags=0; ai_family=0
D/libc-netbsd(  299): res_queryN name = client.map.baidu.com, class = 1, type = 28
D/libc-netbsd(  299): res_queryN name = client.map.baidu.com, class = 1, type = 1
D/libc-netbsd(  299): netid=104, dns0:202.96.134.33
D/libc-netbsd(  299): netid=104, dns1:202.96.128.86
D/libc-netbsd(  299): netid=104, dns2:8.8.8.8
D/libc-netbsd(  299): res_queryN name = client.map.baidu.com succeed
D/libc-netbsd( 9685): getaddrinfo: client.map.baidu.com get result from proxy >>
I/SurfaceFlinger(  276): [Built-in Screen (type:0)] fps:19.776352,dur:1011.31,max:471.56,min:16.32
I/MobclickAgent( 9685): Start new session: B1065D2E91E5B7B14F4AC93A96F9E123
I/AudioPolicyManager(  304): ReleaseFMIndirectMode 
I/AudioPolicyManager(  304): PolicyRestore
I/AudioPolicyManager(  304): stopOutput() output 2, stream 1, session 820
I/AudioPolicyManager(  304): getNewOutputDevice() selected device 0
I/AudioPolicyManager(  304): setOutputDevice() output 2 device 0000 delayMs 184 force 0
I/AudioPolicyManager(  304): setOutputDevice() prevDevice 0002
I/AudioPolicyManager(  304): setOutputDevice() mMutePrevDevice 0002
I/AudioPolicyManager(  304): s 0 c 0 avaDev 3 ba2dpo 0 ba2dpsp 0 dev 2
I/AudioPolicyManager(  304): s 1 c 0 avaDev 3 ba2dpo 0 ba2dpsp 0 dev 1
I/AudioPolicyManager(  304): s 2 c 0 avaDev 3 ba2dpo 0 ba2dpsp 0 dev 2
I/AudioPolicyManager(  304): s 2 c 0 avaDev 3 ba2dpo 0 ba2dpsp 0 dev 2
I/AudioPolicyManager(  304): s 3 c 0 avaDev 3 ba2dpo 0 ba2dpsp 0 dev 2
I/AudioPolicyManager(  304): s 0 c 0 avaDev 3 ba2dpo 0 ba2dpsp 0 dev 2
I/AudioPolicyManager(  304): s 4 c 0 avaDev 3 ba2dpo 0 ba2dpsp 0 dev 2
I/AudioPolicyManager(  304): s 5 c 0 avaDev 3 ba2dpo 0 ba2dpsp 0 dev 2
I/AudioPolicyManager(  304): s 6 c 0 avaDev 3 ba2dpo 0 ba2dpsp 0 dev 2
I/AudioPolicyManager(  304): s 7 c 0 avaDev 3 ba2dpo 0 ba2dpsp 0 dev 2
I/AudioPolicyManager(  304): s 8 c 0 avaDev 3 ba2dpo 0 ba2dpsp 0 dev 2
I/AudioPolicyManager(  304): setOutputDevice() setting same device 0000 or null device for output 2
W/MALI    ( 9685): glDrawArrays:714: [MALI] glDrawArrays takes more than 5ms here. Total elapse time(us): 8901
I/libPerfService(  881): perfSetFavorPid - pid:0, 0
W/InputMethodManagerService(  881): Window already focused, ignoring focus gain of: com.android.internal.view.IInputMethodClient$Stub$Proxy@e2bda96 attribute=android.view.inputmethod.EditorInfo@b49f617, token = android.os.BinderProxy@c203071
I/Cweather( 8881): loadCurrentWeatherInfo cityName:福田区 isUserTheme:false temp:31 
I/libPerfService(  881): perfSetFavorPid - pid:9685, 25d5
I/SurfaceView( 9685): updateWindow -- setFrame, this = com.baidu.platform.comapi.map.j{26ac461 V.E..... ........ 0,0-1080,1854}
W/MALI    ( 9685): glDrawArrays:714: [MALI] glDrawArrays takes more than 5ms here. Total elapse time(us): 6098
I/System.out( 9685): [CDS]EAGAIN in Recvfrom
I/System.out( 9685): [CDS]read byte is 0
I/AudioFlinger(  304): setParameters(): io 2, keyvalue FM_DIRECT_CONTROL=0, calling pid 304
I/[MALI][Gralloc](  276): Usage: 0xb00, format: 0x1 stride: 1088 vertical_stride: 1854 size: 8068608
W/MALI    ( 9685): glDrawArrays:714: [MALI] glDrawArrays takes more than 5ms here. Total elapse time(us): 12541
I/art     ( 9685): Background sticky concurrent mark sweep GC freed 28092(1621KB) AllocSpace objects, 8(128KB) LOS objects, 2% free, 59MB/61MB, paused 7.221ms total 88.087ms
I/DebugFlymeWeather( 8881): HotwordSwitch hotwordSwitch:1
I/libPerfService(  881): 15: set: 6
I/libPerfService(  881): 15: set freq: 1300000
I/libPerfService(  881): 15: set gpu level: 0
W/hwcomposer(  276): [JOB] (0) Timed out waiting for vsync...
I/[MALI][Gralloc](  276): Usage: 0xb00, format: 0x1 stride: 1088 vertical_stride: 66 size: 287232
I/SurfaceView( 9685): updateWindow -- setFrame, this = com.baidu.platform.comapi.map.j{26ac461 V.E..... ........ 0,0-1080,1854}
I/[MALI][Gralloc](  276): Usage: 0xb00, format: 0x1 stride: 1088 vertical_stride: 66 size: 287232
W/ActivityManager(  881): getRunningAppProcesses: caller 10102 does not hold REAL_GET_TASKS; limiting output
I/QuenedWorkProxy( 8391): clean QuenedWork.sPendingWorkFinishers(185342190) size 0
I/[MALI][Gralloc](  276): Usage: 0xb00, format: 0x1 stride: 1088 vertical_stride: 66 size: 287232
I/[MALI][Gralloc](  276): Usage: 0xb00, format: 0x1 stride: 1088 vertical_stride: 66 size: 287232
D/libc-netbsd( 9685): [getaddrinfo]: hostname=itsmap3.baidu.com; servname=80; cache_mode=(null), netid=0; mark=0
D/libc-netbsd( 9685): [getaddrinfo]: ai_addrlen=0; ai_canonname=(null); ai_flags=0; ai_family=0
W/ActivityManager(  881): getRunningAppProcesses: caller 10102 does not hold REAL_GET_TASKS; limiting output
W/ActivityManager(  881): getRunningAppProcesses: caller 10102 does not hold REAL_GET_TASKS; limiting output
W/ActivityManager(  881): getRunningAppProcesses: caller 10102 does not hold REAL_GET_TASKS; limiting output
D/libc-netbsd(  299): [getaddrinfo]: hostname=itsmap3.baidu.com; servname=80; cache_mode=local, netid=104; mark=917608
D/libc-netbsd(  299): [getaddrinfo]: ai_addrlen=0; ai_canonname=(null); ai_flags=0; ai_family=0
D/libc-netbsd(  299): res_queryN name = itsmap3.baidu.com, class = 1, type = 28
D/libc-netbsd(  299): res_queryN name = itsmap3.baidu.com, class = 1, type = 1
D/libc-netbsd(  299): netid=104, dns0:202.96.134.33
D/libc-netbsd(  299): netid=104, dns1:202.96.128.86
D/libc-netbsd(  299): netid=104, dns2:8.8.8.8
I/auto_update_AppAutoUpdateManager( 8391): current Jobs:100,103,102,101,
W/auto_update_AppAutoUpdateManager( 8391): --Screen on and cancel scheduler download,switch:true, wifi:true, and Screen on: true, Power Connected: true, Battery: 100(-50|+15), Competitive:false(not check), downloaded size:0, downloaded time:0, available size:2
D/libc-netbsd(  299): res_queryN name = itsmap3.baidu.com succeed
D/libc-netbsd( 9685): getaddrinfo: itsmap3.baidu.com get result from proxy >>
W/MALI    ( 9685): glDrawArrays:714: [MALI] glDrawArrays takes more than 5ms here. Total elapse time(us): 5055
I/auto_update_AppAutoUpdateManager( 8391): cancel JobOnce
I/System.out( 9685): open:http://alog.umeng.com/app_logs
D/libc-netbsd( 9685): [getaddrinfo]: hostname=alog.umeng.com; servname=(null); cache_mode=(null), netid=0; mark=0
D/libc-netbsd( 9685): [getaddrinfo]: ai_addrlen=0; ai_canonname=(null); ai_flags=4; ai_family=0
D/libc-netbsd( 9685): [getaddrinfo]: hostname=alog.umeng.com; servname=(null); cache_mode=(null), netid=0; mark=0
D/libc-netbsd( 9685): [getaddrinfo]: ai_addrlen=0; ai_canonname=(null); ai_flags=1024; ai_family=0
I/QuenedWorkProxy( 8391): clean QuenedWork.sPendingWorkFinishers(185342190) size 1
I/[MALI][Gralloc](  276): Usage: 0xb00, format: 0x1 stride: 1088 vertical_stride: 1854 size: 8068608
D/libc-netbsd(  299): [getaddrinfo]: hostname=alog.umeng.com; servname=(null); cache_mode=local, netid=104; mark=917608
D/libc-netbsd(  299): [getaddrinfo]: ai_addrlen=0; ai_canonname=(null); ai_flags=1024; ai_family=0
D/libc-netbsd(  299): default dns: query_ipv6=0, query_ipv4=1
D/libc-netbsd(  299): res_queryN name = alog.umeng.com, class = 1, type = 1
I/System.out( 9685): Close in OkHttp
I/System.out( 9685): [CDS]close[48383]
I/NetworkManagementSocketTagger( 9685): untagSocket(47)
D/libc-netbsd(  299): netid=104, dns0:202.96.134.33
D/libc-netbsd(  299): netid=104, dns1:202.96.128.86
D/libc-netbsd(  299): netid=104, dns2:8.8.8.8
D/libc-netbsd(  299): res_queryN name = alog.umeng.com succeed
D/libc-netbsd( 9685): getaddrinfo: alog.umeng.com get result from proxy >>
I/System.out( 9685): propertyValue:true
I/System.out( 9685): [CDS]connect[alog.umeng.com/106.11.250.205:80] tm:10
W/MALI    ( 9685): glDrawArrays:714: [MALI] glDrawArrays takes more than 5ms here. Total elapse time(us): 5057
I/System.out( 9685): [OkHttp] sendRequest>>
I/System.out( 9685): [OkHttp] sendRequest<<
I/GLSurfaceView( 9685): setRenderMode = 0, this = com.baidu.platform.comapi.map.j{26ac461 V.E..... ........ 0,0-1080,1854}
I/MobclickAgent( 9685): Send message to http://alog.umeng.com/app_logs
I/System.out( 9685): Close in OkHttp
I/System.out( 9685): [CDS]close[53335]
I/NetworkManagementSocketTagger( 9685): untagSocket(33)
I/System.out( 9685): isFirstLoc：false
I/MobclickAgent( 9685): send log:succeed
E/memtrack(14516): Couldn't load memtrack module (No such file or directory)
E/android.os.Debug(14516): failed to load memtrack module: -2
I/libPerfService(  881): perfSetFavorPid - pid:0, 0
I/libPerfService(  881): perfSetFavorPid - pid:9685, 25d5
I/System.out( 9105): M_UX Not Ready.
I/System.out( 9105): open:https://infocenter.meizu.com/android/security/hotword/deskinveno2?word=%E8%80%81%E5%8F%B8%E6%9C%BA%E7%9A%84%E7%82%B9%E9%A4%90%E6%96%B9%E6%B3%95&lastWord=%E5%B9%B4%E8%BD%BB%E6%83%85%E4%BE%A3%E5%85%A5%E4%BD%8F%E9%85%92%E5%BA%97%E9%81%AD%E5%81%B7%E6%8B%8D&sign=dc29a8669b50b38c7a1422056cbf2ff0&imei=868800027478449&id=1698&keep=false&ctime=1532049099424&type=2
D/libc-netbsd( 9105): [getaddrinfo]: hostname=infocenter.meizu.com; servname=(null); cache_mode=(null), netid=0; mark=0
D/libc-netbsd( 9105): [getaddrinfo]: ai_addrlen=0; ai_canonname=(null); ai_flags=4; ai_family=0
D/libc-netbsd( 9105): [getaddrinfo]: hostname=infocenter.meizu.com; servname=(null); cache_mode=(null), netid=0; mark=0
D/libc-netbsd( 9105): [getaddrinfo]: ai_addrlen=0; ai_canonname=(null); ai_flags=1024; ai_family=0
D/libc-netbsd(  299): [getaddrinfo]: hostname=infocenter.meizu.com; servname=(null); cache_mode=local, netid=104; mark=917608
D/libc-netbsd(  299): [getaddrinfo]: ai_addrlen=0; ai_canonname=(null); ai_flags=1024; ai_family=0
D/libc-netbsd(  299): default dns: query_ipv6=0, query_ipv4=1
D/libc-netbsd(  299): res_queryN name = infocenter.meizu.com, class = 1, type = 1
D/libc-netbsd(  299): netid=104, dns0:202.96.134.33
D/libc-netbsd(  299): netid=104, dns1:202.96.128.86
D/libc-netbsd(  299): netid=104, dns2:8.8.8.8
D/libc-netbsd(  299): res_queryN name = infocenter.meizu.com succeed
D/libc-netbsd( 9105): getaddrinfo: infocenter.meizu.com get result from proxy >>
I/System.out( 9105): propertyValue:true
I/System.out( 9105): [CDS]connect[infocenter.meizu.com/183.61.122.100:443] tm:2
I/libPerfService(  881): 12: set: 4
I/libPerfService(  881): 12: set freq: 1235000
I/libPerfService(  881): 12: set gpu level: 0
I/ActivityManager(  881): Controller Pid : 14516
W/BroadcastQueue(  881): Skipping deliver [background] BroadcastRecord{2cf7b270 u-1 android.net.conn.CONNECTIVITY_CHANGE} to ReceiverList{107549e9 14516 (unknown name)/2000/u-1 remote:1c430a22}: process crashing
D/libc-netbsd( 9105): [getaddrinfo]: hostname=infocenter.meizu.com; servname=(null); cache_mode=(null), netid=0; mark=0
D/libc-netbsd( 9105): [getaddrinfo]: ai_addrlen=0; ai_canonname=(null); ai_flags=4; ai_family=0
I/ActivityManager(  881): START u0 {act=android.intent.action.MAIN cat=[android.intent.category.LAUNCHER] flg=0x10200000 cmp=com.jieshun.jslife/.activity.common.WelcomeActivity} from uid 2000 on display 0 from pid 14516
E/NativeCrypto( 9105): ssl=0xef040000 cert_verify_callback x509_store_ctx=0xdf39e490 arg=0x0
E/NativeCrypto( 9105): ssl=0xef040000 cert_verify_callback calling verifyCertificateChain authMethod=ECDHE_RSA
I/SurfaceView( 9685): updateWindow -- OnScrollChangedListener, this = android.view.SurfaceView$2@37316d57
I/libPerfService(  881): perfSetFavorPid - pid:0, 0
I/System.out( 9105): gba_cipher_suite:TLS_ECDHE_RSA_WITH_AES_128_GCM_SHA256
I/System.out( 9105): [OkHttp] sendRequest>>
I/System.out( 9105): [OkHttp] sendRequest<<
I/NetworkManagementSocketTagger( 9105): untagSocket(28)
I/[MALI][Gralloc](  276): Usage: 0xb00, format: 0x1 stride: 1088 vertical_stride: 1854 size: 8068608
I/SurfaceView( 9685): updateWindow -- setFrame, this = com.baidu.platform.comapi.map.j{26ac461 V.E..... ........ 0,0-1080,1854}
I/SurfaceFlinger(  276): [Built-in Screen (type:0)] fps:29.070948,dur:1031.96,max:262.06,min:10.24
I/SurfaceView( 9685): updateWindow -- setFrame, this = com.baidu.platform.comapi.map.j{26ac461 V.E..... ........ 0,0-1080,1854}
I/libPerfService(  881): perfSetFavorPid - pid:9685, 25d5
I/HotWordSupplier( 9105): broadCastHotWord----------jsonValue={"activityId":"1698","appPackage":"com.meizu.mstore","appVersion":"1-100000000000","ctime":"1532049099424","hotword":"老司机的点餐方法","refreshSwitch":"0","type":"2"}
I/PerfService(  881): PerfServiceNative_boostDisableAsync:5
I/libPerfService(  881): 5: set: 4
I/libPerfService(  881): 5: set freq: 1235000
I/Cweather( 8881): loadCurrentWeatherInfo cityName:福田区 isUserTheme:false temp:31 
I/SurfaceView( 9685): updateWindow -- setFrame, this = com.baidu.platform.comapi.map.j{26ac461 V.E..... ........ 0,0-1080,1854}
I/DebugFlymeWeather( 8881): HotwordSwitch hotwordSwitch:1
I/AudioPolicyManager(  304): s 0 c 0 avaDev 3 ba2dpo 0 ba2dpsp 0 dev 2
I/AudioPolicyManager(  304): getOutput() device 2, stream 1, samplingRate 0, format 0, channelMask 3, flags 0
I/AudioPolicyManager(  304): getOutput() returns output 2
I/AudioPolicyManager(  304): s 0 c 0 avaDev 3 ba2dpo 0 ba2dpsp 0 dev 2
I/AudioPolicyManager(  304): getOutput() device 2, stream 1, samplingRate 0, format 0, channelMask 3, flags 0
I/AudioPolicyManager(  304): getOutput() returns output 2
I/AudioPolicyManager(  304): s 0 c 0 avaDev 3 ba2dpo 0 ba2dpsp 0 dev 2
I/AudioPolicyManager(  304): getOutput() returns output 2
W/AudioTrack(  881): AUDIO_OUTPUT_FLAG_FAST denied by client
I/AudioFlinger_Threads(  304): attachAuxEffect_l EffectId 0
I/AudioFlinger_Threads(  304): attachAuxEffect_l status 0
I/AudioPolicyManager(  304): AddSampleRateArray index = 1 sampleRate = 48000
I/AudioPolicyManager(  304): startOutput() output 2, stream 1, session 821
I/AudioPolicyManager(  304): s 0 c 0 avaDev 3 ba2dpo 0 ba2dpsp 0 dev 2
I/AudioPolicyManager(  304): getNewOutputDevice() selected device 2
I/AudioPolicyManager(  304): setOutputDevice() output 2 device 0002 delayMs 0 force 0
I/AudioPolicyManager(  304): s 0 c 0 avaDev 3 ba2dpo 0 ba2dpsp 0 dev 2
I/AudioFlinger(  304): setParameters(): io 2, keyvalue FM_DIRECT_CONTROL=1, calling pid 304
I/AudioPolicyManager(  304): setOutputDevice() prevDevice 0002
I/AudioPolicyManager(  304): setOutputDevice() mMutePrevDevice 0000
I/AudioPolicyManager(  304): s 0 c 0 avaDev 3 ba2dpo 0 ba2dpsp 0 dev 2
I/AudioPolicyManager(  304): s 1 c 0 avaDev 3 ba2dpo 0 ba2dpsp 0 dev 1
I/AudioPolicyManager(  304): s 2 c 0 avaDev 3 ba2dpo 0 ba2dpsp 0 dev 2
I/AudioPolicyManager(  304): s 2 c 0 avaDev 3 ba2dpo 0 ba2dpsp 0 dev 2
I/AudioPolicyManager(  304): s 3 c 0 avaDev 3 ba2dpo 0 ba2dpsp 0 dev 2
I/AudioPolicyManager(  304): s 0 c 0 avaDev 3 ba2dpo 0 ba2dpsp 0 dev 2
I/AudioPolicyManager(  304): s 4 c 0 avaDev 3 ba2dpo 0 ba2dpsp 0 dev 2
I/AudioPolicyManager(  304): s 5 c 0 avaDev 3 ba2dpo 0 ba2dpsp 0 dev 2
I/AudioPolicyManager(  304): s 6 c 0 avaDev 3 ba2dpo 0 ba2dpsp 0 dev 2
I/AudioPolicyManager(  304): s 7 c 0 avaDev 3 ba2dpo 0 ba2dpsp 0 dev 2
I/AudioPolicyManager(  304): s 8 c 0 avaDev 3 ba2dpo 0 ba2dpsp 0 dev 2
I/AudioPolicyManager(  304): setOutputDevice() setting same device 0002 or null device for output 2
I/AudioPolicyManager(  304):  checkAndSetVolume stream = 1 index = 8 output = 2 device = 0x2 delayMs = 0 force = 0
I/AudioPolicyManager(  304): PolicyForceReplace stream = 1 sampleRate = 48000 
I/AudioFlinger_Threads(  304): reset track timestretch tracn name 4098, ratio 100, mTimeStretchTrackName[name-4096] 0
I/System.out( 9685): [CDS]EAGAIN in Recvfrom
I/System.out( 9685): [CDS]read byte is 0
I/AudioPolicyManager(  304): releaseOutput() 2
I/thermal_repeater(  322): oh, queryMdThermalInfo (0)Bad file number
I/thermal_repeater(  322): [recvMdThermalInfo] ret=25, strLen=127,  1, 32767,,, -1, 32767, 2
I/ActivityManager(  881): START u0 {cmp=com.jieshun.jslife/jst.com.paylibrary.activity.JstWebviewActivity (has extras)} from uid 10102 on display 0 from pid 9685
I/libPerfService(  881): 15: set freq: 1300000
I/libPerfService(  881): 15: set: 6
I/WindowManager(  881): Losing focus: Window{20dd3e56 u0 com.jieshun.jslife/com.jieshun.jslife.activity.common.MainFragmentActivity}
I/com.jieshun.jslife.activity.common.MainFragmentActivity( 9685): onPause()======
E/AudioFlinger(  304): getNextBuffer, get null buffer
I/DefaultContextFactory( 9685): eglDestroyContext = 692, this = com.baidu.platform.comapi.map.j{26ac461 V.E..... ........ 0,0-1080,1854}
I/AudioFlinger_Threads(  304): pause signal - [NOT READY] on thread
I/chromium( 9685): [INFO:synchronous_compositor_impl.cc(111)] [SynchronousCompositorImpl::SetClient] [0xbe1acbb0]
W/art     ( 9685): Attempt to remove local handle scope entry from IRT, ignoring
W/chromium( 9685): [WARNING:password_handler.cc(33)] create-->contents = 0xc34e4100, delegate = 0xbe0e0890
W/chromium( 9685): [WARNING:password_handler.cc(41)] attaching to web_contents 
W/AwContents( 9685): onDetachedFromWindow called when already detached. Ignoring
W/art     ( 9685): Attempt to remove local handle scope entry from IRT, ignoring
