I/[MALI][Gralloc](  276): Usage: 0xb00, format: 0x1 stride: 1088 vertical_stride: 66 size: 287232
I/[MALI][Gralloc](  276): Usage: 0xb00, format: 0x1 stride: 1088 vertical_stride: 66 size: 287232
I/[MALI][Gralloc](  276): Usage: 0xb00, format: 0x1 stride: 1088 vertical_stride: 66 size: 287232
I/SurfaceFlinger(  276): [Built-in Screen (type:0)] fps:56.786037,dur:1003.77,max:35.87,min:11.41
E/MzUpdateComponent:2.3.2(17097): Plugin:check interval interrupt
E/AdLog-Host(17097): update fail: java.lang.Exception: no plugin update info, code=0
I/libPerfService(  881): 7: set: 6
I/libPerfService(  881): 7: set freq: 1300000
I/libPerfService(  881): perfSetFavorPid - pid:1631, 65f
I/libPerfService(  881): perfSetFavorPid - pid:0, 0
E/Vold    (  275): Failed to find mounted volume for /storage/sdcard1/Android/data/com.meizu.media.reader/cache/
W/Vold    (  275): Returning OperationFailed - no handler for errno 0
W/ContextImpl(17124): Failed to ensure directory: /storage/sdcard1/Android/data/com.meizu.media.reader/cache
D/libc-netbsd(  299): res_queryN name = aider.meizu.com succeed
D/libc-netbsd(17097): getaddrinfo: aider.meizu.com get result from proxy >>
I/System.out(17097): propertyValue:true
I/System.out(17097): openConnection:1
D/libc-netbsd(17097): [getaddrinfo]: hostname=121.14.201.236; servname=(null); cache_mode=(null), netid=0; mark=0
D/libc-netbsd(17097): [getaddrinfo]: ai_addrlen=0; ai_canonname=(null); ai_flags=4; ai_family=0
I/System.out(17097): [CDS]connect[/121.14.201.236:80] tm:60
E/Vold    (  275): Failed to find mounted volume for /storage/sdcard1/Android/data/com.meizu.media.reader/cache/
W/Vold    (  275): Returning OperationFailed - no handler for errno 0
W/ContextImpl(17124): Failed to ensure directory: /storage/sdcard1/Android/data/com.meizu.media.reader/cache
W/linker  (17124): libduktape.so: unused DT entry: type 0x6ffffffe arg 0xa3a0
W/linker  (17124): libduktape.so: unused DT entry: type 0x6fffffff arg 0x3
I/libPerfService(  881): 12: set: 6
I/libPerfService(  881): 12: set freq: 1300000
I/libPerfService(  881): 12: set gpu level: 0
I/libPerfService(  881): perfSetFavorPid - pid:1631, 65f
I/QuenedWorkProxy( 8391): clean QuenedWork.sPendingWorkFinishers(185342190) size 0
I/auto_update_AppAutoUpdateManager( 8391): current Jobs:100,103,102,101,
W/auto_update_AppAutoUpdateManager( 8391): --Screen on and cancel scheduler download,switch:true, wifi:true, and Screen on: true, Power Connected: true, Battery: 100(-50|+15), Competitive:false(not check), downloaded size:0, downloaded time:0, available size:2
I/auto_update_AppAutoUpdateManager( 8391): cancel JobOnce
W/READER_LOGGER-NetworkStatusManager(17124): updateNetworkType: result type=1 mode=null
I/QuenedWorkProxy( 8391): clean QuenedWork.sPendingWorkFinishers(185342190) size 1
I/System.out(17097): buffer size:8192
I/System.out(17097): rxBufferSize size:
I/System.out(17124): M_UX Not Ready.
I/System.out(17124): open:https://servicecut.meizu.com/interface/locate
D/libc-netbsd(17124): [getaddrinfo]: hostname=servicecut.meizu.com; servname=(null); cache_mode=(null), netid=0; mark=0
D/libc-netbsd(17124): [getaddrinfo]: ai_addrlen=0; ai_canonname=(null); ai_flags=4; ai_family=0
D/libc-netbsd(17124): [getaddrinfo]: hostname=servicecut.meizu.com; servname=(null); cache_mode=(null), netid=0; mark=0
D/libc-netbsd(17124): [getaddrinfo]: ai_addrlen=0; ai_canonname=(null); ai_flags=1024; ai_family=0
D/libc-netbsd(  299): [getaddrinfo]: hostname=servicecut.meizu.com; servname=(null); cache_mode=local, netid=104; mark=917608
D/libc-netbsd(  299): [getaddrinfo]: ai_addrlen=0; ai_canonname=(null); ai_flags=1024; ai_family=0
D/libc-netbsd(  299): default dns: query_ipv6=0, query_ipv4=1
D/libc-netbsd(  299): res_queryN name = servicecut.meizu.com, class = 1, type = 1
D/libc-netbsd(  299): netid=104, dns0:202.96.134.33
D/libc-netbsd(  299): netid=104, dns1:202.96.128.86
D/libc-netbsd(  299): netid=104, dns2:8.8.8.8
I/System.out(17097): >doSendRequest
I/System.out(17097): <doSendRequest
E/SQLiteLog(17124): (283) recovered 12 frames from WAL file /data/data/com.meizu.media.reader/databases/statsapp_v3.db-wal
I/libPerfService(  881): 10: set: 4
I/libPerfService(  881): 10: set freq: 1235000
I/libPerfService(  881): 10: set gpu level: 0
D/libc-netbsd(  299): res_queryN name = servicecut.meizu.com succeed
D/libc-netbsd(17124): getaddrinfo: servicecut.meizu.com get result from proxy >>
I/System.out(17124): propertyValue:true
I/System.out(17124): [CDS]connect[servicecut.meizu.com/14.152.73.226:443] tm:90
I/NetworkManagementSocketTagger(17097): untagSocket(25)
I/AudioFlinger(  304): setParameters(): io 0, keyvalue mediaserver_monitor=1, calling pid 881
W/AudioALSAHardware(  304): setParameters(), still have param.size() = 1, remain param = "mediaserver_monitor=1"
I/str_params(  304): key: 'mediaserver_monitor' value: '1'
I/AudioPolicyManager(  304): setStreamVolumeIndex stream = 7 index = 15 device = 0x400
I/System.out(17097): M_UX Not Ready.
I/System.out(17097): open:http://coapi.moji.com/whapi/json/lbsweather?timestamp=1532078139057&token=b32173940ee1a42c0f63e7d60d76e8c0&key=813e86ccea012b0bf0cb9b20b439f7de&lat=22.57121&lon=114.04327
D/libc-netbsd(17097): [getaddrinfo]: hostname=coapi.moji.com; servname=(null); cache_mode=(null), netid=0; mark=0
D/libc-netbsd(17097): [getaddrinfo]: ai_addrlen=0; ai_canonname=(null); ai_flags=4; ai_family=0
D/libc-netbsd(17097): [getaddrinfo]: hostname=coapi.moji.com; servname=(null); cache_mode=(null), netid=0; mark=0
D/libc-netbsd(17097): [getaddrinfo]: ai_addrlen=0; ai_canonname=(null); ai_flags=1024; ai_family=0
D/libc-netbsd(  299): [getaddrinfo]: hostname=coapi.moji.com; servname=(null); cache_mode=local, netid=104; mark=917608
D/libc-netbsd(  299): [getaddrinfo]: ai_addrlen=0; ai_canonname=(null); ai_flags=1024; ai_family=0
D/libc-netbsd(  299): default dns: query_ipv6=0, query_ipv4=1
D/libc-netbsd(  299): res_queryN name = coapi.moji.com, class = 1, type = 1
D/libc-netbsd(  299): netid=104, dns0:202.96.134.33
D/libc-netbsd(  299): netid=104, dns1:202.96.128.86
D/libc-netbsd(  299): netid=104, dns2:8.8.8.8
I/libPerfService(  881): 13: set: 1
I/libPerfService(  881): 13: set freq: 0
I/libPerfService(  881): 13: set gpu level: 0
I/System.out(17097): open:http://alog.umeng.com/app_logs
D/libc-netbsd(17097): [getaddrinfo]: hostname=alog.umeng.com; servname=(null); cache_mode=(null), netid=0; mark=0
D/libc-netbsd(17097): [getaddrinfo]: ai_addrlen=0; ai_canonname=(null); ai_flags=4; ai_family=0
D/libc-netbsd(17097): [getaddrinfo]: hostname=alog.umeng.com; servname=(null); cache_mode=(null), netid=0; mark=0
D/libc-netbsd(17097): [getaddrinfo]: ai_addrlen=0; ai_canonname=(null); ai_flags=1024; ai_family=0
D/libc-netbsd(  299): [getaddrinfo]: hostname=alog.umeng.com; servname=(null); cache_mode=local, netid=104; mark=917608
D/libc-netbsd(  299): [getaddrinfo]: ai_addrlen=0; ai_canonname=(null); ai_flags=1024; ai_family=0
D/libc-netbsd(  299): default dns: query_ipv6=0, query_ipv4=1
D/libc-netbsd(  299): res_queryN name = alog.umeng.com, class = 1, type = 1
D/libc-netbsd(  299): netid=104, dns0:202.96.134.33
D/libc-netbsd(  299): netid=104, dns1:202.96.128.86
D/libc-netbsd(  299): netid=104, dns2:8.8.8.8
E/WXSDKEngine(17124): WXEnvironment.sApplication is null
D/libc-netbsd(  299): res_queryN name = coapi.moji.com succeed
D/libc-netbsd(17097): getaddrinfo: coapi.moji.com get result from proxy >>
I/System.out(17097): propertyValue:true
I/System.out(17097): [CDS]connect[coapi.moji.com/103.235.239.201:80] tm:5
I/INIT_SO (17124): initSo start
I/INIT_SO (17124): initSo start load so
I/INIT_SO (17124): initSo path /data/app/com.meizu.media.reader-1/lib/arm/libweexjsc.so
W/weex    (17124): weex so size check path :/data/app/com.meizu.media.reader-1/lib/arm/libweexjsc.so   0
I/INIT_SO (17124): initSo is valid
I/INIT_SO (17124): initSo weexjsb libName weexjsc
W/linker  (17124): libweexjsb.so: unused DT entry: type 0x6ffffffe arg 0x59c
W/linker  (17124): libweexjsb.so: unused DT entry: type 0x6fffffff arg 0x3
W/linker  (17124): libweexjss.so: unused DT entry: type 0x6ffffffe arg 0x1e30
W/linker  (17124): libweexjss.so: unused DT entry: type 0x6fffffff arg 0x3
E/linker  (17124): "libweexjsb.so": ignoring 2-entry DT_PREINIT_ARRAY in shared library!
W/linker  (17124): libweexjsc.so: unused DT entry: type 0x6ffffffe arg 0x17b4
W/linker  (17124): libweexjsc.so: unused DT entry: type 0x6fffffff arg 0x3
E/Vold    (  275): Failed to find mounted volume for /storage/sdcard1/Android/data/com.meizu.media.reader/cache/
W/Vold    (  275): Returning OperationFailed - no handler for errno 0
D/libc-netbsd(17124): [getaddrinfo]: hostname=servicecut.meizu.com; servname=(null); cache_mode=(null), netid=0; mark=0
D/libc-netbsd(17124): [getaddrinfo]: ai_addrlen=0; ai_canonname=(null); ai_flags=4; ai_family=0
W/ContextImpl(17124): Failed to ensure directory: /storage/sdcard1/Android/data/com.meizu.media.reader/cache
E/Vold    (  275): Failed to find mounted volume for /storage/sdcard1/Android/data/com.meizu.media.reader/cache/
W/Vold    (  275): Returning OperationFailed - no handler for errno 0
W/ContextImpl(17124): Failed to ensure directory: /storage/sdcard1/Android/data/com.meizu.media.reader/cache
W/READER_LOGGER-FlymeAccountService(17124): setToken: Unknown subject
I/System.out(15197): open:https://servicecut.meizu.com/interface/locate
D/libc-netbsd(15197): [getaddrinfo]: hostname=servicecut.meizu.com; servname=(null); cache_mode=(null), netid=0; mark=0
D/libc-netbsd(15197): [getaddrinfo]: ai_addrlen=0; ai_canonname=(null); ai_flags=4; ai_family=0
D/libc-netbsd(15197): [getaddrinfo]: hostname=servicecut.meizu.com; servname=(null); cache_mode=(null), netid=0; mark=0
D/libc-netbsd(15197): [getaddrinfo]: ai_addrlen=0; ai_canonname=(null); ai_flags=1024; ai_family=0
I/System.out(15197): Close in OkHttp
D/libc-netbsd(  299): [getaddrinfo]: hostname=servicecut.meizu.com; servname=(null); cache_mode=local, netid=104; mark=917608
D/libc-netbsd(  299): [getaddrinfo]: ai_addrlen=0; ai_canonname=(null); ai_flags=1024; ai_family=0
I/System.out(15197): [CDS]close[55088]
I/NetworkManagementSocketTagger(15197): untagSocket(54)
D/libc-netbsd(  299): default dns: query_ipv6=0, query_ipv4=1
D/libc-netbsd(  299): res_queryN name = servicecut.meizu.com, class = 1, type = 1
D/libc-netbsd(  299): res_queryN name = servicecut.meizu.com succeed
D/libc-netbsd(15197): getaddrinfo: servicecut.meizu.com get result from proxy >>
I/System.out(15197): propertyValue:true
I/System.out(15197): [CDS]connect[servicecut.meizu.com/14.152.73.226:443] tm:90
I/libPerfService(  881): perfSetFavorPid - pid:0, 0
I/SurfaceFlinger(  276): [Built-in Screen (type:0)] fps:8.606401,dur:1278.12,max:1000.18,min:16.88
D/libc-netbsd(  299): res_queryN name = alog.umeng.com succeed
W/weex    (17124): WXComponentRegistry Duplicate the Module name: navigator
D/libc-netbsd(17097): getaddrinfo: alog.umeng.com get result from proxy >>
I/System.out(17097): propertyValue:true
I/System.out(17097): [CDS]connect[alog.umeng.com/106.11.250.139:80] tm:10
D/libc-netbsd(15197): [getaddrinfo]: hostname=api.meizu.com; servname=(null); cache_mode=(null), netid=0; mark=0
D/libc-netbsd(15197): [getaddrinfo]: ai_addrlen=0; ai_canonname=(null); ai_flags=4; ai_family=0
D/libc-netbsd(15197): [getaddrinfo]: hostname=api.meizu.com; servname=(null); cache_mode=(null), netid=0; mark=0
D/libc-netbsd(15197): [getaddrinfo]: ai_addrlen=0; ai_canonname=(null); ai_flags=1024; ai_family=0
D/libc-netbsd(  299): [getaddrinfo]: hostname=api.meizu.com; servname=(null); cache_mode=local, netid=104; mark=917608
D/libc-netbsd(  299): [getaddrinfo]: ai_addrlen=0; ai_canonname=(null); ai_flags=1024; ai_family=0
D/libc-netbsd(  299): default dns: query_ipv6=0, query_ipv4=1
D/libc-netbsd(  299): res_queryN name = api.meizu.com, class = 1, type = 1
D/libc-netbsd(  299): netid=104, dns0:202.96.134.33
D/libc-netbsd(  299): netid=104, dns1:202.96.128.86
D/libc-netbsd(  299): netid=104, dns2:8.8.8.8
W/weex    (17124): WXComponentRegistry Duplicate the Module name: storage
W/weex    (17124): WXComponentRegistry Duplicate the Module name: userinfo
W/weex    (17124): app AvailMemory ---->>>805
I/initFramework(17124): framework 
I/isInitFramework(17124): onJsFrameworkStart null
E/jsengine(17124): startupPie :1
W/linker  (17226): /data/app/com.meizu.media.reader-1/lib/arm/libweexjsb.so: unused DT entry: type 0x6ffffffe arg 0x59c
W/linker  (17226): /data/app/com.meizu.media.reader-1/lib/arm/libweexjsb.so: unused DT entry: type 0x6fffffff arg 0x3
W/linker  (17226): libweexjss.so: unused DT entry: type 0x6ffffffe arg 0x1e30
W/linker  (17226): libweexjss.so: unused DT entry: type 0x6fffffff arg 0x3
I/jsengine(17226): mainstartup
D/MDLOGGER_CLEAR_LOG(  780): mdlogger clearLog V4.W1442.1
I/MDLOGGER_CLEAR_LOG(  780): clearLogFolder /storage/sdcard0/mtklog/mdlog1 size is 40 M. Recycle size is 600 M,no need clear log
D/EMDLOGGER1(  780): CTRL_reader: incoming SPLM req, msgid=6, token=0, result=0
I/EMDLOGGER1(  780): [MDLOG] [stats][buf] L1 : data:0x1c1aa last:0x5473a4; (1, 0x9ce4, 0x5473a4)(3, 0x709, 0x547063)PS : data:0xa3ed last:0x5473a4; L2 : data:0x8ea0 last:0x5473a3; 
D/EMDLOGGER1(  780): CTRL_reader: incoming SPLM req, msgid=6, token=0, result=0
I/EMDLOGGER1(  780): [MDLOG] [stats][mux] MCU : data:0x34f46 last:0x547289; DSP : data:0x0 last:0x0; 
D/libc-netbsd(17124): [getaddrinfo]: hostname=reader.meizu.com; servname=(null); cache_mode=(null), netid=0; mark=0
D/libc-netbsd(17124): [getaddrinfo]: ai_addrlen=0; ai_canonname=(null); ai_flags=4; ai_family=0
D/libc-netbsd(17124): [getaddrinfo]: hostname=reader.meizu.com; servname=(null); cache_mode=(null), netid=0; mark=0
D/libc-netbsd(17124): [getaddrinfo]: ai_addrlen=0; ai_canonname=(null); ai_flags=1024; ai_family=0
D/libc-netbsd(  299): [getaddrinfo]: hostname=reader.meizu.com; servname=(null); cache_mode=local, netid=104; mark=917608
D/libc-netbsd(  299): [getaddrinfo]: ai_addrlen=0; ai_canonname=(null); ai_flags=1024; ai_family=0
D/libc-netbsd(  299): default dns: query_ipv6=0, query_ipv4=1
D/libc-netbsd(  299): res_queryN name = reader.meizu.com, class = 1, type = 1
D/libc-netbsd(  299): netid=104, dns0:202.96.134.33
D/libc-netbsd(  299): netid=104, dns1:202.96.128.86
D/libc-netbsd(  299): netid=104, dns2:8.8.8.8
I/isInitFramework(17124): isInitFramework 1
I/isInitFramework(17124): isInitFramework onJsFrameworkReady null
D/libc-netbsd(  299): res_queryN name = reader.meizu.com succeed
D/libc-netbsd(  299): res_queryN name = api.meizu.com succeed
D/libc-netbsd(17124): getaddrinfo: reader.meizu.com get result from proxy >>
I/System.out(17124): propertyValue:true
D/libc-netbsd(15197): getaddrinfo: api.meizu.com get result from proxy >>
I/System.out(15197): propertyValue:true
I/System.out(17124): [CDS]connect[reader.meizu.com/183.61.122.121:80] tm:15
I/System.out(15197): [CDS]connect[api.meizu.com/14.152.75.176:443] tm:30000
I/System.out(17097): [OkHttp] sendRequest>>
I/System.out(17097): [OkHttp] sendRequest<<
W/System.err(17124): java.lang.Exception: Error converting session
I/System.out(17097): [OkHttp] sendRequest>>
I/System.out(17097): [OkHttp] sendRequest<<
W/System.err(17124): 	at com.android.org.conscrypt.AbstractSessionContext.log(AbstractSessionContext.java:302)
W/System.err(17124): 	at com.android.org.conscrypt.AbstractSessionContext.toBytes(AbstractSessionContext.java:231)
W/System.err(17124): 	at com.android.org.conscrypt.ClientSessionContext.putSession(ClientSessionContext.java:118)
W/System.err(17124): 	at com.android.org.conscrypt.SSLParametersImpl.setupSession(SSLParametersImpl.java:627)
W/System.err(17124): 	at com.android.org.conscrypt.OpenSSLSocketImpl.startHandshake(OpenSSLSocketImpl.java:365)
W/System.err(17124): 	at com.android.okhttp.Connection.upgradeToTls(Connection.java:201)
W/System.err(17124): 	at com.android.okhttp.Connection.connect(Connection.java:155)
W/System.err(17124): 	at com.android.okhttp.internal.http.HttpEngine.connect(HttpEngine.java:282)
W/System.err(17124): 	at com.android.okhttp.internal.http.HttpEngine.sendRequest(HttpEngine.java:216)
W/System.err(17124): 	at com.android.okhttp.internal.http.HttpURLConnectionImpl.execute(HttpURLConnectionImpl.java:391)
W/System.err(17124): 	at com.android.okhttp.internal.http.HttpURLConnectionImpl.connect(HttpURLConnectionImpl.java:106)
W/System.err(17124): 	at com.android.okhttp.internal.http.HttpURLConnectionImpl.getOutputStream(HttpURLConnectionImpl.java:217)
W/System.err(17124): 	at com.android.okhttp.internal.http.DelegatingHttpsURLConnection.getOutputStream(DelegatingHttpsURLConnection.java:218)
W/System.err(17124): 	at com.android.okhttp.internal.http.HttpsURLConnectionImpl.getOutputStream(HttpsURLConnectionImpl.java:25)
W/System.err(17124): 	at com.meizu.gslb2.w.a(SourceFile:77)
W/System.err(17124): 	at com.meizu.gslb2.s.a(SourceFile:87)
W/System.err(17124): 	at com.meizu.gslb2.c$a.a(SourceFile:152)
W/System.err(17124): 	at com.meizu.gslb2.c$a.run(SourceFile:191)
W/System.err(17124): 	at java.util.concurrent.ThreadPoolExecutor.runWorker(ThreadPoolExecutor.java:1112)
W/System.err(17124): 	at java.util.concurrent.ThreadPoolExecutor$Worker.run(ThreadPoolExecutor.java:587)
W/System.err(17124): 	at java.lang.Thread.run(Thread.java:818)
W/System.err(17124): Caused by: javax.net.ssl.SSLPeerUnverifiedException: No peer certificates
W/System.err(17124): 	at com.android.org.conscrypt.OpenSSLSessionImpl.checkPeerCertificatesPresent(OpenSSLSessionImpl.java:266)
W/System.err(17124): 	at com.android.org.conscrypt.OpenSSLSessionImpl.getPeerCertificates(OpenSSLSessionImpl.java:257)
W/System.err(17124): 	at com.android.org.conscrypt.AbstractSessionContext.toBytes(AbstractSessionContext.java:219)
W/System.err(17124): 	... 19 more
I/System.out(17124): gba_cipher_suite:TLS_ECDHE_RSA_WITH_AES_128_GCM_SHA256
E/READER_LOGGER-GslbCore(17124): java.io.IOException: Hostname 'servicecut.meizu.com' was not verified
E/READER_LOGGER-GslbCore(17124): 	at com.android.okhttp.Connection.upgradeToTls(Connection.java:205)
E/READER_LOGGER-GslbCore(17124): 	at com.android.okhttp.Connection.connect(Connection.java:155)
E/READER_LOGGER-GslbCore(17124): 	at com.android.okhttp.internal.http.HttpEngine.connect(HttpEngine.java:282)
E/READER_LOGGER-GslbCore(17124): 	at com.android.okhttp.internal.http.HttpEngine.sendRequest(HttpEngine.java:216)
E/READER_LOGGER-GslbCore(17124): 	at com.android.okhttp.internal.http.HttpURLConnectionImpl.execute(HttpURLConnectionImpl.java:391)
E/READER_LOGGER-GslbCore(17124): 	at com.android.okhttp.internal.http.HttpURLConnectionImpl.connect(HttpURLConnectionImpl.java:106)
E/READER_LOGGER-GslbCore(17124): 	at com.android.okhttp.internal.http.HttpURLConnectionImpl.getOutputStream(HttpURLConnectionImpl.java:217)
E/READER_LOGGER-GslbCore(17124): 	at com.android.okhttp.internal.http.DelegatingHttpsURLConnection.getOutputStream(DelegatingHttpsURLConnection.java:218)
E/READER_LOGGER-GslbCore(17124): 	at com.android.okhttp.internal.http.HttpsURLConnectionImpl.getOutputStream(HttpsURLConnectionImpl.java:25)
E/READER_LOGGER-GslbCore(17124): 	at com.meizu.gslb2.w.a(SourceFile:77)
E/READER_LOGGER-GslbCore(17124): 	at com.meizu.gslb2.s.a(SourceFile:87)
E/READER_LOGGER-GslbCore(17124): 	at com.meizu.gslb2.c$a.a(SourceFile:152)
E/READER_LOGGER-GslbCore(17124): 	at com.meizu.gslb2.c$a.run(SourceFile:191)
E/READER_LOGGER-GslbCore(17124): 	at java.util.concurrent.ThreadPoolExecutor.runWorker(ThreadPoolExecutor.java:1112)
E/READER_LOGGER-GslbCore(17124): 	at java.util.concurrent.ThreadPoolExecutor$Worker.run(ThreadPoolExecutor.java:587)
E/READER_LOGGER-GslbCore(17124): 	at java.lang.Thread.run(Thread.java:818)
E/READER_LOGGER-GslbCore(17124): convert reader.meizu.com form server , throwable: java.io.IOException: Hostname 'servicecut.meizu.com' was not verified
E/READER_LOGGER-GslbCore(17124): 	at com.android.okhttp.Connection.upgradeToTls(Connection.java:205)
E/READER_LOGGER-GslbCore(17124): 	at com.android.okhttp.Connection.connect(Connection.java:155)
E/READER_LOGGER-GslbCore(17124): 	at com.android.okhttp.internal.http.HttpEngine.connect(HttpEngine.java:282)
E/READER_LOGGER-GslbCore(17124): 	at com.android.okhttp.internal.http.HttpEngine.sendRequest(HttpEngine.java:216)
E/READER_LOGGER-GslbCore(17124): 	at com.android.okhttp.internal.http.HttpURLConnectionImpl.execute(HttpURLConnectionImpl.java:391)
E/READER_LOGGER-GslbCore(17124): 	at com.android.okhttp.internal.http.HttpURLConnectionImpl.connect(HttpURLConnectionImpl.java:106)
E/READER_LOGGER-GslbCore(17124): 	at com.android.okhttp.internal.http.HttpURLConnectionImpl.getOutputStream(HttpURLConnectionImpl.java:217)
E/READER_LOGGER-GslbCore(17124): 	at com.android.okhttp.internal.http.DelegatingHttpsURLConnection.getOutputStream(DelegatingHttpsURLConnection.java:218)
E/READER_LOGGER-GslbCore(17124): 	at com.android.okhttp.internal.http.HttpsURLConnectionImpl.getOutputStream(HttpsURLConnectionImpl.java:25)
E/READER_LOGGER-GslbCore(17124): 	at com.meizu.gslb2.w.a(SourceFile:77)
E/READER_LOGGER-GslbCore(17124): 	at com.meizu.gslb2.s.a(SourceFile:87)
E/READER_LOGGER-GslbCore(17124): 	at com.meizu.gslb2.c$a.a(SourceFile:152)
E/READER_LOGGER-GslbCore(17124): 	at com.meizu.gslb2.c$a.run(SourceFile:191)
E/READER_LOGGER-GslbCore(17124): 	at java.util.concurrent.ThreadPoolExecutor.runWorker(ThreadPoolExecutor.java:1112)
E/READER_LOGGER-GslbCore(17124): 	at java.util.concurrent.ThreadPoolExecutor$Worker.run(ThreadPoolExecutor.java:587)
E/READER_LOGGER-GslbCore(17124): 	at java.lang.Thread.run(Thread.java:818)
D/libc-netbsd(15197): [getaddrinfo]: hostname=servicecut.meizu.com; servname=(null); cache_mode=(null), netid=0; mark=0
D/libc-netbsd(15197): [getaddrinfo]: ai_addrlen=0; ai_canonname=(null); ai_flags=4; ai_family=0
E/NativeCrypto(15197): ssl=0x7f8908bf80 cert_verify_callback x509_store_ctx=0x7f7196dc48 arg=0x0
E/NativeCrypto(15197): ssl=0x7f8908bf80 cert_verify_callback calling verifyCertificateChain authMethod=ECDHE_RSA
D/libc-netbsd(15197): [getaddrinfo]: hostname=api.meizu.com; servname=(null); cache_mode=(null), netid=0; mark=0
D/libc-netbsd(15197): [getaddrinfo]: ai_addrlen=0; ai_canonname=(null); ai_flags=4; ai_family=0
I/NetworkManagementSocketTagger(17097): untagSocket(35)
I/libPerfService(  881): perfSetFavorPid - pid:1631, 65f
I/Cweather(17097): loadCurrentWeatherInfo cityName: isUserTheme:false temp:31 
I/System.out(17097): open:http://stat.moji.com/aMoUp
D/libc-netbsd(17097): [getaddrinfo]: hostname=stat.moji.com; servname=(null); cache_mode=(null), netid=0; mark=0
D/libc-netbsd(17097): [getaddrinfo]: ai_addrlen=0; ai_canonname=(null); ai_flags=4; ai_family=0
D/libc-netbsd(17097): [getaddrinfo]: hostname=stat.moji.com; servname=(null); cache_mode=(null), netid=0; mark=0
D/libc-netbsd(17097): [getaddrinfo]: ai_addrlen=0; ai_canonname=(null); ai_flags=1024; ai_family=0
D/libc-netbsd(  299): [getaddrinfo]: hostname=stat.moji.com; servname=(null); cache_mode=local, netid=104; mark=917608
D/libc-netbsd(  299): [getaddrinfo]: ai_addrlen=0; ai_canonname=(null); ai_flags=1024; ai_family=0
D/libc-netbsd(  299): default dns: query_ipv6=0, query_ipv4=1
D/libc-netbsd(  299): res_queryN name = stat.moji.com, class = 1, type = 1
D/libc-netbsd(  299): netid=104, dns0:202.96.134.33
D/libc-netbsd(  299): netid=104, dns1:202.96.128.86
D/libc-netbsd(  299): netid=104, dns2:8.8.8.8
I/DebugFlymeWeather(17097): HotwordSwitch hotwordSwitch:1
I/System.out(17097): [CDS]close[51009]
I/NetworkManagementSocketTagger(17097): untagSocket(25)
I/libPerfService(  881): perfSetFavorPid - pid:0, 0
I/SurfaceFlinger(  276): [Built-in Screen (type:0)] fps:1.990491,dur:1004.78,max:992.95,min:11.83
I/libPerfService(  881): 7: set: 1
I/libPerfService(  881): 7: set freq: 0
D/libc-netbsd(  299): res_queryN name = stat.moji.com succeed
D/libc-netbsd(17097): getaddrinfo: stat.moji.com get result from proxy >>
I/System.out(17097): Close in OkHttp
E/NativeCrypto(15197): ssl=0x7f8206db00 cert_verify_callback x509_store_ctx=0x7f825de688 arg=0x0
E/NativeCrypto(15197): ssl=0x7f8206db00 cert_verify_callback calling verifyCertificateChain authMethod=ECDHE_RSA
I/System.out(15197): gba_cipher_suite:TLS_ECDHE_RSA_WITH_AES_128_GCM_SHA256
I/System.out(15197): [OkHttp] sendRequest>>
I/System.out(15197): [OkHttp] sendRequest<<
I/System.out(17097): [CDS]close[46137]
I/NetworkManagementSocketTagger(17097): untagSocket(36)
I/System.out(17097): propertyValue:true
I/System.out(17097): [CDS]connect[stat.moji.com/59.110.90.177:80] tm:5
I/thermal_repeater(  322): oh, queryMdThermalInfo (0)Bad file number
I/thermal_repeater(  322): [recvMdThermalInfo] ret=25, strLen=127,  1, 32767,,, -1, 32767, 2
I/libPerfService(  881): perfSetFavorPid - pid:1631, 65f
I/AppCenterAidlClient(17124): onServiceConnected: ComponentName=ComponentInfo{com.meizu.mstore/com.meizu.flyme.appcenter.aidl.AidlCommonService}
I/AppCenterAidlClient(17124): doCachedRequest: mRequestCache'size = 0
E/MzUpdateComponent:2.4.7(17124): Plugin:check interval interrupt
E/AdLog-Host(17124): update fail: java.lang.Exception: no plugin update info, code=0
I/NetworkManagementSocketTagger(15197): untagSocket(54)
I/System.out(15197): gba_cipher_suite:TLS_ECDHE_RSA_WITH_AES_128_GCM_SHA256
I/System.out(17097): [OkHttp] sendRequest>>
I/System.out(17097): [OkHttp] sendRequest<<
I/EMDLOGGER1(  780): MDL rate:43 KB/s, full count:0
I/System.out(15197): [CDS]close[60570]
I/NetworkManagementSocketTagger(15197): untagSocket(58)
I/NetworkManagementSocketTagger(17097): untagSocket(25)
D/libc-netbsd(15197): [getaddrinfo]: hostname=api.meizu.com; servname=(null); cache_mode=(null), netid=0; mark=0
D/libc-netbsd(15197): [getaddrinfo]: ai_addrlen=0; ai_canonname=(null); ai_flags=4; ai_family=0
I/System.out(15197): [CDS]connect[api.meizu.com/14.152.75.176:443] tm:30000
I/libPerfService(  881): perfSetFavorPid - pid:0, 0
I/libPerfService(  881): perfSetFavorPid - pid:1631, 65f
D/libc-netbsd(15197): [getaddrinfo]: hostname=api.meizu.com; servname=(null); cache_mode=(null), netid=0; mark=0
D/libc-netbsd(15197): [getaddrinfo]: ai_addrlen=0; ai_canonname=(null); ai_flags=4; ai_family=0
I/System.out(15197): gba_cipher_suite:TLS_ECDHE_RSA_WITH_AES_128_GCM_SHA256
I/libPerfService(  881): perfSetFavorPid - pid:0, 0
I/SurfaceFlinger(  276): [Built-in Screen (type:0)] fps:1.004297,dur:1991.44,max:995.96,min:995.48
I/System.out(15197): [CDS]close[37699]
I/NetworkManagementSocketTagger(15197): untagSocket(58)
I/libPerfService(  881): perfSetFavorPid - pid:1631, 65f
I/System.out(17124): [CDS]close[57498]
I/NetworkManagementSocketTagger(17124): untagSocket(38)
D/libc-netbsd(17124): [getaddrinfo]: hostname=i.flyme.cn; servname=(null); cache_mode=(null), netid=0; mark=0
D/libc-netbsd(17124): [getaddrinfo]: ai_addrlen=0; ai_canonname=(null); ai_flags=4; ai_family=0
D/libc-netbsd(17124): [getaddrinfo]: hostname=i.flyme.cn; servname=(null); cache_mode=(null), netid=0; mark=0
D/libc-netbsd(17124): [getaddrinfo]: ai_addrlen=0; ai_canonname=(null); ai_flags=1024; ai_family=0
D/libc-netbsd(  299): [getaddrinfo]: hostname=i.flyme.cn; servname=(null); cache_mode=local, netid=104; mark=917608
D/libc-netbsd(  299): [getaddrinfo]: ai_addrlen=0; ai_canonname=(null); ai_flags=1024; ai_family=0
D/libc-netbsd(  299): default dns: query_ipv6=0, query_ipv4=1
D/libc-netbsd(  299): res_queryN name = i.flyme.cn, class = 1, type = 1
D/libc-netbsd(  299): netid=104, dns0:202.96.134.33
D/libc-netbsd(  299): netid=104, dns1:202.96.128.86
D/libc-netbsd(  299): netid=104, dns2:8.8.8.8
I/libPerfService(  881): perfSetFavorPid - pid:0, 0
I/art     (  881): Background partial concurrent mark sweep GC freed 32279(2028KB) AllocSpace objects, 1(128KB) LOS objects, 8% free, 43MB/47MB, paused 3.186ms total 197.224ms
D/libc-netbsd(  299): res_queryN name = i.flyme.cn succeed
D/libc-netbsd(17124): getaddrinfo: i.flyme.cn get result from proxy >>
I/System.out(17124): propertyValue:true
I/System.out(17124): [CDS]connect[i.flyme.cn/14.152.75.183:443] tm:15
I/SurfaceFlinger(  276): [Built-in Screen (type:0)] fps:0.998102,dur:2003.80,max:1010.55,min:993.26
D/libc-netbsd(17124): [getaddrinfo]: hostname=i.flyme.cn; servname=(null); cache_mode=(null), netid=0; mark=0
D/libc-netbsd(17124): [getaddrinfo]: ai_addrlen=0; ai_canonname=(null); ai_flags=4; ai_family=0
I/thermal_repeater(  322): oh, queryMdThermalInfo (0)Bad file number
I/thermal_repeater(  322): [recvMdThermalInfo] ret=25, strLen=127,  1, 32767,,, -1, 32767, 2
I/SurfaceFlinger(  276): [Built-in Screen (type:0)] fps:1.006512,dur:1987.06,max:994.43,min:992.63
W/ADB_SERVICES(16908): create_local_service_socket() name=shell:wm size
W/ADB_SERVICES(16908): service_to_fd() name=shell:wm size
W/ADB_SERVICES(16908): read_meminfo() mem_free=82920
W/ADB_SERVICES(16908): create_subproc ret_fd=17 pid=17269
W/ADB_SERVICES(16908): LS(1974): bound to 'shell:wm size' via 17
W/ADB_SERVICES(17269): adb: unable to update oom_score_adj
E/NativeCrypto(17124): ssl=0xe0f08800 cert_verify_callback x509_store_ctx=0xdb534710 arg=0x0
E/NativeCrypto(17124): ssl=0xe0f08800 cert_verify_callback calling verifyCertificateChain authMethod=ECDHE_RSA
I/SurfaceFlinger(  276): [Built-in Screen (type:0)] fps:1.885708,dur:1060.61,max:1008.78,min:51.83
I/System.out(15197): [CDS]close[0]
I/NetworkManagementSocketTagger(15197): untagSocket(63)
I/System.out(15197): [CDS]close[0]
I/NetworkManagementSocketTagger(15197): untagSocket(64)
E/memtrack(17269): Couldn't load memtrack module (No such file or directory)
E/android.os.Debug(17269): failed to load memtrack module: -2
W/ADB_SERVICES(16908): create_local_service_socket() name=shell:cat /proc/meminfo
W/ADB_SERVICES(16908): service_to_fd() name=shell:cat /proc/meminfo
W/ADB_SERVICES(16908): read_meminfo() mem_free=78200
W/ADB_SERVICES(16908): create_subproc ret_fd=18 pid=17285
W/ADB_SERVICES(16908): LS(1975): bound to 'shell:cat /proc/meminfo' via 18
W/ADB_SERVICES(17285): adb: unable to update oom_score_adj
W/ADB_SERVICES(16908): entered. LS(1975) fd=18
W/ADB_SERVICES(16908): create_local_service_socket() name=shell:getprop ro.build.version.release
W/ADB_SERVICES(16908): service_to_fd() name=shell:getprop ro.build.version.release
W/ADB_SERVICES(16908): read_meminfo() mem_free=78000
W/ADB_SERVICES(16908): create_subproc ret_fd=18 pid=17286
W/ADB_SERVICES(16908): LS(1976): bound to 'shell:getprop ro.build.version.release' via 18
W/ADB_SERVICES(17286): adb: unable to update oom_score_adj
W/ADB_SERVICES(16908): entered. LS(1976) fd=18
W/ADB_SERVICES(16908): create_local_service_socket() name=shell:getprop ro.product.model
W/ADB_SERVICES(16908): service_to_fd() name=shell:getprop ro.product.model
W/ADB_SERVICES(16908): read_meminfo() mem_free=78000
W/ADB_SERVICES(16908): create_subproc ret_fd=18 pid=17287
W/ADB_SERVICES(16908): LS(1977): bound to 'shell:getprop ro.product.model' via 18
W/ADB_SERVICES(17287): adb: unable to update oom_score_adj
W/ADB_SERVICES(16908): entered. LS(1977) fd=18
W/ADB_SERVICES(16908): create_local_service_socket() name=shell:getprop ro.product.brand
W/ADB_SERVICES(16908): service_to_fd() name=shell:getprop ro.product.brand
W/ADB_SERVICES(16908): read_meminfo() mem_free=77752
W/ADB_SERVICES(16908): create_subproc ret_fd=18 pid=17288
W/ADB_SERVICES(16908): LS(1978): bound to 'shell:getprop ro.product.brand' via 18
W/ADB_SERVICES(17288): adb: unable to update oom_score_adj
W/ADB_SERVICES(16908): entered. LS(1978) fd=18
W/ADB_SERVICES(16908): create_local_service_socket() name=shell:cat /proc/cpuinfo
W/ADB_SERVICES(16908): service_to_fd() name=shell:cat /proc/cpuinfo
W/ADB_SERVICES(16908): read_meminfo() mem_free=78628
W/ADB_SERVICES(16908): create_subproc ret_fd=18 pid=17289
W/ADB_SERVICES(16908): LS(1979): bound to 'shell:cat /proc/cpuinfo' via 18
W/ADB_SERVICES(17289): adb: unable to update oom_score_adj
W/ADB_SERVICES(16908): entered. LS(1974) fd=17
W/ADB_SERVICES(16908): entered. LS(1979) fd=18
W/ADB_SERVICES(16908): create_local_service_socket() name=shell:monkey -p com.jieshun.jslife -s 26 --throttle 300 --ignore-crashes --ignore-timeouts --pct-touch 80 --pct-trackball 5 --pct-appswitch 5 --pct-syskeys 5 --pct-motion 5 -v -v 500
W/ADB_SERVICES(16908): service_to_fd() name=shell:monkey -p com.jieshun.jslife -s 26 --throttle 300 --ignore-crashes --ignore-timeouts --pct-touch 80 --pct-trackball 5 --pct-appswitch 5 --pct-syskeys 5 --pct-motion 5 -v -v 500
W/ADB_SERVICES(16908): read_meminfo() mem_free=83052
W/ADB_SERVICES(16908): create_subproc ret_fd=17 pid=17290
W/ADB_SERVICES(16908): LS(1980): bound to 'shell:monkey -p com.jieshun.jslife -s 26 --throttle 300 --ignore-crashes --ignore-timeouts --pct-touch 80 --pct-trackball 5 --pct-appswitch 5 --pct-syskeys 5 --pct-motion 5 -v -v 500' via 17
W/ADB_SERVICES(17290): adb: unable to update oom_score_adj
W/ADB_SERVICES(16908): create_local_service_socket() name=shell:export ANDROID_LOG_TAGS="''"; exec logcat
W/ADB_SERVICES(16908): service_to_fd() name=shell:export ANDROID_LOG_TAGS="''"; exec logcat
W/ADB_SERVICES(16908): read_meminfo() mem_free=83220
W/ADB_SERVICES(16908): create_subproc ret_fd=18 pid=17291
W/ADB_SERVICES(16908): LS(1981): bound to 'shell:export ANDROID_LOG_TAGS="''"; exec logcat' via 18
W/ADB_SERVICES(17291): adb: unable to update oom_score_adj
W/ADB_SERVICES(16908): create_local_service_socket() name=shell:cat /data/anr/traces.txt
W/ADB_SERVICES(16908): service_to_fd() name=shell:cat /data/anr/traces.txt
W/ADB_SERVICES(16908): read_meminfo() mem_free=83220
W/ADB_SERVICES(16908): create_subproc ret_fd=22 pid=17292
W/ADB_SERVICES(16908): LS(1982): bound to 'shell:cat /data/anr/traces.txt' via 22
W/ADB_SERVICES(17292): adb: unable to update oom_score_adj
W/ADB_SERVICES(16908): entered. LS(1982) fd=22
I/EMDLOGGER1(  780): MD writer time out 10 sec.
E/memtrack(17290): Couldn't load memtrack module (No such file or directory)
E/android.os.Debug(17290): failed to load memtrack module: -2
I/ActivityManager(  881): Controller Pid : 17290
W/BroadcastQueue(  881): Skipping deliver [background] BroadcastRecord{c09bbc6 u-1 android.net.conn.CONNECTIVITY_CHANGE} to ReceiverList{187f7787 17290 (unknown name)/2000/u-1 remote:a440208}: process crashing
I/ActivityManager(  881): START u0 {act=android.intent.action.MAIN cat=[android.intent.category.LAUNCHER] flg=0x10200000 cmp=com.jieshun.jslife/.activity.common.WelcomeActivity} from uid 2000 on display 0 from pid 17290
I/libPerfService(  881): 10: set freq: 1300000
I/libPerfService(  881): 10: set: 6
I/WindowManager(  881): Losing focus: Window{ae407a7 u0 com.meizu.flyme.launcher/com.meizu.flyme.launcher.Launcher}
W/PerfScheduler(  881): Not Boost !
I/SurfaceFlinger(  276): [Built-in Screen (type:0)] fps:1.364044,dur:1466.23,max:992.86,min:473.37
W/Zygote  (17308): mz_is_rooted false
I/ActivityManager(  881): Start proc 17308:com.jieshun.jslife/u0a102 for activity com.jieshun.jslife/.activity.common.WelcomeActivity
I/AudioFlinger(  304): setParameters(): io 0, keyvalue mediaserver_monitor=1, calling pid 881
W/AudioALSAHardware(  304): setParameters(), still have param.size() = 1, remain param = "mediaserver_monitor=1"
I/str_params(  304): key: 'mediaserver_monitor' value: '1'
I/AudioPolicyManager(  304): setStreamVolumeIndex stream = 7 index = 15 device = 0x400
I/libPerfService(  881): perfSetFavorPid - pid:17308, 439c
I/PerfService(  881): PerfServiceNative_boostDisableAsync:5
I/libPerfService(  881): 5: set: 6
I/libPerfService(  881): 5: set freq: 1300000
I/libPerfService(  881): perfSetFavorPid - pid:0, 0
I/AudioPolicyManager(  304): s 0 c 0 avaDev 3 ba2dpo 0 ba2dpsp 0 dev 2
I/AudioPolicyManager(  304): getOutput() device 2, stream 1, samplingRate 0, format 0, channelMask 3, flags 0
I/AudioPolicyManager(  304): getOutput() returns output 2
I/AudioPolicyManager(  304): s 0 c 0 avaDev 3 ba2dpo 0 ba2dpsp 0 dev 2
I/AudioPolicyManager(  304): getOutput() device 2, stream 1, samplingRate 0, format 0, channelMask 3, flags 0
I/AudioPolicyManager(  304): getOutput() returns output 2
I/AudioPolicyManager(  304): s 0 c 0 avaDev 3 ba2dpo 0 ba2dpsp 0 dev 2
I/AudioPolicyManager(  304): getOutput() returns output 2
W/AudioTrack(  881): AUDIO_OUTPUT_FLAG_FAST denied by client
I/AudioFlinger_Threads(  304): attachAuxEffect_l EffectId 0
I/AudioFlinger_Threads(  304): attachAuxEffect_l status 0
I/ActivityManager(  881): START u0 {act=android.intent.action.MAIN cat=[android.intent.category.LAUNCHER] flg=0x10200000 cmp=com.android.mms/.ui.ConversationList bnds=[540,1626][798,1920]} from uid 10012 on display 0 from pid 1631
I/AudioPolicyManager(  304): AddSampleRateArray index = 1 sampleRate = 48000
I/AudioPolicyManager(  304): startOutput() output 2, stream 1, session 835
I/AudioPolicyManager(  304): s 0 c 0 avaDev 3 ba2dpo 0 ba2dpsp 0 dev 2
I/AudioPolicyManager(  304): getNewOutputDevice() selected device 2
I/AudioPolicyManager(  304): setOutputDevice() output 2 device 0002 delayMs 0 force 0
I/AudioPolicyManager(  304): s 0 c 0 avaDev 3 ba2dpo 0 ba2dpsp 0 dev 2
I/AudioFlinger(  304): setParameters(): io 2, keyvalue FM_DIRECT_CONTROL=1, calling pid 304
I/AudioPolicyManager(  304): setOutputDevice() prevDevice 0002
I/AudioPolicyManager(  304): setOutputDevice() mMutePrevDevice 0000
I/AudioPolicyManager(  304): s 0 c 0 avaDev 3 ba2dpo 0 ba2dpsp 0 dev 2
I/AudioPolicyManager(  304): s 1 c 0 avaDev 3 ba2dpo 0 ba2dpsp 0 dev 1
I/AudioPolicyManager(  304): s 2 c 0 avaDev 3 ba2dpo 0 ba2dpsp 0 dev 2
I/AudioPolicyManager(  304): s 2 c 0 avaDev 3 ba2dpo 0 ba2dpsp 0 dev 2
I/AudioPolicyManager(  304): s 3 c 0 avaDev 3 ba2dpo 0 ba2dpsp 0 dev 2
I/AudioPolicyManager(  304): s 0 c 0 avaDev 3 ba2dpo 0 ba2dpsp 0 dev 2
I/AudioPolicyManager(  304): s 4 c 0 avaDev 3 ba2dpo 0 ba2dpsp 0 dev 2
I/AudioPolicyManager(  304): s 5 c 0 avaDev 3 ba2dpo 0 ba2dpsp 0 dev 2
I/AudioPolicyManager(  304): s 6 c 0 avaDev 3 ba2dpo 0 ba2dpsp 0 dev 2
I/AudioPolicyManager(  304): s 7 c 0 avaDev 3 ba2dpo 0 ba2dpsp 0 dev 2
I/AudioPolicyManager(  304): s 8 c 0 avaDev 3 ba2dpo 0 ba2dpsp 0 dev 2
I/AudioPolicyManager(  304): setOutputDevice() setting same device 0002 or null device for output 2
I/AudioPolicyManager(  304):  checkAndSetVolume stream = 1 index = 8 output = 2 device = 0x2 delayMs = 0 force = 0
I/AudioPolicyManager(  304): PolicyForceReplace stream = 1 sampleRate = 48000 
I/AudioFlinger_Threads(  304): reset track timestretch tracn name 4098, ratio 100, mTimeStretchTrackName[name-4096] 0
I/AudioPolicyManager(  304): releaseOutput() 2
E/AudioALSAPlaybackHandlerBase(  304): openPcmDriver(), pcm_start(0xf3c77fa0) fail due to cannot start channel: Broken pipe
I/Launcher.MD5( 1631): createMD5, pathFile is /system/priv-app/Mms/Mms.apk
E/AudioALSAPlaybackHandlerBase(  304): -getHardwareBufferInfo pcm_get_htimestamp fail, ret = -1, pcm_get_error = cannot start channel: Broken pipe
E/AudioFlinger(  304): getNextBuffer, get null buffer
I/AudioFlinger_Threads(  304): pause signal - [NOT READY] on thread
I/AudioPolicyManager(  304): ReleaseFMIndirectMode 
I/AudioPolicyManager(  304): PolicyRestore
I/AudioPolicyManager(  304): stopOutput() output 2, stream 1, session 835
I/AudioPolicyManager(  304): getNewOutputDevice() selected device 0
I/AudioPolicyManager(  304): setOutputDevice() output 2 device 0000 delayMs 184 force 0
I/AudioPolicyManager(  304): setOutputDevice() prevDevice 0002
I/AudioPolicyManager(  304): setOutputDevice() mMutePrevDevice 0002
I/AudioPolicyManager(  304): s 0 c 0 avaDev 3 ba2dpo 0 ba2dpsp 0 dev 2
I/AudioPolicyManager(  304): s 1 c 0 avaDev 3 ba2dpo 0 ba2dpsp 0 dev 1
I/AudioPolicyManager(  304): s 2 c 0 avaDev 3 ba2dpo 0 ba2dpsp 0 dev 2
I/AudioPolicyManager(  304): s 2 c 0 avaDev 3 ba2dpo 0 ba2dpsp 0 dev 2
I/AudioPolicyManager(  304): s 3 c 0 avaDev 3 ba2dpo 0 ba2dpsp 0 dev 2
I/AudioPolicyManager(  304): s 0 c 0 avaDev 3 ba2dpo 0 ba2dpsp 0 dev 2
I/AudioPolicyManager(  304): s 4 c 0 avaDev 3 ba2dpo 0 ba2dpsp 0 dev 2
I/AudioPolicyManager(  304): s 5 c 0 avaDev 3 ba2dpo 0 ba2dpsp 0 dev 2
I/AudioPolicyManager(  304): s 6 c 0 avaDev 3 ba2dpo 0 ba2dpsp 0 dev 2
I/AudioPolicyManager(  304): s 7 c 0 avaDev 3 ba2dpo 0 ba2dpsp 0 dev 2
I/AudioPolicyManager(  304): s 8 c 0 avaDev 3 ba2dpo 0 ba2dpsp 0 dev 2
I/AudioPolicyManager(  304): setOutputDevice() setting same device 0000 or null device for output 2
I/MultiDex(17308): VM with version 2.1.0 has multidex support
I/MultiDex(17308): install
I/MultiDex(17308): VM has multidex support, MultiDex support library is disabled.
I/libPerfService(  881): perfSetFavorPid - pid:17308, 439c
I/KeyguardUpdateMonitor( 1045): handleBatteryUpdate index=0 updateInteresting=false
I/BatteryConsumeMonitor( 1344): init var lastPlugType : 2 lastBatteryChangedLevel : 100
I/BatteryConsumeMonitor( 1344): init var lastPlugType : 2 lastBatteryChangedLevel : 100
I/QuenedWorkProxy( 8391): clean QuenedWork.sPendingWorkFinishers(185342190) size 0
I/QuenedWorkProxy( 8391): clean QuenedWork.sPendingWorkFinishers(185342190) size 0
W/DeviceId(17308): galaxy lib host missing meta-data,make sure you know the right way to integrate galaxy
W/DeviceId(17308): galaxy lib host missing meta-data,make sure you know the right way to integrate galaxy
W/DeviceId(17308): galaxy lib host missing meta-data,make sure you know the right way to integrate galaxy
I/AudioFlinger(  304): setParameters(): io 2, keyvalue FM_DIRECT_CONTROL=0, calling pid 304
I/BaiduApiAuth(17308): BaiduApiAuth SDK Version:1.0.20
W/ActivityManager(  881): getRunningAppProcesses: caller 10102 does not hold REAL_GET_TASKS; limiting output
I/System.out(17308): initEngineManager 
I/System.out(17308): initEngineManager null: true
W/ActivityManager(  881): getRunningAppProcesses: caller 10102 does not hold REAL_GET_TASKS; limiting output
W/linker  (17308): libapp_BaiduPanoramaAppLib.so: unused DT entry: type 0x6ffffffe arg 0x2b00
W/linker  (17308): libapp_BaiduPanoramaAppLib.so: unused DT entry: type 0x6fffffff arg 0x3
W/ActivityManager(  881): getRunningAppProcesses: caller 10102 does not hold REAL_GET_TASKS; limiting output
I/System.out(17308): initEngineManager error 
I/System.out(17308): initEngineManager init 
I/System.out(17308): initEngineManager init after 
W/ActivityManager(  881): getRunningAppProcesses: caller 10102 does not hold REAL_GET_TASKS; limiting output
W/ActivityManager(  881): getRunningAppProcesses: caller 10102 does not hold REAL_GET_TASKS; limiting output
I/System.out(17308): global application 
I/System.out(17308): M_UX Not Ready.
I/System.out(17308): open:https://api.map.baidu.com/sdkcs/verify
D/libc-netbsd(17308): [getaddrinfo]: hostname=api.map.baidu.com; servname=(null); cache_mode=(null), netid=0; mark=0
D/libc-netbsd(17308): [getaddrinfo]: ai_addrlen=0; ai_canonname=(null); ai_flags=4; ai_family=0
D/libc-netbsd(17308): [getaddrinfo]: hostname=api.map.baidu.com; servname=(null); cache_mode=(null), netid=0; mark=0
D/libc-netbsd(17308): [getaddrinfo]: ai_addrlen=0; ai_canonname=(null); ai_flags=1024; ai_family=0
D/libc-netbsd(  299): [getaddrinfo]: hostname=api.map.baidu.com; servname=(null); cache_mode=local, netid=104; mark=917608
D/libc-netbsd(  299): [getaddrinfo]: ai_addrlen=0; ai_canonname=(null); ai_flags=1024; ai_family=0
D/libc-netbsd(  299): default dns: query_ipv6=0, query_ipv4=1
D/libc-netbsd(  299): res_queryN name = api.map.baidu.com, class = 1, type = 1
D/libc-netbsd(  299): netid=104, dns0:202.96.134.33
D/libc-netbsd(  299): netid=104, dns1:202.96.128.86
D/libc-netbsd(  299): netid=104, dns2:8.8.8.8
I/ActivityManager(  881): START u0 {cmp=com.jieshun.jslife/.activity.common.LoadingActivity} from uid 10102 on display 0 from pid 17308
W/PerfScheduler(  881): Not Boost !
E/Ble     (17308): BluetoothLeService  onStartCommand()
I/MediaPlayerService(  304): [decode] decode(40, 31974096, 40044)
E/DrmMtkUtil/DrmUtil(  304): checkDcf: not dcf type, dcf version value [80]
E/Cta5File(  304): Cta5File::isCta5NormalFile false, bad magic:PK
E/Cta5File(  304): Cta5File::isCta5MultimediaFile false, bad magic:
E/DrmMtkUtil/DrmUtil(  304): checkDcf: not dcf type, dcf version value [80]
I/NuPlayer(  304): disable trackId:0
I/GenericSource(  304): GenericSource::initCheck
E/DrmCtaPlugIn(  303): [ERROR]onOpenDecryptSession - The key is not set by user
I/SensorHAL(  881): Dev Batch, handle: 4, name: LSM6DS3 Accelerometer Sensor
E/DrmMtkUtil/DrmUtil(  303): parseDcf: not dcf type, dcf version value [80]
E/DrmMtkPlugIn(  303): onOpenDecryptSession() : failed to parse dcf file.
I/SensorHAL(  881): Dev Flush, handle: 4, name: LSM6DS3 Accelerometer Sensor, ret: -22
W/PerfScheduler(  881): Not Boost !
W/ImageLoader(17308): memoryCache() and memoryCacheSize() calls overlap each other
D/libc-netbsd(  299): res_queryN name = api.map.baidu.com succeed
D/libc-netbsd(17308): getaddrinfo: api.map.baidu.com get result from proxy >>
I/System.out(17308): propertyValue:true
I/System.out(17308): [CDS]connect[api.map.baidu.com/106.39.162.84:443] tm:50
I/Utils   (  304): GetMimeType : fourcc 0x1
I/Utils   (  304): GetMimeType : fourcc 0x1
I/WAVExtractorExt(  304): WAV : mime audio/raw channel 2 samplerate 11025 bps 16 br 353188 dur 907029
I/Utils   (  304): GetMimeType : fourcc 0x1
I/libPerfService(  881): 10: set: 1
I/libPerfService(  881): 10: set freq: 0
I/libPerfService(  881): 10: set gpu level: 0
I/Utils   (  304): GetMimeType : fourcc 0x1
I/Utils   (  304): GetMimeType : fourcc 0x1
I/WAVExtractorExt(  304): WAV : mime audio/raw channel 2 samplerate 11025 bps 16 br 353188 dur 907029
I/GenericSource(  304): GenericSource::getFormatMeta 0
I/AudioCache(  304): [notify] notify(0xf3c74980, 1, 0, 0)
I/GenericSource(  304): start
I/GenericSource(  304): GenericSource::getFormatMeta 1
I/GenericSource(  304): GenericSource::getFormatMeta 0
I/AudioPolicyManager(  304): isOffloadSupported: SR=11025, CM=0x3, Format=0x1, StreamType=-1, BitRate=353188, duration=907029 us, has_video=0
I/NuPlayerRenderer(  304): sFrameAVsyncByVFS 1
E/NuPlayer(  304): onScanSources
I/GenericSource(  304): GenericSource::getFormatMeta 1
I/AudioCache(  304): [notify] notify(0xf3c74980, 5, 0, 0)
I/AudioCache(  304): [notify] notify(0xf3c74980, 5, 0, 0)
I/MediaCodec(  304): [CreateByType]line:159 audio/raw
I/MediaCodec(  304): [onMessageReceived]line:1320 [][what=kWhatInit][state 0][msg='AMessage(what = 'init', target = 2123) = {
I/MediaCodec(  304):   string name = "audio/raw"
I/MediaCodec(  304):   int32_t nameIsType = 1
I/MediaCodec(  304):   int32_t encoder = 0
I/MediaCodec(  304):   int32_t replyID = 22145
I/MediaCodec(  304): }' ]
I/MediaCodec(  304): [onMessageReceived]line:963 [][what=kWhatComponentAllocated][state 1][msg='AMessage(what = 'codc', target = 2123) = {
I/MediaCodec(  304):   int32_t what = 1665231980
I/MediaCodec(  304):   string componentName = "OMX.google.raw.decoder"
I/MediaCodec(  304):   int32_t quirks = 0
I/MediaCodec(  304): }' ]
I/MediaCodec(  304): [CreateByType]line:166 audio/raw
I/MediaCodec(  304): Found 0 pieces of codec specific data.
E/OMXNodeInstance(  304): getParameter(17c:google.raw.decoder, ??(0x7f200406)) ERROR: UnsupportedIndex(0x8000101a)
I/MediaCodec(  304): [onMessageReceived]line:991 [OMX.google.raw.decoder][what=kWhatComponentConfigured][state 3][msg='AMessage(what = 'codc', target = 2123) = {
I/MediaCodec(  304):   int32_t what = 1665363822
I/MediaCodec(  304):   AMessage input-format = AMessage(what = 0x00000000) = {
I/MediaCodec(  304):                             int32_t support-partial-frame = 0
I/MediaCodec(  304):                             string mime = "audio/raw"
I/MediaCodec(  304):                             int32_t channel-count = 2
I/MediaCodec(  304):                             int32_t sample-rate = 11025
I/MediaCodec(  304):                             int32_t bit-width = 16
I/MediaCodec(  304):                           }
I/MediaCodec(  304):   AMessage output-format = AMessage(what = 'codc', target = 2123) = {
I/MediaCodec(  304):                              string mime = "audio/raw"
I/MediaCodec(  304):                              int32_t channel-count = 2
I/MediaCodec(  304):                              int32_t sample-rate = 11025
I/MediaCodec(  304):                              int32_t bit-width = 16
I/MediaCodec(  304):                            }
I/MediaCodec(  304): }' ]
I/MediaCodec(  304): [getOutputFormat]line:566 [OMX.google.raw.decoder]+++
I/NuPlayerDecoder(  304): mSupportsPartialFrames 0 
I/MediaCodec(  304): [start]line:367 [OMX.google.raw.decoder]+++
I/MediaCodec(  304): [onMessageReceived]line:1048 [OMX.google.raw.decoder][what=kWhatBuffersAllocated][state 5][msg='AMessage(what = 'codc', target = 2123) = {
I/MediaCodec(  304):   int32_t what = 1634495587
I/MediaCodec(  304):   int32_t portIndex = 0
I/MediaCodec(  304):   RefBase *portDesc = 0xee7fd8b0
I/MediaCodec(  304): }' ]
I/MediaCodec(  304): [onMessageReceived]line:1048 [OMX.google.raw.decoder][what=kWhatBuffersAllocated][state 5][msg='AMessage(what = 'codc', target = 2123) = {
I/MediaCodec(  304):   int32_t what = 1634495587
I/MediaCodec(  304):   int32_t portIndex = 1
I/MediaCodec(  304):   RefBase *portDesc = 0xee7fda00
I/MediaCodec(  304): }' ]
I/MediaCodec(  304): [getInputBuffers]line:609 [OMX.google.raw.decoder]+++
I/MediaCodec(  304): [getOutputBuffers]line:620 [OMX.google.raw.decoder]+++
I/MediaCodec(  304): codec output format changed mFlags 801
I/MediaCodec(  304): [onMessageReceived]line:1261 [OMX.google.raw.decoder][what=kWhatEOS][state 6] 
I/MediaCodec(  304): [getOutputFormat]line:566 [OMX.google.raw.decoder]+++
I/GenericSource(  304): GenericSource::getFormatMeta 0
