I/AudioPolicyManager(  300): s 5 c 0 avaDev 3 ba2dpo 0 ba2dpsp 0 dev 2
I/AudioPolicyManager(  300): s 6 c 0 avaDev 3 ba2dpo 0 ba2dpsp 0 dev 2
I/AudioPolicyManager(  300): s 7 c 0 avaDev 3 ba2dpo 0 ba2dpsp 0 dev 2
I/AudioPolicyManager(  300): s 8 c 0 avaDev 3 ba2dpo 0 ba2dpsp 0 dev 2
I/AudioPolicyManager(  300): setOutputDevice() setting same device 0002 or null device for output 2
I/AudioPolicyManager(  300):  checkAndSetVolume stream = 1 index = 8 output = 2 device = 0x2 delayMs = 0 force = 0
I/AudioPolicyManager(  300): PolicyForceReplace stream = 1 sampleRate = 48000 
I/AudioFlinger_Threads(  300): reset track timestretch tracn name 4097, ratio 100, mTimeStretchTrackName[name-4096] 0
I/AudioPolicyManager(  300): releaseOutput() 2
I/com.jieshun.jslife.activity.common.MainFragmentActivity(  487): onPause()======
I/DefaultContextFactory(  487): eglDestroyContext = 820, this = com.baidu.platform.comapi.map.j{2a57e7 V.E..... ........ 0,0-1080,1920}
I/libPerfService(  877): perfSetFavorPid - pid:487, 1e7
W/System.err(  487): java.lang.NullPointerException: Attempt to invoke virtual method 'java.io.File android.content.Context.getDir(java.lang.String, int)' on a null object reference
W/System.err(  487): 	at com.tencent.smtt.sdk.ac.f(Unknown Source)
W/System.err(  487): 	at com.tencent.smtt.sdk.TbsShareManager.h(Unknown Source)
W/System.err(  487): 	at com.tencent.smtt.sdk.TbsShareManager.i(Unknown Source)
W/System.err(  487): 	at com.tencent.smtt.sdk.TbsShareManager.e(Unknown Source)
W/System.err(  487): 	at com.tencent.smtt.sdk.QbSdk.a(Unknown Source)
W/System.err(  487): 	at com.tencent.smtt.sdk.i.a(Unknown Source)
W/System.err(  487): 	at com.tencent.smtt.sdk.i.b(Unknown Source)
W/System.err(  487): 	at com.tencent.smtt.sdk.WebView.c(Unknown Source)
W/System.err(  487): 	at com.tencent.smtt.sdk.WebView.<init>(Unknown Source)
W/System.err(  487): 	at com.tencent.smtt.sdk.WebView.<init>(Unknown Source)
W/System.err(  487): 	at com.tencent.smtt.sdk.WebView.<init>(Unknown Source)
W/System.err(  487): 	at com.tencent.smtt.sdk.WebView.<init>(Unknown Source)
W/System.err(  487): 	at java.lang.reflect.Constructor.newInstance(Native Method)
W/System.err(  487): 	at java.lang.reflect.Constructor.newInstance(Constructor.java:288)
W/System.err(  487): 	at android.view.LayoutInflater.createView(LayoutInflater.java:613)
W/System.err(  487): 	at android.view.LayoutInflater.createViewFromTag(LayoutInflater.java:749)
W/System.err(  487): 	at android.view.LayoutInflater.rInflate(LayoutInflater.java:812)
W/System.err(  487): 	at android.view.LayoutInflater.inflate(LayoutInflater.java:510)
W/System.err(  487): 	at android.view.LayoutInflater.inflate(LayoutInflater.java:420)
W/System.err(  487): 	at android.view.LayoutInflater.inflate(LayoutInflater.java:371)
W/System.err(  487): 	at ui.BaseActivity.setCustomView(BaseActivity.java:141)
W/System.err(  487): 	at com.jieshun.jslife.activity.WebViewBaseActivity.initView(WebViewBaseActivity.java:44)
W/System.err(  487): 	at ui.BaseActivity.onCreate(BaseActivity.java:112)
W/System.err(  487): 	at android.app.Activity.performCreate(Activity.java:6127)
W/System.err(  487): 	at android.app.Instrumentation.callActivityOnCreate(Instrumentation.java:1125)
W/System.err(  487): 	at android.app.ActivityThread.performLaunchActivity(ActivityThread.java:2651)
W/System.err(  487): 	at android.app.ActivityThread.handleLaunchActivity(ActivityThread.java:2768)
W/System.err(  487): 	at android.app.ActivityThread.access$900(ActivityThread.java:187)
W/System.err(  487): 	at android.app.ActivityThread$H.handleMessage(ActivityThread.java:1584)
W/System.err(  487): 	at android.os.Handler.dispatchMessage(Handler.java:111)
W/System.err(  487): 	at android.os.Looper.loop(Looper.java:194)
W/System.err(  487): 	at android.app.ActivityThread.main(ActivityThread.java:5898)
W/System.err(  487): 	at java.lang.reflect.Method.invoke(Native Method)
W/System.err(  487): 	at java.lang.reflect.Method.invoke(Method.java:372)
W/System.err(  487): 	at com.android.internal.os.ZygoteInit$MethodAndArgsCaller.run(ZygoteInit.java:1020)
W/System.err(  487): 	at com.android.internal.os.ZygoteInit.main(ZygoteInit.java:815)
E/loaderror(  487): TBS:302
E/SDKEngine(  487): TBS:SDKEngine--init canLoadTbs=false
E/SDKEngine(  487): TBS:SDKEngine--init can_load_x5=false
E/SDKEngine(  487): TBS:SDKEngine--init is_compatible=true
E/SDKEngine(  487): TBS:SDKEngine--init isTbsCoreLegaL=true
E/SDKEngine(  487): TBS:useSystemWebView by !canLoadTbs
E/loaderror(  487): TBS:324
E/QbSdk   (  487): TBS:sys WebView: SysWebViewForcedInner
E/AudioFlinger(  300): getNextBuffer, get null buffer
I/WebViewFactory(  487): Loading com.android.webview version Developer Build (code 1)
I/AudioFlinger_Threads(  300): pause signal - [NOT READY] on thread
I/LibraryLoader(  487): Time to load native libraries: 2 ms (timestamps 5332-5334)
I/LibraryLoader(  487): Expected native library version number "",actual native library version number ""
I/LibraryLoader(  487): Expected native library version number "",actual native library version number ""
I/chromium(  487): [INFO:library_loader_hooks.cc(120)] Chromium logging enabled: level = 0, default verbosity = 0
I/BrowserStartupController(  487): Initializing chromium process, singleProcess=true
W/art     (  487): Attempt to remove local handle scope entry from IRT, ignoring
E/SysUtils(  487): ApplicationContext is null in ApplicationStatus
W/chromium(  487): [WARNING:resource_bundle.cc(285)] locale_file_path.empty()
E/libEGL  (  487): validate_display:255 error 3008 (EGL_BAD_DISPLAY)
E/libEGL  (  487): validate_display:255 error 3008 (EGL_BAD_DISPLAY)
I/chromium(  487): [INFO:sys_info_android.cc(255)] BoardModel=[mt6735]
I/chromium(  487): [INFO:build_info.cc(95)] [ParseDeviceModel] model=[mt6735]
E/DataReductionProxySettingListener(  487): No DRP key due to exception:java.lang.ClassNotFoundException: com.android.webview.chromium.Drp
I/art     (  487): Rejecting re-init on previously-failed class java.lang.Class<com.android.webview.chromium.FloatingWebActionModeCallback>
I/art     (  487): Rejecting re-init on previously-failed class java.lang.Class<com.android.webview.chromium.FloatingWebActionModeCallback>
I/art     (  487): Rejecting re-init on previously-failed class java.lang.Class<com.android.webview.chromium.WebViewContentsClientAdapter$WebResourceErrorImpl>
I/art     (  487): Rejecting re-init on previously-failed class java.lang.Class<com.android.webview.chromium.WebViewContentsClientAdapter$WebResourceErrorImpl>
I/AudioPolicyManager(  300): ReleaseFMIndirectMode 
I/AudioPolicyManager(  300): PolicyRestore
I/AudioPolicyManager(  300): stopOutput() output 2, stream 1, session 260
I/AudioPolicyManager(  300): getNewOutputDevice() selected device 0
I/AudioPolicyManager(  300): setOutputDevice() output 2 device 0000 delayMs 184 force 0
I/AudioPolicyManager(  300): setOutputDevice() prevDevice 0002
I/AudioPolicyManager(  300): setOutputDevice() mMutePrevDevice 0002
I/AudioPolicyManager(  300): s 0 c 0 avaDev 3 ba2dpo 0 ba2dpsp 0 dev 2
I/AudioPolicyManager(  300): s 1 c 0 avaDev 3 ba2dpo 0 ba2dpsp 0 dev 1
I/AudioPolicyManager(  300): s 2 c 0 avaDev 3 ba2dpo 0 ba2dpsp 0 dev 2
I/AudioPolicyManager(  300): s 2 c 0 avaDev 3 ba2dpo 0 ba2dpsp 0 dev 2
I/AudioPolicyManager(  300): s 3 c 0 avaDev 3 ba2dpo 0 ba2dpsp 0 dev 2
I/AudioPolicyManager(  300): s 0 c 0 avaDev 3 ba2dpo 0 ba2dpsp 0 dev 2
I/AudioPolicyManager(  300): s 4 c 0 avaDev 3 ba2dpo 0 ba2dpsp 0 dev 2
I/AudioPolicyManager(  300): s 5 c 0 avaDev 3 ba2dpo 0 ba2dpsp 0 dev 2
I/AudioPolicyManager(  300): s 6 c 0 avaDev 3 ba2dpo 0 ba2dpsp 0 dev 2
I/AudioPolicyManager(  300): s 7 c 0 avaDev 3 ba2dpo 0 ba2dpsp 0 dev 2
I/AudioPolicyManager(  300): s 8 c 0 avaDev 3 ba2dpo 0 ba2dpsp 0 dev 2
I/AudioPolicyManager(  300): setOutputDevice() setting same device 0000 or null device for output 2
I/chromium(  487): [INFO:synchronous_compositor_impl.cc(111)] [SynchronousCompositorImpl::SetClient] [0xd7938340]
W/art     (  487): Attempt to remove local handle scope entry from IRT, ignoring
W/chromium(  487): [WARNING:password_handler.cc(33)] create-->contents = 0xd28e3a00, delegate = 0xf4f39cf0
W/chromium(  487): [WARNING:password_handler.cc(41)] attaching to web_contents 
W/AwContents(  487): onDetachedFromWindow called when already detached. Ignoring
E/tag     (  487): url-->http://t.cn/RDinkZo
I/InputDispatcher(  877): Dropping event because there is no touchable window at (904, 373).
W/InputManager(  877): Input event injection from pid 1121 failed.
W/InputManager(  877): Input event injection from pid 1121 failed.
I/chromium(  487): [INFO:sys_info_android.cc(235)] ProcessName=[com.jieshun.jslife]
W/WebViewChromium(  487): [doesSupportFullscreen] add className : com.tencent.smtt.sdk.SystemWebChromeClient, isSupport : true
I/MobclickAgent(  487): Extend current session: F6FF4F972546B970DFCE28EE9F7CEBD6
I/com.jieshun.jslife.activity.serviceDelay.ServiceDelayActivity(  487): onDestroy()======
I/SurfaceView(  487): updateWindow -- setFrame, this = com.baidu.platform.comapi.map.j{2a57e7 V.E..... ........ 0,0-1080,1920}
I/WindowManager(  877): Gaining focus: Window{3c6be5c6 u0 com.jieshun.jslife/com.jieshun.jslife.activity.WebViewBaseActivity}
I/[MALI][Gralloc](  274): Usage: 0xb00, format: 0x1 stride: 1088 vertical_stride: 1920 size: 8355840
I/[MALI][Gralloc](  274): Usage: 0xb00, format: 0x1 stride: 1088 vertical_stride: 1920 size: 8355840
I/[MALI][Gralloc](  274): Usage: 0xb00, format: 0x1 stride: 1088 vertical_stride: 1920 size: 8355840
I/[MALI][Gralloc](  274): Usage: 0xb00, format: 0x1 stride: 1088 vertical_stride: 1920 size: 8355840
W/chromium(  487): [WARNING:data_reduction_proxy_config.cc(423)] SPDY proxy OFF at startup
I/chromium(  487): [INFO:SkFontConfigParser_android.cpp(301)] [SkFontConfigParser] /system/etc/fonts.xml:104:4: warning: 'SFDIN' alias target not found
I/chromium(  487): 
W/DecodingInfo( 1333): No Engine for Decoding
I/chromium(  487): [INFO:SkFontConfigParser_android.cpp(301)] [SkFontConfigParser] /system/etc/fonts.xml:105:4: warning: 'SFDIN' alias target not found
I/chromium(  487): 
I/chromium(  487): [INFO:SkFontConfigParser_android.cpp(301)] [SkFontConfigParser] /system/etc/fonts.xml:106:4: warning: 'SFDIN' alias target not found
I/chromium(  487): 
I/chromium(  487): [INFO:SkFontConfigParser_android.cpp(301)] [SkFontConfigParser] /system/etc/fonts.xml:107:4: warning: 'SFDIN' alias target not found
I/chromium(  487): 
I/libPerfService(  877): perfSetFavorPid - pid:0, 0
I/SurfaceFlinger(  274): [Built-in Screen (type:0)] fps:9.893896,dur:1010.72,max:504.46,min:16.63
W/PerfScheduler(  877): Not Boost !
I/ActivityManager(  877): [AppLaunch] Displayed Displayed com.jieshun.jslife/.activity.WebViewBaseActivity: +360ms
I/chromium(  487): [INFO:SkFontConfigParser_android.cpp(301)] [SkFontConfigParser] /system/etc/fonts.xml:104:4: warning: 'SFDIN' alias target not found
I/chromium(  487): 
I/chromium(  487): [INFO:SkFontConfigParser_android.cpp(301)] [SkFontConfigParser] /system/etc/fonts.xml:105:4: warning: 'SFDIN' alias target not found
I/chromium(  487): 
I/chromium(  487): [INFO:SkFontConfigParser_android.cpp(301)] [SkFontConfigParser] /system/etc/fonts.xml:106:4: warning: 'SFDIN' alias target not found
I/chromium(  487): 
I/chromium(  487): [INFO:SkFontConfigParser_android.cpp(301)] [SkFontConfigParser] /system/etc/fonts.xml:107:4: warning: 'SFDIN' alias target not found
I/chromium(  487): 
I/AudioFlinger(  300): setParameters(): io 2, keyvalue FM_DIRECT_CONTROL=0, calling pid 300
I/SurfaceView(  487): updateWindow -- onWindowVisibilityChanged, visibility = 8, this = com.baidu.platform.comapi.map.j{2a57e7 V.E..... ........ 0,0-1080,1920}
I/chromium(  487): [INFO:SkFontConfigParser_android.cpp(301)] [SkFontConfigParser] /system/etc/fonts.xml:104:4: warning: 'SFDIN' alias target not found
I/chromium(  487): 
I/chromium(  487): [INFO:SkFontConfigParser_android.cpp(301)] [SkFontConfigParser] /system/etc/fonts.xml:105:4: warning: 'SFDIN' alias target not found
I/chromium(  487): 
I/chromium(  487): [INFO:SkFontConfigParser_android.cpp(301)] [SkFontConfigParser] /system/etc/fonts.xml:106:4: warning: 'SFDIN' alias target not found
I/chromium(  487): 
I/chromium(  487): [INFO:SkFontConfigParser_android.cpp(301)] [SkFontConfigParser] /system/etc/fonts.xml:107:4: warning: 'SFDIN' alias target not found
I/chromium(  487): 
D/libc-netbsd(  487): [getaddrinfo]: hostname=t.cn; servname=(null); cache_mode=(null), netid=0; mark=0
D/libc-netbsd(  487): [getaddrinfo]: ai_addrlen=0; ai_canonname=(null); ai_flags=1024; ai_family=2
D/libc-netbsd(  295): [getaddrinfo]: hostname=t.cn; servname=(null); cache_mode=local, netid=101; mark=917605
D/libc-netbsd(  295): [getaddrinfo]: ai_addrlen=0; ai_canonname=(null); ai_flags=1024; ai_family=2
D/libc-netbsd(  295): res_queryN name = t.cn, class = 1, type = 1
D/libc-netbsd(  295): netid=101, dns0:202.96.134.133
D/libc-netbsd(  295): netid=101, dns1:202.96.128.166
D/libc-netbsd(  295): netid=101, dns2:8.8.8.8
D/libc-netbsd(  295): res_queryN name = t.cn succeed
D/libc-netbsd(  487): getaddrinfo: t.cn get result from proxy >>
I/libPerfService(  877): 14: set: 1
I/libPerfService(  877): 14: set freq: 0
I/libPerfService(  877): 14: set gpu level: 0
I/WindowManager(  877): Gaining focus: Window{1c4611d9 u0 com.jieshun.jslife/com.jieshun.jslife.activity.WebViewBaseActivity}
I/[MALI][Gralloc](  274): Usage: 0xb00, format: 0x1 stride: 304 vertical_stride: 300 size: 364800
I/[MALI][Gralloc](  274): Usage: 0xb00, format: 0x1 stride: 304 vertical_stride: 300 size: 364800
I/[MALI][Gralloc](  274): Usage: 0xb00, format: 0x1 stride: 304 vertical_stride: 300 size: 364800
I/[MALI][Gralloc](  274): Usage: 0xb00, format: 0x1 stride: 304 vertical_stride: 300 size: 364800
I/chromium(  487): [INFO:synchronous_compositor_impl.cc(453)] [RegisterProgressCheckCallback] chromium.skipbeginmainframe=[] enable=[0]
W/DecodingInfo( 1333): No Engine for Decoding
W/chromium(  487): [WARNING:aw_network_delegate.cc(86)] http://t.cn/RDinkZo#-3#1
W/BindingManager(  487): Cannot call determinedVisibility() - never saw a connection for the pid: 487
I/PerfService(  877): PerfServiceNative_boostDisableAsync:5
I/libPerfService(  877): 5: set: 1
I/libPerfService(  877): 5: set freq: 0
D/libc-netbsd(  487): [getaddrinfo]: hostname=common.ofo.so; servname=(null); cache_mode=(null), netid=0; mark=0
D/libc-netbsd(  487): [getaddrinfo]: ai_addrlen=0; ai_canonname=(null); ai_flags=1024; ai_family=2
I/WindowManager(  877): Gaining focus: Window{3c6be5c6 u0 com.jieshun.jslife/com.jieshun.jslife.activity.WebViewBaseActivity}
I/WindowManager(  877): Losing focus: Window{1c4611d9 u0 com.jieshun.jslife/com.jieshun.jslife.activity.WebViewBaseActivity EXITING}
D/libc-netbsd(  295): [getaddrinfo]: hostname=common.ofo.so; servname=(null); cache_mode=local, netid=101; mark=917605
D/libc-netbsd(  295): [getaddrinfo]: ai_addrlen=0; ai_canonname=(null); ai_flags=1024; ai_family=2
D/libc-netbsd(  295): res_queryN name = common.ofo.so, class = 1, type = 1
D/libc-netbsd(  295): netid=101, dns0:202.96.134.133
D/libc-netbsd(  295): netid=101, dns1:202.96.128.166
D/libc-netbsd(  295): netid=101, dns2:8.8.8.8
D/libc-netbsd(  295): res_queryN name = common.ofo.so succeed
D/libc-netbsd(  487): getaddrinfo: common.ofo.so get result from proxy >>
I/WindowManager(  877): Gaining focus: Window{18c21738 u0 com.jieshun.jslife/com.jieshun.jslife.activity.WebViewBaseActivity}
I/[MALI][Gralloc](  274): Usage: 0xb00, format: 0x1 stride: 304 vertical_stride: 300 size: 364800
I/[MALI][Gralloc](  274): Usage: 0xb00, format: 0x1 stride: 304 vertical_stride: 300 size: 364800
I/[MALI][Gralloc](  274): Usage: 0xb00, format: 0x1 stride: 304 vertical_stride: 300 size: 364800
I/[MALI][Gralloc](  274): Usage: 0xb00, format: 0x1 stride: 304 vertical_stride: 300 size: 364800
W/DecodingInfo( 1333): No Engine for Decoding
W/DecodingInfo( 1333): No Engine for Decoding
I/chromium(  487): [INFO:mime_util.cc(161)] calling IsSupportedNonImageMimeType
I/chromium(  487): [INFO:mime_util.cc(161)] calling IsSupportedNonImageMimeType
W/BindingManager(  487): Cannot call determinedVisibility() - never saw a connection for the pid: 487
D/libc-netbsd(  487): [getaddrinfo]: hostname=res.wx.qq.com; servname=(null); cache_mode=(null), netid=0; mark=0
D/libc-netbsd(  487): [getaddrinfo]: ai_addrlen=0; ai_canonname=(null); ai_flags=1024; ai_family=2
D/libc-netbsd(  295): [getaddrinfo]: hostname=res.wx.qq.com; servname=(null); cache_mode=local, netid=101; mark=917605
D/libc-netbsd(  487): [getaddrinfo]: hostname=common.ofo.so; servname=(null); cache_mode=(null), netid=0; mark=0
D/libc-netbsd(  295): [getaddrinfo]: ai_addrlen=0; ai_canonname=(null); ai_flags=1024; ai_family=2
D/libc-netbsd(  487): [getaddrinfo]: ai_addrlen=0; ai_canonname=(null); ai_flags=1024; ai_family=2
D/libc-netbsd(  295): res_queryN name = res.wx.qq.com, class = 1, type = 1
D/libc-netbsd(  295): netid=101, dns0:202.96.134.133
D/libc-netbsd(  295): netid=101, dns1:202.96.128.166
D/libc-netbsd(  295): netid=101, dns2:8.8.8.8
D/libc-netbsd(  295): [getaddrinfo]: hostname=common.ofo.so; servname=(null); cache_mode=local, netid=101; mark=917605
D/libc-netbsd(  295): [getaddrinfo]: ai_addrlen=0; ai_canonname=(null); ai_flags=1024; ai_family=2
D/libc-netbsd(  295): res_queryN name = common.ofo.so, class = 1, type = 1
D/libc-netbsd(  295): res_queryN name = common.ofo.so succeed
D/libc-netbsd(  487): getaddrinfo: common.ofo.so get result from proxy >>
D/libc-netbsd(  295): res_queryN name = res.wx.qq.com succeed
D/libc-netbsd(  487): getaddrinfo: res.wx.qq.com get result from proxy >>
D/libc-netbsd(  487): [getaddrinfo]: hostname=common.ofo.so; servname=(null); cache_mode=(null), netid=0; mark=0
D/libc-netbsd(  487): [getaddrinfo]: ai_addrlen=0; ai_canonname=(null); ai_flags=1024; ai_family=2
D/libc-netbsd(  295): [getaddrinfo]: hostname=common.ofo.so; servname=(null); cache_mode=local, netid=101; mark=917605
D/libc-netbsd(  295): [getaddrinfo]: ai_addrlen=0; ai_canonname=(null); ai_flags=1024; ai_family=2
D/libc-netbsd(  295): res_queryN name = common.ofo.so, class = 1, type = 1
D/libc-netbsd(  295): res_queryN name = common.ofo.so succeed
D/libc-netbsd(  487): getaddrinfo: common.ofo.so get result from proxy >>
I/PerfService(  877): PerfServiceNative_boostDisableAsync:5
I/libPerfService(  877): 5: set: 1
I/libPerfService(  877): 5: set freq: 0
W/recents.Component( 1041): create a new LoadPlan to load thumbnail -- background
W/recents.Performance( 1041): preload while task Change spend : 2
I/PerfService(  877): PerfServiceNative_boostDisableAsync:5
I/libPerfService(  877): 5: set: 1
I/libPerfService(  877): 5: set freq: 0
D/libc-netbsd(  487): [getaddrinfo]: hostname=s1.pstatp.com; servname=(null); cache_mode=(null), netid=0; mark=0
D/libc-netbsd(  487): [getaddrinfo]: ai_addrlen=0; ai_canonname=(null); ai_flags=1024; ai_family=2
D/libc-netbsd(  295): [getaddrinfo]: hostname=s1.pstatp.com; servname=(null); cache_mode=local, netid=101; mark=917605
D/libc-netbsd(  295): [getaddrinfo]: ai_addrlen=0; ai_canonname=(null); ai_flags=1024; ai_family=2
D/libc-netbsd(  295): res_queryN name = s1.pstatp.com, class = 1, type = 1
D/libc-netbsd(  295): netid=101, dns0:202.96.134.133
D/libc-netbsd(  295): netid=101, dns1:202.96.128.166
D/libc-netbsd(  295): netid=101, dns2:8.8.8.8
I/chromium(  487): [INFO:CONSOLE(29)] "undefined", source: https://common.ofo.so/campaign/rbqpacket/?channel=15337858843104&banner=https%3A%2F%2Fimg.ofo.so%2Fcms%2F22c7426b33ca3d1964eaa2fba90d7233.jpg&platform=1 (29)
D/libc-netbsd(  295): res_queryN name = s1.pstatp.com succeed
D/libc-netbsd(  487): getaddrinfo: s1.pstatp.com get result from proxy >>
D/libc-netbsd(  487): [getaddrinfo]: hostname=ofo-campaign.ofo.com; servname=(null); cache_mode=(null), netid=0; mark=0
D/libc-netbsd(  487): [getaddrinfo]: ai_addrlen=0; ai_canonname=(null); ai_flags=1024; ai_family=2
D/libc-netbsd(  295): [getaddrinfo]: hostname=ofo-campaign.ofo.com; servname=(null); cache_mode=local, netid=101; mark=917605
D/libc-netbsd(  295): [getaddrinfo]: ai_addrlen=0; ai_canonname=(null); ai_flags=1024; ai_family=2
D/libc-netbsd(  295): res_queryN name = ofo-campaign.ofo.com, class = 1, type = 1
D/libc-netbsd(  295): netid=101, dns0:202.96.134.133
D/libc-netbsd(  295): netid=101, dns1:202.96.128.166
D/libc-netbsd(  295): netid=101, dns2:8.8.8.8
D/libc-netbsd(  295): res_queryN name = ofo-campaign.ofo.com succeed
D/libc-netbsd(  487): getaddrinfo: ofo-campaign.ofo.com get result from proxy >>
I/SurfaceFlinger(  274): [Built-in Screen (type:0)] fps:36.373291,dur:1044.72,max:191.61,min:14.56
I/libPerfService(  877): 7: set: 1
I/libPerfService(  877): 7: set freq: 0
I/PerfService(  877): PerfServiceNative_boostDisableAsync:5
I/libPerfService(  877): 5: set: 1
I/libPerfService(  877): 5: set freq: 0
D/libc-netbsd(  487): [getaddrinfo]: hostname=s3.pstatp.com; servname=(null); cache_mode=(null), netid=0; mark=0
D/libc-netbsd(  487): [getaddrinfo]: ai_addrlen=0; ai_canonname=(null); ai_flags=1024; ai_family=2
D/libc-netbsd(  295): [getaddrinfo]: hostname=s3.pstatp.com; servname=(null); cache_mode=local, netid=101; mark=917605
D/libc-netbsd(  295): [getaddrinfo]: ai_addrlen=0; ai_canonname=(null); ai_flags=1024; ai_family=2
D/libc-netbsd(  295): res_queryN name = s3.pstatp.com, class = 1, type = 1
D/libc-netbsd(  295): netid=101, dns0:202.96.134.133
D/libc-netbsd(  295): netid=101, dns1:202.96.128.166
D/libc-netbsd(  295): netid=101, dns2:8.8.8.8
D/libc-netbsd(  295): res_queryN name = s3.pstatp.com succeed
D/libc-netbsd(  487): getaddrinfo: s3.pstatp.com get result from proxy >>
I/chromium(  487): [INFO:mime_util.cc(161)] calling IsSupportedNonImageMimeType
I/chromium(  487): [INFO:mime_util.cc(161)] calling IsSupportedNonImageMimeType
W/chromium(  487): [WARNING:aw_network_delegate.cc(86)] https://s3.pstatp.com/inapp/toutiao.js#-3#1
W/BindingManager(  487): Cannot call determinedVisibility() - never saw a connection for the pid: 487
D/libc-netbsd(  487): [getaddrinfo]: hostname=g.alicdn.com; servname=(null); cache_mode=(null), netid=0; mark=0
D/libc-netbsd(  487): [getaddrinfo]: ai_addrlen=0; ai_canonname=(null); ai_flags=1024; ai_family=2
I/chromium(  487): [INFO:CONSOLE(1)] "The key "viewport-fit" is not recognized and ignored.", source: https://ofo-campaign.ofo.com/rbqpacket/index.html#/?channel=15337858843104&banner=https%3A%2F%2Fimg.ofo.so%2Fcms%2F22c7426b33ca3d1964eaa2fba90d7233.jpg&platform=1 (1)
D/libc-netbsd(  295): [getaddrinfo]: hostname=g.alicdn.com; servname=(null); cache_mode=local, netid=101; mark=917605
D/libc-netbsd(  295): [getaddrinfo]: ai_addrlen=0; ai_canonname=(null); ai_flags=1024; ai_family=2
D/libc-netbsd(  295): res_queryN name = g.alicdn.com, class = 1, type = 1
D/libc-netbsd(  487): [getaddrinfo]: hostname=webapi.amap.com; servname=(null); cache_mode=(null), netid=0; mark=0
D/libc-netbsd(  295): netid=101, dns0:202.96.134.133
D/libc-netbsd(  295): netid=101, dns1:202.96.128.166
D/libc-netbsd(  295): netid=101, dns2:8.8.8.8
D/libc-netbsd(  487): [getaddrinfo]: ai_addrlen=0; ai_canonname=(null); ai_flags=1024; ai_family=2
D/libc-netbsd(  295): [getaddrinfo]: hostname=webapi.amap.com; servname=(null); cache_mode=local, netid=101; mark=917605
D/libc-netbsd(  295): [getaddrinfo]: ai_addrlen=0; ai_canonname=(null); ai_flags=1024; ai_family=2
D/libc-netbsd(  295): res_queryN name = webapi.amap.com, class = 1, type = 1
D/libc-netbsd(  295): netid=101, dns0:202.96.134.133
D/libc-netbsd(  295): netid=101, dns1:202.96.128.166
D/libc-netbsd(  295): netid=101, dns2:8.8.8.8
D/libc-netbsd(  487): [getaddrinfo]: hostname=ofo-campaign.ofo.com; servname=(null); cache_mode=(null), netid=0; mark=0
D/libc-netbsd(  487): [getaddrinfo]: ai_addrlen=0; ai_canonname=(null); ai_flags=1024; ai_family=2
D/libc-netbsd(  295): [getaddrinfo]: hostname=ofo-campaign.ofo.com; servname=(null); cache_mode=local, netid=101; mark=917605
D/libc-netbsd(  295): [getaddrinfo]: ai_addrlen=0; ai_canonname=(null); ai_flags=1024; ai_family=2
D/libc-netbsd(  295): res_queryN name = ofo-campaign.ofo.com, class = 1, type = 1
D/libc-netbsd(  295): res_queryN name = ofo-campaign.ofo.com succeed
D/libc-netbsd(  487): getaddrinfo: ofo-campaign.ofo.com get result from proxy >>
D/libc-netbsd(  295): res_queryN name = g.alicdn.com succeed
D/libc-netbsd(  487): getaddrinfo: g.alicdn.com get result from proxy >>
D/libc-netbsd(  295): res_queryN name = webapi.amap.com succeed
D/libc-netbsd(  487): getaddrinfo: webapi.amap.com get result from proxy >>
W/ADB_SERVICES(  504): create_local_service_socket() name=shell:cat /proc/487/stat
W/ADB_SERVICES(  504): service_to_fd() name=shell:cat /proc/487/stat
W/ADB_SERVICES(  504): read_meminfo() mem_free=31620
W/ADB_SERVICES(  504): create_subproc ret_fd=16 pid=1191
W/ADB_SERVICES(  504): LS(3628): bound to 'shell:cat /proc/487/stat' via 16
W/ADB_SERVICES( 1191): adb: unable to update oom_score_adj
W/ADB_SERVICES(  504): entered. LS(3628) fd=16
I/PerfService(  877): PerfServiceNative_boostDisableAsync:5
I/libPerfService(  877): 5: set: 1
I/libPerfService(  877): 5: set freq: 0
I/libPerfService(  877): 7: set: 1
I/libPerfService(  877): 7: set freq: 0
I/PerfService(  877): PerfServiceNative_boostDisableAsync:5
I/libPerfService(  877): 5: set: 1
I/libPerfService(  877): 5: set freq: 0
D/libc-netbsd(  487): [getaddrinfo]: hostname=webapi.amap.com; servname=(null); cache_mode=(null), netid=0; mark=0
D/libc-netbsd(  487): [getaddrinfo]: ai_addrlen=0; ai_canonname=(null); ai_flags=1024; ai_family=2
D/libc-netbsd(  295): [getaddrinfo]: hostname=webapi.amap.com; servname=(null); cache_mode=local, netid=101; mark=917605
D/libc-netbsd(  295): [getaddrinfo]: ai_addrlen=0; ai_canonname=(null); ai_flags=1024; ai_family=2
D/libc-netbsd(  295): res_queryN name = webapi.amap.com, class = 1, type = 1
D/libc-netbsd(  295): res_queryN name = webapi.amap.com succeed
D/libc-netbsd(  487): getaddrinfo: webapi.amap.com get result from proxy >>
I/libPerfService(  877): 7: set: 1
I/libPerfService(  877): 7: set freq: 0
I/WindowManager(  877): interceptKeyTq keycode=5 interactive=true keyguardActive=false policyFlags=2b000000 down =true canceled = false isWakeKey=false mVolumeDownKeyTriggered =false mVolumeUpKeyTriggered =false result = 1 useHapticFeedback = false isInjected = true result = 1
I/WindowManager(  877): interceptKeyTi keyCode=5 down=true repeatCount=0 keyguardOn=false mHomePressed=false canceled=false metaState:0
I/WindowManager(  877): interceptKeyTq keycode=5 interactive=true keyguardActive=false policyFlags=2b000000 down =false canceled = false isWakeKey=false mVolumeDownKeyTriggered =false mVolumeUpKeyTriggered =false result = 1 useHapticFeedback = false isInjected = true result = 1
I/WindowManager(  877): interceptKeyTi keyCode=5 down=false repeatCount=0 keyguardOn=false mHomePressed=false canceled=false metaState:0
I/ViewRootImpl(  487): WindowInputEventReceiver onInputEvent!! KeyCode is 5, action is 0
I/ViewRootImpl(  487): WindowInputEventReceiver onInputEvent!! KeyCode is 5, action is 1
I/ActivityManager(  877): START u0 {act=android.intent.action.CALL_BUTTON flg=0x10000000} from uid 10099 on display 0 from pid 487
W/PhoneFallbackEventHandler(  487): No activity found for android.intent.action.CALL_BUTTON.
I/SurfaceFlinger(  274): [Built-in Screen (type:0)] fps:6.696518,dur:1045.32,max:192.87,min:50.92
D/libc-netbsd(  487): [getaddrinfo]: hostname=restapi.amap.com; servname=(null); cache_mode=(null), netid=0; mark=0
D/libc-netbsd(  487): [getaddrinfo]: ai_addrlen=0; ai_canonname=(null); ai_flags=1024; ai_family=2
D/libc-netbsd(  295): [getaddrinfo]: hostname=restapi.amap.com; servname=(null); cache_mode=local, netid=101; mark=917605
D/libc-netbsd(  295): [getaddrinfo]: ai_addrlen=0; ai_canonname=(null); ai_flags=1024; ai_family=2
D/libc-netbsd(  295): res_queryN name = restapi.amap.com, class = 1, type = 1
D/libc-netbsd(  295): netid=101, dns0:202.96.134.133
D/libc-netbsd(  295): netid=101, dns1:202.96.128.166
D/libc-netbsd(  295): netid=101, dns2:8.8.8.8
D/libc-netbsd(  295): res_queryN name = restapi.amap.com succeed
D/libc-netbsd(  487): getaddrinfo: restapi.amap.com get result from proxy >>
I/PerfService(  877): PerfServiceNative_boostDisableAsync:5
I/libPerfService(  877): 5: set: 1
I/libPerfService(  877): 5: set freq: 0
I/PanelView( 1041): mTracking false,cancel fling false,instant collapse false
W/ADB_SERVICES(  504): create_local_service_socket() name=shell:cat /proc/487/stat
W/ADB_SERVICES(  504): service_to_fd() name=shell:cat /proc/487/stat
W/ADB_SERVICES(  504): read_meminfo() mem_free=36908
W/ADB_SERVICES(  504): create_subproc ret_fd=16 pid=1196
W/ADB_SERVICES(  504): LS(3629): bound to 'shell:cat /proc/487/stat' via 16
W/ADB_SERVICES( 1196): adb: unable to update oom_score_adj
W/ADB_SERVICES(  504): entered. LS(3629) fd=16
W/ADB_SERVICES(  504): create_local_service_socket() name=shell:cat /proc/stat
W/ADB_SERVICES(  504): service_to_fd() name=shell:cat /proc/stat
W/ADB_SERVICES(  504): read_meminfo() mem_free=34876
W/ADB_SERVICES(  504): create_subproc ret_fd=16 pid=1197
W/ADB_SERVICES(  504): LS(3630): bound to 'shell:cat /proc/stat' via 16
W/ADB_SERVICES( 1197): adb: unable to update oom_score_adj
W/ADB_SERVICES(  504): entered. LS(3630) fd=16
I/WindowManager(  877): interceptKeyTq keycode=122 interactive=true keyguardActive=false policyFlags=2b000000 down =true canceled = false isWakeKey=false mVolumeDownKeyTriggered =false mVolumeUpKeyTriggered =false result = 1 useHapticFeedback = false isInjected = true result = 1
I/WindowManager(  877): interceptKeyTi keyCode=122 down=true repeatCount=0 keyguardOn=false mHomePressed=false canceled=false metaState:4096
I/ViewRootImpl(  487): WindowInputEventReceiver onInputEvent!! KeyCode is 122, action is 0
I/WindowManager(  877): interceptKeyTq keycode=122 interactive=true keyguardActive=false policyFlags=2b000000 down =false canceled = false isWakeKey=false mVolumeDownKeyTriggered =false mVolumeUpKeyTriggered =false result = 1 useHapticFeedback = false isInjected = true result = 1
I/WindowManager(  877): interceptKeyTi keyCode=122 down=false repeatCount=0 keyguardOn=false mHomePressed=false canceled=false metaState:4096
I/ViewRootImpl(  487): WindowInputEventReceiver onInputEvent!! KeyCode is 122, action is 1
I/libPerfService(  877): 7: set: 1
I/libPerfService(  877): 7: set freq: 0
I/PerfService(  877): PerfServiceNative_boostDisableAsync:5
I/libPerfService(  877): 5: set: 1
I/libPerfService(  877): 5: set freq: 0
I/PerfService(  877): PerfServiceNative_boostDisableAsync:5
I/libPerfService(  877): 5: set: 1
I/libPerfService(  877): 5: set freq: 0
I/libPerfService(  877): 7: set: 1
I/libPerfService(  877): 7: set freq: 0
I/PerfService(  877): PerfServiceNative_boostDisableAsync:5
I/libPerfService(  877): 5: set: 1
I/libPerfService(  877): 5: set freq: 0
I/SurfaceFlinger(  274): [Built-in Screen (type:0)] fps:7.563106,dur:1189.99,max:197.34,min:22.52
W/ADB_SERVICES(  504): create_local_service_socket() name=shell:cat /proc/stat
W/ADB_SERVICES(  504): service_to_fd() name=shell:cat /proc/stat
W/ADB_SERVICES(  504): read_meminfo() mem_free=32852
W/ADB_SERVICES(  504): create_subproc ret_fd=16 pid=1198
W/ADB_SERVICES(  504): LS(3631): bound to 'shell:cat /proc/stat' via 16
W/ADB_SERVICES( 1198): adb: unable to update oom_score_adj
W/ADB_SERVICES(  504): entered. LS(3631) fd=16
I/libPerfService(  877): 7: set: 1
I/libPerfService(  877): 7: set freq: 0
W/ADB_SERVICES(  504): create_local_service_socket() name=shell:dumpsys meminfo com.jieshun.jslife
W/ADB_SERVICES(  504): service_to_fd() name=shell:dumpsys meminfo com.jieshun.jslife
W/ADB_SERVICES(  504): read_meminfo() mem_free=32712
W/ADB_SERVICES(  504): create_subproc ret_fd=16 pid=1199
W/ADB_SERVICES(  504): LS(3632): bound to 'shell:dumpsys meminfo com.jieshun.jslife' via 16
W/ADB_SERVICES( 1199): adb: unable to update oom_score_adj
I/thermal_repeater(  323): oh, queryMdThermalInfo (0)Bad file number
I/thermal_repeater(  323): [recvMdThermalInfo] ret=25, strLen=127,  1, 32767,,, -1, 32767, 2
I/PerfService(  877): PerfServiceNative_boostDisableAsync:5
I/libPerfService(  877): 5: set: 1
I/libPerfService(  877): 5: set freq: 0
I/art     (  487): Explicit concurrent mark sweep GC freed 6882(329KB) AllocSpace objects, 1(1092KB) LOS objects, 6% free, 56MB/60MB, paused 2.445ms total 71.418ms
I/libPerfService(  877): 7: set: 1
I/libPerfService(  877): 7: set freq: 0
I/PerfService(  877): PerfServiceNative_boostDisableAsync:5
I/libPerfService(  877): 5: set: 1
I/libPerfService(  877): 5: set freq: 0
I/art     (  487): Explicit concurrent mark sweep GC freed 166(8KB) AllocSpace objects, 0(0B) LOS objects, 6% free, 56MB/60MB, paused 3.483ms total 67.331ms
I/art     (  487): Explicit concurrent mark sweep GC freed 102(6KB) AllocSpace objects, 0(0B) LOS objects, 6% free, 56MB/60MB, paused 2.495ms total 70.287ms
I/art     (  487): Explicit concurrent mark sweep GC freed 131(7KB) AllocSpace objects, 0(0B) LOS objects, 6% free, 56MB/60MB, paused 2.367ms total 66.863ms
I/libPerfService(  877): 7: set: 1
I/libPerfService(  877): 7: set freq: 0
I/WindowManager(  877): interceptKeyTq keycode=3 interactive=true keyguardActive=false policyFlags=2b000000 down =true canceled = false isWakeKey=false mVolumeDownKeyTriggered =false mVolumeUpKeyTriggered =false result = 1 useHapticFeedback = false isInjected = true result = 1
I/WindowManager(  877): interceptKeyTi keyCode=3 down=true repeatCount=0 keyguardOn=false mHomePressed=false canceled=false metaState:0
I/libPerfService(  877): 30: set freq: 1235000
I/libPerfService(  877): 30: set: 2
I/WindowManager(  877): interceptKeyTq keycode=3 interactive=true keyguardActive=false policyFlags=2b000000 down =false canceled = false isWakeKey=false mVolumeDownKeyTriggered =false mVolumeUpKeyTriggered =false result = 1 useHapticFeedback = false isInjected = true result = 1
I/WindowManager(  877): interceptKeyTi keyCode=3 down=false repeatCount=0 keyguardOn=false mHomePressed=true canceled=false metaState:0
I/WindowManager(  877): interceptKey home mDoubleTapOnHomeBehavior === 1
I/art     (  487): Explicit concurrent mark sweep GC freed 121(7KB) AllocSpace objects, 0(0B) LOS objects, 6% free, 56MB/60MB, paused 2.358ms total 80.860ms
D/[BT3.0+HS]PAL(  333): == chip_reset_fd is set ==
D/[BT3.0+HS]PAL(  333): 
D/[BT3.0+HS]PAL(  333): invalid reply message
D/[BT3.0+HS]PAL(  333): 
D/libc-netbsd(  487): [getaddrinfo]: hostname=scofo.ofo.so; servname=(null); cache_mode=(null), netid=0; mark=0
D/libc-netbsd(  487): [getaddrinfo]: ai_addrlen=0; ai_canonname=(null); ai_flags=1024; ai_family=2
D/libc-netbsd(  295): [getaddrinfo]: hostname=scofo.ofo.so; servname=(null); cache_mode=local, netid=101; mark=917605
D/libc-netbsd(  295): [getaddrinfo]: ai_addrlen=0; ai_canonname=(null); ai_flags=1024; ai_family=2
D/libc-netbsd(  487): [getaddrinfo]: hostname=img.ofo.so; servname=(null); cache_mode=(null), netid=0; mark=0
D/libc-netbsd(  487): [getaddrinfo]: ai_addrlen=0; ai_canonname=(null); ai_flags=1024; ai_family=2
D/libc-netbsd(  295): res_queryN name = scofo.ofo.so, class = 1, type = 1
D/libc-netbsd(  295): netid=101, dns0:202.96.134.133
D/libc-netbsd(  295): netid=101, dns1:202.96.128.166
D/libc-netbsd(  295): netid=101, dns2:8.8.8.8
D/libc-netbsd(  295): [getaddrinfo]: hostname=img.ofo.so; servname=(null); cache_mode=local, netid=101; mark=917605
D/libc-netbsd(  295): [getaddrinfo]: ai_addrlen=0; ai_canonname=(null); ai_flags=1024; ai_family=2
D/libc-netbsd(  295): res_queryN name = img.ofo.so, class = 1, type = 1
D/libc-netbsd(  295): netid=101, dns0:202.96.134.133
D/libc-netbsd(  295): netid=101, dns1:202.96.128.166
D/libc-netbsd(  295): netid=101, dns2:8.8.8.8
W/ADB_SERVICES(  504): entered. LS(3632) fd=16
W/ADB_SERVICES(  504): create_local_service_socket() name=shell:dumpsys gfxinfo com.jieshun.jslife
W/ADB_SERVICES(  504): service_to_fd() name=shell:dumpsys gfxinfo com.jieshun.jslife
W/ADB_SERVICES(  504): read_meminfo() mem_free=34860
W/ADB_SERVICES(  504): create_subproc ret_fd=16 pid=1204
W/ADB_SERVICES(  504): LS(3633): bound to 'shell:dumpsys gfxinfo com.jieshun.jslife' via 16
W/ADB_SERVICES( 1204): adb: unable to update oom_score_adj
I/SurfaceFlinger(  274): [Built-in Screen (type:0)] fps:9.462981,dur:1056.75,max:191.58,min:16.18
W/ADB_SERVICES(  504): entered. LS(3633) fd=16
W/ADB_SERVICES(  504): create_local_service_socket() name=shell:cat /proc/487/net/dev
W/ADB_SERVICES(  504): service_to_fd() name=shell:cat /proc/487/net/dev
W/ADB_SERVICES(  504): read_meminfo() mem_free=34240
W/ADB_SERVICES(  504): create_subproc ret_fd=16 pid=1207
W/ADB_SERVICES(  504): LS(3634): bound to 'shell:cat /proc/487/net/dev' via 16
W/ADB_SERVICES( 1207): adb: unable to update oom_score_adj
W/ADB_SERVICES(  504): entered. LS(3634) fd=16
I/ActivityManager(  877): START u0 {act=android.intent.action.MAIN cat=[android.intent.category.HOME] flg=0x10200000 cmp=com.meizu.flyme.launcher/.Launcher} from uid 1000 on display 0 from pid 877
W/ADB_SERVICES(  504): create_local_service_socket() name=shell:dumpsys battery
W/ADB_SERVICES(  504): service_to_fd() name=shell:dumpsys battery
W/ADB_SERVICES(  504): read_meminfo() mem_free=33868
W/ADB_SERVICES(  504): create_subproc ret_fd=16 pid=1208
W/ADB_SERVICES(  504): LS(3635): bound to 'shell:dumpsys battery' via 16
W/ADB_SERVICES( 1208): adb: unable to update oom_score_adj
W/ADB_SERVICES(  504): entered. LS(3635) fd=16
I/libPerfService(  877): 7: set: 2
I/libPerfService(  877): 7: set freq: 1235000
D/libc-netbsd(  295): res_queryN name = scofo.ofo.so succeed
D/libc-netbsd(  295): res_queryN name = img.ofo.so succeed
D/libc-netbsd(  487): getaddrinfo: scofo.ofo.so get result from proxy >>
D/libc-netbsd(  487): getaddrinfo: img.ofo.so get result from proxy >>
D/libc-netbsd(  487): [getaddrinfo]: hostname=scofo.ofo.so; servname=(null); cache_mode=(null), netid=0; mark=0
D/libc-netbsd(  487): [getaddrinfo]: ai_addrlen=0; ai_canonname=(null); ai_flags=1024; ai_family=2
D/libc-netbsd(  295): [getaddrinfo]: hostname=scofo.ofo.so; servname=(null); cache_mode=local, netid=101; mark=917605
D/libc-netbsd(  295): [getaddrinfo]: ai_addrlen=0; ai_canonname=(null); ai_flags=1024; ai_family=2
D/libc-netbsd(  295): res_queryN name = scofo.ofo.so, class = 1, type = 1
D/libc-netbsd(  295): res_queryN name = scofo.ofo.so succeed
D/libc-netbsd(  487): getaddrinfo: scofo.ofo.so get result from proxy >>
D/libc-netbsd(  487): [getaddrinfo]: hostname=img.ofo.so; servname=(null); cache_mode=(null), netid=0; mark=0
D/libc-netbsd(  487): [getaddrinfo]: ai_addrlen=0; ai_canonname=(null); ai_flags=1024; ai_family=2
D/libc-netbsd(  295): [getaddrinfo]: hostname=img.ofo.so; servname=(null); cache_mode=local, netid=101; mark=917605
D/libc-netbsd(  295): [getaddrinfo]: ai_addrlen=0; ai_canonname=(null); ai_flags=1024; ai_family=2
D/libc-netbsd(  295): res_queryN name = img.ofo.so, class = 1, type = 1
D/libc-netbsd(  295): res_queryN name = img.ofo.so succeed
D/libc-netbsd(  487): getaddrinfo: img.ofo.so get result from proxy >>
I/PerfService(  877): PerfServiceNative_boostDisableAsync:5
I/libPerfService(  877): 5: set: 2
I/libPerfService(  877): 5: set freq: 1235000
I/libPerfService(  877): 7: set: 2
I/libPerfService(  877): 7: set freq: 1235000
I/PerfService(  877): PerfServiceNative_boostDisableAsync:5
I/libPerfService(  877): 5: set: 2
I/libPerfService(  877): 5: set freq: 1235000
I/WindowManager(  877): interceptKeyTq keycode=3 interactive=true keyguardActive=false policyFlags=2b000000 down =true canceled = false isWakeKey=false mVolumeDownKeyTriggered =false mVolumeUpKeyTriggered =false result = 1 useHapticFeedback = false isInjected = true result = 1
I/WindowManager(  877): interceptKeyTi keyCode=3 down=true repeatCount=0 keyguardOn=false mHomePressed=false canceled=false metaState:0
I/WindowManager(  877): interceptKeyTq keycode=3 interactive=true keyguardActive=false policyFlags=2b000000 down =false canceled = false isWakeKey=false mVolumeDownKeyTriggered =false mVolumeUpKeyTriggered =false result = 1 useHapticFeedback = false isInjected = true result = 1
I/WindowManager(  877): interceptKeyTi keyCode=3 down=false repeatCount=0 keyguardOn=false mHomePressed=true canceled=false metaState:0
I/WindowManager(  877): interceptKey home mDoubleTapOnHomeBehavior === 1
I/ActivityManager(  877): START u0 {act=android.intent.action.MAIN cat=[android.intent.category.HOME] flg=0x10200000 cmp=com.meizu.flyme.launcher/.Launcher} from uid 1000 on display 0 from pid 877
I/SurfaceFlinger(  274): [Built-in Screen (type:0)] fps:12.870240,dur:1010.08,max:157.10,min:17.20
I/libPerfService(  877): 7: set: 2
I/libPerfService(  877): 7: set freq: 1235000
I/ActivityManager(  877): START u0 {act=android.intent.action.MAIN cat=[android.intent.category.LAUNCHER] flg=0x10200000 cmp=com.jieshun.jslife/.activity.common.WelcomeActivity} from uid 2000 on display 0 from pid 1121
W/ActivityManager(  877): Launch timeout has expired, giving up wake lock!
I/libPerfService(  877): perfSetFavorPid - pid:487, 1e7
I/libPerfService(  877): 7: set: 2
I/libPerfService(  877): 7: set freq: 1235000
I/libPerfService(  877): perfSetFavorPid - pid:0, 0
I/PerfService(  877): PerfServiceNative_boostDisableAsync:5
I/libPerfService(  877): 5: set: 2
I/libPerfService(  877): 5: set freq: 1235000
I/libPerfService(  877): 7: set: 2
I/libPerfService(  877): 7: set freq: 1235000
I/PerfService(  877): PerfServiceNative_boostDisableAsync:5
I/libPerfService(  877): 5: set: 2
I/libPerfService(  877): 5: set freq: 1235000
I/libPerfService(  877): 30: set: 1
I/libPerfService(  877): 30: set freq: 0
I/libPerfService(  877): 30: set gpu level: 0
I/libPerfService(  877): 7: set: 1
I/libPerfService(  877): 7: set freq: 0
I/PerfService(  877): PerfServiceNative_boostDisableAsync:5
I/libPerfService(  877): 5: set: 1
I/libPerfService(  877): 5: set freq: 0
I/SurfaceFlinger(  274): [Built-in Screen (type:0)] fps:9.902245,dur:1009.87,max:209.48,min:12.67
I/libPerfService(  877): 7: set: 1
I/libPerfService(  877): 7: set freq: 0
I/PerfService(  877): PerfServiceNative_boostDisableAsync:5
I/libPerfService(  877): 5: set: 1
I/libPerfService(  877): 5: set freq: 0
W/ADB_SERVICES(  504): create_local_service_socket() name=shell:cat /proc/487/stat
W/ADB_SERVICES(  504): service_to_fd() name=shell:cat /proc/487/stat
W/ADB_SERVICES(  504): read_meminfo() mem_free=32380
W/ADB_SERVICES(  504): create_subproc ret_fd=16 pid=1211
W/ADB_SERVICES(  504): LS(3636): bound to 'shell:cat /proc/487/stat' via 16
W/ADB_SERVICES( 1211): adb: unable to update oom_score_adj
I/libPerfService(  877): 7: set: 1
I/libPerfService(  877): 7: set freq: 0
W/ADB_SERVICES(  504): entered. LS(3636) fd=16
I/PerfService(  877): PerfServiceNative_boostDisableAsync:5
I/libPerfService(  877): 5: set: 1
I/libPerfService(  877): 5: set freq: 0
D/[BT3.0+HS]PAL(  333): == chip_reset_fd is set ==
D/[BT3.0+HS]PAL(  333): 
D/[BT3.0+HS]PAL(  333): invalid reply message
D/[BT3.0+HS]PAL(  333): 
D/[BT3.0+HS]PAL(  333): == chip_reset_fd is set ==
D/[BT3.0+HS]PAL(  333): 
D/[BT3.0+HS]PAL(  333): invalid reply message
D/[BT3.0+HS]PAL(  333): 
E/wpa_supplicant( 1206): This is a Iphone softap!!!!!!! 
E/wpa_supplicant( 1206): This is a Iphone softap!!!!!!! 
E/wpa_supplicant( 1206): This is a Iphone softap!!!!!!! 
I/Netd    (  295): Get netlink event, ifname: wlan0 action: 4
I/Netd    (  295): Get netlink event, ifname: wlan0 action: 4
I/SensorHAL(  877): Dev Batch, handle: 4, name: LSM6DS3 Accelerometer Sensor
E/WifiConfigStore(  877):  rewrite network history for "chaozhouniurouwan"WPA_PSK
E/WifiStateMachine(  877): mIsFullScanOngoing: true, mSendScanResultsBroadcast: false
E/WifiStateMachine(  877): mWifiOnScanCount: 73
I/libPerfService(  877): perfSetFavo