W/chromium(17308): [WARNING:password_handler.cc(41)] attaching to web_contents 
W/AwContents(17308): onDetachedFromWindow called when already detached. Ignoring
W/art     (17308): Attempt to remove local handle scope entry from IRT, ignoring
W/art     (17308): Attempt to remove local handle scope entry from IRT, ignoring
I/MobclickAgent(17308): Extend current session: C4AB89AB9317016F58D896F36CC85281
I/SurfaceView(17308): updateWindow -- setFrame, this = com.baidu.platform.comapi.map.j{3ada58bc V.E..... ......ID 0,0-1080,1854}
I/AudioPolicyManager(  304): ReleaseFMIndirectMode 
I/AudioPolicyManager(  304): PolicyRestore
I/AudioPolicyManager(  304): stopOutput() output 2, stream 1, session 842
I/AudioPolicyManager(  304): getNewOutputDevice() selected device 0
I/AudioPolicyManager(  304): setOutputDevice() output 2 device 0000 delayMs 184 force 0
I/AudioPolicyManager(  304): setOutputDevice() prevDevice 0002
I/AudioPolicyManager(  304): setOutputDevice() mMutePrevDevice 0002
I/AudioPolicyManager(  304): s 0 c 0 avaDev 3 ba2dpo 0 ba2dpsp 0 dev 2
I/AudioPolicyManager(  304): s 1 c 0 avaDev 3 ba2dpo 0 ba2dpsp 0 dev 1
I/AudioPolicyManager(  304): s 2 c 0 avaDev 3 ba2dpo 0 ba2dpsp 0 dev 2
I/AudioPolicyManager(  304): s 2 c 0 avaDev 3 ba2dpo 0 ba2dpsp 0 dev 2
I/AudioPolicyManager(  304): s 3 c 0 avaDev 3 ba2dpo 0 ba2dpsp 0 dev 2
I/AudioPolicyManager(  304): s 0 c 0 avaDev 3 ba2dpo 0 ba2dpsp 0 dev 2
I/AudioPolicyManager(  304): s 4 c 0 avaDev 3 ba2dpo 0 ba2dpsp 0 dev 2
I/AudioPolicyManager(  304): s 5 c 0 avaDev 3 ba2dpo 0 ba2dpsp 0 dev 2
I/AudioPolicyManager(  304): s 6 c 0 avaDev 3 ba2dpo 0 ba2dpsp 0 dev 2
I/AudioPolicyManager(  304): s 7 c 0 avaDev 3 ba2dpo 0 ba2dpsp 0 dev 2
I/AudioPolicyManager(  304): s 8 c 0 avaDev 3 ba2dpo 0 ba2dpsp 0 dev 2
I/AudioPolicyManager(  304): setOutputDevice() setting same device 0000 or null device for output 2
I/WindowManager(  881): Gaining focus: Window{347119dd u0 com.jieshun.jslife/com.jieshun.jslife.activity.userinfo.OpenDoorApplyWebViewActivity}
I/[MALI][Gralloc](  276): Usage: 0xb00, format: 0x1 stride: 1088 vertical_stride: 1920 size: 8355840
I/[MALI][Gralloc](  276): Usage: 0xb00, format: 0x1 stride: 1088 vertical_stride: 1920 size: 8355840
I/[MALI][Gralloc](  276): Usage: 0xb00, format: 0x1 stride: 1088 vertical_stride: 1920 size: 8355840
I/[MALI][Gralloc](  276): Usage: 0xb00, format: 0x1 stride: 1088 vertical_stride: 1920 size: 8355840
I/chromium(17308): [INFO:SkFontConfigParser_android.cpp(301)] [SkFontConfigParser] /system/etc/fonts.xml:104:4: warning: 'DINPro' alias target not found
I/chromium(17308): 
I/chromium(17308): [INFO:SkFontConfigParser_android.cpp(301)] [SkFontConfigParser] /system/etc/fonts.xml:105:4: warning: 'DINPro' alias target not found
I/chromium(17308): 
I/chromium(17308): [INFO:SkFontConfigParser_android.cpp(301)] [SkFontConfigParser] /system/etc/fonts.xml:106:4: warning: 'DINPro' alias target not found
I/chromium(17308): 
W/DecodingInfo( 6853): No Engine for Decoding
I/libPerfService(  881): perfSetFavorPid - pid:0, 0
I/chromium(17308): [INFO:SkFontConfigParser_android.cpp(301)] [SkFontConfigParser] /system/etc/fonts.xml:104:4: warning: 'DINPro' alias target not found
I/chromium(17308): 
I/chromium(17308): [INFO:SkFontConfigParser_android.cpp(301)] [SkFontConfigParser] /system/etc/fonts.xml:105:4: warning: 'DINPro' alias target not found
I/chromium(17308): 
I/chromium(17308): [INFO:SkFontConfigParser_android.cpp(301)] [SkFontConfigParser] /system/etc/fonts.xml:106:4: warning: 'DINPro' alias target not found
I/chromium(17308): 
W/PerfScheduler(  881): Not Boost !
I/chromium(17308): [INFO:mime_util.cc(161)] calling IsSupportedNonImageMimeType
I/ActivityManager(  881): [AppLaunch] Displayed Displayed com.jieshun.jslife/.activity.userinfo.OpenDoorApplyWebViewActivity: +216ms
I/chromium(17308): [INFO:mime_util.cc(161)] calling IsSupportedNonImageMimeType
I/PerfService(  881): PerfServiceNative_boostDisableAsync:5
I/libPerfService(  881): 5: set: 6
I/libPerfService(  881): 5: set freq: 1300000
I/art     (17308): Background partial concurrent mark sweep GC freed 6304(410KB) AllocSpace objects, 2(278KB) LOS objects, 4% free, 77MB/81MB, paused 6.821ms total 75.817ms
I/SurfaceView(17308): updateWindow -- onWindowVisibilityChanged, visibility = 8, this = com.baidu.platform.comapi.map.j{3ada58bc V.E..... ......ID 0,0-1080,1854}
I/WindowManager(  881): Gaining focus: Window{1a068b4c u0 com.jieshun.jslife/com.jieshun.jslife.activity.userinfo.OpenDoorApplyWebViewActivity}
I/SurfaceFlinger(  276): [Built-in Screen (type:0)] fps:32.776779,dur:1006.81,max:206.57,min:14.83
I/AudioFlinger(  304): setParameters(): io 2, keyvalue FM_DIRECT_CONTROL=0, calling pid 304
I/libPerfService(  881): 16: set: 6
I/libPerfService(  881): 16: set freq: 1300000
I/libPerfService(  881): 16: set gpu level: 0
I/[MALI][Gralloc](  276): Usage: 0xb00, format: 0x1 stride: 304 vertical_stride: 300 size: 364800
I/[MALI][Gralloc](  276): Usage: 0xb00, format: 0x1 stride: 304 vertical_stride: 300 size: 364800
I/[MALI][Gralloc](  276): Usage: 0xb00, format: 0x1 stride: 304 vertical_stride: 300 size: 364800
I/[MALI][Gralloc](  276): Usage: 0xb00, format: 0x1 stride: 304 vertical_stride: 300 size: 364800
I/chromium(17308): [INFO:synchronous_compositor_impl.cc(453)] [RegisterProgressCheckCallback] chromium.skipbeginmainframe=[] enable=[0]
W/BindingManager(17308): Cannot call determinedVisibility() - never saw a connection for the pid: 17308
E/chromium(17308): [ERROR:aw_autofill_client.cc(175)] Not implemented reached in virtual void android_webview::AwAutofillClient::OnFirstUserGestureObserved()
W/DecodingInfo( 6853): No Engine for Decoding
W/ADB_SERVICES(16908): create_local_service_socket() name=shell:ps
W/ADB_SERVICES(16908): service_to_fd() name=shell:ps
W/ADB_SERVICES(16908): read_meminfo() mem_free=35076
W/ADB_SERVICES(16908): create_subproc ret_fd=17 pid=18026
W/ADB_SERVICES(16908): LS(2092): bound to 'shell:ps' via 17
W/ADB_SERVICES(18026): adb: unable to update oom_score_adj
I/System.out(17308): [CDS]EAGAIN in Recvfrom
I/System.out(17308): [CDS]read byte is 0
I/libPerfService(  881): 15: set: 1
I/libPerfService(  881): 15: set freq: 0
I/libPerfService(  881): 15: set gpu level: 0
W/ADB_SERVICES(16908): entered. LS(2092) fd=17
W/ADB_SERVICES(16908): create_local_service_socket() name=shell:cat /proc/cpuinfo
W/ADB_SERVICES(16908): service_to_fd() name=shell:cat /proc/cpuinfo
W/ADB_SERVICES(16908): read_meminfo() mem_free=33432
W/ADB_SERVICES(16908): create_subproc ret_fd=17 pid=18027
W/ADB_SERVICES(16908): LS(2093): bound to 'shell:cat /proc/cpuinfo' via 17
W/ADB_SERVICES(18027): adb: unable to update oom_score_adj
W/ADB_SERVICES(16908): entered. LS(2093) fd=17
I/PerfService(  881): PerfServiceNative_boostDisableAsync:5
I/libPerfService(  881): 5: set: 1
I/libPerfService(  881): 5: set freq: 0
W/ADB_SERVICES(16908): create_local_service_socket() name=shell:dumpsys battery
W/ADB_SERVICES(16908): service_to_fd() name=shell:dumpsys battery
W/ADB_SERVICES(16908): read_meminfo() mem_free=35912
W/ADB_SERVICES(16908): create_subproc ret_fd=17 pid=18028
W/ADB_SERVICES(16908): LS(2094): bound to 'shell:dumpsys battery' via 17
W/ADB_SERVICES(18028): adb: unable to update oom_score_adj
W/ADB_SERVICES(16908): entered. LS(2094) fd=17
W/BindingManager(17308): Cannot call determinedVisibility() - never saw a connection for the pid: 17308
I/WindowManager(  881): Gaining focus: Window{347119dd u0 com.jieshun.jslife/com.jieshun.jslife.activity.userinfo.OpenDoorApplyWebViewActivity}
I/WindowManager(  881): Losing focus: Window{1a068b4c u0 com.jieshun.jslife/com.jieshun.jslife.activity.userinfo.OpenDoorApplyWebViewActivity EXITING}
W/DecodingInfo( 6853): No Engine for Decoding
I/PerfService(  881): PerfServiceNative_boostDisableAsync:5
I/libPerfService(  881): 5: set: 1
I/libPerfService(  881): 5: set freq: 0
D/libc-netbsd(17308): [getaddrinfo]: hostname=jsh.jslife.com.cn; servname=(null); cache_mode=(null), netid=0; mark=0
D/libc-netbsd(17308): [getaddrinfo]: ai_addrlen=0; ai_canonname=(null); ai_flags=1024; ai_family=2
W/recents.Component( 1045): create a new LoadPlan to load thumbnail -- background
D/libc-netbsd(  299): [getaddrinfo]: hostname=jsh.jslife.com.cn; servname=(null); cache_mode=local, netid=104; mark=917608
D/libc-netbsd(  299): [getaddrinfo]: ai_addrlen=0; ai_canonname=(null); ai_flags=1024; ai_family=2
D/libc-netbsd(  299): res_queryN name = jsh.jslife.com.cn, class = 1, type = 1
D/libc-netbsd(  299): res_queryN name = jsh.jslife.com.cn succeed
D/libc-netbsd(17308): getaddrinfo: jsh.jslife.com.cn get result from proxy >>
W/recents.Performance( 1045): preload while task Change spend : 5
E/chromium(17308): [ERROR:aw_autofill_client.cc(175)] Not implemented reached in virtual void android_webview::AwAutofillClient::OnFirstUserGestureObserved()
E/chromium(17308): [ERROR:aw_autofill_client.cc(175)] Not implemented reached in virtual void android_webview::AwAutofillClient::OnFirstUserGestureObserved()
W/chromium(17308): [WARNING:password_handler.cc(205)] OnPasswordFormsRendered called
W/chromium(17308): [WARNING:password_handler.cc(207)] OnPasswordFormsRendered IsEnabledSavePassword is false
I/PerfService(  881): PerfServiceNative_boostDisableAsync:5
I/libPerfService(  881): 5: set: 1
I/libPerfService(  881): 5: set freq: 0
E/chromium(17308): [ERROR:aw_autofill_client.cc(175)] Not implemented reached in virtual void android_webview::AwAutofillClient::OnFirstUserGestureObserved()
D/[BT3.0+HS]PAL(  332): == chip_reset_fd is set ==
D/[BT3.0+HS]PAL(  332): 
D/[BT3.0+HS]PAL(  332): invalid reply message
D/[BT3.0+HS]PAL(  332): 
I/PerfService(  881): PerfServiceNative_boostDisableAsync:5
I/libPerfService(  881): 5: set: 1
I/libPerfService(  881): 5: set freq: 0
E/chromium(17308): [ERROR:aw_autofill_client.cc(175)] Not implemented reached in virtual void android_webview::AwAutofillClient::OnFirstUserGestureObserved()
I/PerfService(  881): PerfServiceNative_boostDisableAsync:5
I/libPerfService(  881): 5: set: 1
I/libPerfService(  881): 5: set freq: 0
E/chromium(17308): [ERROR:aw_autofill_client.cc(175)] Not implemented reached in virtual void android_webview::AwAutofillClient::OnFirstUserGestureObserved()
I/XMPP    (17308): 用户名或密码为空=============== userName=null
I/XMPP    (17308):  匿名转实名-----  实名登陆失败===============再次尝试登陆
I/XMPP    (17308): 匿名转实名登录失败！！！！！！！  休息========10000秒
I/AudioFlinger(  304): setParameters(): io 0, keyvalue mediaserver_monitor=1, calling pid 881
W/AudioALSAHardware(  304): setParameters(), still have param.size() = 1, remain param = "mediaserver_monitor=1"
I/str_params(  304): key: 'mediaserver_monitor' value: '1'
I/AudioPolicyManager(  304): setStreamVolumeIndex stream = 7 index = 15 device = 0x400
I/PerfService(  881): PerfServiceNative_boostDisableAsync:5
I/libPerfService(  881): 5: set: 1
I/libPerfService(  881): 5: set freq: 0
E/chromium(17308): [ERROR:aw_autofill_client.cc(175)] Not implemented reached in virtual void android_webview::AwAutofillClient::OnFirstUserGestureObserved()
I/SurfaceFlinger(  276): [Built-in Screen (type:0)] fps:27.146120,dur:1989.23,max:1000.25,min:14.74
I/PerfService(  881): PerfServiceNative_boostDisableAsync:5
I/libPerfService(  881): 5: set: 1
I/libPerfService(  881): 5: set freq: 0
E/chromium(17308): [ERROR:aw_autofill_client.cc(175)] Not implemented reached in virtual void android_webview::AwAutofillClient::OnFirstUserGestureObserved()
W/ADB_SERVICES(16908): create_local_service_socket() name=shell:cat /proc/17308/stat
W/ADB_SERVICES(16908): service_to_fd() name=shell:cat /proc/17308/stat
W/ADB_SERVICES(16908): read_meminfo() mem_free=37152
W/ADB_SERVICES(16908): create_subproc ret_fd=17 pid=18031
W/ADB_SERVICES(16908): LS(2095): bound to 'shell:cat /proc/17308/stat' via 17
W/ADB_SERVICES(18031): adb: unable to update oom_score_adj
W/ADB_SERVICES(16908): entered. LS(2095) fd=17
I/PerfService(  881): PerfServiceNative_boostDisableAsync:5
I/libPerfService(  881): 5: set: 1
I/libPerfService(  881): 5: set freq: 0
E/chromium(17308): [ERROR:aw_autofill_client.cc(175)] Not implemented reached in virtual void android_webview::AwAutofillClient::OnFirstUserGestureObserved()
I/libPerfService(  881): perfSetFavorPid - pid:17308, 439c
I/libPerfService(  881): perfSetFavorPid - pid:0, 0
I/libPerfService(  881): perfSetFavorPid - pid:17308, 439c
I/libPerfService(  881): 7: set: 1
I/libPerfService(  881): 7: set freq: 0
W/Watchdog(  881): SWT Watchdog after wait current time:28115238
W/Watchdog(  881): **Get SF Time **1
W/Watchdog(  881): SWT Watchdog before synchronized:28115239
W/Watchdog(  881): SWT Watchdog after synchronized:28115239
W/Watchdog(  881): SWT Watchdog before wait timeout:30000
W/Watchdog(  881): SWT Watchdog before wait current time:28115239
W/Watchdog(  881): SWT Watchdog before wait start:28115239
W/Watchdog(  881): SWT Watchdog before wait CHECK_INTERVAL:30000
I/PerfService(  881): PerfServiceNative_boostDisableAsync:5
I/libPerfService(  881): 5: set: 1
I/libPerfService(  881): 5: set freq: 0
E/chromium(17308): [ERROR:aw_autofill_client.cc(175)] Not implemented reached in virtual void android_webview::AwAutofillClient::OnFirstUserGestureObserved()
W/BindingManager(17308): Cannot call determinedVisibility() - never saw a connection for the pid: 17308
E/chromium(17308): [ERROR:aw_autofill_client.cc(175)] Not implemented reached in virtual void android_webview::AwAutofillClient::OnFirstUserGestureObserved()
I/libPerfService(  881): 7: set: 1
I/libPerfService(  881): 7: set freq: 0
I/libPerfService(  881): perfSetFavorPid - pid:0, 0
I/SurfaceFlinger(  276): [Built-in Screen (type:0)] fps:2.939307,dur:1020.65,max:627.98,min:10.04
I/PerfService(  881): PerfServiceNative_boostDisableAsync:5
I/libPerfService(  881): 5: set: 1
I/libPerfService(  881): 5: set freq: 0
E/chromium(17308): [ERROR:aw_autofill_client.cc(175)] Not implemented reached in virtual void android_webview::AwAutofillClient::OnFirstUserGestureObserved()
I/libPerfService(  881): 7: set: 1
I/libPerfService(  881): 7: set freq: 0
I/PerfService(  881): PerfServiceNative_boostDisableAsync:5
I/libPerfService(  881): 5: set: 1
I/libPerfService(  881): 5: set freq: 0
E/chromium(17308): [ERROR:aw_autofill_client.cc(175)] Not implemented reached in virtual void android_webview::AwAutofillClient::OnFirstUserGestureObserved()
W/ADB_SERVICES(16908): create_local_service_socket() name=shell:cat /proc/17308/stat
W/ADB_SERVICES(16908): service_to_fd() name=shell:cat /proc/17308/stat
W/ADB_SERVICES(16908): read_meminfo() mem_free=34872
W/ADB_SERVICES(16908): create_subproc ret_fd=17 pid=18032
W/ADB_SERVICES(16908): LS(2096): bound to 'shell:cat /proc/17308/stat' via 17
W/ADB_SERVICES(18032): adb: unable to update oom_score_adj
W/ADB_SERVICES(16908): entered. LS(2096) fd=17
W/ADB_SERVICES(16908): create_local_service_socket() name=shell:cat /proc/stat
W/ADB_SERVICES(16908): service_to_fd() name=shell:cat /proc/stat
W/ADB_SERVICES(16908): read_meminfo() mem_free=34164
W/ADB_SERVICES(16908): create_subproc ret_fd=17 pid=18033
W/ADB_SERVICES(16908): LS(2097): bound to 'shell:cat /proc/stat' via 17
W/ADB_SERVICES(18033): adb: unable to update oom_score_adj
W/ADB_SERVICES(16908): entered. LS(2097) fd=17
I/libPerfService(  881): 7: set: 1
I/libPerfService(  881): 7: set freq: 0
W/SettingsInterface( 6853): Setting device_provisioned has moved from android.provider.Settings.Secure to android.provider.Settings.Global.
I/ValidateNoPeople(  881): skipping global notification
E/SystemUIMobEventUtils( 1045): packageName cannot be null and null-string, or packageName is filter pkg
I/PerfService(  881): PerfServiceNative_boostDisableAsync:5
I/libPerfService(  881): 5: set: 1
I/libPerfService(  881): 5: set freq: 0
I/art     (  881): Background sticky concurrent mark sweep GC freed 14378(761KB) AllocSpace objects, 2(40KB) LOS objects, 1% free, 45MB/45MB, paused 13.329ms total 73.463ms
I/EMDLOGGER1(  780): MDL rate:25 KB/s, full count:0
E/chromium(17308): [ERROR:aw_autofill_client.cc(175)] Not implemented reached in virtual void android_webview::AwAutofillClient::OnFirstUserGestureObserved()
I/[MALI][Gralloc](  276): Usage: 0xb00, format: 0x1 stride: 1088 vertical_stride: 891 size: 3877632
I/[MALI][Gralloc](  276): Usage: 0xb00, format: 0x1 stride: 1088 vertical_stride: 891 size: 3877632
I/[MALI][Gralloc](  276): Usage: 0xb00, format: 0x1 stride: 1088 vertical_stride: 891 size: 3877632
I/[MALI][Gralloc](  276): Usage: 0xb00, format: 0x1 stride: 1088 vertical_stride: 891 size: 3877632
I/PhoneStatusBar( 1045): updateNotificationCountChange,mLastHasNotification:true , hasActiveNotifications:true
I/libPerfService(  881): 7: set: 1
I/libPerfService(  881): 7: set freq: 0
W/StatusBar( 1045): updateNotification for unknown pkg: android
I/PhoneStatusBar( 1045): updateNotificationCountChange,mLastHasNotification:true , hasActiveNotifications:true
I/PerfService(  881): PerfServiceNative_boostDisableAsync:5
I/libPerfService(  881): 5: set: 1
I/libPerfService(  881): 5: set freq: 0
E/chromium(17308): [ERROR:aw_autofill_client.cc(175)] Not implemented reached in virtual void android_webview::AwAutofillClient::OnFirstUserGestureObserved()
I/SurfaceFlinger(  276): [Built-in Screen (type:0)] fps:16.787973,dur:1012.63,max:418.56,min:15.62
D/[BT3.0+HS]PAL(  332): == chip_reset_fd is set ==
D/[BT3.0+HS]PAL(  332): 
D/[BT3.0+HS]PAL(  332): invalid reply message
D/[BT3.0+HS]PAL(  332): 
D/[BT3.0+HS]PAL(  332): == chip_reset_fd is set ==
D/[BT3.0+HS]PAL(  332): 
D/[BT3.0+HS]PAL(  332): invalid reply message
D/[BT3.0+HS]PAL(  332): 
I/Netd    (  299): Get netlink event, ifname: wlan0 action: 4
I/Netd    (  299): Get netlink event, ifname: wlan0 action: 4
E/wpa_supplicant( 1294): This is a Iphone softap!!!!!!! 
E/wpa_supplicant( 1294): This is a Iphone softap!!!!!!! 
E/wpa_supplicant( 1294): This is a Iphone softap!!!!!!! 
E/wpa_supplicant( 1294): This is a Iphone softap!!!!!!! 
E/wpa_supplicant( 1294): This is a Iphone softap!!!!!!! 
I/libPerfService(  881): 7: set: 1
I/libPerfService(  881): 7: set freq: 0
E/WifiConfigStore(  881):  rewrite network history for "chaozhouniurouwan"WPA_PSK
E/WifiStateMachine(  881): mIsFullScanOngoing: true, mSendScanResultsBroadcast: false
E/WifiStateMachine(  881): mWifiOnScanCount: 1337
I/libPerfService(  881): perfSetFavorPid - pid:17308, 439c
W/ContextImpl( 9304): Calling a method in the system process without a qualified user: android.app.ContextImpl.startService:1863 android.content.ContextWrapper.startService:516 android.content.ContextWrapper.startService:516 com.meizu.dataservice.ExperienceReceiver.a:-1 com.meizu.dataservice.ExperienceReceiver.onReceive:-1 
D/EMDLOGGER1(  780): CTRL_reader: incoming SPLM req, msgid=6, token=0, result=0
I/EMDLOGGER1(  780): [MDLOG] [stats][buf] L1 : data:0x13e80 last:0x55ccc8; (1, 0x4434, 0x55ccc8)(3, 0x622, 0x55c90d)PS : data:0x4a56 last:0x55ccc8; L2 : data:0x3154 last:0x55ccc8; 
D/EMDLOGGER1(  780): CTRL_reader: incoming SPLM req, msgid=6, token=0, result=0
I/EMDLOGGER1(  780): [MDLOG] [stats][mux] MCU : data:0x1f00f last:0x55cbe3; DSP : data:0x0 last:0x0; 
I/System.out(17308): isFirstLoc：true
I/System.out(17308): ******jscarlife*********************onMapStatusChangeStart*********************1******
I/System.out(17308): ******jscarlife*********************onReceiveLocation***************逆地理编码******
I/System.out(17308): open:http://api.map.baidu.com/sdkproxy/v2/lbs_androidsdk/geocoder/v2?location=22.57706906550214%2C114.04991237276784&coordtype=bd09ll&pois=1&output=json&from=android_map_sdk&latest_admin=0&token=4113DTKIb0b7eqvx7mztyYnn4qOxyrAWbB6IeY3UFkLi81L5fkwomAO1jp6hOpSqzwMIWdCs%2BOsmBqETEgiPU2bv1Eg4q8zQkSPXfwYb7WsxCkwztUJBjiMlV1gz%2BRLHjjHEd2C1Gjyd04dIh%2FZ66NXrMgB67Db3YmMntCoeIXXBFUfX8howSjyGiaA&pcn=com.jieshun.jslife&screen=1080%2C1920&cuid=686E53F3C8D0961EAD4B50E4D2258C2D%7C944874720008868&dpi=480%2C480&resid=02&appid=-1&mb=m2%20note&ctm=1532078582.658000&net=1&bduid=&channel=baidu&os=Android22&sv=4.5.2&sign=52e69f9343a53600b0973c6effbf68e0
I/System.out(17308): [OkHttp] sendRequest>>
I/System.out(17308): [OkHttp] sendRequest<<
I/SurfaceView(17308): updateWindow -- setFrame, this = com.baidu.platform.comapi.map.j{3ada58bc V.E..... ......ID 0,0-1080,1854}
I/PerfService(  881): PerfServiceNative_boostDisableAsync:5
I/libPerfService(  881): 5: set: 1
I/libPerfService(  881): 5: set freq: 0
E/chromium(17308): [ERROR:aw_autofill_client.cc(175)] Not implemented reached in virtual void android_webview::AwAutofillClient::OnFirstUserGestureObserved()
I/libPerfService(  881): perfSetFavorPid - pid:0, 0
I/art     (  881): Background partial concurrent mark sweep GC freed 28501(3MB) AllocSpace objects, 0(0B) LOS objects, 8% free, 43MB/47MB, paused 2.986ms total 186.084ms
I/thermal_repeater(  322): oh, queryMdThermalInfo (0)Bad file number
I/thermal_repeater(  322): [recvMdThermalInfo] ret=25, strLen=127,  1, 32767,,, -1, 32767, 2
I/libPerfService(  881): 7: set: 1
I/libPerfService(  881): 7: set freq: 0
W/ADB_SERVICES(16908): create_local_service_socket() name=shell:cat /proc/stat
W/ADB_SERVICES(16908): service_to_fd() name=shell:cat /proc/stat
W/ADB_SERVICES(16908): read_meminfo() mem_free=34384
W/ADB_SERVICES(16908): create_subproc ret_fd=17 pid=18037
W/ADB_SERVICES(16908): LS(2098): bound to 'shell:cat /proc/stat' via 17
W/ADB_SERVICES(18037): adb: unable to update oom_score_adj
W/ADB_SERVICES(16908): entered. LS(2098) fd=17
W/ADB_SERVICES(16908): create_local_service_socket() name=shell:dumpsys meminfo com.jieshun.jslife
W/ADB_SERVICES(16908): service_to_fd() name=shell:dumpsys meminfo com.jieshun.jslife
W/ADB_SERVICES(16908): read_meminfo() mem_free=34260
W/ADB_SERVICES(16908): create_subproc ret_fd=17 pid=18038
W/ADB_SERVICES(16908): LS(2099): bound to 'shell:dumpsys meminfo com.jieshun.jslife' via 17
W/ADB_SERVICES(18038): adb: unable to update oom_score_adj
I/PerfService(  881): PerfServiceNative_boostDisableAsync:5
I/libPerfService(  881): 5: set: 1
I/libPerfService(  881): 5: set freq: 0
E/chromium(17308): [ERROR:aw_autofill_client.cc(175)] Not implemented reached in virtual void android_webview::AwAutofillClient::OnFirstUserGestureObserved()
I/libPerfService(  881): 7: set: 1
I/libPerfService(  881): 7: set freq: 0
I/PerfService(  881): PerfServiceNative_boostDisableAsync:5
I/libPerfService(  881): 5: set: 1
I/libPerfService(  881): 5: set freq: 0
E/chromium(17308): [ERROR:aw_autofill_client.cc(175)] Not implemented reached in virtual void android_webview::AwAutofillClient::OnFirstUserGestureObserved()
I/art     (17308): Explicit concurrent mark sweep GC freed 16802(943KB) AllocSpace objects, 7(261KB) LOS objects, 4% free, 77MB/81MB, paused 3.395ms total 92.281ms
I/art     (17308): Explicit concurrent mark sweep GC freed 2039(88KB) AllocSpace objects, 0(0B) LOS objects, 4% free, 77MB/81MB, paused 4.163ms total 86.752ms
I/SurfaceFlinger(  276): [Built-in Screen (type:0)] fps:25.336782,dur:1026.18,max:540.60,min:15.13
I/libPerfService(  881): 7: set: 1
I/libPerfService(  881): 7: set freq: 0
I/art     (17308): Explicit concurrent mark sweep GC freed 1717(67KB) AllocSpace objects, 0(0B) LOS objects, 4% free, 77MB/81MB, paused 3.232ms total 86.804ms
I/PerfService(  881): PerfServiceNative_boostDisableAsync:5
I/libPerfService(  881): 5: set: 1
I/libPerfService(  881): 5: set freq: 0
E/chromium(17308): [ERROR:aw_autofill_client.cc(175)] Not implemented reached in virtual void android_webview::AwAutofillClient::OnFirstUserGestureObserved()
I/SurfaceView(17308): updateWindow -- setFrame, this = com.baidu.platform.comapi.map.j{3ada58bc V.E..... ......ID 0,0-1080,1854}
I/NetworkManagementSocketTagger(17308): untagSocket(34)
I/art     (17308): Explicit concurrent mark sweep GC freed 14983(542KB) AllocSpace objects, 1(16KB) LOS objects, 4% free, 77MB/81MB, paused 4.497ms total 84.771ms
I/libPerfService(  881): 7: set: 1
I/libPerfService(  881): 7: set freq: 0
I/art     (17308): Explicit concurrent mark sweep GC freed 2247(108KB) AllocSpace objects, 0(0B) LOS objects, 4% free, 77MB/81MB, paused 4.442ms total 92.640ms
W/ADB_SERVICES(16908): entered. LS(2099) fd=17
I/PerfService(  881): PerfServiceNative_boostDisableAsync:5
I/libPerfService(  881): 5: set: 1
I/libPerfService(  881): 5: set freq: 0
E/chromium(17308): [ERROR:aw_autofill_client.cc(175)] Not implemented reached in virtual void android_webview::AwAutofillClient::OnFirstUserGestureObserved()
W/SettingsInterface( 6853): Setting device_provisioned has moved from android.provider.Settings.Secure to android.provider.Settings.Global.
W/ADB_SERVICES(16908): create_local_service_socket() name=shell:dumpsys gfxinfo com.jieshun.jslife
W/ADB_SERVICES(16908): service_to_fd() name=shell:dumpsys gfxinfo com.jieshun.jslife
W/ADB_SERVICES(16908): read_meminfo() mem_free=34432
W/ADB_SERVICES(16908): create_subproc ret_fd=17 pid=18039
W/ADB_SERVICES(16908): LS(2100): bound to 'shell:dumpsys gfxinfo com.jieshun.jslife' via 17
W/ADB_SERVICES(18039): adb: unable to update oom_score_adj
I/ValidateNoPeople(  881): skipping global notification
E/SystemUIMobEventUtils( 1045): packageName cannot be null and null-string, or packageName is filter pkg
I/art     ( 6853): Background partial concurrent mark sweep GC freed 9397(624KB) AllocSpace objects, 0(0B) LOS objects, 13% free, 25MB/29MB, paused 7.522ms total 51.899ms
W/ADB_SERVICES(16908): entered. LS(2100) fd=17
I/[MALI][Gralloc](  276): Usage: 0xb00, format: 0x1 stride: 1088 vertical_stride: 891 size: 3877632
I/[MALI][Gralloc](  276): Usage: 0xb00, format: 0x1 stride: 1088 vertical_stride: 891 size: 3877632
I/[MALI][Gralloc](  276): Usage: 0xb00, format: 0x1 stride: 1088 vertical_stride: 891 size: 3877632
I/[MALI][Gralloc](  276): Usage: 0xb00, format: 0x1 stride: 1088 vertical_stride: 891 size: 3877632
I/PhoneStatusBar( 1045): updateNotificationCountChange,mLastHasNotification:true , hasActiveNotifications:true
W/ADB_SERVICES(16908): create_local_service_socket() name=shell:cat /proc/17308/net/dev
W/ADB_SERVICES(16908): service_to_fd() name=shell:cat /proc/17308/net/dev
W/ADB_SERVICES(16908): read_meminfo() mem_free=33920
W/ADB_SERVICES(16908): create_subproc ret_fd=17 pid=18041
W/ADB_SERVICES(16908): LS(2101): bound to 'shell:cat /proc/17308/net/dev' via 17
W/ADB_SERVICES(18041): adb: unable to update oom_score_adj
W/ADB_SERVICES(16908): entered. LS(2101) fd=17
W/ADB_SERVICES(16908): create_local_service_socket() name=shell:dumpsys battery
W/ADB_SERVICES(16908): service_to_fd() name=shell:dumpsys battery
W/ADB_SERVICES(16908): read_meminfo() mem_free=33780
W/ADB_SERVICES(16908): create_subproc ret_fd=17 pid=18042
W/ADB_SERVICES(16908): LS(2102): bound to 'shell:dumpsys battery' via 17
W/ADB_SERVICES(18042): adb: unable to update oom_score_adj
W/ADB_SERVICES(16908): entered. LS(2102) fd=17
I/libPerfService(  881): 7: set: 1
I/libPerfService(  881): 7: set freq: 0
I/WindowManager(  881): interceptKeyTq keycode=3 interactive=true keyguardActive=false policyFlags=2b000000 down =true canceled = false isWakeKey=false mVolumeDownKeyTriggered =false mVolumeUpKeyTriggered =false result = 1 useHapticFeedback = false isInjected = true result = 1
I/WindowManager(  881): interceptKeyTi keyCode=3 down=true repeatCount=0 keyguardOn=false mHomePressed=false canceled=false metaState:0
I/libPerfService(  881): 16: set freq: 1235000
I/libPerfService(  881): 16: set: 2
I/WindowManager(  881): interceptKeyTq keycode=3 interactive=true keyguardActive=false policyFlags=2b000000 down =false canceled = false isWakeKey=false mVolumeDownKeyTriggered =false mVolumeUpKeyTriggered =false result = 1 useHapticFeedback = false isInjected = true result = 1
I/WindowManager(  881): interceptKeyTi keyCode=3 down=false repeatCount=0 keyguardOn=false mHomePressed=true canceled=false metaState:0
I/WindowManager(  881): interceptKey home mDoubleTapOnHomeBehavior === 1
I/ActivityManager(  881): START u0 {act=android.intent.action.MAIN cat=[android.intent.category.HOME] flg=0x10200000 cmp=com.meizu.flyme.launcher/.Launcher} from uid 1000 on display 0 from pid 881
I/ValidateNoPeople(  881): skipping global notification
I/SurfaceFlinger(  276): [Built-in Screen (type:0)] fps:29.691465,dur:1010.39,max:347.77,min:15.30
I/libPerfService(  881): 7: set: 2
I/libPerfService(  881): 7: set freq: 1235000
I/PerfService(  881): PerfServiceNative_boostDisableAsync:5
I/libPerfService(  881): 5: set: 2
I/libPerfService(  881): 5: set freq: 1235000
E/chromium(17308): [ERROR:aw_autofill_client.cc(175)] Not implemented reached in virtual void android_webview::AwAutofillClient::OnFirstUserGestureObserved()
I/System.out(17308): isFirstLoc：true
I/System.out(17308): ******jscarlife*********************onReceiveLocation***************逆地理编码******
I/System.out(17308): open:http://api.map.baidu.com/sdkproxy/v2/lbs_androidsdk/geocoder/v2?location=22.57706906550214%2C114.04991237276784&coordtype=bd09ll&pois=1&output=json&from=android_map_sdk&latest_admin=0&token=4113DTKIb0b7eqvx7mztyYnn4qOxyrAWbB6IeY3UFkLi81L5fkwomAO1jp6hOpSqzwMIWdCs%2BOsmBqETEgiPU2bv1Eg4q8zQkSPXfwYb7WsxCkwztUJBjiMlV1gz%2BRLHjjHEd2C1Gjyd04dIh%2FZ66NXrMgB67Db3YmMntCoeIXXBFUfX8howSjyGiaA&pcn=com.jieshun.jslife&screen=1080%2C1920&cuid=686E53F3C8D0961EAD4B50E4D2258C2D%7C944874720008868&dpi=480%2C480&resid=02&appid=-1&mb=m2%20note&ctm=1532078586.589000&net=1&bduid=&channel=baidu&os=Android22&sv=4.5.2&sign=3572196057fbe2680c1d863719ea4a39
I/System.out(17308): [OkHttp] sendRequest>>
I/System.out(17308): [OkHttp] sendRequest<<
I/System.out(17481): [CDS]close[0]
I/NetworkManagementSocketTagger(17481): untagSocket(32)
I/System.out(17481): [CDS]close[0]
I/NetworkManagementSocketTagger(17481): untagSocket(52)
I/SurfaceView(17308): updateWindow -- setFrame, this = com.baidu.platform.comapi.map.j{3ada58bc V.E..... ......ID 0,0-1080,1854}
W/StatusBar( 1045): updateNotification for unknown pkg: android
I/PhoneStatusBar( 1045): updateNotificationCountChange,mLastHasNotification:true , hasActiveNotifications:true
I/libPerfService(  881): 7: set: 2
I/libPerfService(  881): 7: set freq: 1235000
I/ActivityManager(  881): START u0 {act=android.intent.action.MAIN cat=[android.intent.category.LAUNCHER] flg=0x10200000 cmp=com.jieshun.jslife/.activity.common.WelcomeActivity} from uid 2000 on display 0 from pid 17994
I/NetworkManagementSocketTagger(17308): untagSocket(34)
I/libPerfService(  881): 7: set: 2
I/libPerfService(  881): 7: set freq: 1235000
I/PerfService(  881): PerfServiceNative_boostDisableAsync:5
I/libPerfService(  881): 5: set: 2
I/libPerfService(  881): 5: set freq: 1235000
E/chromium(17308): [ERROR:aw_autofill_client.cc(175)] Not implemented reached in virtual void android_webview::AwAutofillClient::OnFirstUserGestureObserved()
I/libPerfService(  881): 16: set: 1
I/libPerfService(  881): 16: set freq: 0
I/libPerfService(  881): 16: set gpu level: 0
I/libPerfService(  881): 7: set: 1
I/libPerfService(  881): 7: set freq: 0
I/WindowManager(  881): interceptKeyTq keycode=25 interactive=true keyguardActive=false policyFlags=2b000000 down =true canceled = false isWakeKey=false mVolumeDownKeyTriggered =false mVolumeUpKeyTriggered =false result = 1 useHapticFeedback = false isInjected = true result = 1
I/WindowManager(  881): interceptKeyTi keyCode=25 down=true repeatCount=0 keyguardOn=false mHomePressed=false canceled=false metaState:0
I/WindowManager(  881): interceptKeyTi keyCode=25 down=true repeatCount=0 keyguardOn=false mHomePressed=false canceled=false metaState:0
I/WindowManager(  881): interceptKeyTq keycode=25 interactive=true keyguardActive=false policyFlags=2b000000 down =false canceled = false isWakeKey=false mVolumeDownKeyTriggered =true mVolumeUpKeyTriggered =false result = 1 useHapticFeedback = false isInjected = true result = 1
I/WindowManager(  881): interceptKeyTi keyCode=25 down=false repeatCount=0 keyguardOn=false mHomePressed=false canceled=false metaState:0
I/ViewRootImpl(17308): WindowInputEventReceiver onInputEvent!! KeyCode is 25, action is 0
I/View    (17308): Key down dispatch to com.tencent.smtt.sdk.WebView$a{a633b6f VFEDHVC. .F...... 0,0-1080,1854 #7f100090 app:id/webview}, event = KeyEvent { action=ACTION_DOWN, keyCode=KEYCODE_VOLUME_DOWN, scanCode=0, metaState=0, flags=0x8, repeatCount=0, eventTime=28119528, downTime=28119528, deviceId=-1, source=0x101 }
I/ViewRootImpl(17308): WindowInputEventReceiver onInputEvent!! KeyCode is 25, action is 1
I/View    (17308): Key up dispatch to com.tencent.smtt.sdk.WebView$a{a633b6f VFEDHVC. .F...... 0,0-1080,1854 #7f100090 app:id/webview}, event = KeyEvent { action=ACTION_UP, keyCode=KEYCODE_VOLUME_DOWN, scanCode=0, metaState=0, flags=0x8, repeatCount=0, eventTime=28119679, downTime=28119679, deviceId=-1, source=0x101 }
I/AudioPolicyManager(  304): setStreamVolumeIndex stream = 3 index = 3 device = 0x2
I/AudioPolicyManager(  304): LosslessBT audio set LosslessBT_VolumeSatisfied 2
I/AudioFlinger(  304): setParameters(): io 0, keyvalue LosslessBT_VolumeSatisfied=0, calling pid 304
I/AudioFlinger(  304): SetLosslessBTVolumeStatus() = 0
I/AudioFlinger(  304): LosslessBT BroadcastLLUI 1
I/AudioFlinger(  304): LosslessBT BroadcastLLUI 2 0
I/AudioFlinger(  304): LosslessBT BroadcastLLUI 3
I/AudioFlinger(  304): LosslessBT BroadcastLLUI 4
I/AudioFlinger(  304): SetLosslessBTVolumeStatus to 0
I/AudioPolicyManager(  304):  checkAndSetVolume stream = 3 index = 3 output = 2 device = 0x2 delayMs = 0 force = 0
I/AudioPolicyManager(  304): checkAndSetVolume() for output 2 stream 3, volume 0.007079, delay 0
I/AudioPolicyManager(  304):  checkAndSetVolume stream = 12 index = 3 output = 2 device = 0x2 delayMs = 0 force = 0
I/AudioPolicyManager(  304): checkAndSetVolume() for output 2 stream 12, volume 0.007079, delay 0
I/AudioPolicyManager(  304): setStreamVolumeIndex stream = 9 index = 3 device = 0x2
I/AudioPolicyManager(  304):  checkAndSetVolume stream = 9 index = 3 output = 2 device = 0x2 delayMs = 0 force = 0
I/VolumePanel( 1045): [DEBUG_VP] updateSliderProgress: streamType = 3; index = 3
I/VolumePanel( 1045): [DEBUG_VP] onShowVolumeChanged: streamType = 3; index = 3
I/VolumePanel( 1045): [DEBUG_VP] updateSliderProgress: streamType = 3; index = 3
W/BackupManagerService(  881): dataChanged but no participant pkg='com.android.providers.settings' uid=10030
I/SurfaceFlinger(  276): [Built-in Screen (type:0)] fps:27.443581,dur:1166.03,max:260.89,min:14.82
I/[MALI][Gralloc](  276): Usage: 0xb00, format: 0x1 stride: 1216 vertical_stride: 378 size: 1838592
I/[MALI][Gralloc](  276): Usage: 0xb00, format: 0x1 stride: 1216 vertical_stride: 378 size: 1838592
I/[MALI][Gralloc](  276): Usage: 0xb00, format: 0x1 stride: 1216 vertical_stride: 378 size: 1838592
I/[MALI][Gralloc](  276): Usage: 0xb00, format: 0x1 stride: 1216 vertical_stride: 378 size: 1838592
I/SurfaceView(17308): updateWindow -- setFrame, this = com.baidu.platform.comapi.map.j{3ada58bc V.E..... ......ID 0,0-1080,1854}
I/libPerfService(  881): 7: set: 1
I/libPerfService(  881): 7: set freq: 0
I/WindowManager(  881): interceptKeyTq keycode=5 interactive=true keyguardActive=false policyFlags=2b000000 down =true canceled = false isWakeKey=false mVolumeDownKeyTriggered =false mVolumeUpKeyTriggered =false result = 1 useHapticFeedback = false isInjected = true result = 1
I/WindowManager(  881): interceptKeyTi keyCode=5 down=true repeatCount=0 keyguardOn=false mHomePressed=false canceled=false metaState:0
I/ViewRootImpl(17308): WindowInputEventReceiver onInputEvent!! KeyCode is 5, action is 0
I/View    (17308): Key down dispatch to com.tencent.smtt.sdk.WebView$a{a633b6f VFEDHVC. .F...... 0,0-1080,1854 #7f100090 app:id/webview}, event = KeyEvent { action=ACTION_DOWN, keyCode=KEYCODE_CALL, scanCode=0, metaState=0, flags=0x8, repeatCount=0, eventTime=28119988, downTime=28119988, deviceId=-1, source=0x101 }
I/WindowManager(  881): interceptKeyTq keycode=5 interactive=true keyguardActive=false policyFlags=2b000000 down =false canceled = false isWakeKey=false mVolumeDownKeyTriggered =false mVolumeUpKeyTriggered =false result = 1 useHapticFeedback = false isInjected = true result = 1
I/WindowManager(  881): interceptKeyTi keyCode=5 down=false repeatCount=0 keyguardOn=false mHomePressed=false canceled=false metaState:0
I/ViewRootImpl(17308): WindowInputEventReceiver onInputEvent!! KeyCode is 5, action is 1
I/View    (17308): Key up dispatch to com.tencent.smtt.sdk.WebView$a{a633b6f VFEDHVC. .F...... 0,0-1080,1854 #7f100090 app:id/webview}, event = KeyEvent { action=ACTION_UP, keyCode=KEYCODE_CALL, scanCode=0, metaState=0, flags=0x8, repeatCount=0, eventTime=28119991, downTime=28119991, deviceId=-1, source=0x101 }
I/ActivityManager(  881): START u0 {act=android.intent.action.CALL_BUTTON flg=0x10000000} from uid 10102 on display 0 from pid 17308
W/PhoneFallbackEventHandler(17308): No activity found for android.intent.action.CALL_BUTTON.
I/libPerfService(  881): 7: set: 1
I/libPerfService(  881): 7: set freq: 0
W/ADB_SERVICES(16908): create_local_service_socket() name=shell:cat /proc/17308/stat
W/ADB_SERVICES(16908): service_to_fd() name=shell:cat /proc/17308/stat
W/ADB_SERVICES(16908): read_meminfo() mem_free=33004
W/ADB_SERVICES(16908): create_subproc ret_fd=17 pid=18044
W/ADB_SERVICES(16908): LS(2103): bound to 'shell:cat /proc/17308/stat' via 17
W/ADB_SERVICES(18044): adb: unable to update oom_score_adj
W/ADB_SERVICES(16908): entered. LS(2103) fd=17
I/PerfService(  881): PerfServiceNative_boostDisableAsync:5
I/libPerfService(  881): 5: set: 1
I/libPerfService(  881): 5: set freq: 0
E/chromium(17308): [ERROR:aw_autofill_client.cc(175)] Not implemented reached in virtual void android_webview::AwAutofillClient::OnFirstUserGestureObserved()
W/SettingsInterface( 6853): Setting device_provisioned has moved from android.provider.Settings.Secure to android.provider.Settings.Global.
W/BackupManagerService(  881): dataChanged but no participant pkg='com.android.providers.settings' uid=10030
I/ValidateNoPeople(  881): skipping global notification
E/SystemUIMobEventUtils( 1045): packageName cannot be null and null-string, or packageName is filter pkg
I/[MALI][Gralloc](  276): Usage: 0xb00, format: 0x1 stride: 1088 vertical_stride: 891 size: 3877632
I/[MALI][Gralloc](  276): Usage: 0xb00, format: 0x1 stride: 1088 vertical_stride: 891 size: 3877632
I/[MALI][Gralloc](  276): Usage: 0xb00, format: 0x1 stride: 1088 vertical_stride: 891 size: 3877632
I/[MALI][Gralloc](  276): Usage: 0xb00, format: 0x1 stride: 1088 vertical_stride: 891 size: 3877632
I/libPerfService(  881): 7: set: 1
I/libPerfService(  881): 7: set freq: 0
I/PhoneStatusBar( 1045): updateNotificationCountChange,mLastHasNotification:true , hasActiveNotifications:true
I/AudioPolicyManager(  304): s 0 c 0 avaDev 3 ba2dpo 0 ba2dpsp 0 dev 2
I/AudioPolicyManager(  304): getOutput() device 2, stream 1, samplingRate 0, format 0, channelMask 3, flags 0
I/AudioPolicyManager(  304): getOutput() returns output 2
I/PerfService(  881): PerfServiceNative_boostDisableAsync:5
I/AudioPolicyManager(  304): s 0 c 0 avaDev 3 ba2dpo 0 ba2dpsp 0 dev 2
I/AudioPolicyManager(  304): getOutput() device 2, stream 1, samplingRate 0, format 0, channelMask 3, flags 0
I/AudioPolicyManager(  304): getOutput() returns output 2
I/libPerfService(  881): 5: set: 1
I/libPerfService(  881): 5: set freq: 0
I/AudioPolicyManager(  304): s 0 c 0 avaDev 3 ba2dpo 0 ba2dpsp 0 dev 2
I/AudioPolicyManager(  304): getOutput() returns output 2
I/AudioFlinger_Threads(  304): attachAuxEffect_l EffectId 0
I/AudioFlinger_Threads(  304): attachAuxEffect_l status 0
I/AudioPolicyManager(  304): AddSampleRateArray index = 0 sampleRate = 44100
I/AudioPolicyManager(  304): startOutput() output 2, stream 1, session 843
I/AudioPolicyManager(  304): s 0 c 0 avaDev 3 ba2dpo 0 ba2dpsp 0 dev 2
I/AudioPolicyManager(  304): getNewOutputDevice() selected device 2
I/AudioPolicyManager(  304): setOutputDevice() output 2 device 0002 delayMs 0 force 0
I/AudioPolicyManager(  304): s 0 c 0 avaDev 3 ba2dpo 0 ba2dpsp 0 dev 2
I/AudioFlinger(  304): setParameters(): io 2, keyvalue FM_DIRECT_CONTROL=1, calling pid 304
I/AudioPolicyManager(  304): setOutputDevice() prevDevice 0002
I/AudioPolicyManager(  304): setOutputDevice() mMutePrevDevice 0000
I/AudioPolicyManager(  304): s 0 c 0 avaDev 3 ba2dpo 0 ba2dpsp 0 dev 2
I/AudioPolicyManager(  304): s 1 c 0 avaDev 3 ba2dpo 0 ba2dpsp 0 dev 1
I/AudioPolicyManager(  304): s 2 c 0 avaDev 3 ba2dpo 0 ba2dpsp 0 dev 2
I/AudioPolicyManager(  304): s 2 c 0 avaDev 3 ba2dpo 0 ba2dpsp 0 dev 2
I/AudioPolicyManager(  304): s 3 c 0 avaDev 3 ba2dpo 0 ba2dpsp 0 dev 2
I/AudioPolicyManager(  304): s 0 c 0 avaDev 3 ba2dpo 0 ba2dpsp 0 dev 2
I/AudioPolicyManager(  304): s 4 c 0 avaDev 3 ba2dpo 0 ba2dpsp 0 dev 2
I/AudioPolicyManager(  304): s 5 c 0 avaDev 3 ba2dpo 0 ba2dpsp 0 dev 2
I/AudioPolicyManager(  304): s 6 c 0 avaDev 3 ba2dpo 0 ba2dpsp 0 dev 2
I/AudioPolicyManager(  304): s 7 c 0 avaDev 3 ba2dpo 0 ba2dpsp 0 dev 2
I/AudioPolicyManager(  304): s 8 c 0 avaDev 3 ba2dpo 0 ba2dpsp 0 dev 2
I/AudioPolicyManager(  304): setOutputDevice() setting same device 0002 or null device for output 2
I/AudioPolicyManager(  304):  checkAndSetVolume stream = 1 index = 8 output = 2 device = 0x2 delayMs = 0 force = 0
I/AudioPolicyManager(  304): PolicyForceReplace stream = 1 sampleRate = 44100 
I/AudioFlinger_Threads(  304): reset track timestretch tracn name 4102, ratio 100, mTimeStretchTrackName[name-4096] 0
I/AudioPolicyManager(  304): releaseOutput() 2
E/AudioALSAPlaybackHandlerBase(  304): openPcmDriver(), pcm_start(0xf3c77fa0) fail due to cannot start channel: Broken pipe
W/chromium(17308): [WARNING:keycode_converter.cc(91)] empty code string
E/AudioALSAPlaybackHandlerBase(  304): -getHardwareBufferInfo pcm_get_htimestamp fail, ret = -1, pcm_get_error = cannot start channel: Broken pipe
I/libPerfService(  881): 7: set: 1
I/libPerfService(  881): 7: set freq: 0
I/SurfaceFlinger(  276): [Built-in Screen (type:0)] fps:28.688429,dur:1010.86,max:279.26,min:16.13
I/SurfaceView(17308): updateWindow -- setFrame, this = com.baidu.platform.comapi.map.j{3ada58bc V.E..... ......ID 0,0-1080,1854}
I/PerfService(  881): PerfServiceNative_boostDisableAsync:5
I/libPerfService(  881): 5: set: 1
I/libPerfService(  881): 5: set freq: 0
E/chromium(17308): [ERROR:aw_autofill_client.cc(175)] Not implemented reached in virtual void android_webview::AwAutofillClient::OnFirstUserGestureObserved()
I/ValidateNoPeople(  881): skipping global notification
I/libPerfService(  881): 7: set: 1
I/libPerfService(  881): 7: set freq: 0
E/AudioFlinger(  304): getNextBuffer, get null buffer
I/AudioFlinger_Threads(  304): pause signal - [NOT READY] on thread
I/AudioPolicyManager(  304): ReleaseFMIndirectMode 
I/AudioPolicyManager(  304): PolicyRestore
I/AudioPolicyManager(  304): stopOutput() output 2, stream 1, session 843
I/AudioPolicyManager(  304): getNewOutputDevice() selected device 0
I/AudioPolicyManager(  304): setOutputDevice() output 2 device 0000 delayMs 184 force 0
I/AudioPolicyManager(  304): setOutputDevice() prevDevice 0002
I/AudioPolicyManager(  304): setOutputDevice() mMutePrevDevice 0002
I/AudioPolicyManager(  304): s 0 c 0 avaDev 3 ba2dpo 0 ba2dpsp 0 dev 2
I/AudioPolicyManager(  304): s 1 c 0 avaDev 3 ba2dpo 0 ba2dpsp 0 dev 1
I/AudioPolicyManager(  304): s 2 c 0 avaDev 3 ba2dpo 0 ba2dpsp 0 dev 2
I/AudioPolicyManager(  304): s 2 c 0 avaDev 3 ba2dpo 0 ba2dpsp 0 dev 2
I/AudioPolicyManager(  304): s 3 c 0 avaDev 3 ba2dpo 0 ba2dpsp 0 dev 2
I/AudioPolicyManager(  304): s 0 c 0 avaDev 3 ba2dpo 0 ba2dpsp 0 dev 2
I/AudioPolicyManager(  304): s 4 c 0 avaDev 3 ba2dpo 0 ba2dpsp 0 dev 2
I/AudioPolicyManager(  304): s 5 c 0 avaDev 3 ba2dpo 0 ba2dpsp 0 dev 2
I/AudioPolicyManager(  304): s 6 c 0 avaDev 3 ba2dpo 0 ba2dpsp 0 dev 2
I/AudioPolicyManager(  304): s 7 c 0 avaDev 3 ba2dpo 0 ba2dpsp 0 dev 2
I/AudioPolicyManager(  304): s 8 c 0 avaDev 3 ba2dpo 0 ba2dpsp 0 dev 2
I/AudioPolicyManager(  304): setOutputDevice() setting same device 0000 or null device for output 2
I/PerfService(  881): PerfServiceNative_boostDisableAsync:5
I/libPerfService(  881): 5: set: 1
I/libPerfService(  881): 5: set freq: 0
E/chromium(17308): [ERROR:aw_autofill_client.cc(175)] Not implemented reached in virtual void android_webview::AwAutofillClient::OnFirstUserGestureObserved()
W/SettingsInterface( 6853): Setting device_provisioned has moved from android.provider.Settings.Secure to android.provider.Settings.Global.
W/IInputConnectionWrapper(17308): commitText on inactive InputConnection
W/IInputConnectionWrapper(17308): setSelection on inactive InputConnection
I/ValidateNoPeople(  881): skipping global notification
W/ADB_SERVICES(16908): create_local_service_socket() name=shell:cat /proc/17308/stat
W/ADB_SERVICES(16908): service_to_fd() name=shell:cat /proc/17308/stat
W/ADB_SERVICES(16908): read_meminfo() mem_free=39236
W/ADB_SERVICES(16908): create_subproc ret_fd=17 pid=18046
W/ADB_SERVICES(16908): LS(2104): bound to 'shell:cat /proc/17308/stat' via 17
W/ADB_SERVICES(18046): adb: unable to update oom_score_adj
W/ADB_SERVICES(16908): entered. LS(2104) fd=17
W/ADB_SERVICES(16908): create_local_service_socket() name=