I/art     (  881): [heap] RegisterNativeAllocation native_bytes_allocated_:0
I/art     (  881): [heap] RegisterNativeAllocation new_native_bytes_allocated:0, native_bytes_allocated_:2088960, native_footprint_gc_watermark_:524288, growth_limit_:536870912
I/art     (  881): [heap] RegisterNativeAllocation end
I/com.jieshun.jslife.activity.common.MainFragmentActivity( 9685): onPause()======
W/MobclickAgent( 9685): please call 'onPageStart(首页)' before onPageEnd
I/DefaultContextFactory( 9685): eglDestroyContext = 692, this = com.baidu.platform.comapi.map.j{26ac461 V.E..... ........ 0,0-1080,1854}
I/art     (  881): Background partial concurrent mark sweep GC freed 4748(339KB) AllocSpace objects, 0(0B) LOS objects, 7% free, 47MB/51MB, paused 3.404ms total 176.292ms
I/art     (  881): WaitForGcToComplete blocked for 73.078ms for cause HeapTrim
W/recents.Component( 1045): create a new LoadPlan to load thumbnail -- background
W/recents.Performance( 1045): preload while task Change spend : 3
I/thermal_repeater(  322): oh, queryMdThermalInfo (0)Bad file number
I/thermal_repeater(  322): [recvMdThermalInfo] ret=25, strLen=127,  1, 32767,,, -1, 32767, 2
D/[BT3.0+HS]PAL(  332): == chip_reset_fd is set ==
D/[BT3.0+HS]PAL(  332): 
D/[BT3.0+HS]PAL(  332): invalid reply message
D/[BT3.0+HS]PAL(  332): 
I/EMDLOGGER1(  780): MD writer time out 10 sec.
I/KeyguardUpdateMonitor( 1045): handleBatteryUpdate index=0 updateInteresting=false
I/BatteryConsumeMonitor( 1344): init var lastPlugType : 2 lastBatteryChangedLevel : 100
I/QuenedWorkProxy( 8391): clean QuenedWork.sPendingWorkFinishers(185342190) size 0
I/QuenedWorkProxy( 8391): clean QuenedWork.sPendingWorkFinishers(185342190) size 0
I/MusicSupportService( 9458): onCreate pid: 9458 uid: 10019 binder: com.meizu.media.music.support.MusicSupportService$3@2d223099
I/PlaybackService00( 9458): addListener mDuration:296000 mPosition = 0mBufferState = 101, mAudioSessionId: 0 mPlayState: -1
I/MusicNotification0( 9458): updateNotification  mShowNotification = false isPlaying: false
I/MusicSupportService( 9458): onBind pid: 9458 uid: 10019 binder: com.meizu.media.music.support.MusicSupportService$3@2d223099
I/KeyguardMusicView( 1045): text size is 66.0
I/KeyguardMusicView( 1045): TextView width is 0,text width is 392,compute text size is 22
I/MeizuKeyguardThemeManager( 1045): setBarState ------ statusBarState=1,keyguardFadingAway=false,goingToFullShade=false,keyguardShowing=true
I/MeizuKeyguardThemeManager( 1045): setBarState 1
I/ChargeViewUtils( 1045): updateChargingState shouldChargingViewShow = true , mPluggedIn = true
I/PhoneStatusBar( 1045): updateNotificationCountChange,mLastHasNotification:true , hasActiveNotifications:false
I/ChargeViewUtils( 1045): onRefreshBatteryInfo
I/ChargeViewUtils( 1045): updateChargingState shouldChargingViewShow = true , mPluggedIn = true
I/ChargeViewUtils( 1045): onRefreshBatteryInfo
I/ChargeViewUtils( 1045): updateChargingState shouldChargingViewShow = true , mPluggedIn = true
I/ChargeViewUtils( 1045): updateChargingState shouldChargingViewShow = true , mPluggedIn = true
W/KeyguardViewBase( 1045): setOnDismissAction =null
I/art     ( 1045): Background partial concurrent mark sweep GC freed 42254(2MB) AllocSpace objects, 17(1288KB) LOS objects, 4% free, 76MB/80MB, paused 6.355ms total 257.499ms
I/StatusBarManagerService(  881): disable by pkg=com.android.systemui
I/WindowManager(  881): Gaining focus: Window{324c5a98 u0 StatusBar}
I/WindowManager(  881): Losing focus: Window{20dd3e56 u0 com.jieshun.jslife/com.jieshun.jslife.activity.common.MainFragmentActivity}
I/PanelView( 1045): Max panel height 812,expand height 0.0, shade mode false
W/View    ( 1045): requestLayout() improperly called by android.widget.FrameLayout{3f85e2f7 V.E..... ......ID 0,2681-1080,2681 #7f1002a1 app:id/mz_dismiss_view} during layout: running second layout pass
I/PanelView( 1045): Max panel height 657,expand height 0.0, shade mode false
I/PanelView( 1045): Max panel height 657,expand height 657.0, shade mode false
I/ChargeViewUtils( 1045): updateChargingState shouldChargingViewShow = true , mPluggedIn = true
D/[BT3.0+HS]PAL(  332): == chip_reset_fd is set ==
D/[BT3.0+HS]PAL(  332): 
D/[BT3.0+HS]PAL(  332): invalid reply message
D/[BT3.0+HS]PAL(  332): 
D/[BT3.0+HS]PAL(  332): == chip_reset_fd is set ==
D/[BT3.0+HS]PAL(  332): 
D/[BT3.0+HS]PAL(  332): invalid reply message
D/[BT3.0+HS]PAL(  332): 
E/wpa_supplicant( 1294): This is a Iphone softap!!!!!!! 
E/wpa_supplicant( 1294): This is a Iphone softap!!!!!!! 
E/wpa_supplicant( 1294): This is a Iphone softap!!!!!!! 
I/Netd    (  299): Get netlink event, ifname: wlan0 action: 4
I/Netd    (  299): Get netlink event, ifname: wlan0 action: 4
W/ResourcesManager( 1045): Asset path '/system/framework/android.test.runner.jar' does not exist or contains no resources.
I/KeyguardMusicView( 1045): text size is 66.0
I/KeyguardMusicView( 1045): TextView width is 0,text width is 1036,compute text size is 22
E/WifiConfigStore(  881):  rewrite network history for "chaozhouniurouwan"WPA_PSK
E/WifiStateMachine(  881): mIsFullScanOngoing: true, mSendScanResultsBroadcast: false
E/WifiStateMachine(  881): mWifiOnScanCount: 1255
I/KeyguardMusicController( 1045): Add listener
I/MusicSupportService( 9458): getLrcContent pid: 1045 uid: 10030 binder: com.meizu.media.music.support.MusicSupportService$3@2d223099
I/MusicSupportService( 9458): addListener pid: 1045 uid: 10030 binder: com.meizu.media.music.support.MusicSupportService$3@2d223099
I/MusicSupportService( 9458): isCollected pid: 1045 uid: 10030 binder: com.meizu.media.music.support.MusicSupportService$3@2d223099
I/art     ( 1045): Background partial concurrent mark sweep GC freed 7849(568KB) AllocSpace objects, 13(1140KB) LOS objects, 4% free, 85MB/89MB, paused 7.264ms total 405.134ms
I/System.out( 9685): isFirstLoc：false
I/AudioFlinger(  304): setParameters(): io 0, keyvalue mediaserver_monitor=1, calling pid 881
W/AudioALSAHardware(  304): setParameters(), still have param.size() = 1, remain param = "mediaserver_monitor=1"
I/str_params(  304): key: 'mediaserver_monitor' value: '1'
I/AudioPolicyManager(  304): setStreamVolumeIndex stream = 7 index = 15 device = 0x400
I/art     ( 1045): Background partial concurrent mark sweep GC freed 1711(87KB) AllocSpace objects, 7(4MB) LOS objects, 3% free, 99MB/103MB, paused 4.066ms total 245.260ms
I/MusicSupportService( 9458): getPlayMode pid: 1045 uid: 10030 binder: com.meizu.media.music.support.MusicSupportService$3@2d223099
W/ContextImpl( 9304): Calling a method in the system process without a qualified user: android.app.ContextImpl.startService:1863 android.content.ContextWrapper.startService:516 android.content.ContextWrapper.startService:516 com.meizu.dataservice.ExperienceReceiver.a:-1 com.meizu.dataservice.ExperienceReceiver.onReceive:-1 
I/Choreographer( 1045): Skipped 42 frames!  The application may be doing too much work on its main thread.
I/PanelView( 1045): Max panel height 657,expand height 657.0, shade mode false
I/KeyguardMusicController( 1045): 3.collect:false,playmode:0
W/View    ( 1045): requestLayout() improperly called by android.widget.FrameLayout{3f85e2f7 V.E..... ......ID 0,2526-1080,2526 #7f1002a1 app:id/mz_dismiss_view} during second layout pass: posting in next frame
I/PanelView( 1045): Max panel height 657,expand height 657.0, shade mode false
E/Tethering(  881): updateConfiguration: wrong MCCMNC =null
I/Tethering(  881): ifaceTypes = null, use default
I/Tethering(  881): upstreamIfaceTypes.add:0
I/Tethering(  881): upstreamIfaceTypes.add:1
I/Tethering(  881): upstreamIfaceTypes.add:5
I/Tethering(  881): upstreamIfaceTypes.add:7
I/Tethering(  881): upstreamIfaceTypes.add:9
I/Tethering(  881): upstreamIfaceTypes.add:49
I/Tethering(  881): checkDunRequired:2
D/EMDLOGGER1(  780): CTRL_reader: incoming SPLM req, msgid=6, token=0, result=0
I/EMDLOGGER1(  780): [MDLOG] [stats][buf] L1 : data:0x17d5a last:0x4f33be; (1, 0x76f4, 0x4f33be)(3, 0xb04, 0x4f3311)PS : data:0x81f8 last:0x4f33be; L2 : data:0x5c1e last:0x4f33be; 
D/EMDLOGGER1(  780): CTRL_reader: incoming SPLM req, msgid=6, token=0, result=0
I/EMDLOGGER1(  780): [MDLOG] [stats][mux] MCU : data:0x2b2fb last:0x4f32d0; DSP : data:0x0 last:0x0; 
I/PanelView( 1045): Max panel height 657,expand height 657.0, shade mode false
I/PanelView( 1045): Max panel height 657,expand height 657.0, shade mode false
W/Watchdog(  881): SWT Watchdog after wait current time:25955175
W/Watchdog(  881): **Get SF Time **1
W/Watchdog(  881): SWT Watchdog before synchronized:25955175
W/Watchdog(  881): SWT Watchdog after synchronized:25955176
W/Watchdog(  881): SWT Watchdog before wait timeout:30000
W/Watchdog(  881): SWT Watchdog before wait current time:25955176
W/Watchdog(  881): SWT Watchdog before wait start:25955176
W/Watchdog(  881): SWT Watchdog before wait CHECK_INTERVAL:30000
I/thermal_repeater(  322): oh, queryMdThermalInfo (0)Bad file number
I/thermal_repeater(  322): [recvMdThermalInfo] ret=25, strLen=127,  1, 32767,,, -1, 32767, 2
I/System.out( 9685): isFirstLoc：false
I/EMDLOGGER1(  780): MDL rate:35 KB/s, full count:0
I/thermal_repeater(  322): oh, queryMdThermalInfo (0)Bad file number
I/thermal_repeater(  322): [recvMdThermalInfo] ret=25, strLen=127,  1, 32767,,, -1, 32767, 2
I/System.out( 9685): isFirstLoc：false
I/EMDLOGGER1(  780): MD writer time out 10 sec.
I/AudioFlinger(  304): setParameters(): io 0, keyvalue mediaserver_monitor=1, calling pid 881
W/AudioALSAHardware(  304): setParameters(), still have param.size() = 1, remain param = "mediaserver_monitor=1"
I/str_params(  304): key: 'mediaserver_monitor' value: '1'
I/AudioPolicyManager(  304): setStreamVolumeIndex stream = 7 index = 15 device = 0x400
D/MDLOGGER_CLEAR_LOG(  780): mdlogger clearLog V4.W1442.1
I/MDLOGGER_CLEAR_LOG(  780): clearLogFolder /storage/sdcard0/mtklog/mdlog1 size is 22 M. Recycle size is 600 M,no need clear log
I/thermal_repeater(  322): oh, queryMdThermalInfo (0)Bad file number
I/thermal_repeater(  322): [recvMdThermalInfo] ret=25, strLen=127,  1, 32767,,, -1, 32767, 2
D/[BT3.0+HS]PAL(  332): == chip_reset_fd is set ==
D/[BT3.0+HS]PAL(  332): 
D/[BT3.0+HS]PAL(  332): invalid reply message
D/[BT3.0+HS]PAL(  332): 
W/MTKLogger(10981): Maybe device was updated from old version, change property to newer one
I/StorageManagerEx(10981): getInternalStoragePath from Property path=/storage/sdcard0
W/MTKLogger(10981): Maybe device was updated from old version, change property to newer one
I/StorageManagerEx(10981): getInternalStoragePath from Property path=/storage/sdcard0
D/EMDLOGGER1(  780): CTRL_reader: incoming SPLM req, msgid=6, token=0, result=0
I/EMDLOGGER1(  780): [MDLOG] [stats][buf] L1 : data:0x1b7c6 last:0x4f3e69; (1, 0x47ec, 0x4f3e69)(3, 0x3ea, 0x4f3c48)PS : data:0x4bd6 last:0x4f3e69; L2 : data:0x3ea2 last:0x4f3e68; 
D/EMDLOGGER1(  780): CTRL_reader: incoming SPLM req, msgid=6, token=0, result=0
I/EMDLOGGER1(  780): [MDLOG] [stats][mux] MCU : data:0x28dc2 last:0x4f3d4e; DSP : data:0x0 last:0x0; 
D/[BT3.0+HS]PAL(  332): == chip_reset_fd is set ==
D/[BT3.0+HS]PAL(  332): 
D/[BT3.0+HS]PAL(  332): invalid reply message
D/[BT3.0+HS]PAL(  332): 
E/wpa_supplicant( 1294): This is a Iphone softap!!!!!!! 
E/wpa_supplicant( 1294): This is a Iphone softap!!!!!!! 
E/wpa_supplicant( 1294): This is a Iphone softap!!!!!!! 
I/Netd    (  299): Get netlink event, ifname: wlan0 action: 4
D/[BT3.0+HS]PAL(  332): == chip_reset_fd is set ==
D/[BT3.0+HS]PAL(  332): 
D/[BT3.0+HS]PAL(  332): invalid reply message
D/[BT3.0+HS]PAL(  332): 
I/Netd    (  299): Get netlink event, ifname: wlan0 action: 4
E/WifiConfigStore(  881):  rewrite network history for "chaozhouniurouwan"WPA_PSK
E/WifiStateMachine(  881): mIsFullScanOngoing: true, mSendScanResultsBroadcast: false
E/WifiStateMachine(  881): mWifiOnScanCount: 1256
I/System.out( 9685): isFirstLoc：false
I/art     (  881): Background sticky concurrent mark sweep GC freed 28431(4MB) AllocSpace objects, 1(20KB) LOS objects, 4% free, 47MB/49MB, paused 8.455ms total 151.703ms
W/ContextImpl( 9304): Calling a method in the system process without a qualified user: android.app.ContextImpl.startService:1863 android.content.ContextWrapper.startService:516 android.content.ContextWrapper.startService:516 com.meizu.dataservice.ExperienceReceiver.a:-1 com.meizu.dataservice.ExperienceReceiver.onReceive:-1 
I/thermal_repeater(  322): oh, queryMdThermalInfo (0)Bad file number
I/thermal_repeater(  322): [recvMdThermalInfo] ret=25, strLen=127,  1, 32767,,, -1, 32767, 2
I/System.out( 9685): isFirstLoc：false
I/EMDLOGGER1(  780): MDL rate:33 KB/s, full count:0
I/AudioFlinger(  304): setParameters(): io 0, keyvalue mediaserver_monitor=1, calling pid 881
W/AudioALSAHardware(  304): setParameters(), still have param.size() = 1, remain param = "mediaserver_monitor=1"
I/str_params(  304): key: 'mediaserver_monitor' value: '1'
I/AudioPolicyManager(  304): setStreamVolumeIndex stream = 7 index = 15 device = 0x400
I/thermal_repeater(  322): oh, queryMdThermalInfo (0)Bad file number
I/thermal_repeater(  322): [recvMdThermalInfo] ret=25, strLen=127,  1, 32767,,, -1, 32767, 2
I/System.out( 9685): isFirstLoc：false
I/EMDLOGGER1(  780): MD writer time out 10 sec.
D/[BT3.0+HS]PAL(  332): == chip_reset_fd is set ==
D/[BT3.0+HS]PAL(  332): 
D/[BT3.0+HS]PAL(  332): invalid reply message
D/[BT3.0+HS]PAL(  332): 
I/thermal_repeater(  322): oh, queryMdThermalInfo (0)Bad file number
I/thermal_repeater(  322): [recvMdThermalInfo] ret=25, strLen=127,  1, 32767,,, -1, 32767, 2
I/EMDLOGGER1(  780): MDL rate:29 KB/s, full count:0
D/EMDLOGGER1(  780): CTRL_reader: incoming SPLM req, msgid=6, token=0, result=0
I/EMDLOGGER1(  780): [MDLOG] [stats][buf] L1 : data:0x1aade last:0x4f4913; (1, 0x4d80, 0x4f4913)(3, 0x669, 0x4f4808)PS : data:0x53e9 last:0x4f4913; L2 : data:0x508e last:0x4f4913; 
D/EMDLOGGER1(  780): CTRL_reader: incoming SPLM req, msgid=6, token=0, result=0
I/EMDLOGGER1(  780): [MDLOG] [stats][mux] MCU : data:0x2375c last:0x4f47f9; DSP : data:0x0 last:0x0; 
D/[BT3.0+HS]PAL(  332): == chip_reset_fd is set ==
D/[BT3.0+HS]PAL(  332): 
D/[BT3.0+HS]PAL(  332): invalid reply message
D/[BT3.0+HS]PAL(  332): 
D/[BT3.0+HS]PAL(  332): == chip_reset_fd is set ==
D/[BT3.0+HS]PAL(  332): 
D/[BT3.0+HS]PAL(  332): invalid reply message
D/[BT3.0+HS]PAL(  332): 
E/wpa_supplicant( 1294): This is a Iphone softap!!!!!!! 
E/wpa_supplicant( 1294): This is a Iphone softap!!!!!!! 
E/wpa_supplicant( 1294): This is a Iphone softap!!!!!!! 
I/Netd    (  299): Get netlink event, ifname: wlan0 action: 4
I/Netd    (  299): Get netlink event, ifname: wlan0 action: 4
E/WifiStateMachine(  881): mIsFullScanOngoing: true, mSendScanResultsBroadcast: false
E/WifiStateMachine(  881): mWifiOnScanCount: 1257
I/System.out( 9685): isFirstLoc：false
I/art     (  881): Background sticky concurrent mark sweep GC freed 12151(2MB) AllocSpace objects, 0(0B) LOS objects, 3% free, 47MB/49MB, paused 7.711ms total 108.737ms
W/ContextImpl( 9304): Calling a method in the system process without a qualified user: android.app.ContextImpl.startService:1863 android.content.ContextWrapper.startService:516 android.content.ContextWrapper.startService:516 com.meizu.dataservice.ExperienceReceiver.a:-1 com.meizu.dataservice.ExperienceReceiver.onReceive:-1 
I/AudioFlinger(  304): setParameters(): io 0, keyvalue mediaserver_monitor=1, calling pid 881
W/AudioALSAHardware(  304): setParameters(), still have param.size() = 1, remain param = "mediaserver_monitor=1"
I/str_params(  304): key: 'mediaserver_monitor' value: '1'
I/AudioPolicyManager(  304): setStreamVolumeIndex stream = 7 index = 15 device = 0x400
W/Watchdog(  881): SWT Watchdog after wait current time:25985176
W/Watchdog(  881): **Get SF Time **1
W/Watchdog(  881): SWT Watchdog before synchronized:25985176
W/Watchdog(  881): SWT Watchdog after synchronized:25985176
W/Watchdog(  881): SWT Watchdog before wait timeout:30000
W/Watchdog(  881): SWT Watchdog before wait current time:25985176
W/Watchdog(  881): SWT Watchdog before wait start:25985176
W/Watchdog(  881): SWT Watchdog before wait CHECK_INTERVAL:30000
I/System.out( 9685): isFirstLoc：false
I/thermal_repeater(  322): oh, queryMdThermalInfo (0)Bad file number
I/thermal_repeater(  322): [recvMdThermalInfo] ret=25, strLen=127,  1, 32767,,, -1, 32767, 2
I/EMDLOGGER1(  780): MD writer time out 10 sec.
I/System.out( 9685): isFirstLoc：false
I/thermal_repeater(  322): oh, queryMdThermalInfo (0)Bad file number
I/thermal_repeater(  322): [recvMdThermalInfo] ret=25, strLen=127,  1, 32767,,, -1, 32767, 2
I/AudioFlinger(  304): setParameters(): io 0, keyvalue mediaserver_monitor=1, calling pid 881
W/AudioALSAHardware(  304): setParameters(), still have param.size() = 1, remain param = "mediaserver_monitor=1"
I/str_params(  304): key: 'mediaserver_monitor' value: '1'
I/AudioPolicyManager(  304): setStreamVolumeIndex stream = 7 index = 15 device = 0x400
D/MDLOGGER_CLEAR_LOG(  780): mdlogger clearLog V4.W1442.1
I/MDLOGGER_CLEAR_LOG(  780): clearLogFolder /storage/sdcard0/mtklog/mdlog1 size is 22 M. Recycle size is 600 M,no need clear log
D/EMDLOGGER1(  780): CTRL_reader: incoming SPLM req, msgid=6, token=0, result=0
I/EMDLOGGER1(  780): [MDLOG] [stats][buf] L1 : data:0x17148 last:0x4f53be; (1, 0x47b8, 0x4f53be)(3, 0x5f0, 0x4f4fdd)PS : data:0x4da8 last:0x4f53be; L2 : data:0x388e last:0x4f53bd; 
D/EMDLOGGER1(  780): CTRL_reader: incoming SPLM req, msgid=6, token=0, result=0
I/EMDLOGGER1(  780): [MDLOG] [stats][mux] MCU : data:0x28c52 last:0x4f52a3; DSP : data:0x0 last:0x0; 
D/[BT3.0+HS]PAL(  332): == chip_reset_fd is set ==
D/[BT3.0+HS]PAL(  332): 
D/[BT3.0+HS]PAL(  332): invalid reply message
D/[BT3.0+HS]PAL(  332): 
I/thermal_repeater(  322): oh, queryMdThermalInfo (0)Bad file number
I/thermal_repeater(  322): [recvMdThermalInfo] ret=25, strLen=127,  1, 32767,,, -1, 32767, 2
I/EMDLOGGER1(  780): MDL rate:33 KB/s, full count:0
D/[BT3.0+HS]PAL(  332): == chip_reset_fd is set ==
D/[BT3.0+HS]PAL(  332): 
D/[BT3.0+HS]PAL(  332): invalid reply message
D/[BT3.0+HS]PAL(  332): 
I/Netd    (  299): Get netlink event, ifname: wlan0 action: 4
D/[BT3.0+HS]PAL(  332): == chip_reset_fd is set ==
D/[BT3.0+HS]PAL(  332): 
D/[BT3.0+HS]PAL(  332): invalid reply message
D/[BT3.0+HS]PAL(  332): 
I/Netd    (  299): Get netlink event, ifname: wlan0 action: 4
E/wpa_supplicant( 1294): This is a Iphone softap!!!!!!! 
E/wpa_supplicant( 1294): This is a Iphone softap!!!!!!! 
E/wpa_supplicant( 1294): This is a Iphone softap!!!!!!! 
E/wpa_supplicant( 1294): This is a Iphone softap!!!!!!! 
E/WifiStateMachine(  881): mIsFullScanOngoing: true, mSendScanResultsBroadcast: false
E/WifiStateMachine(  881): mWifiOnScanCount: 1258
I/System.out( 9685): isFirstLoc：false
I/art     (  881): Background partial concurrent mark sweep GC freed 14529(2MB) AllocSpace objects, 1(2028KB) LOS objects, 8% free, 45MB/49MB, paused 7.211ms total 335.543ms
W/ContextImpl( 9304): Calling a method in the system process without a qualified user: android.app.ContextImpl.startService:1863 android.content.ContextWrapper.startService:516 android.content.ContextWrapper.startService:516 com.meizu.dataservice.ExperienceReceiver.a:-1 com.meizu.dataservice.ExperienceReceiver.onReceive:-1 
I/System.out( 9685): isFirstLoc：false
I/thermal_repeater(  322): oh, queryMdThermalInfo (0)Bad file number
I/thermal_repeater(  322): [recvMdThermalInfo] ret=25, strLen=127,  1, 32767,,, -1, 32767, 2
I/AudioFlinger(  304): setParameters(): io 0, keyvalue mediaserver_monitor=1, calling pid 881
W/AudioALSAHardware(  304): setParameters(), still have param.size() = 1, remain param = "mediaserver_monitor=1"
I/str_params(  304): key: 'mediaserver_monitor' value: '1'
I/AudioPolicyManager(  304): setStreamVolumeIndex stream = 7 index = 15 device = 0x400
I/EMDLOGGER1(  780): MD writer time out 10 sec.
I/System.out( 9685): isFirstLoc：false
I/thermal_repeater(  322): oh, queryMdThermalInfo (0)Bad file number
I/thermal_repeater(  322): [recvMdThermalInfo] ret=25, strLen=127,  1, 32767,,, -1, 32767, 2
D/EMDLOGGER1(  780): CTRL_reader: incoming SPLM req, msgid=6, token=0, result=0
I/EMDLOGGER1(  780): [MDLOG] [stats][buf] L1 : data:0x171b8 last:0x4f5e16; (1, 0x4bec, 0x4f5e13)(3, 0x669, 0x4f5b9d)PS : data:0x5255 last:0x4f5e13; L2 : data:0x390a last:0x4f5e12; 
D/EMDLOGGER1(  780): CTRL_reader: incoming SPLM req, msgid=6, token=0, result=0
I/EMDLOGGER1(  780): [MDLOG] [stats][mux] MCU : data:0x2310c last:0x4f5d4e; DSP : data:0x0 last:0x0; 
D/[BT3.0+HS]PAL(  332): == chip_reset_fd is set ==
D/[BT3.0+HS]PAL(  332): 
D/[BT3.0+HS]PAL(  332): invalid reply message
D/[BT3.0+HS]PAL(  332): 
I/thermal_repeater(  322): oh, queryMdThermalInfo (0)Bad file number
I/thermal_repeater(  322): [recvMdThermalInfo] ret=25, strLen=127,  1, 32767,,, -1, 32767, 2
I/EMDLOGGER1(  780): MDL rate:28 KB/s, full count:0
D/[BT3.0+HS]PAL(  332): == chip_reset_fd is set ==
D/[BT3.0+HS]PAL(  332): 
D/[BT3.0+HS]PAL(  332): invalid reply message
D/[BT3.0+HS]PAL(  332): 
I/Netd    (  299): Get netlink event, ifname: wlan0 action: 4
D/[BT3.0+HS]PAL(  332): == chip_reset_fd is set ==
D/[BT3.0+HS]PAL(  332): 
D/[BT3.0+HS]PAL(  332): invalid reply message
D/[BT3.0+HS]PAL(  332): 
I/Netd    (  299): Get netlink event, ifname: wlan0 action: 4
E/wpa_supplicant( 1294): This is a Iphone softap!!!!!!! 
E/wpa_supplicant( 1294): This is a Iphone softap!!!!!!! 
E/wpa_supplicant( 1294): This is a Iphone softap!!!!!!! 
E/wpa_supplicant( 1294): This is a Iphone softap!!!!!!! 
E/wpa_supplicant( 1294): This is a Iphone softap!!!!!!! 
E/WifiStateMachine(  881): mIsFullScanOngoing: true, mSendScanResultsBroadcast: false
E/WifiStateMachine(  881): mWifiOnScanCount: 1259
I/System.out( 9685): isFirstLoc：false
W/ContextImpl( 9304): Calling a method in the system process without a qualified user: android.app.ContextImpl.startService:1863 android.content.ContextWrapper.startService:516 android.content.ContextWrapper.startService:516 com.meizu.dataservice.ExperienceReceiver.a:-1 com.meizu.dataservice.ExperienceReceiver.onReceive:-1 
I/AudioFlinger(  304): setParameters(): io 0, keyvalue mediaserver_monitor=1, calling pid 881
W/AudioALSAHardware(  304): setParameters(), still have param.size() = 1, remain param = "mediaserver_monitor=1"
I/str_params(  304): key: 'mediaserver_monitor' value: '1'
I/AudioPolicyManager(  304): setStreamVolumeIndex stream = 7 index = 15 device = 0x400
I/PanelView( 1045): Max panel height 657,expand height 657.0, shade mode false
I/PanelView( 1045): Max panel height 657,expand height 657.0, shade mode false
W/Watchdog(  881): SWT Watchdog after wait current time:26015177
W/Watchdog(  881): **Get SF Time **1
W/Watchdog(  881): SWT Watchdog before synchronized:26015177
W/Watchdog(  881): SWT Watchdog after synchronized:26015177
W/Watchdog(  881): SWT Watchdog before wait timeout:30000
W/Watchdog(  881): SWT Watchdog before wait current time:26015177
W/Watchdog(  881): SWT Watchdog before wait start:26015177
W/Watchdog(  881): SWT Watchdog before wait CHECK_INTERVAL:30000
I/System.out( 9685): isFirstLoc：false
I/thermal_repeater(  322): oh, queryMdThermalInfo (0)Bad file number
I/thermal_repeater(  322): [recvMdThermalInfo] ret=25, strLen=127,  1, 32767,,, -1, 32767, 2
I/EMDLOGGER1(  780): MD writer time out 10 sec.
I/System.out( 9685): isFirstLoc：false
I/thermal_repeater(  322): oh, queryMdThermalInfo (0)Bad file number
I/thermal_repeater(  322): [recvMdThermalInfo] ret=25, strLen=127,  1, 32767,,, -1, 32767, 2
I/EMDLOGGER1(  780): MDL rate:32 KB/s, full count:0
D/EMDLOGGER1(  780): CTRL_reader: incoming SPLM req, msgid=6, token=0, result=0
I/EMDLOGGER1(  780): [MDLOG] [stats][buf] L1 : data:0x17ca0 last:0x4f684d; (1, 0x4a40, 0x4f684d)(3, 0x669, 0x4f675d)PS : data:0x50a9 last:0x4f684d; L2 : data:0x4da6 last:0x4f684d; 
D/EMDLOGGER1(  780): CTRL_reader: incoming SPLM req, msgid=6, token=0, result=0
I/EMDLOGGER1(  780): [MDLOG] [stats][mux] MCU : data:0x2765a last:0x4f675d; DSP : data:0x0 last:0x0; 
I/AudioFlinger(  304): setParameters(): io 0, keyvalue mediaserver_monitor=1, calling pid 881
W/AudioALSAHardware(  304): setParameters(), still have param.size() = 1, remain param = "mediaserver_monitor=1"
I/str_params(  304): key: 'mediaserver_monitor' value: '1'
I/AudioPolicyManager(  304): setStreamVolumeIndex stream = 7 index = 15 device = 0x400
D/MDLOGGER_CLEAR_LOG(  780): mdlogger clearLog V4.W1442.1
I/MDLOGGER_CLEAR_LOG(  780): clearLogFolder /storage/sdcard0/mtklog/mdlog1 size is 22 M. Recycle size is 600 M,no need clear log
D/[BT3.0+HS]PAL(  332): == chip_reset_fd is set ==
D/[BT3.0+HS]PAL(  332): 
D/[BT3.0+HS]PAL(  332): invalid reply message
D/[BT3.0+HS]PAL(  332): 
I/thermal_repeater(  322): oh, queryMdThermalInfo (0)Bad file number
I/thermal_repeater(  322): [recvMdThermalInfo] ret=25, strLen=127,  1, 32767,,, -1, 32767, 2
W/MTKLogger(10981): Maybe device was updated from old version, change property to newer one
I/StorageManagerEx(10981): getInternalStoragePath from Property path=/storage/sdcard0
W/MTKLogger(10981): Maybe device was updated from old version, change property to newer one
I/StorageManagerEx(10981): getInternalStoragePath from Property path=/storage/sdcard0
D/[BT3.0+HS]PAL(  332): == chip_reset_fd is set ==
D/[BT3.0+HS]PAL(  332): 
D/[BT3.0+HS]PAL(  332): invalid reply message
D/[BT3.0+HS]PAL(  332): 
D/[BT3.0+HS]PAL(  332): == chip_reset_fd is set ==
D/[BT3.0+HS]PAL(  332): 
D/[BT3.0+HS]PAL(  332): invalid reply message
D/[BT3.0+HS]PAL(  332): 
E/wpa_supplicant( 1294): This is a Iphone softap!!!!!!! 
E/wpa_supplicant( 1294): This is a Iphone softap!!!!!!! 
E/wpa_supplicant( 1294): This is a Iphone softap!!!!!!! 
E/wpa_supplicant( 1294): This is a Iphone softap!!!!!!! 
I/Netd    (  299): Get netlink event, ifname: wlan0 action: 4
I/Netd    (  299): Get netlink event, ifname: wlan0 action: 4
E/WifiStateMachine(  881): mIsFullScanOngoing: true, mSendScanResultsBroadcast: false
E/WifiStateMachine(  881): mWifiOnScanCount: 1260
I/System.out( 9685): isFirstLoc：false
W/ContextImpl( 9304): Calling a method in the system process without a qualified user: android.app.ContextImpl.startService:1863 android.content.ContextWrapper.startService:516 android.content.ContextWrapper.startService:516 com.meizu.dataservice.ExperienceReceiver.a:-1 com.meizu.dataservice.ExperienceReceiver.onReceive:-1 
I/System.out( 9685): isFirstLoc：false
I/EMDLOGGER1(  780): MD writer time out 10 sec.
I/thermal_repeater(  322): oh, queryMdThermalInfo (0)Bad file number
I/thermal_repeater(  322): [recvMdThermalInfo] ret=25, strLen=127,  1, 32767,,, -1, 32767, 2
I/AudioFlinger(  304): setParameters(): io 0, keyvalue mediaserver_monitor=1, calling pid 881
W/AudioALSAHardware(  304): setParameters(), still have param.size() = 1, remain param = "mediaserver_monitor=1"
I/str_params(  304): key: 'mediaserver_monitor' value: '1'
I/AudioPolicyManager(  304): setStreamVolumeIndex stream = 7 index = 15 device = 0x400
D/EMDLOGGER1(  780): CTRL_reader: incoming SPLM req, msgid=6, token=0, result=0
I/EMDLOGGER1(  780): [MDLOG] [stats][buf] L1 : data:0x1910e last:0x4f72a2; (1, 0x4564, 0x4f72a2)(3, 0x5f0, 0x4f719a)PS : data:0x4b54 last:0x4f72a2; L2 : data:0x3cbe last:0x4f72a2; 
D/EMDLOGGER1(  780): CTRL_reader: incoming SPLM req, msgid=6, token=0, result=0
I/EMDLOGGER1(  780): [MDLOG] [stats][mux] MCU : data:0x23d3a last:0x4f7188; DSP : data:0x0 last:0x0; 
I/System.out( 9685): isFirstLoc：false
I/thermal_repeater(  322): oh, queryMdThermalInfo (0)Bad file number
I/thermal_repeater(  322): [recvMdThermalInfo] ret=25, strLen=127,  1, 32767,,, -1, 32767, 2
I/EMDLOGGER1(  780): MDL rate:29 KB/s, full count:0
I/art     (  881): Background sticky concurrent mark sweep GC freed 24692(3MB) AllocSpace objects, 0(0B) LOS objects, 4% free, 45MB/47MB, paused 5.888ms total 52.723ms
D/[BT3.0+HS]PAL(  332): == chip_reset_fd is set ==
D/[BT3.0+HS]PAL(  332): 
D/[BT3.0+HS]PAL(  332): invalid reply message
D/[BT3.0+HS]PAL(  332): 
I/thermal_repeater(  322): oh, queryMdThermalInfo (0)Bad file number
I/thermal_repeater(  322): [recvMdThermalInfo] ret=25, strLen=127,  1, 32767,,, -1, 32767, 2
I/KeyguardUpdateMonitor( 1045): handleBatteryUpdate index=0 updateInteresting=false
I/BatteryConsumeMonitor( 1344): init var lastPlugType : 2 lastBatteryChangedLevel : 100
I/QuenedWorkProxy( 8391): clean QuenedWork.sPendingWorkFinishers(185342190) size 0
I/QuenedWorkProxy( 8391): clean QuenedWork.sPendingWorkFinishers(185342190) size 0
I/EMDLOGGER1(  780): MD writer time out 10 sec.
D/[BT3.0+HS]PAL(  332): == chip_reset_fd is set ==
D/[BT3.0+HS]PAL(  332): 
D/[BT3.0+HS]PAL(  332): invalid reply message
D/[BT3.0+HS]PAL(  332): 
I/Netd    (  299): Get netlink event, ifname: wlan0 action: 4
D/[BT3.0+HS]PAL(  332): == chip_reset_fd is set ==
D/[BT3.0+HS]PAL(  332): 
D/[BT3.0+HS]PAL(  332): invalid reply message
D/[BT3.0+HS]PAL(  332): 
I/Netd    (  299): Get netlink event, ifname: wlan0 action: 4
E/wpa_supplicant( 1294): This is a Iphone softap!!!!!!! 
E/wpa_supplicant( 1294): This is a Iphone softap!!!!!!! 
E/wpa_supplicant( 1294): This is a Iphone softap!!!!!!! 
E/wpa_supplicant( 1294): This is a Iphone softap!!!!!!! 
E/WifiStateMachine(  881): mIsFullScanOngoing: true, mSendScanResultsBroadcast: false
E/WifiStateMachine(  881): mWifiOnScanCount: 1261
I/System.out( 9685): isFirstLoc：false
I/art     (  881): Background sticky concurrent mark sweep GC freed 9752(1966KB) AllocSpace objects, 0(0B) LOS objects, 3% free, 45MB/47MB, paused 8.040ms total 80.252ms
W/ContextImpl( 9304): Calling a method in the system process without a qualified user: android.app.ContextImpl.startService:1863 android.content.ContextWrapper.startService:516 android.content.ContextWrapper.startService:516 com.meizu.dataservice.ExperienceReceiver.a:-1 com.meizu.dataservice.ExperienceReceiver.onReceive:-1 
I/AudioFlinger(  304): setParameters(): io 0, keyvalue mediaserver_monitor=1, calling pid 881
W/AudioALSAHardware(  304): setParameters(), still have param.size() = 1, remain param = "mediaserver_monitor=1"
I/str_params(  304): key: 'mediaserver_monitor' value: '1'
I/AudioPolicyManager(  304): setStreamVolumeIndex stream = 7 index = 15 device = 0x400
W/Watchdog(  881): SWT Watchdog after wait current time:26045177
W/Watchdog(  881): **Get SF Time **1
W/Watchdog(  881): SWT Watchdog before synchronized:26045178
W/Watchdog(  881): SWT Watchdog after synchronized:26045178
W/Watchdog(  881): SWT Watchdog before wait timeout:30000
W/Watchdog(  881): SWT Watchdog before wait current time:26045178
W/Watchdog(  881): SWT Watchdog before wait start:26045178
W/Watchdog(  881): SWT Watchdog before wait CHECK_INTERVAL:30000
I/System.out( 9685): isFirstLoc：false
I/thermal_repeater(  322): oh, queryMdThermalInfo (0)Bad file number
I/thermal_repeater(  322): [recvMdThermalInfo] ret=25, strLen=127,  1, 32767,,, -1, 32767, 2
D/EMDLOGGER1(  780): CTRL_reader: incoming SPLM req, msgid=6, token=0, result=0
I/EMDLOGGER1(  780): [MDLOG] [stats][buf] L1 : data:0x17f34 last:0x4f7c91; (1, 0x44e4, 0x4f7c91)(3, 0x3ea, 0x4f7af2)PS : data:0x48ce last:0x4f7c91; L2 : data:0x4d98 last:0x4f7c90; 
D/EMDLOGGER1(  780): CTRL_reader: incoming SPLM req, msgid=6, token=0, result=0
I/EMDLOGGER1(  780): [MDLOG] [stats][mux] MCU : data:0x255a6 last:0x4f7b82; DSP : data:0x0 last:0x0; 
I/System.out( 9685): isFirstLoc：false
I/thermal_repeater(  322): oh, queryMdThermalInfo (0)Bad file number
I/thermal_repeater(  322): [recvMdThermalInfo] ret=25, strLen=127,  1, 32767,,, -1, 32767, 2
I/EMDLOGGER1(  780): MDL rate:30 KB/s, full count:0
I/AudioFlinger(  304): setParameters(): io 0, keyvalue mediaserver_monitor=1, calling pid 881
W/AudioALSAHardware(  304): setParameters(), still have param.size() = 1, remain param = "mediaserver_monitor=1"
I/str_params(  304): key: 'mediaserver_monitor' value: '1'
I/AudioPolicyManager(  304): setStreamVolumeIndex stream = 7 index = 15 device = 0x400
D/MDLOGGER_CLEAR_LOG(  780): mdlogger clearLog V4.W1442.1
I/MDLOGGER_CLEAR_LOG(  780): clearLogFolder /storage/sdcard0/mtklog/mdlog1 size is 23 M. Recycle size is 600 M,no need clear log
D/[BT3.0+HS]PAL(  332): == chip_reset_fd is set ==
D/[BT3.0+HS]PAL(  332): 
D/[BT3.0+HS]PAL(  332): invalid reply message
D/[BT3.0+HS]PAL(  332): 
I/thermal_repeater(  322): oh, queryMdThermalInfo (0)Bad file number
I/thermal_repeater(  322): [recvMdThermalInfo] ret=25, strLen=127,  1, 32767,,, -1, 32767, 2
I/EMDLOGGER1(  780): MD writer time out 10 sec.
D/[BT3.0+HS]PAL(  332): == chip_reset_fd is set ==
D/[BT3.0+HS]PAL(  332): 
D/[BT3.0+HS]PAL(  332): invalid reply message
D/[BT3.0+HS]PAL(  332): 
I/Netd    (  299): Get netlink event, ifname: wlan0 action: 4
D/[BT3.0+HS]PAL(  332): == chip_reset_fd is set ==
D/[BT3.0+HS]PAL(  332): 
D/[BT3.0+HS]PAL(  332): invalid reply message
D/[BT3.0+HS]PAL(  332): 
I/Netd    (  299): Get netlink event, ifname: wlan0 action: 4
E/wpa_supplicant( 1294): This is a Iphone softap!!!!!!! 
E/wpa_supplicant( 1294): This is a Iphone softap!!!!!!! 
E/wpa_supplicant( 1294): This is a Iphone softap!!!!!!! 
E/wpa_supplicant( 1294): This is a Iphone softap!!!!!!! 
E/WifiStateMachine(  881): mIsFullScanOngoing: true, mSendScanResultsBroadcast: false
E/WifiStateMachine(  881): mWifiOnScanCount: 1262
I/System.out( 9685): isFirstLoc：false
W/ContextImpl( 9304): Calling a method in the system process without a qualified user: android.app.ContextImpl.startService:1863 android.content.ContextWrapper.startService:516 android.content.ContextWrapper.startService:516 com.meizu.dataservice.ExperienceReceiver.a:-1 com.meizu.dataservice.ExperienceReceiver.onReceive:-1 
I/System.out( 9685): isFirstLoc：false
I/thermal_repeater(  322): oh, queryMdThermalInfo (0)Bad file number
D/EMDLOGGER1(  780): CTRL_reader: incoming SPLM req, msgid=6, token=0, result=0
I/EMDLOGGER1(  780): [MDLOG] [stats][buf] L1 : data:0x185f0 last:0x4f86b2; (1, 0x4758, 0x4f86b2)(3, 0x5f0, 0x4f850f)PS : data:0x4d48 last:0x4f86b2; L2 : data:0x3f92 last:0x4f86b2; 
D/EMDLOGGER1(  780): CTRL_reader: incoming SPLM req, msgid=6, token=0, result=0
I/EMDLOGGER1(  780): [MDLOG] [stats][mux] MCU : data:0x24932 last:0x4f85c2; DSP : data:0x0 last:0x0; 
I/thermal_repeater(  322): [recvMdThermalInfo] ret=25, strLen=127,  1, 32767,,, -1, 32767, 2
I/EMDLOGGER1(  780): MDL rate:30 KB/s, full count:0
I/AudioFlinger(  304): setParameters(): io 0, keyvalue mediaserver_monitor=1, calling pid 881
W/AudioALSAHardware(  304): setParameters(), still have param.size() = 1, remain param = "mediaserver_monitor=1"
I/str_params(  304): key: 'mediaserver_monitor' value: '1'
I/AudioPolicyManager(  304): setStreamVolumeIndex stream = 7 index = 15 device = 0x400
I/System.out( 9685): isFirstLoc：false
I/thermal_repeater(  322): oh, queryMdThermalInfo (0)Bad file number
I/thermal_repeater(  322): [recvMdThermalInfo] ret=25, strLen=127,  1, 32767,,, -1, 32767, 2
W/JobSchedulerService( 8391): onCreate:105,103,102,100,101,
W/JobSchedulerService( 8391): onStartJob:105,currentJobs:105,103,102,100,101,
W/JobServiceContext(  881): verifyCallingUid.471..:[ComponentInfo{com.meizu.mstore/com.meizu.cloud.app.jobscheduler.JobSchedulerService},jId=105,u0,R=(-00:00,-00:00),N=2,C=false,I=false,F=0,P=false(READY)]
W/JobServiceContext(  881): verifyCallingUid. END
W/JobServiceContext(  881): closeAndCleanupJobH.471..:[ComponentInfo{com.meizu.mstore/com.meizu.cloud.app.jobscheduler.JobSchedulerService},jId=105,u0,R=(-00:00,-00:00),N=2,C=false,I=false,F=0,P=false(READY)]
I/QuenedWorkProxy( 8391): clean QuenedWork.sPendingWorkFinishers(185342190) size 0
I/art     (  881): Background sticky concurrent mark sweep GC freed 12616(1806KB) AllocSpace objects, 0(0B) LOS objects, 3% free, 45MB/47MB, paused 6.098ms total 45.024ms
W/JobSchedulerService( 8391): onDestroy:103,102,100,101,
I/crashsdk(11174): Begin update unexp info ...
I/crashsdk(11174): Update unexp info took 3 ms
I/EMDLOGGER1(  780): MD writer time out 10 sec.
D/[BT3.0+HS]PAL(  332): == chip_reset_fd is set ==
D/[BT3.0+HS]PAL(  332): 
D/[BT3.0+HS]PAL(  332): invalid reply message
D/[BT3.0+HS]PAL(  332): 
I/thermal_repeater(  322): oh, queryMdThermalInfo (0)Bad file number
I/thermal_repeater(  322): [recvMdThermalInfo] ret=25, strLen=127,  1, 32767,,, -1, 32767, 2
D/[BT3.0+HS]PAL(  332): == chip_reset_fd is set ==
D/[BT3.0+HS]PAL(  332): 
D/[BT3.0+HS]PAL(  332): invalid reply message
D/[BT3.0+HS]PAL(  332): 
D/[BT3.0+HS]PAL(  332): == chip_reset_fd is set ==
D/[BT3.0+HS]PAL(  332): 
D/[BT3.0+HS]PAL(  332): invalid reply message
D/[BT3.0+HS]PAL(  332): 
E/wpa_supplicant( 1294): This is a Iphone softap!!!!!!! 
E/wpa_supplicant( 1294): This is a Iphone softap!!!!!!! 
E/wpa_supplicant( 1294): This is a Iphone softap!!!!!!! 
E/wpa_supplicant( 1294): This is a Iphone softap!!!!!!! 
I/Netd    (  299): Get netlink event, ifname: wlan0 action: 4
I/Netd    (  299): Get netlink event, ifname: wlan0 action: 4
E/WifiStateMachine(  881): mIsFullScanOngoing: true, mSendScanResultsBroadcast: false
E/WifiStateMachine(  881): mWifiOnScanCount: 1263
I/art     (  881): Background sticky concurrent mark sweep GC freed 8637(1780KB) AllocSpace objects, 0(0B) LOS objects, 3% free, 45MB/47MB, paused 5.714ms total 60.731ms
D/EMDLOGGER1(  780): CTRL_reader: incoming SPLM req, msgid=6, token=0, result=0
I/EMDLOGGER1(  780): [MDLOG] [stats][buf] L1 : data:0x193e8 last:0x4f90d7; (1, 0x3f7c, 0x4f90d7)(3, 0x3ea, 0x4f8e88)PS : data:0x4366 last:0x4f90d7; L2 : data:0x3b68 last:0x4f90d7; 
D/EMDLOGGER1(  780): CTRL_reader: incoming SPLM req, msgid=6, token=0, result=0
I/EMDLOGGER1(  780): [MDLOG] [stats][mux] MCU : data:0x26d1c last:0x4f900f; DSP : data:0x0 last:0x0; 
I/System.out( 9685): isFirstLoc：false
W/ContextImpl( 9304): Calling a method in the system process without a qualified user: android.app.ContextImpl.startService:1863 android.content.ContextWrapper.startService:516 android.content.ContextWrapper.startService:516 com.meizu.dataservice.ExperienceReceiver.a:-1 com.meizu.dataservice.ExperienceReceiver.onReceive:-1 
I/AudioFlinger(  304): setParameters(): io 0, keyvalue mediaserver_monitor=1, calling pid 881
W/AudioALSAHardware(  304): setParameters(), still have param.size() = 1, remain param = "mediaserver_monitor=1"
I/str_params(  304): key: 'mediaserver_monitor' value: '1'
I/AudioPolicyManager(  304): setStreamVolumeIndex stream = 7 index = 15 device = 0x400
I/PanelView( 1045): Max panel height 657,expand height 657.0, shade mode false
I/PanelView( 1045): Max panel height 657,expand height 657.0, shade mode false
W/Watchdog(  881): SWT Watchdog after wait current time:26075178
W/Watchdog(  881): **Get SF Time **1
W/Watchdog(  881): SWT Watchdog before synchronized:26075178
W/Watchdog(  881): SWT Watchdog after synchronized:26075178
W/Watchdog(  881): SWT Watchdog before wait timeout:30000
W/Watchdog(  881): SWT Watchdog before wait current time:26075179
W/Watchdog(  881): SWT Watchdog before wait start:26075179
W/Watchdog(  881): SWT Watchdog before wait CHECK_INTERVAL:30000
I/System.out( 9685): isFirstLoc：false
I/EMDLOGGER1(  780): MDL rate:31 KB/s, full count:0
I/thermal_repeater(  322): oh, queryMdThermalInfo (0)Bad file number
I/thermal_repeater(  322): [recvMdThermalInfo] ret=25, strLen=127,  1, 32767,,, -1, 32767, 2
I/System.out( 9685): isFirstLoc：false
I/thermal_repeater(  322): oh, queryMdThermalInfo (0)Bad file number
I/thermal_repeater(  322): [recvMdThermalInfo] ret=25, strLen=127,  1, 32767,,, -1, 32767, 2
I/EMDLOGGER1(  780): MD writer time out 10 sec.
I/AudioFlinger(  304): setParameters(): io 0, keyvalue mediaserver_monitor=1, calling pid 881
W/AudioALSAHardware(  304): setParameters(), still have param.size() = 1, remain param = "mediaserver_monitor=1"
I/str_params(  304): key: 'mediaserver_monitor' value: '1'
I/AudioPolicyManager(  304): setStreamVolumeIndex stream = 7 index = 15 device = 0x400
D/MDLOGGER_CLEAR_LOG(  780): mdlogger clearLog V4.W1442.1
I/MDLOGGER_CLEAR_LOG(  780): clearLogFolder /storage/sdcard0/mtklog/mdlog1 size is 23 M. Recycle size is 600 M,no need clear log
D/[BT3.0+HS]PAL(  332): == chip_reset_fd is set ==
D/[BT3.0+HS]PAL(  332): 
D/[BT3.0+HS]PAL(  332): invalid reply message
D/[BT3.0+HS]PAL(  332): 
I/thermal_repeater(  322): oh, queryMdThermalInfo (0)Bad file number
I/thermal_repeater(  322): [recvMdThermalInfo] ret=25, strLen=127,  1, 32767,,, -1, 32767, 2
W/MTKLogger(10981): Maybe device was updated from old version, change property to newer one
I/StorageManagerEx(10981): getInternalStoragePath from Property path=/storage/sdcard0
W/MTKLogger(10981): Maybe device was updated from old version, change property to newer one
I/StorageManagerEx(10981): getInternalStoragePath from Property path=/storage/sdcard0
D/EMDLOGGER1(  780): CTRL_reader: incoming SPLM req, msgid=6, token=0, result=0
I/EMDLOGGER1(  780): [MDLOG] [stats][buf] L1 : data:0x19698 last:0x4f9bd4; (1, 0x50c8, 0x4f9bd4)(3, 0x669, 0x4f9a48)PS : data:0x5731 last:0x4f9bd4; L2 : data:0x4160 last:0x4f9bd4; 
D/EMDLOGGER1(  780): CTRL_reader: incoming SPLM req, msgid=6, token=0, result=0
I/EMDLOGGER1(  780): [MDLOG] [stats][mux] MCU : data:0x2593a last:0x4f9ab9; DSP : data:0x0 last:0x0; 
D/[BT3.0+HS]PAL(  332): == chip_reset_fd is set ==
D/[BT3.0+HS]PAL(  332): 
D/[BT3.0+HS]PAL(  332): invalid reply message
D/[BT3.0+HS]PAL(  332): 
D/[BT3.0+HS]PAL(  332): == chip_reset_fd is set ==
D/[BT3.0+HS]PAL(  332): 
D/[BT3.0+HS]PAL(  332): invalid reply message
D/[BT3.0+HS]PAL(  332): 
E/wpa_supplicant( 1294): This is a Iphone softap!!!!!!! 
E/wpa_supplicant( 1294): This is a Iphone softap!!!!!!! 
E/wpa_supplicant( 1294): This is a Iphone softap!!!!!!! 
E/wpa_supplicant( 1294): This is a Iphone softap!!!!!!! 
E/wpa_supplicant( 1294): This is a Iphone softap!!!!!!! 
I/Netd    (  299): Get netlink event, ifname: wlan0 action: 4
I/Netd    (  299): Get netlink event, ifname: wlan0 action: 4
E/WifiStateMachine(  881): mIsFullScanOngoing: true, mSendScanResultsBroadcast: false
E/WifiStateMachine(  881): mWifiOnScanCount: 1264
I/art     (  881): Background sticky concurrent mark sweep GC freed 10540(1850KB) AllocSpace objects, 0(0B) LOS objects, 3% free, 46MB/47MB, paused 8.672ms total 90.599ms
I/System.out( 9685): isFirstLoc：false
W/ContextImpl( 9304): Calling a method in the system process without a qualified user: android.app.ContextImpl.startService:1863 android.content.ContextWrapper.startService:516 android.content.ContextWrapper.startService:516 com.meizu.dataservice.ExperienceReceiver.a:-1 com.meizu.dataservice.ExperienceReceiver.onReceive:-1 
I/System.out( 9685): isFirstLoc：false
I/EMDLOGGER1(  780): MDL rate:30 KB/s, full count:0
I/thermal_repeater(  322): oh, queryMdThermalInfo (0)Bad file number
I/thermal_repeater(  322): [recvMdThermalInfo] ret=25, strLen=127,  1, 32767,,, -1, 32767, 2
I/AudioFlinger(  304): setParameters(): io 0, keyvalue mediaserver_monitor=1, calling pid 881
W/AudioALSAHardware(  304): setParameters(), still have param.size() = 1, remain param = "mediaserver_monitor=1"
I/str_params(  304): key: 'mediaserver_monitor' value: '1'
I/AudioPolicyManager(  304): setStreamVolumeIndex stream = 7 index = 15 device = 0x400
I/System.out( 9685): isFirstLoc：false
I/thermal_repeater(  322): oh, queryMdThermalInfo (0)Bad file number
I/thermal_repeater(  322): [recvMdThermalInfo] ret=25, strLen=127,  1, 32767,,, -1, 32767, 2
I/EMDLOGGER1(  780): MD writer time out 10 sec.
D/[BT3.0+HS]PAL(  332): == chip_reset_fd is set ==
D/[BT3.0+HS]PAL(  332): 
D/[BT3.0+HS]PAL(  332): invalid reply message
D/[BT3.0+HS]PAL(  332): 
I/EMDLOGGER1(  780): MDL rate:28 KB/s, full count:0
I/thermal_repeater(  322): oh, queryMdThermalInfo (0)Bad file number
I/thermal_repeater(  322): [recvMdThermalInfo] ret=25, strLen=127,  1, 32767,,, -1, 32767, 2
D/EMDLOGGER1(  780): CTRL_reader: incoming SPLM req, msgid=6, token=0, result=0
I/EMDLOGGER1(  780): [MDLOG] [stats][buf] L1 : data:0x166f6 last:0x4fa67e; (1, 0x4d9c, 0x4fa67e)(3, 0x669, 0x4fa609)PS : data:0x5405 last:0x4fa67e; L2 : data:0x3f00 last:0x4fa67e; 
D/EMDLOGGER1(  780): CTRL_reader: incoming SPLM req, msgid=6, token=0, result=0
I/EMDLOGGER1(  780): [MDLOG] [stats][mux] MCU : data:0x2300c last:0x4fa564; DSP : data:0x0 last:0x0; 
D/[BT3.0+HS]PAL(  332): == chip_reset_fd is set ==
D/[BT3.0+HS]PAL(  332): 
D/[BT3.0+HS]PAL(  332): invalid reply message
D/[BT3.0+HS]PAL(  332): 
D/[BT3.0+HS]PAL(  332): == chip_reset_fd is set ==
D/[BT3.0+HS]PAL(  332): 
D/[BT3.0+HS]PAL(  332): invalid reply message
D/[BT3.0+HS]PAL(  332): 
E/wpa_supplicant( 1294): This is a Iphone softap!!!!!!! 
E/wpa_supplicant( 1294): This is a Iphone softap!!!!!!! 
E/wpa_supplicant( 1294): This is a Iphone softap!!!!!!! 
I/Netd    (  299): Get netlink event, ifname: wlan0 action: 4
I/Netd    (  299): Get netlink event, ifname: wlan0 action: 4
E/WifiStateMachine(  881): mIsFullScanOngoing: true, mSendScanResultsBroadcast: false
E/WifiStateMachine(  881): mWifiOnScanCount: 1265
I/art     (  881): Background sticky concurrent mark sweep GC freed 10338(1883KB) AllocSpace objects, 0(0B) LOS objects, 3% free, 46MB/47MB, paused 6.813ms total 66.819ms
I/System.out( 9685): isFirstLoc：false
W/ContextImpl( 9304): Calling a method in the system process without a qualified user: android.app.ContextImpl.startService:1863 android.content.ContextWrapper.startService:516 android.content.ContextWrapper.startService:516 com.meizu.dataservice.ExperienceReceiver.a:-1 com.meizu.dataservice.ExperienceReceiver.onReceive:-1 
I/AudioFlinger(  304): setParameters(): io 0, keyvalue mediaserver_monitor=1, calling pid 881
W/AudioALSAHardware(  304): setParameters(), still have param.size() = 1, remain param = "mediaserver_monitor=1"
I/str_params(  304): key: 'mediaserver_monitor' value: '1'
I/AudioPolicyManager(  304): setStreamVolumeIndex stream = 7 index = 15 device = 0x400
W/Watchdog(  881): SWT Watchdog after wait current time:26105179
W/Watchdog(  881): **Get SF Time **1
W/Watchdog(  881): SWT Watchdog before synchronized:26105179
W/Watchdog(  881): SWT Watchdog after synchronized:26105179
W/Watchdog(  881): SWT Watchdog before wait timeout:30000
W/Watchdog(  881): SWT Watchdog before wait current time:26105179
W/Watchdog(  881): SWT Watchdog before wait start:26105179
W/Watchdog(  881): SWT Watchdog before wait CHECK_INTERVAL:30000
I/System.out( 9685): isFirstLoc：false
I/thermal_repeater(  322): oh, queryMdThermalInfo (0)Bad file number
I/thermal_repeater(  322): [recvMdThermalInfo] ret=25, strLen=127,  1, 32767,,, -1, 32767, 2
I/EMDLOGGER1(  780): MD writer time out 10 sec.
I/System.out( 9685): isFirstLoc：false
I/thermal_repeater(  322): oh, queryMdThermalInfo (0)Bad file number
I/thermal_repeater(  322): [recvMdThermalInfo] ret=25, strLen=127,  1, 32767,,, -1, 32767, 2
I/AudioFlinger(  304): setParameters(): io 0, keyvalue mediaserver_monitor=1, calling pid 881
W/AudioALSAHardware(  304): setParameters(), still have param.size() = 1, remain param = "mediaserver_monitor=1"
I/str_params(  304): key: 'mediaserver_monitor' value: '1'
I/AudioPolicyManager(  304): setStreamVolumeIndex stream = 7 index = 15 device = 0x400
D/EMDLOGGER1(  780): CTRL_reader: incoming SPLM req, msgid=6, token=0, result=0
I/EMDLOGGER1(  780): [MDLOG] [stats][buf] L1 : data:0x18c22 last:0x4fb06c; (1, 0x4690, 0x4fb06c)(3, 0x5f0, 0x4fadde)PS : data:0x4c80 last:0x4fb06c; L2 : data:0x3c4c last:0x4fb06c; 
D/EMDLOGGER1(  780): CTRL_reader: incoming SPLM req, msgid=6, token=0, result=0
I/EMDLOGGER1(  780): [MDLOG] [stats][mux] MCU : data:0x263f8 last:0x4faf52; DSP : data:0x0 last:0x0; 
D/MDLOGGER_CLEAR_LOG(  780): mdlogger clearLog V4.W1442.1
I/MDLOGGER_CLEAR_LOG(  780): clearLogFolder /storage/sdcard0/mtklog/mdlog1 size is 23 M. Recycle size is 600 M,no need clear log
D/[BT3.0+HS]PAL(  332): == chip_reset_fd is set ==
D/[BT3.0+HS]PAL(  332): 
D/[BT3.0+HS]PAL(  332): invalid reply message
D/[BT3.0+HS]PAL(  332): 
I/EMDLOGGER1(  780): MDL rate:31 KB/s, full count:0
I/thermal_repeater(  322): oh, queryMdThermalInfo (0)Bad file number
I/thermal_repeater(  322): [recvMdThermalInfo] ret=25, strLen=127,  1, 32767,,, -1, 32767, 2
D/[BT3.0+HS]PAL(  332): == chip_reset_fd is set ==
D/[BT3.0+HS]PAL(  332): 
D/[BT3.0+HS]PAL(  332): invalid reply message
D/[BT3.0+HS]PAL(  332): 
I/Netd    (  299): Get netlink event, ifname: wlan0 action: 4
D/[BT3.0+HS]PAL(  332): == chip_reset_fd is set ==
D/[BT3.0+HS]PAL(  332): 
D/[BT3.0+HS]PAL(  332): invalid reply message
D/[BT3.0+HS]PAL(  332): 
I/Netd    (  299): Get netlink event, ifname: wlan0 action: 4
E/wpa_supplicant( 1294): This is a Iphone softap!!!!!!! 
E/wpa_supplicant( 1294): This is a Iphone softap!!!!!!! 
E/wpa_supplicant( 1294): This is a Iphone softap!!!!!!! 
E/WifiStateMachine(  881): mIsFullScanOngoing: true, mSendScanResultsBroadcast: false
E/WifiStateMachine(  881): mWifiOnScanCount: 1266
I/art     (  881): Background sticky concurrent mark sweep GC freed 9877(1837KB) AllocSpace objects, 0(0B) LOS objects, 3% free, 46MB/47MB, paused 8.687ms total 79.150ms
I/System.out( 9685): isFirstLoc：false
W/ContextImpl( 9304): Calling a method in the system process without a qualified user: android.app.ContextImpl.startService:1863 android.content.ContextWrapper.startService:516 android.content.ContextWrapper.startService:516 com.meizu.dataservice.ExperienceReceiver.a:-1 com.meizu.dataservice.ExperienceReceiver.onReceive:-1 
I/System.out( 9685): isFirstLoc：false
I/thermal_repeater(  322): oh, queryMdThermalInfo (0)Bad file number
