I/SensorHAL(  877): HWSensorBase::Enable, handle: 1, name: lsm6ds3_light, enable: 1
I/SensorHAL(  877): Dev Batch, handle: 3, name: LTR559 Proximity Sensor (Wake Up)
I/SensorHAL(  877): Dev Active, handle: 3, name: LTR559 Proximity Sensor (Wake Up), enable: 1.
I/SensorHAL(  877): SensorBase::Enable. name: LTR559 Proximity Sensor (Wake Up), enable: 1
I/SensorHAL(  877): HWSensorBase::Enable, handle: 3, name: lsm6ds3_ps_wk, enable: 1
E/SensorHAL(  877): [Proximity]: 5.000000
E/SensorHAL(  877): [Proximity]: 5.000000
I/PalmRejection( 1041): onSensorChanged() -- distance = 5.0, active = false
I/PalmRejection( 1041): proximityChangedLocked, false, mScreenOnAndTooClose false
I/PalmRejection( 1041): no active! go on wakup!
E/WifiStateMachine(  877): cancelDelayedScan -> 17
I/AudioFlinger(  300): setParameters(): io 0, keyvalue screen_state=on, calling pid 877
I/str_params(  300): key: 'screen_state' value: 'on'
E/native  (  877): do suspend false
I/wpa_supplicant( 1206): wpa_driver_nl80211_driver_cmd: buf =  ret = 2 used = 2 total = 4096
I/PanelView( 1041): Max panel height 657,expand height 657.0, shade mode false
I/libPerfService(  877): perfSetFavorPid - pid:0, 0
I/[MALI][Gralloc](  274): Usage: 0xb00, format: 0x1 stride: 1088 vertical_stride: 1920 size: 8355840
I/WindowManager(  877): interceptKeyTq keycode=3 interactive=true keyguardActive=true policyFlags=22000000 down =false canceled = false isWakeKey=false mVolumeDownKeyTriggered =false mVolumeUpKeyTriggered =false result = 1 useHapticFeedback = false isInjected = false result = 1
I/MzPhoneWindowManager(  877): interceptHomeKeyLongPress: remove mLunchVoiceActivity
I/hwcomposer(  274): [HWC] SetPowerMode(2) Display(0)
I/DisplayManagerService(  877): Display device changed: DisplayDeviceInfo{"": uniqueId="local:0", 1080 x 1920, 57.490005 fps, supportedRefreshRates [57.490005], density 480, 480.0 x 480.0 dpi, appVsyncOff -8000000, presDeadline 26394328, touch INTERNAL, rotation 0, type BUILT_IN, state ON, subtype 0, FLAG_DEFAULT_DISPLAY, FLAG_ROTATES_WITH_CONTENT, FLAG_SECURE, FLAG_SUPPORTS_PROTECTED_BUFFERS}
I/libPerfService(  877): perfSetFavorPid - pid:1620, 654
I/DisplayPowerController(  877): Unblocked screen on after 445 ms
I/libPerfService(  877): perfSetFavorPid - pid:0, 0
I/libPerfService(  877): perfSetFavorPid - pid:1620, 654
I/[MALI][Gralloc](  274): Usage: 0xb00, format: 0x1 stride: 1088 vertical_stride: 1920 size: 8355840
I/PerfService(  274): PerfServiceNative_notifyDisplayType:0
I/SurfaceFlinger(  274): [Built-in Screen (type:0)] fps:0.144145,dur:187310.94,max:186779.50,min:9.53
I/WifiService(  877): WifiService trying to set country code to  with persist set to true
E/WifiStateMachine(  877): Ignoring resetting of country code
I/WifiService(  877): WifiService trying to set country code to  with persist set to true
E/WifiStateMachine(  877): Ignoring resetting of country code
I/libPerfService(  877): 12: set freq: 1235000
I/libPerfService(  877): 12: set: 4
I/libPerfService(  877): 13: set freq: 1300000
I/ChargeViewUtils( 1041): updateChargingState shouldChargingViewShow = false , mPluggedIn = true
I/PanelView( 1041): Max panel height 657,expand height 657.0, shade mode false
I/libPerfService(  877): 13: set: 6
I/PanelView( 1041): Max panel height 657,expand height 609.58264, shade mode false
I/PanelView( 1041): Max panel height 657,expand height 609.58264, shade mode false
I/libPerfService(  877): perfSetFavorPid - pid:0, 0
I/PanelView( 1041): Max panel height 657,expand height 510.91858, shade mode false
I/PanelView( 1041): Max panel height 657,expand height 510.91858, shade mode false
I/PanelView( 1041): Max panel height 657,expand height 396.8479, shade mode false
I/PanelView( 1041): Max panel height 657,expand height 396.8479, shade mode false
E/SensorHAL(  877): [Proximity]: 0.000000
E/SensorHAL(  877): [Proximity]: 0.000000
I/PalmRejection( 1041): onSensorChanged() -- distance = 0.0, active = true
I/PalmRejection( 1041): proximityChangedLocked, true, mScreenOnAndTooClose false
I/PalmRejection( 1041): active!!! mHandler.removeCallbacks(mWakeUpScreenRunnable)()
I/PanelView( 1041): mTracking true,cancel fling false,instant collapse false
I/PanelView( 1041): reachTarget false,camera intercept false,camera running false
I/PanelView( 1041): isShademode false,target height 657.0,expand height 396.8479
I/PanelView( 1041): Max panel height 657,expand height 396.8479, shade mode false
I/PanelView( 1041): Max panel height 657,expand height 396.8479, shade mode false
I/PanelView( 1041): Max panel height 657,expand height 561.8354, shade mode false
I/PanelView( 1041): Max panel height 657,expand height 561.8354, shade mode false
I/PanelView( 1041): Max panel height 657,expand height 610.03345, shade mode false
I/PanelView( 1041): Max panel height 657,expand height 610.03345, shade mode false
E/SensorHAL(  877): [Proximity]: 5.000000
E/SensorHAL(  877): [Proximity]: 5.000000
I/PalmRejection( 1041): onSensorChanged() -- distance = 5.0, active = false
I/PalmRejection( 1041): proximityChangedLocked, false, mScreenOnAndTooClose true
I/PalmRejection( 1041): disableProximityLockLocked, mProximitySensorEnabled = true
I/SensorHAL(  877): Dev Active, handle: 3, name: LTR559 Proximity Sensor (Wake Up), enable: 0.
I/SensorHAL(  877): SensorBase::Enable. name: LTR559 Proximity Sensor (Wake Up), enable: 0
I/SensorHAL(  877): HWSensorBase::Enable, handle: 3, name: lsm6ds3_ps_wk, enable: 0
I/PalmRejection( 1041): mSensorManager.unregisterListener(mProximityListener)
I/PalmRejection( 1041): mProximityWakeLock.release()
I/PalmRejection( 1041): no active! go on wakup!
I/PerfService(  877): PerfServiceNative_boostDisableAsync:5
I/libPerfService(  877): 5: set: 6
I/libPerfService(  877): 5: set freq: 1300000
I/PanelView( 1041): Max panel height 657,expand height 639.49774, shade mode false
I/PanelView( 1041): Max panel height 657,expand height 639.49774, shade mode false
I/PanelView( 1041): Max panel height 657,expand height 654.3061, shade mode false
I/PanelView( 1041): Max panel height 657,expand height 654.3061, shade mode false
I/PanelView( 1041): Max panel height 657,expand height 657.0, shade mode false
I/ChargeViewUtils( 1041): updateChargingState shouldChargingViewShow = false , mPluggedIn = true
I/ChargeViewUtils( 1041): updateChargingState shouldChargingViewShow = true , mPluggedIn = true
I/PanelView( 1041): Max panel height 657,expand height 657.0, shade mode false
I/PanelView( 1041): Max panel height 657,expand height 657.0, shade mode false
I/AudioFlinger(  300): setParameters(): io 0, keyvalue mediaserver_monitor=1, calling pid 877
W/AudioALSAHardware(  300): setParameters(), still have param.size() = 1, remain param = "mediaserver_monitor=1"
I/str_params(  300): key: 'mediaserver_monitor' value: '1'
I/AudioPolicyManager(  300): setStreamVolumeIndex stream = 7 index = 15 device = 0x400
I/libPerfService(  877): 13: set: 4
I/libPerfService(  877): 13: set freq: 1235000
I/libPerfService(  877): 13: set gpu level: 0
I/PanelView( 1041): Max panel height 657,expand height 657.0, shade mode false
E/SensorHAL(  877): [Proximity]: 0.000000
I/SurfaceFlinger(  274): [Built-in Screen (type:0)] fps:12.216826,dur:1637.09,max:739.45,min:4.03
I/libPerfService(  877): 13: set freq: 1300000
I/ChargeViewUtils( 1041): updateChargingState shouldChargingViewShow = false , mPluggedIn = true
I/PanelView( 1041): Max panel height 657,expand height 657.0, shade mode false
I/libPerfService(  877): 13: set: 6
I/PanelView( 1041): Max panel height 657,expand height 538.59595, shade mode false
I/PanelView( 1041): Max panel height 657,expand height 538.59595, shade mode false
I/PanelView( 1041): Max panel height 657,expand height 393.41125, shade mode false
I/PanelView( 1041): Max panel height 657,expand height 393.41125, shade mode false
I/PanelView( 1041): Max panel height 657,expand height 248.75037, shade mode false
I/PanelView( 1041): Max panel height 657,expand height 248.75037, shade mode false
I/thermal_repeater(  323): oh, queryMdThermalInfo (0)Bad file number
I/PanelView( 1041): Max panel height 657,expand height 59.07483, shade mode false
I/PanelView( 1041): Max panel height 657,expand height 59.07483, shade mode false
I/thermal_repeater(  323): [recvMdThermalInfo] ret=25, strLen=127,  1, 32767,,, -1, 32767, 2
I/PanelView( 1041): Max panel height 657,expand height 0.0, shade mode false
I/PanelView( 1041): Max panel height 657,expand height 0.0, shade mode false
E/SensorHAL(  877): [Proximity]: 5.000000
I/PanelView( 1041): Max panel height 657,expand height 0.0, shade mode false
I/PerfService(  877): PerfServiceNative_boostDisableAsync:5
I/libPerfService(  877): 5: set: 6
I/libPerfService(  877): 5: set freq: 1300000
I/PanelView( 1041): mTracking true,cancel fling false,instant collapse false
I/PanelView( 1041): reachTarget false,camera intercept false,camera running false
I/PanelView( 1041): Max panel height 657,expand height 0.0, shade mode false
W/ContextImpl(  877): Calling a method in the system process without a qualified user: android.app.ContextImpl.sendBroadcast:1474 com.android.server.statusbar.StatusBarManagerService.onPanelHidden:555 com.android.internal.statusbar.IStatusBarService$Stub.onTransact:192 android.os.Binder.execTransact:454 <bottom of call stack> 
I/AudioPolicyManager(  300): s 0 c 0 avaDev 3 ba2dpo 0 ba2dpsp 0 dev 2
I/AudioPolicyManager(  300): getOutput() device 2, stream 1, samplingRate 0, format 0, channelMask 3, flags 0
I/AudioPolicyManager(  300): getOutput() returns output 2
I/AudioPolicyManager(  300): s 0 c 0 avaDev 3 ba2dpo 0 ba2dpsp 0 dev 2
I/AudioPolicyManager(  300): getOutput() device 2, stream 1, samplingRate 0, format 0, channelMask 3, flags 0
I/AudioPolicyManager(  300): getOutput() returns output 2
I/AudioPolicyManager(  300): s 0 c 0 avaDev 3 ba2dpo 0 ba2dpsp 0 dev 2
I/AudioPolicyManager(  300): getOutput() returns output 2
I/AudioFlinger_Threads(  300): attachAuxEffect_l EffectId 0
I/AudioFlinger_Threads(  300): attachAuxEffect_l status 0
I/AudioPolicyManager(  300): AddSampleRateArray index = 0 sampleRate = 44100
I/AudioPolicyManager(  300): startOutput() output 2, stream 1, session 236
I/AudioPolicyManager(  300): s 0 c 0 avaDev 3 ba2dpo 0 ba2dpsp 0 dev 2
I/AudioPolicyManager(  300): getNewOutputDevice() selected device 2
I/AudioPolicyManager(  300): setOutputDevice() output 2 device 0002 delayMs 0 force 0
I/AudioPolicyManager(  300): s 0 c 0 avaDev 3 ba2dpo 0 ba2dpsp 0 dev 2
I/AudioFlinger(  300): setParameters(): io 2, keyvalue FM_DIRECT_CONTROL=1, calling pid 300
I/AudioPolicyManager(  300): setOutputDevice() prevDevice 0002
I/AudioPolicyManager(  300): setOutputDevice() mMutePrevDevice 0000
I/AudioPolicyManager(  300): s 0 c 0 avaDev 3 ba2dpo 0 ba2dpsp 0 dev 2
I/AudioPolicyManager(  300): s 1 c 0 avaDev 3 ba2dpo 0 ba2dpsp 0 dev 1
I/AudioPolicyManager(  300): s 2 c 0 avaDev 3 ba2dpo 0 ba2dpsp 0 dev 2
I/AudioPolicyManager(  300): s 2 c 0 avaDev 3 ba2dpo 0 ba2dpsp 0 dev 2
I/AudioPolicyManager(  300): s 3 c 0 avaDev 3 ba2dpo 0 ba2dpsp 0 dev 2
I/AudioPolicyManager(  300): s 0 c 0 avaDev 3 ba2dpo 0 ba2dpsp 0 dev 2
I/AudioPolicyManager(  300): s 4 c 0 avaDev 3 ba2dpo 0 ba2dpsp 0 dev 2
I/AudioPolicyManager(  300): s 5 c 0 avaDev 3 ba2dpo 0 ba2dpsp 0 dev 2
I/AudioPolicyManager(  300): s 6 c 0 avaDev 3 ba2dpo 0 ba2dpsp 0 dev 2
I/AudioPolicyManager(  300): s 7 c 0 avaDev 3 ba2dpo 0 ba2dpsp 0 dev 2
I/AudioPolicyManager(  300): s 8 c 0 avaDev 3 ba2dpo 0 ba2dpsp 0 dev 2
I/AudioPolicyManager(  300): setOutputDevice() setting same device 0002 or null device for output 2
I/AudioPolicyManager(  300):  checkAndSetVolume stream = 1 index = 8 output = 2 device = 0x2 delayMs = 0 force = 0
I/AudioPolicyManager(  300): PolicyForceReplace stream = 1 sampleRate = 44100 
I/AudioFlinger_Threads(  300): reset track timestretch tracn name 4098, ratio 100, mTimeStretchTrackName[name-4096] 0
I/AudioPolicyManager(  300): releaseOutput() 2
I/PanelView( 1041): Max panel height 657,expand height 0.0, shade mode false
I/MeizuKeyguardThemeManager( 1041): setBarState ------ statusBarState=0,keyguardFadingAway=true,goingToFullShade=false,keyguardShowing=false
I/MeizuKeyguardThemeManager( 1041): setBarState 0
I/PhoneStatusBar( 1041): updateNotificationCountChange,mLastHasNotification:false , hasActiveNotifications:true
W/KeyguardViewBase( 1041): setOnDismissAction =null
I/libPerfService(  877): perfSetFavorPid - pid:1620, 654
W/PerfScheduler(  877): Not Boost !
I/PerfService(  274): PerfServiceNative_notifyDisplayType:1
I/StatusBarManagerService(  877): disable by pkg=com.android.systemui
E/Tethering(  877): updateConfiguration: wrong MCCMNC =null
I/Tethering(  877): ifaceTypes = null, use default
I/Tethering(  877): upstreamIfaceTypes.add:0
I/Tethering(  877): upstreamIfaceTypes.add:1
I/Tethering(  877): upstreamIfaceTypes.add:5
I/Tethering(  877): upstreamIfaceTypes.add:7
I/Tethering(  877): upstreamIfaceTypes.add:9
I/Tethering(  877): upstreamIfaceTypes.add:49
I/MyAnimatorService( 1620): showLauncherAnimation
I/Tethering(  877): checkDunRequired:2
W/MtpService( 3616): onReceive action: android.intent.action.USER_PRESENT
E/AudioALSAPlaybackHandlerBase(  300): openPcmDriver(), pcm_start(0xf04bd0c0) fail due to cannot start channel: Broken pipe
W/ContextImpl( 1698): Calling a method in the system process without a qualified user: android.app.ContextImpl.startService:1863 android.content.ContextWrapper.startService:516 android.content.ContextWrapper.startService:516 com.meizu.networkmanager.c.r.a:25 com.meizu.networkmanager.boradcast.TrafficGlobalReceiver$2.run:244 
I/WindowManager(  877): Gaining focus: Window{32c5bfc6 u0 com.meizu.flyme.launcher/com.meizu.flyme.launcher.Launcher}
I/WindowManager(  877): Losing focus: Window{2d945bf0 u0 StatusBar}
I/Launcher( 1620): launcher guest mode set draglayout visiable
E/AudioALSAPlaybackHandlerBase(  300): -getHardwareBufferInfo pcm_get_htimestamp fail, ret = -1, pcm_get_error = cannot start channel: Broken pipe
I/NetworkStatsRecorder(  877): recordSnapshotLocked: ident[[{type=WIFI, subType=COMBINED, networkId=chaozhouniurouwan}]]
W/NetworkStatsRecorder(  877): unknown interfaces [lo, p2p0], ignoring those stats
W/InputMethodManagerService(  877): Window already focused, ignoring focus gain of: com.android.internal.view.IInputMethodClient$Stub$Proxy@1b46590 attribute=android.view.inputmethod.EditorInfo@e214e89, token = android.os.BinderProxy@359d11a1
I/NetworkStatsRecorder(  877): recordSnapshotLocked: ident[[{type=WIFI, subType=COMBINED, networkId=chaozhouniurouwan}]]
W/NetworkStatsRecorder(  877): unknown interfaces [lo, p2p0], ignoring those stats
I/NetworkStatsRecorder(  877): recordSnapshotLocked: ident[[{type=WIFI, subType=COMBINED, networkId=chaozhouniurouwan}]]
I/NetworkStatsRecorder(  877): recordSnapshotLocked: ident[[{type=WIFI, subType=COMBINED, networkId=chaozhouniurouwan}]]
I/NetworkStatsRecorder(  877): recordSnapshotLocked: ident[[{type=WIFI, subType=COMBINED, networkId=chaozhouniurouwan}]]
W/NetworkStatsRecorder(  877): unknown interfaces [lo, p2p0], ignoring those stats
W/NetworkStatsRecorder(  877): unknown interfaces [lo, p2p0], ignoring those stats
W/DecodingInfo( 1333): No Engine for Decoding
I/PalmRejection( 1041): disableProximityLockLocked, mProximitySensorEnabled = false
I/PalmRejection( 1041): disableProximityLockLocked() failed... Proximity Sensor already disabled
I/Cweather(30364): loadCurrentWeatherInfo cityName: isUserTheme:false temp:30 
I/auto_update_AppAutoUpdateManager( 3342): current Jobs:103,102,101,100,
W/auto_update_AppAutoUpdateManager( 3342): --Screen on and cancel scheduler download,switch:true, wifi:true, and Screen on: true, Power Connected: true, Battery: 100(-50|+15), Competitive:false(not check), downloaded size:0, downloaded time:0, available size:0
I/auto_update_AppAutoUpdateManager( 3342): cancel JobOnce
I/libPerfService(  877): perfSetFavorPid - pid:0, 0
E/AudioFlinger(  300): getNextBuffer, get null buffer
I/AudioFlinger_Threads(  300): pause signal - [NOT READY] on thread
I/AudioPolicyManager(  300): ReleaseFMIndirectMode 
I/AudioPolicyManager(  300): PolicyRestore
I/AudioPolicyManager(  300): stopOutput() output 2, stream 1, session 236
I/AudioPolicyManager(  300): getNewOutputDevice() selected device 0
I/AudioPolicyManager(  300): setOutputDevice() output 2 device 0000 delayMs 184 force 0
I/AudioPolicyManager(  300): setOutputDevice() prevDevice 0002
I/AudioPolicyManager(  300): setOutputDevice() mMutePrevDevice 0002
I/AudioPolicyManager(  300): s 0 c 0 avaDev 3 ba2dpo 0 ba2dpsp 0 dev 2
I/AudioPolicyManager(  300): s 1 c 0 avaDev 3 ba2dpo 0 ba2dpsp 0 dev 1
I/AudioPolicyManager(  300): s 2 c 0 avaDev 3 ba2dpo 0 ba2dpsp 0 dev 2
I/AudioPolicyManager(  300): s 2 c 0 avaDev 3 ba2dpo 0 ba2dpsp 0 dev 2
I/AudioPolicyManager(  300): s 3 c 0 avaDev 3 ba2dpo 0 ba2dpsp 0 dev 2
I/AudioPolicyManager(  300): s 0 c 0 avaDev 3 ba2dpo 0 ba2dpsp 0 dev 2
I/AudioPolicyManager(  300): s 4 c 0 avaDev 3 ba2dpo 0 ba2dpsp 0 dev 2
I/AudioPolicyManager(  300): s 5 c 0 avaDev 3 ba2dpo 0 ba2dpsp 0 dev 2
I/AudioPolicyManager(  300): s 6 c 0 avaDev 3 ba2dpo 0 ba2dpsp 0 dev 2
I/AudioPolicyManager(  300): s 7 c 0 avaDev 3 ba2dpo 0 ba2dpsp 0 dev 2
I/AudioPolicyManager(  300): s 8 c 0 avaDev 3 ba2dpo 0 ba2dpsp 0 dev 2
I/AudioPolicyManager(  300): setOutputDevice() setting same device 0000 or null device for output 2
I/AudioFlinger(  300): setParameters(): io 2, keyvalue FM_DIRECT_CONTROL=0, calling pid 300
I/[MALI][Gralloc](  274): Usage: 0xb00, format: 0x1 stride: 1088 vertical_stride: 66 size: 287232
I/[MALI][Gralloc](  274): Usage: 0xb00, format: 0x1 stride: 1088 vertical_stride: 66 size: 287232
I/[MALI][Gralloc](  274): Usage: 0xb00, format: 0x1 stride: 1088 vertical_stride: 66 size: 287232
I/[MALI][Gralloc](  274): Usage: 0xb00, format: 0x1 stride: 1088 vertical_stride: 66 size: 287232
I/SurfaceFlinger(  274): [Built-in Screen (type:0)] fps:46.869953,dur:1002.77,max:200.31,min:15.82
I/libPerfService(  877): 13: set: 6
I/libPerfService(  877): 13: set freq: 1300000
I/libPerfService(  877): 13: set gpu level: 0
I/libPerfService(  877): 10: set: 4
I/libPerfService(  877): 10: set freq: 1235000
I/libPerfService(  877): 10: set gpu level: 0
I/libPerfService(  877): perfSetFavorPid - pid:1620, 654
I/libPerfService(  877): 7: set: 4
I/libPerfService(  877): 7: set freq: 1235000
I/libPerfService(  877): 12: set: 1
I/libPerfService(  877): 12: set freq: 0
I/libPerfService(  877): 12: set gpu level: 0
I/libPerfService(  877): 7: set: 1
I/libPerfService(  877): 7: set freq: 0
I/thermal_repeater(  323): oh, queryMdThermalInfo (0)Bad file number
I/thermal_repeater(  323): [recvMdThermalInfo] ret=25, strLen=127,  1, 32767,,, -1, 32767, 2
I/AudioFlinger(  300): setParameters(): io 0, keyvalue mediaserver_monitor=1, calling pid 877
W/AudioALSAHardware(  300): setParameters(), still have param.size() = 1, remain param = "mediaserver_monitor=1"
I/str_params(  300): key: 'mediaserver_monitor' value: '1'
I/AudioPolicyManager(  300): setStreamVolumeIndex stream = 7 index = 15 device = 0x400
I/thermal_repeater(  323): oh, queryMdThermalInfo (0)Bad file number
I/thermal_repeater(  323): [recvMdThermalInfo] ret=25, strLen=127,  1, 32767,,, -1, 32767, 2
I/libPerfService(  877): perfSetFavorPid - pid:0, 0
I/SurfaceFlinger(  274): [Built-in Screen (type:0)] fps:0.415715,dur:12027.46,max:11957.53,min:17.28
I/libPerfService(  877): perfSetFavorPid - pid:1620, 654
I/libPerfService(  877): perfSetFavorPid - pid:0, 0
I/libPerfService(  877): perfSetFavorPid - pid:1620, 654
I/libPerfService(  877): perfSetFavorPid - pid:0, 0
I/SurfaceFlinger(  274): [Built-in Screen (type:0)] fps:0.989764,dur:2020.68,max:1428.92,min:591.76
I/thermal_repeater(  323): oh, queryMdThermalInfo (0)Bad file number
I/thermal_repeater(  323): [recvMdThermalInfo] ret=25, strLen=127,  1, 32767,,, -1, 32767, 2
I/AudioFlinger(  300): setParameters(): io 0, keyvalue mediaserver_monitor=1, calling pid 877
W/AudioALSAHardware(  300): setParameters(), still have param.size() = 1, remain param = "mediaserver_monitor=1"
I/str_params(  300): key: 'mediaserver_monitor' value: '1'
I/AudioPolicyManager(  300): setStreamVolumeIndex stream = 7 index = 15 device = 0x400
I/thermal_repeater(  323): oh, queryMdThermalInfo (0)Bad file number
I/thermal_repeater(  323): [recvMdThermalInfo] ret=25, strLen=127,  1, 32767,,, -1, 32767, 2
W/Watchdog(  877): SWT Watchdog after wait current time:20076403
W/Watchdog(  877): **Get SF Time **1
W/Watchdog(  877): SWT Watchdog before synchronized:20076404
W/Watchdog(  877): SWT Watchdog after synchronized:20076404
W/Watchdog(  877): SWT Watchdog before wait timeout:30000
W/Watchdog(  877): SWT Watchdog before wait current time:20076404
W/Watchdog(  877): SWT Watchdog before wait start:20076404
W/Watchdog(  877): SWT Watchdog before wait CHECK_INTERVAL:30000
I/thermal_repeater(  323): oh, queryMdThermalInfo (0)Bad file number
I/thermal_repeater(  323): [recvMdThermalInfo] ret=25, strLen=127,  1, 32767,,, -1, 32767, 2
W/ADB_SERVICES(  504): create_local_service_socket() name=shell:wm size
W/ADB_SERVICES(  504): service_to_fd() name=shell:wm size
W/ADB_SERVICES(  504): read_meminfo() mem_free=41972
W/ADB_SERVICES(  504): create_subproc ret_fd=16 pid=446
W/ADB_SERVICES(  504): LS(3579): bound to 'shell:wm size' via 16
W/ADB_SERVICES(  446): adb: unable to update oom_score_adj
I/AudioFlinger(  300): setParameters(): io 0, keyvalue mediaserver_monitor=1, calling pid 877
W/AudioALSAHardware(  300): setParameters(), still have param.size() = 1, remain param = "mediaserver_monitor=1"
I/str_params(  300): key: 'mediaserver_monitor' value: '1'
I/AudioPolicyManager(  300): setStreamVolumeIndex stream = 7 index = 15 device = 0x400
E/memtrack(  446): Couldn't load memtrack module (No such file or directory)
E/android.os.Debug(  446): failed to load memtrack module: -2
W/ADB_SERVICES(  504): create_local_service_socket() name=shell:cat /proc/meminfo
W/ADB_SERVICES(  504): service_to_fd() name=shell:cat /proc/meminfo
W/ADB_SERVICES(  504): read_meminfo() mem_free=35548
W/ADB_SERVICES(  504): create_subproc ret_fd=21 pid=463
W/ADB_SERVICES(  504): LS(3580): bound to 'shell:cat /proc/meminfo' via 21
W/ADB_SERVICES(  463): adb: unable to update oom_score_adj
W/ADB_SERVICES(  504): entered. LS(3580) fd=21
W/ADB_SERVICES(  504): create_local_service_socket() name=shell:getprop ro.build.version.release
W/ADB_SERVICES(  504): service_to_fd() name=shell:getprop ro.build.version.release
W/ADB_SERVICES(  504): read_meminfo() mem_free=35284
W/ADB_SERVICES(  504): create_subproc ret_fd=21 pid=464
W/ADB_SERVICES(  504): LS(3581): bound to 'shell:getprop ro.build.version.release' via 21
W/ADB_SERVICES(  464): adb: unable to update oom_score_adj
W/ADB_SERVICES(  504): entered. LS(3581) fd=21
W/ADB_SERVICES(  504): create_local_service_socket() name=shell:getprop ro.product.model
W/ADB_SERVICES(  504): service_to_fd() name=shell:getprop ro.product.model
W/ADB_SERVICES(  504): read_meminfo() mem_free=35156
W/ADB_SERVICES(  504): create_subproc ret_fd=21 pid=465
W/ADB_SERVICES(  504): LS(3582): bound to 'shell:getprop ro.product.model' via 21
W/ADB_SERVICES(  465): adb: unable to update oom_score_adj
W/ADB_SERVICES(  504): entered. LS(3582) fd=21
W/ADB_SERVICES(  504): create_local_service_socket() name=shell:getprop ro.product.brand
W/ADB_SERVICES(  504): service_to_fd() name=shell:getprop ro.product.brand
W/ADB_SERVICES(  504): read_meminfo() mem_free=35112
W/ADB_SERVICES(  504): create_subproc ret_fd=21 pid=466
W/ADB_SERVICES(  504): LS(3583): bound to 'shell:getprop ro.product.brand' via 21
W/ADB_SERVICES(  466): adb: unable to update oom_score_adj
W/ADB_SERVICES(  504): entered. LS(3583) fd=21
W/ADB_SERVICES(  504): create_local_service_socket() name=shell:cat /proc/cpuinfo
W/ADB_SERVICES(  504): service_to_fd() name=shell:cat /proc/cpuinfo
W/ADB_SERVICES(  504): read_meminfo() mem_free=35072
W/ADB_SERVICES(  504): create_subproc ret_fd=21 pid=467
W/ADB_SERVICES(  504): LS(3584): bound to 'shell:cat /proc/cpuinfo' via 21
W/ADB_SERVICES(  467): adb: unable to update oom_score_adj
W/ADB_SERVICES(  504): entered. LS(3584) fd=21
I/thermal_repeater(  323): oh, queryMdThermalInfo (0)Bad file number
I/thermal_repeater(  323): [recvMdThermalInfo] ret=25, strLen=127,  1, 32767,,, -1, 32767, 2
W/ADB_SERVICES(  504): entered. LS(3579) fd=16
W/ADB_SERVICES(  504): create_local_service_socket() name=shell:monkey -p com.jieshun.jslife -s 106 --throttle 300 --ignore-crashes --ignore-timeouts --pct-touch 60 --pct-trackball 12 --pct-appswitch 5 --pct-syskeys 10 --pct-motion 13 -v -v 100
W/ADB_SERVICES(  504): service_to_fd() name=shell:monkey -p com.jieshun.jslife -s 106 --throttle 300 --ignore-crashes --ignore-timeouts --pct-touch 60 --pct-trackball 12 --pct-appswitch 5 --pct-syskeys 10 --pct-motion 13 -v -v 100
W/ADB_SERVICES(  504): read_meminfo() mem_free=41556
W/ADB_SERVICES(  504): create_subproc ret_fd=16 pid=468
W/ADB_SERVICES(  504): LS(3585): bound to 'shell:monkey -p com.jieshun.jslife -s 106 --throttle 300 --ignore-crashes --ignore-timeouts --pct-touch 60 --pct-trackball 12 --pct-appswitch 5 --pct-syskeys 10 --pct-motion 13 -v -v 100' via 16
W/ADB_SERVICES(  504): create_local_service_socket() name=shell:cat /data/anr/traces.txt
W/ADB_SERVICES(  504): service_to_fd() name=shell:cat /data/anr/traces.txt
W/ADB_SERVICES(  504): read_meminfo() mem_free=41448
W/ADB_SERVICES(  504): create_subproc ret_fd=21 pid=469
W/ADB_SERVICES(  504): LS(3586): bound to 'shell:cat /data/anr/traces.txt' via 21
W/ADB_SERVICES(  468): adb: unable to update oom_score_adj
W/ADB_SERVICES(  469): adb: unable to update oom_score_adj
W/ADB_SERVICES(  504): create_local_service_socket() name=shell:export ANDROID_LOG_TAGS="''"; exec logcat
W/ADB_SERVICES(  504): service_to_fd() name=shell:export ANDROID_LOG_TAGS="''"; exec logcat
W/ADB_SERVICES(  504): read_meminfo() mem_free=41528
W/ADB_SERVICES(  504): create_subproc ret_fd=22 pid=471
W/ADB_SERVICES(  504): LS(3587): bound to 'shell:export ANDROID_LOG_TAGS="''"; exec logcat' via 22
W/ADB_SERVICES(  471): adb: unable to update oom_score_adj
W/ADB_SERVICES(  504): entered. LS(3586) fd=21
E/memtrack(  468): Couldn't load memtrack module (No such file or directory)
E/android.os.Debug(  468): failed to load memtrack module: -2
I/ActivityManager(  877): Controller Pid : 468
W/BroadcastQueue(  877): Skipping deliver [background] BroadcastRecord{72756a8 u-1 android.net.conn.CONNECTIVITY_CHANGE} to ReceiverList{361745c1 468 (unknown name)/2000/u-1 remote:30d9d59a}: process crashing
I/ActivityManager(  877): START u0 {act=android.intent.action.MAIN cat=[android.intent.category.LAUNCHER] flg=0x10200000 cmp=com.jieshun.jslife/.activity.common.WelcomeActivity} from uid 2000 on display 0 from pid 468
I/libPerfService(  877): 10: set freq: 1300000
I/libPerfService(  877): 10: set: 6
I/WindowManager(  877): Losing focus: Window{32c5bfc6 u0 com.meizu.flyme.launcher/com.meizu.flyme.launcher.Launcher}
W/PerfScheduler(  877): Not Boost !
W/Zygote  (  487): mz_is_rooted false
I/ActivityManager(  877): Start proc 487:com.jieshun.jslife/u0a99 for activity com.jieshun.jslife/.activity.common.WelcomeActivity
I/libPerfService(  877): perfSetFavorPid - pid:487, 1e7
I/SurfaceFlinger(  274): [Built-in Screen (type:0)] fps:0.061865,dur:16164.18,max:16164.18,min:16164.18
I/PerfService(  877): PerfServiceNative_boostDisableAsync:5
I/libPerfService(  877): 5: set: 6
I/libPerfService(  877): 5: set freq: 1300000
I/libPerfService(  877): perfSetFavorPid - pid:0, 0
I/AudioPolicyManager(  300): s 0 c 0 avaDev 3 ba2dpo 0 ba2dpsp 0 dev 2
I/AudioPolicyManager(  300): getOutput() device 2, stream 1, samplingRate 0, format 0, channelMask 3, flags 0
I/AudioPolicyManager(  300): getOutput() returns output 2
I/AudioPolicyManager(  300): s 0 c 0 avaDev 3 ba2dpo 0 ba2dpsp 0 dev 2
I/AudioPolicyManager(  300): getOutput() device 2, stream 1, samplingRate 0, format 0, channelMask 3, flags 0
I/AudioPolicyManager(  300): getOutput() returns output 2
I/AudioPolicyManager(  300): s 0 c 0 avaDev 3 ba2dpo 0 ba2dpsp 0 dev 2
I/AudioPolicyManager(  300): getOutput() returns output 2
W/AudioTrack(  877): AUDIO_OUTPUT_FLAG_FAST denied by client
I/AudioFlinger_Threads(  300): attachAuxEffect_l EffectId 0
I/AudioFlinger_Threads(  300): attachAuxEffect_l status 0
I/ActivityManager(  877): START u0 {act=android.intent.action.MAIN cat=[android.intent.category.LAUNCHER] flg=0x10200000 cmp=com.ximalaya.ting.android/.activity.account.WelComeActivity bnds=[282,960][540,1248]} from uid 10013 on display 0 from pid 1620
I/AudioPolicyManager(  300): AddSampleRateArray index = 1 sampleRate = 48000
I/AudioPolicyManager(  300): startOutput() output 2, stream 1, session 237
I/AudioPolicyManager(  300): s 0 c 0 avaDev 3 ba2dpo 0 ba2dpsp 0 dev 2
I/AudioPolicyManager(  300): getNewOutputDevice() selected device 2
I/AudioPolicyManager(  300): setOutputDevice() output 2 device 0002 delayMs 0 force 0
I/AudioPolicyManager(  300): s 0 c 0 avaDev 3 ba2dpo 0 ba2dpsp 0 dev 2
I/AudioFlinger(  300): setParameters(): io 2, keyvalue FM_DIRECT_CONTROL=1, calling pid 300
I/AudioPolicyManager(  300): setOutputDevice() prevDevice 0002
I/AudioPolicyManager(  300): setOutputDevice() mMutePrevDevice 0000
I/AudioPolicyManager(  300): s 0 c 0 avaDev 3 ba2dpo 0 ba2dpsp 0 dev 2
I/AudioPolicyManager(  300): s 1 c 0 avaDev 3 ba2dpo 0 ba2dpsp 0 dev 1
I/AudioPolicyManager(  300): s 2 c 0 avaDev 3 ba2dpo 0 ba2dpsp 0 dev 2
I/AudioPolicyManager(  300): s 2 c 0 avaDev 3 ba2dpo 0 ba2dpsp 0 dev 2
I/AudioPolicyManager(  300): s 3 c 0 avaDev 3 ba2dpo 0 ba2dpsp 0 dev 2
I/AudioPolicyManager(  300): s 0 c 0 avaDev 3 ba2dpo 0 ba2dpsp 0 dev 2
I/AudioPolicyManager(  300): s 4 c 0 avaDev 3 ba2dpo 0 ba2dpsp 0 dev 2
I/AudioPolicyManager(  300): s 5 c 0 avaDev 3 ba2dpo 0 ba2dpsp 0 dev 2
I/AudioPolicyManager(  300): s 6 c 0 avaDev 3 ba2dpo 0 ba2dpsp 0 dev 2
I/AudioPolicyManager(  300): s 7 c 0 avaDev 3 ba2dpo 0 ba2dpsp 0 dev 2
I/AudioPolicyManager(  300): s 8 c 0 avaDev 3 ba2dpo 0 ba2dpsp 0 dev 2
I/AudioPolicyManager(  300): setOutputDevice() setting same device 0002 or null device for output 2
I/AudioPolicyManager(  300):  checkAndSetVolume stream = 1 index = 8 output = 2 device = 0x2 delayMs = 0 force = 0
I/AudioPolicyManager(  300): PolicyForceReplace stream = 1 sampleRate = 48000 
I/AudioFlinger_Threads(  300): reset track timestretch tracn name 4096, ratio 100, mTimeStretchTrackName[name-4096] 0
I/AudioPolicyManager(  300): releaseOutput() 2
E/AudioALSAPlaybackHandlerBase(  300): openPcmDriver(), pcm_start(0xf04bd0c0) fail due to cannot start channel: Broken pipe
E/AudioALSAPlaybackHandlerBase(  300): -getHardwareBufferInfo pcm_get_htimestamp fail, ret = -1, pcm_get_error = cannot start channel: Broken pipe
E/AudioFlinger(  300): getNextBuffer, get null buffer
I/AudioFlinger_Threads(  300): pause signal - [NOT READY] on thread
I/AudioPolicyManager(  300): ReleaseFMIndirectMode 
I/AudioPolicyManager(  300): PolicyRestore
I/AudioPolicyManager(  300): stopOutput() output 2, stream 1, session 237
I/AudioPolicyManager(  300): getNewOutputDevice() selected device 0
I/AudioPolicyManager(  300): setOutputDevice() output 2 device 0000 delayMs 184 force 0
I/AudioPolicyManager(  300): setOutputDevice() prevDevice 0002
I/AudioPolicyManager(  300): setOutputDevice() mMutePrevDevice 0002
I/AudioPolicyManager(  300): s 0 c 0 avaDev 3 ba2dpo 0 ba2dpsp 0 dev 2
I/AudioPolicyManager(  300): s 1 c 0 avaDev 3 ba2dpo 0 ba2dpsp 0 dev 1
I/AudioPolicyManager(  300): s 2 c 0 avaDev 3 ba2dpo 0 ba2dpsp 0 dev 2
I/AudioPolicyManager(  300): s 2 c 0 avaDev 3 ba2dpo 0 ba2dpsp 0 dev 2
I/AudioPolicyManager(  300): s 3 c 0 avaDev 3 ba2dpo 0 ba2dpsp 0 dev 2
I/AudioPolicyManager(  300): s 0 c 0 avaDev 3 ba2dpo 0 ba2dpsp 0 dev 2
I/AudioPolicyManager(  300): s 4 c 0 avaDev 3 ba2dpo 0 ba2dpsp 0 dev 2
I/AudioPolicyManager(  300): s 5 c 0 avaDev 3 ba2dpo 0 ba2dpsp 0 dev 2
I/AudioPolicyManager(  300): s 6 c 0 avaDev 3 ba2dpo 0 ba2dpsp 0 dev 2
I/AudioPolicyManager(  300): s 7 c 0 avaDev 3 ba2dpo 0 ba2dpsp 0 dev 2
I/AudioPolicyManager(  300): s 8 c 0 avaDev 3 ba2dpo 0 ba2dpsp 0 dev 2
I/AudioPolicyManager(  300): setOutputDevice() setting same device 0000 or null device for output 2
I/MultiDex(  487): VM with version 2.1.0 has multidex support
I/MultiDex(  487): install
I/MultiDex(  487): VM has multidex support, MultiDex support library is disabled.
I/libPerfService(  877): perfSetFavorPid - pid:487, 1e7
I/PerfService(  877): PerfServiceNative_boostDisableAsync:5
I/libPerfService(  877): 5: set: 6
I/libPerfService(  877): 5: set freq: 1300000
W/DeviceId(  487): galaxy lib host missing meta-data,make sure you know the right way to integrate galaxy
W/DeviceId(  487): galaxy lib host missing meta-data,make sure you know the right way to integrate galaxy
W/DeviceId(  487): galaxy lib host missing meta-data,make sure you know the right way to integrate galaxy
I/BaiduApiAuth(  487): BaiduApiAuth SDK Version:1.0.20
W/ActivityManager(  877): getRunningAppProcesses: caller 10099 does not hold REAL_GET_TASKS; limiting output
I/System.out(  487): initEngineManager 
I/System.out(  487): initEngineManager null: true
W/linker  (  487): libapp_BaiduPanoramaAppLib.so: unused DT entry: type 0x6ffffffe arg 0x2b00
W/linker  (  487): libapp_BaiduPanoramaAppLib.so: unused DT entry: type 0x6fffffff arg 0x3
W/ActivityManager(  877): getRunningAppProcesses: caller 10099 does not hold REAL_GET_TASKS; limiting output
W/ActivityManager(  877): getRunningAppProcesses: caller 10099 does not hold REAL_GET_TASKS; limiting output
I/System.out(  487): initEngineManager error 
I/System.out(  487): initEngineManager init 
I/System.out(  487): initEngineManager init after 
W/ActivityManager(  877): getRunningAppProcesses: caller 10099 does not hold REAL_GET_TASKS; limiting output
W/ActivityManager(  877): getRunningAppProcesses: caller 10099 does not hold REAL_GET_TASKS; limiting output
I/System.out(  487): global application 
I/System.out(  487): open:https://api.map.baidu.com/sdkcs/verify
D/libc-netbsd(  487): [getaddrinfo]: hostname=api.map.baidu.com; servname=(null); cache_mode=(null), netid=0; mark=0
D/libc-netbsd(  487): [getaddrinfo]: ai_addrlen=0; ai_canonname=(null); ai_flags=4; ai_family=0
D/libc-netbsd(  487): [getaddrinfo]: hostname=api.map.baidu.com; servname=(null); cache_mode=(null), netid=0; mark=0
D/libc-netbsd(  487): [getaddrinfo]: ai_addrlen=0; ai_canonname=(null); ai_flags=1024; ai_family=0
I/AudioFlinger(  300): setParameters(): io 2, keyvalue FM_DIRECT_CONTROL=0, calling pid 300
D/libc-netbsd(  295): [getaddrinfo]: hostname=api.map.baidu.com; servname=(null); cache_mode=local, netid=101; mark=917605
D/libc-netbsd(  295): [getaddrinfo]: ai_addrlen=0; ai_canonname=(null); ai_flags=1024; ai_family=0
D/libc-netbsd(  295): default dns: query_ipv6=0, query_ipv4=1
D/libc-netbsd(  295): res_queryN name = api.map.baidu.com, class = 1, type = 1
D/libc-netbsd(  295): netid=101, dns0:202.96.134.133
D/libc-netbsd(  295): netid=101, dns1:202.96.128.166
D/libc-netbsd(  295): netid=101, dns2:8.8.8.8
D/libc-netbsd(  295): res_queryN name = api.map.baidu.com succeed
D/libc-netbsd(  487): getaddrinfo: api.map.baidu.com get result from proxy >>
I/System.out(  487): propertyValue:true
I/System.out(  487): [CDS]connect[api.map.baidu.com/14.215.177.92:443] tm:50
D/libc-netbsd(  487): [getaddrinfo]: hostname=api.map.baidu.com; servname=(null); cache_mode=(null), netid=0; mark=0
D/libc-netbsd(  487): [getaddrinfo]: ai_addrlen=0; ai_canonname=(null); ai_flags=4; ai_family=0
I/ActivityManager(  877): START u0 {cmp=com.jieshun.jslife/.activity.common.LoadingActivity} from uid 10099 on display 0 from pid 487
E/NativeCrypto(  487): ssl=0xef040600 cert_verify_callback x509_store_ctx=0xdf479d50 arg=0x0
E/NativeCrypto(  487): ssl=0xef040600 cert_verify_callback calling verifyCertificateChain authMethod=ECDHE_RSA
W/PerfScheduler(  877): Not Boost !
E/Ble     (  487): BluetoothLeService  onStartCommand()
I/MediaPlayerService(  300): [decode] decode(37, 32000716, 40044)
E/DrmMtkUtil/DrmUtil(  300): checkDcf: not dcf type, dcf version value [80]
E/Cta5File(  300): Cta5File::isCta5NormalFile false, bad magic:PK
E/Cta5File(  300): Cta5File::isCta5MultimediaFile false, bad magic:
E/DrmMtkUtil/DrmUtil(  300): checkDcf: not dcf type, dcf version value [80]
I/NuPlayer(  300): disable trackId:0
I/GenericSource(  300): GenericSource::initCheck
I/SensorHAL(  877): Dev Batch, handle: 4, name: LSM6DS3 Accelerometer Sensor
E/DrmCtaPlugIn(  299): [ERROR]onOpenDecryptSession - The key is not set by user
E/DrmMtkUtil/DrmUtil(  299): parseDcf: not dcf type, dcf version value [80]
E/DrmMtkPlugIn(  299): onOpenDecryptSession() : failed to parse dcf file.
I/SensorHAL(  877): Dev Flush, handle: 4, name: LSM6DS3 Accelerometer Sensor, ret: -22
W/ImageLoader(  487): memoryCache() and memoryCacheSize() calls overlap each other
W/PerfScheduler(  877): Not Boost !
I/System.out(  487): gba_cipher_suite:TLS_ECDHE_RSA_WITH_AES_128_GCM_SHA256
I/System.out(  487): [OkHttp] sendRequest>>
I/System.out(  487): [OkHttp] sendRequest<<
I/NetworkManagementSocketTagger(  487): untagSocket(40)
W/ActivityManager(  877): getRunningAppProcesses: caller 10099 does not hold REAL_GET_TASKS; limiting output
I/InputDispatcher(  877): Dropping event because there is no touchable window at (917, 955).
W/InputManager(  877): Input event injection from pid 468 failed.
I/Utils   (  300): GetMimeType : fourcc 0x1
I/Utils   (  300): GetMimeType : fourcc 0x1
I/WAVExtractorExt(  300): WAV : mime audio/raw channel 2 samplerate 11025 bps 16 br 353188 dur 907029
I/Utils   (  300): GetMimeType : fourcc 0x1
W/InputManager(  877): Input event injection from pid 468 failed.
I/Utils   (  300): GetMimeType : fourcc 0x1
I/Utils   (  300): GetMimeType : fourcc 0x1
I/WAVExtractorExt(  300): WAV : mime audio/raw channel 2 samplerate 11025 bps 16 br 353188 dur 907029
I/GenericSource(  300): GenericSource::getFormatMeta 0
I/AudioCache(  300): [notify] notify(0xf0433800, 1, 0, 0)
I/GenericSource(  300): start
I/GenericSource(  300): GenericSource::getFormatMeta 1
I/GenericSource(  300): GenericSource::getFormatMeta 0
I/AudioPolicyManager(  300): isOffloadSupported: SR=11025, CM=0x3, Format=0x1, StreamType=-1, BitRate=353188, duration=907029 us, has_video=0
I/NuPlayerRenderer(  300): sFrameAVsyncByVFS 1
E/NuPlayer(  300): onScanSources
I/GenericSource(  300): GenericSource::getFormatMeta 1
I/AudioCache(  300): [notify] notify(0xf0433800, 5, 0, 0)
I/AudioCache(  300): [notify] notify(0xf0433800, 5, 0, 0)
I/MediaCodec(  300): [CreateByType]line:159 audio/raw
I/MediaCodec(  300): [onMessageReceived]line:1320 [][what=kWhatInit][state 0][msg='AMessage(what = 'init', target = 2333) = {
I/MediaCodec(  300):   string name = "audio/raw"
I/MediaCodec(  300):   int32_t nameIsType = 1
I/MediaCodec(  300):   int32_t encoder = 0
I/MediaCodec(  300):   int32_t replyID = 12326
I/MediaCodec(  300): }' ]
I/MediaCodec(  300): [onMessageReceived]line:963 [][what=kWhatComponentAllocated][state 1][msg='AMessage(what = 'codc', target = 2333) = {
I/MediaCodec(  300):   int32_t what = 1665231980
I/MediaCodec(  300):   string componentName = "OMX.google.raw.decoder"
I/MediaCodec(  300):   int32_t quirks = 0
I/MediaCodec(  300): }' ]
I/MediaCodec(  300): [CreateByType]line:166 audio/raw
I/MediaCodec(  300): Found 0 pieces of codec specific data.
E/OMXNodeInstance(  300): getParameter(189:google.raw.decoder, ??(0x7f200406)) ERROR: UnsupportedIndex(0x8000101a)
I/MediaCodec(  300): [onMessageReceived]line:991 [OMX.google.raw.decoder][what=kWhatComponentConfigured][state 3][msg='AMessage(what = 'codc', target = 2333) = {
I/MediaCodec(  300):   int32_t what = 1665363822
I/MediaCodec(  300):   AMessage input-format = AMessage(what = 0x00000000) = {
I/MediaCodec(  300):                             int32_t support-partial-frame = 0
I/MediaCodec(  300):                             string mime = "audio/raw"
I/MediaCodec(  300):                             int32_t channel-count = 2
I/MediaCodec(  300):                             int32_t sample-rate = 11025
I/MediaCodec(  300):                             int32_t bit-width = 16
I/MediaCodec(  300):                           }
I/MediaCodec(  300):   AMessage output-format = AMessage(what = 'codc', target = 2333) = {
I/MediaCodec(  300):                              string mime = "audio/raw"
I/MediaCodec(  300):                              int32_t channel-count = 2
I/MediaCodec(  300):                              int32_t sample-rate = 11025
I/MediaCodec(  300):                              int32_t bit-width = 16
I/MediaCodec(  300):                            }
I/MediaCodec(  300): }' ]
I/MediaCodec(  300): [getOutputFormat]line:566 [OMX.google.raw.decoder]+++
I/NuPlayerDecoder(  300): mSupportsPartialFrames 0 
I/MediaCodec(  300): [start]line:367 [OMX.google.raw.decoder]+++
I/MediaCodec(  300): [onMessageReceived]line:1048 [OMX.google.raw.decoder][what=kWhatBuffersAllocated][state 5][msg='AMessage(what = 'codc', target = 2333) = {
I/MediaCodec(  300):   int32_t what = 1634495587
I/MediaCodec(  300):   int32_t portIndex = 0
I/MediaCodec(  300):   RefBase *portDesc = 0xf0438a00
I/MediaCodec(  300): }' ]
I/MediaCodec(  300): [onMessageReceived]line:1048 [OMX.google.raw.decoder][what=kWhatBuffersAllocated][state 5][msg='AMessage(what = 'codc', target = 2333) = {
I/MediaCodec(  300):   int32_t what = 1634495587
I/MediaCodec(  300):   int32_t portIndex = 1
I/MediaCodec(  300):   RefBase *portDesc = 0xf0438b20
I/MediaCodec(  300): }' ]
I/MediaCodec(  300): [getInputBuffers]line:609 [OMX.google.raw.decoder]+++
I/MediaCodec(  300): [getOutputBuffers]line:620 [OMX.google.raw.decoder]+++
I/MediaCodec(  300): codec output format changed mFlags 801
I/MediaCodec(  300): [onMessageReceived]line:1261 [OMX.google.raw.decoder][what=kWhatEOS][state 6] 
I/MediaCodec(  300): [getOutputFormat]line:566 [OMX.google.raw.decoder]+++
I/GenericSource(  300): GenericSource::getFormatMeta 0
I/AudioCache(  300): [open] open(11025, 2, 0x0, 1, 8)
I/libPerfService(  877): perfSetFavorPid - pid:0, 0
I/AudioCache(  300): [notify] notify(0xf0433800, 6, 0, 0)
I/NuPlayerDecoder(  300): [OMX.google.raw.decoder] EOS ,timeUs:0 ,size 0
I/NuPlayerDecoder(  300): [handleAnOutputBuffer]line:655 [OMX.google.raw.decoder] EOS ,timeUs:0
I/NuPlayerRenderer(  300): [queueEOS]line:174 queueEOS audio:1
I/AudioCache(  300): [notify] notify(0xf0433800, 2, 0, 0)
I/AudioCache(  300): [notify] notify(0xf0433800, 8, 0, 0)
I/NuPlayer(  300): [resetAsync]line:439 mSource:1
I/GenericSource(  300): [disconnect]line:869 mDataSource:1, lock
I/MediaCodec(  300): [flush]line:680 [OMX.google.raw.decoder]+++
I/NuPlayerRenderer(  300): onflush audio 1 flag 0
I/NuPlayerRenderer(  300): [onFlush]line:1553 audiosink flush.
I/MediaCodec(  300): [onMessageReceived]line:1765 [OMX.google.raw.decoder][what=kWhatFlush][state 6][msg='AMessage(what = 'flus', target = 2333) = {
I/MediaCodec(  300):   int32_t replyID = 12357
I/MediaCodec(  300): }' ]
I/MediaCodec(  300): [onMessageReceived]line:1294 [OMX.google.raw.decoder][what=kWhatFlushCompleted][state 7][msg='AMessage(what = 'codc', target = 2333) = {
I/MediaCodec(  300):   int32_t what = 1717792621
I/MediaCodec(  300): }' ]
I/MediaCodec(  300): [release]line:383 [OMX.google.raw.decoder]+++
I/ACodec  (  300): freeBuffersOnPort portIndex 0
I/ACodec  (  300): freeBuffersOnPort portIndex 1
I/MediaCodec(  300): [onMessageReceived]line:1268 [OMX.google.raw.decoder][what=kWhatShutdownCompleted][state 10][msg='AMessage(what = 'codc', target = 2333) = {
I/MediaCodec(  300):   int32_t what = 1935896429
I/MediaCodec(  300): }' ]
I/MediaCodec(  300): [~MediaCodec]line:205 [][mState 0]+++
I/NuPlayer(  300): [finishFlushIfPossible]line:1565 mFlushingAudio 5 ,mFlushingVideo 0
I/MediaPlayerService(  300): [decode] decode(37, 31689144, 50044)
E/DrmMtkUtil/DrmUtil(  300): checkDcf: not dcf type, dcf version value [80]
E/Cta5File(  300): Cta5File::isCta5NormalFile false, bad magic:PK
E/Cta5File(  300): Cta5File::isCta5MultimediaFile false, bad magic:
E/DrmMtkUtil/DrmUtil(  300): checkDcf: not dcf type, dcf version value [80]
I/NuPlayer(  300): disable trackId:0
I/GenericSource(  300): GenericSource::initCheck
E/DrmCtaPlugIn(  299): [ERROR]onOpenDecryptSession - The key is not set by user
E/DrmMtkUtil/DrmUtil(  299): parseDcf: not dcf type, dcf version value [80]
E/DrmMtkPlugIn(  299): onOpenDecryptSession() : failed to parse dcf file.
I/libPerfService(  877): 10: set: 1
I/libPerfService(  877): 10: set freq: 0
I/libPerfService(  877): 10: set gpu level: 0
I/SurfaceFlinger(  274): EventThread Client Pid (487) created
I/SurfaceFlinger(  274): EventThread Client Pid (487) created
I/SurfaceFlinger(  274): [SF client] NEW(0x7f7d87e480) for (877:system_server)
I/com.jieshun.jslife.service.XMPPService(  487): start XMPPService ===============
E/PhoneInterfaceManager( 1596): [PhoneIntfMgr] getIccId: ICC ID is null or empty.
I/com.jieshun.jslife.service.XMPPService(  487): startRequestQueQue ===============
I/CallbackListener(  487): xmppQueQue==========
I/XMPP    (  487): openfire----  disconnect()
I/libPerfService(  877): perfSetFavorPid - pid:487, 1e7
E/Ble     (  487): BluetoothLeService  onStartCommand()
I/XMPP    (  487): ========
I/XMPP    (  487): openfire============== OPENFIRE=jsimp.jslife.com.cn SERVICE_NAME=openfire-cloud PORT=7608  userName=13632836691  pwd=123456 ; resource=A1b117b2fb
I/XMPP    (  487): ----userName========13632836691 ; pwd========123456 ; resource======A1b117b2fb
I/MobclickAgent(  487): Start new session: 72720B5FF49208B52AEF787FD74909D5
I/SensorHAL(  877): Dev Flush, handle: 4, name: LSM6DS3 Accelerometer Sensor, ret: -22
I/System.out(  487): onGetPermissionState iError 0
I/System.out(  487): *****key*****
I/MediaPlayerService(  300): [decode] decode(43, 32000716, 40044)
E/DrmMtkUtil/DrmUtil(  300): checkDcf: not dcf type, dcf version value [80]
E/Cta5File(  300): Cta5File::isCta5NormalFile false, bad magic:PK
E/Cta5File(  300): Cta5File::isCta5MultimediaFile false, bad magic:
E/DrmMtkUtil/DrmUtil(  300): checkDcf: not dcf type, dcf version value [80]
I/NuPlayer(  300): disable trackId:0
I/GenericSource(  300): GenericSource::initCheck
E/DrmCtaPlugIn(  299): [ERROR]onOpenDecryptSession - The key is not set by user
E/DrmMtkUtil/DrmUtil(  299): parseDcf: not dcf type, dcf version value [80]
E/DrmMtkPlugIn(  299): onOpenDecryptSession() : failed to parse dcf file.
I/WindowManager(  877): Gaining focus: Window{b06b8a1 u0 com.jieshun.jslife/com.jieshun.jslife.activity.common.LoadingActivity}
E/GED     (  487): Failed to get GED Log Buf, err(0)
I/OpenGLRenderer(  487): Initialized EGL, version 1.4
W/DecodingInfo( 1333): No Engine for Decoding
I/Utils   (  300): GetMimeType : fourcc 0x1
I/Utils   (  300): GetMimeType : fourcc 0x1
I/WAVExtractorExt(  300): WAV : mime audio/raw channel 2 samplerate 11025 bps 16 br 353110 dur 1133786
I/Utils   (  300): GetMimeType : fourcc 0x1
I/SurfaceFlinger(  274): [Built-in Screen (type:0)] fps:4.984057,dur:1003.20,max:582.22,min:17.36
I/Utils   (  300): GetMimeType : fourcc 0x1
I/Utils   (  300): GetMimeType : fourcc 0x1
I/WAVExtractorExt(  300): WAV : mime audio/raw channel 2 samplerate 11025 bps 16 br 353110 dur 1133786
I/GenericSource(  300): GenericSource::getFormatMeta 0
I/AudioCache(  300): [notify] notify(0xf0433440, 1, 0, 0)
I/GenericSource(  300): start
I/GenericSource(  300): GenericSource::getFormatMeta 1
I/GenericSource(  300): GenericSource::getFormatMeta 0
I/AudioPolicyManager(  300): isOffloadSupported: SR=11025, CM=0x3, Format=0x1, StreamType=-1, BitRate=353110, duration=1133786 us, has_video=0
I/NuPlayerRenderer(  300): sFrameAVsyncByVFS 1
E/NuPlayer(  300): onScanSources
I/GenericSource(  300): GenericSource::getFormatMeta 1
I/AudioCache(  300): [notify] notify(0xf0433440, 5, 0, 0)
I/AudioCache(  300): [notify] notify(0xf0433440, 5, 0, 0)
I/MediaCodec(  300): [CreateByType]line:159 audio/raw
I/MediaCodec(  300): [onMessageReceived]line:1320 [][what=kWhatInit][state 0][msg='AMessage(what = 'init', target = 2342) = {
I/MediaCodec(  300):   string name = "audio/raw"
I/MediaCodec(  300):   int32_t nameIsType = 1
I/MediaCodec(  300):   int32_t encoder = 0
I/MediaCodec(  300):   int32_t replyID = 12363
I/MediaCodec(  300): }' ]
I/[MALI][Gralloc](  274): Usage: 0xb00, format: 0x1 stride: 1088 vertical_stride: 1920 size: 8355840
I/[MALI][Gralloc](  274): Usage: 0xb00, format: 0x1 stride: 1088 vertical_stride: 1920 size: 8355840
I/[MALI][Gralloc](  274): Usage: 0xb00, format: 0x1 stride: 1088 vertical_stride: 1920 size: 8355840
I/[MALI][Gralloc](  274): Usage: 0xb00, format: 0x1 stride: 1088 vertical_stride: 1920 size: 8355840
I/MediaCodec(  300): [onMessageReceived]line:963 [][what=kWhatComponentAllocated][state 1][msg='AMessage(what = 'codc', target = 2342) = {
I/MediaCodec(  300):   int32_t what = 1665231980
I/MediaCodec(  300):   string componentName = "OMX.google.raw.decoder"
I/MediaCodec(  300):   int32_t quirks = 0
I/MediaCodec(  300): }' ]
I/MediaCodec(  300): [CreateByType]line:166 audio/raw
I/MediaCodec(  300): Found 0 pieces of codec specific data.
E/OMXNodeInstance(  300): getParameter(18a:google.raw.decoder, ??(0x7f200406)) ERROR: UnsupportedIndex(0x8000101a)
