I/MediaPlayerService(  302): [setDataSource] player type = 3
W/UsbDeviceManager(  866): sys.usb.mtpConnect = mtpConnection
I/ValidateNoPeople(  866): skipping global notification
I/AwesomePlayer(  302): mThrottleVideoBufRel:6000 us
I/AwesomePlayer(  302): set flag for stopped
I/AwesomePlayer(  302): [reset_l]line:707 reset_l
I/AwesomePlayer(  302): [reset_l]line:762 reset cancelPlayEvents
I/AwesomePlayer(  302): [reset_l]line:861 reset_l done
I/AudioSink(  302): [AudioOutput] AudioOutput(85)
I/AwesomePlayer(  302): [reset_l]line:707 reset_l
I/MediaPlayerService(  302): [notify] [8] notify (0xf4499280, 8, 0, 0, 0)
I/AwesomePlayer(  302): [reset_l]line:762 reset cancelPlayEvents
I/AwesomePlayer(  302): [reset_l]line:861 reset_l done
I/MediaPlayerService(  302): [setDataSource] setDataSource fd=23, offset=0, length=5420 done
I/MediaPlayerService(  302): [prepareAsync] [8] prepareAsync
I/AudioPolicyManager(  302): isOffloadSupported: SR=44100, CM=0x3, Format=0x7000000, StreamType=3, BitRate=4294967295, duration=224943 us, has_video=0
I/AwesomePlayer(  302): [initAudioDecoder]line:1985 audio OMXCodec::Create begin
E/OMXNodeInstance(  302): setParameter(55:google.vorbis.decoder, ??(0x7f000022)) ERROR: UnsupportedIndex(0x8000101a)
I/MediaPlayerService(  302): [notify] [8] notify (0xf4499280, 5, 0, 0, 0)
I/MediaPlayerService(  302): [notify] [8] notify (0xf4499280, 1, 0, 0, 0)
E/MediaPlayer( 1043): Should have subtitle controller already set
I/AudioSink(  302): setVolume mTearDownLock
I/MediaPlayerService(  302): [start] [8] start
I/AwesomePlayer(  302): play 
I/AwesomePlayer(  302): [play_l]line:1195 play_l:mFlags=0x10
I/AwesomePlayer(  302): [play_l]line:1258 play_l:startAudioPlayer_l
E/OMXCodec(  302): [OMX.google.vorbis.decoder] +waitForBufferFilled_l: 0/0
W/OMXCodec(  302): FILL_BUFFER_DONE(buffer: 4098792416, size: 0, flags: 0x00000000, timestamp: 0 us (0.00 secs))
W/OMXCodec(  302): FILL_BUFFER_DONE(buffer: 4098792608, size: 0, flags: 0x00000000, timestamp: 0 us (0.00 secs))
W/OMXCodec(  302): FILL_BUFFER_DONE(buffer: 4098792704, size: 0, flags: 0x00000000, timestamp: 0 us (0.00 secs))
W/OMXCodec(  302): FILL_BUFFER_DONE(buffer: 4098792896, size: 0, flags: 0x00000000, timestamp: 0 us (0.00 secs))
E/OMXNodeInstance(  302): getConfig(55:google.vorbis.decoder, ??(0x7f00001b)) ERROR: Undefined(0x80001001)
E/OMXCodec(  302): [OMX.google.vorbis.decoder] -waitForBufferFilled_l
E/OMXCodec(  302): [OMX.google.vorbis.decoder] +waitForBufferFilled_l: 0/0
W/OMXCodec(  302): FILL_BUFFER_DONE(buffer: 4098792896, size: 0, flags: 0x00000000, timestamp: 0 us (0.00 secs))
E/OMXCodec(  302): [OMX.google.vorbis.decoder] -waitForBufferFilled_l
I/AudioPolicyManager(  302): s 0 c 0 avaDev 3 ba2dpo 0 ba2dpsp 0 dev 2
I/AudioPolicyManager(  302): getOutput() device 2, stream 3, samplingRate 0, format 0, channelMask 3, flags 0
I/AudioPolicyManager(  302): getOutput() returns output 2
I/AudioPolicyManager(  302): s 0 c 0 avaDev 3 ba2dpo 0 ba2dpsp 0 dev 2
I/AudioPolicyManager(  302): getOutput() device 2, stream 3, samplingRate 0, format 0, channelMask 3, flags 0
I/AudioPolicyManager(  302): getOutput() returns output 2
I/AudioSink(  302): [open] open(44100, 2, 1, 4, 85)
W/OMXCodec(  302): FILL_BUFFER_DONE(buffer: 4098792704, size: 2304, flags: 0x00000000, timestamp: 0 us (0.00 secs))
I/AudioPolicyManager(  302): s 0 c 0 avaDev 3 ba2dpo 0 ba2dpsp 0 dev 2
I/AudioPolicyManager(  302): getOutput() returns output 2
W/OMXCodec(  302): FILL_BUFFER_DONE(buffer: 4098792608, size: 4096, flags: 0x00000000, timestamp: 13061 us (0.01 secs))
I/AudioFlinger_Threads(  302): attachAuxEffect_l EffectId 0
I/AudioFlinger_Threads(  302): attachAuxEffect_l status 0
I/AudioFlinger_Threads(  302): attachAuxEffect_l EffectId 0
I/AudioFlinger_Threads(  302): attachAuxEffect_l status 0
I/AudioSink(  302): [start] start
I/AudioPolicyManager(  302): AddSampleRateArray index = 0 sampleRate = 44100
I/AudioPolicyManager(  302): startOutput() output 2, stream 1, session 85
I/AudioPolicyManager(  302): s 0 c 0 avaDev 3 ba2dpo 0 ba2dpsp 0 dev 2
I/AudioPolicyManager(  302): getNewOutputDevice() selected device 2
I/AudioPolicyManager(  302): setOutputDevice() output 2 device 0002 delayMs 0 force 0
I/AudioPolicyManager(  302): s 0 c 0 avaDev 3 ba2dpo 0 ba2dpsp 0 dev 2
W/OMXCodec(  302): FILL_BUFFER_DONE(buffer: 4098792416, size: 4096, flags: 0x00000000, timestamp: 36281 us (0.04 secs))
I/AudioFlinger(  302): setParameters(): io 2, keyvalue FM_DIRECT_CONTROL=1, calling pid 302
I/AudioPolicyManager(  302): setOutputDevice() prevDevice 0002
I/AudioPolicyManager(  302): setOutputDevice() mMutePrevDevice 0000
I/AudioPolicyManager(  302): s 0 c 0 avaDev 3 ba2dpo 0 ba2dpsp 0 dev 2
I/AudioPolicyManager(  302): s 1 c 0 avaDev 3 ba2dpo 0 ba2dpsp 0 dev 1
I/AudioPolicyManager(  302): s 2 c 0 avaDev 3 ba2dpo 0 ba2dpsp 0 dev 2
I/AudioPolicyManager(  302): s 2 c 0 avaDev 3 ba2dpo 0 ba2dpsp 0 dev 2
I/AudioPolicyManager(  302): s 3 c 0 avaDev 3 ba2dpo 0 ba2dpsp 0 dev 2
I/AudioPolicyManager(  302): s 0 c 0 avaDev 3 ba2dpo 0 ba2dpsp 0 dev 2
I/AudioPolicyManager(  302): s 4 c 0 avaDev 3 ba2dpo 0 ba2dpsp 0 dev 2
I/AudioPolicyManager(  302): s 5 c 0 avaDev 3 ba2dpo 0 ba2dpsp 0 dev 2
I/AudioPolicyManager(  302): s 6 c 0 avaDev 3 ba2dpo 0 ba2dpsp 0 dev 2
I/AudioPolicyManager(  302): s 7 c 0 avaDev 3 ba2dpo 0 ba2dpsp 0 dev 2
I/AudioPolicyManager(  302): s 8 c 0 avaDev 3 ba2dpo 0 ba2dpsp 0 dev 2
I/AudioPolicyManager(  302): setOutputDevice() setting same device 0002 or null device for output 2
I/AudioPolicyManager(  302):  checkAndSetVolume stream = 1 index = 8 output = 2 device = 0x2 delayMs = 0 force = 0
I/AudioPolicyManager(  302): PolicyForceReplace stream = 1 sampleRate = 44100 
I/AwesomePlayer(  302): AudioPlayer mLatencyUs 0
I/MediaPlayerService(  302): [notify] [8] notify (0xf4499280, 6, 0, 0, 0)
E/OMXCodec(  302): [OMX.google.vorbis.decoder] +waitForBufferFilled_l: 0/0
W/OMXCodec(  302): FILL_BUFFER_DONE(buffer: 4098792896, size: 4096, flags: 0x00000000, timestamp: 59501 us (0.06 secs))
W/OMXCodec(  302): FILL_BUFFER_DONE(buffer: 4098792704, size: 4096, flags: 0x00000000, timestamp: 82721 us (0.08 secs))
E/OMXCodec(  302): [OMX.google.vorbis.decoder] -waitForBufferFilled_l
W/OMXCodec(  302): FILL_BUFFER_DONE(buffer: 4098792608, size: 4096, flags: 0x00000000, timestamp: 105941 us (0.11 secs))
W/OMXCodec(  302): FILL_BUFFER_DONE(buffer: 4098792416, size: 4096, flags: 0x00000000, timestamp: 129160 us (0.13 secs))
W/OMXCodec(  302): FILL_BUFFER_DONE(buffer: 4098792896, size: 4096, flags: 0x00000000, timestamp: 152380 us (0.15 secs))
I/PerfService(  275): PerfServiceNative_notifyDisplayType:0
I/SurfaceFlinger(  275): [Built-in Screen (type:0)] fps:6.769995,dur:4135.90,max:3551.16,min:14.46
E/MediaPlayer( 1043): Should have subtitle controller already set
I/MountService(  866): isUsbMassStorageEnabled: false
I/libPerfService(  866): perfSetFavorPid - pid:0, 0
I/MediaPlayerService(  302): [8] getCurrentPosition = 83
I/DisplayPowerController(  866): Unblocked screen on after 408 ms
E/AudioALSAPlaybackHandlerBase(  302): openPcmDriver(), pcm_start(0xf4477440) fail due to cannot start channel: Broken pipe
W/Zygote  ( 8507): mz_is_rooted false
I/ActivityManager(  866): Start proc 8507:com.mediatek.mtklogger/u0a57 for broadcast com.mediatek.mtklogger/.framework.LogReceiver
W/UsbDeviceManager(  866): sys.usb.mtpConnect = mtpConnection
I/ValidateNoPeople(  866): skipping global notification
I/PerfService(  275): PerfServiceNative_notifyDisplayType:1
E/AudioALSAPlaybackHandlerBase(  302): -getHardwareBufferInfo pcm_get_htimestamp fail, ret = -1, pcm_get_error = cannot start channel: Broken pipe
I/Launcher( 1702): launcher guest mode set draglayout visiable
W/OMXCodec(  302): FILL_BUFFER_DONE(buffer: 4098792704, size: 4096, flags: 0x00000000, timestamp: 175600 us (0.18 secs))
W/OMXCodec(  302): FILL_BUFFER_DONE(buffer: 4098792608, size: 4096, flags: 0x00000000, timestamp: 198820 us (0.20 secs))
I/Tethering(  866): StateReceiver onReceive action:android.hardware.usb.action.USB_STATE
I/Tethering(  866): StateReceiver onReceive action synchronized: usbConnected = true usbConfigured = false, mRndisEnabled = false, mUsbTetherRequested = false
I/Tethering(  866): StateReceiver onReceive action synchronized: mUsbTetherEnabled = false
W/OMXCodec(  302): FILL_BUFFER_DONE(buffer: 4098792416, size: 0, flags: 0x00000001, timestamp: 222039 us (0.22 secs))
I/libPerfService(  866): perfSetFavorPid - pid:1702, 6a6
E/SystemUIMobEventUtils( 1043): packageName cannot be null and null-string, or packageName is filter pkg
I/Tethering(  866): StateReceiver onReceive action:android.hardware.usb.action.USB_STATE
I/Tethering(  866): StateReceiver onReceive action synchronized: usbConnected = true usbConfigured = true, mRndisEnabled = false, mUsbTetherRequested = false
I/Tethering(  866): StateReceiver onReceive action synchronized: mUsbTetherEnabled = false
I/MountService(  866): isUsbMassStorageEnabled: false
I/BatteryConsumeMonitor( 1424): idleModeFlag : false
I/BatteryConsumeMonitor( 1424): cancelRepeatAlarm
E/WifiStateMachine(  866): cancelDelayedScan -> 21
I/BatteryConsumeMonitor( 1424): init var lastPlugType : 2 lastBatteryChangedLevel : 81
I/BatteryConsumeMonitor( 1424): init var lastPlugType : 2 lastBatteryChangedLevel : 81
I/AudioFlinger(  302): setParameters(): io 0, keyvalue screen_state=on, calling pid 866
I/str_params(  302): key: 'screen_state' value: 'on'
E/native  (  866): do suspend false
I/wpa_supplicant( 1343): wpa_driver_nl80211_driver_cmd: buf =  ret = 2 used = 2 total = 4096
W/ActivityManager(  866): Skip forceProcessStateUpTo() to newState 8
E/WifiManagerFlyme( 1424): disableScanInterface exception: java.lang.NoSuchMethodException
I/QuenedWorkProxy( 4586): clean QuenedWork.sPendingWorkFinishers(578461696) size 0
I/QuenedWorkProxy( 4586): clean QuenedWork.sPendingWorkFinishers(578461696) size 0
E/System  ( 8507): stat file error, path is /system/app/MTKLogger/lib/arm64, exception is android.system.ErrnoException: stat failed: ENOENT (No such file or directory)
W/linker  ( 8507): /system/lib64/libfilterUtils.so: unused DT entry: type 0x6ffffffe arg 0x808
W/linker  ( 8507): /system/lib64/libfilterUtils.so: unused DT entry: type 0x6fffffff arg 0x2
E/OMXCodec(  302): [OMX.google.vorbis.decoder] No more output data in fillOutputBuffer, mFilledBuffers size=1
E/OMXCodec(  302): [OMX.google.vorbis.decoder] No more output data in fillOutputBuffer, mFilledBuffers size=0
E/OMXCodec(  302): [OMX.google.vorbis.decoder] read() final return
I/AudioPolicyManager(  302): s 0 c 0 avaDev 3 ba2dpo 0 ba2dpsp 0 dev 2
I/AudioPolicyManager(  302): getOutput() device 2, stream 3, samplingRate 0, format 0, channelMask 3, flags 0
I/AudioPolicyManager(  302): getOutput() returns output 2
I/AudioPolicyManager(  302): s 0 c 0 avaDev 3 ba2dpo 0 ba2dpsp 0 dev 2
I/AudioPolicyManager(  302): getOutput() device 2, stream 3, samplingRate 0, format 0, channelMask 3, flags 0
I/AudioPolicyManager(  302): getOutput() returns output 2
I/MTKLogger/Utils( 8507): Andriod version string = 5.1
I/MTKLogger/Utils( 8507): Android version number=5.1
I/MTKLogger/LogReceiver( 8507):  -->onReceive(), action=android.hardware.usb.action.USB_STATE, bootupFlag=false
I/MTKLogger/LogReceiver( 8507):  Native modem log running status=0
I/MTKLogger/LogReceiver( 8507):  usbConfigured?false, usbConnected?true, nweUsbMode=10, oldUSBModeValue=10, oldUsbConnectedValue=false, needNotifyModemLog=true
I/MTKLogger/LogReceiver( 8507): MTKLogger process should not startup, send a kill message to kill it.
I/PhoneStatusBar( 1043): updateNotificationCountChange,mLastHasNotification:false , hasActiveNotifications:true
E/SystemUIMobEventUtils( 1043): packageName cannot be null and null-string, or packageName is filter pkg
I/MTKLogger/LogReceiver( 8507):  -->onReceive(), action=android.hardware.usb.action.USB_STATE, bootupFlag=false
I/MTKLogger/LogReceiver( 8507):  Native modem log running status=0
I/MTKLogger/LogReceiver( 8507):  usbConfigured?true, usbConnected?true, nweUsbMode=10, oldUSBModeValue=10, oldUsbConnectedValue=true, needNotifyModemLog=false
I/MTKLogger/LogReceiver( 8507): MTKLogger process should not startup, send a kill message to kill it.
W/MtpService( 3570): updating state; keyguardManager.isKeyguardLocked()=false, keyguardManager.isKeyguardSecure()=false
W/MtpService( 3570): updating state; isCurrentUser=true, mMtpDisabled=false
W/MtpService( 3570): onCreate: volumes.length=2
W/MtpService( 3570): onCreate: path of volumes[0]=/storage/emulated/0
W/MtpService( 3570): onCreate: state of volumes[0]=mounted
W/MtpService( 3570): onCreate: path of volumes[1]=/storage/sdcard1
W/MtpService( 3570): onCreate: state of volumes[1]=removed
W/MtpService( 3570): updating state; keyguardManager.isKeyguardLocked()=false, keyguardManager.isKeyguardSecure()=false
W/MtpService( 3570): updating state; isCurrentUser=true, mMtpDisabled=false
W/MtpService( 3570): manageServiceLocked: starting MTP server in isCurrentUser: true
W/MtpService( 3570): starting MTP server in MTP mode
W/MtpService( 3570): starting MTP server in mMtpDisabled = false
I/MtpServerJNI( 3570): Finish to setup MtpServer
E/MtpServerJNI( 3570): void android_mtp_MtpServer_add_storage(JNIEnv*, jobject, jobject), line 176: descriptionStr = 手机存储
I/MtpStorage( 3570): MtpStorage id: 0x00010001 path: /storage/emulated/0
I/MtpServer( 3570): sendStoreAdded 00010001
E/MtpServer( 3570): void android::MtpServer::sendEvent(android::MtpEventCode, uint32_t): Without OpenSession to send event code = 0x4004, 
I/MtpServerJNI( 3570): android_mtp_MtpServer_run
I/MtpServerJNI( 3570): Ready to run MtpServer
I/MtpServer( 3570): MtpServer::run fd: 38
E/MtpServer( 3570): MtpServer::run mFD: 38
I/PhoneStatusBar( 1043): updateNotificationCountChange,mLastHasNotification:true , hasActiveNotifications:true
E/MtpServer( 3570): void android::MtpServer::sendEvent(android::MtpEventCode, uint32_t): Without OpenSession to send event code = 0x4006, 
I/KeyguardUpdateMonitor( 1043): handleBatteryUpdate index=0 updateInteresting=false
W/System.err( 1639): java.io.FileNotFoundException: /sys/class/meizu/pcb_temp/temp: open failed: ENOENT (No such file or directory)
W/System.err( 1639): 	at libcore.io.IoBridge.open(IoBridge.java:512)
W/System.err( 1639): 	at java.io.FileInputStream.<init>(FileInputStream.java:76)
W/System.err( 1639): 	at com.meizu.dataservice.g.d.d(Unknown Source)
W/System.err( 1639): 	at com.meizu.dataservice.b.a.a(Unknown Source)
W/System.err( 1639): 	at com.meizu.dataservice.b.a.a(Unknown Source)
W/System.err( 1639): 	at com.meizu.dataservice.b.b.handleMessage(Unknown Source)
W/System.err( 1639): 	at android.os.Handler.dispatchMessage(Handler.java:111)
W/System.err( 1639): 	at android.os.Looper.loop(Looper.java:194)
W/System.err( 1639): 	at android.os.HandlerThread.run(HandlerThread.java:61)
W/System.err( 1639): Caused by: android.system.ErrnoException: open failed: ENOENT (No such file or directory)
W/System.err( 1639): 	at libcore.io.Posix.open(Native Method)
W/System.err( 1639): 	at libcore.io.BlockGuardOs.open(BlockGuardOs.java:186)
W/System.err( 1639): 	at libcore.io.IoBridge.open(IoBridge.java:493)
W/System.err( 1639): 	... 8 more
W/System.err( 1639): java.io.FileNotFoundException: /sys/class/meizu/cpu_temp/temp: open failed: ENOENT (No such file or directory)
W/System.err( 1639): 	at libcore.io.IoBridge.open(IoBridge.java:512)
W/System.err( 1639): 	at java.io.FileInputStream.<init>(FileInputStream.java:76)
W/System.err( 1639): 	at com.meizu.dataservice.g.d.d(Unknown Source)
W/System.err( 1639): 	at com.meizu.dataservice.b.a.a(Unknown Source)
W/System.err( 1639): 	at com.meizu.dataservice.b.a.a(Unknown Source)
W/System.err( 1639): 	at com.meizu.dataservice.b.b.handleMessage(Unknown Source)
W/System.err( 1639): 	at android.os.Handler.dispatchMessage(Handler.java:111)
W/System.err( 1639): 	at android.os.Looper.loop(Looper.java:194)
W/System.err( 1639): 	at android.os.HandlerThread.run(HandlerThread.java:61)
W/System.err( 1639): Caused by: android.system.ErrnoException: open failed: ENOENT (No such file or directory)
W/System.err( 1639): 	at libcore.io.Posix.open(Native Method)
W/System.err( 1639): 	at libcore.io.BlockGuardOs.open(BlockGuardOs.java:186)
W/System.err( 1639): 	at libcore.io.IoBridge.open(IoBridge.java:493)
W/System.err( 1639): 	... 8 more
I/art     (  866): Background partial concurrent mark sweep GC freed 36738(2MB) AllocSpace objects, 14(3MB) LOS objects, 10% free, 33MB/37MB, paused 2.219ms total 132.950ms
I/AwesomePlayer(  302): [onStreamDone]line:1083 onStreamDone:mStreamDoneStatus =-1011,video EOS=0,audio EOS=256
I/MediaPlayerService(  302): [notify] [8] notify (0xf4499280, 2, 0, 0, 0)
I/AwesomePlayer(  302): [pause_l]line:1609 pause_l :at_eos=1
I/MediaPlayerService(  302): [notify] [8] notify (0xf4499280, 7, 0, 0, 0)
I/AudioSink(  302): [stop] stop
I/libPerfService(  866): perfSetFavorPid - pid:0, 0
I/MediaPlayerService(  302): [8] getCurrentPosition = 199
I/AudioPolicyManager(  302): ReleaseFMIndirectMode 
I/AudioPolicyManager(  302): PolicyRestore
I/AudioPolicyManager(  302): stopOutput() output 2, stream 1, session 85
I/AudioPolicyManager(  302): getNewOutputDevice() selected device 0
I/AudioPolicyManager(  302): setOutputDevice() output 2 device 0000 delayMs 184 force 0
I/AudioPolicyManager(  302): setOutputDevice() prevDevice 0002
I/AudioPolicyManager(  302): setOutputDevice() mMutePrevDevice 0002
I/AudioPolicyManager(  302): s 0 c 0 avaDev 3 ba2dpo 0 ba2dpsp 0 dev 2
I/AudioPolicyManager(  302): s 1 c 0 avaDev 3 ba2dpo 0 ba2dpsp 0 dev 1
I/AudioPolicyManager(  302): s 2 c 0 avaDev 3 ba2dpo 0 ba2dpsp 0 dev 2
I/AudioPolicyManager(  302): s 2 c 0 avaDev 3 ba2dpo 0 ba2dpsp 0 dev 2
I/AudioPolicyManager(  302): s 3 c 0 avaDev 3 ba2dpo 0 ba2dpsp 0 dev 2
I/AudioPolicyManager(  302): s 0 c 0 avaDev 3 ba2dpo 0 ba2dpsp 0 dev 2
I/AudioPolicyManager(  302): s 4 c 0 avaDev 3 ba2dpo 0 ba2dpsp 0 dev 2
I/AudioPolicyManager(  302): s 5 c 0 avaDev 3 ba2dpo 0 ba2dpsp 0 dev 2
I/AudioPolicyManager(  302): s 6 c 0 avaDev 3 ba2dpo 0 ba2dpsp 0 dev 2
I/AudioPolicyManager(  302): s 7 c 0 avaDev 3 ba2dpo 0 ba2dpsp 0 dev 2
I/AudioPolicyManager(  302): s 8 c 0 avaDev 3 ba2dpo 0 ba2dpsp 0 dev 2
I/AudioPolicyManager(  302): setOutputDevice() setting same device 0000 or null device for output 2
I/MtpServer( 3570): operation: MTP_OPERATION_OPEN_SESSION, 0x1002
W/MtpDatabase( 3570): sessionStarted
I/MtpServer( 3570): sending response 2001
E/MtpServer( 3570): MtpServer::run mFD: 38
I/MtpServer( 3570): operation: MTP_OPERATION_GET_DEVICE_INFO, 0x1001
I/MtpServer( 3570): doGetDeviceInfo mPtp = 0, 
I/MtpServer( 3570): doGetDeviceInfo property_get, ro.sys.usb.mtp.whql.enable, property_get = 0, 
I/MtpServer( 3570): doGetDeviceInfo property_get, WHQL disable!!
I/MtpServer( 3570): doGetDeviceInfo property_get, ro.product.manufacturer, property_get = Meizu, 
I/MtpServer( 3570): doGetDeviceInfo property_get, ro.product.model, property_get = m2 note, 
I/MtpServer( 3570): doGetDeviceInfo property_get, ro.serialno, property_get = 810EBME4DAN4, 
I/MtpServer( 3570): sending data:
I/MtpServer( 3570): sending response 2001
E/MtpServer( 3570): MtpServer::run mFD: 38
I/MtpServer( 3570): operation: MTP_OPERATION_GET_OBJECT_PROPS_SUPPORTED, 0x9801
I/MtpServer( 3570): sending data:
I/MtpServer( 3570): sending response 2001
E/MtpServer( 3570): MtpServer::run mFD: 38
I/MtpServer( 3570): operation: MTP_OPERATION_GET_OBJECT_PROPS_SUPPORTED, 0x9801
I/MtpServer( 3570): sending data:
I/MtpServer( 3570): sending response 2001
E/MtpServer( 3570): MtpServer::run mFD: 38
I/MtpServer( 3570): operation: MTP_OPERATION_GET_DEVICE_PROP_DESC, 0x1014
I/MtpServer( 3570): GetDevicePropDesc MTP_DEVICE_PROPERTY_DEVICE_FRIENDLY_NAME
I/AudioFlinger(  302): setParameters(): io 2, keyvalue FM_DIRECT_CONTROL=0, calling pid 302
I/MtpServer( 3570): sending data:
I/MtpServer( 3570): sending response 2001
E/MtpServer( 3570): MtpServer::run mFD: 38
I/libPerfService(  866): perfSetFavorPid - pid:1702, 6a6
I/libPerfService(  866): 10: set: 1
I/libPerfService(  866): 10: set freq: 0
I/libPerfService(  866): 10: set gpu level: 0
I/libPerfService(  866): perfSetFavorPid - pid:0, 0
I/SurfaceFlinger(  275): [Built-in Screen (type:0)] fps:19.255625,dur:1090.59,max:436.23,min:0.85
I/thermal_repeater(  319): oh, queryMdThermalInfo (0)Bad file number
I/thermal_repeater(  319): [recvMdThermalInfo] ret=25, strLen=127,  1, 32767,,, -1, 32767, 2
E/SensorHAL(  866): [Proximity]: 0.000000
E/SensorHAL(  866): [Proximity]: 5.000000
I/SurfaceFlinger(  275): [Built-in Screen (type:0)] fps:0.476718,dur:2097.67,max:2097.67,min:2097.67
I/MtpServer( 3570): operation: MTP_OPERATION_GET_OBJECT_PROPS_SUPPORTED, 0x9801
I/MtpServer( 3570): sending data:
I/MtpServer( 3570): sending response 2001
E/MtpServer( 3570): MtpServer::run mFD: 38
I/MtpServer( 3570): operation: MTP_OPERATION_GET_OBJECT_PROPS_SUPPORTED, 0x9801
I/MtpServer( 3570): sending data:
I/MtpServer( 3570): sending response 2001
E/MtpServer( 3570): MtpServer::run mFD: 38
I/MtpServer( 3570): operation: MTP_OPERATION_GET_OBJECT_PROPS_SUPPORTED, 0x9801
I/MtpServer( 3570): sending data:
I/MtpServer( 3570): sending response 2001
E/MtpServer( 3570): MtpServer::run mFD: 38
I/MtpServer( 3570): operation: MTP_OPERATION_GET_OBJECT_PROPS_SUPPORTED, 0x9801
I/MtpServer( 3570): sending data:
I/MtpServer( 3570): sending response 2001
E/MtpServer( 3570): MtpServer::run mFD: 38
I/MtpServer( 3570): operation: MTP_OPERATION_GET_OBJECT_PROPS_SUPPORTED, 0x9801
I/MtpServer( 3570): sending data:
I/MtpServer( 3570): sending response 2001
E/MtpServer( 3570): MtpServer::run mFD: 38
I/MtpServer( 3570): operation: MTP_OPERATION_GET_OBJECT_PROPS_SUPPORTED, 0x9801
I/MtpServer( 3570): sending data:
I/MtpServer( 3570): sending response 2001
E/MtpServer( 3570): MtpServer::run mFD: 38
I/MtpServer( 3570): operation: MTP_OPERATION_GET_OBJECT_PROPS_SUPPORTED, 0x9801
I/MtpServer( 3570): sending data:
I/MtpServer( 3570): sending response 2001
E/MtpServer( 3570): MtpServer::run mFD: 38
I/MtpServer( 3570): operation: MTP_OPERATION_GET_OBJECT_PROPS_SUPPORTED, 0x9801
I/MtpServer( 3570): sending data:
I/MtpServer( 3570): sending response 2001
E/MtpServer( 3570): MtpServer::run mFD: 38
I/MtpServer( 3570): operation: MTP_OPERATION_GET_OBJECT_PROPS_SUPPORTED, 0x9801
I/MtpServer( 3570): sending data:
I/MtpServer( 3570): sending response 2001
E/MtpServer( 3570): MtpServer::run mFD: 38
I/MtpServer( 3570): operation: MTP_OPERATION_GET_OBJECT_PROPS_SUPPORTED, 0x9801
I/MtpServer( 3570): sending data:
I/MtpServer( 3570): sending response 2001
E/MtpServer( 3570): MtpServer::run mFD: 38
I/MtpServer( 3570): operation: MTP_OPERATION_GET_OBJECT_PROPS_SUPPORTED, 0x9801
I/MtpServer( 3570): sending data:
I/MtpServer( 3570): sending response 2001
E/MtpServer( 3570): MtpServer::run mFD: 38
I/MtpServer( 3570): operation: MTP_OPERATION_GET_OBJECT_PROPS_SUPPORTED, 0x9801
I/MtpServer( 3570): sending data:
I/MtpServer( 3570): sending response 2001
E/MtpServer( 3570): MtpServer::run mFD: 38
I/MtpServer( 3570): operation: MTP_OPERATION_GET_OBJECT_PROPS_SUPPORTED, 0x9801
I/MtpServer( 3570): sending data:
I/MtpServer( 3570): sending response 2001
E/MtpServer( 3570): MtpServer::run mFD: 38
I/MtpServer( 3570): operation: MTP_OPERATION_GET_OBJECT_PROPS_SUPPORTED, 0x9801
I/MtpServer( 3570): sending data:
I/MtpServer( 3570): sending response 2001
E/MtpServer( 3570): MtpServer::run mFD: 38
I/MtpServer( 3570): operation: MTP_OPERATION_GET_OBJECT_PROPS_SUPPORTED, 0x9801
I/MtpServer( 3570): sending data:
I/MtpServer( 3570): sending response 2001
E/MtpServer( 3570): MtpServer::run mFD: 38
I/MtpServer( 3570): operation: MTP_OPERATION_GET_OBJECT_PROPS_SUPPORTED, 0x9801
I/MtpServer( 3570): sending data:
I/MtpServer( 3570): sending response 2001
E/MtpServer( 3570): MtpServer::run mFD: 38
I/MtpServer( 3570): operation: MTP_OPERATION_GET_OBJECT_PROPS_SUPPORTED, 0x9801
I/MtpServer( 3570): sending data:
I/MtpServer( 3570): sending response 2001
E/MtpServer( 3570): MtpServer::run mFD: 38
I/MtpServer( 3570): operation: MTP_OPERATION_GET_OBJECT_PROPS_SUPPORTED, 0x9801
I/MtpServer( 3570): sending data:
I/MtpServer( 3570): sending response 2001
E/MtpServer( 3570): MtpServer::run mFD: 38
I/MtpServer( 3570): operation: MTP_OPERATION_GET_OBJECT_PROPS_SUPPORTED, 0x9801
I/MtpServer( 3570): sending data:
I/MtpServer( 3570): sending response 2001
E/MtpServer( 3570): MtpServer::run mFD: 38
I/MtpServer( 3570): operation: MTP_OPERATION_GET_OBJECT_PROPS_SUPPORTED, 0x9801
I/MtpServer( 3570): sending data:
I/MtpServer( 3570): sending response 2001
E/MtpServer( 3570): MtpServer::run mFD: 38
I/MtpServer( 3570): operation: MTP_OPERATION_GET_OBJECT_PROPS_SUPPORTED, 0x9801
I/MtpServer( 3570): sending data:
I/MtpServer( 3570): sending response 2001
E/MtpServer( 3570): MtpServer::run mFD: 38
I/MtpServer( 3570): operation: MTP_OPERATION_GET_OBJECT_PROPS_SUPPORTED, 0x9801
I/MtpServer( 3570): sending data:
I/MtpServer( 3570): sending response 2001
E/MtpServer( 3570): MtpServer::run mFD: 38
I/MtpServer( 3570): operation: MTP_OPERATION_GET_OBJECT_PROPS_SUPPORTED, 0x9801
I/MtpServer( 3570): sending data:
I/MtpServer( 3570): sending response 2001
E/MtpServer( 3570): MtpServer::run mFD: 38
I/MtpServer( 3570): operation: MTP_OPERATION_GET_OBJECT_PROPS_SUPPORTED, 0x9801
I/MtpServer( 3570): sending data:
I/MtpServer( 3570): sending response 2001
E/MtpServer( 3570): MtpServer::run mFD: 38
I/AudioFlinger(  302): setParameters(): io 0, keyvalue mediaserver_monitor=1, calling pid 866
W/AudioALSAHardware(  302): setParameters(), still have param.size() = 1, remain param = "mediaserver_monitor=1"
I/str_params(  302): key: 'mediaserver_monitor' value: '1'
I/AudioPolicyManager(  302): setStreamVolumeIndex stream = 7 index = 15 device = 0x400
W/Watchdog(  866): SWT Watchdog after wait current time:902508
W/Watchdog(  866): **Get SF Time **1
W/Watchdog(  866): SWT Watchdog before synchronized:902509
W/Watchdog(  866): SWT Watchdog after synchronized:902509
W/Watchdog(  866): SWT Watchdog before wait timeout:30000
W/Watchdog(  866): SWT Watchdog before wait current time:902510
W/Watchdog(  866): SWT Watchdog before wait start:902510
W/Watchdog(  866): SWT Watchdog before wait CHECK_INTERVAL:30000
I/SurfaceFlinger(  275): [Built-in Screen (type:0)] fps:6.598026,dur:3031.21,max:2706.75,min:13.87
I/thermal_repeater(  319): oh, queryMdThermalInfo (0)Bad file number
I/thermal_repeater(  319): [recvMdThermalInfo] ret=25, strLen=127,  1, 32767,,, -1, 32767, 2
I/libPerfService(  866): perfSetFavorPid - pid:1702, 6a6
I/libPerfService(  866): perfSetFavorPid - pid:0, 0
I/SurfaceFlinger(  275): [Built-in Screen (type:0)] fps:11.485007,dur:1915.54,max:1015.51,min:12.00
I/SurfaceFlinger(  275): [Built-in Screen (type:0)] fps:0.989802,dur:1010.30,max:1010.30,min:1010.30
I/MTKLogger/LogReceiver( 8507): Get a self-kill command. Need to kill me now
I/Process ( 8507): Sending signal. PID: 8507 SIG: 9
I/ActivityManager(  866): Process com.mediatek.mtklogger (pid 8507) has died
I/libPerfService(  866): perfSetFavorPid - pid:1702, 6a6
I/SurfaceFlinger(  275): [Built-in Screen (type:0)] fps:1.882682,dur:1062.31,max:1049.30,min:13.01
I/KeyguardUpdateMonitor( 1043): handleBatteryUpdate index=0 updateInteresting=false
I/BatteryConsumeMonitor( 1424): init var lastPlugType : 2 lastBatteryChangedLevel : 81
I/libPerfService(  866): perfSetFavorPid - pid:0, 0
I/libPerfService(  866): perfSetFavorPid - pid:1702, 6a6
I/QuenedWorkProxy( 4586): clean QuenedWork.sPendingWorkFinishers(578461696) size 0
I/QuenedWorkProxy( 4586): clean QuenedWork.sPendingWorkFinishers(578461696) size 0
I/thermal_repeater(  319): oh, queryMdThermalInfo (0)Bad file number
I/thermal_repeater(  319): [recvMdThermalInfo] ret=25, strLen=127,  1, 32767,,, -1, 32767, 2
I/AudioFlinger(  302): setParameters(): io 0, keyvalue mediaserver_monitor=1, calling pid 866
W/AudioALSAHardware(  302): setParameters(), still have param.size() = 1, remain param = "mediaserver_monitor=1"
I/str_params(  302): key: 'mediaserver_monitor' value: '1'
I/AudioPolicyManager(  302): setStreamVolumeIndex stream = 7 index = 15 device = 0x400
I/System.out( 4586): [CDS]close[39685]
I/NetworkManagementSocketTagger( 4586): untagSocket(88)
I/libPerfService(  866): perfSetFavorPid - pid:0, 0
I/SurfaceFlinger(  275): [Built-in Screen (type:0)] fps:0.398674,dur:5016.63,max:4635.68,min:380.96
I/SurfaceFlinger(  275): [Built-in Screen (type:0)] fps:0.989524,dur:1010.59,max:1010.59,min:1010.59
I/thermal_repeater(  319): oh, queryMdThermalInfo (0)Bad file number
I/thermal_repeater(  319): [recvMdThermalInfo] ret=25, strLen=127,  1, 32767,,, -1, 32767, 2
I/KeyguardUpdateMonitor( 1043): handleBatteryUpdate index=0 updateInteresting=false
I/BatteryConsumeMonitor( 1424): init var lastPlugType : 2 lastBatteryChangedLevel : 81
I/libPerfService(  866): perfSetFavorPid - pid:1702, 6a6
I/libPerfService(  866): perfSetFavorPid - pid:0, 0
I/QuenedWorkProxy( 4586): clean QuenedWork.sPendingWorkFinishers(578461696) size 0
I/QuenedWorkProxy( 4586): clean QuenedWork.sPendingWorkFinishers(578461696) size 0
I/libPerfService(  866): perfSetFavorPid - pid:1702, 6a6
I/SurfaceFlinger(  275): [Built-in Screen (type:0)] fps:0.228732,dur:4371.93,max:4371.93,min:4371.93
I/thermal_repeater(  319): oh, queryMdThermalInfo (0)Bad file number
I/thermal_repeater(  319): [recvMdThermalInfo] ret=25, strLen=127,  1, 32767,,, -1, 32767, 2
I/libPerfService(  866): perfSetFavorPid - pid:0, 0
I/SurfaceFlinger(  275): [Built-in Screen (type:0)] fps:0.377692,dur:2647.66,max:2647.66,min:2647.66
I/AudioFlinger(  302): setParameters(): io 0, keyvalue mediaserver_monitor=1, calling pid 866
W/AudioALSAHardware(  302): setParameters(), still have param.size() = 1, remain param = "mediaserver_monitor=1"
I/str_params(  302): key: 'mediaserver_monitor' value: '1'
I/AudioPolicyManager(  302): setStreamVolumeIndex stream = 7 index = 15 device = 0x400
I/SurfaceFlinger(  275): [Built-in Screen (type:0)] fps:0.989722,dur:1010.38,max:1010.38,min:1010.38
I/thermal_repeater(  319): oh, queryMdThermalInfo (0)Bad file number
I/thermal_repeater(  319): [recvMdThermalInfo] ret=25, strLen=127,  1, 32767,,, -1, 32767, 2
I/SurfaceFlinger(  275): [Built-in Screen (type:0)] fps:0.494909,dur:4041.14,max:4029.93,min:11.22
W/System.err( 1639): java.io.FileNotFoundException: /sys/class/meizu/pcb_temp/temp: open failed: ENOENT (No such file or directory)
W/System.err( 1639): 	at libcore.io.IoBridge.open(IoBridge.java:512)
W/System.err( 1639): 	at java.io.FileInputStream.<init>(FileInputStream.java:76)
W/System.err( 1639): 	at com.meizu.dataservice.g.d.d(Unknown Source)
W/System.err( 1639): 	at com.meizu.dataservice.b.a.a(Unknown Source)
W/System.err( 1639): 	at com.meizu.dataservice.b.a.a(Unknown Source)
W/System.err( 1639): 	at com.meizu.dataservice.b.b.handleMessage(Unknown Source)
W/System.err( 1639): 	at android.os.Handler.dispatchMessage(Handler.java:111)
W/System.err( 1639): 	at android.os.Looper.loop(Looper.java:194)
W/System.err( 1639): 	at android.os.HandlerThread.run(HandlerThread.java:61)
W/System.err( 1639): Caused by: android.system.ErrnoException: open failed: ENOENT (No such file or directory)
W/System.err( 1639): 	at libcore.io.Posix.open(Native Method)
W/System.err( 1639): 	at libcore.io.BlockGuardOs.open(BlockGuardOs.java:186)
W/System.err( 1639): 	at libcore.io.IoBridge.open(IoBridge.java:493)
W/System.err( 1639): 	... 8 more
W/System.err( 1639): java.io.FileNotFoundException: /sys/class/meizu/cpu_temp/temp: open failed: ENOENT (No such file or directory)
W/System.err( 1639): 	at libcore.io.IoBridge.open(IoBridge.java:512)
W/System.err( 1639): 	at java.io.FileInputStream.<init>(FileInputStream.java:76)
W/System.err( 1639): 	at com.meizu.dataservice.g.d.d(Unknown Source)
W/System.err( 1639): 	at com.meizu.dataservice.b.a.a(Unknown Source)
W/System.err( 1639): 	at com.meizu.dataservice.b.a.a(Unknown Source)
W/System.err( 1639): 	at com.meizu.dataservice.b.b.handleMessage(Unknown Source)
W/System.err( 1639): 	at android.os.Handler.dispatchMessage(Handler.java:111)
W/System.err( 1639): 	at android.os.Looper.loop(Looper.java:194)
W/System.err( 1639): 	at android.os.HandlerThread.run(HandlerThread.java:61)
W/System.err( 1639): Caused by: android.system.ErrnoException: open failed: ENOENT (No such file or directory)
W/System.err( 1639): 	at libcore.io.Posix.open(Native Method)
W/System.err( 1639): 	at libcore.io.BlockGuardOs.open(BlockGuardOs.java:186)
W/System.err( 1639): 	at libcore.io.IoBridge.open(IoBridge.java:493)
W/System.err( 1639): 	... 8 more
I/KeyguardUpdateMonitor( 1043): handleBatteryUpdate index=0 updateInteresting=false
I/BatteryConsumeMonitor( 1424): init var lastPlugType : 2 lastBatteryChangedLevel : 81
I/libPerfService(  866): perfSetFavorPid - pid:1702, 6a6
I/QuenedWorkProxy( 4586): clean QuenedWork.sPendingWorkFinishers(578461696) size 0
I/QuenedWorkProxy( 4586): clean QuenedWork.sPendingWorkFinishers(578461696) size 0
I/SurfaceFlinger(  275): [Built-in Screen (type:0)] fps:0.431629,dur:2316.81,max:2316.81,min:2316.81
I/thermal_repeater(  319): oh, queryMdThermalInfo (0)Bad file number
I/thermal_repeater(  319): [recvMdThermalInfo] ret=25, strLen=127,  1, 32767,,, -1, 32767, 2
I/libPerfService(  866): perfSetFavorPid - pid:0, 0
I/SurfaceFlinger(  275): [Built-in Screen (type:0)] fps:0.367943,dur:2717.81,max:2717.81,min:2717.81
I/AudioFlinger(  302): setParameters(): io 0, keyvalue mediaserver_monitor=1, calling pid 866
W/AudioALSAHardware(  302): setParameters(), still have param.size() = 1, remain param = "mediaserver_monitor=1"
I/str_params(  302): key: 'mediaserver_monitor' value: '1'
I/AudioPolicyManager(  302): setStreamVolumeIndex stream = 7 index = 15 device = 0x400
W/Watchdog(  866): SWT Watchdog after wait current time:932510
W/Watchdog(  866): **Get SF Time **1
W/Watchdog(  866): SWT Watchdog before synchronized:932511
W/Watchdog(  866): SWT Watchdog after synchronized:932511
W/Watchdog(  866): SWT Watchdog before wait timeout:30000
W/Watchdog(  866): SWT Watchdog before wait current time:932511
W/Watchdog(  866): SWT Watchdog before wait start:932511
W/Watchdog(  866): SWT Watchdog before wait CHECK_INTERVAL:30000
I/thermal_repeater(  319): oh, queryMdThermalInfo (0)Bad file number
I/thermal_repeater(  319): [recvMdThermalInfo] ret=25, strLen=127,  1, 32767,,, -1, 32767, 2
I/BatteryConsumeMonitor( 1424): init var lastPlugType : 2 lastBatteryChangedLevel : 81
I/KeyguardUpdateMonitor( 1043): handleBatteryUpdate index=0 updateInteresting=false
I/libPerfService(  866): perfSetFavorPid - pid:1702, 6a6
I/QuenedWorkProxy( 4586): clean QuenedWork.sPendingWorkFinishers(578461696) size 0
I/QuenedWorkProxy( 4586): clean QuenedWork.sPendingWorkFinishers(578461696) size 0
I/libPerfService(  866): perfSetFavorPid - pid:0, 0
I/SurfaceFlinger(  275): [Built-in Screen (type:0)] fps:0.137675,dur:7263.49,max:7263.49,min:7263.49
I/thermal_repeater(  319): oh, queryMdThermalInfo (0)Bad file number
I/thermal_repeater(  319): [recvMdThermalInfo] ret=25, strLen=127,  1, 32767,,, -1, 32767, 2
I/libPerfService(  866): perfSetFavorPid - pid:1702, 6a6
I/libPerfService(  866): perfSetFavorPid - pid:0, 0
I/libPerfService(  866): perfSetFavorPid - pid:1702, 6a6
I/SurfaceFlinger(  275): [Built-in Screen (type:0)] fps:1.196170,dur:1672.00,max:905.75,min:766.25
I/AudioFlinger(  302): setParameters(): io 0, keyvalue mediaserver_monitor=1, calling pid 866
W/AudioALSAHardware(  302): setParameters(), still have param.size() = 1, remain param = "mediaserver_monitor=1"
I/str_params(  302): key: 'mediaserver_monitor' value: '1'
I/AudioPolicyManager(  302): setStreamVolumeIndex stream = 7 index = 15 device = 0x400
I/thermal_repeater(  319): oh, queryMdThermalInfo (0)Bad file number
I/thermal_repeater(  319): [recvMdThermalInfo] ret=25, strLen=127,  1, 32767,,, -1, 32767, 2
I/BatteryConsumeMonitor( 1424): init var lastPlugType : 2 lastBatteryChangedLevel : 81
I/KeyguardUpdateMonitor( 1043): handleBatteryUpdate index=0 updateInteresting=false
I/QuenedWorkProxy( 4586): clean QuenedWork.sPendingWorkFinishers(578461696) size 0
I/libPerfService(  866): perfSetFavorPid - pid:0, 0
I/QuenedWorkProxy( 4586): clean QuenedWork.sPendingWorkFinishers(578461696) size 0
I/libPerfService(  866): perfSetFavorPid - pid:1702, 6a6
I/SurfaceFlinger(  275): [Built-in Screen (type:0)] fps:0.240183,dur:8326.98,max:8226.40,min:100.59
I/thermal_repeater(  319): oh, queryMdThermalInfo (0)Bad file number
I/thermal_repeater(  319): [recvMdThermalInfo] ret=25, strLen=127,  1, 32767,,, -1, 32767, 2
I/libPerfService(  866): 19: set: 2
I/AudioFlinger(  302): setParameters(): io 0, keyvalue mediaserver_monitor=1, calling pid 866
W/AudioALSAHardware(  302): setParameters(), still have param.size() = 1, remain param = "mediaserver_monitor=1"
I/str_params(  302): key: 'mediaserver_monitor' value: '1'
I/AudioPolicyManager(  302): setStreamVolumeIndex stream = 7 index = 15 device = 0x400
I/libPerfService(  866): perfSetFavorPid - pid:0, 0
I/SurfaceFlinger(  275): [Built-in Screen (type:0)] fps:0.262150,dur:3814.61,max:3814.61,min:3814.61
I/libPerfService(  866): perfSetFavorPid - pid:1702, 6a6
E/ActivityManagerFlyme( 1424): getRunningTaskInfoCloneId failed: java.lang.NoSuchFieldException: mCloneID
E/ActivityManagerFlyme( 1424): forceFreezePackage exception: java.lang.NoSuchMethodException
I/libPerfService(  866): 19: set: 1
I/libPerfService(  866): 19: set freq: 0
I/libPerfService(  866): 19: set gpu level: 0
I/libPerfService(  866): perfSetFavorPid - pid:0, 0
I/SurfaceFlinger(  275): [Built-in Screen (type:0)] fps:0.494875,dur:2020.71,max:2020.71,min:2020.71
I/thermal_repeater(  319): oh, queryMdThermalInfo (0)Bad file number
I/thermal_repeater(  319): [recvMdThermalInfo] ret=25, strLen=127,  1, 32767,,, -1, 32767, 2
I/PowerManagerService(  866): Going to sleep due to screen timeout (uid 1000)...
I/PowerManagerService(  866): Going to sleep due to lid switch (uid 1000)...
I/PowerManagerService(  866): Sleeping (uid 1000)...
I/ActivityManager(  866): onWakefulnessChanged: 3
I/SensorHAL(  866): Dev Active, handle: 4, name: LSM6DS3 Accelerometer Sensor, enable: 0.
I/SensorHAL(  866): SensorBase::Enable. name: LSM6DS3 Accelerometer Sensor, enable: 0
I/SensorHAL(  866): HWSensorBase::Enable, handle: 4, name: lsm6ds3_accel, enable: 0
I/SurfaceFlinger(  275): [Built-in Screen (type:0)] fps:0.313677,dur:3187.99,max:3187.99,min:3187.99
I/[MALI][Gralloc](  275): Usage: 0x333, format: 0x1 stride: 1088 vertical_stride: 1920 size: 8355840
I/PalmRejection( 1043): disableProximityLockLocked, mProximitySensorEnabled = false
I/PalmRejection( 1043): disableProximityLockLocked() failed... Proximity Sensor already disabled
I/[MALI][Gralloc](  275): Usage: 0xb00, format: 0x1 stride: 1088 vertical_stride: 1920 size: 8355840
I/PhoneStatusBar( 1043): updateNotificationCountChange,mLastHasNotification:true , hasActiveNotifications:true
I/libPerfService(  866): perfSetFavorPid - pid:1702, 6a6
I/[MALI][Gralloc](  275): Usage: 0xb00, format: 0x1 stride: 1088 vertical_stride: 1920 size: 8355840
I/PerfService(  275): PerfServiceNative_notifyDisplayType:0
I/BatteryConsumeMonitor( 1424): watting idle mode !
I/PhoneStatusBar( 1043): updateNotificationCountChange,mLastHasNotification:true , hasActiveNotifications:true
I/[MALI][Gralloc](  275): Usage: 0xb00, format: 0x1 stride: 1088 vertical_stride: 1920 size: 8355840
E/WifiStateMachine(  866): cancelDelayedScan -> 22
E/native  (  866): do suspend true
I/AudioFlinger(  302): setParameters(): io 0, keyvalue screen_state=off, calling pid 866
I/str_params(  302): key: 'screen_state' value: 'off'
I/[MALI][Gralloc](  275): Usage: 0xb00, format: 0x1 stride: 1088 vertical_stride: 1920 size: 8355840
I/wpa_supplicant( 1343): wpa_driver_nl80211_driver_cmd: buf =  ret = 2 used = 2 total = 4096
W/DecodingInfo( 1464): No Engine for Decoding
I/CalendarAgendaWidget( 8091): onReceive action = android.intent.action.ACCESS_CONTROL_CHANGED
W/ContextImpl( 1773): Calling a method in the system process without a qualified user: android.app.ContextImpl.startService:1863 android.content.ContextWrapper.startService:516 com.meizu.networkmanager.c.r.a:25 com.meizu.networkmanager.boradcast.b$1$1.run:67 <bottom of call stack> 
I/CalendarAgendaWidget( 8091): onReceive action = android.intent.action.ACCESS_CONTROL_CHANGED
I/Launcher( 1702): launcher stats1 = WORKSPACE
I/NetworkStatsRecorder(  866): recordSnapshotLocked: ident[[{type=WIFI, subType=COMBINED, networkId=chaozhouniurouwan}]]
W/NetworkStatsRecorder(  866): unknown interfaces [lo, p2p0], ignoring those stats
I/NetworkStatsRecorder(  866): recordSnapshotLocked: ident[[{type=WIFI, subType=COMBINED, networkId=chaozhouniurouwan}]]
W/NetworkStatsRecorder(  866): unknown interfaces [lo, p2p0], ignoring those stats
I/NetworkStatsRecorder(  866): recordSnapshotLocked: ident[[{type=WIFI, subType=COMBINED, networkId=chaozhouniurouwan}]]
I/NetworkStatsRecorder(  866): recordSnapshotLocked: ident[[{type=WIFI, subType=COMBINED, networkId=chaozhouniurouwan}]]
I/NetworkStatsRecorder(  866): recordSnapshotLocked: ident[[{type=WIFI, subType=COMBINED, networkId=chaozhouniurouwan}]]
I/NetworkStatsRecorder(  866): recordSnapshotLocked: ident[[{type=WIFI, subType=COMBINED, networkId=chaozhouniurouwan}]]
W/NetworkStatsRecorder(  866): unknown interfaces [lo, p2p0], ignoring those stats
I/NetworkStatsRecorder(  866): recordSnapshotLocked: ident[[{type=WIFI, subType=COMBINED, networkId=chaozhouniurouwan}]]
W/NetworkStatsRecorder(  866): unknown interfaces [lo, p2p0], ignoring those stats
I/QuenedWorkProxy( 4586): clean QuenedWork.sPendingWorkFinishers(578461696) size 0
W/auto_update_AppAutoUpdateManager( 4586): --Screen off but update app size == 0,switch:true, wifi:true, and Screen on: false, Power Connected: true, Battery: 81(-50|+15), Competitive:false(not check), downloaded size:0, downloaded time:0, available size:0
I/PreDownloadAndBookAppManager( 4586): normalCheck: true, post delay 2 min to  start book download task
I/QuenedWorkProxy( 4586): clean QuenedWork.sPendingWorkFinishers(578461696) size 0
I/SensorHAL(  866): Dev Active, handle: 2, name: LTR559 Proximity Sensor, enable: 0.
I/SensorHAL(  866): SensorBase::Enable. name: LTR559 Proximity Sensor, enable: 0
I/SensorHAL(  866): HWSensorBase::Enable, handle: 2, name: lsm6ds3_proximity, enable: 0
I/SensorHAL(  866): Dev Active, handle: 1, name: LTR559 Light Sensor, enable: 0.
I/SensorHAL(  866): SensorBase::Enable. name: LTR559 Light Sensor, enable: 0
I/SensorHAL(  866): HWSensorBase::Enable, handle: 1, name: lsm6ds3_light, enable: 0
I/DisplayManagerService(  866): Display device changed: DisplayDeviceInfo{"内置屏幕": uniqueId="local:0", 1080 x 1920, 57.35 fps, supportedRefreshRates [57.35], density 480, 480.0 x 480.0 dpi, appVsyncOff -8000000, presDeadline 26436792, touch INTERNAL, rotation 0, type BUILT_IN, state OFF, subtype 0, FLAG_DEFAULT_DISPLAY, FLAG_ROTATES_WITH_CONTENT, FLAG_SECURE, FLAG_SUPPORTS_PROTECTED_BUFFERS}
I/hwcomposer(  275): [HWC] SetPowerMode(0) Display(0)
I/PerfService(  275): PerfServiceNative_notifyDisplayType:1
I/ActivityManager(  866): onWakefulnessChanged: 0
I/KeyguardUpdateMonitor( 1043): handleBatteryUpdate index=0 updateInteresting=false
I/BatteryConsumeMonitor( 1424): init var lastPlugType : 2 lastBatteryChangedLevel : 81
I/QuenedWorkProxy( 4586): clean QuenedWork.sPendingWorkFinishers(578461696) size 0
I/QuenedWorkProxy( 4586): clean QuenedWork.sPendingWorkFinishers(578461696) size 0
W/recents.Component( 1043): create a new LoadPlan to load thumbnail -- background
W/recents.Performance( 1043): preload while task Change spend : 2
I/thermal_repeater(  319): oh, queryMdThermalInfo (0)Bad file number
I/thermal_repeater(  319): [recvMdThermalInfo] ret=25, strLen=127,  1, 32767,,, -1, 32767, 2
I/AudioFlinger(  302): setParameters(): io 0, keyvalue mediaserver_monitor=1, calling pid 866
W/AudioALSAHardware(  302): setParameters(), still have param.size() = 1, remain param = "mediaserver_monitor=1"
I/str_params(  302): key: 'mediaserver_monitor' value: '1'
I/AudioPolicyManager(  302): setStreamVolumeIndex stream = 7 index = 15 device = 0x400
I/MeizuKeyguardThemeManager( 1043): setBarState ------ statusBarState=1,keyguardFadingAway=false,goingToFullShade=false,keyguardShowing=true
I/MeizuKeyguardThemeManager( 1043): setBarState 1
I/ChargeViewUtils( 1043): updateChargingState shouldChargingViewShow = true , mPluggedIn = true
I/PhoneStatusBar( 1043): updateNotificationCountChange,mLastHasNotification:true , hasActiveNotifications:false
I/ChargeViewUtils( 1043): onRefreshBatteryInfo
I/ChargeViewUtils( 1043): updateChargingState shouldChargingViewShow = true , mPluggedIn = true
I/ChargeViewUtils( 1043): onRefreshBatteryInfo
I/ChargeViewUtils( 1043): updateChargingState shouldChargingViewShow = true , mPluggedIn = true
I/ChargeViewUtils( 1043): updateChargingState shouldChargingViewShow = true , mPluggedIn = true
W/KeyguardViewBase( 1043): setOnDismissAction =null
I/StatusBarManagerService(  866): disable by pkg=com.android.systemui
I/MyAnimatorService( 1702): hideLauncher
I/WindowManager(  866): Gaining focus: Window{2155a86c u0 StatusBar}
I/PanelView( 1043): Max panel height 812,expand height 0.0, shade mode false
W/View    ( 1043): requestLayout() improperly called by android.widget.FrameLayout{a343cdc V.E..... ......ID 0,2681-1080,2681 #7f1002a2 app:id/mz_dismiss_view} during layout: running second layout pass
I/PanelView( 1043): Max panel height 657,expand height 0.0, shade mode false
I/PanelView( 1043): Max panel height 657,expand height 657.0, shade mode false
I/ChargeViewUtils( 1043): updateChargingState shouldChargingViewShow = true , mPluggedIn = true
W/art     ( 1043): Suspending all threads took: 5.732ms
I/art     ( 1043): Background sticky concurrent mark sweep GC freed 27340(1551KB) AllocSpace objects, 1(16KB) LOS objects, 0% free, 96MB/96MB, paused 10.795ms total 108.543ms
I/art     ( 1043): Background partial concurrent mark sweep GC freed 7452(333KB) AllocSpace objects, 5(456KB) LOS objects, 3% free, 104MB/108MB, paused 3.421ms total 148.293ms
I/PanelView( 1043): Max panel height 657,expand height 657.0, shade mode false
W/View    ( 1043): requestLayout() improperly called by android.widget.FrameLayout{a343cdc V.E..... ......ID 0,2526-1080,2526 #7f1002a2 app:id/mz_dismiss_view} during second layout pass: posting in next frame
I/PanelView( 1043): Max panel height 657,expand height 657.0, shade mode false
I/libPerfService(  866): perfSetFavorPid - pid:0, 0
I/System.out( 4586): [CDS]close[50329]
I/NetworkManagementSocketTagger( 4586): untagSocket(84)
W/Watchdog(  866): SWT Watchdog after wait current time:962512
W/Watchdog(  866): **Get SF Time **1
W/Watchdog(  866): SWT Watchdog before synchronized:962512
W/Watchdog(  866): SWT Watchdog after synchronized:962512
W/Watchdog(  866): SWT Watchdog before wait timeout:30000
W/Watchdog(  866): SWT Watchdog before wait current time:962512
W/Watchdog(  866): SWT Watchdog before wait start:962512
W/Watchdog(  866): SWT Watchdog before wait CHECK_INTERVAL:30000
I/[MALI][Gralloc](  275): Usage: 0xb00, format: 0x1 stride: 1088 vertical_stride: 1920 size: 8355840
I/[MALI][Gralloc](  275): Usage: 0xb00, format: 0x1 stride: 1088 vertical_stride: 1920 size: 8355840
I/Choreographer( 1043): Skipped 52 frames!  The application may be doing too much work on its main thread.
I/thermal_repeater(  319): oh, queryMdThermalInfo (0)Bad file number
I/thermal_repeater(  319): [recvMdThermalInfo] ret=25, strLen=127,  1, 32767,,, -1, 32767, 2
I/BatteryConsumeMonitor( 1424): init var lastPlugType : 2 lastBatteryChangedLevel : 81
I/KeyguardUpdateMonitor( 1043): handleBatteryUpdate index=0 updateInteresting=false
I/libPerfService(  866): perfSetFavorPid - pid:1702, 6a6
I/QuenedWorkProxy( 4586): clean QuenedWork.sPendingWorkFinishers(578461696) size 0
I/QuenedWorkProxy( 4586): clean QuenedWork.sPendingWorkFinishers(578461696) size 0
I/thermal_repeater(  319): oh, queryMdThermalInfo (0)Bad file number
I/thermal_repeater(  319): [recvMdThermalInfo] ret=25, strLen=127,  1, 32767,,, -1, 32767, 2
I/AudioFlinger(  302): setParameters(): io 0, keyvalue mediaserver_monitor=1, calling pid 866
W/AudioALSAHardware(  302): setParameters(), still have param.size() = 1, remain param = "mediaserver_monitor=1"
I/str_params(  302): key: 'mediaserver_monitor' value: '1'
I/AudioPolicyManager(  302): setStreamVolumeIndex stream = 7 index = 15 device = 0x400
I/thermal_repeater(  319): oh, queryMdThermalInfo (0)Bad file number
I/thermal_repeater(  319): [recvMdThermalInfo] ret=25, strLen=127,  1, 32767,,, -1, 32767, 2
I/BatteryConsumeMonitor( 1424): init var lastPlugType : 2 lastBatteryChangedLevel : 81
I/KeyguardUpdateMonitor( 1043): handleBatteryUpdate index=0 updateInteresting=false
I/QuenedWorkProxy( 4586): clean QuenedWork.sPendingWorkFinishers(578461696) size 0
I/QuenedWorkProxy( 4586): clean QuenedWork.sPendingWorkFinishers(578461696) size 0
I/thermal_repeater(  319): oh, queryMdThermalInfo (0)Bad file number
I/thermal_repeater(  319): [recvMdThermalInfo] ret=25, strLen=127,  1, 32767,,, -1, 32767, 2
I/AudioFlinger(  302): setParameters(): io 0, keyvalue mediaserver_monitor=1, calling pid 866
W/AudioALSAHardware(  302): setParameters(), still have param.size() = 1, remain param = "mediaserver_monitor=1"
I/str_params(  302): key: 'mediaserver_monitor' value: '1'
