I/System.out(17308): open:http://api.map.baidu.com/sdkproxy/v2/lbs_androidsdk/geocoder/v2?location=22.577083074214418%2C114.0500041864299&coordtype=bd09ll&pois=1&output=json&from=android_map_sdk&latest_admin=0&token=4113DTKIb0b7eqvx7mztyYnn4qOxyrAWbB6IeY3UFkLi81L5fkwomAO1jp6hOpSqzwMIWdCs%2BOsmBqETEgiPU2bv1Eg4q8zQkSPXfwYb7WsxCkwztUJBjiMlV1gz%2BRLHjjHEd2C1Gjyd04dIh%2FZ66NXrMgB67Db3YmMntCoeIXXBFUfX8howSjyGiaA&pcn=com.jieshun.jslife&screen=1080%2C1920&cuid=686E53F3C8D0961EAD4B50E4D2258C2D%7C944874720008868&dpi=480%2C480&resid=02&appid=-1&mb=m2%20note&ctm=1532078386.528000&net=1&bduid=&channel=baidu&os=Android22&sv=4.5.2&sign=2945d5a0d2bcea79401b2f08c9c96138
I/System.out(17308): [OkHttp] sendRequest>>
I/System.out(17308): [OkHttp] sendRequest<<
I/NetworkManagementSocketTagger(17308): untagSocket(158)
I/SurfaceFlinger(  276): [Built-in Screen (type:0)] fps:1.472125,dur:2037.87,max:1054.02,min:8.54
I/EMDLOGGER1(  780): MD writer time out 10 sec.
I/crashsdk(11174): Begin update unexp info ...
I/crashsdk(11174): Update unexp info took 4 ms
I/SurfaceFlinger(  276): [Built-in Screen (type:0)] fps:1.034314,dur:1933.65,max:993.00,min:940.65
I/thermal_repeater(  322): oh, queryMdThermalInfo (0)Bad file number
I/thermal_repeater(  322): [recvMdThermalInfo] ret=25, strLen=127,  1, 32767,,, -1, 32767, 2
I/SurfaceFlinger(  276): [Built-in Screen (type:0)] fps:1.882440,dur:1062.45,max:1051.09,min:11.36
I/System.out(17308): isFirstLoc：true
I/System.out(17308): ******jscarlife*********************onReceiveLocation***************逆地理编码******
I/System.out(17308): open:http://api.map.baidu.com/sdkproxy/v2/lbs_androidsdk/geocoder/v2?location=22.577083074214418%2C114.0500041864299&coordtype=bd09ll&pois=1&output=json&from=android_map_sdk&latest_admin=0&token=4113DTKIb0b7eqvx7mztyYnn4qOxyrAWbB6IeY3UFkLi81L5fkwomAO1jp6hOpSqzwMIWdCs%2BOsmBqETEgiPU2bv1Eg4q8zQkSPXfwYb7WsxCkwztUJBjiMlV1gz%2BRLHjjHEd2C1Gjyd04dIh%2FZ66NXrMgB67Db3YmMntCoeIXXBFUfX8howSjyGiaA&pcn=com.jieshun.jslife&screen=1080%2C1920&cuid=686E53F3C8D0961EAD4B50E4D2258C2D%7C944874720008868&dpi=480%2C480&resid=02&appid=-1&mb=m2%20note&ctm=1532078396.505000&net=1&bduid=&channel=baidu&os=Android22&sv=4.5.2&sign=d4f2eed67a5d5c401531d30c22222480
I/System.out(17308): [OkHttp] sendRequest>>
I/System.out(17308): [OkHttp] sendRequest<<
D/EMDLOGGER1(  780): CTRL_reader: incoming SPLM req, msgid=6, token=0, result=0
I/EMDLOGGER1(  780): [MDLOG] [stats][buf] L1 : data:0x15f30 last:0x550ed8; (1, 0x5434, 0x550ed8)(3, 0x91a, 0x550e7a)PS : data:0x5d4e last:0x550ed8; L2 : data:0x3ee6 last:0x550ed8; 
D/EMDLOGGER1(  780): CTRL_reader: incoming SPLM req, msgid=6, token=0, result=0
I/EMDLOGGER1(  780): [MDLOG] [stats][mux] MCU : data:0x24d9e last:0x550dbe; DSP : data:0x0 last:0x0; 
I/SurfaceFlinger(  276): [Built-in Screen (type:0)] fps:1.016115,dur:1968.28,max:1010.25,min:958.03
I/XMPP    (17308): 用户名或密码为空=============== userName=null
I/XMPP    (17308):  匿名转实名-----  实名登陆失败===============再次尝试登陆
I/XMPP    (17308): 匿名转实名登录失败！！！！！！！  休息========10000秒
I/AudioFlinger(  304): setParameters(): io 0, keyvalue mediaserver_monitor=1, calling pid 881
W/AudioALSAHardware(  304): setParameters(), still have param.size() = 1, remain param = "mediaserver_monitor=1"
I/str_params(  304): key: 'mediaserver_monitor' value: '1'
I/AudioPolicyManager(  304): setStreamVolumeIndex stream = 7 index = 15 device = 0x400
I/libPerfService(  881): perfSetFavorPid - pid:17308, 439c
I/libPerfService(  881): perfSetFavorPid - pid:0, 0
I/libPerfService(  881): perfSetFavorPid - pid:17308, 439c
I/SurfaceFlinger(  276): [Built-in Screen (type:0)] fps:0.869787,dur:1149.71,max:1149.71,min:1149.71
W/Watchdog(  881): SWT Watchdog after wait current time:27875232
W/Watchdog(  881): **Get SF Time **1
W/Watchdog(  881): SWT Watchdog before synchronized:27875232
W/Watchdog(  881): SWT Watchdog after synchronized:27875232
W/Watchdog(  881): SWT Watchdog before wait timeout:30000
W/Watchdog(  881): SWT Watchdog before wait current time:27875232
W/Watchdog(  881): SWT Watchdog before wait start:27875232
W/Watchdog(  881): SWT Watchdog before wait CHECK_INTERVAL:30000
I/EMDLOGGER1(  780): MDL rate:30 KB/s, full count:0
I/thermal_repeater(  322): oh, queryMdThermalInfo (0)Bad file number
I/thermal_repeater(  322): [recvMdThermalInfo] ret=25, strLen=127,  1, 32767,,, -1, 32767, 2
I/System.out(17308): [CDS]EAGAIN in Recvfrom
I/System.out(17308): [CDS]read byte is 0
I/System.out(17308): Close in OkHttp
I/System.out(17308): [CDS]close[39528]
I/NetworkManagementSocketTagger(17308): untagSocket(72)
I/System.out(17308): [OkHttp] sendRequest>>
I/System.out(17308): [OkHttp] sendRequest<<
D/[BT3.0+HS]PAL(  332): == chip_reset_fd is set ==
D/[BT3.0+HS]PAL(  332): 
D/[BT3.0+HS]PAL(  332): invalid reply message
D/[BT3.0+HS]PAL(  332): 
I/libPerfService(  881): perfSetFavorPid - pid:0, 0
I/SurfaceFlinger(  276): [Built-in Screen (type:0)] fps:0.170348,dur:5870.32,max:5870.32,min:5870.32
I/thermal_repeater(  322): oh, queryMdThermalInfo (0)Bad file number
I/thermal_repeater(  322): [recvMdThermalInfo] ret=25, strLen=127,  1, 32767,,, -1, 32767, 2
I/NetworkManagementSocketTagger(17308): untagSocket(158)
D/[BT3.0+HS]PAL(  332): == chip_reset_fd is set ==
D/[BT3.0+HS]PAL(  332): 
D/[BT3.0+HS]PAL(  332): invalid reply message
D/[BT3.0+HS]PAL(  332): 
D/[BT3.0+HS]PAL(  332): == chip_reset_fd is set ==
D/[BT3.0+HS]PAL(  332): 
D/[BT3.0+HS]PAL(  332): invalid reply message
D/[BT3.0+HS]PAL(  332): 
E/wpa_supplicant( 1294): This is a Iphone softap!!!!!!! 
E/wpa_supplicant( 1294): This is a Iphone softap!!!!!!! 
E/wpa_supplicant( 1294): This is a Iphone softap!!!!!!! 
I/Netd    (  299): Get netlink event, ifname: wlan0 action: 4
I/Netd    (  299): Get netlink event, ifname: wlan0 action: 4
E/WifiConfigStore(  881):  rewrite network history for "chaozhouniurouwan"WPA_PSK
E/WifiStateMachine(  881): mIsFullScanOngoing: true, mSendScanResultsBroadcast: false
E/WifiStateMachine(  881): mWifiOnScanCount: 1321
I/libPerfService(  881): perfSetFavorPid - pid:17308, 439c
I/System.out(17308): isFirstLoc：true
I/System.out(17308): ******jscarlife*********************onReceiveLocation***************逆地理编码******
I/System.out(17308): open:http://api.map.baidu.com/sdkproxy/v2/lbs_androidsdk/geocoder/v2?location=22.577083074214418%2C114.0500041864299&coordtype=bd09ll&pois=1&output=json&from=android_map_sdk&latest_admin=0&token=4113DTKIb0b7eqvx7mztyYnn4qOxyrAWbB6IeY3UFkLi81L5fkwomAO1jp6hOpSqzwMIWdCs%2BOsmBqETEgiPU2bv1Eg4q8zQkSPXfwYb7WsxCkwztUJBjiMlV1gz%2BRLHjjHEd2C1Gjyd04dIh%2FZ66NXrMgB67Db3YmMntCoeIXXBFUfX8howSjyGiaA&pcn=com.jieshun.jslife&screen=1080%2C1920&cuid=686E53F3C8D0961EAD4B50E4D2258C2D%7C944874720008868&dpi=480%2C480&resid=02&appid=-1&mb=m2%20note&ctm=1532078352.597000&net=1&bduid=&channel=baidu&os=Android22&sv=4.5.2&sign=efe4abacb7d8d3f18f5b4c9a04694e6b
I/System.out(17308): [OkHttp] sendRequest>>
I/System.out(17308): [OkHttp] sendRequest<<
W/ContextImpl( 9304): Calling a method in the system process without a qualified user: android.app.ContextImpl.startService:1863 android.content.ContextWrapper.startService:516 android.content.ContextWrapper.startService:516 com.meizu.dataservice.ExperienceReceiver.a:-1 com.meizu.dataservice.ExperienceReceiver.onReceive:-1 
I/NetworkManagementSocketTagger(17308): untagSocket(158)
I/libPerfService(  881): perfSetFavorPid - pid:0, 0
I/EMDLOGGER1(  780): MD writer time out 10 sec.
I/SurfaceFlinger(  276): [Built-in Screen (type:0)] fps:1.007207,dur:1985.69,max:992.91,min:992.78
I/System.out(17308): isFirstLoc：true
I/System.out(17308): ******jscarlife*********************onReceiveLocation***************逆地理编码******
I/System.out(17308): open:http://api.map.baidu.com/sdkproxy/v2/lbs_androidsdk/geocoder/v2?location=22.577083074214418%2C114.0500041864299&coordtype=bd09ll&pois=1&output=json&from=android_map_sdk&latest_admin=0&token=4113DTKIb0b7eqvx7mztyYnn4qOxyrAWbB6IeY3UFkLi81L5fkwomAO1jp6hOpSqzwMIWdCs%2BOsmBqETEgiPU2bv1Eg4q8zQkSPXfwYb7WsxCkwztUJBjiMlV1gz%2BRLHjjHEd2C1Gjyd04dIh%2FZ66NXrMgB67Db3YmMntCoeIXXBFUfX8howSjyGiaA&pcn=com.jieshun.jslife&screen=1080%2C1920&cuid=686E53F3C8D0961EAD4B50E4D2258C2D%7C944874720008868&dpi=480%2C480&resid=02&appid=-1&mb=m2%20note&ctm=1532078356.502000&net=1&bduid=&channel=baidu&os=Android22&sv=4.5.2&sign=f793300620d54b1e105d89092655a628
I/System.out(17308): [OkHttp] sendRequest>>
I/System.out(17308): [OkHttp] sendRequest<<
I/NetworkManagementSocketTagger(17308): untagSocket(158)
I/SurfaceFlinger(  276): [Built-in Screen (type:0)] fps:1.999692,dur:1000.15,max:993.87,min:6.29
I/XMPP    (17308): 用户名或密码为空=============== userName=null
I/XMPP    (17308):  匿名转实名-----  实名登陆失败===============再次尝试登陆
I/XMPP    (17308): 匿名转实名登录失败！！！！！！！  休息========10000秒
I/AudioFlinger(  304): setParameters(): io 0, keyvalue mediaserver_monitor=1, calling pid 881
W/AudioALSAHardware(  304): setParameters(), still have param.size() = 1, remain param = "mediaserver_monitor=1"
I/str_params(  304): key: 'mediaserver_monitor' value: '1'
I/AudioPolicyManager(  304): setStreamVolumeIndex stream = 7 index = 15 device = 0x400
D/MDLOGGER_CLEAR_LOG(  780): mdlogger clearLog V4.W1442.1
I/MDLOGGER_CLEAR_LOG(  780): clearLogFolder /storage/sdcard0/mtklog/mdlog1 size is 42 M. Recycle size is 600 M,no need clear log
I/SurfaceFlinger(  276): [Built-in Screen (type:0)] fps:0.996988,dur:1003.02,max:1003.02,min:1003.02
I/SurfaceFlinger(  276): [Built-in Screen (type:0)] fps:1.994808,dur:1002.60,max:994.22,min:8.38
I/EMDLOGGER1(  780): MDL rate:28 KB/s, full count:0
I/thermal_repeater(  322): oh, queryMdThermalInfo (0)Bad file number
I/thermal_repeater(  322): [recvMdThermalInfo] ret=25, strLen=127,  1, 32767,,, -1, 32767, 2
D/EMDLOGGER1(  780): CTRL_reader: incoming SPLM req, msgid=6, token=0, result=0
I/EMDLOGGER1(  780): [MDLOG] [stats][buf] L1 : data:0x16bba last:0x5518da; (1, 0x3f28, 0x5518da)(3, 0x3ea, 0x5518cf)PS : data:0x4312 last:0x5518da; L2 : data:0x368c last:0x5518da; 
D/EMDLOGGER1(  780): CTRL_reader: incoming SPLM req, msgid=6, token=0, result=0
I/EMDLOGGER1(  780): [MDLOG] [stats][mux] MCU : data:0x228bb last:0x55180a; DSP : data:0x0 last:0x0; 
I/SurfaceFlinger(  276): [Built-in Screen (type:0)] fps:0.982238,dur:1018.08,max:1018.08,min:1018.08
W/MTKLogger(10981): Maybe device was updated from old version, change property to newer one
I/StorageManagerEx(10981): getInternalStoragePath from Property path=/storage/sdcard0
W/MTKLogger(10981): Maybe device was updated from old version, change property to newer one
I/StorageManagerEx(10981): getInternalStoragePath from Property path=/storage/sdcard0
I/System.out(17308): isFirstLoc：true
I/System.out(17308): ******jscarlife*********************onReceiveLocation***************逆地理编码******
I/System.out(17308): open:http://api.map.baidu.com/sdkproxy/v2/lbs_androidsdk/geocoder/v2?location=22.577083074214418%2C114.0500041864299&coordtype=bd09ll&pois=1&output=json&from=android_map_sdk&latest_admin=0&token=4113DTKIb0b7eqvx7mztyYnn4qOxyrAWbB6IeY3UFkLi81L5fkwomAO1jp6hOpSqzwMIWdCs%2BOsmBqETEgiPU2bv1Eg4q8zQkSPXfwYb7WsxCkwztUJBjiMlV1gz%2BRLHjjHEd2C1Gjyd04dIh%2FZ66NXrMgB67Db3YmMntCoeIXXBFUfX8howSjyGiaA&pcn=com.jieshun.jslife&screen=1080%2C1920&cuid=686E53F3C8D0961EAD4B50E4D2258C2D%7C944874720008868&dpi=480%2C480&resid=02&appid=-1&mb=m2%20note&ctm=1532078366.507000&net=1&bduid=&channel=baidu&os=Android22&sv=4.5.2&sign=373fcab004446d479f5d86a1d5ec3e4b
I/System.out(17308): [OkHttp] sendRequest>>
I/System.out(17308): [OkHttp] sendRequest<<
I/NetworkManagementSocketTagger(17308): untagSocket(158)
I/SurfaceFlinger(  276): [Built-in Screen (type:0)] fps:0.998379,dur:2003.25,max:1010.41,min:992.84
I/SurfaceFlinger(  276): [Built-in Screen (type:0)] fps:1.007223,dur:1985.66,max:992.85,min:992.80
I/thermal_repeater(  322): oh, queryMdThermalInfo (0)Bad file number
I/thermal_repeater(  322): [recvMdThermalInfo] ret=25, strLen=127,  1, 32767,,, -1, 32767, 2
D/[BT3.0+HS]PAL(  332): == chip_reset_fd is set ==
D/[BT3.0+HS]PAL(  332): 
D/[BT3.0+HS]PAL(  332): invalid reply message
D/[BT3.0+HS]PAL(  332): 
I/XMPP    (17308): 用户名或密码为空=============== userName=null
I/XMPP    (17308):  匿名转实名-----  实名登陆失败===============再次尝试登陆
I/XMPP    (17308): 匿名转实名登录失败！！！！！！！  休息========10000秒
I/AudioFlinger(  304): setParameters(): io 0, keyvalue mediaserver_monitor=1, calling pid 881
W/AudioALSAHardware(  304): setParameters(), still have param.size() = 1, remain param = "mediaserver_monitor=1"
I/str_params(  304): key: 'mediaserver_monitor' value: '1'
I/AudioPolicyManager(  304): setStreamVolumeIndex stream = 7 index = 15 device = 0x400
I/KeyguardUpdateMonitor( 1045): handleBatteryUpdate index=0 updateInteresting=false
I/BatteryConsumeMonitor( 1344): init var lastPlugType : 2 lastBatteryChangedLevel : 100
I/libPerfService(  881): perfSetFavorPid - pid:17308, 439c
I/QuenedWorkProxy( 8391): clean QuenedWork.sPendingWorkFinishers(185342190) size 0
I/libPerfService(  881): perfSetFavorPid - pid:0, 0
I/QuenedWorkProxy( 8391): clean QuenedWork.sPendingWorkFinishers(185342190) size 0
I/libPerfService(  881): perfSetFavorPid - pid:17308, 439c
I/SurfaceFlinger(  276): [Built-in Screen (type:0)] fps:0.524269,dur:3814.84,max:3800.14,min:14.70
I/EMDLOGGER1(  780): MD writer time out 10 sec.
I/thermal_repeater(  322): oh, queryMdThermalInfo (0)Bad file number
I/thermal_repeater(  322): [recvMdThermalInfo] ret=25, strLen=127,  1, 32767,,, -1, 32767, 2
D/[BT3.0+HS]PAL(  332): == chip_reset_fd is set ==
D/[BT3.0+HS]PAL(  332): 
D/[BT3.0+HS]PAL(  332): invalid reply message
D/[BT3.0+HS]PAL(  332): 
I/Netd    (  299): Get netlink event, ifname: wlan0 action: 4
D/[BT3.0+HS]PAL(  332): == chip_reset_fd is set ==
D/[BT3.0+HS]PAL(  332): 
D/[BT3.0+HS]PAL(  332): invalid reply message
D/[BT3.0+HS]PAL(  332): 
E/wpa_supplicant( 1294): This is a Iphone softap!!!!!!! 
I/Netd    (  299): Get netlink event, ifname: wlan0 action: 4
E/WifiConfigStore(  881):  rewrite network history for "chaozhouniurouwan"WPA_PSK
E/WifiStateMachine(  881): mIsFullScanOngoing: true, mSendScanResultsBroadcast: false
E/WifiStateMachine(  881): mWifiOnScanCount: 1322
I/System.out(17308): isFirstLoc：true
I/System.out(17308): ******jscarlife*********************onReceiveLocation***************逆地理编码******
I/System.out(17308): open:http://api.map.baidu.com/sdkproxy/v2/lbs_androidsdk/geocoder/v2?location=22.577083074214418%2C114.0500041864299&coordtype=bd09ll&pois=1&output=json&from=android_map_sdk&latest_admin=0&token=4113DTKIb0b7eqvx7mztyYnn4qOxyrAWbB6IeY3UFkLi81L5fkwomAO1jp6hOpSqzwMIWdCs%2BOsmBqETEgiPU2bv1Eg4q8zQkSPXfwYb7WsxCkwztUJBjiMlV1gz%2BRLHjjHEd2C1Gjyd04dIh%2FZ66NXrMgB67Db3YmMntCoeIXXBFUfX8howSjyGiaA&pcn=com.jieshun.jslife&screen=1080%2C1920&cuid=686E53F3C8D0961EAD4B50E4D2258C2D%7C944874720008868&dpi=480%2C480&resid=02&appid=-1&mb=m2%20note&ctm=1532078382.635000&net=1&bduid=&channel=baidu&os=Android22&sv=4.5.2&sign=a417e25e738fa30424e346d75a47a2c9
I/System.out(17308): [OkHttp] sendRequest>>
I/System.out(17308): [OkHttp] sendRequest<<
W/ContextImpl( 9304): Calling a method in the system process without a qualified user: android.app.ContextImpl.startService:1863 android.content.ContextWrapper.startService:516 android.content.ContextWrapper.startService:516 com.meizu.dataservice.ExperienceReceiver.a:-1 com.meizu.dataservice.ExperienceReceiver.onReceive:-1 
I/art     (  881): Background partial concurrent mark sweep GC freed 33303(3MB) AllocSpace objects, 2(200KB) LOS objects, 8% free, 43MB/47MB, paused 2.668ms total 247.050ms
I/libPerfService(  881): perfSetFavorPid - pid:0, 0
I/SurfaceFlinger(  276): [Built-in Screen (type:0)] fps:0.904041,dur:2212.29,max:2210.83,min:1.46
I/NetworkManagementSocketTagger(17308): untagSocket(158)
I/System.out(17308): isFirstLoc：true
I/System.out(17308): ******jscarlife*********************onReceiveLocation***************逆地理编码******
I/System.out(17308): open:http://api.map.baidu.com/sdkproxy/v2/lbs_androidsdk/geocoder/v2?location=22.577083074214418%2C114.0500041864299&coordtype=bd09ll&pois=1&output=json&from=android_map_sdk&latest_admin=0&token=4113DTKIb0b7eqvx7mztyYnn4qOxyrAWbB6IeY3UFkLi81L5fkwomAO1jp6hOpSqzwMIWdCs%2BOsmBqETEgiPU2bv1Eg4q8zQkSPXfwYb7WsxCkwztUJBjiMlV1gz%2BRLHjjHEd2C1Gjyd04dIh%2FZ66NXrMgB67Db3YmMntCoeIXXBFUfX8howSjyGiaA&pcn=com.jieshun.jslife&screen=1080%2C1920&cuid=686E53F3C8D0961EAD4B50E4D2258C2D%7C944874720008868&dpi=480%2C480&resid=02&appid=-1&mb=m2%20note&ctm=1532078386.499000&net=1&bduid=&channel=baidu&os=Android22&sv=4.5.2&sign=708f8cdb19a1ed9f54ce28aa24aa9d71
I/System.out(17308): [OkHttp] sendRequest>>
I/System.out(17308): [OkHttp] sendRequest<<
I/SurfaceFlinger(  276): [Built-in Screen (type:0)] fps:1.007183,dur:1985.74,max:992.89,min:992.84
I/NetworkManagementSocketTagger(17308): untagSocket(158)
I/SurfaceFlinger(  276): [Built-in Screen (type:0)] fps:1.882363,dur:1062.49,max:1057.30,min:5.20
D/EMDLOGGER1(  780): CTRL_reader: incoming SPLM req, msgid=6, token=0, result=0
I/EMDLOGGER1(  780): [MDLOG] [stats][buf] L1 : data:0x18758 last:0x5523cf; (1, 0x49a8, 0x5523cf)(3, 0x622, 0x5520e2)PS : data:0x4fca last:0x5523cf; L2 : data:0x3f48 last:0x5523cf; 
D/EMDLOGGER1(  780): CTRL_reader: incoming SPLM req, msgid=6, token=0, result=0
I/EMDLOGGER1(  780): [MDLOG] [stats][mux] MCU : data:0x26b03 last:0x5522b5; DSP : data:0x0 last:0x0; 
I/EMDLOGGER1(  780): MDL rate:31 KB/s, full count:0
I/thermal_repeater(  322): oh, queryMdThermalInfo (0)Bad file number
I/thermal_repeater(  322): [recvMdThermalInfo] ret=25, strLen=127,  1, 32767,,, -1, 32767, 2
I/SurfaceFlinger(  276): [Built-in Screen (type:0)] fps:1.016045,dur:1968.42,max:1010.34,min:958.08
I/System.out(17308): isFirstLoc：true
I/System.out(17308): ******jscarlife*********************onReceiveLocation***************逆地理编码******
I/System.out(17308): open:http://api.map.baidu.com/sdkproxy/v2/lbs_androidsdk/geocoder/v2?location=22.577083074214418%2C114.0500041864299&coordtype=bd09ll&pois=1&output=json&from=android_map_sdk&latest_admin=0&token=4113DTKIb0b7eqvx7mztyYnn4qOxyrAWbB6IeY3UFkLi81L5fkwomAO1jp6hOpSqzwMIWdCs%2BOsmBqETEgiPU2bv1Eg4q8zQkSPXfwYb7WsxCkwztUJBjiMlV1gz%2BRLHjjHEd2C1Gjyd04dIh%2FZ66NXrMgB67Db3YmMntCoeIXXBFUfX8howSjyGiaA&pcn=com.jieshun.jslife&screen=1080%2C1920&cuid=686E53F3C8D0961EAD4B50E4D2258C2D%7C944874720008868&dpi=480%2C480&resid=02&appid=-1&mb=m2%20note&ctm=1532078396.508000&net=1&bduid=&channel=baidu&os=Android22&sv=4.5.2&sign=d21bdc24601a41153f2425547df20294
I/System.out(17308): [OkHttp] sendRequest>>
I/System.out(17308): [OkHttp] sendRequest<<
I/XMPP    (17308): 用户名或密码为空=============== userName=null
I/XMPP    (17308):  匿名转实名-----  实名登陆失败===============再次尝试登陆
I/XMPP    (17308): 匿名转实名登录失败！！！！！！！  休息========10000秒
I/AudioFlinger(  304): setParameters(): io 0, keyvalue mediaserver_monitor=1, calling pid 881
W/AudioALSAHardware(  304): setParameters(), still have param.size() = 1, remain param = "mediaserver_monitor=1"
I/str_params(  304): key: 'mediaserver_monitor' value: '1'
I/AudioPolicyManager(  304): setStreamVolumeIndex stream = 7 index = 15 device = 0x400
I/NetworkManagementSocketTagger(17308): untagSocket(158)
I/SurfaceFlinger(  276): [Built-in Screen (type:0)] fps:0.667538,dur:2996.09,max:2003.00,min:993.09
W/Watchdog(  881): SWT Watchdog after wait current time:27905233
W/Watchdog(  881): **Get SF Time **1
W/Watchdog(  881): SWT Watchdog before synchronized:27905233
W/Watchdog(  881): SWT Watchdog after synchronized:27905233
W/Watchdog(  881): SWT Watchdog before wait timeout:30000
W/Watchdog(  881): SWT Watchdog before wait current time:27905233
W/Watchdog(  881): SWT Watchdog before wait start:27905233
W/Watchdog(  881): SWT Watchdog before wait CHECK_INTERVAL:30000
I/thermal_repeater(  322): oh, queryMdThermalInfo (0)Bad file number
I/thermal_repeater(  322): [recvMdThermalInfo] ret=25, strLen=127,  1, 32767,,, -1, 32767, 2
I/SurfaceFlinger(  276): [Built-in Screen (type:0)] fps:1.006841,dur:1986.41,max:993.55,min:992.86
I/SurfaceFlinger(  276): [Built-in Screen (type:0)] fps:1.883475,dur:1061.87,max:1049.13,min:12.74
D/[BT3.0+HS]PAL(  332): == chip_reset_fd is set ==
D/[BT3.0+HS]PAL(  332): 
D/[BT3.0+HS]PAL(  332): invalid reply message
D/[BT3.0+HS]PAL(  332): 
I/EMDLOGGER1(  780): MD writer time out 10 sec.
I/SurfaceFlinger(  276): [Built-in Screen (type:0)] fps:1.016073,dur:1968.36,max:1010.18,min:958.18
I/thermal_repeater(  322): oh, queryMdThermalInfo (0)Bad file number
I/thermal_repeater(  322): [recvMdThermalInfo] ret=25, strLen=127,  1, 32767,,, -1, 32767, 2
D/[BT3.0+HS]PAL(  332): == chip_reset_fd is set ==
D/[BT3.0+HS]PAL(  332): 
D/[BT3.0+HS]PAL(  332): invalid reply message
D/[BT3.0+HS]PAL(  332): 
D/[BT3.0+HS]PAL(  332): == chip_reset_fd is set ==
D/[BT3.0+HS]PAL(  332): 
D/[BT3.0+HS]PAL(  332): invalid reply message
D/[BT3.0+HS]PAL(  332): 
E/wpa_supplicant( 1294): This is a Iphone softap!!!!!!! 
E/wpa_supplicant( 1294): This is a Iphone softap!!!!!!! 
I/Netd    (  299): Get netlink event, ifname: wlan0 action: 4
I/Netd    (  299): Get netlink event, ifname: wlan0 action: 4
E/WifiConfigStore(  881):  rewrite network history for "chaozhouniurouwan"WPA_PSK
E/WifiStateMachine(  881): mIsFullScanOngoing: true, mSendScanResultsBroadcast: false
E/WifiStateMachine(  881): mWifiOnScanCount: 1323
I/libPerfService(  881): perfSetFavorPid - pid:17308, 439c
I/System.out(17308): isFirstLoc：true
I/System.out(17308): ******jscarlife*********************onReceiveLocation***************逆地理编码******
I/System.out(17308): open:http://api.map.baidu.com/sdkproxy/v2/lbs_androidsdk/geocoder/v2?location=22.577083074214418%2C114.0500041864299&coordtype=bd09ll&pois=1&output=json&from=android_map_sdk&latest_admin=0&token=4113DTKIb0b7eqvx7mztyYnn4qOxyrAWbB6IeY3UFkLi81L5fkwomAO1jp6hOpSqzwMIWdCs%2BOsmBqETEgiPU2bv1Eg4q8zQkSPXfwYb7WsxCkwztUJBjiMlV1gz%2BRLHjjHEd2C1Gjyd04dIh%2FZ66NXrMgB67Db3YmMntCoeIXXBFUfX8howSjyGiaA&pcn=com.jieshun.jslife&screen=1080%2C1920&cuid=686E53F3C8D0961EAD4B50E4D2258C2D%7C944874720008868&dpi=480%2C480&resid=02&appid=-1&mb=m2%20note&ctm=1532078412.467000&net=1&bduid=&channel=baidu&os=Android22&sv=4.5.2&sign=af08b7783fcd605ca15f7aa1a612c5c8
I/System.out(17308): [OkHttp] sendRequest>>
I/System.out(17308): [OkHttp] sendRequest<<
W/ContextImpl( 9304): Calling a method in the system process without a qualified user: android.app.ContextImpl.startService:1863 android.content.ContextWrapper.startService:516 android.content.ContextWrapper.startService:516 com.meizu.dataservice.ExperienceReceiver.a:-1 com.meizu.dataservice.ExperienceReceiver.onReceive:-1 
I/libPerfService(  881): perfSetFavorPid - pid:0, 0
I/SurfaceFlinger(  276): [Built-in Screen (type:0)] fps:0.989790,dur:2020.63,max:2018.75,min:1.88
D/EMDLOGGER1(  780): CTRL_reader: incoming SPLM req, msgid=6, token=0, result=0
I/EMDLOGGER1(  780): [MDLOG] [stats][buf] L1 : data:0x1474c last:0x552e16; (1, 0x4b54, 0x552e16)(3, 0x69b, 0x552c7b)PS : data:0x51ef last:0x552e16; L2 : data:0x3824 last:0x552e16; 
D/EMDLOGGER1(  780): CTRL_reader: incoming SPLM req, msgid=6, token=0, result=0
I/EMDLOGGER1(  780): [MDLOG] [stats][mux] MCU : data:0x2101d last:0x552d01; DSP : data:0x0 last:0x0; 
I/System.out(17308): isFirstLoc：true
I/System.out(17308): ******jscarlife*********************onReceiveLocation***************逆地理编码******
I/System.out(17308): open:http://api.map.baidu.com/sdkproxy/v2/lbs_androidsdk/geocoder/v2?location=22.577083074214418%2C114.0500041864299&coordtype=bd09ll&pois=1&output=json&from=android_map_sdk&latest_admin=0&token=4113DTKIb0b7eqvx7mztyYnn4qOxyrAWbB6IeY3UFkLi81L5fkwomAO1jp6hOpSqzwMIWdCs%2BOsmBqETEgiPU2bv1Eg4q8zQkSPXfwYb7WsxCkwztUJBjiMlV1gz%2BRLHjjHEd2C1Gjyd04dIh%2FZ66NXrMgB67Db3YmMntCoeIXXBFUfX8howSjyGiaA&pcn=com.jieshun.jslife&screen=1080%2C1920&cuid=686E53F3C8D0961EAD4B50E4D2258C2D%7C944874720008868&dpi=480%2C480&resid=02&appid=-1&mb=m2%20note&ctm=1532078416.525000&net=1&bduid=&channel=baidu&os=Android22&sv=4.5.2&sign=29f9b5f1acfb28e24d201461e9fc40a2
D/libc-netbsd(17308): [getaddrinfo]: hostname=api.map.baidu.com; servname=(null); cache_mode=(null), netid=0; mark=0
D/libc-netbsd(17308): [getaddrinfo]: ai_addrlen=0; ai_canonname=(null); ai_flags=4; ai_family=0
D/libc-netbsd(17308): [getaddrinfo]: hostname=api.map.baidu.com; servname=(null); cache_mode=(null), netid=0; mark=0
D/libc-netbsd(17308): [getaddrinfo]: ai_addrlen=0; ai_canonname=(null); ai_flags=1024; ai_family=0
D/libc-netbsd(  299): [getaddrinfo]: hostname=api.map.baidu.com; servname=(null); cache_mode=local, netid=104; mark=917608
D/libc-netbsd(  299): [getaddrinfo]: ai_addrlen=0; ai_canonname=(null); ai_flags=1024; ai_family=0
D/libc-netbsd(  299): default dns: query_ipv6=0, query_ipv4=1
D/libc-netbsd(  299): res_queryN name = api.map.baidu.com, class = 1, type = 1
D/libc-netbsd(  299): res_queryN name = api.map.baidu.com succeed
D/libc-netbsd(17308): getaddrinfo: api.map.baidu.com get result from proxy >>
I/System.out(17308): propertyValue:true
I/System.out(17308): [CDS]connect[api.map.baidu.com/106.39.162.84:80] tm:4
I/SurfaceFlinger(  276): [Built-in Screen (type:0)] fps:1.016089,dur:1968.33,max:992.85,min:975.48
I/XMPP    (17308): 用户名或密码为空=============== userName=null
I/XMPP    (17308):  匿名转实名-----  实名登陆失败===============再次尝试登陆
I/XMPP    (17308): 匿名转实名登录失败！！！！！！！  休息========10000秒
I/AudioFlinger(  304): setParameters(): io 0, keyvalue mediaserver_monitor=1, calling pid 881
W/AudioALSAHardware(  304): setParameters(), still have param.size() = 1, remain param = "mediaserver_monitor=1"
I/str_params(  304): key: 'mediaserver_monitor' value: '1'
I/AudioPolicyManager(  304): setStreamVolumeIndex stream = 7 index = 15 device = 0x400
I/NetworkManagementSocketTagger(17308): untagSocket(158)
I/System.out(17308): [OkHttp] sendRequest>>
I/System.out(17308): [OkHttp] sendRequest<<
D/MDLOGGER_CLEAR_LOG(  780): mdlogger clearLog V4.W1442.1
I/MDLOGGER_CLEAR_LOG(  780): clearLogFolder /storage/sdcard0/mtklog/mdlog1 size is 43 M. Recycle size is 600 M,no need clear log
I/SurfaceFlinger(  276): [Built-in Screen (type:0)] fps:1.882105,dur:1062.64,max:1059.72,min:2.92
I/EMDLOGGER1(  780): MDL rate:27 KB/s, full count:0
I/thermal_repeater(  322): oh, queryMdThermalInfo (0)Bad file number
I/thermal_repeater(  322): [recvMdThermalInfo] ret=25, strLen=127,  1, 32767,,, -1, 32767, 2
I/SurfaceFlinger(  276): [Built-in Screen (type:0)] fps:1.025094,dur:1951.04,max:992.78,min:958.26
I/SurfaceFlinger(  276): [Built-in Screen (type:0)] fps:1.998559,dur:1000.72,max:994.43,min:6.29
I/System.out(17308): isFirstLoc：true
I/System.out(17308): ******jscarlife*********************onReceiveLocation***************逆地理编码******
I/System.out(17308): open:http://api.map.baidu.com/sdkproxy/v2/lbs_androidsdk/geocoder/v2?location=22.577083074214418%2C114.0500041864299&coordtype=bd09ll&pois=1&output=json&from=android_map_sdk&latest_admin=0&token=4113DTKIb0b7eqvx7mztyYnn4qOxyrAWbB6IeY3UFkLi81L5fkwomAO1jp6hOpSqzwMIWdCs%2BOsmBqETEgiPU2bv1Eg4q8zQkSPXfwYb7WsxCkwztUJBjiMlV1gz%2BRLHjjHEd2C1Gjyd04dIh%2FZ66NXrMgB67Db3YmMntCoeIXXBFUfX8howSjyGiaA&pcn=com.jieshun.jslife&screen=1080%2C1920&cuid=686E53F3C8D0961EAD4B50E4D2258C2D%7C944874720008868&dpi=480%2C480&resid=02&appid=-1&mb=m2%20note&ctm=1532078426.510000&net=1&bduid=&channel=baidu&os=Android22&sv=4.5.2&sign=9461b26c5e74ff54ee7202b25163ea8d
I/System.out(17308): [OkHttp] sendRequest>>
I/System.out(17308): [OkHttp] sendRequest<<
I/System.out(17308): [CDS]EAGAIN in Recvfrom
I/System.out(17308): [CDS]read byte is 0
E/HttpClient(17308): Catch exception. INNER_ERROR
I/System.out(17308): [CDS]close[60772]
I/NetworkManagementSocketTagger(17308): untagSocket(72)
I/SurfaceFlinger(  276): [Built-in Screen (type:0)] fps:0.997681,dur:1002.32,max:1002.32,min:1002.32
I/SurfaceFlinger(  276): [Built-in Screen (type:0)] fps:1.995844,dur:1002.08,max:993.02,min:9.06
I/SurfaceFlinger(  276): [Built-in Screen (type:0)] fps:0.949372,dur:1053.33,max:1053.33,min:1053.33
I/thermal_repeater(  322): oh, queryMdThermalInfo (0)Bad file number
I/thermal_repeater(  322): [recvMdThermalInfo] ret=25, strLen=127,  1, 32767,,, -1, 32767, 2
I/EMDLOGGER1(  780): MD writer time out 10 sec.
I/NetworkManagementSocketTagger(17308): untagSocket(158)
I/SurfaceFlinger(  276): [Built-in Screen (type:0)] fps:1.016071,dur:1968.37,max:1010.13,min:958.23
D/[BT3.0+HS]PAL(  332): == chip_reset_fd is set ==
D/[BT3.0+HS]PAL(  332): 
D/[BT3.0+HS]PAL(  332): invalid reply message
D/[BT3.0+HS]PAL(  332): 
I/XMPP    (17308): 用户名或密码为空=============== userName=null
I/XMPP    (17308):  匿名转实名-----  实名登陆失败===============再次尝试登陆
I/XMPP    (17308): 匿名转实名登录失败！！！！！！！  休息========10000秒
I/AudioFlinger(  304): setParameters(): io 0, keyvalue mediaserver_monitor=1, calling pid 881
W/AudioALSAHardware(  304): setParameters(), still have param.size() = 1, remain param = "mediaserver_monitor=1"
I/str_params(  304): key: 'mediaserver_monitor' value: '1'
I/AudioPolicyManager(  304): setStreamVolumeIndex stream = 7 index = 15 device = 0x400
I/thermal_repeater(  322): oh, queryMdThermalInfo (0)Bad file number
I/thermal_repeater(  322): [recvMdThermalInfo] ret=25, strLen=127,  1, 32767,,, -1, 32767, 2
D/[BT3.0+HS]PAL(  332): == chip_reset_fd is set ==
D/[BT3.0+HS]PAL(  332): 
D/[BT3.0+HS]PAL(  332): invalid reply message
D/[BT3.0+HS]PAL(  332): 
I/Netd    (  299): Get netlink event, ifname: wlan0 action: 4
D/[BT3.0+HS]PAL(  332): == chip_reset_fd is set ==
D/[BT3.0+HS]PAL(  332): 
D/[BT3.0+HS]PAL(  332): invalid reply message
D/[BT3.0+HS]PAL(  332): 
I/Netd    (  299): Get netlink event, ifname: wlan0 action: 4
E/wpa_supplicant( 1294): This is a Iphone softap!!!!!!! 
E/wpa_supplicant( 1294): This is a Iphone softap!!!!!!! 
E/wpa_supplicant( 1294): This is a Iphone softap!!!!!!! 
E/WifiConfigStore(  881):  rewrite network history for "chaozhouniurouwan"WPA_PSK
E/WifiStateMachine(  881): mIsFullScanOngoing: true, mSendScanResultsBroadcast: false
E/WifiStateMachine(  881): mWifiOnScanCount: 1324
I/libPerfService(  881): perfSetFavorPid - pid:17308, 439c
I/System.out(17308): isFirstLoc：true
I/System.out(17308): ******jscarlife*********************onReceiveLocation***************逆地理编码******
I/System.out(17308): open:http://api.map.baidu.com/sdkproxy/v2/lbs_androidsdk/geocoder/v2?location=22.577083074214418%2C114.0500041864299&coordtype=bd09ll&pois=1&output=json&from=android_map_sdk&latest_admin=0&token=4113DTKIb0b7eqvx7mztyYnn4qOxyrAWbB6IeY3UFkLi81L5fkwomAO1jp6hOpSqzwMIWdCs%2BOsmBqETEgiPU2bv1Eg4q8zQkSPXfwYb7WsxCkwztUJBjiMlV1gz%2BRLHjjHEd2C1Gjyd04dIh%2FZ66NXrMgB67Db3YmMntCoeIXXBFUfX8howSjyGiaA&pcn=com.jieshun.jslife&screen=1080%2C1920&cuid=686E53F3C8D0961EAD4B50E4D2258C2D%7C944874720008868&dpi=480%2C480&resid=02&appid=-1&mb=m2%20note&ctm=1532078442.601000&net=1&bduid=&channel=baidu&os=Android22&sv=4.5.2&sign=c4b59b4c2d8012f21110006599b14281
I/System.out(17308): [OkHttp] sendRequest>>
I/System.out(17308): [OkHttp] sendRequest<<
I/art     (  881): Background sticky concurrent mark sweep GC freed 28248(3MB) AllocSpace objects, 0(0B) LOS objects, 4% free, 43MB/45MB, paused 8.908ms total 78.551ms
W/ContextImpl( 9304): Calling a method in the system process without a qualified user: android.app.ContextImpl.startService:1863 android.content.ContextWrapper.startService:516 android.content.ContextWrapper.startService:516 com.meizu.dataservice.ExperienceReceiver.a:-1 com.meizu.dataservice.ExperienceReceiver.onReceive:-1 
I/libPerfService(  881): perfSetFavorPid - pid:0, 0
I/SurfaceFlinger(  276): [Built-in Screen (type:0)] fps:0.501385,dur:3988.95,max:2995.71,min:993.24
I/NetworkManagementSocketTagger(17308): untagSocket(158)
D/EMDLOGGER1(  780): CTRL_reader: incoming SPLM req, msgid=6, token=0, result=0
I/EMDLOGGER1(  780): [MDLOG] [stats][buf] L1 : data:0x18752 last:0x553924; (1, 0x5a14, 0x553924)(3, 0x91a, 0x55384e)PS : data:0x632e last:0x553924; L2 : data:0x4490 last:0x553924; 
D/EMDLOGGER1(  780): CTRL_reader: incoming SPLM req, msgid=6, token=0, result=0
I/EMDLOGGER1(  780): [MDLOG] [stats][mux] MCU : data:0x24329 last:0x55380a; DSP : data:0x0 last:0x0; 
I/SurfaceFlinger(  276): [Built-in Screen (type:0)] fps:0.972914,dur:1027.84,max:1027.84,min:1027.84
I/System.out(17308): isFirstLoc：true
I/System.out(17308): ******jscarlife*********************onReceiveLocation***************逆地理编码******
I/System.out(17308): open:http://api.map.baidu.com/sdkproxy/v2/lbs_androidsdk/geocoder/v2?location=22.577083074214418%2C114.0500041864299&coordtype=bd09ll&pois=1&output=json&from=android_map_sdk&latest_admin=0&token=4113DTKIb0b7eqvx7mztyYnn4qOxyrAWbB6IeY3UFkLi81L5fkwomAO1jp6hOpSqzwMIWdCs%2BOsmBqETEgiPU2bv1Eg4q8zQkSPXfwYb7WsxCkwztUJBjiMlV1gz%2BRLHjjHEd2C1Gjyd04dIh%2FZ66NXrMgB67Db3YmMntCoeIXXBFUfX8howSjyGiaA&pcn=com.jieshun.jslife&screen=1080%2C1920&cuid=686E53F3C8D0961EAD4B50E4D2258C2D%7C944874720008868&dpi=480%2C480&resid=02&appid=-1&mb=m2%20note&ctm=1532078446.502000&net=1&bduid=&channel=baidu&os=Android22&sv=4.5.2&sign=c53c5b087fdd03dde25b38c56839685b
I/System.out(17308): [OkHttp] sendRequest>>
I/System.out(17308): [OkHttp] sendRequest<<
I/NetworkManagementSocketTagger(17308): untagSocket(158)
I/SurfaceFlinger(  276): [Built-in Screen (type:0)] fps:1.007141,dur:1985.82,max:992.97,min:992.85
I/EMDLOGGER1(  780): MDL rate:29 KB/s, full count:0
I/thermal_repeater(  322): oh, queryMdThermalInfo (0)Bad file number
I/thermal_repeater(  322): [recvMdThermalInfo] ret=25, strLen=127,  1, 32767,,, -1, 32767, 2
I/SurfaceFlinger(  276): [Built-in Screen (type:0)] fps:1.494738,dur:2007.04,max:1011.31,min:2.78
I/SurfaceFlinger(  276): [Built-in Screen (type:0)] fps:0.993658,dur:1006.38,max:1006.38,min:1006.38
I/System.out(17308): isFirstLoc：true
I/System.out(17308): ******jscarlife*********************onReceiveLocation***************逆地理编码******
I/System.out(17308): open:http://api.map.baidu.com/sdkproxy/v2/lbs_androidsdk/geocoder/v2?location=22.577083074214418%2C114.0500041864299&coordtype=bd09ll&pois=1&output=json&from=android_map_sdk&latest_admin=0&token=4113DTKIb0b7eqvx7mztyYnn4qOxyrAWbB6IeY3UFkLi81L5fkwomAO1jp6hOpSqzwMIWdCs%2BOsmBqETEgiPU2bv1Eg4q8zQkSPXfwYb7WsxCkwztUJBjiMlV1gz%2BRLHjjHEd2C1Gjyd04dIh%2FZ66NXrMgB67Db3YmMntCoeIXXBFUfX8howSjyGiaA&pcn=com.jieshun.jslife&screen=1080%2C1920&cuid=686E53F3C8D0961EAD4B50E4D2258C2D%7C944874720008868&dpi=480%2C480&resid=02&appid=-1&mb=m2%20note&ctm=1532078456.514000&net=1&bduid=&channel=baidu&os=Android22&sv=4.5.2&sign=e82f552793d70a894eee0e3b2302b076
I/System.out(17308): [OkHttp] sendRequest>>
I/System.out(17308): [OkHttp] sendRequest<<
I/NetworkManagementSocketTagger(17308): untagSocket(158)
I/XMPP    (17308): 用户名或密码为空=============== userName=null
I/XMPP    (17308):  匿名转实名-----  实名登陆失败===============再次尝试登陆
I/XMPP    (17308): 匿名转实名登录失败！！！！！！！  休息========10000秒
I/AudioFlinger(  304): setParameters(): io 0, keyvalue mediaserver_monitor=1, calling pid 881
W/AudioALSAHardware(  304): setParameters(), still have param.size() = 1, remain param = "mediaserver_monitor=1"
I/str_params(  304): key: 'mediaserver_monitor' value: '1'
I/AudioPolicyManager(  304): setStreamVolumeIndex stream = 7 index = 15 device = 0x400
I/SurfaceFlinger(  276): [Built-in Screen (type:0)] fps:1.007164,dur:1985.77,max:993.05,min:992.72
I/libPerfService(  881): perfSetFavorPid - pid:17308, 439c
W/Watchdog(  881): SWT Watchdog after wait current time:27935233
W/Watchdog(  881): **Get SF Time **1
W/Watchdog(  881): SWT Watchdog before synchronized:27935234
W/Watchdog(  881): SWT Watchdog after synchronized:27935234
W/Watchdog(  881): SWT Watchdog before wait timeout:30000
W/Watchdog(  881): SWT Watchdog before wait current time:27935234
W/Watchdog(  881): SWT Watchdog before wait start:27935234
W/Watchdog(  881): SWT Watchdog before wait CHECK_INTERVAL:30000
I/libPerfService(  881): perfSetFavorPid - pid:0, 0
I/EMDLOGGER1(  780): MD writer time out 10 sec.
I/thermal_repeater(  322): oh, queryMdThermalInfo (0)Bad file number
I/thermal_repeater(  322): [recvMdThermalInfo] ret=25, strLen=127,  1, 32767,,, -1, 32767, 2
I/SurfaceFlinger(  276): [Built-in Screen (type:0)] fps:1.510055,dur:1986.68,max:1001.58,min:42.03
I/SurfaceFlinger(  276): [Built-in Screen (type:0)] fps:1.962020,dur:1019.36,max:992.04,min:27.32
D/[BT3.0+HS]PAL(  332): == chip_reset_fd is set ==
D/[BT3.0+HS]PAL(  332): 
D/[BT3.0+HS]PAL(  332): invalid reply message
D/[BT3.0+HS]PAL(  332): 
I/SurfaceFlinger(  276): [Built-in Screen (type:0)] fps:0.965844,dur:1035.36,max:1035.36,min:1035.36
I/SurfaceFlinger(  276): [Built-in Screen (type:0)] fps:1.990491,dur:1004.78,max:992.79,min:11.99
I/EMDLOGGER1(  780): MDL rate:31 KB/s, full count:0
D/EMDLOGGER1(  780): CTRL_reader: incoming SPLM req, msgid=6, token=0, result=0
I/EMDLOGGER1(  780): [MDLOG] [stats][buf] L1 : data:0x1686e last:0x5543ce; (1, 0x3d98, 0x5543ce)(3, 0x3a3, 0x553ff8)PS : data:0x413b last:0x5543ce; L2 : data:0x43a4 last:0x5543ce; 
D/EMDLOGGER1(  780): CTRL_reader: incoming SPLM req, msgid=6, token=0, result=0
I/EMDLOGGER1(  780): [MDLOG] [stats][mux] MCU : data:0x2628f last:0x5542b4; DSP : data:0x0 last:0x0; 
I/thermal_repeater(  322): oh, queryMdThermalInfo (0)Bad file number
I/thermal_repeater(  322): [recvMdThermalInfo] ret=25, strLen=127,  1, 32767,,, -1, 32767, 2
D/[BT3.0+HS]PAL(  332): == chip_reset_fd is set ==
D/[BT3.0+HS]PAL(  332): 
D/[BT3.0+HS]PAL(  332): invalid reply message
D/[BT3.0+HS]PAL(  332): 
I/Netd    (  299): Get netlink event, ifname: wlan0 action: 4
D/[BT3.0+HS]PAL(  332): == chip_reset_fd is set ==
D/[BT3.0+HS]PAL(  332): 
D/[BT3.0+HS]PAL(  332): invalid reply message
D/[BT3.0+HS]PAL(  332): 
I/Netd    (  299): Get netlink event, ifname: wlan0 action: 4
E/wpa_supplicant( 1294): This is a Iphone softap!!!!!!! 
E/wpa_supplicant( 1294): This is a Iphone softap!!!!!!! 
E/wpa_supplicant( 1294): This is a Iphone softap!!!!!!! 
E/wpa_supplicant( 1294): This is a Iphone softap!!!!!!! 
E/WifiConfigStore(  881):  rewrite network history for "chaozhouniurouwan"WPA_PSK
E/WifiStateMachine(  881): mIsFullScanOngoing: true, mSendScanResultsBroadcast: false
E/WifiStateMachine(  881): mWifiOnScanCount: 1325
I/libPerfService(  881): perfSetFavorPid - pid:17308, 439c
I/art     (  881): Background sticky concurrent mark sweep GC freed 14160(2MB) AllocSpace objects, 0(0B) LOS objects, 4% free, 44MB/45MB, paused 5.676ms total 44.048ms
I/System.out(17308): isFirstLoc：true
I/System.out(17308): ******jscarlife*********************onReceiveLocation***************逆地理编码******
I/System.out(17308): open:http://api.map.baidu.com/sdkproxy/v2/lbs_androidsdk/geocoder/v2?location=22.577083074214418%2C114.0500041864299&coordtype=bd09ll&pois=1&output=json&from=android_map_sdk&latest_admin=0&token=4113DTKIb0b7eqvx7mztyYnn4qOxyrAWbB6IeY3UFkLi81L5fkwomAO1jp6hOpSqzwMIWdCs%2BOsmBqETEgiPU2bv1Eg4q8zQkSPXfwYb7WsxCkwztUJBjiMlV1gz%2BRLHjjHEd2C1Gjyd04dIh%2FZ66NXrMgB67Db3YmMntCoeIXXBFUfX8howSjyGiaA&pcn=com.jieshun.jslife&screen=1080%2C1920&cuid=686E53F3C8D0961EAD4B50E4D2258C2D%7C944874720008868&dpi=480%2C480&resid=02&appid=-1&mb=m2%20note&ctm=1532078412.650000&net=1&bduid=&channel=baidu&os=Android22&sv=4.5.2&sign=c6f9ac5a61b10fa3e5840e96b7e68f78
I/System.out(17308): [OkHttp] sendRequest>>
I/System.out(17308): [OkHttp] sendRequest<<
W/ContextImpl( 9304): Calling a method in the system process without a qualified user: android.app.ContextImpl.startService:1863 android.content.ContextWrapper.startService:516 android.content.ContextWrapper.startService:516 com.meizu.dataservice.ExperienceReceiver.a:-1 com.meizu.dataservice.ExperienceReceiver.onReceive:-1 
I/NetworkManagementSocketTagger(17308): untagSocket(158)
I/libPerfService(  881): perfSetFavorPid - pid:0, 0
I/SurfaceFlinger(  276): [Built-in Screen (type:0)] fps:0.502249,dur:1991.04,max:1991.04,min:1991.04
I/System.out(17308): isFirstLoc：true
I/System.out(17308): ******jscarlife*********************onReceiveLocation***************逆地理编码******
I/System.out(17308): open:http://api.map.baidu.com/sdkproxy/v2/lbs_androidsdk/geocoder/v2?location=22.577083074214418%2C114.0500041864299&coordtype=bd09ll&pois=1&output=json&from=android_map_sdk&latest_admin=0&token=4113DTKIb0b7eqvx7mztyYnn4qOxyrAWbB6IeY3UFkLi81L5fkwomAO1jp6hOpSqzwMIWdCs%2BOsmBqETEgiPU2bv1Eg4q8zQkSPXfwYb7WsxCkwztUJBjiMlV1gz%2BRLHjjHEd2C1Gjyd04dIh%2FZ66NXrMgB67Db3YmMntCoeIXXBFUfX8howSjyGiaA&pcn=com.jieshun.jslife&screen=1080%2C1920&cuid=686E53F3C8D0961EAD4B50E4D2258C2D%7C944874720008868&dpi=480%2C480&resid=02&appid=-1&mb=m2%20note&ctm=1532078416.504000&net=1&bduid=&channel=baidu&os=Android22&sv=4.5.2&sign=5813ff175ffdb79183dc9fc68083703c
I/System.out(17308): [OkHttp] sendRequest>>
I/System.out(17308): [OkHttp] sendRequest<<
I/NetworkManagementSocketTagger(17308): untagSocket(158)
I/XMPP    (17308): 用户名或密码为空=============== userName=null
I/XMPP    (17308):  匿名转实名-----  实名登陆失败===============再次尝试登陆
I/XMPP    (17308): 匿名转实名登录失败！！！！！！！  休息========10000秒
I/AudioFlinger(  304): setParameters(): io 0, keyvalue mediaserver_monitor=1, calling pid 881
W/AudioALSAHardware(  304): setParameters(), still have param.size() = 1, remain param = "mediaserver_monitor=1"
I/str_params(  304): key: 'mediaserver_monitor' value: '1'
I/AudioPolicyManager(  304): setStreamVolumeIndex stream = 7 index = 15 device = 0x400
I/SurfaceFlinger(  276): [Built-in Screen (type:0)] fps:1.471965,dur:2038.09,max:1047.44,min:13.89
D/MDLOGGER_CLEAR_LOG(  780): mdlogger clearLog V4.W1442.1
I/MDLOGGER_CLEAR_LOG(  780): clearLogFolder /storage/sdcard0/mtklog/mdlog1 size is 43 M. Recycle size is 600 M,no need clear log
I/thermal_repeater(  322): oh, queryMdThermalInfo (0)Bad file number
I/thermal_repeater(  322): [recvMdThermalInfo] ret=25, strLen=127,  1, 32767,,, -1, 32767, 2
W/MTKLogger(10981): Maybe device was updated from old version, change property to newer one
I/StorageManagerEx(10981): getInternalStoragePath from Property path=/storage/sdcard0
W/MTKLogger(10981): Maybe device was updated from old version, change property to newer one
I/StorageManagerEx(10981): getInternalStoragePath from Property path=/storage/sdcard0
I/SurfaceFlinger(  276): [Built-in Screen (type:0)] fps:0.501381,dur:3988.98,max:3013.49,min:975.49
I/System.out(17308): isFirstLoc：true
I/System.out(17308): ******jscarlife*********************onReceiveLocation***************逆地理编码******
I/System.out(17308): open:http://api.map.baidu.com/sdkproxy/v2/lbs_androidsdk/geocoder/v2?location=22.577083074214418%2C114.0500041864299&coordtype=bd09ll&pois=1&output=json&from=android_map_sdk&latest_admin=0&token=4113DTKIb0b7eqvx7mztyYnn4qOxyrAWbB6IeY3UFkLi81L5fkwomAO1jp6hOpSqzwMIWdCs%2BOsmBqETEgiPU2bv1Eg4q8zQkSPXfwYb7WsxCkwztUJBjiMlV1gz%2BRLHjjHEd2C1Gjyd04dIh%2FZ66NXrMgB67Db3YmMntCoeIXXBFUfX8howSjyGiaA&pcn=com.jieshun.jslife&screen=1080%2C1920&cuid=686E53F3C8D0961EAD4B50E4D2258C2D%7C944874720008868&dpi=480%2C480&resid=02&appid=-1&mb=m2%20note&ctm=1532078426.514000&net=1&bduid=&channel=baidu&os=Android22&sv=4.5.2&sign=d09817d173d6e8c3fb5c7a67fac414ff
I/System.out(17308): [OkHttp] sendRequest>>
I/System.out(17308): [OkHttp] sendRequest<<
I/EMDLOGGER1(  780): MD writer time out 10 sec.
I/thermal_repeater(  322): oh, queryMdThermalInfo (0)Bad file number
I/thermal_repeater(  322): [recvMdThermalInfo] ret=25, strLen=127,  1, 32767,,, -1, 32767, 2
I/System.out(17308): [CDS]EAGAIN in Recvfrom
I/System.out(17308): [CDS]read byte is 0
I/System.out(17308): Close in OkHttp
I/System.out(17308): [CDS]close[36340]
I/NetworkManagementSocketTagger(17308): untagSocket(158)
D/libc-netbsd(17308): [getaddrinfo]: hostname=api.map.baidu.com; servname=(null); cache_mode=(null), netid=0; mark=0
D/libc-netbsd(17308): [getaddrinfo]: ai_addrlen=0; ai_canonname=(null); ai_flags=4; ai_family=0
D/libc-netbsd(17308): [getaddrinfo]: hostname=api.map.baidu.com; servname=(null); cache_mode=(null), netid=0; mark=0
D/libc-netbsd(17308): [getaddrinfo]: ai_addrlen=0; ai_canonname=(null); ai_flags=1024; ai_family=0
D/libc-netbsd(  299): [getaddrinfo]: hostname=api.map.baidu.com; servname=(null); cache_mode=local, netid=104; mark=917608
D/libc-netbsd(  299): [getaddrinfo]: ai_addrlen=0; ai_canonname=(null); ai_flags=1024; ai_family=0
D/libc-netbsd(  299): default dns: query_ipv6=0, query_ipv4=1
D/libc-netbsd(  299): res_queryN name = api.map.baidu.com, class = 1, type = 1
D/libc-netbsd(  299): res_queryN name = api.map.baidu.com succeed
D/libc-netbsd(17308): getaddrinfo: api.map.baidu.com get result from proxy >>
I/System.out(17308): propertyValue:true
I/System.out(17308): [CDS]connect[api.map.baidu.com/106.39.162.84:80] tm:4
I/SurfaceFlinger(  276): [Built-in Screen (type:0)] fps:0.200029,dur:4999.28,max:4999.28,min:4999.28
D/[BT3.0+HS]PAL(  332): == chip_reset_fd is set ==
D/[BT3.0+HS]PAL(  332): 
D/[BT3.0+HS]PAL(  332): invalid reply message
D/[BT3.0+HS]PAL(  332): 
I/XMPP    (17308): 用户名或密码为空=============== userName=null
I/XMPP    (17308):  匿名转实名-----  实名登陆失败===============再次尝试登陆
I/XMPP    (17308): 匿名转实名登录失败！！！！！！！  休息========10000秒
I/AudioFlinger(  304): setParameters(): io 0, keyvalue mediaserver_monitor=1, calling pid 881
W/AudioALSAHardware(  304): setParameters(), still have param.size() = 1, remain param = "mediaserver_monitor=1"
I/str_params(  304): key: 'mediaserver_monitor' value: '1'
I/AudioPolicyManager(  304): setStreamVolumeIndex stream = 7 index = 15 device = 0x400
D/EMDLOGGER1(  780): CTRL_reader: incoming SPLM req, msgid=6, token=0, result=0
I/EMDLOGGER1(  780): [MDLOG] [stats][buf] L1 : data:0x1cdf6 last:0x554e79; (1, 0x50c4, 0x554e79)(3, 0x69b, 0x554bb7)PS : data:0x575f last:0x554e79; L2 : data:0x49c4 last:0x554e79; 
D/EMDLOGGER1(  780): CTRL_reader: incoming SPLM req, msgid=6, token=0, result=0
I/EMDLOGGER1(  780): [MDLOG] [stats][mux] MCU : data:0x29b57 last:0x554d5e; DSP : data:0x0 last:0x0; 
I/SurfaceFlinger(  276): [Built-in Screen (type:0)] fps:1.007169,dur:1985.76,max:992.97,min:992.79
I/System.out(17308): [OkHttp] sendRequest>>
I/System.out(17308): [OkHttp] sendRequest<<
I/EMDLOGGER1(  780): MDL rate:34 KB/s, full count:0
I/NetworkManagementSocketTagger(17308): untagSocket(72)
I/thermal_repeater(  322): oh, queryMdThermalInfo (0)Bad file number
I/thermal_repeater(  322): [recvMdThermalInfo] ret=25, strLen=127,  1, 32767,,, -1, 32767, 2
D/[BT3.0+HS]PAL(  332): == chip_reset_fd is set ==
D/[BT3.0+HS]PAL(  332): 
D/[BT3.0+HS]PAL(  332): invalid reply message
D/[BT3.0+HS]PAL(  332): 
D/[BT3.0+HS]PAL(  332): == chip_reset_fd is set ==
D/[BT3.0+HS]PAL(  332): 
D/[BT3.0+HS]PAL(  332): invalid reply message
D/[BT3.0+HS]PAL(  332): 
I/Netd    (  299): Get netlink event, ifname: wlan0 action: 4
I/Netd    (  299): Get netlink event, ifname: wlan0 action: 4
E/wpa_supplicant( 1294): This is a Iphone softap!!!!!!! 
E/wpa_supplicant( 1294): This is a Iphone softap!!!!!!! 
E/wpa_supplicant( 1294): This is a Iphone softap!!!!!!! 
E/WifiConfigStore(  881):  rewrite network history for "chaozhouniurouwan"WPA_PSK
E/WifiStateMachine(  881): mIsFullScanOngoing: true, mSendScanResultsBroadcast: false
E/WifiStateMachine(  881): mWifiOnScanCount: 1326
I/libPerfService(  881): perfSetFavorPid - pid:17308, 439c
I/art     (  881): Background sticky concurrent mark sweep GC freed 16130(2MB) AllocSpace objects, 0(0B) LOS objects, 3% free, 44MB/45MB, paused 5.431ms total 73.098ms
W/ContextImpl( 9304): Calling a method in the system process without a qualified user: android.app.ContextImpl.startService:1863 android.content.ContextWrapper.startService:516 android.content.ContextWrapper.startService:516 com.meizu.dataservice.ExperienceReceiver.a:-1 com.meizu.dataservice.ExperienceReceiver.onReceive:-1 
I/NetworkManagementSocketTagger(17481): untagSocket(53)
I/NetworkManagementSocketTagger(17481): untagSocket(53)
I/NetworkManagementSocketTagger(17481): untagSocket(53)
I/NetworkManagementSocketTagger(17481): untagSocket(53)
I/NetworkManagementSocketTagger(17481): untagSocket(53)
I/NetworkManagementSocketTagger(17481): untagSocket(53)
I/NetworkManagementSocketTagger(17481): untagSocket(53)
I/NetworkManagementSocketTagger(17481): untagSocket(53)
I/NetworkManagementSocketTagger(17481): untagSocket(53)
I/NetworkManagementSocketTagger(17481): untagSocket(53)
I/NetworkManagementSocketTagger(17481): untagSocket(53)
I/System.out(17481): open:https://loc.map.baidu.com/sdk.php
I/System.out(17481): Close in OkHttp
I/System.out(17481): [CDS]close[54012]
I/NetworkManagementSocketTagger(17481): untagSocket(45)
D/libc-netbsd(17481): [getaddrinfo]: hostname=loc.map.baidu.com; servname=(null); cache_mode=(null), netid=0; mark=0
D/libc-netbsd(17481): [getaddrinfo]: ai_addrlen=0; ai_canonname=(null); ai_flags=4; ai_family=0
D/libc-netbsd(17481): [getaddrinfo]: hostname=loc.map.baidu.com; servname=(null); cache_mode=(null), netid=0; mark=0
D/libc-netbsd(17481): [getaddrinfo]: ai_addrlen=0; ai_canonname=(null); ai_flags=1024; ai_family=0
D/libc-netbsd(  299): [getaddrinfo]: hostname=loc.map.baidu.com; servname=(null); cache_mode=local, netid=104; mark=917608
D/libc-netbsd(  299): [getaddrinfo]: ai_addrlen=0; ai_canonname=(null); ai_flags=1024; ai_family=0
D/libc-netbsd(  299): default dns: query_ipv6=0, query_ipv4=1
D/libc-netbsd(  299): res_queryN name = loc.map.baidu.com, class = 1, type = 1
D/libc-netbsd(  299): res_queryN name = loc.map.baidu.com succeed
D/libc-netbsd(17481): getaddrinfo: loc.map.baidu.com get result from proxy >>
I/System.out(17481): propertyValue:true
I/System.out(17481): [CDS]connect[loc.map.baidu.com/14.215.177.33:443] tm:12
D/libc-netbsd(17481): [getaddrinfo]: hostname=loc.map.baidu.com; servname=(null); cache_mode=(null), netid=0; mark=0
D/libc-netbsd(17481): [getaddrinfo]: ai_addrlen=0; ai_canonname=(null); ai_flags=4; ai_family=0
I/System.out(17481): gba_cipher_suite:TLS_ECDHE_RSA_WITH_AES_128_GCM_SHA256
I/System.out(17481): [OkHttp] sendRequest>>
