E/wpa_supplicant( 1294): This is a Iphone softap!!!!!!! 
E/WifiConfigStore(  881):  rewrite network history for "chaozhouniurouwan"WPA_PSK
E/WifiStateMachine(  881): mIsFullScanOngoing: true, mSendScanResultsBroadcast: false
E/WifiStateMachine(  881): mWifiOnScanCount: 1187
I/libPerfService(  881): perfSetFavorPid - pid:9685, 25d5
I/System.out( 9685): isFirstLocfalse
I/art     ( 9874): Background sticky concurrent mark sweep GC freed 50058(1989KB) AllocSpace objects, 0(0B) LOS objects, 9% free, 18MB/20MB, paused 5.425ms total 48.235ms
W/ContextImpl( 9304): Calling a method in the system process without a qualified user: android.app.ContextImpl.startService:1863 android.content.ContextWrapper.startService:516 android.content.ContextWrapper.startService:516 com.meizu.dataservice.ExperienceReceiver.a:-1 com.meizu.dataservice.ExperienceReceiver.onReceive:-1 
D/MDLOGGER_CLEAR_LOG(  780): mdlogger clearLog V4.W1442.1
I/MDLOGGER_CLEAR_LOG(  780): clearLogFolder /storage/sdcard0/mtklog/mdlog1 size is 13 M. Recycle size is 600 M,no need clear log
E/memtrack(13399): Couldn't load memtrack module (No such file or directory)
E/android.os.Debug(13399): failed to load memtrack module: -2
W/ADB_SERVICES(16908): create_local_service_socket() name=shell:cat /proc/meminfo
W/ADB_SERVICES(16908): service_to_fd() name=shell:cat /proc/meminfo
W/ADB_SERVICES(16908): read_meminfo() mem_free=37064
W/ADB_SERVICES(16908): create_subproc ret_fd=18 pid=13417
W/ADB_SERVICES(16908): LS(1569): bound to 'shell:cat /proc/meminfo' via 18
W/ADB_SERVICES(13417): adb: unable to update oom_score_adj
W/ADB_SERVICES(16908): entered. LS(1569) fd=18
W/ADB_SERVICES(16908): entered. LS(1568) fd=17
W/MTKLogger(10981): Maybe device was updated from old version, change property to newer one
I/StorageManagerEx(10981): getInternalStoragePath from Property path=/storage/sdcard0
W/MTKLogger(10981): Maybe device was updated from old version, change property to newer one
I/StorageManagerEx(10981): getInternalStoragePath from Property path=/storage/sdcard0
I/System.out( 9685): isFirstLocfalse
I/libPerfService(  881): perfSetFavorPid - pid:0, 0
I/SurfaceFlinger(  276): [Built-in Screen (type:0)] fps:0.439850,dur:4547.01,max:4544.76,min:2.24
I/SurfaceFlinger(  276): [Built-in Screen (type:0)] fps:0.990106,dur:1009.99,max:1009.99,min:1009.99
I/thermal_repeater(  322): oh, queryMdThermalInfo (0)Bad file number
I/thermal_repeater(  322): [recvMdThermalInfo] ret=25, strLen=127,  1, 32767,,, -1, 32767, 2
I/EMDLOGGER1(  780): MD writer time out 10 sec.
I/System.out( 9685): isFirstLocfalse
I/BatteryConsumeMonitor( 1344): init var lastPlugType : 2 lastBatteryChangedLevel : 100
I/KeyguardUpdateMonitor( 1045): handleBatteryUpdate index=0 updateInteresting=false
I/libPerfService(  881): perfSetFavorPid - pid:9685, 25d5
I/libPerfService(  881): perfSetFavorPid - pid:0, 0
I/QuenedWorkProxy( 8391): clean QuenedWork.sPendingWorkFinishers(185342190) size 0
I/QuenedWorkProxy( 8391): clean QuenedWork.sPendingWorkFinishers(185342190) size 0
I/SurfaceFlinger(  276): [Built-in Screen (type:0)] fps:0.452068,dur:4424.12,max:4415.92,min:8.20
I/thermal_repeater(  322): oh, queryMdThermalInfo (0)Bad file number
I/thermal_repeater(  322): [recvMdThermalInfo] ret=25, strLen=127,  1, 32767,,, -1, 32767, 2
I/AudioFlinger(  304): setParameters(): io 0, keyvalue mediaserver_monitor=1, calling pid 881
W/AudioALSAHardware(  304): setParameters(), still have param.size() = 1, remain param = "mediaserver_monitor=1"
I/str_params(  304): key: 'mediaserver_monitor' value: '1'
I/AudioPolicyManager(  304): setStreamVolumeIndex stream = 7 index = 15 device = 0x400
D/EMDLOGGER1(  780): CTRL_reader: incoming SPLM req, msgid=6, token=0, result=0
I/EMDLOGGER1(  780): [MDLOG] [stats][buf] L1 : data:0x14360 last:0x4ce1c4; (1, 0x4d00, 0x4ce1c4)(3, 0x69b, 0x4ce0db)PS : data:0x539b last:0x4ce1c4; L2 : data:0x3c58 last:0x4ce1c4; 
D/EMDLOGGER1(  780): CTRL_reader: incoming SPLM req, msgid=6, token=0, result=0
I/EMDLOGGER1(  780): [MDLOG] [stats][mux] MCU : data:0x21661 last:0x4ce0db; DSP : data:0x0 last:0x0; 
I/EMDLOGGER1(  780): MDL rate:27 KB/s, full count:0
D/[BT3.0+HS]PAL(  332): == chip_reset_fd is set ==
D/[BT3.0+HS]PAL(  332): 
D/[BT3.0+HS]PAL(  332): invalid reply message
D/[BT3.0+HS]PAL(  332): 
I/thermal_repeater(  322): oh, queryMdThermalInfo (0)Bad file number
I/thermal_repeater(  322): [recvMdThermalInfo] ret=25, strLen=127,  1, 32767,,, -1, 32767, 2
D/[BT3.0+HS]PAL(  332): == chip_reset_fd is set ==
D/[BT3.0+HS]PAL(  332): 
D/[BT3.0+HS]PAL(  332): invalid reply message
D/[BT3.0+HS]PAL(  332): 
D/[BT3.0+HS]PAL(  332): == chip_reset_fd is set ==
D/[BT3.0+HS]PAL(  332): 
D/[BT3.0+HS]PAL(  332): invalid reply message
D/[BT3.0+HS]PAL(  332): 
I/Netd    (  299): Get netlink event, ifname: wlan0 action: 4
I/Netd    (  299): Get netlink event, ifname: wlan0 action: 4
E/wpa_supplicant( 1294): This is a Iphone softap!!!!!!! 
E/wpa_supplicant( 1294): This is a Iphone softap!!!!!!! 
E/wpa_supplicant( 1294): This is a Iphone softap!!!!!!! 
E/wpa_supplicant( 1294): This is a Iphone softap!!!!!!! 
E/WifiConfigStore(  881):  rewrite network history for "chaozhouniurouwan"WPA_PSK
E/WifiStateMachine(  881): mIsFullScanOngoing: true, mSendScanResultsBroadcast: false
E/WifiStateMachine(  881): mWifiOnScanCount: 1188
I/libPerfService(  881): perfSetFavorPid - pid:9685, 25d5
I/System.out( 9685): isFirstLocfalse
W/ContextImpl( 9304): Calling a method in the system process without a qualified user: android.app.ContextImpl.startService:1863 android.content.ContextWrapper.startService:516 android.content.ContextWrapper.startService:516 com.meizu.dataservice.ExperienceReceiver.a:-1 com.meizu.dataservice.ExperienceReceiver.onReceive:-1 
I/System.out( 9685): isFirstLocfalse
I/libPerfService(  881): perfSetFavorPid - pid:0, 0
I/SurfaceFlinger(  276): [Built-in Screen (type:0)] fps:0.103809,dur:9633.07,max:9633.07,min:9633.07
I/KeyguardUpdateMonitor( 1045): handleBatteryUpdate index=0 updateInteresting=false
I/BatteryConsumeMonitor( 1344): init var lastPlugType : 2 lastBatteryChangedLevel : 100
I/libPerfService(  881): perfSetFavorPid - pid:9685, 25d5
I/QuenedWorkProxy( 8391): clean QuenedWork.sPendingWorkFinishers(185342190) size 0
I/QuenedWorkProxy( 8391): clean QuenedWork.sPendingWorkFinishers(185342190) size 0
I/libPerfService(  881): perfSetFavorPid - pid:0, 0
I/EMDLOGGER1(  780): MD writer time out 10 sec.
I/thermal_repeater(  322): oh, queryMdThermalInfo (0)Bad file number
I/thermal_repeater(  322): [recvMdThermalInfo] ret=25, strLen=127,  1, 32767,,, -1, 32767, 2
I/AudioFlinger(  304): setParameters(): io 0, keyvalue mediaserver_monitor=1, calling pid 881
W/AudioALSAHardware(  304): setParameters(), still have param.size() = 1, remain param = "mediaserver_monitor=1"
I/str_params(  304): key: 'mediaserver_monitor' value: '1'
I/AudioPolicyManager(  304): setStreamVolumeIndex stream = 7 index = 15 device = 0x400
W/Watchdog(  881): SWT Watchdog after wait current time:25205150
W/Watchdog(  881): **Get SF Time **1
W/Watchdog(  881): SWT Watchdog before synchronized:25205151
W/Watchdog(  881): SWT Watchdog after synchronized:25205151
W/Watchdog(  881): SWT Watchdog before wait timeout:30000
W/Watchdog(  881): SWT Watchdog before wait current time:25205151
W/Watchdog(  881): SWT Watchdog before wait start:25205151
W/Watchdog(  881): SWT Watchdog before wait CHECK_INTERVAL:30000
I/EMDLOGGER1(  780): MDL rate:26 KB/s, full count:0
I/System.out( 9685): isFirstLocfalse
D/EMDLOGGER1(  780): CTRL_reader: incoming SPLM req, msgid=6, token=0, result=0
I/EMDLOGGER1(  780): [MDLOG] [stats][buf] L1 : data:0x16422 last:0x4cebb2; (1, 0x4200, 0x4cebb2)(3, 0x622, 0x4ce99c)PS : data:0x4822 last:0x4cebb2; L2 : data:0x35f2 last:0x4cebb2; 
D/EMDLOGGER1(  780): CTRL_reader: incoming SPLM req, msgid=6, token=0, result=0
I/EMDLOGGER1(  780): [MDLOG] [stats][mux] MCU : data:0x205b1 last:0x4cea98; DSP : data:0x0 last:0x0; 
I/thermal_repeater(  322): oh, queryMdThermalInfo (0)Bad file number
I/thermal_repeater(  322): [recvMdThermalInfo] ret=25, strLen=127,  1, 32767,,, -1, 32767, 2
D/[BT3.0+HS]PAL(  332): == chip_reset_fd is set ==
D/[BT3.0+HS]PAL(  332): 
D/[BT3.0+HS]PAL(  332): invalid reply message
D/[BT3.0+HS]PAL(  332): 
I/KeyguardUpdateMonitor( 1045): handleBatteryUpdate index=0 updateInteresting=false
I/BatteryConsumeMonitor( 1344): init var lastPlugType : 2 lastBatteryChangedLevel : 100
I/libPerfService(  881): perfSetFavorPid - pid:9685, 25d5
I/QuenedWorkProxy( 8391): clean QuenedWork.sPendingWorkFinishers(185342190) size 0
I/QuenedWorkProxy( 8391): clean QuenedWork.sPendingWorkFinishers(185342190) size 0
I/SurfaceFlinger(  276): [Built-in Screen (type:0)] fps:0.481627,dur:10381.48,max:9393.93,min:7.42
I/thermal_repeater(  322): oh, queryMdThermalInfo (0)Bad file number
I/thermal_repeater(  322): [recvMdThermalInfo] ret=25, strLen=127,  1, 32767,,, -1, 32767, 2
I/AudioFlinger(  304): setParameters(): io 0, keyvalue mediaserver_monitor=1, calling pid 881
W/AudioALSAHardware(  304): setParameters(), still have param.size() = 1, remain param = "mediaserver_monitor=1"
I/str_params(  304): key: 'mediaserver_monitor' value: '1'
I/AudioPolicyManager(  304): setStreamVolumeIndex stream = 7 index = 15 device = 0x400
D/[BT3.0+HS]PAL(  332): == chip_reset_fd is set ==
D/[BT3.0+HS]PAL(  332): 
D/[BT3.0+HS]PAL(  332): invalid reply message
D/[BT3.0+HS]PAL(  332): 
D/[BT3.0+HS]PAL(  332): == chip_reset_fd is set ==
D/[BT3.0+HS]PAL(  332): 
D/[BT3.0+HS]PAL(  332): invalid reply message
D/[BT3.0+HS]PAL(  332): 
E/wpa_supplicant( 1294): This is a Iphone softap!!!!!!! 
I/Netd    (  299): Get netlink event, ifname: wlan0 action: 4
I/Netd    (  299): Get netlink event, ifname: wlan0 action: 4
E/wpa_supplicant( 1294): This is a Iphone softap!!!!!!! 
E/wpa_supplicant( 1294): This is a Iphone softap!!!!!!! 
E/wpa_supplicant( 1294): This is a Iphone softap!!!!!!! 
E/WifiConfigStore(  881):  rewrite network history for "chaozhouniurouwan"WPA_PSK
E/WifiStateMachine(  881): mIsFullScanOngoing: true, mSendScanResultsBroadcast: false
E/WifiStateMachine(  881): mWifiOnScanCount: 1189
I/System.out( 9685): isFirstLocfalse
W/ContextImpl( 9304): Calling a method in the system process without a qualified user: android.app.ContextImpl.startService:1863 android.content.ContextWrapper.startService:516 android.content.ContextWrapper.startService:516 com.meizu.dataservice.ExperienceReceiver.a:-1 com.meizu.dataservice.ExperienceReceiver.onReceive:-1 
D/MDLOGGER_CLEAR_LOG(  780): mdlogger clearLog V4.W1442.1
I/MDLOGGER_CLEAR_LOG(  780): clearLogFolder /storage/sdcard0/mtklog/mdlog1 size is 13 M. Recycle size is 600 M,no need clear log
I/art     (  881): Background partial concurrent mark sweep GC freed 30384(3MB) AllocSpace objects, 0(0B) LOS objects, 8% free, 45MB/49MB, paused 2.857ms total 230.011ms
I/EMDLOGGER1(  780): MD writer time out 10 sec.
I/System.out( 9685): isFirstLocfalse
I/libPerfService(  881): perfSetFavorPid - pid:0, 0
I/SurfaceFlinger(  276): [Built-in Screen (type:0)] fps:0.428368,dur:4668.88,max:4665.91,min:2.97
I/UsageStatsService(  881): User[0] Flushing usage stats to disk
I/SurfaceFlinger(  276): [Built-in Screen (type:0)] fps:1.998219,dur:1000.89,max:992.37,min:8.53
I/thermal_repeater(  322): oh, queryMdThermalInfo (0)Bad file number
I/thermal_repeater(  322): [recvMdThermalInfo] ret=25, strLen=127,  1, 32767,,, -1, 32767, 2
D/EMDLOGGER1(  780): CTRL_reader: incoming SPLM req, msgid=6, token=0, result=0
I/EMDLOGGER1(  780): [MDLOG] [stats][buf] L1 : data:0x17c72 last:0x4cf542; (1, 0x45ec, 0x4cf542)(3, 0x41c, 0x4cf476)PS : data:0x4a08 last:0x4cf542; L2 : data:0x4de2 last:0x4cf542; 
D/EMDLOGGER1(  780): CTRL_reader: incoming SPLM req, msgid=6, token=0, result=0
I/EMDLOGGER1(  780): [MDLOG] [stats][mux] MCU : data:0x23f91 last:0x4cf434; DSP : data:0x0 last:0x0; 
I/EMDLOGGER1(  780): MDL rate:29 KB/s, full count:0
I/System.out( 9685): isFirstLocfalse
I/KeyguardUpdateMonitor( 1045): handleBatteryUpdate index=0 updateInteresting=false
I/BatteryConsumeMonitor( 1344): init var lastPlugType : 2 lastBatteryChangedLevel : 100
I/libPerfService(  881): perfSetFavorPid - pid:9685, 25d5
I/libPerfService(  881): perfSetFavorPid - pid:0, 0
I/QuenedWorkProxy( 8391): clean QuenedWork.sPendingWorkFinishers(185342190) size 0
I/QuenedWorkProxy( 8391): clean QuenedWork.sPendingWorkFinishers(185342190) size 0
I/SurfaceFlinger(  276): [Built-in Screen (type:0)] fps:0.232886,dur:4293.94,max:4293.94,min:4293.94
I/thermal_repeater(  322): oh, queryMdThermalInfo (0)Bad file number
I/thermal_repeater(  322): [recvMdThermalInfo] ret=25, strLen=127,  1, 32767,,, -1, 32767, 2
I/AudioFlinger(  304): setParameters(): io 0, keyvalue mediaserver_monitor=1, calling pid 881
W/AudioALSAHardware(  304): setParameters(), still have param.size() = 1, remain param = "mediaserver_monitor=1"
I/str_params(  304): key: 'mediaserver_monitor' value: '1'
I/AudioPolicyManager(  304): setStreamVolumeIndex stream = 7 index = 15 device = 0x400
D/[BT3.0+HS]PAL(  332): == chip_reset_fd is set ==
D/[BT3.0+HS]PAL(  332): 
D/[BT3.0+HS]PAL(  332): invalid reply message
D/[BT3.0+HS]PAL(  332): 
I/EMDLOGGER1(  780): MD writer time out 10 sec.
I/thermal_repeater(  322): oh, queryMdThermalInfo (0)Bad file number
I/thermal_repeater(  322): [recvMdThermalInfo] ret=25, strLen=127,  1, 32767,,, -1, 32767, 2
D/[BT3.0+HS]PAL(  332): == chip_reset_fd is set ==
D/[BT3.0+HS]PAL(  332): 
D/[BT3.0+HS]PAL(  332): invalid reply message
D/[BT3.0+HS]PAL(  332): 
D/[BT3.0+HS]PAL(  332): == chip_reset_fd is set ==
D/[BT3.0+HS]PAL(  332): 
D/[BT3.0+HS]PAL(  332): invalid reply message
D/[BT3.0+HS]PAL(  332): 
I/Netd    (  299): Get netlink event, ifname: wlan0 action: 4
I/Netd    (  299): Get netlink event, ifname: wlan0 action: 4
E/wpa_supplicant( 1294): This is a Iphone softap!!!!!!! 
E/wpa_supplicant( 1294): This is a Iphone softap!!!!!!! 
E/wpa_supplicant( 1294): This is a Iphone softap!!!!!!! 
E/wpa_supplicant( 1294): This is a Iphone softap!!!!!!! 
E/WifiConfigStore(  881):  rewrite network history for "chaozhouniurouwan"WPA_PSK
E/WifiStateMachine(  881): mIsFullScanOngoing: true, mSendScanResultsBroadcast: false
E/WifiStateMachine(  881): mWifiOnScanCount: 1190
I/libPerfService(  881): perfSetFavorPid - pid:9685, 25d5
I/System.out( 9685): isFirstLocfalse
W/ContextImpl( 9304): Calling a method in the system process without a qualified user: android.app.ContextImpl.startService:1863 android.content.ContextWrapper.startService:516 android.content.ContextWrapper.startService:516 com.meizu.dataservice.ExperienceReceiver.a:-1 com.meizu.dataservice.ExperienceReceiver.onReceive:-1 
I/NetworkStatsRecorder(  881): recordSnapshotLocked: ident[[{type=WIFI, subType=COMBINED, networkId=chaozhouniurouwan}]]
W/NetworkStatsRecorder(  881): unknown interfaces [lo, p2p0], ignoring those stats
I/NetworkStatsRecorder(  881): recordSnapshotLocked: ident[[{type=WIFI, subType=COMBINED, networkId=chaozhouniurouwan}]]
W/NetworkStatsRecorder(  881): unknown interfaces [lo, p2p0], ignoring those stats
I/NetworkStatsRecorder(  881): recordSnapshotLocked: ident[[{type=WIFI, subType=COMBINED, networkId=chaozhouniurouwan}]]
I/NetworkStatsRecorder(  881): recordSnapshotLocked: ident[[{type=WIFI, subType=COMBINED, networkId=chaozhouniurouwan}]]
I/NetworkStatsRecorder(  881): recordSnapshotLocked: ident[[{type=WIFI, subType=COMBINED, networkId=chaozhouniurouwan}]]
W/NetworkStatsRecorder(  881): unknown interfaces [lo, p2p0], ignoring those stats
I/NetworkStatsRecorder(  881): recordSnapshotLocked: ident[[{type=WIFI, subType=COMBINED, networkId=chaozhouniurouwan}]]
W/NetworkStatsRecorder(  881): unknown interfaces [lo, p2p0], ignoring those stats
I/EMDLOGGER1(  780): MDL rate:24 KB/s, full count:0
I/System.out( 9685): isFirstLocfalse
I/libPerfService(  881): perfSetFavorPid - pid:0, 0
I/SurfaceFlinger(  276): [Built-in Screen (type:0)] fps:0.102698,dur:9737.29,max:9737.29,min:9737.29
I/KeyguardUpdateMonitor( 1045): handleBatteryUpdate index=0 updateInteresting=false
I/BatteryConsumeMonitor( 1344): init var lastPlugType : 2 lastBatteryChangedLevel : 100
I/libPerfService(  881): perfSetFavorPid - pid:9685, 25d5
I/QuenedWorkProxy( 8391): clean QuenedWork.sPendingWorkFinishers(185342190) size 0
I/QuenedWorkProxy( 8391): clean QuenedWork.sPendingWorkFinishers(185342190) size 0
D/EMDLOGGER1(  780): CTRL_reader: incoming SPLM req, msgid=6, token=0, result=0
I/EMDLOGGER1(  780): [MDLOG] [stats][buf] L1 : data:0x1142c last:0x4cff30; (1, 0x4258, 0x4cff30)(3, 0x622, 0x4cff30)PS : data:0x487a last:0x4cff30; L2 : data:0x2d0c last:0x4cff30; 
D/EMDLOGGER1(  780): CTRL_reader: incoming SPLM req, msgid=6, token=0, result=0
I/EMDLOGGER1(  780): [MDLOG] [stats][mux] MCU : data:0x1ddc5 last:0x4cfe16; DSP : data:0x0 last:0x0; 
I/libPerfService(  881): perfSetFavorPid - pid:0, 0
I/SurfaceFlinger(  276): [Built-in Screen (type:0)] fps:2.985191,dur:1004.96,max:737.92,min:16.52
I/thermal_repeater(  322): oh, queryMdThermalInfo (0)Bad file number
I/thermal_repeater(  322): [recvMdThermalInfo] ret=25, strLen=127,  1, 32767,,, -1, 32767, 2
I/AudioFlinger(  304): setParameters(): io 0, keyvalue mediaserver_monitor=1, calling pid 881
W/AudioALSAHardware(  304): setParameters(), still have param.size() = 1, remain param = "mediaserver_monitor=1"
I/str_params(  304): key: 'mediaserver_monitor' value: '1'
I/AudioPolicyManager(  304): setStreamVolumeIndex stream = 7 index = 15 device = 0x400
I/libPerfService(  881): perfSetFavorPid - pid:9685, 25d5
I/libPerfService(  881): perfSetFavorPid - pid:0, 0
I/libPerfService(  881): perfSetFavorPid - pid:9685, 25d5
I/SurfaceFlinger(  276): [Built-in Screen (type:0)] fps:0.874337,dur:2287.45,max:2270.59,min:16.86
W/Watchdog(  881): SWT Watchdog after wait current time:25235152
W/Watchdog(  881): **Get SF Time **1
W/Watchdog(  881): SWT Watchdog before synchronized:25235152
W/Watchdog(  881): SWT Watchdog after synchronized:25235152
W/Watchdog(  881): SWT Watchdog before wait timeout:30000
W/Watchdog(  881): SWT Watchdog before wait current time:25235152
W/Watchdog(  881): SWT Watchdog before wait start:25235152
W/Watchdog(  881): SWT Watchdog before wait CHECK_INTERVAL:30000
I/System.out( 9685): isFirstLocfalse
I/thermal_repeater(  322): oh, queryMdThermalInfo (0)Bad file number
I/thermal_repeater(  322): [recvMdThermalInfo] ret=25, strLen=127,  1, 32767,,, -1, 32767, 2
I/libPerfService(  881): perfSetFavorPid - pid:0, 0
I/SurfaceFlinger(  276): [Built-in Screen (type:0)] fps:0.267031,dur:3744.89,max:3744.89,min:3744.89
I/SurfaceFlinger(  276): [Built-in Screen (type:0)] fps:0.989481,dur:1010.63,max:1010.63,min:1010.63
I/EMDLOGGER1(  780): MD writer time out 10 sec.
D/[BT3.0+HS]PAL(  332): == chip_reset_fd is set ==
D/[BT3.0+HS]PAL(  332): 
D/[BT3.0+HS]PAL(  332): invalid reply message
D/[BT3.0+HS]PAL(  332): 
I/BatteryConsumeMonitor( 1344): init var lastPlugType : 2 lastBatteryChangedLevel : 100
I/KeyguardUpdateMonitor( 1045): handleBatteryUpdate index=0 updateInteresting=false
I/libPerfService(  881): perfSetFavorPid - pid:9685, 25d5
I/libPerfService(  881): perfSetFavorPid - pid:0, 0
I/QuenedWorkProxy( 8391): clean QuenedWork.sPendingWorkFinishers(185342190) size 0
I/QuenedWorkProxy( 8391): clean QuenedWork.sPendingWorkFinishers(185342190) size 0
I/SurfaceFlinger(  276): [Built-in Screen (type:0)] fps:0.452100,dur:2211.90,max:2211.90,min:2211.90
I/thermal_repeater(  322): oh, queryMdThermalInfo (0)Bad file number
I/thermal_repeater(  322): [recvMdThermalInfo] ret=25, strLen=127,  1, 32767,,, -1, 32767, 2
I/AudioFlinger(  304): setParameters(): io 0, keyvalue mediaserver_monitor=1, calling pid 881
W/AudioALSAHardware(  304): setParameters(), still have param.size() = 1, remain param = "mediaserver_monitor=1"
I/str_params(  304): key: 'mediaserver_monitor' value: '1'
I/AudioPolicyManager(  304): setStreamVolumeIndex stream = 7 index = 15 device = 0x400
D/[BT3.0+HS]PAL(  332): == chip_reset_fd is set ==
D/[BT3.0+HS]PAL(  332): 
D/[BT3.0+HS]PAL(  332): invalid reply message
D/[BT3.0+HS]PAL(  332): 
D/[BT3.0+HS]PAL(  332): == chip_reset_fd is set ==
D/[BT3.0+HS]PAL(  332): 
D/[BT3.0+HS]PAL(  332): invalid reply message
D/[BT3.0+HS]PAL(  332): 
I/Netd    (  299): Get netlink event, ifname: wlan0 action: 4
I/Netd    (  299): Get netlink event, ifname: wlan0 action: 4
E/wpa_supplicant( 1294): This is a Iphone softap!!!!!!! 
E/wpa_supplicant( 1294): This is a Iphone softap!!!!!!! 
E/wpa_supplicant( 1294): This is a Iphone softap!!!!!!! 
E/wpa_supplicant( 1294): This is a Iphone softap!!!!!!! 
E/wpa_supplicant( 1294): This is a Iphone softap!!!!!!! 
E/WifiConfigStore(  881):  rewrite network history for "chaozhouniurouwan"WPA_PSK
E/WifiStateMachine(  881): mIsFullScanOngoing: true, mSendScanResultsBroadcast: false
E/WifiStateMachine(  881): mWifiOnScanCount: 1191
I/libPerfService(  881): perfSetFavorPid - pid:9685, 25d5
D/EMDLOGGER1(  780): CTRL_reader: incoming SPLM req, msgid=6, token=0, result=0
I/EMDLOGGER1(  780): [MDLOG] [stats][buf] L1 : data:0x1aaa6 last:0x4d08cc; (1, 0x4adc, 0x4d08ca)(3, 0x669, 0x4d08ca)PS : data:0x5145 last:0x4d08ca; L2 : data:0x4eb0 last:0x4d08ca; 
D/EMDLOGGER1(  780): CTRL_reader: incoming SPLM req, msgid=6, token=0, result=0
I/EMDLOGGER1(  780): [MDLOG] [stats][mux] MCU : data:0x2632f last:0x4d0804; DSP : data:0x0 last:0x0; 
W/ContextImpl( 9304): Calling a method in the system process without a qualified user: android.app.ContextImpl.startService:1863 android.content.ContextWrapper.startService:516 android.content.ContextWrapper.startService:516 com.meizu.dataservice.ExperienceReceiver.a:-1 com.meizu.dataservice.ExperienceReceiver.onReceive:-1 
I/System.out( 9685): isFirstLocfalse
D/MDLOGGER_CLEAR_LOG(  780): mdlogger clearLog V4.W1442.1
I/MDLOGGER_CLEAR_LOG(  780): clearLogFolder /storage/sdcard0/mtklog/mdlog1 size is 14 M. Recycle size is 600 M,no need clear log
W/MTKLogger(10981): Maybe device was updated from old version, change property to newer one
I/StorageManagerEx(10981): getInternalStoragePath from Property path=/storage/sdcard0
W/MTKLogger(10981): Maybe device was updated from old version, change property to newer one
I/StorageManagerEx(10981): getInternalStoragePath from Property path=/storage/sdcard0
I/EMDLOGGER1(  780): MDL rate:31 KB/s, full count:0
I/System.out( 9685): isFirstLocfalse
I/libPerfService(  881): perfSetFavorPid - pid:0, 0
I/SurfaceFlinger(  276): [Built-in Screen (type:0)] fps:0.207981,dur:4808.13,max:4808.13,min:4808.13
I/thermal_repeater(  322): oh, queryMdThermalInfo (0)Bad file number
I/thermal_repeater(  322): [recvMdThermalInfo] ret=25, strLen=127,  1, 32767,,, -1, 32767, 2
I/System.out( 9685): isFirstLocfalse
I/System.out( 9874): [CDS]close[0]
I/NetworkManagementSocketTagger( 9874): untagSocket(42)
I/KeyguardUpdateMonitor( 1045): handleBatteryUpdate index=0 updateInteresting=false
I/BatteryConsumeMonitor( 1344): init var lastPlugType : 2 lastBatteryChangedLevel : 100
I/libPerfService(  881): perfSetFavorPid - pid:9685, 25d5
I/QuenedWorkProxy( 8391): clean QuenedWork.sPendingWorkFinishers(185342190) size 0
I/QuenedWorkProxy( 8391): clean QuenedWork.sPendingWorkFinishers(185342190) size 0
I/SurfaceFlinger(  276): [Built-in Screen (type:0)] fps:0.384036,dur:5207.84,max:4215.40,min:992.44
I/EMDLOGGER1(  780): MD writer time out 10 sec.
I/thermal_repeater(  322): oh, queryMdThermalInfo (0)Bad file number
I/thermal_repeater(  322): [recvMdThermalInfo] ret=25, strLen=127,  1, 32767,,, -1, 32767, 2
I/libPerfService(  881): perfSetFavorPid - pid:0, 0
I/SurfaceFlinger(  276): [Built-in Screen (type:0)] fps:1.114354,dur:1794.76,max:1782.44,min:12.32
I/AudioFlinger(  304): setParameters(): io 0, keyvalue mediaserver_monitor=1, calling pid 881
W/AudioALSAHardware(  304): setParameters(), still have param.size() = 1, remain param = "mediaserver_monitor=1"
I/str_params(  304): key: 'mediaserver_monitor' value: '1'
I/AudioPolicyManager(  304): setStreamVolumeIndex stream = 7 index = 15 device = 0x400
I/SurfaceFlinger(  276): [Built-in Screen (type:0)] fps:0.989796,dur:1010.31,max:1010.31,min:1010.31
D/[BT3.0+HS]PAL(  332): == chip_reset_fd is set ==
D/[BT3.0+HS]PAL(  332): 
D/[BT3.0+HS]PAL(  332): invalid reply message
D/[BT3.0+HS]PAL(  332): 
D/EMDLOGGER1(  780): CTRL_reader: incoming SPLM req, msgid=6, token=0, result=0
I/EMDLOGGER1(  780): [MDLOG] [stats][buf] L1 : data:0x1398e last:0x4d12e9; (1, 0x3ad8, 0x4d12e9)(3, 0x3a3, 0x4d0fe9)PS : data:0x3e7b last:0x4d12e9; L2 : data:0x3298 last:0x4d12e9; 
D/EMDLOGGER1(  780): CTRL_reader: incoming SPLM req, msgid=6, token=0, result=0
I/EMDLOGGER1(  780): [MDLOG] [stats][mux] MCU : data:0x21833 last:0x4d11f2; DSP : data:0x0 last:0x0; 
I/thermal_repeater(  322): oh, queryMdThermalInfo (0)Bad file number
I/thermal_repeater(  322): [recvMdThermalInfo] ret=25, strLen=127,  1, 32767,,, -1, 32767, 2
D/[BT3.0+HS]PAL(  332): == chip_reset_fd is set ==
D/[BT3.0+HS]PAL(  332): 
D/[BT3.0+HS]PAL(  332): invalid reply message
D/[BT3.0+HS]PAL(  332): 
I/Netd    (  299): Get netlink event, ifname: wlan0 action: 4
D/[BT3.0+HS]PAL(  332): == chip_reset_fd is set ==
D/[BT3.0+HS]PAL(  332): 
D/[BT3.0+HS]PAL(  332): invalid reply message
D/[BT3.0+HS]PAL(  332): 
I/Netd    (  299): Get netlink event, ifname: wlan0 action: 4
E/wpa_supplicant( 1294): This is a Iphone softap!!!!!!! 
E/wpa_supplicant( 1294): This is a Iphone softap!!!!!!! 
E/wpa_supplicant( 1294): This is a Iphone softap!!!!!!! 
E/wpa_supplicant( 1294): This is a Iphone softap!!!!!!! 
E/wpa_supplicant( 1294): This is a Iphone softap!!!!!!! 
E/wpa_supplicant( 1294): This is a Iphone softap!!!!!!! 
E/WifiConfigStore(  881):  rewrite network history for "chaozhouniurouwan"WPA_PSK
E/WifiStateMachine(  881): mIsFullScanOngoing: true, mSendScanResultsBroadcast: false
E/WifiStateMachine(  881): mWifiOnScanCount: 1192
I/libPerfService(  881): perfSetFavorPid - pid:9685, 25d5
I/NetworkManagementSocketTagger( 9874): untagSocket(42)
I/NetworkManagementSocketTagger( 9874): untagSocket(42)
I/NetworkManagementSocketTagger( 9874): untagSocket(42)
I/NetworkManagementSocketTagger( 9874): untagSocket(42)
I/NetworkManagementSocketTagger( 9874): untagSocket(42)
I/NetworkManagementSocketTagger( 9874): untagSocket(42)
I/NetworkManagementSocketTagger( 9874): untagSocket(42)
I/NetworkManagementSocketTagger( 9874): untagSocket(42)
I/NetworkManagementSocketTagger( 9874): untagSocket(42)
I/NetworkManagementSocketTagger( 9874): untagSocket(42)
I/NetworkManagementSocketTagger( 9874): untagSocket(42)
W/ContextImpl( 9304): Calling a method in the system process without a qualified user: android.app.ContextImpl.startService:1863 android.content.ContextWrapper.startService:516 android.content.ContextWrapper.startService:516 com.meizu.dataservice.ExperienceReceiver.a:-1 com.meizu.dataservice.ExperienceReceiver.onReceive:-1 
I/System.out( 9874): open:https://loc.map.baidu.com/sdk.php
I/System.out( 9874): Close in OkHttp
I/System.out( 9874): [CDS]close[50493]
I/NetworkManagementSocketTagger( 9874): untagSocket(32)
D/libc-netbsd( 9874): [getaddrinfo]: hostname=loc.map.baidu.com; servname=(null); cache_mode=(null), netid=0; mark=0
D/libc-netbsd( 9874): [getaddrinfo]: ai_addrlen=0; ai_canonname=(null); ai_flags=4; ai_family=0
D/libc-netbsd( 9874): [getaddrinfo]: hostname=loc.map.baidu.com; servname=(null); cache_mode=(null), netid=0; mark=0
D/libc-netbsd( 9874): [getaddrinfo]: ai_addrlen=0; ai_canonname=(null); ai_flags=1024; ai_family=0
D/libc-netbsd(  299): [getaddrinfo]: hostname=loc.map.baidu.com; servname=(null); cache_mode=local, netid=104; mark=917608
D/libc-netbsd(  299): [getaddrinfo]: ai_addrlen=0; ai_canonname=(null); ai_flags=1024; ai_family=0
D/libc-netbsd(  299): default dns: query_ipv6=0, query_ipv4=1
D/libc-netbsd(  299): res_queryN name = loc.map.baidu.com, class = 1, type = 1
D/libc-netbsd(  299): netid=104, dns0:202.96.134.33
D/libc-netbsd(  299): netid=104, dns1:202.96.128.86
D/libc-netbsd(  299): netid=104, dns2:8.8.8.8
D/libc-netbsd(  299): res_queryN name = loc.map.baidu.com succeed
D/libc-netbsd( 9874): getaddrinfo: loc.map.baidu.com get result from proxy >>
I/System.out( 9874): propertyValue:true
I/System.out( 9874): [CDS]connect[loc.map.baidu.com/14.215.177.33:443] tm:12
D/libc-netbsd( 9874): [getaddrinfo]: hostname=loc.map.baidu.com; servname=(null); cache_mode=(null), netid=0; mark=0
D/libc-netbsd( 9874): [getaddrinfo]: ai_addrlen=0; ai_canonname=(null); ai_flags=4; ai_family=0
I/System.out( 9874): gba_cipher_suite:TLS_ECDHE_RSA_WITH_AES_128_GCM_SHA256
I/System.out( 9874): [OkHttp] sendRequest>>
I/System.out( 9874): [OkHttp] sendRequest<<
I/NetworkManagementSocketTagger( 9874): untagSocket(32)
I/System.out( 9685): isFirstLocfalse
I/libPerfService(  881): perfSetFavorPid - pid:0, 0
I/SurfaceFlinger(  276): [Built-in Screen (type:0)] fps:0.198666,dur:5033.57,max:5033.57,min:5033.57
I/EMDLOGGER1(  780): MDL rate:27 KB/s, full count:0
I/System.out( 9685): isFirstLocfalse
I/SurfaceFlinger(  276): [Built-in Screen (type:0)] fps:1.459086,dur:2056.08,max:1059.36,min:3.83
I/KeyguardUpdateMonitor( 1045): handleBatteryUpdate index=0 updateInteresting=false
I/BatteryConsumeMonitor( 1344): init var lastPlugType : 2 lastBatteryChangedLevel : 100
I/libPerfService(  881): perfSetFavorPid - pid:9685, 25d5
I/QuenedWorkProxy( 8391): clean QuenedWork.sPendingWorkFinishers(185342190) size 0
I/QuenedWorkProxy( 8391): clean QuenedWork.sPendingWorkFinishers(185342190) size 0
I/libPerfService(  881): perfSetFavorPid - pid:0, 0
I/thermal_repeater(  322): oh, queryMdThermalInfo (0)Bad file number
I/thermal_repeater(  322): [recvMdThermalInfo] ret=25, strLen=127,  1, 32767,,, -1, 32767, 2
I/AudioFlinger(  304): setParameters(): io 0, keyvalue mediaserver_monitor=1, calling pid 881
W/AudioALSAHardware(  304): setParameters(), still have param.size() = 1, remain param = "mediaserver_monitor=1"
I/str_params(  304): key: 'mediaserver_monitor' value: '1'
I/AudioPolicyManager(  304): setStreamVolumeIndex stream = 7 index = 15 device = 0x400
I/SurfaceFlinger(  276): [Built-in Screen (type:0)] fps:2.496890,dur:2002.49,max:1034.13,min:9.49
W/Watchdog(  881): SWT Watchdog after wait current time:25265153
W/Watchdog(  881): **Get SF Time **1
W/Watchdog(  881): SWT Watchdog before synchronized:25265154
W/Watchdog(  881): SWT Watchdog after synchronized:25265154
W/Watchdog(  881): SWT Watchdog before wait timeout:30000
W/Watchdog(  881): SWT Watchdog before wait current time:25265154
W/Watchdog(  881): SWT Watchdog before wait start:25265154
W/Watchdog(  881): SWT Watchdog before wait CHECK_INTERVAL:30000
I/EMDLOGGER1(  780): MD writer time out 10 sec.
I/System.out( 9685): isFirstLocfalse
I/SurfaceFlinger(  276): [Built-in Screen (type:0)] fps:0.333771,dur:2996.07,max:2996.07,min:2996.07
I/SurfaceFlinger(  276): [Built-in Screen (type:0)] fps:0.973039,dur:1027.71,max:1027.71,min:1027.71
I/thermal_repeater(  322): oh, queryMdThermalInfo (0)Bad file number
I/thermal_repeater(  322): [recvMdThermalInfo] ret=25, strLen=127,  1, 32767,,, -1, 32767, 2
D/EMDLOGGER1(  780): CTRL_reader: incoming SPLM req, msgid=6, token=0, result=0
I/EMDLOGGER1(  780): [MDLOG] [stats][buf] L1 : data:0x1b612 last:0x4d1d59; (1, 0x5220, 0x4d1d59)(3, 0x69b, 0x4d1bac)PS : data:0x58bb last:0x4d1d59; L2 : data:0x54ca last:0x4d1d59; 
D/EMDLOGGER1(  780): CTRL_reader: incoming SPLM req, msgid=6, token=0, result=0
I/EMDLOGGER1(  780): [MDLOG] [stats][mux] MCU : data:0x2316d last:0x4d1c3f; DSP : data:0x0 last:0x0; 
I/EMDLOGGER1(  780): MDL rate:28 KB/s, full count:0
D/[BT3.0+HS]PAL(  332): == chip_reset_fd is set ==
D/[BT3.0+HS]PAL(  332): 
D/[BT3.0+HS]PAL(  332): invalid reply message
D/[BT3.0+HS]PAL(  332): 
I/KeyguardUpdateMonitor( 1045): handleBatteryUpdate index=0 updateInteresting=false
I/BatteryConsumeMonitor( 1344): init var lastPlugType : 2 lastBatteryChangedLevel : 100
I/libPerfService(  881): perfSetFavorPid - pid:9685, 25d5
I/QuenedWorkProxy( 8391): clean QuenedWork.sPendingWorkFinishers(185342190) size 0
I/QuenedWorkProxy( 8391): clean QuenedWork.sPendingWorkFinishers(185342190) size 0
I/libPerfService(  881): perfSetFavorPid - pid:0, 0
I/SurfaceFlinger(  276): [Built-in Screen (type:0)] fps:0.244287,dur:4093.55,max:4093.55,min:4093.55
I/thermal_repeater(  322): oh, queryMdThermalInfo (0)Bad file number
I/thermal_repeater(  322): [recvMdThermalInfo] ret=25, strLen=127,  1, 32767,,, -1, 32767, 2
I/AudioFlinger(  304): setParameters(): io 0, keyvalue mediaserver_monitor=1, calling pid 881
W/AudioALSAHardware(  304): setParameters(), still have param.size() = 1, remain param = "mediaserver_monitor=1"
I/str_params(  304): key: 'mediaserver_monitor' value: '1'
I/AudioPolicyManager(  304): setStreamVolumeIndex stream = 7 index = 15 device = 0x400
I/SurfaceFlinger(  276): [Built-in Screen (type:0)] fps:0.517173,dur:1933.59,max:1933.59,min:1933.59
D/[BT3.0+HS]PAL(  332): == chip_reset_fd is set ==
D/[BT3.0+HS]PAL(  332): 
D/[BT3.0+HS]PAL(  332): invalid reply message
D/[BT3.0+HS]PAL(  332): 
I/Netd    (  299): Get netlink event, ifname: wlan0 action: 4
D/[BT3.0+HS]PAL(  332): == chip_reset_fd is set ==
D/[BT3.0+HS]PAL(  332): 
D/[BT3.0+HS]PAL(  332): invalid reply message
D/[BT3.0+HS]PAL(  332): 
I/Netd    (  299): Get netlink event, ifname: wlan0 action: 4
E/wpa_supplicant( 1294): This is a Iphone softap!!!!!!! 
E/wpa_supplicant( 1294): This is a Iphone softap!!!!!!! 
E/wpa_supplicant( 1294): This is a Iphone softap!!!!!!! 
E/wpa_supplicant( 1294): This is a Iphone softap!!!!!!! 
E/WifiConfigStore(  881):  rewrite network history for "chaozhouniurouwan"WPA_PSK
E/WifiStateMachine(  881): mIsFullScanOngoing: true, mSendScanResultsBroadcast: false
E/WifiStateMachine(  881): mWifiOnScanCount: 1193
I/libPerfService(  881): perfSetFavorPid - pid:9685, 25d5
I/System.out( 9685): isFirstLocfalse
W/ContextImpl( 9304): Calling a method in the system process without a qualified user: android.app.ContextImpl.startService:1863 android.content.ContextWrapper.startService:516 android.content.ContextWrapper.startService:516 com.meizu.dataservice.ExperienceReceiver.a:-1 com.meizu.dataservice.ExperienceReceiver.onReceive:-1 
D/MDLOGGER_CLEAR_LOG(  780): mdlogger clearLog V4.W1442.1
I/MDLOGGER_CLEAR_LOG(  780): clearLogFolder /storage/sdcard0/mtklog/mdlog1 size is 14 M. Recycle size is 600 M,no need clear log
I/libPerfService(  881): perfSetFavorPid - pid:0, 0
I/SurfaceFlinger(  276): [Built-in Screen (type:0)] fps:0.972789,dur:1027.97,max:1027.97,min:1027.97
I/System.out( 9685): isFirstLocfalse
I/SurfaceFlinger(  276): [Built-in Screen (type:0)] fps:1.472044,dur:2037.98,max:1055.65,min:7.24
I/SurfaceFlinger(  276): [Built-in Screen (type:0)] fps:1.997117,dur:1001.44,max:992.63,min:8.82
I/thermal_repeater(  322): oh, queryMdThermalInfo (0)Bad file number
I/thermal_repeater(  322): [recvMdThermalInfo] ret=25, strLen=127,  1, 32767,,, -1, 32767, 2
I/EMDLOGGER1(  780): MD writer time out 10 sec.
I/System.out( 9685): isFirstLocfalse
I/KeyguardUpdateMonitor( 1045): handleBatteryUpdate index=0 updateInteresting=false
I/BatteryConsumeMonitor( 1344): init var lastPlugType : 2 lastBatteryChangedLevel : 100
I/libPerfService(  881): perfSetFavorPid - pid:9685, 25d5
I/libPerfService(  881): perfSetFavorPid - pid:0, 0
I/SurfaceFlinger(  276): [Built-in Screen (type:0)] fps:0.252348,dur:3962.78,max:3962.78,min:3962.78
I/QuenedWorkProxy( 8391): clean QuenedWork.sPendingWorkFinishers(185342190) size 0
I/QuenedWorkProxy( 8391): clean QuenedWork.sPendingWorkFinishers(185342190) size 0
D/EMDLOGGER1(  780): CTRL_reader: incoming SPLM req, msgid=6, token=0, result=0
I/EMDLOGGER1(  780): [MDLOG] [stats][buf] L1 : data:0x17302 last:0x4d2753; (1, 0x4418, 0x4d274f)(3, 0x622, 0x4d2444)PS : data:0x4a3a last:0x4d274f; L2 : data:0x3c84 last:0x4d274f; 
D/EMDLOGGER1(  780): CTRL_reader: incoming SPLM req, msgid=6, token=0, result=0
I/EMDLOGGER1(  780): [MDLOG] [stats][mux] MCU : data:0x290fd last:0x4d268b; DSP : data:0x0 last:0x0; 
I/thermal_repeater(  322): oh, queryMdThermalInfo (0)Bad file number
I/thermal_repeater(  322): [recvMdThermalInfo] ret=25, strLen=127,  1, 32767,,, -1, 32767, 2
I/AudioFlinger(  304): setParameters(): io 0, keyvalue mediaserver_monitor=1, calling pid 881
W/AudioALSAHardware(  304): setParameters(), still have param.size() = 1, remain param = "mediaserver_monitor=1"
I/str_params(  304): key: 'mediaserver_monitor' value: '1'
I/AudioPolicyManager(  304): setStreamVolumeIndex stream = 7 index = 15 device = 0x400
I/EMDLOGGER1(  780): MDL rate:33 KB/s, full count:0
D/[BT3.0+HS]PAL(  332): == chip_reset_fd is set ==
D/[BT3.0+HS]PAL(  332): 
D/[BT3.0+HS]PAL(  332): invalid reply message
D/[BT3.0+HS]PAL(  332): 
I/thermal_repeater(  322): oh, queryMdThermalInfo (0)Bad file number
I/thermal_repeater(  322): [recvMdThermalInfo] ret=25, strLen=127,  1, 32767,,, -1, 32767, 2
I/SurfaceFlinger(  276): [Built-in Screen (type:0)] fps:0.282775,dur:7072.75,max:7059.86,min:12.89
D/[BT3.0+HS]PAL(  332): == chip_reset_fd is set ==
D/[BT3.0+HS]PAL(  332): 
D/[BT3.0+HS]PAL(  332): invalid reply message
D/[BT3.0+HS]PAL(  332): 
I/Netd    (  299): Get netlink event, ifname: wlan0 action: 4
I/Netd    (  299): Get netlink event, ifname: wlan0 action: 4
D/[BT3.0+HS]PAL(  332): == chip_reset_fd is set ==
D/[BT3.0+HS]PAL(  332): 
D/[BT3.0+HS]PAL(  332): invalid reply message
D/[BT3.0+HS]PAL(  332): 
E/wpa_supplicant( 1294): This is a Iphone softap!!!!!!! 
E/wpa_supplicant( 1294): This is a Iphone softap!!!!!!! 
E/WifiConfigStore(  881):  rewrite network history for "chaozhouniurouwan"WPA_PSK
E/WifiStateMachine(  881): mIsFullScanOngoing: true, mSendScanResultsBroadcast: false
E/WifiStateMachine(  881): mWifiOnScanCount: 1194
I/libPerfService(  881): perfSetFavorPid - pid:9685, 25d5
I/System.out( 9685): isFirstLocfalse
W/ContextImpl( 9304): Calling a method in the system process without a qualified user: android.app.ContextImpl.startService:1863 android.content.ContextWrapper.startService:516 android.content.ContextWrapper.startService:516 com.meizu.dataservice.ExperienceReceiver.a:-1 com.meizu.dataservice.ExperienceReceiver.onReceive:-1 
I/libPerfService(  881): perfSetFavorPid - pid:0, 0
I/SurfaceFlinger(  276): [Built-in Screen (type:0)] fps:0.990090,dur:1010.01,max:1010.01,min:1010.01
I/System.out( 9685): isFirstLocfalse
I/KeyguardUpdateMonitor( 1045): handleBatteryUpdate index=0 updateInteresting=false
I/BatteryConsumeMonitor( 1344): init var lastPlugType : 2 lastBatteryChangedLevel : 100
I/libPerfService(  881): perfSetFavorPid - pid:9685, 25d5
I/libPerfService(  881): perfSetFavorPid - pid:0, 0
I/QuenedWorkProxy( 8391): clean QuenedWork.sPendingWorkFinishers(185342190) size 0
I/QuenedWorkProxy( 8391): clean QuenedWork.sPendingWorkFinishers(185342190) size 0
I/SurfaceFlinger(  276): [Built-in Screen (type:0)] fps:0.512355,dur:1951.77,max:1951.77,min:1951.77
I/EMDLOGGER1(  780): MD writer time out 10 sec.
I/SurfaceFlinger(  276): [Built-in Screen (type:0)] fps:1.883721,dur:1061.73,max:1022.34,min:39.39
I/thermal_repeater(  322): oh, queryMdThermalInfo (0)Bad file number
I/thermal_repeater(  322): [recvMdThermalInfo] ret=25, strLen=127,  1, 32767,,, -1, 32767, 2
I/AudioFlinger(  304): setParameters(): io 0, keyvalue mediaserver_monitor=1, calling pid 881
W/AudioALSAHardware(  304): setParameters(), still have param.size() = 1, remain param = "mediaserver_monitor=1"
I/str_params(  304): key: 'mediaserver_monitor' value: '1'
I/AudioPolicyManager(  304): setStreamVolumeIndex stream = 7 index = 15 device = 0x400
I/libPerfService(  881): perfSetFavorPid - pid:9685, 25d5
I/ProcessStatsService(  881): Prepared write state in 9ms
I/libPerfService(  881): perfSetFavorPid - pid:0, 0
I/libPerfService(  881): perfSetFavorPid - pid:9685, 25d5
I/SurfaceFlinger(  276): [Built-in Screen (type:0)] fps:0.512663,dur:1950.60,max:1950.60,min:1950.60
W/Watchdog(  881): SWT Watchdog after wait current time:25295154
W/Watchdog(  881): **Get SF Time **1
W/Watchdog(  881): SWT Watchdog before synchronized:25295155
W/Watchdog(  881): SWT Watchdog after synchronized:25295155
W/Watchdog(  881): SWT Watchdog before wait timeout:30000
W/Watchdog(  881): SWT Watchdog before wait current time:25295155
W/Watchdog(  881): SWT Watchdog before wait start:25295155
W/Watchdog(  881): SWT Watchdog before wait CHECK_INTERVAL:30000
I/EMDLOGGER1(  780): MDL rate:34 KB/s, full count:0
I/System.out( 9685): isFirstLocfalse
D/EMDLOGGER1(  780): CTRL_reader: incoming SPLM req, msgid=6, token=0, result=0
I/EMDLOGGER1(  780): [MDLOG] [stats][buf] L1 : data:0x1ba58 last:0x4d3193; (1, 0x4918, 0x4d3193)(3, 0x69b, 0x4d2fe5)PS : data:0x4fb3 last:0x4d3193; L2 : data:0x54b6 last:0x4d3193; 
D/EMDLOGGER1(  780): CTRL_reader: incoming SPLM req, msgid=6, token=0, result=0
I/EMDLOGGER1(  780): [MDLOG] [stats][mux] MCU : data:0x2a7b5 last:0x4d308c; DSP : data:0x0 last:0x0; 
I/thermal_repeater(  322): oh, queryMdThermalInfo (0)Bad file number
I/thermal_repeater(  322): [recvMdThermalInfo] ret=25, strLen=127,  1, 32767,,, -1, 32767, 2
D/[BT3.0+HS]PAL(  332): == chip_reset_fd is set ==
D/[BT3.0+HS]PAL(  332): 
D/[BT3.0+HS]PAL(  332): invalid reply message
D/[BT3.0+HS]PAL(  332): 
I/KeyguardUpdateMonitor( 1045): handleBatteryUpdate index=0 updateInteresting=false
I/BatteryConsumeMonitor( 1344): init var lastPlugType : 2 lastBatteryChangedLevel : 100
I/QuenedWorkProxy( 8391): clean QuenedWork.sPendingWorkFinishers(185342190) size 0
I/QuenedWorkProxy( 8391): clean QuenedWork.sPendingWorkFinishers(185342190) size 0
I/libPerfService(  881): perfSetFavorPid - pid:0, 0
I/SurfaceFlinger(  276): [Built-in Screen (type:0)] fps:0.143163,dur:6985.04,max:6985.04,min:6985.04
I/thermal_repeater(  322): oh, queryMdThermalInfo (0)Bad file number
I/thermal_repeater(  322): [recvMdThermalInfo] ret=25, strLen=127,  1, 32767,,, -1, 32767, 2
I/AudioFlinger(  304): setParameters(): io 0, keyvalue mediaserver_monitor=1, calling pid 881
W/AudioALSAHardware(  304): setParameters(), still have param.size() = 1, remain param = "mediaserver_monitor=1"
I/str_params(  304): key: 'mediaserver_monitor' value: '1'
I/AudioPolicyManager(  304): setStreamVolumeIndex stream = 7 index = 15 device = 0x400
D/[BT3.0+HS]PAL(  332): == chip_reset_fd is set ==
D/[BT3.0+HS]PAL(  332): 
D/[BT3.0+HS]PAL(  332): invalid reply message
D/[BT3.0+HS]PAL(  332): 
E/wpa_supplicant( 1294): This is a Iphone softap!!!!!!! 
E/wpa_supplicant( 1294): This is a Iphone softap!!!!!!! 
E/wpa_supplicant( 1294): This is a Iphone softap!!!!!!! 
I/Netd    (  299): Get netlink event, ifname: wlan0 action: 4
I/Netd    (  299): Get netlink event, ifname: wlan0 action: 4
D/[BT3.0+HS]PAL(  332): == chip_reset_fd is set ==
D/[BT3.0+HS]PAL(  332): 
D/[BT3.0+HS]PAL(  332): invalid reply message
D/[BT3.0+HS]PAL(  332): 
E/wpa_supplicant( 1294): This is a Iphone softap!!!!!!! 
E/wpa_supplicant( 1294): This is a Iphone softap!!!!!!! 
E/WifiConfigStore(  881):  rewrite network history for "chaozhouniurouwan"WPA_PSK
E/WifiStateMachine(  881): mIsFullScanOngoing: true, mSendScanResultsBroadcast: false
E/WifiStateMachine(  881): mWifiOnScanCount: 1195
I/libPerfService(  881): perfSetFavorPid - pid:9685, 25d5
I/art     (  881): Background sticky concurrent mark sweep GC freed 15685(2MB) AllocSpace objects, 1(32KB) LOS objects, 3% free, 46MB/48MB, paused 8.326ms total 63.372ms
I/System.out( 9685): isFirstLocfalse
W/ContextImpl( 9304): Calling a method in the system process without a qualified user: android.app.ContextImpl.startService:1863 android.content.ContextWrapper.startService:516 android.content.ContextWrapper.startService:516 com.meizu.dataservice.ExperienceReceiver.a:-1 com.meizu.dataservice.ExperienceReceiver.onReceive:-1 
D/MDLOGGER_CLEAR_LOG(  780): mdlogger clearLog V4.W1442.1
I/MDLOGGER_CLEAR_LOG(  780): clearLogFolder /storage/sdcard0/mtklog/mdlog1 size is 14 M. Recycle size is 600 M,no need clear log
I/EMDLOGGER1(  780): MD writer time out 10 sec.
W/MTKLogger(10981): Maybe device was updated from old version, change property to newer one
I/StorageManagerEx(10981): getInternalStoragePath from Property path=/storage/sdcard0
W/MTKLogger(10981): Maybe device was updated from old version, change property to newer one
I/StorageManagerEx(10981): getInternalStoragePath from Property path=/storage/sdcard0
I/System.out( 9685): isFirstLocfalse
I/libPerfService(  881): perfSetFavorPid - pid:0, 0
I/SurfaceFlinger(  276): [Built-in Screen (type:0)] fps:0.391836,dur:5104.18,max:5101.35,min:2.84
I/SurfaceFlinger(  276): [Built-in Screen (type:0)] fps:0.990163,dur:1009.93,max:1009.93,min:1009.93
I/thermal_repeater(  322): oh, queryMdThermalInfo (0)Bad file number
I/thermal_repeater(  322): [recvMdThermalInfo] ret=25, strLen=127,  1, 32767,,, -1, 32767, 2
I/SurfaceFlinger(  276): [Built-in Screen (type:0)] fps:0.989493,dur:1010.62,max:1010.62,min:1010.62
D/EMDLOGGER1(  780): CTRL_reader: incoming SPLM req, msgid=6, token=0, result=0
I/EMDLOGGER1(  780): [MDLOG] [stats][buf] L1 : data:0x17e78 last:0x4d3be0; (1, 0x5234, 0x4d3be0)(3, 0x69b, 0x4d3b8e)PS : data:0x58cf last:0x4d3be0; L2 : data:0x5210 last:0x4d3be0; 
D/EMDLOGGER1(  780): CTRL_reader: incoming SPLM req, msgid=6, token=0, result=0
I/EMDLOGGER1(  780): [MDLOG] [stats][mux] MCU : data:0x26c97 last:0x4d3b09; DSP : data:0x0 last:0x0; 
I/EMDLOGGER1(  780): MDL rate:31 KB/s, full count:0
I/System.out( 9685): isFirstLocfalse
I/KeyguardUpdateMonitor( 1045): handleBatteryUpdate index=0 updateInteresting=false
I/BatteryConsumeMonitor( 1344): init var lastPlugType : 2 lastBatteryChangedLevel : 100
I/libPerfService(  881): perfSetFavorPid - pid:9685, 25d5
I/libPerfService(  881): perfSetFavorPid - pid:0, 0
I/QuenedWorkProxy( 8391): clean QuenedWork.sPendingWorkFinishers(185342190) size 0
I/QuenedWorkProxy( 8391): clean QuenedWork.sPendingWorkFinishers(185342190) size 0
I/SurfaceFlinger(  276): [Built-in Screen (type:0)] fps:0.700183,dur:2856.40,max:1863.82,min:992.58
I/thermal_repeater(  322): oh, queryMdThermalInfo (0)Bad file number
I/thermal_repeater(  322): [recvMdThermalInfo] ret=25, strLen=127,  1, 32767,,, -1, 32767, 2
I/AudioFlinger(  304): setParameters(): io 0, keyvalue mediaserver_monitor=1, calling pid 881
W/AudioALSAHardware(  304): setParameters(), still have param.size() = 1, remain param = "mediaserver_monitor=1"
I/str_params(  304): key: 'mediaserver_monitor' value: '1'
I/AudioPolicyManager(  304): setStreamVolumeIndex stream = 7 index = 15 device = 0x400
D/[BT3.0+HS]PAL(  332): == chip_reset_fd is set ==
D/[BT3.0+HS]PAL(  332): 
D/[BT3.0+HS]PAL(  332): invalid reply message
D/[BT3.0+HS]PAL(  332): 
I/SurfaceFlinger(  276): [Built-in Screen (type:0)] fps:0.161705,dur:6184.10,max:6184.10,min:6184.10
I/EMDLOGGER1(  780): MD writer time out 10 sec.
I/thermal_repeater(  322): oh, queryMdThermalInfo (0)Bad file number
I/thermal_repeater(  322): [recvMdThermalInfo] ret=25, strLen=127,  1, 32767,,, -1, 32767, 2
I/Netd    (  299): Get netlink event, ifname: wlan0 action: 4
I/Netd    (  299): Get netlink event, ifname: wlan0 action: 4
E/wpa_supplicant( 1294): This is a Iphone softap!!!!!!! 
E/wpa_supplicant( 1294): This is a Iphone softap!!!!!!! 
D/[BT3.0+HS]PAL(  332): == chip_reset_fd is set ==
D/[BT3.0+HS]PAL(  332): 
D/[BT3.0+HS]PAL(  332): invalid reply message
D/[BT3.0+HS]PAL(  332): 
D/[BT3.0+HS]PAL(  332): == chip_reset_fd is set ==
D/[BT3.0+HS]PAL(  332): 
D/[BT3.0+HS]PAL(  332): invalid reply message
D/[BT3.0+HS]PAL(  332): 
E/wpa_supplicant( 1294): This is a Iphone softap!!!!!!! 
E/wpa_supplicant( 1294): This is a Iphone softap!!!!!!! 
I/SurfaceFlinger(  276): [Built-in Screen (type:0)] fps:0.989761,dur:1010.35,max:1010.35,min:1010.35
E/WifiConfigStore(  881):  rewrite network history for "chaozhouniurouwan"WPA_PSK
E/WifiStateMachine(  881): mIsFullScanOngoing: true, mSendScanResultsBroadcast: false
E/WifiStateMachine(  881): mWifiOnScanCount: 1196
I/libPerfService(  881): perfSetFavorPid - pid:9685, 25d5
I/System.out( 9685): isFirstLocfalse
I/art     (  881): Background sticky concurrent mark sweep GC freed 17877(2MB) AllocSpace objects, 0(0B) LOS objects, 2% free, 46MB/48MB, paused 5.595ms total 83.435ms
W/ContextImpl( 9304): Calling a method in the system process without a qualified user: android.app.ContextImpl.startService:1863 android.content.ContextWrapper.startService:516 android.content.ContextWrapper.startService:516 com.meizu.dataservice.ExperienceReceiver.a:-1 com.meizu.dataservice.ExperienceReceiver.onReceive:-1 
I/System.out( 9685): isFirstLocfalse
I/KeyguardUpdateMonitor( 1045): handleBatteryUpdate index=0 updateInteresting=false
I/BatteryConsumeMonitor( 1344): init var lastPlugType : 2 lastBatteryChangedLevel : 100
I/libPerfService(  881): perfSetFavorPid - pid:0, 0
I/QuenedWorkProxy( 8391): clean QuenedWork.sPendingWorkFinishers(185342190) size 0
I/QuenedWorkProxy( 8391): clean QuenedWork.sPendingWorkFinishers(185342190) size 0
I/SurfaceFlinger(  276): [Built-in Screen (type:0)] fps:0.356610,dur:2804.18,max:2804.18,min:2804.18
D/EMDLOGGER1(  780): CTRL_reader: incoming SPLM req, msgid=6, token=0, result=0
I/EMDLOGGER1(  780): [MDLOG] [stats][buf] L1 : data:0x15086 last:0x4d45fb; (1, 0x3ad4, 0x4d45fb)(3, 0x3a3, 0x4d4512)PS : data:0x3e77 last:0x4d45fb; L2 : data:0x2f88 last:0x4d45fb; 
D/EMDLOGGER1(  780): CTRL_reader: incoming SPLM req, msgid=6, token=0, result=0
I/EMDLOGGER1(  780): [MDLOG] [stats][mux] MCU : data:0x1f67f last:0x4d4512; DSP : data:0x0 last:0x0; 
