I/AudioPolicyManager(  296): setStreamVolumeIndex stream = 7 index = 15 device = 0x400
I/thermal_repeater(  322): oh, queryMdThermalInfo (0)Bad file number
I/thermal_repeater(  322): [recvMdThermalInfo] ret=25, strLen=127,  1, 32767,,, -1, 32767, 2
I/KeyguardUpdateMonitor( 1042): handleBatteryUpdate index=0 updateInteresting=false
I/BatteryConsumeMonitor( 1343): init var lastPlugType : 2 lastBatteryChangedLevel : 57
E/WifiManagerFlyme( 1343): disableScanInterface exception: java.lang.NoSuchMethodException
E/ActivityManagerFlyme( 1343): getCloneIDFromPid exception java.lang.NoSuchMethodException
E/ActivityManagerFlyme( 1343): getCloneIDFromPid exception java.lang.NoSuchMethodException
E/ActivityManagerFlyme( 1343): getCloneIDFromPid exception java.lang.NoSuchMethodException
E/ActivityManagerFlyme( 1343): getCloneIDFromPid exception java.lang.NoSuchMethodException
E/ActivityManagerFlyme( 1343): getCloneIDFromPid exception java.lang.NoSuchMethodException
E/ActivityManagerFlyme( 1343): getCloneIDFromPid exception java.lang.NoSuchMethodException
E/ActivityManagerFlyme( 1343): getCloneIDFromPid exception java.lang.NoSuchMethodException
E/ActivityManagerFlyme( 1343): getCloneIDFromPid exception java.lang.NoSuchMethodException
E/ActivityManagerFlyme( 1343): getCloneIDFromPid exception java.lang.NoSuchMethodException
E/ActivityManagerFlyme( 1343): getCloneIDFromPid exception java.lang.NoSuchMethodException
E/ActivityManagerFlyme( 1343): getCloneIDFromPid exception java.lang.NoSuchMethodException
E/ActivityManagerFlyme( 1343): getCloneIDFromPid exception java.lang.NoSuchMethodException
E/ActivityManagerFlyme( 1343): getCloneIDFromPid exception java.lang.NoSuchMethodException
E/ActivityManagerFlyme( 1343): getCloneIDFromPid exception java.lang.NoSuchMethodException
E/ActivityManagerFlyme( 1343): getCloneIDFromPid exception java.lang.NoSuchMethodException
E/ActivityManagerFlyme( 1343): getCloneIDFromPid exception java.lang.NoSuchMethodException
E/ActivityManagerFlyme( 1343): getCloneIDFromPid exception java.lang.NoSuchMethodException
E/ActivityManagerFlyme( 1343): getCloneIDFromPid exception java.lang.NoSuchMethodException
E/ActivityManagerFlyme( 1343): getCloneIDFromPid exception java.lang.NoSuchMethodException
W/ContextImpl( 1667): Calling a method in the system process without a qualified user: android.app.ContextImpl.startService:1863 android.content.ContextWrapper.startService:516 com.meizu.networkmanager.monitor.w.a:118 com.meizu.networkmanager.monitor.w.a:62 com.meizu.networkmanager.monitor.w$1.run:69 
E/ActivityManagerFlyme( 1343): getCloneIDFromPid exception java.lang.NoSuchMethodException
E/ActivityManagerFlyme( 1343): getCloneIDFromPid exception java.lang.NoSuchMethodException
E/ActivityManagerFlyme( 1343): getCloneIDFromPid exception java.lang.NoSuchMethodException
E/ActivityManagerFlyme( 1343): getCloneIDFromPid exception java.lang.NoSuchMethodException
E/ActivityManagerFlyme( 1343): getCloneIDFromPid exception java.lang.NoSuchMethodException
E/ActivityManagerFlyme( 1343): getCloneIDFromPid exception java.lang.NoSuchMethodException
E/ActivityManagerFlyme( 1343): getCloneIDFromPid exception java.lang.NoSuchMethodException
E/ActivityManagerFlyme( 1343): getCloneIDFromPid exception java.lang.NoSuchMethodException
E/ActivityManagerFlyme( 1343): getCloneIDFromPid exception java.lang.NoSuchMethodException
E/ActivityManagerFlyme( 1343): getCloneIDFromPid exception java.lang.NoSuchMethodException
E/ActivityManagerFlyme( 1343): getCloneIDFromPid exception java.lang.NoSuchMethodException
E/ActivityManagerFlyme( 1343): getCloneIDFromPid exception java.lang.NoSuchMethodException
E/ActivityManagerFlyme( 1343): getCloneIDFromPid exception java.lang.NoSuchMethodException
E/ActivityManagerFlyme( 1343): getCloneIDFromPid exception java.lang.NoSuchMethodException
E/ActivityManagerFlyme( 1343): getCloneIDFromPid exception java.lang.NoSuchMethodException
E/ActivityManagerFlyme( 1343): getCloneIDFromPid exception java.lang.NoSuchMethodException
E/ActivityManagerFlyme( 1343): getCloneIDFromPid exception java.lang.NoSuchMethodException
E/ActivityManagerFlyme( 1343): getCloneIDFromPid exception java.lang.NoSuchMethodException
E/ActivityManagerFlyme( 1343): getCloneIDFromPid exception java.lang.NoSuchMethodException
E/ActivityManagerFlyme( 1343): getCloneIDFromPid exception java.lang.NoSuchMethodException
E/ActivityManagerFlyme( 1343): getRunningTaskInfoCloneId failed: java.lang.NoSuchFieldException: mCloneID
I/thermal_repeater(  322): oh, queryMdThermalInfo (0)Bad file number
I/thermal_repeater(  322): [recvMdThermalInfo] ret=25, strLen=127,  1, 32767,,, -1, 32767, 2
I/SensorHAL(  877): Dev Batch, handle: 7, name: LSM6DS3 Step Counter Sensor
I/AudioFlinger(  296): setParameters(): io 0, keyvalue mediaserver_monitor=1, calling pid 877
W/AudioALSAHardware(  296): setParameters(), still have param.size() = 1, remain param = "mediaserver_monitor=1"
I/str_params(  296): key: 'mediaserver_monitor' value: '1'
I/AudioPolicyManager(  296): setStreamVolumeIndex stream = 7 index = 15 device = 0x400
I/thermal_repeater(  322): oh, queryMdThermalInfo (0)Bad file number
I/thermal_repeater(  322): [recvMdThermalInfo] ret=25, strLen=127,  1, 32767,,, -1, 32767, 2
I/BatteryConsumeMonitor( 1343): init var lastPlugType : 2 lastBatteryChangedLevel : 57
I/KeyguardUpdateMonitor( 1042): handleBatteryUpdate index=0 updateInteresting=false
I/thermal_repeater(  322): oh, queryMdThermalInfo (0)Bad file number
I/thermal_repeater(  322): [recvMdThermalInfo] ret=25, strLen=127,  1, 32767,,, -1, 32767, 2
I/AudioFlinger(  296): setParameters(): io 0, keyvalue mediaserver_monitor=1, calling pid 877
W/AudioALSAHardware(  296): setParameters(), still have param.size() = 1, remain param = "mediaserver_monitor=1"
I/str_params(  296): key: 'mediaserver_monitor' value: '1'
I/AudioPolicyManager(  296): setStreamVolumeIndex stream = 7 index = 15 device = 0x400
W/Watchdog(  877): SWT Watchdog after wait current time:7596275
W/Watchdog(  877): **Get SF Time **1
W/Watchdog(  877): SWT Watchdog before synchronized:7596276
W/Watchdog(  877): SWT Watchdog after synchronized:7596276
W/Watchdog(  877): SWT Watchdog before wait timeout:30000
W/Watchdog(  877): SWT Watchdog before wait current time:7596276
W/Watchdog(  877): SWT Watchdog before wait start:7596276
W/Watchdog(  877): SWT Watchdog before wait CHECK_INTERVAL:30000
I/thermal_repeater(  322): oh, queryMdThermalInfo (0)Bad file number
I/thermal_repeater(  322): [recvMdThermalInfo] ret=25, strLen=127,  1, 32767,,, -1, 32767, 2
I/BatteryConsumeMonitor( 1343): init var lastPlugType : 2 lastBatteryChangedLevel : 57
I/KeyguardUpdateMonitor( 1042): handleBatteryUpdate index=0 updateInteresting=false
W/JobSchedulerService( 2580): onCreate:101,102,105,103,
W/JobSchedulerService( 2580): onStartJob:105,currentJobs:101,102,105,103,
W/JobServiceContext(  877): verifyCallingUid.753..:[ComponentInfo{com.meizu.mstore/com.meizu.cloud.app.jobscheduler.JobSchedulerService},jId=105,u0,R=(-00:00,-00:00),N=2,C=false,I=false,F=0,P=false(READY)]
W/JobServiceContext(  877): verifyCallingUid. END
W/JobSchedulerService( 2580): onStartJob:101,currentJobs:101,102,105,103,
W/JobServiceContext(  877): verifyCallingUid.268..:[ComponentInfo{com.meizu.mstore/com.meizu.cloud.app.jobscheduler.JobSchedulerService},jId=101,u0,R=(-05:42,54:17),N=2,C=false,I=false,F=0,P=true(READY)]
W/JobServiceContext(  877): verifyCallingUid. END
I/auto_update_AppAutoUpdateManager( 2580): runAutoUpdateJobPeriod,start:false,interval:113/240 minutes,throttle:true,switch:true, wifi:true, and Screen on: false, Power Connected: true, Battery: 57(-50|+15), Competitive:false(not check), downloaded size:0, downloaded time:0, available size:0
W/JobServiceContext(  877): verifyCallingUid.268..:[ComponentInfo{com.meizu.mstore/com.meizu.cloud.app.jobscheduler.JobSchedulerService},jId=101,u0,R=(-05:42,54:17),N=2,C=false,I=false,F=0,P=true(READY)]
W/JobServiceContext(  877): verifyCallingUid. END
W/JobServiceContext(  877): closeAndCleanupJobH.268..:[ComponentInfo{com.meizu.mstore/com.meizu.cloud.app.jobscheduler.JobSchedulerService},jId=101,u0,R=(-05:42,54:17),N=2,C=false,I=false,F=0,P=true(READY)]
W/JobServiceContext(  877): verifyCallingUid.753..:[ComponentInfo{com.meizu.mstore/com.meizu.cloud.app.jobscheduler.JobSchedulerService},jId=105,u0,R=(-00:00,-00:00),N=2,C=false,I=false,F=0,P=false(READY)]
W/JobServiceContext(  877): verifyCallingUid. END
W/JobServiceContext(  877): closeAndCleanupJobH.753..:[ComponentInfo{com.meizu.mstore/com.meizu.cloud.app.jobscheduler.JobSchedulerService},jId=105,u0,R=(-00:00,-00:00),N=2,C=false,I=false,F=0,P=false(READY)]
W/JobSchedulerService( 2580): onDestroy:102,101,103,
W/JobSchedulerService( 2580): onCreate:102,101,103,
W/JobSchedulerService( 2580): onStartJob:105,currentJobs:102,101,103,
W/JobServiceContext(  877): verifyCallingUid.753..:[ComponentInfo{com.meizu.mstore/com.meizu.cloud.app.jobscheduler.JobSchedulerService},jId=105,u0,R=(-00:00,-00:00),N=2,C=false,I=false,F=0,P=false(READY)]
W/JobServiceContext(  877): verifyCallingUid. END
W/JobServiceContext(  877): verifyCallingUid.753..:[ComponentInfo{com.meizu.mstore/com.meizu.cloud.app.jobscheduler.JobSchedulerService},jId=105,u0,R=(-00:00,-00:00),N=2,C=false,I=false,F=0,P=false(READY)]
W/JobServiceContext(  877): verifyCallingUid. END
W/JobServiceContext(  877): closeAndCleanupJobH.753..:[ComponentInfo{com.meizu.mstore/com.meizu.cloud.app.jobscheduler.JobSchedulerService},jId=105,u0,R=(-00:00,-00:00),N=2,C=false,I=false,F=0,P=false(READY)]
W/JobSchedulerService( 2580): onDestroy:102,101,103,
I/thermal_repeater(  322): oh, queryMdThermalInfo (0)Bad file number
I/thermal_repeater(  322): [recvMdThermalInfo] ret=25, strLen=127,  1, 32767,,, -1, 32767, 2
I/AudioFlinger(  296): setParameters(): io 0, keyvalue mediaserver_monitor=1, calling pid 877
W/AudioALSAHardware(  296): setParameters(), still have param.size() = 1, remain param = "mediaserver_monitor=1"
I/str_params(  296): key: 'mediaserver_monitor' value: '1'
I/AudioPolicyManager(  296): setStreamVolumeIndex stream = 7 index = 15 device = 0x400
I/crashsdk(15286): Begin update unexp info ...
I/crashsdk(15286): Update unexp info took 2 ms
I/thermal_repeater(  322): oh, queryMdThermalInfo (0)Bad file number
I/thermal_repeater(  322): [recvMdThermalInfo] ret=25, strLen=127,  1, 32767,,, -1, 32767, 2
I/thermal_repeater(  322): oh, queryMdThermalInfo (0)Bad file number
I/thermal_repeater(  322): [recvMdThermalInfo] ret=25, strLen=127,  1, 32767,,, -1, 32767, 2
I/AudioFlinger(  296): setParameters(): io 0, keyvalue mediaserver_monitor=1, calling pid 877
W/AudioALSAHardware(  296): setParameters(), still have param.size() = 1, remain param = "mediaserver_monitor=1"
I/str_params(  296): key: 'mediaserver_monitor' value: '1'
I/AudioPolicyManager(  296): setStreamVolumeIndex stream = 7 index = 15 device = 0x400
I/PanelView( 1042): Max panel height 657,expand height 657.0, shade mode false
I/PanelView( 1042): Max panel height 657,expand height 657.0, shade mode false
I/thermal_repeater(  322): oh, queryMdThermalInfo (0)Bad file number
I/thermal_repeater(  322): [recvMdThermalInfo] ret=25, strLen=127,  1, 32767,,, -1, 32767, 2
I/BatteryConsumeMonitor( 1343): init var lastPlugType : 2 lastBatteryChangedLevel : 57
I/KeyguardUpdateMonitor( 1042): handleBatteryUpdate index=0 updateInteresting=false
I/thermal_repeater(  322): oh, queryMdThermalInfo (0)Bad file number
I/thermal_repeater(  322): [recvMdThermalInfo] ret=25, strLen=127,  1, 32767,,, -1, 32767, 2
I/AudioFlinger(  296): setParameters(): io 0, keyvalue mediaserver_monitor=1, calling pid 877
W/AudioALSAHardware(  296): setParameters(), still have param.size() = 1, remain param = "mediaserver_monitor=1"
I/str_params(  296): key: 'mediaserver_monitor' value: '1'
I/AudioPolicyManager(  296): setStreamVolumeIndex stream = 7 index = 15 device = 0x400
W/Watchdog(  877): SWT Watchdog after wait current time:7626276
W/Watchdog(  877): **Get SF Time **1
W/Watchdog(  877): SWT Watchdog before synchronized:7626276
W/Watchdog(  877): SWT Watchdog after synchronized:7626276
W/Watchdog(  877): SWT Watchdog before wait timeout:30000
W/Watchdog(  877): SWT Watchdog before wait current time:7626276
W/Watchdog(  877): SWT Watchdog before wait start:7626276
W/Watchdog(  877): SWT Watchdog before wait CHECK_INTERVAL:30000
I/thermal_repeater(  322): oh, queryMdThermalInfo (0)Bad file number
I/thermal_repeater(  322): [recvMdThermalInfo] ret=25, strLen=127,  1, 32767,,, -1, 32767, 2
I/BatteryConsumeMonitor( 1343): init var lastPlugType : 2 lastBatteryChangedLevel : 57
I/KeyguardUpdateMonitor( 1042): handleBatteryUpdate index=0 updateInteresting=false
I/thermal_repeater(  322): oh, queryMdThermalInfo (0)Bad file number
I/thermal_repeater(  322): [recvMdThermalInfo] ret=25, strLen=127,  1, 32767,,, -1, 32767, 2
I/AudioFlinger(  296): setParameters(): io 0, keyvalue mediaserver_monitor=1, calling pid 877
W/AudioALSAHardware(  296): setParameters(), still have param.size() = 1, remain param = "mediaserver_monitor=1"
I/str_params(  296): key: 'mediaserver_monitor' value: '1'
I/AudioPolicyManager(  296): setStreamVolumeIndex stream = 7 index = 15 device = 0x400
I/thermal_repeater(  322): oh, queryMdThermalInfo (0)Bad file number
I/thermal_repeater(  322): [recvMdThermalInfo] ret=25, strLen=127,  1, 32767,,, -1, 32767, 2
I/BatteryConsumeMonitor( 1343): init var lastPlugType : 2 lastBatteryChangedLevel : 57
I/KeyguardUpdateMonitor( 1042): handleBatteryUpdate index=0 updateInteresting=false
I/thermal_repeater(  322): oh, queryMdThermalInfo (0)Bad file number
I/thermal_repeater(  322): [recvMdThermalInfo] ret=25, strLen=127,  1, 32767,,, -1, 32767, 2
I/AudioFlinger(  296): setParameters(): io 0, keyvalue mediaserver_monitor=1, calling pid 877
W/AudioALSAHardware(  296): setParameters(), still have param.size() = 1, remain param = "mediaserver_monitor=1"
I/str_params(  296): key: 'mediaserver_monitor' value: '1'
I/AudioPolicyManager(  296): setStreamVolumeIndex stream = 7 index = 15 device = 0x400
I/thermal_repeater(  322): oh, queryMdThermalInfo (0)Bad file number
I/thermal_repeater(  322): [recvMdThermalInfo] ret=25, strLen=127,  1, 32767,,, -1, 32767, 2
I/BatteryConsumeMonitor( 1343): init var lastPlugType : 2 lastBatteryChangedLevel : 57
I/KeyguardUpdateMonitor( 1042): handleBatteryUpdate index=0 updateInteresting=false
I/thermal_repeater(  322): oh, queryMdThermalInfo (0)Bad file number
I/thermal_repeater(  322): [recvMdThermalInfo] ret=25, strLen=127,  1, 32767,,, -1, 32767, 2
I/AudioFlinger(  296): setParameters(): io 0, keyvalue mediaserver_monitor=1, calling pid 877
W/AudioALSAHardware(  296): setParameters(), still have param.size() = 1, remain param = "mediaserver_monitor=1"
I/str_params(  296): key: 'mediaserver_monitor' value: '1'
I/AudioPolicyManager(  296): setStreamVolumeIndex stream = 7 index = 15 device = 0x400
W/Watchdog(  877): SWT Watchdog after wait current time:7656277
W/Watchdog(  877): **Get SF Time **1
W/Watchdog(  877): SWT Watchdog before synchronized:7656277
W/Watchdog(  877): SWT Watchdog after synchronized:7656277
W/Watchdog(  877): SWT Watchdog before wait timeout:30000
W/Watchdog(  877): SWT Watchdog before wait current time:7656277
W/Watchdog(  877): SWT Watchdog before wait start:7656277
W/Watchdog(  877): SWT Watchdog before wait CHECK_INTERVAL:30000
I/thermal_repeater(  322): oh, queryMdThermalInfo (0)Bad file number
I/thermal_repeater(  322): [recvMdThermalInfo] ret=25, strLen=127,  1, 32767,,, -1, 32767, 2
I/BatteryConsumeMonitor( 1343): init var lastPlugType : 2 lastBatteryChangedLevel : 57
I/KeyguardUpdateMonitor( 1042): handleBatteryUpdate index=0 updateInteresting=false
I/thermal_repeater(  322): oh, queryMdThermalInfo (0)Bad file number
I/thermal_repeater(  322): [recvMdThermalInfo] ret=25, strLen=127,  1, 32767,,, -1, 32767, 2
I/AudioFlinger(  296): setParameters(): io 0, keyvalue mediaserver_monitor=1, calling pid 877
W/AudioALSAHardware(  296): setParameters(), still have param.size() = 1, remain param = "mediaserver_monitor=1"
I/str_params(  296): key: 'mediaserver_monitor' value: '1'
I/AudioPolicyManager(  296): setStreamVolumeIndex stream = 7 index = 15 device = 0x400
I/thermal_repeater(  322): oh, queryMdThermalInfo (0)Bad file number
I/thermal_repeater(  322): [recvMdThermalInfo] ret=25, strLen=127,  1, 32767,,, -1, 32767, 2
I/BatteryConsumeMonitor( 1343): init var lastPlugType : 2 lastBatteryChangedLevel : 57
I/KeyguardUpdateMonitor( 1042): handleBatteryUpdate index=0 updateInteresting=false
I/thermal_repeater(  322): oh, queryMdThermalInfo (0)Bad file number
I/thermal_repeater(  322): [recvMdThermalInfo] ret=25, strLen=127,  1, 32767,,, -1, 32767, 2
I/AudioFlinger(  296): setParameters(): io 0, keyvalue mediaserver_monitor=1, calling pid 877
W/AudioALSAHardware(  296): setParameters(), still have param.size() = 1, remain param = "mediaserver_monitor=1"
I/str_params(  296): key: 'mediaserver_monitor' value: '1'
I/AudioPolicyManager(  296): setStreamVolumeIndex stream = 7 index = 15 device = 0x400
I/PanelView( 1042): Max panel height 657,expand height 657.0, shade mode false
I/PanelView( 1042): Max panel height 657,expand height 657.0, shade mode false
I/thermal_repeater(  322): oh, queryMdThermalInfo (0)Bad file number
I/thermal_repeater(  322): [recvMdThermalInfo] ret=25, strLen=127,  1, 32767,,, -1, 32767, 2
I/KeyguardUpdateMonitor( 1042): handleBatteryUpdate index=0 updateInteresting=false
I/BatteryConsumeMonitor( 1343): init var lastPlugType : 2 lastBatteryChangedLevel : 57
I/thermal_repeater(  322): oh, queryMdThermalInfo (0)Bad file number
I/thermal_repeater(  322): [recvMdThermalInfo] ret=25, strLen=127,  1, 32767,,, -1, 32767, 2
I/AudioFlinger(  296): setParameters(): io 0, keyvalue mediaserver_monitor=1, calling pid 877
W/AudioALSAHardware(  296): setParameters(), still have param.size() = 1, remain param = "mediaserver_monitor=1"
I/str_params(  296): key: 'mediaserver_monitor' value: '1'
I/AudioPolicyManager(  296): setStreamVolumeIndex stream = 7 index = 15 device = 0x400
W/Watchdog(  877): SWT Watchdog after wait current time:7686277
W/Watchdog(  877): **Get SF Time **1
W/Watchdog(  877): SWT Watchdog before synchronized:7686277
W/Watchdog(  877): SWT Watchdog after synchronized:7686277
W/Watchdog(  877): SWT Watchdog before wait timeout:30000
W/Watchdog(  877): SWT Watchdog before wait current time:7686278
W/Watchdog(  877): SWT Watchdog before wait start:7686278
W/Watchdog(  877): SWT Watchdog before wait CHECK_INTERVAL:30000
I/thermal_repeater(  322): oh, queryMdThermalInfo (0)Bad file number
I/thermal_repeater(  322): [recvMdThermalInfo] ret=25, strLen=127,  1, 32767,,, -1, 32767, 2
I/KeyguardUpdateMonitor( 1042): handleBatteryUpdate index=0 updateInteresting=false
I/BatteryConsumeMonitor( 1343): init var lastPlugType : 2 lastBatteryChangedLevel : 57
I/thermal_repeater(  322): oh, queryMdThermalInfo (0)Bad file number
I/thermal_repeater(  322): [recvMdThermalInfo] ret=25, strLen=127,  1, 32767,,, -1, 32767, 2
I/AudioFlinger(  296): setParameters(): io 0, keyvalue mediaserver_monitor=1, calling pid 877
W/AudioALSAHardware(  296): setParameters(), still have param.size() = 1, remain param = "mediaserver_monitor=1"
I/str_params(  296): key: 'mediaserver_monitor' value: '1'
I/AudioPolicyManager(  296): setStreamVolumeIndex stream = 7 index = 15 device = 0x400
I/thermal_repeater(  322): oh, queryMdThermalInfo (0)Bad file number
I/thermal_repeater(  322): [recvMdThermalInfo] ret=25, strLen=127,  1, 32767,,, -1, 32767, 2
I/KeyguardUpdateMonitor( 1042): handleBatteryUpdate index=0 updateInteresting=false
I/BatteryConsumeMonitor( 1343): init var lastPlugType : 2 lastBatteryChangedLevel : 57
I/thermal_repeater(  322): oh, queryMdThermalInfo (0)Bad file number
I/thermal_repeater(  322): [recvMdThermalInfo] ret=25, strLen=127,  1, 32767,,, -1, 32767, 2
I/AudioFlinger(  296): setParameters(): io 0, keyvalue mediaserver_monitor=1, calling pid 877
W/AudioALSAHardware(  296): setParameters(), still have param.size() = 1, remain param = "mediaserver_monitor=1"
I/str_params(  296): key: 'mediaserver_monitor' value: '1'
I/AudioPolicyManager(  296): setStreamVolumeIndex stream = 7 index = 15 device = 0x400
I/thermal_repeater(  322): oh, queryMdThermalInfo (0)Bad file number
I/thermal_repeater(  322): [recvMdThermalInfo] ret=25, strLen=127,  1, 32767,,, -1, 32767, 2
I/thermal_repeater(  322): oh, queryMdThermalInfo (0)Bad file number
I/thermal_repeater(  322): [recvMdThermalInfo] ret=25, strLen=127,  1, 32767,,, -1, 32767, 2
I/AudioFlinger(  296): setParameters(): io 0, keyvalue mediaserver_monitor=1, calling pid 877
W/AudioALSAHardware(  296): setParameters(), still have param.size() = 1, remain param = "mediaserver_monitor=1"
I/str_params(  296): key: 'mediaserver_monitor' value: '1'
I/AudioPolicyManager(  296): setStreamVolumeIndex stream = 7 index = 15 device = 0x400
W/Watchdog(  877): SWT Watchdog after wait current time:7716278
W/Watchdog(  877): **Get SF Time **1
W/Watchdog(  877): SWT Watchdog before synchronized:7716278
W/Watchdog(  877): SWT Watchdog after synchronized:7716278
W/Watchdog(  877): SWT Watchdog before wait timeout:30000
W/Watchdog(  877): SWT Watchdog before wait current time:7716278
W/Watchdog(  877): SWT Watchdog before wait start:7716278
W/Watchdog(  877): SWT Watchdog before wait CHECK_INTERVAL:30000
I/thermal_repeater(  322): oh, queryMdThermalInfo (0)Bad file number
I/thermal_repeater(  322): [recvMdThermalInfo] ret=25, strLen=127,  1, 32767,,, -1, 32767, 2
I/thermal_repeater(  322): oh, queryMdThermalInfo (0)Bad file number
I/thermal_repeater(  322): [recvMdThermalInfo] ret=25, strLen=127,  1, 32767,,, -1, 32767, 2
I/AudioFlinger(  296): setParameters(): io 0, keyvalue mediaserver_monitor=1, calling pid 877
W/AudioALSAHardware(  296): setParameters(), still have param.size() = 1, remain param = "mediaserver_monitor=1"
I/str_params(  296): key: 'mediaserver_monitor' value: '1'
I/AudioPolicyManager(  296): setStreamVolumeIndex stream = 7 index = 15 device = 0x400
I/thermal_repeater(  322): oh, queryMdThermalInfo (0)Bad file number
I/thermal_repeater(  322): [recvMdThermalInfo] ret=25, strLen=127,  1, 32767,,, -1, 32767, 2
I/BatteryConsumeMonitor( 1343): init var lastPlugType : 2 lastBatteryChangedLevel : 57
I/KeyguardUpdateMonitor( 1042): handleBatteryUpdate index=0 updateInteresting=false
I/thermal_repeater(  322): oh, queryMdThermalInfo (0)Bad file number
I/thermal_repeater(  322): [recvMdThermalInfo] ret=25, strLen=127,  1, 32767,,, -1, 32767, 2
I/AudioFlinger(  296): setParameters(): io 0, keyvalue mediaserver_monitor=1, calling pid 877
W/AudioALSAHardware(  296): setParameters(), still have param.size() = 1, remain param = "mediaserver_monitor=1"
I/str_params(  296): key: 'mediaserver_monitor' value: '1'
I/AudioPolicyManager(  296): setStreamVolumeIndex stream = 7 index = 15 device = 0x400
I/PanelView( 1042): Max panel height 657,expand height 657.0, shade mode false
I/PanelView( 1042): Max panel height 657,expand height 657.0, shade mode false
I/thermal_repeater(  322): oh, queryMdThermalInfo (0)Bad file number
I/thermal_repeater(  322): [recvMdThermalInfo] ret=25, strLen=127,  1, 32767,,, -1, 32767, 2
I/BatteryConsumeMonitor( 1343): init var lastPlugType : 2 lastBatteryChangedLevel : 58
I/KeyguardUpdateMonitor( 1042): handleBatteryUpdate index=0 updateInteresting=true
I/ChargeViewUtils( 1042): onRefreshBatteryInfo
I/ChargeViewUtils( 1042): updateChargingState shouldChargingViewShow = true , mPluggedIn = true
I/PanelView( 1042): Max panel height 657,expand height 657.0, shade mode false
I/PreDownloadAndBookAppManager( 2580): normalCheck: true, post delay 2 min to  start book download task
I/thermal_repeater(  322): oh, queryMdThermalInfo (0)Bad file number
I/thermal_repeater(  322): [recvMdThermalInfo] ret=25, strLen=127,  1, 32767,,, -1, 32767, 2
I/AudioFlinger(  296): setParameters(): io 0, keyvalue mediaserver_monitor=1, calling pid 877
W/AudioALSAHardware(  296): setParameters(), still have param.size() = 1, remain param = "mediaserver_monitor=1"
I/str_params(  296): key: 'mediaserver_monitor' value: '1'
I/AudioPolicyManager(  296): setStreamVolumeIndex stream = 7 index = 15 device = 0x400
W/Watchdog(  877): SWT Watchdog after wait current time:7746278
W/Watchdog(  877): **Get SF Time **1
W/Watchdog(  877): SWT Watchdog before synchronized:7746279
W/Watchdog(  877): SWT Watchdog after synchronized:7746279
W/Watchdog(  877): SWT Watchdog before wait timeout:30000
W/Watchdog(  877): SWT Watchdog before wait current time:7746279
W/Watchdog(  877): SWT Watchdog before wait start:7746279
W/Watchdog(  877): SWT Watchdog before wait CHECK_INTERVAL:30000
I/thermal_repeater(  322): oh, queryMdThermalInfo (0)Bad file number
I/thermal_repeater(  322): [recvMdThermalInfo] ret=25, strLen=127,  1, 32767,,, -1, 32767, 2
I/thermal_repeater(  322): oh, queryMdThermalInfo (0)Bad file number
I/thermal_repeater(  322): [recvMdThermalInfo] ret=25, strLen=127,  1, 32767,,, -1, 32767, 2
I/AudioFlinger(  296): setParameters(): io 0, keyvalue mediaserver_monitor=1, calling pid 877
W/AudioALSAHardware(  296): setParameters(), still have param.size() = 1, remain param = "mediaserver_monitor=1"
I/str_params(  296): key: 'mediaserver_monitor' value: '1'
I/AudioPolicyManager(  296): setStreamVolumeIndex stream = 7 index = 15 device = 0x400
I/thermal_repeater(  322): oh, queryMdThermalInfo (0)Bad file number
I/thermal_repeater(  322): [recvMdThermalInfo] ret=25, strLen=127,  1, 32767,,, -1, 32767, 2
I/thermal_repeater(  322): oh, queryMdThermalInfo (0)Bad file number
I/thermal_repeater(  322): [recvMdThermalInfo] ret=25, strLen=127,  1, 32767,,, -1, 32767, 2
I/AudioFlinger(  296): setParameters(): io 0, keyvalue mediaserver_monitor=1, calling pid 877
W/AudioALSAHardware(  296): setParameters(), still have param.size() = 1, remain param = "mediaserver_monitor=1"
I/str_params(  296): key: 'mediaserver_monitor' value: '1'
I/AudioPolicyManager(  296): setStreamVolumeIndex stream = 7 index = 15 device = 0x400
I/thermal_repeater(  322): oh, queryMdThermalInfo (0)Bad file number
I/thermal_repeater(  322): [recvMdThermalInfo] ret=25, strLen=127,  1, 32767,,, -1, 32767, 2
I/KeyguardUpdateMonitor( 1042): handleBatteryUpdate index=0 updateInteresting=false
I/BatteryConsumeMonitor( 1343): init var lastPlugType : 2 lastBatteryChangedLevel : 58
I/thermal_repeater(  322): oh, queryMdThermalInfo (0)Bad file number
I/thermal_repeater(  322): [recvMdThermalInfo] ret=25, strLen=127,  1, 32767,,, -1, 32767, 2
I/AudioFlinger(  296): setParameters(): io 0, keyvalue mediaserver_monitor=1, calling pid 877
W/AudioALSAHardware(  296): setParameters(), still have param.size() = 1, remain param = "mediaserver_monitor=1"
I/str_params(  296): key: 'mediaserver_monitor' value: '1'
I/AudioPolicyManager(  296): setStreamVolumeIndex stream = 7 index = 15 device = 0x400
W/Watchdog(  877): SWT Watchdog after wait current time:7776279
W/Watchdog(  877): **Get SF Time **1
W/Watchdog(  877): SWT Watchdog before synchronized:7776279
W/Watchdog(  877): SWT Watchdog after synchronized:7776279
W/Watchdog(  877): SWT Watchdog before wait timeout:30000
W/Watchdog(  877): SWT Watchdog before wait current time:7776279
W/Watchdog(  877): SWT Watchdog before wait start:7776279
W/Watchdog(  877): SWT Watchdog before wait CHECK_INTERVAL:30000
I/thermal_repeater(  322): oh, queryMdThermalInfo (0)Bad file number
I/thermal_repeater(  322): [recvMdThermalInfo] ret=25, strLen=127,  1, 32767,,, -1, 32767, 2
I/thermal_repeater(  322): oh, queryMdThermalInfo (0)Bad file number
I/thermal_repeater(  322): [recvMdThermalInfo] ret=25, strLen=127,  1, 32767,,, -1, 32767, 2
I/AudioFlinger(  296): setParameters(): io 0, keyvalue mediaserver_monitor=1, calling pid 877
W/AudioALSAHardware(  296): setParameters(), still have param.size() = 1, remain param = "mediaserver_monitor=1"
I/str_params(  296): key: 'mediaserver_monitor' value: '1'
I/AudioPolicyManager(  296): setStreamVolumeIndex stream = 7 index = 15 device = 0x400
I/crashsdk(15286): Begin update unexp info ...
I/crashsdk(15286): Update unexp info took 2 ms
I/thermal_repeater(  322): oh, queryMdThermalInfo (0)Bad file number
I/thermal_repeater(  322): [recvMdThermalInfo] ret=25, strLen=127,  1, 32767,,, -1, 32767, 2
I/thermal_repeater(  322): oh, queryMdThermalInfo (0)Bad file number
I/thermal_repeater(  322): [recvMdThermalInfo] ret=25, strLen=127,  1, 32767,,, -1, 32767, 2
I/AudioFlinger(  296): setParameters(): io 0, keyvalue mediaserver_monitor=1, calling pid 877
W/AudioALSAHardware(  296): setParameters(), still have param.size() = 1, remain param = "mediaserver_monitor=1"
I/str_params(  296): key: 'mediaserver_monitor' value: '1'
I/AudioPolicyManager(  296): setStreamVolumeIndex stream = 7 index = 15 device = 0x400
I/PanelView( 1042): Max panel height 657,expand height 657.0, shade mode false
I/PanelView( 1042): Max panel height 657,expand height 657.0, shade mode false
I/thermal_repeater(  322): oh, queryMdThermalInfo (0)Bad file number
I/thermal_repeater(  322): [recvMdThermalInfo] ret=25, strLen=127,  1, 32767,,, -1, 32767, 2
I/thermal_repeater(  322): oh, queryMdThermalInfo (0)Bad file number
I/thermal_repeater(  322): [recvMdThermalInfo] ret=25, strLen=127,  1, 32767,,, -1, 32767, 2
I/AudioFlinger(  296): setParameters(): io 0, keyvalue mediaserver_monitor=1, calling pid 877
W/AudioALSAHardware(  296): setParameters(), still have param.size() = 1, remain param = "mediaserver_monitor=1"
I/str_params(  296): key: 'mediaserver_monitor' value: '1'
I/AudioPolicyManager(  296): setStreamVolumeIndex stream = 7 index = 15 device = 0x400
W/Watchdog(  877): SWT Watchdog after wait current time:7806279
W/Watchdog(  877): **Get SF Time **1
W/Watchdog(  877): SWT Watchdog before synchronized:7806280
W/Watchdog(  877): SWT Watchdog after synchronized:7806280
W/Watchdog(  877): SWT Watchdog before wait timeout:30000
W/Watchdog(  877): SWT Watchdog before wait current time:7806280
W/Watchdog(  877): SWT Watchdog before wait start:7806280
W/Watchdog(  877): SWT Watchdog before wait CHECK_INTERVAL:30000
I/thermal_repeater(  322): oh, queryMdThermalInfo (0)Bad file number
I/thermal_repeater(  322): [recvMdThermalInfo] ret=25, strLen=127,  1, 32767,,, -1, 32767, 2
I/thermal_repeater(  322): oh, queryMdThermalInfo (0)Bad file number
I/thermal_repeater(  322): [recvMdThermalInfo] ret=25, strLen=127,  1, 32767,,, -1, 32767, 2
I/AudioFlinger(  296): setParameters(): io 0, keyvalue mediaserver_monitor=1, calling pid 877
W/AudioALSAHardware(  296): setParameters(), still have param.size() = 1, remain param = "mediaserver_monitor=1"
I/str_params(  296): key: 'mediaserver_monitor' value: '1'
I/AudioPolicyManager(  296): setStreamVolumeIndex stream = 7 index = 15 device = 0x400
I/thermal_repeater(  322): oh, queryMdThermalInfo (0)Bad file number
I/thermal_repeater(  322): [recvMdThermalInfo] ret=25, strLen=127,  1, 32767,,, -1, 32767, 2
I/KeyguardUpdateMonitor( 1042): handleBatteryUpdate index=0 updateInteresting=false
I/BatteryConsumeMonitor( 1343): init var lastPlugType : 2 lastBatteryChangedLevel : 58
I/thermal_repeater(  322): oh, queryMdThermalInfo (0)Bad file number
I/thermal_repeater(  322): [recvMdThermalInfo] ret=25, strLen=127,  1, 32767,,, -1, 32767, 2
I/AudioFlinger(  296): setParameters(): io 0, keyvalue mediaserver_monitor=1, calling pid 877
W/AudioALSAHardware(  296): setParameters(), still have param.size() = 1, remain param = "mediaserver_monitor=1"
I/str_params(  296): key: 'mediaserver_monitor' value: '1'
I/AudioPolicyManager(  296): setStreamVolumeIndex stream = 7 index = 15 device = 0x400
I/thermal_repeater(  322): oh, queryMdThermalInfo (0)Bad file number
I/thermal_repeater(  322): [recvMdThermalInfo] ret=25, strLen=127,  1, 32767,,, -1, 32767, 2
I/thermal_repeater(  322): oh, queryMdThermalInfo (0)Bad file number
I/thermal_repeater(  322): [recvMdThermalInfo] ret=25, strLen=127,  1, 32767,,, -1, 32767, 2
I/AudioFlinger(  296): setParameters(): io 0, keyvalue mediaserver_monitor=1, calling pid 877
W/AudioALSAHardware(  296): setParameters(), still have param.size() = 1, remain param = "mediaserver_monitor=1"
I/str_params(  296): key: 'mediaserver_monitor' value: '1'
I/AudioPolicyManager(  296): setStreamVolumeIndex stream = 7 index = 15 device = 0x400
W/Watchdog(  877): SWT Watchdog after wait current time:7836280
W/Watchdog(  877): **Get SF Time **1
W/Watchdog(  877): SWT Watchdog before synchronized:7836280
W/Watchdog(  877): SWT Watchdog after synchronized:7836280
W/Watchdog(  877): SWT Watchdog before wait timeout:30000
W/Watchdog(  877): SWT Watchdog before wait current time:7836281
W/Watchdog(  877): SWT Watchdog before wait start:7836280
W/Watchdog(  877): SWT Watchdog before wait CHECK_INTERVAL:30000
I/thermal_repeater(  322): oh, queryMdThermalInfo (0)Bad file number
I/thermal_repeater(  322): [recvMdThermalInfo] ret=25, strLen=127,  1, 32767,,, -1, 32767, 2
I/thermal_repeater(  322): oh, queryMdThermalInfo (0)Bad file number
I/thermal_repeater(  322): [recvMdThermalInfo] ret=25, strLen=127,  1, 32767,,, -1, 32767, 2
I/AudioFlinger(  296): setParameters(): io 0, keyvalue mediaserver_monitor=1, calling pid 877
W/AudioALSAHardware(  296): setParameters(), still have param.size() = 1, remain param = "mediaserver_monitor=1"
I/str_params(  296): key: 'mediaserver_monitor' value: '1'
I/AudioPolicyManager(  296): setStreamVolumeIndex stream = 7 index = 15 device = 0x400
I/thermal_repeater(  322): oh, queryMdThermalInfo (0)Bad file number
I/thermal_repeater(  322): [recvMdThermalInfo] ret=25, strLen=127,  1, 32767,,, -1, 32767, 2
I/thermal_repeater(  322): oh, queryMdThermalInfo (0)Bad file number
I/thermal_repeater(  322): [recvMdThermalInfo] ret=25, strLen=127,  1, 32767,,, -1, 32767, 2
I/AudioFlinger(  296): setParameters(): io 0, keyvalue mediaserver_monitor=1, calling pid 877
W/AudioALSAHardware(  296): setParameters(), still have param.size() = 1, remain param = "mediaserver_monitor=1"
I/str_params(  296): key: 'mediaserver_monitor' value: '1'
I/AudioPolicyManager(  296): setStreamVolumeIndex stream = 7 index = 15 device = 0x400
I/UsageStatsService(  877): User[0] Flushing usage stats to disk
I/PanelView( 1042): Max panel height 657,expand height 657.0, shade mode false
I/PanelView( 1042): Max panel height 657,expand height 657.0, shade mode false
I/thermal_repeater(  322): oh, queryMdThermalInfo (0)Bad file number
I/thermal_repeater(  322): [recvMdThermalInfo] ret=25, strLen=127,  1, 32767,,, -1, 32767, 2
W/JobSchedulerService( 2580): onCreate:102,105,101,103,
W/JobSchedulerService( 2580): onStartJob:105,currentJobs:102,105,101,103,
W/JobServiceContext(  877): verifyCallingUid.831..:[ComponentInfo{com.meizu.mstore/com.meizu.cloud.app.jobscheduler.JobSchedulerService},jId=105,u0,R=(-00:00,-00:00),N=2,C=false,I=false,F=0,P=false(READY)]
W/JobServiceContext(  877): verifyCallingUid. END
W/JobServiceContext(  877): verifyCallingUid.831..:[ComponentInfo{com.meizu.mstore/com.meizu.cloud.app.jobscheduler.JobSchedulerService},jId=105,u0,R=(-00:00,-00:00),N=2,C=false,I=false,F=0,P=false(READY)]
W/JobServiceContext(  877): verifyCallingUid. END
W/JobServiceContext(  877): closeAndCleanupJobH.831..:[ComponentInfo{com.meizu.mstore/com.meizu.cloud.app.jobscheduler.JobSchedulerService},jId=105,u0,R=(-00:00,-00:00),N=2,C=false,I=false,F=0,P=false(READY)]
W/JobSchedulerService( 2580): onDestroy:102,101,103,
I/thermal_repeater(  322): oh, queryMdThermalInfo (0)Bad file number
I/thermal_repeater(  322): [recvMdThermalInfo] ret=25, strLen=127,  1, 32767,,, -1, 32767, 2
I/AudioFlinger(  296): setParameters(): io 0, keyvalue mediaserver_monitor=1, calling pid 877
W/AudioALSAHardware(  296): setParameters(), still have param.size() = 1, remain param = "mediaserver_monitor=1"
I/str_params(  296): key: 'mediaserver_monitor' value: '1'
I/AudioPolicyManager(  296): setStreamVolumeIndex stream = 7 index = 15 device = 0x400
W/Watchdog(  877): SWT Watchdog after wait current time:7866281
W/Watchdog(  877): **Get SF Time **1
W/Watchdog(  877): SWT Watchdog before synchronized:7866281
W/Watchdog(  877): SWT Watchdog after synchronized:7866281
W/Watchdog(  877): SWT Watchdog before wait timeout:30000
W/Watchdog(  877): SWT Watchdog before wait current time:7866281
W/Watchdog(  877): SWT Watchdog before wait start:7866281
W/Watchdog(  877): SWT Watchdog before wait CHECK_INTERVAL:30000
I/thermal_repeater(  322): oh, queryMdThermalInfo (0)Bad file number
I/thermal_repeater(  322): [recvMdThermalInfo] ret=25, strLen=127,  1, 32767,,, -1, 32767, 2
I/thermal_repeater(  322): oh, queryMdThermalInfo (0)Bad file number
I/thermal_repeater(  322): [recvMdThermalInfo] ret=25, strLen=127,  1, 32767,,, -1, 32767, 2
I/AudioFlinger(  296): setParameters(): io 0, keyvalue mediaserver_monitor=1, calling pid 877
W/AudioALSAHardware(  296): setParameters(), still have param.size() = 1, remain param = "mediaserver_monitor=1"
I/str_params(  296): key: 'mediaserver_monitor' value: '1'
I/AudioPolicyManager(  296): setStreamVolumeIndex stream = 7 index = 15 device = 0x400
I/thermal_repeater(  322): oh, queryMdThermalInfo (0)Bad file number
I/thermal_repeater(  322): [recvMdThermalInfo] ret=25, strLen=127,  1, 32767,,, -1, 32767, 2
I/KeyguardUpdateMonitor( 1042): handleBatteryUpdate index=0 updateInteresting=false
I/BatteryConsumeMonitor( 1343): init var lastPlugType : 2 lastBatteryChangedLevel : 58
I/thermal_repeater(  322): oh, queryMdThermalInfo (0)Bad file number
I/thermal_repeater(  322): [recvMdThermalInfo] ret=25, strLen=127,  1, 32767,,, -1, 32767, 2
I/AudioFlinger(  296): setParameters(): io 0, keyvalue mediaserver_monitor=1, calling pid 877
W/AudioALSAHardware(  296): setParameters(), still have param.size() = 1, remain param = "mediaserver_monitor=1"
I/str_params(  296): key: 'mediaserver_monitor' value: '1'
I/AudioPolicyManager(  296): setStreamVolumeIndex stream = 7 index = 15 device = 0x400
I/thermal_repeater(  322): oh, queryMdThermalInfo (0)Bad file number
I/thermal_repeater(  322): [recvMdThermalInfo] ret=25, strLen=127,  1, 32767,,, -1, 32767, 2
I/thermal_repeater(  322): oh, queryMdThermalInfo (0)Bad file number
I/thermal_repeater(  322): [recvMdThermalInfo] ret=25, strLen=127,  1, 32767,,, -1, 32767, 2
I/AudioFlinger(  296): setParameters(): io 0, keyvalue mediaserver_monitor=1, calling pid 877
W/AudioALSAHardware(  296): setParameters(), still have param.size() = 1, remain param = "mediaserver_monitor=1"
I/str_params(  296): key: 'mediaserver_monitor' value: '1'
I/AudioPolicyManager(  296): setStreamVolumeIndex stream = 7 index = 15 device = 0x400
W/Watchdog(  877): SWT Watchdog after wait current time:7896281
W/Watchdog(  877): **Get SF Time **1
W/Watchdog(  877): SWT Watchdog before synchronized:7896282
W/Watchdog(  877): SWT Watchdog after synchronized:7896282
W/Watchdog(  877): SWT Watchdog before wait timeout:30000
W/Watchdog(  877): SWT Watchdog before wait current time:7896282
W/Watchdog(  877): SWT Watchdog before wait start:7896282
W/Watchdog(  877): SWT Watchdog before wait CHECK_INTERVAL:30000
I/thermal_repeater(  322): oh, queryMdThermalInfo (0)Bad file number
I/thermal_repeater(  322): [recvMdThermalInfo] ret=25, strLen=127,  1, 32767,,, -1, 32767, 2
I/thermal_repeater(  322): oh, queryMdThermalInfo (0)Bad file number
I/thermal_repeater(  322): [recvMdThermalInfo] ret=25, strLen=127,  1, 32767,,, -1, 32767, 2
I/AudioFlinger(  296): setParameters(): io 0, keyvalue mediaserver_monitor=1, calling pid 877
W/AudioALSAHardware(  296): setParameters(), still have param.size() = 1, remain param = "mediaserver_monitor=1"
I/str_params(  296): key: 'mediaserver_monitor' value: '1'
I/AudioPolicyManager(  296): setStreamVolumeIndex stream = 7 index = 15 device = 0x400
I/thermal_repeater(  322): oh, queryMdThermalInfo (0)Bad file number
I/thermal_repeater(  322): [recvMdThermalInfo] ret=25, strLen=127,  1, 32767,,, -1, 32767, 2
I/thermal_repeater(  322): oh, queryMdThermalInfo (0)Bad file number
I/thermal_repeater(  322): [recvMdThermalInfo] ret=25, strLen=127,  1, 32767,,, -1, 32767, 2
I/AudioFlinger(  296): setParameters(): io 0, keyvalue mediaserver_monitor=1, calling pid 877
W/AudioALSAHardware(  296): setParameters(), still have param.size() = 1, remain param = "mediaserver_monitor=1"
I/str_params(  296): key: 'mediaserver_monitor' value: '1'
I/AudioPolicyManager(  296): setStreamVolumeIndex stream = 7 index = 15 device = 0x400
I/PanelView( 1042): Max panel height 657,expand height 657.0, shade mode false
I/PanelView( 1042): Max panel height 657,expand height 657.0, shade mode false
I/thermal_repeater(  322): oh, queryMdThermalInfo (0)Bad file number
I/thermal_repeater(  322): [recvMdThermalInfo] ret=25, strLen=127,  1, 32767,,, -1, 32767, 2
I/thermal_repeater(  322): oh, queryMdThermalInfo (0)Bad file number
I/thermal_repeater(  322): [recvMdThermalInfo] ret=25, strLen=127,  1, 32767,,, -1, 32767, 2
I/AudioFlinger(  296): setParameters(): io 0, keyvalue mediaserver_monitor=1, calling pid 877
W/AudioALSAHardware(  296): setParameters(), still have param.size() = 1, remain param = "mediaserver_monitor=1"
I/str_params(  296): key: 'mediaserver_monitor' value: '1'
I/AudioPolicyManager(  296): setStreamVolumeIndex stream = 7 index = 15 device = 0x400
W/Watchdog(  877): SWT Watchdog after wait current time:7926282
W/Watchdog(  877): **Get SF Time **1
W/Watchdog(  877): SWT Watchdog before synchronized:7926282
W/Watchdog(  877): SWT Watchdog after synchronized:7926282
W/Watchdog(  877): SWT Watchdog before wait timeout:30000
W/Watchdog(  877): SWT Watchdog before wait current time:7926282
W/Watchdog(  877): SWT Watchdog before wait start:7926282
W/Watchdog(  877): SWT Watchdog before wait CHECK_INTERVAL:30000
I/thermal_repeater(  322): oh, queryMdThermalInfo (0)Bad file number
I/thermal_repeater(  322): [recvMdThermalInfo] ret=25, strLen=127,  1, 32767,,, -1, 32767, 2
I/thermal_repeater(  322): oh, queryMdThermalInfo (0)Bad file number
I/thermal_repeater(  322): [recvMdThermalInfo] ret=25, strLen=127,  1, 32767,,, -1, 32767, 2
I/AudioFlinger(  296): setParameters(): io 0, keyvalue mediaserver_monitor=1, calling pid 877
W/AudioALSAHardware(  296): setParameters(), still have param.size() = 1, remain param = "mediaserver_monitor=1"
I/str_params(  296): key: 'mediaserver_monitor' value: '1'
I/AudioPolicyManager(  296): setStreamVolumeIndex stream = 7 index = 15 device = 0x400
I/thermal_repeater(  322): oh, queryMdThermalInfo (0)Bad file number
I/thermal_repeater(  322): [recvMdThermalInfo] ret=25, strLen=127,  1, 32767,,, -1, 32767, 2
I/thermal_repeater(  322): oh, queryMdThermalInfo (0)Bad file number
I/thermal_repeater(  322): [recvMdThermalInfo] ret=25, strLen=127,  1, 32767,,, -1, 32767, 2
I/AudioFlinger(  296): setParameters(): io 0, keyvalue mediaserver_monitor=1, calling pid 877
W/AudioALSAHardware(  296): setParameters(), still have param.size() = 1, remain param = "mediaserver_monitor=1"
I/str_params(  296): key: 'mediaserver_monitor' value: '1'
I/AudioPolicyManager(  296): setStreamVolumeIndex stream = 7 index = 15 device = 0x400
I/thermal_repeater(  322): oh, queryMdThermalInfo (0)Bad file number
I/thermal_repeater(  322): [recvMdThermalInfo] ret=25, strLen=127,  1, 32767,,, -1, 32767, 2
I/thermal_repeater(  322): oh, queryMdThermalInfo (0)Bad file number
I/thermal_repeater(  322): [recvMdThermalInfo] ret=25, strLen=127,  1, 32767,,, -1, 32767, 2
I/AudioFlinger(  296): setParameters(): io 0, keyvalue mediaserver_monitor=1, calling pid 877
W/AudioALSAHardware(  296): setParameters(), still have param.size() = 1, remain param = "mediaserver_monitor=1"
I/str_params(  296): key: 'mediaserver_monitor' value: '1'
I/AudioPolicyManager(  296): setStreamVolumeIndex stream = 7 index = 15 device = 0x400
W/Watchdog(  877): SWT Watchdog after wait current time:7956282
W/Watchdog(  877): **Get SF Time **1
W/Watchdog(  877): SWT Watchdog before synchronized:7956283
W/Watchdog(  877): SWT Watchdog after synchronized:7956283
W/Watchdog(  877): SWT Watchdog before wait timeout:30000
W/Watchdog(  877): SWT Watchdog before wait current time:7956283
W/Watchdog(  877): SWT Watchdog before wait start:7956283
W/Watchdog(  877): SWT Watchdog before wait CHECK_INTERVAL:30000
I/thermal_repeater(  322): oh, queryMdThermalInfo (0)Bad file number
I/thermal_repeater(  322): [recvMdThermalInfo] ret=25, strLen=127,  1, 32767,,, -1, 32767, 2
I/BatteryConsumeMonitor( 1343): init var lastPlugType : 2 lastBatteryChangedLevel : 58
I/KeyguardUpdateMonitor( 1042): handleBatteryUpdate index=0 updateInteresting=false
I/thermal_repeater(  322): oh, queryMdThermalInfo (0)Bad file number
I/thermal_repeater(  322): [recvMdThermalInfo] ret=25, strLen=127,  1, 32767,,, -1, 32767, 2
I/AudioFlinger(  296): setParameters(): io 0, keyvalue mediaserver_monitor=1, calling pid 877
W/AudioALSAHardware(  296): setParameters(), still have param.size() = 1, remain param = "mediaserver_monitor=1"
I/str_params(  296): key: 'mediaserver_monitor' value: '1'
I/AudioPolicyManager(  296): setStreamVolumeIndex stream = 7 index = 15 device = 0x400
I/crashsdk(15286): Begin update unexp info ...
I/crashsdk(15286): Update unexp info took 2 ms
I/thermal_repeater(  322): oh, queryMdThermalInfo (0)Bad file number
I/thermal_repeater(  322): [recvMdThermalInfo] ret=25, strLen=127,  1, 32767,,, -1, 32767, 2
I/KeyguardUpdateMonitor( 1042): handleBatteryUpdate index=0 updateInteresting=true
I/ChargeViewUtils( 1042): onRefreshBatteryInfo
I/ChargeViewUtils( 1042): updateChargingState shouldChargingViewShow = true , mPluggedIn = true
I/BatteryConsumeMonitor( 1343): init var lastPlugType : 2 lastBatteryChangedLevel : 59
I/PanelView( 1042): Max panel height 657,expand height 657.0, shade mode false
I/PreDownloadAndBookAppManager( 2580): normalCheck: true, post delay 2 min to  start book download task
I/thermal_repeater(  322): oh, queryMdThermalInfo (0)Bad file number
I/thermal_repeater(  322): [recvMdThermalInfo] ret=25, strLen=127,  1, 32767,,, -1, 32767, 2
I/AudioFlinger(  296): setParameters(): io 0, keyvalue mediaserver_monitor=1, calling pid 877
W/AudioALSAHardware(  296): setParameters(), still have param.size() = 1, remain param = "mediaserver_monitor=1"
I/str_params(  296): key: 'mediaserver_monitor' value: '1'
I/AudioPolicyManager(  296): setStreamVolumeIndex stream = 7 index = 15 device = 0x400
I/PanelView( 1042): Max panel height 657,expand height 657.0, shade mode false
I/PanelView( 1042): Max panel height 657,expand height 657.0, shade mode false
I/thermal_repeater(  322): oh, queryMdThermalInfo (0)Bad file number
I/thermal_repeater(  322): [recvMdThermalInfo] ret=25, strLen=127,  1, 32767,,, -1, 32767, 2
I/thermal_repeater(  322): oh, queryMdThermalInfo (0)Bad file number
I/thermal_repeater(  322): [recvMdThermalInfo] ret=25, strLen=127,  1, 32767,,, -1, 32767, 2
I/AudioFlinger(  296): setParameters(): io 0, keyvalue mediaserver_monitor=1, calling pid 877
W/AudioALSAHardware(  296): setParameters(), still have param.size() = 1, remain param = "mediaserver_monitor=1"
I/str_params(  296): key: 'mediaserver_monitor' value: '1'
I/AudioPolicyManager(  296): setStreamVolumeIndex stream = 7 index = 15 device = 0x400
W/Watchdog(  877): SWT Watchdog after wait current time:7986283
W/Watchdog(  877): **Get SF Time **1
W/Watchdog(  877): SWT Watchdog before synchronized:7986283
W/Watchdog(  877): SWT Watchdog after synchronized:7986283
W/Watchdog(  877): SWT Watchdog before wait timeout:30000
W/Watchdog(  877): SWT Watchdog before wait current time:7986283
W/Watchdog(  877): SWT Watchdog before wait start:7986283
W/Watchdog(  877): SWT Watchdog before wait CHECK_INTERVAL:30000
I/thermal_repeater(  322): oh, queryMdThermalInfo (0)Bad file number
I/thermal_repeater(  322): [recvMdThermalInfo] ret=25, strLen=127,  1, 32767,,, -1, 32767, 2
I/thermal_repeater(  322): oh, queryMdThermalInfo (0)Bad file number
I/thermal_repeater(  322): [recvMdThermalInfo] ret=25, strLen=127,  1, 32767,,, -1, 32767, 2
I/AudioFlinger(  296): setParameters(): io 0, keyvalue mediaserver_monitor=1, calling pid 877
W/AudioALSAHardware(  296): setParameters(), still have param.size() = 1, remain param = "mediaserver_monitor=1"
I/str_params(  296): key: 'mediaserver_monitor' value: '1'
I/AudioPolicyManager(  296): setStreamVolumeIndex stream = 7 index = 15 device = 0x400
I/thermal_repeater(  322): oh, queryMdThermalInfo (0)Bad file number
I/thermal_repeater(  322): [recvMdThermalInfo] ret=25, strLen=127,  1, 32767,,, -1, 32767, 2
I/thermal_repeater(  322): oh, queryMdThermalInfo (0)Bad file number
I/thermal_repeater(  322): [recvMdThermalInfo] ret=25, strLen=127,  1, 32767,,, -1, 32767, 2
I/AudioFlinger(  296): setParameters(): io 0, keyvalue mediaserver_monitor=1, calling pid 877
W/AudioALSAHardware(  296): setParameters(), still have param.size() = 1, remain param = "mediaserver_monitor=1"
I/str_params(  296): key: 'mediaserver_monitor' value: '1'
I/AudioPolicyManager(  296): setStreamVolumeIndex stream = 7 index = 15 device = 0x400
I/thermal_repeater(  322): oh, queryMdThermalInfo (0)Bad file number
I/thermal_repeater(  322): [recvMdThermalInfo] ret=25, strLen=127,  1, 32767,,, -1, 32767, 2
I/thermal_repeater(  322): oh, queryMdThermalInfo (0)Bad file number
I/thermal_repeater(  322): [recvMdThermalInfo] ret=25, strLen=127,  1, 32767,,, -1, 32767, 2
