W/auto_update_AppAutoUpdateManager( 2580): --Screen off but update app size == 0,switch:true, wifi:true, and Screen on: false, Power Connected: true, Battery: 53(-50|+15), Competitive:false(not check), downloaded size:0, downloaded time:0, available size:0
I/PreDownloadAndBookAppManager( 2580): normalCheck: true, post delay 2 min to  start book download task
I/SurfaceFlinger(  275): [Built-in Screen (type:0)] fps:10.762175,dur:1022.10,max:801.54,min:1.43
I/DisplayManagerService(  877): Display device changed: DisplayDeviceInfo{"": uniqueId="local:0", 1080 x 1920, 57.35 fps, supportedRefreshRates [57.35], density 480, 480.0 x 480.0 dpi, appVsyncOff -8000000, presDeadline 26436792, touch INTERNAL, rotation 0, type BUILT_IN, state OFF, subtype 0, FLAG_DEFAULT_DISPLAY, FLAG_ROTATES_WITH_CONTENT, FLAG_SECURE, FLAG_SUPPORTS_PROTECTED_BUFFERS}
I/hwcomposer(  275): [HWC] SetPowerMode(0) Display(0)
I/PerfService(  275): PerfServiceNative_notifyDisplayType:1
I/ActivityManager(  877): onWakefulnessChanged: 0
W/recents.Component( 1042): create a new LoadPlan to load thumbnail -- background
W/recents.Performance( 1042): preload while task Change spend : 2
I/thermal_repeater(  322): oh, queryMdThermalInfo (0)Bad file number
I/thermal_repeater(  322): [recvMdThermalInfo] ret=25, strLen=127,  1, 32767,,, -1, 32767, 2
I/MeizuKeyguardThemeManager( 1042): setBarState ------ statusBarState=1,keyguardFadingAway=false,goingToFullShade=false,keyguardShowing=true
I/MeizuKeyguardThemeManager( 1042): setBarState 1
I/ChargeViewUtils( 1042): updateChargingState shouldChargingViewShow = true , mPluggedIn = true
I/PhoneStatusBar( 1042): updateNotificationCountChange,mLastHasNotification:true , hasActiveNotifications:false
I/ChargeViewUtils( 1042): onRefreshBatteryInfo
I/ChargeViewUtils( 1042): updateChargingState shouldChargingViewShow = true , mPluggedIn = true
I/ChargeViewUtils( 1042): onRefreshBatteryInfo
I/ChargeViewUtils( 1042): updateChargingState shouldChargingViewShow = true , mPluggedIn = true
I/ChargeViewUtils( 1042): updateChargingState shouldChargingViewShow = true , mPluggedIn = true
W/KeyguardViewBase( 1042): setOnDismissAction =null
I/StatusBarManagerService(  877): disable by pkg=com.android.systemui
I/MyAnimatorService( 1620): hideLauncher
I/WindowManager(  877): Gaining focus: Window{249c52c8 u0 StatusBar}
I/WindowManager(  877): Losing focus: Window{7cabead u0 com.meizu.flyme.launcher/com.meizu.flyme.launcher.Launcher}
I/PanelView( 1042): Max panel height 812,expand height 0.0, shade mode false
W/View    ( 1042): requestLayout() improperly called by android.widget.FrameLayout{141a4407 V.E..... ......ID 0,2681-1080,2681 #7f1002a2 app:id/mz_dismiss_view} during layout: running second layout pass
I/PanelView( 1042): Max panel height 657,expand height 0.0, shade mode false
I/PanelView( 1042): Max panel height 657,expand height 657.0, shade mode false
I/ChargeViewUtils( 1042): updateChargingState shouldChargingViewShow = true , mPluggedIn = true
I/art     ( 1042): Background partial concurrent mark sweep GC freed 16291(947KB) AllocSpace objects, 29(10MB) LOS objects, 5% free, 71MB/75MB, paused 22.380ms total 238.719ms
I/PanelView( 1042): Max panel height 657,expand height 657.0, shade mode false
W/View    ( 1042): requestLayout() improperly called by android.widget.FrameLayout{141a4407 V.E..... ......ID 0,2526-1080,2526 #7f1002a2 app:id/mz_dismiss_view} during second layout pass: posting in next frame
I/PanelView( 1042): Max panel height 657,expand height 657.0, shade mode false
I/art     ( 1042): Background partial concurrent mark sweep GC freed 7780(529KB) AllocSpace objects, 17(3MB) LOS objects, 4% free, 77MB/81MB, paused 1.933ms total 101.412ms
E/Tethering(  877): updateConfiguration: wrong MCCMNC =null
I/Tethering(  877): ifaceTypes = null, use default
I/Tethering(  877): upstreamIfaceTypes.add:0
I/Tethering(  877): upstreamIfaceTypes.add:1
I/Tethering(  877): upstreamIfaceTypes.add:5
I/Tethering(  877): upstreamIfaceTypes.add:7
I/Tethering(  877): upstreamIfaceTypes.add:9
I/Tethering(  877): upstreamIfaceTypes.add:49
I/Tethering(  877): checkDunRequired:2
I/AudioFlinger(  296): setParameters(): io 0, keyvalue mediaserver_monitor=1, calling pid 877
W/AudioALSAHardware(  296): setParameters(), still have param.size() = 1, remain param = "mediaserver_monitor=1"
I/str_params(  296): key: 'mediaserver_monitor' value: '1'
I/AudioPolicyManager(  296): setStreamVolumeIndex stream = 7 index = 15 device = 0x400
I/thermal_repeater(  322): oh, queryMdThermalInfo (0)Bad file number
I/thermal_repeater(  322): [recvMdThermalInfo] ret=25, strLen=127,  1, 32767,,, -1, 32767, 2
W/Watchdog(  877): SWT Watchdog after wait current time:6726255
W/Watchdog(  877): **Get SF Time **1
W/Watchdog(  877): SWT Watchdog before synchronized:6726255
W/Watchdog(  877): SWT Watchdog after synchronized:6726255
W/Watchdog(  877): SWT Watchdog before wait timeout:30000
W/Watchdog(  877): SWT Watchdog before wait current time:6726255
W/Watchdog(  877): SWT Watchdog before wait start:6726255
W/Watchdog(  877): SWT Watchdog before wait CHECK_INTERVAL:30000
I/thermal_repeater(  322): oh, queryMdThermalInfo (0)Bad file number
I/thermal_repeater(  322): [recvMdThermalInfo] ret=25, strLen=127,  1, 32767,,, -1, 32767, 2
I/AudioFlinger(  296): setParameters(): io 0, keyvalue mediaserver_monitor=1, calling pid 877
W/AudioALSAHardware(  296): setParameters(), still have param.size() = 1, remain param = "mediaserver_monitor=1"
I/str_params(  296): key: 'mediaserver_monitor' value: '1'
I/AudioPolicyManager(  296): setStreamVolumeIndex stream = 7 index = 15 device = 0x400
I/thermal_repeater(  322): oh, queryMdThermalInfo (0)Bad file number
I/thermal_repeater(  322): [recvMdThermalInfo] ret=25, strLen=127,  1, 32767,,, -1, 32767, 2
I/KeyguardUpdateMonitor( 1042): handleBatteryUpdate index=0 updateInteresting=true
I/ChargeViewUtils( 1042): onRefreshBatteryInfo
I/ChargeViewUtils( 1042): updateChargingState shouldChargingViewShow = true , mPluggedIn = true
I/BatteryConsumeMonitor( 1343): init var lastPlugType : 2 lastBatteryChangedLevel : 54
I/PanelView( 1042): Max panel height 657,expand height 657.0, shade mode false
I/PreDownloadAndBookAppManager( 2580): normalCheck: true, post delay 2 min to  start book download task
I/thermal_repeater(  322): oh, queryMdThermalInfo (0)Bad file number
I/thermal_repeater(  322): [recvMdThermalInfo] ret=25, strLen=127,  1, 32767,,, -1, 32767, 2
I/AudioFlinger(  296): setParameters(): io 0, keyvalue mediaserver_monitor=1, calling pid 877
W/AudioALSAHardware(  296): setParameters(), still have param.size() = 1, remain param = "mediaserver_monitor=1"
I/str_params(  296): key: 'mediaserver_monitor' value: '1'
I/AudioPolicyManager(  296): setStreamVolumeIndex stream = 7 index = 15 device = 0x400
I/thermal_repeater(  322): oh, queryMdThermalInfo (0)Bad file number
I/thermal_repeater(  322): [recvMdThermalInfo] ret=25, strLen=127,  1, 32767,,, -1, 32767, 2
I/System.out( 1620): open:http://113.113.98.20/lighttps?ef=qmwklMuvzdfaB2f392jsrnE%2FaH%2BLp%2Fb3NEe1WlzBhzBis5A%2FmeyUdPMNNl7gRJtRgd2gfqFhV1s2jEN9YXgLKHxDdUG97cA2m2DtyfnkCG2Fow8CBz5TaDkWe1Xk5a8Z%2FvEZ6WiDfFvwBCbtQCy7qukKQxpnXAmwzZWMEXwY52h3a3C3zKe%2BBUR5b3UymgXC0iP8rBMy779TL8nGDPDTMg%3D%3D
D/libc-netbsd( 1620): [getaddrinfo]: hostname=113.113.98.20; servname=(null); cache_mode=(null), netid=0; mark=0
D/libc-netbsd( 1620): [getaddrinfo]: ai_addrlen=0; ai_canonname=(null); ai_flags=4; ai_family=0
D/libc-netbsd( 1620): [getaddrinfo]: hostname=113.113.98.20; servname=(null); cache_mode=(null), netid=0; mark=0
D/libc-netbsd( 1620): [getaddrinfo]: ai_addrlen=0; ai_canonname=(null); ai_flags=4; ai_family=0
I/System.out( 1620): [CDS]connect[/113.113.98.20:80] tm:30
I/System.out( 1620): Close in OkHttp
I/System.out( 1620): [CDS]close[43043]
I/NetworkManagementSocketTagger( 1620): untagSocket(76)
I/System.out( 1620): [OkHttp] sendRequest>>
I/System.out( 1620): [OkHttp] sendRequest<<
I/NetworkManagementSocketTagger( 1620): untagSocket(75)
I/thermal_repeater(  322): oh, queryMdThermalInfo (0)Bad file number
I/thermal_repeater(  322): [recvMdThermalInfo] ret=25, strLen=127,  1, 32767,,, -1, 32767, 2
I/AudioFlinger(  296): setParameters(): io 0, keyvalue mediaserver_monitor=1, calling pid 877
W/AudioALSAHardware(  296): setParameters(), still have param.size() = 1, remain param = "mediaserver_monitor=1"
I/str_params(  296): key: 'mediaserver_monitor' value: '1'
I/AudioPolicyManager(  296): setStreamVolumeIndex stream = 7 index = 15 device = 0x400
I/thermal_repeater(  322): oh, queryMdThermalInfo (0)Bad file number
I/thermal_repeater(  322): [recvMdThermalInfo] ret=25, strLen=127,  1, 32767,,, -1, 32767, 2
W/Watchdog(  877): SWT Watchdog after wait current time:6756255
W/Watchdog(  877): **Get SF Time **1
W/Watchdog(  877): SWT Watchdog before synchronized:6756256
W/Watchdog(  877): SWT Watchdog after synchronized:6756256
W/Watchdog(  877): SWT Watchdog before wait timeout:30000
W/Watchdog(  877): SWT Watchdog before wait current time:6756256
W/Watchdog(  877): SWT Watchdog before wait start:6756256
W/Watchdog(  877): SWT Watchdog before wait CHECK_INTERVAL:30000
I/thermal_repeater(  322): oh, queryMdThermalInfo (0)Bad file number
I/thermal_repeater(  322): [recvMdThermalInfo] ret=25, strLen=127,  1, 32767,,, -1, 32767, 2
I/AudioFlinger(  296): setParameters(): io 0, keyvalue mediaserver_monitor=1, calling pid 877
W/AudioALSAHardware(  296): setParameters(), still have param.size() = 1, remain param = "mediaserver_monitor=1"
I/str_params(  296): key: 'mediaserver_monitor' value: '1'
I/AudioPolicyManager(  296): setStreamVolumeIndex stream = 7 index = 15 device = 0x400
I/thermal_repeater(  322): oh, queryMdThermalInfo (0)Bad file number
I/thermal_repeater(  322): [recvMdThermalInfo] ret=25, strLen=127,  1, 32767,,, -1, 32767, 2
I/thermal_repeater(  322): oh, queryMdThermalInfo (0)Bad file number
I/thermal_repeater(  322): [recvMdThermalInfo] ret=25, strLen=127,  1, 32767,,, -1, 32767, 2
I/AudioFlinger(  296): setParameters(): io 0, keyvalue mediaserver_monitor=1, calling pid 877
W/AudioALSAHardware(  296): setParameters(), still have param.size() = 1, remain param = "mediaserver_monitor=1"
I/str_params(  296): key: 'mediaserver_monitor' value: '1'
I/AudioPolicyManager(  296): setStreamVolumeIndex stream = 7 index = 15 device = 0x400
I/thermal_repeater(  322): oh, queryMdThermalInfo (0)Bad file number
I/thermal_repeater(  322): [recvMdThermalInfo] ret=25, strLen=127,  1, 32767,,, -1, 32767, 2
I/PanelView( 1042): Max panel height 657,expand height 657.0, shade mode false
I/PanelView( 1042): Max panel height 657,expand height 657.0, shade mode false
I/thermal_repeater(  322): oh, queryMdThermalInfo (0)Bad file number
I/thermal_repeater(  322): [recvMdThermalInfo] ret=25, strLen=127,  1, 32767,,, -1, 32767, 2
I/AudioFlinger(  296): setParameters(): io 0, keyvalue mediaserver_monitor=1, calling pid 877
W/AudioALSAHardware(  296): setParameters(), still have param.size() = 1, remain param = "mediaserver_monitor=1"
I/str_params(  296): key: 'mediaserver_monitor' value: '1'
I/AudioPolicyManager(  296): setStreamVolumeIndex stream = 7 index = 15 device = 0x400
I/thermal_repeater(  322): oh, queryMdThermalInfo (0)Bad file number
I/thermal_repeater(  322): [recvMdThermalInfo] ret=25, strLen=127,  1, 32767,,, -1, 32767, 2
W/Watchdog(  877): SWT Watchdog after wait current time:6786256
W/Watchdog(  877): **Get SF Time **1
W/Watchdog(  877): SWT Watchdog before synchronized:6786256
W/Watchdog(  877): SWT Watchdog after synchronized:6786256
W/Watchdog(  877): SWT Watchdog before wait timeout:30000
W/Watchdog(  877): SWT Watchdog before wait current time:6786256
W/Watchdog(  877): SWT Watchdog before wait start:6786256
W/Watchdog(  877): SWT Watchdog before wait CHECK_INTERVAL:30000
I/thermal_repeater(  322): oh, queryMdThermalInfo (0)Bad file number
I/thermal_repeater(  322): [recvMdThermalInfo] ret=25, strLen=127,  1, 32767,,, -1, 32767, 2
I/AudioFlinger(  296): setParameters(): io 0, keyvalue mediaserver_monitor=1, calling pid 877
W/AudioALSAHardware(  296): setParameters(), still have param.size() = 1, remain param = "mediaserver_monitor=1"
I/str_params(  296): key: 'mediaserver_monitor' value: '1'
I/AudioPolicyManager(  296): setStreamVolumeIndex stream = 7 index = 15 device = 0x400
I/thermal_repeater(  322): oh, queryMdThermalInfo (0)Bad file number
I/thermal_repeater(  322): [recvMdThermalInfo] ret=25, strLen=127,  1, 32767,,, -1, 32767, 2
I/thermal_repeater(  322): oh, queryMdThermalInfo (0)Bad file number
I/thermal_repeater(  322): [recvMdThermalInfo] ret=25, strLen=127,  1, 32767,,, -1, 32767, 2
I/AudioFlinger(  296): setParameters(): io 0, keyvalue mediaserver_monitor=1, calling pid 877
W/AudioALSAHardware(  296): setParameters(), still have param.size() = 1, remain param = "mediaserver_monitor=1"
I/str_params(  296): key: 'mediaserver_monitor' value: '1'
I/AudioPolicyManager(  296): setStreamVolumeIndex stream = 7 index = 15 device = 0x400
I/thermal_repeater(  322): oh, queryMdThermalInfo (0)Bad file number
I/thermal_repeater(  322): [recvMdThermalInfo] ret=25, strLen=127,  1, 32767,,, -1, 32767, 2
I/thermal_repeater(  322): oh, queryMdThermalInfo (0)Bad file number
I/thermal_repeater(  322): [recvMdThermalInfo] ret=25, strLen=127,  1, 32767,,, -1, 32767, 2
I/AudioFlinger(  296): setParameters(): io 0, keyvalue mediaserver_monitor=1, calling pid 877
W/AudioALSAHardware(  296): setParameters(), still have param.size() = 1, remain param = "mediaserver_monitor=1"
I/str_params(  296): key: 'mediaserver_monitor' value: '1'
I/AudioPolicyManager(  296): setStreamVolumeIndex stream = 7 index = 15 device = 0x400
I/thermal_repeater(  322): oh, queryMdThermalInfo (0)Bad file number
I/thermal_repeater(  322): [recvMdThermalInfo] ret=25, strLen=127,  1, 32767,,, -1, 32767, 2
W/Watchdog(  877): SWT Watchdog after wait current time:6816256
W/Watchdog(  877): **Get SF Time **1
W/Watchdog(  877): SWT Watchdog before synchronized:6816257
W/Watchdog(  877): SWT Watchdog after synchronized:6816257
W/Watchdog(  877): SWT Watchdog before wait timeout:30000
W/Watchdog(  877): SWT Watchdog before wait current time:6816257
W/Watchdog(  877): SWT Watchdog before wait start:6816257
W/Watchdog(  877): SWT Watchdog before wait CHECK_INTERVAL:30000
I/thermal_repeater(  322): oh, queryMdThermalInfo (0)Bad file number
I/thermal_repeater(  322): [recvMdThermalInfo] ret=25, strLen=127,  1, 32767,,, -1, 32767, 2
I/AudioFlinger(  296): setParameters(): io 0, keyvalue mediaserver_monitor=1, calling pid 877
W/AudioALSAHardware(  296): setParameters(), still have param.size() = 1, remain param = "mediaserver_monitor=1"
I/str_params(  296): key: 'mediaserver_monitor' value: '1'
I/AudioPolicyManager(  296): setStreamVolumeIndex stream = 7 index = 15 device = 0x400
I/thermal_repeater(  322): oh, queryMdThermalInfo (0)Bad file number
I/thermal_repeater(  322): [recvMdThermalInfo] ret=25, strLen=127,  1, 32767,,, -1, 32767, 2
I/thermal_repeater(  322): oh, queryMdThermalInfo (0)Bad file number
I/thermal_repeater(  322): [recvMdThermalInfo] ret=25, strLen=127,  1, 32767,,, -1, 32767, 2
I/AudioFlinger(  296): setParameters(): io 0, keyvalue mediaserver_monitor=1, calling pid 877
W/AudioALSAHardware(  296): setParameters(), still have param.size() = 1, remain param = "mediaserver_monitor=1"
I/str_params(  296): key: 'mediaserver_monitor' value: '1'
I/AudioPolicyManager(  296): setStreamVolumeIndex stream = 7 index = 15 device = 0x400
I/thermal_repeater(  322): oh, queryMdThermalInfo (0)Bad file number
I/thermal_repeater(  322): [recvMdThermalInfo] ret=25, strLen=127,  1, 32767,,, -1, 32767, 2
I/PanelView( 1042): Max panel height 657,expand height 657.0, shade mode false
I/PanelView( 1042): Max panel height 657,expand height 657.0, shade mode false
I/thermal_repeater(  322): oh, queryMdThermalInfo (0)Bad file number
I/thermal_repeater(  322): [recvMdThermalInfo] ret=25, strLen=127,  1, 32767,,, -1, 32767, 2
I/AudioFlinger(  296): setParameters(): io 0, keyvalue mediaserver_monitor=1, calling pid 877
W/AudioALSAHardware(  296): setParameters(), still have param.size() = 1, remain param = "mediaserver_monitor=1"
I/str_params(  296): key: 'mediaserver_monitor' value: '1'
I/AudioPolicyManager(  296): setStreamVolumeIndex stream = 7 index = 15 device = 0x400
I/thermal_repeater(  322): oh, queryMdThermalInfo (0)Bad file number
I/thermal_repeater(  322): [recvMdThermalInfo] ret=25, strLen=127,  1, 32767,,, -1, 32767, 2
W/Watchdog(  877): SWT Watchdog after wait current time:6846257
W/Watchdog(  877): **Get SF Time **1
W/Watchdog(  877): SWT Watchdog before synchronized:6846257
W/Watchdog(  877): SWT Watchdog after synchronized:6846257
W/Watchdog(  877): SWT Watchdog before wait timeout:30000
W/Watchdog(  877): SWT Watchdog before wait current time:6846257
W/Watchdog(  877): SWT Watchdog before wait start:6846257
W/Watchdog(  877): SWT Watchdog before wait CHECK_INTERVAL:30000
I/KeyguardUpdateMonitor( 1042): handleBatteryUpdate index=0 updateInteresting=false
I/BatteryConsumeMonitor( 1343): init var lastPlugType : 2 lastBatteryChangedLevel : 54
I/thermal_repeater(  322): oh, queryMdThermalInfo (0)Bad file number
I/thermal_repeater(  322): [recvMdThermalInfo] ret=25, strLen=127,  1, 32767,,, -1, 32767, 2
I/AudioFlinger(  296): setParameters(): io 0, keyvalue mediaserver_monitor=1, calling pid 877
W/AudioALSAHardware(  296): setParameters(), still have param.size() = 1, remain param = "mediaserver_monitor=1"
I/str_params(  296): key: 'mediaserver_monitor' value: '1'
I/AudioPolicyManager(  296): setStreamVolumeIndex stream = 7 index = 15 device = 0x400
I/thermal_repeater(  322): oh, queryMdThermalInfo (0)Bad file number
I/thermal_repeater(  322): [recvMdThermalInfo] ret=25, strLen=127,  1, 32767,,, -1, 32767, 2
W/JobSchedulerService( 2580): onCreate:101,102,105,103,
W/JobSchedulerService( 2580): onStartJob:105,currentJobs:101,102,105,103,
W/JobServiceContext(  877): verifyCallingUid.895..:[ComponentInfo{com.meizu.mstore/com.meizu.cloud.app.jobscheduler.JobSchedulerService},jId=105,u0,R=(-00:00,-00:00),N=2,C=false,I=false,F=0,P=false(READY)]
W/JobServiceContext(  877): verifyCallingUid. END
W/JobServiceContext(  877): verifyCallingUid.895..:[ComponentInfo{com.meizu.mstore/com.meizu.cloud.app.jobscheduler.JobSchedulerService},jId=105,u0,R=(-00:00,-00:00),N=2,C=false,I=false,F=0,P=false(READY)]
W/JobServiceContext(  877): verifyCallingUid. END
W/JobServiceContext(  877): closeAndCleanupJobH.895..:[ComponentInfo{com.meizu.mstore/com.meizu.cloud.app.jobscheduler.JobSchedulerService},jId=105,u0,R=(-00:00,-00:00),N=2,C=false,I=false,F=0,P=false(READY)]
W/JobSchedulerService( 2580): onDestroy:101,102,103,
I/thermal_repeater(  322): oh, queryMdThermalInfo (0)Bad file number
I/thermal_repeater(  322): [recvMdThermalInfo] ret=25, strLen=127,  1, 32767,,, -1, 32767, 2
I/AudioFlinger(  296): setParameters(): io 0, keyvalue mediaserver_monitor=1, calling pid 877
W/AudioALSAHardware(  296): setParameters(), still have param.size() = 1, remain param = "mediaserver_monitor=1"
I/str_params(  296): key: 'mediaserver_monitor' value: '1'
I/AudioPolicyManager(  296): setStreamVolumeIndex stream = 7 index = 15 device = 0x400
I/thermal_repeater(  322): oh, queryMdThermalInfo (0)Bad file number
I/thermal_repeater(  322): [recvMdThermalInfo] ret=25, strLen=127,  1, 32767,,, -1, 32767, 2
I/thermal_repeater(  322): oh, queryMdThermalInfo (0)Bad file number
I/thermal_repeater(  322): [recvMdThermalInfo] ret=25, strLen=127,  1, 32767,,, -1, 32767, 2
I/AudioFlinger(  296): setParameters(): io 0, keyvalue mediaserver_monitor=1, calling pid 877
W/AudioALSAHardware(  296): setParameters(), still have param.size() = 1, remain param = "mediaserver_monitor=1"
I/str_params(  296): key: 'mediaserver_monitor' value: '1'
I/AudioPolicyManager(  296): setStreamVolumeIndex stream = 7 index = 15 device = 0x400
I/thermal_repeater(  322): oh, queryMdThermalInfo (0)Bad file number
I/thermal_repeater(  322): [recvMdThermalInfo] ret=25, strLen=127,  1, 32767,,, -1, 32767, 2
W/Watchdog(  877): SWT Watchdog after wait current time:6876257
W/Watchdog(  877): **Get SF Time **1
W/Watchdog(  877): SWT Watchdog before synchronized:6876258
W/Watchdog(  877): SWT Watchdog after synchronized:6876258
W/Watchdog(  877): SWT Watchdog before wait timeout:30000
W/Watchdog(  877): SWT Watchdog before wait current time:6876258
W/Watchdog(  877): SWT Watchdog before wait start:6876258
W/Watchdog(  877): SWT Watchdog before wait CHECK_INTERVAL:30000
I/thermal_repeater(  322): oh, queryMdThermalInfo (0)Bad file number
I/thermal_repeater(  322): [recvMdThermalInfo] ret=25, strLen=127,  1, 32767,,, -1, 32767, 2
I/AudioFlinger(  296): setParameters(): io 0, keyvalue mediaserver_monitor=1, calling pid 877
W/AudioALSAHardware(  296): setParameters(), still have param.size() = 1, remain param = "mediaserver_monitor=1"
I/str_params(  296): key: 'mediaserver_monitor' value: '1'
I/AudioPolicyManager(  296): setStreamVolumeIndex stream = 7 index = 15 device = 0x400
I/thermal_repeater(  322): oh, queryMdThermalInfo (0)Bad file number
I/thermal_repeater(  322): [recvMdThermalInfo] ret=25, strLen=127,  1, 32767,,, -1, 32767, 2
I/crashsdk(15286): Begin update unexp info ...
I/crashsdk(15286): Update unexp info took 2 ms
I/thermal_repeater(  322): oh, queryMdThermalInfo (0)Bad file number
I/thermal_repeater(  322): [recvMdThermalInfo] ret=25, strLen=127,  1, 32767,,, -1, 32767, 2
I/AudioFlinger(  296): setParameters(): io 0, keyvalue mediaserver_monitor=1, calling pid 877
W/AudioALSAHardware(  296): setParameters(), still have param.size() = 1, remain param = "mediaserver_monitor=1"
I/str_params(  296): key: 'mediaserver_monitor' value: '1'
I/AudioPolicyManager(  296): setStreamVolumeIndex stream = 7 index = 15 device = 0x400
I/thermal_repeater(  322): oh, queryMdThermalInfo (0)Bad file number
I/thermal_repeater(  322): [recvMdThermalInfo] ret=25, strLen=127,  1, 32767,,, -1, 32767, 2
E/ActivityManagerFlyme( 1343): getCloneIDFromPid exception java.lang.NoSuchMethodException
E/ActivityManagerFlyme( 1343): getCloneIDFromPid exception java.lang.NoSuchMethodException
E/ActivityManagerFlyme( 1343): getCloneIDFromPid exception java.lang.NoSuchMethodException
E/ActivityManagerFlyme( 1343): getCloneIDFromPid exception java.lang.NoSuchMethodException
E/ActivityManagerFlyme( 1343): getCloneIDFromPid exception java.lang.NoSuchMethodException
E/ActivityManagerFlyme( 1343): getCloneIDFromPid exception java.lang.NoSuchMethodException
E/ActivityManagerFlyme( 1343): getCloneIDFromPid exception java.lang.NoSuchMethodException
E/ActivityManagerFlyme( 1343): getCloneIDFromPid exception java.lang.NoSuchMethodException
E/WifiManagerFlyme( 1343): disableScanInterface exception: java.lang.NoSuchMethodException
I/PanelView( 1042): Max panel height 657,expand height 657.0, shade mode false
E/ActivityManagerFlyme( 1343): getCloneIDFromPid exception java.lang.NoSuchMethodException
W/ContextImpl( 1667): Calling a method in the system process without a qualified user: android.app.ContextImpl.startService:1863 android.content.ContextWrapper.startService:516 com.meizu.networkmanager.monitor.w.a:118 com.meizu.networkmanager.monitor.w.a:62 com.meizu.networkmanager.monitor.w$1.run:69 
I/PanelView( 1042): Max panel height 657,expand height 657.0, shade mode false
E/ActivityManagerFlyme( 1343): getCloneIDFromPid exception java.lang.NoSuchMethodException
E/ActivityManagerFlyme( 1343): getCloneIDFromPid exception java.lang.NoSuchMethodException
E/ActivityManagerFlyme( 1343): getCloneIDFromPid exception java.lang.NoSuchMethodException
E/ActivityManagerFlyme( 1343): getCloneIDFromPid exception java.lang.NoSuchMethodException
E/ActivityManagerFlyme( 1343): getCloneIDFromPid exception java.lang.NoSuchMethodException
E/ActivityManagerFlyme( 1343): getCloneIDFromPid exception java.lang.NoSuchMethodException
E/ActivityManagerFlyme( 1343): getCloneIDFromPid exception java.lang.NoSuchMethodException
E/ActivityManagerFlyme( 1343): getCloneIDFromPid exception java.lang.NoSuchMethodException
E/ActivityManagerFlyme( 1343): getCloneIDFromPid exception java.lang.NoSuchMethodException
E/ActivityManagerFlyme( 1343): getCloneIDFromPid exception java.lang.NoSuchMethodException
E/ActivityManagerFlyme( 1343): getCloneIDFromPid exception java.lang.NoSuchMethodException
E/ActivityManagerFlyme( 1343): getCloneIDFromPid exception java.lang.NoSuchMethodException
E/ActivityManagerFlyme( 1343): getCloneIDFromPid exception java.lang.NoSuchMethodException
E/ActivityManagerFlyme( 1343): getCloneIDFromPid exception java.lang.NoSuchMethodException
E/ActivityManagerFlyme( 1343): getCloneIDFromPid exception java.lang.NoSuchMethodException
E/ActivityManagerFlyme( 1343): getCloneIDFromPid exception java.lang.NoSuchMethodException
E/ActivityManagerFlyme( 1343): getCloneIDFromPid exception java.lang.NoSuchMethodException
E/ActivityManagerFlyme( 1343): getCloneIDFromPid exception java.lang.NoSuchMethodException
E/ActivityManagerFlyme( 1343): getCloneIDFromPid exception java.lang.NoSuchMethodException
E/ActivityManagerFlyme( 1343): getCloneIDFromPid exception java.lang.NoSuchMethodException
E/ActivityManagerFlyme( 1343): getCloneIDFromPid exception java.lang.NoSuchMethodException
E/ActivityManagerFlyme( 1343): getCloneIDFromPid exception java.lang.NoSuchMethodException
E/ActivityManagerFlyme( 1343): getCloneIDFromPid exception java.lang.NoSuchMethodException
E/ActivityManagerFlyme( 1343): getCloneIDFromPid exception java.lang.NoSuchMethodException
E/ActivityManagerFlyme( 1343): getCloneIDFromPid exception java.lang.NoSuchMethodException
E/ActivityManagerFlyme( 1343): getCloneIDFromPid exception java.lang.NoSuchMethodException
E/ActivityManagerFlyme( 1343): getCloneIDFromPid exception java.lang.NoSuchMethodException
E/ActivityManagerFlyme( 1343): getCloneIDFromPid exception java.lang.NoSuchMethodException
E/ActivityManagerFlyme( 1343): getCloneIDFromPid exception java.lang.NoSuchMethodException
E/ActivityManagerFlyme( 1343): getCloneIDFromPid exception java.lang.NoSuchMethodException
E/ActivityManagerFlyme( 1343): getRunningTaskInfoCloneId failed: java.lang.NoSuchFieldException: mCloneID
I/SensorHAL(  877): Dev Batch, handle: 7, name: LSM6DS3 Step Counter Sensor
I/BatteryConsumeMonitor( 1343): init var lastPlugType : 2 lastBatteryChangedLevel : 54
I/KeyguardUpdateMonitor( 1042): handleBatteryUpdate index=0 updateInteresting=false
I/thermal_repeater(  322): oh, queryMdThermalInfo (0)Bad file number
I/thermal_repeater(  322): [recvMdThermalInfo] ret=25, strLen=127,  1, 32767,,, -1, 32767, 2
I/AudioFlinger(  296): setParameters(): io 0, keyvalue mediaserver_monitor=1, calling pid 877
W/AudioALSAHardware(  296): setParameters(), still have param.size() = 1, remain param = "mediaserver_monitor=1"
I/str_params(  296): key: 'mediaserver_monitor' value: '1'
I/AudioPolicyManager(  296): setStreamVolumeIndex stream = 7 index = 15 device = 0x400
I/thermal_repeater(  322): oh, queryMdThermalInfo (0)Bad file number
I/thermal_repeater(  322): [recvMdThermalInfo] ret=25, strLen=127,  1, 32767,,, -1, 32767, 2
W/Watchdog(  877): SWT Watchdog after wait current time:6906258
W/Watchdog(  877): **Get SF Time **1
W/Watchdog(  877): SWT Watchdog before synchronized:6906258
W/Watchdog(  877): SWT Watchdog after synchronized:6906258
W/Watchdog(  877): SWT Watchdog before wait timeout:30000
W/Watchdog(  877): SWT Watchdog before wait current time:6906258
W/Watchdog(  877): SWT Watchdog before wait start:6906258
W/Watchdog(  877): SWT Watchdog before wait CHECK_INTERVAL:30000
I/thermal_repeater(  322): oh, queryMdThermalInfo (0)Bad file number
I/thermal_repeater(  322): [recvMdThermalInfo] ret=25, strLen=127,  1, 32767,,, -1, 32767, 2
I/AudioFlinger(  296): setParameters(): io 0, keyvalue mediaserver_monitor=1, calling pid 877
W/AudioALSAHardware(  296): setParameters(), still have param.size() = 1, remain param = "mediaserver_monitor=1"
I/str_params(  296): key: 'mediaserver_monitor' value: '1'
I/AudioPolicyManager(  296): setStreamVolumeIndex stream = 7 index = 15 device = 0x400
I/thermal_repeater(  322): oh, queryMdThermalInfo (0)Bad file number
I/thermal_repeater(  322): [recvMdThermalInfo] ret=25, strLen=127,  1, 32767,,, -1, 32767, 2
I/thermal_repeater(  322): oh, queryMdThermalInfo (0)Bad file number
I/thermal_repeater(  322): [recvMdThermalInfo] ret=25, strLen=127,  1, 32767,,, -1, 32767, 2
I/AudioFlinger(  296): setParameters(): io 0, keyvalue mediaserver_monitor=1, calling pid 877
W/AudioALSAHardware(  296): setParameters(), still have param.size() = 1, remain param = "mediaserver_monitor=1"
I/str_params(  296): key: 'mediaserver_monitor' value: '1'
I/AudioPolicyManager(  296): setStreamVolumeIndex stream = 7 index = 15 device = 0x400
I/thermal_repeater(  322): oh, queryMdThermalInfo (0)Bad file number
I/thermal_repeater(  322): [recvMdThermalInfo] ret=25, strLen=127,  1, 32767,,, -1, 32767, 2
I/thermal_repeater(  322): oh, queryMdThermalInfo (0)Bad file number
I/thermal_repeater(  322): [recvMdThermalInfo] ret=25, strLen=127,  1, 32767,,, -1, 32767, 2
I/AudioFlinger(  296): setParameters(): io 0, keyvalue mediaserver_monitor=1, calling pid 877
W/AudioALSAHardware(  296): setParameters(), still have param.size() = 1, remain param = "mediaserver_monitor=1"
I/str_params(  296): key: 'mediaserver_monitor' value: '1'
I/AudioPolicyManager(  296): setStreamVolumeIndex stream = 7 index = 15 device = 0x400
I/thermal_repeater(  322): oh, queryMdThermalInfo (0)Bad file number
I/thermal_repeater(  322): [recvMdThermalInfo] ret=25, strLen=127,  1, 32767,,, -1, 32767, 2
W/Watchdog(  877): SWT Watchdog after wait current time:6936259
W/Watchdog(  877): **Get SF Time **1
W/Watchdog(  877): SWT Watchdog before synchronized:6936259
W/Watchdog(  877): SWT Watchdog after synchronized:6936259
W/Watchdog(  877): SWT Watchdog before wait timeout:30000
W/Watchdog(  877): SWT Watchdog before wait current time:6936259
W/Watchdog(  877): SWT Watchdog before wait start:6936259
W/Watchdog(  877): SWT Watchdog before wait CHECK_INTERVAL:30000
I/thermal_repeater(  322): oh, queryMdThermalInfo (0)Bad file number
I/thermal_repeater(  322): [recvMdThermalInfo] ret=25, strLen=127,  1, 32767,,, -1, 32767, 2
I/AudioFlinger(  296): setParameters(): io 0, keyvalue mediaserver_monitor=1, calling pid 877
W/AudioALSAHardware(  296): setParameters(), still have param.size() = 1, remain param = "mediaserver_monitor=1"
I/str_params(  296): key: 'mediaserver_monitor' value: '1'
I/AudioPolicyManager(  296): setStreamVolumeIndex stream = 7 index = 15 device = 0x400
I/thermal_repeater(  322): oh, queryMdThermalInfo (0)Bad file number
I/thermal_repeater(  322): [recvMdThermalInfo] ret=25, strLen=127,  1, 32767,,, -1, 32767, 2
I/thermal_repeater(  322): oh, queryMdThermalInfo (0)Bad file number
I/thermal_repeater(  322): [recvMdThermalInfo] ret=25, strLen=127,  1, 32767,,, -1, 32767, 2
I/AudioFlinger(  296): setParameters(): io 0, keyvalue mediaserver_monitor=1, calling pid 877
W/AudioALSAHardware(  296): setParameters(), still have param.size() = 1, remain param = "mediaserver_monitor=1"
I/str_params(  296): key: 'mediaserver_monitor' value: '1'
I/AudioPolicyManager(  296): setStreamVolumeIndex stream = 7 index = 15 device = 0x400
I/thermal_repeater(  322): oh, queryMdThermalInfo (0)Bad file number
I/thermal_repeater(  322): [recvMdThermalInfo] ret=25, strLen=127,  1, 32767,,, -1, 32767, 2
I/PanelView( 1042): Max panel height 657,expand height 657.0, shade mode false
I/PanelView( 1042): Max panel height 657,expand height 657.0, shade mode false
I/KeyguardUpdateMonitor( 1042): handleBatteryUpdate index=0 updateInteresting=false
I/BatteryConsumeMonitor( 1343): init var lastPlugType : 2 lastBatteryChangedLevel : 54
I/thermal_repeater(  322): oh, queryMdThermalInfo (0)Bad file number
I/thermal_repeater(  322): [recvMdThermalInfo] ret=25, strLen=127,  1, 32767,,, -1, 32767, 2
I/AudioFlinger(  296): setParameters(): io 0, keyvalue mediaserver_monitor=1, calling pid 877
W/AudioALSAHardware(  296): setParameters(), still have param.size() = 1, remain param = "mediaserver_monitor=1"
I/str_params(  296): key: 'mediaserver_monitor' value: '1'
I/AudioPolicyManager(  296): setStreamVolumeIndex stream = 7 index = 15 device = 0x400
I/thermal_repeater(  322): oh, queryMdThermalInfo (0)Bad file number
I/thermal_repeater(  322): [recvMdThermalInfo] ret=25, strLen=127,  1, 32767,,, -1, 32767, 2
W/Watchdog(  877): SWT Watchdog after wait current time:6966259
W/Watchdog(  877): **Get SF Time **1
W/Watchdog(  877): SWT Watchdog before synchronized:6966260
W/Watchdog(  877): SWT Watchdog after synchronized:6966260
W/Watchdog(  877): SWT Watchdog before wait timeout:30000
W/Watchdog(  877): SWT Watchdog before wait current time:6966260
W/Watchdog(  877): SWT Watchdog before wait start:6966260
W/Watchdog(  877): SWT Watchdog before wait CHECK_INTERVAL:30000
E/native  (  877): do suspend false
I/wpa_supplicant( 1228): wpa_driver_nl80211_driver_cmd: buf =  ret = 2 used = 2 total = 4096
I/wpa_supplicant( 1228): Unsupported command
I/wpa_supplicant( 1228): wpa_driver_nl80211_driver_cmd: buf =  ret = 0 used = 2 total = 4096
E/WifiStateMachine(  877): Unexpected BatchedScanResults :OK
I/wpa_supplicant( 1228): Unsupported command
I/wpa_supplicant( 1228): wpa_driver_nl80211_driver_cmd: buf =  ret = 0 used = 2 total = 4096
I/dhcpcd  (15782): sending signal 14 to pid 3112
I/dhcpcd  ( 3112): received SIGALRM, renewing
I/dhcpcd  ( 3112): wlan0: renewing lease of 192.168.207.120
D/dhcpcd  ( 3112): wlan0: sending REQUEST (xid 0x9a38fac4), next in 4.07 seconds
I/dhcpcd  ( 3112): wlan0: acknowledged 192.168.207.120 from 192.168.207.207
I/dhcpcd  ( 3112): wlan0: leased 192.168.207.120 for 7200 seconds
I/dhcpcd  ( 3112): wlan0: ignore dhcpcd lease timer
D/dhcpcd  ( 3112): wlan0: adding IP address 192.168.207.120/24
D/dhcpcd  ( 3112): wlan0: writing lease `/data/misc/dhcp/dhcpcd-wlan0.lease'
D/dhcpcd  ( 3112): wlan0: executing `/system/etc/dhcpcd/dhcpcd-run-hooks', reason RENEW
I/Netd    (  290): Get netlink event, ifname: wlan0 action: 6
D/libc-netbsd(  877): [getaddrinfo]: hostname=192.168.207.120; servname=(null); cache_mode=(null), netid=0; mark=0
D/libc-netbsd(  877): [getaddrinfo]: ai_addrlen=0; ai_canonname=(null); ai_flags=4; ai_family=0
I/Tethering(  877): addressUpdated wlan0, 192.168.207.120/24
D/libc-netbsd(  877): [getaddrinfo]: hostname=192.168.207.120; servname=(null); cache_mode=(null), netid=0; mark=0
D/libc-netbsd(  877): [getaddrinfo]: ai_addrlen=0; ai_canonname=(null); ai_flags=4; ai_family=0
D/libc-netbsd(  877): [getaddrinfo]: hostname=192.168.207.207; servname=(null); cache_mode=(null), netid=0; mark=0
D/libc-netbsd(  877): [getaddrinfo]: ai_addrlen=0; ai_canonname=(null); ai_flags=4; ai_family=0
D/libc-netbsd(  877): [getaddrinfo]: hostname=202.96.134.33; servname=(null); cache_mode=(null), netid=0; mark=0
D/libc-netbsd(  877): [getaddrinfo]: ai_addrlen=0; ai_canonname=(null); ai_flags=4; ai_family=0
D/libc-netbsd(  877): [getaddrinfo]: hostname=202.96.128.86; servname=(null); cache_mode=(null), netid=0; mark=0
D/libc-netbsd(  877): [getaddrinfo]: ai_addrlen=0; ai_canonname=(null); ai_flags=4; ai_family=0
D/libc-netbsd(  877): [getaddrinfo]: hostname=192.168.207.207; servname=(null); cache_mode=(null), netid=0; mark=0
D/libc-netbsd(  877): [getaddrinfo]: ai_addrlen=0; ai_canonname=(null); ai_flags=4; ai_family=0
E/native  (  877): do suspend true
I/wpa_supplicant( 1228): wpa_driver_nl80211_driver_cmd: buf =  ret = 2 used = 2 total = 4096
E/DhcpStateMachine(  877): Error! unhandled message  { when=-254ms what=196615 target=com.android.internal.util.StateMachine$SmHandler }
E/ConnectivityService(  877): ERROR: The network agent is created)
I/WifiDisplayController(  877): Received NETWORK_STATE_CHANGED,con:false,SSID:null,Freq:0,netId:-1
I/PanelView( 1042): Max panel height 657,expand height 657.0, shade mode false
I/WifiDisplayController(  877): Received NETWORK_STATE_CHANGED,con:true,SSID:"chaozhouniurouwan",Freq:2462,netId:0
I/WifiApConnectRecordStore(  877): addConnectRecordNode"chaozhouniurouwan" WPA_PSK
I/WifiApConnectRecordStore(  877): ignore same day in node "chaozhouniurouwan",WPA_PSK,2018-10-22,26,88
E/WifiStateMachine(  877): WifiStateMachine: Leaving Connected state
E/WifiConfigStore(  877):  rewrite network history for "chaozhouniurouwan"WPA_PSK
I/PanelView( 1042): Max panel height 657,expand height 657.0, shade mode false
I/BatteryConsumeMonitor( 1343): init var lastPlugType : 2 lastBatteryChangedLevel : 55
I/KeyguardUpdateMonitor( 1042): handleBatteryUpdate index=0 updateInteresting=true
I/ChargeViewUtils( 1042): onRefreshBatteryInfo
I/ChargeViewUtils( 1042): updateChargingState shouldChargingViewShow = true , mPluggedIn = true
I/PanelView( 1042): Max panel height 657,expand height 657.0, shade mode false
I/PreDownloadAndBookAppManager( 2580): normalCheck: true, post delay 2 min to  start book download task
I/thermal_repeater(  322): oh, queryMdThermalInfo (0)Bad file number
I/thermal_repeater(  322): [recvMdThermalInfo] ret=25, strLen=127,  1, 32767,,, -1, 32767, 2
I/AudioFlinger(  296): setParameters(): io 0, keyvalue mediaserver_monitor=1, calling pid 877
W/AudioALSAHardware(  296): setParameters(), still have param.size() = 1, remain param = "mediaserver_monitor=1"
I/str_params(  296): key: 'mediaserver_monitor' value: '1'
I/AudioPolicyManager(  296): setStreamVolumeIndex stream = 7 index = 15 device = 0x400
I/thermal_repeater(  322): oh, queryMdThermalInfo (0)Bad file number
I/thermal_repeater(  322): [recvMdThermalInfo] ret=25, strLen=127,  1, 32767,,, -1, 32767, 2
I/KeyguardUpdateMonitor( 1042): handleBatteryUpdate index=0 updateInteresting=false
I/BatteryConsumeMonitor( 1343): init var lastPlugType : 2 lastBatteryChangedLevel : 55
I/thermal_repeater(  322): oh, queryMdThermalInfo (0)Bad file number
I/thermal_repeater(  322): [recvMdThermalInfo] ret=25, strLen=127,  1, 32767,,, -1, 32767, 2
I/AudioFlinger(  296): setParameters(): io 0, keyvalue mediaserver_monitor=1, calling pid 877
W/AudioALSAHardware(  296): setParameters(), still have param.size() = 1, remain param = "mediaserver_monitor=1"
I/str_params(  296): key: 'mediaserver_monitor' value: '1'
I/AudioPolicyManager(  296): setStreamVolumeIndex stream = 7 index = 15 device = 0x400
I/thermal_repeater(  322): oh, queryMdThermalInfo (0)Bad file number
I/thermal_repeater(  322): [recvMdThermalInfo] ret=25, strLen=127,  1, 32767,,, -1, 32767, 2
I/KeyguardUpdateMonitor( 1042): handleBatteryUpdate index=0 updateInteresting=false
I/BatteryConsumeMonitor( 1343): init var lastPlugType : 2 lastBatteryChangedLevel : 55
I/thermal_repeater(  322): oh, queryMdThermalInfo (0)Bad file number
I/thermal_repeater(  322): [recvMdThermalInfo] ret=25, strLen=127,  1, 32767,,, -1, 32767, 2
I/AudioFlinger(  296): setParameters(): io 0, keyvalue mediaserver_monitor=1, calling pid 877
W/AudioALSAHardware(  296): setParameters(), still have param.size() = 1, remain param = "mediaserver_monitor=1"
I/str_params(  296): key: 'mediaserver_monitor' value: '1'
I/AudioPolicyManager(  296): setStreamVolumeIndex stream = 7 index = 15 device = 0x400
I/thermal_repeater(  322): oh, queryMdThermalInfo (0)Bad file number
I/thermal_repeater(  322): [recvMdThermalInfo] ret=25, strLen=127,  1, 32767,,, -1, 32767, 2
W/Watchdog(  877): SWT Watchdog after wait current time:6996260
W/Watchdog(  877): **Get SF Time **1
W/Watchdog(  877): SWT Watchdog before synchronized:6996260
W/Watchdog(  877): SWT Watchdog after synchronized:6996260
W/Watchdog(  877): SWT Watchdog before wait timeout:30000
W/Watchdog(  877): SWT Watchdog before wait current time:6996260
W/Watchdog(  877): SWT Watchdog before wait start:6996260
W/Watchdog(  877): SWT Watchdog before wait CHECK_INTERVAL:30000
I/KeyguardUpdateMonitor( 1042): handleBatteryUpdate index=0 updateInteresting=false
I/BatteryConsumeMonitor( 1343): init var lastPlugType : 2 lastBatteryChangedLevel : 55
I/thermal_repeater(  322): oh, queryMdThermalInfo (0)Bad file number
I/thermal_repeater(  322): [recvMdThermalInfo] ret=25, strLen=127,  1, 32767,,, -1, 32767, 2
I/AudioFlinger(  296): setParameters(): io 0, keyvalue mediaserver_monitor=1, calling pid 877
W/AudioALSAHardware(  296): setParameters(), still have param.size() = 1, remain param = "mediaserver_monitor=1"
I/str_params(  296): key: 'mediaserver_monitor' value: '1'
I/AudioPolicyManager(  296): setStreamVolumeIndex stream = 7 index = 15 device = 0x400
I/thermal_repeater(  322): oh, queryMdThermalInfo (0)Bad file number
I/thermal_repeater(  322): [recvMdThermalInfo] ret=25, strLen=127,  1, 32767,,, -1, 32767, 2
I/BatteryConsumeMonitor( 1343): init var lastPlugType : 2 lastBatteryChangedLevel : 55
I/KeyguardUpdateMonitor( 1042): handleBatteryUpdate index=0 updateInteresting=false
I/thermal_repeater(  322): oh, queryMdThermalInfo (0)Bad file number
I/thermal_repeater(  322): [recvMdThermalInfo] ret=25, strLen=127,  1, 32767,,, -1, 32767, 2
I/AudioFlinger(  296): setParameters(): io 0, keyvalue mediaserver_monitor=1, calling pid 877
W/AudioALSAHardware(  296): setParameters(), still have param.size() = 1, remain param = "mediaserver_monitor=1"
I/str_params(  296): key: 'mediaserver_monitor' value: '1'
I/AudioPolicyManager(  296): setStreamVolumeIndex stream = 7 index = 15 device = 0x400
I/thermal_repeater(  322): oh, queryMdThermalInfo (0)Bad file number
I/thermal_repeater(  322): [recvMdThermalInfo] ret=25, strLen=127,  1, 32767,,, -1, 32767, 2
I/PanelView( 1042): Max panel height 657,expand height 657.0, shade mode false
I/PanelView( 1042): Max panel height 657,expand height 657.0, shade mode false
I/thermal_repeater(  322): oh, queryMdThermalInfo (0)Bad file number
I/thermal_repeater(  322): [recvMdThermalInfo] ret=25, strLen=127,  1, 32767,,, -1, 32767, 2
I/AudioFlinger(  296): setParameters(): io 0, keyvalue mediaserver_monitor=1, calling pid 877
W/AudioALSAHardware(  296): setParameters(), still have param.size() = 1, remain param = "mediaserver_monitor=1"
I/str_params(  296): key: 'mediaserver_monitor' value: '1'
I/AudioPolicyManager(  296): setStreamVolumeIndex stream = 7 index = 15 device = 0x400
I/thermal_repeater(  322): oh, queryMdThermalInfo (0)Bad file number
I/thermal_repeater(  322): [recvMdThermalInfo] ret=25, strLen=127,  1, 32767,,, -1, 32767, 2
W/Watchdog(  877): SWT Watchdog after wait current time:7026261
W/Watchdog(  877): **Get SF Time **1
W/Watchdog(  877): SWT Watchdog before synchronized:7026261
W/Watchdog(  877): SWT Watchdog after synchronized:7026261
W/Watchdog(  877): SWT Watchdog before wait timeout:30000
W/Watchdog(  877): SWT Watchdog before wait current time:7026261
W/Watchdog(  877): SWT Watchdog before wait start:7026261
W/Watchdog(  877): SWT Watchdog before wait CHECK_INTERVAL:30000
I/thermal_repeater(  322): oh, queryMdThermalInfo (0)Bad file number
I/thermal_repeater(  322): [recvMdThermalInfo] ret=25, strLen=127,  1, 32767,,, -1, 32767, 2
I/AudioFlinger(  296): setParameters(): io 0, keyvalue mediaserver_monitor=1, calling pid 877
W/AudioALSAHardware(  296): setParameters(), still have param.size() = 1, remain param = "mediaserver_monitor=1"
I/str_params(  296): key: 'mediaserver_monitor' value: '1'
I/AudioPolicyManager(  296): setStreamVolumeIndex stream = 7 index = 15 device = 0x400
I/thermal_repeater(  322): oh, queryMdThermalInfo (0)Bad file number
I/thermal_repeater(  322): [recvMdThermalInfo] ret=25, strLen=127,  1, 32767,,, -1, 32767, 2
I/thermal_repeater(  322): oh, queryMdThermalInfo (0)Bad file number
I/thermal_repeater(  322): [recvMdThermalInfo] ret=25, strLen=127,  1, 32767,,, -1, 32767, 2
I/AudioFlinger(  296): setParameters(): io 0, keyvalue mediaserver_monitor=1, calling pid 877
W/AudioALSAHardware(  296): setParameters(), still have param.size() = 1, remain param = "mediaserver_monitor=1"
I/str_params(  296): key: 'mediaserver_monitor' value: '1'
I/AudioPolicyManager(  296): setStreamVolumeIndex stream = 7 index = 15 device = 0x400
I/thermal_repeater(  322): oh, queryMdThermalInfo (0)Bad file number
I/thermal_repeater(  322): [recvMdThermalInfo] ret=25, strLen=127,  1, 32767,,, -1, 32767, 2
I/KeyguardUpdateMonitor( 1042): handleBatteryUpdate index=0 updateInteresting=false
I/BatteryConsumeMonitor( 1343): init var lastPlugType : 2 lastBatteryChangedLevel : 55
I/thermal_repeater(  322): oh, queryMdThermalInfo (0)Bad file number
I/thermal_repeater(  322): [recvMdThermalInfo] ret=25, strLen=127,  1, 32767,,, -1, 32767, 2
I/AudioFlinger(  296): setParameters(): io 0, keyvalue mediaserver_monitor=1, calling pid 877
W/AudioALSAHardware(  296): setParameters(), still have param.size() = 1, remain param = "mediaserver_monitor=1"
I/str_params(  296): key: 'mediaserver_monitor' value: '1'
I/AudioPolicyManager(  296): setStreamVolumeIndex stream = 7 index = 15 device = 0x400
I/thermal_repeater(  322): oh, queryMdThermalInfo (0)Bad file number
I/thermal_repeater(  322): [recvMdThermalInfo] ret=25, strLen=127,  1, 32767,,, -1, 32767, 2
W/Watchdog(  877): SWT Watchdog after wait current time:7056261
W/Watchdog(  877): **Get SF Time **1
W/Watchdog(  877): SWT Watchdog before synchronized:7056261
W/Watchdog(  877): SWT Watchdog after synchronized:7056261
W/Watchdog(  877): SWT Watchdog before wait timeout:30000
W/Watchdog(  877): SWT Watchdog before wait current time:7056262
W/Watchdog(  877): SWT Watchdog before wait start:7056262
W/Watchdog(  877): SWT Watchdog before wait CHECK_INTERVAL:30000
I/thermal_repeater(  322): oh, queryMdThermalInfo (0)Bad file number
I/thermal_repeater(  322): [recvMdThermalInfo] ret=25, strLen=127,  1, 32767,,, -1, 32767, 2
I/AudioFlinger(  296): setParameters(): io 0, keyvalue mediaserver_monitor=1, calling pid 877
W/AudioALSAHardware(  296): setParameters(), still have param.size() = 1, remain param = "mediaserver_monitor=1"
I/str_params(  296): key: 'mediaserver_monitor' value: '1'
I/AudioPolicyManager(  296): setStreamVolumeIndex stream = 7 index = 15 device = 0x400
I/thermal_repeater(  322): oh, queryMdThermalInfo (0)Bad file number
I/thermal_repeater(  322): [recvMdThermalInfo] ret=25, strLen=127,  1, 32767,,, -1, 32767, 2
I/crashsdk(15286): Begin update unexp info ...
I/crashsdk(15286): Update unexp info took 2 ms
I/thermal_repeater(  322): oh, queryMdThermalInfo (0)Bad file number
I/thermal_repeater(  322): [recvMdThermalInfo] ret=25, strLen=127,  1, 32767,,, -1, 32767, 2
I/AudioFlinger(  296): setParameters(): io 0, keyvalue mediaserver_monitor=1, calling pid 877
W/AudioALSAHardware(  296): setParameters(), still have param.size() = 1, remain param = "mediaserver_monitor=1"
I/str_params(  296): key: 'mediaserver_monitor' value: '1'
I/AudioPolicyManager(  296): setStreamVolumeIndex stream = 7 index = 15 device = 0x400
I/thermal_repeater(  322): oh, queryMdThermalInfo (0)Bad file number
I/thermal_repeater(  322): [recvMdThermalInfo] ret=25, strLen=127,  1, 32767,,, -1, 32767, 2
I/PanelView( 1042): Max panel height 657,expand height 657.0, shade mode false
I/PanelView( 1042): Max panel height 657,expand height 657.0, shade mode false
I/thermal_repeater(  322): oh, queryMdThermalInfo (0)Bad file number
I/thermal_repeater(  322): [recvMdThermalInfo] ret=25, strLen=127,  1, 32767,,, -1, 32767, 2
I/AudioFlinger(  296): setParameters(): io 0, keyvalue mediaserver_monitor=1, calling pid 877
W/AudioALSAHardware(  296): setParameters(), still have param.size() = 1, remain param = "mediaserver_monitor=1"
I/str_params(  296): key: 'mediaserver_monitor' value: '1'
I/AudioPolicyManager(  296): setStreamVolumeIndex stream = 7 index = 15 device = 0x400
I/thermal_repeater(  322): oh, queryMdThermalInfo (0)Bad file number
I/thermal_repeater(  322): [recvMdThermalInfo] ret=25, strLen=127,  1, 32767,,, -1, 32767, 2
W/Watchdog(  877): SWT Watchdog after wait current time:7086262
W/Watchdog(  877): **Get SF Time **1
W/Watchdog(  877): SWT Watchdog before synchronized:7086262
W/Watchdog(  877): SWT Watchdog after synchronized:7086262
W/Watchdog(  877): SWT Watchdog before wait timeout:30000
W/Watchdog(  877): SWT Watchdog before wait current time:7086262
W/Watchdog(  877): SWT Watchdog before wait start:7086262
W/Watchdog(  877): SWT Watchdog before wait CHECK_INTERVAL:30000
I/KeyguardUpdateMonitor( 1042): handleBatteryUpdate index=0 updateInteresting=false
I/BatteryConsumeMonitor( 1343): init var lastPlugType : 2 lastBatteryChangedLevel : 55
W/JobSchedulerService( 2580): onCreate:101,102,105,103,
W/JobSchedulerService( 2580): onStartJob:105,currentJobs:101,102,105,103,
W/JobServiceContext(  877): verifyCallingUid.918..:[ComponentInfo{com.meizu.mstore/com.meizu.cloud.app.jobscheduler.JobSchedulerService},jId=105,u0,R=(-00:00,-00:00),N=2,C=false,I=false,F=0,P=false(READY)]
W/JobServiceContext(  877): verifyCallingUid. END
W/JobServiceContext(  877): verifyCallingUid.918..:[ComponentInfo{com.meizu.mstore/com.meizu.cloud.app.jobscheduler.JobSchedulerService},jId=105,u0,R=(-00:00,-00:00),N=2,C=false,I=false,F=0,P=false(READY)]
W/JobServiceContext(  877): verifyCallingUid. END
W/JobServiceContext(  877): closeAndCleanupJobH.918..:[ComponentInfo{com.meizu.mstore/com.meizu.cloud.app.jobscheduler.JobSchedulerService},jId=105,u0,R=(-00:00,-00:00),N=2,C=false,I=false,F=0,P=false(READY)]
W/JobSchedulerService( 2580): onDestroy:101,102,103,
I/thermal_repeater(  322): oh, queryMdThermalInfo (0)Bad file number
