--------- beginning of system
W/Watchdog(  877): SWT Watchdog before synchronized:5376227
W/Watchdog(  877): SWT Watchdog after synchronized:5376227
W/Watchdog(  877): SWT Watchdog before wait timeout:30000
W/Watchdog(  877): SWT Watchdog before wait current time:5376227
W/Watchdog(  877): SWT Watchdog before wait start:5376227
W/Watchdog(  877): SWT Watchdog before wait CHECK_INTERVAL:30000
I/thermal_repeater(  322): oh, queryMdThermalInfo (0)Bad file number
I/thermal_repeater(  322): [recvMdThermalInfo] ret=25, strLen=127,  1, 32767,,, -1, 32767, 2
I/thermal_repeater(  322): oh, queryMdThermalInfo (0)Bad file number
I/thermal_repeater(  322): [recvMdThermalInfo] ret=25, strLen=127,  1, 32767,,, -1, 32767, 2
I/thermal_repeater(  322): oh, queryMdThermalInfo (0)Bad file number
I/thermal_repeater(  322): [recvMdThermalInfo] ret=25, strLen=127,  1, 32767,,, -1, 32767, 2
I/thermal_repeater(  322): oh, queryMdThermalInfo (0)Bad file number
I/thermal_repeater(  322): [recvMdThermalInfo] ret=25, strLen=127,  1, 32767,,, -1, 32767, 2
I/thermal_repeater(  322): oh, queryMdThermalInfo (0)Bad file number
I/thermal_repeater(  322): [recvMdThermalInfo] ret=25, strLen=127,  1, 32767,,, -1, 32767, 2
W/JobServiceContext(  877): verifyCallingUid.490..:[ComponentInfo{com.meizu.mstore/com.meizu.cloud.app.jobscheduler.JobSchedulerService},jId=105,u0,R=(-00:00,-00:00),N=2,C=false,I=false,F=0,P=false(READY)]
W/JobServiceContext(  877): verifyCallingUid. END
W/JobServiceContext(  877): verifyCallingUid.490..:[ComponentInfo{com.meizu.mstore/com.meizu.cloud.app.jobscheduler.JobSchedulerService},jId=105,u0,R=(-00:00,-00:00),N=2,C=false,I=false,F=0,P=false(READY)]
W/JobServiceContext(  877): verifyCallingUid. END
W/JobServiceContext(  877): closeAndCleanupJobH.490..:[ComponentInfo{com.meizu.mstore/com.meizu.cloud.app.jobscheduler.JobSchedulerService},jId=105,u0,R=(-00:00,-00:00),N=2,C=false,I=false,F=0,P=false(READY)]
I/thermal_repeater(  322): oh, queryMdThermalInfo (0)Bad file number
I/thermal_repeater(  322): [recvMdThermalInfo] ret=25, strLen=127,  1, 32767,,, -1, 32767, 2
W/Watchdog(  877): SWT Watchdog after wait current time:5406227
W/Watchdog(  877): **Get SF Time **1
W/Watchdog(  877): SWT Watchdog before synchronized:5406227
W/Watchdog(  877): SWT Watchdog after synchronized:5406227
W/Watchdog(  877): SWT Watchdog before wait timeout:30000
W/Watchdog(  877): SWT Watchdog before wait current time:5406227
W/Watchdog(  877): SWT Watchdog before wait start:5406227
W/Watchdog(  877): SWT Watchdog before wait CHECK_INTERVAL:30000
I/thermal_repeater(  322): oh, queryMdThermalInfo (0)Bad file number
I/thermal_repeater(  322): [recvMdThermalInfo] ret=25, strLen=127,  1, 32767,,, -1, 32767, 2
I/thermal_repeater(  322): oh, queryMdThermalInfo (0)Bad file number
I/thermal_repeater(  322): [recvMdThermalInfo] ret=25, strLen=127,  1, 32767,,, -1, 32767, 2
I/thermal_repeater(  322): oh, queryMdThermalInfo (0)Bad file number
I/thermal_repeater(  322): [recvMdThermalInfo] ret=25, strLen=127,  1, 32767,,, -1, 32767, 2
I/thermal_repeater(  322): oh, queryMdThermalInfo (0)Bad file number
I/thermal_repeater(  322): [recvMdThermalInfo] ret=25, strLen=127,  1, 32767,,, -1, 32767, 2
I/thermal_repeater(  322): oh, queryMdThermalInfo (0)Bad file number
I/thermal_repeater(  322): [recvMdThermalInfo] ret=25, strLen=127,  1, 32767,,, -1, 32767, 2
I/thermal_repeater(  322): oh, queryMdThermalInfo (0)Bad file number
I/thermal_repeater(  322): [recvMdThermalInfo] ret=25, strLen=127,  1, 32767,,, -1, 32767, 2
I/NetworkStatsRecorder(  877): recordSnapshotLocked: ident[[{type=WIFI, subType=COMBINED, networkId=chaozhouniurouwan}]]
W/NetworkStatsRecorder(  877): unknown interfaces [lo, p2p0], ignoring those stats
I/NetworkStatsRecorder(  877): recordSnapshotLocked: ident[[{type=WIFI, subType=COMBINED, networkId=chaozhouniurouwan}]]
W/NetworkStatsRecorder(  877): unknown interfaces [lo, p2p0], ignoring those stats
I/NetworkStatsRecorder(  877): recordSnapshotLocked: ident[[{type=WIFI, subType=COMBINED, networkId=chaozhouniurouwan}]]
I/NetworkStatsRecorder(  877): recordSnapshotLocked: ident[[{type=WIFI, subType=COMBINED, networkId=chaozhouniurouwan}]]
I/NetworkStatsRecorder(  877): recordSnapshotLocked: ident[[{type=WIFI, subType=COMBINED, networkId=chaozhouniurouwan}]]
I/NetworkStatsRecorder(  877): recordSnapshotLocked: ident[[{type=WIFI, subType=COMBINED, networkId=chaozhouniurouwan}]]
I/NetworkStatsRecorder(  877): recordSnapshotLocked: ident[[{type=WIFI, subType=COMBINED, networkId=chaozhouniurouwan}]]
I/NetworkStatsRecorder(  877): recordSnapshotLocked: ident[[{type=WIFI, subType=COMBINED, networkId=chaozhouniurouwan}]]
W/NetworkStatsRecorder(  877): unknown interfaces [lo, p2p0], ignoring those stats
I/NetworkStatsRecorder(  877): recordSnapshotLocked: ident[[{type=WIFI, subType=COMBINED, networkId=chaozhouniurouwan}]]
W/NetworkStatsRecorder(  877): unknown interfaces [lo, p2p0], ignoring those stats
W/Watchdog(  877): SWT Watchdog after wait current time:5436227
W/Watchdog(  877): **Get SF Time **1
W/Watchdog(  877): SWT Watchdog before synchronized:5436228
W/Watchdog(  877): SWT Watchdog after synchronized:5436228
W/Watchdog(  877): SWT Watchdog before wait timeout:30000
W/Watchdog(  877): SWT Watchdog before wait current time:5436228
W/Watchdog(  877): SWT Watchdog before wait start:5436228
W/Watchdog(  877): SWT Watchdog before wait CHECK_INTERVAL:30000
I/thermal_repeater(  322): oh, queryMdThermalInfo (0)Bad file number
I/thermal_repeater(  322): [recvMdThermalInfo] ret=25, strLen=127,  1, 32767,,, -1, 32767, 2
I/thermal_repeater(  322): oh, queryMdThermalInfo (0)Bad file number
I/thermal_repeater(  322): [recvMdThermalInfo] ret=25, strLen=127,  1, 32767,,, -1, 32767, 2
I/thermal_repeater(  322): oh, queryMdThermalInfo (0)Bad file number
I/thermal_repeater(  322): [recvMdThermalInfo] ret=25, strLen=127,  1, 32767,,, -1, 32767, 2
I/ProcessStatsService(  877): Prepared write state in 4ms
I/thermal_repeater(  322): oh, queryMdThermalInfo (0)Bad file number
I/thermal_repeater(  322): [recvMdThermalInfo] ret=25, strLen=127,  1, 32767,,, -1, 32767, 2
I/thermal_repeater(  322): oh, queryMdThermalInfo (0)Bad file number
I/thermal_repeater(  322): [recvMdThermalInfo] ret=25, strLen=127,  1, 32767,,, -1, 32767, 2
I/thermal_repeater(  322): oh, queryMdThermalInfo (0)Bad file number
I/thermal_repeater(  322): [recvMdThermalInfo] ret=25, strLen=127,  1, 32767,,, -1, 32767, 2
W/Watchdog(  877): SWT Watchdog after wait current time:5466228
W/Watchdog(  877): **Get SF Time **1
W/Watchdog(  877): SWT Watchdog before synchronized:5466228
W/Watchdog(  877): SWT Watchdog after synchronized:5466228
W/Watchdog(  877): SWT Watchdog before wait timeout:30000
W/Watchdog(  877): SWT Watchdog before wait current time:5466228
W/Watchdog(  877): SWT Watchdog before wait start:5466228
W/Watchdog(  877): SWT Watchdog before wait CHECK_INTERVAL:30000
I/thermal_repeater(  322): oh, queryMdThermalInfo (0)Bad file number
I/thermal_repeater(  322): [recvMdThermalInfo] ret=25, strLen=127,  1, 32767,,, -1, 32767, 2
I/thermal_repeater(  322): oh, queryMdThermalInfo (0)Bad file number
I/thermal_repeater(  322): [recvMdThermalInfo] ret=25, strLen=127,  1, 32767,,, -1, 32767, 2
I/thermal_repeater(  322): oh, queryMdThermalInfo (0)Bad file number
I/thermal_repeater(  322): [recvMdThermalInfo] ret=25, strLen=127,  1, 32767,,, -1, 32767, 2
I/thermal_repeater(  322): oh, queryMdThermalInfo (0)Bad file number
I/thermal_repeater(  322): [recvMdThermalInfo] ret=25, strLen=127,  1, 32767,,, -1, 32767, 2
I/thermal_repeater(  322): oh, queryMdThermalInfo (0)Bad file number
I/thermal_repeater(  322): [recvMdThermalInfo] ret=25, strLen=127,  1, 32767,,, -1, 32767, 2
I/thermal_repeater(  322): oh, queryMdThermalInfo (0)Bad file number
I/thermal_repeater(  322): [recvMdThermalInfo] ret=25, strLen=127,  1, 32767,,, -1, 32767, 2
W/Watchdog(  877): SWT Watchdog after wait current time:5496229
W/Watchdog(  877): **Get SF Time **1
W/Watchdog(  877): SWT Watchdog before synchronized:5496229
W/Watchdog(  877): SWT Watchdog after synchronized:5496229
W/Watchdog(  877): SWT Watchdog before wait timeout:30000
W/Watchdog(  877): SWT Watchdog before wait current time:5496229
W/Watchdog(  877): SWT Watchdog before wait start:5496229
W/Watchdog(  877): SWT Watchdog before wait CHECK_INTERVAL:30000
I/thermal_repeater(  322): oh, queryMdThermalInfo (0)Bad file number
I/thermal_repeater(  322): [recvMdThermalInfo] ret=25, strLen=127,  1, 32767,,, -1, 32767, 2
W/ContextImpl( 1667): Calling a method in the system process without a qualified user: android.app.ContextImpl.startService:1863 android.content.ContextWrapper.startService:516 com.meizu.networkmanager.monitor.w.a:118 com.meizu.networkmanager.monitor.w.a:62 com.meizu.networkmanager.monitor.w$1.run:69 
I/thermal_repeater(  322): oh, queryMdThermalInfo (0)Bad file number
I/thermal_repeater(  322): [recvMdThermalInfo] ret=25, strLen=127,  1, 32767,,, -1, 32767, 2
I/thermal_repeater(  322): oh, queryMdThermalInfo (0)Bad file number
I/thermal_repeater(  322): [recvMdThermalInfo] ret=25, strLen=127,  1, 32767,,, -1, 32767, 2
I/thermal_repeater(  322): oh, queryMdThermalInfo (0)Bad file number
I/thermal_repeater(  322): [recvMdThermalInfo] ret=25, strLen=127,  1, 32767,,, -1, 32767, 2
I/thermal_repeater(  322): oh, queryMdThermalInfo (0)Bad file number
I/thermal_repeater(  322): [recvMdThermalInfo] ret=25, strLen=127,  1, 32767,,, -1, 32767, 2
I/thermal_repeater(  322): oh, queryMdThermalInfo (0)Bad file number
I/thermal_repeater(  322): [recvMdThermalInfo] ret=25, strLen=127,  1, 32767,,, -1, 32767, 2
W/Watchdog(  877): SWT Watchdog after wait current time:5526229
W/Watchdog(  877): **Get SF Time **1
W/Watchdog(  877): SWT Watchdog before synchronized:5526229
W/Watchdog(  877): SWT Watchdog after synchronized:5526229
W/Watchdog(  877): SWT Watchdog before wait timeout:30000
W/Watchdog(  877): SWT Watchdog before wait current time:5526230
W/Watchdog(  877): SWT Watchdog before wait start:5526230
W/Watchdog(  877): SWT Watchdog before wait CHECK_INTERVAL:30000
I/thermal_repeater(  322): oh, queryMdThermalInfo (0)Bad file number
I/thermal_repeater(  322): [recvMdThermalInfo] ret=25, strLen=127,  1, 32767,,, -1, 32767, 2
I/thermal_repeater(  322): oh, queryMdThermalInfo (0)Bad file number
I/thermal_repeater(  322): [recvMdThermalInfo] ret=25, strLen=127,  1, 32767,,, -1, 32767, 2
I/thermal_repeater(  322): oh, queryMdThermalInfo (0)Bad file number
I/thermal_repeater(  322): [recvMdThermalInfo] ret=25, strLen=127,  1, 32767,,, -1, 32767, 2
I/thermal_repeater(  322): oh, queryMdThermalInfo (0)Bad file number
I/thermal_repeater(  322): [recvMdThermalInfo] ret=25, strLen=127,  1, 32767,,, -1, 32767, 2
I/thermal_repeater(  322): oh, queryMdThermalInfo (0)Bad file number
I/thermal_repeater(  322): [recvMdThermalInfo] ret=25, strLen=127,  1, 32767,,, -1, 32767, 2
I/thermal_repeater(  322): oh, queryMdThermalInfo (0)Bad file number
I/thermal_repeater(  322): [recvMdThermalInfo] ret=25, strLen=127,  1, 32767,,, -1, 32767, 2
W/Watchdog(  877): SWT Watchdog after wait current time:5556230
W/Watchdog(  877): **Get SF Time **1
W/Watchdog(  877): SWT Watchdog before synchronized:5556230
W/Watchdog(  877): SWT Watchdog after synchronized:5556230
W/Watchdog(  877): SWT Watchdog before wait timeout:30000
W/Watchdog(  877): SWT Watchdog before wait current time:5556230
W/Watchdog(  877): SWT Watchdog before wait start:5556230
W/Watchdog(  877): SWT Watchdog before wait CHECK_INTERVAL:30000
I/thermal_repeater(  322): oh, queryMdThermalInfo (0)Bad file number
I/thermal_repeater(  322): [recvMdThermalInfo] ret=25, strLen=127,  1, 32767,,, -1, 32767, 2
I/thermal_repeater(  322): oh, queryMdThermalInfo (0)Bad file number
I/thermal_repeater(  322): [recvMdThermalInfo] ret=25, strLen=127,  1, 32767,,, -1, 32767, 2
I/thermal_repeater(  322): oh, queryMdThermalInfo (0)Bad file number
I/thermal_repeater(  322): [recvMdThermalInfo] ret=25, strLen=127,  1, 32767,,, -1, 32767, 2
I/thermal_repeater(  322): oh, queryMdThermalInfo (0)Bad file number
I/thermal_repeater(  322): [recvMdThermalInfo] ret=25, strLen=127,  1, 32767,,, -1, 32767, 2
I/thermal_repeater(  322): oh, queryMdThermalInfo (0)Bad file number
I/thermal_repeater(  322): [recvMdThermalInfo] ret=25, strLen=127,  1, 32767,,, -1, 32767, 2
I/thermal_repeater(  322): oh, queryMdThermalInfo (0)Bad file number
I/thermal_repeater(  322): [recvMdThermalInfo] ret=25, strLen=127,  1, 32767,,, -1, 32767, 2
W/Watchdog(  877): SWT Watchdog after wait current time:5586230
W/Watchdog(  877): **Get SF Time **1
W/Watchdog(  877): SWT Watchdog before synchronized:5586231
W/Watchdog(  877): SWT Watchdog after synchronized:5586231
W/Watchdog(  877): SWT Watchdog before wait timeout:30000
W/Watchdog(  877): SWT Watchdog before wait current time:5586231
W/Watchdog(  877): SWT Watchdog before wait start:5586231
W/Watchdog(  877): SWT Watchdog before wait CHECK_INTERVAL:30000
I/thermal_repeater(  322): oh, queryMdThermalInfo (0)Bad file number
I/thermal_repeater(  322): [recvMdThermalInfo] ret=25, strLen=127,  1, 32767,,, -1, 32767, 2
I/thermal_repeater(  322): oh, queryMdThermalInfo (0)Bad file number
I/thermal_repeater(  322): [recvMdThermalInfo] ret=25, strLen=127,  1, 32767,,, -1, 32767, 2
I/thermal_repeater(  322): oh, queryMdThermalInfo (0)Bad file number
I/thermal_repeater(  322): [recvMdThermalInfo] ret=25, strLen=127,  1, 32767,,, -1, 32767, 2
I/thermal_repeater(  322): oh, queryMdThermalInfo (0)Bad file number
I/thermal_repeater(  322): [recvMdThermalInfo] ret=25, strLen=127,  1, 32767,,, -1, 32767, 2
I/thermal_repeater(  322): oh, queryMdThermalInfo (0)Bad file number
I/thermal_repeater(  322): [recvMdThermalInfo] ret=25, strLen=127,  1, 32767,,, -1, 32767, 2
I/thermal_repeater(  322): oh, queryMdThermalInfo (0)Bad file number
I/thermal_repeater(  322): [recvMdThermalInfo] ret=25, strLen=127,  1, 32767,,, -1, 32767, 2
W/Watchdog(  877): SWT Watchdog after wait current time:5616231
W/Watchdog(  877): **Get SF Time **1
W/Watchdog(  877): SWT Watchdog before synchronized:5616231
W/Watchdog(  877): SWT Watchdog after synchronized:5616231
W/Watchdog(  877): SWT Watchdog before wait timeout:30000
W/Watchdog(  877): SWT Watchdog before wait current time:5616231
W/Watchdog(  877): SWT Watchdog before wait start:5616231
W/Watchdog(  877): SWT Watchdog before wait CHECK_INTERVAL:30000
I/thermal_repeater(  322): oh, queryMdThermalInfo (0)Bad file number
I/thermal_repeater(  322): [recvMdThermalInfo] ret=25, strLen=127,  1, 32767,,, -1, 32767, 2
I/thermal_repeater(  322): oh, queryMdThermalInfo (0)Bad file number
I/thermal_repeater(  322): [recvMdThermalInfo] ret=25, strLen=127,  1, 32767,,, -1, 32767, 2
I/ActivityManager(  877): Start proc 15195:com.android.browser/u0a2 for service com.android.browser/com.meizu.cloud.pushsdk.NotificationService
I/ActivityManager(  877): [Background Service Priority Adjustment] Process.setProcessGroup to Process.THREAD_GROUP_BG_NONINTERACTIVE, app.pid: 15195
E/Vold    (  274): Failed to find mounted volume for /storage/sdcard1/Android/data/com.android.browser/files/
W/Vold    (  274): Returning OperationFailed - no handler for errno 0
I/ActivityManager(  877): Killing 13791:com.android.externalstorage/u0a12 (adj 15): empty for 2447s
W/BroadcastQueue(  877): Exception when sending broadcast to ComponentInfo{com.android.browser/com.android.browser.push.AppPushReciever}
W/BroadcastQueue(  877): android.os.TransactionTooLargeException
W/BroadcastQueue(  877): 	at android.os.BinderProxy.transactNative(Native Method)
W/BroadcastQueue(  877): 	at android.os.BinderProxy.transact(Binder.java:507)
W/BroadcastQueue(  877): 	at android.app.ApplicationThreadProxy.scheduleReceiver(ApplicationThreadNative.java:980)
W/BroadcastQueue(  877): 	at com.android.server.am.BroadcastQueue.processCurBroadcastLocked(BroadcastQueue.java:300)
W/BroadcastQueue(  877): 	at com.android.server.am.BroadcastQueue.processNextBroadcast(BroadcastQueue.java:1049)
W/BroadcastQueue(  877): 	at com.android.server.am.BroadcastQueue$BroadcastHandler.handleMessage(BroadcastQueue.java:203)
W/BroadcastQueue(  877): 	at android.os.Handler.dispatchMessage(Handler.java:111)
W/BroadcastQueue(  877): 	at android.os.Looper.loop(Looper.java:194)
W/BroadcastQueue(  877): 	at android.os.HandlerThread.run(HandlerThread.java:61)
W/BroadcastQueue(  877): 	at com.android.server.ServiceThread.run(ServiceThread.java:46)
I/libprocessgroup(  877): Killing pid 15258 in uid 10002 as part of process group 15195
I/libprocessgroup(  877): Killing pid 15258 in uid 10002 as part of process group 15195
I/ActivityManager(  877): Start proc 15286:com.android.browser/u0a2 for broadcast com.android.browser/.push.AppPushReciever
W/ActivityManager(  877): Spurious death for ProcessRecord{fd8d784 15286:com.android.browser/u0a2}, curProc for 15195: null
I/libprocessgroup(  877): Killing pid 15258 in uid 10002 as part of process group 15195
E/Vold    (  274): Failed to find mounted volume for /storage/sdcard1/Android/data/com.android.browser/files/
W/Vold    (  274): Returning OperationFailed - no handler for errno 0
W/BroadcastQueue(  877): Permission Denial: broadcasting Intent { act=com.meizu.cloud.pushservice.action.PUSH_SERVICE_START flg=0x10 pkg=com.android.browser } from com.meizu.cloud (pid=2757, uid=10061) is not exported from uid 10002 due to receiver com.android.browser/com.meizu.cloud.pushsdk.SystemReceiver
I/thermal_repeater(  322): oh, queryMdThermalInfo (0)Bad file number
I/thermal_repeater(  322): [recvMdThermalInfo] ret=25, strLen=127,  1, 32767,,, -1, 32767, 2
E/Vold    (  274): Failed to find mounted volume for /storage/sdcard1/Android/data/com.android.browser/files/
W/Vold    (  274): Returning OperationFailed - no handler for errno 0
W/JobServiceContext(  877): verifyCallingUid.433..:[ComponentInfo{com.meizu.mstore/com.meizu.cloud.app.jobscheduler.JobSchedulerService},jId=105,u0,R=(-00:00,-00:00),N=2,C=false,I=false,F=0,P=false(READY)]
W/JobServiceContext(  877): verifyCallingUid. END
W/JobServiceContext(  877): verifyCallingUid.433..:[ComponentInfo{com.meizu.mstore/com.meizu.cloud.app.jobscheduler.JobSchedulerService},jId=105,u0,R=(-00:00,-00:00),N=2,C=false,I=false,F=0,P=false(READY)]
W/JobServiceContext(  877): verifyCallingUid. END
W/JobServiceContext(  877): closeAndCleanupJobH.433..:[ComponentInfo{com.meizu.mstore/com.meizu.cloud.app.jobscheduler.JobSchedulerService},jId=105,u0,R=(-00:00,-00:00),N=2,C=false,I=false,F=0,P=false(READY)]
E/Vold    (  274): Failed to find mounted volume for /storage/sdcard1/Android/data/com.android.browser/cache/
W/Vold    (  274): Returning OperationFailed - no handler for errno 0
I/thermal_repeater(  322): oh, queryMdThermalInfo (0)Bad file number
I/thermal_repeater(  322): [recvMdThermalInfo] ret=25, strLen=127,  1, 32767,,, -1, 32767, 2
I/thermal_repeater(  322): oh, queryMdThermalInfo (0)Bad file number
I/thermal_repeater(  322): [recvMdThermalInfo] ret=25, strLen=127,  1, 32767,,, -1, 32767, 2
I/thermal_repeater(  322): oh, queryMdThermalInfo (0)Bad file number
I/thermal_repeater(  322): [recvMdThermalInfo] ret=25, strLen=127,  1, 32767,,, -1, 32767, 2
W/Watchdog(  877): SWT Watchdog after wait current time:5646231
W/Watchdog(  877): **Get SF Time **1
W/Watchdog(  877): SWT Watchdog before synchronized:5646232
W/Watchdog(  877): SWT Watchdog after synchronized:5646232
W/Watchdog(  877): SWT Watchdog before wait timeout:30000
W/Watchdog(  877): SWT Watchdog before wait current time:5646232
W/Watchdog(  877): SWT Watchdog before wait start:5646232
W/Watchdog(  877): SWT Watchdog before wait CHECK_INTERVAL:30000
I/thermal_repeater(  322): oh, queryMdThermalInfo (0)Bad file number
I/thermal_repeater(  322): [recvMdThermalInfo] ret=25, strLen=127,  1, 32767,,, -1, 32767, 2
I/thermal_repeater(  322): oh, queryMdThermalInfo (0)Bad file number
I/thermal_repeater(  322): [recvMdThermalInfo] ret=25, strLen=127,  1, 32767,,, -1, 32767, 2
I/thermal_repeater(  322): oh, queryMdThermalInfo (0)Bad file number
I/thermal_repeater(  322): [recvMdThermalInfo] ret=25, strLen=127,  1, 32767,,, -1, 32767, 2
I/thermal_repeater(  322): oh, queryMdThermalInfo (0)Bad file number
I/thermal_repeater(  322): [recvMdThermalInfo] ret=25, strLen=127,  1, 32767,,, -1, 32767, 2
I/thermal_repeater(  322): oh, queryMdThermalInfo (0)Bad file number
I/thermal_repeater(  322): [recvMdThermalInfo] ret=25, strLen=127,  1, 32767,,, -1, 32767, 2
I/thermal_repeater(  322): oh, queryMdThermalInfo (0)Bad file number
I/thermal_repeater(  322): [recvMdThermalInfo] ret=25, strLen=127,  1, 32767,,, -1, 32767, 2
W/Watchdog(  877): SWT Watchdog after wait current time:5676232
W/Watchdog(  877): **Get SF Time **1
W/Watchdog(  877): SWT Watchdog before synchronized:5676232
W/Watchdog(  877): SWT Watchdog after synchronized:5676232
W/Watchdog(  877): SWT Watchdog before wait timeout:30000
W/Watchdog(  877): SWT Watchdog before wait current time:5676232
W/Watchdog(  877): SWT Watchdog before wait start:5676232
W/Watchdog(  877): SWT Watchdog before wait CHECK_INTERVAL:30000
I/thermal_repeater(  322): oh, queryMdThermalInfo (0)Bad file number
I/thermal_repeater(  322): [recvMdThermalInfo] ret=25, strLen=127,  1, 32767,,, -1, 32767, 2
I/thermal_repeater(  322): oh, queryMdThermalInfo (0)Bad file number
I/thermal_repeater(  322): [recvMdThermalInfo] ret=25, strLen=127,  1, 32767,,, -1, 32767, 2
I/thermal_repeater(  322): oh, queryMdThermalInfo (0)Bad file number
I/thermal_repeater(  322): [recvMdThermalInfo] ret=25, strLen=127,  1, 32767,,, -1, 32767, 2
I/thermal_repeater(  322): oh, queryMdThermalInfo (0)Bad file number
I/thermal_repeater(  322): [recvMdThermalInfo] ret=25, strLen=127,  1, 32767,,, -1, 32767, 2
I/thermal_repeater(  322): oh, queryMdThermalInfo (0)Bad file number
I/thermal_repeater(  322): [recvMdThermalInfo] ret=25, strLen=127,  1, 32767,,, -1, 32767, 2
I/thermal_repeater(  322): oh, queryMdThermalInfo (0)Bad file number
I/thermal_repeater(  322): [recvMdThermalInfo] ret=25, strLen=127,  1, 32767,,, -1, 32767, 2
W/Watchdog(  877): SWT Watchdog after wait current time:5706233
W/Watchdog(  877): **Get SF Time **1
W/Watchdog(  877): SWT Watchdog before synchronized:5706233
W/Watchdog(  877): SWT Watchdog after synchronized:5706233
W/Watchdog(  877): SWT Watchdog before wait timeout:30000
W/Watchdog(  877): SWT Watchdog before wait current time:5706233
W/Watchdog(  877): SWT Watchdog before wait start:5706233
W/Watchdog(  877): SWT Watchdog before wait CHECK_INTERVAL:30000
I/thermal_repeater(  322): oh, queryMdThermalInfo (0)Bad file number
I/thermal_repeater(  322): [recvMdThermalInfo] ret=25, strLen=127,  1, 32767,,, -1, 32767, 2
I/thermal_repeater(  322): oh, queryMdThermalInfo (0)Bad file number
I/thermal_repeater(  322): [recvMdThermalInfo] ret=25, strLen=127,  1, 32767,,, -1, 32767, 2
I/thermal_repeater(  322): oh, queryMdThermalInfo (0)Bad file number
I/thermal_repeater(  322): [recvMdThermalInfo] ret=25, strLen=127,  1, 32767,,, -1, 32767, 2
I/thermal_repeater(  322): oh, queryMdThermalInfo (0)Bad file number
I/thermal_repeater(  322): [recvMdThermalInfo] ret=25, strLen=127,  1, 32767,,, -1, 32767, 2
I/thermal_repeater(  322): oh, queryMdThermalInfo (0)Bad file number
I/thermal_repeater(  322): [recvMdThermalInfo] ret=25, strLen=127,  1, 32767,,, -1, 32767, 2
I/thermal_repeater(  322): oh, queryMdThermalInfo (0)Bad file number
I/thermal_repeater(  322): [recvMdThermalInfo] ret=25, strLen=127,  1, 32767,,, -1, 32767, 2
W/Watchdog(  877): SWT Watchdog after wait current time:5736233
W/Watchdog(  877): **Get SF Time **1
W/Watchdog(  877): SWT Watchdog before synchronized:5736234
W/Watchdog(  877): SWT Watchdog after synchronized:5736234
W/Watchdog(  877): SWT Watchdog before wait timeout:30000
W/Watchdog(  877): SWT Watchdog before wait current time:5736234
W/Watchdog(  877): SWT Watchdog before wait start:5736234
W/Watchdog(  877): SWT Watchdog before wait CHECK_INTERVAL:30000
I/thermal_repeater(  322): oh, queryMdThermalInfo (0)Bad file number
I/thermal_repeater(  322): [recvMdThermalInfo] ret=25, strLen=127,  1, 32767,,, -1, 32767, 2
I/thermal_repeater(  322): oh, queryMdThermalInfo (0)Bad file number
I/thermal_repeater(  322): [recvMdThermalInfo] ret=25, strLen=127,  1, 32767,,, -1, 32767, 2
I/thermal_repeater(  322): oh, queryMdThermalInfo (0)Bad file number
I/thermal_repeater(  322): [recvMdThermalInfo] ret=25, strLen=127,  1, 32767,,, -1, 32767, 2
I/thermal_repeater(  322): oh, queryMdThermalInfo (0)Bad file number
I/thermal_repeater(  322): [recvMdThermalInfo] ret=25, strLen=127,  1, 32767,,, -1, 32767, 2
I/thermal_repeater(  322): oh, queryMdThermalInfo (0)Bad file number
I/thermal_repeater(  322): [recvMdThermalInfo] ret=25, strLen=127,  1, 32767,,, -1, 32767, 2
I/thermal_repeater(  322): oh, queryMdThermalInfo (0)Bad file number
I/thermal_repeater(  322): [recvMdThermalInfo] ret=25, strLen=127,  1, 32767,,, -1, 32767, 2
W/Watchdog(  877): SWT Watchdog after wait current time:5766234
W/Watchdog(  877): **Get SF Time **1
W/Watchdog(  877): SWT Watchdog before synchronized:5766234
W/Watchdog(  877): SWT Watchdog after synchronized:5766234
W/Watchdog(  877): SWT Watchdog before wait timeout:30000
W/Watchdog(  877): SWT Watchdog before wait current time:5766234
W/Watchdog(  877): SWT Watchdog before wait start:5766234
W/Watchdog(  877): SWT Watchdog before wait CHECK_INTERVAL:30000
I/thermal_repeater(  322): oh, queryMdThermalInfo (0)Bad file number
I/thermal_repeater(  322): [recvMdThermalInfo] ret=25, strLen=127,  1, 32767,,, -1, 32767, 2
I/thermal_repeater(  322): oh, queryMdThermalInfo (0)Bad file number
I/thermal_repeater(  322): [recvMdThermalInfo] ret=25, strLen=127,  1, 32767,,, -1, 32767, 2
I/thermal_repeater(  322): oh, queryMdThermalInfo (0)Bad file number
I/thermal_repeater(  322): [recvMdThermalInfo] ret=25, strLen=127,  1, 32767,,, -1, 32767, 2
I/thermal_repeater(  322): oh, queryMdThermalInfo (0)Bad file number
I/thermal_repeater(  322): [recvMdThermalInfo] ret=25, strLen=127,  1, 32767,,, -1, 32767, 2
I/thermal_repeater(  322): oh, queryMdThermalInfo (0)Bad file number
I/thermal_repeater(  322): [recvMdThermalInfo] ret=25, strLen=127,  1, 32767,,, -1, 32767, 2
I/thermal_repeater(  322): oh, queryMdThermalInfo (0)Bad file number
I/thermal_repeater(  322): [recvMdThermalInfo] ret=25, strLen=127,  1, 32767,,, -1, 32767, 2
W/Watchdog(  877): SWT Watchdog after wait current time:5796234
W/Watchdog(  877): **Get SF Time **1
W/Watchdog(  877): SWT Watchdog before synchronized:5796235
W/Watchdog(  877): SWT Watchdog after synchronized:5796235
W/Watchdog(  877): SWT Watchdog before wait timeout:30000
W/Watchdog(  877): SWT Watchdog before wait current time:5796235
W/Watchdog(  877): SWT Watchdog before wait start:5796235
W/Watchdog(  877): SWT Watchdog before wait CHECK_INTERVAL:30000
I/thermal_repeater(  322): oh, queryMdThermalInfo (0)Bad file number
I/thermal_repeater(  322): [recvMdThermalInfo] ret=25, strLen=127,  1, 32767,,, -1, 32767, 2
I/thermal_repeater(  322): oh, queryMdThermalInfo (0)Bad file number
I/thermal_repeater(  322): [recvMdThermalInfo] ret=25, strLen=127,  1, 32767,,, -1, 32767, 2
I/thermal_repeater(  322): oh, queryMdThermalInfo (0)Bad file number
I/thermal_repeater(  322): [recvMdThermalInfo] ret=25, strLen=127,  1, 32767,,, -1, 32767, 2
I/thermal_repeater(  322): oh, queryMdThermalInfo (0)Bad file number
I/thermal_repeater(  322): [recvMdThermalInfo] ret=25, strLen=127,  1, 32767,,, -1, 32767, 2
I/thermal_repeater(  322): oh, queryMdThermalInfo (0)Bad file number
I/thermal_repeater(  322): [recvMdThermalInfo] ret=25, strLen=127,  1, 32767,,, -1, 32767, 2
I/thermal_repeater(  322): oh, queryMdThermalInfo (0)Bad file number
I/thermal_repeater(  322): [recvMdThermalInfo] ret=25, strLen=127,  1, 32767,,, -1, 32767, 2
W/Watchdog(  877): SWT Watchdog after wait current time:5826235
W/Watchdog(  877): **Get SF Time **1
W/Watchdog(  877): SWT Watchdog before synchronized:5826235
W/Watchdog(  877): SWT Watchdog after synchronized:5826235
W/Watchdog(  877): SWT Watchdog before wait timeout:30000
W/Watchdog(  877): SWT Watchdog before wait current time:5826235
W/Watchdog(  877): SWT Watchdog before wait start:5826235
W/Watchdog(  877): SWT Watchdog before wait CHECK_INTERVAL:30000
I/thermal_repeater(  322): oh, queryMdThermalInfo (0)Bad file number
I/thermal_repeater(  322): [recvMdThermalInfo] ret=25, strLen=127,  1, 32767,,, -1, 32767, 2
I/thermal_repeater(  322): oh, queryMdThermalInfo (0)Bad file number
I/thermal_repeater(  322): [recvMdThermalInfo] ret=25, strLen=127,  1, 32767,,, -1, 32767, 2
I/thermal_repeater(  322): oh, queryMdThermalInfo (0)Bad file number
I/thermal_repeater(  322): [recvMdThermalInfo] ret=25, strLen=127,  1, 32767,,, -1, 32767, 2
I/thermal_repeater(  322): oh, queryMdThermalInfo (0)Bad file number
I/thermal_repeater(  322): [recvMdThermalInfo] ret=25, strLen=127,  1, 32767,,, -1, 32767, 2
I/thermal_repeater(  322): oh, queryMdThermalInfo (0)Bad file number
I/thermal_repeater(  322): [recvMdThermalInfo] ret=25, strLen=127,  1, 32767,,, -1, 32767, 2
I/thermal_repeater(  322): oh, queryMdThermalInfo (0)Bad file number
I/thermal_repeater(  322): [recvMdThermalInfo] ret=25, strLen=127,  1, 32767,,, -1, 32767, 2
W/Watchdog(  877): SWT Watchdog after wait current time:5856236
W/Watchdog(  877): **Get SF Time **1
W/Watchdog(  877): SWT Watchdog before synchronized:5856236
W/Watchdog(  877): SWT Watchdog after synchronized:5856236
W/Watchdog(  877): SWT Watchdog before wait timeout:30000
W/Watchdog(  877): SWT Watchdog before wait current time:5856236
W/Watchdog(  877): SWT Watchdog before wait start:5856236
W/Watchdog(  877): SWT Watchdog before wait CHECK_INTERVAL:30000
I/thermal_repeater(  322): oh, queryMdThermalInfo (0)Bad file number
I/thermal_repeater(  322): [recvMdThermalInfo] ret=25, strLen=127,  1, 32767,,, -1, 32767, 2
I/thermal_repeater(  322): oh, queryMdThermalInfo (0)Bad file number
I/thermal_repeater(  322): [recvMdThermalInfo] ret=25, strLen=127,  1, 32767,,, -1, 32767, 2
I/thermal_repeater(  322): oh, queryMdThermalInfo (0)Bad file number
I/thermal_repeater(  322): [recvMdThermalInfo] ret=25, strLen=127,  1, 32767,,, -1, 32767, 2
W/JobServiceContext(  877): verifyCallingUid.595..:[ComponentInfo{com.meizu.mstore/com.meizu.cloud.app.jobscheduler.JobSchedulerService},jId=105,u0,R=(-00:00,-00:00),N=2,C=false,I=false,F=0,P=false(READY)]
W/JobServiceContext(  877): verifyCallingUid. END
W/JobServiceContext(  877): verifyCallingUid.595..:[ComponentInfo{com.meizu.mstore/com.meizu.cloud.app.jobscheduler.JobSchedulerService},jId=105,u0,R=(-00:00,-00:00),N=2,C=false,I=false,F=0,P=false(READY)]
W/JobServiceContext(  877): verifyCallingUid. END
W/JobServiceContext(  877): closeAndCleanupJobH.595..:[ComponentInfo{com.meizu.mstore/com.meizu.cloud.app.jobscheduler.JobSchedulerService},jId=105,u0,R=(-00:00,-00:00),N=2,C=false,I=false,F=0,P=false(READY)]
I/thermal_repeater(  322): oh, queryMdThermalInfo (0)Bad file number
I/thermal_repeater(  322): [recvMdThermalInfo] ret=25, strLen=127,  1, 32767,,, -1, 32767, 2
I/thermal_repeater(  322): oh, queryMdThermalInfo (0)Bad file number
I/thermal_repeater(  322): [recvMdThermalInfo] ret=25, strLen=127,  1, 32767,,, -1, 32767, 2
I/thermal_repeater(  322): oh, queryMdThermalInfo (0)Bad file number
I/thermal_repeater(  322): [recvMdThermalInfo] ret=25, strLen=127,  1, 32767,,, -1, 32767, 2
W/Watchdog(  877): SWT Watchdog after wait current time:5886236
W/Watchdog(  877): **Get SF Time **1
W/Watchdog(  877): SWT Watchdog before synchronized:5886236
W/Watchdog(  877): SWT Watchdog after synchronized:5886236
W/Watchdog(  877): SWT Watchdog before wait timeout:30000
W/Watchdog(  877): SWT Watchdog before wait current time:5886237
W/Watchdog(  877): SWT Watchdog before wait start:5886236
W/Watchdog(  877): SWT Watchdog before wait CHECK_INTERVAL:30000
I/thermal_repeater(  322): oh, queryMdThermalInfo (0)Bad file number
I/thermal_repeater(  322): [recvMdThermalInfo] ret=25, strLen=127,  1, 32767,,, -1, 32767, 2
I/thermal_repeater(  322): oh, queryMdThermalInfo (0)Bad file number
I/thermal_repeater(  322): [recvMdThermalInfo] ret=25, strLen=127,  1, 32767,,, -1, 32767, 2
I/thermal_repeater(  322): oh, queryMdThermalInfo (0)Bad file number
I/thermal_repeater(  322): [recvMdThermalInfo] ret=25, strLen=127,  1, 32767,,, -1, 32767, 2
I/thermal_repeater(  322): oh, queryMdThermalInfo (0)Bad file number
I/thermal_repeater(  322): [recvMdThermalInfo] ret=25, strLen=127,  1, 32767,,, -1, 32767, 2
I/thermal_repeater(  322): oh, queryMdThermalInfo (0)Bad file number
I/thermal_repeater(  322): [recvMdThermalInfo] ret=25, strLen=127,  1, 32767,,, -1, 32767, 2
I/thermal_repeater(  322): oh, queryMdThermalInfo (0)Bad file number
I/thermal_repeater(  322): [recvMdThermalInfo] ret=25, strLen=127,  1, 32767,,, -1, 32767, 2
W/Watchdog(  877): SWT Watchdog after wait current time:5916237
W/Watchdog(  877): **Get SF Time **1
W/Watchdog(  877): SWT Watchdog before synchronized:5916237
W/Watchdog(  877): SWT Watchdog after synchronized:5916237
W/Watchdog(  877): SWT Watchdog before wait timeout:30000
W/Watchdog(  877): SWT Watchdog before wait current time:5916237
W/Watchdog(  877): SWT Watchdog before wait start:5916237
W/Watchdog(  877): SWT Watchdog before wait CHECK_INTERVAL:30000
I/thermal_repeater(  322): oh, queryMdThermalInfo (0)Bad file number
I/thermal_repeater(  322): [recvMdThermalInfo] ret=25, strLen=127,  1, 32767,,, -1, 32767, 2
I/thermal_repeater(  322): oh, queryMdThermalInfo (0)Bad file number
I/thermal_repeater(  322): [recvMdThermalInfo] ret=25, strLen=127,  1, 32767,,, -1, 32767, 2
I/thermal_repeater(  322): oh, queryMdThermalInfo (0)Bad file number
I/thermal_repeater(  322): [recvMdThermalInfo] ret=25, strLen=127,  1, 32767,,, -1, 32767, 2
I/thermal_repeater(  322): oh, queryMdThermalInfo (0)Bad file number
I/thermal_repeater(  322): [recvMdThermalInfo] ret=25, strLen=127,  1, 32767,,, -1, 32767, 2
I/thermal_repeater(  322): oh, queryMdThermalInfo (0)Bad file number
I/thermal_repeater(  322): [recvMdThermalInfo] ret=25, strLen=127,  1, 32767,,, -1, 32767, 2
I/thermal_repeater(  322): oh, queryMdThermalInfo (0)Bad file number
I/thermal_repeater(  322): [recvMdThermalInfo] ret=25, strLen=127,  1, 32767,,, -1, 32767, 2
W/Watchdog(  877): SWT Watchdog after wait current time:5946237
W/Watchdog(  877): **Get SF Time **1
W/Watchdog(  877): SWT Watchdog before synchronized:5946238
W/Watchdog(  877): SWT Watchdog after synchronized:5946238
W/Watchdog(  877): SWT Watchdog before wait timeout:30000
W/Watchdog(  877): SWT Watchdog before wait current time:5946238
W/Watchdog(  877): SWT Watchdog before wait start:5946238
W/Watchdog(  877): SWT Watchdog before wait CHECK_INTERVAL:30000
I/thermal_repeater(  322): oh, queryMdThermalInfo (0)Bad file number
I/thermal_repeater(  322): [recvMdThermalInfo] ret=25, strLen=127,  1, 32767,,, -1, 32767, 2
I/thermal_repeater(  322): oh, queryMdThermalInfo (0)Bad file number
I/thermal_repeater(  322): [recvMdThermalInfo] ret=25, strLen=127,  1, 32767,,, -1, 32767, 2
I/thermal_repeater(  322): oh, queryMdThermalInfo (0)Bad file number
I/thermal_repeater(  322): [recvMdThermalInfo] ret=25, strLen=127,  1, 32767,,, -1, 32767, 2
I/thermal_repeater(  322): oh, queryMdThermalInfo (0)Bad file number
I/thermal_repeater(  322): [recvMdThermalInfo] ret=25, strLen=127,  1, 32767,,, -1, 32767, 2
I/thermal_repeater(  322): oh, queryMdThermalInfo (0)Bad file number
I/thermal_repeater(  322): [recvMdThermalInfo] ret=25, strLen=127,  1, 32767,,, -1, 32767, 2
I/thermal_repeater(  322): oh, queryMdThermalInfo (0)Bad file number
I/thermal_repeater(  322): [recvMdThermalInfo] ret=25, strLen=127,  1, 32767,,, -1, 32767, 2
W/Watchdog(  877): SWT Watchdog after wait current time:5976238
W/Watchdog(  877): **Get SF Time **1
W/Watchdog(  877): SWT Watchdog before synchronized:5976238
W/Watchdog(  877): SWT Watchdog after synchronized:5976238
W/Watchdog(  877): SWT Watchdog before wait timeout:30000
W/Watchdog(  877): SWT Watchdog before wait current time:5976238
W/Watchdog(  877): SWT Watchdog before wait start:5976238
W/Watchdog(  877): SWT Watchdog before wait CHECK_INTERVAL:30000
I/thermal_repeater(  322): oh, queryMdThermalInfo (0)Bad file number
I/thermal_repeater(  322): [recvMdThermalInfo] ret=25, strLen=127,  1, 32767,,, -1, 32767, 2
I/thermal_repeater(  322): oh, queryMdThermalInfo (0)Bad file number
I/thermal_repeater(  322): [recvMdThermalInfo] ret=25, strLen=127,  1, 32767,,, -1, 32767, 2
I/thermal_repeater(  322): oh, queryMdThermalInfo (0)Bad file number
I/thermal_repeater(  322): [recvMdThermalInfo] ret=25, strLen=127,  1, 32767,,, -1, 32767, 2
I/thermal_repeater(  322): oh, queryMdThermalInfo (0)Bad file number
I/thermal_repeater(  322): [recvMdThermalInfo] ret=25, strLen=127,  1, 32767,,, -1, 32767, 2
I/thermal_repeater(  322): oh, queryMdThermalInfo (0)Bad file number
I/thermal_repeater(  322): [recvMdThermalInfo] ret=25, strLen=127,  1, 32767,,, -1, 32767, 2
I/thermal_repeater(  322): oh, queryMdThermalInfo (0)Bad file number
I/thermal_repeater(  322): [recvMdThermalInfo] ret=25, strLen=127,  1, 32767,,, -1, 32767, 2
W/Watchdog(  877): SWT Watchdog after wait current time:6006238
W/Watchdog(  877): **Get SF Time **1
W/Watchdog(  877): SWT Watchdog before synchronized:6006239
W/Watchdog(  877): SWT Watchdog after synchronized:6006239
W/Watchdog(  877): SWT Watchdog before wait timeout:30000
W/Watchdog(  877): SWT Watchdog before wait current time:6006239
W/Watchdog(  877): SWT Watchdog before wait start:6006239
W/Watchdog(  877): SWT Watchdog before wait CHECK_INTERVAL:30000
I/thermal_repeater(  322): oh, queryMdThermalInfo (0)Bad file number
I/thermal_repeater(  322): [recvMdThermalInfo] ret=25, strLen=127,  1, 32767,,, -1, 32767, 2
I/thermal_repeater(  322): oh, queryMdThermalInfo (0)Bad file number
I/thermal_repeater(  322): [recvMdThermalInfo] ret=25, strLen=127,  1, 32767,,, -1, 32767, 2
I/thermal_repeater(  322): oh, queryMdThermalInfo (0)Bad file number
I/thermal_repeater(  322): [recvMdThermalInfo] ret=25, strLen=127,  1, 32767,,, -1, 32767, 2
I/thermal_repeater(  322): oh, queryMdThermalInfo (0)Bad file number
I/thermal_repeater(  322): [recvMdThermalInfo] ret=25, strLen=127,  1, 32767,,, -1, 32767, 2
I/thermal_repeater(  322): oh, queryMdThermalInfo (0)Bad file number
I/thermal_repeater(  322): [recvMdThermalInfo] ret=25, strLen=127,  1, 32767,,, -1, 32767, 2
I/thermal_repeater(  322): oh, queryMdThermalInfo (0)Bad file number
I/thermal_repeater(  322): [recvMdThermalInfo] ret=25, strLen=127,  1, 32767,,, -1, 32767, 2
W/Watchdog(  877): SWT Watchdog after wait current time:6036239
W/Watchdog(  877): **Get SF Time **1
W/Watchdog(  877): SWT Watchdog before synchronized:6036239
W/Watchdog(  877): SWT Watchdog after synchronized:6036239
W/Watchdog(  877): SWT Watchdog before wait timeout:30000
W/Watchdog(  877): SWT Watchdog before wait current time:6036240
W/Watchdog(  877): SWT Watchdog before wait start:6036240
W/Watchdog(  877): SWT Watchdog before wait CHECK_INTERVAL:30000
I/thermal_repeater(  322): oh, queryMdThermalInfo (0)Bad file number
I/thermal_repeater(  322): [recvMdThermalInfo] ret=25, strLen=127,  1, 32767,,, -1, 32767, 2
I/thermal_repeater(  322): oh, queryMdThermalInfo (0)Bad file number
I/thermal_repeater(  322): [recvMdThermalInfo] ret=25, strLen=127,  1, 32767,,, -1, 32767, 2
I/thermal_repeater(  322): oh, queryMdThermalInfo (0)Bad file number
I/thermal_repeater(  322): [recvMdThermalInfo] ret=25, strLen=127,  1, 32767,,, -1, 32767, 2
I/thermal_repeater(  322): oh, queryMdThermalInfo (0)Bad file number
I/thermal_repeater(  322): [recvMdThermalInfo] ret=25, strLen=127,  1, 32767,,, -1, 32767, 2
I/thermal_repeater(  322): oh, queryMdThermalInfo (0)Bad file number
I/thermal_repeater(  322): [recvMdThermalInfo] ret=25, strLen=127,  1, 32767,,, -1, 32767, 2
I/thermal_repeater(  322): oh, queryMdThermalInfo (0)Bad file number
I/thermal_repeater(  322): [recvMdThermalInfo] ret=25, strLen=127,  1, 32767,,, -1, 32767, 2
W/Watchdog(  877): SWT Watchdog after wait current time:6066240
W/Watchdog(  877): **Get SF Time **1
W/Watchdog(  877): SWT Watchdog before synchronized:6066240
W/Watchdog(  877): SWT Watchdog after synchronized:6066240
W/Watchdog(  877): SWT Watchdog before wait timeout:30000
W/Watchdog(  877): SWT Watchdog before wait current time:6066240
W/Watchdog(  877): SWT Watchdog before wait start:6066240
W/Watchdog(  877): SWT Watchdog before wait CHECK_INTERVAL:30000
I/thermal_repeater(  322): oh, queryMdThermalInfo (0)Bad file number
I/thermal_repeater(  322): [recvMdThermalInfo] ret=25, strLen=127,  1, 32767,,, -1, 32767, 2
I/thermal_repeater(  322): oh, queryMdThermalInfo (0)Bad file number
I/thermal_repeater(  322): [recvMdThermalInfo] ret=25, strLen=127,  1, 32767,,, -1, 32767, 2
I/thermal_repeater(  322): oh, queryMdThermalInfo (0)Bad file number
I/thermal_repeater(  322): [recvMdThermalInfo] ret=25, strLen=127,  1, 32767,,, -1, 32767, 2
I/thermal_repeater(  322): oh, queryMdThermalInfo (0)Bad file number
I/thermal_repeater(  322): [recvMdThermalInfo] ret=25, strLen=127,  1, 32767,,, -1, 32767, 2
I/thermal_repeater(  322): oh, queryMdThermalInfo (0)Bad file number
I/thermal_repeater(  322): [recvMdThermalInfo] ret=25, strLen=127,  1, 32767,,, -1, 32767, 2
I/thermal_repeater(  322): oh, queryMdThermalInfo (0)Bad file number
I/thermal_repeater(  322): [recvMdThermalInfo] ret=25, strLen=127,  1, 32767,,, -1, 32767, 2
W/Watchdog(  877): SWT Watchdog after wait current time:6096240
W/Watchdog(  877): **Get SF Time **1
W/Watchdog(  877): SWT Watchdog before synchronized:6096241
W/Watchdog(  877): SWT Watchdog after synchronized:6096241
W/Watchdog(  877): SWT Watchdog before wait timeout:30000
W/Watchdog(  877): SWT Watchdog before wait current time:6096241
W/Watchdog(  877): SWT Watchdog before wait start:6096241
W/Watchdog(  877): SWT Watchdog before wait CHECK_INTERVAL:30000
I/thermal_repeater(  322): oh, queryMdThermalInfo (0)Bad file number
I/thermal_repeater(  322): [recvMdThermalInfo] ret=25, strLen=127,  1, 32767,,, -1, 32767, 2
I/thermal_repeater(  322): oh, queryMdThermalInfo (0)Bad file number
I/thermal_repeater(  322): [recvMdThermalInfo] ret=25, strLen=127,  1, 32767,,, -1, 32767, 2
I/thermal_repeater(  322): oh, queryMdThermalInfo (0)Bad file number
I/thermal_repeater(  322): [recvMdThermalInfo] ret=25, strLen=127,  1, 32767,,, -1, 32767, 2
I/thermal_repeater(  322): oh, queryMdThermalInfo (0)Bad file number
I/thermal_repeater(  322): [recvMdThermalInfo] ret=25, strLen=127,  1, 32767,,, -1, 32767, 2
I/thermal_repeater(  322): oh, queryMdThermalInfo (0)Bad file number
I/thermal_repeater(  322): [recvMdThermalInfo] ret=25, strLen=127,  1, 32767,,, -1, 32767, 2
I/thermal_repeater(  322): oh, queryMdThermalInfo (0)Bad file number
I/thermal_repeater(  322): [recvMdThermalInfo] ret=25, strLen=127,  1, 32767,,, -1, 32767, 2
W/Watchdog(  877): SWT Watchdog after wait current time:6126241
W/Watchdog(  877): **Get SF Time **1
W/Watchdog(  877): SWT Watchdog before synchronized:6126241
W/Watchdog(  877): SWT Watchdog after synchronized:6126241
W/Watchdog(  877): SWT Watchdog before wait timeout:30000
W/Watchdog(  877): SWT Watchdog before wait current time:6126241
W/Watchdog(  877): SWT Watchdog before wait start:6126241
W/Watchdog(  877): SWT Watchdog before wait CHECK_INTERVAL:30000
W/JobServiceContext(  877): verifyCallingUid.100..:[ComponentInfo{com.meizu.mstore/com.meizu.cloud.app.jobscheduler.JobSchedulerService},jId=105,u0,R=(-00:00,-00:00),N=2,C=false,I=false,F=0,P=false(READY)]
W/JobServiceContext(  877): verifyCallingUid. END
W/JobServiceContext(  877): verifyCallingUid.100..:[ComponentInfo{com.meizu.mstore/com.meizu.cloud.app.jobscheduler.JobSchedulerService},jId=105,u0,R=(-00:00,-00:00),N=2,C=false,I=false,F=0,P=false(READY)]
W/JobServiceContext(  877): verifyCallingUid. END
W/JobServiceContext(  877): closeAndCleanupJobH.100..:[ComponentInfo{com.meizu.mstore/com.meizu.cloud.app.jobscheduler.JobSchedulerService},jId=105,u0,R=(-00:00,-00:00),N=2,C=false,I=false,F=0,P=false(READY)]
I/thermal_repeater(  322): oh, queryMdThermalInfo (0)Bad file number
I/thermal_repeater(  322): [recvMdThermalInfo] ret=25, strLen=127,  1, 32767,,, -1, 32767, 2
I/thermal_repeater(  322): oh, queryMdThermalInfo (0)Bad file number
I/thermal_repeater(  322): [recvMdThermalInfo] ret=25, strLen=127,  1, 32767,,, -1, 32767, 2
I/thermal_repeater(  322): oh, queryMdThermalInfo (0)Bad file number
I/thermal_repeater(  322): [recvMdThermalInfo] ret=25, strLen=127,  1, 32767,,, -1, 32767, 2
I/thermal_repeater(  322): oh, queryMdThermalInfo (0)Bad file number
I/thermal_repeater(  322): [recvMdThermalInfo] ret=25, strLen=127,  1, 32767,,, -1, 32767, 2
I/thermal_repeater(  322): oh, queryMdThermalInfo (0)Bad file number
I/thermal_repeater(  322): [recvMdThermalInfo] ret=25, strLen=127,  1, 32767,,, -1, 32767, 2
I/thermal_repeater(  322): oh, queryMdThermalInfo (0)Bad file number
I/thermal_repeater(  322): [recvMdThermalInfo] ret=25, strLen=127,  1, 32767,,, -1, 32767, 2
W/Watchdog(  877): SWT Watchdog after wait current time:6156242
W/Watchdog(  877): **Get SF Time **1
W/Watchdog(  877): SWT Watchdog before synchronized:6156242
W/Watchdog(  877): SWT Watchdog after synchronized:6156242
W/Watchdog(  877): SWT Watchdog before wait timeout:30000
W/Watchdog(  877): SWT Watchdog before wait current time:6156242
W/Watchdog(  877): SWT Watchdog before wait start:6156242
W/Watchdog(  877): SWT Watchdog before wait CHECK_INTERVAL:30000
I/thermal_repeater(  322): oh, queryMdThermalInfo (0)Bad file number
I/thermal_repeater(  322): [recvMdThermalInfo] ret=25, strLen=127,  1, 32767,,, -1, 32767, 2
I/thermal_repeater(  322): oh, queryMdThermalInfo (0)Bad file number
I/thermal_repeater(  322): [recvMdThermalInfo] ret=25, strLen=127,  1, 32767,,, -1, 32767, 2
I/thermal_repeater(  322): oh, queryMdThermalInfo (0)Bad file number
I/thermal_repeater(  322): [recvMdThermalInfo] ret=25, strLen=127,  1, 32767,,, -1, 32767, 2
I/thermal_repeater(  322): oh, queryMdThermalInfo (0)Bad file number
I/thermal_repeater(  322): [recvMdThermalInfo] ret=25, strLen=127,  1, 32767,,, -1, 32767, 2
I/thermal_repeater(  322): oh, queryMdThermalInfo (0)Bad file number
I/thermal_repeater(  322): [recvMdThermalInfo] ret=25, strLen=127,  1, 32767,,, -1, 32767, 2
I/thermal_repeater(  322): oh, queryMdThermalInfo (0)Bad file number
I/thermal_repeater(  322): [recvMdThermalInfo] ret=25, strLen=127,  1, 32767,,, -1, 32767, 2
W/Watchdog(  877): SWT Watchdog after wait current time:6186242
W/Watchdog(  877): **Get SF Time **1
W/Watchdog(  877): SWT Watchdog before synchronized:6186242
W/Watchdog(  877): SWT Watchdog after synchronized:6186242
W/Watchdog(  877): SWT Watchdog before wait timeout:30000
W/Watchdog(  877): SWT Watchdog before wait current time:6186242
W/Watchdog(  877): SWT Watchdog before wait start:6186242
W/Watchdog(  877): SWT Watchdog before wait CHECK_INTERVAL:30000
I/thermal_repeater(  322): oh, queryMdThermalInfo (0)Bad file number
I/thermal_repeater(  322): [recvMdThermalInfo] ret=25, strLen=127,  1, 32767,,, -1, 32767, 2
I/thermal_repeater(  322): oh, queryMdThermalInfo (0)Bad file number
I/thermal_repeater(  322): [recvMdThermalInfo] ret=25, strLen=127,  1, 32767,,, -1, 32767, 2
I/thermal_repeater(  322): oh, queryMdThermalInfo (0)Bad file number
I/thermal_repeater(  322): [recvMdThermalInfo] ret=25, strLen=127,  1, 32767,,, -1, 32767, 2
I/thermal_repeater(  322): oh, queryMdThermalInfo (0)Bad file number
I/thermal_repeater(  322): [recvMdThermalInfo] ret=25, strLen=127,  1, 32767,,, -1, 32767, 2
I/thermal_repeater(  322): oh, queryMdThermalInfo (0)Bad file number
I/thermal_repeater(  322): [recvMdThermalInfo] ret=25, strLen=127,  1, 32767,,, -1, 32767, 2
I/thermal_repeater(  322): oh, queryMdThermalInfo (0)Bad file number
I/thermal_repeater(  322): [recvMdThermalInfo] ret=25, strLen=127,  1, 32767,,, -1, 32767, 2
W/Watchdog(  877): SWT Watchdog after wait current time:6216243
W/Watchdog(  877): **Get SF Time **1
W/Watchdog(  877): SWT Watchdog before synchronized:6216243
W/Watchdog(  877): SWT Watchdog after synchronized:6216243
W/Watchdog(  877): SWT Watchdog before wait timeout:30000
W/Watchdog(  877): SWT Watchdog before wait current time:6216243
W/Watchdog(  877): SWT Watchdog before wait start:6216243
W/Watchdog(  877): SWT Watchdog before wait CHECK_INTERVAL:30000
I/thermal_repeater(  322): oh, queryMdThermalInfo (0)Bad file number
I/thermal_repeater(  322): [recvMdThermalInfo] ret=25, strLen=127,  1, 32767,,, -1, 32767, 2
I/thermal_repeater(  322): oh, queryMdThermalInfo (0)Bad file number
I/thermal_repeater(  322): [recvMdThermalInfo] ret=25, strLen=127,  1, 32767,,, -1, 32767, 2
I/thermal_repeater(  322): oh, queryMdThermalInfo (0)Bad file number
I/thermal_repeater(  322): [recvMdThermalInfo] ret=25, strLen=127,  1, 32767,,, -1, 32767, 2
I/thermal_repeater(  322): oh, queryMdThermalInfo (0)Bad file number
I/thermal_repeater(  322): [recvMdThermalInfo] ret=25, strLen=127,  1, 32767,,, -1, 32767, 2
I/thermal_repeater(  322): oh, queryMdThermalInfo (0)Bad file number
I/thermal_repeater(  322): [recvMdThermalInfo] ret=25, strLen=127,  1, 32767,,, -1, 32767, 2
I/thermal_repeater(  322): oh, queryMdThermalInfo (0)Bad file number
