I/QuenedWorkProxy( 8391): clean QuenedWork.sPendingWorkFinishers(185342190) size 0
I/libPerfService(  881): perfSetFavorPid - pid:0, 0
I/SurfaceFlinger(  276): [Built-in Screen (type:0)] fps:0.335697,dur:2978.87,max:2978.87,min:2978.87
I/thermal_repeater(  322): oh, queryMdThermalInfo (0)Bad file number
I/thermal_repeater(  322): [recvMdThermalInfo] ret=25, strLen=127,  1, 32767,,, -1, 32767, 2
I/SurfaceFlinger(  276): [Built-in Screen (type:0)] fps:0.973199,dur:1027.54,max:1027.54,min:1027.54
I/AudioFlinger(  304): setParameters(): io 0, keyvalue mediaserver_monitor=1, calling pid 881
W/AudioALSAHardware(  304): setParameters(), still have param.size() = 1, remain param = "mediaserver_monitor=1"
I/str_params(  304): key: 'mediaserver_monitor' value: '1'
I/AudioPolicyManager(  304): setStreamVolumeIndex stream = 7 index = 15 device = 0x400
D/EMDLOGGER1(  780): CTRL_reader: incoming SPLM req, msgid=6, token=0, result=0
I/EMDLOGGER1(  780): [MDLOG] [stats][buf] L1 : data:0x166ce last:0x4c7be4; (1, 0x5654, 0x4c7be4)(3, 0x91a, 0x4c7aeb)PS : data:0x5f6e last:0x4c7be4; L2 : data:0x4508 last:0x4c7be3; 
D/EMDLOGGER1(  780): CTRL_reader: incoming SPLM req, msgid=6, token=0, result=0
I/EMDLOGGER1(  780): [MDLOG] [stats][mux] MCU : data:0x31651 last:0x4c7ac9; DSP : data:0x0 last:0x0; 
I/SurfaceFlinger(  276): [Built-in Screen (type:0)] fps:0.989495,dur:1010.62,max:1010.62,min:1010.62
D/[BT3.0+HS]PAL(  332): == chip_reset_fd is set ==
D/[BT3.0+HS]PAL(  332): 
D/[BT3.0+HS]PAL(  332): invalid reply message
D/[BT3.0+HS]PAL(  332): 
I/Netd    (  299): Get netlink event, ifname: wlan0 action: 4
I/Netd    (  299): Get netlink event, ifname: wlan0 action: 4
D/[BT3.0+HS]PAL(  332): == chip_reset_fd is set ==
D/[BT3.0+HS]PAL(  332): 
D/[BT3.0+HS]PAL(  332): invalid reply message
D/[BT3.0+HS]PAL(  332): 
E/wpa_supplicant( 1294): This is a Iphone softap!!!!!!! 
E/wpa_supplicant( 1294): This is a Iphone softap!!!!!!! 
E/wpa_supplicant( 1294): This is a Iphone softap!!!!!!! 
E/WifiConfigStore(  881):  rewrite network history for "chaozhouniurouwan"WPA_PSK
E/WifiStateMachine(  881): mIsFullScanOngoing: true, mSendScanResultsBroadcast: false
E/WifiStateMachine(  881): mWifiOnScanCount: 1179
I/libPerfService(  881): perfSetFavorPid - pid:9685, 25d5
I/System.out( 9685): isFirstLocfalse
W/ContextImpl( 9304): Calling a method in the system process without a qualified user: android.app.ContextImpl.startService:1863 android.content.ContextWrapper.startService:516 android.content.ContextWrapper.startService:516 com.meizu.dataservice.ExperienceReceiver.a:-1 com.meizu.dataservice.ExperienceReceiver.onReceive:-1 
D/MDLOGGER_CLEAR_LOG(  780): mdlogger clearLog V4.W1442.1
I/MDLOGGER_CLEAR_LOG(  780): clearLogFolder /storage/sdcard0/mtklog/mdlog1 size is 12 M. Recycle size is 600 M,no need clear log
W/MTKLogger(10981): Maybe device was updated from old version, change property to newer one
I/StorageManagerEx(10981): getInternalStoragePath from Property path=/storage/sdcard0
W/MTKLogger(10981): Maybe device was updated from old version, change property to newer one
I/StorageManagerEx(10981): getInternalStoragePath from Property path=/storage/sdcard0
I/EMDLOGGER1(  780): MDL rate:40 KB/s, full count:0
I/System.out( 9685): isFirstLocfalse
I/thermal_repeater(  322): oh, queryMdThermalInfo (0)Bad file number
I/thermal_repeater(  322): [recvMdThermalInfo] ret=25, strLen=127,  1, 32767,,, -1, 32767, 2
I/libPerfService(  881): perfSetFavorPid - pid:0, 0
I/SurfaceFlinger(  276): [Built-in Screen (type:0)] fps:0.249620,dur:4006.09,max:4006.09,min:4006.09
I/SurfaceFlinger(  276): [Built-in Screen (type:0)] fps:0.990120,dur:1009.98,max:1009.98,min:1009.98
I/SurfaceFlinger(  276): [Built-in Screen (type:0)] fps:1.991462,dur:1004.29,max:995.17,min:9.12
I/System.out( 9685): isFirstLocfalse
I/KeyguardUpdateMonitor( 1045): handleBatteryUpdate index=0 updateInteresting=false
I/BatteryConsumeMonitor( 1344): init var lastPlugType : 2 lastBatteryChangedLevel : 100
I/libPerfService(  881): perfSetFavorPid - pid:9685, 25d5
I/libPerfService(  881): perfSetFavorPid - pid:0, 0
I/QuenedWorkProxy( 8391): clean QuenedWork.sPendingWorkFinishers(185342190) size 0
I/QuenedWorkProxy( 8391): clean QuenedWork.sPendingWorkFinishers(185342190) size 0
I/SurfaceFlinger(  276): [Built-in Screen (type:0)] fps:1.040503,dur:1922.15,max:998.98,min:923.17
I/EMDLOGGER1(  780): MD writer time out 10 sec.
I/thermal_repeater(  322): oh, queryMdThermalInfo (0)Bad file number
I/thermal_repeater(  322): [recvMdThermalInfo] ret=25, strLen=127,  1, 32767,,, -1, 32767, 2
I/SurfaceFlinger(  276): [Built-in Screen (type:0)] fps:2.733102,dur:1097.65,max:1016.01,min:12.00
I/AudioFlinger(  304): setParameters(): io 0, keyvalue mediaserver_monitor=1, calling pid 881
W/AudioALSAHardware(  304): setParameters(), still have param.size() = 1, remain param = "mediaserver_monitor=1"
I/str_params(  304): key: 'mediaserver_monitor' value: '1'
I/AudioPolicyManager(  304): setStreamVolumeIndex stream = 7 index = 15 device = 0x400
D/[BT3.0+HS]PAL(  332): == chip_reset_fd is set ==
D/[BT3.0+HS]PAL(  332): 
D/[BT3.0+HS]PAL(  332): invalid reply message
D/[BT3.0+HS]PAL(  332): 
D/EMDLOGGER1(  780): CTRL_reader: incoming SPLM req, msgid=6, token=0, result=0
I/EMDLOGGER1(  780): [MDLOG] [stats][buf] L1 : data:0x158ca last:0x4c85dd; (1, 0x4360, 0x4c85db)(3, 0x622, 0x4c85d2)PS : data:0x4982 last:0x4c85db; L2 : data:0x345a last:0x4c85da; 
D/EMDLOGGER1(  780): CTRL_reader: incoming SPLM req, msgid=6, token=0, result=0
I/EMDLOGGER1(  780): [MDLOG] [stats][mux] MCU : data:0x2061e last:0x4c8515; DSP : data:0x0 last:0x0; 
I/SurfaceFlinger(  276): [Built-in Screen (type:0)] fps:0.248517,dur:4023.86,max:4023.86,min:4023.86
I/thermal_repeater(  322): oh, queryMdThermalInfo (0)Bad file number
I/thermal_repeater(  322): [recvMdThermalInfo] ret=25, strLen=127,  1, 32767,,, -1, 32767, 2
D/[BT3.0+HS]PAL(  332): == chip_reset_fd is set ==
D/[BT3.0+HS]PAL(  332): 
D/[BT3.0+HS]PAL(  332): invalid reply message
D/[BT3.0+HS]PAL(  332): 
D/[BT3.0+HS]PAL(  332): == chip_reset_fd is set ==
D/[BT3.0+HS]PAL(  332): 
D/[BT3.0+HS]PAL(  332): invalid reply message
D/[BT3.0+HS]PAL(  332): 
I/Netd    (  299): Get netlink event, ifname: wlan0 action: 4
I/Netd    (  299): Get netlink event, ifname: wlan0 action: 4
E/wpa_supplicant( 1294): This is a Iphone softap!!!!!!! 
E/wpa_supplicant( 1294): This is a Iphone softap!!!!!!! 
E/WifiConfigStore(  881):  rewrite network history for "chaozhouniurouwan"WPA_PSK
E/WifiStateMachine(  881): mIsFullScanOngoing: true, mSendScanResultsBroadcast: false
E/WifiStateMachine(  881): mWifiOnScanCount: 1180
I/SurfaceFlinger(  276): [Built-in Screen (type:0)] fps:1.007311,dur:1985.48,max:993.26,min:992.23
I/libPerfService(  881): perfSetFavorPid - pid:9685, 25d5
I/System.out( 9685): isFirstLocfalse
W/ContextImpl( 9304): Calling a method in the system process without a qualified user: android.app.ContextImpl.startService:1863 android.content.ContextWrapper.startService:516 android.content.ContextWrapper.startService:516 com.meizu.dataservice.ExperienceReceiver.a:-1 com.meizu.dataservice.ExperienceReceiver.onReceive:-1 
I/EMDLOGGER1(  780): MDL rate:26 KB/s, full count:0
I/libPerfService(  881): perfSetFavorPid - pid:0, 0
I/System.out( 9685): isFirstLocfalse
I/SurfaceFlinger(  276): [Built-in Screen (type:0)] fps:0.989813,dur:2020.58,max:2018.86,min:1.73
I/KeyguardUpdateMonitor( 1045): handleBatteryUpdate index=0 updateInteresting=false
I/BatteryConsumeMonitor( 1344): init var lastPlugType : 2 lastBatteryChangedLevel : 100
I/libPerfService(  881): perfSetFavorPid - pid:9685, 25d5
I/libPerfService(  881): perfSetFavorPid - pid:0, 0
I/QuenedWorkProxy( 8391): clean QuenedWork.sPendingWorkFinishers(185342190) size 0
I/QuenedWorkProxy( 8391): clean QuenedWork.sPendingWorkFinishers(185342190) size 0
I/thermal_repeater(  322): oh, queryMdThermalInfo (0)Bad file number
I/thermal_repeater(  322): [recvMdThermalInfo] ret=25, strLen=127,  1, 32767,,, -1, 32767, 2
I/SurfaceFlinger(  276): [Built-in Screen (type:0)] fps:1.484439,dur:2020.97,max:1023.15,min:126.84
I/AudioFlinger(  304): setParameters(): io 0, keyvalue mediaserver_monitor=1, calling pid 881
W/AudioALSAHardware(  304): setParameters(), still have param.size() = 1, remain param = "mediaserver_monitor=1"
I/str_params(  304): key: 'mediaserver_monitor' value: '1'
I/AudioPolicyManager(  304): setStreamVolumeIndex stream = 7 index = 15 device = 0x400
W/Watchdog(  881): SWT Watchdog after wait current time:25085144
W/Watchdog(  881): **Get SF Time **1
W/Watchdog(  881): SWT Watchdog before synchronized:25085145
W/Watchdog(  881): SWT Watchdog after synchronized:25085145
W/Watchdog(  881): SWT Watchdog before wait timeout:30000
W/Watchdog(  881): SWT Watchdog before wait current time:25085146
W/Watchdog(  881): SWT Watchdog before wait start:25085146
W/Watchdog(  881): SWT Watchdog before wait CHECK_INTERVAL:30000
I/SurfaceFlinger(  276): [Built-in Screen (type:0)] fps:1.472251,dur:2037.70,max:1055.57,min:7.02
I/EMDLOGGER1(  780): MD writer time out 10 sec.
I/System.out( 9685): isFirstLocfalse
I/thermal_repeater(  322): oh, queryMdThermalInfo (0)Bad file number
I/thermal_repeater(  322): [recvMdThermalInfo] ret=25, strLen=127,  1, 32767,,, -1, 32767, 2
D/EMDLOGGER1(  780): CTRL_reader: incoming SPLM req, msgid=6, token=0, result=0
I/EMDLOGGER1(  780): [MDLOG] [stats][buf] L1 : data:0x19cd2 last:0x4c901e; (1, 0x4a54, 0x4c901e)(3, 0x669, 0x4c8e84)PS : data:0x50bd last:0x4c901e; L2 : data:0x43d8 last:0x4c901e; 
D/EMDLOGGER1(  780): CTRL_reader: incoming SPLM req, msgid=6, token=0, result=0
I/EMDLOGGER1(  780): [MDLOG] [stats][mux] MCU : data:0x298a9 last:0x4c8f04; DSP : data:0x0 last:0x0; 
I/EMDLOGGER1(  780): MDL rate:34 KB/s, full count:0
D/[BT3.0+HS]PAL(  332): == chip_reset_fd is set ==
D/[BT3.0+HS]PAL(  332): 
D/[BT3.0+HS]PAL(  332): invalid reply message
D/[BT3.0+HS]PAL(  332): 
I/BatteryConsumeMonitor( 1344): init var lastPlugType : 2 lastBatteryChangedLevel : 100
I/KeyguardUpdateMonitor( 1045): handleBatteryUpdate index=0 updateInteresting=false
I/libPerfService(  881): perfSetFavorPid - pid:9685, 25d5
I/libPerfService(  881): perfSetFavorPid - pid:0, 0
I/QuenedWorkProxy( 8391): clean QuenedWork.sPendingWorkFinishers(185342190) size 0
I/QuenedWorkProxy( 8391): clean QuenedWork.sPendingWorkFinishers(185342190) size 0
I/SurfaceFlinger(  276): [Built-in Screen (type:0)] fps:0.293648,dur:6810.89,max:5835.35,min:975.54
I/thermal_repeater(  322): oh, queryMdThermalInfo (0)Bad file number
I/thermal_repeater(  322): [recvMdThermalInfo] ret=25, strLen=127,  1, 32767,,, -1, 32767, 2
I/AudioFlinger(  304): setParameters(): io 0, keyvalue mediaserver_monitor=1, calling pid 881
W/AudioALSAHardware(  304): setParameters(), still have param.size() = 1, remain param = "mediaserver_monitor=1"
I/str_params(  304): key: 'mediaserver_monitor' value: '1'
I/AudioPolicyManager(  304): setStreamVolumeIndex stream = 7 index = 15 device = 0x400
D/[BT3.0+HS]PAL(  332): == chip_reset_fd is set ==
D/[BT3.0+HS]PAL(  332): 
D/[BT3.0+HS]PAL(  332): invalid reply message
D/[BT3.0+HS]PAL(  332): 
D/[BT3.0+HS]PAL(  332): == chip_reset_fd is set ==
D/[BT3.0+HS]PAL(  332): 
D/[BT3.0+HS]PAL(  332): invalid reply message
D/[BT3.0+HS]PAL(  332): 
I/Netd    (  299): Get netlink event, ifname: wlan0 action: 4
I/Netd    (  299): Get netlink event, ifname: wlan0 action: 4
E/wpa_supplicant( 1294): This is a Iphone softap!!!!!!! 
E/wpa_supplicant( 1294): This is a Iphone softap!!!!!!! 
E/wpa_supplicant( 1294): This is a Iphone softap!!!!!!! 
E/wpa_supplicant( 1294): This is a Iphone softap!!!!!!! 
E/WifiConfigStore(  881):  rewrite network history for "chaozhouniurouwan"WPA_PSK
E/WifiStateMachine(  881): mIsFullScanOngoing: true, mSendScanResultsBroadcast: false
E/WifiStateMachine(  881): mWifiOnScanCount: 1181
I/libPerfService(  881): perfSetFavorPid - pid:9685, 25d5
I/art     (  881): Background sticky concurrent mark sweep GC freed 17398(2MB) AllocSpace objects, 0(0B) LOS objects, 3% free, 46MB/48MB, paused 6.465ms total 85.591ms
D/MDLOGGER_CLEAR_LOG(  780): mdlogger clearLog V4.W1442.1
I/MDLOGGER_CLEAR_LOG(  780): clearLogFolder /storage/sdcard0/mtklog/mdlog1 size is 12 M. Recycle size is 600 M,no need clear log
I/NetworkManagementSocketTagger( 9874): untagSocket(46)
I/NetworkManagementSocketTagger( 9874): untagSocket(46)
I/NetworkManagementSocketTagger( 9874): untagSocket(46)
I/NetworkManagementSocketTagger( 9874): untagSocket(46)
I/NetworkManagementSocketTagger( 9874): untagSocket(46)
I/NetworkManagementSocketTagger( 9874): untagSocket(46)
I/NetworkManagementSocketTagger( 9874): untagSocket(46)
I/NetworkManagementSocketTagger( 9874): untagSocket(46)
I/NetworkManagementSocketTagger( 9874): untagSocket(46)
I/NetworkManagementSocketTagger( 9874): untagSocket(46)
W/ContextImpl( 9304): Calling a method in the system process without a qualified user: android.app.ContextImpl.startService:1863 android.content.ContextWrapper.startService:516 android.content.ContextWrapper.startService:516 com.meizu.dataservice.ExperienceReceiver.a:-1 com.meizu.dataservice.ExperienceReceiver.onReceive:-1 
I/NetworkManagementSocketTagger( 9874): untagSocket(46)
I/System.out( 9874): open:https://loc.map.baidu.com/sdk.php
I/System.out( 9874): Close in OkHttp
I/System.out( 9874): [CDS]close[55528]
I/NetworkManagementSocketTagger( 9874): untagSocket(32)
D/libc-netbsd( 9874): [getaddrinfo]: hostname=loc.map.baidu.com; servname=(null); cache_mode=(null), netid=0; mark=0
D/libc-netbsd( 9874): [getaddrinfo]: ai_addrlen=0; ai_canonname=(null); ai_flags=4; ai_family=0
D/libc-netbsd( 9874): [getaddrinfo]: hostname=loc.map.baidu.com; servname=(null); cache_mode=(null), netid=0; mark=0
D/libc-netbsd( 9874): [getaddrinfo]: ai_addrlen=0; ai_canonname=(null); ai_flags=1024; ai_family=0
D/libc-netbsd(  299): [getaddrinfo]: hostname=loc.map.baidu.com; servname=(null); cache_mode=local, netid=104; mark=917608
D/libc-netbsd(  299): [getaddrinfo]: ai_addrlen=0; ai_canonname=(null); ai_flags=1024; ai_family=0
D/libc-netbsd(  299): default dns: query_ipv6=0, query_ipv4=1
D/libc-netbsd(  299): res_queryN name = loc.map.baidu.com, class = 1, type = 1
D/libc-netbsd(  299): res_queryN name = loc.map.baidu.com succeed
D/libc-netbsd( 9874): getaddrinfo: loc.map.baidu.com get result from proxy >>
I/System.out( 9874): propertyValue:true
I/System.out( 9874): [CDS]connect[loc.map.baidu.com/14.215.177.33:443] tm:12
D/libc-netbsd( 9874): [getaddrinfo]: hostname=loc.map.baidu.com; servname=(null); cache_mode=(null), netid=0; mark=0
D/libc-netbsd( 9874): [getaddrinfo]: ai_addrlen=0; ai_canonname=(null); ai_flags=4; ai_family=0
I/System.out( 9874): gba_cipher_suite:TLS_ECDHE_RSA_WITH_AES_128_GCM_SHA256
I/System.out( 9874): [OkHttp] sendRequest>>
I/System.out( 9874): [OkHttp] sendRequest<<
I/NetworkManagementSocketTagger( 9874): untagSocket(32)
I/System.out( 9685): isFirstLocfalse
I/libPerfService(  881): perfSetFavorPid - pid:0, 0
I/SurfaceFlinger(  276): [Built-in Screen (type:0)] fps:0.312000,dur:3205.13,max:3205.13,min:3205.13
I/System.out( 9685): isFirstLocfalse
I/SurfaceFlinger(  276): [Built-in Screen (type:0)] fps:1.471740,dur:2038.40,max:1043.95,min:19.01
I/thermal_repeater(  322): oh, queryMdThermalInfo (0)Bad file number
I/thermal_repeater(  322): [recvMdThermalInfo] ret=25, strLen=127,  1, 32767,,, -1, 32767, 2
I/EMDLOGGER1(  780): MD writer time out 10 sec.
I/SurfaceFlinger(  276): [Built-in Screen (type:0)] fps:1.007365,dur:1985.38,max:1009.94,min:975.44
I/System.out( 9685): isFirstLocfalse
I/KeyguardUpdateMonitor( 1045): handleBatteryUpdate index=0 updateInteresting=false
I/BatteryConsumeMonitor( 1344): init var lastPlugType : 2 lastBatteryChangedLevel : 100
I/libPerfService(  881): perfSetFavorPid - pid:9685, 25d5
I/libPerfService(  881): perfSetFavorPid - pid:0, 0
I/QuenedWorkProxy( 8391): clean QuenedWork.sPendingWorkFinishers(185342190) size 0
I/QuenedWorkProxy( 8391): clean QuenedWork.sPendingWorkFinishers(185342190) size 0
I/SurfaceFlinger(  276): [Built-in Screen (type:0)] fps:0.722007,dur:2770.06,max:2768.60,min:1.46
I/thermal_repeater(  322): oh, queryMdThermalInfo (0)Bad file number
D/EMDLOGGER1(  780): CTRL_reader: incoming SPLM req, msgid=6, token=0, result=0
I/EMDLOGGER1(  780): [MDLOG] [stats][buf] L1 : data:0x1a63c last:0x4c9a47; (1, 0x445c, 0x4c9a47)(3, 0x622, 0x4c97b9)PS : data:0x4a7e last:0x4c9a47; L2 : data:0x4dee last:0x4c9a47; 
D/EMDLOGGER1(  780): CTRL_reader: incoming SPLM req, msgid=6, token=0, result=0
I/EMDLOGGER1(  780): [MDLOG] [stats][mux] MCU : data:0x277f9 last:0x4c9950; DSP : data:0x0 last:0x0; 
I/thermal_repeater(  322): [recvMdThermalInfo] ret=25, strLen=127,  1, 32767,,, -1, 32767, 2
I/SurfaceFlinger(  276): [Built-in Screen (type:0)] fps:2.358946,dur:1271.75,max:1029.15,min:15.54
I/AudioFlinger(  304): setParameters(): io 0, keyvalue mediaserver_monitor=1, calling pid 881
W/AudioALSAHardware(  304): setParameters(), still have param.size() = 1, remain param = "mediaserver_monitor=1"
I/str_params(  304): key: 'mediaserver_monitor' value: '1'
I/AudioPolicyManager(  304): setStreamVolumeIndex stream = 7 index = 15 device = 0x400
I/SurfaceFlinger(  276): [Built-in Screen (type:0)] fps:0.990105,dur:1009.99,max:1009.99,min:1009.99
I/SurfaceFlinger(  276): [Built-in Screen (type:0)] fps:0.989544,dur:1010.57,max:1010.57,min:1010.57
I/EMDLOGGER1(  780): MDL rate:32 KB/s, full count:0
D/[BT3.0+HS]PAL(  332): == chip_reset_fd is set ==
D/[BT3.0+HS]PAL(  332): 
D/[BT3.0+HS]PAL(  332): invalid reply message
D/[BT3.0+HS]PAL(  332): 
I/thermal_repeater(  322): oh, queryMdThermalInfo (0)Bad file number
I/thermal_repeater(  322): [recvMdThermalInfo] ret=25, strLen=127,  1, 32767,,, -1, 32767, 2
I/SurfaceFlinger(  276): [Built-in Screen (type:0)] fps:0.331862,dur:3013.30,max:3013.30,min:3013.30
D/[BT3.0+HS]PAL(  332): == chip_reset_fd is set ==
D/[BT3.0+HS]PAL(  332): 
D/[BT3.0+HS]PAL(  332): invalid reply message
D/[BT3.0+HS]PAL(  332): 
D/[BT3.0+HS]PAL(  332): == chip_reset_fd is set ==
D/[BT3.0+HS]PAL(  332): 
D/[BT3.0+HS]PAL(  332): invalid reply message
D/[BT3.0+HS]PAL(  332): 
I/Netd    (  299): Get netlink event, ifname: wlan0 action: 4
I/Netd    (  299): Get netlink event, ifname: wlan0 action: 4
E/wpa_supplicant( 1294): This is a Iphone softap!!!!!!! 
E/wpa_supplicant( 1294): This is a Iphone softap!!!!!!! 
E/wpa_supplicant( 1294): This is a Iphone softap!!!!!!! 
E/WifiConfigStore(  881):  rewrite network history for "chaozhouniurouwan"WPA_PSK
E/WifiStateMachine(  881): mIsFullScanOngoing: true, mSendScanResultsBroadcast: false
E/WifiStateMachine(  881): mWifiOnScanCount: 1182
I/libPerfService(  881): perfSetFavorPid - pid:9685, 25d5
W/ContextImpl( 9304): Calling a method in the system process without a qualified user: android.app.ContextImpl.startService:1863 android.content.ContextWrapper.startService:516 android.content.ContextWrapper.startService:516 com.meizu.dataservice.ExperienceReceiver.a:-1 com.meizu.dataservice.ExperienceReceiver.onReceive:-1 
I/System.out( 9685): isFirstLocfalse
I/libPerfService(  881): perfSetFavorPid - pid:0, 0
I/SurfaceFlinger(  276): [Built-in Screen (type:0)] fps:0.499108,dur:2003.57,max:2003.57,min:2003.57
I/System.out( 9685): isFirstLocfalse
I/SurfaceFlinger(  276): [Built-in Screen (type:0)] fps:0.990467,dur:1009.62,max:1009.62,min:1009.62
I/EMDLOGGER1(  780): MD writer time out 10 sec.
I/KeyguardUpdateMonitor( 1045): handleBatteryUpdate index=0 updateInteresting=false
I/BatteryConsumeMonitor( 1344): init var lastPlugType : 2 lastBatteryChangedLevel : 100
I/libPerfService(  881): perfSetFavorPid - pid:9685, 25d5
I/libPerfService(  881): perfSetFavorPid - pid:0, 0
I/QuenedWorkProxy( 8391): clean QuenedWork.sPendingWorkFinishers(185342190) size 0
I/QuenedWorkProxy( 8391): clean QuenedWork.sPendingWorkFinishers(185342190) size 0
I/thermal_repeater(  322): oh, queryMdThermalInfo (0)Bad file number
I/thermal_repeater(  322): [recvMdThermalInfo] ret=25, strLen=127,  1, 32767,,, -1, 32767, 2
I/SurfaceFlinger(  276): [Built-in Screen (type:0)] fps:1.996571,dur:2003.44,max:1350.30,min:7.97
I/AudioFlinger(  304): setParameters(): io 0, keyvalue mediaserver_monitor=1, calling pid 881
W/AudioALSAHardware(  304): setParameters(), still have param.size() = 1, remain param = "mediaserver_monitor=1"
I/str_params(  304): key: 'mediaserver_monitor' value: '1'
I/AudioPolicyManager(  304): setStreamVolumeIndex stream = 7 index = 15 device = 0x400
I/libPerfService(  881): perfSetFavorPid - pid:9685, 25d5
I/libPerfService(  881): perfSetFavorPid - pid:0, 0
I/libPerfService(  881): perfSetFavorPid - pid:9685, 25d5
W/Watchdog(  881): SWT Watchdog after wait current time:25115146
W/Watchdog(  881): **Get SF Time **1
W/Watchdog(  881): SWT Watchdog before synchronized:25115147
W/Watchdog(  881): SWT Watchdog after synchronized:25115147
W/Watchdog(  881): SWT Watchdog before wait timeout:30000
W/Watchdog(  881): SWT Watchdog before wait current time:25115147
W/Watchdog(  881): SWT Watchdog before wait start:25115147
W/Watchdog(  881): SWT Watchdog before wait CHECK_INTERVAL:30000
I/SurfaceFlinger(  276): [Built-in Screen (type:0)] fps:1.171685,dur:1706.94,max:992.90,min:714.04
W/ADB_SERVICES(16908): create_local_service_socket() name=shell:wm size
W/ADB_SERVICES(16908): service_to_fd() name=shell:wm size
W/ADB_SERVICES(16908): read_meminfo() mem_free=49176
W/ADB_SERVICES(16908): create_subproc ret_fd=17 pid=13286
W/ADB_SERVICES(16908): LS(1550): bound to 'shell:wm size' via 17
W/ADB_SERVICES(13286): adb: unable to update oom_score_adj
I/EMDLOGGER1(  780): MDL rate:30 KB/s, full count:0
D/EMDLOGGER1(  780): CTRL_reader: incoming SPLM req, msgid=6, token=0, result=0
I/EMDLOGGER1(  780): [MDLOG] [stats][buf] L1 : data:0x17a84 last:0x4ca459; (1, 0x4c2c, 0x4ca459)(3, 0x69b, 0x4ca350)PS : data:0x52c7 last:0x4ca459; L2 : data:0x3de8 last:0x4ca458; 
D/EMDLOGGER1(  780): CTRL_reader: incoming SPLM req, msgid=6, token=0, result=0
I/EMDLOGGER1(  780): [MDLOG] [stats][mux] MCU : data:0x25a85 last:0x4ca350; DSP : data:0x0 last:0x0; 
E/memtrack(13286): Couldn't load memtrack module (No such file or directory)
E/android.os.Debug(13286): failed to load memtrack module: -2
W/ADB_SERVICES(16908): create_local_service_socket() name=shell:cat /proc/meminfo
W/ADB_SERVICES(16908): service_to_fd() name=shell:cat /proc/meminfo
W/ADB_SERVICES(16908): read_meminfo() mem_free=36196
W/ADB_SERVICES(16908): create_subproc ret_fd=18 pid=13302
W/ADB_SERVICES(16908): LS(1551): bound to 'shell:cat /proc/meminfo' via 18
W/ADB_SERVICES(13302): adb: unable to update oom_score_adj
W/ADB_SERVICES(16908): entered. LS(1551) fd=18
I/System.out( 9685): isFirstLocfalse
I/System.out( 9874): [CDS]close[0]
I/NetworkManagementSocketTagger( 9874): untagSocket(46)
I/System.out( 9874): [CDS]close[0]
I/NetworkManagementSocketTagger( 9874): untagSocket(45)
W/ADB_SERVICES(16908): entered. LS(1550) fd=17
I/libPerfService(  881): perfSetFavorPid - pid:0, 0
I/SurfaceFlinger(  276): [Built-in Screen (type:0)] fps:2.296259,dur:1306.47,max:1013.79,min:14.81
I/thermal_repeater(  322): oh, queryMdThermalInfo (0)Bad file number
I/thermal_repeater(  322): [recvMdThermalInfo] ret=25, strLen=127,  1, 32767,,, -1, 32767, 2
D/[BT3.0+HS]PAL(  332): == chip_reset_fd is set ==
D/[BT3.0+HS]PAL(  332): 
D/[BT3.0+HS]PAL(  332): invalid reply message
D/[BT3.0+HS]PAL(  332): 
I/BatteryConsumeMonitor( 1344): init var lastPlugType : 2 lastBatteryChangedLevel : 100
I/KeyguardUpdateMonitor( 1045): handleBatteryUpdate index=0 updateInteresting=false
I/libPerfService(  881): perfSetFavorPid - pid:9685, 25d5
I/QuenedWorkProxy( 8391): clean QuenedWork.sPendingWorkFinishers(185342190) size 0
I/libPerfService(  881): perfSetFavorPid - pid:0, 0
I/QuenedWorkProxy( 8391): clean QuenedWork.sPendingWorkFinishers(185342190) size 0
I/SurfaceFlinger(  276): [Built-in Screen (type:0)] fps:0.176647,dur:5661.01,max:5661.01,min:5661.01
I/thermal_repeater(  322): oh, queryMdThermalInfo (0)Bad file number
I/thermal_repeater(  322): [recvMdThermalInfo] ret=25, strLen=127,  1, 32767,,, -1, 32767, 2
I/SurfaceFlinger(  276): [Built-in Screen (type:0)] fps:1.452947,dur:1376.51,max:1373.61,min:2.91
I/AudioFlinger(  304): setParameters(): io 0, keyvalue mediaserver_monitor=1, calling pid 881
W/AudioALSAHardware(  304): setParameters(), still have param.size() = 1, remain param = "mediaserver_monitor=1"
I/str_params(  304): key: 'mediaserver_monitor' value: '1'
I/AudioPolicyManager(  304): setStreamVolumeIndex stream = 7 index = 15 device = 0x400
D/[BT3.0+HS]PAL(  332): == chip_reset_fd is set ==
D/[BT3.0+HS]PAL(  332): 
D/[BT3.0+HS]PAL(  332): invalid reply message
D/[BT3.0+HS]PAL(  332): 
D/[BT3.0+HS]PAL(  332): == chip_reset_fd is set ==
D/[BT3.0+HS]PAL(  332): 
D/[BT3.0+HS]PAL(  332): invalid reply message
D/[BT3.0+HS]PAL(  332): 
E/wpa_supplicant( 1294): This is a Iphone softap!!!!!!! 
E/wpa_supplicant( 1294): This is a Iphone softap!!!!!!! 
E/wpa_supplicant( 1294): This is a Iphone softap!!!!!!! 
E/wpa_supplicant( 1294): This is a Iphone softap!!!!!!! 
E/wpa_supplicant( 1294): This is a Iphone softap!!!!!!! 
I/Netd    (  299): Get netlink event, ifname: wlan0 action: 4
I/Netd    (  299): Get netlink event, ifname: wlan0 action: 4
E/WifiConfigStore(  881):  rewrite network history for "chaozhouniurouwan"WPA_PSK
E/WifiStateMachine(  881): mIsFullScanOngoing: true, mSendScanResultsBroadcast: false
E/WifiStateMachine(  881): mWifiOnScanCount: 1183
I/libPerfService(  881): perfSetFavorPid - pid:9685, 25d5
W/art     (  881): Suspending all threads took: 5.029ms
I/art     (  881): Background sticky concurrent mark sweep GC freed 20382(2MB) AllocSpace objects, 0(0B) LOS objects, 2% free, 46MB/48MB, paused 9.601ms total 61.975ms
I/System.out( 9685): isFirstLocfalse
W/ContextImpl( 9304): Calling a method in the system process without a qualified user: android.app.ContextImpl.startService:1863 android.content.ContextWrapper.startService:516 android.content.ContextWrapper.startService:516 com.meizu.dataservice.ExperienceReceiver.a:-1 com.meizu.dataservice.ExperienceReceiver.onReceive:-1 
I/libPerfService(  881): perfSetFavorPid - pid:0, 0
I/libPerfService(  881): perfSetFavorPid - pid:9685, 25d5
D/MDLOGGER_CLEAR_LOG(  780): mdlogger clearLog V4.W1442.1
I/MDLOGGER_CLEAR_LOG(  780): clearLogFolder /storage/sdcard0/mtklog/mdlog1 size is 12 M. Recycle size is 600 M,no need clear log
I/EMDLOGGER1(  780): MD writer time out 10 sec.
W/MTKLogger(10981): Maybe device was updated from old version, change property to newer one
I/StorageManagerEx(10981): getInternalStoragePath from Property path=/storage/sdcard0
W/MTKLogger(10981): Maybe device was updated from old version, change property to newer one
I/StorageManagerEx(10981): getInternalStoragePath from Property path=/storage/sdcard0
W/ADB_SERVICES(16908): create_local_service_socket() name=shell:wm size
W/ADB_SERVICES(16908): service_to_fd() name=shell:wm size
W/ADB_SERVICES(16908): read_meminfo() mem_free=40124
W/ADB_SERVICES(16908): create_subproc ret_fd=17 pid=13307
W/ADB_SERVICES(16908): LS(1552): bound to 'shell:wm size' via 17
W/ADB_SERVICES(13307): adb: unable to update oom_score_adj
I/System.out( 9685): isFirstLocfalse
E/memtrack(13307): Couldn't load memtrack module (No such file or directory)
E/android.os.Debug(13307): failed to load memtrack module: -2
W/ADB_SERVICES(16908): create_local_service_socket() name=shell:cat /proc/meminfo
W/ADB_SERVICES(16908): service_to_fd() name=shell:cat /proc/meminfo
W/ADB_SERVICES(16908): read_meminfo() mem_free=34196
W/ADB_SERVICES(16908): create_subproc ret_fd=18 pid=13323
W/ADB_SERVICES(16908): LS(1553): bound to 'shell:cat /proc/meminfo' via 18
W/ADB_SERVICES(13323): adb: unable to update oom_score_adj
W/ADB_SERVICES(16908): entered. LS(1553) fd=18
W/ADB_SERVICES(16908): entered. LS(1552) fd=17
I/thermal_repeater(  322): oh, queryMdThermalInfo (0)Bad file number
I/thermal_repeater(  322): [recvMdThermalInfo] ret=25, strLen=127,  1, 32767,,, -1, 32767, 2
I/libPerfService(  881): perfSetFavorPid - pid:0, 0
I/SurfaceFlinger(  276): [Built-in Screen (type:0)] fps:0.400043,dur:4999.46,max:4007.00,min:992.46
D/EMDLOGGER1(  780): CTRL_reader: incoming SPLM req, msgid=6, token=0, result=0
I/EMDLOGGER1(  780): [MDLOG] [stats][buf] L1 : data:0x199a2 last:0x4caf61; (1, 0x5158, 0x4caf61)(3, 0x69b, 0x4caf0b)PS : data:0x57f3 last:0x4caf61; L2 : data:0x3fae last:0x4caf61; 
D/EMDLOGGER1(  780): CTRL_reader: incoming SPLM req, msgid=6, token=0, result=0
I/EMDLOGGER1(  780): [MDLOG] [stats][mux] MCU : data:0x240d7 last:0x4cae47; DSP : data:0x0 last:0x0; 
I/EMDLOGGER1(  780): MDL rate:29 KB/s, full count:0
I/System.out( 9685): isFirstLocfalse
I/BatteryConsumeMonitor( 1344): init var lastPlugType : 2 lastBatteryChangedLevel : 100
I/libPerfService(  881): perfSetFavorPid - pid:9685, 25d5
I/KeyguardUpdateMonitor( 1045): handleBatteryUpdate index=0 updateInteresting=false
I/QuenedWorkProxy( 8391): clean QuenedWork.sPendingWorkFinishers(185342190) size 0
I/QuenedWorkProxy( 8391): clean QuenedWork.sPendingWorkFinishers(185342190) size 0
I/libPerfService(  881): perfSetFavorPid - pid:0, 0
I/SurfaceFlinger(  276): [Built-in Screen (type:0)] fps:0.549453,dur:3639.98,max:2647.58,min:992.41
I/thermal_repeater(  322): oh, queryMdThermalInfo (0)Bad file number
I/thermal_repeater(  322): [recvMdThermalInfo] ret=25, strLen=127,  1, 32767,,, -1, 32767, 2
I/AudioFlinger(  304): setParameters(): io 0, keyvalue mediaserver_monitor=1, calling pid 881
W/AudioALSAHardware(  304): setParameters(), still have param.size() = 1, remain param = "mediaserver_monitor=1"
I/str_params(  304): key: 'mediaserver_monitor' value: '1'
I/AudioPolicyManager(  304): setStreamVolumeIndex stream = 7 index = 15 device = 0x400
D/[BT3.0+HS]PAL(  332): == chip_reset_fd is set ==
D/[BT3.0+HS]PAL(  332): 
D/[BT3.0+HS]PAL(  332): invalid reply message
D/[BT3.0+HS]PAL(  332): 
I/thermal_repeater(  322): oh, queryMdThermalInfo (0)Bad file number
I/thermal_repeater(  322): [recvMdThermalInfo] ret=25, strLen=127,  1, 32767,,, -1, 32767, 2
I/EMDLOGGER1(  780): MD writer time out 10 sec.
D/[BT3.0+HS]PAL(  332): == chip_reset_fd is set ==
D/[BT3.0+HS]PAL(  332): 
D/[BT3.0+HS]PAL(  332): invalid reply message
D/[BT3.0+HS]PAL(  332): 
D/[BT3.0+HS]PAL(  332): == chip_reset_fd is set ==
D/[BT3.0+HS]PAL(  332): 
D/[BT3.0+HS]PAL(  332): invalid reply message
D/[BT3.0+HS]PAL(  332): 
I/Netd    (  299): Get netlink event, ifname: wlan0 action: 4
I/Netd    (  299): Get netlink event, ifname: wlan0 action: 4
E/wpa_supplicant( 1294): This is a Iphone softap!!!!!!! 
E/wpa_supplicant( 1294): This is a Iphone softap!!!!!!! 
E/wpa_supplicant( 1294): This is a Iphone softap!!!!!!! 
E/wpa_supplicant( 1294): This is a Iphone softap!!!!!!! 
E/wpa_supplicant( 1294): This is a Iphone softap!!!!!!! 
E/wpa_supplicant( 1294): This is a Iphone softap!!!!!!! 
E/WifiConfigStore(  881):  rewrite network history for "chaozhouniurouwan"WPA_PSK
E/WifiStateMachine(  881): mIsFullScanOngoing: true, mSendScanResultsBroadcast: false
E/WifiStateMachine(  881): mWifiOnScanCount: 1184
I/libPerfService(  881): perfSetFavorPid - pid:9685, 25d5
I/System.out( 9685): isFirstLocfalse
W/ContextImpl( 9304): Calling a method in the system process without a qualified user: android.app.ContextImpl.startService:1863 android.content.ContextWrapper.startService:516 android.content.ContextWrapper.startService:516 com.meizu.dataservice.ExperienceReceiver.a:-1 com.meizu.dataservice.ExperienceReceiver.onReceive:-1 
W/ADB_SERVICES(16908): create_local_service_socket() name=shell:wm size
W/ADB_SERVICES(16908): service_to_fd() name=shell:wm size
W/ADB_SERVICES(16908): read_meminfo() mem_free=41892
W/ADB_SERVICES(16908): create_subproc ret_fd=17 pid=13328
W/ADB_SERVICES(16908): LS(1554): bound to 'shell:wm size' via 17
W/ADB_SERVICES(13328): adb: unable to update oom_score_adj
E/memtrack(13328): Couldn't load memtrack module (No such file or directory)
E/android.os.Debug(13328): failed to load memtrack module: -2
W/ADB_SERVICES(16908): create_local_service_socket() name=shell:cat /proc/meminfo
W/ADB_SERVICES(16908): service_to_fd() name=shell:cat /proc/meminfo
W/ADB_SERVICES(16908): read_meminfo() mem_free=35716
W/ADB_SERVICES(16908): create_subproc ret_fd=18 pid=13344
W/ADB_SERVICES(16908): LS(1555): bound to 'shell:cat /proc/meminfo' via 18
W/ADB_SERVICES(13344): adb: unable to update oom_score_adj
W/ADB_SERVICES(16908): entered. LS(1555) fd=18
W/ADB_SERVICES(16908): create_local_service_socket() name=shell:getprop ro.build.version.release
W/ADB_SERVICES(16908): service_to_fd() name=shell:getprop ro.build.version.release
W/ADB_SERVICES(16908): read_meminfo() mem_free=35436
W/ADB_SERVICES(16908): create_subproc ret_fd=18 pid=13345
W/ADB_SERVICES(16908): LS(1556): bound to 'shell:getprop ro.build.version.release' via 18
W/ADB_SERVICES(13345): adb: unable to update oom_score_adj
W/ADB_SERVICES(16908): entered. LS(1556) fd=18
W/ADB_SERVICES(16908): create_local_service_socket() name=shell:getprop ro.product.model
W/ADB_SERVICES(16908): service_to_fd() name=shell:getprop ro.product.model
W/ADB_SERVICES(16908): read_meminfo() mem_free=35268
W/ADB_SERVICES(16908): create_subproc ret_fd=18 pid=13346
W/ADB_SERVICES(16908): LS(1557): bound to 'shell:getprop ro.product.model' via 18
W/ADB_SERVICES(13346): adb: unable to update oom_score_adj
W/ADB_SERVICES(16908): entered. LS(1557) fd=18
I/System.out( 9685): isFirstLocfalse
W/ADB_SERVICES(16908): create_local_service_socket() name=shell:getprop ro.product.brand
W/ADB_SERVICES(16908): service_to_fd() name=shell:getprop ro.product.brand
W/ADB_SERVICES(16908): read_meminfo() mem_free=35144
W/ADB_SERVICES(16908): create_subproc ret_fd=18 pid=13347
W/ADB_SERVICES(16908): LS(1558): bound to 'shell:getprop ro.product.brand' via 18
W/ADB_SERVICES(13347): adb: unable to update oom_score_adj
W/ADB_SERVICES(16908): entered. LS(1558) fd=18
W/ADB_SERVICES(16908): create_local_service_socket() name=shell:cat /proc/cpuinfo
W/ADB_SERVICES(16908): service_to_fd() name=shell:cat /proc/cpuinfo
W/ADB_SERVICES(16908): read_meminfo() mem_free=35312
W/ADB_SERVICES(16908): create_subproc ret_fd=18 pid=13348
W/ADB_SERVICES(16908): LS(1559): bound to 'shell:cat /proc/cpuinfo' via 18
W/ADB_SERVICES(13348): adb: unable to update oom_score_adj
W/ADB_SERVICES(16908): entered. LS(1559) fd=18
W/ADB_SERVICES(16908): create_local_service_socket() name=shell:monkey -p com.jieshun.jslife -s 249 --throttle 300 --ignore-crashes --ignore-timeouts --pct-touch 80 --pct-trackball 5 --pct-appswitch 5 --pct-syskeys 5 --pct-motion 5 -v -v 500
W/ADB_SERVICES(16908): service_to_fd() name=shell:monkey -p com.jieshun.jslife -s 249 --throttle 300 --ignore-crashes --ignore-timeouts --pct-touch 80 --pct-trackball 5 --pct-appswitch 5 --pct-syskeys 5 --pct-motion 5 -v -v 500
W/ADB_SERVICES(16908): read_meminfo() mem_free=35408
W/ADB_SERVICES(16908): create_subproc ret_fd=18 pid=13349
W/ADB_SERVICES(16908): LS(1560): bound to 'shell:monkey -p com.jieshun.jslife -s 249 --throttle 300 --ignore-crashes --ignore-timeouts --pct-touch 80 --pct-trackball 5 --pct-appswitch 5 --pct-syskeys 5 --pct-motion 5 -v -v 500' via 18
W/ADB_SERVICES(13349): adb: unable to update oom_score_adj
W/ADB_SERVICES(16908): create_local_service_socket() name=shell:export ANDROID_LOG_TAGS="''"; exec logcat
W/ADB_SERVICES(16908): service_to_fd() name=shell:export ANDROID_LOG_TAGS="''"; exec logcat
W/ADB_SERVICES(16908): read_meminfo() mem_free=36324
W/ADB_SERVICES(16908): create_subproc ret_fd=22 pid=13350
W/ADB_SERVICES(16908): LS(1561): bound to 'shell:export ANDROID_LOG_TAGS="''"; exec logcat' via 22
W/ADB_SERVICES(13350): adb: unable to update oom_score_adj
W/ADB_SERVICES(16908): create_local_service_socket() name=shell:cat /data/anr/traces.txt
W/ADB_SERVICES(16908): service_to_fd() name=shell:cat /data/anr/traces.txt
W/ADB_SERVICES(16908): read_meminfo() mem_free=36268
W/ADB_SERVICES(16908): create_subproc ret_fd=23 pid=13351
W/ADB_SERVICES(16908): LS(1562): bound to 'shell:cat /data/anr/traces.txt' via 23
W/ADB_SERVICES(13351): adb: unable to update oom_score_adj
W/ADB_SERVICES(16908): entered. LS(1554) fd=17
W/ADB_SERVICES(16908): entered. LS(1562) fd=23
E/memtrack(13349): Couldn't load memtrack module (No such file or directory)
E/android.os.Debug(13349): failed to load memtrack module: -2
I/ActivityManager(  881): Controller Pid : 13349
W/BroadcastQueue(  881): Skipping deliver [background] BroadcastRecord{f531cf8 u-1 android.net.conn.CONNECTIVITY_CHANGE} to ReceiverList{390715d1 13349 (unknown name)/2000/u-1 remote:2217f6a}: process crashing
I/ActivityManager(  881): START u0 {act=android.intent.action.MAIN cat=[android.intent.category.LAUNCHER] flg=0x10200000 cmp=com.jieshun.jslife/.activity.common.WelcomeActivity} from uid 2000 on display 0 from pid 13349
I/KeyguardUpdateMonitor( 1045): handleBatteryUpdate index=0 updateInteresting=false
I/BatteryConsumeMonitor( 1344): init var lastPlugType : 2 lastBatteryChangedLevel : 100
I/libPerfService(  881): perfSetFavorPid - pid:0, 0
I/libPerfService(  881): perfSetFavorPid - pid:9685, 25d5
I/QuenedWorkProxy( 8391): clean QuenedWork.sPendingWorkFinishers(185342190) size 0
I/QuenedWorkProxy( 8391): clean QuenedWork.sPendingWorkFinishers(185342190) size 0
I/SurfaceFlinger(  276): [Built-in Screen (type:0)] fps:0.100893,dur:9911.49,max:9911.49,min:9911.49
I/PerfService(  881): PerfServiceNative_boostDisableAsync:5
I/libPerfService(  881): 5: set: 1
I/libPerfService(  881): 5: set freq: 0
I/AudioPolicyManager(  304): s 0 c 0 avaDev 3 ba2dpo 0 ba2dpsp 0 dev 2
I/AudioPolicyManager(  304): getOutput() device 2, stream 1, samplingRate 0, format 0, channelMask 3, flags 0
I/AudioPolicyManager(  304): getOutput() returns output 2
I/AudioPolicyManager(  304): s 0 c 0 avaDev 3 ba2dpo 0 ba2dpsp 0 dev 2
I/AudioPolicyManager(  304): getOutput() device 2, stream 1, samplingRate 0, format 0, channelMask 3, flags 0
I/AudioPolicyManager(  304): getOutput() returns output 2
I/AudioPolicyManager(  304): s 0 c 0 avaDev 3 ba2dpo 0 ba2dpsp 0 dev 2
I/AudioPolicyManager(  304): getOutput() returns output 2
W/AudioTrack(  881): AUDIO_OUTPUT_FLAG_FAST denied by client
I/AudioFlinger_Threads(  304): attachAuxEffect_l EffectId 0
I/WindowManager(  881): Gaining focus: Window{141910a4 u0 com.jieshun.jslife/com.jieshun.jslife.activity.homepage.PropertyPaymentActivity}
I/AudioFlinger_Threads(  304): attachAuxEffect_l status 0
I/AudioPolicyManager(  304): AddSampleRateArray index = 1 sampleRate = 48000
I/AudioPolicyManager(  304): startOutput() output 2, stream 1, session 651
I/AudioPolicyManager(  304): s 0 c 0 avaDev 3 ba2dpo 0 ba2dpsp 0 dev 2
I/AudioPolicyManager(  304): getNewOutputDevice() selected device 2
I/AudioPolicyManager(  304): setOutputDevice() output 2 device 0002 delayMs 0 force 0
I/AudioPolicyManager(  304): s 0 c 0 avaDev 3 ba2dpo 0 ba2dpsp 0 dev 2
I/AudioFlinger(  304): setParameters(): io 2, keyvalue FM_DIRECT_CONTROL=1, calling pid 304
I/AudioPolicyManager(  304): setOutputDevice() prevDevice 0002
I/AudioPolicyManager(  304): setOutputDevice() mMutePrevDevice 0000
I/AudioPolicyManager(  304): s 0 c 0 avaDev 3 ba2dpo 0 ba2dpsp 0 dev 2
I/AudioPolicyManager(  304): s 1 c 0 avaDev 3 ba2dpo 0 ba2dpsp 0 dev 1
I/AudioPolicyManager(  304): s 2 c 0 avaDev 3 ba2dpo 0 ba2dpsp 0 dev 2
I/AudioPolicyManager(  304): s 2 c 0 avaDev 3 ba2dpo 0 ba2dpsp 0 dev 2
I/AudioPolicyManager(  304): s 3 c 0 avaDev 3 ba2dpo 0 ba2dpsp 0 dev 2
I/AudioPolicyManager(  304): s 0 c 0 avaDev 3 ba2dpo 0 ba2dpsp 0 dev 2
I/AudioPolicyManager(  304): s 4 c 0 avaDev 3 ba2dpo 0 ba2dpsp 0 dev 2
I/AudioPolicyManager(  304): s 5 c 0 avaDev 3 ba2dpo 0 ba2dpsp 0 dev 2
I/AudioPolicyManager(  304): s 6 c 0 avaDev 3 ba2dpo 0 ba2dpsp 0 dev 2
I/AudioPolicyManager(  304): s 7 c 0 avaDev 3 ba2dpo 0 ba2dpsp 0 dev 2
I/AudioPolicyManager(  304): s 8 c 0 avaDev 3 ba2dpo 0 ba2dpsp 0 dev 2
I/AudioPolicyManager(  304): setOutputDevice() setting same device 0002 or null device for output 2
I/AudioPolicyManager(  304):  checkAndSetVolume stream = 1 index = 8 output = 2 device = 0x2 delayMs = 0 force = 0
I/AudioPolicyManager(  304): PolicyForceReplace stream = 1 sampleRate = 48000 
I/AudioFlinger_Threads(  304): reset track timestretch tracn name 4099, ratio 100, mTimeStretchTrackName[name-4096] 0
I/AudioPolicyManager(  304): releaseOutput() 2
I/CallbackListener( 9685): xmppQueQue=========1
I/CallbackListener( 9685): requestMap add  activity = BasePropertyPayFragment{a5b818b #1 id=0x7f1003a2 android:switcher:2131755938:0}  serviceId = ac.community.querypropertyfee
I/libPerfService(  881): perfSetFavorPid - pid:0, 0
E/AudioALSAPlaybackHandlerBase(  304): openPcmDriver(), pcm_start(0xf3c77fa0) fail due to cannot start channel: Broken pipe
I/[MALI][Gralloc](  276): Usage: 0xb00, format: 0x1 stride: 304 vertical_stride: 300 size: 364800
I/[MALI][Gralloc](  276): Usage: 0xb00, format: 0x1 stride: 304 vertical_stride: 300 size: 364800
I/[MALI][Gralloc](  276): Usage: 0xb00, format: 0x1 stride: 304 vertical_stride: 300 size: 364800
I/[MALI][Gralloc](  276): Usage: 0xb00, format: 0x1 stride: 304 vertical_stride: 300 size: 364800
E/AudioALSAPlaybackHandlerBase(  304): -getHardwareBufferInfo pcm_get_htimestamp fail, ret = -1, pcm_get_error = cannot start channel: Broken pipe
E/AudioFlinger(  304): getNextBuffer, get null buffer
I/AudioFlinger_Threads(  304): pause signal - [NOT READY] on thread
I/CallbackListener( 9685): requestMap  remove  serviceId = ac.community.querypropertyfee in = BasePropertyPayFragment{a5b818b #1 id=0x7f1003a2 android:switcher:2131755938:0}
I/WindowManager(  881): Gaining focus: Window{129566d7 u0 com.jieshun.jslife/com.jieshun.jslife.activity.homepage.PropertyPaymentActivity}
I/WindowManager(  881): Losing focus: Window{141910a4 u0 com.jieshun.jslife/com.jieshun.jslife.activity.homepage.PropertyPaymentActivity EXITING}
I/AudioPolicyManager(  304): ReleaseFMIndirectMode 
I/AudioPolicyManager(  304): PolicyRestore
I/AudioPolicyManager(  304): stopOutput() output 2, stream 1, session 651
I/AudioPolicyManager(  304): getNewOutputDevice() selected device 0
I/AudioPolicyManager(  304): setOutputDevice() output 2 device 0000 delayMs 184 force 0
I/AudioPolicyManager(  304): setOutputDevice() prevDevice 0002
I/AudioPolicyManager(  304): setOutputDevice() mMutePrevDevice 0002
I/AudioPolicyManager(  304): s 0 c 0 avaDev 3 ba2dpo 0 ba2dpsp 0 dev 2
I/AudioPolicyManager(  304): s 1 c 0 avaDev 3 ba2dpo 0 ba2dpsp 0 dev 1
I/AudioPolicyManager(  304): s 2 c 0 avaDev 3 ba2dpo 0 ba2dpsp 0 dev 2
I/AudioPolicyManager(  304): s 2 c 0 avaDev 3 ba2dpo 0 ba2dpsp 0 dev 2
I/AudioPolicyManager(  304): s 3 c 0 avaDev 3 ba2dpo 0 ba2dpsp 0 dev 2
I/AudioPolicyManager(  304): s 0 c 0 avaDev 3 ba2dpo 0 ba2dpsp 0 dev 2
I/AudioPolicyManager(  304): s 4 c 0 avaDev 3 ba2dpo 0 ba2dpsp 0 dev 2
I/AudioPolicyManager(  304): s 5 c 0 avaDev 3 ba2dpo 0 ba2dpsp 0 dev 2
I/AudioPolicyManager(  304): s 6 c 0 avaDev 3 ba2dpo 0 ba2dpsp 0 dev 2
I/AudioPolicyManager(  304): s 7 c 0 avaDev 3 ba2dpo 0 ba2dpsp 0 dev 2
I/AudioPolicyManager(  304): s 8 c 0 avaDev 3 ba2dpo 0 ba2dpsp 0 dev 2
I/AudioPolicyManager(  304): setOutputDevice() setting same device 0000 or null device for output 2
I/PerfService(  881): PerfServiceNative_boostDisableAsync:5
I/libPerfService(  881): 5: set: 1
I/libPerfService(  881): 5: set freq: 0
I/AudioPolicyManager(  304): s 0 c 0 avaDev 3 ba2dpo 0 ba2dpsp 0 dev 2
I/AudioPolicyManager(  304): getOutput() device 2, stream 1, samplingRate 0, format 0, channelMask 3, flags 0
I/AudioPolicyManager(  304): getOutput() returns output 2
I/AudioPolicyManager(  304): s 0 c 0 avaDev 3 ba2dpo 0 ba2dpsp 0 dev 2
I/AudioPolicyManager(  304): getOutput() device 2, stream 1, samplingRate 0, format 0, channelMask 3, flags 0
I/AudioPolicyManager(  304): getOutput() returns output 2
I/AudioPolicyManager(  304): s 0 c 0 avaDev 3 ba2dpo 0 ba2dpsp 0 dev 2
I/AudioPolicyManager(  304): getOutput() returns output 2
W/AudioTrack(  881): AUDIO_OUTPUT_FLAG_FAST denied by client
I/AudioFlinger_Threads(  304): attachAuxEffect_l EffectId 0
I/AudioFlinger_Threads(  304): attachAuxEffect_l status 0
I/AudioPolicyManager(  304): AddSampleRateArray index = 1 sampleRate = 48000
I/AudioPolicyManager(  304): startOutput() output 2, stream 1, session 652
I/AudioPolicyManager(  304): s 0 c 0 avaDev 3 ba2dpo 0 ba2dpsp 0 dev 2
I/AudioPolicyManager(  304): getNewOutputDevice() selected device 2
I/AudioPolicyManager(  304): setOutputDevice() output 2 device 0002 delayMs 0 force 0
I/AudioPolicyManager(  304): s 0 c 0 avaDev 3 ba2dpo 0 ba2dpsp 0 dev 2
I/AudioPolicyManager(  304): setOutputDevice() prevDevice 0002
I/AudioPolicyManager(  304): setOutputDevice() mMutePrevDevice 0000
I/AudioPolicyManager(  304): s 0 c 0 avaDev 3 ba2dpo 0 ba2dpsp 0 dev 2
I/AudioPolicyManager(  304): s 1 c 0 avaDev 3 ba2dpo 0 ba2dpsp 0 dev 1
I/AudioPolicyManager(  304): s 2 c 0 avaDev 3 ba2dpo 0 ba2dpsp 0 dev 2
I/AudioPolicyManager(  304): s 2 c 0 avaDev 3 ba2dpo 0 ba2dpsp 0 dev 2
I/AudioPolicyManager(  304): s 3 c 0 avaDev 3 ba2dpo 0 ba2dpsp 0 dev 2
I/AudioPolicyManager(  304): s 0 c 0 avaDev 3 ba2dpo 0 ba2dpsp 0 dev 2
I/AudioPolicyManager(  304): s 4 c 0 avaDev 3 ba2dpo 0 ba2dpsp 0 dev 2
I/AudioPolicyManager(  304): s 5 c 0 avaDev 3 ba2dpo 0 ba2dpsp 0 dev 2
I/AudioPolicyManager(  304): s 6 c 0 avaDev 3 ba2dpo 0 ba2dpsp 0 dev 2
I/AudioPolicyManager(  304): s 7 c 0 avaDev 3 ba2dpo 0 ba2dpsp 0 dev 2
I/AudioPolicyManager(  304): s 8 c 0 avaDev 3 ba2dpo 0 ba2dpsp 0 dev 2
I/AudioPolicyManager(  304): setOutputDevice() setting same device 0002 or null device for output 2
I/AudioPolicyManager(  304):  checkAndSetVolume stream = 1 index = 8 output = 2 device = 0x2 delayMs = 0 force = 0
I/AudioPolicyManager(  304): PolicyForceReplace stream = 1 sampleRate = 48000 
I/AudioFlinger_Threads(  304): reset track timestretch tracn name 4101, ratio 100, mTimeStretchTrackName[name-4096] 0
I/AudioPolicyManager(  304): releaseOutput() 2
I/WindowManager(  881): Gaining focus: Window{183e22f u0 com.jieshun.jslife/com.jieshun.jslife.activity.homepage.PropertyPaymentActivity}
I/CallbackListener( 9685): requestMap add  activity = BasePropertyPayFragment{a5b818b #1 id=0x7f1003a2 android:switcher:2131755938:0}  serviceId = ac.community.querypropertyfee
I/AudioFlinger(  304): setParameters(): io 2, keyvalue FM_DIRECT_CONTROL=1, calling pid 304
I/[MALI][Gralloc](  276): Usage: 0xb00, format: 0x1 stride: 304 vertical_stride: 300 size: 364800
I/[MALI][Gralloc](  276): Usage: 0xb00, format: 0x1 stride: 304 vertical_stride: 300 size: 364800
I/[MALI][Gralloc](  276): Usage: 0xb00, format: 0x1 stride: 304 vertical_stride: 300 size: 364800
I/[MALI][Gralloc](  276): Usage: 0xb00, format: 0x1 stride: 304 vertical_stride: 300 size: 364800
E/AudioFlinger(  304): getNextBuffer, get null buffer
I/CallbackListener( 9685): requestMap  remove  serviceId = ac.community.querypropertyfee in = BasePropertyPayFragment{a5b818b #1 id=0x7f1003a2 android:switcher:2131755938:0}
I/WindowManager(  881): Gaining focus: Window{129566d7 u0 com.jieshun.jslife/com.jieshun.jslife.activity.homepage.PropertyPaymentActivity}
I/WindowManager(  881): Losing focus: Window{183e22f u0 com.jieshun.jslife/com.jieshun.jslife.activity.homepage.PropertyPaymentActivity EXITING}
I/AudioFlinger_Threads(  304): pause signal - [NOT READY] on thread
I/AudioPolicyManager(  304): ReleaseFMIndirectMode 
I/AudioPolicyManager(  304): PolicyRestore
I/AudioPolicyManager(  304): stopOutput() output 2, stream 1, session 652
I/AudioPolicyManager(  304): getNewOutputDevice() selected device 0
I/AudioPolicyManager(  304): setOutputDevice() output 2 device 0000 delayMs 184 force 0
I/AudioPolicyManager(  304): setOutputDevice() prevDevice 0002
I/AudioPolicyManager(  304): setOutputDevice() mMutePrevDevice 0002
I/AudioPolicyManager(  304): s 0 c 0 avaDev 3 ba2dpo 0 ba2dpsp 0 dev 2
I/AudioPolicyManager(  304): s 1 c 0 avaDev 3 ba2dpo 0 ba2dpsp 0 dev 1
I/AudioPolicyManager(  304): s 2 c 0 avaDev 3 ba2dpo 0 ba2dpsp 0 dev 2
I/AudioPolicyManager(  304): s 2 c 0 avaDev 3 ba2dpo 0 ba2dpsp 0 dev 2
I/AudioPolicyManager(  304): s 3 c 0 avaDev 3 ba2dpo 0 ba2dpsp 0 dev 2
I/AudioPolicyManager(  304): s 0 c 0 avaDev 3 ba2dpo 0 ba2dpsp 0 dev 2
I/AudioPolicyManager(  304): s 4 c 0 avaDev 3 ba2dpo 0 ba2dpsp 0 dev 2
I/AudioPolicyManager(  304): s 5 c 0 avaDev 3 ba2dpo 0 ba2dpsp 0 dev 2
I/AudioPolicyManager(  304): s 6 c 0 avaDev 3 ba2dpo 0 ba2dpsp 0 dev 2
I/AudioPolicyManager(  304): s 7 c 0 avaDev 3 ba2dpo 0 ba2dpsp 0 dev 2
I/AudioPolicyManager(  304): s 8 c 0 avaDev 3 ba2dpo 0 ba2dpsp 0 dev 2
I/AudioPolicyManager(  304): setOutputDevice() setting same device 0000 or null device for output 2
I/PerfService(  881): PerfServiceNative_boostDisableAsync:5
I/libPerfService(  881): 5: set: 1
I/libPerfService(  881): 5: set freq: 0
I/AudioPolicyManager(  304): s 0 c 0 avaDev 3 ba2dpo 0 ba2dpsp 0 dev 2
I/AudioPolicyManager(  304): getOutput() device 2, stream 1, samplingRate 0, format 0, channelMask 3, flags 0
I/AudioPolicyManager(  304): getOutput() returns output 2
I/AudioPolicyManager(  304): s 0 c 0 avaDev 3 ba2dpo 0 ba2dpsp 0 dev 2
I/AudioPolicyManager(  304): getOutput() device 2, stream 1, samplingRate 0, format 0, channelMask 3, flags 0
I/AudioPolicyManager(  304): getOutput() returns output 2
I/AudioPolicyManager(  304): s 0 c 0 avaDev 3 ba2dpo 0 ba2dpsp 0 dev 2
