I/Utils   (  300): GetMimeType : fourcc 0x1
I/WAVExtractorExt(  300): WAV : mime audio/raw channel 2 samplerate 11025 bps 16 br 353110 dur 1133786
I/Utils   (  300): GetMimeType : fourcc 0x1
I/SurfaceFlinger(  274): EventThread Client Pid (4192) created
I/Utils   (  300): GetMimeType : fourcc 0x1
I/Utils   (  300): GetMimeType : fourcc 0x1
I/WAVExtractorExt(  300): WAV : mime audio/raw channel 2 samplerate 11025 bps 16 br 353110 dur 1133786
I/GenericSource(  300): GenericSource::getFormatMeta 0
I/AudioCache(  300): [notify] notify(0xf3c74b40, 1, 0, 0)
I/GenericSource(  300): start
I/GenericSource(  300): GenericSource::getFormatMeta 1
I/GenericSource(  300): GenericSource::getFormatMeta 0
I/AudioPolicyManager(  300): isOffloadSupported: SR=11025, CM=0x3, Format=0x1, StreamType=-1, BitRate=353110, duration=1133786 us, has_video=0
I/NuPlayerRenderer(  300): sFrameAVsyncByVFS 1
E/NuPlayer(  300): onScanSources
I/GenericSource(  300): GenericSource::getFormatMeta 1
I/AudioCache(  300): [notify] notify(0xf3c74b40, 5, 0, 0)
I/AudioCache(  300): [notify] notify(0xf3c74b40, 5, 0, 0)
I/MediaCodec(  300): [CreateByType]line:159 audio/raw
I/MediaCodec(  300): [onMessageReceived]line:1320 [][what=kWhatInit][state 0][msg='AMessage(what = 'init', target = 2462) = {
I/MediaCodec(  300):   string name = "audio/raw"
I/MediaCodec(  300):   int32_t nameIsType = 1
I/MediaCodec(  300):   int32_t encoder = 0
I/MediaCodec(  300):   int32_t replyID = 13876
I/MediaCodec(  300): }' ]
I/SurfaceFlinger(  274): EventThread Client Pid (4192) created
I/MediaCodec(  300): [onMessageReceived]line:963 [][what=kWhatComponentAllocated][state 1][msg='AMessage(what = 'codc', target = 2462) = {
I/MediaCodec(  300):   int32_t what = 1665231980
I/MediaCodec(  300):   string componentName = "OMX.google.raw.decoder"
I/MediaCodec(  300):   int32_t quirks = 0
I/MediaCodec(  300): }' ]
I/MediaCodec(  300): [CreateByType]line:166 audio/raw
I/MediaCodec(  300): Found 0 pieces of codec specific data.
E/OMXNodeInstance(  300): getParameter(1aa:google.raw.decoder, ??(0x7f200406)) ERROR: UnsupportedIndex(0x8000101a)
I/MediaCodec(  300): [onMessageReceived]line:991 [OMX.google.raw.decoder][what=kWhatComponentConfigured][state 3][msg='AMessage(what = 'codc', target = 2462) = {
I/MediaCodec(  300):   int32_t what = 1665363822
I/MediaCodec(  300):   AMessage input-format = AMessage(what = 0x00000000) = {
I/MediaCodec(  300):                             int32_t support-partial-frame = 0
I/MediaCodec(  300):                             string mime = "audio/raw"
I/MediaCodec(  300):                             int32_t channel-count = 2
I/MediaCodec(  300):                             int32_t sample-rate = 11025
I/MediaCodec(  300):                             int32_t bit-width = 16
I/MediaCodec(  300):                           }
I/MediaCodec(  300):   AMessage output-format = AMessage(what = 'codc', target = 2462) = {
I/MediaCodec(  300):                              string mime = "audio/raw"
I/MediaCodec(  300):                              int32_t channel-count = 2
I/MediaCodec(  300):                              int32_t sample-rate = 11025
I/MediaCodec(  300):                              int32_t bit-width = 16
I/MediaCodec(  300):                            }
I/MediaCodec(  300): }' ]
I/MediaCodec(  300): [getOutputFormat]line:566 [OMX.google.raw.decoder]+++
I/NuPlayerDecoder(  300): mSupportsPartialFrames 0 
I/MediaCodec(  300): [start]line:367 [OMX.google.raw.decoder]+++
I/MediaCodec(  300): [onMessageReceived]line:1048 [OMX.google.raw.decoder][what=kWhatBuffersAllocated][state 5][msg='AMessage(what = 'codc', target = 2462) = {
I/MediaCodec(  300):   int32_t what = 1634495587
I/MediaCodec(  300):   int32_t portIndex = 0
I/MediaCodec(  300):   RefBase *portDesc = 0xe46a3cd0
I/MediaCodec(  300): }' ]
I/MediaCodec(  300): [onMessageReceived]line:1048 [OMX.google.raw.decoder][what=kWhatBuffersAllocated][state 5][msg='AMessage(what = 'codc', target = 2462) = {
I/MediaCodec(  300):   int32_t what = 1634495587
I/MediaCodec(  300):   int32_t portIndex = 1
I/MediaCodec(  300):   RefBase *portDesc = 0xe46a3df0
I/MediaCodec(  300): }' ]
I/MediaCodec(  300): [getInputBuffers]line:609 [OMX.google.raw.decoder]+++
I/MediaCodec(  300): [getOutputBuffers]line:620 [OMX.google.raw.decoder]+++
I/MediaCodec(  300): codec output format changed mFlags 801
I/MediaCodec(  300): [onMessageReceived]line:1261 [OMX.google.raw.decoder][what=kWhatEOS][state 6] 
I/MediaCodec(  300): [getOutputFormat]line:566 [OMX.google.raw.decoder]+++
I/GenericSource(  300): GenericSource::getFormatMeta 0
I/AudioCache(  300): [open] open(11025, 2, 0x0, 1, 8)
I/NuPlayerDecoder(  300): [OMX.google.raw.decoder] EOS ,timeUs:0 ,size 0
I/NuPlayerDecoder(  300): [handleAnOutputBuffer]line:655 [OMX.google.raw.decoder] EOS ,timeUs:0
I/AudioCache(  300): [notify] notify(0xf3c74b40, 6, 0, 0)
I/NuPlayerRenderer(  300): [queueEOS]line:174 queueEOS audio:1
I/AudioCache(  300): [notify] notify(0xf3c74b40, 2, 0, 0)
I/AudioCache(  300): [notify] notify(0xf3c74b40, 8, 0, 0)
I/NuPlayer(  300): [resetAsync]line:439 mSource:1
I/GenericSource(  300): [disconnect]line:869 mDataSource:1, lock
I/MediaCodec(  300): [flush]line:680 [OMX.google.raw.decoder]+++
I/NuPlayerRenderer(  300): onflush audio 1 flag 0
I/NuPlayerRenderer(  300): [onFlush]line:1553 audiosink flush.
I/MediaCodec(  300): [onMessageReceived]line:1765 [OMX.google.raw.decoder][what=kWhatFlush][state 6][msg='AMessage(what = 'flus', target = 2462) = {
I/MediaCodec(  300):   int32_t replyID = 13907
I/MediaCodec(  300): }' ]
I/MediaCodec(  300): [onMessageReceived]line:1294 [OMX.google.raw.decoder][what=kWhatFlushCompleted][state 7][msg='AMessage(what = 'codc', target = 2462) = {
I/MediaCodec(  300):   int32_t what = 1717792621
I/MediaCodec(  300): }' ]
I/MediaCodec(  300): [release]line:383 [OMX.google.raw.decoder]+++
I/ACodec  (  300): freeBuffersOnPort portIndex 0
I/ACodec  (  300): freeBuffersOnPort portIndex 1
I/MediaCodec(  300): [onMessageReceived]line:1268 [OMX.google.raw.decoder][what=kWhatShutdownCompleted][state 10][msg='AMessage(what = 'codc', target = 2462) = {
I/MediaCodec(  300):   int32_t what = 1935896429
I/MediaCodec(  300): }' ]
I/MediaCodec(  300): [~MediaCodec]line:205 [][mState 0]+++
I/NuPlayer(  300): [finishFlushIfPossible]line:1565 mFlushingAudio 5 ,mFlushingVideo 0
I/SurfaceFlinger(  274): [SF client] NEW(0x7f7d01d300) for (877:system_server)
I/com.jieshun.jslife.service.XMPPService( 4192): start XMPPService ===============
E/PhoneInterfaceManager( 1596): [PhoneIntfMgr] getIccId: ICC ID is null or empty.
I/com.jieshun.jslife.service.XMPPService( 4192): startRequestQueQue ===============
I/CallbackListener( 4192): xmppQueQue里没有请求，开始等待==========
I/XMPP    ( 4192): 断开openfire的连接----  disconnect()
E/Ble     ( 4192): BluetoothLeService  onStartCommand()
I/XMPP    ( 4192): 有网络，开始轮询登录========
I/XMPP    ( 4192): 发起登录openfire============== OPENFIRE=jsimp.jslife.com.cn SERVICE_NAME=openfire-cloud PORT=7608  userName=13632836691  pwd=123456 ; resource=A1b117b2fb
I/XMPP    ( 4192): 用户名或密码或资源名为----》userName========13632836691 ; pwd========123456 ; resource======A1b117b2fb
I/SensorHAL(  877): Dev Flush, handle: 4, name: LSM6DS3 Accelerometer Sensor, ret: -22
I/MediaPlayerService(  300): [decode] decode(32, 32000716, 40044)
E/DrmMtkUtil/DrmUtil(  300): checkDcf: not dcf type, dcf version value [80]
E/Cta5File(  300): Cta5File::isCta5NormalFile false, bad magic:PK
E/Cta5File(  300): Cta5File::isCta5MultimediaFile false, bad magic:
I/System.out( 4192): onGetPermissionState iError 0
E/DrmMtkUtil/DrmUtil(  300): checkDcf: not dcf type, dcf version value [80]
I/System.out( 4192): *****key认证成功*****
I/NuPlayer(  300): disable trackId:0
I/GenericSource(  300): GenericSource::initCheck
E/DrmCtaPlugIn(  299): [ERROR]onOpenDecryptSession - The key is not set by user
E/DrmMtkUtil/DrmUtil(  299): parseDcf: not dcf type, dcf version value [80]
E/DrmMtkPlugIn(  299): onOpenDecryptSession() : failed to parse dcf file.
I/MobclickAgent( 4192): Start new session: 3B8A1DE8DD5FFFB7B7C8096F7E583000
I/WindowManager(  877): interceptKeyTq keycode=25 interactive=true keyguardActive=false policyFlags=2b000000 down =false canceled = false isWakeKey=false mVolumeDownKeyTriggered =true mVolumeUpKeyTriggered =false result = 1 useHapticFeedback = false isInjected = true result = 1
I/WindowManager(  877): Gaining focus: Window{36d4bc60 u0 com.jieshun.jslife/com.jieshun.jslife.activity.common.LoadingActivity}
I/SurfaceFlinger(  274): [Built-in Screen (type:0)] fps:2.176140,dur:1378.59,max:647.87,min:261.09
I/WindowManager(  877): interceptKeyTi keyCode=25 down=false repeatCount=0 keyguardOn=false mHomePressed=false canceled=false metaState:0
I/ViewRootImpl( 4192): WindowInputEventReceiver onInputEvent!! KeyCode is 25, action is 0
W/ViewRootImpl( 4192): Dropping event due to no window focus: KeyEvent { action=ACTION_DOWN, keyCode=KEYCODE_VOLUME_DOWN, scanCode=0, metaState=0, flags=0x8, repeatCount=0, eventTime=22511175, downTime=22511175, deviceId=-1, source=0x101 }
I/ViewRootImpl( 4192): WindowInputEventReceiver onInputEvent!! KeyCode is 25, action is 1
W/ViewRootImpl( 4192): Cancelling event due to no window focus: KeyEvent { action=ACTION_UP, keyCode=KEYCODE_VOLUME_DOWN, scanCode=0, metaState=0, flags=0x28, repeatCount=0, eventTime=22512022, downTime=22512022, deviceId=-1, source=0x101 }
W/ViewRootImpl( 4192): Cancelling event due to no window focus: KeyEvent { action=ACTION_UP, keyCode=KEYCODE_VOLUME_DOWN, scanCode=0, metaState=0, flags=0x28, repeatCount=0, eventTime=22512022, downTime=22512022, deviceId=-1, source=0x101 }
W/ViewRootImpl( 4192): Cancelling event due to no window focus: KeyEvent { action=ACTION_UP, keyCode=KEYCODE_VOLUME_DOWN, scanCode=0, metaState=0, flags=0x28, repeatCount=0, eventTime=22512022, downTime=22512022, deviceId=-1, source=0x101 }
W/ViewRootImpl( 4192): Cancelling event due to no window focus: KeyEvent { action=ACTION_UP, keyCode=KEYCODE_VOLUME_DOWN, scanCode=0, metaState=0, flags=0x28, repeatCount=0, eventTime=22512022, downTime=22512022, deviceId=-1, source=0x101 }
W/ViewRootImpl( 4192): Cancelling event due to no window focus: KeyEvent { action=ACTION_UP, keyCode=KEYCODE_VOLUME_DOWN, scanCode=0, metaState=0, flags=0x28, repeatCount=0, eventTime=22512022, downTime=22512022, deviceId=-1, source=0x101 }
W/ViewRootImpl( 4192): Cancelling event due to no window focus: KeyEvent { action=ACTION_UP, keyCode=KEYCODE_VOLUME_DOWN, scanCode=0, metaState=0, flags=0x28, repeatCount=0, eventTime=22512022, downTime=22512022, deviceId=-1, source=0x101 }
W/System.err( 4192): SLF4J: Failed to load class "org.slf4j.impl.StaticLoggerBinder".
W/System.err( 4192): SLF4J: Defaulting to no-operation (NOP) logger implementation
W/System.err( 4192): SLF4J: See http://www.slf4j.org/codes.html#StaticLoggerBinder for further details.
W/DecodingInfo( 1333): No Engine for Decoding
E/GED     ( 4192): Failed to get GED Log Buf, err(0)
I/OpenGLRenderer( 4192): Initialized EGL, version 1.4
W/MALI    ( 4192): gles_context_new:222: [MALI]ctx init(phase:7) takes more than 20ms here. Elapse time(us): 28595
I/Utils   (  300): GetMimeType : fourcc 0x1
I/Utils   (  300): GetMimeType : fourcc 0x1
I/WAVExtractorExt(  300): WAV : mime audio/raw channel 2 samplerate 11025 bps 16 br 353188 dur 907029
I/Utils   (  300): GetMimeType : fourcc 0x1
I/libPerfService(  877): 14: set: 1
I/libPerfService(  877): 14: set freq: 0
I/libPerfService(  877): 14: set gpu level: 0
I/[MALI][Gralloc](  274): Usage: 0xb00, format: 0x1 stride: 1088 vertical_stride: 1920 size: 8355840
I/[MALI][Gralloc](  274): Usage: 0xb00, format: 0x1 stride: 1088 vertical_stride: 1920 size: 8355840
I/[MALI][Gralloc](  274): Usage: 0xb00, format: 0x1 stride: 1088 vertical_stride: 1920 size: 8355840
I/[MALI][Gralloc](  274): Usage: 0xb00, format: 0x1 stride: 1088 vertical_stride: 1920 size: 8355840
I/Utils   (  300): GetMimeType : fourcc 0x1
I/Utils   (  300): GetMimeType : fourcc 0x1
I/WAVExtractorExt(  300): WAV : mime audio/raw channel 2 samplerate 11025 bps 16 br 353188 dur 907029
I/GenericSource(  300): GenericSource::getFormatMeta 0
I/AudioCache(  300): [notify] notify(0xf3c747c0, 1, 0, 0)
I/GenericSource(  300): start
I/GenericSource(  300): GenericSource::getFormatMeta 1
I/GenericSource(  300): GenericSource::getFormatMeta 0
I/AudioPolicyManager(  300): isOffloadSupported: SR=11025, CM=0x3, Format=0x1, StreamType=-1, BitRate=353188, duration=907029 us, has_video=0
I/NuPlayerRenderer(  300): sFrameAVsyncByVFS 1
E/NuPlayer(  300): onScanSources
I/GenericSource(  300): GenericSource::getFormatMeta 1
I/AudioCache(  300): [notify] notify(0xf3c747c0, 5, 0, 0)
I/AudioCache(  300): [notify] notify(0xf3c747c0, 5, 0, 0)
I/MediaCodec(  300): [CreateByType]line:159 audio/raw
I/MediaCodec(  300): [onMessageReceived]line:1320 [][what=kWhatInit][state 0][msg='AMessage(what = 'init', target = 2469) = {
I/MediaCodec(  300):   string name = "audio/raw"
I/MediaCodec(  300):   int32_t nameIsType = 1
I/MediaCodec(  300):   int32_t encoder = 0
I/MediaCodec(  300):   int32_t replyID = 13913
I/MediaCodec(  300): }' ]
I/MediaCodec(  300): [onMessageReceived]line:963 [][what=kWhatComponentAllocated][state 1][msg='AMessage(what = 'codc', target = 2469) = {
I/MediaCodec(  300):   int32_t what = 1665231980
I/MediaCodec(  300):   string componentName = "OMX.google.raw.decoder"
I/MediaCodec(  300):   int32_t quirks = 0
I/MediaCodec(  300): }' ]
I/MediaCodec(  300): [CreateByType]line:166 audio/raw
I/MediaCodec(  300): Found 0 pieces of codec specific data.
E/OMXNodeInstance(  300): getParameter(1ab:google.raw.decoder, ??(0x7f200406)) ERROR: UnsupportedIndex(0x8000101a)
I/MediaCodec(  300): [onMessageReceived]line:991 [OMX.google.raw.decoder][what=kWhatComponentConfigured][state 3][msg='AMessage(what = 'codc', target = 2469) = {
I/MediaCodec(  300):   int32_t what = 1665363822
I/MediaCodec(  300):   AMessage input-format = AMessage(what = 0x00000000) = {
I/MediaCodec(  300):                             int32_t support-partial-frame = 0
I/MediaCodec(  300):                             string mime = "audio/raw"
I/MediaCodec(  300):                             int32_t channel-count = 2
I/MediaCodec(  300):                             int32_t sample-rate = 11025
I/MediaCodec(  300):                             int32_t bit-width = 16
I/MediaCodec(  300):                           }
I/MediaCodec(  300):   AMessage output-format = AMessage(what = 'codc', target = 2469) = {
I/MediaCodec(  300):                              string mime = "audio/raw"
I/MediaCodec(  300):                              int32_t channel-count = 2
I/MediaCodec(  300):                              int32_t sample-rate = 11025
I/MediaCodec(  300):                              int32_t bit-width = 16
I/MediaCodec(  300):                            }
I/MediaCodec(  300): }' ]
I/MediaCodec(  300): [getOutputFormat]line:566 [OMX.google.raw.decoder]+++
I/NuPlayerDecoder(  300): mSupportsPartialFrames 0 
I/MediaCodec(  300): [start]line:367 [OMX.google.raw.decoder]+++
I/MediaCodec(  300): [onMessageReceived]line:1048 [OMX.google.raw.decoder][what=kWhatBuffersAllocated][state 5][msg='AMessage(what = 'codc', target = 2469) = {
I/MediaCodec(  300):   int32_t what = 1634495587
I/MediaCodec(  300):   int32_t portIndex = 0
I/MediaCodec(  300):   RefBase *portDesc = 0xe46a3cd0
I/MediaCodec(  300): }' ]
I/MediaCodec(  300): [onMessageReceived]line:1048 [OMX.google.raw.decoder][what=kWhatBuffersAllocated][state 5][msg='AMessage(what = 'codc', target = 2469) = {
I/MediaCodec(  300):   int32_t what = 1634495587
I/MediaCodec(  300):   int32_t portIndex = 1
I/MediaCodec(  300):   RefBase *portDesc = 0xe46a3df0
I/MediaCodec(  300): }' ]
I/MediaCodec(  300): [getInputBuffers]line:609 [OMX.google.raw.decoder]+++
I/MediaCodec(  300): [getOutputBuffers]line:620 [OMX.google.raw.decoder]+++
I/MediaCodec(  300): codec output format changed mFlags 801
D/libc-netbsd( 4192): [getaddrinfo]: hostname=jsimp.jslife.com.cn; servname=(null); cache_mode=(null), netid=0; mark=0
D/libc-netbsd( 4192): [getaddrinfo]: ai_addrlen=0; ai_canonname=(null); ai_flags=4; ai_family=0
D/libc-netbsd( 4192): [getaddrinfo]: hostname=jsimp.jslife.com.cn; servname=(null); cache_mode=(null), netid=0; mark=0
D/libc-netbsd( 4192): [getaddrinfo]: ai_addrlen=0; ai_canonname=(null); ai_flags=1024; ai_family=0
I/MediaCodec(  300): [onMessageReceived]line:1261 [OMX.google.raw.decoder][what=kWhatEOS][state 6] 
I/MediaCodec(  300): [getOutputFormat]line:566 [OMX.google.raw.decoder]+++
I/GenericSource(  300): GenericSource::getFormatMeta 0
I/AudioCache(  300): [open] open(11025, 2, 0x0, 1, 8)
D/libc-netbsd(  295): [getaddrinfo]: hostname=jsimp.jslife.com.cn; servname=(null); cache_mode=local, netid=101; mark=917605
I/AudioCache(  300): [notify] notify(0xf3c747c0, 6, 0, 0)
D/libc-netbsd(  295): [getaddrinfo]: ai_addrlen=0; ai_canonname=(null); ai_flags=1024; ai_family=0
I/NuPlayerDecoder(  300): [OMX.google.raw.decoder] EOS ,timeUs:0 ,size 0
I/NuPlayerDecoder(  300): [handleAnOutputBuffer]line:655 [OMX.google.raw.decoder] EOS ,timeUs:0
I/NuPlayerRenderer(  300): [queueEOS]line:174 queueEOS audio:1
I/AudioCache(  300): [notify] notify(0xf3c747c0, 2, 0, 0)
I/AudioCache(  300): [notify] notify(0xf3c747c0, 8, 0, 0)
I/NuPlayer(  300): [resetAsync]line:439 mSource:1
I/GenericSource(  300): [disconnect]line:869 mDataSource:1, lock
I/MediaCodec(  300): [flush]line:680 [OMX.google.raw.decoder]+++
I/MediaCodec(  300): [onMessageReceived]line:1765 [OMX.google.raw.decoder][what=kWhatFlush][state 6][msg='AMessage(what = 'flus', target = 2469) = {
I/MediaCodec(  300):   int32_t replyID = 13942
I/MediaCodec(  300): }' ]
I/NuPlayerRenderer(  300): onflush audio 1 flag 0
I/NuPlayerRenderer(  300): [onFlush]line:1553 audiosink flush.
D/libc-netbsd(  295): default dns: query_ipv6=0, query_ipv4=1
I/MediaCodec(  300): [onMessageReceived]line:1294 [OMX.google.raw.decoder][what=kWhatFlushCompleted][state 7][msg='AMessage(what = 'codc', target = 2469) = {
I/MediaCodec(  300):   int32_t what = 1717792621
I/MediaCodec(  300): }' ]
D/libc-netbsd(  295): res_queryN name = jsimp.jslife.com.cn, class = 1, type = 1
D/libc-netbsd(  295): netid=101, dns0:202.96.134.133
D/libc-netbsd(  295): netid=101, dns1:202.96.128.166
D/libc-netbsd(  295): netid=101, dns2:8.8.8.8
I/MediaCodec(  300): [release]line:383 [OMX.google.raw.decoder]+++
I/ACodec  (  300): freeBuffersOnPort portIndex 0
I/ACodec  (  300): freeBuffersOnPort portIndex 1
I/MediaCodec(  300): [onMessageReceived]line:1268 [OMX.google.raw.decoder][what=kWhatShutdownCompleted][state 10][msg='AMessage(what = 'codc', target = 2469) = {
I/MediaCodec(  300):   int32_t what = 1935896429
I/MediaCodec(  300): }' ]
I/libPerfService(  877): perfSetFavorPid - pid:0, 0
I/MediaCodec(  300): [~MediaCodec]line:205 [][mState 0]+++
I/NuPlayer(  300): [finishFlushIfPossible]line:1565 mFlushingAudio 5 ,mFlushingVideo 0
I/MediaPlayerService(  300): [decode] decode(32, 31689144, 50044)
E/DrmMtkUtil/DrmUtil(  300): checkDcf: not dcf type, dcf version value [80]
E/Cta5File(  300): Cta5File::isCta5NormalFile false, bad magic:PK
E/Cta5File(  300): Cta5File::isCta5MultimediaFile false, bad magic:
E/DrmMtkUtil/DrmUtil(  300): checkDcf: not dcf type, dcf version value [80]
I/NuPlayer(  300): disable trackId:0
I/GenericSource(  300): GenericSource::initCheck
E/DrmCtaPlugIn(  299): [ERROR]onOpenDecryptSession - The key is not set by user
E/DrmMtkUtil/DrmUtil(  299): parseDcf: not dcf type, dcf version value [80]
E/DrmMtkPlugIn(  299): onOpenDecryptSession() : failed to parse dcf file.
D/libc-netbsd(  295): res_queryN name = jsimp.jslife.com.cn succeed
D/libc-netbsd( 4192): getaddrinfo: jsimp.jslife.com.cn get result from proxy >>
I/System.out( 4192): propertyValue:true
I/System.out( 4192): [CDS]connect[jsimp.jslife.com.cn/112.74.43.206:7608] tm:90
I/libPerfService(  877): 15: set freq: 1235000
I/libPerfService(  877): 15: set: 3
I/ActivityManager(  877): [AppLaunch] Displayed Displayed com.jieshun.jslife/.activity.common.LoadingActivity: +581ms (total +1s643ms)
I/ActivityManager(  877): START u0 {cmp=com.jieshun.jslife/.activity.common.MainFragmentActivity} from uid 10099 on display 0 from pid 4192
I/libPerfService(  877): 14: set freq: 1300000
I/libPerfService(  877): 14: set: 6
I/WindowManager(  877): Losing focus: Window{36d4bc60 u0 com.jieshun.jslife/com.jieshun.jslife.activity.common.LoadingActivity}
I/libPerfService(  877): perfSetFavorPid - pid:4192, 1060
W/ADB_SERVICES(  504): create_local_service_socket() name=shell:cat /proc/cpuinfo
W/ADB_SERVICES(  504): service_to_fd() name=shell:cat /proc/cpuinfo
W/ADB_SERVICES(  504): read_meminfo() mem_free=437052
W/ADB_SERVICES(  504): create_subproc ret_fd=21 pid=4303
W/ADB_SERVICES(  504): LS(3655): bound to 'shell:cat /proc/cpuinfo' via 21
I/Utils   (  300): GetMimeType : fourcc 0x1
I/Utils   (  300): GetMimeType : fourcc 0x1
I/WAVExtractorExt(  300): WAV : mime audio/raw channel 2 samplerate 11025 bps 16 br 353110 dur 1133786
I/Utils   (  300): GetMimeType : fourcc 0x1
W/ADB_SERVICES( 4303): adb: unable to update oom_score_adj
W/ADB_SERVICES(  504): entered. LS(3655) fd=21
I/Utils   (  300): GetMimeType : fourcc 0x1
I/Utils   (  300): GetMimeType : fourcc 0x1
I/WAVExtractorExt(  300): WAV : mime audio/raw channel 2 samplerate 11025 bps 16 br 353110 dur 1133786
I/GenericSource(  300): GenericSource::getFormatMeta 0
I/AudioCache(  300): [notify] notify(0xf3c74b40, 1, 0, 0)
I/GenericSource(  300): start
I/GenericSource(  300): GenericSource::getFormatMeta 1
I/GenericSource(  300): GenericSource::getFormatMeta 0
I/AudioPolicyManager(  300): isOffloadSupported: SR=11025, CM=0x3, Format=0x1, StreamType=-1, BitRate=353110, duration=1133786 us, has_video=0
I/NuPlayerRenderer(  300): sFrameAVsyncByVFS 1
E/NuPlayer(  300): onScanSources
I/GenericSource(  300): GenericSource::getFormatMeta 1
I/AudioCache(  300): [notify] notify(0xf3c74b40, 5, 0, 0)
I/AudioCache(  300): [notify] notify(0xf3c74b40, 5, 0, 0)
I/MediaCodec(  300): [CreateByType]line:159 audio/raw
I/MediaCodec(  300): [onMessageReceived]line:1320 [][what=kWhatInit][state 0][msg='AMessage(what = 'init', target = 2476) = {
I/MediaCodec(  300):   string name = "audio/raw"
I/MediaCodec(  300):   int32_t nameIsType = 1
I/MediaCodec(  300):   int32_t encoder = 0
I/MediaCodec(  300):   int32_t replyID = 13948
I/MediaCodec(  300): }' ]
I/MediaCodec(  300): [onMessageReceived]line:963 [][what=kWhatComponentAllocated][state 1][msg='AMessage(what = 'codc', target = 2476) = {
I/MediaCodec(  300):   int32_t what = 1665231980
I/MediaCodec(  300):   string componentName = "OMX.google.raw.decoder"
I/MediaCodec(  300):   int32_t quirks = 0
I/MediaCodec(  300): }' ]
I/MediaCodec(  300): [CreateByType]line:166 audio/raw
I/MediaCodec(  300): Found 0 pieces of codec specific data.
E/OMXNodeInstance(  300): getParameter(1ac:google.raw.decoder, ??(0x7f200406)) ERROR: UnsupportedIndex(0x8000101a)
I/MediaCodec(  300): [onMessageReceived]line:991 [OMX.google.raw.decoder][what=kWhatComponentConfigured][state 3][msg='AMessage(what = 'codc', target = 2476) = {
I/MediaCodec(  300):   int32_t what = 1665363822
I/MediaCodec(  300):   AMessage input-format = AMessage(what = 0x00000000) = {
I/MediaCodec(  300):                             int32_t support-partial-frame = 0
I/MediaCodec(  300):                             string mime = "audio/raw"
I/MediaCodec(  300):                             int32_t channel-count = 2
I/MediaCodec(  300):                             int32_t sample-rate = 11025
I/MediaCodec(  300):                             int32_t bit-width = 16
I/MediaCodec(  300):                           }
I/MediaCodec(  300):   AMessage output-format = AMessage(what = 'codc', target = 2476) = {
I/MediaCodec(  300):                              string mime = "audio/raw"
I/MediaCodec(  300):                              int32_t channel-count = 2
I/MediaCodec(  300):                              int32_t sample-rate = 11025
I/MediaCodec(  300):                              int32_t bit-width = 16
I/MediaCodec(  300):                            }
I/MediaCodec(  300): }' ]
I/MediaCodec(  300): [getOutputFormat]line:566 [OMX.google.raw.decoder]+++
I/NuPlayerDecoder(  300): mSupportsPartialFrames 0 
I/MediaCodec(  300): [start]line:367 [OMX.google.raw.decoder]+++
I/MediaCodec(  300): [onMessageReceived]line:1048 [OMX.google.raw.decoder][what=kWhatBuffersAllocated][state 5][msg='AMessage(what = 'codc', target = 2476) = {
I/MediaCodec(  300):   int32_t what = 1634495587
I/MediaCodec(  300):   int32_t portIndex = 0
I/MediaCodec(  300):   RefBase *portDesc = 0xe46a3cd0
I/MediaCodec(  300): }' ]
I/MediaCodec(  300): [onMessageReceived]line:1048 [OMX.google.raw.decoder][what=kWhatBuffersAllocated][state 5][msg='AMessage(what = 'codc', target = 2476) = {
I/MediaCodec(  300):   int32_t what = 1634495587
I/MediaCodec(  300):   int32_t portIndex = 1
I/MediaCodec(  300):   RefBase *portDesc = 0xe46a3df0
I/MediaCodec(  300): }' ]
I/MediaCodec(  300): [getInputBuffers]line:609 [OMX.google.raw.decoder]+++
I/MediaCodec(  300): [getOutputBuffers]line:620 [OMX.google.raw.decoder]+++
I/MediaCodec(  300): codec output format changed mFlags 801
I/MediaCodec(  300): [onMessageReceived]line:1261 [OMX.google.raw.decoder][what=kWhatEOS][state 6] 
I/MediaCodec(  300): [getOutputFormat]line:566 [OMX.google.raw.decoder]+++
I/GenericSource(  300): GenericSource::getFormatMeta 0
I/AudioCache(  300): [open] open(11025, 2, 0x0, 1, 8)
I/AudioCache(  300): [notify] notify(0xf3c74b40, 6, 0, 0)
I/NuPlayerDecoder(  300): [OMX.google.raw.decoder] EOS ,timeUs:0 ,size 0
I/NuPlayerDecoder(  300): [handleAnOutputBuffer]line:655 [OMX.google.raw.decoder] EOS ,timeUs:0
I/NuPlayerRenderer(  300): [queueEOS]line:174 queueEOS audio:1
I/AudioCache(  300): [notify] notify(0xf3c74b40, 2, 0, 0)
I/AudioCache(  300): [notify] notify(0xf3c74b40, 8, 0, 0)
I/NuPlayer(  300): [resetAsync]line:439 mSource:1
I/GenericSource(  300): [disconnect]line:869 mDataSource:1, lock
I/art     ( 4192): Background sticky concurrent mark sweep GC freed 25179(1669KB) AllocSpace objects, 19(304KB) LOS objects, 5% free, 31MB/33MB, paused 11.801ms total 54.426ms
I/MediaCodec(  300): [flush]line:680 [OMX.google.raw.decoder]+++
I/NuPlayerRenderer(  300): onflush audio 1 flag 0
I/NuPlayerRenderer(  300): [onFlush]line:1553 audiosink flush.
I/MediaCodec(  300): [onMessageReceived]line:1765 [OMX.google.raw.decoder][what=kWhatFlush][state 6][msg='AMessage(what = 'flus', target = 2476) = {
I/MediaCodec(  300):   int32_t replyID = 13979
I/MediaCodec(  300): }' ]
I/MediaCodec(  300): [onMessageReceived]line:1294 [OMX.google.raw.decoder][what=kWhatFlushCompleted][state 7][msg='AMessage(what = 'codc', target = 2476) = {
I/MediaCodec(  300):   int32_t what = 1717792621
I/MediaCodec(  300): }' ]
I/MediaCodec(  300): [release]line:383 [OMX.google.raw.decoder]+++
I/ACodec  (  300): freeBuffersOnPort portIndex 0
I/ACodec  (  300): freeBuffersOnPort portIndex 1
I/MediaCodec(  300): [onMessageReceived]line:1268 [OMX.google.raw.decoder][what=kWhatShutdownCompleted][state 10][msg='AMessage(what = 'codc', target = 2476) = {
I/MediaCodec(  300):   int32_t what = 1935896429
I/MediaCodec(  300): }' ]
I/MediaCodec(  300): [~MediaCodec]line:205 [][mState 0]+++
I/NuPlayer(  300): [finishFlushIfPossible]line:1565 mFlushingAudio 5 ,mFlushingVideo 0
I/System.out( 4192): open:http://alog.umeng.com/app_logs
D/libc-netbsd( 4192): [getaddrinfo]: hostname=alog.umeng.com; servname=(null); cache_mode=(null), netid=0; mark=0
D/libc-netbsd( 4192): [getaddrinfo]: ai_addrlen=0; ai_canonname=(null); ai_flags=4; ai_family=0
D/libc-netbsd( 4192): [getaddrinfo]: hostname=alog.umeng.com; servname=(null); cache_mode=(null), netid=0; mark=0
D/libc-netbsd( 4192): [getaddrinfo]: ai_addrlen=0; ai_canonname=(null); ai_flags=1024; ai_family=0
W/ADB_SERVICES(  504): create_local_service_socket() name=shell:dumpsys battery
W/ADB_SERVICES(  504): service_to_fd() name=shell:dumpsys battery
W/ADB_SERVICES(  504): read_meminfo() mem_free=436028
D/libc-netbsd(  295): [getaddrinfo]: hostname=alog.umeng.com; servname=(null); cache_mode=local, netid=101; mark=917605
D/libc-netbsd(  295): [getaddrinfo]: ai_addrlen=0; ai_canonname=(null); ai_flags=1024; ai_family=0
W/ADB_SERVICES(  504): create_subproc ret_fd=21 pid=4311
W/ADB_SERVICES(  504): LS(3656): bound to 'shell:dumpsys battery' via 21
D/libc-netbsd(  295): default dns: query_ipv6=0, query_ipv4=1
D/libc-netbsd(  295): res_queryN name = alog.umeng.com, class = 1, type = 1
D/libc-netbsd(  295): res_queryN name = alog.umeng.com succeed
D/libc-netbsd( 4192): getaddrinfo: alog.umeng.com get result from proxy >>
I/System.out( 4192): propertyValue:true
I/System.out( 4192): [CDS]connect[alog.umeng.com/106.11.250.138:80] tm:10
W/ADB_SERVICES( 4311): adb: unable to update oom_score_adj
W/ADB_SERVICES(  504): entered. LS(3656) fd=21
I/System.out( 4192): [OkHttp] sendRequest>>
I/System.out( 4192): [OkHttp] sendRequest<<
I/XMPP    ( 4192): loginToOpenfire==============  登陆openfire的结果 isSuccess:  true
I/XMPP    ( 4192): my jid = 13632836691@openfire-cloud/A1b117b2fb
I/XMPP    ( 4192):  实名登录成功 login  success!=============== userName=13632836691  pwd=123456
E/PhoneInterfaceManager( 1596): [PhoneIntfMgr] getIccId: ICC ID is null or empty.
I/UserState( 4192): myJid = 13632836691@openfire-cloud/A1b117b2fb receive jid=13632836691@openfire-cloud/A1b117b2fb  state=ONLINE
I/WindowManager(  877): Gaining focus: Window{143ffd90 u0 com.jieshun.jslife/com.jieshun.jslife.activity.common.MainFragmentActivity}
D/libc-netbsd( 4192): [getaddrinfo]: hostname=jsh.jslife.com.cn; servname=(null); cache_mode=(null), netid=0; mark=0
D/libc-netbsd( 4192): [getaddrinfo]: ai_addrlen=0; ai_canonname=(null); ai_flags=4; ai_family=0
D/libc-netbsd( 4192): [getaddrinfo]: hostname=jsh.jslife.com.cn; servname=(null); cache_mode=(null), netid=0; mark=0
D/libc-netbsd( 4192): [getaddrinfo]: ai_addrlen=0; ai_canonname=(null); ai_flags=1024; ai_family=0
D/libc-netbsd(  295): [getaddrinfo]: hostname=jsh.jslife.com.cn; servname=(null); cache_mode=local, netid=101; mark=917605
D/libc-netbsd(  295): [getaddrinfo]: ai_addrlen=0; ai_canonname=(null); ai_flags=1024; ai_family=0
D/libc-netbsd(  295): default dns: query_ipv6=0, query_ipv4=1
D/libc-netbsd(  295): res_queryN name = jsh.jslife.com.cn, class = 1, type = 1
D/libc-netbsd(  295): netid=101, dns0:202.96.134.133
D/libc-netbsd(  295): netid=101, dns1:202.96.128.166
D/libc-netbsd(  295): netid=101, dns2:8.8.8.8
I/InputDispatcher(  877): Dropping event because there is no touchable window at (390, 663).
W/InputManager(  877): Input event injection from pid 4176 failed.
W/InputManager(  877): Input event injection from pid 4176 failed.
D/libc-netbsd( 4192): [getaddrinfo]: hostname=jsh.jslife.com.cn; servname=(null); cache_mode=(null), netid=0; mark=0
D/libc-netbsd( 4192): [getaddrinfo]: ai_addrlen=0; ai_canonname=(null); ai_flags=4; ai_family=0
D/libc-netbsd( 4192): [getaddrinfo]: hostname=jsh.jslife.com.cn; servname=(null); cache_mode=(null), netid=0; mark=0
D/libc-netbsd( 4192): [getaddrinfo]: ai_addrlen=0; ai_canonname=(null); ai_flags=1024; ai_family=0
D/libc-netbsd(  295): [getaddrinfo]: hostname=jsh.jslife.com.cn; servname=(null); cache_mode=local, netid=101; mark=917605
D/libc-netbsd(  295): [getaddrinfo]: ai_addrlen=0; ai_canonname=(null); ai_flags=1024; ai_family=0
D/libc-netbsd(  295): default dns: query_ipv6=0, query_ipv4=1
D/libc-netbsd(  295): res_queryN name = jsh.jslife.com.cn, class = 1, type = 1
D/libc-netbsd(  295): netid=101, dns0:202.96.134.133
D/libc-netbsd(  295): netid=101, dns1:202.96.128.166
D/libc-netbsd(  295): netid=101, dns2:8.8.8.8
D/libc-netbsd(  295): res_queryN name = jsh.jslife.com.cn succeed
D/libc-netbsd( 4192): getaddrinfo: jsh.jslife.com.cn get result from proxy >>
I/System.out( 4192): propertyValue:true
I/UserState( 4192): myJid = 13632836691@openfire-cloud/A1b117b2fb receive jid=formal_cloud_jsh@openfire-cloud/master  state=ONLINE
I/System.out( 4192): [CDS]connect[jsh.jslife.com.cn/39.108.207.79:80] tm:20
I/UserState( 4192): myJid = 13632836691@openfire-cloud/A1b117b2fb receive jid=formal_cloud_jsh@openfire-cloud/slave  state=ONLINE
D/libc-netbsd(  295): res_queryN name = jsh.jslife.com.cn succeed
D/libc-netbsd( 4192): getaddrinfo: jsh.jslife.com.cn get result from proxy >>
I/System.out( 4192): propertyValue:true
I/System.out( 4192): [CDS]connect[jsh.jslife.com.cn/39.108.207.79:80] tm:20
I/MobclickAgent( 4192): Send message to http://alog.umeng.com/app_logs
I/System.out( 4192): Close in OkHttp
I/System.out( 4192): [CDS]close[49988]
I/NetworkManagementSocketTagger( 4192): untagSocket(64)
I/MobclickAgent( 4192): send log:succeed
I/com.jieshun.jslife.activity.common.MainFragmentActivity( 4192): onResume()======
W/ViewRootImpl( 4192): Dropping event due to no window focus: MotionEvent { action=ACTION_MOVE, id[0]=0, x[0]=3.0, y[0]=-3.0, toolType[0]=TOOL_TYPE_UNKNOWN, buttonState=0, metaState=0, flags=0x0, edgeFlags=0x0, pointerCount=1, historySize=9, eventTime=22512575, downTime=-1, deviceId=0, source=0x10004 }
I/MobclickAgent( 4192): Extend current session: 3B8A1DE8DD5FFFB7B7C8096F7E583000
I/[MALI][Gralloc](  274): Usage: 0xb00, format: 0x1 stride: 304 vertical_stride: 300 size: 364800
I/[MALI][Gralloc](  274): Usage: 0xb00, format: 0x1 stride: 304 vertical_stride: 300 size: 364800
I/[MALI][Gralloc](  274): Usage: 0xb00, format: 0x1 stride: 304 vertical_stride: 300 size: 364800
I/[MALI][Gralloc](  274): Usage: 0xb00, format: 0x1 stride: 304 vertical_stride: 300 size: 364800
I/libPerfService(  877): 14: set: 3
I/libPerfService(  877): 14: set freq: 1235000
I/libPerfService(  877): 14: set gpu level: 0
D/libc-netbsd( 4192): [getaddrinfo]: hostname=hdwg.jieshunpay.cn; servname=(null); cache_mode=(null), netid=0; mark=0
D/libc-netbsd( 4192): [getaddrinfo]: ai_addrlen=0; ai_canonname=(null); ai_flags=4; ai_family=0
D/libc-netbsd( 4192): [getaddrinfo]: hostname=hdwg.jieshunpay.cn; servname=(null); cache_mode=(null), netid=0; mark=0
D/libc-netbsd( 4192): [getaddrinfo]: ai_addrlen=0; ai_canonname=(null); ai_flags=1024; ai_family=0
D/libc-netbsd(  295): [getaddrinfo]: hostname=hdwg.jieshunpay.cn; servname=(null); cache_mode=local, netid=101; mark=917605
D/libc-netbsd(  295): [getaddrinfo]: ai_addrlen=0; ai_canonname=(null); ai_flags=1024; ai_family=0
D/libc-netbsd(  295): default dns: query_ipv6=0, query_ipv4=1
D/libc-netbsd(  295): res_queryN name = hdwg.jieshunpay.cn, class = 1, type = 1
D/libc-netbsd(  295): netid=101, dns0:202.96.134.133
D/libc-netbsd(  295): netid=101, dns1:202.96.128.166
D/libc-netbsd(  295): netid=101, dns2:8.8.8.8
I/PerfService(  877): PerfServiceNative_boostDisableAsync:5
I/libPerfService(  877): 5: set: 3
I/libPerfService(  877): 5: set freq: 1235000
I/System.out( 4192): [CDS]EAGAIN in Recvfrom
I/System.out( 4192): [CDS]read byte is 0
W/FragmentManager( 4192): moveToState: Fragment state for UserHomeFragment{1a88d6a6 #0 id=0x7f1002e7 android:switcher:2131755751:4} not updated inline; expected state 3 found 2
I/System.out( 4192): [CDS]EAGAIN in Recvfrom
I/System.out( 4192): [CDS]read byte is 0
D/libc-netbsd(  295): res_queryN name = hdwg.jieshunpay.cn succeed
D/libc-netbsd( 4192): getaddrinfo: hdwg.jieshunpay.cn get result from proxy >>
I/System.out( 4192): propertyValue:true
I/System.out( 4192): [CDS]connect[hdwg.jieshunpay.cn/14.215.135.104:8120] tm:10
I/SurfaceFlinger(  274): [Built-in Screen (type:0)] fps:57.828022,dur:1002.97,max:20.96,min:13.24
I/com.jieshun.jslife.activity.homepage.HomePageFragment( 4192): 更新图片信息！===========
I/PerfService(  877): PerfServiceNative_boostDisableAsync:5
I/libPerfService(  877): 5: set: 3
I/libPerfService(  877): 5: set freq: 1235000
W/recents.Component( 1041): create a new LoadPlan to load thumbnail -- background
W/recents.Performance( 1041): preload while task Change spend : 2
D/libc-netbsd(  295): netid=101, dns0:202.96.134.133
D/libc-netbsd(  295): netid=101, dns1:202.96.128.166
D/libc-netbsd(  295): netid=101, dns2:8.8.8.8
I/libPerfService(  877): perfSetFavorPid - pid:0, 0
I/AudioFlinger(  300): setParameters(): io 0, keyvalue mediaserver_monitor=1, calling pid 877
W/AudioALSAHardware(  300): setParameters(), still have param.size() = 1, remain param = "mediaserver_monitor=1"
I/str_params(  300): key: 'mediaserver_monitor' value: '1'
I/System.out( 4192): [CDS]EAGAIN in Recvfrom
I/System.out( 4192): [CDS]read byte is 0
I/AudioPolicyManager(  300): setStreamVolumeIndex stream = 7 index = 15 device = 0x400
E/Vold    (  273): Failed to find mounted volume for /storage/sdcard1/Android/data/com.jieshun.jslife/files/
W/Vold    (  273): Returning OperationFailed - no handler for errno 0
W/ContextImpl( 4192): Failed to ensure directory: /storage/sdcard1/Android/data/com.jieshun.jslife/files
W/ActivityManager(  877): getRunningAppProcesses: caller 10099 does not hold REAL_GET_TASKS; limiting output
W/ActivityManager(  877): getRunningAppProcesses: caller 10099 does not hold REAL_GET_TASKS; limiting output
D/libc-netbsd( 4192): [getaddrinfo]: hostname=vectormap0.bdimg.com; servname=80; cache_mode=(null), netid=0; mark=0
D/libc-netbsd( 4192): [getaddrinfo]: ai_addrlen=0; ai_canonname=(null); ai_flags=0; ai_family=0
D/libc-netbsd(  295): [getaddrinfo]: hostname=vectormap0.bdimg.com; servname=80; cache_mode=local, netid=101; mark=917605
D/libc-netbsd(  295): [getaddrinfo]: ai_addrlen=0; ai_canonname=(null); ai_flags=0; ai_family=0
W/ActivityManager(  877): getRunningAppProcesses: caller 10099 does not hold REAL_GET_TASKS; limiting output
D/libc-netbsd(  295): res_queryN name = vectormap0.bdimg.com, class = 1, type = 28
D/libc-netbsd(  295): netid=101, dns0:202.96.134.133
D/libc-netbsd(  295): netid=101, dns1:202.96.128.166
D/libc-netbsd(  295): netid=101, dns2:8.8.8.8
W/ActivityManager(  877): getRunningAppProcesses: caller 10099 does not hold REAL_GET_TASKS; limiting output
D/libc-netbsd(  295): res_queryN name = vectormap0.bdimg.com, class = 1, type = 1
D/libc-netbsd(  295): netid=101, dns0:202.96.134.133
D/libc-netbsd(  295): netid=101, dns1:202.96.128.166
D/libc-netbsd(  295): netid=101, dns2:8.8.8.8
D/libc-netbsd(  295): res_queryN name = vectormap0.bdimg.com succeed
D/libc-netbsd( 4192): getaddrinfo: vectormap0.bdimg.com get result from proxy >>
I/UserState( 4192): myJid = 13632836691@openfire-cloud/A1b117b2fb receive jid=13632836691@openfire-cloud/A1b852863a  state=ONLINE
I/UserState( 4192): myJid = 13632836691@openfire-cloud/A1b117b2fb receive jid=13632836691@openfire-cloud/A1b852863a  state=ONLINE
I/UserState( 4192): myJid = 13632836691@openfire-cloud/A1b117b2fb receive jid=13632836691@openfire-cloud/A1b852863a  state=ONLINE
I/UserState( 4192): myJid = 13632836691@openfire-cloud/A1b117b2fb receive jid=13632836691@openfire-cloud/A1b852863a  state=ONLINE
I/UserState( 4192): myJid = 13632836691@openfire-cloud/A1b117b2fb receive jid=13632836691@openfire-cloud/A1b852863a  state=ONLINE
I/UserState( 4192): myJid = 13632836691@openfire-cloud/A1b117b2fb receive jid=13632836691@openfire-cloud/A1b852863a  state=ONLINE
I/UserState( 4192): myJid = 13632836691@openfire-cloud/A1b117b2fb receive jid=13632836691@openfire-cloud/A1b852863a  state=ONLINE
W/ActivityManager(  877): getRunningAppProcesses: caller 10099 does not hold REAL_GET_TASKS; limiting output
W/ActivityManager(  877): getRunningAppProcesses: caller 10099 does not hold REAL_GET_TASKS; limiting output
W/ActivityManager(  877): getRunningAppProcesses: caller 10099 does not hold REAL_GET_TASKS; limiting output
W/ActivityManager(  877): getRunningAppProcesses: caller 10099 does not hold REAL_GET_TASKS; limiting output
I/libPerfService(  877): 7: set: 3
I/libPerfService(  877): 7: set freq: 1235000
I/SurfaceFlinger(  274): [Built-in Screen (type:0)] fps:57.405605,dur:1010.35,max:17.94,min:16.81
I/libPerfService(  877): 15: set: 1
I/libPerfService(  877): 15: set freq: 0
I/libPerfService(  877): 15: set gpu level: 0
I/GLSurfaceView( 4192): setRenderer(), this = com.baidu.platform.comapi.map.j{2a57e7 V.E..... ......I. 0,0-0,0}
I/GLSurfaceView( 4192): setRenderMode = 1, this = com.baidu.platform.comapi.map.j{2a57e7 V.E..... ......I. 0,0-0,0}
W/ADB_SERVICES(  504): create_local_service_socket() name=shell:cat /proc/4192/stat
W/ADB_SERVICES(  504): service_to_fd() name=shell:cat /proc/4192/stat
W/ADB_SERVICES(  504): read_meminfo() mem_free=396992
W/ADB_SERVICES(  504): create_subproc ret_fd=21 pid=4360
W/ADB_SERVICES(  504): LS(3657): bound to 'shell:cat /proc/4192/stat' via 21
W/ADB_SERVICES( 4360): adb: unable to update oom_score_adj
W/ADB_SERVICES(  504): entered. LS(3657) fd=21
I/SensorHAL(  877): Dev Batch, handle: 15, name: iNemoEngine Orientation Sensor
I/SensorHAL(  877): Dev Active, handle: 15, name: iNemoEngine Orientation Sensor, enable: 1.
I/SensorHAL(  877): SensorBase::Enable. name: iNemoEngine Orientation Sensor, enable: 1
I/SensorHAL(  877): SensorBase::Enable. name: Accel-Magn-Gyro Fusion 9X, enable: 1
I/SensorHAL(  877): SensorBase::Enable. name: LSM6DS3 Accelerometer Sensor, enable: 1
I/SensorHAL(  877): HWSensorBase::Enable, handle: 13, name: lsm6ds3_accel, enable: 1
E/SensorHAL(  877): Magnetometer::Enable 1
I/SensorHAL(  877): SensorBase::Enable. name: ST480 Magnetometer Sensor, enable: 1
I/SensorHAL(  877): SensorBase::Enable. name: LSM6DS3 Accelerometer Sensor, enable: 1
I/SensorHAL(  877): HWSensorBase::Enable, handle: 10, name: lsm6ds3_accel, enable: 1
I/SensorHAL(  877): SensorBase::Enable. name: LSM6DS3 Gyroscope Sensor, enable: 1
I/SensorHAL(  877): SensorBase::Enable. name: LSM6DS3 Accelerometer Sensor, enable: 1
I/SensorHAL(  877): HWSensorBase::Enable, handle: 5, name: lsm6ds3_accel, enable: 1
I/SensorHAL(  877): HWSensorBase::Enable, handle: 10, name: lsm6ds3_gyro, enable: 1
I/SensorHAL(  877): HWSensorBase::Enable, handle: 13, name: lsm6ds3_magn, enable: 1
E/SensorHAL(  877): AKMD_Start .
I/SensorHAL(  877): SensorBase::Enable. name: ST480 Magnetometer Sensor, enable: 1
I/SensorHAL(  877): HWSensorBase::Enable, handle: 13, name: lsm6ds3_magn, enable: 1
I/SensorHAL(  877): SensorBase::Enable. name: LSM6DS3 Gyroscope Sensor, enable: 1
I/SensorHAL(  877): HWSensorBase::Enable, handle: 13, name: lsm6ds3_gyro, enable: 1
I/SurfaceView( 4192): updateWindow -- onWindowVisibilityChanged, visibility = 0, this = com.baidu.platform.comapi.map.j{2a57e7 V.E..... ......I. 0,0-0,0}
W/FragmentManager( 4192): moveToState: Fragment state for JSParkingFragment{16a40052 #2 id=0x7f1002e7 android:switcher:2131755751:1} not updated inline; expected state 3 found 2
W/Resources( 4192): Converting to float: TypedValue{t=0x3/d=0xd "1f" a=-1}
W/Resources( 4192): Converting to float: TypedValue{t=0x3/d=0xe "0.5f" a=-1}
W/Resources( 4192): Converting to float: TypedValue{t=0x3/d=0xd "1f" a=-1}
W/Resources( 4192): Converting to float: TypedValue{t=0x3/d=0xe "0.5f" a=-1}
W/Resources( 4192): Converting to float: TypedValue{t=0x3/d=0xd "0.5f" a=-1}
W/Resources( 4192): Converting to float: TypedValue{t=0x3/d=0xe "1.0f" a=-1}
W/Resources( 4192): Converting to float: TypedValue{t=0x3/d=0xd "0.5f" a=-1}
W/Resources( 4192): Converting to float: TypedValue{t=0x3/d=0xe "1.0f" a=-1}
W/Resources( 4192): Converting to float: TypedValue{t=0x3/d=0xb "1f" a=-1}
W/Resources( 4192): Converting to float: TypedValue{t=0x3/d=0xb "1f" a=-1}
W/Resources( 4192): Converting to float: TypedValue{t=0x3/d=0xb "1f" a=-1}
W/Resources( 4192): Converting to float: TypedValue{t=0x3/d=0xb "1f" a=-1}
W/FragmentManager( 4192): moveToState: Fragment state for OpenDoorMainFragment{2b3b8114 #3 id=0x7f1002e7 android:switcher:2131755751:2} not updated inline; expected state 3 found 2
I/CallbackListener( 4192): 请求队列xmppQueQue=========1
I/CallbackListener( 4192): requestMap add  activity = MiniCommunityFragment{13495bf2 #4 id=0x7f1002e7 android:switcher:2131755751:3}  serviceId = ac.msg.queryunreadmsgcount
W/FragmentManager( 4192): moveToState: Fragment state for MiniCommunityFragment{13495bf2 #4 id=0x7f1002e7 android:switcher:2131755751:3} not updated inline; expected state 3 found 2
W/ActivityManager(  877): getRunningAppProcesses: caller 10099 does not hold REAL_GET_TASKS; limiting output
I/S