I/AudioPolicyManager(  300): startOutput() output 2, stream 1, session 242
I/AudioPolicyManager(  300): s 0 c 0 avaDev 3 ba2dpo 0 ba2dpsp 0 dev 2
I/AudioPolicyManager(  300): getNewOutputDevice() selected device 2
I/AudioPolicyManager(  300): setOutputDevice() output 2 device 0002 delayMs 0 force 0
I/AudioPolicyManager(  300): s 0 c 0 avaDev 3 ba2dpo 0 ba2dpsp 0 dev 2
I/AudioFlinger(  300): setParameters(): io 2, keyvalue FM_DIRECT_CONTROL=1, calling pid 300
I/WindowManager(  877): Gaining focus: Window{119d6cb1 u0 com.jieshun.jslife/com.jieshun.jslife.activity.serviceDelay.ServiceDelayActivity}
I/AudioPolicyManager(  300): setOutputDevice() prevDevice 0002
I/AudioPolicyManager(  300): setOutputDevice() mMutePrevDevice 0000
I/AudioPolicyManager(  300): s 0 c 0 avaDev 3 ba2dpo 0 ba2dpsp 0 dev 2
I/AudioPolicyManager(  300): s 1 c 0 avaDev 3 ba2dpo 0 ba2dpsp 0 dev 1
I/AudioPolicyManager(  300): s 2 c 0 avaDev 3 ba2dpo 0 ba2dpsp 0 dev 2
I/AudioPolicyManager(  300): s 2 c 0 avaDev 3 ba2dpo 0 ba2dpsp 0 dev 2
I/AudioPolicyManager(  300): s 3 c 0 avaDev 3 ba2dpo 0 ba2dpsp 0 dev 2
I/AudioPolicyManager(  300): s 0 c 0 avaDev 3 ba2dpo 0 ba2dpsp 0 dev 2
I/AudioPolicyManager(  300): s 4 c 0 avaDev 3 ba2dpo 0 ba2dpsp 0 dev 2
I/AudioPolicyManager(  300): s 5 c 0 avaDev 3 ba2dpo 0 ba2dpsp 0 dev 2
I/AudioPolicyManager(  300): s 6 c 0 avaDev 3 ba2dpo 0 ba2dpsp 0 dev 2
I/AudioPolicyManager(  300): s 7 c 0 avaDev 3 ba2dpo 0 ba2dpsp 0 dev 2
I/AudioPolicyManager(  300): s 8 c 0 avaDev 3 ba2dpo 0 ba2dpsp 0 dev 2
I/AudioPolicyManager(  300): setOutputDevice() setting same device 0002 or null device for output 2
I/AudioPolicyManager(  300):  checkAndSetVolume stream = 1 index = 8 output = 2 device = 0x2 delayMs = 0 force = 0
I/AudioPolicyManager(  300): PolicyForceReplace stream = 1 sampleRate = 48000 
I/System.out(  487): [CDS]EAGAIN in Recvfrom
I/System.out(  487): [CDS]read byte is 0
I/[MALI][Gralloc](  274): Usage: 0xb00, format: 0x1 stride: 304 vertical_stride: 300 size: 364800
I/[MALI][Gralloc](  274): Usage: 0xb00, format: 0x1 stride: 304 vertical_stride: 300 size: 364800
I/[MALI][Gralloc](  274): Usage: 0xb00, format: 0x1 stride: 304 vertical_stride: 300 size: 364800
I/[MALI][Gralloc](  274): Usage: 0xb00, format: 0x1 stride: 304 vertical_stride: 300 size: 364800
W/DecodingInfo( 1333): No Engine for Decoding
I/http    (  487): 
I/http    (  487):  HTTP {"resultCode":"C-DS300005","message":"","obj":null,"seqId":"70b9b901bb9041e5a598215ad1189d41","right":false}
I/WindowManager(  877): Gaining focus: Window{1a4c17d3 u0 com.jieshun.jslife/com.jieshun.jslife.activity.serviceDelay.ServiceDelayActivity}
I/WindowManager(  877): Losing focus: Window{119d6cb1 u0 com.jieshun.jslife/com.jieshun.jslife.activity.serviceDelay.ServiceDelayActivity EXITING}
W/DecodingInfo( 1333): No Engine for Decoding
E/AudioFlinger(  300): getNextBuffer, get null buffer
I/AudioFlinger_Threads(  300): pause signal - [NOT READY] on thread
I/AudioPolicyManager(  300): ReleaseFMIndirectMode 
I/AudioPolicyManager(  300): PolicyRestore
I/AudioPolicyManager(  300): stopOutput() output 2, stream 1, session 242
I/AudioPolicyManager(  300): getNewOutputDevice() selected device 0
I/AudioPolicyManager(  300): setOutputDevice() output 2 device 0000 delayMs 184 force 0
I/AudioPolicyManager(  300): setOutputDevice() prevDevice 0002
I/AudioPolicyManager(  300): setOutputDevice() mMutePrevDevice 0002
I/AudioPolicyManager(  300): s 0 c 0 avaDev 3 ba2dpo 0 ba2dpsp 0 dev 2
I/AudioPolicyManager(  300): s 1 c 0 avaDev 3 ba2dpo 0 ba2dpsp 0 dev 1
I/AudioPolicyManager(  300): s 2 c 0 avaDev 3 ba2dpo 0 ba2dpsp 0 dev 2
I/AudioPolicyManager(  300): s 2 c 0 avaDev 3 ba2dpo 0 ba2dpsp 0 dev 2
I/AudioPolicyManager(  300): s 3 c 0 avaDev 3 ba2dpo 0 ba2dpsp 0 dev 2
I/AudioPolicyManager(  300): s 0 c 0 avaDev 3 ba2dpo 0 ba2dpsp 0 dev 2
I/AudioPolicyManager(  300): s 4 c 0 avaDev 3 ba2dpo 0 ba2dpsp 0 dev 2
I/AudioPolicyManager(  300): s 5 c 0 avaDev 3 ba2dpo 0 ba2dpsp 0 dev 2
I/AudioPolicyManager(  300): s 6 c 0 avaDev 3 ba2dpo 0 ba2dpsp 0 dev 2
I/AudioPolicyManager(  300): s 7 c 0 avaDev 3 ba2dpo 0 ba2dpsp 0 dev 2
I/AudioPolicyManager(  300): s 8 c 0 avaDev 3 ba2dpo 0 ba2dpsp 0 dev 2
I/AudioPolicyManager(  300): setOutputDevice() setting same device 0000 or null device for output 2
I/thermal_repeater(  323): oh, queryMdThermalInfo (0)Bad file number
I/thermal_repeater(  323): [recvMdThermalInfo] ret=25, strLen=127,  1, 32767,,, -1, 32767, 2
I/PerfService(  877): PerfServiceNative_boostDisableAsync:5
I/libPerfService(  877): 5: set: 1
I/libPerfService(  877): 5: set freq: 0
I/AudioPolicyManager(  300): s 0 c 0 avaDev 3 ba2dpo 0 ba2dpsp 0 dev 2
I/AudioPolicyManager(  300): getOutput() device 2, stream 1, samplingRate 0, format 0, channelMask 3, flags 0
I/AudioPolicyManager(  300): getOutput() returns output 2
I/AudioPolicyManager(  300): s 0 c 0 avaDev 3 ba2dpo 0 ba2dpsp 0 dev 2
I/AudioPolicyManager(  300): getOutput() device 2, stream 1, samplingRate 0, format 0, channelMask 3, flags 0
I/AudioPolicyManager(  300): getOutput() returns output 2
I/AudioPolicyManager(  300): s 0 c 0 avaDev 3 ba2dpo 0 ba2dpsp 0 dev 2
I/AudioPolicyManager(  300): getOutput() returns output 2
W/AudioTrack(  877): AUDIO_OUTPUT_FLAG_FAST denied by client
I/AudioFlinger_Threads(  300): attachAuxEffect_l EffectId 0
I/AudioFlinger_Threads(  300): attachAuxEffect_l status 0
I/WindowManager(  877): Gaining focus: Window{990fd04 u0 com.jieshun.jslife/com.jieshun.jslife.activity.serviceDelay.ServiceDelayActivity}
I/AudioPolicyManager(  300): AddSampleRateArray index = 1 sampleRate = 48000
I/AudioPolicyManager(  300): startOutput() output 2, stream 1, session 243
I/AudioPolicyManager(  300): s 0 c 0 avaDev 3 ba2dpo 0 ba2dpsp 0 dev 2
I/AudioPolicyManager(  300): getNewOutputDevice() selected device 2
I/AudioPolicyManager(  300): setOutputDevice() output 2 device 0002 delayMs 0 force 0
I/AudioPolicyManager(  300): s 0 c 0 avaDev 3 ba2dpo 0 ba2dpsp 0 dev 2
I/AudioPolicyManager(  300): setOutputDevice() prevDevice 0002
I/AudioPolicyManager(  300): setOutputDevice() mMutePrevDevice 0000
I/AudioPolicyManager(  300): s 0 c 0 avaDev 3 ba2dpo 0 ba2dpsp 0 dev 2
I/AudioPolicyManager(  300): s 1 c 0 avaDev 3 ba2dpo 0 ba2dpsp 0 dev 1
I/AudioPolicyManager(  300): s 2 c 0 avaDev 3 ba2dpo 0 ba2dpsp 0 dev 2
I/AudioPolicyManager(  300): s 2 c 0 avaDev 3 ba2dpo 0 ba2dpsp 0 dev 2
I/AudioPolicyManager(  300): s 3 c 0 avaDev 3 ba2dpo 0 ba2dpsp 0 dev 2
I/AudioPolicyManager(  300): s 0 c 0 avaDev 3 ba2dpo 0 ba2dpsp 0 dev 2
I/AudioPolicyManager(  300): s 4 c 0 avaDev 3 ba2dpo 0 ba2dpsp 0 dev 2
I/AudioPolicyManager(  300): s 5 c 0 avaDev 3 ba2dpo 0 ba2dpsp 0 dev 2
I/AudioPolicyManager(  300): s 6 c 0 avaDev 3 ba2dpo 0 ba2dpsp 0 dev 2
I/AudioPolicyManager(  300): s 7 c 0 avaDev 3 ba2dpo 0 ba2dpsp 0 dev 2
I/AudioPolicyManager(  300): s 8 c 0 avaDev 3 ba2dpo 0 ba2dpsp 0 dev 2
I/AudioPolicyManager(  300): setOutputDevice() setting same device 0002 or null device for output 2
I/AudioPolicyManager(  300):  checkAndSetVolume stream = 1 index = 8 output = 2 device = 0x2 delayMs = 0 force = 0
I/AudioPolicyManager(  300): PolicyForceReplace stream = 1 sampleRate = 48000 
I/AudioFlinger_Threads(  300): reset track timestretch tracn name 4096, ratio 100, mTimeStretchTrackName[name-4096] 0
I/AudioPolicyManager(  300): releaseOutput() 2
I/System.out(  487): [CDS]EAGAIN in Recvfrom
I/System.out(  487): [CDS]read byte is 0
I/[MALI][Gralloc](  274): Usage: 0xb00, format: 0x1 stride: 304 vertical_stride: 300 size: 364800
I/[MALI][Gralloc](  274): Usage: 0xb00, format: 0x1 stride: 304 vertical_stride: 300 size: 364800
I/[MALI][Gralloc](  274): Usage: 0xb00, format: 0x1 stride: 304 vertical_stride: 300 size: 364800
I/[MALI][Gralloc](  274): Usage: 0xb00, format: 0x1 stride: 304 vertical_stride: 300 size: 364800
W/DecodingInfo( 1333): No Engine for Decoding
E/AudioFlinger(  300): getNextBuffer, get null buffer
I/http    (  487): 
I/http    (  487):  HTTP {"resultCode":"C-DS300005","message":"","obj":null,"seqId":"9e5896dbc6fd42b0aaa338197bf1791b","right":false}
I/AudioFlinger_Threads(  300): pause signal - [NOT READY] on thread
I/AudioFlinger(  300): setParameters(): io 2, keyvalue FM_DIRECT_CONTROL=1, calling pid 300
I/WindowManager(  877): Gaining focus: Window{1a4c17d3 u0 com.jieshun.jslife/com.jieshun.jslife.activity.serviceDelay.ServiceDelayActivity}
I/WindowManager(  877): Losing focus: Window{990fd04 u0 com.jieshun.jslife/com.jieshun.jslife.activity.serviceDelay.ServiceDelayActivity EXITING}
W/DecodingInfo( 1333): No Engine for Decoding
I/AudioPolicyManager(  300): ReleaseFMIndirectMode 
I/AudioPolicyManager(  300): PolicyRestore
I/AudioPolicyManager(  300): stopOutput() output 2, stream 1, session 243
I/AudioPolicyManager(  300): getNewOutputDevice() selected device 0
I/AudioPolicyManager(  300): setOutputDevice() output 2 device 0000 delayMs 184 force 0
I/AudioPolicyManager(  300): setOutputDevice() prevDevice 0002
I/AudioPolicyManager(  300): setOutputDevice() mMutePrevDevice 0002
I/AudioPolicyManager(  300): s 0 c 0 avaDev 3 ba2dpo 0 ba2dpsp 0 dev 2
I/AudioPolicyManager(  300): s 1 c 0 avaDev 3 ba2dpo 0 ba2dpsp 0 dev 1
I/AudioPolicyManager(  300): s 2 c 0 avaDev 3 ba2dpo 0 ba2dpsp 0 dev 2
I/AudioPolicyManager(  300): s 2 c 0 avaDev 3 ba2dpo 0 ba2dpsp 0 dev 2
I/AudioPolicyManager(  300): s 3 c 0 avaDev 3 ba2dpo 0 ba2dpsp 0 dev 2
I/AudioPolicyManager(  300): s 0 c 0 avaDev 3 ba2dpo 0 ba2dpsp 0 dev 2
I/AudioPolicyManager(  300): s 4 c 0 avaDev 3 ba2dpo 0 ba2dpsp 0 dev 2
I/AudioPolicyManager(  300): s 5 c 0 avaDev 3 ba2dpo 0 ba2dpsp 0 dev 2
I/AudioPolicyManager(  300): s 6 c 0 avaDev 3 ba2dpo 0 ba2dpsp 0 dev 2
I/AudioPolicyManager(  300): s 7 c 0 avaDev 3 ba2dpo 0 ba2dpsp 0 dev 2
I/AudioPolicyManager(  300): s 8 c 0 avaDev 3 ba2dpo 0 ba2dpsp 0 dev 2
I/AudioPolicyManager(  300): setOutputDevice() setting same device 0000 or null device for output 2
I/ActivityManager(  877): START u0 {act=android.intent.action.MAIN cat=[android.intent.category.LAUNCHER] flg=0x10200000 cmp=com.jieshun.jslife/.activity.common.WelcomeActivity} from uid 2000 on display 0 from pid 468
I/AudioFlinger(  300): setParameters(): io 2, keyvalue FM_DIRECT_CONTROL=0, calling pid 300
I/SurfaceFlinger(  274): [Built-in Screen (type:0)] fps:40.220219,dur:1044.25,max:121.69,min:14.55
D/[BT3.0+HS]PAL(  333): == chip_reset_fd is set ==
D/[BT3.0+HS]PAL(  333): 
D/[BT3.0+HS]PAL(  333): invalid reply message
D/[BT3.0+HS]PAL(  333): 
I/CallbackListener(  487): xmppQueQue==========
I/PerfService(  877): PerfServiceNative_boostDisableAsync:5
I/libPerfService(  877): 5: set: 1
I/libPerfService(  877): 5: set freq: 0
W/ADB_SERVICES(  504): create_local_service_socket() name=shell:cat /proc/487/stat
W/ADB_SERVICES(  504): service_to_fd() name=shell:cat /proc/487/stat
W/ADB_SERVICES(  504): read_meminfo() mem_free=43564
W/ADB_SERVICES(  504): create_subproc ret_fd=21 pid=848
W/ADB_SERVICES(  504): LS(3600): bound to 'shell:cat /proc/487/stat' via 21
W/ADB_SERVICES(  848): adb: unable to update oom_score_adj
W/ADB_SERVICES(  504): entered. LS(3600) fd=21
I/libPerfService(  877): 7: set: 1
I/libPerfService(  877): 7: set freq: 0
W/ADB_SERVICES(  504): create_local_service_socket() name=shell:cat /proc/stat
W/ADB_SERVICES(  504): service_to_fd() name=shell:cat /proc/stat
W/ADB_SERVICES(  504): read_meminfo() mem_free=43192
W/ADB_SERVICES(  504): create_subproc ret_fd=21 pid=849
W/ADB_SERVICES(  504): LS(3601): bound to 'shell:cat /proc/stat' via 21
W/ADB_SERVICES(  849): adb: unable to update oom_score_adj
W/ADB_SERVICES(  504): entered. LS(3601) fd=21
W/ActivityManager(  877): Launch timeout has expired, giving up wake lock!
I/art     (  487): Background partial concurrent mark sweep GC freed 54220(2MB) AllocSpace objects, 3(3MB) LOS objects, 5% free, 73MB/77MB, paused 3.390ms total 112.459ms
I/PerfService(  877): PerfServiceNative_boostDisableAsync:5
I/libPerfService(  877): 5: set: 1
I/libPerfService(  877): 5: set freq: 0
I/libPerfService(  877): 7: set: 1
I/libPerfService(  877): 7: set freq: 0
I/art     (  487): Background partial concurrent mark sweep GC freed 24108(917KB) AllocSpace objects, 0(0B) LOS objects, 4% free, 77MB/81MB, paused 2.860ms total 142.291ms
I/PerfService(  877): PerfServiceNative_boostDisableAsync:5
I/libPerfService(  877): 5: set: 1
I/libPerfService(  877): 5: set freq: 0
I/AudioPolicyManager(  300): s 0 c 0 avaDev 3 ba2dpo 0 ba2dpsp 0 dev 2
I/AudioPolicyManager(  300): getOutput() device 2, stream 1, samplingRate 0, format 0, channelMask 3, flags 0
I/AudioPolicyManager(  300): getOutput() returns output 2
I/AudioPolicyManager(  300): s 0 c 0 avaDev 3 ba2dpo 0 ba2dpsp 0 dev 2
I/AudioPolicyManager(  300): getOutput() device 2, stream 1, samplingRate 0, format 0, channelMask 3, flags 0
I/AudioPolicyManager(  300): getOutput() returns output 2
I/AudioPolicyManager(  300): s 0 c 0 avaDev 3 ba2dpo 0 ba2dpsp 0 dev 2
I/AudioPolicyManager(  300): getOutput() returns output 2
W/AudioTrack(  877): AUDIO_OUTPUT_FLAG_FAST denied by client
I/AudioFlinger_Threads(  300): attachAuxEffect_l EffectId 0
I/AudioFlinger_Threads(  300): attachAuxEffect_l status 0
I/AudioPolicyManager(  300): AddSampleRateArray index = 1 sampleRate = 48000
I/AudioPolicyManager(  300): startOutput() output 2, stream 1, session 244
I/AudioPolicyManager(  300): s 0 c 0 avaDev 3 ba2dpo 0 ba2dpsp 0 dev 2
I/AudioPolicyManager(  300): getNewOutputDevice() selected device 2
I/AudioPolicyManager(  300): setOutputDevice() output 2 device 0002 delayMs 0 force 0
I/AudioPolicyManager(  300): s 0 c 0 avaDev 3 ba2dpo 0 ba2dpsp 0 dev 2
I/AudioFlinger(  300): setParameters(): io 2, keyvalue FM_DIRECT_CONTROL=1, calling pid 300
I/WindowManager(  877): Gaining focus: Window{2f49fbb3 u0 com.jieshun.jslife/com.jieshun.jslife.activity.serviceDelay.ServiceDelayActivity}
I/AudioPolicyManager(  300): setOutputDevice() prevDevice 0002
I/AudioPolicyManager(  300): setOutputDevice() mMutePrevDevice 0000
I/AudioPolicyManager(  300): s 0 c 0 avaDev 3 ba2dpo 0 ba2dpsp 0 dev 2
I/AudioPolicyManager(  300): s 1 c 0 avaDev 3 ba2dpo 0 ba2dpsp 0 dev 1
I/AudioPolicyManager(  300): s 2 c 0 avaDev 3 ba2dpo 0 ba2dpsp 0 dev 2
I/AudioPolicyManager(  300): s 2 c 0 avaDev 3 ba2dpo 0 ba2dpsp 0 dev 2
I/AudioPolicyManager(  300): s 3 c 0 avaDev 3 ba2dpo 0 ba2dpsp 0 dev 2
I/AudioPolicyManager(  300): s 0 c 0 avaDev 3 ba2dpo 0 ba2dpsp 0 dev 2
I/AudioPolicyManager(  300): s 4 c 0 avaDev 3 ba2dpo 0 ba2dpsp 0 dev 2
I/AudioPolicyManager(  300): s 5 c 0 avaDev 3 ba2dpo 0 ba2dpsp 0 dev 2
I/AudioPolicyManager(  300): s 6 c 0 avaDev 3 ba2dpo 0 ba2dpsp 0 dev 2
I/AudioPolicyManager(  300): s 7 c 0 avaDev 3 ba2dpo 0 ba2dpsp 0 dev 2
I/AudioPolicyManager(  300): s 8 c 0 avaDev 3 ba2dpo 0 ba2dpsp 0 dev 2
I/AudioPolicyManager(  300): setOutputDevice() setting same device 0002 or null device for output 2
I/AudioPolicyManager(  300):  checkAndSetVolume stream = 1 index = 8 output = 2 device = 0x2 delayMs = 0 force = 0
I/AudioPolicyManager(  300): PolicyForceReplace stream = 1 sampleRate = 48000 
I/AudioFlinger_Threads(  300): reset track timestretch tracn name 4101, ratio 100, mTimeStretchTrackName[name-4096] 0
I/AudioPolicyManager(  300): releaseOutput() 2
I/System.out(  487): [CDS]EAGAIN in Recvfrom
I/System.out(  487): [CDS]read byte is 0
I/[MALI][Gralloc](  274): Usage: 0xb00, format: 0x1 stride: 304 vertical_stride: 300 size: 364800
I/[MALI][Gralloc](  274): Usage: 0xb00, format: 0x1 stride: 304 vertical_stride: 300 size: 364800
I/[MALI][Gralloc](  274): Usage: 0xb00, format: 0x1 stride: 304 vertical_stride: 300 size: 364800
I/[MALI][Gralloc](  274): Usage: 0xb00, format: 0x1 stride: 304 vertical_stride: 300 size: 364800
W/DecodingInfo( 1333): No Engine for Decoding
E/AudioFlinger(  300): getNextBuffer, get null buffer
I/AudioPolicyManager(  300): ReleaseFMIndirectMode 
I/AudioPolicyManager(  300): PolicyRestore
I/AudioPolicyManager(  300): stopOutput() output 2, stream 1, session 244
I/AudioPolicyManager(  300): getNewOutputDevice() selected device 0
I/AudioPolicyManager(  300): setOutputDevice() output 2 device 0000 delayMs 184 force 0
I/AudioPolicyManager(  300): setOutputDevice() prevDevice 0002
I/AudioPolicyManager(  300): setOutputDevice() mMutePrevDevice 0002
I/AudioPolicyManager(  300): s 0 c 0 avaDev 3 ba2dpo 0 ba2dpsp 0 dev 2
I/AudioPolicyManager(  300): s 1 c 0 avaDev 3 ba2dpo 0 ba2dpsp 0 dev 1
I/AudioPolicyManager(  300): s 2 c 0 avaDev 3 ba2dpo 0 ba2dpsp 0 dev 2
I/AudioPolicyManager(  300): s 2 c 0 avaDev 3 ba2dpo 0 ba2dpsp 0 dev 2
I/AudioPolicyManager(  300): s 3 c 0 avaDev 3 ba2dpo 0 ba2dpsp 0 dev 2
I/AudioPolicyManager(  300): s 0 c 0 avaDev 3 ba2dpo 0 ba2dpsp 0 dev 2
I/AudioPolicyManager(  300): s 4 c 0 avaDev 3 ba2dpo 0 ba2dpsp 0 dev 2
I/AudioPolicyManager(  300): s 5 c 0 avaDev 3 ba2dpo 0 ba2dpsp 0 dev 2
I/AudioPolicyManager(  300): s 6 c 0 avaDev 3 ba2dpo 0 ba2dpsp 0 dev 2
I/AudioPolicyManager(  300): s 7 c 0 avaDev 3 ba2dpo 0 ba2dpsp 0 dev 2
I/AudioPolicyManager(  300): s 8 c 0 avaDev 3 ba2dpo 0 ba2dpsp 0 dev 2
I/AudioPolicyManager(  300): setOutputDevice() setting same device 0000 or null device for output 2
I/SurfaceFlinger(  274): [Built-in Screen (type:0)] fps:11.736722,dur:1022.43,max:644.80,min:16.28
I/PerfService(  877): PerfServiceNative_boostDisableAsync:5
I/libPerfService(  877): 5: set: 1
I/libPerfService(  877): 5: set freq: 0
I/http    (  487): 
I/http    (  487):  HTTP {"resultCode":"C-DS300005","message":"","obj":null,"seqId":"e1b7b3993fbb4f6c93cce4e8aae91178","right":false}
I/AudioFlinger(  300): setParameters(): io 2, keyvalue FM_DIRECT_CONTROL=0, calling pid 300
I/art     (  487): Background partial concurrent mark sweep GC freed 54898(2MB) AllocSpace objects, 18(4MB) LOS objects, 4% free, 81MB/85MB, paused 4.499ms total 202.856ms
I/WindowManager(  877): Gaining focus: Window{1a4c17d3 u0 com.jieshun.jslife/com.jieshun.jslife.activity.serviceDelay.ServiceDelayActivity}
I/WindowManager(  877): Losing focus: Window{2f49fbb3 u0 com.jieshun.jslife/com.jieshun.jslife.activity.serviceDelay.ServiceDelayActivity EXITING}
W/DecodingInfo( 1333): No Engine for Decoding
W/ADB_SERVICES(  504): create_local_service_socket() name=shell:cat /proc/stat
W/ADB_SERVICES(  504): service_to_fd() name=shell:cat /proc/stat
W/ADB_SERVICES(  504): read_meminfo() mem_free=34744
W/ADB_SERVICES(  504): create_subproc ret_fd=21 pid=851
W/ADB_SERVICES(  504): LS(3602): bound to 'shell:cat /proc/stat' via 21
W/ADB_SERVICES(  851): adb: unable to update oom_score_adj
W/ADB_SERVICES(  504): entered. LS(3602) fd=21
I/libPerfService(  877): 7: set: 1
I/libPerfService(  877): 7: set freq: 0
W/ADB_SERVICES(  504): create_local_service_socket() name=shell:dumpsys meminfo com.jieshun.jslife
W/ADB_SERVICES(  504): service_to_fd() name=shell:dumpsys meminfo com.jieshun.jslife
W/ADB_SERVICES(  504): read_meminfo() mem_free=33008
W/ADB_SERVICES(  504): create_subproc ret_fd=21 pid=852
W/ADB_SERVICES(  504): LS(3603): bound to 'shell:dumpsys meminfo com.jieshun.jslife' via 21
W/ADB_SERVICES(  852): adb: unable to update oom_score_adj
I/PerfService(  877): PerfServiceNative_boostDisableAsync:5
I/libPerfService(  877): 5: set: 1
I/libPerfService(  877): 5: set freq: 0
I/AudioPolicyManager(  300): s 0 c 0 avaDev 3 ba2dpo 0 ba2dpsp 0 dev 2
I/AudioPolicyManager(  300): getOutput() device 2, stream 1, samplingRate 0, format 0, channelMask 3, flags 0
I/AudioPolicyManager(  300): getOutput() returns output 2
I/AudioPolicyManager(  300): s 0 c 0 avaDev 3 ba2dpo 0 ba2dpsp 0 dev 2
I/AudioPolicyManager(  300): getOutput() device 2, stream 1, samplingRate 0, format 0, channelMask 3, flags 0
I/AudioPolicyManager(  300): getOutput() returns output 2
I/AudioPolicyManager(  300): s 0 c 0 avaDev 3 ba2dpo 0 ba2dpsp 0 dev 2
I/AudioPolicyManager(  300): getOutput() returns output 2
W/AudioTrack(  877): AUDIO_OUTPUT_FLAG_FAST denied by client
I/AudioFlinger_Threads(  300): attachAuxEffect_l EffectId 0
I/AudioFlinger_Threads(  300): attachAuxEffect_l status 0
I/AudioPolicyManager(  300): AddSampleRateArray index = 1 sampleRate = 48000
I/AudioPolicyManager(  300): startOutput() output 2, stream 1, session 245
I/AudioPolicyManager(  300): s 0 c 0 avaDev 3 ba2dpo 0 ba2dpsp 0 dev 2
I/AudioPolicyManager(  300): getNewOutputDevice() selected device 2
I/AudioPolicyManager(  300): setOutputDevice() output 2 device 0002 delayMs 0 force 0
I/AudioPolicyManager(  300): s 0 c 0 avaDev 3 ba2dpo 0 ba2dpsp 0 dev 2
I/AudioFlinger(  300): setParameters(): io 2, keyvalue FM_DIRECT_CONTROL=1, calling pid 300
I/WindowManager(  877): Gaining focus: Window{1191916e u0 com.jieshun.jslife/com.jieshun.jslife.activity.serviceDelay.ServiceDelayActivity}
I/AudioPolicyManager(  300): setOutputDevice() prevDevice 0002
I/AudioPolicyManager(  300): setOutputDevice() mMutePrevDevice 0000
I/AudioPolicyManager(  300): s 0 c 0 avaDev 3 ba2dpo 0 ba2dpsp 0 dev 2
I/AudioPolicyManager(  300): s 1 c 0 avaDev 3 ba2dpo 0 ba2dpsp 0 dev 1
I/AudioPolicyManager(  300): s 2 c 0 avaDev 3 ba2dpo 0 ba2dpsp 0 dev 2
I/AudioPolicyManager(  300): s 2 c 0 avaDev 3 ba2dpo 0 ba2dpsp 0 dev 2
I/AudioPolicyManager(  300): s 3 c 0 avaDev 3 ba2dpo 0 ba2dpsp 0 dev 2
I/AudioPolicyManager(  300): s 0 c 0 avaDev 3 ba2dpo 0 ba2dpsp 0 dev 2
I/AudioPolicyManager(  300): s 4 c 0 avaDev 3 ba2dpo 0 ba2dpsp 0 dev 2
I/AudioPolicyManager(  300): s 5 c 0 avaDev 3 ba2dpo 0 ba2dpsp 0 dev 2
I/AudioPolicyManager(  300): s 6 c 0 avaDev 3 ba2dpo 0 ba2dpsp 0 dev 2
I/AudioPolicyManager(  300): s 7 c 0 avaDev 3 ba2dpo 0 ba2dpsp 0 dev 2
I/AudioPolicyManager(  300): s 8 c 0 avaDev 3 ba2dpo 0 ba2dpsp 0 dev 2
I/AudioPolicyManager(  300): setOutputDevice() setting same device 0002 or null device for output 2
I/AudioPolicyManager(  300):  checkAndSetVolume stream = 1 index = 8 output = 2 device = 0x2 delayMs = 0 force = 0
I/AudioPolicyManager(  300): PolicyForceReplace stream = 1 sampleRate = 48000 
I/AudioFlinger_Threads(  300): reset track timestretch tracn name 4098, ratio 100, mTimeStretchTrackName[name-4096] 0
I/AudioPolicyManager(  300): releaseOutput() 2
I/System.out(  487): [CDS]EAGAIN in Recvfrom
I/System.out(  487): [CDS]read byte is 0
I/[MALI][Gralloc](  274): Usage: 0xb00, format: 0x1 stride: 304 vertical_stride: 300 size: 364800
I/[MALI][Gralloc](  274): Usage: 0xb00, format: 0x1 stride: 304 vertical_stride: 300 size: 364800
I/[MALI][Gralloc](  274): Usage: 0xb00, format: 0x1 stride: 304 vertical_stride: 300 size: 364800
I/[MALI][Gralloc](  274): Usage: 0xb00, format: 0x1 stride: 304 vertical_stride: 300 size: 364800
W/DecodingInfo( 1333): No Engine for Decoding
E/AudioFlinger(  300): getNextBuffer, get null buffer
I/libPerfService(  877): perfSetFavorPid - pid:487, 1e7
I/libPerfService(  877): 7: set: 1
I/libPerfService(  877): 7: set freq: 0
I/art     (  487): Explicit concurrent mark sweep GC freed 310524(16MB) AllocSpace objects, 18(1540KB) LOS objects, 5% free, 69MB/73MB, paused 3.766ms total 149.115ms
I/AudioPolicyManager(  300): ReleaseFMIndirectMode 
I/AudioPolicyManager(  300): PolicyRestore
I/AudioPolicyManager(  300): stopOutput() output 2, stream 1, session 245
I/AudioPolicyManager(  300): getNewOutputDevice() selected device 0
I/AudioPolicyManager(  300): setOutputDevice() output 2 device 0000 delayMs 184 force 0
I/AudioPolicyManager(  300): setOutputDevice() prevDevice 0002
I/AudioPolicyManager(  300): setOutputDevice() mMutePrevDevice 0002
I/AudioPolicyManager(  300): s 0 c 0 avaDev 3 ba2dpo 0 ba2dpsp 0 dev 2
I/AudioPolicyManager(  300): s 1 c 0 avaDev 3 ba2dpo 0 ba2dpsp 0 dev 1
I/AudioPolicyManager(  300): s 2 c 0 avaDev 3 ba2dpo 0 ba2dpsp 0 dev 2
I/AudioPolicyManager(  300): s 2 c 0 avaDev 3 ba2dpo 0 ba2dpsp 0 dev 2
I/AudioPolicyManager(  300): s 3 c 0 avaDev 3 ba2dpo 0 ba2dpsp 0 dev 2
I/AudioPolicyManager(  300): s 0 c 0 avaDev 3 ba2dpo 0 ba2dpsp 0 dev 2
I/AudioPolicyManager(  300): s 4 c 0 avaDev 3 ba2dpo 0 ba2dpsp 0 dev 2
I/AudioPolicyManager(  300): s 5 c 0 avaDev 3 ba2dpo 0 ba2dpsp 0 dev 2
I/AudioPolicyManager(  300): s 6 c 0 avaDev 3 ba2dpo 0 ba2dpsp 0 dev 2
I/AudioPolicyManager(  300): s 7 c 0 avaDev 3 ba2dpo 0 ba2dpsp 0 dev 2
I/AudioPolicyManager(  300): s 8 c 0 avaDev 3 ba2dpo 0 ba2dpsp 0 dev 2
I/AudioPolicyManager(  300): setOutputDevice() setting same device 0000 or null device for output 2
I/PerfService(  877): PerfServiceNative_boostDisableAsync:5
I/libPerfService(  877): 5: set: 1
I/libPerfService(  877): 5: set freq: 0
I/libPerfService(  877): perfSetFavorPid - pid:0, 0
I/art     (  487): Explicit concurrent mark sweep GC freed 130684(6MB) AllocSpace objects, 13(885KB) LOS objects, 5% free, 64MB/68MB, paused 2.459ms total 95.962ms
I/AudioFlinger(  300): setParameters(): io 2, keyvalue FM_DIRECT_CONTROL=0, calling pid 300
I/art     (  487): Explicit concurrent mark sweep GC freed 40988(2MB) AllocSpace objects, 14(9MB) LOS objects, 6% free, 57MB/61MB, paused 2.365ms total 91.815ms
I/libPerfService(  877): 7: set: 1
I/libPerfService(  877): 7: set freq: 0
I/PerfService(  877): PerfServiceNative_boostDisableAsync:5
I/libPerfService(  877): 5: set: 1
I/libPerfService(  877): 5: set freq: 0
I/art     (  487): Explicit concurrent mark sweep GC freed 51492(2MB) AllocSpace objects, 3(742KB) LOS objects, 6% free, 57MB/61MB, paused 2.811ms total 90.081ms
I/SurfaceFlinger(  274): [Built-in Screen (type:0)] fps:32.532505,dur:1137.32,max:208.86,min:5.71
I/art     (  487): Explicit concurrent mark sweep GC freed 21535(1062KB) AllocSpace objects, 12(1158KB) LOS objects, 6% free, 59MB/63MB, paused 2.199ms total 88.075ms
W/ADB_SERVICES(  504): entered. LS(3603) fd=21
I/libPerfService(  877): 7: set: 1
I/libPerfService(  877): 7: set freq: 0
W/ADB_SERVICES(  504): create_local_service_socket() name=shell:dumpsys gfxinfo com.jieshun.jslife
W/ADB_SERVICES(  504): service_to_fd() name=shell:dumpsys gfxinfo com.jieshun.jslife
W/ADB_SERVICES(  504): read_meminfo() mem_free=43720
W/ADB_SERVICES(  504): create_subproc ret_fd=21 pid=854
W/ADB_SERVICES(  504): LS(3604): bound to 'shell:dumpsys gfxinfo com.jieshun.jslife' via 21
W/ADB_SERVICES(  854): adb: unable to update oom_score_adj
W/ADB_SERVICES(  504): entered. LS(3604) fd=21
I/PerfService(  877): PerfServiceNative_boostDisableAsync:5
I/libPerfService(  877): 5: set: 1
I/libPerfService(  877): 5: set freq: 0
W/ADB_SERVICES(  504): create_local_service_socket() name=shell:cat /proc/487/net/dev
W/ADB_SERVICES(  504): service_to_fd() name=shell:cat /proc/487/net/dev
W/ADB_SERVICES(  504): read_meminfo() mem_free=43084
W/ADB_SERVICES(  504): create_subproc ret_fd=21 pid=856
W/ADB_SERVICES(  504): LS(3605): bound to 'shell:cat /proc/487/net/dev' via 21
W/ADB_SERVICES(  856): adb: unable to update oom_score_adj
W/ADB_SERVICES(  504): entered. LS(3605) fd=21
W/ADB_SERVICES(  504): create_local_service_socket() name=shell:dumpsys battery
W/ADB_SERVICES(  504): service_to_fd() name=shell:dumpsys battery
W/ADB_SERVICES(  504): read_meminfo() mem_free=42712
W/ADB_SERVICES(  504): create_subproc ret_fd=21 pid=857
W/ADB_SERVICES(  504): LS(3606): bound to 'shell:dumpsys battery' via 21
W/ADB_SERVICES(  857): adb: unable to update oom_score_adj
W/ADB_SERVICES(  504): entered. LS(3606) fd=21
I/http    (  487): 
I/http    (  487):  HTTP {"resultCode":"C-DS300005","message":"","obj":null,"seqId":"82baf8cf3000497aa24e48a0364682cc","right":false}
I/WindowManager(  877): Gaining focus: Window{1a4c17d3 u0 com.jieshun.jslife/com.jieshun.jslife.activity.serviceDelay.ServiceDelayActivity}
I/WindowManager(  877): Losing focus: Window{1191916e u0 com.jieshun.jslife/com.jieshun.jslife.activity.serviceDelay.ServiceDelayActivity EXITING}
W/DecodingInfo( 1333): No Engine for Decoding
I/libPerfService(  877): 7: set: 1
I/libPerfService(  877): 7: set freq: 0
I/SensorHAL(  877): Dev Batch, handle: 4, name: LSM6DS3 Accelerometer Sensor
I/SensorHAL(  877): Dev Flush, handle: 4, name: LSM6DS3 Accelerometer Sensor, ret: -22
I/ActivityManager(  877): Controller Pid : 0
I/art     (  468): System.exit called, status: 0
I/AndroidRuntime(  468): VM exiting with result code 0.
W/ADB_SERVICES(  504): entered. LS(3585) fd=16
D/[BT3.0+HS]PAL(  333): == chip_reset_fd is set ==
D/[BT3.0+HS]PAL(  333): 
D/[BT3.0+HS]PAL(  333): invalid reply message
D/[BT3.0+HS]PAL(  333): 
D/[BT3.0+HS]PAL(  333): == chip_reset_fd is set ==
D/[BT3.0+HS]PAL(  333): 
D/[BT3.0+HS]PAL(  333): invalid reply message
D/[BT3.0+HS]PAL(  333): 
I/Netd    (  295): Get netlink event, ifname: wlan0 action: 4
I/Netd    (  295): Get netlink event, ifname: wlan0 action: 4
E/wpa_supplicant( 1206): This is a Iphone softap!!!!!!! 
E/wpa_supplicant( 1206): This is a Iphone softap!!!!!!! 
E/WifiConfigStore(  877):  rewrite network history for "chaozhouniurouwan"WPA_PSK
E/WifiStateMachine(  877): mIsFullScanOngoing: true, mSendScanResultsBroadcast: false
E/WifiStateMachine(  877): mWifiOnScanCount: 57
I/libPerfService(  877): perfSetFavorPid - pid:487, 1e7
I/libPerfService(  877): perfSetFavorPid - pid:0, 0
W/ContextImpl( 2120): Calling a method in the system process without a qualified user: android.app.ContextImpl.startService:1863 android.content.ContextWrapper.startService:516 android.content.ContextWrapper.startService:516 com.meizu.dataservice.ExperienceReceiver.a:-1 com.meizu.dataservice.ExperienceReceiver.onReceive:-1 
I/libPerfService(  877): perfSetFavorPid - pid:487, 1e7
I/libPerfService(  877): 7: set: 1
I/libPerfService(  877): 7: set freq: 0
I/art     (  877): Background sticky concurrent mark sweep GC freed 12571(1575KB) AllocSpace objects, 6(120KB) LOS objects, 2% free, 35MB/37MB, paused 7.889ms total 62.155ms
I/System.out(  487): isFirstLoctrue
I/System.out(  487): ******jscarlife*********************onMapStatusChangeStart*********************1******
I/System.out(  487): ******jscarlife*********************onReceiveLocation*********************
I/System.out(  487): open:http://api.map.baidu.com/sdkproxy/v2/lbs_androidsdk/geocoder/v2?location=22.57699573832894%2C114.04997351124784&coordtype=bd09ll&pois=1&output=json&from=android_map_sdk&latest_admin=0&token=cfa74Vcsw7AuSrXyM1ioTmgT8BNO%2BmUpZUaJV12sEt9Yz77XJ5aOmPd1CbcueVfu9KdaxqK%2BYo5m7n6KPUMtG3OZQoy6VOF9pGGNJgj%2B5iQDgWcSRRrhnHjJ97PXiwTLI6CRSeIBDYja2DRZF6GzsqskL8Oe1hkkprfOizDKmUjRw32nrxD2OMbDVAQ&pcn=com.jieshun.jslife&screen=1080%2C1920&cuid=07AB6C1293F355B0E1AE06BB5824B71A%7C944874720008868&dpi=480%2C480&resid=02&appid=-1&mb=m2%20note&ctm=1535955720.475000&net=1&bduid=&channel=baidu&os=Android22&sv=4.5.2&sign=89b608870aed8f92110145e8b3045748
I/System.out(  487): [OkHttp] sendRequest>>
I/System.out(  487): [OkHttp] sendRequest<<
I/NetworkManagementSocketTagger(  487): untagSocket(69)
I/libPerfService(  877): 7: set: 1
I/libPerfService(  877): 7: set freq: 0
I/art     (  487): Background partial concurrent mark sweep GC freed 82627(4MB) AllocSpace objects, 3(1906KB) LOS objects, 5% free, 64MB/68MB, paused 3.153ms total 117.167ms
I/libPerfService(  877): 7: set: 1
I/libPerfService(  877): 7: set freq: 0
I/art     (  487): Background partial concurrent mark sweep GC freed 30368(1099KB) AllocSpace objects, 6(2MB) LOS objects, 5% free, 67MB/71MB, paused 2.545ms total 121.534ms
I/libPerfService(  877): 7: set: 1
I/libPerfService(  877): 7: set freq: 0
I/libPerfService(  877): perfSetFavorPid - pid:0, 0
I/SurfaceFlinger(  274): [Built-in Screen (type:0)] fps:9.368098,dur:2028.16,max:1033.59,min:15.76
I/libPerfService(  877): 7: set: 1
I/libPerfService(  877): 7: set freq: 0
W/ADB_SERVICES(  504): create_local_service_socket() name=shell:cat /proc/487/stat
W/ADB_SERVICES(  504): service_to_fd() name=shell:cat /proc/487/stat
W/ADB_SERVICES(  504): read_meminfo() mem_free=47780
W/ADB_SERVICES(  504): create_subproc ret_fd=16 pid=861
W/ADB_SERVICES(  504): LS(3607): bound to 'shell:cat /proc/487/stat' via 16
W/ADB_SERVICES(  861): adb: unable to update oom_score_adj
W/ADB_SERVICES(  504): entered. LS(3607) fd=16
I/art     (  487): Background partial concurrent mark sweep GC freed 255561(13MB) AllocSpace objects, 13(1217KB) LOS objects, 6% free, 59MB/63MB, paused 2.637ms total 103.594ms
I/thermal_repeater(  323): oh, queryMdThermalInfo (0)Bad file number
I/thermal_repeater(  323): [recvMdThermalInfo] ret=25, strLen=127,  1, 32767,,, -1, 32767, 2
I/libPerfService(  877): 7: set: 1
I/libPerfService(  877): 7: set freq: 0
I/libPerfService(  877): 7: set: 1
I/libPerfService(  877): 7: set freq: 0
I/System.out(  487): isFirstLoctrue
I/System.out(  487): ******jscarlife*********************onReceiveLocation*********************
I/System.out(  487): open:http://api.map.baidu.com/sdkproxy/v2/lbs_androidsdk/geocoder/v2?location=22.57699573832894%2C114.04997351124784&coordtype=bd09ll&pois=1&output=json&from=android_map_sdk&latest_admin=0&token=cfa74Vcsw7AuSrXyM1ioTmgT8BNO%2BmUpZUaJV12sEt9Yz77XJ5aOmPd1CbcueVfu9KdaxqK%2BYo5m7n6KPUMtG3OZQoy6VOF9pGGNJgj%2B5iQDgWcSRRrhnHjJ97PXiwTLI6CRSeIBDYja2DRZF6GzsqskL8Oe1hkkprfOizDKmUjRw32nrxD2OMbDVAQ&pcn=com.jieshun.jslife&screen=1080%2C1920&cuid=07AB6C1293F355B0E1AE06BB5824B71A%7C944874720008868&dpi=480%2C480&resid=02&appid=-1&mb=m2%20note&ctm=1535955724.341000&net=1&bduid=&channel=baidu&os=Android22&sv=4.5.2&sign=62de0bc7152ea27db8a8e012d2b6cd4a
I/System.out(  487): [OkHttp] sendRequest>>
I/System.out(  487): [OkHttp] sendRequest<<
I/NetworkManagementSocketTagger(  487): untagSocket(69)
I/libPerfService(  877): 7: set: 1
I/libPerfService(  877): 7: set freq: 0
W/ADB_SERVICES(  504): create_local_service_socket() name=shell:cat /proc/487/stat
W/ADB_SERVICES(  504): service_to_fd() name=shell:cat /proc/487/stat
W/ADB_SERVICES(  504): read_meminfo() mem_free=47252
W/ADB_SERVICES(  504): create_subproc ret_fd=16 pid=862
W/ADB_SERVICES(  862): adb: unable to update oom_score_adj
W/ADB_SERVICES(  504): LS(3608): bound to 'shell:cat /proc/487/stat' via 16
W/ADB_SERVICES(  504): entered. LS(3608) fd=16
W/ADB_SERVICES(  504): create_local_service_socket() name=shell:cat /proc/stat
W/ADB_SERVICES(  504): service_to_fd() name=shell:cat /proc/stat
W/ADB_SERVICES(  504): read_meminfo() mem_free=46368
W/ADB_SERVICES(  504): create_subproc ret_fd=16 pid=863
W/ADB_SERVICES(  504): LS(3609): bound to 'shell:cat /proc/stat' via 16
W/ADB_SERVICES(  863): adb: unable to update oom_score_adj
W/ADB_SERVICES(  504): entered. LS(3609) fd=16
I/libPerfService(  877): 12: set freq: 1235000
I/libPerfService(  877): 12: set: 4
I/PerfService(  877): PerfServiceNative_boostDisableAsync:5
I/libPerfService(  877): 5: set: 4
I/libPerfService(  877): 5: set freq: 1235000
I/AudioPolicyManager(  300): s 0 c 0 avaDev 3 ba2dpo 0 ba2dpsp 0 dev 2
I/AudioPolicyManager(  300): getOutput() device 2, stream 1, samplingRate 0, format 0, channelMask 3, flags 0
I/AudioPolicyManager(  300): getOutput() returns output 2
I/AudioPolicyManager(  300): s 0 c 0 avaDev 3 ba2dpo 0 ba2dpsp 0 dev 2
I/AudioPolicyManager(  300): getOutput() device 2, stream 1, samplingRate 0, format 0, channelMask 3, flags 0
I/AudioPolicyManager(  300): getOutput() returns output 2
I/AudioPolicyManager(  300): s 0 c 0 avaDev 3 ba2dpo 0 ba2dpsp 0 dev 2
I/AudioPolicyManager(  300): getOutput() returns output 2
W/AudioTrack(  877): AUDIO_OUTPUT_FLAG_FAST denied by client
I/AudioFlinger_Threads(  300): attachAuxEffect_l EffectId 0
I/AudioFlinger_Threads(  300): attachAuxEffect_l status 0
I/WindowManager(  877): Gaining focus: Window{24c9567a u0 com.jieshun.jslife/com.jieshun.jslife.activity.serviceDelay.ServiceDelayActivity}
I/AudioPolicyManager(  300): AddSampleRateArray index = 1 sampleRate = 48000
I/AudioPolicyManager(  300): startOutput() output 2, stream 1, session 246
I/AudioPolicyManager(  300): s 0 c 0 avaDev 3 ba2dpo 0 ba2dpsp 0 dev 2
I/AudioPolicyManager(  300): getNewOutputDevice() selected device 2
I/AudioPolicyManager(  300): setOutputDevice() output 2 device 0002 delayMs 0 force 0
I/AudioPolicyManager(  300): s 0 c 0 avaDev 3 ba2dpo 0 ba2dpsp 0 dev 2
I/AudioFlinger(  300): setParameters(): io 2, keyvalue FM_DIRECT_CONTROL=1, calling pid 300
I/AudioPolicyManager(  300): setOutputDevice() prevDevice 0002
I/AudioPolicyManager(  300): setOutputDevice() mMutePrevDevice 0000
I/AudioPolicyManager(  300): s 0 c 0 avaDev 3 ba2dpo 0 ba2dpsp 0 dev 2
I/AudioPolicyManager(  300): s 1 c 0 avaDev 3 ba2dpo 0 ba2dpsp 0 dev 1
I/AudioPolicyManager(  300): s 2 c 0 avaDev 3 ba2dpo 0 ba2dpsp 0 dev 2
I/AudioPolicyManager(  300): s 2 c 0 avaDev 3 ba2dpo 0 ba2dpsp 0 dev 2
I/AudioPolicyManager(  300): s 3 c 0 avaDev 3 ba2dpo 0 ba2dpsp 0 dev 2
I/AudioPolicyManager(  300): s 0 c 0 avaDev 3 ba2dpo 0 ba2dpsp 0 dev 2
I/AudioPolicyManager(  300): s 4 c 0 avaDev 3 ba2dpo 0 ba2dpsp 0 dev 2
I/AudioPolicyManager(  300): s 5 c 0 avaDev 3 ba2dpo 0 ba2dpsp 0 dev 2
I/AudioPolicyManager(  300): s 6 c 0 avaDev 3 ba2dpo 0 ba2dpsp 0 dev 2
I/AudioPolicyManager(  300): s 7 c 0 avaDev 3 ba2dpo 0 ba2dpsp 0 dev 2
I/AudioPolicyManager(  300): s 8 c 0 avaDev 3 ba2dpo 0 ba2dpsp 0 dev 2
I/AudioPolicyManager(  300): setOutputDevice() setting same device 0002 or null device for output 2
I/AudioPolicyManager(  300):  checkAndSetVolume stream = 1 index = 8 output = 2 device = 0x2 delayMs = 0 force = 0
I/AudioPolicyManager(  300): PolicyForceReplace stream = 1 sampleRate = 48000 
I/AudioFlinger_Threads(  300): reset track timestretch tracn name 4101, ratio 100, mTimeStretchTrackName[name-4096] 0
I/AudioPolicyManager(  300): releaseOutput() 2
I/System.out(  487): [CDS]EAGAIN in Recvfrom
I/System.out(  487): [CDS]read byte is 0
E/AudioALSAPlaybackHandlerBase(  300): openPcmDriver(), pcm_start(0xf04bd0c0) fail due to cannot start channel: Broken pipe
I/SurfaceFlinger(  274): [Built-in Screen (type:0)] fps:1.025173,dur:1950.89,max:975.45,min:975.44
E/AudioALSAPlaybackHandlerBase(  300): -getHardwareBufferInfo pcm_get_htimestamp fail, ret = -1, pcm_get_error = cannot start channel: Broken pipe
E/AudioFlinger(  300): getNextBuffer, get null buffer
I/[MALI][Gralloc](  274): Usage: 0xb00, format: 0x1 stride: 304 vertical_stride: 300 size: 364800
I/[MALI][Gralloc](  274): Usage: 0xb00, format: 0x1 stride: 304 vertical_stride: 300 size: 364800
I/[MALI][Gralloc](  274): Usage: 0xb00, format: 0x1 stride: 304 vertical_stride: 300 size: 364800
I/[MALI][Gralloc](  274): Usage: 0xb00, format: 0x1 stride: 304 vertical_stride: 300 size: 364800
W/DecodingInfo( 1333): No Engine for Decoding
I/AudioFlinger_Threads(  300): pause signal - [NOT READY] on thread
I/http    (  487): 
I/http    (  487):  HTTP {"resultCode":"C-DS300005","message":"","obj":null,"seqId":"b5ec19535cda464084d7c9a6a0085492","right":false}
I/WindowManager(  877): Gaining focus: Window{1a4c17d3 u0 com.jieshun.jslife/com.jieshun.jslife.activity.serviceDelay.ServiceDelayActivity}
I/WindowManager(  877): Losing focus: Window{24c9567a u0 com.jieshun.jslife/com.jieshun.jslife.activity.serviceDelay.ServiceDelayActivity EXITING}
I/art     (  487): WaitForGcToComplete blocked for 14.738ms for cause HeapTrim
W/DecodingInfo( 1333): No Engine for Decoding
I/AudioPolicyManager(  300): ReleaseFMIndirectMode 
I/AudioPolicyManager(  300): PolicyRestore
I/AudioPolicyManager(  300): stopOutput() output 2, stream 1, session 246
I/AudioPolicyManager(  300): getNewOutputDevice() selected device 0
I/AudioPolicyManager(  300): setOutputDevice() output 2 device 0000 delayMs 184 force 0
I/AudioPolicyManager(  300): setOutputDevice() prevDevice 0002
I/AudioPolicyManager(  300): setOutputDevice() mMutePrevDevice 0002
I/AudioPolicyManager(  300): s 0 c 0 avaDev 3 ba2dpo 0 ba2dpsp 0 dev 2
I/AudioPolicyManager(  300): s 1 c 0 avaDev 3 ba2dpo 0 ba2dpsp 0 dev 1
I/AudioPolicyManager(  300): s 2 c 0 avaDev 3 ba2dpo 0 ba2dpsp 0 dev 2
I/AudioPolicyManager(  300): s 2 c 0 avaDev 3 ba2dpo 0 ba2dpsp 0 dev 2
I/AudioPolicyManager(  300): s 3 c 0 avaDev 3 ba2dpo 0 ba2dpsp 0 dev 2
I/AudioPolicyManager(  300): s 0 c 0 avaDev 3 ba2dpo 0 ba2dpsp 0 dev 2
I/AudioPolicyManager(  300): s 4 c 0 avaDev 3 ba2dpo 0 ba2dpsp 0 dev 2
I/AudioPolicyManager(  300): s 5 c 0 avaDev 3 ba2dpo 0 ba2dpsp 0 dev 2
I/AudioPolicyManager(  300): s 6 c 0 avaDev 3 ba2dpo 0 ba2dpsp 0 dev 2
I/AudioPolicyManager(  300): s 7 c 0 avaDev 3 ba2dpo 0 ba2dpsp 0 dev 2
I/AudioPolicyManager(  300): s 8 c 0 avaDev 3 ba2dpo 0 ba2dpsp 0 dev 2
I/AudioPolicyManager(  300): setOutputDevice() setting same device 0000 or null device for output 2
I/System.out(  673): open:http://loc.map.baidu.com/tcu.php?&it=7rur9vL87_P65vXirKbuormsrPrgp7e_8bKk77G2mJbeq96P1tin09vV8YX0gKH0nZy97ZzLmJm1xsCz3ZjNwLC_u-q9u7Gwtrjl7fe84uyg-L-hpuev6-TnrKfv8L_32N3On8aWwNLDlsfYh8nByoyY0oqI0YPAwYbQiYCT1NEpKiYmaTsgIyV9cHp8Pyp4aHk3emd9YH47ODc3Oh9vYVn.
D/libc-netbsd(  673): [getaddrinfo]: hostname=loc.map.baidu.com; servname=(null); cache_mode=(null), netid=0; mark=0
D/libc-netbsd(  673): [getaddrinfo]: ai_addrlen=0; ai_canonname=(null); ai_flags=4; ai_family=0
D/libc-netbsd(  673): [getaddrinfo]: hostname=loc.map.baidu.com; servname=(null); cache_mode=(null), netid=0; mark=0
D/libc-netbsd(  673): [getaddrinfo]: ai_addrlen=0; ai_canonname=(null); ai_flags=1024; ai_family=0
D/libc-netbsd(  295): [getaddrinfo]: hostname=loc.map.baidu.com; servname=(null); cache_mode=local, netid=101; mark=917605
D/libc-netbsd(  295): [getaddrinfo]: ai_addrlen=0; ai_canonname=(null); ai_flags=1024; ai_family=0
D/libc-netbsd(  295): default dns: query_ipv6=0, query_ipv4=1
D/libc-netbsd(  295): res_queryN name = loc.map.baidu.com, class = 1, type = 1
D/libc-netbsd(  295): res_queryN name = loc.map.baidu.com succeed
D/libc-netbsd(  673): getaddrinfo: loc.map.baidu.com get result from proxy >>
I/System.out(  673): propertyValue:true
I/System.out(  673): [CDS]connect[loc.map.baidu.com/14.215.177.33:80] tm:12
I/System.out(  673): [OkHttp] sendRequest>>
I/System.out(  673): OkBuffer write source.head == null !
I/System.out(  673): [OkHttp] sendRequest<<
I/NetworkManagementSocketTagger(  673): untagSocket(48)
I/art     (  487): Background partial concurrent mark sweep GC freed 75862(3MB) AllocSpace objects, 14(2MB) LOS objects, 6% free, 59MB/63MB, paused 2.815ms total 133.676ms
I/AudioFlinger(  300): setParameters(): io 2, keyvalue FM_DIRECT_CONTROL=0, calling pid 300
W/ADB_SERVICES(  504): create_local_service_socket() name=shell:cat /proc/stat
W/ADB_SERVICES(  504): service_to_fd() name=shell:cat /proc/stat
W/ADB_SERVICES(  504): read_meminfo() mem_free=58696
W/ADB_SERVICES(  504): create_subproc ret_fd=16 pid=867
W/ADB_SERVICES(  504): LS(3610): bound to 'shell:cat /proc/stat' via 16
W/ADB_SERVICES(  867): adb: unable to update oom_score_adj
W/ADB_SERVICES(  504): entered. LS(3610) fd=16
W/ADB_SERVICES(  504): create_local_service_socket() name=shell:dumpsys meminfo com.jieshun.jslife
W/ADB_SERVICES(  504): service_to_fd() name=shell:dumpsys meminfo com.jieshun.jslife
W/ADB_SERVICES(  504): read_meminfo() mem_free=58200
W/ADB_SERVICES(  504): create_subproc ret_fd=16 pid=868
W/ADB_SERVICES(  504): LS(3611): bound to 'shell:dumpsys meminfo com.jieshun.jslife' via 16
W/ADB_SERVICES(  868): adb: unable to update oom_score_adj
I/art     (  487): WaitForGcToComplete blocked for 49.266ms for cause Explicit
I/art     (  487): Explicit concurrent mark sweep GC freed 55008(3MB) AllocSpace objects, 9(1393KB) LOS objects, 6% free, 56MB/60MB, paused 2.694ms total 84.412ms
I/PerfService(  877): PerfServiceNative_boostDisableAsync:5
I/libPerfService(  877): 5: set: 4
I/libPerfService(  877): 5: set freq: 1235000
I/AudioPolicyManager(  300): s 0 c 0 avaDev 3 ba2dpo 0 ba2dpsp 0 dev 2
I/AudioPolicyManager(  300): getOutput() device 2, stream 1, samplingRate 0, format 0, channelMask 3, flags 0
I/AudioPolicyManager(  300): getOutput() returns output 2
I/AudioPolicyManager(  300): s 0 c 0 avaDev 3 ba2dpo 0 ba2dpsp 0 dev 2
I/AudioPolicyManager(  300): getOutput() device 2, stream 1, samplingRate 0, format 0, channelMask 3, flags 0
I/AudioPolicyManager(  300): getOutput() returns output 2
I/AudioPolicyManager(  300): s 0 c 0 avaDev 3 ba2dpo 0 ba2dpsp 0 dev 2
I/AudioPolicyManager(  300): getOutput() returns output 2
W/AudioTrack(  877): AUDIO_OUTPUT_FLAG_FAST denied by client
I/AudioFlinger_Threads(  300): attachAuxEffect_l EffectId 0
I/AudioFlinger_Threads(  300): attachAuxEffect_l status 0
I/AudioPolicyManager(  300): AddSampleRateArray index = 1 sampleRate = 48000
I/AudioPolicyManager(  300): startOutput() output 2, stream 1, session 247
I/AudioPolicyManager(  300): s 0 c 0 avaDev 3 ba2dpo 0 ba2dpsp 0 dev 2
I/AudioPolicyManager(  300): getNewOutputDevice() selected device 2
I/AudioPolicyManager(  300): setOutputDevice() output 2 device 0002 delayMs 0 force 0
I/AudioPolicyManager(  300): s 0 c 0 avaDev 3 ba2dpo 0 ba2dpsp 0 dev 2
I/AudioFlinger(  300): setParameters(): io 2, keyvalue FM_DIRECT_CONTROL=1, calling pid 300
I/AudioPolicyManager(  300): setOutputDevice() prevDevice 0002
I/AudioPolicyManager(  300): setOutputDevice() mMutePrevDevice 0000
I/AudioPolicyManager(  300): s 0 c 0 avaDev 3 ba2dpo 0 ba2dpsp 0 dev 2
I/AudioPolicyManager(  300): s 1 c 0 avaDev 3 ba2dpo 0 ba2dpsp 0 dev 1
I/AudioPolicyManager(  300): s 2 c 0 avaDev 3 ba2dpo 0 ba2dpsp 0 dev 2
I/AudioPolicyManager(  300): s 2 c 0 avaDev 3 ba2dpo 0 ba2dpsp 0 dev 2
I/AudioPolicyManager(  300): s 3 c 0 avaDev 3 ba2dpo 0 ba2dpsp 0 dev 2
I/AudioPolicyManager(  300): s 0 c 0 avaDev 3 ba2dpo 0 ba2dpsp 0 dev 2
I/AudioPolicyManager(  300): s 4 c 0 avaDev 3 ba2dpo 0 ba2dpsp 0 dev 2
I/AudioPolicyManager(  300): s 5 c 0 avaDev 3 ba2dpo 0 ba2dpsp 0 dev 2
I/AudioPolicyManager(  300): s 6 c 0 avaDev 3 ba2dpo 0 ba2dpsp 0 dev 2
I/AudioPolicyManager(  300): s 7 c 0 avaDev 3 ba2dpo 0 ba2dpsp 0 dev 2
I/AudioPolicyManager(  300): s 8 c 0 avaDev 3 ba2dpo 0 ba2dpsp 0 dev 2
I/AudioPolicyManager(  300): setOutputDevice() setting same device 0002 or null device for output 2
I/AudioPolicyManager(  300):  checkAndSetVolume stream = 1 index = 8 output = 2 device = 0x2 delayMs = 0 force = 0
I/AudioPolicyManager(  300): PolicyForceReplace stream = 1 sampleRate = 48000 
I/AudioFlinger_Threads(  300): reset track timestretch tracn name 4096, ratio 100, mTimeStretchTrackName[name-4096] 0
I/AudioPolicyManager(  300): releaseOutput() 2
I/WindowManager(  877): Gaining focus: Window{3e71e421 u0 com.jieshun.jslife/com.jieshun.jslife.activity.serviceDelay.ServiceDelayActivity}
I/System.out(  487): [CDS]EAGAIN in Recvfrom
I/System.out(  487): [CDS]read byte is 0
I/[MALI][Gralloc](  274): Usage: 0xb00, format: 0x1 stride: 304 vertical_stride: 300 size: 364800
I/[MALI][Gralloc](  274): Usage: 0xb00, format: 0x1 stride: 304 vertical_stride: 300 size: 364800
I/[MALI][Gralloc](  274): Usage: 0xb00, format: 0x1 stride: 304 vertical_stride: 300 size: 364800
I/[MALI][Gralloc](  274): Usage: 0xb00, format: 0x1 stride: 304 vertical_stride: 300 size: 364800
W/DecodingInfo( 1333): No Engine for Decoding
I/http    (  487): 
I/http    (  487):  HTTP {"resultCode":"C-DS300005","message":"","obj":null,"seqId":"053aec64b3544251b75143ef1f9501d2","right":false}
I/WindowManager(  877): Gaining focus: Window{1a4c17d3 u0 com.jieshun.jslife/com.jieshun.jslife.activity.serviceDelay.ServiceDelayActivity}
I/WindowManager(  877): Losing focus: Window{3e71e421 u0 com.jieshun.jslife/com.jieshun.jslife.activity.serviceDelay.ServiceDelayActivity EXITING}
E/AudioFlinger(  300): getNextBuffer, get null buffer
W/DecodingInfo( 1333): No Engine for Decoding
I/AudioFlinger_Threads(  300): pause signal - [NOT READY] on thread
I/art     (  487): Explicit concurrent mark sweep GC freed 53474(2MB) AllocSpace objects, 6(951KB) LOS objects, 6% free, 57MB/61MB, paused 2.653ms total 107.232ms
I/AudioPolicyManager(  300): ReleaseFMIndirectMode 
I/AudioPolicyManager(  300): PolicyRestore
I/AudioPolicyManager(  300): stopOutput() output 2, stream 1, session 247
I/AudioPolicyManager(  300): getNewOutputDevice() selected device 0
I/AudioPolicyManager(  300): setOutputDevice() output 2 device 0000 delayMs 184 force 0
I/AudioPolicyManager(  300): setOutputDevice() prevDevice 0002
I/AudioPolicyManager(  300): setOutputDevice() mMutePrevDevice 0002
I/AudioPolicyManager(  300): s 0 c 0 avaDev 3 ba2dpo 0 ba2dpsp 0 dev 2
I/AudioPolicyManager(  300): s 1 c 0 avaDev 3 ba2dpo 0 ba2dpsp 0 dev 1
I/AudioPolicyManager(  300): s 2 c 0 avaDev 3 ba2dpo 0 ba2dpsp 0 dev 2
I/AudioPolicyManager(  300): s 2 c 0 avaDev 3 ba2dpo 0 ba2dpsp 0 dev 2
I/AudioPolicyManager(  300): s 3 c 0 avaDev 3 ba2dpo 0 ba2dpsp 0 dev 2
I/AudioPolicyManager(  300): s 0 c 0 avaDev 3 ba2dpo 0 ba2dpsp 0 dev 2
I/AudioPolicyManager(  300): s 4 c 0 avaDev 3 ba2dpo 0 ba2dpsp 0 dev 2
I/AudioPolicyManager(  300): s 5 c 0 avaDev 3 ba2dpo 0 ba2dpsp 0 dev 2
I/AudioPolicyManager(  300): s 6 c 0 avaDev 3 ba2dpo 0 ba2dpsp 0 dev 2
I/AudioPolicyManager(  300): s 7 c 0 avaDev 3 ba2dpo 0 ba2dpsp 0 dev 2
I/AudioPolicyManager(  300): s 8 c 0 avaDev 3 ba2dpo 0 ba2dpsp 0 dev 2
I/AudioPolicyManager(  300): setOutputDevice() setting same device 0000 or null device for output 2
I/art     (  487): Explicit concurrent mark sweep GC freed 21515(1004KB) AllocSpace objects, 12(1080KB) LOS objects, 6% free, 58MB/62MB, paused 2.626ms total 101.014ms
I/SurfaceFlinger(  274): [Built-in Screen (type:0)] fps:35.807396,dur:1005.38,max:314.63,min:10.44
I/AudioFlinger(  300): setParameters(): io 2, keyvalue FM_DIRECT_CONTROL=0, calling pid 300
I/art     (  487): Explicit concurrent mark sweep GC freed 60890(3MB) AllocSpace objects, 5(213KB) LOS objects, 6% free, 54MB/58MB, paused 2.560ms total 80.611ms
I/PerfService(  877): PerfServiceNative_boostDisableAsync:5
I/libPerfService(  877): 5: set: 4
I/libPerfService(  877): 5: set freq: 1235000
