D/com.jieshun.jslife.service.InitService( 2127): InitService onHandleIntent, 开始初始化....
I/System.out( 2127): ******jscarlife*********************onMapStatusChange*********************2******
I/System.out( 2127): ******jscarlife*********************onMapStatusChange*********************2******
D/baidu_location_client( 2127): baidu location connected ...
W/ImageLoader( 2127): memoryCache() and memoryCacheSize() calls overlap each other
I/System.out( 2127): ******jscarlife*********************onMapStatusChange*********************2******
D/JSParkingFragment( 2127): ***************onMapStatusChangeFinish********************* isHasFirstQry = true
I/art     ( 2307): Rejecting re-init on previously-failed class java.lang.Class<com.baidu.location.e.d$a>
I/art     ( 2307): Rejecting re-init on previously-failed class java.lang.Class<com.baidu.location.e.d$a>
I/art     ( 2307): Rejecting re-init on previously-failed class java.lang.Class<com.baidu.location.e.d$a>
I/art     ( 2307): Rejecting re-init on previously-failed class java.lang.Class<com.baidu.location.e.d$a>
I/art     ( 2307): Rejecting re-init on previously-failed class java.lang.Class<com.baidu.location.e.d$a>
D/JSParkingFragment( 2127): mSearch.reverseGeoCode  11111 
W/ImageLoader( 2127): Try to initialize ImageLoader which had already been initialized before. To re-init ImageLoader with new configuration call ImageLoader.destroy() at first.
D/TAG     ( 2127):  InitService 蓝牙动态秘钥 key = null JSUtils.isSupportBle(this) = true
D/XMPP    ( 2127): init success !!!!
W/art     ( 2127): Suspending all threads took: 7.314ms
I/art     ( 2127): Background sticky concurrent mark sweep GC freed 45517(1932KB) AllocSpace objects, 1(16KB) LOS objects, 5% free, 33MB/35MB, paused 18.935ms total 83.932ms
D/AudioTrack( 1537): use orig AudioTrack! mIsTimed=0 transferType=0 flags=4
I/ActivityManager( 1537): START u0 {cmp=com.jieshun.jslife/.activity.WebViewBaseActivity (has extras)} from uid 10028 on display 0
V/WindowManager( 1537): addAppToken: AppWindowToken{12dada9 token=Token{3f084d30 ActivityRecord{21492a73 u0 com.jieshun.jslife/.activity.WebViewBaseActivity t2}}} to stack=1 task=2 at 3
I/com.jieshun.jslife.service.XMPPService( 2127): start XMPPService ===============
I/EmuCoreService( 1764): Broadcast action = android.intent.action.TOP_ACTIVITY_CHANGED
I/EmuCoreService( 1764): HostService Init inited = true
E/AudioTrack( 1537): did not receive expected priority boost on time
W/ActivityManager( 1537): Launch timeout has expired, giving up wake lock!
D/WifiService( 1537): New client listening to asynchronous messages
D/baidu_location_service( 2307): baidu location service register ...
D/baidu_location_service( 2307): start gps...
D/gps_ld  ( 1537): set_position_mode: mode=0 recurrence=0 min_interval=1000 preferred_accuracy=0 preferred_time=0
I/gps_ld  ( 1537): serial_gps_start: called
I/gps_ld  ( 1537): GPS status: session begin! location_cb=0xb25a33e0
I/gps_ld  ( 1537): GPS location_cb! latitude = 39.915000 longitude=116.404000
I/com.jieshun.jslife.service.XMPPService( 2127): startRequestQueQue ===============
D/XMPP    ( 2127): startConnectToOpenfire =============== mResource=A1b852863a
D/XMPP    ( 2127):  initBase openfire resource=A1b852863a
I/XMPP    ( 2127): 断开openfire的连接----  disconnect()
D/SMACK   ( 2127): 08:38:47 上午 SENT (385229430): <presence id="8sz74-18" type="unavailable"><c xmlns='http://jabber.org/protocol/caps' hash='sha-1' node='http://www.igniterealtime.org/projects/smack/' ver='+fIuUdRHwf5kx3DPPD8JEPN1yuE='/></presence>
D/SMACK   ( 2127): 08:38:47 上午 Connection closed (385229430)
I/UserState( 2127): myJid = 13632836691@openfire-cloud/A1b852863a receive jid=null  state=OFFLINE
D/SMACK   ( 2127): 08:38:47 上午 SENT (385229430): </stream:stream>
V/libnb   ( 2307): enter native_bridge2_isSupported /data/app/com.jieshun.jslife-2/lib/arm/liblocSDK7b.so
V/libnb   ( 2307): enter native_bridge2_loadLibrary /data/app/com.jieshun.jslife-2/lib/arm/liblocSDK7b.so
D/houdini ( 2307): [2364] Added shared library /data/app/com.jieshun.jslife-2/lib/arm/liblocSDK7b.so for ClassLoader by Native Bridge.
V/libnb   ( 2307): enter native_bridge2_getTrampoline JNI_OnLoad, trampoline_addr 0x0
V/libnb   ( 2307): enter native_bridge2_getTrampoline Java_com_baidu_location_Jni_encodeNotLimit, trampoline_addr 0x0
V/libnb   ( 2307): enter native_bridge2_getTrampoline Java_com_baidu_location_Jni_encodeNotLimit__Ljava_lang_String_2I, trampoline_addr 0x0
V/libnb   ( 2307): enter native_bridge2_getTrampoline Java_com_baidu_location_Jni_encodeNotLimit, trampoline_addr 0x0
V/libnb   ( 2307): enter native_bridge2_getTrampoline Java_com_baidu_location_Jni_encodeNotLimit__Ljava_lang_String_2I, trampoline_addr 0x0
V/libnb   ( 2307): enter native_bridge2_getTrampoline Java_com_baidu_location_Jni_encodeNotLimit, trampoline_addr 0xb32b3eac
V/libnb   ( 2307): enter native_bridge2_getTrampoline Java_com_baidu_location_Jni_murmur, trampoline_addr 0x0
V/libnb   ( 2307): enter native_bridge2_getTrampoline Java_com_baidu_location_Jni_murmur__Ljava_lang_String_2, trampoline_addr 0x0
V/libnb   ( 2307): enter native_bridge2_getTrampoline Java_com_baidu_location_Jni_murmur, trampoline_addr 0x0
V/libnb   ( 2307): enter native_bridge2_getTrampoline Java_com_baidu_location_Jni_murmur__Ljava_lang_String_2, trampoline_addr 0x0
V/libnb   ( 2307): enter native_bridge2_getTrampoline Java_com_baidu_location_Jni_murmur, trampoline_addr 0xb32b3e74
V/libnb   ( 2307): enter native_bridge2_getTrampoline Java_com_baidu_location_Jni_ee, trampoline_addr 0x0
V/libnb   ( 2307): enter native_bridge2_getTrampoline Java_com_baidu_location_Jni_ee__Ljava_lang_String_2I, trampoline_addr 0x0
V/libnb   ( 2307): enter native_bridge2_getTrampoline Java_com_baidu_location_Jni_ee, trampoline_addr 0x0
V/libnb   ( 2307): enter native_bridge2_getTrampoline Java_com_baidu_location_Jni_ee__Ljava_lang_String_2I, trampoline_addr 0x0
V/libnb   ( 2307): enter native_bridge2_getTrampoline Java_com_baidu_location_Jni_ee, trampoline_addr 0xb32b3e3c
E/Ble     ( 2127): BluetoothLeService  onStartCommand()
D/Ble     ( 2127):  initialize ======================== mBluetoothManager = android.bluetooth.BluetoothManager@2b034992
D/sensor_ld( 1537): cb_setDelay handle=0 delay-ns=20000000
I/XMPP    ( 2127): 有网络，开始轮询登录========
D/XMPP    ( 2127):  开始轮训实名登录start Login Openfire userName = 13632836691;  pwd =123456;  resource =A1b852863a
I/XMPP    ( 2127): 发起登录openfire============== OPENFIRE=jsimp.jslife.com.cn SERVICE_NAME=openfire-cloud PORT=7608  userName=13632836691  pwd=123456 ; resource=A1b852863a
I/XMPP    ( 2127): 用户名或密码或资源名为----》userName========13632836691 ; pwd========123456 ; resource======A1b852863a
D/XMPP    ( 2127): 设置请求接收和推送的回调
D/XMPP    ( 2127): 连接成功计数器停止
D/JSParkingFragment( 2127): *************** onGetReverseGeoCodeResult ********************* 
D/JSParkingFragment( 2127):  搜索 百度定位返回的百度转换前： lattitue = 39.922703859283175 ; longitue = 116.41663820901981
D/JSParkingFragment( 2127): ***onGetReverseGeoCodeResult*****省份:北京市
D/JSParkingFragment( 2127): ***onGetReverseGeoCodeResult*****城市:北京市
D/JSParkingFragment( 2127): ***onGetReverseGeoCodeResult*****区域 canton:东城区
D/JSParkingFragment( 2127): ***onGetReverseGeoCodeResult*****简要信息:北京市东城区锡拉胡同6号
D/JSParkingFragment( 2127):  搜索 百度定位返回的 转换为高德后： lattitue = 39.916407665797685 ; longitue = 116.41025599548698
D/com.jieshun.jslife.parklife.JSParkingFragment( 2127): bottomNewState = 0 ; BottomSheetBehavior.STATE_HIDDEN = 5
D/JSParkingFragment( 2127): searchKey =  ; regionAddress = 北京市东城区锡拉胡同6号
D/JSParkingFragment( 2127):  搜索 mCurrentSearchLat = 39.916407665797685 ; mCurrentSearchLon = 116.41025599548698
D/JSParkingFragment( 2127): isFirstLoc --- true ; initData isNetConnect = true ; isVisibleToUser = false
I/com.jieshun.jslife.activity.common.MainFragmentActivity( 2127): onPause()======
D/JTC     ( 2127): NEAR onPause
D/SMACK   ( 2127): 08:38:47 上午 SENT (642662026): <stream:stream to="openfire-cloud" xmlns="jabber:client" xmlns:stream="http://etherx.jabber.org/streams" version="1.0">
I/FFmpegExtractor( 1367): android-source:0xb40241c0
D/FFMPEG  ( 1367): android source begin open
D/FFMPEG  ( 1367): android open, url: android-source:0xb40241c0
D/FFMPEG  ( 1367): ffmpeg open android data source success, source ptr: 0xb40241c0
D/FFMPEG  ( 1367): android source open success
V/libnb   ( 2127): enter native_bridge2_getTrampoline Java_com_baidu_platform_comjni_map_basemap_JNIBaseMap_OnPause, trampoline_addr 0x0
V/libnb   ( 2127): enter native_bridge2_getTrampoline Java_com_baidu_platform_comjni_map_basemap_JNIBaseMap_OnPause__J, trampoline_addr 0x0
D/SMACK   ( 2127): 08:38:47 上午 RCV  (642662026): <?xml version='1.0' encoding='UTF-8'?><stream:stream xmlns:stream="http://etherx.jabber.org/streams" xmlns="jabber:client" from="openfire-cloud" id="3df84c1" xml:lang="en" version="1.0">
V/libnb   ( 2127): enter native_bridge2_getTrampoline Java_com_baidu_platform_comjni_map_basemap_JNIBaseMap_OnPause, trampoline_addr 0xb32b373c
I/com.jieshun.jslife.activity.common.LoadingActivity( 2127): onDestroy()======
D/EGL_adreno( 2127): eglMakeCurrent: 0xadc34fa0: ver 2 0 (tinfo 0xadc395c0)
V/libnb   ( 2307): enter native_bridge2_getTrampoline Java_com_baidu_location_Jni_a, trampoline_addr 0x0
V/libnb   ( 2307): enter native_bridge2_getTrampoline Java_com_baidu_location_Jni_a___3BI, trampoline_addr 0x0
V/libnb   ( 2307): enter native_bridge2_getTrampoline Java_com_baidu_location_Jni_a, trampoline_addr 0x0
V/libnb   ( 2307): enter native_bridge2_getTrampoline Java_com_baidu_location_Jni_a___3BI, trampoline_addr 0x0
V/libnb   ( 2307): enter native_bridge2_getTrampoline Java_com_baidu_location_Jni_a, trampoline_addr 0xb32b3e04
I/FFMPEG  ( 1367): Input #0, wav, from 'android-source:0xb40241c0':
I/FFMPEG  ( 1367):   Duration: 00:00:00.91, bitrate: 353 kb/s
I/FFMPEG  ( 1367):     Stream #0:0: Audio: pcm_s16le ([1][0][0][0] / 0x0001), 11025 Hz, 2 channels, s16, 352 kb/s
I/FFmpegExtractor( 1367): FFmpegExtrator, url: android-source:0xb40241c0, format_name: wav, format_long_name: WAV / WAVE (Waveform Audio)
I/FFmpegExtractor( 1367): list the formats suppoted by ffmpeg: 
I/FFmpegExtractor( 1367): ========================================
I/FFmpegExtractor( 1367): ========================================
D/FFmpegExtractor( 1367): unsuppoted codec(pcm_s16le) by official Stagefright
D/FFMPEG  ( 1367): android source close
I/FFmpegExtractor( 1367): sniff through BetterSniffFFMPEG success
D/FFmpegExtractor( 1367): ffmpeg detected media content as 'audio/x-wav' with confidence 0.88
D/NuPlayerDriver( 1367): start(0xb402f280)
I/GenericSource( 1367): start
D/EGL_adreno( 2127): eglMakeCurrent: 0xadc34fa0: ver 2 0 (tinfo 0xadc395c0)
D/NuPlayerDriver( 1367): reset(0xb402f280)
D/NuPlayerDriver( 1367): notifyResetComplete(0xb402f280)
I/FFmpegExtractor( 1367): android-source:0xb4024340
D/FFMPEG  ( 1367): android source begin open
D/FFMPEG  ( 1367): android open, url: android-source:0xb4024340
D/FFMPEG  ( 1367): ffmpeg open android data source success, source ptr: 0xb4024340
D/FFMPEG  ( 1367): android source open success
I/FFMPEG  ( 1367): Input #0, wav, from 'android-source:0xb4024340':
I/FFMPEG  ( 1367):   Duration: 00:00:01.13, bitrate: 353 kb/s
I/FFMPEG  ( 1367):     Stream #0:0: Audio: pcm_s16le ([1][0][0][0] / 0x0001), 11025 Hz, 2 channels, s16, 352 kb/s
I/FFmpegExtractor( 1367): FFmpegExtrator, url: android-source:0xb4024340, format_name: wav, format_long_name: WAV / WAVE (Waveform Audio)
I/FFmpegExtractor( 1367): list the formats suppoted by ffmpeg: 
I/FFmpegExtractor( 1367): ========================================
I/FFmpegExtractor( 1367): ========================================
D/FFmpegExtractor( 1367): unsuppoted codec(pcm_s16le) by official Stagefright
D/FFMPEG  ( 1367): android source close
I/FFmpegExtractor( 1367): sniff through BetterSniffFFMPEG success
D/FFmpegExtractor( 1367): ffmpeg detected media content as 'audio/x-wav' with confidence 0.88
D/NuPlayerDriver( 1367): start(0xb584edc0)
I/GenericSource( 1367): start
D/NuPlayerDriver( 1367): reset(0xb584edc0)
D/NuPlayerDriver( 1367): notifyResetComplete(0xb584edc0)
I/art     ( 2127): Background sticky concurrent mark sweep GC freed 17686(789KB) AllocSpace objects, 6(96KB) LOS objects, 3% free, 33MB/35MB, paused 5.108ms total 32.504ms
V/libnb   ( 2307): enter native_bridge2_getTrampoline Java_com_baidu_location_Jni_c, trampoline_addr 0x0
V/libnb   ( 2307): enter native_bridge2_getTrampoline Java_com_baidu_location_Jni_c___3BI, trampoline_addr 0x0
V/libnb   ( 2307): enter native_bridge2_getTrampoline Java_com_baidu_location_Jni_c, trampoline_addr 0x0
V/libnb   ( 2307): enter native_bridge2_getTrampoline Java_com_baidu_location_Jni_c___3BI, trampoline_addr 0x0
V/libnb   ( 2307): enter native_bridge2_getTrampoline Java_com_baidu_location_Jni_c, trampoline_addr 0xb32b3dcc
W/System.err( 2127): java.lang.NullPointerException: Attempt to invoke virtual method 'java.io.File android.content.Context.getDir(java.lang.String, int)' on a null object reference
W/System.err( 2127): 	at com.tencent.smtt.sdk.ac.f(Unknown Source)
W/System.err( 2127): 	at com.tencent.smtt.sdk.TbsShareManager.h(Unknown Source)
W/System.err( 2127): 	at com.tencent.smtt.sdk.TbsShareManager.i(Unknown Source)
W/System.err( 2127): 	at com.tencent.smtt.sdk.TbsShareManager.e(Unknown Source)
W/System.err( 2127): 	at com.tencent.smtt.sdk.QbSdk.a(Unknown Source)
W/System.err( 2127): 	at com.tencent.smtt.sdk.i.a(Unknown Source)
W/System.err( 2127): 	at com.tencent.smtt.sdk.i.b(Unknown Source)
W/System.err( 2127): 	at com.tencent.smtt.sdk.WebView.c(Unknown Source)
W/System.err( 2127): 	at com.tencent.smtt.sdk.WebView.<init>(Unknown Source)
W/System.err( 2127): 	at com.tencent.smtt.sdk.WebView.<init>(Unknown Source)
W/System.err( 2127): 	at com.tencent.smtt.sdk.WebView.<init>(Unknown Source)
W/System.err( 2127): 	at com.tencent.smtt.sdk.WebView.<init>(Unknown Source)
W/System.err( 2127): 	at java.lang.reflect.Constructor.newInstance(Native Method)
W/System.err( 2127): 	at java.lang.reflect.Constructor.newInstance(Constructor.java:288)
W/System.err( 2127): 	at android.view.LayoutInflater.createView(LayoutInflater.java:607)
W/System.err( 2127): 	at android.view.LayoutInflater.createViewFromTag(LayoutInflater.java:743)
W/System.err( 2127): 	at android.view.LayoutInflater.rInflate(LayoutInflater.java:806)
W/System.err( 2127): 	at android.view.LayoutInflater.inflate(LayoutInflater.java:504)
W/System.err( 2127): 	at android.view.LayoutInflater.inflate(LayoutInflater.java:414)
W/System.err( 2127): 	at android.view.LayoutInflater.inflate(LayoutInflater.java:365)
W/System.err( 2127): 	at ui.BaseActivity.setCustomView(BaseActivity.java:141)
W/System.err( 2127): 	at com.jieshun.jslife.activity.WebViewBaseActivity.initView(WebViewBaseActivity.java:44)
W/System.err( 2127): 	at ui.BaseActivity.onCreate(BaseActivity.java:112)
W/System.err( 2127): 	at android.app.Activity.performCreate(Activity.java:5990)
W/System.err( 2127): 	at android.app.Instrumentation.callActivityOnCreate(Instrumentation.java:1106)
W/System.err( 2127): 	at android.app.ActivityThread.performLaunchActivity(ActivityThread.java:2278)
W/System.err( 2127): 	at android.app.ActivityThread.handleLaunchActivity(ActivityThread.java:2387)
W/System.err( 2127): 	at android.app.ActivityThread.access$800(ActivityThread.java:151)
W/System.err( 2127): 	at android.app.ActivityThread$H.handleMessage(ActivityThread.java:1303)
W/System.err( 2127): 	at android.os.Handler.dispatchMessage(Handler.java:102)
W/System.err( 2127): 	at android.os.Looper.loop(Looper.java:135)
W/System.err( 2127): 	at android.app.ActivityThread.main(ActivityThread.java:5254)
W/System.err( 2127): 	at java.lang.reflect.Method.invoke(Native Method)
W/System.err( 2127): 	at java.lang.reflect.Method.invoke(Method.java:372)
W/System.err( 2127): 	at com.android.internal.os.ZygoteInit$MethodAndArgsCaller.run(ZygoteInit.java:905)
W/System.err( 2127): 	at com.android.internal.os.ZygoteInit.main(ZygoteInit.java:700)
E/loaderror( 2127): TBS:302
E/SDKEngine( 2127): TBS:SDKEngine--init canLoadTbs=false
E/SDKEngine( 2127): TBS:SDKEngine--init can_load_x5=false
E/SDKEngine( 2127): TBS:SDKEngine--init is_compatible=true
E/SDKEngine( 2127): TBS:SDKEngine--init isTbsCoreLegaL=true
E/SDKEngine( 2127): TBS:useSystemWebView by !canLoadTbs
E/loaderror( 2127): TBS:324
E/QbSdk   ( 2127): TBS:sys WebView: SysWebViewForcedInner
D/SMACK   ( 2127): 08:38:47 上午 RCV  (642662026): <stream:features><mechanisms xmlns="urn:ietf:params:xml:ns:xmpp-sasl"><mechanism>PLAIN</mechanism><mechanism>ANONYMOUS</mechanism></mechanisms><compression xmlns="http://jabber.org/features/compress"><method>zlib</method></compression><auth xmlns="http://jabber.org/features/iq-auth"/><register xmlns="http://jabber.org/features/iq-register"/></stream:features>
D/SMACK   ( 2127): 08:38:47 上午 SENT (642662026): <auth mechanism="PLAIN" xmlns="urn:ietf:params:xml:ns:xmpp-sasl">MTM2MzI4MzY2OTEAMTM2MzI4MzY2OTEAMTIzNDU2</auth>
I/WebViewFactory( 2127): Loading com.android.webview version 39 (V9.5.2.0.LACCNFA-x86) (code 300007)
D/SMACK   ( 2127): 08:38:47 上午 RCV  (642662026): <success xmlns="urn:ietf:params:xml:ns:xmpp-sasl"/>
D/SMACK   ( 2127): 08:38:47 上午 SENT (642662026): <stream:stream to="openfire-cloud" xmlns="jabber:client" xmlns:stream="http://etherx.jabber.org/streams" version="1.0">
D/SMACK   ( 2127): 08:38:47 上午 RCV  (642662026): <?xml version='1.0' encoding='UTF-8'?><stream:stream xmlns:stream="http://etherx.jabber.org/streams" xmlns="jabber:client" from="openfire-cloud" id="3df84c1" xml:lang="en" version="1.0"><stream:features><compression xmlns="http://jabber.org/features/compress"><method>zlib</method></compression><bind xmlns="urn:ietf:params:xml:ns:xmpp-bind"/><session xmlns="urn:ietf:params:xml:ns:xmpp-session"><optional/></session></stream:features>
D/SMACK   ( 2127): 08:38:47 上午 SENT (642662026): <iq id="8sz74-19" type="set"><bind xmlns="urn:ietf:params:xml:ns:xmpp-bind"><resource>A1b852863a</resource></bind></iq>
D/SMACK   ( 2127): 08:38:47 上午 RCV  (642662026): <iq type="result" id="8sz74-19" to="openfire-cloud/3df84c1"><bind xmlns="urn:ietf:params:xml:ns:xmpp-bind"><jid>13632836691@openfire-cloud/A1b852863a</jid></bind></iq>
D/SMACK   ( 2127): 08:38:47 上午 SENT (642662026): <iq id="8sz74-20" type="set"><session xmlns="urn:ietf:params:xml:ns:xmpp-session"/></iq>
D/SMACK   ( 2127): 08:38:47 上午 RCV  (642662026): <iq type="result" id="8sz74-20" to="13632836691@openfire-cloud/A1b852863a"/>
D/SMACK   ( 2127): User logged (642662026): 13632836691@openfire-cloud@openfire-cloud:7608/A1b852863a
D/SMACK   ( 2127): 08:38:47 上午 SENT (642662026): <iq id="8sz74-21" type="get"><query xmlns="jabber:iq:roster" ></query></iq>
D/SMACK   ( 2127): 08:38:47 上午 SENT (642662026): <presence id="8sz74-22"><c xmlns='http://jabber.org/protocol/caps' hash='sha-1' node='http://www.igniterealtime.org/projects/smack/' ver='7lnSSYLFNPR++Qc5cZmId14cl4U='/></presence>
D/SMACK   ( 2127): 08:38:47 上午 SENT (642662026): <presence id="8sz74-23"><c xmlns='http://jabber.org/protocol/caps' hash='sha-1' node='http://www.igniterealtime.org/projects/smack/' ver='30o3W0G3RxzdAvCCb8fB1Jc5dy0='/></presence>
D/SMACK   ( 2127): 08:38:47 上午 SENT (642662026): <presence id="8sz74-24"><c xmlns='http://jabber.org/protocol/caps' hash='sha-1' node='http://www.igniterealtime.org/projects/smack/' ver='LXzMKGdgC6np5NqNvUDZmGNt7R8='/></presence>
I/XMPP    ( 2127): loginToOpenfire==============  登陆openfire的结果 isSuccess:  true
I/XMPP    ( 2127): my jid = 13632836691@openfire-cloud/A1b852863a
I/XMPP    ( 2127):  实名登录成功 login  success!=============== userName=13632836691  pwd=123456
D/SMACK   ( 2127): 08:38:47 上午 SENT (642662026): <presence id="8sz74-25"><c xmlns='http://jabber.org/protocol/caps' hash='sha-1' node='http://www.igniterealtime.org/projects/smack/' ver='+fIuUdRHwf5kx3DPPD8JEPN1yuE='/></presence>
D/SMACK   ( 2127): 08:38:47 上午 RCV  (642662026): <iq type="result" id="8sz74-21" to="13632836691@openfire-cloud/A1b852863a"><query xmlns="jabber:iq:roster"><item jid="formal_cloud_jsh@openfire-cloud" name="formal_cloud_jsh" subscription="both"/></query></iq>
I/LibraryLoader( 2127): Time to load native libraries: 209 ms (timestamps 1105-1314)
I/LibraryLoader( 2127): Expected native library version number "",actual native library version number ""
D/SMACK   ( 2127): 08:38:47 上午 RCV  (642662026): <presence id="8sz74-22" from="13632836691@openfire-cloud/A1b852863a" to="13632836691@openfire-cloud/A1b852863a"><c xmlns="http://jabber.org/protocol/caps" hash="sha-1" node="http://www.igniterealtime.org/projects/smack/" ver="7lnSSYLFNPR++Qc5cZmId14cl4U="/></presence><presence id="mFh6g-418730" from="formal_cloud_jsh@openfire-cloud/master" to="13632836691@openfire-cloud/A1b852863a"/><presence id="6VDE2-368336" from="formal_cloud_jsh@openfire-cloud/slave" to="13632836691@openfire-cloud/A1b852863a"/><iq type="get" id="488-1027492" to="13632836691@openfire-cloud/A1b852863a" from="openfire-cloud"><query xmlns="http://jabber.org/protocol/disco#info"/></iq>
I/UserState( 2127): myJid = 13632836691@openfire-cloud/A1b852863a receive jid=13632836691@openfire-cloud/A1b852863a  state=ONLINE
D/UserState( 2127): 上线, i'm  online ，jid = 13632836691@openfire-cloud/A1b852863a
I/UserState( 2127): myJid = 13632836691@openfire-cloud/A1b852863a receive jid=formal_cloud_jsh@openfire-cloud/master  state=ONLINE
I/UserState( 2127): myJid = 13632836691@openfire-cloud/A1b852863a receive jid=formal_cloud_jsh@openfire-cloud/slave  state=ONLINE
D/SMACK   ( 2127): 08:38:47 上午 SENT (642662026): <iq id="488-1027492" to="openfire-cloud" type="result"><query xmlns="http://jabber.org/protocol/disco#info"><identity category="client" name="Smack" type="pc"/><feature var="http://jabber.org/protocol/caps"/><feature var="urn:xmpp:ping"/><feature var="http://jabber.org/protocol/bytestreams"/><feature var="http://jabber.org/protocol/ibb"/><feature var="http://jabber.org/protocol/si"/><feature var="http://jabber.org/protocol/si/profile/file-transfer"/></query></iq>
V/WebViewChromiumFactoryProvider( 2127): Binding Chromium to main looper Looper (main, tid 1) {d79b7b3}
I/LibraryLoader( 2127): Expected native library version number "",actual native library version number ""
I/chromium( 2127): [INFO:library_loader_hooks.cc(104)] Chromium logging enabled: level = 0, default verbosity = 0
I/BrowserStartupController( 2127): Initializing chromium process, singleProcess=true
W/art     ( 2127): Attempt to remove local handle scope entry from IRT, ignoring
W/chromium( 2127): [WARNING:resource_bundle.cc(304)] locale_file_path.empty()
I/chromium( 2127): [INFO:aw_browser_main_parts.cc(65)] Load from apk succesful, fd=94 off=1319120 len=3050
I/chromium( 2127): [INFO:aw_browser_main_parts.cc(78)] Loading webviewchromium.pak from, fd:95 off:229484 len:1089587
D/BluetoothAdapter( 2127): 658360238: getState() :  mService = null. Returning STATE_OFF
I/EGL_adreno( 2127): eglCreateContext request GLES major-version=2
D/EGL_adreno( 2127): eglCreateContext: 0x9698e3a0: maj 2 min 0 rcv 2
D/EGL_adreno( 2127): eglMakeCurrent: 0x9698e3a0: ver 2 0 (tinfo 0xb3ec9fe0)
D/HostConnection( 2127): ExtendedRCEncoderContext GL_VERSION return OpenGL ES 2.0 (3.1.0 - Build 9.17.10.4229)
D/HostConnection( 2127): ExtendedRCEncoderContext GL_VERSION return OpenGL ES 2.0 (3.1.0 - Build 9.17.10.4229)
D/HostConnection( 2127): ExtendedRCEncoderContext GL_VERSION return OpenGL ES 2.0 (3.1.0 - Build 9.17.10.4229)
W/chromium( 2127): [WARNING:data_reduction_proxy_settings.cc(331)] SPDY proxy OFF at startup
W/art     ( 2127): Attempt to remove local handle scope entry from IRT, ignoring
W/AwContents( 2127): onDetachedFromWindow called when already detached. Ignoring
D/com.jieshun.jslife.activity.WebViewBaseActivity( 2127): context = com.jieshun.jslife.application.GlobalApplication@9bcff63, isLogin=false, savedInstanceState = null
E/tag     ( 2127): 加载网页url-->https://plugin.i-lzhd.com/aABXKQJCVGzdIjPa
V/WindowManager( 1537): Adding window Window{3304de53 u0 com.jieshun.jslife/com.jieshun.jslife.activity.WebViewBaseActivity} at 4 of 7 (after Window{1f1be864 u0 com.jieshun.jslife/com.jieshun.jslife.activity.common.MainFragmentActivity})
I/Choreographer( 2127): Skipped 69 frames!  The application may be doing too much work on its main thread.
I/MobclickAgent( 2127): Extend current session: E327E9A79659B748A3F5F5A476C15B53
E/EGL_adreno( 2127): tid 2197: eglSurfaceAttrib(1266): error 0x3009 (EGL_BAD_MATCH)
W/OpenGLRenderer( 2127): Failed to set EGL_SWAP_BEHAVIOR on surface 0x9a0c8260, error=EGL_BAD_MATCH
D/EGL_adreno( 2127): eglMakeCurrent: 0xadc34fa0: ver 2 0 (tinfo 0xadc395c0)
W/ViewRootImpl( 2127): Dropping event due to no window focus: KeyEvent { action=ACTION_DOWN, keyCode=KEYCODE_VOLUME_MUTE, scanCode=0, metaState=0, flags=0x8, repeatCount=0, eventTime=110644, downTime=110644, deviceId=-1, source=0x101 }
W/ViewRootImpl( 2127): Cancelling event due to no window focus: KeyEvent { action=ACTION_UP, keyCode=KEYCODE_VOLUME_MUTE, scanCode=0, metaState=0, flags=0x28, repeatCount=0, eventTime=112101, downTime=112101, deviceId=-1, source=0x101 }
W/ViewRootImpl( 2127): Cancelling event due to no window focus: KeyEvent { action=ACTION_UP, keyCode=KEYCODE_VOLUME_MUTE, scanCode=0, metaState=0, flags=0x28, repeatCount=0, eventTime=112101, downTime=112101, deviceId=-1, source=0x101 }
W/ViewRootImpl( 2127): Cancelling event due to no window focus: KeyEvent { action=ACTION_UP, keyCode=KEYCODE_VOLUME_MUTE, scanCode=0, metaState=0, flags=0x28, repeatCount=0, eventTime=112101, downTime=112101, deviceId=-1, source=0x101 }
W/ViewRootImpl( 2127): Cancelling event due to no window focus: KeyEvent { action=ACTION_UP, keyCode=KEYCODE_VOLUME_MUTE, scanCode=0, metaState=0, flags=0x28, repeatCount=0, eventTime=112101, downTime=112101, deviceId=-1, source=0x101 }
W/ViewRootImpl( 2127): Cancelling event due to no window focus: KeyEvent { action=ACTION_UP, keyCode=KEYCODE_VOLUME_MUTE, scanCode=0, metaState=0, flags=0x28, repeatCount=0, eventTime=112101, downTime=112101, deviceId=-1, source=0x101 }
W/ViewRootImpl( 2127): Cancelling event due to no window focus: KeyEvent { action=ACTION_UP, keyCode=KEYCODE_VOLUME_MUTE, scanCode=0, metaState=0, flags=0x28, repeatCount=0, eventTime=112101, downTime=112101, deviceId=-1, source=0x101 }
I/http    ( 2127): ----> 开始检测版本
I/CallbackListener( 2127): requestMap add  activity = com.jieshun.jslife.activity.common.UpdateApkLogic$2@3a2896a0  serviceId = JSCSP_VERSION_GETNEWVERSION
I/CallbackListener( 2127): 请求队列xmppQueQue=========1
D/SMACK   ( 2127): 08:38:48 上午 SENT (642662026): <iq id="f7p18p_3" to="formal_cloud_jsh@openfire-cloud/master" type="get"><dreq xmlns="xmpp:iq:shunt"><cnt>{&quot;attributes&quot;:{},&quot;dataItems&quot;:[{&quot;attributes&quot;:{&quot;mobileModels&quot;:&quot;ANDROID&quot;,&quot;versionType&quot;:&quot;JSLIFE&quot;},&quot;failItems&quot;:[],&quot;objectId&quot;:&quot;objID&quot;,&quot;operateType&quot;:&quot;READ&quot;,&quot;subItems&quot;:[]}],&quot;requestType&quot;:&quot;DIRECTIVE&quot;,&quot;seqId&quot;:&quot;f7p18p_3&quot;,&quot;serviceId&quot;:&quot;JSCSP_VERSION_GETNEWVERSION&quot;}</cnt><crc>-600487483</crc><mode>ASYNC</mode><type>DIRECTIVE</type></dreq></iq>
D/XMPP    ( 2127): XMPP请求------> JSCSP_VERSION_GETNEWVERSION ---> 消息内容: {"attributes":{},"dataItems":[{"attributes":{"mobileModels":"ANDROID","versionType":"JSLIFE"},"failItems":[],"objectId":"objID","operateType":"READ","subItems":[]}],"requestType":"DIRECTIVE","seqId":"f7p18p_3","serviceId":"JSCSP_VERSION_GETNEWVERSION"}
D/SMACK   ( 2127): 08:38:48 上午 RCV  (642662026): <iq id="f7p18p_3" to="13632836691@openfire-cloud/A1b852863a" from="formal_cloud_jsh@openfire-cloud/master" type="result"><dres xmlns="xmpp:iq:shunt"><cnt>{"attributes":{},"dataItems":[{"attributes":{"id":"7f1a50e9c76b41919f4c06d46abe15db","fileSize":"33288516","updateTime":"2018-08-21 17:24:47","verionInfo":"【2018.08.21】\r\n捷生活V3.2.3更新说明：\r\n1. 优化投诉报修的图片上传，提升使用体验。\r\n2. 修复了几个bug。","name":"V3.2.3","versionNo":"302030","downloadUrl":"http://www.jslife.com.cn:80/jsstApp/app/appVersionAction!downloadAppVersion.action?savePath=jsLife_build_V3.2.3_20180821_01_5ad1b1b1_enc_signed_Aligned_302030.apk","mobileModels":"ANDROID","minVersionNo":302030,"versionType":"JSLIFE","isForced":"FALSE"},"failItems":[],"objectId":"","operateType":"READ","subItems":[]}],"resultCode":0,"seqId":"f7p18p_3","serviceId":"JSCSP_VERSION_GETNEWVERSION"}</cnt><crc>493037019</crc><rc>0</rc><sync>false</sync></dres></iq>
I/AppiumUnicodeIME( 1693): onFinishInput
I/AppiumUnicodeIME( 1693): onStartInput
W/art     ( 2127): Suspending all threads took: 25.450ms
I/ActivityManager( 1537): Displayed com.jieshun.jslife/.activity.WebViewBaseActivity: +1s598ms
I/art     ( 2127): Background sticky concurrent mark sweep GC freed 5671(378KB) AllocSpace objects, 2(32KB) LOS objects, 0% free, 34MB/35MB, paused 42.090ms total 159.676ms
I/art     ( 2127): WaitForGcToComplete blocked for 118.816ms for cause Explicit
I/CallbackListener( 2127): requestMap  remove  serviceId = JSCSP_VERSION_GETNEWVERSION in = com.jieshun.jslife.activity.common.UpdateApkLogic$2@3a2896a0
D/XMPP    ( 2127): 接收到云平台返回数据: {"attributes":{},"dataItems":[{"attributes":{"downloadUrl":"http://www.jslife.com.cn:80/jsstApp/app/appVersionAction!downloadAppVersion.action?savePath=jsLife_build_V3.2.3_20180821_01_5ad1b1b1_enc_signed_Aligned_302030.apk","fileSize":"33288516","id":"7f1a50e9c76b41919f4c06d46abe15db","isForced":"FALSE","minVersionNo":302030,"mobileModels":"ANDROID","name":"V3.2.3","updateTime":"2018-08-21 17:24:47","verionInfo":"【2018.08.21】\r\n捷生活V3.2.3更新说明：\r\n1. 优化投诉报修的图片上传，提升使用体验。\r\n2. 修复了几个bug。","versionNo":"302030","versionType":"JSLIFE"},"failItems":[],"objectId":"","operateType":"READ","subItems":[]}],"resultCode":0,"seqId":"f7p18p_3","serviceId":"JSCSP_VERSION_GETNEWVERSION"}
I/art     ( 2127): Explicit concurrent mark sweep GC freed 16246(921KB) AllocSpace objects, 12(637KB) LOS objects, 32% free, 33MB/49MB, paused 796us total 70.264ms
D/EGL_adreno( 2127): eglMakeCurrent: 0xadc34fa0: ver 2 0 (tinfo 0xadc395c0)
D/com.jieshun.jslife.utils.DownloadFileUtils( 2127): 加入回调 : com.jieshun.jslife.activity.common.UpdateApkLogic$1@24050b93
D/com.jieshun.jslife.utils.DownloadFileUtils( 2127): 初始化  downloadUrl=http://www.jslife.com.cn:80/jsstApp/app/appVersionAction!downloadAppVersion.action?savePath=jsLife_build_V3.2.3_20180821_01_5ad1b1b1_enc_signed_Aligned_302030.apk  filePath=/storage/emulated/0/.jieshun/.cache/.file/ fileName=jslife_V3.2.3.apk threadCount=1
I/HostConnection( 1361): HostConnection::HostConnection: pid=1361, tid=2357, this=0xb6037470
I/        ( 1361): fastpipe: Connect success
D/HostConnection( 1361): HostRPC::connect sucess: app=/system/bin/surfaceflinger, pid=1361, tid=2357, this=0xb626f000
D/HostConnection( 1361): queryAndSetGLESMaxVersion select gles-version: 2.0 hostGLVersion:31 process:/system/bin/surfaceflinger
I/art     ( 2127): Explicit concurrent mark sweep GC freed 2285(133KB) AllocSpace objects, 6(320KB) LOS objects, 32% free, 33MB/49MB, paused 2.013ms total 29.805ms
I/art     ( 2127): Explicit concurrent mark sweep GC freed 1116(89KB) AllocSpace objects, 4(64KB) LOS objects, 32% free, 33MB/49MB, paused 757us total 42.147ms
D/sensor_ld( 1537): cb_setDelay handle=0 delay-ns=20000000
D/sensor_ld( 1537): cb_setDelay handle=0 delay-ns=20000000
V/libnb   ( 2307): enter native_bridge2_getTrampoline Java_com_baidu_location_Jni_b, trampoline_addr 0x0
V/libnb   ( 2307): enter native_bridge2_getTrampoline Java_com_baidu_location_Jni_b__DDII, trampoline_addr 0x0
I/art     ( 2111): System.exit called, status: 0
I/AndroidRuntime( 2111): VM exiting with result code 0.
I/art     ( 2127): Explicit concurrent mark sweep GC freed 618(22KB) AllocSpace objects, 0(0B) LOS objects, 32% free, 33MB/49MB, paused 300us total 78.767ms
V/libnb   ( 2307): enter native_bridge2_getTrampoline Java_com_baidu_location_Jni_b, trampoline_addr 0x0
V/libnb   ( 2307): enter native_bridge2_getTrampoline Java_com_baidu_location_Jni_b__DDII, trampoline_addr 0x0
V/libnb   ( 2307): enter native_bridge2_getTrampoline Java_com_baidu_location_Jni_b, trampoline_addr 0xb32b3d94
I/art     ( 2127): Explicit concurrent mark sweep GC freed 194(7KB) AllocSpace objects, 0(0B) LOS objects, 32% free, 33MB/49MB, paused 411us total 18.954ms
D/AudioTrack( 1656): use orig AudioTrack! mIsTimed=0 transferType=1 flags=4
E/WifiStateMachine( 1537): WifiStateMachine CMD_START_SCAN source 10028 txSuccessRate=-0.00 rxSuccessRate=-0.00 targetRoamBSSID=00:81:ba:06:db:c6 RSSI=-45
E/WifiStateMachine( 1537): denglibo mScanResults.size=1
I/LdWifi  ( 1537): ld_get_eth0_ip return 172.16.2.15
D/JTC     ( 2127): near tabl onReceiveLocation
I/System.out( 2127): isFirstLoc：true
I/System.out( 2127): ******jscarlife*********************onMapStatusChangeStart*********************1******
D/JSParkingFragment( 2127): mSearch.reverseGeoCode  4444 
I/System.out( 2127): ******jscarlife*********************onReceiveLocation***************逆地理编码******
D/EGL_adreno( 2127): eglMakeCurrent: 0xadc34fa0: ver 2 0 (tinfo 0xadc395c0)
W/art     ( 2127): Verification of android.net.Uri com.android.webview.chromium.WebViewContentsClientAdapter$WebResourceRequestImpl.getUrl() took 114.116ms
D/JTC     ( 2127): NEAR onStop
I/CallbackListener( 2127): xmppQueQue里没有请求，开始等待==========
D/EGL_adreno( 2127): eglMakeCurrent: 0xadc34fa0: ver 2 0 (tinfo 0xadc395c0)
D/HostConnection( 2127): ExtendedRCEncoderContext GL_VERSION return OpenGL ES 2.0 (3.1.0 - Build 9.17.10.4229)
D/EGL_adreno( 2127): eglMakeCurrent: 0xadc34fa0: ver 2 0 (tinfo 0xadc395c0)
D/HTP     ( 2127):  设定加载开始的操作 ********************* 
V/WindowManager( 1537): not Base app: Adding window Window{1bd9045 u0 com.jieshun.jslife/com.jieshun.jslife.activity.WebViewBaseActivity} at 5 of 8
W/Settings( 2127): Setting android_id has moved from android.provider.Settings.System to android.provider.Settings.Secure, returning read-only value.
D/HostConnection( 2127): ExtendedRCEncoderContext GL_VERSION return OpenGL ES 2.0 (3.1.0 - Build 9.17.10.4229)
E/EGL_adreno( 2127): tid 2197: eglSurfaceAttrib(1266): error 0x3009 (EGL_BAD_MATCH)
W/OpenGLRenderer( 2127): Failed to set EGL_SWAP_BEHAVIOR on surface 0x9a0b0840, error=EGL_BAD_MATCH
D/EGL_adreno( 2127): eglMakeCurrent: 0xadc34fa0: ver 2 0 (tinfo 0xadc395c0)
D/JSParkingFragment( 2127): *************** onGetReverseGeoCodeResult ********************* 
D/JSParkingFragment( 2127):  搜索 百度定位返回的百度转换前： lattitue = 39.92270378285916 ; longitue = 116.41663820901988
D/JSParkingFragment( 2127): ***onGetReverseGeoCodeResult*****省份:北京市
D/JSParkingFragment( 2127): ***onGetReverseGeoCodeResult*****城市:北京市
D/JSParkingFragment( 2127): ***onGetReverseGeoCodeResult*****区域 canton:东城区
D/JSParkingFragment( 2127): ***onGetReverseGeoCodeResult*****简要信息:北京市东城区锡拉胡同6号
D/JSParkingFragment( 2127):  搜索 百度定位返回的 转换为高德后： lattitue = 39.916407589357014 ; longitue = 116.41025599543832
D/com.jieshun.jslife.parklife.JSParkingFragment( 2127): bottomNewState = 0 ; BottomSheetBehavior.STATE_HIDDEN = 5
D/JSParkingFragment( 2127): searchKey =  ; regionAddress = 北京市东城区锡拉胡同6号
D/JSParkingFragment( 2127):  搜索 mCurrentSearchLat = 39.916407589357014 ; mCurrentSearchLon = 116.41025599543832
D/JSParkingFragment( 2127): isFirstLoc --- true ; initData isNetConnect = true ; isVisibleToUser = false
D/EGL_adreno( 2127): eglMakeCurrent: 0xadc34fa0: ver 2 0 (tinfo 0xadc395c0)
D/JTC     ( 2127): near tabl onReceiveLocation
I/System.out( 2127): isFirstLoc：true
D/JSParkingFragment( 2127): mSearch.reverseGeoCode  4444 
I/System.out( 2127): ******jscarlife*********************onReceiveLocation***************逆地理编码******
I/AppiumUnicodeIME( 1693): onFinishInput
I/AppiumUnicodeIME( 1693): onStartInput
D/JSParkingFragment( 2127): *************** onGetReverseGeoCodeResult ********************* 
D/JSParkingFragment( 2127):  搜索 百度定位返回的百度转换前： lattitue = 39.92270378285916 ; longitue = 116.41663820901988
D/JSParkingFragment( 2127): ***onGetReverseGeoCodeResult*****省份:北京市
D/JSParkingFragment( 2127): ***onGetReverseGeoCodeResult*****城市:北京市
D/JSParkingFragment( 2127): ***onGetReverseGeoCodeResult*****区域 canton:东城区
D/JSParkingFragment( 2127): ***onGetReverseGeoCodeResult*****简要信息:北京市东城区锡拉胡同6号
D/JSParkingFragment( 2127):  搜索 百度定位返回的 转换为高德后： lattitue = 39.916407589357014 ; longitue = 116.41025599543832
D/com.jieshun.jslife.parklife.JSParkingFragment( 2127): bottomNewState = 0 ; BottomSheetBehavior.STATE_HIDDEN = 5
D/JSParkingFragment( 2127): searchKey =  ; regionAddress = 北京市东城区锡拉胡同6号
D/JSParkingFragment( 2127):  搜索 mCurrentSearchLat = 39.916407589357014 ; mCurrentSearchLon = 116.41025599543832
D/JSParkingFragment( 2127): isFirstLoc --- true ; initData isNetConnect = true ; isVisibleToUser = false
D/EGL_adreno( 2127): eglMakeCurrent: 0xadc34fa0: ver 2 0 (tinfo 0xadc395c0)
D/EGL_adreno( 2127): eglMakeCurrent: 0xadc34fa0: ver 2 0 (tinfo 0xadc395c0)
D/EGL_adreno( 2127): eglMakeCurrent: 0xadc34fa0: ver 2 0 (tinfo 0xadc395c0)
I/chromium( 2127): [INFO:CONSOLE(0)] "The key "target-densitydpi" is not supported.", source: https://plugin.i-lzhd.com/aABXKQJCVGzdIjPa (0)
D/EGL_adreno( 2127): eglMakeCurrent: 0xadc34fa0: ver 2 0 (tinfo 0xadc395c0)
D/HostConnection( 2127): ExtendedRCEncoderContext GL_VERSION return OpenGL ES 2.0 (3.1.0 - Build 9.17.10.4229)
D/EGL_adreno( 2127): eglMakeCurrent: 0xadc34fa0: ver 2 0 (tinfo 0xadc395c0)
D/EGL_adreno( 2127): eglMakeCurrent: 0xadc34fa0: ver 2 0 (tinfo 0xadc395c0)
D/EGL_adreno( 2127): eglMakeCurrent: 0xadc34fa0: ver 2 0 (tinfo 0xadc395c0)
D/EGL_adreno( 2127): eglMakeCurrent: 0xadc34fa0: ver 2 0 (tinfo 0xadc395c0)
D/EGL_adreno( 2127): eglMakeCurrent: 0xadc34fa0: ver 2 0 (tinfo 0xadc395c0)
D/EGL_adreno( 2127): eglMakeCurrent: 0xadc34fa0: ver 2 0 (tinfo 0xadc395c0)
D/EGL_adreno( 2127): eglMakeCurrent: 0xadc34fa0: ver 2 0 (tinfo 0xadc395c0)
D/EGL_adreno( 2127): eglMakeCurrent: 0xadc34fa0: ver 2 0 (tinfo 0xadc395c0)
D/EGL_adreno( 2127): eglMakeCurrent: 0xadc34fa0: ver 2 0 (tinfo 0xadc395c0)
D/EGL_adreno( 2127): eglMakeCurrent: 0xadc34fa0: ver 2 0 (tinfo 0xadc395c0)
D/EGL_adreno( 2127): eglMakeCurrent: 0xadc34fa0: ver 2 0 (tinfo 0xadc395c0)
D/EGL_adreno( 2127): eglMakeCurrent: 0xadc34fa0: ver 2 0 (tinfo 0xadc395c0)
D/EGL_adreno( 2127): eglMakeCurrent: 0xadc34fa0: ver 2 0 (tinfo 0xadc395c0)
D/EGL_adreno( 2127): eglMakeCurrent: 0xadc34fa0: ver 2 0 (tinfo 0xadc395c0)
D/EGL_adreno( 2127): eglMakeCurrent: 0xadc34fa0: ver 2 0 (tinfo 0xadc395c0)
D/EGL_adreno( 2127): eglMakeCurrent: 0xadc34fa0: ver 2 0 (tinfo 0xadc395c0)
D/EGL_adreno( 2127): eglMakeCurrent: 0xadc34fa0: ver 2 0 (tinfo 0xadc395c0)
D/EGL_adreno( 2127): eglMakeCurrent: 0xadc34fa0: ver 2 0 (tinfo 0xadc395c0)
D/EGL_adreno( 2127): eglMakeCurrent: 0xadc34fa0: ver 2 0 (tinfo 0xadc395c0)
D/EGL_adreno( 2127): eglMakeCurrent: 0xadc34fa0: ver 2 0 (tinfo 0xadc395c0)
D/EGL_adreno( 2127): eglMakeCurrent: 0xadc34fa0: ver 2 0 (tinfo 0xadc395c0)
D/EGL_adreno( 2127): eglMakeCurrent: 0xadc34fa0: ver 2 0 (tinfo 0xadc395c0)
D/EGL_adreno( 2127): eglMakeCurrent: 0xadc34fa0: ver 2 0 (tinfo 0xadc395c0)
D/EGL_adreno( 2127): eglMakeCurrent: 0xadc34fa0: ver 2 0 (tinfo 0xadc395c0)
D/EGL_adreno( 2127): eglMakeCurrent: 0xadc34fa0: ver 2 0 (tinfo 0xadc395c0)
D/EGL_adreno( 2127): eglMakeCurrent: 0xadc34fa0: ver 2 0 (tinfo 0xadc395c0)
D/EGL_adreno( 2127): eglMakeCurrent: 0xadc34fa0: ver 2 0 (tinfo 0xadc395c0)
D/EGL_adreno( 2127): eglMakeCurrent: 0xadc34fa0: ver 2 0 (tinfo 0xadc395c0)
D/EGL_adreno( 2127): eglMakeCurrent: 0xadc34fa0: ver 2 0 (tinfo 0xadc395c0)
D/EGL_adreno( 2127): eglMakeCurrent: 0xadc34fa0: ver 2 0 (tinfo 0xadc395c0)
D/EGL_adreno( 2127): eglMakeCurrent: 0xadc34fa0: ver 2 0 (tinfo 0xadc395c0)
D/EGL_adreno( 2127): eglMakeCurrent: 0xadc34fa0: ver 2 0 (tinfo 0xadc395c0)
D/EGL_adreno( 2127): eglMakeCurrent: 0xadc34fa0: ver 2 0 (tinfo 0xadc395c0)
D/EGL_adreno( 2127): eglMakeCurrent: 0xadc34fa0: ver 2 0 (tinfo 0xadc395c0)
D/EGL_adreno( 2127): eglMakeCurrent: 0xadc34fa0: ver 2 0 (tinfo 0xadc395c0)
D/EGL_adreno( 2127): eglMakeCurrent: 0xadc34fa0: ver 2 0 (tinfo 0xadc395c0)
D/EGL_adreno( 2127): eglMakeCurrent: 0xadc34fa0: ver 2 0 (tinfo 0xadc395c0)
D/EGL_adreno( 2127): eglMakeCurrent: 0xadc34fa0: ver 2 0 (tinfo 0xadc395c0)
D/EGL_adreno( 2127): eglMakeCurrent: 0xadc34fa0: ver 2 0 (tinfo 0xadc395c0)
D/EGL_adreno( 2127): eglMakeCurrent: 0xadc34fa0: ver 2 0 (tinfo 0xadc395c0)
D/EGL_adreno( 2127): eglMakeCurrent: 0xadc34fa0: ver 2 0 (tinfo 0xadc395c0)
D/EGL_adreno( 2127): eglMakeCurrent: 0xadc34fa0: ver 2 0 (tinfo 0xadc395c0)
D/EGL_adreno( 2127): eglMakeCurrent: 0xadc34fa0: ver 2 0 (tinfo 0xadc395c0)
D/EGL_adreno( 2127): eglMakeCurrent: 0xadc34fa0: ver 2 0 (tinfo 0xadc395c0)
D/EGL_adreno( 2127): eglMakeCurrent: 0xadc34fa0: ver 2 0 (tinfo 0xadc395c0)
D/EGL_adreno( 2127): eglMakeCurrent: 0xadc34fa0: ver 2 0 (tinfo 0xadc395c0)
D/EGL_adreno( 2127): eglMakeCurrent: 0xadc34fa0: ver 2 0 (tinfo 0xadc395c0)
D/EGL_adreno( 2127): eglMakeCurrent: 0xadc34fa0: ver 2 0 (tinfo 0xadc395c0)
D/EGL_adreno( 2127): eglMakeCurrent: 0xadc34fa0: ver 2 0 (tinfo 0xadc395c0)
D/EGL_adreno( 2127): eglMakeCurrent: 0xadc34fa0: ver 2 0 (tinfo 0xadc395c0)
D/EGL_adreno( 2127): eglMakeCurrent: 0xadc34fa0: ver 2 0 (tinfo 0xadc395c0)
D/EGL_adreno( 2127): eglMakeCurrent: 0xadc34fa0: ver 2 0 (tinfo 0xadc395c0)
D/EGL_adreno( 2127): eglMakeCurrent: 0xadc34fa0: ver 2 0 (tinfo 0xadc395c0)
D/EGL_adreno( 2127): eglMakeCurrent: 0xadc34fa0: ver 2 0 (tinfo 0xadc395c0)
D/EGL_adreno( 2127): eglMakeCurrent: 0xadc34fa0: ver 2 0 (tinfo 0xadc395c0)
D/EGL_adreno( 2127): eglMakeCurrent: 0xadc34fa0: ver 2 0 (tinfo 0xadc395c0)
D/EGL_adreno( 2127): eglMakeCurrent: 0xadc34fa0: ver 2 0 (tinfo 0xadc395c0)
D/EGL_adreno( 2127): eglMakeCurrent: 0xadc34fa0: ver 2 0 (tinfo 0xadc395c0)
D/EGL_adreno( 2127): eglMakeCurrent: 0xadc34fa0: ver 2 0 (tinfo 0xadc395c0)
D/EGL_adreno( 2127): eglMakeCurrent: 0xadc34fa0: ver 2 0 (tinfo 0xadc395c0)
D/EGL_adreno( 2127): eglMakeCurrent: 0xadc34fa0: ver 2 0 (tinfo 0xadc395c0)
D/EGL_adreno( 2127): eglMakeCurrent: 0xadc34fa0: ver 2 0 (tinfo 0xadc395c0)
D/EGL_adreno( 2127): eglMakeCurrent: 0xadc34fa0: ver 2 0 (tinfo 0xadc395c0)
D/EGL_adreno( 2127): eglMakeCurrent: 0xadc34fa0: ver 2 0 (tinfo 0xadc395c0)
D/EGL_adreno( 2127): eglMakeCurrent: 0xadc34fa0: ver 2 0 (tinfo 0xadc395c0)
D/EGL_adreno( 2127): eglMakeCurrent: 0xadc34fa0: ver 2 0 (tinfo 0xadc395c0)
D/EGL_adreno( 2127): eglMakeCurrent: 0xadc34fa0: ver 2 0 (tinfo 0xadc395c0)
D/EGL_adreno( 2127): eglMakeCurrent: 0xadc34fa0: ver 2 0 (tinfo 0xadc395c0)
D/EGL_adreno( 2127): eglMakeCurrent: 0xadc34fa0: ver 2 0 (tinfo 0xadc395c0)
D/EGL_adreno( 2127): eglMakeCurrent: 0xadc34fa0: ver 2 0 (tinfo 0xadc395c0)
D/EGL_adreno( 2127): eglMakeCurrent: 0xadc34fa0: ver 2 0 (tinfo 0xadc395c0)
D/EGL_adreno( 2127): eglMakeCurrent: 0xadc34fa0: ver 2 0 (tinfo 0xadc395c0)
D/EGL_adreno( 2127): eglMakeCurrent: 0xadc34fa0: ver 2 0 (tinfo 0xadc395c0)
D/EGL_adreno( 2127): eglMakeCurrent: 0xadc34fa0: ver 2 0 (tinfo 0xadc395c0)
D/EGL_adreno( 2127): eglMakeCurrent: 0xadc34fa0: ver 2 0 (tinfo 0xadc395c0)
D/EGL_adreno( 2127): eglMakeCurrent: 0xadc34fa0: ver 2 0 (tinfo 0xadc395c0)
D/EGL_adreno( 2127): eglMakeCurrent: 0xadc34fa0: ver 2 0 (tinfo 0xadc395c0)
D/EGL_adreno( 2127): eglMakeCurrent: 0xadc34fa0: ver 2 0 (tinfo 0xadc395c0)
D/EGL_adreno( 2127): eglMakeCurrent: 0xadc34fa0: ver 2 0 (tinfo 0xadc395c0)
D/EGL_adreno( 2127): eglMakeCurrent: 0xadc34fa0: ver 2 0 (tinfo 0xadc395c0)
D/EGL_adreno( 2127): eglMakeCurrent: 0xadc34fa0: ver 2 0 (tinfo 0xadc395c0)
D/EGL_adreno( 2127): eglMakeCurrent: 0xadc34fa0: ver 2 0 (tinfo 0xadc395c0)
D/EGL_adreno( 2127): eglMakeCurrent: 0xadc34fa0: ver 2 0 (tinfo 0xadc395c0)
D/EGL_adreno( 2127): eglMakeCurrent: 0xadc34fa0: ver 2 0 (tinfo 0xadc395c0)
D/EGL_adreno( 2127): eglMakeCurrent: 0xadc34fa0: ver 2 0 (tinfo 0xadc395c0)
D/EGL_adreno( 2127): eglMakeCurrent: 0xadc34fa0: ver 2 0 (tinfo 0xadc395c0)
D/EGL_adreno( 2127): eglMakeCurrent: 0xadc34fa0: ver 2 0 (tinfo 0xadc395c0)
D/ld_audio_hw( 1367): lineFun, out_standby
D/ld_audio_hw( 1367): ld_close_output_stream, dev=0xb5875240, stream =0xb584a660
D/ld_audio_hw( 1367): ld_close_output_stream, stream=0xb584a660,  success!
D/EGL_adreno( 2127): eglMakeCurrent: 0xadc34fa0: ver 2 0 (tinfo 0xadc395c0)
D/EGL_adreno( 2127): eglMakeCurrent: 0xadc34fa0: ver 2 0 (tinfo 0xadc395c0)
D/EGL_adreno( 2127): eglMakeCurrent: 0xadc34fa0: ver 2 0 (tinfo 0xadc395c0)
D/EGL_adreno( 2127): eglMakeCurrent: 0xadc34fa0: ver 2 0 (tinfo 0xadc395c0)
D/AudioTrack( 2127): use orig AudioTrack! mIsTimed=0 transferType=0 flags=4
D/EGL_adreno( 2127): eglMakeCurrent: 0xadc34fa0: ver 2 0 (tinfo 0xadc395c0)
D/EGL_adreno( 2127): eglMakeCurrent: 0xadc34fa0: ver 2 0 (tinfo 0xadc395c0)
D/EGL_adreno( 2127): eglMakeCurrent: 0xadc34fa0: ver 2 0 (tinfo 0xadc395c0)
D/EGL_adreno( 2127): eglMakeCurrent: 0xadc34fa0: ver 2 0 (tinfo 0xadc395c0)
D/ld_audio_hw( 1367): ld_start_output_stream, stream=0xb584a660, sampleRate =44100, channel=2, bps=16, bufSize=2048
D/EGL_adreno( 2127): eglMakeCurrent: 0xadc34fa0: ver 2 0 (tinfo 0xadc395c0)
D/EGL_adreno( 2127): eglMakeCurrent: 0xadc34fa0: ver 2 0 (tinfo 0xadc395c0)
D/EGL_adreno( 2127): eglMakeCurrent: 0xadc34fa0: ver 2 0 (tinfo 0xadc395c0)
D/EGL_adreno( 2127): eglMakeCurrent: 0xadc34fa0: ver 2 0 (tinfo 0xadc395c0)
D/EGL_adreno( 2127): eglMakeCurrent: 0xadc34fa0: ver 2 0 (tinfo 0xadc395c0)
D/EGL_adreno( 2127): eglMakeCurrent: 0xadc34fa0: ver 2 0 (tinfo 0xadc395c0)
D/EGL_adreno( 2127): eglMakeCurrent: 0xadc34fa0: ver 2 0 (tinfo 0xadc395c0)
D/EGL_adreno( 2127): eglMakeCurrent: 0xadc34fa0: ver 2 0 (tinfo 0xadc395c0)
D/EGL_adreno( 2127): eglMakeCurrent: 0xadc34fa0: ver 2 0 (tinfo 0xadc395c0)
D/EGL_adreno( 2127): eglMakeCurrent: 0xadc34fa0: ver 2 0 (tinfo 0xadc395c0)
D/EGL_adreno( 2127): eglMakeCurrent: 0xadc34fa0: ver 2 0 (tinfo 0xadc395c0)
D/EGL_adreno( 2127): eglMakeCurrent: 0xadc34fa0: ver 2 0 (tinfo 0xadc395c0)
D/EGL_adreno( 2127): eglMakeCurrent: 0xadc34fa0: ver 2 0 (tinfo 0xadc395c0)
D/EGL_adreno( 2127): eglMakeCurrent: 0xadc34fa0: ver 2 0 (tinfo 0xadc395c0)
D/EGL_adreno( 2127): eglMakeCurrent: 0xadc34fa0: ver 2 0 (tinfo 0xadc395c0)
D/EGL_adreno( 2127): eglMakeCurrent: 0xadc34fa0: ver 2 0 (tinfo 0xadc395c0)
D/EGL_adreno( 2127): eglMakeCurrent: 0xadc34fa0: ver 2 0 (tinfo 0xadc395c0)
D/EGL_adreno( 2127): eglMakeCurrent: 0xadc34fa0: ver 2 0 (tinfo 0xadc395c0)
D/EGL_adreno( 2127): eglMakeCurrent: 0xadc34fa0: ver 2 0 (tinfo 0xadc395c0)
D/EGL_adreno( 2127): eglMakeCurrent: 0xadc34fa0: ver 2 0 (tinfo 0xadc395c0)
D/EGL_adreno( 2127): eglMakeCurrent: 0xadc34fa0: ver 2 0 (tinfo 0xadc395c0)
D/EGL_adreno( 2127): eglMakeCurrent: 0xadc34fa0: ver 2 0 (tinfo 0xadc395c0)
D/EGL_adreno( 2127): eglMakeCurrent: 0xadc34fa0: ver 2 0 (tinfo 0xadc395c0)
D/EGL_adreno( 2127): eglMakeCurrent: 0xadc34fa0: ver 2 0 (tinfo 0xadc395c0)
D/EGL_adreno( 2127): eglMakeCurrent: 0xadc34fa0: ver 2 0 (tinfo 0xadc395c0)
D/EGL_adreno( 2127): eglMakeCurrent: 0xadc34fa0: ver 2 0 (tinfo 0xadc395c0)
D/EGL_adreno( 2127): eglMakeCurrent: 0xadc34fa0: ver 2 0 (tinfo 0xadc395c0)
D/EGL_adreno( 2127): eglMakeCurrent: 0xadc34fa0: ver 2 0 (tinfo 0xadc395c0)
D/EGL_adreno( 2127): eglMakeCurrent: 0xadc34fa0: ver 2 0 (tinfo 0xadc395c0)
D/EGL_adreno( 2127): eglMakeCurrent: 0xadc34fa0: ver 2 0 (tinfo 0xadc395c0)
D/EGL_adreno( 2127): eglMakeCurrent: 0xadc34fa0: ver 2 0 (tinfo 0xadc395c0)
D/EGL_adreno( 2127): eglMakeCurrent: 0xadc34fa0: ver 2 0 (tinfo 0xadc395c0)
D/EGL_adreno( 2127): eglMakeCurrent: 0xadc34fa0: ver 2 0 (tinfo 0xadc395c0)
D/EGL_adreno( 2127): eglMakeCurrent: 0xadc34fa0: ver 2 0 (tinfo 0xadc395c0)
D/EGL_adreno( 2127): eglMakeCurrent: 0xadc34fa0: ver 2 0 (tinfo 0xadc395c0)
D/EGL_adreno( 2127): eglMakeCurrent: 0xadc34fa0: ver 2 0 (tinfo 0xadc395c0)
D/EGL_adreno( 2127): eglMakeCurrent: 0xadc34fa0: ver 2 0 (tinfo 0xadc395c0)
D/EGL_adreno( 2127): eglMakeCurrent: 0xadc34fa0: ver 2 0 (tinfo 0xadc395c0)
D/EGL_adreno( 2127): eglMakeCurrent: 0xadc34fa0: ver 2 0 (tinfo 0xadc395c0)
D/EGL_adreno( 2127): eglMakeCurrent: 0xadc34fa0: ver 2 0 (tinfo 0xadc395c0)
D/EGL_adreno( 2127): eglMakeCurrent: 0xadc34fa0: ver 2 0 (tinfo 0xadc395c0)
D/EGL_adreno( 2127): eglMakeCurrent: 0xadc34fa0: ver 2 0 (tinfo 0xadc395c0)
D/EGL_adreno( 2127): eglMakeCurrent: 0xadc34fa0: ver 2 0 (tinfo 0xadc395c0)
D/EGL_adreno( 2127): eglMakeCurrent: 0xadc34fa0: ver 2 0 (tinfo 0xadc395c0)
D/EGL_adreno( 2127): eglMakeCurrent: 0xadc34fa0: ver 2 0 (tinfo 0xadc395c0)
D/EGL_adreno( 2127): eglMakeCurrent: 0xadc34fa0: ver 2 0 (tinfo 0xadc395c0)
D/EGL_adreno( 2127): eglMakeCurrent: 0xadc34fa0: ver 2 0 (tinfo 0xadc395c0)
D/EGL_adreno( 2127): eglMakeCurrent: 0xadc34fa0: ver 2 0 (tinfo 0xadc395c0)
D/MediaResourceGetter( 2127): ethernet/wifi connection detected
D/EGL_adreno( 2127): eglMakeCurrent: 0xadc34fa0: ver 2 0 (tinfo 0xadc395c0)
D/EGL_adreno( 2127): eglMakeCurrent: 0xadc34fa0: ver 2 0 (tinfo 0xadc395c0)
D/EGL_adreno( 2127): eglMakeCurrent: 0xadc34fa0: ver 2 0 (tinfo 0xadc395c0)
D/EGL_adreno( 2127): eglMakeCurrent: 0xadc34fa0: ver 2 0 (tinfo 0xadc395c0)
D/EGL_adreno( 2127): eglMakeCurrent: 0xadc34fa0: ver 2 0 (tinfo 0xadc395c0)
D/EGL_adreno( 2127): eglMakeCurrent: 0xadc34fa0: ver 2 0 (tinfo 0xadc395c0)
D/EGL_adreno( 2127): eglMakeCurrent: 0xadc34fa0: ver 2 0 (tinfo 0xadc395c0)
D/EGL_adreno( 2127): eglMakeCurrent: 0xadc34fa0: ver 2 0 (tinfo 0xadc395c0)
D/EGL_adreno( 2127): eglMakeCurrent: 0xadc34fa0: ver 2 0 (tinfo 0xadc395c0)
D/EGL_adreno( 2127): eglMakeCurrent: 0xadc34fa0: ver 2 0 (tinfo 0xadc395c0)
D/EGL_adreno( 2127): eglMakeCurrent: 0xadc34fa0: ver 2 0 (tinfo 0xadc395c0)
D/MediaResourceGetter( 2127): ethernet/wifi connection detected
