D/WifiService( 1537): New client listening to asynchronous messages
V/WindowManager( 1537): Based on layer: Adding window Window{1b9350ea u0 com.android.launcher3/com.android.launcher3.Launcher} at 0 of 1
D/ConnectivityService( 1537): listenForNetwork for NetworkRequest [ id=2, legacyType=-1, [] ]
D/ConnectivityService( 1537): handleRegisterNetworkRequest checking NetworkAgentInfo [Ethernet () - 100]
D/ConnectivityService( 1537): apparently satisfied.  currentScore=50
--------- beginning of main
D/AppAutoUpdateService( 1989): AppAutoUpdateService onDestroy
D/OpenGLRenderer( 1656): Use EGL_SWAP_BEHAVIOR_PRESERVED: true
I/gralloc_x86( 1656): --denglibo-- fallback_init, force return by denglibo
I/HostConnection( 1656): HostConnection::HostConnection: pid=1656, tid=1656, this=0xb3fd3600
I/        ( 1656): fastpipe: Connect success
D/HostConnection( 1656): HostRPC::connect sucess: app=com.android.systemui, pid=1656, tid=1656, this=0xb3fbf000
D/HostConnection( 1656): queryAndSetGLESMaxVersion select gles-version: 2.0 hostGLVersion:31 process:com.android.systemui
I/        ( 1656): fastpipe: Connect success
D/HostConnection( 1656): recv ProcessPuidReply name=com.android.systemui puid=4
D/Atlas   ( 1656): Validating map...
W/Atlas   ( 1656): Pointer 0x0, not in getPreloadedDrawables?
W/Atlas   ( 1656): Pointer 0x0, not in getPreloadedDrawables?
W/Atlas   ( 1656): Pointer 0x0, not in getPreloadedDrawables?
W/Atlas   ( 1656): Pointer 0x0, not in getPreloadedDrawables?
W/Atlas   ( 1656): Pointer 0x0, not in getPreloadedDrawables?
W/Atlas   ( 1656): Pointer 0x0, not in getPreloadedDrawables?
W/Atlas   ( 1656): Pointer 0x0, not in getPreloadedDrawables?
W/Atlas   ( 1656): Pointer 0x0, not in getPreloadedDrawables?
W/Atlas   ( 1656): Pointer 0x0, not in getPreloadedDrawables?
W/Atlas   ( 1656): Pointer 0x0, not in getPreloadedDrawables?
W/Atlas   ( 1656): Pointer 0x0, not in getPreloadedDrawables?
W/Atlas   ( 1656): Pointer 0x0, not in getPreloadedDrawables?
W/Atlas   ( 1656): Pointer 0x0, not in getPreloadedDrawables?
W/Atlas   ( 1656): Pointer 0x0, not in getPreloadedDrawables?
W/Atlas   ( 1656): Pointer 0x0, not in getPreloadedDrawables?
W/Atlas   ( 1656): Pointer 0x0, not in getPreloadedDrawables?
W/Atlas   ( 1656): Pointer 0x0, not in getPreloadedDrawables?
W/Atlas   ( 1656): Pointer 0x0, not in getPreloadedDrawables?
W/Atlas   ( 1656): Pointer 0x0, not in getPreloadedDrawables?
W/Atlas   ( 1656): Pointer 0x0, not in getPreloadedDrawables?
W/Atlas   ( 1656): Pointer 0x0, not in getPreloadedDrawables?
W/Atlas   ( 1656): Pointer 0x0, not in getPreloadedDrawables?
W/Atlas   ( 1656): Pointer 0x0, not in getPreloadedDrawables?
W/Atlas   ( 1656): Pointer 0x0, not in getPreloadedDrawables?
W/Atlas   ( 1656): Pointer 0x0, not in getPreloadedDrawables?
W/Atlas   ( 1656): Pointer 0x0, not in getPreloadedDrawables?
W/Atlas   ( 1656): Pointer 0x0, not in getPreloadedDrawables?
W/Atlas   ( 1656): Pointer 0x0, not in getPreloadedDrawables?
W/Atlas   ( 1656): Pointer 0x0, not in getPreloadedDrawables?
W/Atlas   ( 1656): Pointer 0x0, not in getPreloadedDrawables?
W/Atlas   ( 1656): Pointer 0x0, not in getPreloadedDrawables?
W/Atlas   ( 1656): Pointer 0x0, not in getPreloadedDrawables?
W/Atlas   ( 1656): Pointer 0x0, not in getPreloadedDrawables?
W/Atlas   ( 1656): Pointer 0x0, not in getPreloadedDrawables?
W/Atlas   ( 1656): Pointer 0x0, not in getPreloadedDrawables?
W/Atlas   ( 1656): Pointer 0x0, not in getPreloadedDrawables?
W/Atlas   ( 1656): Pointer 0x0, not in getPreloadedDrawables?
W/Atlas   ( 1656): Pointer 0x0, not in getPreloadedDrawables?
W/Atlas   ( 1656): Pointer 0x0, not in getPreloadedDrawables?
W/Atlas   ( 1656): Pointer 0x0, not in getPreloadedDrawables?
W/Atlas   ( 1656): Pointer 0x0, not in getPreloadedDrawables?
W/Atlas   ( 1656): Pointer 0x0, not in getPreloadedDrawables?
W/Atlas   ( 1656): Pointer 0x0, not in getPreloadedDrawables?
W/Atlas   ( 1656): Pointer 0x0, not in getPreloadedDrawables?
W/Atlas   ( 1656): Pointer 0x0, not in getPreloadedDrawables?
W/Atlas   ( 1656): Pointer 0x0, not in getPreloadedDrawables?
W/Atlas   ( 1656): Pointer 0x0, not in getPreloadedDrawables?
W/Atlas   ( 1656): Pointer 0x0, not in getPreloadedDrawables?
W/Atlas   ( 1656): Pointer 0x0, not in getPreloadedDrawables?
W/Atlas   ( 1656): Pointer 0x0, not in getPreloadedDrawables?
W/Atlas   ( 1656): Pointer 0x0, not in getPreloadedDrawables?
W/Atlas   ( 1656): Pointer 0x0, not in getPreloadedDrawables?
W/Atlas   ( 1656): Pointer 0x0, not in getPreloadedDrawables?
W/Atlas   ( 1656): Pointer 0x0, not in getPreloadedDrawables?
W/Atlas   ( 1656): Pointer 0x0, not in getPreloadedDrawables?
W/Atlas   ( 1656): Pointer 0x0, not in getPreloadedDrawables?
W/Atlas   ( 1656): Pointer 0x0, not in getPreloadedDrawables?
W/Atlas   ( 1656): Pointer 0x0, not in getPreloadedDrawables?
W/Atlas   ( 1656): Pointer 0x0, not in getPreloadedDrawables?
W/Atlas   ( 1656): Pointer 0x0, not in getPreloadedDrawables?
W/Atlas   ( 1656): Pointer 0x0, not in getPreloadedDrawables?
W/Atlas   ( 1656): Pointer 0x0, not in getPreloadedDrawables?
W/Atlas   ( 1656): Pointer 0x0, not in getPreloadedDrawables?
W/Atlas   ( 1656): Pointer 0x0, not in getPreloadedDrawables?
W/Atlas   ( 1656): Pointer 0x0, not in getPreloadedDrawables?
W/Atlas   ( 1656): Pointer 0x0, not in getPreloadedDrawables?
W/Atlas   ( 1656): Pointer 0x0, not in getPreloadedDrawables?
W/Atlas   ( 1656): Pointer 0x0, not in getPreloadedDrawables?
W/Atlas   ( 1656): Pointer 0x0, not in getPreloadedDrawables?
W/Atlas   ( 1656): Pointer 0x0, not in getPreloadedDrawables?
W/Atlas   ( 1656): Pointer 0x0, not in getPreloadedDrawables?
W/Atlas   ( 1656): Pointer 0x0, not in getPreloadedDrawables?
W/Atlas   ( 1656): Pointer 0x0, not in getPreloadedDrawables?
W/Atlas   ( 1656): Pointer 0x0, not in getPreloadedDrawables?
W/Atlas   ( 1656): Pointer 0x0, not in getPreloadedDrawables?
W/Atlas   ( 1656): Pointer 0x0, not in getPreloadedDrawables?
W/Atlas   ( 1656): Pointer 0x0, not in getPreloadedDrawables?
W/Atlas   ( 1656): Pointer 0x0, not in getPreloadedDrawables?
W/Atlas   ( 1656): Pointer 0x0, not in getPreloadedDrawables?
W/Atlas   ( 1656): Pointer 0x0, not in getPreloadedDrawables?
W/Atlas   ( 1656): Pointer 0x0, not in getPreloadedDrawables?
W/Atlas   ( 1656): Pointer 0x0, not in getPreloadedDrawables?
W/Atlas   ( 1656): Pointer 0x0, not in getPreloadedDrawables?
W/Atlas   ( 1656): Pointer 0x0, not in getPreloadedDrawables?
W/Atlas   ( 1656): Pointer 0x0, not in getPreloadedDrawables?
W/Atlas   ( 1656): Pointer 0x0, not in getPreloadedDrawables?
W/Atlas   ( 1656): Pointer 0x0, not in getPreloadedDrawables?
W/Atlas   ( 1656): Pointer 0x0, not in getPreloadedDrawables?
W/Atlas   ( 1656): Pointer 0x0, not in getPreloadedDrawables?
W/Atlas   ( 1656): Pointer 0x0, not in getPreloadedDrawables?
W/Atlas   ( 1656): Pointer 0x0, not in getPreloadedDrawables?
W/Atlas   ( 1656): Pointer 0x0, not in getPreloadedDrawables?
W/Atlas   ( 1656): Pointer 0x0, not in getPreloadedDrawables?
W/Atlas   ( 1656): Pointer 0x0, not in getPreloadedDrawables?
W/Atlas   ( 1656): Pointer 0x0, not in getPreloadedDrawables?
W/Atlas   ( 1656): Pointer 0x0, not in getPreloadedDrawables?
W/Atlas   ( 1656): Pointer 0x0, not in getPreloadedDrawables?
W/Atlas   ( 1656): Pointer 0x0, not in getPreloadedDrawables?
W/Atlas   ( 1656): Pointer 0x0, not in getPreloadedDrawables?
W/Atlas   ( 1656): Pointer 0x0, not in getPreloadedDrawables?
W/Atlas   ( 1656): Pointer 0x0, not in getPreloadedDrawables?
W/Atlas   ( 1656): Pointer 0x0, not in getPreloadedDrawables?
W/Atlas   ( 1656): Pointer 0x0, not in getPreloadedDrawables?
W/Atlas   ( 1656): Pointer 0x0, not in getPreloadedDrawables?
W/Atlas   ( 1656): Pointer 0x0, not in getPreloadedDrawables?
W/Atlas   ( 1656): Pointer 0x0, not in getPreloadedDrawables?
W/Atlas   ( 1656): Pointer 0x0, not in getPreloadedDrawables?
W/Atlas   ( 1656): Pointer 0x0, not in getPreloadedDrawables?
W/Atlas   ( 1656): Pointer 0x0, not in getPreloadedDrawables?
W/Atlas   ( 1656): Pointer 0x0, not in getPreloadedDrawables?
W/Atlas   ( 1656): Pointer 0x0, not in getPreloadedDrawables?
W/Atlas   ( 1656): Pointer 0x0, not in getPreloadedDrawables?
W/Atlas   ( 1656): Pointer 0x0, not in getPreloadedDrawables?
W/Atlas   ( 1656): Pointer 0x0, not in getPreloadedDrawables?
W/Atlas   ( 1656): Pointer 0x0, not in getPreloadedDrawables?
W/Atlas   ( 1656): Pointer 0x0, not in getPreloadedDrawables?
W/Atlas   ( 1656): Pointer 0x0, not in getPreloadedDrawables?
W/Atlas   ( 1656): Pointer 0x0, not in getPreloadedDrawables?
W/Atlas   ( 1656): Pointer 0x0, not in getPreloadedDrawables?
W/Atlas   ( 1656): Pointer 0x0, not in getPreloadedDrawables?
W/Atlas   ( 1656): Pointer 0x0, not in getPreloadedDrawables?
W/Atlas   ( 1656): Pointer 0x0, not in getPreloadedDrawables?
W/Atlas   ( 1656): Pointer 0x0, not in getPreloadedDrawables?
W/Atlas   ( 1656): Pointer 0x0, not in getPreloadedDrawables?
W/Atlas   ( 1656): Pointer 0x0, not in getPreloadedDrawables?
W/Atlas   ( 1656): Pointer 0x0, not in getPreloadedDrawables?
W/Atlas   ( 1656): Pointer 0x0, not in getPreloadedDrawables?
W/Atlas   ( 1656): Pointer 0x0, not in getPreloadedDrawables?
W/Atlas   ( 1656): Pointer 0x0, not in getPreloadedDrawables?
W/Atlas   ( 1656): Pointer 0x0, not in getPreloadedDrawables?
W/Atlas   ( 1656): Pointer 0x0, not in getPreloadedDrawables?
W/Atlas   ( 1656): Pointer 0x0, not in getPreloadedDrawables?
W/Atlas   ( 1656): Pointer 0x0, not in getPreloadedDrawables?
W/Atlas   ( 1656): Pointer 0x0, not in getPreloadedDrawables?
W/Atlas   ( 1656): Pointer 0x0, not in getPreloadedDrawables?
W/Atlas   ( 1656): Pointer 0x0, not in getPreloadedDrawables?
W/Atlas   ( 1656): Pointer 0x0, not in getPreloadedDrawables?
W/Atlas   ( 1656): Pointer 0x0, not in getPreloadedDrawables?
W/Atlas   ( 1656): Pointer 0x0, not in getPreloadedDrawables?
W/Atlas   ( 1656): Pointer 0x0, not in getPreloadedDrawables?
W/Atlas   ( 1656): Pointer 0x0, not in getPreloadedDrawables?
W/Atlas   ( 1656): Pointer 0x0, not in getPreloadedDrawables?
W/Atlas   ( 1656): Pointer 0x0, not in getPreloadedDrawables?
W/Atlas   ( 1656): Pointer 0x0, not in getPreloadedDrawables?
W/Atlas   ( 1656): Pointer 0x0, not in getPreloadedDrawables?
W/Atlas   ( 1656): Pointer 0x0, not in getPreloadedDrawables?
W/Atlas   ( 1656): Pointer 0x0, not in getPreloadedDrawables?
W/Atlas   ( 1656): Pointer 0x0, not in getPreloadedDrawables?
W/Atlas   ( 1656): Pointer 0x0, not in getPreloadedDrawables?
W/Atlas   ( 1656): Pointer 0x0, not in getPreloadedDrawables?
W/Atlas   ( 1656): Pointer 0x0, not in getPreloadedDrawables?
W/Atlas   ( 1656): Pointer 0x0, not in getPreloadedDrawables?
W/Atlas   ( 1656): Pointer 0x0, not in getPreloadedDrawables?
W/Atlas   ( 1656): Pointer 0x0, not in getPreloadedDrawables?
W/Atlas   ( 1656): Pointer 0x0, not in getPreloadedDrawables?
W/Atlas   ( 1656): Pointer 0x0, not in getPreloadedDrawables?
W/Atlas   ( 1656): Pointer 0x0, not in getPreloadedDrawables?
W/Atlas   ( 1656): Pointer 0x0, not in getPreloadedDrawables?
W/Atlas   ( 1656): Pointer 0x0, not in getPreloadedDrawables?
W/Atlas   ( 1656): Pointer 0x0, not in getPreloadedDrawables?
W/Atlas   ( 1656): Pointer 0x0, not in getPreloadedDrawables?
W/Atlas   ( 1656): Pointer 0x0, not in getPreloadedDrawables?
W/Atlas   ( 1656): Pointer 0x0, not in getPreloadedDrawables?
W/Atlas   ( 1656): Pointer 0x0, not in getPreloadedDrawables?
W/Atlas   ( 1656): Pointer 0x0, not in getPreloadedDrawables?
D/PhoneStatusBar( 1656): disable: < EXPAND* icons alerts system_info BACK* HOME* RECENT* clock SEARCH* >
I/Telephony( 1773): PstnIncomingCallNotifier: Registering: Handler (com.android.internal.telephony.gsm.GSMPhone) {3b31f89f}
D/BluetoothAdapter( 1656): 163791717: getState() :  mService = null. Returning STATE_OFF
D/BluetoothAdapter( 1656): 163791717: getState() :  mService = null. Returning STATE_OFF
I/HostConnection( 1867): HostConnection::HostConnection: pid=1867, tid=1995, this=0xadc33a60
I/        ( 1867): fastpipe: Connect success
D/HostConnection( 1867): HostRPC::connect sucess: app=com.android.launcher3, pid=1867, tid=1995, this=0xade0c000
D/HostConnection( 1867): queryAndSetGLESMaxVersion select gles-version: 2.0 hostGLVersion:31 process:com.android.launcher3
I/OpenGLRenderer( 1867): Initialized EGL, version 1.4
I/EGL_adreno( 1867): eglCreateContext request GLES major-version=2
D/PhoneStatusBar( 1656): heads up is enabled
I/Choreographer( 1656): Skipped 91 frames!  The application may be doing too much work on its main thread.
D/EGL_adreno( 1867): eglCreateContext: 0xadd5a520: maj 2 min 0 rcv 2
D/EGL_adreno( 1867): eglMakeCurrent: 0xadd5a520: ver 2 0 (tinfo 0xadc39480)
D/HostConnection( 1867): ExtendedRCEncoderContext GL_VERSION return OpenGL ES 2.0 (3.1.0 - Build 9.17.10.4229)
D/OpenGLRenderer( 1867): Enabling debug mode 0
D/ViewRootImpl( 1656): changeCanvasOpacity: opaque=true
E/EGL_adreno( 1867): tid 1995: eglSurfaceAttrib(1266): error 0x3009 (EGL_BAD_MATCH)
W/OpenGLRenderer( 1867): Failed to set EGL_SWAP_BEHAVIOR on surface 0xaddd6ae0, error=EGL_BAD_MATCH
D/EGL_adreno( 1867): eglMakeCurrent: 0xadd5a520: ver 2 0 (tinfo 0xadc39480)
D/AdHotSeatView( 1867): resetLayout
D/AdHotSeatView( 1867): updateIconButton.
I/HostConnection( 1656): HostConnection::HostConnection: pid=1656, tid=2032, this=0xadc60ab0
I/        ( 1656): fastpipe: Connect success
D/HostConnection( 1656): HostRPC::connect sucess: app=com.android.systemui, pid=1656, tid=2032, this=0xadd27000
D/HostConnection( 1656): queryAndSetGLESMaxVersion select gles-version: 2.0 hostGLVersion:31 process:com.android.systemui
I/OpenGLRenderer( 1656): Initialized EGL, version 1.4
I/EGL_adreno( 1656): eglCreateContext request GLES major-version=2
D/EGL_adreno( 1656): eglCreateContext: 0xadd0b220: maj 2 min 0 rcv 2
D/EGL_adreno( 1656): eglMakeCurrent: 0xadd0b220: ver 2 0 (tinfo 0xadc39730)
D/HostConnection( 1656): ExtendedRCEncoderContext GL_VERSION return OpenGL ES 2.0 (3.1.0 - Build 9.17.10.4229)
D/OpenGLRenderer( 1656): Enabling debug mode 0
E/EGL_adreno( 1656): tid 2032: eglSurfaceAttrib(1266): error 0x3009 (EGL_BAD_MATCH)
W/OpenGLRenderer( 1656): Failed to set EGL_SWAP_BEHAVIOR on surface 0xadc35f80, error=EGL_BAD_MATCH
D/EGL_adreno( 1656): eglMakeCurrent: 0xadd0b220: ver 2 0 (tinfo 0xadc39730)
V/KeyguardUpdateMonitor( 1656): action android.intent.action.SIM_STATE_CHANGED state: NOT_READY slotId: 0 subid: -2
W/WindowManager( 1537): Attempted to add wallpaper window with unknown token android.os.Binder@132c2893.  Aborting.
W/WallpaperService( 1656): Failed to add window while updating wallpaper surface.
W/Launcher( 1867): setApplicationContext called twice! old=com.android.launcher3.LauncherApplication@19ecc52c new=com.android.launcher3.LauncherApplication@19ecc52c
D/Launcher( 1867): 11683562 - bindAddScreens()
D/Launcher( 1867): 11683562 -   orderedScreenIds: 3
D/Launcher.Workspace( 1867): 11683562 - insertNewWorkspaceScreen(): 3 at index: 0
D/SIP     ( 1773): [SipSharedPreferences] isReceivingCallsEnabled, option not set; use default value, exception: android.provider.Settings$SettingNotFoundException: sip_receive_calls
I/ActivityManager( 1537): Displayed com.android.launcher3/.Launcher: +3s349ms
V/KeyguardServiceDelegate( 1537): *** Keyguard started
W/KeyguardServiceDelegate( 1537): onScreenTurnedOn(): no keyguard service!
D/sensor_ld( 1537): cb_activate handle=0 enabled=1
D/sensor_ld( 1537): cb_setDelay handle=0 delay-ns=66667000
I/EGL_adreno( 1656): eglCreateContext request GLES major-version=2
D/EGL_adreno( 1656): eglCreateContext: 0xb3e41b20: maj 2 min 0 rcv 2
D/EGL_adreno( 1656): eglMakeCurrent: 0xb3e41b20: ver 2 0 (tinfo 0xb3fffa50)
W/BackupManagerService( 1537): dataChanged but no participant pkg='com.android.launcher3' uid=10020
W/BackupManagerService( 1537): dataChanged but no participant pkg='com.android.launcher3' uid=10020
W/BackupManagerService( 1537): dataChanged but no participant pkg='com.android.launcher3' uid=10020
W/BackupManagerService( 1537): dataChanged but no participant pkg='com.android.launcher3' uid=10020
D/EGL_adreno( 1656): eglMakeCurrent: 0xb3e41b20: ver 2 0 (tinfo 0xb3fffa50)
W/BackupManagerService( 1537): dataChanged but no participant pkg='com.android.launcher3' uid=10020
W/BackupManagerService( 1537): dataChanged but no participant pkg='com.android.launcher3' uid=10020
W/BackupManagerService( 1537): dataChanged but no participant pkg='com.android.launcher3' uid=10020
W/BackupManagerService( 1537): dataChanged but no participant pkg='com.android.launcher3' uid=10020
I/HostConnection( 1361): HostConnection::HostConnection: pid=1361, tid=1947, this=0xb69ec1a0
I/        ( 1361): fastpipe: Connect success
D/HostConnection( 1361): HostRPC::connect sucess: app=/system/bin/surfaceflinger, pid=1361, tid=1947, this=0xb6b02000
D/HostConnection( 1361): queryAndSetGLESMaxVersion select gles-version: 2.0 hostGLVersion:31 process:/system/bin/surfaceflinger
D/WifiService( 1537): New client listening to asynchronous messages
V/RenderScript( 1867): 0xadf13800 Launching thread(s), CPUs 2
I/Choreographer( 1656): Skipped 30 frames!  The application may be doing too much work on its main thread.
D/OpenGLRenderer( 1656): setting property extraRasterBucket to 0.95
D/OpenGLRenderer( 1656):     failed
D/OpenGLRenderer( 1656): setting property extraRasterBucket to 0.0
D/OpenGLRenderer( 1656):     failed
D/KeyguardUpdateMonitor( 1656): handleSimStateChange(subId=-2, slotId=0, state=UNKNOWN)
W/KeyguardUpdateMonitor( 1656): invalid subId in handleSimStateChange()
W/WindowManager( 1537): Attempted to add wallpaper window with unknown token android.os.Binder@132c2893.  Aborting.
W/WallpaperService( 1656): Failed to add window while updating wallpaper surface.
V/KeyguardUpdateMonitor( 1656): onSubscriptionInfoChanged()
V/KeyguardUpdateMonitor( 1656): onSubscriptionInfoChanged: list is null
V/KeyguardServiceDelegate( 1537): *** Keyguard connected (yay!)
V/KeyguardServiceDelegate( 1537): **** SHOWN CALLED ****
I/SurfaceFlinger( 1361): Boot is finished (15499 ms)
I/SurfaceFlinger( 1361): denglibo-bootNotifynotify host the android boot success!
I/        ( 1361): fastpipe: close connect
E/installd( 1368): Unable to unlink boot marker at /data/dalvik-cache/arm/.booting, error=No such file or directory
E/ActivityManager( 1537): Unable to mark boot complete for abi: armeabi-v7a
D/PhoneStatusBar( 1656): disable: < expand* icons alerts system_info back* home* recent* clock search* >
I/SystemServiceManager( 1537): Starting phase 1000
I/PackageManager( 1537): Package doesn't exist in get block uninstall com.android.good.miner
W/PackageManager( 1537): Package named 'com.android.good.miner' doesn't exist.
D/BluetoothManagerService( 1537): Auto-enabling Bluetooth.
D/BluetoothManagerService( 1537): Retrieving Bluetooth Adapter name and address...
D/BluetoothManagerService( 1537): getNameAndAddress(): mBluetooth = null mBinding = false
D/BluetoothManagerService( 1537): Message: 1
D/BluetoothManagerService( 1537): MESSAGE_ENABLE: mBluetooth = null
E/BluetoothManagerService( 1537): Fail to bind to: Intent { act=android.bluetooth.IBluetooth }
D/BluetoothManagerService( 1537): Message: 200
D/BluetoothManagerService( 1537): MESSAGE_GET_NAME_AND_ADDRESS
D/BluetoothManagerService( 1537): Binding to service to get name and address
E/BluetoothManagerService( 1537): Fail to bind to: Intent { act=android.bluetooth.IBluetooth }
I/HostConnection( 1537): HostConnection::HostConnection: pid=1537, tid=1562, this=0xb3dda060
I/        ( 1537): fastpipe: Connect success
D/HostConnection( 1537): HostRPC::connect sucess: app=system_server, pid=1537, tid=1562, this=0xa101f000
D/HostConnection( 1537): queryAndSetGLESMaxVersion select gles-version: 2.0 hostGLVersion:31 process:system_server
I/AppiumUnicodeIME( 1693): onFinishInput
I/AppiumUnicodeIME( 1693): onStartInput
I/art     ( 1537): Explicit concurrent mark sweep GC freed 4148(249KB) AllocSpace objects, 1(16KB) LOS objects, 33% free, 12MB/19MB, paused 7.319ms total 42.500ms
I/EmuCoreService( 1764): uninstall failed
I/ActivityManager( 1537): Start proc 2040:com.android.keychain/1000 for service com.android.keychain/.KeyChainService
I/RecoverySystem( 1537): No recovery log file
D/libnativebridge( 2040): call UnloadNativeBridge! state=1
I/ActivityManager( 1537): Start proc 2056:com.android.providers.calendar/u0a0 for broadcast com.android.providers.calendar/.CalendarReceiver
D/libnativebridge( 2056): call UnloadNativeBridge! state=1
W/ResourcesManager( 2056): Asset path '/system/framework/android.test.runner.jar' does not exist or contains no resources.
I/BootReceiver( 1537): Copying audit failures to DropBox
I/BootReceiver( 1537): Checking for fsck errors
I/CalendarProvider2( 2056): Created com.android.providers.calendar.CalendarAlarmManager@34acd4df(com.android.providers.calendar.CalendarProvider2@19ecc52c)
I/EmuCoreService( 1764): Broadcast action = android.intent.action.BOOT_COMPLETED
I/EmuCoreService( 1764): HostService Init inited = true
I/EmuCoreService( 1764): CoreService On Boot Complete !
E/SQLiteLog( 1962): (283) recovered 109 frames from WAL file /data/data/com.android.providers.media/databases/internal.db-wal
I/ldinit  ( 1431): denglibo: detect sys.boot_completed!
D/NetlinkEvent( 1363): denglibo NetlinkEvent::parseIfInfoMessage IFLA_IFNAME: INTERFACE=eth0 action=up
D/NetlinkEvent( 1363): denglibo NetlinkEvent::parseIfInfoMessage IFLA_IFNAME: INTERFACE=eth0 action=up
D/NetlinkEvent( 1363): denglibo NetlinkEvent::parseIfInfoMessage IFLA_IFNAME: INTERFACE=eth0 action=up
I/ldinit  ( 1431): denglibo: wait for idle(500ms)...
D/EthernetNetworkFactory( 1537): updateInterface: eth0 link up
I/EthernetNetworkFactory( 1537): Updating mNetworkAgent with: [ Transports: ETHERNET Capabilities: INTERNET&NOT_RESTRICTED&TRUSTED&NOT_VPN LinkUpBandwidth>=100000Kbps LinkDnBandwidth>=100000Kbps], [type: Ethernet[], state: CONNECTED/CONNECTED, reason: (unspecified), extra: 00:db:8c:06:c6:ba, roaming: false, failover: false, isAvailable: true, isConnectedToProvisioningNetwork: false], {InterfaceName: eth0 LinkAddresses: [172.16.2.15/24,]  Routes: [172.16.2.0/24 -> 0.0.0.0 eth0,0.0.0.0/0 -> 172.16.2.2 eth0,] DnsAddresses: [202.96.134.133,202.96.128.166,] Domains:  MTU: 0 TcpBufferSizes: 524288,1048576,3145728,524288,1048576,2097152}
D/EthernetNetworkFactory( 1537): updateInterface: eth0 link up
I/EthernetNetworkFactory( 1537): Updating mNetworkAgent with: [ Transports: ETHERNET Capabilities: INTERNET&NOT_RESTRICTED&TRUSTED&NOT_VPN LinkUpBandwidth>=100000Kbps LinkDnBandwidth>=100000Kbps], [type: Ethernet[], state: CONNECTED/CONNECTED, reason: (unspecified), extra: 00:db:8c:06:c6:ba, roaming: false, failover: false, isAvailable: true, isConnectedToProvisioningNetwork: false], {InterfaceName: eth0 LinkAddresses: [172.16.2.15/24,]  Routes: [172.16.2.0/24 -> 0.0.0.0 eth0,0.0.0.0/0 -> 172.16.2.2 eth0,] DnsAddresses: [202.96.134.133,202.96.128.166,] Domains:  MTU: 0 TcpBufferSizes: 524288,1048576,3145728,524288,1048576,2097152}
D/EthernetNetworkFactory( 1537): updateInterface: eth0 link up
I/EthernetNetworkFactory( 1537): Updating mNetworkAgent with: [ Transports: ETHERNET Capabilities: INTERNET&NOT_RESTRICTED&TRUSTED&NOT_VPN LinkUpBandwidth>=100000Kbps LinkDnBandwidth>=100000Kbps], [type: Ethernet[], state: CONNECTED/CONNECTED, reason: (unspecified), extra: 00:db:8c:06:c6:ba, roaming: false, failover: false, isAvailable: true, isConnectedToProvisioningNetwork: false], {InterfaceName: eth0 LinkAddresses: [172.16.2.15/24,]  Routes: [172.16.2.0/24 -> 0.0.0.0 eth0,0.0.0.0/0 -> 172.16.2.2 eth0,] DnsAddresses: [202.96.134.133,202.96.128.166,] Domains:  MTU: 0 TcpBufferSizes: 524288,1048576,3145728,524288,1048576,2097152}
W/MediaScanner( 1962): Error opening directory '/oem/media/', skipping: No such file or directory.
D/ConnectivityService( 1537): updateNetworkScore for NetworkAgentInfo [Ethernet () - 100] to 50
D/ConnectivityService( 1537): rematching NetworkAgentInfo [Ethernet () - 100]
D/ConnectivityService( 1537): Network NetworkAgentInfo [Ethernet () - 100] was already satisfying request 1. No change.
D/ConnectivityService( 1537): notifyType AVAILABLE for NetworkAgentInfo [Ethernet () - 100]
D/ConnectivityService( 1537): updateNetworkScore for NetworkAgentInfo [Ethernet () - 100] to 50
D/ConnectivityService( 1537): rematching NetworkAgentInfo [Ethernet () - 100]
D/ConnectivityService( 1537): Network NetworkAgentInfo [Ethernet () - 100] was already satisfying request 1. No change.
D/ConnectivityService( 1537): notifyType AVAILABLE for NetworkAgentInfo [Ethernet () - 100]
D/ConnectivityService( 1537): updateNetworkScore for NetworkAgentInfo [Ethernet () - 100] to 50
D/ConnectivityService( 1537): rematching NetworkAgentInfo [Ethernet () - 100]
D/ConnectivityService( 1537): Network NetworkAgentInfo [Ethernet () - 100] was already satisfying request 1. No change.
D/ConnectivityService( 1537): notifyType AVAILABLE for NetworkAgentInfo [Ethernet () - 100]
D/ConnectivityManager.CallbackHandler( 1656): CM callback handler got msg 524290
D/ConnectivityManager.CallbackHandler( 1656): CM callback handler got msg 524290
D/ConnectivityManager.CallbackHandler( 1656): CM callback handler got msg 524290
I/ldinit  ( 1431): denglibo: exce tast...
I/ldinit  ( 1431): denglibo: on_boot_finish exce finish!
W/MediaScanner( 1962): Error opening directory '/storage/sdcard1/', skipping: Permission denied.
W/MediaScanner( 1962): Error opening directory '/storage/usb0/', skipping: Permission denied.
W/MediaScanner( 1962): Error opening directory '/storage/usb1/', skipping: Permission denied.
W/MediaScanner( 1962): Error opening directory '/storage/usb2/', skipping: Permission denied.
W/MediaScanner( 1962): Error opening directory '/storage/usb3/', skipping: Permission denied.
I/CalendarProvider2( 2056): Sending notification intent: Intent { act=android.intent.action.PROVIDER_CHANGED dat=content://com.android.calendar }
W/ContentResolver( 2056): Failed to get type for: content://com.android.calendar (Unknown URL content://com.android.calendar)
I/WifiNative-HAL( 1537): startHal
I/WifiNative-HAL( 1537): startHal
E/WifiStateMachine( 1537): denglibo mScanResults.size=1
E/WifiStateMachine( 1537): WifiStateMachine shouldSwitchNetwork  txSuccessRate=-0.06 rxSuccessRate=-0.06 delta 1000 -> 1000
E/WifiStateMachine( 1537): CMD_AUTO_CONNECT sup state UninitializedState my state DisconnectedState nid=0 roam=3
E/WifiStateMachine( 1537): CMD_AUTO_CONNECT will save config -> "wireless" nid=0
E/WifiConfigStore( 1537): Setting BSSID for "wireless"NONE to 00:81:ba:06:db:c6
E/WifiConfigStore( 1537): will read network variables netId=0
W/LdWifi  ( 1537): denglibo wifi command unkown!!! cmd=IFNAME=wlan0 GET_NETWORK 0 wep_key0
W/LdWifi  ( 1537): denglibo wifi command unkown!!! cmd=IFNAME=wlan0 GET_NETWORK 0 wep_key1
W/LdWifi  ( 1537): denglibo wifi command unkown!!! cmd=IFNAME=wlan0 GET_NETWORK 0 wep_key2
W/LdWifi  ( 1537): denglibo wifi command unkown!!! cmd=IFNAME=wlan0 GET_NETWORK 0 wep_key3
W/LdWifi  ( 1537): denglibo wifi command unkown!!! cmd=IFNAME=wlan0 GET_NETWORK 0 psk
W/LdWifi  ( 1537): denglibo wifi command unkown!!! cmd=IFNAME=wlan0 GET_NETWORK 0 auth_alg
W/LdWifi  ( 1537): denglibo wifi command unkown!!! cmd=IFNAME=wlan0 GET_NETWORK 0 eap
W/LdWifi  ( 1537): denglibo wifi command unkown!!! cmd=IFNAME=wlan0 GET_NETWORK 0 phase2
W/LdWifi  ( 1537): denglibo wifi command unkown!!! cmd=IFNAME=wlan0 GET_NETWORK 0 identity
W/LdWifi  ( 1537): denglibo wifi command unkown!!! cmd=IFNAME=wlan0 GET_NETWORK 0 anonymous_identity
W/LdWifi  ( 1537): denglibo wifi command unkown!!! cmd=IFNAME=wlan0 GET_NETWORK 0 password
W/LdWifi  ( 1537): denglibo wifi command unkown!!! cmd=IFNAME=wlan0 GET_NETWORK 0 client_cert
W/LdWifi  ( 1537): denglibo wifi command unkown!!! cmd=IFNAME=wlan0 GET_NETWORK 0 ca_cert
W/LdWifi  ( 1537): denglibo wifi command unkown!!! cmd=IFNAME=wlan0 GET_NETWORK 0 subject_match
W/LdWifi  ( 1537): denglibo wifi command unkown!!! cmd=IFNAME=wlan0 GET_NETWORK 0 key_id
W/LdWifi  ( 1537): denglibo wifi command unkown!!! cmd=IFNAME=wlan0 GET_NETWORK 0 private_key
E/WifiStateMachine( 1537): CMD_AUTO_CONNECT did save config ->  nid=0
E/WifiConfigStore( 1537): will read network variables netId=0
W/LdWifi  ( 1537): denglibo wifi command unkown!!! cmd=IFNAME=wlan0 GET_NETWORK 0 wep_key0
W/LdWifi  ( 1537): denglibo wifi command unkown!!! cmd=IFNAME=wlan0 GET_NETWORK 0 wep_key1
W/LdWifi  ( 1537): denglibo wifi command unkown!!! cmd=IFNAME=wlan0 GET_NETWORK 0 wep_key2
W/LdWifi  ( 1537): denglibo wifi command unkown!!! cmd=IFNAME=wlan0 GET_NETWORK 0 wep_key3
W/LdWifi  ( 1537): denglibo wifi command unkown!!! cmd=IFNAME=wlan0 GET_NETWORK 0 psk
W/LdWifi  ( 1537): denglibo wifi command unkown!!! cmd=IFNAME=wlan0 GET_NETWORK 0 auth_alg
W/LdWifi  ( 1537): denglibo wifi command unkown!!! cmd=IFNAME=wlan0 GET_NETWORK 0 eap
W/LdWifi  ( 1537): denglibo wifi command unkown!!! cmd=IFNAME=wlan0 GET_NETWORK 0 phase2
W/LdWifi  ( 1537): denglibo wifi command unkown!!! cmd=IFNAME=wlan0 GET_NETWORK 0 identity
W/LdWifi  ( 1537): denglibo wifi command unkown!!! cmd=IFNAME=wlan0 GET_NETWORK 0 anonymous_identity
W/LdWifi  ( 1537): denglibo wifi command unkown!!! cmd=IFNAME=wlan0 GET_NETWORK 0 password
W/LdWifi  ( 1537): denglibo wifi command unkown!!! cmd=IFNAME=wlan0 GET_NETWORK 0 client_cert
W/LdWifi  ( 1537): denglibo wifi command unkown!!! cmd=IFNAME=wlan0 GET_NETWORK 0 ca_cert
W/LdWifi  ( 1537): denglibo wifi command unkown!!! cmd=IFNAME=wlan0 GET_NETWORK 0 subject_match
W/LdWifi  ( 1537): denglibo wifi command unkown!!! cmd=IFNAME=wlan0 GET_NETWORK 0 key_id
W/LdWifi  ( 1537): denglibo wifi command unkown!!! cmd=IFNAME=wlan0 GET_NETWORK 0 private_key
D/ConnectivityService( 1537): registerNetworkAgent NetworkAgentInfo{ ni{[type: WIFI[], state: CONNECTING/CONNECTING, reason: (unspecified), extra: "wireless", roaming: false, failover: false, isAvailable: true, isConnectedToProvisioningNetwork: false]}  network{null}  lp{{LinkAddresses: []  Routes: [] DnsAddresses: [] Domains: null MTU: 0 TcpBufferSizes: 524288,1048576,2097152,262144,524288,1048576}}  nc{[ Transports: WIFI Capabilities: INTERNET&NOT_RESTRICTED&TRUSTED&NOT_VPN LinkUpBandwidth>=1048576Kbps LinkDnBandwidth>=1048576Kbps]}  Score{20}  everValidated{false}  lastValidated{false}  created{false}  explicitlySelected{false} }
D/ConnectivityService( 1537): NetworkAgentInfo [WIFI () - 101] EVENT_NETWORK_INFO_CHANGED, going from null to CONNECTING
E/WifiConfigStore( 1537): saveWifiConfigBSSID Setting BSSID for "wireless"NONE to any
E/WifiConfigStore( 1537): saveWifiConfigBSSID Setting BSSID for "wireless"NONE to any
E/Netd    ( 1363): Failed to open /proc/sys/net/ipv6/conf/wlan0/disable_ipv6: No such file or directory
E/WifiStateMachine( 1537): Failed to enable IPv6: java.lang.IllegalStateException: command '20 interface ipv6 wlan0 enable' failed with '400 20 Failed to change IPv6 state (No such file or directory)'
E/WifiStateMachine( 1537): denglibo post WIFI static ip address message!
D/ConnectivityService( 1537): updateNetworkScore for NetworkAgentInfo [WIFI () - 101] to 60
D/ConnectivityService( 1537): rematching NetworkAgentInfo [Ethernet () - 100]
D/ConnectivityService( 1537): Network NetworkAgentInfo [Ethernet () - 100] was already satisfying request 1. No change.
D/ConnectivityService( 1537): notifyType AVAILABLE for NetworkAgentInfo [Ethernet () - 100]
D/ConnectivityManager.CallbackHandler( 1656): CM callback handler got msg 524290
D/ConnectivityService( 1537): NetworkAgentInfo [WIFI () - 101] EVENT_NETWORK_INFO_CHANGED, going from CONNECTING to CONNECTED
E/WifiStateMachine( 1537): Did not find remoteAddress {10.0.2.2} in /proc/net/arp
D/ConnectivityService( 1537): Adding iface wlan0 to network 101
E/ConnectivityService( 1537): Unexpected mtu value: 0, wlan0
D/ConnectivityService( 1537): Adding Route [172.16.2.0/24 -> 0.0.0.0 wlan0] to network 101
D/ConnectivityService( 1537): Adding Route [10.0.2.2/32 -> 0.0.0.0 wlan0] to network 101
D/ConnectivityService( 1537): Adding Route [0.0.0.0/0 -> 10.0.2.2 wlan0] to network 101
D/ConnectivityService( 1537): Setting Dns servers for network 101 to [/114.114.114.114, /114.114.115.115, /119.29.29.29]
D/ConnectivityService( 1537): notifyType IP_CHANGED for NetworkAgentInfo [WIFI () - 101]
D/ConnectivityService( 1537): notifyType PRECHECK for NetworkAgentInfo [WIFI () - 101]
D/ConnectivityService( 1537): rematching NetworkAgentInfo [WIFI () - 101]
D/NetworkMonitor/NetworkAgentInfo [WIFI () - 101]( 1537): DefaultState{ when=0 what=532481 target=com.android.internal.util.StateMachine$SmHandler }
D/NetworkMonitor/NetworkAgentInfo [WIFI () - 101]( 1537): Connected
D/NetworkMonitor/NetworkAgentInfo [WIFI () - 101]( 1537): EvaluatingState{ when=0 what=532486 arg1=1 target=com.android.internal.util.StateMachine$SmHandler }
D/NetworkMonitor/NetworkAgentInfo [WIFI () - 101]( 1537): Validated
D/ConnectivityService( 1537): setProvNotificationVisibleIntent: E visible=false networkType=0 extraInfo=null
D/ConnectivityService( 1537): Validated NetworkAgentInfo [WIFI () - 101]
D/ConnectivityService( 1537): rematching NetworkAgentInfo [WIFI () - 101]
D/ConnectivityService( 1537):    accepting network in place of NetworkAgentInfo [Ethernet () - 100]
D/ConnectivityService( 1537): notifyType LOSING for NetworkAgentInfo [Ethernet () - 100]
D/NetworkMonitor/NetworkAgentInfo [WIFI () - 101]( 1537): ValidatedState{ when=-1ms what=532481 target=com.android.internal.util.StateMachine$SmHandler }
D/NetworkMonitor/NetworkAgentInfo [WIFI () - 101]( 1537): Validated
D/ConnectivityService( 1537): Switching to new default network: NetworkAgentInfo{ ni{[type: WIFI[], state: CONNECTED/CONNECTED, reason: (unspecified), extra: "wireless", roaming: false, failover: false, isAvailable: true, isConnectedToProvisioningNetwork: false]}  network{101}  lp{{InterfaceName: wlan0 LinkAddresses: [172.16.2.15/24,]  Routes: [172.16.2.0/24 -> 0.0.0.0 wlan0,10.0.2.2/32 -> 0.0.0.0 wlan0,0.0.0.0/0 -> 10.0.2.2 wlan0,] DnsAddresses: [114.114.114.114,114.114.115.115,] Domains: null MTU: 0 TcpBufferSizes: 524288,1048576,2097152,262144,524288,1048576}}  nc{[ Transports: WIFI Capabilities: INTERNET&NOT_RESTRICTED&TRUSTED&NOT_VPN LinkUpBandwidth>=1048576Kbps LinkDnBandwidth>=1048576Kbps]}  Score{60}  everValidated{true}  lastValidated{true}  created{true}  explicitlySelected{false} }
D/NetworkManagementService( 1537): denglibo call setDefaultNetId! netId=100
D/NetworkMonitor/NetworkAgentInfo [Ethernet () - 100]( 1537): ValidatedState{ when=0 what=532483 target=com.android.internal.util.StateMachine$SmHandler }
D/NetworkMonitor/NetworkAgentInfo [Ethernet () - 100]( 1537): DefaultState{ when=0 what=532483 target=com.android.internal.util.StateMachine$SmHandler }
D/NetworkMonitor/NetworkAgentInfo [Ethernet () - 100]( 1537): Lingering
D/ConnectivityManager.CallbackHandler( 1656): CM callback handler got msg 524291
D/ConnectivityService( 1537): Setting tx/rx TCP buffers to 524288,1048576,2097152,262144,524288,1048576
D/ConnectivityService( 1537): notifyType AVAILABLE for NetworkAgentInfo [WIFI () - 101]
D/CSLegacyTypeTracker( 1537): Sending disconnected broadcast for type 9 NetworkAgentInfo [Ethernet () - 100] isDefaultNetwork=false
D/ConnectivityService( 1537): sendStickyBroadcast: action=android.net.conn.CONNECTIVITY_CHANGE_IMMEDIATE
D/ConnectivityManager.CallbackHandler( 1656): CM callback handler got msg 524290
D/ConnectivityService( 1537): sendStickyBroadcast: action=android.net.conn.CONNECTIVITY_CHANGE
D/CSLegacyTypeTracker( 1537): Sending connected broadcast for type 1 NetworkAgentInfo [WIFI () - 101] isDefaultNetwork=true
D/ConnectivityService( 1537): sendStickyBroadcast: action=android.net.conn.CONNECTIVITY_CHANGE_IMMEDIATE
D/Tethering( 1537): MasterInitialState.processMessage what=3
D/ConnectivityService( 1537): sendStickyBroadcast: action=android.net.conn.CONNECTIVITY_CHANGE
D/ConnectivityService( 1537): Validated NetworkAgentInfo [WIFI () - 101]
D/Tethering( 1537): MasterInitialState.processMessage what=3
E/SQLiteLog( 2056): (284) automatic index on view_events(_id)
E/RemotePrintSpooler( 1537): Error removing obsolete print jobs .
E/RemotePrintSpooler( 1537): java.util.concurrent.TimeoutException: Cannot get spooler!
E/RemotePrintSpooler( 1537): 	at com.android.server.print.RemotePrintSpooler.bindLocked(RemotePrintSpooler.java:378)
E/RemotePrintSpooler( 1537): 	at com.android.server.print.RemotePrintSpooler.getRemoteInstanceLazy(RemotePrintSpooler.java:354)
E/RemotePrintSpooler( 1537): 	at com.android.server.print.RemotePrintSpooler.removeObsoletePrintJobs(RemotePrintSpooler.java:289)
E/RemotePrintSpooler( 1537): 	at com.android.server.print.UserState.removeObsoletePrintJobs(UserState.java:165)
E/RemotePrintSpooler( 1537): 	at com.android.server.print.PrintManagerService$PrintManagerImpl$3.run(PrintManagerService.java:644)
E/RemotePrintSpooler( 1537): 	at android.os.Handler.handleCallback(Handler.java:739)
E/RemotePrintSpooler( 1537): 	at android.os.Handler.dispatchMessage(Handler.java:95)
E/RemotePrintSpooler( 1537): 	at android.os.Looper.loop(Looper.java:135)
E/RemotePrintSpooler( 1537): 	at android.os.HandlerThread.run(HandlerThread.java:61)
I/UsageStatsService( 1537): User[0] Flushing usage stats to disk
I/UsageStatsDatabase( 1537): Moving file /data/system/usagestats/0/daily/1535414427702 to /data/system/usagestats/0/daily/1535414434329
I/UsageStatsDatabase( 1537): Moving file /data/system/usagestats/0/daily/1535500824089 to /data/system/usagestats/0/daily/1535500830716
I/UsageStatsDatabase( 1537): Moving file /data/system/usagestats/0/daily/1535587217607 to /data/system/usagestats/0/daily/1535587224234
I/UsageStatsDatabase( 1537): Moving file /data/system/usagestats/0/daily/1535673617607 to /data/system/usagestats/0/daily/1535673624234
I/UsageStatsDatabase( 1537): Moving file /data/system/usagestats/0/daily/1535932810785 to /data/system/usagestats/0/daily/1535932817412
I/UsageStatsDatabase( 1537): Moving file /data/system/usagestats/0/daily/1536019200000 to /data/system/usagestats/0/daily/1536019206627
I/UsageStatsDatabase( 1537): Moving file /data/system/usagestats/0/weekly/1533772887042 to /data/system/usagestats/0/weekly/1533772893669
I/UsageStatsDatabase( 1537): Moving file /data/system/usagestats/0/weekly/1534377659529 to /data/system/usagestats/0/weekly/1534377666156
I/UsageStatsDatabase( 1537): Moving file /data/system/usagestats/0/weekly/1534982443720 to /data/system/usagestats/0/weekly/1534982450347
I/UsageStatsDatabase( 1537): Moving file /data/system/usagestats/0/weekly/1535587217607 to /data/system/usagestats/0/weekly/1535587224234
I/UsageStatsDatabase( 1537): Moving file /data/system/usagestats/0/monthly/1531872143791 to /data/system/usagestats/0/monthly/1531872150418
I/UsageStatsDatabase( 1537): Moving file /data/system/usagestats/0/monthly/1534464059529 to /data/system/usagestats/0/monthly/1534464066156
I/UsageStatsDatabase( 1537): Moving file /data/system/usagestats/0/yearly/1513728143791 to /data/system/usagestats/0/yearly/1513728150418
I/UsageStatsService( 1537): User[0] Rollover scheduled @ 2018-09-05 08:00:00(1536105600000)
D/GpsLocationProvider( 1537): received SIM realted action: 
D/GpsLocationProvider( 1537): SIM MCC/MNC is available: 46000
D/GpsLocationProvider( 1537): Reset GPS properties, previous size = 8
D/GpsLocationProvider( 1537): GpsParamsResource: SUPL_HOST=supl.google.com
D/GpsLocationProvider( 1537): GpsParamsResource: SUPL_PORT=7275
D/GpsLocationProvider( 1537): GpsParamsResource: NTP_SERVER=north-america.pool.ntp.org
D/GpsLocationProvider( 1537): GpsParamsResource: SUPL_VER=0x20000
D/GpsLocationProvider( 1537): GpsParamsResource: SUPL_MODE=1
W/GpsLocationProvider( 1537): Could not open GPS configuration file /etc/gps.ld.conf
D/GpsLocationProvider( 1537): GPS properties reloaded, size = 8
E/GpsLocationProvider( 1537): no AGPS interface in set_agps_server
E/GpsLocationProvider( 1537): no GPS configuration interface in configuraiton_update
D/GpsLocationProvider( 1537): final config = #Tue Sep 04 08:37:21 GMT+08:00 2018
D/GpsLocationProvider( 1537): SUPL_VER=0x20000
D/GpsLocationProvider( 1537): SUPL_HOST=supl.google.com
D/GpsLocationProvider( 1537): XTRA_SERVER_3=http\://xtra3.gpsonextra.net/xtra.bin
D/GpsLocationProvider( 1537): XTRA_SERVER_1=http\://xtra1.gpsonextra.net/xtra.bin
D/GpsLocationProvider( 1537): SUPL_PORT=7275
D/GpsLocationProvider( 1537): XTRA_SERVER_2=http\://xtra2.gpsonextra.net/xtra.bin
D/GpsLocationProvider( 1537): NTP_SERVER=north-america.pool.ntp.org
D/GpsLocationProvider( 1537): SUPL_MODE=1
I/FusedLocation( 1537): engine started (com.android.location.fused)
D/PhoneInterfaceManager( 1773): [PhoneIntfMgr] getDataEnabled: subId=-1 phoneId=-1
E/PhoneInterfaceManager( 1773): [PhoneIntfMgr] getDataEnabled: no phone subId=-1 retVal=false
D/TelephonyManager( 1537): getDataEnabled: retVal=false
E/GpsLocationProvider( 1537): No APN found to select.
D/PhoneInterfaceManager( 1773): [PhoneIntfMgr] getDataEnabled: subId=-1 phoneId=-1
E/PhoneInterfaceManager( 1773): [PhoneIntfMgr] getDataEnabled: no phone subId=-1 retVal=false
D/TelephonyManager( 1537): getDataEnabled: retVal=false
E/GpsLocationProvider( 1537): No APN found to select.
D/PhoneInterfaceManager( 1773): [PhoneIntfMgr] getDataEnabled: subId=-1 phoneId=-1
E/PhoneInterfaceManager( 1773): [PhoneIntfMgr] getDataEnabled: no phone subId=-1 retVal=false
D/TelephonyManager( 1537): getDataEnabled: retVal=false
E/GpsLocationProvider( 1537): No APN found to select.
D/GpsLocationProvider( 1537): NTP server returned: 1536021433674 (Tue Sep 04 08:37:13 GMT+08:00 2018) reference: 17296 certainty: 124 system time offset: -8211
D/gps_ld  ( 1537): serial_gps_inject_time: called
E/WifiStateMachine( 1537): WifiStateMachine CMD_START_SCAN source -2 txSuccessRate=-0.02 rxSuccessRate=-0.02 targetRoamBSSID=00:81:ba:06:db:c6 RSSI=-45
E/WifiStateMachine( 1537): WifiStateMachine L2Connected CMD_START_SCAN source -2 3, 4 -> obsolete
I/ActivityManager( 1537): Waited long enough for: ServiceRecord{371777bb u0 com.android.flysilkworm/.app.service.AppAutoUpdateService}
D/AdHotSeatView( 1867): updateIconButton.
E/WifiStateMachine( 1537): WifiStateMachine CMD_START_SCAN source -2 txSuccessRate=-0.00 rxSuccessRate=-0.00 targetRoamBSSID=00:81:ba:06:db:c6 RSSI=-45
E/WifiStateMachine( 1537): denglibo mScanResults.size=1
I/LdWifi  ( 1537): ld_get_eth0_ip return 172.16.2.15
D/NetworkMonitor/NetworkAgentInfo [Ethernet () - 100]( 1537): LingeringState{ when=0 what=532484 arg1=-1593365312 target=com.android.internal.util.StateMachine$SmHandler }
D/ConnectivityService( 1537): handleLingerComplete for NetworkAgentInfo [Ethernet () - 100]
D/ConnectivityService( 1537): NetworkAgentInfo [Ethernet () - 100] got DISCONNECTED, was satisfying 1
D/Ethernet( 1537): NetworkAgent: NetworkAgent channel lost
D/ConnectivityService( 1537): notifyType LOST for NetworkAgentInfo [Ethernet () - 100]
D/NetworkMonitor/NetworkAgentInfo [Ethernet () - 100]( 1537): LingeringState{ when=0 what=532487 target=com.android.internal.util.StateMachine$SmHandler }
D/NetworkMonitor/NetworkAgentInfo [Ethernet () - 100]( 1537): DefaultState{ when=0 what=532487 target=com.android.internal.util.StateMachine$SmHandler }
D/NetworkMonitor/NetworkAgentInfo [Ethernet () - 100]( 1537): Disconnected - quitting
D/ConnectivityManager.CallbackHandler( 1656): CM callback handler got msg 524292
I/EthernetNetworkFactory( 1537): Updating mNetworkAgent with: [ Transports: ETHERNET Capabilities: INTERNET&NOT_RESTRICTED&TRUSTED&NOT_VPN LinkUpBandwidth>=100000Kbps LinkDnBandwidth>=100000Kbps], [type: Ethernet[], state: DISCONNECTED/DISCONNECTED, reason: (unspecified), extra: 00:db:8c:06:c6:ba, roaming: false, failover: false, isAvailable: true, isConnectedToProvisioningNetwork: false], {LinkAddresses: []  Routes: [] DnsAddresses: [] Domains: null MTU: 0}
E/ConnectivityService( 1537): EVENT_NETWORK_CAPABILITIES_CHANGED from unknown NetworkAgent
E/ConnectivityService( 1537): EVENT_NETWORK_INFO_CHANGED from unknown NetworkAgent
E/ConnectivityService( 1537): NetworkAgent not found for EVENT_NETWORK_PROPERTIES_CHANGED
E/ConnectivityService( 1537): EVENT_NETWORK_SCORE_CHANGED from unknown NetworkAgent
D/AdHotSeatView( 1867): updateIconButton.
E/WifiStateMachine( 1537): WifiStateMachine CMD_START_SCAN source -2 txSuccessRate=-0.00 rxSuccessRate=-0.00 targetRoamBSSID=00:81:ba:06:db:c6 RSSI=-45
D/AdHotSeatView( 1867): updateIconButton.
E/WifiStateMachine( 1537): WifiStateMachine CMD_START_SCAN source -2 txSuccessRate=-0.00 rxSuccessRate=-0.00 targetRoamBSSID=00:81:ba:06:db:c6 RSSI=-45
E/WifiStateMachine( 1537): denglibo mScanResults.size=1
I/LdWifi  ( 1537): ld_get_eth0_ip return 172.16.2.15
D/AdHotSeatView( 1867): updateIconButton.
I/appproc ( 2090): denglibo exec app_process! cmdline: /system/bin com.android.commands.wm.Wm size 
D/AndroidRuntime( 2090): >>>>>> START com.android.internal.os.RuntimeInit uid 0 <<<<<<
D/AndroidRuntime( 2090): CheckJNI is OFF
D/libnativebridge( 2090): PreInitializeNativeBridge name=unknown
E/memtrack( 2090): Couldn't load memtrack module (No such file or directory)
E/android.os.Debug( 2090): failed to load memtrack module: -2
D/AndroidRuntime( 2090): Calling main entry com.android.commands.wm.Wm
D/AndroidRuntime( 2090): Shutting down VM
D/libnativebridge( 2090): call UnloadNativeBridge! state=1
I/appproc ( 2111): denglibo exec app_process! cmdline: /system/bin com.android.commands.monkey.Monkey -p com.jieshun.jslife -s 336 --throttle 300 --ignore-crashes --ignore-timeouts --pct-touch 60 --pct-trackball 12 --pct-appswitch 5 --pct-syskeys 10 --pct-motion 13 -v -v 100 
D/AndroidRuntime( 2111): >>>>>> START com.android.internal.os.RuntimeInit uid 0 <<<<<<
D/AndroidRuntime( 2111): CheckJNI is OFF
D/libnativebridge( 2111): PreInitializeNativeBridge name=unknown
E/memtrack( 2111): Couldn't load memtrack module (No such file or directory)
E/android.os.Debug( 2111): failed to load memtrack module: -2
D/AndroidRuntime( 2111): Calling main entry com.android.commands.monkey.Monkey
W/BroadcastQueue( 1537): Skipping deliver [background] BroadcastRecord{3094f740 u-1 android.net.conn.CONNECTIVITY_CHANGE} to ReceiverList{e42f679 2111 (unknown name)/0/u-1 remote:3d5f6e72}: process crashing
I/ActivityManager( 1537): START u0 {act=android.intent.action.MAIN cat=[android.intent.category.LAUNCHER] flg=0x10200000 cmp=com.jieshun.jslife/.activity.common.WelcomeActivity} from uid 0 on display 0
V/WindowManager( 1537): addAppToken: AppWindowToken{272476c token=Token{2029f81f ActivityRecord{1431ffbe u0 com.jieshun.jslife/.activity.common.WelcomeActivity t2}}} to stack=1 task=2 at 0
I/EmuCoreService( 1764): Broadcast action = android.intent.action.TOP_ACTIVITY_CHANGED
I/EmuCoreService( 1764): HostService Init inited = true
D/libnativebridge( 2127): PreInitializeNativeBridge name=zygote
I/ActivityManager( 1537): Start proc 2127:com.jieshun.jslife/u0a28 for activity com.jieshun.jslife/.activity.common.WelcomeActivity
V/libnb   ( 2127): enter native_bridge2_initialize /data/data/com.jieshun.jslife/code_cache arm
D/houdini ( 2127): [2127] Initialize library(version: 5.0.7b_x.48396 RELEASE)... successfully.
D/libnativebridge( 2127): denglibo call InitializeNativeBridge! ret=true
E/ActivityManager( 1537): denglibo handle startActivityAsUser Intent { act=android.intent.action.MAIN cat=[android.intent.category.HOME] flg=0x10200000 } error!!!
E/ActivityManager( 1537): java.lang.NullPointerException: Attempt to invoke virtual method 'java.lang.String android.content.ComponentName.getPackageName()' on a null object reference
E/ActivityManager( 1537): 	at com.android.server.am.ActivityManagerService.startActivityAsUser(ActivityManagerService.java:3386)
E/ActivityManager( 1537): 	at android.app.ContextImpl.startActivityAsUser(ContextImpl.java:1252)
E/ActivityManager( 1537): 	at android.app.ContextImpl.startActivityAsUser(ContextImpl.java:1231)
E/ActivityManager( 1537): 	at com.android.internal.policy.impl.PhoneWindowManager.startActivityAsUser(PhoneWindowManager.java:2893)
E/ActivityManager( 1537): 	at com.android.internal.policy.impl.PhoneWindowManager.startDockOrHome(PhoneWindowManager.java:5851)
E/ActivityManager( 1537): 	at com.android.internal.policy.impl.PhoneWindowManager.launchHomeFromHotKey(PhoneWindowManager.java:3021)
E/ActivityManager( 1537): 	at com.android.internal.policy.impl.PhoneWindowManager.handleShortPressOnHome(PhoneWindowManager.java:1140)
E/ActivityManager( 1537): 	at com.android.internal.policy.impl.PhoneWindowManager.interceptKeyBeforeDispatching(PhoneWindowManager.java:2480)
E/ActivityManager( 1537): 	at com.android.server.wm.InputMonitor.interceptKeyBeforeDispatching(InputMonitor.java:388)
E/ActivityManager( 1537): 	at com.android.server.input.InputManagerService.interceptKeyBeforeDispatching(InputManagerService.java:1481)
I/ActivityManager( 1537): START u0 {act=android.intent.action.MAIN cat=[android.intent.category.HOME] flg=0x10200000 cmp=com.android.launcher3/.Launcher} from uid 1000 on display 0
I/MultiDex( 2127): VM with version 2.1.0 has multidex support
I/MultiDex( 2127): install
I/MultiDex( 2127): VM has multidex support, MultiDex support library is disabled.
D/AdHotSeatView( 1867): launcherAd.
I/ActivityManager( 1537): START u0 {flg=0x10200000 cmp=com.android.flysilkworm/.app.activity.FrameworkActivity (has extras)} from uid 10020 on display 0
D/AdHotSeatView( 1867): launcher Ad Store.
D/AudioTrack( 1537): use orig AudioTrack! mIsTimed=0 transferType=0 flags=4
