D/Ble     ( 2231):  initialize ======================== mBluetoothManager = android.bluetooth.BluetoothManager@a50268
D/Ble     ( 2231):  initialize ======================== mBluetoothManager = android.bluetooth.BluetoothManager@a50268
D/sensor_ld( 1537): cb_setDelay handle=0 delay-ns=20000000
D/com.jieshun.jslife.service.InitService( 2231): InitService onHandleIntent, 开始初始化....
I/FFmpegExtractor( 1367): android-source:0xb4024200
W/ImageLoader( 2231): memoryCache() and memoryCacheSize() calls overlap each other
D/FFMPEG  ( 1367): android source begin open
D/FFMPEG  ( 1367): android open, url: android-source:0xb4024200
D/FFMPEG  ( 1367): ffmpeg open android data source success, source ptr: 0xb4024200
D/FFMPEG  ( 1367): android source open success
D/ImageLoader( 2231): Initialize ImageLoader with configuration
D/TAG     ( 2231):  InitService 蓝牙动态秘钥 key = null JSUtils.isSupportBle(this) = true
D/XMPP    ( 2231): init success !!!!
I/FFMPEG  ( 1367): Input #0, wav, from 'android-source:0xb4024200':
I/FFMPEG  ( 1367):   Duration: 00:00:00.91, bitrate: 353 kb/s
I/FFMPEG  ( 1367):     Stream #0:0: Audio: pcm_s16le ([1][0][0][0] / 0x0001), 11025 Hz, 2 channels, s16, 352 kb/s
I/FFmpegExtractor( 1367): FFmpegExtrator, url: android-source:0xb4024200, format_name: wav, format_long_name: WAV / WAVE (Waveform Audio)
I/FFmpegExtractor( 1367): list the formats suppoted by ffmpeg: 
I/FFmpegExtractor( 1367): ========================================
I/FFmpegExtractor( 1367): ========================================
D/FFmpegExtractor( 1367): unsuppoted codec(pcm_s16le) by official Stagefright
D/FFMPEG  ( 1367): android source close
I/FFmpegExtractor( 1367): sniff through BetterSniffFFMPEG success
D/FFmpegExtractor( 1367): ffmpeg detected media content as 'audio/x-wav' with confidence 0.88
D/NuPlayerDriver( 1367): start(0xb584ed60)
I/GenericSource( 1367): start
I/art     ( 2231): Background sticky concurrent mark sweep GC freed 27618(1764KB) AllocSpace objects, 18(1170KB) LOS objects, 13% free, 10MB/12MB, paused 296us total 405.935ms
D/NuPlayerDriver( 1367): reset(0xb584ed60)
D/NuPlayerDriver( 1367): notifyResetComplete(0xb584ed60)
I/FFmpegExtractor( 1367): android-source:0xb4024200
D/FFMPEG  ( 1367): android source begin open
D/FFMPEG  ( 1367): android open, url: android-source:0xb4024200
D/FFMPEG  ( 1367): ffmpeg open android data source success, source ptr: 0xb4024200
D/FFMPEG  ( 1367): android source open success
I/FFMPEG  ( 1367): Input #0, wav, from 'android-source:0xb4024200':
I/FFMPEG  ( 1367):   Duration: 00:00:01.13, bitrate: 353 kb/s
I/FFMPEG  ( 1367):     Stream #0:0: Audio: pcm_s16le ([1][0][0][0] / 0x0001), 11025 Hz, 2 channels, s16, 352 kb/s
I/FFmpegExtractor( 1367): FFmpegExtrator, url: android-source:0xb4024200, format_name: wav, format_long_name: WAV / WAVE (Waveform Audio)
I/FFmpegExtractor( 1367): list the formats suppoted by ffmpeg: 
I/FFmpegExtractor( 1367): ========================================
I/FFmpegExtractor( 1367): ========================================
D/FFmpegExtractor( 1367): unsuppoted codec(pcm_s16le) by official Stagefright
D/FFMPEG  ( 1367): android source close
I/FFmpegExtractor( 1367): sniff through BetterSniffFFMPEG success
D/FFmpegExtractor( 1367): ffmpeg detected media content as 'audio/x-wav' with confidence 0.88
D/NuPlayerDriver( 1367): start(0xb402f280)
I/GenericSource( 1367): start
D/NuPlayerDriver( 1367): reset(0xb402f280)
D/NuPlayerDriver( 1367): notifyResetComplete(0xb402f280)
D/com.jieshun.jslife.activity.common.LoadingActivity( 2231): context = com.jieshun.jslife.application.GlobalApplication@30cca326, isLogin=false, savedInstanceState = null
D/OpenGLRenderer( 2231): Use EGL_SWAP_BEHAVIOR_PRESERVED: true
I/MobclickAgent( 2231): Start new session: 03F3A7CB83C3BA40DAEB5EB2DA492AF6
D/WifiService( 1537): New client listening to asynchronous messages
I/gralloc_x86( 2231): --denglibo-- fallback_init, force return by denglibo
I/HostConnection( 2231): HostConnection::HostConnection: pid=2231, tid=2231, this=0xb3efaa10
I/        ( 2231): fastpipe: Connect success
D/HostConnection( 2231): HostRPC::connect sucess: app=com.jieshun.jslife, pid=2231, tid=2231, this=0xa2c4c000
