W/art     ( 1534): Long monitor contention event with owner method=void com.android.server.am.ActivityManagerService.systemReady(java.lang.Runnable) from ActivityManagerService.java:11425 waiters=0 for 151ms
W/ActivityManager( 1534): No pending application record for pid 1856 (IApplicationThread android.app.ApplicationThreadProxy@1f692f0d); dropping process
D/RttService( 1534): SCAN_AVAILABLE : 1
D/WifiScanningService( 1534): DefaultState got{ when=0 what=160007 target=com.android.internal.util.StateMachine$SmHandler }
D/RttService( 1534): DefaultState got{ when=0 what=160513 target=com.android.internal.util.StateMachine$SmHandler }
I/art     ( 1371): Explicit concurrent mark sweep GC freed 5(160B) AllocSpace objects, 0(0B) LOS objects, 40% free, 7MB/12MB, paused 94us total 8.450ms
D/libnativebridge( 1916): call UnloadNativeBridge! state=1
I/EmuCoreService( 1871): Broadcast action = android.intent.action.TOP_ACTIVITY_CHANGED
I/EmuCoreService( 1871): CoreService create!
I/EmuCoreService( 1871): HostService Init inited = false
I/EmuCoreService( 1871):  Listener running !
I/EmuCoreService( 1871): HostService Init inited = true
I/        ( 1871): fastpipe: Connect success
V/ActivityManager( 1534): Display changed displayId=0
I/Choreographer( 1534): Skipped 85 frames!  The application may be doing too much work on its main thread.
D/AlarmManagerService( 1534): Setting time of day to sec=1532998715
W/art     ( 1696): Verification of void com.android.providers.downloads.DownloadNotifier.updateWithLocked(java.util.Collection) took 195.452ms
D/Launcher.LauncherProvider( 1916): 11683562 - initializeMaxScreenId(): 3
V/Launcher( 1916): LauncherAppState inited
I/Telecom ( 1534): TelecomGlobals: TelecomGlobals initializing
I/ActivityManager( 1534): Start proc 1939:android.process.acore/u0a1 for content provider com.android.providers.contacts/.CallLogProvider
D/libnativebridge( 1939): call UnloadNativeBridge! state=1
D/TelephonyProvider( 1887): dbh.onOpen: ok, queried table=siminfo
D/TelephonyProvider( 1887): dbh.onOpen: ok, queried table=carriers
E/GpsLocationProvider( 1534): No APN found to select.
I/gps_ld  ( 1534): serial_gps_init: called
I/gps_ld  ( 1534): gps_callback_command_init: called
I/gps_ld  ( 1534): GpsHost::init
E/GpsLocationProvider( 1534): no AGPS interface in set_agps_server
D/gps_ld  ( 1534): GPS call-back thread startup
I/        ( 1534): fastpipe: Connect success
I/gps_ld  ( 1534): GpsHost::recv NewLocation 39.915000, 116.404000
D/gps_ld  ( 1534):  gps_on_location latitude = 39.915000, longitude = 116.404000 
D/BluetoothManagerService( 1534): Trying to bind to profile: 1, while Bluetooth was disabled
D/BluetoothManagerService( 1534): Message: 30
D/VolumeUI( 1657): Registering volume controller
W/ActivityManager( 1534): Unable to start service Intent { cmp=com.android.printspooler/.model.PrintSpoolerService } U=0: not found
I/Telecom ( 1534): TelecomGlobals: CallsManager initialized
W/ContextImpl( 1534): Calling a method in the system process without a qualified user: android.app.ContextImpl.startService:1692 android.content.ContextWrapper.startService:516 com.android.server.telecom.BluetoothPhoneService.start:440 com.android.server.telecom.TelecomGlobals.initialize:93 com.android.server.telecom.TelecomService.onCreate:164 
D/Tethering( 1534): MasterInitialState.processMessage what=3
D/ZenLog  ( 1534): downtime: Autotrigger skipped: already in zen
D/Launcher.Model( 1916): Old launcher provider: content://com.android.launcher2.settings/favorites?notify=true
D/Launcher.Model( 1916): Old launcher provider does not exist.
W/ResourcesManager( 1534): Asset path '/system/framework/com.android.location.provider.jar' does not exist or contains no resources.
D/GpsNetInitiatedHandler( 1534): location enabled :true
V/WiredAccessoryManager( 1534): notifyWiredAccessoryChanged: when=0 bits= mask=54
V/WiredAccessoryManager( 1534): newName=h2w newState=0 headsetState=0 prev headsetState=0
E/WiredAccessoryManager( 1534): No state change.
V/WiredAccessoryManager( 1534): init()
W/Launcher( 1916): setApplicationContext called twice! old=com.android.launcher3.LauncherApplication@127e4a14 new=com.android.launcher3.LauncherApplication@127e4a14
W/AppWidgetServiceImpl( 1534): Failed to read state: java.io.FileNotFoundException: /data/system/users/0/appwidgets.xml: open failed: ENOENT (No such file or directory)
V/AppWidgetServiceImpl( 1534): Upgrading widget database from 0 to 1
D/BluetoothManagerService( 1534): Message: 300
D/PermissionCache( 1361): checking android.permission.HARDWARE_TEST for uid=1000 => granted (48 us)
D/BlueZ   ( 1367): external/bluetooth/bluez/android/hal-audio.c:audio_set_mic_mute() 
W/art     ( 1939): Verification of int com.android.providers.contacts.ContactsProvider2.countPhoneNumberDigits(java.lang.String) took 100.998ms
D/BluetoothManagerService( 1534): MESSAGE_USER_SWITCHED
I/StatusBarManagerService( 1534): registerStatusBar bar=com.android.internal.statusbar.IStatusBar$Stub$Proxy@1999ae2c
V/BackupManagerService( 1534): Connected to transport ComponentInfo{android/com.android.internal.backup.LocalTransportService}
V/BackupManagerService( 1534): Registering transport android/com.android.internal.backup.LocalTransportService::android/com.android.internal.backup.LocalTransport = android.app.backup.BackupTransport$TransportImpl@1b88c0f5
I/AppiumUnicodeIME( 1718): onStartInput
I/HostConnection( 1534): HostConnection::HostConnection: pid=1534, tid=1534, this=0xa0fd6060
I/        ( 1534): fastpipe: Connect success
D/HostConnection( 1534): HostRPC::connect sucess: app=system_server, pid=1534, tid=1534, this=0xb3c9b000
D/HostConnection( 1534): queryAndSetGLESMaxVersion select gles-version: 2.0 hostGLVersion:31 process:system_server
D/BluetoothManagerService( 1534): Message: 30
D/BluetoothManagerService( 1534): Trying to bind to profile: 1, while Bluetooth was disabled
D/AdHotSeatView( 1916): resetLayout
W/art     ( 1939): Verification of com.android.i18n.phonenumbers.geocoding.PhoneNumberOfflineGeocoder com.android.providers.contacts.DefaultCallLogInsertionHelper.getPhoneNumberOfflineGeocoder() took 112.248ms
W/ResourceType( 1916): Attempt to retrieve bag 0x7f0d0008 which is invalid or in a cycle.
I/ActivityManager( 1534): Start proc 1968:com.android.flysilkworm/u0a25 for broadcast com.android.flysilkworm/.app.service.PowerBootReceiver
W/Searchables( 1534): No global search activity found
D/libnativebridge( 1968): call UnloadNativeBridge! state=1
D/Launcher.Model( 1916): 11683562 - loadWorkspace()
D/Launcher.Model( 1916): 11683562 -   loadedOldDb: false
W/Launcher( 1916): setApplicationContext called twice! old=com.android.launcher3.LauncherApplication@127e4a14 new=com.android.launcher3.LauncherApplication@127e4a14
E/Launcher( 1916): wallpaper:desiredMinimumWidth=720
E/Launcher( 1916): wallpaper:desiredMinimumHeight=1280
E/Launcher( 1916): wallpaper:bmp.W=720
E/Launcher( 1916): wallpaper:bmp.H=1280
I/ContactLocale( 1939): AddressBook Labels [zh-CN]: [, A, B, C, D, E, F, G, H, I, J, K, L, M, N, O, P, Q, R, S, T, U, V, W, X, Y, Z, Α, Β, Γ, Δ, Ε, Ζ, Η, Θ, Ι, Κ, Λ, Μ, Ν, Ξ, Ο, Π, Ρ, Σ, Τ, Υ, Φ, Χ, Ψ, Ω, , А, Б, В, Г, Д, Ђ, Е, Є, Ж, З, И, І, Ї, Й, Ј, К, Л, Љ, М, Н, Њ, О, П, Р, С, Т, Ћ, У, Ф, Х, Ц, Ч, Џ, Ш, Щ, Ю, Я, , א, ב, ג, ד, ה, ו, ז, ח, ט, י, כ, ל, מ, נ, ס, ע, פ, צ, ק, ר, ש, ת, , ا, ب, ت, ث, ج, ح, خ, د, ذ, ر, ز, س, ش, ص, ض, ط, ظ, ع, غ, ف, ق, ك, ل, م, ن, ه, و, ي, , ก, ข, ฃ, ค, ฅ, ฆ, ง, จ, ฉ, ช, ซ, ฌ, ญ, ฎ, ฏ, ฐ, ฑ, ฒ, ณ, ด, ต, ถ, ท, ธ, น, บ, ป, ผ, ฝ, พ, ฟ, ภ, ม, ย, ร, ฤ, ล, ฦ, ว, ศ, ษ, ส, ห, ฬ, อ, ฮ, , ㄱ, ㄴ, ㄷ, ㄹ, ㅁ, ㅂ, ㅅ, ㅇ, ㅈ, ㅊ, ㅋ, ㅌ, ㅍ, ㅎ, , あ, か, さ, た, な, は, ま, や, ら, わ, #, ]
D/WifiService( 1534): New client listening to asynchronous messages
D/BluetoothManagerService( 1534): Message: 20
D/BluetoothManagerService( 1534): Added callback: android.bluetooth.IBluetoothManagerCallback$Stub$Proxy@2b7b2a89:true
D/BluetoothAdapter( 1657): 627239981: getState() :  mService = null. Returning STATE_OFF
D/BluetoothAdapter( 1657): 627239981: getState() :  mService = null. Returning STATE_OFF
D/BluetoothManagerService( 1534): Message: 30
E/BluetoothA2dp( 1657): Could not bind to Bluetooth A2DP Service with Intent { act=android.bluetooth.IBluetoothA2dp }
D/BluetoothManagerService( 1534): Message: 30
E/BluetoothA2dpSink( 1657): Could not bind to Bluetooth A2DP Service with Intent { act=android.bluetooth.IBluetoothA2dpSink }
D/BluetoothManagerService( 1534): Message: 30
E/BluetoothAvrcpController( 1657): Could not bind to Bluetooth AVRCP Controller Service with Intent { act=android.bluetooth.IBluetoothAvrcpController }
D/BluetoothManagerService( 1534): Message: 30
D/BluetoothManagerService( 1534): Trying to bind to profile: 1, while Bluetooth was disabled
D/BluetoothManagerService( 1534): Message: 30
E/BluetoothHeadsetClient( 1657): Could not bind to Bluetooth Headset Client Service with Intent { act=android.bluetooth.IBluetoothHeadsetClient }
D/BluetoothManagerService( 1534): Message: 30
E/BluetoothInputDevice( 1657): Could not bind to Bluetooth HID Service with Intent { act=android.bluetooth.IBluetoothInputDevice }
D/BluetoothMap( 1657): Create BluetoothMap proxy object
D/BluetoothManagerService( 1534): Message: 30
E/BluetoothMap( 1657): Could not bind to Bluetooth MAP Service with Intent { act=android.bluetooth.IBluetoothMap }
D/BluetoothManagerService( 1534): Message: 30
E/BluetoothPan( 1657): Could not bind to Bluetooth Pan Service with Intent { act=android.bluetooth.IBluetoothPan }
D/ConnectivityService( 1534): listenForNetwork for NetworkRequest [ id=2, legacyType=-1, [] ]
D/ConnectivityService( 1534): handleRegisterNetworkRequest checking NetworkAgentInfo [Ethernet () - 100]
D/ConnectivityService( 1534): apparently satisfied.  currentScore=50
I/CameraManagerGlobal( 1657): getCameraService: Reconnecting to camera service
D/ConnectivityManager.CallbackHandler( 1657): CM callback handler got msg 524290
I/CameraService( 1367): getCameraCharacteristics: Switching to HAL1 shim implementation...
D/Camera_Factory( 1367): CameraFactory::get_camera_info
D/Camera_Factory( 1367): CameraFactory::getCameraInfo: id = 0, info = 0xb3d03978
D/Camera_Factory( 1367): CameraFactory::getCameraNum: 2
D/CameraHardware( 1367): CameraHardware::getCameraInfo
D/Camera_Factory( 1367): CameraFactory::get_camera_info
D/Camera_Factory( 1367): CameraFactory::getCameraInfo: id = 0, info = 0xb3d03710
D/Camera_Factory( 1367): CameraFactory::getCameraNum: 2
D/CameraHardware( 1367): CameraHardware::getCameraInfo
I/FFmpegExtractor( 1367): android-source:0xb584f540
D/FFMPEG  ( 1367): android source begin open
D/FFMPEG  ( 1367): android open, url: android-source:0xb584f540
D/FFMPEG  ( 1367): ffmpeg open android data source success, source ptr: 0xb584f540
D/FFMPEG  ( 1367): android source open success
I/FFMPEG  ( 1367): Input #0, ogg, from 'android-source:0xb584f540':
I/FFMPEG  ( 1367):   Duration: 00:00:00.41, start: 0.000000, bitrate: 135 kb/s
I/FFMPEG  ( 1367):     Stream #0:0: Audio: vorbis, 44100 Hz, stereo, fltp, 80 kb/s
I/FFmpegExtractor( 1367): FFmpegExtrator, url: android-source:0xb584f540, format_name: ogg, format_long_name: Ogg
I/FFmpegExtractor( 1367): list the formats suppoted by ffmpeg: 
I/FFmpegExtractor( 1367): ========================================
I/FFmpegExtractor( 1367): ========================================
I/FFmpegExtractor( 1367): adjust mime(application/ogg -> audio/vorbis)
D/FFmpegExtractor( 1367): suppoted codec(vorbis) by official Stagefright
D/FFMPEG  ( 1367): android source close
I/FFmpegExtractor( 1367): sniff through BetterSniffFFMPEG success
D/FFmpegExtractor( 1367): ffmpeg detected media content as 'audio/vorbis' with confidence 0.08
D/Launcher.Model( 1916): 11683562 - loadWorkspaceScreensDb()
D/Launcher.Model( 1916): 11683562 -   screens: { 0: 3 }
D/Launcher.Model( 1916): 11683562 -   sBgWorkspaceScreens: 3
I/FFmpegExtractor( 1367): android-source:0xb584fa80
D/FFMPEG  ( 1367): android source begin open
D/FFMPEG  ( 1367): android open, url: android-source:0xb584fa80
D/FFMPEG  ( 1367): ffmpeg open android data source success, source ptr: 0xb584fa80
D/FFMPEG  ( 1367): android source open success
I/FFMPEG  ( 1367): Input #0, ogg, from 'android-source:0xb584fa80':
I/FFMPEG  ( 1367):   Duration: 00:00:00.38, start: 0.000000, bitrate: 286 kb/s
I/FFMPEG  ( 1367):     Stream #0:0: Audio: vorbis, 44100 Hz, stereo, fltp, 224 kb/s
I/FFmpegExtractor( 1367): FFmpegExtrator, url: android-source:0xb584fa80, format_name: ogg, format_long_name: Ogg
I/FFmpegExtractor( 1367): list the formats suppoted by ffmpeg: 
I/FFmpegExtractor( 1367): ========================================
I/FFmpegExtractor( 1367): ========================================
I/FFmpegExtractor( 1367): adjust mime(application/ogg -> audio/vorbis)
D/FFmpegExtractor( 1367): suppoted codec(vorbis) by official Stagefright
D/FFMPEG  ( 1367): android source close
I/FFmpegExtractor( 1367): sniff through BetterSniffFFMPEG success
D/FFmpegExtractor( 1367): ffmpeg detected media content as 'audio/vorbis' with confidence 0.08
I/CameraClient( 1367): Opening camera 0
D/Camera_Factory( 1367): CameraFactory::get_camera_info
D/Camera_Factory( 1367): CameraFactory::getCameraInfo: id = 0, info = 0xb3d036a0
D/Camera_Factory( 1367): CameraFactory::getCameraNum: 2
D/CameraHardware( 1367): CameraHardware::getCameraInfo
D/Camera_Factory( 1367): CameraFactory::device_open: name = 0
D/Camera_Factory( 1367): CameraFactory::cameraDeviceOpen: id = 0
D/Camera_Factory( 1367): CameraFactory::getCameraNum: 2
D/CameraHardware( 1367): CameraHardware::PowerOn: Power ON camera.
D/CameraHardware( 1367): CameraHardware::PowerOn: no power_file set
D/CameraHardware( 1367): CameraHardware::initDefaultParameters
D/V4L2Camera( 1367): V4L2CameraHost::V4L2CameraHost
I/        ( 1367): fastpipe: Connect success
D/V4L2Camera( 1367): V4L2CameraHost::getAvailableFormats from host
D/V4L2Camera( 1367): V4L2Camera::getAvailableSizes
D/V4L2Camera( 1367): V4L2Camera::getAvailableFps
I/CameraHardware( 1367): Default preview size: (1280 x 720), fps:25
I/CameraHardware( 1367): All available formats: 176x144,240x160,320x200,320x240,352x288,432x320,480x320,640x480,1280x720
I/CameraHardware( 1367): All available fps: (25,25)
I/CameraHardware( 1367): Default picture size: (1280 x 720)
D/CameraHardware( 1367): CameraHardware::setParameters
D/CameraHardware( 1367): CameraHardware::setParameters: PREVIEW: Size 1280x720, 25 fps, format: yuv422sp
D/CameraHardware( 1367): CameraHardware::setParameters: PICTURE: Size 1280x720, format: jpeg
D/CameraHardware( 1367): CameraHardware::setParameters: VIDEO: Size 1280x720, format: yuv420p
D/CameraHardware( 1367): CameraHardware::initHeapLocked
E/CameraHardware( 1367): No memory allocator available
D/CameraHardware( 1367): CameraHardware::setParameters: OK parms=antibanding=auto;antibanding-values=auto;effect=none;effect-values=none;flash-mode=off;flash-mode-values=off;focal-length=4;focus-mode=fixed;focus-mode-values=fixed;horizontal-view-angle=90;jpeg-quality=85;jpeg-thumbnail-size-values=640x480,0x0;max-video-continuous-zoom=0;max-zoom=100;picture-format=jpeg;picture-format-values=jpeg;picture-size=1280x720;picture-size-values=176x144,240x160,320x200,320x240,352x288,432x320,480x320,640x480,1280x720;preferred-preview-size-for-video=640x480;preview-format=yuv422sp;preview-format-values=yuv422i-yuyv,yuv422sp,yuv420sp,yuv420p;preview-fps-range-values=(25,25);preview-frame-rate=25;preview-frame-rate-values=25;preview-size=1280x720;preview-size-values=176x144,240x160,320x200,320x240,352x288,432x320,480x320,640x480,1280x720;rotation=0;rotation-values=0;scene-mode=auto;scene-mode-values=auto;smooth-zoom-supported=false;vertical-view-angle=90;video-frame-format=yuv420p;video-size=1280x720;video-size-values=176x144,240x160,320x200,32
D/CameraHardware( 1367): CameraHardware::connectCamera
D/CameraHardware( 1367): CameraHardware::setCallbacks
D/CameraHardware( 1367): CameraHardware::enableMsgType: 3085
D/CameraHardware( 1367): CameraHardware::getParameters
D/CameraHardware( 1367): CameraHardware::putParameters
D/CameraHardware( 1367): CameraHardware::disableMsgType: 65535
D/CameraHardware( 1367): CameraHardware::stopPreview
D/CameraHardware( 1367): CameraHardware::stopPreviewLocked
D/CameraHardware( 1367): CameraHardware::stopPreviewLocked: OK
D/CameraHardware( 1367): CameraHardware::cancelPicture
D/CameraHardware( 1367): CameraHardware::releaseCamera
I/CameraClient( 1367): Destroying camera 0
D/CameraHardware( 1367): CameraHardware::closeCamera
D/CameraHardware( 1367): CameraHardware::releaseCamera
D/NuPlayerDriver( 1367): reset(0xb584edc0)
D/NuPlayerDriver( 1367): notifyResetComplete(0xb584edc0)
D/NuPlayerDriver( 1367): reset(0xb584efa0)
D/NuPlayerDriver( 1367): notifyResetComplete(0xb584efa0)
I/CameraService( 1367): getCameraCharacteristics: Switching to HAL1 shim implementation...
D/Camera_Factory( 1367): CameraFactory::get_camera_info
D/Camera_Factory( 1367): CameraFactory::getCameraInfo: id = 1, info = 0xbfb0b158
D/Camera_Factory( 1367): CameraFactory::getCameraNum: 2
D/CameraHardware( 1367): CameraHardware::getCameraInfo
D/Camera_Factory( 1367): CameraFactory::get_camera_info
D/Camera_Factory( 1367): CameraFactory::getCameraInfo: id = 1, info = 0xbfb0aef0
D/Camera_Factory( 1367): CameraFactory::getCameraNum: 2
D/CameraHardware( 1367): CameraHardware::getCameraInfo
D/V4L2Camera( 1367): V4L2CameraHost::threadLoop entered.
I/FFmpegExtractor( 1367): android-source:0xb4024240
D/FFMPEG  ( 1367): android source begin open
D/FFMPEG  ( 1367): android open, url: android-source:0xb4024240
D/FFMPEG  ( 1367): ffmpeg open android data source success, source ptr: 0xb4024240
D/FFMPEG  ( 1367): android source open success
I/FFMPEG  ( 1367): Input #0, ogg, from 'android-source:0xb4024240':
I/FFMPEG  ( 1367):   Duration: 00:00:00.41, start: 0.000000, bitrate: 135 kb/s
I/FFMPEG  ( 1367):     Stream #0:0: Audio: vorbis, 44100 Hz, stereo, fltp, 80 kb/s
I/FFmpegExtractor( 1367): FFmpegExtrator, url: android-source:0xb4024240, format_name: ogg, format_long_name: Ogg
I/FFmpegExtractor( 1367): list the formats suppoted by ffmpeg: 
I/FFmpegExtractor( 1367): ========================================
I/FFmpegExtractor( 1367): ========================================
I/FFmpegExtractor( 1367): adjust mime(application/ogg -> audio/vorbis)
D/FFmpegExtractor( 1367): suppoted codec(vorbis) by official Stagefright
D/FFMPEG  ( 1367): android source close
I/FFmpegExtractor( 1367): sniff through BetterSniffFFMPEG success
D/FFmpegExtractor( 1367): ffmpeg detected media content as 'audio/vorbis' with confidence 0.08
I/FFmpegExtractor( 1367): android-source:0xb4024800
D/FFMPEG  ( 1367): android source begin open
D/FFMPEG  ( 1367): android open, url: android-source:0xb4024800
D/FFMPEG  ( 1367): ffmpeg open android data source success, source ptr: 0xb4024800
D/FFMPEG  ( 1367): android source open success
I/FFMPEG  ( 1367): Input #0, ogg, from 'android-source:0xb4024800':
I/FFMPEG  ( 1367):   Duration: 00:00:00.38, start: 0.000000, bitrate: 286 kb/s
I/FFMPEG  ( 1367):     Stream #0:0: Audio: vorbis, 44100 Hz, stereo, fltp, 224 kb/s
I/FFmpegExtractor( 1367): FFmpegExtrator, url: android-source:0xb4024800, format_name: ogg, format_long_name: Ogg
I/FFmpegExtractor( 1367): list the formats suppoted by ffmpeg: 
I/FFmpegExtractor( 1367): ========================================
I/FFmpegExtractor( 1367): ========================================
I/FFmpegExtractor( 1367): adjust mime(application/ogg -> audio/vorbis)
D/FFmpegExtractor( 1367): suppoted codec(vorbis) by official Stagefright
D/FFMPEG  ( 1367): android source close
I/FFmpegExtractor( 1367): sniff through BetterSniffFFMPEG success
D/FFmpegExtractor( 1367): ffmpeg detected media content as 'audio/vorbis' with confidence 0.08
I/CameraClient( 1367): Opening camera 1
D/Camera_Factory( 1367): CameraFactory::get_camera_info
D/Camera_Factory( 1367): CameraFactory::getCameraInfo: id = 1, info = 0xbfb0ae80
D/Camera_Factory( 1367): CameraFactory::getCameraNum: 2
D/CameraHardware( 1367): CameraHardware::getCameraInfo
D/Camera_Factory( 1367): CameraFactory::device_open: name = 1
D/Camera_Factory( 1367): CameraFactory::cameraDeviceOpen: id = 1
D/Camera_Factory( 1367): CameraFactory::getCameraNum: 2
D/CameraHardware( 1367): CameraHardware::PowerOn: Power ON camera.
D/CameraHardware( 1367): CameraHardware::PowerOn: no power_file set
D/CameraHardware( 1367): CameraHardware::initDefaultParameters
D/V4L2Camera( 1367): V4L2Camera::getAvailableSizes
D/V4L2Camera( 1367): V4L2Camera::getAvailableFps
I/CameraHardware( 1367): Default preview size: (1280 x 720), fps:25
I/CameraHardware( 1367): All available formats: 176x144,240x160,320x200,320x240,352x288,432x320,480x320,640x480,1280x720
I/CameraHardware( 1367): All available fps: (25,25)
I/CameraHardware( 1367): Default picture size: (1280 x 720)
D/CameraHardware( 1367): CameraHardware::setParameters
D/CameraHardware( 1367): CameraHardware::setParameters: PREVIEW: Size 1280x720, 25 fps, format: yuv422sp
D/CameraHardware( 1367): CameraHardware::setParameters: PICTURE: Size 1280x720, format: jpeg
D/CameraHardware( 1367): CameraHardware::setParameters: VIDEO: Size 1280x720, format: yuv420p
D/CameraHardware( 1367): CameraHardware::initHeapLocked
E/CameraHardware( 1367): No memory allocator available
D/CameraHardware( 1367): CameraHardware::setParameters: OK parms=antibanding=auto;antibanding-values=auto;effect=none;effect-values=none;flash-mode=off;flash-mode-values=off;focal-length=4;focus-mode=fixed;focus-mode-values=fixed;horizontal-view-angle=90;jpeg-quality=85;jpeg-thumbnail-size-values=640x480,0x0;max-video-continuous-zoom=0;max-zoom=100;picture-format=jpeg;picture-format-values=jpeg;picture-size=1280x720;picture-size-values=176x144,240x160,320x200,320x240,352x288,432x320,480x320,640x480,1280x720;preferred-preview-size-for-video=640x480;preview-format=yuv422sp;preview-format-values=yuv422i-yuyv,yuv422sp,yuv420sp,yuv420p;preview-fps-range-values=(25,25);preview-frame-rate=25;preview-frame-rate-values=25;preview-size=1280x720;preview-size-values=176x144,240x160,320x200,320x240,352x288,432x320,480x320,640x480,1280x720;rotation=0;rotation-values=0;scene-mode=auto;scene-mode-values=auto;smooth-zoom-supported=false;vertical-view-angle=90;video-frame-format=yuv420p;video-size=1280x720;video-size-values=176x144,240x160,320x200,32
D/CameraHardware( 1367): CameraHardware::connectCamera
D/CameraHardware( 1367): CameraHardware::setCallbacks
D/CameraHardware( 1367): CameraHardware::enableMsgType: 3085
D/CameraHardware( 1367): CameraHardware::getParameters
D/CameraHardware( 1367): CameraHardware::putParameters
D/CameraHardware( 1367): CameraHardware::disableMsgType: 65535
D/CameraHardware( 1367): CameraHardware::stopPreview
D/CameraHardware( 1367): CameraHardware::stopPreviewLocked
D/CameraHardware( 1367): CameraHardware::stopPreviewLocked: OK
D/CameraHardware( 1367): CameraHardware::cancelPicture
D/CameraHardware( 1367): CameraHardware::releaseCamera
I/CameraClient( 1367): Destroying camera 1
D/CameraHardware( 1367): CameraHardware::closeCamera
D/CameraHardware( 1367): CameraHardware::releaseCamera
D/NuPlayerDriver( 1367): reset(0xb584eca0)
D/NuPlayerDriver( 1367): notifyResetComplete(0xb584eca0)
D/NuPlayerDriver( 1367): reset(0xb584ee20)
D/NuPlayerDriver( 1367): notifyResetComplete(0xb584ee20)
D/Camera_Factory( 1367): CameraFactory::get_camera_info
D/Camera_Factory( 1367): CameraFactory::getCameraInfo: id = 0, info = 0xb3e019b0
D/Camera_Factory( 1367): CameraFactory::getCameraNum: 2
D/CameraHardware( 1367): CameraHardware::getCameraInfo
D/Camera_Factory( 1367): CameraFactory::get_camera_info
D/Camera_Factory( 1367): CameraFactory::getCameraInfo: id = 0, info = 0xbfb0b1d0
D/Camera_Factory( 1367): CameraFactory::getCameraNum: 2
D/CameraHardware( 1367): CameraHardware::getCameraInfo
D/Camera_Factory( 1367): CameraFactory::get_camera_info
D/Camera_Factory( 1367): CameraFactory::getCameraInfo: id = 1, info = 0xb3e019b0
D/Camera_Factory( 1367): CameraFactory::getCameraNum: 2
D/CameraHardware( 1367): CameraHardware::getCameraInfo
D/Camera_Factory( 1367): CameraFactory::get_camera_info
D/Camera_Factory( 1367): CameraFactory::getCameraInfo: id = 1, info = 0xbfb0b1d0
D/Camera_Factory( 1367): CameraFactory::getCameraNum: 2
D/CameraHardware( 1367): CameraHardware::getCameraInfo
D/OpenGLRenderer( 1916): Use EGL_SWAP_BEHAVIOR_PRESERVED: true
I/gralloc_x86( 1916): --denglibo-- fallback_init, force return by denglibo
I/HostConnection( 1916): HostConnection::HostConnection: pid=1916, tid=1916, this=0xb3fc4ec0
I/        ( 1916): fastpipe: Connect success
D/HostConnection( 1916): HostRPC::connect sucess: app=com.android.launcher3, pid=1916, tid=1916, this=0xb3fe7000
D/HostConnection( 1916): queryAndSetGLESMaxVersion select gles-version: 2.0 hostGLVersion:31 process:com.android.launcher3
I/        ( 1916): fastpipe: Connect success
D/HostConnection( 1916): recv ProcessPuidReply name=com.android.launcher3 puid=3
D/Atlas   ( 1916): Validating map...
W/Atlas   ( 1916): Pointer 0x0, not in getPreloadedDrawables?
W/Atlas   ( 1916): Pointer 0x0, not in getPreloadedDrawables?
W/Atlas   ( 1916): Pointer 0x0, not in getPreloadedDrawables?
W/Atlas   ( 1916): Pointer 0x0, not in getPreloadedDrawables?
W/Atlas   ( 1916): Pointer 0x0, not in getPreloadedDrawables?
W/Atlas   ( 1916): Pointer 0x0, not in getPreloadedDrawables?
W/Atlas   ( 1916): Pointer 0x0, not in getPreloadedDrawables?
W/Atlas   ( 1916): Pointer 0x0, not in getPreloadedDrawables?
W/Atlas   ( 1916): Pointer 0x0, not in getPreloadedDrawables?
W/Atlas   ( 1916): Pointer 0x0, not in getPreloadedDrawables?
W/Atlas   ( 1916): Pointer 0x0, not in getPreloadedDrawables?
W/Atlas   ( 1916): Pointer 0x0, not in getPreloadedDrawables?
W/Atlas   ( 1916): Pointer 0x0, not in getPreloadedDrawables?
W/Atlas   ( 1916): Pointer 0x0, not in getPreloadedDrawables?
W/Atlas   ( 1916): Pointer 0x0, not in getPreloadedDrawables?
W/Atlas   ( 1916): Pointer 0x0, not in getPreloadedDrawables?
W/Atlas   ( 1916): Pointer 0x0, not in getPreloadedDrawables?
W/Atlas   ( 1916): Pointer 0x0, not in getPreloadedDrawables?
W/Atlas   ( 1916): Pointer 0x0, not in getPreloadedDrawables?
W/Atlas   ( 1916): Pointer 0x0, not in getPreloadedDrawables?
W/Atlas   ( 1916): Pointer 0x0, not in getPreloadedDrawables?
W/Atlas   ( 1916): Pointer 0x0, not in getPreloadedDrawables?
W/Atlas   ( 1916): Pointer 0x0, not in getPreloadedDrawables?
W/Atlas   ( 1916): Pointer 0x0, not in getPreloadedDrawables?
W/Atlas   ( 1916): Pointer 0x0, not in getPreloadedDrawables?
W/Atlas   ( 1916): Pointer 0x0, not in getPreloadedDrawables?
W/Atlas   ( 1916): Pointer 0x0, not in getPreloadedDrawables?
W/Atlas   ( 1916): Pointer 0x0, not in getPreloadedDrawables?
W/Atlas   ( 1916): Pointer 0x0, not in getPreloadedDrawables?
W/Atlas   ( 1916): Pointer 0x0, not in getPreloadedDrawables?
W/Atlas   ( 1916): Pointer 0x0, not in getPreloadedDrawables?
W/Atlas   ( 1916): Pointer 0x0, not in getPreloadedDrawables?
W/Atlas   ( 1916): Pointer 0x0, not in getPreloadedDrawables?
W/Atlas   ( 1916): Pointer 0x0, not in getPreloadedDrawables?
W/Atlas   ( 1916): Pointer 0x0, not in getPreloadedDrawables?
W/Atlas   ( 1916): Pointer 0x0, not in getPreloadedDrawables?
W/Atlas   ( 1916): Pointer 0x0, not in getPreloadedDrawables?
W/Atlas   ( 1916): Pointer 0x0, not in getPreloadedDrawables?
W/Atlas   ( 1916): Pointer 0x0, not in getPreloadedDrawables?
W/Atlas   ( 1916): Pointer 0x0, not in getPreloadedDrawables?
W/Atlas   ( 1916): Pointer 0x0, not in getPreloadedDrawables?
W/Atlas   ( 1916): Pointer 0x0, not in getPreloadedDrawables?
W/Atlas   ( 1916): Pointer 0x0, not in getPreloadedDrawables?
W/Atlas   ( 1916): Pointer 0x0, not in getPreloadedDrawables?
W/Atlas   ( 1916): Pointer 0x0, not in getPreloadedDrawables?
W/Atlas   ( 1916): Pointer 0x0, not in getPreloadedDrawables?
W/Atlas   ( 1916): Pointer 0x0, not in getPreloadedDrawables?
W/Atlas   ( 1916): Pointer 0x0, not in getPreloadedDrawables?
W/Atlas   ( 1916): Pointer 0x0, not in getPreloadedDrawables?
W/Atlas   ( 1916): Pointer 0x0, not in getPreloadedDrawables?
W/Atlas   ( 1916): Pointer 0x0, not in getPreloadedDrawables?
W/Atlas   ( 1916): Pointer 0x0, not in getPreloadedDrawables?
W/Atlas   ( 1916): Pointer 0x0, not in getPreloadedDrawables?
W/Atlas   ( 1916): Pointer 0x0, not in getPreloadedDrawables?
W/Atlas   ( 1916): Pointer 0x0, not in getPreloadedDrawables?
W/Atlas   ( 1916): Pointer 0x0, not in getPreloadedDrawables?
W/Atlas   ( 1916): Pointer 0x0, not in getPreloadedDrawables?
W/Atlas   ( 1916): Pointer 0x0, not in getPreloadedDrawables?
W/Atlas   ( 1916): Pointer 0x0, not in getPreloadedDrawables?
W/Atlas   ( 1916): Pointer 0x0, not in getPreloadedDrawables?
W/Atlas   ( 1916): Pointer 0x0, not in getPreloadedDrawables?
W/Atlas   ( 1916): Pointer 0x0, not in getPreloadedDrawables?
W/Atlas   ( 1916): Pointer 0x0, not in getPreloadedDrawables?
W/Atlas   ( 1916): Pointer 0x0, not in getPreloadedDrawables?
W/Atlas   ( 1916): Pointer 0x0, not in getPreloadedDrawables?
W/Atlas   ( 1916): Pointer 0x0, not in getPreloadedDrawables?
W/Atlas   ( 1916): Pointer 0x0, not in getPreloadedDrawables?
W/Atlas   ( 1916): Pointer 0x0, not in getPreloadedDrawables?
W/Atlas   ( 1916): Pointer 0x0, not in getPreloadedDrawables?
W/Atlas   ( 1916): Pointer 0x0, not in getPreloadedDrawables?
W/Atlas   ( 1916): Pointer 0x0, not in getPreloadedDrawables?
W/Atlas   ( 1916): Pointer 0x0, not in getPreloadedDrawables?
W/Atlas   ( 1916): Pointer 0x0, not in getPreloadedDrawables?
W/Atlas   ( 1916): Pointer 0x0, not in getPreloadedDrawables?
W/Atlas   ( 1916): Pointer 0x0, not in getPreloadedDrawables?
W/Atlas   ( 1916): Pointer 0x0, not in getPreloadedDrawables?
W/Atlas   ( 1916): Pointer 0x0, not in getPreloadedDrawables?
W/Atlas   ( 1916): Pointer 0x0, not in getPreloadedDrawables?
W/Atlas   ( 1916): Pointer 0x0, not in getPreloadedDrawables?
W/Atlas   ( 1916): Pointer 0x0, not in getPreloadedDrawables?
W/Atlas   ( 1916): Pointer 0x0, not in getPreloadedDrawables?
W/Atlas   ( 1916): Pointer 0x0, not in getPreloadedDrawables?
W/Atlas   ( 1916): Pointer 0x0, not in getPreloadedDrawables?
W/Atlas   ( 1916): Pointer 0x0, not in getPreloadedDrawables?
W/Atlas   ( 1916): Pointer 0x0, not in getPreloadedDrawables?
W/Atlas   ( 1916): Pointer 0x0, not in getPreloadedDrawables?
W/Atlas   ( 1916): Pointer 0x0, not in getPreloadedDrawables?
W/Atlas   ( 1916): Pointer 0x0, not in getPreloadedDrawables?
W/Atlas   ( 1916): Pointer 0x0, not in getPreloadedDrawables?
W/Atlas   ( 1916): Pointer 0x0, not in getPreloadedDrawables?
W/Atlas   ( 1916): Pointer 0x0, not in getPreloadedDrawables?
W/Atlas   ( 1916): Pointer 0x0, not in getPreloadedDrawables?
W/Atlas   ( 1916): Pointer 0x0, not in getPreloadedDrawables?
W/Atlas   ( 1916): Pointer 0x0, not in getPreloadedDrawables?
W/Atlas   ( 1916): Pointer 0x0, not in getPreloadedDrawables?
W/Atlas   ( 1916): Pointer 0x0, not in getPreloadedDrawables?
W/Atlas   ( 1916): Pointer 0x0, not in getPreloadedDrawables?
W/Atlas   ( 1916): Pointer 0x0, not in getPreloadedDrawables?
W/Atlas   ( 1916): Pointer 0x0, not in getPreloadedDrawables?
W/Atlas   ( 1916): Pointer 0x0, not in getPreloadedDrawables?
W/Atlas   ( 1916): Pointer 0x0, not in getPreloadedDrawables?
W/Atlas   ( 1916): Pointer 0x0, not in getPreloadedDrawables?
W/Atlas   ( 1916): Pointer 0x0, not in getPreloadedDrawables?
W/Atlas   ( 1916): Pointer 0x0, not in getPreloadedDrawables?
W/Atlas   ( 1916): Pointer 0x0, not in getPreloadedDrawables?
W/Atlas   ( 1916): Pointer 0x0, not in getPreloadedDrawables?
W/Atlas   ( 1916): Pointer 0x0, not in getPreloadedDrawables?
W/Atlas   ( 1916): Pointer 0x0, not in getPreloadedDrawables?
W/Atlas   ( 1916): Pointer 0x0, not in getPreloadedDrawables?
W/Atlas   ( 1916): Pointer 0x0, not in getPreloadedDrawables?
W/Atlas   ( 1916): Pointer 0x0, not in getPreloadedDrawables?
W/Atlas   ( 1916): Pointer 0x0, not in getPreloadedDrawables?
W/Atlas   ( 1916): Pointer 0x0, not in getPreloadedDrawables?
W/Atlas   ( 1916): Pointer 0x0, not in getPreloadedDrawables?
W/Atlas   ( 1916): Pointer 0x0, not in getPreloadedDrawables?
W/Atlas   ( 1916): Pointer 0x0, not in getPreloadedDrawables?
W/Atlas   ( 1916): Pointer 0x0, not in getPreloadedDrawables?
W/Atlas   ( 1916): Pointer 0x0, not in getPreloadedDrawables?
W/Atlas   ( 1916): Pointer 0x0, not in getPreloadedDrawables?
W/Atlas   ( 1916): Pointer 0x0, not in getPreloadedDrawables?
W/Atlas   ( 1916): Pointer 0x0, not in getPreloadedDrawables?
W/Atlas   ( 1916): Pointer 0x0, not in getPreloadedDrawables?
W/Atlas   ( 1916): Pointer 0x0, not in getPreloadedDrawables?
W/Atlas   ( 1916): Pointer 0x0, not in getPreloadedDrawables?
W/Atlas   ( 1916): Pointer 0x0, not in getPreloadedDrawables?
W/Atlas   ( 1916): Pointer 0x0, not in getPreloadedDrawables?
W/Atlas   ( 1916): Pointer 0x0, not in getPreloadedDrawables?
W/Atlas   ( 1916): Pointer 0x0, not in getPreloadedDrawables?
W/Atlas   ( 1916): Pointer 0x0, not in getPreloadedDrawables?
W/Atlas   ( 1916): Pointer 0x0, not in getPreloadedDrawables?
W/Atlas   ( 1916): Pointer 0x0, not in getPreloadedDrawables?
W/Atlas   ( 1916): Pointer 0x0, not in getPreloadedDrawables?
W/Atlas   ( 1916): Pointer 0x0, not in getPreloadedDrawables?
W/Atlas   ( 1916): Pointer 0x0, not in getPreloadedDrawables?
W/Atlas   ( 1916): Pointer 0x0, not in getPreloadedDrawables?
W/Atlas   ( 1916): Pointer 0x0, not in getPreloadedDrawables?
W/Atlas   ( 1916): Pointer 0x0, not in getPreloadedDrawables?
W/Atlas   ( 1916): Pointer 0x0, not in getPreloadedDrawables?
W/Atlas   ( 1916): Pointer 0x0, not in getPreloadedDrawables?
W/Atlas   ( 1916): Pointer 0x0, not in getPreloadedDrawables?
W/Atlas   ( 1916): Pointer 0x0, not in getPreloadedDrawables?
W/Atlas   ( 1916): Pointer 0x0, not in getPreloadedDrawables?
W/Atlas   ( 1916): Pointer 0x0, not in getPreloadedDrawables?
W/Atlas   ( 1916): Pointer 0x0, not in getPreloadedDrawables?
W/Atlas   ( 1916): Pointer 0x0, not in getPreloadedDrawables?
W/Atlas   ( 1916): Pointer 0x0, not in getPreloadedDrawables?
W/Atlas   ( 1916): Pointer 0x0, not in getPreloadedDrawables?
W/Atlas   ( 1916): Pointer 0x0, not in getPreloadedDrawables?
W/Atlas   ( 1916): Pointer 0x0, not in getPreloadedDrawables?
W/Atlas   ( 1916): Pointer 0x0, not in getPreloadedDrawables?
W/Atlas   ( 1916): Pointer 0x0, not in getPreloadedDrawables?
W/Atlas   ( 1916): Pointer 0x0, not in getPreloadedDrawables?
W/Atlas   ( 1916): Pointer 0x0, not in getPreloadedDrawables?
W/Atlas   ( 1916): Pointer 0x0, not in getPreloadedDrawables?
W/Atlas   ( 1916): Pointer 0x0, not in getPreloadedDrawables?
W/Atlas   ( 1916): Pointer 0x0, not in getPreloadedDrawables?
W/Atlas   ( 1916): Pointer 0x0, not in getPreloadedDrawables?
W/Atlas   ( 1916): Pointer 0x0, not in getPreloadedDrawables?
W/Atlas   ( 1916): Pointer 0x0, not in getPreloadedDrawables?
W/Atlas   ( 1916): Pointer 0x0, not in getPreloadedDrawables?
W/Atlas   ( 1916): Pointer 0x0, not in getPreloadedDrawables?
W/Atlas   ( 1916): Pointer 0x0, not in getPreloadedDrawables?
W/Atlas   ( 1916): Pointer 0x0, not in getPreloadedDrawables?
W/Atlas   ( 1916): Pointer 0x0, not in getPreloadedDrawables?
W/Atlas   ( 1916): Pointer 0x0, not in getPreloadedDrawables?
V/WindowManager( 1534): Based on layer: Adding window Window{346659dd u0 com.android.launcher3/com.android.launcher3.Launcher} at 0 of 1
D/BluetoothAdapter( 1657): 627239981: getState() :  mService = null. Returning STATE_OFF
D/BluetoothAdapter( 1657): 627239981: getState() :  mService = null. Returning STATE_OFF
D/BluetoothAdapter( 1657): 627239981: getState() :  mService = null. Returning STATE_OFF
D/BluetoothAdapter( 1657): 627239981: getState() :  mService = null. Returning STATE_OFF
I/art     ( 1534): Explicit concurrent mark sweep GC freed 15293(1054KB) AllocSpace objects, 9(144KB) LOS objects, 33% free, 12MB/18MB, paused 223us total 84.226ms
D/AppAutoUpdateService( 1968): Create state flag file true
D/AppAutoUpdateService( 1968): AppAutoUpdateService onCreate
I/appstore( 1968): start load update info
D/OpenGLRenderer( 1657): Use EGL_SWAP_BEHAVIOR_PRESERVED: true
I/gralloc_x86( 1657): --denglibo-- fallback_init, force return by denglibo
I/HostConnection( 1657): HostConnection::HostConnection: pid=1657, tid=1657, this=0xb3f18a10
I/        ( 1657): fastpipe: Connect success
D/HostConnection( 1657): HostRPC::connect sucess: app=com.android.systemui, pid=1657, tid=1657, this=0xb3faf000
D/HostConnection( 1657): queryAndSetGLESMaxVersion select gles-version: 2.0 hostGLVersion:31 process:com.android.systemui
I/        ( 1657): fastpipe: Connect success
D/HostConnection( 1657): recv ProcessPuidReply name=com.android.systemui puid=4
I/HostConnection( 1916): HostConnection::HostConnection: pid=1916, tid=2002, this=0xa31c2600
I/        ( 1916): fastpipe: Connect success
D/HostConnection( 1916): HostRPC::connect sucess: app=com.android.launcher3, pid=1916, tid=2002, this=0xa31c3000
D/HostConnection( 1916): queryAndSetGLESMaxVersion select gles-version: 2.0 hostGLVersion:31 process:com.android.launcher3
D/Atlas   ( 1657): Validating map...
I/OpenGLRenderer( 1916): Initialized EGL, version 1.4
W/Atlas   ( 1657): Pointer 0x0, not in getPreloadedDrawables?
W/Atlas   ( 1657): Pointer 0x0, not in getPreloadedDrawables?
W/Atlas   ( 1657): Pointer 0x0, not in getPreloadedDrawables?
W/Atlas   ( 1657): Pointer 0x0, not in getPreloadedDrawables?
W/Atlas   ( 1657): Pointer 0x0, not in getPreloadedDrawables?
W/Atlas   ( 1657): Pointer 0x0, not in getPreloadedDrawables?
W/Atlas   ( 1657): Pointer 0x0, not in getPreloadedDrawables?
W/Atlas   ( 1657): Pointer 0x0, not in getPreloadedDrawables?
W/Atlas   ( 1657): Pointer 0x0, not in getPreloadedDrawables?
W/Atlas   ( 1657): Pointer 0x0, not in getPreloadedDrawables?
W/Atlas   ( 1657): Pointer 0x0, not in getPreloadedDrawables?
W/Atlas   ( 1657): Pointer 0x0, not in getPreloadedDrawables?
W/Atlas   ( 1657): Pointer 0x0, not in getPreloadedDrawables?
W/Atlas   ( 1657): Pointer 0x0, not in getPreloadedDrawables?
W/Atlas   ( 1657): Pointer 0x0, not in getPreloadedDrawables?
W/Atlas   ( 1657): Pointer 0x0, not in getPreloadedDrawables?
W/Atlas   ( 1657): Pointer 0x0, not in getPreloadedDrawables?
W/Atlas   ( 1657): Pointer 0x0, not in getPreloadedDrawables?
W/Atlas   ( 1657): Pointer 0x0, not in getPreloadedDrawables?
W/Atlas   ( 1657): Pointer 0x0, not in getPreloadedDrawables?
W/Atlas   ( 1657): Pointer 0x0, not in getPreloadedDrawables?
W/Atlas   ( 1657): Pointer 0x0, not in getPreloadedDrawables?
W/Atlas   ( 1657): Pointer 0x0, not in getPreloadedDrawables?
W/Atlas   ( 1657): Pointer 0x0, not in getPreloadedDrawables?
W/Atlas   ( 1657): Pointer 0x0, not in getPreloadedDrawables?
W/Atlas   ( 1657): Pointer 0x0, not in getPreloadedDrawables?
W/Atlas   ( 1657): Pointer 0x0, not in getPreloadedDrawables?
W/Atlas   ( 1657): Pointer 0x0, not in getPreloadedDrawables?
W/Atlas   ( 1657): Pointer 0x0, not in getPreloadedDrawables?
W/Atlas   ( 1657): Pointer 0x0, not in getPreloadedDrawables?
W/Atlas   ( 1657): Pointer 0x0, not in getPreloadedDrawables?
W/Atlas   ( 1657): Pointer 0x0, not in getPreloadedDrawables?
W/Atlas   ( 1657): Pointer 0x0, not in getPreloadedDrawables?
W/Atlas   ( 1657): Pointer 0x0, not in getPreloadedDrawables?
W/Atlas   ( 1657): Pointer 0x0, not in getPreloadedDrawables?
W/Atlas   ( 1657): Pointer 0x0, not in getPreloadedDrawables?
W/Atlas   ( 1657): Pointer 0x0, not in getPreloadedDrawables?
W/Atlas   ( 1657): Pointer 0x0, not in getPreloadedDrawables?
W/Atlas   ( 1657): Pointer 0x0, not in getPreloadedDrawables?
W/Atlas   ( 1657): Pointer 0x0, not in getPreloadedDrawables?
W/Atlas   ( 1657): Pointer 0x0, not in getPreloadedDrawables?
W/Atlas   ( 1657): Pointer 0x0, not in getPreloadedDrawables?
W/Atlas   ( 1657): Pointer 0x0, not in getPreloadedDrawables?
W/Atlas   ( 1657): Pointer 0x0, not in getPreloadedDrawables?
W/Atlas   ( 1657): Pointer 0x0, not in getPreloadedDrawables?
W/Atlas   ( 1657): Pointer 0x0, not in getPreloadedDrawables?
W/Atlas   ( 1657): Pointer 0x0, not in getPreloadedDrawables?
W/Atlas   ( 1657): Pointer 0x0, not in getPreloadedDrawables?
W/Atlas   ( 1657): Pointer 0x0, not in getPreloadedDrawables?
W/Atlas   ( 1657): Pointer 0x0, not in getPreloadedDrawables?
W/Atlas   ( 1657): Pointer 0x0, not in getPreloadedDrawables?
W/Atlas   ( 1657): Pointer 0x0, not in getPreloadedDrawables?
W/Atlas   ( 1657): Pointer 0x0, not in getPreloadedDrawables?
W/Atlas   ( 1657): Pointer 0x0, not in getPreloadedDrawables?
W/Atlas   ( 1657): Pointer 0x0, not in getPreloadedDrawables?
W/Atlas   ( 1657): Pointer 0x0, not in getPreloadedDrawables?
W/Atlas   ( 1657): Pointer 0x0, not in getPreloadedDrawables?
W/Atlas   ( 1657): Pointer 0x0, not in getPreloadedDrawables?
W/Atlas   ( 1657): Pointer 0x0, not in getPreloadedDrawables?
W/Atlas   ( 1657): Pointer 0x0, not in getPreloadedDrawables?
W/Atlas   ( 1657): Pointer 0x0, not in getPreloadedDrawables?
W/Atlas   ( 1657): Pointer 0x0, not in getPreloadedDrawables?
W/Atlas   ( 1657): Pointer 0x0, not in getPreloadedDrawables?
W/Atlas   ( 1657): Pointer 0x0, not in getPreloadedDrawables?
W/Atlas   ( 1657): Pointer 0x0, not in getPreloadedDrawables?
W/Atlas   ( 1657): Pointer 0x0, not in getPreloadedDrawables?
W/Atlas   ( 1657): Pointer 0x0, not in getPreloadedDrawables?
W/Atlas   ( 1657): Pointer 0x0, not in getPreloadedDrawables?
W/Atlas   ( 1657): Pointer 0x0, not in getPreloadedDrawables?
W/Atlas   ( 1657): Pointer 0x0, not in getPreloadedDrawables?
W/Atlas   ( 1657): Pointer 0x0, not in getPreloadedDrawables?
W/Atlas   ( 1657): Pointer 0x0, not in getPreloadedDrawables?
W/Atlas   ( 1657): Pointer 0x0, not in getPreloadedDrawables?
W/Atlas   ( 1657): Pointer 0x0, not in getPreloadedDrawables?
W/Atlas   ( 1657): Pointer 0x0, not in getPreloadedDrawables?
W/Atlas   ( 1657): Pointer 0x0, not in getPreloadedDrawables?
W/Atlas   ( 1657): Pointer 0x0, not in getPreloadedDrawables?
W/Atlas   ( 1657): Pointer 0x0, not in getPreloadedDrawables?
W/Atlas   ( 1657): Pointer 0x0, not in getPreloadedDrawables?
W/Atlas   ( 1657): Pointer 0x0, not in getPreloadedDrawables?
W/Atlas   ( 1657): Pointer 0x0, not in getPreloadedDrawables?
W/Atlas   ( 1657): Pointer 0x0, not in getPreloadedDrawables?
W/Atlas   ( 1657): Pointer 0x0, not in getPreloadedDrawables?
W/Atlas   ( 1657): Pointer 0x0, not in getPreloadedDrawables?
W/Atlas   ( 1657): Pointer 0x0, not in getPreloadedDrawables?
W/Atlas   ( 1657): Pointer 0x0, not in getPreloadedDrawables?
W/Atlas   ( 1657): Pointer 0x0, not in getPreloadedDrawables?
W/Atlas   ( 1657): Pointer 0x0, not in getPreloadedDrawables?
W/Atlas   ( 1657): Pointer 0x0, not in getPreloadedDrawables?
W/Atlas   ( 1657): Pointer 0x0, not in getPreloadedDrawables?
W/Atlas   ( 1657): Pointer 0x0, not in getPreloadedDrawables?
W/Atlas   ( 1657): Pointer 0x0, not in getPreloadedDrawables?
W/Atlas   ( 1657): Pointer 0x0, not in getPreloadedDrawables?
W/Atlas   ( 1657): Pointer 0x0, not in getPreloadedDrawables?
W/Atlas   ( 1657): Pointer 0x0, not in getPreloadedDrawables?
W/Atlas   ( 1657): Pointer 0x0, not in getPreloadedDrawables?
W/Atlas   ( 1657): Pointer 0x0, not in getPreloadedDrawables?
W/Atlas   ( 1657): Pointer 0x0, not in getPreloadedDrawables?
W/Atlas   ( 1657): Pointer 0x0, not in getPreloadedDrawables?
W/Atlas   ( 1657): Pointer 0x0, not in getPreloadedDrawables?
W/Atlas   ( 1657): Pointer 0x0, not in getPreloadedDrawables?
W/Atlas   ( 1657): Pointer 0x0, not in getPreloadedDrawables?
W/Atlas   ( 1657): Pointer 0x0, not in getPreloadedDrawables?
W/Atlas   ( 1657): Pointer 0x0, not in getPreloadedDrawables?
W/Atlas   ( 1657): Pointer 0x0, not in getPreloadedDrawables?
W/Atlas   ( 1657): Pointer 0x0, not in getPreloadedDrawables?
W/Atlas   ( 1657): Pointer 0x0, not in getPreloadedDrawables?
W/Atlas   ( 1657): Pointer 0x0, not in getPreloadedDrawables?
W/Atlas   ( 1657): Pointer 0x0, not in getPreloadedDrawables?
W/Atlas   ( 1657): Pointer 0x0, not in getPreloadedDrawables?
W/Atlas   ( 1657): Pointer 0x0, not in getPreloadedDrawables?
W/Atlas   ( 1657): Pointer 0x0, not in getPreloadedDrawables?
W/Atlas   ( 1657): Pointer 0x0, not in getPreloadedDrawables?
W/Atlas   ( 1657): Pointer 0x0, not in getPreloadedDrawables?
W/Atlas   ( 1657): Pointer 0x0, not in getPreloadedDrawables?
W/Atlas   ( 1657): Pointer 0x0, not in getPreloadedDrawables?
W/Atlas   ( 1657): Pointer 0x0, not in getPreloadedDrawables?
W/Atlas   ( 1657): Pointer 0x0, not in getPreloadedDrawables?
W/Atlas   ( 1657): Pointer 0x0, not in getPreloadedDrawables?
W/Atlas   ( 1657): Pointer 0x0, not in getPreloadedDrawables?
W/Atlas   ( 1657): Pointer 0x0, not in getPreloadedDrawables?
W/Atlas   ( 1657): Pointer 0x0, not in getPreloadedDrawables?
W/Atlas   ( 1657): Pointer 0x0, not in getPreloadedDrawables?
W/Atlas   ( 1657): Pointer 0x0, not in getPreloadedDrawables?
W/Atlas   ( 1657): Pointer 0x0, not in getPreloadedDrawables?
W/Atlas   ( 1657): Pointer 0x0, not in getPreloadedDrawables?
W/Atlas   ( 1657): Pointer 0x0, not in getPreloadedDrawables?
W/Atlas   ( 1657): Pointer 0x0, not in getPreloadedDrawables?
W/Atlas   ( 1657): Pointer 0x0, not in getPreloadedDrawables?
W/Atlas   ( 1657): Pointer 0x0, not in getPreloadedDrawables?
W/Atlas   ( 1657): Pointer 0x0, not in getPreloadedDrawables?
W/Atlas   ( 1657): Pointer 0x0, not in getPreloadedDrawables?
W/Atlas   ( 1657): Pointer 0x0, not in getPreloadedDrawables?
W/Atlas   ( 1657): Pointer 0x0, not in getPreloadedDrawables?
W/Atlas   ( 1657): Pointer 0x0, not in getPreloadedDrawables?
W/Atlas   ( 1657): Pointer 0x0, not in getPreloadedDrawables?
W/Atlas   ( 1657): Pointer 0x0, not in getPreloadedDrawables?
W/Atlas   ( 1657): Pointer 0x0, not in getPreloadedDrawables?
W/Atlas   ( 1657): Pointer 0x0, not in getPreloadedDrawables?
W/Atlas   ( 1657): Pointer 0x0, not in getPreloadedDrawables?
W/Atlas   ( 1657): Pointer 0x0, not in getPreloadedDrawables?
W/Atlas   ( 1657): Pointer 0x0, not in getPreloadedDrawables?
W/Atlas   ( 1657): Pointer 0x0, not in getPreloadedDrawables?
W/Atlas   ( 1657): Pointer 0x0, not in getPreloadedDrawables?
W/Atlas   ( 1657): Pointer 0x0, not in getPreloadedDrawables?
W/Atlas   ( 1657): Pointer 0x0, not in getPreloadedDrawables?
W/Atlas   ( 1657): Pointer 0x0, not in getPreloadedDrawables?
W/Atlas   ( 1657): Pointer 0x0, not in getPreloadedDrawables?
W/Atlas   ( 1657): Pointer 0x0, not in getPreloadedDrawables?
W/Atlas   ( 1657): Pointer 0x0, not in getPreloadedDrawables?
W/Atlas   ( 1657): Pointer 0x0, not in getPreloadedDrawables?
W/Atlas   ( 1657): Pointer 0x0, not in getPreloadedDrawables?
W/Atlas   ( 1657): Pointer 0x0, not in getPreloadedDrawables?
W/Atlas   ( 1657): Pointer 0x0, not in getPreloadedDrawables?
W/Atlas   ( 1657): Pointer 0x0, not in getPreloadedDrawables?
W/Atlas   ( 1657): Pointer 0x0, not in getPreloadedDrawables?
W/Atlas   ( 1657): Pointer 0x0, not in getPreloadedDrawables?
W/Atlas   ( 1657): Pointer 0x0, not in getPreloadedDrawables?
W/Atlas   ( 1657): Pointer 0x0, not in getPreloadedDrawables?
W/Atlas   ( 1657): Pointer 0x0, not in getPreloadedDrawables?
W/Atlas   ( 1657): Pointer 0x0, not in getPreloadedDrawables?
W/Atlas   ( 1657): Pointer 0x0, not in getPreloadedDrawables?
W/Atlas   ( 1657): Pointer 0x0, not in getPreloadedDrawables?
W/Atlas   ( 1657): Pointer 0x0, not in getPreloadedDrawables?
W/Atlas   ( 1657): Pointer 0x0, not in getPreloadedDrawables?
D/PhoneStatusBar( 1657): disable: < EXPAND* icons alerts system_info BACK* HOME* RECENT* clock SEARCH* >
D/BluetoothAdapter( 1657): 627239981: getState() :  mService = null. Returning STATE_OFF
D/BluetoothAdapter( 1657): 627239981: getState() :  mService = null. Returning STATE_OFF
D/PhoneStatusBar( 1657): heads up is enabled
I/EGL_adreno( 1916): eglCreateContext request GLES major-version=2
I/Choreographer( 1657): Skipped 62 frames!  The application may be doing too much work on its main thread.
D/EGL_adreno( 1916): eglCreateContext: 0xb3edd220: maj 2 min 0 rcv 2
D/EGL_adreno( 1916): eglMakeCurrent: 0xb3edd220: ver 2 0 (tinfo 0xb3f2c7b0)
D/ViewRootImpl( 1657): changeCanvasOpacity: opaque=true
D/HostConnection( 1916): ExtendedRCEncoderContext GL_VERSION return OpenGL ES 2.0 (3.1.0 - Build 9.17.10.4229)
D/OpenGLRenderer( 1916): Enabling debug mode 0
I/HostConnection( 1657): HostConnection::HostConnection: pid=1657, tid=2004, this=0xa3161100
I/        ( 1657): fastpipe: Connect success
D/HostConnection( 1657): HostRPC::connect sucess: app=com.android.systemui, pid=1657, tid=2004, this=0xa3162000
D/HostConnection( 1657): queryAndSetGLESMaxVersion select gles-version: 2.0 hostGLVersion:31 process:com.android.systemui
I/OpenGLRenderer( 1657): Initialized EGL, version 1.4
I/EGL_adreno( 1657): eglCreateContext request GLES major-version=2
D/EGL_adreno( 1657): eglCreateContext: 0xb3fff8e0: maj 2 min 0 rcv 2
E/EGL_adreno( 1916): tid 2002: eglSurfaceAttrib(1266): error 0x3009 (EGL_BAD_MATCH)
W/OpenGLRenderer( 1916): Failed to set EGL_SWAP_BEHAVIOR on surface 0xa3027280, error=EGL_BAD_MATCH
D/EGL_adreno( 1916): eglMakeCurrent: 0xb3edd220: ver 2 0 (tinfo 0xb3f2c7b0)
I/HostConnection( 1361): HostConnection::HostConnection: pid=1361, tid=2007, this=0xb69ddab0
I/        ( 1361): fastpipe: Connect success
D/EGL_adreno( 1657): eglMakeCurrent: 0xb3fff8e0: ver 2 0 (tinfo 0xa300dac0)
