D/WifiService( 1537): New client listening to asynchronous messages
V/WindowManager( 1537): Based on layer: Adding window Window{1b9350ea u0 com.android.launcher3/com.android.launcher3.Launcher} at 0 of 1
D/ConnectivityService( 1537): listenForNetwork for NetworkRequest [ id=2, legacyType=-1, [] ]
D/ConnectivityService( 1537): handleRegisterNetworkRequest checking NetworkAgentInfo [Ethernet () - 100]
D/ConnectivityService( 1537): apparently satisfied.  currentScore=50
W/WindowManager( 1537): Attempted to add wallpaper window with unknown token android.os.Binder@132c2893.  Aborting.
W/KeyguardServiceDelegate( 1537): onScreenTurnedOn(): no keyguard service!
W/BackupManagerService( 1537): dataChanged but no participant pkg='com.android.launcher3' uid=10020
W/BackupManagerService( 1537): dataChanged but no participant pkg='com.android.launcher3' uid=10020
W/BackupManagerService( 1537): dataChanged but no participant pkg='com.android.launcher3' uid=10020
W/BackupManagerService( 1537): dataChanged but no participant pkg='com.android.launcher3' uid=10020
W/BackupManagerService( 1537): dataChanged but no participant pkg='com.android.launcher3' uid=10020
W/BackupManagerService( 1537): dataChanged but no participant pkg='com.android.launcher3' uid=10020
W/BackupManagerService( 1537): dataChanged but no participant pkg='com.android.launcher3' uid=10020
W/BackupManagerService( 1537): dataChanged but no participant pkg='com.android.launcher3' uid=10020
D/WifiService( 1537): New client listening to asynchronous messages
W/WindowManager( 1537): Attempted to add wallpaper window with unknown token android.os.Binder@132c2893.  Aborting.
E/ActivityManager( 1537): Unable to mark boot complete for abi: armeabi-v7a
I/SystemServiceManager( 1537): Starting phase 1000
W/PackageManager( 1537): Package named 'com.android.good.miner' doesn't exist.
I/ActivityManager( 1537): Start proc 2040:com.android.keychain/1000 for service com.android.keychain/.KeyChainService
I/ActivityManager( 1537): Start proc 2056:com.android.providers.calendar/u0a0 for broadcast com.android.providers.calendar/.CalendarReceiver
W/ResourcesManager( 2056): Asset path '/system/framework/android.test.runner.jar' does not exist or contains no resources.
I/BootReceiver( 1537): Copying audit failures to DropBox
I/BootReceiver( 1537): Checking for fsck errors
D/ConnectivityService( 1537): updateNetworkScore for NetworkAgentInfo [Ethernet () - 100] to 50
D/ConnectivityService( 1537): rematching NetworkAgentInfo [Ethernet () - 100]
D/ConnectivityService( 1537): Network NetworkAgentInfo [Ethernet () - 100] was already satisfying request 1. No change.
D/ConnectivityService( 1537): notifyType AVAILABLE for NetworkAgentInfo [Ethernet () - 100]
D/ConnectivityService( 1537): updateNetworkScore for NetworkAgentInfo [Ethernet () - 100] to 50
D/ConnectivityService( 1537): rematching NetworkAgentInfo [Ethernet () - 100]
D/ConnectivityService( 1537): Network NetworkAgentInfo [Ethernet () - 100] was already satisfying request 1. No change.
D/ConnectivityService( 1537): notifyType AVAILABLE for NetworkAgentInfo [Ethernet () - 100]
D/ConnectivityService( 1537): updateNetworkScore for NetworkAgentInfo [Ethernet () - 100] to 50
D/ConnectivityService( 1537): rematching NetworkAgentInfo [Ethernet () - 100]
D/ConnectivityService( 1537): Network NetworkAgentInfo [Ethernet () - 100] was already satisfying request 1. No change.
D/ConnectivityService( 1537): notifyType AVAILABLE for NetworkAgentInfo [Ethernet () - 100]
D/ConnectivityService( 1537): registerNetworkAgent NetworkAgentInfo{ ni{[type: WIFI[], state: CONNECTING/CONNECTING, reason: (unspecified), extra: "wireless", roaming: false, failover: false, isAvailable: true, isConnectedToProvisioningNetwork: false]}  network{null}  lp{{LinkAddresses: []  Routes: [] DnsAddresses: [] Domains: null MTU: 0 TcpBufferSizes: 524288,1048576,2097152,262144,524288,1048576}}  nc{[ Transports: WIFI Capabilities: INTERNET&NOT_RESTRICTED&TRUSTED&NOT_VPN LinkUpBandwidth>=1048576Kbps LinkDnBandwidth>=1048576Kbps]}  Score{20}  everValidated{false}  lastValidated{false}  created{false}  explicitlySelected{false} }
D/ConnectivityService( 1537): NetworkAgentInfo [WIFI () - 101] EVENT_NETWORK_INFO_CHANGED, going from null to CONNECTING
D/ConnectivityService( 1537): updateNetworkScore for NetworkAgentInfo [WIFI () - 101] to 60
D/ConnectivityService( 1537): rematching NetworkAgentInfo [Ethernet () - 100]
D/ConnectivityService( 1537): Network NetworkAgentInfo [Ethernet () - 100] was already satisfying request 1. No change.
D/ConnectivityService( 1537): notifyType AVAILABLE for NetworkAgentInfo [Ethernet () - 100]
D/ConnectivityService( 1537): NetworkAgentInfo [WIFI () - 101] EVENT_NETWORK_INFO_CHANGED, going from CONNECTING to CONNECTED
D/ConnectivityService( 1537): Adding iface wlan0 to network 101
E/ConnectivityService( 1537): Unexpected mtu value: 0, wlan0
D/ConnectivityService( 1537): Adding Route [172.16.2.0/24 -> 0.0.0.0 wlan0] to network 101
D/ConnectivityService( 1537): Adding Route [10.0.2.2/32 -> 0.0.0.0 wlan0] to network 101
D/ConnectivityService( 1537): Adding Route [0.0.0.0/0 -> 10.0.2.2 wlan0] to network 101
D/ConnectivityService( 1537): Setting Dns servers for network 101 to [/114.114.114.114, /114.114.115.115, /119.29.29.29]
D/ConnectivityService( 1537): notifyType IP_CHANGED for NetworkAgentInfo [WIFI () - 101]
D/ConnectivityService( 1537): notifyType PRECHECK for NetworkAgentInfo [WIFI () - 101]
D/ConnectivityService( 1537): rematching NetworkAgentInfo [WIFI () - 101]
D/ConnectivityService( 1537): setProvNotificationVisibleIntent: E visible=false networkType=0 extraInfo=null
D/ConnectivityService( 1537): Validated NetworkAgentInfo [WIFI () - 101]
D/ConnectivityService( 1537): rematching NetworkAgentInfo [WIFI () - 101]
D/ConnectivityService( 1537):    accepting network in place of NetworkAgentInfo [Ethernet () - 100]
D/ConnectivityService( 1537): notifyType LOSING for NetworkAgentInfo [Ethernet () - 100]
D/ConnectivityService( 1537): Switching to new default network: NetworkAgentInfo{ ni{[type: WIFI[], state: CONNECTED/CONNECTED, reason: (unspecified), extra: "wireless", roaming: false, failover: false, isAvailable: true, isConnectedToProvisioningNetwork: false]}  network{101}  lp{{InterfaceName: wlan0 LinkAddresses: [172.16.2.15/24,]  Routes: [172.16.2.0/24 -> 0.0.0.0 wlan0,10.0.2.2/32 -> 0.0.0.0 wlan0,0.0.0.0/0 -> 10.0.2.2 wlan0,] DnsAddresses: [114.114.114.114,114.114.115.115,] Domains: null MTU: 0 TcpBufferSizes: 524288,1048576,2097152,262144,524288,1048576}}  nc{[ Transports: WIFI Capabilities: INTERNET&NOT_RESTRICTED&TRUSTED&NOT_VPN LinkUpBandwidth>=1048576Kbps LinkDnBandwidth>=1048576Kbps]}  Score{60}  everValidated{true}  lastValidated{true}  created{true}  explicitlySelected{false} }
D/ConnectivityService( 1537): Setting tx/rx TCP buffers to 524288,1048576,2097152,262144,524288,1048576
D/ConnectivityService( 1537): notifyType AVAILABLE for NetworkAgentInfo [WIFI () - 101]
D/CSLegacyTypeTracker( 1537): Sending disconnected broadcast for type 9 NetworkAgentInfo [Ethernet () - 100] isDefaultNetwork=false
D/ConnectivityService( 1537): sendStickyBroadcast: action=android.net.conn.CONNECTIVITY_CHANGE_IMMEDIATE
D/ConnectivityService( 1537): sendStickyBroadcast: action=android.net.conn.CONNECTIVITY_CHANGE
D/CSLegacyTypeTracker( 1537): Sending connected broadcast for type 1 NetworkAgentInfo [WIFI () - 101] isDefaultNetwork=true
D/ConnectivityService( 1537): sendStickyBroadcast: action=android.net.conn.CONNECTIVITY_CHANGE_IMMEDIATE
D/ConnectivityService( 1537): sendStickyBroadcast: action=android.net.conn.CONNECTIVITY_CHANGE
D/ConnectivityService( 1537): Validated NetworkAgentInfo [WIFI () - 101]
E/RemotePrintSpooler( 1537): Error removing obsolete print jobs .
E/RemotePrintSpooler( 1537): java.util.concurrent.TimeoutException: Cannot get spooler!
E/RemotePrintSpooler( 1537): 	at com.android.server.print.RemotePrintSpooler.bindLocked(RemotePrintSpooler.java:378)
E/RemotePrintSpooler( 1537): 	at com.android.server.print.RemotePrintSpooler.getRemoteInstanceLazy(RemotePrintSpooler.java:354)
E/RemotePrintSpooler( 1537): 	at com.android.server.print.RemotePrintSpooler.removeObsoletePrintJobs(RemotePrintSpooler.java:289)
E/RemotePrintSpooler( 1537): 	at com.android.server.print.UserState.removeObsoletePrintJobs(UserState.java:165)
E/RemotePrintSpooler( 1537): 	at com.android.server.print.PrintManagerService$PrintManagerImpl$3.run(PrintManagerService.java:644)
E/RemotePrintSpooler( 1537): 	at android.os.Handler.handleCallback(Handler.java:739)
E/RemotePrintSpooler( 1537): 	at android.os.Handler.dispatchMessage(Handler.java:95)
E/RemotePrintSpooler( 1537): 	at android.os.Looper.loop(Looper.java:135)
E/RemotePrintSpooler( 1537): 	at android.os.HandlerThread.run(HandlerThread.java:61)
I/UsageStatsService( 1537): User[0] Flushing usage stats to disk
I/UsageStatsDatabase( 1537): Moving file /data/system/usagestats/0/daily/1535414427702 to /data/system/usagestats/0/daily/1535414434329
I/UsageStatsDatabase( 1537): Moving file /data/system/usagestats/0/daily/1535500824089 to /data/system/usagestats/0/daily/1535500830716
I/UsageStatsDatabase( 1537): Moving file /data/system/usagestats/0/daily/1535587217607 to /data/system/usagestats/0/daily/1535587224234
I/UsageStatsDatabase( 1537): Moving file /data/system/usagestats/0/daily/1535673617607 to /data/system/usagestats/0/daily/1535673624234
I/UsageStatsDatabase( 1537): Moving file /data/system/usagestats/0/daily/1535932810785 to /data/system/usagestats/0/daily/1535932817412
I/UsageStatsDatabase( 1537): Moving file /data/system/usagestats/0/daily/1536019200000 to /data/system/usagestats/0/daily/1536019206627
I/UsageStatsDatabase( 1537): Moving file /data/system/usagestats/0/weekly/1533772887042 to /data/system/usagestats/0/weekly/1533772893669
I/UsageStatsDatabase( 1537): Moving file /data/system/usagestats/0/weekly/1534377659529 to /data/system/usagestats/0/weekly/1534377666156
I/UsageStatsDatabase( 1537): Moving file /data/system/usagestats/0/weekly/1534982443720 to /data/system/usagestats/0/weekly/1534982450347
I/UsageStatsDatabase( 1537): Moving file /data/system/usagestats/0/weekly/1535587217607 to /data/system/usagestats/0/weekly/1535587224234
I/UsageStatsDatabase( 1537): Moving file /data/system/usagestats/0/monthly/1531872143791 to /data/system/usagestats/0/monthly/1531872150418
I/UsageStatsDatabase( 1537): Moving file /data/system/usagestats/0/monthly/1534464059529 to /data/system/usagestats/0/monthly/1534464066156
I/UsageStatsDatabase( 1537): Moving file /data/system/usagestats/0/yearly/1513728143791 to /data/system/usagestats/0/yearly/1513728150418
I/UsageStatsService( 1537): User[0] Rollover scheduled @ 2018-09-05 08:00:00(1536105600000)
I/ActivityManager( 1537): Waited long enough for: ServiceRecord{371777bb u0 com.android.flysilkworm/.app.service.AppAutoUpdateService}
D/ConnectivityService( 1537): handleLingerComplete for NetworkAgentInfo [Ethernet () - 100]
D/ConnectivityService( 1537): NetworkAgentInfo [Ethernet () - 100] got DISCONNECTED, was satisfying 1
D/ConnectivityService( 1537): notifyType LOST for NetworkAgentInfo [Ethernet () - 100]
E/ConnectivityService( 1537): EVENT_NETWORK_CAPABILITIES_CHANGED from unknown NetworkAgent
E/ConnectivityService( 1537): EVENT_NETWORK_INFO_CHANGED from unknown NetworkAgent
E/ConnectivityService( 1537): NetworkAgent not found for EVENT_NETWORK_PROPERTIES_CHANGED
E/ConnectivityService( 1537): EVENT_NETWORK_SCORE_CHANGED from unknown NetworkAgent
W/BroadcastQueue( 1537): Skipping deliver [background] BroadcastRecord{3094f740 u-1 android.net.conn.CONNECTIVITY_CHANGE} to ReceiverList{e42f679 2111 (unknown name)/0/u-1 remote:3d5f6e72}: process crashing
I/ActivityManager( 1537): START u0 {act=android.intent.action.MAIN cat=[android.intent.category.LAUNCHER] flg=0x10200000 cmp=com.jieshun.jslife/.activity.common.WelcomeActivity} from uid 0 on display 0
V/WindowManager( 1537): addAppToken: AppWindowToken{272476c token=Token{2029f81f ActivityRecord{1431ffbe u0 com.jieshun.jslife/.activity.common.WelcomeActivity t2}}} to stack=1 task=2 at 0
I/ActivityManager( 1537): Start proc 2127:com.jieshun.jslife/u0a28 for activity com.jieshun.jslife/.activity.common.WelcomeActivity
I/ActivityManager( 1537): START u0 {act=android.intent.action.MAIN cat=[android.intent.category.HOME] flg=0x10200000 cmp=com.android.launcher3/.Launcher} from uid 1000 on display 0
I/ActivityManager( 1537): START u0 {flg=0x10200000 cmp=com.android.flysilkworm/.app.activity.FrameworkActivity (has extras)} from uid 10020 on display 0
I/ActivityManager( 1537): START u0 {act=android.intent.action.MAIN cat=[android.intent.category.LAUNCHER] flg=0x10200000 cmp=com.android.flysilkworm/.app.activity.FrameworkActivity bnds=[150,74][290,273] (has extras)} from uid 10020 on display 0
I/ActivityManager( 1537): START u0 {flg=0x10200000 cmp=com.android.flysilkworm/.app.activity.FrameworkActivity (has extras)} from uid 10020 on display 0
I/ActivityManager( 1537): START u0 {flg=0x10200000 cmp=com.android.flysilkworm/.app.activity.FrameworkActivity (has extras)} from uid 10020 on display 0
I/ActivityManager( 1537): START u0 {cmp=com.jieshun.jslife/.activity.common.LoadingActivity} from uid 10028 on display 0
V/WindowManager( 1537): addAppToken: AppWindowToken{166812b3 token=Token{a0c5822 ActivityRecord{14cfa1ed u0 com.jieshun.jslife/.activity.common.LoadingActivity t2}}} to stack=1 task=2 at 1
W/InputManager( 1537): Input event injection from pid 2111 failed.
W/InputManager( 1537): Input event injection from pid 2111 failed.
W/InputManager( 1537): Input event injection from pid 2111 failed.
W/InputManager( 1537): Input event injection from pid 2111 failed.
V/WindowManager( 1537): Based on layer: Adding window Window{45f0dd2 u0 com.jieshun.jslife/com.jieshun.jslife.activity.common.LoadingActivity} at 2 of 5
I/ActivityManager( 1537): START u0 {cmp=com.jieshun.jslife/.activity.common.MainFragmentActivity} from uid 10028 on display 0
W/InputManager( 1537): Input event injection from pid 2111 failed.
V/WindowManager( 1537): addAppToken: AppWindowToken{b45f1ff token=Token{177c351e ActivityRecord{be92559 u0 com.jieshun.jslife/.activity.common.MainFragmentActivity t2}}} to stack=1 task=2 at 2
W/InputManager( 1537): Input event injection from pid 2111 failed.
W/InputManager( 1537): Input event injection from pid 2111 failed.
W/InputManager( 1537): Input event injection from pid 2111 failed.
W/InputManager( 1537): Input event injection from pid 2111 failed.
W/InputManager( 1537): Input event injection from pid 2111 failed.
W/InputManager( 1537): Input event injection from pid 2111 failed.
W/InputManager( 1537): Input event injection from pid 2111 failed.
W/InputManager( 1537): Input event injection from pid 2111 failed.
W/InputManager( 1537): Input event injection from pid 2111 failed.
W/InputManager( 1537): Input event injection from pid 2111 failed.
D/WifiService( 1537): New client listening to asynchronous messages
W/InputManager( 1537): Input event injection from pid 2111 failed.
W/InputManager( 1537): Input event injection from pid 2111 failed.
V/WindowManager( 1537): Adding window Window{2fc3f8b8 u0 com.jieshun.jslife/com.jieshun.jslife.activity.common.MainFragmentActivity} at 3 of 6 (after Window{45f0dd2 u0 com.jieshun.jslife/com.jieshun.jslife.activity.common.LoadingActivity})
W/InputManager( 1537): Input event injection from pid 2111 failed.
W/InputManager( 1537): Input event injection from pid 2111 failed.
W/InputManager( 1537): Input event injection from pid 2111 failed.
W/InputManager( 1537): Input event injection from pid 2111 failed.
W/InputManager( 1537): Input event injection from pid 2111 failed.
W/InputManager( 1537): Input event injection from pid 2111 failed.
V/WindowManager( 1537): Adding window Window{1f1be864 u0 com.jieshun.jslife/com.jieshun.jslife.activity.common.MainFragmentActivity} at 3 of 7 (before Window{2fc3f8b8 u0 com.jieshun.jslife/com.jieshun.jslife.activity.common.MainFragmentActivity})
V/WindowManager( 1537): Adding window Window{8b8950b u0 SurfaceView} at 3 of 8 (before Window{1f1be864 u0 com.jieshun.jslife/com.jieshun.jslife.activity.common.MainFragmentActivity})
I/ActivityManager( 1537): Start proc 2307:com.jieshun.jslife:remote/u0a28 for service com.jieshun.jslife/com.baidu.location.f
V/WindowManager( 1537): not Base app: Adding window Window{2f3402c u0 com.jieshun.jslife/com.jieshun.jslife.activity.common.MainFragmentActivity} at 5 of 8
I/ActivityManager( 1537): START u0 {cmp=com.jieshun.jslife/.activity.WebViewBaseActivity (has extras)} from uid 10028 on display 0
V/WindowManager( 1537): addAppToken: AppWindowToken{12dada9 token=Token{3f084d30 ActivityRecord{21492a73 u0 com.jieshun.jslife/.activity.WebViewBaseActivity t2}}} to stack=1 task=2 at 3
W/ActivityManager( 1537): Launch timeout has expired, giving up wake lock!
D/WifiService( 1537): New client listening to asynchronous messages
V/WindowManager( 1537): Adding window Window{3304de53 u0 com.jieshun.jslife/com.jieshun.jslife.activity.WebViewBaseActivity} at 4 of 7 (after Window{1f1be864 u0 com.jieshun.jslife/com.jieshun.jslife.activity.common.MainFragmentActivity})
W/ViewRootImpl( 2127): Dropping event due to no window focus: KeyEvent { action=ACTION_DOWN, keyCode=KEYCODE_VOLUME_MUTE, scanCode=0, metaState=0, flags=0x8, repeatCount=0, eventTime=110644, downTime=110644, deviceId=-1, source=0x101 }
W/ViewRootImpl( 2127): Cancelling event due to no window focus: KeyEvent { action=ACTION_UP, keyCode=KEYCODE_VOLUME_MUTE, scanCode=0, metaState=0, flags=0x28, repeatCount=0, eventTime=112101, downTime=112101, deviceId=-1, source=0x101 }
W/ViewRootImpl( 2127): Cancelling event due to no window focus: KeyEvent { action=ACTION_UP, keyCode=KEYCODE_VOLUME_MUTE, scanCode=0, metaState=0, flags=0x28, repeatCount=0, eventTime=112101, downTime=112101, deviceId=-1, source=0x101 }
W/ViewRootImpl( 2127): Cancelling event due to no window focus: KeyEvent { action=ACTION_UP, keyCode=KEYCODE_VOLUME_MUTE, scanCode=0, metaState=0, flags=0x28, repeatCount=0, eventTime=112101, downTime=112101, deviceId=-1, source=0x101 }
W/ViewRootImpl( 2127): Cancelling event due to no window focus: KeyEvent { action=ACTION_UP, keyCode=KEYCODE_VOLUME_MUTE, scanCode=0, metaState=0, flags=0x28, repeatCount=0, eventTime=112101, downTime=112101, deviceId=-1, source=0x101 }
W/ViewRootImpl( 2127): Cancelling event due to no window focus: KeyEvent { action=ACTION_UP, keyCode=KEYCODE_VOLUME_MUTE, scanCode=0, metaState=0, flags=0x28, repeatCount=0, eventTime=112101, downTime=112101, deviceId=-1, source=0x101 }
W/ViewRootImpl( 2127): Cancelling event due to no window focus: KeyEvent { action=ACTION_UP, keyCode=KEYCODE_VOLUME_MUTE, scanCode=0, metaState=0, flags=0x28, repeatCount=0, eventTime=112101, downTime=112101, deviceId=-1, source=0x101 }
V/WindowManager( 1537): not Base app: Adding window Window{1bd9045 u0 com.jieshun.jslife/com.jieshun.jslife.activity.WebViewBaseActivity} at 5 of 8
W/ActivityManager( 1537): Launch timeout has expired, giving up wake lock!
W/BroadcastQueue( 1537): Skipping deliver [background] BroadcastRecord{297af8ec u-1 android.net.conn.CONNECTIVITY_CHANGE} to ReceiverList{13bc14b5 2514 (unknown name)/0/u-1 remote:1bdff53e}: process crashing
I/ActivityManager( 1537): START u0 {act=android.intent.action.MAIN cat=[android.intent.category.LAUNCHER] flg=0x10200000 cmp=com.jieshun.jslife/.activity.common.WelcomeActivity} from uid 0 on display 0
I/ActivityManager( 1537): START u0 {flg=0x4000000 cmp=com.jieshun.jslife/.activity.minicommunity.report.RepairReportListActivity} from uid 10028 on display 0
V/WindowManager( 1537): addAppToken: AppWindowToken{1694b7d8 token=Token{14ff76bb ActivityRecord{2e62274a u0 com.jieshun.jslife/.activity.minicommunity.report.RepairReportListActivity t2}}} to stack=1 task=2 at 1
W/InputManager( 1537): Input event injection from pid 2514 failed.
W/InputManager( 1537): Input event injection from pid 2514 failed.
V/WindowManager( 1537): Adding window Window{14236e16 u0 com.jieshun.jslife/com.jieshun.jslife.activity.minicommunity.report.RepairReportListActivity} at 4 of 7 (after Window{1f1be864 u0 com.jieshun.jslife/com.jieshun.jslife.activity.common.MainFragmentActivity})
V/WindowManager( 1537): Adding window Window{3c897984 u0 com.jieshun.jslife/com.jieshun.jslife.activity.minicommunity.report.RepairReportListActivity} at 4 of 8 (before Window{14236e16 u0 com.jieshun.jslife/com.jieshun.jslife.activity.minicommunity.report.RepairReportListActivity})
V/WindowManager( 1537): not Base app: Adding window Window{375c9525 u0 com.jieshun.jslife/com.jieshun.jslife.activity.minicommunity.report.RepairReportListActivity} at 6 of 9
W/InputMethodManagerService( 1537): Window already focused, ignoring focus gain of: com.android.internal.view.IInputMethodClient$Stub$Proxy@16665ea1 attribute=null, token = android.os.BinderProxy@19a4c397
V/WindowManager( 1537): not Base app: Adding window Window{3ca7c087 u0 com.jieshun.jslife/com.jieshun.jslife.activity.minicommunity.report.RepairReportListActivity} at 5 of 8
I/ActivityManager( 1537): START u0 {act=android.intent.action.MAIN cat=[android.intent.category.HOME] flg=0x10200000 cmp=com.android.launcher3/.Launcher} from uid 1000 on display 0
V/WindowManager( 1537): not Base app: Adding window Window{1e943dd u0 com.jieshun.jslife/com.jieshun.jslife.activity.minicommunity.report.RepairReportListActivity} at 5 of 8
V/WindowManager( 1537): not Base app: Adding window Window{1b35de23 u0 com.jieshun.jslife/com.jieshun.jslife.activity.minicommunity.report.RepairReportListActivity} at 5 of 8
W/InputManager( 1537): Input event injection from pid 2514 failed.
W/InputManager( 1537): Input event injection from pid 2514 failed.
I/ActivityManager( 1537): START u0 {cmp=com.jieshun.jslife/.activity.userinfo.OpinionFeedbackActivity} from uid 10028 on display 0
V/WindowManager( 1537): addAppToken: AppWindowToken{24a809e4 token=Token{119bd977 ActivityRecord{893af76 u0 com.jieshun.jslife/.activity.userinfo.OpinionFeedbackActivity t2}}} to stack=1 task=2 at 2
V/WindowManager( 1537): Adding window Window{3d034d02 u0 com.jieshun.jslife/com.jieshun.jslife.activity.userinfo.OpinionFeedbackActivity} at 5 of 8 (after Window{3c897984 u0 com.jieshun.jslife/com.jieshun.jslife.activity.minicommunity.report.RepairReportListActivity})
I/ValidateNoPeople( 1537): skipping global notification
I/ValidateNoPeople( 1537): skipping global notification
I/ValidateNoPeople( 1537): skipping global notification
I/ActivityManager( 1537): START u0 {act=android.intent.action.CALL_BUTTON flg=0x10000000} from uid 10028 on display 0
I/ValidateNoPeople( 1537): skipping global notification
I/ValidateNoPeople( 1537): skipping global notification
I/ValidateNoPeople( 1537): skipping global notification
I/ActivityManager( 1537): START u0 {act=android.intent.action.MAIN cat=[android.intent.category.LAUNCHER] flg=0x10200000 cmp=com.jieshun.jslife/.activity.common.WelcomeActivity} from uid 0 on display 0
W/ActivityManager( 1537): Launch timeout has expired, giving up wake lock!
W/BroadcastQueue( 1537): Skipping deliver [background] BroadcastRecord{3f6ffe75 u-1 android.net.conn.CONNECTIVITY_CHANGE} to ReceiverList{25b52e0a 2626 (unknown name)/0/u-1 remote:2696635f}: process crashing
I/ActivityManager( 1537): START u0 {act=android.intent.action.MAIN cat=[android.intent.category.LAUNCHER] flg=0x10200000 cmp=com.jieshun.jslife/.activity.common.WelcomeActivity} from uid 0 on display 0
I/ActivityManager( 1537): START u0 {cmp=com.jieshun.jslife/.activity.userinfo.UserInfoNewActivity} from uid 10028 on display 0
V/WindowManager( 1537): addAppToken: AppWindowToken{18cf0cf1 token=Token{3f31fc98 ActivityRecord{27e7d67b u0 com.jieshun.jslife/.activity.userinfo.UserInfoNewActivity t2}}} to stack=1 task=2 at 2
V/WindowManager( 1537): Adding window Window{21135f57 u0 com.jieshun.jslife/com.jieshun.jslife.activity.userinfo.UserInfoNewActivity} at 5 of 8 (after Window{3d034d02 u0 com.jieshun.jslife/com.jieshun.jslife.activity.userinfo.OpinionFeedbackActivity})
V/WindowManager( 1537): Adding window Window{f36872d u0 com.jieshun.jslife/com.jieshun.jslife.activity.userinfo.UserInfoNewActivity} at 5 of 9 (before Window{21135f57 u0 com.jieshun.jslife/com.jieshun.jslife.activity.userinfo.UserInfoNewActivity})
W/InputManager( 1537): Input event injection from pid 2626 failed.
W/InputManager( 1537): Input event injection from pid 2626 failed.
V/WindowManager( 1537): not Base app: Adding window Window{bfd2dba u0 com.jieshun.jslife/com.jieshun.jslife.activity.userinfo.UserInfoNewActivity} at 6 of 9
W/ViewRootImpl( 2127): Dropping event due to root view being removed: MotionEvent { action=ACTION_UP, id[0]=0, x[0]=311.19254, y[0]=792.4779, toolType[0]=TOOL_TYPE_UNKNOWN, buttonState=0, metaState=0, flags=0x0, edgeFlags=0x0, pointerCount=1, historySize=0, eventTime=373956, downTime=373955, deviceId=0, source=0x1002 }
I/ActivityManager( 1537): START u0 {cmp=com.jieshun.jslife/.activity.userinfo.UserAlignActivity} from uid 10028 on display 0
V/WindowManager( 1537): addAppToken: AppWindowToken{25f4959d token=Token{fc2cc74 ActivityRecord{1dd4cc47 u0 com.jieshun.jslife/.activity.userinfo.UserAlignActivity t2}}} to stack=1 task=2 at 2
V/WindowManager( 1537): Adding window Window{2e87e5e3 u0 com.jieshun.jslife/com.jieshun.jslife.activity.userinfo.UserAlignActivity} at 5 of 8 (after Window{f36872d u0 com.jieshun.jslife/com.jieshun.jslife.activity.userinfo.UserInfoNewActivity})
I/ActivityManager( 1537): START u0 {cmp=com.jieshun.jslife/.activity.userinfo.SetRealNameActivity} from uid 10028 on display 0
V/WindowManager( 1537): addAppToken: AppWindowToken{1ec3aa4 token=Token{31035537 ActivityRecord{18c0c236 u0 com.jieshun.jslife/.activity.userinfo.SetRealNameActivity t2}}} to stack=1 task=2 at 2
V/WindowManager( 1537): Adding window Window{1ccecbc2 u0 com.jieshun.jslife/com.jieshun.jslife.activity.userinfo.SetRealNameActivity} at 5 of 8 (after Window{f36872d u0 com.jieshun.jslife/com.jieshun.jslife.activity.userinfo.UserInfoNewActivity})
I/ActivityManager( 1537): START u0 {act=android.intent.action.MAIN cat=[android.intent.category.LAUNCHER] flg=0x10200000 cmp=com.jieshun.jslife/.activity.common.WelcomeActivity} from uid 0 on display 0
I/ActivityManager( 1537): START u0 {act=android.intent.action.MAIN cat=[android.intent.category.LAUNCHER] flg=0x10200000 cmp=com.jieshun.jslife/.activity.common.WelcomeActivity} from uid 0 on display 0
I/ActivityManager( 1537): START u0 {cmp=com.jieshun.jslife/.activity.userinfo.SettingActivity} from uid 10028 on display 0
V/WindowManager( 1537): addAppToken: AppWindowToken{38b12a40 token=Token{46611c3 ActivityRecord{af5a972 u0 com.jieshun.jslife/.activity.userinfo.SettingActivity t2}}} to stack=1 task=2 at 2
W/InputManager( 1537): Input event injection from pid 2626 failed.
W/InputManager( 1537): Input event injection from pid 2626 failed.
V/WindowManager( 1537): Adding window Window{3b9eaa6c u0 com.jieshun.jslife/com.jieshun.jslife.activity.userinfo.SettingActivity} at 5 of 8 (after Window{f36872d u0 com.jieshun.jslife/com.jieshun.jslife.activity.userinfo.UserInfoNewActivity})
W/BroadcastQueue( 1537): Skipping deliver [background] BroadcastRecord{1a78e6e9 u-1 android.net.conn.CONNECTIVITY_CHANGE} to ReceiverList{1d0b7f6e 2707 (unknown name)/0/u-1 remote:15ef1b3}: process crashing
I/ActivityManager( 1537): START u0 {act=android.intent.action.MAIN cat=[android.intent.category.LAUNCHER] flg=0x10200000 cmp=com.jieshun.jslife/.activity.common.WelcomeActivity} from uid 0 on display 0
I/ActivityManager( 1537): START u0 {cmp=com.jieshun.jslife/.activity.userinfo.OpinionFeedbackActivity} from uid 10028 on display 0
V/WindowManager( 1537): addAppToken: AppWindowToken{1a7008a5 token=Token{27d7869c ActivityRecord{1bccf60f u0 com.jieshun.jslife/.activity.userinfo.OpinionFeedbackActivity t2}}} to stack=1 task=2 at 1
V/WindowManager( 1537): Adding window Window{136ce42b u0 com.jieshun.jslife/com.jieshun.jslife.activity.userinfo.OpinionFeedbackActivity} at 4 of 7 (after Window{1f1be864 u0 com.jieshun.jslife/com.jieshun.jslife.activity.common.MainFragmentActivity})
I/ValidateNoPeople( 1537): skipping global notification
W/InputManager( 1537): Input event injection from pid 2707 failed.
W/InputManager( 1537): Input event injection from pid 2707 failed.
I/ActivityManager( 1537): START u0 {act=android.intent.action.MAIN cat=[android.intent.category.LAUNCHER] flg=0x10200000 cmp=com.jieshun.jslife/.activity.common.WelcomeActivity} from uid 0 on display 0
I/ActivityManager( 1537): START u0 {cmp=com.jieshun.jslife/.activity.userinfo.UserInfoNewActivity} from uid 10028 on display 0
V/WindowManager( 1537): addAppToken: AppWindowToken{8c3d91 token=Token{3c190bb8 ActivityRecord{38132e1b u0 com.jieshun.jslife/.activity.userinfo.UserInfoNewActivity t2}}} to stack=1 task=2 at 2
V/WindowManager( 1537): Adding window Window{22c90f7 u0 com.jieshun.jslife/com.jieshun.jslife.activity.userinfo.UserInfoNewActivity} at 5 of 8 (after Window{136ce42b u0 com.jieshun.jslife/com.jieshun.jslife.activity.userinfo.OpinionFeedbackActivity})
V/WindowManager( 1537): Adding window Window{31a621cd u0 com.jieshun.jslife/com.jieshun.jslife.activity.userinfo.UserInfoNewActivity} at 5 of 9 (before Window{22c90f7 u0 com.jieshun.jslife/com.jieshun.jslife.activity.userinfo.UserInfoNewActivity})
I/ActivityManager( 1537): START u0 {cmp=com.jieshun.jslife/.activity.userinfo.SetRealNameActivity} from uid 10028 on display 0
V/WindowManager( 1537): addAppToken: AppWindowToken{897d40b token=Token{35f767da ActivityRecord{1bf2bd85 u0 com.jieshun.jslife/.activity.userinfo.SetRealNameActivity t2}}} to stack=1 task=2 at 2
V/WindowManager( 1537): Adding window Window{34a6ad01 u0 com.jieshun.jslife/com.jieshun.jslife.activity.userinfo.SetRealNameActivity} at 6 of 9 (after Window{22c90f7 u0 com.jieshun.jslife/com.jieshun.jslife.activity.userinfo.UserInfoNewActivity EXITING})
I/ValidateNoPeople( 1537): skipping global notification
V/WindowManager( 1537): Adding window Window{302afb39 u0 PopupWindow:2a3c754f} at 6 of 9 (after Window{34a6ad01 u0 com.jieshun.jslife/com.jieshun.jslife.activity.userinfo.SetRealNameActivity})
I/ActivityManager( 1537): START u0 {act=android.intent.action.MAIN cat=[android.intent.category.LAUNCHER] flg=0x10200000 cmp=com.jieshun.jslife/.activity.common.WelcomeActivity} from uid 0 on display 0
I/ValidateNoPeople( 1537): skipping global notification
I/ActivityManager( 1537): START u0 {act=android.intent.action.MAIN cat=[android.intent.category.LAUNCHER] flg=0x10200000 cmp=com.jieshun.jslife/.activity.common.WelcomeActivity} from uid 0 on display 0
I/ActivityManager( 1537): START u0 {cmp=com.jieshun.jslife/.activity.userinfo.UserAlignActivity} from uid 10028 on display 0
V/WindowManager( 1537): addAppToken: AppWindowToken{55c8aad token=Token{1a4c2bc4 ActivityRecord{2155d6d7 u0 com.jieshun.jslife/.activity.userinfo.UserAlignActivity t2}}} to stack=1 task=2 at 3
V/WindowManager( 1537): Adding window Window{db70973 u0 com.jieshun.jslife/com.jieshun.jslife.activity.userinfo.UserAlignActivity} at 6 of 9 (after Window{34a6ad01 u0 com.jieshun.jslife/com.jieshun.jslife.activity.userinfo.SetRealNameActivity})
I/ActivityManager( 1537): START u0 {cmp=com.jieshun.jslife/.activity.userinfo.SetUserNickNameActivity (has extras)} from uid 10028 on display 0
V/WindowManager( 1537): addAppToken: AppWindowToken{11740df4 token=Token{156423c7 ActivityRecord{36a07106 u0 com.jieshun.jslife/.activity.userinfo.SetUserNickNameActivity t2}}} to stack=1 task=2 at 2
V/WindowManager( 1537): Adding window Window{9429792 u0 com.jieshun.jslife/com.jieshun.jslife.activity.userinfo.SetUserNickNameActivity} at 5 of 8 (after Window{31a621cd u0 com.jieshun.jslife/com.jieshun.jslife.activity.userinfo.UserInfoNewActivity})
W/BroadcastQueue( 1537): Skipping deliver [background] BroadcastRecord{27c586ea u-1 android.net.conn.CONNECTIVITY_CHANGE} to ReceiverList{2131eddb 2807 (unknown name)/0/u-1 remote:3cdf278c}: process crashing
I/ActivityManager( 1537): START u0 {act=android.intent.action.MAIN cat=[android.intent.category.LAUNCHER] flg=0x10200000 cmp=com.jieshun.jslife/.activity.common.WelcomeActivity} from uid 0 on display 0
I/ActivityManager( 1537): START u0 {act=android.intent.action.MAIN cat=[android.intent.category.LAUNCHER] flg=0x10200000 cmp=com.jieshun.jslife/.activity.common.WelcomeActivity} from uid 0 on display 0
W/InputMethodManagerService( 1537): Window already focused, ignoring focus gain of: com.android.internal.view.IInputMethodClient$Stub$Proxy@2b1d3078 attribute=android.view.inputmethod.EditorInfo@35026351, token = android.os.BinderProxy@962791d
W/InputMethodManagerService( 1537): Window already focused, ignoring focus gain of: com.android.internal.view.IInputMethodClient$Stub$Proxy@2ded27b6 attribute=null, token = android.os.BinderProxy@962791d
I/ActivityManager( 1537): START u0 {act=android.intent.action.MAIN cat=[android.intent.category.HOME] flg=0x10200000 cmp=com.android.launcher3/.Launcher} from uid 1000 on display 0
I/ActivityManager( 1537): START u0 {act=android.intent.action.MAIN cat=[android.intent.category.HOME] flg=0x10200000 cmp=com.android.launcher3/.Launcher} from uid 1000 on display 0
V/WindowManager( 1537): not Base app: Adding window Window{2879a7a8 u0 com.jieshun.jslife/com.jieshun.jslife.activity.userinfo.UserInfoNewActivity} at 5 of 8
W/ViewRootImpl( 2127): Dropping event due to root view being removed: MotionEvent { action=ACTION_UP, id[0]=0, x[0]=216.27954, y[0]=584.1873, toolType[0]=TOOL_TYPE_UNKNOWN, buttonState=0, metaState=0, flags=0x0, edgeFlags=0x0, pointerCount=1, historySize=0, eventTime=1076684, downTime=1076682, deviceId=0, source=0x1002 }
I/UsageStatsService( 1537): User[0] Flushing usage stats to disk
W/BroadcastQueue( 1537): Skipping deliver [background] BroadcastRecord{306b08f9 u-1 android.net.conn.CONNECTIVITY_CHANGE} to ReceiverList{23e4e03e 2895 (unknown name)/0/u-1 remote:28312143}: process crashing
I/ActivityManager( 1537): START u0 {act=android.intent.action.MAIN cat=[android.intent.category.LAUNCHER] flg=0x10200000 cmp=com.jieshun.jslife/.activity.common.WelcomeActivity} from uid 0 on display 0
I/ActivityManager( 1537): START u0 {cmp=com.jieshun.jslife/.activity.userinfo.UserAlignActivity} from uid 10028 on display 0
V/WindowManager( 1537): addAppToken: AppWindowToken{1aca3bb5 token=Token{1edd5bec ActivityRecord{32ba8e9f u0 com.jieshun.jslife/.activity.userinfo.UserAlignActivity t2}}} to stack=1 task=2 at 2
V/WindowManager( 1537): Adding window Window{2b4375bb u0 com.jieshun.jslife/com.jieshun.jslife.activity.userinfo.UserAlignActivity} at 5 of 8 (after Window{31a621cd u0 com.jieshun.jslife/com.jieshun.jslife.activity.userinfo.UserInfoNewActivity})
I/ActivityManager( 1537): START u0 {act=android.intent.action.MAIN cat=[android.intent.category.LAUNCHER] flg=0x10200000 cmp=com.jieshun.jslife/.activity.common.WelcomeActivity} from uid 0 on display 0
I/ActivityManager( 1537): START u0 {cmp=com.jieshun.jslife/.activity.userinfo.UserAlignActivity} from uid 10028 on display 0
V/WindowManager( 1537): addAppToken: AppWindowToken{1ee5981c token=Token{23ea5d8f ActivityRecord{1a27d4ee u0 com.jieshun.jslife/.activity.userinfo.UserAlignActivity t2}}} to stack=1 task=2 at 2
V/WindowManager( 1537): Adding window Window{174051fa u0 com.jieshun.jslife/com.jieshun.jslife.activity.userinfo.UserAlignActivity} at 5 of 8 (after Window{31a621cd u0 com.jieshun.jslife/com.jieshun.jslife.activity.userinfo.UserInfoNewActivity})
W/InputMethodManagerService( 1537): Window already focused, ignoring focus gain of: com.android.internal.view.IInputMethodClient$Stub$Proxy@3243b895 attribute=null, token = android.os.BinderProxy@1dc27c25
W/BackupManagerService( 1537): dataChanged but no participant pkg='com.android.providers.settings' uid=10007
D/ZenLog  ( 1537): set_zen_mode: no_interruptions,setting
D/ZenLog  ( 1537): update_zen_mode: off -> no_interruptions
D/ConditionProviders( 1537): Subscribing to condition://android/countdown/1536024477244 with android.service.notification.ConditionProviderService$Provider@1ef44911
D/ZenLog  ( 1537): subscribe: condition://android/countdown/1536024477244,ok
D/ZenLog  ( 1537): exit_condition: Condition[id=condition://android/countdown/1536024477244,summary=30 分钟（到上午9:27）,line1=30分钟,line2=到上午9:27,icon=0,state=STATE_TRUE,flags=1],{android/com.android.server.notification.CountdownConditionProvider},binderCall
D/ZenLog  ( 1537): config: ZenModeConfig[allowCalls=false,allowMessages=false,allowFrom=anyone,allowEvents=true,sleepMode=null,sleepStart=22.0,sleepEnd=7.0,sleepNone=false,conditionComponents=null,conditionIds=null,exitCondition=Condition[id=condition://android/countdown/1536024477244,summary=30 分钟（到上午9:27）,line1=30分钟,line2=到上午9:27,icon=0,state=STATE_TRUE,flags=1],exitConditionComponent=ComponentInfo{android/com.android.server.notification.CountdownConditionProvider}]
D/ZenLog  ( 1537): set_ringer_mode_internal: ZenModeHelper,i:normal->silent,e:normal->silent
D/NotificationService( 1537): handleSavePolicyFile
W/InputMethodManagerService( 1537): Window already focused, ignoring focus gain of: com.android.internal.view.IInputMethodClient$Stub$Proxy@1cb14ce4 attribute=null, token = android.os.BinderProxy@1dc27c25
W/BroadcastQueue( 1537): Skipping deliver [background] BroadcastRecord{28ee0949 u-1 android.net.conn.CONNECTIVITY_CHANGE} to ReceiverList{2ba4624e 2990 (unknown name)/0/u-1 remote:302af513}: process crashing
I/ActivityManager( 1537): START u0 {act=android.intent.action.MAIN cat=[android.intent.category.LAUNCHER] flg=0x10200000 cmp=com.jieshun.jslife/.activity.common.WelcomeActivity} from uid 0 on display 0
V/WindowManager( 1537): Adding window Window{38e89881 u0 PopupWindow:cec35ea} at 5 of 9 (after Window{31a621cd u0 com.jieshun.jslife/com.jieshun.jslife.activity.userinfo.UserInfoNewActivity})
W/ViewRootImpl( 2127): Dropping event due to root view being removed: MotionEvent { action=ACTION_UP, id[0]=0, x[0]=656.9898, y[0]=134.70837, toolType[0]=TOOL_TYPE_UNKNOWN, buttonState=0, metaState=0, flags=0x0, edgeFlags=0x0, pointerCount=1, historySize=0, eventTime=1381111, downTime=1381110, deviceId=0, source=0x1002 }
I/ActivityManager( 1537): START u0 {cmp=com.jieshun.jslife/.activity.userinfo.UserAlignActivity} from uid 10028 on display 0
V/WindowManager( 1537): addAppToken: AppWindowToken{2a73b714 token=Token{1aa23d67 ActivityRecord{e466d26 u0 com.jieshun.jslife/.activity.userinfo.UserAlignActivity t2}}} to stack=1 task=2 at 2
V/WindowManager( 1537): Adding window Window{1c1c35b2 u0 com.jieshun.jslife/com.jieshun.jslife.activity.userinfo.UserAlignActivity} at 5 of 8 (after Window{31a621cd u0 com.jieshun.jslife/com.jieshun.jslife.activity.userinfo.UserInfoNewActivity})
W/ProcessCpuTracker( 1537): Skipping unknown process pid 3007
I/ActivityManager( 1537): START u0 {cmp=com.jieshun.jslife/.activity.userinfo.SetRealNameActivity} from uid 10028 on display 0
V/WindowManager( 1537): addAppToken: AppWindowToken{171f4e57 token=Token{179a6bd6 ActivityRecord{2f07a3f1 u0 com.jieshun.jslife/.activity.userinfo.SetRealNameActivity t2}}} to stack=1 task=2 at 2
V/WindowManager( 1537): Adding window Window{25e18e2d u0 com.jieshun.jslife/com.jieshun.jslife.activity.userinfo.SetRealNameActivity} at 5 of 8 (after Window{31a621cd u0 com.jieshun.jslife/com.jieshun.jslife.activity.userinfo.UserInfoNewActivity})
I/ActivityManager( 1537): START u0 {act=android.intent.action.MAIN cat=[android.intent.category.LAUNCHER] flg=0x10200000 cmp=com.jieshun.jslife/.activity.common.WelcomeActivity} from uid 0 on display 0
I/ActivityManager( 1537): START u0 {act=android.intent.action.MAIN cat=[android.intent.category.LAUNCHER] flg=0x10200000 cmp=com.jieshun.jslife/.activity.common.WelcomeActivity} from uid 0 on display 0
I/ActivityManager( 1537): START u0 {cmp=com.jieshun.jslife/.activity.userinfo.SettingActivity} from uid 10028 on display 0
V/WindowManager( 1537): addAppToken: AppWindowToken{151984e3 token=Token{e907512 ActivityRecord{2cef5c9d u0 com.jieshun.jslife/.activity.userinfo.SettingActivity t2}}} to stack=1 task=2 at 2
V/WindowManager( 1537): Adding window Window{d558c3f u0 com.jieshun.jslife/com.jieshun.jslife.activity.userinfo.SettingActivity} at 5 of 8 (after Window{31a621cd u0 com.jieshun.jslife/com.jieshun.jslife.activity.userinfo.UserInfoNewActivity})
W/InputManager( 1537): Input event injection from pid 2990 failed.
W/InputManager( 1537): Input event injection from pid 2990 failed.
I/ProcessStatsService( 1537): Prepared write state in 19ms
I/ProcessStatsService( 1537): Pruning old procstats: /data/system/procstats/state-2018-08-30-06-16-00.bin
W/BroadcastQueue( 1537): Skipping deliver [background] BroadcastRecord{db2c437 u-1 android.net.conn.CONNECTIVITY_CHANGE} to ReceiverList{6707da4 3067 (unknown name)/0/u-1 remote:21eed1}: process crashing
I/ActivityManager( 1537): START u0 {act=android.intent.action.MAIN cat=[android.intent.category.LAUNCHER] flg=0x10200000 cmp=com.jieshun.jslife/.activity.common.WelcomeActivity} from uid 0 on display 0
V/WindowManager( 1537): not Base app: Adding window Window{2d5c46c2 u0 com.jieshun.jslife/com.jieshun.jslife.activity.userinfo.SettingActivity} at 5 of 8
I/ActivityManager( 1537): START u0 {cmp=com.jieshun.jslife/.activity.userinfo.EnterExitGateSettingActivity} from uid 10028 on display 0
V/WindowManager( 1537): addAppToken: AppWindowToken{246f9128 token=Token{1ca3a34b ActivityRecord{3b1fec1a u0 com.jieshun.jslife/.activity.userinfo.EnterExitGateSettingActivity t2}}} to stack=1 task=2 at 2
V/WindowManager( 1537): Adding window Window{e40afe6 u0 com.jieshun.jslife/com.jieshun.jslife.activity.userinfo.EnterExitGateSettingActivity} at 5 of 8 (after Window{d558c3f u0 com.jieshun.jslife/com.jieshun.jslife.activity.userinfo.SettingActivity})
I/ActivityManager( 1537): START u0 {act=android.intent.action.MAIN cat=[android.intent.category.LAUNCHER] flg=0x10200000 cmp=com.jieshun.jslife/.activity.common.WelcomeActivity} from uid 0 on display 0
W/InputMethodManagerService( 1537): Window already focused, ignoring focus gain of: com.android.internal.view.IInputMethodClient$Stub$Proxy@2b966479 attribute=null, token = android.os.BinderProxy@2eab2e41
I/ActivityManager( 1537): START u0 {act=android.intent.action.CALL_BUTTON flg=0x10000000} from uid 10028 on display 0
I/UsageStatsService( 1537): User[0] Flushing usage stats to disk
D/ZenLog  ( 1537): set_zen_mode: off,manualConditionExit
D/ZenLog  ( 1537): update_zen_mode: no_interruptions -> off
D/ZenLog  ( 1537): set_ringer_mode_internal: ZenModeHelper,i:silent->normal,e:silent->normal
D/ZenLog  ( 1537): unsubscribe: condition://android/countdown/1536024477244,ok
D/ZenLog  ( 1537): set_zen_mode: off,setting
D/ZenLog  ( 1537): exit_condition: null,null,zenOff
D/ZenLog  ( 1537): config: ZenModeConfig[allowCalls=false,allowMessages=false,allowFrom=anyone,allowEvents=true,sleepMode=null,sleepStart=22.0,sleepEnd=7.0,sleepNone=false,conditionComponents=null,conditionIds=null,exitCondition=null,exitConditionComponent=null]
D/ZenLog  ( 1537): downtime: Autotrigger skipped: not in downtime
D/NotificationService( 1537): handleSavePolicyFile
I/ProcessStatsService( 1537): Prepared write state in 1ms
I/ProcessStatsService( 1537): Prepared write state in 0ms
I/ProcessStatsService( 1537): Prepared write state in 1ms
--------- beginning of main
D/JTC     ( 2127): near tabl onReceiveLocation
I/System.out( 2127): isFirstLoc：false
D/SMACK   ( 2127): 10:29:34 上午 SENT (642662026): <iq id="8sz74-550" to="openfire-cloud" from="13632836691@openfire-cloud/A1b852863a" type="get"><ping xmlns='urn:xmpp:ping' /></iq>
D/JTC     ( 2127): near tabl onReceiveLocation
I/System.out( 2127): isFirstLoc：false
E/WifiStateMachine( 1537): WifiStateMachine CMD_START_SCAN source -2 txSuccessRate=0.00 rxSuccessRate=0.00 targetRoamBSSID=00:81:ba:06:db:c6 RSSI=-45
D/AdHotSeatView( 1867): updateIconButton.
D/JTC     ( 2127): near tabl onReceiveLocation
I/System.out( 2127): isFirstLoc：false
D/SMACK   ( 2127): 10:29:43 上午 SENT (642662026): <iq id="8sz74-551" to="openfire-cloud" from="13632836691@openfire-cloud/A1b852863a" type="get"><ping xmlns='urn:xmpp:ping' /></iq>
D/JTC     ( 2127): near tabl onReceiveLocation
I/System.out( 2127): isFirstLoc：false
D/JTC     ( 2127): near tabl onReceiveLocation
I/System.out( 2127): isFirstLoc：false
D/SMACK   ( 2127): 10:29:57 上午 SENT (642662026): <iq id="8sz74-552" to="openfire-cloud" from="13632836691@openfire-cloud/A1b852863a" type="get"><ping xmlns='urn:xmpp:ping' /></iq>
D/JTC     ( 2127): near tabl onReceiveLocation
I/System.out( 2127): isFirstLoc：false
E/WifiStateMachine( 1537): WifiStateMachine CMD_START_SCAN source -2 txSuccessRate=0.00 rxSuccessRate=0.00 targetRoamBSSID=00:81:ba:06:db:c6 RSSI=-45
D/AdHotSeatView( 1867): updateIconButton.
D/JTC     ( 2127): near tabl onReceiveLocation
I/System.out( 2127): isFirstLoc：false
D/SMACK   ( 2127): 10:30:03 上午 SENT (642662026): <iq id="8sz74-553" to="openfire-cloud" from="13632836691@openfire-cloud/A1b852863a" type="get"><ping xmlns='urn:xmpp:ping' /></iq>
D/JTC     ( 2127): near tabl onReceiveLocation
I/System.out( 2127): isFirstLoc：false
D/SMACK   ( 2127): 10:30:12 上午 SENT (642662026): <iq id="8sz74-554" to="openfire-cloud" from="13632836691@openfire-cloud/A1b852863a" type="get"><ping xmlns='urn:xmpp:ping' /></iq>
D/JTC     ( 2127): near tabl onReceiveLocation
I/System.out( 2127): isFirstLoc：false
D/JTC     ( 2127): near tabl onReceiveLocation
I/System.out( 2127): isFirstLoc：false
E/WifiStateMachine( 1537): WifiStateMachine CMD_START_SCAN source -2 txSuccessRate=0.00 rxSuccessRate=0.00 targetRoamBSSID=00:81:ba:06:db:c6 RSSI=-45
D/AdHotSeatView( 1867): updateIconButton.
D/JTC     ( 2127): near tabl onReceiveLocation
I/System.out( 2127): isFirstLoc：false
D/SMACK   ( 2127): 10:30:26 上午 SENT (642662026): <iq id="8sz74-555" to="openfire-cloud" from="13632836691@openfire-cloud/A1b852863a" type="get"><ping xmlns='urn:xmpp:ping' /></iq>
D/JTC     ( 2127): near tabl onReceiveLocation
I/System.out( 2127): isFirstLoc：false
D/SMACK   ( 2127): 10:30:32 上午 SENT (642662026): <iq id="8sz74-556" to="openfire-cloud" from="13632836691@openfire-cloud/A1b852863a" type="get"><ping xmlns='urn:xmpp:ping' /></iq>
D/JTC     ( 2127): near tabl onReceiveLocation
I/System.out( 2127): isFirstLoc：false
D/JTC     ( 2127): near tabl onReceiveLocation
I/System.out( 2127): isFirstLoc：false
E/WifiStateMachine( 1537): WifiStateMachine CMD_START_SCAN source -2 txSuccessRate=0.00 rxSuccessRate=0.00 targetRoamBSSID=00:81:ba:06:db:c6 RSSI=-45
D/AdHotSeatView( 1867): updateIconButton.
D/SMACK   ( 2127): 10:30:41 上午 SENT (642662026): <iq id="8sz74-557" to="openfire-cloud" from="13632836691@openfire-cloud/A1b852863a" type="get"><ping xmlns='urn:xmpp:ping' /></iq>
D/JTC     ( 2127): near tabl onReceiveLocation
I/System.out( 2127): isFirstLoc：false
D/JTC     ( 2127): near tabl onReceiveLocation
I/System.out( 2127): isFirstLoc：false
D/JTC     ( 2127): near tabl onReceiveLocation
I/System.out( 2127): isFirstLoc：false
D/SMACK   ( 2127): 10:30:55 上午 SENT (642662026): <iq id="8sz74-558" to="openfire-cloud" from="13632836691@openfire-cloud/A1b852863a" type="get"><ping xmlns='urn:xmpp:ping' /></iq>
D/JTC     ( 2127): near tabl onReceiveLocation
I/System.out( 2127): isFirstLoc：false
E/WifiStateMachine( 1537): WifiStateMachine CMD_START_SCAN source -2 txSuccessRate=0.00 rxSuccessRate=0.00 targetRoamBSSID=00:81:ba:06:db:c6 RSSI=-45
D/AdHotSeatView( 1867): updateIconButton.
D/SMACK   ( 2127): 10:31:01 上午 SENT (642662026): <iq id="8sz74-559" to="openfire-cloud" from="13632836691@openfire-cloud/A1b852863a" type="get"><ping xmlns='urn:xmpp:ping' /></iq>
D/JTC     ( 2127): near tabl onReceiveLocation
I/System.out( 2127): isFirstLoc：false
D/JTC     ( 2127): near tabl onReceiveLocation
I/System.out( 2127): isFirstLoc：false
D/SMACK   ( 2127): 10:31:10 上午 SENT (642662026): <iq id="8sz74-560" to="openfire-cloud" from="13632836691@openfire-cloud/A1b852863a" type="get"><ping xmlns='urn:xmpp:ping' /></iq>
D/JTC     ( 2127): near tabl onReceiveLocation
I/System.out( 2127): isFirstLoc：false
D/JTC     ( 2127): near tabl onReceiveLocation
I/System.out( 2127): isFirstLoc：false
E/WifiStateMachine( 1537): WifiStateMachine CMD_START_SCAN source -2 txSuccessRate=0.00 rxSuccessRate=0.00 targetRoamBSSID=00:81:ba:06:db:c6 RSSI=-45
E/WifiStateMachine( 1537): denglibo mScanResults.size=1
I/LdWifi  ( 1537): ld_get_eth0_ip return 172.16.2.15
D/AdHotSeatView( 1867): updateIconButton.
D/JTC     ( 2127): near tabl onReceiveLocation
I/System.out( 2127): isFirstLoc：false
D/SMACK   ( 2127): 10:31:24 上午 SENT (642662026): <iq id="8sz74-561" to="openfire-cloud" from="13632836691@openfire-cloud/A1b852863a" type="get"><ping xmlns='urn:xmpp:ping' /></iq>
D/JTC     ( 2127): near tabl onReceiveLocation
I/System.out( 2127): isFirstLoc：false
D/SMACK   ( 2127): 10:31:30 上午 SENT (642662026): <iq id="8sz74-562" to="openfire-cloud" from="13632836691@openfire-cloud/A1b852863a" type="get"><ping xmlns='urn:xmpp:ping' /></iq>
D/JTC     ( 2127): near tabl onReceiveLocation
I/System.out( 2127): isFirstLoc：false
D/JTC     ( 2127): near tabl onReceiveLocation
I/System.out( 2127): isFirstLoc：false
E/WifiStateMachine( 1537): WifiStateMachine CMD_START_SCAN source -2 txSuccessRate=0.00 rxSuccessRate=0.00 targetRoamBSSID=00:81:ba:06:db:c6 RSSI=-45
D/SMACK   ( 2127): 10:31:39 上午 SENT (642662026): <iq id="8sz74-563" to="openfire-cloud" from="13632836691@openfire-cloud/A1b852863a" type="get"><ping xmlns='urn:xmpp:ping' /></iq>
D/AdHotSeatView( 1867): updateIconButton.
D/JTC     ( 2127): near tabl onReceiveLocation
I/System.out( 2127): isFirstLoc：false
