V/WindowManager( 1539): Adding window Window{901db2d u0 PopupWindow:12596d08} at 4 of 7 (after Window{26519357 u0 PopupWindow:30d36325})
V/WindowManager( 1539): not Base app: Adding window Window{27422ab0 u0 com.jieshun.jslife/com.jieshun.jslife.activity.userinfo.UserLoginActivity} at 3 of 6
I/ActivityManager( 1539): START u0 {cmp=com.jieshun.jslife/.activity.common.MainFragmentActivity (has extras)} from uid 10028 on display 0
V/WindowManager( 1539): addAppToken: AppWindowToken{2d3c71ba token=Token{2d2042e5 ActivityRecord{251741dc u0 com.jieshun.jslife/.activity.common.MainFragmentActivity t9}}} to stack=1 task=9 at 1
V/WindowManager( 1539): Adding window Window{1667f074 u0 com.jieshun.jslife/com.jieshun.jslife.activity.common.MainFragmentActivity} at 3 of 6 (after Window{ea4d581 u0 com.jieshun.jslife/com.jieshun.jslife.activity.userinfo.UserLoginActivity})
V/WindowManager( 1539): Adding window Window{1b1cda0c u0 SurfaceView} at 3 of 7 (before Window{1667f074 u0 com.jieshun.jslife/com.jieshun.jslife.activity.common.MainFragmentActivity})
V/WindowManager( 1539): not Base app: Adding window Window{2174bd6a u0 com.jieshun.jslife/com.jieshun.jslife.activity.common.MainFragmentActivity} at 5 of 8
I/ActivityManager( 1539): Start proc 4406:com.jieshun.jslife:remote/u0a28 for service com.jieshun.jslife/com.baidu.location.f
D/WifiService( 1539): New client listening to asynchronous messages
W/ActivityManager( 1539): Launch timeout has expired, giving up wake lock!
I/ActivityManager( 1539): Force stopping com.jieshun.jslife appid=10028 user=0: from pid 4516
I/ActivityManager( 1539): Killing 4406:com.jieshun.jslife:remote/u0a28 (adj 1): stop com.jieshun.jslife
I/libprocessgroup( 1539): Killing pid 4453 in uid 10028 as part of process group 4406
D/WifiService( 1539): Client connection lost with reason: 4
W/ActivityManager( 1539): Scheduling restart of crashed service com.jieshun.jslife/com.baidu.location.f in 1000ms
I/ActivityManager( 1539): Killing 4226:com.jieshun.jslife/u0a28 (adj 0): stop com.jieshun.jslife
I/libprocessgroup( 1539): Killing pid 4268 in uid 10028 as part of process group 4226
D/WifiService( 1539): Client connection lost with reason: 4
W/ActivityManager( 1539): Scheduling restart of crashed service com.jieshun.jslife/.service.XMPPService in 1000ms
W/ActivityManager( 1539): Scheduling restart of crashed service com.jieshun.jslife/.service.NetworkStateService in 1000ms
W/ActivityManager( 1539): Scheduling restart of crashed service com.jieshun.jslife/.service.BluetoothLeService in 187670ms
W/ActivityManager( 1539): Force removing ActivityRecord{251741dc u0 com.jieshun.jslife/.activity.common.MainFragmentActivity t9}: app died, no saved state
I/WindowState( 1539): WIN DEATH: Window{1b1cda0c u0 SurfaceView}
I/WindowState( 1539): WIN DEATH: Window{1667f074 u0 com.jieshun.jslife/com.jieshun.jslife.activity.common.MainFragmentActivity}
I/ActivityManager( 1539):   Force stopping service ServiceRecord{b550df0 u0 com.jieshun.jslife/.service.BluetoothLeService}
I/ActivityManager( 1539):   Force stopping service ServiceRecord{16012dee u0 com.jieshun.jslife/.service.NetworkStateService}
W/ActivityManager( 1539): Spurious death for ProcessRecord{85a6b1 4406:com.jieshun.jslife:remote/u0a28}, curProc for 4406: null
W/ActivityManager( 1539): Spurious death for ProcessRecord{16075e05 4226:com.jieshun.jslife/u0a28}, curProc for 4226: null
W/InputMethodManagerService( 1539): Got RemoteException sending setActive(false) notification to pid 4226 uid 10028
I/ActivityManager( 1539): START u0 {act=android.intent.action.MAIN cat=[android.intent.category.HOME] flg=0x10200000 cmp=com.android.launcher3/.Launcher} from uid 1000 on display 0
W/WindowManager( 1539): Attempted to remove non-existing token: android.os.Binder@1c99b8cb
I/ActivityManager( 1539): Force stopping io.appium.unlock appid=10030 user=0: from pid 4541
I/UsageStatsService( 1539): User[0] Flushing usage stats to disk
I/ProcessStatsService( 1539): Prepared write state in 2ms
I/ProcessStatsService( 1539): Pruning old procstats: /data/system/procstats/state-2018-08-12-07-38-00.bin
I/ProcessStatsService( 1539): Prepared write state in 0ms
I/ProcessStatsService( 1539): Prepared write state in 0ms
I/ActivityManager( 1539): Force stopping io.appium.uiautomator2.server appid=10080 user=-1: uninstall pkg
I/ActivityManager( 1539): Force stopping io.appium.uiautomator2.server appid=10080 user=0: pkg removed
D/JobSchedulerService( 1539): Receieved: android.intent.action.PACKAGE_REMOVED
D/BackupManagerService( 1539): Received broadcast Intent { act=android.intent.action.PACKAGE_REMOVED dat=package:io.appium.uiautomator2.server flg=0x4000010 (has extras) }
W/ContextImpl( 2044): Calling a method in the system process without a qualified user: android.app.ContextImpl.startService:1692 android.content.ContextWrapper.startService:516 android.content.ContextWrapper.startService:516 com.android.keychain.KeyChainBroadcastReceiver.onReceive:12 android.app.ActivityThread.handleReceiver:2609 
I/ActivityManager( 1539): Force stopping io.appium.uiautomator2.server.test appid=10081 user=-1: uninstall pkg
I/ActivityManager( 1539): Force stopping io.appium.uiautomator2.server.test appid=10081 user=0: pkg removed
D/JobSchedulerService( 1539): Receieved: android.intent.action.PACKAGE_REMOVED
D/BackupManagerService( 1539): Received broadcast Intent { act=android.intent.action.PACKAGE_REMOVED dat=package:io.appium.uiautomator2.server.test flg=0x4000010 (has extras) }
W/ContextImpl( 2044): Calling a method in the system process without a qualified user: android.app.ContextImpl.startService:1692 android.content.ContextWrapper.startService:516 android.content.ContextWrapper.startService:516 com.android.keychain.KeyChainBroadcastReceiver.onReceive:12 android.app.ActivityThread.handleReceiver:2609 
I/NativeHelper( 2162): denglibo call findSupportedAbi! abiList=x86 armeabi-v7a armeabi  packageName=io.appium.uiautomator2.server.test
D/DefContainer( 2162): Copying /data/local/tmp/appium-uiautomator2-server-debug-androidTest.apk to base.apk
I/NativeHelper( 1539): denglibo call findSupportedAbi! abiList=x86 armeabi-v7a armeabi  packageName=io.appium.uiautomator2.server.test
D/PackageManager( 1539): Renaming /data/app/vmdl1765720341.tmp to /data/app/io.appium.uiautomator2.server.test-1
I/NativeHelper( 1539): denglibo call findSupportedAbi! abiList=x86 armeabi-v7a armeabi  packageName=io.appium.uiautomator2.server.test
I/PackageManager( 1539): denglibo-copyNativeBinariesForSupportedAbi finish: copyRet = -114
V/BackupManagerService( 1539): restoreAtInstall pkg=io.appium.uiautomator2.server.test token=7 restoreSet=0
V/BackupManagerService( 1539): Finishing install immediately
I/NativeHelper( 2162): denglibo call findSupportedAbi! abiList=x86 armeabi-v7a armeabi  packageName=io.appium.uiautomator2.server
D/DefContainer( 2162): Copying /data/local/tmp/appium-uiautomator2-server-v0.1.9.apk to base.apk
I/NativeHelper( 1539): denglibo call findSupportedAbi! abiList=x86 armeabi-v7a armeabi  packageName=io.appium.uiautomator2.server
D/BackupManagerService( 1539): Received broadcast Intent { act=android.intent.action.PACKAGE_ADDED dat=package:io.appium.uiautomator2.server.test flg=0x4000010 (has extras) }
W/BackupManagerService( 1539): Removing schedule queue dupe of io.appium.uiautomator2.server.test
W/VoiceInteractionManagerService( 1539): no available voice recognition services found for user 0
D/PackageManager( 1539): Renaming /data/app/vmdl1908298194.tmp to /data/app/io.appium.uiautomator2.server-1
I/NativeHelper( 1539): denglibo call findSupportedAbi! abiList=x86 armeabi-v7a armeabi  packageName=io.appium.uiautomator2.server
I/PackageManager( 1539): denglibo-copyNativeBinariesForSupportedAbi finish: copyRet = -114
V/BackupManagerService( 1539): restoreAtInstall pkg=io.appium.uiautomator2.server token=8 restoreSet=0
V/BackupManagerService( 1539): Finishing install immediately
D/BackupManagerService( 1539): Received broadcast Intent { act=android.intent.action.PACKAGE_ADDED dat=package:io.appium.uiautomator2.server flg=0x4000010 (has extras) }
W/BackupManagerService( 1539): Removing schedule queue dupe of io.appium.uiautomator2.server
W/VoiceInteractionManagerService( 1539): no available voice recognition services found for user 0
I/NativeHelper( 2162): denglibo call findSupportedAbi! abiList=x86 armeabi-v7a armeabi  packageName=io.appium.android.ime
D/DefContainer( 2162): Copying /data/local/tmp/UnicodeIME-debug.apk to base.apk
I/NativeHelper( 1539): denglibo call findSupportedAbi! abiList=x86 armeabi-v7a armeabi  packageName=io.appium.android.ime
D/PackageManager( 1539): Renaming /data/app/vmdl665685044.tmp to /data/app/io.appium.android.ime-2
W/PackageManager( 1539): Attempt to re-install io.appium.android.ime without first uninstalling.
I/ActivityManager( 1539): Force stopping com.jieshun.jslife appid=10028 user=0: from pid 4782
I/ActivityManager( 1539): Force stopping com.jieshun.jslife appid=10028 user=0: clear data
I/ActivityManager( 1539): Force stopping com.jieshun.jslife appid=10028 user=0: from pid 4829
I/ActivityManager( 1539): START u0 {act=android.intent.action.MAIN cat=[android.intent.category.LAUNCHER] flg=0x10200000 cmp=com.jieshun.jslife/.activity.common.WelcomeActivity} from uid 0 on display 0
V/WindowManager( 1539): addAppToken: AppWindowToken{2b284fc4 token=Token{213c0ad7 ActivityRecord{2e7a4a56 u0 com.jieshun.jslife/.activity.common.WelcomeActivity t10}}} to stack=1 task=10 at 0
I/ActivityManager( 1539): Start proc 4839:com.jieshun.jslife/u0a28 for activity com.jieshun.jslife/.activity.common.WelcomeActivity
D/WifiService( 1539): New client listening to asynchronous messages
W/ActivityManager( 1539): Launch timeout has expired, giving up wake lock!
I/ActivityManager( 1539): Force stopping com.jieshun.jslife appid=10028 user=0: from pid 4924
I/ActivityManager( 1539): Killing 4839:com.jieshun.jslife/u0a28 (adj 0): stop com.jieshun.jslife
I/libprocessgroup( 1539): Killing pid 4877 in uid 10028 as part of process group 4839
D/WifiService( 1539): Client connection lost with reason: 4
W/ActivityManager( 1539): Scheduling restart of crashed service com.jieshun.jslife/.service.InitService in 11492ms
W/ActivityManager( 1539): Scheduling restart of crashed service com.jieshun.jslife/.service.NetworkStateService in 21492ms
W/ActivityManager( 1539): Scheduling restart of crashed service com.jieshun.jslife/.service.BluetoothLeService in 31492ms
I/ActivityManager( 1539):   Force finishing activity 3 ActivityRecord{2e7a4a56 u0 com.jieshun.jslife/.activity.common.WelcomeActivity t10}
I/ActivityManager( 1539):   Force stopping service ServiceRecord{7e04e2e u0 com.jieshun.jslife/.service.BluetoothLeService}
I/ActivityManager( 1539):   Force stopping service ServiceRecord{17e77dcf u0 com.jieshun.jslife/.service.InitService}
I/ActivityManager( 1539):   Force stopping service ServiceRecord{12ffd35c u0 com.jieshun.jslife/.service.NetworkStateService}
W/InputMethodManagerService( 1539): Window already focused, ignoring focus gain of: com.android.internal.view.IInputMethodClient$Stub$Proxy@1e7b3665 attribute=null, token = android.os.BinderProxy@1ba5265b
W/ActivityManager( 1539): Spurious death for ProcessRecord{3c271f3a 4839:com.jieshun.jslife/u0a28}, curProc for 4839: null
I/ActivityManager( 1539): Force stopping com.jieshun.jslife appid=10028 user=0: clear data
I/ActivityManager( 1539): Force stopping com.jieshun.jslife appid=10028 user=0: from pid 4954
I/ActivityManager( 1539): START u0 {act=android.intent.action.MAIN cat=[android.intent.category.LAUNCHER] flg=0x10200000 cmp=com.jieshun.jslife/.activity.common.WelcomeActivity} from uid 0 on display 0
V/WindowManager( 1539): addAppToken: AppWindowToken{2f92cd1d token=Token{33a131f4 ActivityRecord{53f57c7 u0 com.jieshun.jslife/.activity.common.WelcomeActivity t11}}} to stack=1 task=11 at 0
I/ActivityManager( 1539): Start proc 4964:com.jieshun.jslife/u0a28 for activity com.jieshun.jslife/.activity.common.WelcomeActivity
D/WifiService( 1539): New client listening to asynchronous messages
W/ActivityManager( 1539): Launch timeout has expired, giving up wake lock!
V/WindowManager( 1539): Adding window Window{2b0dabb6 u0 com.jieshun.jslife/com.jieshun.jslife.activity.common.WelcomeActivity} at 2 of 5 (after Window{1c633ef8 u0 com.android.launcher3/com.android.launcher3.Launcher})
I/ActivityManager( 1539): START u0 {cmp=com.jieshun.jslife/.activity.common.LoadingActivity} from uid 10028 on display 0
V/WindowManager( 1539): addAppToken: AppWindowToken{3624ba54 token=Token{eb445a7 ActivityRecord{1d366e66 u0 com.jieshun.jslife/.activity.common.LoadingActivity t11}}} to stack=1 task=11 at 1
V/WindowManager( 1539): Adding window Window{322b0af2 u0 com.jieshun.jslife/com.jieshun.jslife.activity.common.LoadingActivity} at 3 of 6 (after Window{2b0dabb6 u0 com.jieshun.jslife/com.jieshun.jslife.activity.common.WelcomeActivity})
I/ActivityManager( 1539): START u0 {cmp=com.jieshun.jslife/.activity.userinfo.UserLoginActivity} from uid 10028 on display 0
V/WindowManager( 1539): addAppToken: AppWindowToken{1f8269bb token=Token{241d064a ActivityRecord{382b0fb5 u0 com.jieshun.jslife/.activity.userinfo.UserLoginActivity t11}}} to stack=1 task=11 at 2
V/WindowManager( 1539): Adding window Window{25156084 u0 com.jieshun.jslife/com.jieshun.jslife.activity.userinfo.UserLoginActivity} at 4 of 7 (after Window{322b0af2 u0 com.jieshun.jslife/com.jieshun.jslife.activity.common.LoadingActivity})
V/WindowManager( 1539): Adding window Window{1e63c1c u0 PopupWindow:78a336d} at 3 of 6 (after Window{25156084 u0 com.jieshun.jslife/com.jieshun.jslife.activity.userinfo.UserLoginActivity})
V/WindowManager( 1539): Adding window Window{1d2b95fa u0 PopupWindow:4d14ba2} at 4 of 7 (after Window{1e63c1c u0 PopupWindow:78a336d})
W/WindowManager( 1539): Attempted to remove non-existing token: android.os.Binder@2366aa18
I/ActivityManager( 1539): Force stopping io.appium.uiautomator2.server.test appid=10082 user=-1: uninstall pkg
I/ActivityManager( 1539): Force stopping io.appium.uiautomator2.server.test appid=10082 user=0: pkg removed
D/JobSchedulerService( 1539): Receieved: android.intent.action.PACKAGE_REMOVED
D/BackupManagerService( 1539): Received broadcast Intent { act=android.intent.action.PACKAGE_REMOVED dat=package:io.appium.uiautomator2.server.test flg=0x4000010 (has extras) }
W/ContextImpl( 2044): Calling a method in the system process without a qualified user: android.app.ContextImpl.startService:1692 android.content.ContextWrapper.startService:516 android.content.ContextWrapper.startService:516 com.android.keychain.KeyChainBroadcastReceiver.onReceive:12 android.app.ActivityThread.handleReceiver:2609 
I/ActivityManager( 1539): Force stopping io.appium.uiautomator2.server appid=10083 user=-1: uninstall pkg
I/ActivityManager( 1539): Force stopping io.appium.uiautomator2.server appid=10083 user=0: pkg removed
D/JobSchedulerService( 1539): Receieved: android.intent.action.PACKAGE_REMOVED
D/BackupManagerService( 1539): Received broadcast Intent { act=android.intent.action.PACKAGE_REMOVED dat=package:io.appium.uiautomator2.server flg=0x4000010 (has extras) }
W/ContextImpl( 2044): Calling a method in the system process without a qualified user: android.app.ContextImpl.startService:1692 android.content.ContextWrapper.startService:516 android.content.ContextWrapper.startService:516 com.android.keychain.KeyChainBroadcastReceiver.onReceive:12 android.app.ActivityThread.handleReceiver:2609 
I/NativeHelper( 2162): denglibo call findSupportedAbi! abiList=x86 armeabi-v7a armeabi  packageName=io.appium.uiautomator2.server
D/DefContainer( 2162): Copying /data/local/tmp/appium-uiautomator2-server-v0.1.9.apk to base.apk
I/NativeHelper( 1539): denglibo call findSupportedAbi! abiList=x86 armeabi-v7a armeabi  packageName=io.appium.uiautomator2.server
D/PackageManager( 1539): Renaming /data/app/vmdl583617183.tmp to /data/app/io.appium.uiautomator2.server-1
I/NativeHelper( 1539): denglibo call findSupportedAbi! abiList=x86 armeabi-v7a armeabi  packageName=io.appium.uiautomator2.server
I/PackageManager( 1539): denglibo-copyNativeBinariesForSupportedAbi finish: copyRet = -114
V/BackupManagerService( 1539): restoreAtInstall pkg=io.appium.uiautomator2.server token=a restoreSet=0
V/BackupManagerService( 1539): Finishing install immediately
I/NativeHelper( 2162): denglibo call findSupportedAbi! abiList=x86 armeabi-v7a armeabi  packageName=io.appium.uiautomator2.server.test
D/DefContainer( 2162): Copying /data/local/tmp/appium-uiautomator2-server-debug-androidTest.apk to base.apk
I/NativeHelper( 1539): denglibo call findSupportedAbi! abiList=x86 armeabi-v7a armeabi  packageName=io.appium.uiautomator2.server.test
D/BackupManagerService( 1539): Received broadcast Intent { act=android.intent.action.PACKAGE_ADDED dat=package:io.appium.uiautomator2.server flg=0x4000010 (has extras) }
W/BackupManagerService( 1539): Removing schedule queue dupe of io.appium.uiautomator2.server
W/VoiceInteractionManagerService( 1539): no available voice recognition services found for user 0
D/PackageManager( 1539): Renaming /data/app/vmdl2084479383.tmp to /data/app/io.appium.uiautomator2.server.test-1
I/NativeHelper( 1539): denglibo call findSupportedAbi! abiList=x86 armeabi-v7a armeabi  packageName=io.appium.uiautomator2.server.test
I/PackageManager( 1539): denglibo-copyNativeBinariesForSupportedAbi finish: copyRet = -114
V/BackupManagerService( 1539): restoreAtInstall pkg=io.appium.uiautomator2.server.test token=b restoreSet=0
V/BackupManagerService( 1539): Finishing install immediately
D/BackupManagerService( 1539): Received broadcast Intent { act=android.intent.action.PACKAGE_ADDED dat=package:io.appium.uiautomator2.server.test flg=0x4000010 (has extras) }
W/BackupManagerService( 1539): Removing schedule queue dupe of io.appium.uiautomator2.server.test
W/VoiceInteractionManagerService( 1539): no available voice recognition services found for user 0
I/NativeHelper( 2162): denglibo call findSupportedAbi! abiList=x86 armeabi-v7a armeabi  packageName=io.appium.android.ime
D/DefContainer( 2162): Copying /data/local/tmp/UnicodeIME-debug.apk to base.apk
I/NativeHelper( 1539): denglibo call findSupportedAbi! abiList=x86 armeabi-v7a armeabi  packageName=io.appium.android.ime
D/PackageManager( 1539): Renaming /data/app/vmdl199336537.tmp to /data/app/io.appium.android.ime-2
W/PackageManager( 1539): Attempt to re-install io.appium.android.ime without first uninstalling.
I/ActivityManager( 1539): Force stopping com.jieshun.jslife appid=10028 user=0: from pid 5313
I/ActivityManager( 1539): Killing 4964:com.jieshun.jslife/u0a28 (adj 0): stop com.jieshun.jslife
I/libprocessgroup( 1539): Killing pid 5000 in uid 10028 as part of process group 4964
I/libprocessgroup( 1539): Killing pid 5000 in uid 10028 as part of process group 4964
I/WindowState( 1539): WIN DEATH: Window{25156084 u0 com.jieshun.jslife/com.jieshun.jslife.activity.userinfo.UserLoginActivity}
W/ActivityManager( 1539): Scheduling restart of crashed service com.jieshun.jslife/.service.XMPPService in 1000ms
W/ActivityManager( 1539): Scheduling restart of crashed service com.jieshun.jslife/.service.BluetoothLeService in 125052ms
W/ActivityManager( 1539): Scheduling restart of crashed service com.jieshun.jslife/.service.NetworkStateService in 1000ms
D/WifiService( 1539): Client connection lost with reason: 4
W/ActivityManager( 1539): Force removing ActivityRecord{382b0fb5 u0 com.jieshun.jslife/.activity.userinfo.UserLoginActivity t11}: app died, no saved state
I/ActivityManager( 1539):   Force stopping service ServiceRecord{178978bf u0 com.jieshun.jslife/.service.BluetoothLeService}
I/ActivityManager( 1539):   Force stopping service ServiceRecord{14bf82d5 u0 com.jieshun.jslife/.service.NetworkStateService}
W/ActivityManager( 1539): Spurious death for ProcessRecord{28602ed8 4964:com.jieshun.jslife/u0a28}, curProc for 4964: null
W/InputMethodManagerService( 1539): Got RemoteException sending setActive(false) notification to pid 4964 uid 10028
I/ActivityManager( 1539): Force stopping com.jieshun.jslife appid=10028 user=0: clear data
I/ActivityManager( 1539): Force stopping com.jieshun.jslife appid=10028 user=0: from pid 5361
I/ActivityManager( 1539): START u0 {act=android.intent.action.MAIN cat=[android.intent.category.LAUNCHER] flg=0x10200000 cmp=com.jieshun.jslife/.activity.common.WelcomeActivity} from uid 0 on display 0
V/WindowManager( 1539): addAppToken: AppWindowToken{377d5655 token=Token{1897bd0c ActivityRecord{8b403f u0 com.jieshun.jslife/.activity.common.WelcomeActivity t12}}} to stack=1 task=12 at 0
I/ActivityManager( 1539): Start proc 5371:com.jieshun.jslife/u0a28 for activity com.jieshun.jslife/.activity.common.WelcomeActivity
D/WifiService( 1539): New client listening to asynchronous messages
V/WindowManager( 1539): Adding window Window{3ea1110e u0 com.jieshun.jslife/com.jieshun.jslife.activity.common.WelcomeActivity} at 2 of 5 (after Window{1c633ef8 u0 com.android.launcher3/com.android.launcher3.Launcher})
I/ActivityManager( 1539): Force stopping com.jieshun.jslife appid=10028 user=0: from pid 5518
I/ActivityManager( 1539): Killing 5371:com.jieshun.jslife/u0a28 (adj 0): stop com.jieshun.jslife
I/libprocessgroup( 1539): Killing pid 5409 in uid 10028 as part of process group 5371
D/WifiService( 1539): Client connection lost with reason: 4
I/WindowState( 1539): WIN DEATH: Window{3ea1110e u0 com.jieshun.jslife/com.jieshun.jslife.activity.common.WelcomeActivity}
W/ActivityManager( 1539): Scheduling restart of crashed service com.jieshun.jslife/.service.XMPPService in 1000ms
W/ActivityManager( 1539): Scheduling restart of crashed service com.jieshun.jslife/.service.NetworkStateService in 1000ms
W/ActivityManager( 1539): Scheduling restart of crashed service com.jieshun.jslife/.service.BluetoothLeService in 10999ms
W/ActivityManager( 1539): Force removing ActivityRecord{8b403f u0 com.jieshun.jslife/.activity.common.WelcomeActivity t12}: app died, no saved state
I/ActivityManager( 1539):   Force stopping service ServiceRecord{136af837 u0 com.jieshun.jslife/.service.BluetoothLeService}
I/ActivityManager( 1539):   Force stopping service ServiceRecord{24dafb0d u0 com.jieshun.jslife/.service.NetworkStateService}
W/InputMethodManagerService( 1539): Got RemoteException sending setActive(false) notification to pid 5371 uid 10028
W/ActivityManager( 1539): Spurious death for ProcessRecord{1f8eb16c 5371:com.jieshun.jslife/u0a28}, curProc for 5371: null
I/ActivityManager( 1539): Force stopping com.jieshun.jslife appid=10028 user=0: clear data
I/ActivityManager( 1539): Force stopping com.jieshun.jslife appid=10028 user=0: from pid 5546
I/ActivityManager( 1539): START u0 {act=android.intent.action.MAIN cat=[android.intent.category.LAUNCHER] flg=0x10200000 cmp=com.jieshun.jslife/.activity.common.WelcomeActivity} from uid 0 on display 0
V/WindowManager( 1539): addAppToken: AppWindowToken{2f056296 token=Token{2d7d3db1 ActivityRecord{96b7858 u0 com.jieshun.jslife/.activity.common.WelcomeActivity t13}}} to stack=1 task=13 at 0
I/ActivityManager( 1539): Start proc 5556:com.jieshun.jslife/u0a28 for activity com.jieshun.jslife/.activity.common.WelcomeActivity
D/WifiService( 1539): New client listening to asynchronous messages
V/WindowManager( 1539): Adding window Window{29e8972b u0 com.jieshun.jslife/com.jieshun.jslife.activity.common.WelcomeActivity} at 2 of 5 (after Window{1c633ef8 u0 com.android.launcher3/com.android.launcher3.Launcher})
I/ActivityManager( 1539): START u0 {cmp=com.jieshun.jslife/.activity.common.LoadingActivity} from uid 10028 on display 0
V/WindowManager( 1539): addAppToken: AppWindowToken{1a61a11b token=Token{a62ff2a ActivityRecord{271be015 u0 com.jieshun.jslife/.activity.common.LoadingActivity t13}}} to stack=1 task=13 at 1
V/WindowManager( 1539): Adding window Window{9e76891 u0 com.jieshun.jslife/com.jieshun.jslife.activity.common.LoadingActivity} at 3 of 6 (after Window{29e8972b u0 com.jieshun.jslife/com.jieshun.jslife.activity.common.WelcomeActivity})
I/ActivityManager( 1539): START u0 {cmp=com.jieshun.jslife/.activity.userinfo.UserLoginActivity} from uid 10028 on display 0
V/WindowManager( 1539): addAppToken: AppWindowToken{1bd57bce token=Token{2c3598c9 ActivityRecord{281e70d0 u0 com.jieshun.jslife/.activity.userinfo.UserLoginActivity t13}}} to stack=1 task=13 at 2
V/WindowManager( 1539): Adding window Window{30e9070b u0 com.jieshun.jslife/com.jieshun.jslife.activity.userinfo.UserLoginActivity} at 4 of 7 (after Window{9e76891 u0 com.jieshun.jslife/com.jieshun.jslife.activity.common.LoadingActivity})
V/WindowManager( 1539): Adding window Window{11c94c83 u0 PopupWindow:78a336d} at 3 of 6 (after Window{30e9070b u0 com.jieshun.jslife/com.jieshun.jslife.activity.userinfo.UserLoginActivity})
V/WindowManager( 1539): Adding window Window{36ca2ddf u0 PopupWindow:4d14ba2} at 4 of 7 (after Window{11c94c83 u0 PopupWindow:78a336d})
V/WindowManager( 1539): Adding window Window{3b008371 u0 PopupWindow:30d36325} at 3 of 6 (after Window{30e9070b u0 com.jieshun.jslife/com.jieshun.jslife.activity.userinfo.UserLoginActivity})
V/WindowManager( 1539): Adding window Window{25a5f9d7 u0 PopupWindow:12596d08} at 4 of 7 (after Window{3b008371 u0 PopupWindow:30d36325})
V/WindowManager( 1539): not Base app: Adding window Window{26d2b0e2 u0 com.jieshun.jslife/com.jieshun.jslife.activity.userinfo.UserLoginActivity} at 3 of 6
I/ActivityManager( 1539): START u0 {cmp=com.jieshun.jslife/.activity.common.MainFragmentActivity (has extras)} from uid 10028 on display 0
V/WindowManager( 1539): addAppToken: AppWindowToken{4ee1d65 token=Token{2761f65c ActivityRecord{3c04ccf u0 com.jieshun.jslife/.activity.common.MainFragmentActivity t13}}} to stack=1 task=13 at 1
V/WindowManager( 1539): Adding window Window{3b8306c7 u0 com.jieshun.jslife/com.jieshun.jslife.activity.common.MainFragmentActivity} at 3 of 6 (after Window{30e9070b u0 com.jieshun.jslife/com.jieshun.jslife.activity.userinfo.UserLoginActivity})
V/WindowManager( 1539): Adding window Window{1eb407bf u0 SurfaceView} at 3 of 7 (before Window{3b8306c7 u0 com.jieshun.jslife/com.jieshun.jslife.activity.common.MainFragmentActivity})
V/WindowManager( 1539): not Base app: Adding window Window{34dd2778 u0 com.jieshun.jslife/com.jieshun.jslife.activity.common.MainFragmentActivity} at 5 of 8
I/ActivityManager( 1539): Start proc 5735:com.jieshun.jslife:remote/u0a28 for service com.jieshun.jslife/com.baidu.location.f
D/WifiService( 1539): New client listening to asynchronous messages
W/ActivityManager( 1539): Launch timeout has expired, giving up wake lock!
I/ActivityManager( 1539): Force stopping com.jieshun.jslife appid=10028 user=0: from pid 5876
I/ActivityManager( 1539): Killing 5735:com.jieshun.jslife:remote/u0a28 (adj 1): stop com.jieshun.jslife
I/libprocessgroup( 1539): Killing pid 5774 in uid 10028 as part of process group 5735
D/WifiService( 1539): Client connection lost with reason: 4
W/ActivityManager( 1539): Scheduling restart of crashed service com.jieshun.jslife/com.baidu.location.f in 1000ms
I/ActivityManager( 1539): Killing 5556:com.jieshun.jslife/u0a28 (adj 0): stop com.jieshun.jslife
I/libprocessgroup( 1539): Killing pid 5594 in uid 10028 as part of process group 5556
I/WindowState( 1539): WIN DEATH: Window{1eb407bf u0 SurfaceView}
D/WifiService( 1539): Client connection lost with reason: 4
I/WindowState( 1539): WIN DEATH: Window{3b8306c7 u0 com.jieshun.jslife/com.jieshun.jslife.activity.common.MainFragmentActivity}
W/ActivityManager( 1539): Scheduling restart of crashed service com.jieshun.jslife/.service.NetworkStateService in 1000ms
W/ActivityManager( 1539): Scheduling restart of crashed service com.jieshun.jslife/.service.BluetoothLeService in 60350ms
W/ActivityManager( 1539): Scheduling restart of crashed service com.jieshun.jslife/.service.XMPPService in 11000ms
W/ActivityManager( 1539): Force removing ActivityRecord{3c04ccf u0 com.jieshun.jslife/.activity.common.MainFragmentActivity t13}: app died, no saved state
I/ActivityManager( 1539):   Force stopping service ServiceRecord{2dc4fa70 u0 com.jieshun.jslife/.service.BluetoothLeService}
I/ActivityManager( 1539):   Force stopping service ServiceRecord{332e2e6e u0 com.jieshun.jslife/.service.NetworkStateService}
W/ActivityManager( 1539): Spurious death for ProcessRecord{e41c1d8 5735:com.jieshun.jslife:remote/u0a28}, curProc for 5735: null
W/ActivityManager( 1539): Spurious death for ProcessRecord{34f2aaef 5556:com.jieshun.jslife/u0a28}, curProc for 5556: null
W/InputMethodManagerService( 1539): Got RemoteException sending setActive(false) notification to pid 5556 uid 10028
I/ActivityManager( 1539): Force stopping com.jieshun.jslife appid=10028 user=0: clear data
I/ActivityManager( 1539): Force stopping com.jieshun.jslife appid=10028 user=0: from pid 5905
I/ActivityManager( 1539): START u0 {act=android.intent.action.MAIN cat=[android.intent.category.LAUNCHER] flg=0x10200000 cmp=com.jieshun.jslife/.activity.common.WelcomeActivity} from uid 0 on display 0
V/WindowManager( 1539): addAppToken: AppWindowToken{2aeaf3f0 token=Token{1873433 ActivityRecord{16950fa2 u0 com.jieshun.jslife/.activity.common.WelcomeActivity t14}}} to stack=1 task=14 at 0
I/ActivityManager( 1539): Start proc 5915:com.jieshun.jslife/u0a28 for activity com.jieshun.jslife/.activity.common.WelcomeActivity
D/WifiService( 1539): New client listening to asynchronous messages
V/WindowManager( 1539): Adding window Window{2d9125dd u0 com.jieshun.jslife/com.jieshun.jslife.activity.common.WelcomeActivity} at 2 of 5 (after Window{1c633ef8 u0 com.android.launcher3/com.android.launcher3.Launcher})
I/ActivityManager( 1539): START u0 {cmp=com.jieshun.jslife/.activity.common.LoadingActivity} from uid 10028 on display 0
V/WindowManager( 1539): addAppToken: AppWindowToken{b8ac813 token=Token{2f9d0702 ActivityRecord{174c404d u0 com.jieshun.jslife/.activity.common.LoadingActivity t14}}} to stack=1 task=14 at 1
V/WindowManager( 1539): Adding window Window{e299449 u0 com.jieshun.jslife/com.jieshun.jslife.activity.common.LoadingActivity} at 3 of 6 (after Window{2d9125dd u0 com.jieshun.jslife/com.jieshun.jslife.activity.common.WelcomeActivity})
I/ActivityManager( 1539): START u0 {cmp=com.jieshun.jslife/.activity.userinfo.UserLoginActivity} from uid 10028 on display 0
V/WindowManager( 1539): addAppToken: AppWindowToken{2d717c26 token=Token{22aa8381 ActivityRecord{26adf368 u0 com.jieshun.jslife/.activity.userinfo.UserLoginActivity t14}}} to stack=1 task=14 at 2
V/WindowManager( 1539): Adding window Window{285dc03 u0 com.jieshun.jslife/com.jieshun.jslife.activity.userinfo.UserLoginActivity} at 4 of 7 (after Window{e299449 u0 com.jieshun.jslife/com.jieshun.jslife.activity.common.LoadingActivity})
V/WindowManager( 1539): Adding window Window{169cc87b u0 PopupWindow:78a336d} at 3 of 6 (after Window{285dc03 u0 com.jieshun.jslife/com.jieshun.jslife.activity.userinfo.UserLoginActivity})
V/WindowManager( 1539): Adding window Window{2b257157 u0 PopupWindow:4d14ba2} at 4 of 7 (after Window{169cc87b u0 PopupWindow:78a336d})
V/WindowManager( 1539): Adding window Window{ed2eb29 u0 PopupWindow:30d36325} at 3 of 6 (after Window{285dc03 u0 com.jieshun.jslife/com.jieshun.jslife.activity.userinfo.UserLoginActivity})
V/WindowManager( 1539): Adding window Window{2bc7344f u0 PopupWindow:12596d08} at 4 of 7 (after Window{ed2eb29 u0 PopupWindow:30d36325})
V/WindowManager( 1539): not Base app: Adding window Window{2fd927ba u0 com.jieshun.jslife/com.jieshun.jslife.activity.userinfo.UserLoginActivity} at 3 of 6
I/ActivityManager( 1539): START u0 {cmp=com.jieshun.jslife/.activity.common.MainFragmentActivity (has extras)} from uid 10028 on display 0
V/WindowManager( 1539): addAppToken: AppWindowToken{2d4e779d token=Token{aaef674 ActivityRecord{18f5e47 u0 com.jieshun.jslife/.activity.common.MainFragmentActivity t14}}} to stack=1 task=14 at 1
V/WindowManager( 1539): Adding window Window{3003cf3f u0 com.jieshun.jslife/com.jieshun.jslife.activity.common.MainFragmentActivity} at 3 of 6 (after Window{285dc03 u0 com.jieshun.jslife/com.jieshun.jslife.activity.userinfo.UserLoginActivity})
V/WindowManager( 1539): Adding window Window{264fa710 u0 SurfaceView} at 3 of 7 (before Window{3003cf3f u0 com.jieshun.jslife/com.jieshun.jslife.activity.common.MainFragmentActivity})
V/WindowManager( 1539): not Base app: Adding window Window{16b1e5c5 u0 com.jieshun.jslife/com.jieshun.jslife.activity.common.MainFragmentActivity} at 5 of 8
I/ActivityManager( 1539): Start proc 6091:com.jieshun.jslife:remote/u0a28 for service com.jieshun.jslife/com.baidu.location.f
D/WifiService( 1539): New client listening to asynchronous messages
W/ActivityManager( 1539): Launch timeout has expired, giving up wake lock!
I/ActivityManager( 1539): Force stopping com.jieshun.jslife appid=10028 user=0: from pid 6235
I/ActivityManager( 1539): Killing 6091:com.jieshun.jslife:remote/u0a28 (adj 1): stop com.jieshun.jslife
I/libprocessgroup( 1539): Killing pid 6141 in uid 10028 as part of process group 6091
D/WifiService( 1539): Client connection lost with reason: 4
W/ActivityManager( 1539): Scheduling restart of crashed service com.jieshun.jslife/com.baidu.location.f in 1000ms
I/ActivityManager( 1539): Killing 5915:com.jieshun.jslife/u0a28 (adj 0): stop com.jieshun.jslife
I/libprocessgroup( 1539): Killing pid 5953 in uid 10028 as part of process group 5915
I/WindowState( 1539): WIN DEATH: Window{264fa710 u0 SurfaceView}
D/WifiService( 1539): Client connection lost with reason: 4
I/WindowState( 1539): WIN DEATH: Window{3003cf3f u0 com.jieshun.jslife/com.jieshun.jslife.activity.common.MainFragmentActivity}
W/ActivityManager( 1539): Scheduling restart of crashed service com.jieshun.jslife/.service.NetworkStateService in 1000ms
W/ActivityManager( 1539): Scheduling restart of crashed service com.jieshun.jslife/.service.BluetoothLeService in 61214ms
W/ActivityManager( 1539): Scheduling restart of crashed service com.jieshun.jslife/.service.XMPPService in 11000ms
W/ActivityManager( 1539): Force removing ActivityRecord{18f5e47 u0 com.jieshun.jslife/.activity.common.MainFragmentActivity t14}: app died, no saved state
I/ActivityManager( 1539):   Force stopping service ServiceRecord{bccf0fa u0 com.jieshun.jslife/.service.BluetoothLeService}
I/ActivityManager( 1539):   Force stopping service ServiceRecord{26155108 u0 com.jieshun.jslife/.service.NetworkStateService}
W/ActivityManager( 1539): Spurious death for ProcessRecord{203bed70 6091:com.jieshun.jslife:remote/u0a28}, curProc for 6091: null
W/ActivityManager( 1539): Spurious death for ProcessRecord{1889a067 5915:com.jieshun.jslife/u0a28}, curProc for 5915: null
W/InputMethodManagerService( 1539): Got RemoteException sending setActive(false) notification to pid 5915 uid 10028
I/ActivityManager( 1539): Force stopping com.jieshun.jslife appid=10028 user=0: clear data
I/ActivityManager( 1539): Force stopping com.jieshun.jslife appid=10028 user=0: from pid 6264
I/ActivityManager( 1539): START u0 {act=android.intent.action.MAIN cat=[android.intent.category.LAUNCHER] flg=0x10200000 cmp=com.jieshun.jslife/.activity.common.WelcomeActivity} from uid 0 on display 0
V/WindowManager( 1539): addAppToken: AppWindowToken{325bfa88 token=Token{604562b ActivityRecord{165a1e7a u0 com.jieshun.jslife/.activity.common.WelcomeActivity t15}}} to stack=1 task=15 at 0
I/ActivityManager( 1539): Start proc 6274:com.jieshun.jslife/u0a28 for activity com.jieshun.jslife/.activity.common.WelcomeActivity
D/WifiService( 1539): New client listening to asynchronous messages
V/WindowManager( 1539): Adding window Window{20138715 u0 com.jieshun.jslife/com.jieshun.jslife.activity.common.WelcomeActivity} at 2 of 5 (after Window{1c633ef8 u0 com.android.launcher3/com.android.launcher3.Launcher})
I/ActivityManager( 1539): START u0 {cmp=com.jieshun.jslife/.activity.common.LoadingActivity} from uid 10028 on display 0
V/WindowManager( 1539): addAppToken: AppWindowToken{17d0460b token=Token{29e261da ActivityRecord{35255f85 u0 com.jieshun.jslife/.activity.common.LoadingActivity t15}}} to stack=1 task=15 at 1
V/WindowManager( 1539): Adding window Window{b616f01 u0 com.jieshun.jslife/com.jieshun.jslife.activity.common.LoadingActivity} at 3 of 6 (after Window{20138715 u0 com.jieshun.jslife/com.jieshun.jslife.activity.common.WelcomeActivity})
I/ActivityManager( 1539): START u0 {cmp=com.jieshun.jslife/.activity.userinfo.UserLoginActivity} from uid 10028 on display 0
V/WindowManager( 1539): addAppToken: AppWindowToken{2ec85f7e token=Token{73bfd39 ActivityRecord{24c6e100 u0 com.jieshun.jslife/.activity.userinfo.UserLoginActivity t15}}} to stack=1 task=15 at 2
V/WindowManager( 1539): Adding window Window{682c7fb u0 com.jieshun.jslife/com.jieshun.jslife.activity.userinfo.UserLoginActivity} at 4 of 7 (after Window{b616f01 u0 com.jieshun.jslife/com.jieshun.jslife.activity.common.LoadingActivity})
I/ActivityManager( 1539): START u0 {cmp=com.jieshun.jslife/.activity.userinfo.UserRegisterActivity} from uid 10028 on display 0
V/WindowManager( 1539): addAppToken: AppWindowToken{28dc3b73 token=Token{2608abe2 ActivityRecord{5fdecad u0 com.jieshun.jslife/.activity.userinfo.UserRegisterActivity t15}}} to stack=1 task=15 at 1
V/WindowManager( 1539): Adding window Window{1d351bcf u0 com.jieshun.jslife/com.jieshun.jslife.activity.userinfo.UserRegisterActivity} at 3 of 6 (after Window{682c7fb u0 com.jieshun.jslife/com.jieshun.jslife.activity.userinfo.UserLoginActivity})
V/WindowManager( 1539): Adding window Window{36e2b5c7 u0 PopupWindow:25a6b313} at 4 of 7 (after Window{1d351bcf u0 com.jieshun.jslife/com.jieshun.jslife.activity.userinfo.UserRegisterActivity})
V/WindowManager( 1539): Adding window Window{384ae763 u0 PopupWindow:263c3950} at 5 of 8 (after Window{36e2b5c7 u0 PopupWindow:25a6b313})
V/WindowManager( 1539): Adding window Window{29b0d0d5 u0 PopupWindow:fe54681} at 4 of 7 (after Window{1d351bcf u0 com.jieshun.jslife/com.jieshun.jslife.activity.userinfo.UserRegisterActivity})
V/WindowManager( 1539): Adding window Window{1bcbdfdb u0 PopupWindow:28e08326} at 5 of 8 (after Window{29b0d0d5 u0 PopupWindow:fe54681})
V/WindowManager( 1539): Adding window Window{2c1e9eb7 u0 PopupWindow:379ec9bd} at 4 of 7 (after Window{1d351bcf u0 com.jieshun.jslife/com.jieshun.jslife.activity.userinfo.UserRegisterActivity})
V/WindowManager( 1539): Adding window Window{35b3458d u0 PopupWindow:1541abb2} at 5 of 8 (after Window{2c1e9eb7 u0 PopupWindow:379ec9bd})
V/WindowManager( 1539): not Base app: Adding window Window{3bb0e090 u0 com.jieshun.jslife/com.jieshun.jslife.activity.userinfo.UserRegisterActivity} at 4 of 7
V/WindowManager( 1539): not Base app: Adding window Window{3d52c054 u0 com.jieshun.jslife/com.jieshun.jslife.activity.userinfo.UserRegisterActivity} at 4 of 7
V/WindowManager( 1539): not Base app: Adding window Window{9f23c4a u0 com.jieshun.jslife/com.jieshun.jslife.activity.userinfo.UserRegisterActivity} at 4 of 8
V/WindowManager( 1539): not Base app: Adding window Window{211fd316 u0 com.jieshun.jslife/com.jieshun.jslife.activity.userinfo.UserRegisterActivity} at 4 of 8
V/WindowManager( 1539): not Base app: Adding window Window{39be0aa2 u0 com.jieshun.jslife/com.jieshun.jslife.activity.userinfo.UserRegisterActivity} at 4 of 8
V/WindowManager( 1539): not Base app: Adding window Window{13b7e6f0 u0 com.jieshun.jslife/com.jieshun.jslife.activity.userinfo.UserRegisterActivity} at 5 of 9
V/WindowManager( 1539): not Base app: Adding window Window{f162eee u0 com.jieshun.jslife/com.jieshun.jslife.activity.userinfo.UserRegisterActivity} at 4 of 8
V/WindowManager( 1539): not Base app: Adding window Window{2acc821c u0 com.jieshun.jslife/com.jieshun.jslife.activity.userinfo.UserRegisterActivity} at 4 of 8
V/WindowManager( 1539): not Base app: Adding window Window{35ba4bfa u0 com.jieshun.jslife/com.jieshun.jslife.activity.userinfo.UserRegisterActivity} at 4 of 8
V/WindowManager( 1539): not Base app: Adding window Window{372da408 u0 com.jieshun.jslife/com.jieshun.jslife.activity.userinfo.UserRegisterActivity} at 4 of 8
V/WindowManager( 1539): not Base app: Adding window Window{7512dc6 u0 com.jieshun.jslife/com.jieshun.jslife.activity.userinfo.UserRegisterActivity} at 4 of 8
V/WindowManager( 1539): not Base app: Adding window Window{2cfcf8b4 u0 com.jieshun.jslife/com.jieshun.jslife.activity.userinfo.UserRegisterActivity} at 4 of 8
I/ActivityManager( 1539): Force stopping com.jieshun.jslife appid=10028 user=0: from pid 6449
I/ActivityManager( 1539): Killing 6274:com.jieshun.jslife/u0a28 (adj 0): stop com.jieshun.jslife
I/libprocessgroup( 1539): Killing pid 6311 in uid 10028 as part of process group 6274
I/WindowState( 1539): WIN DEATH: Window{682c7fb u0 com.jieshun.jslife/com.jieshun.jslife.activity.userinfo.UserLoginActivity}
W/ActivityManager( 1539): Scheduling restart of crashed service com.jieshun.jslife/.service.NetworkStateService in 1000ms
W/ActivityManager( 1539): Scheduling restart of crashed service com.jieshun.jslife/.service.BluetoothLeService in 67780ms
W/ActivityManager( 1539): Scheduling restart of crashed service com.jieshun.jslife/.service.XMPPService in 11000ms
D/WifiService( 1539): Client connection lost with reason: 4
I/WindowState( 1539): WIN DEATH: Window{1d351bcf u0 com.jieshun.jslife/com.jieshun.jslife.activity.userinfo.UserRegisterActivity}
I/WindowState( 1539): WIN DEATH: Window{b28ba3e u0 Toast}
W/ActivityManager( 1539): Force removing ActivityRecord{5fdecad u0 com.jieshun.jslife/.activity.userinfo.UserRegisterActivity t15}: app died, no saved state
I/ActivityManager( 1539):   Force finishing activity 3 ActivityRecord{24c6e100 u0 com.jieshun.jslife/.activity.userinfo.UserLoginActivity t15}
I/ActivityManager( 1539):   Force stopping service ServiceRecord{249a02d2 u0 com.jieshun.jslife/.service.BluetoothLeService}
I/ActivityManager( 1539):   Force stopping service ServiceRecord{299d92a0 u0 com.jieshun.jslife/.service.NetworkStateService}
W/ActivityManager( 1539): Spurious death for ProcessRecord{11dd3cdf 6274:com.jieshun.jslife/u0a28}, curProc for 6274: null
W/InputMethodManagerService( 1539): Got RemoteException sending setActive(false) notification to pid 6274 uid 10028
I/ActivityManager( 1539): Force stopping com.jieshun.jslife appid=10028 user=0: clear data
I/ActivityManager( 1539): Force stopping com.jieshun.jslife appid=10028 user=0: from pid 6479
I/ActivityManager( 1539): START u0 {act=android.intent.action.MAIN cat=[android.intent.category.LAUNCHER] flg=0x10200000 cmp=com.jieshun.jslife/.activity.common.WelcomeActivity} from uid 0 on display 0
V/WindowManager( 1539): addAppToken: AppWindowToken{173da7aa token=Token{368dda95 ActivityRecord{35c2aa4c u0 com.jieshun.jslife/.activity.common.WelcomeActivity t16}}} to stack=1 task=16 at 0
I/ActivityManager( 1539): Start proc 6489:com.jieshun.jslife/u0a28 for activity com.jieshun.jslife/.activity.common.WelcomeActivity
D/WifiService( 1539): New client listening to asynchronous messages
W/NotificationService( 1539): Object died trying to hide notification android.app.ITransientNotification$Stub$Proxy@146fc74d in package com.jieshun.jslife
V/WindowManager( 1539): Adding window Window{46b3e7c u0 com.jieshun.jslife/com.jieshun.jslife.activity.common.WelcomeActivity} at 2 of 5 (after Window{1c633ef8 u0 com.android.launcher3/com.android.launcher3.Launcher})
I/ActivityManager( 1539): START u0 {cmp=com.jieshun.jslife/.activity.common.LoadingActivity} from uid 10028 on display 0
V/WindowManager( 1539): addAppToken: AppWindowToken{19e2430a token=Token{24804775 ActivityRecord{e393eac u0 com.jieshun.jslife/.activity.common.LoadingActivity t16}}} to stack=1 task=16 at 1
V/WindowManager( 1539): Adding window Window{e519998 u0 com.jieshun.jslife/com.jieshun.jslife.activity.common.LoadingActivity} at 3 of 6 (after Window{46b3e7c u0 com.jieshun.jslife/com.jieshun.jslife.activity.common.WelcomeActivity})
I/ActivityManager( 1539): START u0 {cmp=com.jieshun.jslife/.activity.userinfo.UserLoginActivity} from uid 10028 on display 0
V/WindowManager( 1539): addAppToken: AppWindowToken{17ef6229 token=Token{3aa603b0 ActivityRecord{f89aaf3 u0 com.jieshun.jslife/.activity.userinfo.UserLoginActivity t16}}} to stack=1 task=16 at 2
V/WindowManager( 1539): Adding window Window{341982ba u0 com.jieshun.jslife/com.jieshun.jslife.activity.userinfo.UserLoginActivity} at 4 of 7 (after Window{e519998 u0 com.jieshun.jslife/com.jieshun.jslife.activity.common.LoadingActivity})
I/ActivityManager( 1539): START u0 {cmp=com.jieshun.jslife/.activity.userinfo.UserRegisterActivity} from uid 10028 on display 0
V/WindowManager( 1539): addAppToken: AppWindowToken{3dd9af12 token=Token{37113e9d ActivityRecord{347974 u0 com.jieshun.jslife/.activity.userinfo.UserRegisterActivity t16}}} to stack=1 task=16 at 1
V/WindowManager( 1539): Adding window Window{61faa5e u0 com.jieshun.jslife/com.jieshun.jslife.activity.userinfo.UserRegisterActivity} at 3 of 6 (after Window{341982ba u0 com.jieshun.jslife/com.jieshun.jslife.activity.userinfo.UserLoginActivity})
V/WindowManager( 1539): Adding window Window{1c0a736 u0 PopupWindow:28223065} at 4 of 7 (after Window{61faa5e u0 com.jieshun.jslife/com.jieshun.jslife.activity.userinfo.UserRegisterActivity})
V/WindowManager( 1539): Adding window Window{266800c2 u0 PopupWindow:146b913a} at 5 of 8 (after Window{1c0a736 u0 PopupWindow:28223065})
I/ValidateNoPeople( 1539): skipping global notification
V/WindowManager( 1539): Adding window Window{381bf041 u0 PopupWindow:278f0d92} at 4 of 7 (after Window{61faa5e u0 com.jieshun.jslife/com.jieshun.jslife.activity.userinfo.UserRegisterActivity})
I/ValidateNoPeople( 1539): skipping global notification
V/WindowManager( 1539): Adding window Window{30fabb27 u0 PopupWindow:3ef77363} at 5 of 8 (after Window{381bf041 u0 PopupWindow:278f0d92})
V/WindowManager( 1539): Adding window Window{1ecde2c3 u0 PopupWindow:563e2bf} at 4 of 7 (after Window{61faa5e u0 com.jieshun.jslife/com.jieshun.jslife.activity.userinfo.UserRegisterActivity})
V/WindowManager( 1539): Adding window Window{161d6679 u0 PopupWindow:1957ed8c} at 5 of 8 (after Window{1ecde2c3 u0 PopupWindow:563e2bf})
I/ValidateNoPeople( 1539): skipping global notification
V/WindowManager( 1539): not Base app: Adding window Window{2a23776c u0 com.jieshun.jslife/com.jieshun.jslife.activity.userinfo.UserRegisterActivity} at 4 of 7
I/ActivityManager( 1539): Force stopping com.jieshun.jslife appid=10028 user=0: from pid 6624
I/ActivityManager( 1539): Killing 6489:com.jieshun.jslife/u0a28 (adj 0): stop com.jieshun.jslife
I/libprocessgroup( 1539): Killing pid 6526 in uid 10028 as part of process group 6489
I/WindowState( 1539): WIN DEATH: Window{341982ba u0 com.jieshun.jslife/com.jieshun.jslife.activity.userinfo.UserLoginActivity}
D/WifiService( 1539): Client connection lost with reason: 4
I/WindowState( 1539): WIN DEATH: Window{61faa5e u0 com.jieshun.jslife/com.jieshun.jslife.activity.userinfo.UserRegisterActivity}
W/ActivityManager( 1539): Scheduling restart of crashed service com.jieshun.jslife/.service.XMPPService in 1000ms
W/ActivityManager( 1539): Scheduling restart of crashed service com.jieshun.jslife/.service.NetworkStateService in 1000ms
W/ActivityManager( 1539): Scheduling restart of crashed service com.jieshun.jslife/.service.BluetoothLeService in 70248ms
W/ActivityManager( 1539): Force removing ActivityRecord{347974 u0 com.jieshun.jslife/.activity.userinfo.UserRegisterActivity t16}: app died, no saved state
I/ActivityManager( 1539):   Force finishing activity 3 ActivityRecord{f89aaf3 u0 com.jieshun.jslife/.activity.userinfo.UserLoginActivity t16}
I/ActivityManager( 1539):   Force stopping service ServiceRecord{529f6e4 u0 com.jieshun.jslife/.service.BluetoothLeService}
I/ActivityManager( 1539):   Force stopping service ServiceRecord{2c532713 u0 com.jieshun.jslife/.service.NetworkStateService}
W/ActivityManager( 1539): Spurious death for ProcessRecord{358b79ae 6489:com.jieshun.jslife/u0a28}, curProc for 6489: null
W/InputMethodManagerService( 1539): Got RemoteException sending setActive(false) notification to pid 6489 uid 10028
I/ActivityManager( 1539): Force stopping com.jieshun.jslife appid=10028 user=0: from pid 6646
I/ActivityManager( 1539): START u0 {act=android.intent.action.MAIN cat=[android.intent.category.HOME] flg=0x10200000 cmp=com.android.launcher3/.Launcher} from uid 1000 on display 0
W/WindowManager( 1539): Attempted to remove non-existing token: android.os.Binder@d33b999
I/ActivityManager( 1539): Force stopping io.appium.unlock appid=10030 user=0: from pid 6684
I/UsageStatsService( 1539): User[0] Flushing usage stats to disk
I/ProcessStatsService( 1539): Prepared write state in 0ms
I/ActivityManager( 1539): Force stopping com.jieshun.jslife appid=10028 user=0: from pid 6785
I/ActivityManager( 1539): Force stopping com.jieshun.jslife appid=10028 user=0: clear data
I/ActivityManager( 1539): Force stopping com.jieshun.jslife appid=10028 user=0: from pid 6829
I/ActivityManager( 1539): START u0 {flg=0x10000000 cmp=com.jieshun.jslife/.activity.common.WelcomeActivity} from uid 0 on display 0
V/WindowManager( 1539): addAppToken: AppWindowToken{2949b346 token=Token{fb2a321 ActivityRecord{3a8a4d88 u0 com.jieshun.jslife/.activity.common.WelcomeActivity t17}}} to stack=1 task=17 at 0
I/ActivityManager( 1539): Start proc 6840:com.jieshun.jslife/u0a28 for activity com.jieshun.jslife/.activity.common.WelcomeActivity
D/WifiService( 1539): New client listening to asynchronous messages
V/WindowManager( 1539): Adding window Window{14d09f1b u0 com.jieshun.jslife/com.jieshun.jslife.activity.common.WelcomeActivity} at 2 of 5 (after Window{1c633ef8 u0 com.android.launcher3/com.android.launcher3.Launcher})
