D/http    (11190): {"personId":"fa9b33b036fe48f9a7f2ed8e32e64f4b","userId":"eaa2fc61c4784b6ba67ac352b4afc808","bizSource":"APP_ANDROID","bizType":"JSLIFE","token":"e5306930d83c4cfab785a60991a09360"}
V/WindowManager( 1538): not Base app: Adding window Window{2ba8f53f u0 com.jieshun.jslife/com.jieshun.jslife.activity.common.MainFragmentActivity} at 5 of 8
D/http    (11190):  HTTP Url: http://jsh.jslife.com.cn/jslife-service/door/equip/query 
D/http    (11190): {"areaId":"55981d2f448a42f796c2f20907aa2715","operateMode":"1","pageIndex":"1","pageSize":"60","personId":"fa9b33b036fe48f9a7f2ed8e32e64f4b","userId":"eaa2fc61c4784b6ba67ac352b4afc808","bizSource":"APP_ANDROID","bizType":"JSLIFE","token":"e5306930d83c4cfab785a60991a09360"}
D/JTC     (11190): near tabl onReceiveLocation
V/libnb   (11190): enter native_bridge2_getTrampoline Java_com_baidu_platform_comjni_tools_JNITools_CoordinateEncryptEx, trampoline_addr 0xb44087e4
V/libnb   (11190): enter native_bridge2_getTrampoline Java_com_baidu_platform_comjni_map_basemap_JNIBaseMap_UpdateLayers, trampoline_addr 0x0
V/libnb   (11190): enter native_bridge2_getTrampoline Java_com_baidu_platform_comjni_map_basemap_JNIBaseMap_UpdateLayers__JJ, trampoline_addr 0x0
V/libnb   (11190): enter native_bridge2_getTrampoline Java_com_baidu_platform_comjni_map_basemap_JNIBaseMap_UpdateLayers, trampoline_addr 0xb44087ac
I/System.out(11190): isFirstLoctrue
I/System.out(11190): ******jscarlife*********************onMapStatusChangeStart*********************1******
D/JSParkingFragment(11190): mSearch.reverseGeoCode  4444 
I/System.out(11190): ******jscarlife*********************onReceiveLocation*********************
V/libnb   (11190): enter native_bridge2_getTrampoline Java_com_baidu_platform_comjni_util_JNIMD5_getSignMD5String, trampoline_addr 0xb4408774
D/EGL_adreno(11190): eglMakeCurrent: 0xb3edf6a0: ver 2 0 (tinfo 0xa2c349e0)
I/MultiDex(11354): VM with version 2.1.0 has multidex support
I/MultiDex(11354): install
I/MultiDex(11354): VM has multidex support, MultiDex support library is disabled.
E/EGL_adreno(11190): tid 11236: eglSurfaceAttrib(1266): error 0x3009 (EGL_BAD_MATCH)
W/OpenGLRenderer(11190): Failed to set EGL_SWAP_BEHAVIOR on surface 0x998075a0, error=EGL_BAD_MATCH
D/EGL_adreno(11190): eglMakeCurrent: 0xb3edf6a0: ver 2 0 (tinfo 0xa2c349e0)
I/http    (11190): 
I/http    (11190):  HTTP {"resultCode":"0","message":"","obj":{"mediaInfoList":[{"category":"HOMEPAGE","type":"PICTURE","title":"","userType":"APP","fileSize":"179091","mediaMsg":"","param":"","storeUrl":"\/HOMEPAGE\/2018-08-20\/382104fc3bf9421e801aeefc2eab805c.jpg","activeUrl":"https:\/\/plugin.i-lzhd.com\/aABXKQJCVGzdIjPa","buildDate":"2018-08-20 15:40:58","modifiedDate":"2018-08-20 15:40:58"},{"category":"HOMEPAGE","type":"PICTURE","title":"","userType":"APP","fileSize":"105260","mediaMsg":"","param":"","storeUrl":"\/HOMEPAGE\/2018-08-16\/049c3f613161493280fb1a71e82b1d93.jpg","activeUrl":"","buildDate":"2018-08-20 15:39:36","modifiedDate":"2018-08-20 15:39:36"},{"category":"HOMEPAGE","type":"PICTURE","title":"ofo-","userType":"SYS","fileSize":"137733","mediaMsg":"","param":"","storeUrl":"\/HOMEPAGE\/2018-08-09\/e45820916c9e46e295ae960ee63ed868.png","activeUrl":"http:\/\/t.cn\/RDinkZo","buildDate":"2018-08-09 17:44:13","modifiedDate":"2018-08-09 17:44:13"}]},"seqId":"ef6b273b6afc4f9db3327482082b96f8","right":true}
I/com.jieshun.jslife.activity.homepage.HomePageFragment(11190): ===========
D/BluetoothManagerService( 1538): Message: 20
D/BluetoothManagerService( 1538): Added callback: android.bluetooth.IBluetoothManagerCallback$Stub$Proxy@b85bef8:true
V/libnb   (11354): enter native_bridge2_isSupported /data/app/com.jieshun.jslife-2/lib/arm/libBaiduMapSDK_base_v4_5_2.so
V/libnb   (11354): enter native_bridge2_loadLibrary /data/app/com.jieshun.jslife-2/lib/arm/libBaiduMapSDK_base_v4_5_2.so
D/houdini (11354): [11354] Added shared library /data/app/com.jieshun.jslife-2/lib/arm/libBaiduMapSDK_base_v4_5_2.so for ClassLoader by Native Bridge.
V/libnb   (11354): enter native_bridge2_getTrampoline JNI_OnLoad, trampoline_addr 0x0
V/libnb   (11354): enter native_bridge2_getTrampoline Java_com_baidu_platform_comjni_tools_JNITools_initClass, trampoline_addr 0xb4408fc4
I/http    (11190): 
I/http    (11190):  HTTP {"resultCode":"0","message":"","obj":null,"seqId":"4fe4bae8f85e43369da6eca09da9fcc2","noticeInfo":[{"id":"7beb29fa8e1411e89eb17cd30ab49e14","title":"","link":"https:\/\/mp.weixin.qq.com\/s\/_zt0RohOAsiCK3ayo50uzg","remark":"","type":"0","value":"","level":"0","beginTime":"2018-07-23 09:05:26","endTime":"2099-12-31 23:59:59"},{"id":"9685be115a7e11e8b0aeecf4bbbfe1f4","title":"","link":"https:\/\/mp.weixin.qq.com\/s\/f7SKsC1ioYdbRdTFmMISgg","remark":"","type":"0","value":"","level":"0","beginTime":"2018-05-18 17:33:57","endTime":"2099-12-31 23:59:59"},{"id":"9892ec1d443d11e8b0aeecf4bbbfe1f4","title":"5GAI","link":"http:\/\/mp.weixin.qq.com\/s\/JcPDHWA7xUvyKtvs_M6sWA","remark":"","type":"0","value":"","level":"0","beginTime":"2018-04-20 09:53:17","endTime":"2099-12-31 23:59:59"}],"right":true}
I/AppiumUnicodeIME( 1695): onFinishInput
I/AppiumUnicodeIME( 1695): onStartInput
I/http    (11190): 
I/http    (11190):  HTTP {"resultCode":"0","message":"","obj":null,"seqId":"b2b7df7e03794d42b893df1bcb8abecf","msgList":null,"right":true}
I/jieshun.jslife(11190): HomePageFragment ---------------------> JS_HEAD_NOTICE
D/SMACK   (11190): 04:19:51  RCV  (296103663): <presence id="pDM9M-22" from="13632836691@openfire-cloud/A1b117b2fb" to="13632836691@openfire-cloud/A1b852863a"><c xmlns="http://jabber.org/protocol/caps" hash="sha-1" node="http://www.igniterealtime.org/projects/smack/" ver="7lnSSYLFNPR++Qc5cZmId14cl4U="/></presence>
I/UserState(11190): myJid = null receive jid=13632836691@openfire-cloud/A1b117b2fb  state=ONLINE
I/http    (11190): 
I/http    (11190): mac HTTP {"resultCode":"0","message":"","obj":"","seqId":"f5de3df25c904f3bb214eb3addd44551","right":true}
V/libnb   (11354): enter native_bridge2_getTrampoline Java_com_baidu_platform_comjni_util_JNIMD5_encodeUrlParamsValue, trampoline_addr 0xb4408f8c
D/Ble     (11190):  macAddress === 
I/http    (11190): 
I/http    (11190):  HTTP {"resultCode":"0","message":"","obj":null,"seqId":"5d7e2227a9e546e086f2f13ec817cc3e","msgList":null,"right":true}
I/jieshun.jslife(11190): startMsgInfoAnim============================== 1
I/jieshun.jslife(11190): startMsgInfoAnim============================== 1
I/http    (11190): 
I/http    (11190):  HTTP {"resultCode":"0","message":"","obj":{"paymentCarList":[],"monthCarDelayInfo":{"delayStatus":"0"},"voteData":null},"seqId":"0ee5d7ea092d4007bf87edda5e020834","right":true}
I/jieshun.jslife(11190): HomePageFragment -----   ---------------------> 0
W/DeviceId(11354): galaxy lib host missing meta-data,make sure you know the right way to integrate galaxy
W/DeviceId(11354): galaxy lib host missing meta-data,make sure you know the right way to integrate galaxy
W/DeviceId(11354): galaxy lib host missing meta-data,make sure you know the right way to integrate galaxy
I/http    (11190): 
I/http    (11190):  HTTP {"resultCode":"0","message":"","obj":{"pageSize":60,"pageIndex":1,"pageTotal":0,"totalCount":0,"data":[]},"seqId":"d696755f4e554821b927b0dd3dc8cf61","right":true}
V/libnb   (11354): enter native_bridge2_getTrampoline Java_com_baidu_platform_comjni_util_JNISysOSAPI_create, trampoline_addr 0xb4408f54
V/libnb   (11354): enter native_bridge2_getTrampoline Java_com_baidu_platform_comjni_util_JNISysOSAPI_init, trampoline_addr 0xb4408f1c
I/BaiduApiAuth(11354): BaiduApiAuth SDK Version:1.0.20
D/EGL_adreno(11190): eglMakeCurrent: 0xb3edf6a0: ver 2 0 (tinfo 0xa2c349e0)
D/JSParkingFragment(11190): *************** onGetReverseGeoCodeResult ********************* 
D/JSParkingFragment(11190):    lattitue = 39.92270378285916 ; longitue = 116.41663820901988
D/phoneInfo(11354): mAppSysOSAPI not null
D/JSParkingFragment(11190): ***onGetReverseGeoCodeResult*****:
D/JSParkingFragment(11190): ***onGetReverseGeoCodeResult*****:
D/JSParkingFragment(11190): ***onGetReverseGeoCodeResult***** canton:
D/phoneInfo(11354): Bundle[{screen_x=720, screen_y=1280, mb=oppo r11 plus, os=Android22, sv=4.5.2, cpu=, glr=, glv=, net=0, pcn=com.jieshun.jslife, cuid=B1F8C6E95753F718BAFE862BFFE33696|819808620661568, dpi_x=320, dpi_y=320, resid=02, channel=baidu, signature=[B@27be9aff}]
D/JSParkingFragment(11190): ***onGetReverseGeoCodeResult*****:6
D/JSParkingFragment(11190):     lattitue = 39.916407589357014 ; longitue = 116.41025599543832
D/com.jieshun.jslife.parklife.JSParkingFragment(11190): bottomNewState = 0 ; BottomSheetBehavior.STATE_HIDDEN = 5
D/JSParkingFragment(11190): searchKey = null ; regionAddress = 6
D/JSParkingFragment(11190):   mCurrentSearchLat = 39.916407589357014 ; mCurrentSearchLon = 116.41025599543832
D/JSParkingFragment(11190): isFirstLoc --- true ; initData isNetConnect = true ; isVisibleToUser = false
E/PermissionCheck(11354): permission check result is: 601
I/System.out(11354): initEngineManager 
I/System.out(11354): initEngineManager null: true
V/libnb   (11354): enter native_bridge2_isSupported /data/app/com.jieshun.jslife-2/lib/arm/libapp_BaiduPanoramaAppLib.so
V/libnb   (11354): enter native_bridge2_loadLibrary /data/app/com.jieshun.jslife-2/lib/arm/libapp_BaiduPanoramaAppLib.so
D/houdini (11354): [11354] Added shared library /data/app/com.jieshun.jslife-2/lib/arm/libapp_BaiduPanoramaAppLib.so for ClassLoader by Native Bridge.
V/libnb   (11354): enter native_bridge2_getTrampoline JNI_OnLoad, trampoline_addr 0xb4408ee4
I/System.out(11354): initEngineManager error 
I/System.out(11354): initEngineManager init 
I/System.out(11354): initEngineManager init after 
I/System.out(11354): global application 
I/art     (11190): Background partial concurrent mark sweep GC freed 14835(912KB) AllocSpace objects, 11(19MB) LOS objects, 33% free, 31MB/47MB, paused 10.083ms total 57.403ms
D/EGL_adreno(11190): eglMakeCurrent: 0xb3edf6a0: ver 2 0 (tinfo 0xa2c349e0)
D/config.AppConfig(11354): APP====
D/config.AppConfig(11354): versionNo=302030
D/config.AppConfig(11354): versionName=V3.2.3
D/config.AppConfig(11354): appPackageName=com.jieshun.jslife
I/AppiumUnicodeIME( 1695): onFinishInput
I/AppiumUnicodeIME( 1695): onStartInput
D/config.AppConfig(11354): openfireAddress=jsimp.jslife.com.cn
D/config.AppConfig(11354): openfirePort=7608
D/config.AppConfig(11354): yunServerJID=formal_cloud_jsh@openfire-cloud/master
D/config.AppConfig(11354): yunServerAdddress=http://www.jslife.com.cn
D/config.AppConfig(11354): voipServerAddress=39.108.231.151:7781
I/System.out(11190): ******jscarlife*********************onMapStatusChange*********************2******
D/config.AppConfig(11354): baseHttpUrl=http://jsh.jslife.com.cn/jslife-service
D/config.AppConfig(11354): webBaseUrl=http://jsh.jslife.com.cn/jshapp
D/config.AppConfig(11354): signatoryCloudJid=formal_cloud_jcxt@openfire-cloud/jscsp_master
I/System.out(11190): ******jscarlife*********************onMapStatusChange*********************2******
I/System.out(11190): ******jscarlife*********************onMapStatusChange*********************2******
I/System.out(11190): ******jscarlife*********************onMapStatusChange*********************2******
I/System.out(11190): ******jscarlife*********************onMapStatusChange*********************2******
I/System.out(11190): ******jscarlife*********************onMapStatusChange*********************2******
D/baidu_location_service(11354): baidu location service start1 ...20171027...11354
D/SMACK   (11190): 04:19:51  RCV  (296103663): <presence id="pDM9M-23" from="13632836691@openfire-cloud/A1b117b2fb" to="13632836691@openfire-cloud/A1b852863a"><c xmlns="http://jabber.org/protocol/caps" hash="sha-1" node="http://www.igniterealtime.org/projects/smack/" ver="30o3W0G3RxzdAvCCb8fB1Jc5dy0="/></presence><presence id="pDM9M-24" from="13632836691@openfire-cloud/A1b117b2fb" to="13632836691@openfire-cloud/A1b852863a"><c xmlns="http://jabber.org/protocol/caps" hash="sha-1" node="http://www.igniterealtime.org/projects/smack/" ver="LXzMKGdgC6np5NqNvUDZmGNt7R8="/></presence><presence id="pDM9M-25" from="13632836691@openfire-cloud/A1b117b2fb" to="13632836691@openfire-cloud/A1b852863a"><c xmlns="http://jabber.org/protocol/caps" hash="sha-1" node="http://www.igniterealtime.org/projects/smack/" ver="+fIuUdRHwf5kx3DPPD8JEPN1yuE="/></presence>
I/UserState(11190): myJid = null receive jid=13632836691@openfire-cloud/A1b117b2fb  state=ONLINE
I/UserState(11190): myJid = null receive jid=13632836691@openfire-cloud/A1b117b2fb  state=ONLINE
I/UserState(11190): myJid = null receive jid=13632836691@openfire-cloud/A1b117b2fb  state=ONLINE
I/System.out(11354): onGetPermissionState iError 0
I/System.out(11354): *****key*****
I/System.out(11190): ******jscarlife*********************onMapStatusChange*********************2******
D/JSParkingFragment(11190): ***************onMapStatusChangeFinish********************* isHasFirstQry = true
D/JSParkingFragment(11190): mSearch.reverseGeoCode  11111 
D/com.jieshun.jslife.service.InitService(11190): InitService onHandleIntent, ....
W/ImageLoader(11190): memoryCache() and memoryCacheSize() calls overlap each other
D/baidu_location_client(11190): baidu location connected ...
W/ImageLoader(11190): Try to initialize ImageLoader which had already been initialized before. To re-init ImageLoader with new configuration call ImageLoader.destroy() at first.
D/TAG     (11190):  InitService  key = null JSUtils.isSupportBle(this) = true
D/XMPP    (11190): init success !!!!
I/baidu_location_service(11354): LocationAuthManager Authentication AUTHENTICATE_SUCC
I/com.jieshun.jslife.service.XMPPService(11190): start XMPPService ===============
I/com.jieshun.jslife.service.XMPPService(11190): startRequestQueQue ===============
D/XMPP    (11190): startConnectToOpenfire =============== mResource=A1b852863a
D/XMPP    (11190):  initBase openfire resource=A1b852863a
I/XMPP    (11190): openfire----  disconnect()
D/SMACK   (11190): 04:19:51  SENT (296103663): <presence id="52GUj-17" type="unavailable"><c xmlns='http://jabber.org/protocol/caps' hash='sha-1' node='http://www.igniterealtime.org/projects/smack/' ver='+fIuUdRHwf5kx3DPPD8JEPN1yuE='/></presence>
D/SMACK   (11190): 04:19:51  Connection closed (296103663)
I/UserState(11190): myJid = null receive jid=null  state=OFFLINE
D/SMACK   (11190): 04:19:51  SENT (296103663): </stream:stream>
I/art     (11354): Rejecting re-init on previously-failed class java.lang.Class<com.baidu.location.e.d$a>
I/art     (11354): Rejecting re-init on previously-failed class java.lang.Class<com.baidu.location.e.d$a>
I/art     (11354): Rejecting re-init on previously-failed class java.lang.Class<com.baidu.location.e.d$a>
I/art     (11354): Rejecting re-init on previously-failed class java.lang.Class<com.baidu.location.e.d$a>
I/art     (11354): Rejecting re-init on previously-failed class java.lang.Class<com.baidu.location.e.d$a>
D/WifiService( 1538): New client listening to asynchronous messages
D/baidu_location_service(11354): baidu location service register ...
D/baidu_location_service(11354): start gps...
D/gps_ld  ( 1538): set_position_mode: mode=0 recurrence=0 min_interval=1000 preferred_accuracy=0 preferred_time=0
I/gps_ld  ( 1538): serial_gps_start: called
I/gps_ld  ( 1538): GPS status: session begin! location_cb=0xb25cf3e0
I/gps_ld  ( 1538): GPS location_cb! latitude = 39.915000 longitude=116.404000
V/libnb   (11354): enter native_bridge2_isSupported /data/app/com.jieshun.jslife-2/lib/arm/liblocSDK7b.so
V/libnb   (11354): enter native_bridge2_loadLibrary /data/app/com.jieshun.jslife-2/lib/arm/liblocSDK7b.so
D/houdini (11354): [11408] Added shared library /data/app/com.jieshun.jslife-2/lib/arm/liblocSDK7b.so for ClassLoader by Native Bridge.
V/libnb   (11354): enter native_bridge2_getTrampoline JNI_OnLoad, trampoline_addr 0x0
V/libnb   (11354): enter native_bridge2_getTrampoline Java_com_baidu_location_Jni_encodeNotLimit, trampoline_addr 0x0
V/libnb   (11354): enter native_bridge2_getTrampoline Java_com_baidu_location_Jni_encodeNotLimit__Ljava_lang_String_2I, trampoline_addr 0x0
V/libnb   (11354): enter native_bridge2_getTrampoline Java_com_baidu_location_Jni_encodeNotLimit, trampoline_addr 0x0
V/libnb   (11354): enter native_bridge2_getTrampoline Java_com_baidu_location_Jni_encodeNotLimit__Ljava_lang_String_2I, trampoline_addr 0x0
V/libnb   (11354): enter native_bridge2_getTrampoline Java_com_baidu_location_Jni_encodeNotLimit, trampoline_addr 0xb4408eac
V/libnb   (11354): enter native_bridge2_getTrampoline Java_com_baidu_location_Jni_a, trampoline_addr 0x0
V/libnb   (11354): enter native_bridge2_getTrampoline Java_com_baidu_location_Jni_a___3BI, trampoline_addr 0x0
V/libnb   (11354): enter native_bridge2_getTrampoline Java_com_baidu_location_Jni_a, trampoline_addr 0x0
V/libnb   (11354): enter native_bridge2_getTrampoline Java_com_baidu_location_Jni_a___3BI, trampoline_addr 0x0
V/libnb   (11354): enter native_bridge2_getTrampoline Java_com_baidu_location_Jni_a, trampoline_addr 0xb4408e74
E/Ble     (11190): BluetoothLeService  onStartCommand()
D/Ble     (11190):  initialize ======================== mBluetoothManager = android.bluetooth.BluetoothManager@2ee0c15c
V/libnb   (11354): enter native_bridge2_getTrampoline Java_com_baidu_location_Jni_murmur, trampoline_addr 0x0
V/libnb   (11354): enter native_bridge2_getTrampoline Java_com_baidu_location_Jni_murmur__Ljava_lang_String_2, trampoline_addr 0x0
V/libnb   (11354): enter native_bridge2_getTrampoline Java_com_baidu_location_Jni_murmur, trampoline_addr 0x0
V/libnb   (11354): enter native_bridge2_getTrampoline Java_com_baidu_location_Jni_murmur__Ljava_lang_String_2, trampoline_addr 0x0
V/libnb   (11354): enter native_bridge2_getTrampoline Java_com_baidu_location_Jni_murmur, trampoline_addr 0xb4408e3c
I/XMPP    (11190): ========
D/XMPP    (11190):  start Login Openfire userName = 13632836691;  pwd =123456;  resource =A1b852863a
I/XMPP    (11190): openfire============== OPENFIRE=jsimp.jslife.com.cn SERVICE_NAME=openfire-cloud PORT=7608  userName=13632836691  pwd=123456 ; resource=A1b852863a
I/XMPP    (11190): ----userName========13632836691 ; pwd========123456 ; resource======A1b852863a
D/sensor_ld( 1538): cb_setDelay handle=0 delay-ns=20000000
D/JSParkingFragment(11190): *************** onGetReverseGeoCodeResult ********************* 
D/JSParkingFragment(11190):    lattitue = 39.922703859283175 ; longitue = 116.41663820901981
D/JSParkingFragment(11190): ***onGetReverseGeoCodeResult*****:
D/JSParkingFragment(11190): ***onGetReverseGeoCodeResult*****:
D/JSParkingFragment(11190): ***onGetReverseGeoCodeResult***** canton:
D/JSParkingFragment(11190): ***onGetReverseGeoCodeResult*****:6
D/JSParkingFragment(11190):     lattitue = 39.916407665797685 ; longitue = 116.41025599548698
D/com.jieshun.jslife.parklife.JSParkingFragment(11190): bottomNewState = 0 ; BottomSheetBehavior.STATE_HIDDEN = 5
D/JSParkingFragment(11190): searchKey =  ; regionAddress = 6
D/JSParkingFragment(11190):   mCurrentSearchLat = 39.916407665797685 ; mCurrentSearchLon = 116.41025599548698
D/JSParkingFragment(11190): isFirstLoc --- true ; initData isNetConnect = true ; isVisibleToUser = false
D/XMPP    (11190): 
D/XMPP    (11190): 
I/FFmpegExtractor( 1368): android-source:0xb40291c0
V/libnb   (11354): enter native_bridge2_getTrampoline Java_com_baidu_location_Jni_ee, trampoline_addr 0x0
V/libnb   (11354): enter native_bridge2_getTrampoline Java_com_baidu_location_Jni_ee__Ljava_lang_String_2I, trampoline_addr 0x0
V/libnb   (11354): enter native_bridge2_getTrampoline Java_com_baidu_location_Jni_ee, trampoline_addr 0x0
V/libnb   (11354): enter native_bridge2_getTrampoline Java_com_baidu_location_Jni_ee__Ljava_lang_String_2I, trampoline_addr 0x0
V/libnb   (11354): enter native_bridge2_getTrampoline Java_com_baidu_location_Jni_ee, trampoline_addr 0xb4408e04
D/SMACK   (11190): 04:19:51  SENT (121463241): <stream:stream to="openfire-cloud" xmlns="jabber:client" xmlns:stream="http://etherx.jabber.org/streams" version="1.0">
D/FFMPEG  ( 1368): android source begin open
D/FFMPEG  ( 1368): android open, url: android-source:0xb40291c0
D/FFMPEG  ( 1368): ffmpeg open android data source success, source ptr: 0xb40291c0
D/FFMPEG  ( 1368): android source open success
I/FFMPEG  ( 1368): Input #0, wav, from 'android-source:0xb40291c0':
I/FFMPEG  ( 1368):   Duration: 00:00:00.91, bitrate: 353 kb/s
I/FFMPEG  ( 1368):     Stream #0:0: Audio: pcm_s16le ([1][0][0][0] / 0x0001), 11025 Hz, 2 channels, s16, 352 kb/s
I/FFmpegExtractor( 1368): FFmpegExtrator, url: android-source:0xb40291c0, format_name: wav, format_long_name: WAV / WAVE (Waveform Audio)
I/FFmpegExtractor( 1368): list the formats suppoted by ffmpeg: 
I/FFmpegExtractor( 1368): ========================================
I/FFmpegExtractor( 1368): ========================================
D/FFmpegExtractor( 1368): unsuppoted codec(pcm_s16le) by official Stagefright
D/FFMPEG  ( 1368): android source close
I/FFmpegExtractor( 1368): sniff through BetterSniffFFMPEG success
D/FFmpegExtractor( 1368): ffmpeg detected media content as 'audio/x-wav' with confidence 0.88
D/NuPlayerDriver( 1368): start(0xb584ed60)
I/GenericSource( 1368): start
D/NuPlayerDriver( 1368): reset(0xb584ed60)
D/NuPlayerDriver( 1368): notifyResetComplete(0xb584ed60)
I/FFmpegExtractor( 1368): android-source:0xb4029340
D/FFMPEG  ( 1368): android source begin open
D/FFMPEG  ( 1368): android open, url: android-source:0xb4029340
D/FFMPEG  ( 1368): ffmpeg open android data source success, source ptr: 0xb4029340
D/FFMPEG  ( 1368): android source open success
I/FFMPEG  ( 1368): Input #0, wav, from 'android-source:0xb4029340':
I/FFMPEG  ( 1368):   Duration: 00:00:01.13, bitrate: 353 kb/s
I/FFMPEG  ( 1368):     Stream #0:0: Audio: pcm_s16le ([1][0][0][0] / 0x0001), 11025 Hz, 2 channels, s16, 352 kb/s
I/FFmpegExtractor( 1368): FFmpegExtrator, url: android-source:0xb4029340, format_name: wav, format_long_name: WAV / WAVE (Waveform Audio)
I/FFmpegExtractor( 1368): list the formats suppoted by ffmpeg: 
I/FFmpegExtractor( 1368): ========================================
I/FFmpegExtractor( 1368): ========================================
D/FFmpegExtractor( 1368): unsuppoted codec(pcm_s16le) by official Stagefright
D/FFMPEG  ( 1368): android source close
I/FFmpegExtractor( 1368): sniff through BetterSniffFFMPEG success
D/FFmpegExtractor( 1368): ffmpeg detected media content as 'audio/x-wav' with confidence 0.88
D/NuPlayerDriver( 1368): start(0xb4028220)
I/GenericSource( 1368): start
D/NuPlayerDriver( 1368): reset(0xb4028220)
D/NuPlayerDriver( 1368): notifyResetComplete(0xb4028220)
D/SMACK   (11190): 04:19:51  RCV  (121463241): <?xml version='1.0' encoding='UTF-8'?><stream:stream xmlns:stream="http://etherx.jabber.org/streams" xmlns="jabber:client" from="openfire-cloud" id="cfbbe8e8" xml:lang="en" version="1.0">
V/libnb   (11354): enter native_bridge2_getTrampoline Java_com_baidu_location_Jni_c, trampoline_addr 0x0
V/libnb   (11354): enter native_bridge2_getTrampoline Java_com_baidu_location_Jni_c___3BI, trampoline_addr 0x0
V/libnb   (11354): enter native_bridge2_getTrampoline Java_com_baidu_location_Jni_c, trampoline_addr 0x0
V/libnb   (11354): enter native_bridge2_getTrampoline Java_com_baidu_location_Jni_c___3BI, trampoline_addr 0x0
V/libnb   (11354): enter native_bridge2_getTrampoline Java_com_baidu_location_Jni_c, trampoline_addr 0xb4408dcc
D/SMACK   (11190): 04:19:51  RCV  (121463241): <stream:features><mechanisms xmlns="urn:ietf:params:xml:ns:xmpp-sasl"><mechanism>PLAIN</mechanism><mechanism>ANONYMOUS</mechanism></mechanisms><compression xmlns="http://jabber.org/features/compress"><method>zlib</method></compression><auth xmlns="http://jabber.org/features/iq-auth"/><register xmlns="http://jabber.org/features/iq-register"/></stream:features>
D/SMACK   (11190): 04:19:51  SENT (121463241): <auth mechanism="PLAIN" xmlns="urn:ietf:params:xml:ns:xmpp-sasl">MTM2MzI4MzY2OTEAMTM2MzI4MzY2OTEAMTIzNDU2</auth>
D/SMACK   (11190): 04:19:51  RCV  (121463241): <success xmlns="urn:ietf:params:xml:ns:xmpp-sasl"/>
D/SMACK   (11190): 04:19:51  SENT (121463241): <stream:stream to="openfire-cloud" xmlns="jabber:client" xmlns:stream="http://etherx.jabber.org/streams" version="1.0">
D/SMACK   (11190): 04:19:51  RCV  (121463241): <?xml version='1.0' encoding='UTF-8'?><stream:stream xmlns:stream="http://etherx.jabber.org/streams" xmlns="jabber:client" from="openfire-cloud" id="cfbbe8e8" xml:lang="en" version="1.0"><stream:features><compression xmlns="http://jabber.org/features/compress"><method>zlib</method></compression><bind xmlns="urn:ietf:params:xml:ns:xmpp-bind"/><session xmlns="urn:ietf:params:xml:ns:xmpp-session"><optional/></session></stream:features>
D/SMACK   (11190): 04:19:51  SENT (121463241): <iq id="52GUj-18" type="set"><bind xmlns="urn:ietf:params:xml:ns:xmpp-bind"><resource>A1b852863a</resource></bind></iq>
D/SMACK   (11190): 04:19:52  RCV  (121463241): <iq type="result" id="52GUj-18" to="openfire-cloud/cfbbe8e8"><bind xmlns="urn:ietf:params:xml:ns:xmpp-bind"><jid>13632836691@openfire-cloud/A1b852863a</jid></bind></iq>
D/SMACK   (11190): 04:19:52  SENT (121463241): <iq id="52GUj-19" type="set"><session xmlns="urn:ietf:params:xml:ns:xmpp-session"/></iq>
I/CallbackListener(11190): xmppQueQue==========
D/ld_audio_hw( 1368): lineFun, out_standby
D/ld_audio_hw( 1368): ld_close_output_stream, dev=0xb5875240, stream =0xb584a660
D/ld_audio_hw( 1368): ld_close_output_stream, stream=0xb584a660,  success!
D/SMACK   (11190): 04:19:52  RCV  (121463241): <iq type="result" id="52GUj-19" to="13632836691@openfire-cloud/A1b852863a"/>
D/SMACK   (11190): User logged (121463241): 13632836691@openfire-cloud@openfire-cloud:7608/A1b852863a
D/SMACK   (11190): 04:19:52  SENT (121463241): <iq id="52GUj-20" type="get"><query xmlns="jabber:iq:roster" ></query></iq>
D/SMACK   (11190): 04:19:52  SENT (121463241): <presence id="52GUj-21"><c xmlns='http://jabber.org/protocol/caps' hash='sha-1' node='http://www.igniterealtime.org/projects/smack/' ver='7lnSSYLFNPR++Qc5cZmId14cl4U='/></presence>
D/SMACK   (11190): 04:19:52  SENT (121463241): <presence id="52GUj-22"><c xmlns='http://jabber.org/protocol/caps' hash='sha-1' node='http://www.igniterealtime.org/projects/smack/' ver='30o3W0G3RxzdAvCCb8fB1Jc5dy0='/></presence>
D/SMACK   (11190): 04:19:52  SENT (121463241): <presence id="52GUj-23"><c xmlns='http://jabber.org/protocol/caps' hash='sha-1' node='http://www.igniterealtime.org/projects/smack/' ver='LXzMKGdgC6np5NqNvUDZmGNt7R8='/></presence>
D/SMACK   (11190): 04:19:52  SENT (121463241): <presence id="52GUj-24"><c xmlns='http://jabber.org/protocol/caps' hash='sha-1' node='http://www.igniterealtime.org/projects/smack/' ver='+fIuUdRHwf5kx3DPPD8JEPN1yuE='/></presence>
I/XMPP    (11190): loginToOpenfire==============  openfire isSuccess:  true
I/XMPP    (11190): my jid = 13632836691@openfire-cloud/A1b852863a
I/XMPP    (11190):   login  success!=============== userName=13632836691  pwd=123456
D/SMACK   (11190): 04:19:52  RCV  (121463241): <iq type="result" id="52GUj-20" to="13632836691@openfire-cloud/A1b852863a"><query xmlns="jabber:iq:roster"><item jid="formal_cloud_jsh@openfire-cloud" name="formal_cloud_jsh" subscription="both"/></query></iq>
I/http    (11190): ----> 
I/CallbackListener(11190): requestMap add  activity = com.jieshun.jslife.activity.common.UpdateApkLogic$2@79189fb  serviceId = JSCSP_VERSION_GETNEWVERSION
I/CallbackListener(11190): xmppQueQue=========1
D/SMACK   (11190): 04:19:52  SENT (121463241): <iq id="-l31zd3_3" to="formal_cloud_jsh@openfire-cloud/master" type="get"><dreq xmlns="xmpp:iq:shunt"><cnt>{&quot;attributes&quot;:{},&quot;dataItems&quot;:[{&quot;attributes&quot;:{&quot;mobileModels&quot;:&quot;ANDROID&quot;,&quot;versionType&quot;:&quot;JSLIFE&quot;},&quot;failItems&quot;:[],&quot;objectId&quot;:&quot;objID&quot;,&quot;operateType&quot;:&quot;READ&quot;,&quot;subItems&quot;:[]}],&quot;requestType&quot;:&quot;DIRECTIVE&quot;,&quot;seqId&quot;:&quot;-l31zd3_3&quot;,&quot;serviceId&quot;:&quot;JSCSP_VERSION_GETNEWVERSION&quot;}</cnt><crc>-317308663</crc><mode>ASYNC</mode><type>DIRECTIVE</type></dreq></iq>
D/XMPP    (11190): XMPP------> JSCSP_VERSION_GETNEWVERSION ---> : {"attributes":{},"dataItems":[{"attributes":{"mobileModels":"ANDROID","versionType":"JSLIFE"},"failItems":[],"objectId":"objID","operateType":"READ","subItems":[]}],"requestType":"DIRECTIVE","seqId":"-l31zd3_3","serviceId":"JSCSP_VERSION_GETNEWVERSION"}
D/SMACK   (11190): 04:19:52  RCV  (121463241): <presence id="pDM9M-25" from="13632836691@openfire-cloud/A1b117b2fb" to="13632836691@openfire-cloud/A1b852863a"><c xmlns="http://jabber.org/protocol/caps" hash="sha-1" node="http://www.igniterealtime.org/projects/smack/" ver="+fIuUdRHwf5kx3DPPD8JEPN1yuE="/></presence><presence id="52GUj-21" from="13632836691@openfire-cloud/A1b852863a" to="13632836691@openfire-cloud/A1b852863a"><c xmlns="http://jabber.org/protocol/caps" hash="sha-1" node="http://www.igniterealtime.org/projects/smack/" ver="7lnSSYLFNPR++Qc5cZmId14cl4U="/></presence><presence id="mFh6g-325702" from="formal_cloud_jsh@openfire-cloud/master" to="13632836691@openfire-cloud/A1b852863a"/><presence id="6VDE2-287624" from="formal_cloud_jsh@openfire-cloud/slave" to="13632836691@openfire-cloud/A1b852863a"/><iq type="get" id="170-1398385" to="13632836691@openfire-cloud/A1b852863a" from="openfire-cloud"><query xmlns="http://jabber.org/protocol/disco#info"/></iq><iq type="get" id="437-1398386" to="13632836691@openfire-cloud/A1b852863a" from="openfire-cloud"><query xmlns="http://jabber.org/protocol/disco#info"/></iq>
I/UserState(11190): myJid = 13632836691@openfire-cloud/A1b852863a receive jid=13632836691@openfire-cloud/A1b117b2fb  state=ONLINE
I/UserState(11190): myJid = 13632836691@openfire-cloud/A1b852863a receive jid=13632836691@openfire-cloud/A1b852863a  state=ONLINE
D/UserState(11190): , i'm  online jid = 13632836691@openfire-cloud/A1b852863a
I/UserState(11190): myJid = 13632836691@openfire-cloud/A1b852863a receive jid=formal_cloud_jsh@openfire-cloud/master  state=ONLINE
I/UserState(11190): myJid = 13632836691@openfire-cloud/A1b852863a receive jid=formal_cloud_jsh@openfire-cloud/slave  state=ONLINE
D/SMACK   (11190): 04:19:52  SENT (121463241): <iq id="170-1398385" to="openfire-cloud" type="result"><query xmlns="http://jabber.org/protocol/disco#info"><identity category="client" name="Smack" type="pc"/><feature var="http://jabber.org/protocol/caps"/><feature var="urn:xmpp:ping"/><feature var="http://jabber.org/protocol/bytestreams"/><feature var="http://jabber.org/protocol/ibb"/><feature var="http://jabber.org/protocol/si"/><feature var="http://jabber.org/protocol/si/profile/file-transfer"/></query></iq>
D/SMACK   (11190): 04:19:52  SENT (121463241): <iq id="437-1398386" to="openfire-cloud" type="result"><query xmlns="http://jabber.org/protocol/disco#info"><identity category="client" name="Smack" type="pc"/><feature var="http://jabber.org/protocol/caps"/><feature var="urn:xmpp:ping"/><feature var="http://jabber.org/protocol/bytestreams"/><feature var="http://jabber.org/protocol/ibb"/><feature var="http://jabber.org/protocol/si"/><feature var="http://jabber.org/protocol/si/profile/file-transfer"/></query></iq>
D/SMACK   (11190): 04:19:52  RCV  (121463241): <iq id="-l31zd3_3" to="13632836691@openfire-cloud/A1b852863a" from="formal_cloud_jsh@openfire-cloud/master" type="result"><dres xmlns="xmpp:iq:shunt"><cnt>{"attributes":{},"dataItems":[{"attributes":{"id":"7f1a50e9c76b41919f4c06d46abe15db","fileSize":"33288516","updateTime":"2018-08-21 17:24:47","verionInfo":"2018.08.21\r\nV3.2.3\r\n1. \r\n2. bug","name":"V3.2.3","versionNo":"302030","downloadUrl":"http://www.jslife.com.cn:80/jsstApp/app/appVersionAction!downloadAppVersion.action?savePath=jsLife_build_V3.2.3_20180821_01_5ad1b1b1_enc_signed_Aligned_302030.apk","mobileModels":"ANDROID","minVersionNo":302030,"versionType":"JSLIFE","isForced":"FALSE"},"failItems":[],"objectId":"","operateType":"READ","subItems":[]}],"resultCode":0,"seqId":"-l31zd3_3","serviceId":"JSCSP_VERSION_GETNEWVERSION"}</cnt><crc>-777787469</crc><rc>0</rc><sync>false</sync></dres></iq>
I/CallbackListener(11190): requestMap  remove  serviceId = JSCSP_VERSION_GETNEWVERSION in = com.jieshun.jslife.activity.common.UpdateApkLogic$2@79189fb
D/XMPP    (11190): : {"attributes":{},"dataItems":[{"attributes":{"downloadUrl":"http://www.jslife.com.cn:80/jsstApp/app/appVersionAction!downloadAppVersion.action?savePath=jsLife_build_V3.2.3_20180821_01_5ad1b1b1_enc_signed_Aligned_302030.apk","fileSize":"33288516","id":"7f1a50e9c76b41919f4c06d46abe15db","isForced":"FALSE","minVersionNo":302030,"mobileModels":"ANDROID","name":"V3.2.3","updateTime":"2018-08-21 17:24:47","verionInfo":"2018.08.21\r\nV3.2.3\r\n1. \r\n2. bug","versionNo":"302030","versionType":"JSLIFE"},"failItems":[],"objectId":"","operateType":"READ","subItems":[]}],"resultCode":0,"seqId":"-l31zd3_3","serviceId":"JSCSP_VERSION_GETNEWVERSION"}
D/XMPP    (11190): checkVersion===========  = false ;  versionNo= 302030 ;  localVersionNo= 302030;  == true; updateVersionNo =302030
D/com.jieshun.jslife.utils.DownloadFileUtils(11190):  : com.jieshun.jslife.activity.common.UpdateApkLogic$1@2b128948
D/com.jieshun.jslife.utils.DownloadFileUtils(11190):   downloadUrl=http://www.jslife.com.cn:80/jsstApp/app/appVersionAction!downloadAppVersion.action?savePath=jsLife_build_V3.2.3_20180821_01_5ad1b1b1_enc_signed_Aligned_302030.apk  filePath=/storage/emulated/0/.jieshun/.cache/.file/ fileName=jslife_V3.2.3.apk threadCount=1
E/WifiStateMachine( 1538): WifiStateMachine CMD_START_SCAN source -2 txSuccessRate=0.00 rxSuccessRate=0.00 targetRoamBSSID=00:81:ba:06:db:c6 RSSI=-45
D/appium  ( 4648):  ERROR: null root node returned by UiTestAutomationBridge, retrying: 0
V/libnb   (11354): enter native_bridge2_getTrampoline Java_com_baidu_location_Jni_b, trampoline_addr 0x0
V/libnb   (11354): enter native_bridge2_getTrampoline Java_com_baidu_location_Jni_b__DDII, trampoline_addr 0x0
V/libnb   (11354): enter native_bridge2_getTrampoline Java_com_baidu_location_Jni_b, trampoline_addr 0x0
V/libnb   (11354): enter native_bridge2_getTrampoline Java_com_baidu_location_Jni_b__DDII, trampoline_addr 0x0
V/libnb   (11354): enter native_bridge2_getTrampoline Java_com_baidu_location_Jni_b, trampoline_addr 0xb4408d94
E/WifiStateMachine( 1538): WifiStateMachine CMD_START_SCAN source 10028 txSuccessRate=0.00 rxSuccessRate=0.00 targetRoamBSSID=00:81:ba:06:db:c6 RSSI=-45
D/JTC     (11190): near tabl onReceiveLocation
I/System.out(11190): isFirstLoctrue
I/System.out(11190): ******jscarlife*********************onMapStatusChangeStart*********************1******
D/JSParkingFragment(11190): mSearch.reverseGeoCode  4444 
I/System.out(11190): ******jscarlife*********************onReceiveLocation*********************
I/System.out(11190): ******jscarlife*********************onMapStatusChange*********************2******
D/JSParkingFragment(11190): *************** onGetReverseGeoCodeResult ********************* 
D/JSParkingFragment(11190):    lattitue = 39.92270378285916 ; longitue = 116.41663820901988
D/JSParkingFragment(11190): ***onGetReverseGeoCodeResult*****:
D/JSParkingFragment(11190): ***onGetReverseGeoCodeResult*****:
D/JSParkingFragment(11190): ***onGetReverseGeoCodeResult***** canton:
D/JSParkingFragment(11190): ***onGetReverseGeoCodeResult*****:6
D/JSParkingFragment(11190):     lattitue = 39.916407589357014 ; longitue = 116.41025599543832
D/com.jieshun.jslife.parklife.JSParkingFragment(11190): bottomNewState = 0 ; BottomSheetBehavior.STATE_HIDDEN = 5
D/JSParkingFragment(11190): searchKey =  ; regionAddress = 6
D/JSParkingFragment(11190):   mCurrentSearchLat = 39.916407589357014 ; mCurrentSearchLon = 116.41025599543832
D/JSParkingFragment(11190): isFirstLoc --- true ; initData isNetConnect = true ; isVisibleToUser = false
I/System.out(11190): ******jscarlife*********************onMapStatusChange*********************2******
E/WifiStateMachine( 1538): denglibo mScanResults.size=1
I/LdWifi  ( 1538): ld_get_eth0_ip return 172.16.2.15
I/System.out(11190): ******jscarlife*********************onMapStatusChange*********************2******
I/System.out(11190): ******jscarlife*********************onMapStatusChange*********************2******
I/System.out(11190): ******jscarlife*********************onMapStatusChange*********************2******
I/appium  ( 4648): AppiumResponse: {"sessionId":"218c696f-001b-462e-aef6-dde4a6021e49","status":0,"value":{"ELEMENT":"6534230a-9f10-4767-9c4f-4e217bcce228"}}
I/appium  ( 4648): channel read invoked!
I/appium  ( 4648): channel read: POST /wd/hub/session/218c696f-001b-462e-aef6-dde4a6021e49/element
I/appium  ( 4648): Find element command
D/appium  ( 4648): payload: {"strategy":"id","selector":"com.jieshun.jslife:id/tv_user_page","context":"","multiple":false}
I/appium  ( 4648): find element command using 'id' with selector 'com.jieshun.jslife:id/tv_user_page'.
I/System.out(11190): ******jscarlife*********************onMapStatusChange*********************2******
I/System.out(11190): ******jscarlife*********************onMapStatusChange*********************2******
I/System.out(11190): ******jscarlife*********************onMapStatusChange*********************2******
I/System.out(11190): ******jscarlife*********************onMapStatusChange*********************2******
D/JSParkingFragment(11190): ***************onMapStatusChangeFinish********************* isHasFirstQry = true
D/JSParkingFragment(11190): mSearch.reverseGeoCode  11111 
D/JSParkingFragment(11190): *************** onGetReverseGeoCodeResult ********************* 
D/JSParkingFragment(11190):    lattitue = 39.922703859283175 ; longitue = 116.41663820901981
D/JSParkingFragment(11190): ***onGetReverseGeoCodeResult*****:
D/JSParkingFragment(11190): ***onGetReverseGeoCodeResult*****:
D/JSParkingFragment(11190): ***onGetReverseGeoCodeResult***** canton:
D/JSParkingFragment(11190): ***onGetReverseGeoCodeResult*****:6
D/JSParkingFragment(11190):     lattitue = 39.916407665797685 ; longitue = 116.41025599548698
D/com.jieshun.jslife.parklife.JSParkingFragment(11190): bottomNewState = 0 ; BottomSheetBehavior.STATE_HIDDEN = 5
D/JSParkingFragment(11190): searchKey =  ; regionAddress = 6
D/JSParkingFragment(11190):   mCurrentSearchLat = 39.916407665797685 ; mCurrentSearchLon = 116.41025599548698
D/JSParkingFragment(11190): isFirstLoc --- true ; initData isNetConnect = true ; isVisibleToUser = false
I/CallbackListener(11190): xmppQueQue==========
I/appium  ( 4648): AppiumResponse: {"sessionId":"218c696f-001b-462e-aef6-dde4a6021e49","status":0,"value":{"ELEMENT":"287ef09d-ec8e-492d-b530-d3f3768c7a5d"}}
I/appium  ( 4648): channel read invoked!
I/appium  ( 4648): channel read: POST /wd/hub/session/218c696f-001b-462e-aef6-dde4a6021e49/element/287ef09d-ec8e-492d-b530-d3f3768c7a5d/click
D/appium  ( 4648): payload: {"element":"287ef09d-ec8e-492d-b530-d3f3768c7a5d"}
I/appium  ( 4648): Click element command
I/appium  ( 4648): AppiumResponse: {"sessionId":"218c696f-001b-462e-aef6-dde4a6021e49","status":0,"value":true}
D/AudioTrack( 1538): use orig AudioTrack! mIsTimed=0 transferType=0 flags=4
I/appium  ( 4648): channel read invoked!
I/appium  ( 4648): channel read: POST /wd/hub/session/218c696f-001b-462e-aef6-dde4a6021e49/element
I/appium  ( 4648): Find element command
D/appium  ( 4648): payload: {"strategy":"id","selector":"com.jieshun.jslife:id/rl_setting","context":"","multiple":false}
I/appium  ( 4648): find element command using 'id' with selector 'com.jieshun.jslife:id/rl_setting'.
D/ld_audio_hw( 1368): ld_start_output_stream, stream=0xb584a660, sampleRate =44100, channel=2, bps=16, bufSize=2048
W/Settings(11190): Setting android_id has moved from android.provider.Settings.System to android.provider.Settings.Secure, returning read-only value.
D/JTC     (11190): near tabl onReceiveLocation
I/System.out(11190): isFirstLoctrue
I/System.out(11190): ******jscarlife*********************onMapStatusChangeStart*********************1******
D/JSParkingFragment(11190): mSearch.reverseGeoCode  4444 
I/System.out(11190): ******jscarlife*********************onReceiveLocation*********************
I/System.out(11190): ******jscarlife*********************onMapStatusChange*********************2******
D/JSParkingFragment(11190): *************** onGetReverseGeoCodeResult ********************* 
D/JSParkingFragment(11190):    lattitue = 39.92270378285916 ; longitue = 116.41663820901988
D/JSParkingFragment(11190): ***onGetReverseGeoCodeResult*****:
D/JSParkingFragment(11190): ***onGetReverseGeoCodeResult*****:
D/JSParkingFragment(11190): ***onGetReverseGeoCodeResult***** canton:
D/JSParkingFragment(11190): ***onGetReverseGeoCodeResult*****:6
D/JSParkingFragment(11190):     lattitue = 39.916407589357014 ; longitue = 116.41025599543832
D/com.jieshun.jslife.parklife.JSParkingFragment(11190): bottomNewState = 0 ; BottomSheetBehavior.STATE_HIDDEN = 5
D/JSParkingFragment(11190): searchKey =  ; regionAddress = 6
D/JSParkingFragment(11190):   mCurrentSearchLat = 39.916407589357014 ; mCurrentSearchLon = 116.41025599543832
D/JSParkingFragment(11190): isFirstLoc --- true ; initData isNetConnect = true ; isVisibleToUser = false
I/System.out(11190): ******jscarlife*********************onMapStatusChange*********************2******
I/appium  ( 4648): AppiumResponse: {"sessionId":"218c696f-001b-462e-aef6-dde4a6021e49","status":0,"value":{"ELEMENT":"ee1a1625-1835-4b64-b6ec-dd64d27e6c8c"}}
I/System.out(11190): ******jscarlife*********************onMapStatusChange*********************2******
I/appium  ( 4648): channel read invoked!
I/appium  ( 4648): channel read: POST /wd/hub/session/218c696f-001b-462e-aef6-dde4a6021e49/element
I/appium  ( 4648): Find element command
D/appium  ( 4648): payload: {"strategy":"id","selector":"com.jieshun.jslife:id/rl_setting","context":"","multiple":false}
I/appium  ( 4648): find element command using 'id' with selector 'com.jieshun.jslife:id/rl_setting'.
I/System.out(11190): ******jscarlife*********************onMapStatusChange*********************2******
I/System.out(11190): ******jscarlife*********************onMapStatusChange*********************2******
I/System.out(11190): ******jscarlife*********************onMapStatusChange*********************2******
I/System.out(11190): ******jscarlife*********************onMapStatusChange*********************2******
I/System.out(11190): ******jscarlife*********************onMapStatusChange*********************2******
D/JSParkingFragment(11190): ***************onMapStatusChangeFinish********************* isHasFirstQry = true
D/JSParkingFragment(11190): mSearch.reverseGeoCode  11111 
D/JSParkingFragment(11190): *************** onGetReverseGeoCodeResult ********************* 
D/JSParkingFragment(11190):    lattitue = 39.922703859283175 ; longitue = 116.41663820901981
D/JSParkingFragment(11190): ***onGetReverseGeoCodeResult*****:
D/JSParkingFragment(11190): ***onGetReverseGeoCodeResult*****:
D/JSParkingFragment(11190): ***onGetReverseGeoCodeResult***** canton:
D/JSParkingFragment(11190): ***onGetReverseGeoCodeResult*****:6
D/JSParkingFragment(11190):     lattitue = 39.916407665797685 ; longitue = 116.41025599548698
D/com.jieshun.jslife.parklife.JSParkingFragment(11190): bottomNewState = 0 ; BottomSheetBehavior.STATE_HIDDEN = 5
D/JSParkingFragment(11190): searchKey =  ; regionAddress = 6
D/JSParkingFragment(11190):   mCurrentSearchLat = 39.916407665797685 ; mCurrentSearchLon = 116.41025599548698
D/JSParkingFragment(11190): isFirstLoc --- true ; initData isNetConnect = true ; isVisibleToUser = false
I/appium  ( 4648): AppiumResponse: {"sessionId":"218c696f-001b-462e-aef6-dde4a6021e49","status":0,"value":{"ELEMENT":"6ae05f35-5d24-4183-bf57-aa34a82d382a"}}
I/appium  ( 4648): channel read invoked!
I/appium  ( 4648): channel read: POST /wd/hub/session/218c696f-001b-462e-aef6-dde4a6021e49/element/6ae05f35-5d24-4183-bf57-aa34a82d382a/click
D/appium  ( 4648): payload: {"element":"6ae05f35-5d24-4183-bf57-aa34a82d382a"}
I/appium  ( 4648): Click element command
D/widget.PullToRefreshLayout(11190): disallowInterceptTouchEvent=false
D/widget.PullToRefreshLayout(11190): ACTION_DOWN  startX=360, startY=1074.0
D/widget.PullToRefreshLayout(11190): super.onTouchEvent(ev) = true
D/widget.PullToRefreshLayout(11190): disallowInterceptTouchEvent=false
D/widget.PullToRefreshLayout(11190): ACTION_UP  currentX=360, currentY=1074
D/widget.PullToRefreshLayout(11190): super.onTouchEvent(ev) = true
I/appium  ( 4648): AppiumResponse: {"sessionId":"218c696f-001b-462e-aef6-dde4a6021e49","status":0,"value":true}
D/AudioTrack( 1538): use orig AudioTrack! mIsTimed=0 transferType=0 flags=4
I/ActivityManager( 1538): START u0 {cmp=com.jieshun.jslife/.activity.userinfo.SettingActivity} from uid 10028 on display 0
I/appium  ( 4648): channel read invoked!
I/appium  ( 4648): channel read: POST /wd/hub/session/218c696f-001b-462e-aef6-dde4a6021e49/element
I/appium  ( 4648): Find element command
D/appium  ( 4648): payload: {"strategy":"id","selector":"com.jieshun.jslife:id/rl_door_safe_setting","context":"","multiple":false}
I/appium  ( 4648): find element command using 'id' with selector 'com.jieshun.jslife:id/rl_door_safe_setting'.
V/WindowManager( 1538): addAppToken: AppWindowToken{319ade7d token=Token{37232cd4 ActivityRecord{4b2f227 u0 com.jieshun.jslife/.activity.userinfo.SettingActivity t115}}} to stack=1 task=115 at 2
I/EmuCoreService( 1825): Broadcast action = android.intent.action.TOP_ACTIVITY_CHANGED
I/EmuCoreService( 1825): HostService Init inited = true
I/com.jieshun.jslife.activity.common.MainFragmentActivity(11190): onPause()======
W/MobclickAgent(11190): please call 'onPageStart()' before onPageEnd
D/JTC     (11190): NEAR onPause
V/libnb   (11190): enter native_bridge2_getTrampoline Java_com_baidu_platform_comjni_map_basemap_JNIBaseMap_OnPause, trampoline_addr 0x0
V/libnb   (11190): enter native_bridge2_getTrampoline Java_com_baidu_platform_comjni_map_basemap_JNIBaseMap_OnPause__J, trampoline_addr 0x0
V/libnb   (11190): enter native_bridge2_getTrampoline Java_com_baidu_platform_comjni_map_basemap_JNIBaseMap_OnPause, trampoline_addr 0xb440873c
D/com.jieshun.jslife.activity.userinfo.SettingActivity(11190): context = com.jieshun.jslife.application.GlobalApplication@19c48c65, isLogin=false, savedInstanceState = null
I/MobclickAgent(11190): Extend current session: BACA5C218B22A153E427E61816D7131A
V/WindowManager( 1538): Adding window Window{19c1c2be u0 com.jieshun.jslife/com.jieshun.jslife.activity.userinfo.SettingActivity} at 5 of 8 (after Window{6c711f3 u0 com.jieshun.jslife/com.jieshun.jslife.activity.common.MainFragmentActivity})
E/tag     (11190): UserLoginActivity-----onDestroy()-----unBind()---
I/com.jieshun.jslife.activity.userinfo.UserLoginActivity(11190): onDestroy()======
D/EGL_adreno(11190): eglMakeCurrent: 0xb3edf6a0: ver 2 0 (tinfo 0xa2c349e0)
E/EGL_adreno(11190): tid 11236: eglSurfaceAttrib(1266): error 0x3009 (EGL_BAD_MATCH)
W/OpenGLRenderer(11190): Failed to set EGL_SWAP_BEHAVIOR on surface 0x998070e0, error=EGL_BAD_MATCH
D/EGL_adreno(11190): eglMakeCurrent: 0xb3edf6a0: ver 2 0 (tinfo 0xa2c349e0)
D/com.jieshun.jslife.activity.userinfo.SettingActivity$4(11190): onServiceConnected  service = com.jieshun.jslife.service.XMPPService$MyBinder@bbcc60a
W/ByMatcher( 4648): Node returned null child: android.view.accessibility.AccessibilityNodeInfo@800281f7; boundsInParent: Rect(0, 0 - 720, 1280); boundsInScreen: Rect(0, 0 - 720, 1280); packageName: com.jieshun.jslife; className: android.widget.RelativeLayout; text: null; error: null; maxTextLength: -1; contentDescription: null; viewIdResName: null; checkable: false; checked: false; focusable: false; focused: false; selected: false; clickable: false; longClickable: false; enabled: true; password: false; scrollable: false; actions: [AccessibilityAction: ACTION_SELECT - null, AccessibilityAction: ACTION_CLEAR_SELECTION - null, AccessibilityAction: ACTION_ACCESSIBILITY_FOCUS - null]
W/ByMatcher( 4648): Skipping null child (1 of 2)
W/ByMatcher( 4648): Node returned null child: android.view.accessibility.AccessibilityNodeInfo@800173af; boundsInParent: Rect(0, 0 - 720, 1280); boundsInScreen: Rect(0, 0 - 720, 1280); packageName: com.jieshun.jslife; className: android.widget.FrameLayout; text: null; error: null; maxTextLength: -1; contentDescription: null; viewIdResName: null; checkable: false; checked: false; focusable: false; focused: false; selected: false; clickable: false; longClickable: false; enabled: true; password: false; scrollable: false; actions: [AccessibilityAction: ACTION_SELECT - null, AccessibilityAction: ACTION_CLEAR_SELECTION - null, AccessibilityAction: ACTION_ACCESSIBILITY_FOCUS - null]
W/ByMatcher( 4648): Skipping null child (0 of 1)
I/appium  ( 4648): AppiumResponse: {"sessionId":"218c696f-001b-462e-aef6-dde4a6021e49","status":7,"value":"An element could not be located on the page using the given search parameters."}
I/AppiumUnicodeIME( 1695): onFinishInput
I/AppiumUnicodeIME( 1695): onStartInput
I/ActivityManager( 1538): Displayed com.jieshun.jslife/.activity.userinfo.SettingActivity: +183ms
I/appium  ( 4648): channel read invoked!
I/appium  ( 4648): channel read: POST /wd/hub/session/218c696f-001b-462e-aef6-dde4a6021e49/element
I/appium  ( 4648): Find element command
D/appium  ( 4648): payload: {"strategy":"id","selector":"com.jieshun.jslife:id/rl_door_safe_setting","context":"","multiple":false}
I/appium  ( 4648): find element command using 'id' with selector 'com.jieshun.jslife:id/rl_door_safe_setting'.
