D/EGL_adreno( 2249): eglMakeCurrent: 0xadd065e0: ver 2 0 (tinfo 0xadc39600)
D/EGL_adreno( 2249): eglMakeCurrent: 0xadd065e0: ver 2 0 (tinfo 0xadc39600)
I/AppiumUnicodeIME( 1718): onFinishInput
I/AppiumUnicodeIME( 1718): onStartInput
D/JTC     ( 2249): near tabl onReceiveLocation
I/System.out( 2249): isFirstLoc：true
D/JSParkingFragment( 2249): mSearch.reverseGeoCode  4444 
I/System.out( 2249): ******jscarlife*********************onReceiveLocation***************逆地理编码******
D/JSParkingFragment( 2249): *************** onGetReverseGeoCodeResult ********************* 
D/JSParkingFragment( 2249):  搜索 百度定位返回的百度转换前： lattitue = 39.92270378285916 ; longitue = 116.41663820901988
D/JSParkingFragment( 2249): ***onGetReverseGeoCodeResult*****省份:北京市
D/JSParkingFragment( 2249): ***onGetReverseGeoCodeResult*****城市:北京市
D/JSParkingFragment( 2249): ***onGetReverseGeoCodeResult*****区域 canton:东城区
D/JSParkingFragment( 2249): ***onGetReverseGeoCodeResult*****简要信息:北京市东城区锡拉胡同6号
D/JSParkingFragment( 2249):  搜索 百度定位返回的 转换为高德后： lattitue = 39.916407589357014 ; longitue = 116.41025599543832
D/com.jieshun.jslife.parklife.JSParkingFragment( 2249): bottomNewState = 0 ; BottomSheetBehavior.STATE_HIDDEN = 5
D/JSParkingFragment( 2249): searchKey = null ; regionAddress = 北京市东城区锡拉胡同6号
D/JSParkingFragment( 2249):  搜索 mCurrentSearchLat = 39.916407589357014 ; mCurrentSearchLon = 116.41025599543832
D/JSParkingFragment( 2249): isFirstLoc --- true ; initData isNetConnect = true ; isVisibleToUser = false
D/AudioTrack( 1534): use orig AudioTrack! mIsTimed=0 transferType=0 flags=4
V/WindowManager( 1534): not Base app: Adding window Window{15a129a2 u0 com.jieshun.jslife/com.jieshun.jslife.activity.homepage.ShareArroundActivity} at 6 of 9
D/http    ( 2249): 查询我的消息列表 HTTP请求 Url: http://jsh.jslife.com.cn/jslife-service/notice/msg_list 
D/http    ( 2249): 参数：{"areaId":"55981d2f448a42f796c2f20907aa2715","mainType":"BUSINESS_NOTIFY","pageIndex":"1","pageSize":"10","searchTime":"","userId":"eaa2fc61c4784b6ba67ac352b4afc808","bizSource":"APP_ANDROID","bizType":"JSLIFE","token":"e5306930d83c4cfab785a60991a09360"}
E/EGL_adreno( 2249): tid 2312: eglSurfaceAttrib(1266): error 0x3009 (EGL_BAD_MATCH)
W/OpenGLRenderer( 2249): Failed to set EGL_SWAP_BEHAVIOR on surface 0x9b0bd8e0, error=EGL_BAD_MATCH
D/EGL_adreno( 2249): eglMakeCurrent: 0xadd065e0: ver 2 0 (tinfo 0xadc39600)
I/AppiumUnicodeIME( 1718): onFinishInput
I/http    ( 2249): 
I/http    ( 2249): 查询我的消息列表 HTTP 返回：{"resultCode":"0","message":"","obj":null,"seqId":"4a79c7eb4194412f9bd9e51b2e82e48f","msgList":null,"right":true}
I/AppiumUnicodeIME( 1718): onStartInput
D/EGL_adreno( 2249): eglMakeCurrent: 0xadd065e0: ver 2 0 (tinfo 0xadc39600)
D/EGL_adreno( 2249): eglMakeCurrent: 0xadd065e0: ver 2 0 (tinfo 0xadc39600)
I/AppiumUnicodeIME( 1718): onFinishInput
I/AppiumUnicodeIME( 1718): onStartInput
I/art     ( 2249): Explicit concurrent mark sweep GC freed 175203(6MB) AllocSpace objects, 5(80KB) LOS objects, 36% free, 27MB/43MB, paused 457us total 49.091ms
D/EGL_adreno( 2249): eglMakeCurrent: 0xadd065e0: ver 2 0 (tinfo 0xadc39600)
D/EGL_adreno( 2249): eglMakeCurrent: 0xadd065e0: ver 2 0 (tinfo 0xadc39600)
D/EGL_adreno( 2249): eglMakeCurrent: 0xadd065e0: ver 2 0 (tinfo 0xadc39600)
D/EGL_adreno( 2249): eglMakeCurrent: 0xadd065e0: ver 2 0 (tinfo 0xadc39600)
D/EGL_adreno( 2249): eglMakeCurrent: 0xadd065e0: ver 2 0 (tinfo 0xadc39600)
D/EGL_adreno( 2249): eglMakeCurrent: 0xadd065e0: ver 2 0 (tinfo 0xadc39600)
D/EGL_adreno( 2249): eglMakeCurrent: 0xadd065e0: ver 2 0 (tinfo 0xadc39600)
D/EGL_adreno( 2249): eglMakeCurrent: 0xadd065e0: ver 2 0 (tinfo 0xadc39600)
D/EGL_adreno( 2249): eglMakeCurrent: 0xadd065e0: ver 2 0 (tinfo 0xadc39600)
D/EGL_adreno( 2249): eglMakeCurrent: 0xadd065e0: ver 2 0 (tinfo 0xadc39600)
I/art     ( 2249): Explicit concurrent mark sweep GC freed 2744(114KB) AllocSpace objects, 0(0B) LOS objects, 36% free, 27MB/43MB, paused 750us total 46.973ms
D/EGL_adreno( 2249): eglMakeCurrent: 0xadd065e0: ver 2 0 (tinfo 0xadc39600)
D/EGL_adreno( 2249): eglMakeCurrent: 0xadd065e0: ver 2 0 (tinfo 0xadc39600)
D/EGL_adreno( 2249): eglMakeCurrent: 0xadd065e0: ver 2 0 (tinfo 0xadc39600)
D/EGL_adreno( 2249): eglMakeCurrent: 0xadd065e0: ver 2 0 (tinfo 0xadc39600)
D/EGL_adreno( 2249): eglMakeCurrent: 0xadd065e0: ver 2 0 (tinfo 0xadc39600)
D/EGL_adreno( 2249): eglMakeCurrent: 0xadd065e0: ver 2 0 (tinfo 0xadc39600)
I/art     ( 2249): Explicit concurrent mark sweep GC freed 2663(114KB) AllocSpace objects, 0(0B) LOS objects, 36% free, 27MB/43MB, paused 472us total 37.364ms
I/art     ( 2249): Explicit concurrent mark sweep GC freed 999(36KB) AllocSpace objects, 0(0B) LOS objects, 36% free, 27MB/43MB, paused 344us total 26.876ms
I/art     ( 2249): Explicit concurrent mark sweep GC freed 991(35KB) AllocSpace objects, 0(0B) LOS objects, 36% free, 27MB/43MB, paused 542us total 27.092ms
D/AudioTrack( 1534): use orig AudioTrack! mIsTimed=0 transferType=0 flags=4
I/art     ( 1534): Explicit concurrent mark sweep GC freed 31562(1742KB) AllocSpace objects, 21(916KB) LOS objects, 33% free, 13MB/20MB, paused 324us total 45.043ms
V/WindowManager( 1534): not Base app: Adding window Window{2859df0 u0 com.jieshun.jslife/com.jieshun.jslife.activity.homepage.ShareArroundActivity} at 6 of 9
D/http    ( 2249): 查询我的消息列表 HTTP请求 Url: http://jsh.jslife.com.cn/jslife-service/notice/msg_list 
D/http    ( 2249): 参数：{"areaId":"55981d2f448a42f796c2f20907aa2715","mainType":"BUSINESS_NOTIFY","pageIndex":"1","pageSize":"10","searchTime":"","userId":"eaa2fc61c4784b6ba67ac352b4afc808","bizSource":"APP_ANDROID","bizType":"JSLIFE","token":"e5306930d83c4cfab785a60991a09360"}
E/EGL_adreno( 2249): tid 2312: eglSurfaceAttrib(1266): error 0x3009 (EGL_BAD_MATCH)
W/OpenGLRenderer( 2249): Failed to set EGL_SWAP_BEHAVIOR on surface 0x9b0b7fa0, error=EGL_BAD_MATCH
D/EGL_adreno( 2249): eglMakeCurrent: 0xadd065e0: ver 2 0 (tinfo 0xadc39600)
I/AppiumUnicodeIME( 1718): onFinishInput
I/AppiumUnicodeIME( 1718): onStartInput
I/http    ( 2249): 
I/http    ( 2249): 查询我的消息列表 HTTP 返回：{"resultCode":"0","message":"","obj":null,"seqId":"e596fc3709a542488411178883ac96a5","msgList":null,"right":true}
D/EGL_adreno( 2249): eglMakeCurrent: 0xadd065e0: ver 2 0 (tinfo 0xadc39600)
D/EGL_adreno( 2249): eglMakeCurrent: 0xadd065e0: ver 2 0 (tinfo 0xadc39600)
I/AppiumUnicodeIME( 1718): onFinishInput
I/AppiumUnicodeIME( 1718): onStartInput
D/AudioTrack( 1534): use orig AudioTrack! mIsTimed=0 transferType=0 flags=4
V/WindowManager( 1534): not Base app: Adding window Window{f8c3dee u0 com.jieshun.jslife/com.jieshun.jslife.activity.homepage.ShareArroundActivity} at 6 of 9
D/http    ( 2249): 查询我的消息列表 HTTP请求 Url: http://jsh.jslife.com.cn/jslife-service/notice/msg_list 
D/http    ( 2249): 参数：{"areaId":"55981d2f448a42f796c2f20907aa2715","mainType":"BUSINESS_NOTIFY","pageIndex":"1","pageSize":"10","searchTime":"","userId":"eaa2fc61c4784b6ba67ac352b4afc808","bizSource":"APP_ANDROID","bizType":"JSLIFE","token":"e5306930d83c4cfab785a60991a09360"}
E/EGL_adreno( 2249): tid 2312: eglSurfaceAttrib(1266): error 0x3009 (EGL_BAD_MATCH)
W/OpenGLRenderer( 2249): Failed to set EGL_SWAP_BEHAVIOR on surface 0x9b0b7ae0, error=EGL_BAD_MATCH
D/EGL_adreno( 2249): eglMakeCurrent: 0xadd065e0: ver 2 0 (tinfo 0xadc39600)
I/http    ( 2249): 
I/http    ( 2249): 查询我的消息列表 HTTP 返回：{"resultCode":"0","message":"","obj":null,"seqId":"2f018231aa9e4d299204f1a1fa611ef9","msgList":null,"right":true}
I/AppiumUnicodeIME( 1718): onFinishInput
I/AppiumUnicodeIME( 1718): onStartInput
D/EGL_adreno( 2249): eglMakeCurrent: 0xadd065e0: ver 2 0 (tinfo 0xadc39600)
D/EGL_adreno( 2249): eglMakeCurrent: 0xadd065e0: ver 2 0 (tinfo 0xadc39600)
I/AppiumUnicodeIME( 1718): onFinishInput
I/AppiumUnicodeIME( 1718): onStartInput
D/AudioTrack( 1534): use orig AudioTrack! mIsTimed=0 transferType=0 flags=4
V/WindowManager( 1534): not Base app: Adding window Window{1e3ea91c u0 com.jieshun.jslife/com.jieshun.jslife.activity.homepage.ShareArroundActivity} at 6 of 9
D/http    ( 2249): 查询我的消息列表 HTTP请求 Url: http://jsh.jslife.com.cn/jslife-service/notice/msg_list 
D/http    ( 2249): 参数：{"areaId":"55981d2f448a42f796c2f20907aa2715","mainType":"BUSINESS_NOTIFY","pageIndex":"1","pageSize":"10","searchTime":"","userId":"eaa2fc61c4784b6ba67ac352b4afc808","bizSource":"APP_ANDROID","bizType":"JSLIFE","token":"e5306930d83c4cfab785a60991a09360"}
E/EGL_adreno( 2249): tid 2312: eglSurfaceAttrib(1266): error 0x3009 (EGL_BAD_MATCH)
W/OpenGLRenderer( 2249): Failed to set EGL_SWAP_BEHAVIOR on surface 0x9b0b7be0, error=EGL_BAD_MATCH
D/EGL_adreno( 2249): eglMakeCurrent: 0xadd065e0: ver 2 0 (tinfo 0xadc39600)
I/http    ( 2249): 
I/http    ( 2249): 查询我的消息列表 HTTP 返回：{"resultCode":"0","message":"","obj":null,"seqId":"57516470f5f046328067e96c39771c62","msgList":null,"right":true}
I/AppiumUnicodeIME( 1718): onFinishInput
I/AppiumUnicodeIME( 1718): onStartInput
D/EGL_adreno( 2249): eglMakeCurrent: 0xadd065e0: ver 2 0 (tinfo 0xadc39600)
D/EGL_adreno( 2249): eglMakeCurrent: 0xadd065e0: ver 2 0 (tinfo 0xadc39600)
I/AppiumUnicodeIME( 1718): onFinishInput
I/AppiumUnicodeIME( 1718): onStartInput
E/ActivityManager( 1534): denglibo handle startActivityAsUser Intent { act=android.intent.action.MAIN cat=[android.intent.category.HOME] flg=0x10200000 } error!!!
E/ActivityManager( 1534): java.lang.NullPointerException: Attempt to invoke virtual method 'java.lang.String android.content.ComponentName.getPackageName()' on a null object reference
E/ActivityManager( 1534): 	at com.android.server.am.ActivityManagerService.startActivityAsUser(ActivityManagerService.java:3386)
E/ActivityManager( 1534): 	at android.app.ContextImpl.startActivityAsUser(ContextImpl.java:1252)
E/ActivityManager( 1534): 	at android.app.ContextImpl.startActivityAsUser(ContextImpl.java:1231)
E/ActivityManager( 1534): 	at com.android.internal.policy.impl.PhoneWindowManager.startActivityAsUser(PhoneWindowManager.java:2893)
E/ActivityManager( 1534): 	at com.android.internal.policy.impl.PhoneWindowManager.startDockOrHome(PhoneWindowManager.java:5851)
E/ActivityManager( 1534): 	at com.android.internal.policy.impl.PhoneWindowManager.launchHomeFromHotKey(PhoneWindowManager.java:3021)
E/ActivityManager( 1534): 	at com.android.internal.policy.impl.PhoneWindowManager.handleShortPressOnHome(PhoneWindowManager.java:1140)
E/ActivityManager( 1534): 	at com.android.internal.policy.impl.PhoneWindowManager.interceptKeyBeforeDispatching(PhoneWindowManager.java:2480)
E/ActivityManager( 1534): 	at com.android.server.wm.InputMonitor.interceptKeyBeforeDispatching(InputMonitor.java:388)
E/ActivityManager( 1534): 	at com.android.server.input.InputManagerService.interceptKeyBeforeDispatching(InputManagerService.java:1481)
I/ActivityManager( 1534): START u0 {act=android.intent.action.MAIN cat=[android.intent.category.HOME] flg=0x10200000 cmp=com.android.launcher3/.Launcher} from uid 1000 on display 0
D/EGL_adreno( 1657): eglMakeCurrent: 0xb3fff8e0: ver 2 0 (tinfo 0xa300dac0)
D/AudioTrack( 1534): use orig AudioTrack! mIsTimed=0 transferType=0 flags=4
V/WindowManager( 1534): not Base app: Adding window Window{29024afa u0 com.jieshun.jslife/com.jieshun.jslife.activity.homepage.ShareArroundActivity} at 6 of 9
D/http    ( 2249): 查询我的消息列表 HTTP请求 Url: http://jsh.jslife.com.cn/jslife-service/notice/msg_list 
D/http    ( 2249): 参数：{"areaId":"55981d2f448a42f796c2f20907aa2715","mainType":"BUSINESS_NOTIFY","pageIndex":"1","pageSize":"10","searchTime":"","userId":"eaa2fc61c4784b6ba67ac352b4afc808","bizSource":"APP_ANDROID","bizType":"JSLIFE","token":"e5306930d83c4cfab785a60991a09360"}
E/EGL_adreno( 2249): tid 2312: eglSurfaceAttrib(1266): error 0x3009 (EGL_BAD_MATCH)
W/OpenGLRenderer( 2249): Failed to set EGL_SWAP_BEHAVIOR on surface 0x9b0b7fe0, error=EGL_BAD_MATCH
D/EGL_adreno( 2249): eglMakeCurrent: 0xadd065e0: ver 2 0 (tinfo 0xadc39600)
I/AppiumUnicodeIME( 1718): onFinishInput
I/AppiumUnicodeIME( 1718): onStartInput
I/http    ( 2249): 
I/http    ( 2249): 查询我的消息列表 HTTP 返回：{"resultCode":"0","message":"","obj":null,"seqId":"b689973a7c9549e8b911efdda49fd55f","msgList":null,"right":true}
D/EGL_adreno( 2249): eglMakeCurrent: 0xadd065e0: ver 2 0 (tinfo 0xadc39600)
D/EGL_adreno( 2249): eglMakeCurrent: 0xadd065e0: ver 2 0 (tinfo 0xadc39600)
I/AppiumUnicodeIME( 1718): onFinishInput
I/AppiumUnicodeIME( 1718): onStartInput
D/AudioTrack( 1534): use orig AudioTrack! mIsTimed=0 transferType=0 flags=4
V/WindowManager( 1534): not Base app: Adding window Window{2d1b3b08 u0 com.jieshun.jslife/com.jieshun.jslife.activity.homepage.ShareArroundActivity} at 6 of 9
D/http    ( 2249): 查询我的消息列表 HTTP请求 Url: http://jsh.jslife.com.cn/jslife-service/notice/msg_list 
D/http    ( 2249): 参数：{"areaId":"55981d2f448a42f796c2f20907aa2715","mainType":"BUSINESS_NOTIFY","pageIndex":"1","pageSize":"10","searchTime":"","userId":"eaa2fc61c4784b6ba67ac352b4afc808","bizSource":"APP_ANDROID","bizType":"JSLIFE","token":"e5306930d83c4cfab785a60991a09360"}
E/EGL_adreno( 2249): tid 2312: eglSurfaceAttrib(1266): error 0x3009 (EGL_BAD_MATCH)
W/OpenGLRenderer( 2249): Failed to set EGL_SWAP_BEHAVIOR on surface 0x9b0baf40, error=EGL_BAD_MATCH
D/EGL_adreno( 2249): eglMakeCurrent: 0xadd065e0: ver 2 0 (tinfo 0xadc39600)
I/http    ( 2249): 
I/http    ( 2249): 查询我的消息列表 HTTP 返回：{"resultCode":"0","message":"","obj":null,"seqId":"b43ba5687951414ba6aa3da658fb1a43","msgList":null,"right":true}
I/AppiumUnicodeIME( 1718): onFinishInput
I/AppiumUnicodeIME( 1718): onStartInput
D/EGL_adreno( 2249): eglMakeCurrent: 0xadd065e0: ver 2 0 (tinfo 0xadc39600)
D/EGL_adreno( 2249): eglMakeCurrent: 0xadd065e0: ver 2 0 (tinfo 0xadc39600)
I/AppiumUnicodeIME( 1718): onFinishInput
I/AppiumUnicodeIME( 1718): onStartInput
I/AppiumUnicodeIME( 1718): onKeyDown (keyCode='5', event.keyCode='5', metaState='0')
I/AppiumUnicodeIME( 1718): onKeyUp (keyCode='5', event.keyCode='5', metaState='0')
E/ActivityManager( 1534): denglibo handle startActivityAsUser Intent { act=android.intent.action.CALL_BUTTON flg=0x10000000 } error!!!
E/ActivityManager( 1534): java.lang.NullPointerException: Attempt to invoke virtual method 'java.lang.String android.content.ComponentName.getPackageName()' on a null object reference
E/ActivityManager( 1534): 	at com.android.server.am.ActivityManagerService.startActivityAsUser(ActivityManagerService.java:3386)
E/ActivityManager( 1534): 	at com.android.server.am.ActivityManagerService.startActivity(ActivityManagerService.java:3361)
E/ActivityManager( 1534): 	at android.app.ActivityManagerNative.onTransact(ActivityManagerNative.java:139)
E/ActivityManager( 1534): 	at com.android.server.am.ActivityManagerService.onTransact(ActivityManagerService.java:2213)
E/ActivityManager( 1534): 	at android.os.Binder.execTransact(Binder.java:446)
I/ActivityManager( 1534): START u0 {act=android.intent.action.CALL_BUTTON flg=0x10000000} from uid 10028 on display 0
W/PhoneFallbackEventHandler( 2249): No activity found for android.intent.action.CALL_BUTTON.
D/AudioTrack( 1534): use orig AudioTrack! mIsTimed=0 transferType=0 flags=4
V/WindowManager( 1534): not Base app: Adding window Window{209a1cc6 u0 com.jieshun.jslife/com.jieshun.jslife.activity.homepage.ShareArroundActivity} at 6 of 9
D/http    ( 2249): 查询我的消息列表 HTTP请求 Url: http://jsh.jslife.com.cn/jslife-service/notice/msg_list 
D/http    ( 2249): 参数：{"areaId":"55981d2f448a42f796c2f20907aa2715","mainType":"BUSINESS_NOTIFY","pageIndex":"1","pageSize":"10","searchTime":"","userId":"eaa2fc61c4784b6ba67ac352b4afc808","bizSource":"APP_ANDROID","bizType":"JSLIFE","token":"e5306930d83c4cfab785a60991a09360"}
E/EGL_adreno( 2249): tid 2312: eglSurfaceAttrib(1266): error 0x3009 (EGL_BAD_MATCH)
W/OpenGLRenderer( 2249): Failed to set EGL_SWAP_BEHAVIOR on surface 0x9b0fd6e0, error=EGL_BAD_MATCH
D/EGL_adreno( 2249): eglMakeCurrent: 0xadd065e0: ver 2 0 (tinfo 0xadc39600)
I/http    ( 2249): 
I/http    ( 2249): 查询我的消息列表 HTTP 返回：{"resultCode":"0","message":"","obj":null,"seqId":"2fd1ea3280dd4c2081d30aae8526e5d7","msgList":null,"right":true}
I/AppiumUnicodeIME( 1718): onFinishInput
I/AppiumUnicodeIME( 1718): onStartInput
D/EGL_adreno( 2249): eglMakeCurrent: 0xadd065e0: ver 2 0 (tinfo 0xadc39600)
D/EGL_adreno( 2249): eglMakeCurrent: 0xadd065e0: ver 2 0 (tinfo 0xadc39600)
I/AppiumUnicodeIME( 1718): onFinishInput
I/AppiumUnicodeIME( 1718): onStartInput
I/AppiumUnicodeIME( 1718): onKeyDown (keyCode='25', event.keyCode='25', metaState='0')
W/AudioService( 1534): stream was not muted by this client
E/AudioService( 1534): Could not get client death handler for stream: 1
W/AudioService( 1534): stream was not muted by this client
E/AudioService( 1534): Could not get client death handler for stream: 2
W/AudioService( 1534): stream was not muted by this client
E/AudioService( 1534): Could not get client death handler for stream: 5
W/AudioService( 1534): stream was not muted by this client
E/AudioService( 1534): Could not get client death handler for stream: 7
W/AudioService( 1534): stream was not muted by this client
E/AudioService( 1534): Could not get client death handler for stream: 8
I/AppiumUnicodeIME( 1718): onKeyUp (keyCode='25', event.keyCode='25', metaState='0')
E/EGL_adreno( 1657): tid 2004: eglSurfaceAttrib(1266): error 0x3009 (EGL_BAD_MATCH)
W/OpenGLRenderer( 1657): Failed to set EGL_SWAP_BEHAVIOR on surface 0xa326a120, error=EGL_BAD_MATCH
D/EGL_adreno( 1657): eglMakeCurrent: 0xb3fff8e0: ver 2 0 (tinfo 0xa300dac0)
I/ActivityManager( 1534): START u0 {act=android.intent.action.MAIN cat=[android.intent.category.LAUNCHER] flg=0x10200000 cmp=com.jieshun.jslife/.activity.common.WelcomeActivity} from uid 0 on display 0
I/ActivityManager( 1534): START u0 {act=android.intent.action.MAIN cat=[android.intent.category.LAUNCHER] flg=0x10200000 cmp=com.jieshun.jslife/.activity.common.WelcomeActivity} from uid 0 on display 0
D/EGL_adreno( 1657): eglMakeCurrent: 0xb3fff8e0: ver 2 0 (tinfo 0xa300dac0)
D/AudioTrack( 1534): use orig AudioTrack! mIsTimed=0 transferType=0 flags=4
V/WindowManager( 1534): not Base app: Adding window Window{5012223 u0 com.jieshun.jslife/com.jieshun.jslife.activity.homepage.ShareArroundActivity} at 6 of 10
D/http    ( 2249): 查询我的消息列表 HTTP请求 Url: http://jsh.jslife.com.cn/jslife-service/notice/msg_list 
D/http    ( 2249): 参数：{"areaId":"55981d2f448a42f796c2f20907aa2715","mainType":"BUSINESS_NOTIFY","pageIndex":"1","pageSize":"10","searchTime":"","userId":"eaa2fc61c4784b6ba67ac352b4afc808","bizSource":"APP_ANDROID","bizType":"JSLIFE","token":"e5306930d83c4cfab785a60991a09360"}
I/AppiumUnicodeIME( 1718): onKeyDown (keyCode='19', event.keyCode='19', metaState='0')
I/AppiumUnicodeIME( 1718): onKeyUp (keyCode='19', event.keyCode='19', metaState='0')
I/AppiumUnicodeIME( 1718): onKeyDown (keyCode='19', event.keyCode='19', metaState='0')
I/AppiumUnicodeIME( 1718): onKeyUp (keyCode='19', event.keyCode='19', metaState='0')
I/AppiumUnicodeIME( 1718): onKeyDown (keyCode='19', event.keyCode='19', metaState='0')
I/AppiumUnicodeIME( 1718): onKeyUp (keyCode='19', event.keyCode='19', metaState='0')
I/AppiumUnicodeIME( 1718): onKeyDown (keyCode='19', event.keyCode='19', metaState='0')
I/AppiumUnicodeIME( 1718): onKeyUp (keyCode='19', event.keyCode='19', metaState='0')
E/EGL_adreno( 2249): tid 2312: eglSurfaceAttrib(1266): error 0x3009 (EGL_BAD_MATCH)
W/OpenGLRenderer( 2249): Failed to set EGL_SWAP_BEHAVIOR on surface 0x9b0bb220, error=EGL_BAD_MATCH
D/EGL_adreno( 2249): eglMakeCurrent: 0xadd065e0: ver 2 0 (tinfo 0xadc39600)
I/AppiumUnicodeIME( 1718): onFinishInput
I/AppiumUnicodeIME( 1718): onStartInput
I/http    ( 2249): 
I/http    ( 2249): 查询我的消息列表 HTTP 返回：{"resultCode":"0","message":"","obj":null,"seqId":"651c25427c434c16ab3f923e3198d673","msgList":null,"right":true}
D/EGL_adreno( 2249): eglMakeCurrent: 0xadd065e0: ver 2 0 (tinfo 0xadc39600)
D/EGL_adreno( 2249): eglMakeCurrent: 0xadd065e0: ver 2 0 (tinfo 0xadc39600)
I/AppiumUnicodeIME( 1718): onFinishInput
I/AppiumUnicodeIME( 1718): onStartInput
I/AppiumUnicodeIME( 1718): onKeyDown (keyCode='24', event.keyCode='24', metaState='0')
W/AudioService( 1534): stream was not muted by this client
E/AudioService( 1534): Could not get client death handler for stream: 1
W/AudioService( 1534): stream was not muted by this client
E/AudioService( 1534): Could not get client death handler for stream: 2
W/AudioService( 1534): stream was not muted by this client
E/AudioService( 1534): Could not get client death handler for stream: 5
W/AudioService( 1534): stream was not muted by this client
E/AudioService( 1534): Could not get client death handler for stream: 7
W/AudioService( 1534): stream was not muted by this client
E/AudioService( 1534): Could not get client death handler for stream: 8
I/AppiumUnicodeIME( 1718): onKeyUp (keyCode='24', event.keyCode='24', metaState='0')
E/EGL_adreno( 1657): tid 2004: eglSurfaceAttrib(1266): error 0x3009 (EGL_BAD_MATCH)
W/OpenGLRenderer( 1657): Failed to set EGL_SWAP_BEHAVIOR on surface 0xa0826e60, error=EGL_BAD_MATCH
D/EGL_adreno( 1657): eglMakeCurrent: 0xb3fff8e0: ver 2 0 (tinfo 0xa300dac0)
D/JTC     ( 2249): near tabl onReceiveLocation
I/System.out( 2249): isFirstLoc：true
D/JSParkingFragment( 2249): mSearch.reverseGeoCode  4444 
I/System.out( 2249): ******jscarlife*********************onReceiveLocation***************逆地理编码******
D/EGL_adreno( 1657): eglMakeCurrent: 0xb3fff8e0: ver 2 0 (tinfo 0xa300dac0)
D/AudioTrack( 1534): use orig AudioTrack! mIsTimed=0 transferType=0 flags=4
V/WindowManager( 1534): not Base app: Adding window Window{1239bd7f u0 com.jieshun.jslife/com.jieshun.jslife.activity.homepage.ShareArroundActivity} at 6 of 10
D/http    ( 2249): 查询我的消息列表 HTTP请求 Url: http://jsh.jslife.com.cn/jslife-service/notice/msg_list 
D/http    ( 2249): 参数：{"areaId":"55981d2f448a42f796c2f20907aa2715","mainType":"BUSINESS_NOTIFY","pageIndex":"1","pageSize":"10","searchTime":"","userId":"eaa2fc61c4784b6ba67ac352b4afc808","bizSource":"APP_ANDROID","bizType":"JSLIFE","token":"e5306930d83c4cfab785a60991a09360"}
E/EGL_adreno( 2249): tid 2312: eglSurfaceAttrib(1266): error 0x3009 (EGL_BAD_MATCH)
W/OpenGLRenderer( 2249): Failed to set EGL_SWAP_BEHAVIOR on surface 0x9b0bd8e0, error=EGL_BAD_MATCH
D/EGL_adreno( 2249): eglMakeCurrent: 0xadd065e0: ver 2 0 (tinfo 0xadc39600)
I/AppiumUnicodeIME( 1718): onFinishInput
I/AppiumUnicodeIME( 1718): onStartInput
E/AudioTrack( 1534): did not receive expected priority boost on time
D/EGL_adreno( 2249): eglMakeCurrent: 0xadd065e0: ver 2 0 (tinfo 0xadc39600)
I/art     ( 2249): Explicit concurrent mark sweep GC freed 157046(6MB) AllocSpace objects, 4(64KB) LOS objects, 36% free, 27MB/43MB, paused 370us total 52.696ms
I/http    ( 2249): 
I/http    ( 2249): 查询我的消息列表 HTTP 返回：{"resultCode":"0","message":"","obj":null,"seqId":"ed20777c264b4131b8000637780059ec","msgList":null,"right":true}
D/JSParkingFragment( 2249): *************** onGetReverseGeoCodeResult ********************* 
D/JSParkingFragment( 2249):  搜索 百度定位返回的百度转换前： lattitue = 39.92270378285916 ; longitue = 116.41663820901988
D/JSParkingFragment( 2249): ***onGetReverseGeoCodeResult*****省份:北京市
D/JSParkingFragment( 2249): ***onGetReverseGeoCodeResult*****城市:北京市
D/JSParkingFragment( 2249): ***onGetReverseGeoCodeResult*****区域 canton:东城区
D/JSParkingFragment( 2249): ***onGetReverseGeoCodeResult*****简要信息:北京市东城区锡拉胡同6号
D/JSParkingFragment( 2249):  搜索 百度定位返回的 转换为高德后： lattitue = 39.916407589357014 ; longitue = 116.41025599543832
D/com.jieshun.jslife.parklife.JSParkingFragment( 2249): bottomNewState = 0 ; BottomSheetBehavior.STATE_HIDDEN = 5
D/JSParkingFragment( 2249): searchKey = null ; regionAddress = 北京市东城区锡拉胡同6号
D/JSParkingFragment( 2249):  搜索 mCurrentSearchLat = 39.916407589357014 ; mCurrentSearchLon = 116.41025599543832
D/JSParkingFragment( 2249): isFirstLoc --- true ; initData isNetConnect = true ; isVisibleToUser = false
I/AppiumUnicodeIME( 1718): onFinishInput
I/AppiumUnicodeIME( 1718): onStartInput
D/EGL_adreno( 2249): eglMakeCurrent: 0xadd065e0: ver 2 0 (tinfo 0xadc39600)
I/art     ( 2249): Explicit concurrent mark sweep GC freed 26176(1049KB) AllocSpace objects, 1(16KB) LOS objects, 36% free, 27MB/43MB, paused 570us total 54.711ms
D/EGL_adreno( 2249): eglMakeCurrent: 0xadd065e0: ver 2 0 (tinfo 0xadc39600)
D/EGL_adreno( 2249): eglMakeCurrent: 0xadd065e0: ver 2 0 (tinfo 0xadc39600)
I/art     ( 2249): Explicit concurrent mark sweep GC freed 1309(51KB) AllocSpace objects, 0(0B) LOS objects, 36% free, 27MB/43MB, paused 1.315ms total 31.657ms
D/AudioTrack( 1534): use orig AudioTrack! mIsTimed=0 transferType=0 flags=4
I/art     ( 2249): Explicit concurrent mark sweep GC freed 1076(39KB) AllocSpace objects, 0(0B) LOS objects, 36% free, 27MB/43MB, paused 446us total 36.209ms
V/WindowManager( 1534): not Base app: Adding window Window{31e73595 u0 com.jieshun.jslife/com.jieshun.jslife.activity.homepage.ShareArroundActivity} at 6 of 9
D/http    ( 2249): 查询我的消息列表 HTTP请求 Url: http://jsh.jslife.com.cn/jslife-service/notice/msg_list 
D/http    ( 2249): 参数：{"areaId":"55981d2f448a42f796c2f20907aa2715","mainType":"BUSINESS_NOTIFY","pageIndex":"1","pageSize":"10","searchTime":"","userId":"eaa2fc61c4784b6ba67ac352b4afc808","bizSource":"APP_ANDROID","bizType":"JSLIFE","token":"e5306930d83c4cfab785a60991a09360"}
E/EGL_adreno( 2249): tid 2312: eglSurfaceAttrib(1266): error 0x3009 (EGL_BAD_MATCH)
W/OpenGLRenderer( 2249): Failed to set EGL_SWAP_BEHAVIOR on surface 0x9b0ba100, error=EGL_BAD_MATCH
D/EGL_adreno( 2249): eglMakeCurrent: 0xadd065e0: ver 2 0 (tinfo 0xadc39600)
I/http    ( 2249): 
I/http    ( 2249): 查询我的消息列表 HTTP 返回：{"resultCode":"0","message":"","obj":null,"seqId":"86653fb26e744f558578b3eb39f1ebb0","msgList":null,"right":true}
I/AppiumUnicodeIME( 1718): onFinishInput
I/AppiumUnicodeIME( 1718): onStartInput
D/EGL_adreno( 2249): eglMakeCurrent: 0xadd065e0: ver 2 0 (tinfo 0xadc39600)
D/EGL_adreno( 2249): eglMakeCurrent: 0xadd065e0: ver 2 0 (tinfo 0xadc39600)
I/AppiumUnicodeIME( 1718): onFinishInput
I/AppiumUnicodeIME( 1718): onStartInput
I/art     ( 2249): Explicit concurrent mark sweep GC freed 11622(487KB) AllocSpace objects, 0(0B) LOS objects, 36% free, 27MB/43MB, paused 461us total 51.966ms
D/EGL_adreno( 2249): eglMakeCurrent: 0xadd065e0: ver 2 0 (tinfo 0xadc39600)
D/EGL_adreno( 2249): eglMakeCurrent: 0xadd065e0: ver 2 0 (tinfo 0xadc39600)
I/AppiumUnicodeIME( 1718): onKeyDown (keyCode='4', event.keyCode='4', metaState='0')
I/AppiumUnicodeIME( 1718): onKeyUp (keyCode='4', event.keyCode='4', metaState='0')
I/EmuCoreService( 1871): Broadcast action = android.intent.action.TOP_ACTIVITY_CHANGED
I/EmuCoreService( 1871): HostService Init inited = true
I/com.jieshun.jslife.activity.common.MainFragmentActivity( 2249): onResume()======
D/XMPP    ( 2249):  JSJK requestjsjk_biz_member_balance_qry json : {"appId":"1645285811190497301","mobile":"13632836691","sign":"abccca338fec99cf9a7b902942d6930b","systemType":"02"}
D/XMPP    ( 2249):  JSJK URLjsjk_biz_member_balance_qry URL : http://hdwg.jieshunpay.cn:8120/jst-gateway/member/balanceMoney
D/http    ( 2249): 加载首页数据 HTTP请求 Url: http://jsh.jslife.com.cn/jslife-service/homepage/loading_data 
D/http    ( 2249): 参数：{"areaId":"55981d2f448a42f796c2f20907aa2715","invokeServiceType":"PAYMENT_CAR,","personId":"fa9b33b036fe48f9a7f2ed8e32e64f4b","userId":"eaa2fc61c4784b6ba67ac352b4afc808","bizSource":"APP_ANDROID","bizType":"JSLIFE","token":"e5306930d83c4cfab785a60991a09360"}
I/MobclickAgent( 2249): Extend current session: 97BA1DA9FE4E6A8C4FDF42FE327A7690
I/EGL_adreno( 2249): eglCreateContext request GLES major-version=2
D/EGL_adreno( 2249): eglCreateContext: 0x9ec4f400: maj 2 min 0 rcv 2
D/EGL_adreno( 2249): eglMakeCurrent: 0x9ec4f400: ver 2 0 (tinfo 0xaddb83e0)
D/HostConnection( 2249): ExtendedRCEncoderContext GL_VERSION return OpenGL ES 2.0 (3.1.0 - Build 9.17.10.4229)
D/EGL_adreno( 2249): eglMakeCurrent: 0x9ec4f400: ver 2 0 (tinfo 0xaddb83e0)
D/PhoneStatusBar( 1657): disable: < expand ICONS* alerts SYSTEM_INFO* back home recent clock search >
E/EGL_adreno( 2249): tid 2312: eglSurfaceAttrib(1266): error 0x3009 (EGL_BAD_MATCH)
W/OpenGLRenderer( 2249): Failed to set EGL_SWAP_BEHAVIOR on surface 0x9b0bcf00, error=EGL_BAD_MATCH
D/EGL_adreno( 2249): eglMakeCurrent: 0xadd065e0: ver 2 0 (tinfo 0xadc39600)
D/EGL_adreno( 2249): eglMakeCurrent: 0xadd065e0: ver 2 0 (tinfo 0xadc39600)
I/http    ( 2249): 
I/http    ( 2249): 加载首页数据 HTTP 返回：{"resultCode":"0","message":"","obj":{"paymentCarList":[],"monthCarDelayInfo":null,"voteData":null},"seqId":"62557d27b1a541ca8859cf7d000dca35","right":true}
E/EGL_adreno( 1657): tid 2004: eglSurfaceAttrib(1266): error 0x3009 (EGL_BAD_MATCH)
W/OpenGLRenderer( 1657): Failed to set EGL_SWAP_BEHAVIOR on surface 0xa314e760, error=EGL_BAD_MATCH
D/EGL_adreno( 1657): eglMakeCurrent: 0xb3fff8e0: ver 2 0 (tinfo 0xa300dac0)
D/XMPP    ( 2249): 会员余额查询response: {"code":"200","msg":"成功","data":{"balanceMoney":"0"}}
D/XMPP    ( 2249): 余额查询response: {"code":"200","msg":"成功","data":{"balanceMoney":"0"}}
D/XMPP    ( 2249): 金额值 str = 0
D/XMPP    ( 2249): 金额值 转换 string = 0
D/XMPP    ( 2249):  JSJK requestjsjk_biz_member_login json : {"LATITUDE":"1045:116.410255","LONGITUDE":"1044:39.91641","UDID":"1006:865166026808918","appId":"1645285811190497301","mobile":"13632836691","sign":"06fc37de2258093585ba197b4be70c27","systemType":"02","userId":"eaa2fc61c4784b6ba67ac352b4afc808"}
D/XMPP    ( 2249):  JSJK URLjsjk_biz_member_login URL : http://hdwg.jieshunpay.cn:8120/jst-gateway/member/login
D/JSParkingFragment( 2249): ***************onMapStatusChangeFinish********************* isHasFirstQry = true
D/JSParkingFragment( 2249): mSearch.reverseGeoCode  11111 
I/AppiumUnicodeIME( 1718): onFinishInput
I/AppiumUnicodeIME( 1718): onStartInput
W/ViewRootImpl( 2249): Dropping event due to no window focus: MotionEvent { action=ACTION_MOVE, id[0]=0, x[0]=-3.0, y[0]=-1.0, toolType[0]=TOOL_TYPE_UNKNOWN, buttonState=0, metaState=0, flags=0x0, edgeFlags=0x0, pointerCount=1, historySize=9, eventTime=297706, downTime=-1, deviceId=0, source=0x10004 }
D/AdHotSeatView( 1916): updateIconButton.
D/PhoneStatusBar( 1657): disable: < expand icons* alerts system_info* back home recent clock search >
D/EGL_adreno( 1657): eglMakeCurrent: 0xb3fff8e0: ver 2 0 (tinfo 0xa300dac0)
E/EGL_adreno( 1657): tid 2004: eglSurfaceAttrib(1266): error 0x3009 (EGL_BAD_MATCH)
W/OpenGLRenderer( 1657): Failed to set EGL_SWAP_BEHAVIOR on surface 0xa314e760, error=EGL_BAD_MATCH
D/EGL_adreno( 1657): eglMakeCurrent: 0xb3fff8e0: ver 2 0 (tinfo 0xa300dac0)
D/EGL_adreno( 2249): eglMakeCurrent: 0xadd065e0: ver 2 0 (tinfo 0xadc39600)
D/EGL_adreno( 2249): eglMakeCurrent: 0xadd065e0: ver 2 0 (tinfo 0xadc39600)
D/XMPP    ( 2249): 会员登录response: {"code":"200","msg":"成功","data":{"jkUrl":"http://scjsjk.jieshunpay.cn:8113/jtc/public/account/account.html?access=2f9c5fecb7ee74f12fb4b47ff975a0c5fbba8858885b02cf"}}
D/XMPP    ( 2249): 会员会员登录jkurl: http://scjsjk.jieshunpay.cn:8113/jtc/public/account/account.html?access=2f9c5fecb7ee74f12fb4b47ff975a0c5fbba8858885b02cf
D/JSParkingFragment( 2249): *************** onGetReverseGeoCodeResult ********************* 
D/JSParkingFragment( 2249):  搜索 百度定位返回的百度转换前： lattitue = 39.922703859283175 ; longitue = 116.41663820901981
D/JSParkingFragment( 2249): ***onGetReverseGeoCodeResult*****省份:北京市
D/JSParkingFragment( 2249): ***onGetReverseGeoCodeResult*****城市:北京市
D/JSParkingFragment( 2249): ***onGetReverseGeoCodeResult*****区域 canton:东城区
D/JSParkingFragment( 2249): ***onGetReverseGeoCodeResult*****简要信息:北京市东城区锡拉胡同6号
D/JSParkingFragment( 2249):  搜索 百度定位返回的 转换为高德后： lattitue = 39.916407665797685 ; longitue = 116.41025599548698
D/com.jieshun.jslife.parklife.JSParkingFragment( 2249): bottomNewState = 0 ; BottomSheetBehavior.STATE_HIDDEN = 5
D/JSParkingFragment( 2249): searchKey =  ; regionAddress = 北京市东城区锡拉胡同6号
D/JSParkingFragment( 2249):  搜索 mCurrentSearchLat = 39.916407665797685 ; mCurrentSearchLon = 116.41025599548698
D/JSParkingFragment( 2249): isFirstLoc --- true ; initData isNetConnect = true ; isVisibleToUser = false
W/InputMethodManagerService( 1534): Window already focused, ignoring focus gain of: com.android.internal.view.IInputMethodClient$Stub$Proxy@3a43dd77 attribute=android.view.inputmethod.EditorInfo@3d69bde4, token = android.os.BinderProxy@1b6e2161
I/AppiumUnicodeIME( 1718): onFinishInput
I/AppiumUnicodeIME( 1718): onStartInput
D/EGL_adreno( 2249): eglMakeCurrent: 0xadd065e0: ver 2 0 (tinfo 0xadc39600)
D/widget.PullToRefreshLayout( 2249): disallowInterceptTouchEvent=false
D/widget.PullToRefreshLayout( 2249): ACTION_DOWN  startX=411, startY=234.0
I/jieshun.jslife( 2249): dispatchTouchEvent-------------- 0
D/widget.PullToRefreshLayout( 2249): requestDisallowInterceptTouchEvent(boolean disallowIntercept) true
D/widget.PullToRefreshLayout( 2249): super.onTouchEvent(ev) = true
D/widget.PullToRefreshLayout( 2249): disallowInterceptTouchEvent=true
I/jieshun.jslife( 2249): dispatchTouchEvent-------------- 2
I/jieshun.jslife( 2249): dispatchTouchEvent --------------temp ---> -8 == 1
D/widget.PullToRefreshLayout( 2249): requestDisallowInterceptTouchEvent(boolean disallowIntercept) true
D/widget.PullToRefreshLayout( 2249): disallowInterceptTouchEvent=true
I/jieshun.jslife( 2249): dispatchTouchEvent-------------- 1
D/widget.PullToRefreshLayout( 2249): requestDisallowInterceptTouchEvent(boolean disallowIntercept) false
D/EGL_adreno( 2249): eglMakeCurrent: 0xadd065e0: ver 2 0 (tinfo 0xadc39600)
D/AudioTrack( 1534): use orig AudioTrack! mIsTimed=0 transferType=0 flags=4
D/widget.PullToRefreshLayout( 2249): disallowInterceptTouchEvent=false
D/widget.PullToRefreshLayout( 2249): ACTION_DOWN  startX=623, startY=301.0
I/jieshun.jslife( 2249): dispatchTouchEvent-------------- 0
D/widget.PullToRefreshLayout( 2249): requestDisallowInterceptTouchEvent(boolean disallowIntercept) true
D/widget.PullToRefreshLayout( 2249): super.onTouchEvent(ev) = true
D/widget.PullToRefreshLayout( 2249): disallowInterceptTouchEvent=true
I/jieshun.jslife( 2249): dispatchTouchEvent-------------- 1
D/widget.PullToRefreshLayout( 2249): requestDisallowInterceptTouchEvent(boolean disallowIntercept) false
D/AudioTrack( 1534): use orig AudioTrack! mIsTimed=0 transferType=0 flags=4
D/widget.PullToRefreshLayout( 2249): disallowInterceptTouchEvent=false
D/widget.PullToRefreshLayout( 2249): ACTION_DOWN  startX=25, startY=527.0
D/widget.PullToRefreshLayout( 2249): super.onTouchEvent(ev) = true
D/widget.PullToRefreshLayout( 2249): disallowInterceptTouchEvent=false
D/widget.PullToRefreshLayout( 2249): ACTION_UP  currentX=38, currentY=575
D/widget.PullToRefreshLayout( 2249): super.onTouchEvent(ev) = true
D/widget.PullToRefreshLayout( 2249): disallowInterceptTouchEvent=false
D/widget.PullToRefreshLayout( 2249): ACTION_DOWN  startX=431, startY=1028.0
D/widget.PullToRefreshLayout( 2249): super.onTouchEvent(ev) = true
D/widget.PullToRefreshLayout( 2249): disallowInterceptTouchEvent=false
D/widget.PullToRefreshLayout( 2249): ACTION_UP  currentX=436, currentY=1078
D/widget.PullToRefreshLayout( 2249): super.onTouchEvent(ev) = true
D/AudioTrack( 1534): use orig AudioTrack! mIsTimed=0 transferType=0 flags=4
D/SMACK   ( 2249): 09:03:20 上午 SENT (609663417): <iq id="o50BI-27" to="openfire-cloud" from="13632836691@openfire-cloud/A1b852863a" type="get"><ping xmlns='urn:xmpp:ping' /></iq>
D/SMACK   ( 2249): 09:03:20 上午 RCV  (609663417): <iq type="result" id="o50BI-27" from="openfire-cloud" to="13632836691@openfire-cloud/A1b852863a"/>
I/AppiumUnicodeIME( 1718): onKeyDown (keyCode='25', event.keyCode='25', metaState='0')
W/AudioService( 1534): stream was not muted by this client
E/AudioService( 1534): Could not get client death handler for stream: 1
W/AudioService( 1534): stream was not muted by this client
E/AudioService( 1534): Could not get client death handler for stream: 2
W/AudioService( 1534): stream was not muted by this client
E/AudioService( 1534): Could not get client death handler for stream: 5
W/AudioService( 1534): stream was not muted by this client
E/AudioService( 1534): Could not get client death handler for stream: 7
W/AudioService( 1534): stream was not muted by this client
E/AudioService( 1534): Could not get client death handler for stream: 8
I/AppiumUnicodeIME( 1718): onKeyUp (keyCode='25', event.keyCode='25', metaState='0')
E/EGL_adreno( 1657): tid 2004: eglSurfaceAttrib(1266): error 0x3009 (EGL_BAD_MATCH)
W/OpenGLRenderer( 1657): Failed to set EGL_SWAP_BEHAVIOR on surface 0xa081e920, error=EGL_BAD_MATCH
D/EGL_adreno( 1657): eglMakeCurrent: 0xb3fff8e0: ver 2 0 (tinfo 0xa300dac0)
D/EGL_adreno( 1657): eglMakeCurrent: 0xb3fff8e0: ver 2 0 (tinfo 0xa300dac0)
D/widget.PullToRefreshLayout( 2249): disallowInterceptTouchEvent=false
D/widget.PullToRefreshLayout( 2249): ACTION_DOWN  startX=463, startY=671.0
D/widget.PullToRefreshLayout( 2249): super.onTouchEvent(ev) = true
D/widget.PullToRefreshLayout( 2249): disallowInterceptTouchEvent=false
D/widget.PullToRefreshLayout( 2249): ACTION_UP  currentX=449, currentY=721
D/widget.PullToRefreshLayout( 2249): super.onTouchEvent(ev) = true
D/widget.PullToRefreshLayout( 2249): disallowInterceptTouchEvent=false
D/widget.PullToRefreshLayout( 2249): ACTION_DOWN  startX=395, startY=990.0
D/widget.PullToRefreshLayout( 2249): super.onTouchEvent(ev) = true
D/widget.PullToRefreshLayout( 2249): disallowInterceptTouchEvent=false
D/widget.PullToRefreshLayout( 2249): ACTION_UP  currentX=391, currentY=1049
D/widget.PullToRefreshLayout( 2249): super.onTouchEvent(ev) = true
D/AudioTrack( 1534): use orig AudioTrack! mIsTimed=0 transferType=0 flags=4
E/ActivityManager( 1534): denglibo handle startActivityAsUser Intent { act=android.intent.action.MAIN cat=[android.intent.category.HOME] flg=0x10200000 } error!!!
E/ActivityManager( 1534): java.lang.NullPointerException: Attempt to invoke virtual method 'java.lang.String android.content.ComponentName.getPackageName()' on a null object reference
E/ActivityManager( 1534): 	at com.android.server.am.ActivityManagerService.startActivityAsUser(ActivityManagerService.java:3386)
E/ActivityManager( 1534): 	at android.app.ContextImpl.startActivityAsUser(ContextImpl.java:1252)
E/ActivityManager( 1534): 	at android.app.ContextImpl.startActivityAsUser(ContextImpl.java:1231)
E/ActivityManager( 1534): 	at com.android.internal.policy.impl.PhoneWindowManager.startActivityAsUser(PhoneWindowManager.java:2893)
E/ActivityManager( 1534): 	at com.android.internal.policy.impl.PhoneWindowManager.startDockOrHome(PhoneWindowManager.java:5851)
E/ActivityManager( 1534): 	at com.android.internal.policy.impl.PhoneWindowManager.launchHomeFromHotKey(PhoneWindowManager.java:3021)
E/ActivityManager( 1534): 	at com.android.internal.policy.impl.PhoneWindowManager.handleShortPressOnHome(PhoneWindowManager.java:1140)
E/ActivityManager( 1534): 	at com.android.internal.policy.impl.PhoneWindowManager.interceptKeyBeforeDispatching(PhoneWindowManager.java:2480)
E/ActivityManager( 1534): 	at com.android.server.wm.InputMonitor.interceptKeyBeforeDispatching(InputMonitor.java:388)
E/ActivityManager( 1534): 	at com.android.server.input.InputManagerService.interceptKeyBeforeDispatching(InputManagerService.java:1481)
I/ActivityManager( 1534): START u0 {act=android.intent.action.MAIN cat=[android.intent.category.HOME] flg=0x10200000 cmp=com.android.launcher3/.Launcher} from uid 1000 on display 0
D/EGL_adreno( 1657): eglMakeCurrent: 0xb3fff8e0: ver 2 0 (tinfo 0xa300dac0)
D/widget.PullToRefreshLayout( 2249): disallowInterceptTouchEvent=false
D/widget.PullToRefreshLayout( 2249): ACTION_DOWN  startX=428, startY=34.0
I/jieshun.jslife( 2249): dispatchTouchEvent-------------- 0
D/widget.PullToRefreshLayout( 2249): requestDisallowInterceptTouchEvent(boolean disallowIntercept) true
D/widget.PullToRefreshLayout( 2249): super.onTouchEvent(ev) = true
D/widget.PullToRefreshLayout( 2249): disallowInterceptTouchEvent=true
I/jieshun.jslife( 2249): dispatchTouchEvent-------------- 1
D/widget.PullToRefreshLayout( 2249): requestDisallowInterceptTouchEvent(boolean disallowIntercept) false
D/AudioTrack( 1534): use orig AudioTrack! mIsTimed=0 transferType=0 flags=4
D/widget.PullToRefreshLayout( 2249): disallowInterceptTouchEvent=false
D/widget.PullToRefreshLayout( 2249): ACTION_DOWN  startX=52, startY=491.0
D/widget.PullToRefreshLayout( 2249): super.onTouchEvent(ev) = true
D/widget.PullToRefreshLayout( 2249): disallowInterceptTouchEvent=false
D/widget.PullToRefreshLayout( 2249): ACTION_UP  currentX=53, currentY=532
D/widget.PullToRefreshLayout( 2249): super.onTouchEvent(ev) = true
D/AudioTrack( 1534): use orig AudioTrack! mIsTimed=0 transferType=0 flags=4
I/ActivityManager( 1534): START u0 {flg=0x4000000 cmp=com.jieshun.jslife/.activity.serviceDelay.ServiceDelayActivity} from uid 10028 on display 0
V/WindowManager( 1534): addAppToken: AppWindowToken{25a8f649 token=Token{af6d450 ActivityRecord{328eda13 u0 com.jieshun.jslife/.activity.serviceDelay.ServiceDelayActivity t4}}} to stack=1 task=4 at 2
I/EmuCoreService( 1871): Broadcast action = android.intent.action.TOP_ACTIVITY_CHANGED
I/EmuCoreService( 1871): HostService Init inited = true
I/com.jieshun.jslife.activity.common.MainFragmentActivity( 2249): onPause()======
D/JTC     ( 2249): NEAR onPause
V/WindowManager( 1534): Adding window Window{1683046f u0 com.jieshun.jslife/com.jieshun.jslife.activity.serviceDelay.ServiceDelayActivity} at 6 of 9 (after Window{3b15cf27 u0 com.jieshun.jslife/com.jieshun.jslife.activity.homepage.ShareArroundActivity})
D/http    ( 2249): 查询服务延期 HTTP请求 Url: http://jsh.jslife.com.cn/jslife-service/delayedservice/query_by_person 
D/http    ( 2249): 参数：{"personId":"fa9b33b036fe48f9a7f2ed8e32e64f4b","userId":"eaa2fc61c4784b6ba67ac352b4afc808","bizSource":"APP_ANDROID","bizType":"JSLIFE","token":"e5306930d83c4cfab785a60991a09360"}
I/MobclickAgent( 2249): Extend current session: 97BA1DA9FE4E6A8C4FDF42FE327A7690
V/WindowManager( 1534): Adding window Window{c81ae05 u0 com.jieshun.jslife/com.jieshun.jslife.activity.serviceDelay.ServiceDelayActivity} at 6 of 10 (before Window{1683046f u0 com.jieshun.jslife/com.jieshun.jslife.activity.serviceDelay.ServiceDelayActivity})
I/com.jieshun.jslife.activity.homepage.ShareArroundActivity( 2249): onDestroy()======
D/EGL_adreno( 2249): eglMakeCurrent: 0xadd065e0: ver 2 0 (tinfo 0xadc39600)
E/EGL_adreno( 2249): tid 2312: eglSurfaceAttrib(1266): error 0x3009 (EGL_BAD_MATCH)
W/OpenGLRenderer( 2249): Failed to set EGL_SWAP_BEHAVIOR on surface 0x9b51e4e0, error=EGL_BAD_MATCH
D/EGL_adreno( 2249): eglMakeCurrent: 0xadd065e0: ver 2 0 (tinfo 0xadc39600)
E/EGL_adreno( 2249): tid 2312: eglSurfaceAttrib(1266): error 0x3009 (EGL_BAD_MATCH)
W/OpenGLRenderer( 2249): Failed to set EGL_SWAP_BEHAVIOR on surface 0x9b51e520, error=EGL_BAD_MATCH
D/EGL_adreno( 2249): eglMakeCurrent: 0xadd065e0: ver 2 0 (tinfo 0xadc39600)
I/AppiumUnicodeIME( 1718): onFinishInput
I/AppiumUnicodeIME( 1718): onStartInput
I/http    ( 2249): 
I/http    ( 2249): 查询服务延期 HTTP 返回：{"resultCode":"C-DS300005","message":"查询失败","obj":null,"seqId":"37adec553d614ef8aa184b5223cd5207","right":false}
D/EGL_adreno( 2249): eglMakeCurrent: 0xadd065e0: ver 2 0 (tinfo 0xadc39600)
D/EGL_adreno( 2249): eglMakeCurrent: 0xadd065e0: ver 2 0 (tinfo 0xadc39600)
I/AppiumUnicodeIME( 1718): onFinishInput
I/AppiumUnicodeIME( 1718): onStartInput
D/EGL_adreno( 2249): eglMakeCurrent: 0xadd065e0: ver 2 0 (tinfo 0xadc39600)
D/EGL_adreno( 2249): eglMakeCurrent: 0xadd065e0: ver 2 0 (tinfo 0xadc39600)
D/AudioTrack( 1534): use orig AudioTrack! mIsTimed=0 transferType=0 flags=4
V/WindowManager( 1534): not Base app: Adding window Window{2704ceb2 u0 com.jieshun.jslife/com.jieshun.jslife.activity.serviceDelay.ServiceDelayActivity} at 7 of 10
D/http    ( 2249): 查询服务延期 HTTP请求 Url: http://jsh.jslife.com.cn/jslife-service/delayedservice/query_by_person 
D/http    ( 2249): 参数：{"personId":"fa9b33b036fe48f9a7f2ed8e32e64f4b","userId":"eaa2fc61c4784b6ba67ac352b4afc808","bizSource":"APP_ANDROID","bizType":"JSLIFE","token":"e5306930d83c4cfab785a60991a09360"}
E/EGL_adreno( 2249): tid 2312: eglSurfaceAttrib(1266): error 0x3009 (EGL_BAD_MATCH)
W/OpenGLRenderer( 2249): Failed to set EGL_SWAP_BEHAVIOR on surface 0x9b0bac00, error=EGL_BAD_MATCH
D/EGL_adreno( 2249): eglMakeCurrent: 0xadd065e0: ver 2 0 (tinfo 0xadc39600)
I/http    ( 2249): 
I/http    ( 2249): 查询服务延期 HTTP 返回：{"resultCode":"C-DS300005","message":"查询失败","obj":null,"seqId":"adfe14aed9b34e2995a51278caa6d00b","right":false}
I/AppiumUnicodeIME( 1718): onFinishInput
I/AppiumUnicodeIME( 1718): onStartInput
D/EGL_adreno( 2249): eglMakeCurrent: 0xadd065e0: ver 2 0 (tinfo 0xadc39600)
D/EGL_adreno( 2249): eglMakeCurrent: 0xadd065e0: ver 2 0 (tinfo 0xadc39600)
I/AppiumUnicodeIME( 1718): onFinishInput
I/AppiumUnicodeIME( 1718): onStartInput
I/art     ( 2249): Explicit concurrent mark sweep GC freed 55846(2MB) AllocSpace objects, 15(272KB) LOS objects, 36% free, 28MB/44MB, paused 1.485ms total 56.194ms
D/EGL_adreno( 2249): eglMakeCurrent: 0xadd065e0: ver 2 0 (tinfo 0xadc39600)
I/ActivityManager( 1534): Displayed com.jieshun.jslife/.activity.serviceDelay.ServiceDelayActivity: +449ms
D/JTC     ( 2249): near tabl onReceiveLocation
I/System.out( 2249): isFirstLoc：true
I/System.out( 2249): ******jscarlife*********************onMapStatusChangeStart*********************1******
D/JSParkingFragment( 2249): mSearch.reverseGeoCode  4444 
I/System.out( 2249): ******jscarlife*********************onReceiveLocation***************逆地理编码******
I/art     ( 2249): Explicit concurrent mark sweep GC freed 3313(170KB) AllocSpace objects, 2(1004KB) LOS objects, 37% free, 27MB/43MB, paused 453us total 23.415ms
D/JSParkingFragment( 2249): *************** onGetReverseGeoCodeResult ********************* 
D/JSParkingFragment( 2249):  搜索 百度定位返回的百度转换前： lattitue = 39.92270378285916 ; longitue = 116.41663820901988
D/JSParkingFragment( 2249): ***onGetReverseGeoCodeResult*****省份:北京市
D/JSParkingFragment( 2249): ***onGetReverseGeoCodeResult*****城市:北京市
D/JSParkingFragment( 2249): ***onGetReverseGeoCodeResult*****区域 canton:东城区
D/JSParkingFragment( 2249): ***onGetReverseGeoCodeResult*****简要信息:北京市东城区锡拉胡同6号
D/JSParkingFragment( 2249):  搜索 百度定位返回的 转换为高德后： lattitue = 39.916407589357014 ; longitue = 116.41025599543832
D/com.jieshun.jslife.parklife.JSParkingFragment( 2249): bottomNewState = 0 ; BottomSheetBehavior.STATE_HIDDEN = 5
D/JSParkingFragment( 2249): searchKey =  ; regionAddress = 北京市东城区锡拉胡同6号
D/JSParkingFragment( 2249):  搜索 mCurrentSearchLat = 39.916407589357014 ; mCurrentSearchLon = 116.41025599543832
D/JSParkingFragment( 2249): isFirstLoc --- true ; initData isNetConnect = true ; isVisibleToUser = false
I/art     ( 2249): Explicit concurrent mark sweep GC freed 13618(507KB) AllocSpace objects, 1(16KB) LOS objects, 37% free, 27MB/43MB, paused 636us total 16.993ms
I/art     ( 2249): Explicit concurrent mark sweep GC freed 64(2608B) AllocSpace objects, 0(0B) LOS objects, 37% free, 27MB/43MB, paused 709us total 17.828ms
D/AudioTrack( 1534): use orig AudioTrack! mIsTimed=0 transferType=0 flags=4
V/WindowManager( 1534): not Base app: Adding window Window{17e3e75f u0 com.jieshun.jslife/com.jieshun.jslife.activity.serviceDelay.ServiceDelayActivity} at 6 of 9
D/http    ( 2249): 查询服务延期 HTTP请求 Url: http://jsh.jslife.com.cn/jslife-service/delayedservice/query_by_person 
D/http    ( 2249): 参数：{"personId":"fa9b33b036fe48f9a7f2ed8e32e64f4b","userId":"eaa2fc61c4784b6ba67ac352b4afc808","bizSource":"APP_ANDROID","bizType":"JSLIFE","token":"e5306930d83c4cfab785a60991a09360"}
I/art     ( 2249): Explicit concurrent mark sweep GC freed 1068(46KB) AllocSpace objects, 0(0B) LOS objects, 37% free, 27MB/43MB, paused 426us total 24.186ms
D/EGL_adreno( 2249): eglMakeCurrent: 0xadd065e0: ver 2 0 (tinfo 0xadc39600)
E/EGL_adreno( 2249): tid 2312: eglSurfaceAttrib(1266): error 0x3009 (EGL_BAD_MATCH)
W/OpenGLRenderer( 2249): Failed to set EGL_SWAP_BEHAVIOR on surface 0x9b51ebe0, error=EGL_BAD_MATCH
D/EGL_adreno( 2249): eglMakeCurrent: 0xadd065e0: ver 2 0 (tinfo 0xadc39600)
I/AppiumUnicodeIME( 1718): onFinishInput
I/AppiumUnicodeIME( 1718): onStartInput
I/http    ( 2249): 
I/http    ( 2249): 查询服务延期 HTTP 返回：{"resultCode":"C-DS300005","message":"查询失败","obj":null,"seqId":"656f739453ab44408c1114b1184ade13","right":false}
D/EGL_adreno( 2249): eglMakeCurrent: 0xadd065e0: ver 2 0 (tinfo 0xadc39600)
D/EGL_adreno( 2249): eglMakeCurrent: 0xadd065e0: ver 2 0 (tinfo 0xadc39600)
I/AppiumUnicodeIME( 1718): onFinishInput
I/AppiumUnicodeIME( 1718): onStartInput
D/AudioTrack( 1534): use orig AudioTrack! mIsTimed=0 transferType=0 flags=4
V/WindowManager( 1534): not Base app: Adding window Window{21a32275 u0 com.jieshun.jslife/com.jieshun.jslife.activity.serviceDelay.ServiceDelayActivity} at 6 of 9
D/http    ( 2249): 查询服务延期 HTTP请求 Url: http://jsh.jslife.com.cn/jslife-service/delayedservice/query_by_person 
D/http    ( 2249): 参数：{"personId":"fa9b33b036fe48f9a7f2ed8e32e64f4b","userId":"eaa2fc61c4784b6ba67ac352b4afc808","bizSource":"APP_ANDROID","bizType":"JSLIFE","token":"e5306930d83c4cfab785a60991a09360"}
E/EGL_adreno( 2249): tid 2312: eglSurfaceAttrib(1266): error 0x3009 (EGL_BAD_MATCH)
W/OpenGLRenderer( 2249): Failed to set EGL_SWAP_BEHAVIOR on surface 0x9b0b6540, error=EGL_BAD_MATCH
D/EGL_adreno( 2249): eglMakeCurrent: 0xadd065e0: ver 2 0 (tinfo 0xadc39600)
I/http    ( 2249): 
I/http    ( 2249): 查询服务延期 HTTP 返回：{"resultCode":"C-DS300005","message":"查询失败","obj":null,"seqId":"1755c81995714e178114a546f361bf77","right":false}
I/AppiumUnicodeIME( 1718): onFinishInput
I/AppiumUnicodeIME( 1718): onStartInput
D/EGL_adreno( 2249): eglMakeCurrent: 0xadd065e0: ver 2 0 (tinfo 0xadc39600)
D/EGL_adreno( 2249): eglMakeCurrent: 0xadd065e0: ver 2 0 (tinfo 0xadc39600)
I/AppiumUnicodeIME( 1718): onFinishInput
