I/art     ( 1902): Wrote stack traces to '/data/anr/traces.txt'
D/widget.PullToRefreshLayout( 2152): disallowInterceptTouchEvent=false
D/widget.PullToRefreshLayout( 2152): ACTION_DOWN  startX=453, startY=187.0
I/InputDispatcher( 1538): Window 'Window{1ecc78af u0 com.jieshun.jslife/com.jieshun.jslife.activity.common.MainFragmentActivity}' spent 4154.0ms processing the last input event: MotionEvent(deviceId=0, source=0x00001002, action=0, flags=0x00000000, metaState=0x00000000, buttonState=0x00000000, edgeFlags=0x00000000, xPrecision=1.0, yPrecision=1.0, displayId=0, pointers=[0: (181.0, 87.0)]), policyFlags=0x6b000000
I/InputDispatcher( 1538): Window 'Window{1ecc78af u0 com.jieshun.jslife/com.jieshun.jslife.activity.common.MainFragmentActivity}' spent 4153.4ms processing the last input event: MotionEvent(deviceId=0, source=0x00001002, action=1, flags=0x00000000, metaState=0x00000000, buttonState=0x00000000, edgeFlags=0x00000000, xPrecision=1.0, yPrecision=1.0, displayId=0, pointers=[0: (182.3, 66.3)]), policyFlags=0x6b000000
I/jieshun.jslife( 2152): dispatchTouchEvent-------------- 0
D/widget.PullToRefreshLayout( 2152): requestDisallowInterceptTouchEvent(boolean disallowIntercept) true
D/BluetoothAdapter( 1642): 767359144: getState() :  mService = null. Returning STATE_OFF
D/BluetoothAdapter( 1642): 767359144: getState() :  mService = null. Returning STATE_OFF
W/art     ( 1538): Long monitor contention event with owner method=int com.android.server.am.ActivityManagerService.bindService(android.app.IApplicationThread, android.os.IBinder, android.content.Intent, java.lang.String, android.app.IServiceConnection, int, int) from ActivityManagerService.java:15435 waiters=3 for 441ms
W/art     ( 1538): Long monitor contention event with owner method=int com.android.server.am.ActivityManagerService.bindService(android.app.IApplicationThread, android.os.IBinder, android.content.Intent, java.lang.String, android.app.IServiceConnection, int, int) from ActivityManagerService.java:15435 waiters=2 for 443ms
I/UserState( 2152): myJid = 13632836691@openfire-cloud/A1b852863a receive jid=13632836691@openfire-cloud/A1b852863a  state=ONLINE
D/widget.PullToRefreshLayout( 2152): super.onTouchEvent(ev) = true
I/InputDispatcher( 1538): Window 'Window{1ecc78af u0 com.jieshun.jslife/com.jieshun.jslife.activity.common.MainFragmentActivity}' spent 4058.6ms processing the last input event: MotionEvent(deviceId=0, source=0x00001002, action=0, flags=0x00000000, metaState=0x00000000, buttonState=0x00000000, edgeFlags=0x00000000, xPrecision=1.0, yPrecision=1.0, displayId=0, pointers=[0: (453.0, 187.0)]), policyFlags=0x6b000000
D/widget.PullToRefreshLayout( 2152): disallowInterceptTouchEvent=true
I/jieshun.jslife( 2152): dispatchTouchEvent-------------- 1
D/widget.PullToRefreshLayout( 2152): requestDisallowInterceptTouchEvent(boolean disallowIntercept) false
I/InputDispatcher( 1538): Window 'Window{1ecc78af u0 com.jieshun.jslife/com.jieshun.jslife.activity.common.MainFragmentActivity}' spent 4071.2ms processing the last input event: MotionEvent(deviceId=0, source=0x00001002, action=1, flags=0x00000000, metaState=0x00000000, buttonState=0x00000000, edgeFlags=0x00000000, xPrecision=1.0, yPrecision=1.0, displayId=0, pointers=[0: (436.9, 186.9)]), policyFlags=0x6b000000
D/UserState( 2152): 上线, i'm  online ，jid = 13632836691@openfire-cloud/A1b852863a
I/UserState( 2152): myJid = 13632836691@openfire-cloud/A1b852863a receive jid=formal_cloud_jsh@openfire-cloud/master  state=ONLINE
D/XMPP    ( 2152): 会员余额查询response: {"code":"200","msg":"成功","data":{"balanceMoney":"0"}}
D/XMPP    ( 2152): 余额查询response: {"code":"200","msg":"成功","data":{"balanceMoney":"0"}}
D/XMPP    ( 2152): 金额值 str = 0
D/XMPP    ( 2152): 金额值 转换 string = 0
I/UserState( 2152): myJid = 13632836691@openfire-cloud/A1b852863a receive jid=formal_cloud_jsh@openfire-cloud/slave  state=ONLINE
D/XMPP    ( 2152):  JSJK requestjsjk_biz_member_login json : {"LATITUDE":"1045:116.41025599543832","LONGITUDE":"1044:39.916407589357014","UDID":"1006:865166026808918","appId":"1645285811190497301","mobile":"13632836691","sign":"06fc37de2258093585ba197b4be70c27","systemType":"02","userId":"eaa2fc61c4784b6ba67ac352b4afc808"}
D/XMPP    ( 2152):  JSJK URLjsjk_biz_member_login URL : http://hdwg.jieshunpay.cn:8120/jst-gateway/member/loginV1.0
E/XMPP    ( 2152): 消息未读数:   我的消息: 0   公告:5
D/Ble     ( 2152): onServiceConnected  BluetoothLeService = com.jieshun.jslife.service.BluetoothLeService$MyBinder@3d28ccf
V/Ble     ( 2152): ------------onServiceConnected  BluetoothLeService = com.jieshun.jslife.service.BluetoothLeService$MyBinder@3d28ccf--------------
V/libnb   ( 2152): enter native_bridge2_getTrampoline Java_com_baidu_platform_comjni_map_basemap_JNIBaseMap_ScrPtToGeoPoint, trampoline_addr 0x0
V/libnb   ( 2152): enter native_bridge2_getTrampoline Java_com_baidu_platform_comjni_map_basemap_JNIBaseMap_ScrPtToGeoPoint__JII, trampoline_addr 0x0
V/libnb   ( 2152): enter native_bridge2_getTrampoline Java_com_baidu_platform_comjni_map_basemap_JNIBaseMap_ScrPtToGeoPoint, trampoline_addr 0xb247c88c
V/libnb   ( 2152): enter native_bridge2_isSupported /data/app/com.jieshun.jslife-2/lib/arm/liblocSDK7b.so
V/libnb   ( 2152): enter native_bridge2_loadLibrary /data/app/com.jieshun.jslife-2/lib/arm/liblocSDK7b.so
I/ActivityManager( 1538): START u0 {act=android.intent.action.MAIN cat=[android.intent.category.LAUNCHER] flg=0x10200000 cmp=com.jieshun.jslife/.activity.common.WelcomeActivity} from uid 0 on display 0
I/aaaaaaaaa----> ( 2152): ===> OnMapLoadedCallback -----
D/houdini ( 2152): [2399] Added shared library /data/app/com.jieshun.jslife-2/lib/arm/liblocSDK7b.so for ClassLoader by Native Bridge.
V/libnb   ( 2152): enter native_bridge2_getTrampoline JNI_OnLoad, trampoline_addr 0x0
V/libnb   ( 2152): enter native_bridge2_getTrampoline Java_com_baidu_location_Jni_ee, trampoline_addr 0x0
V/libnb   ( 2152): enter native_bridge2_getTrampoline Java_com_baidu_location_Jni_ee__Ljava_lang_String_2I, trampoline_addr 0x0
V/libnb   ( 2152): enter native_bridge2_getTrampoline Java_com_baidu_location_Jni_ee, trampoline_addr 0x0
V/libnb   ( 2152): enter native_bridge2_getTrampoline Java_com_baidu_location_Jni_ee__Ljava_lang_String_2I, trampoline_addr 0x0
W/dex2oat ( 2340): Verification of byte[] Decoder.CharacterDecoder.decodeBuffer(java.lang.String) took 119.184ms
I/AppiumUnicodeIME( 1697): onFinishInput
I/AppiumUnicodeIME( 1697): onStartInput
D/BluetoothAdapter( 1642): 767359144: getState() :  mService = null. Returning STATE_OFF
D/BluetoothAdapter( 1642): 767359144: getState() :  mService = null. Returning STATE_OFF
I/com.jieshun.jslife.activity.common.LoadingActivity( 2152): onDestroy()======
D/EGL_adreno( 2152): eglMakeCurrent: 0xb3eded00: ver 2 0 (tinfo 0xa2ce3130)
E/BufferQueueProducer( 1362): [com.jieshun.jslife/com.jieshun.jslife.activity.common.LoadingActivity] cancelBuffer: BufferQueue has been abandoned
V/libnb   ( 2152): enter native_bridge2_getTrampoline Java_com_baidu_location_Jni_ee, trampoline_addr 0x0
V/libnb   ( 2152): enter native_bridge2_getTrampoline Java_com_baidu_location_Jni_ee__Ljava_lang_String_2I, trampoline_addr 0x0
V/libnb   ( 2152): enter native_bridge2_getTrampoline Java_com_baidu_location_Jni_ee, trampoline_addr 0xb247c854
W/WindowManager( 1538): Failed looking up window
W/WindowManager( 1538): java.lang.IllegalArgumentException: Requested window android.os.BinderProxy@19d4408c does not exist
W/WindowManager( 1538): 	at com.android.server.wm.WindowManagerService.windowForClientLocked(WindowManagerService.java:8561)
W/WindowManager( 1538): 	at com.android.server.wm.WindowManagerService.windowForClientLocked(WindowManagerService.java:8552)
W/WindowManager( 1538): 	at com.android.server.wm.WindowManagerService.removeWindow(WindowManagerService.java:2604)
W/WindowManager( 1538): 	at com.android.server.wm.Session.remove(Session.java:187)
W/WindowManager( 1538): 	at android.view.IWindowSession$Stub.onTransact(IWindowSession.java:233)
W/WindowManager( 1538): 	at com.android.server.wm.Session.onTransact(Session.java:130)
W/WindowManager( 1538): 	at android.os.Binder.execTransact(Binder.java:446)
W/dex2oat ( 2340): Verification of android.graphics.Bitmap android.support.v4.media.MediaMetadataCompatApi21.getBitmap(java.lang.Object, java.lang.String) took 114.697ms
I/http    ( 2152): 
I/http    ( 2152): 查询审批记录 HTTP 返回：{"resultCode":"0","message":"","obj":null,"seqId":"00916689ff9244018d910c03fb204a18","infoList":[],"right":true}
D/Ble     ( 2152): 蓝牙开门结果----onEventMainThread--> not_support_open_door_approve
D/BluetoothAdapter( 2152): stopLeScan()
D/BluetoothAdapter( 2152): 169158379: getState() :  mService = null. Returning STATE_OFF
D/testt   ( 2152): onEventMainThread收到了消息：not_support_open_door_approve
I/http    ( 2152): 
I/http    ( 2152): 获取用户个人配置信息 HTTP 返回：{"resultCode":"0","message":"","obj":null,"seqId":"ac5b153f27054c54bcb5729df23a81da","userId":"eaa2fc61c4784b6ba67ac352b4afc808","userType":"APP","name":"13632836691","sex":"FEMALE","nation":"","telephone":"13632836691","nickName":"sky","status":"NORMAL","nationality":null,"provice":null,"city":null,"birthdate":"2012-01-18","photoUrl":"\/HEAD\/2018-08-17\/a73a64a8028a4a4d822a340cba9ace34.png","createTime":"2016-01-13 14:40:08","personSign":"胡国彪测试账号","realName":"胡国彪","shortCut":null,"pshMsgConfig":{"id":"cd5614fa42da42dbbd03fad5cff9bed4","userId":"eaa2fc61c4784b6ba67ac352b4afc808","isPush":"1","isPushLife":"1","isPushDiscount":"1","isUndisturbed":""},"right":true}
D/AudioTrack( 1538): use orig AudioTrack! mIsTimed=0 transferType=0 flags=4
I/http    ( 2152): ---> 主页 -- 收到通知 ----> UPDATEDENICKNAME
I/XMPP    ( 2152): 更新开关配置信息！===========
I/http    ( 2152): 
I/http    ( 2152): 插画查询 HTTP 返回：{"resultCode":"0","message":"","obj":[{"type":"1","startTime":"06:01","endTime":"12:00","picPath":"https:\/\/jht-nissp.oss-cn-shenzhen.aliyuncs.com\/ICOP\/JSLIFEMAINPAGECARD\/5ecb7547d5a6447bbb72e7f0beabe994..jpg?Expires=1687260196&OSSAccessKeyId=LTAIH9BWpXZVLFE3&Signature=xLeMAF6686nDSZDinvy0Ia4xdUc%3D","urlPath":null,"eventType":"OPENDOOR","wordInfo":"走的慢不重要，重要的是你不停止！"},{"type":"1","startTime":"06:01","endTime":"12:00","picPath":"https:\/\/jht-nissp.oss-cn-shenzhen.aliyuncs.com\/ICOP\/JSLIFEMAINPAGECARD\/c24c99484fad47e0a555c2f895be1a3f..jpg?Expires=1687665653&OSSAccessKeyId=LTAIH9BWpXZVLFE3&Signature=6IK%2FVCBjk3eptfRIPegyy1IP4aA%3D","urlPath":null,"eventType":"OPENDOOR","wordInfo":"世界总为梦想者让路。"},{"type":"1","startTime":"06:01","endTime":"12:00","picPath":"https:\/\/jht-nissp.oss-cn-shenzhen.aliyuncs.com\/ICOP\/JSLIFEMAINPAGECARD\/28572efbebba49f18e97b1929d88165e..jpg?Expires=1687665652&OSSAccessKeyId=LTAIH9BWpXZVLFE3&Signature=nQrUi%2BYhEqmK%2BvZPvFB403jokqM%3D","urlPath":null,"eventType":"OPENDOOR","wordInfo":"别让你的梦想只成为梦想。"},{"type":"2","startTime":"12:01","endTime":"18:00","picPath":"https:\/\/jht-nissp.oss-cn-shenzhen.aliyuncs.com\/ICOP\/JSLIFEMAINPAGECARD\/a241968d435b493b9e53d42dd1a6ef3e..jpg?Expires=1687665960&OSSAccessKeyId=LTAIH9BWpXZVLFE3&Signature=dgWSy85Yk3WayrhAV81HF16Oer8%3D","urlPath":null,"eventType":"OPENDOOR","wordInfo":"最重要的是享受生活 - 要快乐。"},{"type":"2","startTime":"12:01","endTime":"18:00","picPath":"https:\/\/jht-nissp.oss-cn-shenzhen.aliyuncs.com\/ICOP\/JSLIFEMAINPAGECARD\/4c118992bb894fa7b135862cc91f6204..jpg?Expires=1687666032&OSSAccessKeyId=LTAIH9BWpXZVLFE3&Signature=B1KpIDilnEXMulT5GWWp4WSPL8w%3D","urlPath":null,"eventType":"OPENDOOR","wordInfo":"走的慢不重要，重要的是你不停止。"},{"type":"3","startTime":"18:01","endTime":"00:00","picPath":"https:\/\/jht-nissp.oss-cn-shenzhen.aliyuncs.com\/ICOP\/JSLIFEMAINPAGECARD\/99af3979243247f3891a4fa333459271..jpg?Expires=1687260307&OSSAccessKeyId=LTAIH9BWpXZVLFE3&Signature=tFdleenG3YsyLddWQYOGyVjsPsw%3D","urlPath":null,"eventType":"OPENDOOR","wordInfo":"生命中，再无聊的时光，也都是限量版！"},{"type":"3","startTime":"18:01","endTime":"00:00","picPath":"https:\/\/jht-nissp.oss-cn-shenzhen.aliyuncs.com\/ICOP\/JSLIFEMAINPAGECARD\/af5be01508a04b9d9fc2a240efaa5875..jpg?Expires=1687666109&OSSAccessKeyId=LTAIH9BWpXZVLFE3&Signature=tRAKgS6LIyI55%2Ff%2FQ1Fly4rGGRY%3D","urlPath":null,"eventType":"OPENDOOR","wordInfo":"我不懒，我只是喜欢什么也不做而已。"},{"type":"3","startTime":"18:01","endTime":"00:00","picPath":"https:\/\/jht-nissp.oss-cn-shenzhen.aliyuncs.com\/ICOP\/JSLIFEMAINPAGECARD\/1264b7c697654784a06a0e3226339dd0..jpg?Expires=1687666096&OSSAccessKeyId=LTAIH9BWpXZVLFE3&Signature=hFGU9X59IAz7%2FHZtDEDsT3FqadE%3D","urlPath":null,"eventType":"OPENDOOR","wordInfo":"但愿你的一切烦恼都是小事。"}],"seqId":"df182420014b41c2944f500928807065","right":true}
I/http    ( 2152): ---> 主页 -- 收到通知 ----> EVENT_HAVE_COMMUNITY_ID
I/http    ( 2152): ---> 主页 -- 切换小区通知 ----0
I/http    ( 2152): ---> 刷新主页数据啦
D/ld_audio_hw( 1368): ld_start_output_stream, stream=0xb584a660, sampleRate =44100, channel=2, bps=16, bufSize=2048
D/http    ( 2152): 获取多媒体信息 HTTP请求 Url: http://jsh.jslife.com.cn/jslife-service/app/query_media 
D/http    ( 2152): 参数：{"userId":"eaa2fc61c4784b6ba67ac352b4afc808","bizSource":"APP_ANDROID","bizType":"JSLIFE","token":"e5306930d83c4cfab785a60991a09360"}
D/http    ( 2152): 捷头条 HTTP请求 Url: http://jsh.jslife.com.cn/jslife-service/notice/info 
D/http    ( 2152): 参数：{"bizSource":"APP_ANDROID","bizType":"JSLIFE","token":"e5306930d83c4cfab785a60991a09360"}
I/jieshun.jslife( 2152): HomePageFragment ----- 查询社区公告 --------------
D/XMPP    ( 2152):  点击的 查询社区公告 mDefaultCommunityId =55981d2f448a42f796c2f20907aa2715
D/http    ( 2152): 查询我的消息列表 HTTP请求 Url: http://jsh.jslife.com.cn/jslife-service/notice/msg_list 
D/http    ( 2152): 参数：{"areaId":"55981d2f448a42f796c2f20907aa2715","mainType":"MANAGER_NOTIFY","pageIndex":"1","pageSize":"10","userId":"eaa2fc61c4784b6ba67ac352b4afc808","bizSource":"APP_ANDROID","bizType":"JSLIFE","token":"e5306930d83c4cfab785a60991a09360"}
I/jieshun.jslife( 2152): HomePageFragment ---查询享周边 --------------
D/http    ( 2152): 查询我的消息列表 HTTP请求 Url: http://jsh.jslife.com.cn/jslife-service/notice/msg_list 
D/http    ( 2152): 参数：{"areaId":"55981d2f448a42f796c2f20907aa2715","mainType":"BUSINESS_NOTIFY","pageIndex":"1","pageSize":"10","userId":"eaa2fc61c4784b6ba67ac352b4afc808","bizSource":"APP_ANDROID","bizType":"JSLIFE","token":"e5306930d83c4cfab785a60991a09360"}
D/http    ( 2152): 加载首页数据 HTTP请求 Url: http://jsh.jslife.com.cn/jslife-service/homepage/loading_data 
D/http    ( 2152): 参数：{"areaId":"55981d2f448a42f796c2f20907aa2715","invokeServiceType":"VOTE,MONTH_CARD_DELAY,PAYMENT_CAR,","personId":"fa9b33b036fe48f9a7f2ed8e32e64f4b","userId":"eaa2fc61c4784b6ba67ac352b4afc808","bizSource":"APP_ANDROID","bizType":"JSLIFE","token":"e5306930d83c4cfab785a60991a09360"}
I/http    ( 2152): ---> 开门页  -- 收到通知 ----> EVENT_HAVE_COMMUNITY_ID
I/openDoor( 2152): 刷新下标-----> 0
I/Ble     ( 2152):  是按设备开门（isByDevice）？ ====>  true
D/http    ( 2152): 查询门禁设备mac地址 HTTP请求 Url: http://jsh.jslife.com.cn/jslife-service/door/equip/query_mac 
D/http    ( 2152): 参数：{"personId":"fa9b33b036fe48f9a7f2ed8e32e64f4b","userId":"eaa2fc61c4784b6ba67ac352b4afc808","bizSource":"APP_ANDROID","bizType":"JSLIFE","token":"e5306930d83c4cfab785a60991a09360"}
V/libnb   ( 2152): enter native_bridge2_getTrampoline Java_com_baidu_location_Jni_a, trampoline_addr 0x0
V/libnb   ( 2152): enter native_bridge2_getTrampoline Java_com_baidu_location_Jni_a___3BI, trampoline_addr 0x0
V/libnb   ( 2152): enter native_bridge2_getTrampoline Java_com_baidu_location_Jni_a, trampoline_addr 0x0
V/libnb   ( 2152): enter native_bridge2_getTrampoline Java_com_baidu_location_Jni_a___3BI, trampoline_addr 0x0
V/libnb   ( 2152): enter native_bridge2_getTrampoline Java_com_baidu_location_Jni_a, trampoline_addr 0x0
V/libnb   ( 2152): enter native_bridge2_getTrampoline Java_com_baidu_location_Jni_a___3BI, trampoline_addr 0x0
V/libnb   ( 2152): enter native_bridge2_getTrampoline Java_com_baidu_location_Jni_a, trampoline_addr 0xb247c81c
I/MultiDex( 2375): VM with version 2.1.0 has multidex support
I/MultiDex( 2375): install
I/MultiDex( 2375): VM has multidex support, MultiDex support library is disabled.
D/BluetoothManagerService( 1538): Message: 20
D/BluetoothManagerService( 1538): Added callback: android.bluetooth.IBluetoothManagerCallback$Stub$Proxy@21ef4213:true
V/libnb   ( 2375): enter native_bridge2_isSupported /data/app/com.jieshun.jslife-2/lib/arm/libBaiduMapSDK_base_v4_5_2.so
V/libnb   ( 2375): enter native_bridge2_loadLibrary /data/app/com.jieshun.jslife-2/lib/arm/libBaiduMapSDK_base_v4_5_2.so
W/AudioFlinger( 1368): write blocked for 404 msecs, 2 delayed writes, thread 0xb58a4000
D/houdini ( 2375): [2375] Added shared library /data/app/com.jieshun.jslife-2/lib/arm/libBaiduMapSDK_base_v4_5_2.so for ClassLoader by Native Bridge.
V/libnb   ( 2375): enter native_bridge2_getTrampoline JNI_OnLoad, trampoline_addr 0x0
V/libnb   ( 2375): enter native_bridge2_getTrampoline Java_com_baidu_platform_comjni_tools_JNITools_initClass, trampoline_addr 0xb2480fc4
V/libnb   ( 2375): enter native_bridge2_getTrampoline Java_com_baidu_platform_comjni_util_JNIMD5_encodeUrlParamsValue, trampoline_addr 0xb2480f8c
W/DeviceId( 2375): galaxy lib host missing meta-data,make sure you know the right way to integrate galaxy
W/DeviceId( 2375): galaxy lib host missing meta-data,make sure you know the right way to integrate galaxy
W/DeviceId( 2375): galaxy lib host missing meta-data,make sure you know the right way to integrate galaxy
V/libnb   ( 2375): enter native_bridge2_getTrampoline Java_com_baidu_platform_comjni_util_JNISysOSAPI_create, trampoline_addr 0xb2480f54
V/libnb   ( 2375): enter native_bridge2_getTrampoline Java_com_baidu_platform_comjni_util_JNISysOSAPI_init, trampoline_addr 0xb2480f1c
I/BaiduApiAuth( 2375): BaiduApiAuth SDK Version:1.0.20
D/phoneInfo( 2375): mAppSysOSAPI not null
D/phoneInfo( 2375): Bundle[{screen_x=720, screen_y=1280, mb=oppo r11 plus, os=Android22, sv=4.5.2, cpu=, glr=, glv=, net=0, pcn=com.jieshun.jslife, cuid=B1F8C6E95753F718BAFE862BFFE33696|819808620661568, dpi_x=320, dpi_y=320, resid=02, channel=baidu, signature=[B@c4a8951}]
I/System.out( 2375): initEngineManager 
I/System.out( 2375): initEngineManager null: true
V/libnb   ( 2375): enter native_bridge2_isSupported /data/app/com.jieshun.jslife-2/lib/arm/libapp_BaiduPanoramaAppLib.so
V/libnb   ( 2375): enter native_bridge2_loadLibrary /data/app/com.jieshun.jslife-2/lib/arm/libapp_BaiduPanoramaAppLib.so
D/houdini ( 2375): [2375] Added shared library /data/app/com.jieshun.jslife-2/lib/arm/libapp_BaiduPanoramaAppLib.so for ClassLoader by Native Bridge.
V/libnb   ( 2375): enter native_bridge2_getTrampoline JNI_OnLoad, trampoline_addr 0xb2480ee4
I/System.out( 2375): initEngineManager error 
I/System.out( 2375): initEngineManager init 
I/System.out( 2375): initEngineManager init after 
I/System.out( 2375): global application 初始化地图后
D/config.AppConfig( 2375): 开始初始化APP配置信息====
D/config.AppConfig( 2375): versionNo=302030
D/config.AppConfig( 2375): versionName=V3.2.3
D/config.AppConfig( 2375): appPackageName=com.jieshun.jslife
D/config.AppConfig( 2375): openfireAddress=jsimp.jslife.com.cn
D/config.AppConfig( 2375): openfirePort=7608
D/config.AppConfig( 2375): yunServerJID=formal_cloud_jsh@openfire-cloud/master
D/config.AppConfig( 2375): yunServerAdddress=http://www.jslife.com.cn
D/config.AppConfig( 2375): voipServerAddress=39.108.231.151:7781
D/config.AppConfig( 2375): baseHttpUrl=http://jsh.jslife.com.cn/jslife-service
D/config.AppConfig( 2375): webBaseUrl=http://jsh.jslife.com.cn/jshapp
D/config.AppConfig( 2375): signatoryCloudJid=formal_cloud_jcxt@openfire-cloud/jscsp_master
D/baidu_location_service( 2375): baidu location service start1 ...20171027...2375
I/baidu_location_service( 2375): LocationAuthManager Authentication AUTHENTICATE_SUCC
I/art     ( 2375): Rejecting re-init on previously-failed class java.lang.Class<com.baidu.location.e.d$a>
I/art     ( 2375): Rejecting re-init on previously-failed class java.lang.Class<com.baidu.location.e.d$a>
I/System.out( 2375): onGetPermissionState iError 0
I/System.out( 2375): *****key认证成功*****
I/art     ( 2375): Rejecting re-init on previously-failed class java.lang.Class<com.baidu.location.e.d$a>
I/art     ( 2375): Rejecting re-init on previously-failed class java.lang.Class<com.baidu.location.e.d$a>
I/art     ( 2375): Rejecting re-init on previously-failed class java.lang.Class<com.baidu.location.e.d$a>
W/dex2oat ( 2340): Compilation of void Decoder.CharacterDecoder.<init>() took 110.298ms
D/WifiService( 1538): New client listening to asynchronous messages
D/ld_audio_hw( 1368): lineFun, out_standby
D/ld_audio_hw( 1368): ld_close_output_stream, dev=0xb5875240, stream =0xb584a660
D/ld_audio_hw( 1368): ld_close_output_stream, stream=0xb584a660,  success!
I/art     ( 2152): Explicit concurrent mark sweep GC freed 78491(6MB) AllocSpace objects, 9(176KB) LOS objects, 29% free, 37MB/53MB, paused 6.010ms total 166.409ms
I/art     ( 2152): Explicit concurrent mark sweep GC freed 71539(4MB) AllocSpace objects, 1(485KB) LOS objects, 32% free, 32MB/48MB, paused 255us total 41.169ms
I/art     ( 2152): Explicit concurrent mark sweep GC freed 5(160B) AllocSpace objects, 0(0B) LOS objects, 32% free, 32MB/48MB, paused 444us total 39.874ms
I/art     ( 2152): Explicit concurrent mark sweep GC freed 5(160B) AllocSpace objects, 0(0B) LOS objects, 32% free, 32MB/48MB, paused 1.955ms total 31.293ms
I/art     ( 2152): Explicit concurrent mark sweep GC freed 3(96B) AllocSpace objects, 0(0B) LOS objects, 32% free, 32MB/48MB, paused 7.827ms total 32.203ms
I/InputDispatcher( 1538): Application is not responding: Window{1ecc78af u0 com.jieshun.jslife/com.jieshun.jslife.activity.common.MainFragmentActivity}.  It has been 5045.1ms since event, 5003.0ms since wait started.  Reason: Waiting to send non-key event because the touched window has not finished processing certain input events that were delivered to it over 500.0ms ago.  Wait queue length: 10.  Wait queue head age: 5608.2ms.
W/Binder  ( 2152): Caught a RuntimeException from the binder stub implementation.
W/Binder  ( 2152): java.lang.NullPointerException: Attempt to read from field 'android.view.HardwareRenderer android.view.View$AttachInfo.mHardwareRenderer' on a null object reference
W/Binder  ( 2152): 	at android.view.WindowManagerGlobal.dumpGfxInfo(WindowManagerGlobal.java:476)
W/Binder  ( 2152): 	at android.app.ActivityThread$ApplicationThread.dumpGfxInfo(ActivityThread.java:1086)
W/Binder  ( 2152): 	at android.app.ApplicationThreadNative.onTransact(ApplicationThreadNative.java:546)
W/Binder  ( 2152): 	at android.os.Binder.execTransact(Binder.java:446)
W/SurfaceFlinger( 1362): setTransactionState timed out!
W/art     ( 1538): Long monitor contention event with owner method=int com.android.server.wm.WindowManagerService.relayoutWindow(com.android.server.wm.Session, android.view.IWindow, int, android.view.WindowManager$LayoutParams, int, int, int, int, android.graphics.Rect, android.graphics.Rect, android.graphics.Rect, android.graphics.Rect, android.graphics.Rect, android.content.res.Configuration, android.view.Surface) from WindowManagerService.java:3023 waiters=0 for 5.052s
W/art     ( 1538): Long monitor contention event with owner method=int com.android.server.wm.WindowManagerService.relayoutWindow(com.android.server.wm.Session, android.view.IWindow, int, android.view.WindowManager$LayoutParams, int, int, int, int, android.graphics.Rect, android.graphics.Rect, android.graphics.Rect, android.graphics.Rect, android.graphics.Rect, android.content.res.Configuration, android.view.Surface) from WindowManagerService.java:3023 waiters=1 for 4.835s
V/WindowManager( 1538): not Base app: Adding window Window{3d9fe26 u0 com.jieshun.jslife/com.jieshun.jslife.activity.common.MainFragmentActivity} at 4 of 7
W/art     ( 1538): Long monitor contention event with owner method=int com.android.server.wm.WindowManagerService.relayoutWindow(com.android.server.wm.Session, android.view.IWindow, int, android.view.WindowManager$LayoutParams, int, int, int, int, android.graphics.Rect, android.graphics.Rect, android.graphics.Rect, android.graphics.Rect, android.graphics.Rect, android.content.res.Configuration, android.view.Surface) from WindowManagerService.java:3023 waiters=2 for 548ms
I/WindowManager( 1538): Input event dispatching timed out sending to com.jieshun.jslife/com.jieshun.jslife.activity.common.MainFragmentActivity.  Reason: Waiting to send non-key event because the touched window has not finished processing certain input events that were delivered to it over 500.0ms ago.  Wait queue length: 10.  Wait queue head age: 5608.2ms.
E/EGL_adreno( 1642): tid 2036: eglSurfaceAttrib(1266): error 0x3009 (EGL_BAD_MATCH)
W/OpenGLRenderer( 1642): Failed to set EGL_SWAP_BEHAVIOR on surface 0xa314e600, error=EGL_BAD_MATCH
D/EGL_adreno( 1642): eglMakeCurrent: 0xb3fffa60: ver 2 0 (tinfo 0xa300daa0)
D/http    ( 2152): 门禁设备查询 HTTP请求 Url: http://jsh.jslife.com.cn/jslife-service/door/equip/query 
D/http    ( 2152): 参数：{"areaId":"55981d2f448a42f796c2f20907aa2715","operateMode":"1","pageIndex":"1","pageSize":"60","personId":"fa9b33b036fe48f9a7f2ed8e32e64f4b","userId":"eaa2fc61c4784b6ba67ac352b4afc808","bizSource":"APP_ANDROID","bizType":"JSLIFE","token":"e5306930d83c4cfab785a60991a09360"}
I/Choreographer( 2152): Skipped 795 frames!  The application may be doing too much work on its main thread.
W/art     ( 1538): Long monitor contention event with owner method=int com.android.server.wm.WindowManagerService.addWindow(com.android.server.wm.Session, android.view.IWindow, int, android.view.WindowManager$LayoutParams, int, int, android.graphics.Rect, android.graphics.Rect, android.view.InputChannel) from WindowManagerService.java:2297 waiters=1 for 361ms
W/InputManager( 1538): Input event injection from pid 2136 timed out.
W/InputManager( 1538): Input event injection from pid 2136 failed.
I/InputDispatcher( 1538): Window 'Window{22f764c u0 StatusBar}' spent 11241.4ms processing the last input event: MotionEvent(deviceId=0, source=0x00001002, action=0, flags=0x00000000, metaState=0x00000000, buttonState=0x00000000, edgeFlags=0x00000000, xPrecision=1.0, yPrecision=1.0, displayId=0, pointers=[0: (247.0, 276.0)]), policyFlags=0x6b000000
I/InputDispatcher( 1538): Window 'Window{22f764c u0 StatusBar}' spent 10940.2ms processing the last input event: MotionEvent(deviceId=0, source=0x00001002, action=0, flags=0x00000000, metaState=0x00000000, buttonState=0x00000000, edgeFlags=0x00000000, xPrecision=1.0, yPrecision=1.0, displayId=0, pointers=[0: (181.0, 87.0)]), policyFlags=0x6b000000
I/InputDispatcher( 1538): Window 'Window{22f764c u0 StatusBar}' spent 10638.4ms processing the last input event: MotionEvent(deviceId=0, source=0x00001002, action=0, flags=0x00000000, metaState=0x00000000, buttonState=0x00000000, edgeFlags=0x00000000, xPrecision=1.0, yPrecision=1.0, displayId=0, pointers=[0: (453.0, 187.0)]), policyFlags=0x6b000000
I/Choreographer( 1642): Skipped 675 frames!  The application may be doing too much work on its main thread.
E/RecyclerView( 2152): No adapter attached; skipping layout
D/EGL_adreno( 2152): eglMakeCurrent: 0xb3eded00: ver 2 0 (tinfo 0xa2ce3130)
D/PhoneStatusBar( 1642): disable: < expand icons* alerts system_info* back home recent clock search >
D/EGL_adreno( 1642): eglMakeCurrent: 0xb3fffa60: ver 2 0 (tinfo 0xa300daa0)
I/dex2oat ( 2340): dex2oat took 17.412s (threads: 2) arena alloc=734KB java alloc=21MB native alloc=40MB free=11MB
D/SMACK   ( 2152): 05:41:57 下午 RCV  (891784323): <presence from="formal_cloud_jsh@openfire-cloud/master" to="13632836691@openfire-cloud"/>
W/libbacktrace( 1875): void ThreadEntry::Wait(int): pthread_cond_timedwait failed: Connection timed out
E/DEBUG   ( 1365): timed out waiting for stop signal: tid=1518
E/DEBUG   ( 1365): detach failed: tid 1518, No such process
E/DEBUG   ( 1365): timed out waiting for stop signal: tid=1526
E/DEBUG   ( 1365): timed out waiting for stop signal: tid=1624
E/DEBUG   ( 1365): detach failed: tid 1624, No such process
E/DEBUG   ( 1365): timed out waiting for stop signal: tid=1980
E/DEBUG   ( 1365): detach failed: tid 1980, No such process
E/        ( 1365): debuggerd committing suicide to free the zombie!
I/UserState( 2152): myJid = 13632836691@openfire-cloud/A1b852863a receive jid=formal_cloud_jsh@openfire-cloud/master  state=ONLINE
I/        ( 2462): debuggerd: Apr 21 2016 18:14:16
E/WifiStateMachine( 1538): WifiStateMachine CMD_START_SCAN source -2 txSuccessRate=-0.00 rxSuccessRate=-0.00 targetRoamBSSID=00:81:ba:06:db:c6 RSSI=-45
W/art     ( 1538): Long monitor contention event with owner method=int com.android.server.wm.WindowManagerService.relayoutWindow(com.android.server.wm.Session, android.view.IWindow, int, android.view.WindowManager$LayoutParams, int, int, int, int, android.graphics.Rect, android.graphics.Rect, android.graphics.Rect, android.graphics.Rect, android.graphics.Rect, android.content.res.Configuration, android.view.Surface) from WindowManagerService.java:3023 waiters=0 for 7.310s
E/EGL_adreno( 2152): tid 2223: eglSurfaceAttrib(1266): error 0x3009 (EGL_BAD_MATCH)
W/OpenGLRenderer( 2152): Failed to set EGL_SWAP_BEHAVIOR on surface 0x9b44d420, error=EGL_BAD_MATCH
D/EGL_adreno( 2152): eglMakeCurrent: 0xb3eded00: ver 2 0 (tinfo 0xa2ce3130)
W/art     ( 1538): Long monitor contention event with owner method=int com.android.server.wm.WindowManagerService.relayoutWindow(com.android.server.wm.Session, android.view.IWindow, int, android.view.WindowManager$LayoutParams, int, int, int, int, android.graphics.Rect, android.graphics.Rect, android.graphics.Rect, android.graphics.Rect, android.graphics.Rect, android.content.res.Configuration, android.view.Surface) from WindowManagerService.java:3023 waiters=1 for 8.786s
E/EGL_adreno( 1642): tid 2036: eglSurfaceAttrib(1266): error 0x3009 (EGL_BAD_MATCH)
W/OpenGLRenderer( 1642): Failed to set EGL_SWAP_BEHAVIOR on surface 0xa314e600, error=EGL_BAD_MATCH
D/EGL_adreno( 1642): eglMakeCurrent: 0xb3fffa60: ver 2 0 (tinfo 0xa300daa0)
D/XMPP    ( 2152): 会员登录response: {"code":"200","msg":"成功","data":{"jkUrl":"http://hdjsjk.jieshunpay.cn:8113/jtc/public/account/account.html?access=12f3ec235ea14a28b2ff94e0d2a0fcabd24d57983ce6e5b6"}}
D/XMPP    ( 2152): 会员会员登录jkurl: http://hdjsjk.jieshunpay.cn:8113/jtc/public/account/account.html?access=12f3ec235ea14a28b2ff94e0d2a0fcabd24d57983ce6e5b6
I/http    ( 2152): ----> 开始检测版本
I/Choreographer( 1642): Skipped 555 frames!  The application may be doing too much work on its main thread.
I/art     ( 1875): Wrote stack traces to '/data/anr/traces.txt'
W/art     ( 1538): Long monitor contention event with owner method=int com.android.server.wm.WindowManagerService.relayoutWindow(com.android.server.wm.Session, android.view.IWindow, int, android.view.WindowManager$LayoutParams, int, int, int, int, android.graphics.Rect, android.graphics.Rect, android.graphics.Rect, android.graphics.Rect, android.graphics.Rect, android.content.res.Configuration, android.view.Surface) from WindowManagerService.java:3023 waiters=1 for 1.224s
I/CallbackListener( 2152): requestMap add  activity = com.jieshun.jslife.activity.common.UpdateApkLogic$2@334fc931  serviceId = JSCSP_VERSION_GETNEWVERSION
I/CallbackListener( 2152): 请求队列xmppQueQue=========1
D/SMACK   ( 2152): 05:42:04 下午 SENT (891784323): <iq id="jdjym5_3" to="formal_cloud_jsh@openfire-cloud/master" type="get"><dreq xmlns="xmpp:iq:shunt"><cnt>{&quot;attributes&quot;:{},&quot;dataItems&quot;:[{&quot;attributes&quot;:{&quot;mobileModels&quot;:&quot;ANDROID&quot;,&quot;versionType&quot;:&quot;JSLIFE&quot;},&quot;failItems&quot;:[],&quot;objectId&quot;:&quot;objID&quot;,&quot;operateType&quot;:&quot;READ&quot;,&quot;subItems&quot;:[]}],&quot;requestType&quot;:&quot;DIRECTIVE&quot;,&quot;seqId&quot;:&quot;jdjym5_3&quot;,&quot;serviceId&quot;:&quot;JSCSP_VERSION_GETNEWVERSION&quot;}</cnt><crc>-1953362964</crc><mode>ASYNC</mode><type>DIRECTIVE</type></dreq></iq>
D/XMPP    ( 2152): XMPP请求------> JSCSP_VERSION_GETNEWVERSION ---> 消息内容: {"attributes":{},"dataItems":[{"attributes":{"mobileModels":"ANDROID","versionType":"JSLIFE"},"failItems":[],"objectId":"objID","operateType":"READ","subItems":[]}],"requestType":"DIRECTIVE","seqId":"jdjym5_3","serviceId":"JSCSP_VERSION_GETNEWVERSION"}
W/art     ( 1538): Suspending all threads took: 44.745ms
W/art     ( 1538): Long monitor contention event with owner method=void com.android.server.am.ActivityManagerService.closeSystemDialogs(java.lang.String) from ActivityManagerService.java:5479 waiters=0 for 5.055s
W/art     ( 1538): Long monitor contention event with owner method=void com.android.server.am.ActivityManagerService.closeSystemDialogs(java.lang.String) from ActivityManagerService.java:5479 waiters=2 for 2.968s
I/art     ( 1538): Explicit concurrent mark sweep GC freed 26928(1331KB) AllocSpace objects, 13(308KB) LOS objects, 33% free, 13MB/20MB, paused 67.619ms total 1.389s
W/InputMethodManagerService( 1538): Window already focused, ignoring focus gain of: com.android.internal.view.IInputMethodClient$Stub$Proxy@2b343014 attribute=null, token = android.os.BinderProxy@3e62e88e
W/art     ( 1538): Long monitor contention event with owner method=void com.android.server.am.ActivityManagerService.closeSystemDialogs(java.lang.String) from ActivityManagerService.java:5479 waiters=1 for 3.098s
E/ActivityManager( 1538): denglibo handle startActivityAsUser Intent { act=android.intent.action.MAIN cat=[android.intent.category.HOME] flg=0x10200000 } error!!!
E/ActivityManager( 1538): java.lang.NullPointerException: Attempt to invoke virtual method 'java.lang.String android.content.ComponentName.getPackageName()' on a null object reference
E/ActivityManager( 1538): 	at com.android.server.am.ActivityManagerService.startActivityAsUser(ActivityManagerService.java:3386)
E/ActivityManager( 1538): 	at android.app.ContextImpl.startActivityAsUser(ContextImpl.java:1252)
E/ActivityManager( 1538): 	at android.app.ContextImpl.startActivityAsUser(ContextImpl.java:1231)
E/ActivityManager( 1538): 	at com.android.internal.policy.impl.PhoneWindowManager.startActivityAsUser(PhoneWindowManager.java:2893)
E/ActivityManager( 1538): 	at com.android.internal.policy.impl.PhoneWindowManager.startDockOrHome(PhoneWindowManager.java:5851)
E/ActivityManager( 1538): 	at com.android.internal.policy.impl.PhoneWindowManager.launchHomeFromHotKey(PhoneWindowManager.java:3021)
E/ActivityManager( 1538): 	at com.android.internal.policy.impl.PhoneWindowManager.handleShortPressOnHome(PhoneWindowManager.java:1140)
E/ActivityManager( 1538): 	at com.android.internal.policy.impl.PhoneWindowManager.interceptKeyBeforeDispatching(PhoneWindowManager.java:2480)
E/ActivityManager( 1538): 	at com.android.server.wm.InputMonitor.interceptKeyBeforeDispatching(InputMonitor.java:388)
E/ActivityManager( 1538): 	at com.android.server.input.InputManagerService.interceptKeyBeforeDispatching(InputManagerService.java:1481)
W/art     ( 1538): Long monitor contention event with owner method=void com.android.server.am.ActivityManagerService.closeSystemDialogs(java.lang.String) from ActivityManagerService.java:5479 waiters=3 for 613ms
I/ActivityManager( 1538): START u0 {act=android.intent.action.MAIN cat=[android.intent.category.HOME] flg=0x10200000 cmp=com.android.launcher3/.Launcher} from uid 1000 on display 0
D/AdHotSeatView( 1931): updateIconButton.
D/SMACK   ( 2152): 05:42:04 下午 RCV  (891784323): <iq id="jdjym5_3" to="13632836691@openfire-cloud/A1b852863a" from="formal_cloud_jsh@openfire-cloud/master" type="result"><dres xmlns="xmpp:iq:shunt"><cnt>{"attributes":{},"dataItems":[{"attributes":{"id":"7f1a50e9c76b41919f4c06d46abe15db","fileSize":"33288516","updateTime":"2018-08-21 17:24:47","verionInfo":"【2018.08.21】\r\n捷生活V3.2.3更新说明：\r\n1. 优化投诉报修的图片上传，提升使用体验。\r\n2. 修复了几个bug。","name":"V3.2.3","versionNo":"302030","downloadUrl":"http://www.jslife.com.cn:80/jsstApp/app/appVersionAction!downloadAppVersion.action?savePath=jsLife_build_V3.2.3_20180821_01_5ad1b1b1_enc_signed_Aligned_302030.apk","mobileModels":"ANDROID","minVersionNo":302030,"versionType":"JSLIFE","isForced":"FALSE"},"failItems":[],"objectId":"","operateType":"READ","subItems":[]}],"resultCode":0,"seqId":"jdjym5_3","serviceId":"JSCSP_VERSION_GETNEWVERSION"}</cnt><crc>-859838462</crc><rc>0</rc><sync>false</sync></dres></iq>
I/CallbackListener( 2152): requestMap  remove  serviceId = JSCSP_VERSION_GETNEWVERSION in = com.jieshun.jslife.activity.common.UpdateApkLogic$2@334fc931
D/XMPP    ( 2152): 接收到云平台返回数据: {"attributes":{},"dataItems":[{"attributes":{"downloadUrl":"http://www.jslife.com.cn:80/jsstApp/app/appVersionAction!downloadAppVersion.action?savePath=jsLife_build_V3.2.3_20180821_01_5ad1b1b1_enc_signed_Aligned_302030.apk","fileSize":"33288516","id":"7f1a50e9c76b41919f4c06d46abe15db","isForced":"FALSE","minVersionNo":302030,"mobileModels":"ANDROID","name":"V3.2.3","updateTime":"2018-08-21 17:24:47","verionInfo":"【2018.08.21】\r\n捷生活V3.2.3更新说明：\r\n1. 优化投诉报修的图片上传，提升使用体验。\r\n2. 修复了几个bug。","versionNo":"302030","versionType":"JSLIFE"},"failItems":[],"objectId":"","operateType":"READ","subItems":[]}],"resultCode":0,"seqId":"jdjym5_3","serviceId":"JSCSP_VERSION_GETNEWVERSION"}
I/art     ( 2152): Explicit concurrent mark sweep GC freed 9683(516KB) AllocSpace objects, 2(32KB) LOS objects, 32% free, 33MB/49MB, paused 1.189ms total 210.475ms
V/WindowManager( 1538): not Base app: Adding window Window{5d7d6b2 u0 com.jieshun.jslife/com.jieshun.jslife.activity.common.MainFragmentActivity} at 5 of 8
D/http    ( 2152): 用户关联小区 HTTP请求 Url: http://jsh.jslife.com.cn/jslife-service/user/area 
D/http    ( 2152): 参数：{"currentLocationLatitude":"39.916407589357014","currentLocationLongitude":"116.41025599543832","userId":"eaa2fc61c4784b6ba67ac352b4afc808","bizSource":"APP_ANDROID","bizType":"JSLIFE","token":"e5306930d83c4cfab785a60991a09360"}
D/XMPP    ( 2152): 会员登录response: {"code":"200","msg":"成功","data":{"jkUrl":"http://hdjsjk.jieshunpay.cn:8113/jtc/public/account/account.html?access=3c56f9ea9acebba99ca6d2ce1e02368e2f777c10dc2b24e6"}}
D/XMPP    ( 2152): 会员会员登录jkurl: http://hdjsjk.jieshunpay.cn:8113/jtc/public/account/account.html?access=3c56f9ea9acebba99ca6d2ce1e02368e2f777c10dc2b24e6
I/InputDispatcher( 1538): Window 'Window{1ecc78af u0 com.jieshun.jslife/com.jieshun.jslife.activity.common.MainFragmentActivity}' spent 17269.2ms processing the last input event: MotionEvent(deviceId=0, source=0x00010004, action=2, flags=0x00000000, metaState=0x00000000, buttonState=0x00000000, edgeFlags=0x00000000, xPrecision=1.0, yPrecision=1.0, displayId=0, pointers=[0: (2.0, -4.0)]), policyFlags=0x6b000000
I/InputDispatcher( 1538): Window 'Window{1ecc78af u0 com.jieshun.jslife/com.jieshun.jslife.activity.common.MainFragmentActivity}' spent 17268.7ms processing the last input event: MotionEvent(deviceId=0, source=0x00010004, action=2, flags=0x00000000, metaState=0x00000000, buttonState=0x00000000, edgeFlags=0x00000000, xPrecision=1.0, yPrecision=1.0, displayId=0, pointers=[0: (-1.0, 0.0)]), policyFlags=0x6b000000
I/InputDispatcher( 1538): Window 'Window{1ecc78af u0 com.jieshun.jslife/com.jieshun.jslife.activity.common.MainFragmentActivity}' spent 17268.4ms processing the last input event: MotionEvent(deviceId=0, source=0x00010004, action=2, flags=0x00000000, metaState=0x00000000, buttonState=0x00000000, edgeFlags=0x00000000, xPrecision=1.0, yPrecision=1.0, displayId=0, pointers=[0: (-5.0, 1.0)]), policyFlags=0x6b000000
I/InputDispatcher( 1538): Window 'Window{1ecc78af u0 com.jieshun.jslife/com.jieshun.jslife.activity.common.MainFragmentActivity}' spent 17268.1ms processing the last input event: MotionEvent(deviceId=0, source=0x00010004, action=2, flags=0x00000000, metaState=0x00000000, buttonState=0x00000000, edgeFlags=0x00000000, xPrecision=1.0, yPrecision=1.0, displayId=0, pointers=[0: (4.0, -3.0)]), policyFlags=0x6b000000
I/InputDispatcher( 1538): Window 'Window{1ecc78af u0 com.jieshun.jslife/com.jieshun.jslife.activity.common.MainFragmentActivity}' spent 17267.8ms processing the last input event: MotionEvent(deviceId=0, source=0x00010004, action=2, flags=0x00000000, metaState=0x00000000, buttonState=0x00000000, edgeFlags=0x00000000, xPrecision=1.0, yPrecision=1.0, displayId=0, pointers=[0: (1.0, -3.0)]), policyFlags=0x6b000000
I/InputDispatcher( 1538): Window 'Window{1ecc78af u0 com.jieshun.jslife/com.jieshun.jslife.activity.common.MainFragmentActivity}' spent 17267.4ms processing the last input event: MotionEvent(deviceId=0, source=0x00010004, action=2, flags=0x00000000, metaState=0x00000000, buttonState=0x00000000, edgeFlags=0x00000000, xPrecision=1.0, yPrecision=1.0, displayId=0, pointers=[0: (-2.0, -4.0)]), policyFlags=0x6b000000
I/InputDispatcher( 1538): Window 'Window{1ecc78af u0 com.jieshun.jslife/com.jieshun.jslife.activity.common.MainFragmentActivity}' spent 17267.2ms processing the last input event: MotionEvent(deviceId=0, source=0x00010004, action=2, flags=0x00000000, metaState=0x00000000, buttonState=0x00000000, edgeFlags=0x00000000, xPrecision=1.0, yPrecision=1.0, displayId=0, pointers=[0: (3.0, 3.0)]), policyFlags=0x6b000000
I/InputDispatcher( 1538): Window 'Window{1ecc78af u0 com.jieshun.jslife/com.jieshun.jslife.activity.common.MainFragmentActivity}' spent 17267.0ms processing the last input event: MotionEvent(deviceId=0, source=0x00010004, action=2, flags=0x00000000, metaState=0x00000000, buttonState=0x00000000, edgeFlags=0x00000000, xPrecision=1.0, yPrecision=1.0, displayId=0, pointers=[0: (0.0, 2.0)]), policyFlags=0x6b000000
I/InputDispatcher( 1538): Window 'Window{1ecc78af u0 com.jieshun.jslife/com.jieshun.jslife.activity.common.MainFragmentActivity}' spent 17266.8ms processing the last input event: MotionEvent(deviceId=0, source=0x00010004, action=2, flags=0x00000000, metaState=0x00000000, buttonState=0x00000000, edgeFlags=0x00000000, xPrecision=1.0, yPrecision=1.0, displayId=0, pointers=[0: (4.0, -1.0)]), policyFlags=0x6b000000
I/InputDispatcher( 1538): Window 'Window{1ecc78af u0 com.jieshun.jslife/com.jieshun.jslife.activity.common.MainFragmentActivity}' spent 17266.6ms processing the last input event: MotionEvent(deviceId=0, source=0x00010004, action=2, flags=0x00000000, metaState=0x00000000, buttonState=0x00000000, edgeFlags=0x00000000, xPrecision=1.0, yPrecision=1.0, displayId=0, pointers=[0: (-1.0, -3.0)]), policyFlags=0x6b000000
I/InputDispatcher( 1538): Dropped event because it is stale.
I/http    ( 2152): 
I/http    ( 2152): 获取多媒体信息 HTTP 返回：{"resultCode":"0","message":"","obj":{"mediaInfoList":[{"category":"HOMEPAGE","type":"PICTURE","title":"雅兰床垫","userType":"APP","fileSize":"179091","mediaMsg":"","param":"","storeUrl":"\/HOMEPAGE\/2018-08-20\/382104fc3bf9421e801aeefc2eab805c.jpg","activeUrl":"https:\/\/plugin.i-lzhd.com\/aABXKQJCVGzdIjPa","buildDate":"2018-08-20 15:40:58","modifiedDate":"2018-08-20 15:40:58"},{"category":"HOMEPAGE","type":"PICTURE","title":"七夕","userType":"APP","fileSize":"105260","mediaMsg":"","param":"","storeUrl":"\/HOMEPAGE\/2018-08-16\/049c3f613161493280fb1a71e82b1d93.jpg","activeUrl":"","buildDate":"2018-08-20 15:39:36","modifiedDate":"2018-08-20 15:39:36"},{"category":"HOMEPAGE","type":"PICTURE","title":"ofo共享单车-用车红包","userType":"SYS","fileSize":"137733","mediaMsg":"","param":"","storeUrl":"\/HOMEPAGE\/2018-08-09\/e45820916c9e46e295ae960ee63ed868.png","activeUrl":"http:\/\/t.cn\/RDinkZo","buildDate":"2018-08-09 17:44:13","modifiedDate":"2018-08-09 17:44:13"}]},"seqId":"3180eaed8f8640f3b3f7dddd8f4fadb4","right":true}
W/InputManager( 1538): Input event injection from pid 2136 failed.
D/AudioTrack( 1538): use orig AudioTrack! mIsTimed=0 transferType=0 flags=4
D/AudioTrack( 1538): use orig AudioTrack! mIsTimed=0 transferType=0 flags=4
D/AudioTrack( 1538): use orig AudioTrack! mIsTimed=0 transferType=0 flags=4
D/ld_audio_hw( 1368): ld_start_output_stream, stream=0xb584a660, sampleRate =44100, channel=2, bps=16, bufSize=2048
I/Process ( 1538): Sending signal. PID: 2152 SIG: 3
I/art     ( 2152): Thread[3,tid=2161,WaitingInMainSignalCatcherLoop,Thread*=0xb3c26c00,peer=0x12c000a0,"Signal Catcher"]: reacting to signal 3
I/Process ( 1538): Sending signal. PID: 1931 SIG: 3
I/art     ( 1931): Thread[3,tid=1948,WaitingInMainSignalCatcherLoop,Thread*=0xb3c25c00,peer=0x32c070a0,"Signal Catcher"]: reacting to signal 3
I/art     ( 1931): Wrote stack traces to '/data/anr/traces.txt'
E/ActivityManager( 1538): ANR in com.android.systemui
E/ActivityManager( 1538): PID: 1642
E/ActivityManager( 1538): Reason: Input dispatching timed out (Waiting to send non-key event because the touched window has not finished processing certain input events that were delivered to it over 500.0ms ago.  Wait queue length: 9.  Wait queue head age: 5506.6ms.)
E/ActivityManager( 1538): Load: 10.4 / 6.46 / 3.09
E/ActivityManager( 1538): CPU usage from 0ms to 22804ms later:
E/ActivityManager( 1538):   14% 2152/com.jieshun.jslife: 7.7% user + 6.8% kernel / faults: 40016 minor 403 major
E/ActivityManager( 1538):   4.2% 1538/system_server: 1% user + 3.1% kernel / faults: 2467 minor 335 major
E/ActivityManager( 1538):   0.7% 1642/com.android.systemui: 0.2% user + 0.4% kernel / faults: 1638 minor 192 major
E/ActivityManager( 1538):   0.2% 1376/adbd: 0% user + 0.2% kernel / faults: 710 minor
E/ActivityManager( 1538):   0% 1368/mediaserver: 0% user + 0% kernel / faults: 20 minor 11 major
E/ActivityManager( 1538):   0% 1902/com.android.phone: 0% user + 0% kernel / faults: 593 minor 7 major
E/ActivityManager( 1538):   0.1% 1356/logd: 0% user + 0.1% kernel / faults: 26 minor
E/ActivityManager( 1538):   0.1% 1362/surfaceflinger: 0% user + 0.1% kernel / faults: 17 minor 4 major
E/ActivityManager( 1538):   0% 1372/zygote: 0% user + 0% kernel / faults: 1649 minor 6 major
E/ActivityManager( 1538):   0% 1875/com.android.emu.coreservice: 0% user + 0% kernel / faults: 407 minor 77 major
E/ActivityManager( 1538):   0.1% 7/rcu_preempt: 0% user + 0.1% kernel
E/ActivityManager( 1538):   0% 1931/com.android.launcher3: 0% user + 0% kernel / faults: 430 minor 19 major
E/ActivityManager( 1538):   0% 3/ksoftirqd/0: 0% user + 0% kernel
E/ActivityManager( 1538):   0% 1240/kworker/1:1H: 0% user + 0% kernel
E/ActivityManager( 1538):   0% 2136/com.android.commands.monkey: 0% user + 0% kernel / faults: 63 minor 30 major
E/ActivityManager( 1538):   0% 6/kworker/u4:0: 0% user + 0% kernel
E/ActivityManager( 1538):   0% 10/rcuop/0: 0% user + 0% kernel
E/ActivityManager( 1538):   0% 17/ksoftirqd/1: 0% user + 0% kernel
E/ActivityManager( 1538):   0% 20/rcuop/1: 0% user + 0% kernel
E/ActivityManager( 1538):   0% 1224/kworker/0:1H: 0% user + 0% kernel
E/ActivityManager( 1538):   0% 1364/netd: 0% user + 0% kernel / faults: 124 minor
E/ActivityManager( 1538):   0% 2138/logcat: 0% user + 0% kernel / faults: 3 minor
E/ActivityManager( 1538):  +0% 2375/com.jieshun.jslife:remote: 0% user + 0% kernel
E/ActivityManager( 1538):  +0% 2431/logcat: 0% user + 0% kernel
E/ActivityManager( 1538):  +0% 2459/dumpsys: 0% user + 0% kernel
E/ActivityManager( 1538):  +0% 2462/debuggerd: 0% user + 0% kernel
E/ActivityManager( 1538): 89% TOTAL: 16% user + 20% kernel + 52% iowait + 0.5% softirq
E/ActivityManager( 1538): CPU usage from 21888ms to 22395ms later:
E/ActivityManager( 1538):   17% 2152/com.jieshun.jslife: 7.8% user + 9.8% kernel / faults: 536 minor 41 major
E/ActivityManager( 1538):     3.9% 2193/Binder_4: 3.9% user + 0% kernel
E/ActivityManager( 1538):     3.9% 2316/Tmcom-MapRender: 0% user + 3.9% kernel
E/ActivityManager( 1538):     1.9% 2152/.jieshun.jslife: 0% user + 1.9% kernel
E/ActivityManager( 1538):     1.9% 2315/Thread-190: 0% user + 1.9% kernel
E/ActivityManager( 1538):   3.9% 1538/system_server: 0% user + 3.9% kernel / faults: 34 minor 23 major
E/ActivityManager( 1538):     1.9% 1558/ActivityManager: 0% user + 1.9% kernel
E/ActivityManager( 1538):     1.9% 1570/AlarmManager: 0% user + 1.9% kernel
E/ActivityManager( 1538):    +0% 2467/AudioTrack: 0% user + 0% kernel
E/ActivityManager( 1538):    +0% 2468/AudioTrack: 0% user + 0% kernel
E/ActivityManager( 1538):    +0% 2469/AudioTrack: 0% user + 0% kernel
E/ActivityManager( 1538):   1.9% 1356/logd: 1.9% user + 0% kernel / faults: 4 minor
E/ActivityManager( 1538):   0.5% 1368/mediaserver: 0.5% user + 0% kernel / faults: 9 minor 3 major
E/ActivityManager( 1538):     0.5% 1368/mediaserver: 0.5% user + 0% kernel
E/ActivityManager( 1538):     0.5% 1537/FastMixer: 0% user + 0.5% kernel
E/ActivityManager( 1538):   0.5% 1376/adbd: 0% user + 0.5% kernel / faults: 42 minor
E/ActivityManager( 1538):     0.5% 1376/adbd: 0% user + 0.5% kernel
E/ActivityManager( 1538):   0.5% 1931/com.android.launcher3: 0% user + 0.5% kernel / faults: 34 minor 12 major
E/ActivityManager( 1538): 100% TOTAL: 3.1% user + 6.3% kernel + 89% iowait + 1% softirq
I/art     ( 2152): Explicit concurrent mark sweep GC freed 14102(645KB) AllocSpace objects, 0(0B) LOS objects, 32% free, 33MB/49MB, paused 31.470ms total 59.378ms
I/art     ( 2152): Explicit concurrent mark sweep GC freed 1674(52KB) AllocSpace objects, 0(0B) LOS objects, 32% free, 33MB/49MB, paused 395us total 139.617ms
I/art     ( 2152): Wrote stack traces to '/data/anr/traces.txt'
I/art     ( 2152): Explicit concurrent mark sweep GC freed 328(13KB) AllocSpace objects, 0(0B) LOS objects, 32% free, 33MB/49MB, paused 327us total 15.938ms
I/Process ( 1538): Sending signal. PID: 2152 SIG: 3
I/art     ( 2152): Thread[3,tid=2161,WaitingInMainSignalCatcherLoop,Thread*=0xb3c26c00,peer=0x12c000a0,"Signal Catcher"]: reacting to signal 3
W/art     ( 2152): Suspending all threads took: 8.805ms
I/com.jieshun.jslife.activity.homepage.HomePageFragment( 2152): 更新图片信息！===========
I/Process ( 1538): Sending signal. PID: 1538 SIG: 3
I/art     ( 1538): Thread[3,tid=1542,WaitingInMainSignalCatcherLoop,Thread*=0xb3c25c00,peer=0x12c020a0,"Signal Catcher"]: reacting to signal 3
