D/ConnectivityService( 1539): notifyType AVAILABLE for NetworkAgentInfo [Ethernet () - 100]
D/ConnectivityService( 1539): NetworkAgentInfo [WIFI () - 101] EVENT_NETWORK_INFO_CHANGED, going from CONNECTING to CONNECTED
D/ConnectivityService( 1539): Adding iface wlan0 to network 101
E/ConnectivityService( 1539): Unexpected mtu value: 0, wlan0
D/ConnectivityService( 1539): Adding Route [172.16.2.0/24 -> 0.0.0.0 wlan0] to network 101
D/ConnectivityService( 1539): Adding Route [10.0.2.2/32 -> 0.0.0.0 wlan0] to network 101
D/ConnectivityService( 1539): Adding Route [0.0.0.0/0 -> 10.0.2.2 wlan0] to network 101
D/ConnectivityService( 1539): Setting Dns servers for network 101 to [/114.114.114.114, /114.114.115.115, /119.29.29.29]
D/ConnectivityService( 1539): notifyType IP_CHANGED for NetworkAgentInfo [WIFI () - 101]
D/ConnectivityService( 1539): notifyType PRECHECK for NetworkAgentInfo [WIFI () - 101]
D/ConnectivityService( 1539): rematching NetworkAgentInfo [WIFI () - 101]
D/ConnectivityService( 1539): setProvNotificationVisibleIntent: E visible=false networkType=0 extraInfo=null
D/ConnectivityService( 1539): Validated NetworkAgentInfo [WIFI () - 101]
D/ConnectivityService( 1539): rematching NetworkAgentInfo [WIFI () - 101]
D/ConnectivityService( 1539):    accepting network in place of NetworkAgentInfo [Ethernet () - 100]
D/ConnectivityService( 1539): notifyType LOSING for NetworkAgentInfo [Ethernet () - 100]
D/ConnectivityService( 1539): Switching to new default network: NetworkAgentInfo{ ni{[type: WIFI[], state: CONNECTED/CONNECTED, reason: (unspecified), extra: "wireless", roaming: false, failover: false, isAvailable: true, isConnectedToProvisioningNetwork: false]}  network{101}  lp{{InterfaceName: wlan0 LinkAddresses: [172.16.2.15/24,]  Routes: [172.16.2.0/24 -> 0.0.0.0 wlan0,10.0.2.2/32 -> 0.0.0.0 wlan0,0.0.0.0/0 -> 10.0.2.2 wlan0,] DnsAddresses: [114.114.114.114,114.114.115.115,] Domains: null MTU: 0 TcpBufferSizes: 524288,1048576,2097152,262144,524288,1048576}}  nc{[ Transports: WIFI Capabilities: INTERNET&NOT_RESTRICTED&TRUSTED&NOT_VPN LinkUpBandwidth>=1048576Kbps LinkDnBandwidth>=1048576Kbps]}  Score{60}  everValidated{true}  lastValidated{true}  created{true}  explicitlySelected{false} }
D/ConnectivityService( 1539): Setting tx/rx TCP buffers to 524288,1048576,2097152,262144,524288,1048576
D/ConnectivityService( 1539): notifyType AVAILABLE for NetworkAgentInfo [WIFI () - 101]
D/CSLegacyTypeTracker( 1539): Sending disconnected broadcast for type 9 NetworkAgentInfo [Ethernet () - 100] isDefaultNetwork=false
D/ConnectivityService( 1539): sendStickyBroadcast: action=android.net.conn.CONNECTIVITY_CHANGE_IMMEDIATE
D/ConnectivityService( 1539): sendStickyBroadcast: action=android.net.conn.CONNECTIVITY_CHANGE
D/CSLegacyTypeTracker( 1539): Sending connected broadcast for type 1 NetworkAgentInfo [WIFI () - 101] isDefaultNetwork=true
D/ConnectivityService( 1539): sendStickyBroadcast: action=android.net.conn.CONNECTIVITY_CHANGE_IMMEDIATE
D/ConnectivityService( 1539): sendStickyBroadcast: action=android.net.conn.CONNECTIVITY_CHANGE
D/ConnectivityService( 1539): Validated NetworkAgentInfo [WIFI () - 101]
E/ConnectivityService( 1539): Failed to find Messenger in unregisterNetworkFactory
D/ConnectivityService( 1539): Got NetworkFactory Messenger for Telephony
I/ActivityManager( 1539): Start proc 2083:com.android.providers.calendar/u0a0 for broadcast com.android.providers.calendar/.CalendarReceiver
W/ResourcesManager( 2083): Asset path '/system/framework/android.test.runner.jar' does not exist or contains no resources.
D/WifiService( 1539): New client listening to asynchronous messages
E/RemotePrintSpooler( 1539): Error removing obsolete print jobs .
E/RemotePrintSpooler( 1539): java.util.concurrent.TimeoutException: Cannot get spooler!
E/RemotePrintSpooler( 1539): 	at com.android.server.print.RemotePrintSpooler.bindLocked(RemotePrintSpooler.java:378)
E/RemotePrintSpooler( 1539): 	at com.android.server.print.RemotePrintSpooler.getRemoteInstanceLazy(RemotePrintSpooler.java:354)
E/RemotePrintSpooler( 1539): 	at com.android.server.print.RemotePrintSpooler.removeObsoletePrintJobs(RemotePrintSpooler.java:289)
E/RemotePrintSpooler( 1539): 	at com.android.server.print.UserState.removeObsoletePrintJobs(UserState.java:165)
E/RemotePrintSpooler( 1539): 	at com.android.server.print.PrintManagerService$PrintManagerImpl$3.run(PrintManagerService.java:644)
E/RemotePrintSpooler( 1539): 	at android.os.Handler.handleCallback(Handler.java:739)
E/RemotePrintSpooler( 1539): 	at android.os.Handler.dispatchMessage(Handler.java:95)
E/RemotePrintSpooler( 1539): 	at android.os.Looper.loop(Looper.java:135)
E/RemotePrintSpooler( 1539): 	at android.os.HandlerThread.run(HandlerThread.java:61)
I/UsageStatsService( 1539): User[0] Flushing usage stats to disk
I/UsageStatsDatabase( 1539): Moving file /data/system/usagestats/0/daily/1533686425017 to /data/system/usagestats/0/daily/1533686431398
I/UsageStatsDatabase( 1539): Moving file /data/system/usagestats/0/daily/1533772821132 to /data/system/usagestats/0/daily/1533772827513
I/UsageStatsDatabase( 1539): Moving file /data/system/usagestats/0/daily/1533859202866 to /data/system/usagestats/0/daily/1533859209247
I/UsageStatsDatabase( 1539): Moving file /data/system/usagestats/0/daily/1534204800000 to /data/system/usagestats/0/daily/1534204806381
I/UsageStatsDatabase( 1539): Moving file /data/system/usagestats/0/weekly/1531958477881 to /data/system/usagestats/0/weekly/1531958484262
I/UsageStatsDatabase( 1539): Moving file /data/system/usagestats/0/weekly/1532563251678 to /data/system/usagestats/0/weekly/1532563258059
I/UsageStatsDatabase( 1539): Moving file /data/system/usagestats/0/weekly/1533168025017 to /data/system/usagestats/0/weekly/1533168031398
I/UsageStatsDatabase( 1539): Moving file /data/system/usagestats/0/weekly/1533772821132 to /data/system/usagestats/0/weekly/1533772827513
I/UsageStatsDatabase( 1539): Moving file /data/system/usagestats/0/monthly/1531872077881 to /data/system/usagestats/0/monthly/1531872084262
I/UsageStatsDatabase( 1539): Moving file /data/system/usagestats/0/yearly/1513728077881 to /data/system/usagestats/0/yearly/1513728084262
I/UsageStatsService( 1539): User[0] Rollover scheduled @ 2018-08-15 08:00:00(1534291200000)
I/ActivityManager( 1539): Waited long enough for: ServiceRecord{309578d6 u0 com.android.flysilkworm/.app.service.AppAutoUpdateService}
D/ConnectivityService( 1539): handleLingerComplete for NetworkAgentInfo [Ethernet () - 100]
D/ConnectivityService( 1539): NetworkAgentInfo [Ethernet () - 100] got DISCONNECTED, was satisfying 1
D/ConnectivityService( 1539): notifyType LOST for NetworkAgentInfo [Ethernet () - 100]
E/ConnectivityService( 1539): EVENT_NETWORK_CAPABILITIES_CHANGED from unknown NetworkAgent
E/ConnectivityService( 1539): EVENT_NETWORK_INFO_CHANGED from unknown NetworkAgent
E/ConnectivityService( 1539): NetworkAgent not found for EVENT_NETWORK_PROPERTIES_CHANGED
E/ConnectivityService( 1539): EVENT_NETWORK_SCORE_CHANGED from unknown NetworkAgent
I/ActivityManager( 1539): Force stopping io.appium.uiautomator2.server.test appid=10077 user=-1: uninstall pkg
I/ActivityManager( 1539): Force stopping io.appium.uiautomator2.server.test appid=10077 user=0: pkg removed
D/JobSchedulerService( 1539): Receieved: android.intent.action.PACKAGE_REMOVED
D/BackupManagerService( 1539): Received broadcast Intent { act=android.intent.action.PACKAGE_REMOVED dat=package:io.appium.uiautomator2.server.test flg=0x4000010 (has extras) }
W/ContextImpl( 2044): Calling a method in the system process without a qualified user: android.app.ContextImpl.startService:1692 android.content.ContextWrapper.startService:516 android.content.ContextWrapper.startService:516 com.android.keychain.KeyChainBroadcastReceiver.onReceive:12 android.app.ActivityThread.handleReceiver:2609 
I/ActivityManager( 1539): Start proc 2145:com.android.documentsui/u0a15 for broadcast com.android.documentsui/.PackageReceiver
I/ActivityManager( 1539): Force stopping io.appium.uiautomator2.server appid=10076 user=-1: uninstall pkg
I/ActivityManager( 1539): Force stopping io.appium.uiautomator2.server appid=10076 user=0: pkg removed
D/JobSchedulerService( 1539): Receieved: android.intent.action.PACKAGE_REMOVED
D/BackupManagerService( 1539): Received broadcast Intent { act=android.intent.action.PACKAGE_REMOVED dat=package:io.appium.uiautomator2.server flg=0x4000010 (has extras) }
I/ActivityManager( 1539): Start proc 2162:com.android.defcontainer/u0a2 for service com.android.defcontainer/.DefaultContainerService
I/ActivityManager( 1539): Start proc 2179:com.android.externalstorage/u0a4 for content provider com.android.externalstorage/.ExternalStorageProvider
W/ContextImpl( 2044): Calling a method in the system process without a qualified user: android.app.ContextImpl.startService:1692 android.content.ContextWrapper.startService:516 android.content.ContextWrapper.startService:516 com.android.keychain.KeyChainBroadcastReceiver.onReceive:12 android.app.ActivityThread.handleReceiver:2609 
I/NativeHelper( 2162): denglibo call findSupportedAbi! abiList=x86 armeabi-v7a armeabi  packageName=io.appium.uiautomator2.server
D/DefContainer( 2162): Copying /data/local/tmp/appium-uiautomator2-server-v0.1.9.apk to base.apk
I/NativeHelper( 1539): denglibo call findSupportedAbi! abiList=x86 armeabi-v7a armeabi  packageName=io.appium.uiautomator2.server
D/PackageManager( 1539): Renaming /data/app/vmdl965049238.tmp to /data/app/io.appium.uiautomator2.server-1
I/NativeHelper( 1539): denglibo call findSupportedAbi! abiList=x86 armeabi-v7a armeabi  packageName=io.appium.uiautomator2.server
I/PackageManager( 1539): denglibo-copyNativeBinariesForSupportedAbi finish: copyRet = -114
V/BackupManagerService( 1539): restoreAtInstall pkg=io.appium.uiautomator2.server token=1 restoreSet=0
V/BackupManagerService( 1539): Finishing install immediately
D/BackupManagerService( 1539): Received broadcast Intent { act=android.intent.action.PACKAGE_ADDED dat=package:io.appium.uiautomator2.server flg=0x4000010 (has extras) }
W/BackupManagerService( 1539): Removing schedule queue dupe of io.appium.uiautomator2.server
I/ActivityManager( 1539): Start proc 2228:com.svox.pico/u0a23 for broadcast com.svox.pico/.VoiceDataInstallerReceiver
W/VoiceInteractionManagerService( 1539): no available voice recognition services found for user 0
I/NativeHelper( 2162): denglibo call findSupportedAbi! abiList=x86 armeabi-v7a armeabi  packageName=io.appium.uiautomator2.server.test
D/DefContainer( 2162): Copying /data/local/tmp/appium-uiautomator2-server-debug-androidTest.apk to base.apk
I/NativeHelper( 1539): denglibo call findSupportedAbi! abiList=x86 armeabi-v7a armeabi  packageName=io.appium.uiautomator2.server.test
D/PackageManager( 1539): Renaming /data/app/vmdl209008292.tmp to /data/app/io.appium.uiautomator2.server.test-1
I/NativeHelper( 1539): denglibo call findSupportedAbi! abiList=x86 armeabi-v7a armeabi  packageName=io.appium.uiautomator2.server.test
I/PackageManager( 1539): denglibo-copyNativeBinariesForSupportedAbi finish: copyRet = -114
V/BackupManagerService( 1539): restoreAtInstall pkg=io.appium.uiautomator2.server.test token=2 restoreSet=0
V/BackupManagerService( 1539): Finishing install immediately
D/BackupManagerService( 1539): Received broadcast Intent { act=android.intent.action.PACKAGE_ADDED dat=package:io.appium.uiautomator2.server.test flg=0x4000010 (has extras) }
W/BackupManagerService( 1539): Removing schedule queue dupe of io.appium.uiautomator2.server.test
W/VoiceInteractionManagerService( 1539): no available voice recognition services found for user 0
I/ActivityManager( 1539): START u0 {act=android.intent.action.MAIN cat=[android.intent.category.LAUNCHER] flg=0x10200000 cmp=io.appium.settings/.Settings} from uid 0 on display 0
V/WindowManager( 1539): addAppToken: AppWindowToken{d298de5 token=Token{39ad8dc ActivityRecord{c9d294f u0 io.appium.settings/.Settings t2}}} to stack=1 task=2 at 0
I/ActivityManager( 1539): Start proc 2309:io.appium.settings/u0a27 for activity io.appium.settings/.Settings
V/WindowManager( 1539): Adding window Window{6694d12 u0 Starting io.appium.settings} at 2 of 5 (after Window{1c633ef8 u0 com.android.launcher3/com.android.launcher3.Launcher})
V/WindowManager( 1539): Adding window Window{30c1043f u0 io.appium.settings/io.appium.settings.Settings} at 2 of 6 (before Window{6694d12 u0 Starting io.appium.settings})
I/NativeHelper( 2162): denglibo call findSupportedAbi! abiList=x86 armeabi-v7a armeabi  packageName=io.appium.android.ime
D/DefContainer( 2162): Copying /data/local/tmp/UnicodeIME-debug.apk to base.apk
I/NativeHelper( 1539): denglibo call findSupportedAbi! abiList=x86 armeabi-v7a armeabi  packageName=io.appium.android.ime
D/PackageManager( 1539): Renaming /data/app/vmdl648396440.tmp to /data/app/io.appium.android.ime-2
W/PackageManager( 1539): Attempt to re-install io.appium.android.ime without first uninstalling.
I/ActivityManager( 1539): Force stopping com.jieshun.jslife appid=10028 user=0: from pid 2462
I/ActivityManager( 1539): Force stopping com.jieshun.jslife appid=10028 user=0: clear data
I/ActivityManager( 1539): Force stopping com.jieshun.jslife appid=10028 user=0: from pid 2509
I/ActivityManager( 1539): START u0 {act=android.intent.action.MAIN cat=[android.intent.category.LAUNCHER] flg=0x10200000 cmp=com.jieshun.jslife/.activity.common.WelcomeActivity} from uid 0 on display 0
V/WindowManager( 1539): addAppToken: AppWindowToken{3eb487ff token=Token{bcf631e ActivityRecord{9f44b59 u0 com.jieshun.jslife/.activity.common.WelcomeActivity t3}}} to stack=1 task=3 at 0
I/ActivityManager( 1539): Start proc 2519:com.jieshun.jslife/u0a28 for activity com.jieshun.jslife/.activity.common.WelcomeActivity
D/WifiService( 1539): New client listening to asynchronous messages
V/WindowManager( 1539): Adding window Window{f24a4d0 u0 com.jieshun.jslife/com.jieshun.jslife.activity.common.WelcomeActivity} at 2 of 5 (after Window{1c633ef8 u0 com.android.launcher3/com.android.launcher3.Launcher})
I/ActivityManager( 1539): Force stopping com.jieshun.jslife appid=10028 user=0: from pid 2664
I/ActivityManager( 1539): Killing 2519:com.jieshun.jslife/u0a28 (adj 0): stop com.jieshun.jslife
I/libprocessgroup( 1539): Killing pid 2556 in uid 10028 as part of process group 2519
I/WindowState( 1539): WIN DEATH: Window{f24a4d0 u0 com.jieshun.jslife/com.jieshun.jslife.activity.common.WelcomeActivity}
D/WifiService( 1539): Client connection lost with reason: 4
W/ActivityManager( 1539): Scheduling restart of crashed service com.jieshun.jslife/.service.NetworkStateService in 1000ms
W/ActivityManager( 1539): Scheduling restart of crashed service com.jieshun.jslife/.service.XMPPService in 10997ms
W/ActivityManager( 1539): Scheduling restart of crashed service com.jieshun.jslife/.service.BluetoothLeService in 10997ms
W/ActivityManager( 1539): Force removing ActivityRecord{9f44b59 u0 com.jieshun.jslife/.activity.common.WelcomeActivity t3}: app died, no saved state
I/ActivityManager( 1539):   Force stopping service ServiceRecord{26130c91 u0 com.jieshun.jslife/.service.BluetoothLeService}
I/ActivityManager( 1539):   Force stopping service ServiceRecord{3cfd77f7 u0 com.jieshun.jslife/.service.NetworkStateService}
W/ActivityManager( 1539): Spurious death for ProcessRecord{24cec87e 2519:com.jieshun.jslife/u0a28}, curProc for 2519: null
W/InputMethodManagerService( 1539): Got RemoteException sending setActive(false) notification to pid 2519 uid 10028
I/ActivityManager( 1539): Force stopping com.jieshun.jslife appid=10028 user=0: clear data
I/ActivityManager( 1539): Force stopping com.jieshun.jslife appid=10028 user=0: from pid 2694
I/ActivityManager( 1539): START u0 {act=android.intent.action.MAIN cat=[android.intent.category.LAUNCHER] flg=0x10200000 cmp=com.jieshun.jslife/.activity.common.WelcomeActivity} from uid 0 on display 0
V/WindowManager( 1539): addAppToken: AppWindowToken{3baaf118 token=Token{3c91ccfb ActivityRecord{348aee8a u0 com.jieshun.jslife/.activity.common.WelcomeActivity t4}}} to stack=1 task=4 at 0
I/ActivityManager( 1539): Start proc 2704:com.jieshun.jslife/u0a28 for activity com.jieshun.jslife/.activity.common.WelcomeActivity
D/WifiService( 1539): New client listening to asynchronous messages
V/WindowManager( 1539): Adding window Window{190a8165 u0 com.jieshun.jslife/com.jieshun.jslife.activity.common.WelcomeActivity} at 2 of 5 (after Window{1c633ef8 u0 com.android.launcher3/com.android.launcher3.Launcher})
I/ActivityManager( 1539): START u0 {cmp=com.jieshun.jslife/.activity.common.LoadingActivity} from uid 10028 on display 0
V/WindowManager( 1539): addAppToken: AppWindowToken{33378dd5 token=Token{3582228c ActivityRecord{2db1cbbf u0 com.jieshun.jslife/.activity.common.LoadingActivity t4}}} to stack=1 task=4 at 1
V/WindowManager( 1539): Adding window Window{2bc164db u0 com.jieshun.jslife/com.jieshun.jslife.activity.common.LoadingActivity} at 3 of 6 (after Window{190a8165 u0 com.jieshun.jslife/com.jieshun.jslife.activity.common.WelcomeActivity})
I/ActivityManager( 1539): START u0 {cmp=com.jieshun.jslife/.activity.userinfo.UserLoginActivity} from uid 10028 on display 0
V/WindowManager( 1539): addAppToken: AppWindowToken{ff3a190 token=Token{df59453 ActivityRecord{77e5c42 u0 com.jieshun.jslife/.activity.userinfo.UserLoginActivity t4}}} to stack=1 task=4 at 2
V/WindowManager( 1539): Adding window Window{2bb89645 u0 com.jieshun.jslife/com.jieshun.jslife.activity.userinfo.UserLoginActivity} at 4 of 7 (after Window{2bc164db u0 com.jieshun.jslife/com.jieshun.jslife.activity.common.LoadingActivity})
V/WindowManager( 1539): Adding window Window{3f6048fd u0 PopupWindow:78a336d} at 3 of 6 (after Window{2bb89645 u0 com.jieshun.jslife/com.jieshun.jslife.activity.userinfo.UserLoginActivity})
V/WindowManager( 1539): Adding window Window{3bed77f9 u0 PopupWindow:4d14ba2} at 4 of 7 (after Window{3f6048fd u0 PopupWindow:78a336d})
V/WindowManager( 1539): Adding window Window{14da6cbb u0 PopupWindow:30d36325} at 3 of 6 (after Window{2bb89645 u0 com.jieshun.jslife/com.jieshun.jslife.activity.userinfo.UserLoginActivity})
V/WindowManager( 1539): Adding window Window{b312d31 u0 PopupWindow:12596d08} at 4 of 7 (after Window{14da6cbb u0 PopupWindow:30d36325})
V/WindowManager( 1539): not Base app: Adding window Window{3ee61784 u0 com.jieshun.jslife/com.jieshun.jslife.activity.userinfo.UserLoginActivity} at 3 of 6
I/ActivityManager( 1539): START u0 {cmp=com.jieshun.jslife/.activity.common.MainFragmentActivity (has extras)} from uid 10028 on display 0
V/WindowManager( 1539): addAppToken: AppWindowToken{1d1fa48f token=Token{2359d7ee ActivityRecord{371f5169 u0 com.jieshun.jslife/.activity.common.MainFragmentActivity t4}}} to stack=1 task=4 at 1
V/WindowManager( 1539): Adding window Window{1eb6c4a1 u0 com.jieshun.jslife/com.jieshun.jslife.activity.common.MainFragmentActivity} at 3 of 6 (after Window{2bb89645 u0 com.jieshun.jslife/com.jieshun.jslife.activity.userinfo.UserLoginActivity})
V/WindowManager( 1539): Adding window Window{25f266d9 u0 SurfaceView} at 3 of 7 (before Window{1eb6c4a1 u0 com.jieshun.jslife/com.jieshun.jslife.activity.common.MainFragmentActivity})
V/WindowManager( 1539): not Base app: Adding window Window{26d320aa u0 com.jieshun.jslife/com.jieshun.jslife.activity.common.MainFragmentActivity} at 5 of 8
I/ActivityManager( 1539): Start proc 2881:com.jieshun.jslife:remote/u0a28 for service com.jieshun.jslife/com.baidu.location.f
D/WifiService( 1539): New client listening to asynchronous messages
W/ActivityManager( 1539): Launch timeout has expired, giving up wake lock!
I/ActivityManager( 1539): Force stopping com.jieshun.jslife appid=10028 user=0: from pid 3023
I/ActivityManager( 1539): Killing 2881:com.jieshun.jslife:remote/u0a28 (adj 1): stop com.jieshun.jslife
I/libprocessgroup( 1539): Killing pid 2919 in uid 10028 as part of process group 2881
D/WifiService( 1539): Client connection lost with reason: 4
W/ActivityManager( 1539): Scheduling restart of crashed service com.jieshun.jslife/com.baidu.location.f in 1000ms
I/ActivityManager( 1539): Killing 2704:com.jieshun.jslife/u0a28 (adj 0): stop com.jieshun.jslife
I/libprocessgroup( 1539): Killing pid 2740 in uid 10028 as part of process group 2704
I/WindowState( 1539): WIN DEATH: Window{25f266d9 u0 SurfaceView}
D/WifiService( 1539): Client connection lost with reason: 4
I/WindowState( 1539): WIN DEATH: Window{1eb6c4a1 u0 com.jieshun.jslife/com.jieshun.jslife.activity.common.MainFragmentActivity}
W/ActivityManager( 1539): Scheduling restart of crashed service com.jieshun.jslife/.service.NetworkStateService in 1000ms
W/ActivityManager( 1539): Scheduling restart of crashed service com.jieshun.jslife/.service.BluetoothLeService in 56296ms
W/ActivityManager( 1539): Scheduling restart of crashed service com.jieshun.jslife/.service.XMPPService in 11000ms
W/ActivityManager( 1539): Force removing ActivityRecord{371f5169 u0 com.jieshun.jslife/.activity.common.MainFragmentActivity t4}: app died, no saved state
I/ActivityManager( 1539):   Force stopping service ServiceRecord{1bf2c4e2 u0 com.jieshun.jslife/.service.BluetoothLeService}
I/ActivityManager( 1539):   Force stopping service ServiceRecord{2fe2cb30 u0 com.jieshun.jslife/.service.NetworkStateService}
W/ActivityManager( 1539): Spurious death for ProcessRecord{1fa83c0a 2881:com.jieshun.jslife:remote/u0a28}, curProc for 2881: null
W/ActivityManager( 1539): Spurious death for ProcessRecord{b55da89 2704:com.jieshun.jslife/u0a28}, curProc for 2704: null
I/ActivityManager( 1539): Force stopping com.jieshun.jslife appid=10028 user=0: clear data
W/InputMethodManagerService( 1539): Got RemoteException sending setActive(false) notification to pid 2704 uid 10028
I/ActivityManager( 1539): Force stopping com.jieshun.jslife appid=10028 user=0: from pid 3057
I/ActivityManager( 1539): START u0 {act=android.intent.action.MAIN cat=[android.intent.category.LAUNCHER] flg=0x10200000 cmp=com.jieshun.jslife/.activity.common.WelcomeActivity} from uid 0 on display 0
V/WindowManager( 1539): addAppToken: AppWindowToken{18bc4262 token=Token{247fcd2d ActivityRecord{fc0e844 u0 com.jieshun.jslife/.activity.common.WelcomeActivity t5}}} to stack=1 task=5 at 0
I/ActivityManager( 1539): Start proc 3067:com.jieshun.jslife/u0a28 for activity com.jieshun.jslife/.activity.common.WelcomeActivity
D/WifiService( 1539): New client listening to asynchronous messages
V/WindowManager( 1539): Adding window Window{24f0a247 u0 com.jieshun.jslife/com.jieshun.jslife.activity.common.WelcomeActivity} at 2 of 5 (after Window{1c633ef8 u0 com.android.launcher3/com.android.launcher3.Launcher})
I/ActivityManager( 1539): START u0 {cmp=com.jieshun.jslife/.activity.common.LoadingActivity} from uid 10028 on display 0
V/WindowManager( 1539): addAppToken: AppWindowToken{11af660d token=Token{ebdd8a4 ActivityRecord{19c0ab37 u0 com.jieshun.jslife/.activity.common.LoadingActivity t5}}} to stack=1 task=5 at 1
V/WindowManager( 1539): Adding window Window{66ac3d3 u0 com.jieshun.jslife/com.jieshun.jslife.activity.common.LoadingActivity} at 3 of 6 (after Window{24f0a247 u0 com.jieshun.jslife/com.jieshun.jslife.activity.common.WelcomeActivity})
I/ActivityManager( 1539): START u0 {cmp=com.jieshun.jslife/.activity.userinfo.UserLoginActivity} from uid 10028 on display 0
V/WindowManager( 1539): addAppToken: AppWindowToken{1d4dfc28 token=Token{b9cda4b ActivityRecord{7ef9f1a u0 com.jieshun.jslife/.activity.userinfo.UserLoginActivity t5}}} to stack=1 task=5 at 2
V/WindowManager( 1539): Adding window Window{552ec7d u0 com.jieshun.jslife/com.jieshun.jslife.activity.userinfo.UserLoginActivity} at 4 of 7 (after Window{66ac3d3 u0 com.jieshun.jslife/com.jieshun.jslife.activity.common.LoadingActivity})
V/WindowManager( 1539): Adding window Window{33b82e35 u0 PopupWindow:78a336d} at 3 of 6 (after Window{552ec7d u0 com.jieshun.jslife/com.jieshun.jslife.activity.userinfo.UserLoginActivity})
V/WindowManager( 1539): Adding window Window{3fca78b1 u0 PopupWindow:4d14ba2} at 4 of 7 (after Window{33b82e35 u0 PopupWindow:78a336d})
I/ValidateNoPeople( 1539): skipping global notification
V/WindowManager( 1539): Adding window Window{31bd5a2b u0 PopupWindow:b9e02ab} at 3 of 6 (after Window{552ec7d u0 com.jieshun.jslife/com.jieshun.jslife.activity.userinfo.UserLoginActivity})
I/ValidateNoPeople( 1539): skipping global notification
V/WindowManager( 1539): Adding window Window{7f9f021 u0 PopupWindow:12596d08} at 4 of 7 (after Window{31bd5a2b u0 PopupWindow:b9e02ab})
V/WindowManager( 1539): not Base app: Adding window Window{17302b34 u0 com.jieshun.jslife/com.jieshun.jslife.activity.userinfo.UserLoginActivity} at 3 of 6
I/ActivityManager( 1539): START u0 {cmp=com.jieshun.jslife/.activity.common.MainFragmentActivity (has extras)} from uid 10028 on display 0
V/WindowManager( 1539): addAppToken: AppWindowToken{3e6416ff token=Token{2b57ce1e ActivityRecord{7ff8259 u0 com.jieshun.jslife/.activity.common.MainFragmentActivity t5}}} to stack=1 task=5 at 1
V/WindowManager( 1539): Adding window Window{256e2391 u0 com.jieshun.jslife/com.jieshun.jslife.activity.common.MainFragmentActivity} at 3 of 6 (after Window{552ec7d u0 com.jieshun.jslife/com.jieshun.jslife.activity.userinfo.UserLoginActivity})
V/WindowManager( 1539): Adding window Window{478b3c9 u0 SurfaceView} at 3 of 7 (before Window{256e2391 u0 com.jieshun.jslife/com.jieshun.jslife.activity.common.MainFragmentActivity})
V/WindowManager( 1539): not Base app: Adding window Window{2566f5da u0 com.jieshun.jslife/com.jieshun.jslife.activity.common.MainFragmentActivity} at 5 of 8
I/ActivityManager( 1539): Start proc 3246:com.jieshun.jslife:remote/u0a28 for service com.jieshun.jslife/com.baidu.location.f
D/WifiService( 1539): New client listening to asynchronous messages
I/ActivityManager( 1539): Force stopping com.jieshun.jslife appid=10028 user=0: from pid 3391
I/ActivityManager( 1539): Killing 3246:com.jieshun.jslife:remote/u0a28 (adj 1): stop com.jieshun.jslife
I/libprocessgroup( 1539): Killing pid 3287 in uid 10028 as part of process group 3246
D/WifiService( 1539): Client connection lost with reason: 4
W/ActivityManager( 1539): Scheduling restart of crashed service com.jieshun.jslife/com.baidu.location.f in 1000ms
I/ActivityManager( 1539): Killing 3067:com.jieshun.jslife/u0a28 (adj 0): stop com.jieshun.jslife
I/libprocessgroup( 1539): Killing pid 3104 in uid 10028 as part of process group 3067
I/WindowState( 1539): WIN DEATH: Window{256e2391 u0 com.jieshun.jslife/com.jieshun.jslife.activity.common.MainFragmentActivity}
D/WifiService( 1539): Client connection lost with reason: 4
W/WindowManager( 1539): Force-removing child win Window{478b3c9 u0 SurfaceView} from container Window{256e2391 u0 com.jieshun.jslife/com.jieshun.jslife.activity.common.MainFragmentActivity}
W/ActivityManager( 1539): Scheduling restart of crashed service com.jieshun.jslife/.service.BluetoothLeService in 57314ms
W/ActivityManager( 1539): Scheduling restart of crashed service com.jieshun.jslife/.service.XMPPService in 1000ms
W/ActivityManager( 1539): Scheduling restart of crashed service com.jieshun.jslife/.service.NetworkStateService in 1000ms
W/ActivityManager( 1539): Force removing ActivityRecord{7ff8259 u0 com.jieshun.jslife/.activity.common.MainFragmentActivity t5}: app died, no saved state
W/WindowManager( 1539): Failed looking up window
W/WindowManager( 1539): java.lang.IllegalArgumentException: Requested window android.os.BinderProxy@176117d0 does not exist
W/WindowManager( 1539): 	at com.android.server.wm.WindowManagerService.windowForClientLocked(WindowManagerService.java:8561)
W/WindowManager( 1539): 	at com.android.server.wm.WindowManagerService.windowForClientLocked(WindowManagerService.java:8552)
W/WindowManager( 1539): 	at com.android.server.wm.WindowState$DeathRecipient.binderDied(WindowState.java:1142)
W/WindowManager( 1539): 	at android.os.BinderProxy.sendDeathNotice(Binder.java:551)
I/WindowState( 1539): WIN DEATH: null
I/ActivityManager( 1539):   Force stopping service ServiceRecord{1e02fbdc u0 com.jieshun.jslife/.service.BluetoothLeService}
I/ActivityManager( 1539):   Force stopping service ServiceRecord{7cfbbba u0 com.jieshun.jslife/.service.NetworkStateService}
W/ActivityManager( 1539): Spurious death for ProcessRecord{136e693a 3246:com.jieshun.jslife:remote/u0a28}, curProc for 3246: null
W/ActivityManager( 1539): Spurious death for ProcessRecord{2bf8bd41 3067:com.jieshun.jslife/u0a28}, curProc for 3067: null
W/InputMethodManagerService( 1539): Got RemoteException sending setActive(false) notification to pid 3067 uid 10028
I/ActivityManager( 1539): Force stopping com.jieshun.jslife appid=10028 user=0: clear data
I/ActivityManager( 1539): Force stopping com.jieshun.jslife appid=10028 user=0: from pid 3421
I/ActivityManager( 1539): START u0 {act=android.intent.action.MAIN cat=[android.intent.category.LAUNCHER] flg=0x10200000 cmp=com.jieshun.jslife/.activity.common.WelcomeActivity} from uid 0 on display 0
V/WindowManager( 1539): addAppToken: AppWindowToken{3914e592 token=Token{12f53f1d ActivityRecord{2a1e2bf4 u0 com.jieshun.jslife/.activity.common.WelcomeActivity t6}}} to stack=1 task=6 at 0
I/ActivityManager( 1539): Start proc 3431:com.jieshun.jslife/u0a28 for activity com.jieshun.jslife/.activity.common.WelcomeActivity
D/WifiService( 1539): New client listening to asynchronous messages
V/WindowManager( 1539): Adding window Window{2c20e2b7 u0 com.jieshun.jslife/com.jieshun.jslife.activity.common.WelcomeActivity} at 2 of 5 (after Window{1c633ef8 u0 com.android.launcher3/com.android.launcher3.Launcher})
I/ActivityManager( 1539): START u0 {cmp=com.jieshun.jslife/.activity.common.LoadingActivity} from uid 10028 on display 0
V/WindowManager( 1539): addAppToken: AppWindowToken{30e48ffd token=Token{1aa6b454 ActivityRecord{3079e7a7 u0 com.jieshun.jslife/.activity.common.LoadingActivity t6}}} to stack=1 task=6 at 1
V/WindowManager( 1539): Adding window Window{38535743 u0 com.jieshun.jslife/com.jieshun.jslife.activity.common.LoadingActivity} at 3 of 6 (after Window{2c20e2b7 u0 com.jieshun.jslife/com.jieshun.jslife.activity.common.WelcomeActivity})
I/ActivityManager( 1539): START u0 {cmp=com.jieshun.jslife/.activity.userinfo.UserLoginActivity} from uid 10028 on display 0
V/WindowManager( 1539): addAppToken: AppWindowToken{122108d8 token=Token{2ab66bbb ActivityRecord{3f77d04a u0 com.jieshun.jslife/.activity.userinfo.UserLoginActivity t6}}} to stack=1 task=6 at 2
V/WindowManager( 1539): Adding window Window{1de726d u0 com.jieshun.jslife/com.jieshun.jslife.activity.userinfo.UserLoginActivity} at 4 of 7 (after Window{38535743 u0 com.jieshun.jslife/com.jieshun.jslife.activity.common.LoadingActivity})
I/ActivityManager( 1539): START u0 {cmp=com.jieshun.jslife/.activity.userinfo.UserRegisterActivity} from uid 10028 on display 0
V/WindowManager( 1539): addAppToken: AppWindowToken{3b908225 token=Token{16aff61c ActivityRecord{190b738f u0 com.jieshun.jslife/.activity.userinfo.UserRegisterActivity t6}}} to stack=1 task=6 at 1
V/WindowManager( 1539): Adding window Window{2e6c1ba1 u0 com.jieshun.jslife/com.jieshun.jslife.activity.userinfo.UserRegisterActivity} at 3 of 6 (after Window{1de726d u0 com.jieshun.jslife/com.jieshun.jslife.activity.userinfo.UserLoginActivity})
V/WindowManager( 1539): Adding window Window{3e1b9dd9 u0 PopupWindow:25a6b313} at 4 of 7 (after Window{2e6c1ba1 u0 com.jieshun.jslife/com.jieshun.jslife.activity.userinfo.UserRegisterActivity})
V/WindowManager( 1539): Adding window Window{1a9f3e95 u0 PopupWindow:263c3950} at 5 of 8 (after Window{3e1b9dd9 u0 PopupWindow:25a6b313})
I/ValidateNoPeople( 1539): skipping global notification
V/WindowManager( 1539): Adding window Window{3d92af49 u0 PopupWindow:fe54681} at 4 of 7 (after Window{2e6c1ba1 u0 com.jieshun.jslife/com.jieshun.jslife.activity.userinfo.UserRegisterActivity})
V/WindowManager( 1539): Adding window Window{10a9e56f u0 PopupWindow:28e08326} at 5 of 8 (after Window{3d92af49 u0 PopupWindow:fe54681})
V/WindowManager( 1539): Adding window Window{3ad3e35a u0 PopupWindow:379ec9bd} at 4 of 7 (after Window{2e6c1ba1 u0 com.jieshun.jslife/com.jieshun.jslife.activity.userinfo.UserRegisterActivity})
V/WindowManager( 1539): Adding window Window{3e7c7a68 u0 PopupWindow:1541abb2} at 5 of 8 (after Window{3ad3e35a u0 PopupWindow:379ec9bd})
I/ValidateNoPeople( 1539): skipping global notification
V/WindowManager( 1539): not Base app: Adding window Window{3b31367 u0 com.jieshun.jslife/com.jieshun.jslife.activity.userinfo.UserRegisterActivity} at 4 of 7
I/ActivityManager( 1539): Force stopping com.jieshun.jslife appid=10028 user=0: from pid 3594
I/ActivityManager( 1539): Killing 3431:com.jieshun.jslife/u0a28 (adj 0): stop com.jieshun.jslife
I/libprocessgroup( 1539): Killing pid 3468 in uid 10028 as part of process group 3431
I/libprocessgroup( 1539): Killing pid 3468 in uid 10028 as part of process group 3431
I/WindowState( 1539): WIN DEATH: Window{1de726d u0 com.jieshun.jslife/com.jieshun.jslife.activity.userinfo.UserLoginActivity}
D/WifiService( 1539): Client connection lost with reason: 4
I/WindowState( 1539): WIN DEATH: Window{2e6c1ba1 u0 com.jieshun.jslife/com.jieshun.jslife.activity.userinfo.UserRegisterActivity}
W/ActivityManager( 1539): Scheduling restart of crashed service com.jieshun.jslife/.service.XMPPService in 1000ms
W/ActivityManager( 1539): Scheduling restart of crashed service com.jieshun.jslife/.service.NetworkStateService in 1000ms
W/ActivityManager( 1539): Scheduling restart of crashed service com.jieshun.jslife/.service.BluetoothLeService in 67246ms
W/ActivityManager( 1539): Force removing ActivityRecord{190b738f u0 com.jieshun.jslife/.activity.userinfo.UserRegisterActivity t6}: app died, no saved state
I/ActivityManager( 1539):   Force finishing activity 3 ActivityRecord{3f77d04a u0 com.jieshun.jslife/.activity.userinfo.UserLoginActivity t6}
I/ActivityManager( 1539):   Force stopping service ServiceRecord{ef058c u0 com.jieshun.jslife/.service.BluetoothLeService}
I/ActivityManager( 1539):   Force stopping service ServiceRecord{19d394ea u0 com.jieshun.jslife/.service.NetworkStateService}
W/ActivityManager( 1539): Spurious death for ProcessRecord{37d2c431 3431:com.jieshun.jslife/u0a28}, curProc for 3431: null
W/InputMethodManagerService( 1539): Got RemoteException sending setActive(false) notification to pid 3431 uid 10028
I/ActivityManager( 1539): Force stopping com.jieshun.jslife appid=10028 user=0: clear data
I/ActivityManager( 1539): Force stopping com.jieshun.jslife appid=10028 user=0: from pid 3623
I/ActivityManager( 1539): START u0 {act=android.intent.action.MAIN cat=[android.intent.category.LAUNCHER] flg=0x10200000 cmp=com.jieshun.jslife/.activity.common.WelcomeActivity} from uid 0 on display 0
V/WindowManager( 1539): addAppToken: AppWindowToken{1602d42d token=Token{2edfab44 ActivityRecord{911a457 u0 com.jieshun.jslife/.activity.common.WelcomeActivity t7}}} to stack=1 task=7 at 0
I/ActivityManager( 1539): Start proc 3633:com.jieshun.jslife/u0a28 for activity com.jieshun.jslife/.activity.common.WelcomeActivity
D/WifiService( 1539): New client listening to asynchronous messages
V/WindowManager( 1539): Adding window Window{32e8e486 u0 com.jieshun.jslife/com.jieshun.jslife.activity.common.WelcomeActivity} at 2 of 5 (after Window{1c633ef8 u0 com.android.launcher3/com.android.launcher3.Launcher})
I/ActivityManager( 1539): START u0 {cmp=com.jieshun.jslife/.activity.common.LoadingActivity} from uid 10028 on display 0
V/WindowManager( 1539): addAppToken: AppWindowToken{2e7a1ba4 token=Token{1b881a37 ActivityRecord{1cf97b36 u0 com.jieshun.jslife/.activity.common.LoadingActivity t7}}} to stack=1 task=7 at 1
V/WindowManager( 1539): Adding window Window{1e5a14c2 u0 com.jieshun.jslife/com.jieshun.jslife.activity.common.LoadingActivity} at 3 of 6 (after Window{32e8e486 u0 com.jieshun.jslife/com.jieshun.jslife.activity.common.WelcomeActivity})
I/ActivityManager( 1539): START u0 {cmp=com.jieshun.jslife/.activity.userinfo.UserLoginActivity} from uid 10028 on display 0
V/WindowManager( 1539): addAppToken: AppWindowToken{2499194b token=Token{38497a1a ActivityRecord{d54b0c5 u0 com.jieshun.jslife/.activity.userinfo.UserLoginActivity t7}}} to stack=1 task=7 at 2
V/WindowManager( 1539): Adding window Window{166db5d4 u0 com.jieshun.jslife/com.jieshun.jslife.activity.userinfo.UserLoginActivity} at 4 of 7 (after Window{1e5a14c2 u0 com.jieshun.jslife/com.jieshun.jslife.activity.common.LoadingActivity})
I/ActivityManager( 1539): START u0 {cmp=com.jieshun.jslife/.activity.userinfo.UserRegisterActivity} from uid 10028 on display 0
V/WindowManager( 1539): addAppToken: AppWindowToken{26a9eb6c token=Token{1a9ac1f ActivityRecord{19d003be u0 com.jieshun.jslife/.activity.userinfo.UserRegisterActivity t7}}} to stack=1 task=7 at 1
V/WindowManager( 1539): Adding window Window{20005258 u0 com.jieshun.jslife/com.jieshun.jslife.activity.userinfo.UserRegisterActivity} at 3 of 6 (after Window{166db5d4 u0 com.jieshun.jslife/com.jieshun.jslife.activity.userinfo.UserLoginActivity})
V/WindowManager( 1539): Adding window Window{32db1470 u0 PopupWindow:28223065} at 4 of 7 (after Window{20005258 u0 com.jieshun.jslife/com.jieshun.jslife.activity.userinfo.UserRegisterActivity})
V/WindowManager( 1539): Adding window Window{b5079c u0 PopupWindow:146b913a} at 5 of 8 (after Window{32db1470 u0 PopupWindow:28223065})
V/WindowManager( 1539): Adding window Window{15d98746 u0 PopupWindow:278f0d92} at 4 of 7 (after Window{20005258 u0 com.jieshun.jslife/com.jieshun.jslife.activity.userinfo.UserRegisterActivity})
V/WindowManager( 1539): Adding window Window{bc0ae34 u0 PopupWindow:3ef77363} at 5 of 8 (after Window{15d98746 u0 PopupWindow:278f0d92})
V/WindowManager( 1539): Adding window Window{21d479a0 u0 PopupWindow:563e2bf} at 4 of 7 (after Window{20005258 u0 com.jieshun.jslife/com.jieshun.jslife.activity.userinfo.UserRegisterActivity})
V/WindowManager( 1539): Adding window Window{3c6c391e u0 PopupWindow:1957ed8c} at 5 of 8 (after Window{21d479a0 u0 PopupWindow:563e2bf})
V/WindowManager( 1539): not Base app: Adding window Window{3d209215 u0 com.jieshun.jslife/com.jieshun.jslife.activity.userinfo.UserRegisterActivity} at 4 of 7
I/ActivityManager( 1539): Force stopping com.jieshun.jslife appid=10028 user=0: from pid 3768
I/ActivityManager( 1539): Killing 3633:com.jieshun.jslife/u0a28 (adj 0): stop com.jieshun.jslife
I/libprocessgroup( 1539): Killing pid 3670 in uid 10028 as part of process group 3633
I/WindowState( 1539): WIN DEATH: Window{166db5d4 u0 com.jieshun.jslife/com.jieshun.jslife.activity.userinfo.UserLoginActivity}
D/WifiService( 1539): Client connection lost with reason: 4
I/WindowState( 1539): WIN DEATH: Window{20005258 u0 com.jieshun.jslife/com.jieshun.jslife.activity.userinfo.UserRegisterActivity}
W/ActivityManager( 1539): Scheduling restart of crashed service com.jieshun.jslife/.service.XMPPService in 1000ms
W/ActivityManager( 1539): Scheduling restart of crashed service com.jieshun.jslife/.service.NetworkStateService in 1000ms
W/ActivityManager( 1539): Scheduling restart of crashed service com.jieshun.jslife/.service.BluetoothLeService in 65076ms
W/ActivityManager( 1539): Force removing ActivityRecord{19d003be u0 com.jieshun.jslife/.activity.userinfo.UserRegisterActivity t7}: app died, no saved state
I/ActivityManager( 1539):   Force finishing activity 3 ActivityRecord{d54b0c5 u0 com.jieshun.jslife/.activity.userinfo.UserLoginActivity t7}
I/ActivityManager( 1539):   Force stopping service ServiceRecord{ea6c74f u0 com.jieshun.jslife/.service.BluetoothLeService}
I/ActivityManager( 1539):   Force stopping service ServiceRecord{28275be5 u0 com.jieshun.jslife/.service.NetworkStateService}
W/ActivityManager( 1539): Spurious death for ProcessRecord{15e6cf28 3633:com.jieshun.jslife/u0a28}, curProc for 3633: null
W/InputMethodManagerService( 1539): Got RemoteException sending setActive(false) notification to pid 3633 uid 10028
I/ActivityManager( 1539): Force stopping com.jieshun.jslife appid=10028 user=0: from pid 3792
I/ActivityManager( 1539): START u0 {act=android.intent.action.MAIN cat=[android.intent.category.HOME] flg=0x10200000 cmp=com.android.launcher3/.Launcher} from uid 1000 on display 0
W/WindowManager( 1539): Attempted to remove non-existing token: android.os.Binder@5c43d0f
I/ActivityManager( 1539): Force stopping io.appium.unlock appid=10030 user=0: from pid 3815
I/ActivityManager( 1539): Force stopping io.appium.uiautomator2.server.test appid=10079 user=-1: uninstall pkg
I/ActivityManager( 1539): Force stopping io.appium.uiautomator2.server.test appid=10079 user=0: pkg removed
D/JobSchedulerService( 1539): Receieved: android.intent.action.PACKAGE_REMOVED
D/BackupManagerService( 1539): Received broadcast Intent { act=android.intent.action.PACKAGE_REMOVED dat=package:io.appium.uiautomator2.server.test flg=0x4000010 (has extras) }
W/ContextImpl( 2044): Calling a method in the system process without a qualified user: android.app.ContextImpl.startService:1692 android.content.ContextWrapper.startService:516 android.content.ContextWrapper.startService:516 com.android.keychain.KeyChainBroadcastReceiver.onReceive:12 android.app.ActivityThread.handleReceiver:2609 
I/ActivityManager( 1539): Force stopping io.appium.uiautomator2.server appid=10078 user=-1: uninstall pkg
I/ActivityManager( 1539): Force stopping io.appium.uiautomator2.server appid=10078 user=0: pkg removed
D/JobSchedulerService( 1539): Receieved: android.intent.action.PACKAGE_REMOVED
D/BackupManagerService( 1539): Received broadcast Intent { act=android.intent.action.PACKAGE_REMOVED dat=package:io.appium.uiautomator2.server flg=0x4000010 (has extras) }
W/ContextImpl( 2044): Calling a method in the system process without a qualified user: android.app.ContextImpl.startService:1692 android.content.ContextWrapper.startService:516 android.content.ContextWrapper.startService:516 com.android.keychain.KeyChainBroadcastReceiver.onReceive:12 android.app.ActivityThread.handleReceiver:2609 
I/NativeHelper( 2162): denglibo call findSupportedAbi! abiList=x86 armeabi-v7a armeabi  packageName=io.appium.uiautomator2.server
D/DefContainer( 2162): Copying /data/local/tmp/appium-uiautomator2-server-v0.1.9.apk to base.apk
I/NativeHelper( 1539): denglibo call findSupportedAbi! abiList=x86 armeabi-v7a armeabi  packageName=io.appium.uiautomator2.server
D/PackageManager( 1539): Renaming /data/app/vmdl1385273778.tmp to /data/app/io.appium.uiautomator2.server-1
I/NativeHelper( 1539): denglibo call findSupportedAbi! abiList=x86 armeabi-v7a armeabi  packageName=io.appium.uiautomator2.server
I/PackageManager( 1539): denglibo-copyNativeBinariesForSupportedAbi finish: copyRet = -114
V/BackupManagerService( 1539): restoreAtInstall pkg=io.appium.uiautomator2.server token=4 restoreSet=0
V/BackupManagerService( 1539): Finishing install immediately
W/VoiceInteractionManagerService( 1539): no available voice recognition services found for user 0
D/BackupManagerService( 1539): Received broadcast Intent { act=android.intent.action.PACKAGE_ADDED dat=package:io.appium.uiautomator2.server flg=0x4000010 (has extras) }
W/BackupManagerService( 1539): Removing schedule queue dupe of io.appium.uiautomator2.server
I/NativeHelper( 2162): denglibo call findSupportedAbi! abiList=x86 armeabi-v7a armeabi  packageName=io.appium.uiautomator2.server.test
D/DefContainer( 2162): Copying /data/local/tmp/appium-uiautomator2-server-debug-androidTest.apk to base.apk
I/NativeHelper( 1539): denglibo call findSupportedAbi! abiList=x86 armeabi-v7a armeabi  packageName=io.appium.uiautomator2.server.test
D/PackageManager( 1539): Renaming /data/app/vmdl65279176.tmp to /data/app/io.appium.uiautomator2.server.test-1
I/NativeHelper( 1539): denglibo call findSupportedAbi! abiList=x86 armeabi-v7a armeabi  packageName=io.appium.uiautomator2.server.test
I/PackageManager( 1539): denglibo-copyNativeBinariesForSupportedAbi finish: copyRet = -114
V/BackupManagerService( 1539): restoreAtInstall pkg=io.appium.uiautomator2.server.test token=5 restoreSet=0
V/BackupManagerService( 1539): Finishing install immediately
D/BackupManagerService( 1539): Received broadcast Intent { act=android.intent.action.PACKAGE_ADDED dat=package:io.appium.uiautomator2.server.test flg=0x4000010 (has extras) }
W/BackupManagerService( 1539): Removing schedule queue dupe of io.appium.uiautomator2.server.test
W/VoiceInteractionManagerService( 1539): no available voice recognition services found for user 0
I/NativeHelper( 2162): denglibo call findSupportedAbi! abiList=x86 armeabi-v7a armeabi  packageName=io.appium.android.ime
D/DefContainer( 2162): Copying /data/local/tmp/UnicodeIME-debug.apk to base.apk
I/NativeHelper( 1539): denglibo call findSupportedAbi! abiList=x86 armeabi-v7a armeabi  packageName=io.appium.android.ime
D/PackageManager( 1539): Renaming /data/app/vmdl145314460.tmp to /data/app/io.appium.android.ime-2
W/PackageManager( 1539): Attempt to re-install io.appium.android.ime without first uninstalling.
I/ActivityManager( 1539): Force stopping com.jieshun.jslife appid=10028 user=0: from pid 4061
I/ActivityManager( 1539): Force stopping com.jieshun.jslife appid=10028 user=0: clear data
I/ActivityManager( 1539): Force stopping com.jieshun.jslife appid=10028 user=0: from pid 4108
I/ActivityManager( 1539): START u0 {act=android.intent.action.MAIN cat=[android.intent.category.LAUNCHER] flg=0x10200000 cmp=com.jieshun.jslife/.activity.common.WelcomeActivity} from uid 0 on display 0
V/WindowManager( 1539): addAppToken: AppWindowToken{e0916a7 token=Token{3e87e366 ActivityRecord{e88ffc1 u0 com.jieshun.jslife/.activity.common.WelcomeActivity t8}}} to stack=1 task=8 at 0
I/ActivityManager( 1539): Start proc 4118:com.jieshun.jslife/u0a28 for activity com.jieshun.jslife/.activity.common.WelcomeActivity
W/ActivityManager( 1539): Launch timeout has expired, giving up wake lock!
D/WifiService( 1539): New client listening to asynchronous messages
I/ActivityManager( 1539): Force stopping com.jieshun.jslife appid=10028 user=0: from pid 4185
I/ActivityManager( 1539): Killing 4118:com.jieshun.jslife/u0a28 (adj 0): stop com.jieshun.jslife
I/libprocessgroup( 1539): Killing pid 4196 in uid 10028 as part of process group 4118
I/libprocessgroup( 1539): Killing pid 4196 in uid 10028 as part of process group 4118
D/WifiService( 1539): Client connection lost with reason: 4
W/ActivityManager( 1539): Scheduling restart of crashed service com.jieshun.jslife/.service.BluetoothLeService in 2760ms
I/ActivityManager( 1539):   Force finishing activity 3 ActivityRecord{e88ffc1 u0 com.jieshun.jslife/.activity.common.WelcomeActivity t8}
I/ActivityManager( 1539):   Force stopping service ServiceRecord{1c2ce5f9 u0 com.jieshun.jslife/.service.BluetoothLeService}
W/ActivityManager( 1539): Spurious death for ProcessRecord{1e30339f 4118:com.jieshun.jslife/u0a28}, curProc for 4118: null
W/InputMethodManagerService( 1539): Window already focused, ignoring focus gain of: com.android.internal.view.IInputMethodClient$Stub$Proxy@4c5f93e attribute=null, token = android.os.BinderProxy@1ba5265b
I/ActivityManager( 1539): Force stopping com.jieshun.jslife appid=10028 user=0: clear data
I/ActivityManager( 1539): Force stopping com.jieshun.jslife appid=10028 user=0: from pid 4216
I/ActivityManager( 1539): START u0 {act=android.intent.action.MAIN cat=[android.intent.category.LAUNCHER] flg=0x10200000 cmp=com.jieshun.jslife/.activity.common.WelcomeActivity} from uid 0 on display 0
V/WindowManager( 1539): addAppToken: AppWindowToken{2b45f216 token=Token{2a305b31 ActivityRecord{39aa9bd8 u0 com.jieshun.jslife/.activity.common.WelcomeActivity t9}}} to stack=1 task=9 at 0
I/ActivityManager( 1539): Start proc 4226:com.jieshun.jslife/u0a28 for activity com.jieshun.jslife/.activity.common.WelcomeActivity
D/WifiService( 1539): New client listening to asynchronous messages
V/WindowManager( 1539): Adding window Window{3d8b78ab u0 com.jieshun.jslife/com.jieshun.jslife.activity.common.WelcomeActivity} at 2 of 5 (after Window{1c633ef8 u0 com.android.launcher3/com.android.launcher3.Launcher})
I/ActivityManager( 1539): START u0 {cmp=com.jieshun.jslife/.activity.common.LoadingActivity} from uid 10028 on display 0
V/WindowManager( 1539): addAppToken: AppWindowToken{2b774611 token=Token{1020e638 ActivityRecord{3b3fe29b u0 com.jieshun.jslife/.activity.common.LoadingActivity t9}}} to stack=1 task=9 at 1
V/WindowManager( 1539): Adding window Window{20b00d77 u0 com.jieshun.jslife/com.jieshun.jslife.activity.common.LoadingActivity} at 3 of 6 (after Window{3d8b78ab u0 com.jieshun.jslife/com.jieshun.jslife.activity.common.WelcomeActivity})
I/ActivityManager( 1539): START u0 {cmp=com.jieshun.jslife/.activity.userinfo.UserLoginActivity} from uid 10028 on display 0
V/WindowManager( 1539): addAppToken: AppWindowToken{84b557c token=Token{3845346f ActivityRecord{d1e3b4e u0 com.jieshun.jslife/.activity.userinfo.UserLoginActivity t9}}} to stack=1 task=9 at 2
V/WindowManager( 1539): Adding window Window{ea4d581 u0 com.jieshun.jslife/com.jieshun.jslife.activity.userinfo.UserLoginActivity} at 4 of 7 (after Window{20b00d77 u0 com.jieshun.jslife/com.jieshun.jslife.activity.common.LoadingActivity})
V/WindowManager( 1539): Adding window Window{25b5b3b9 u0 PopupWindow:78a336d} at 3 of 6 (after Window{ea4d581 u0 com.jieshun.jslife/com.jieshun.jslife.activity.userinfo.UserLoginActivity})
V/WindowManager( 1539): Adding window Window{2ff4d275 u0 PopupWindow:4d14ba2} at 4 of 7 (after Window{25b5b3b9 u0 PopupWindow:78a336d})
V/WindowManager( 1539): Adding window Window{26519357 u0 PopupWindow:30d36325} at 3 of 6 (after Window{ea4d581 u0 com.jieshun.jslife/com.jieshun.jslife.activity.userinfo.UserLoginActivity})
