D/MountService( 1534):     mStorageId=0 mPath=/storage/usb0 mDescriptionId=17040807 mPrimary=false 
D/MountService( 1534):     mRemovable=true mEmulated=false mMtpReserveSpace=0 mAllowMassStorage=false 
D/MountService( 1534):     mMaxFileSize=4294967296 mOwner=null mUuid=null mUserLabel=null mState=null 
D/MountService( 1534): got storage path: /storage/usb1 description: USB存储器 primary: false removable: true emulated: false mtpReserve: 0 allowMassStorage: false maxFileSize: 4294967296
D/MountService( 1534): addVolumeLocked() StorageVolume:
D/MountService( 1534):     mStorageId=0 mPath=/storage/usb1 mDescriptionId=17040807 mPrimary=false 
D/MountService( 1534):     mRemovable=true mEmulated=false mMtpReserveSpace=0 mAllowMassStorage=false 
D/MountService( 1534):     mMaxFileSize=4294967296 mOwner=null mUuid=null mUserLabel=null mState=null 
D/MountService( 1534): got storage path: /storage/usb2 description: USB存储器 primary: false removable: true emulated: false mtpReserve: 0 allowMassStorage: false maxFileSize: 4294967296
D/MountService( 1534): addVolumeLocked() StorageVolume:
D/MountService( 1534):     mStorageId=0 mPath=/storage/usb2 mDescriptionId=17040807 mPrimary=false 
D/MountService( 1534):     mRemovable=true mEmulated=false mMtpReserveSpace=0 mAllowMassStorage=false 
D/MountService( 1534):     mMaxFileSize=4294967296 mOwner=null mUuid=null mUserLabel=null mState=null 
D/MountService( 1534): got storage path: /storage/usb3 description: USB存储器 primary: false removable: true emulated: false mtpReserve: 0 allowMassStorage: false maxFileSize: 4294967296
D/MountService( 1534): addVolumeLocked() StorageVolume:
D/MountService( 1534):     mStorageId=0 mPath=/storage/usb3 mDescriptionId=17040807 mPrimary=false 
D/MountService( 1534):     mRemovable=true mEmulated=false mMtpReserveSpace=0 mAllowMassStorage=false 
D/MountService( 1534):     mMaxFileSize=4294967296 mOwner=null mUuid=null mUserLabel=null mState=null 
I/SystemServer( 1534): LockSettingsService
D/MountService( 1534): volume state changed for /storage/usb0 (unmounted -> removed)
D/MountService( 1534): volume state changed for /storage/usb1 (unmounted -> removed)
D/MountService( 1534): volume state changed for /storage/usb2 (unmounted -> removed)
D/MountService( 1534): volume state changed for /storage/usb3 (unmounted -> removed)
I/AudioFlinger( 1367): Using module 1 has the primary audio interface
I/AudioFlinger( 1367): AudioFlinger's thread 0xb58a4000 ready to run
D/ld_audio_hw( 1367): lineFun, out_standby
I/PackageManager( 1534): No secure containers found
W/PackageManager( 1534): Not granting permission android.permission.SET_ANIMATION_SCALE to package io.appium.settings (protectionLevel=50 flags=0x8be46)
W/PackageManager( 1534): Not granting permission android.permission.CHANGE_CONFIGURATION to package io.appium.settings (protectionLevel=50 flags=0x8be46)
W/PackageManager( 1534): Unknown permission com.google.android.googleapps.permission.GOOGLE_AUTH in package com.android.providers.calendar
W/PackageManager( 1534): Unknown permission com.google.android.googleapps.permission.GOOGLE_AUTH.cl in package com.android.providers.calendar
W/PackageManager( 1534): Not granting permission android.permission.ACCESS_DOWNLOAD_MANAGER to package com.android.browser (protectionLevel=18 flags=0x9be45)
W/PackageManager( 1534): Not granting permission android.permission.SEND_DOWNLOAD_COMPLETED_INTENTS to package com.android.browser (protectionLevel=2 flags=0x9be45)
W/PackageManager( 1534): Not granting permission android.permission.BIND_APPWIDGET to package com.android.launcher3 (protectionLevel=18 flags=0x483e45)
W/PackageManager( 1534): Unknown permission com.android.launcher.permission.READ_SETTINGS in package com.android.launcher3
W/PackageManager( 1534): Unknown permission com.android.launcher.permission.WRITE_SETTINGS in package com.android.launcher3
W/PackageManager( 1534): Not granting permission android.permission.MOUNT_UNMOUNT_FILESYSTEMS to package com.android.launcher3 (protectionLevel=18 flags=0x483e45)
W/PackageManager( 1534): Not granting permission android.permission.READ_LOGS to package com.android.flysilkworm (protectionLevel=50 flags=0x58be45)
W/PackageManager( 1534): Not granting permission android.permission.INSTALL_PACKAGES to package com.android.flysilkworm (protectionLevel=18 flags=0x58be45)
W/PackageManager( 1534): Not granting permission android.permission.MOUNT_UNMOUNT_FILESYSTEMS to package com.android.flysilkworm (protectionLevel=18 flags=0x58be45)
W/PackageManager( 1534): Not granting permission android.permission.WRITE_MEDIA_STORAGE to package com.android.flysilkworm (protectionLevel=18 flags=0x58be45)
W/PackageManager( 1534): Not granting permission android.permission.CHANGE_CONFIGURATION to package com.android.flysilkworm (protectionLevel=50 flags=0x58be45)
W/PackageManager( 1534): Unknown permission android.permission.PREVENT_POWER_KEY in package com.android.flysilkworm
W/PackageManager( 1534): Not granting permission android.permission.ACCESS_CHECKIN_PROPERTIES to package com.android.flysilkworm (protectionLevel=18 flags=0x58be45)
W/PackageManager( 1534): Unknown permission android.permission.READ_SETTINGS in package com.android.flysilkworm
W/PackageManager( 1534): Not granting permission android.permission.DELETE_PACKAGES to package com.svox.pico (protectionLevel=18 flags=0x8be45)
W/PackageManager( 1534): Unknown permission com.cyanogenmod.filemanager.permissions.READ_THEME in package com.cyanogenmod.filemanager
W/PackageManager( 1534): Unknown permission com.google.android.googleapps.permission.GOOGLE_AUTH in package com.android.settings
W/PackageManager( 1534): Unknown permission com.android.launcher.permission.READ_SETTINGS in package com.android.settings
W/PackageManager( 1534): Unknown permission com.android.launcher.permission.WRITE_SETTINGS in package com.android.settings
W/PackageManager( 1534): Unknown permission android.permission.USE_FINGERPRINT in package com.jieshun.jslife
W/PackageManager( 1534): Unknown permission android.permission.ACCES_MOCK_LOCATION in package com.jieshun.jslife
W/PackageManager( 1534): Unknown permission com.android.launcher.permission.READ_SETTINGS in package com.jieshun.jslife
W/PackageManager( 1534): Unknown permission android.permission.ACCESS_GPS in package com.jieshun.jslife
W/PackageManager( 1534): Not granting permission android.permission.READ_LOGS to package com.jieshun.jslife (protectionLevel=50 flags=0x48be44)
W/PackageManager( 1534): Not granting permission android.permission.MOUNT_UNMOUNT_FILESYSTEMS to package com.jieshun.jslife (protectionLevel=18 flags=0x48be44)
W/PackageManager( 1534): Not granting permission android.permission.CHANGE_CONFIGURATION to package com.jieshun.jslife (protectionLevel=50 flags=0x48be44)
W/PackageManager( 1534): Unknown permission com.android.smspush.WAPPUSH_MANAGER_BIND in package com.android.phone
I/AudioFlinger( 1367): AudioFlinger's thread 0xb593a000 ready to run
D/ld_audio_hw( 1367): adev_close_input_stream, dev=0xb5875240, stream=0xb585c080
D/ld_audio_hw( 1367): lineFun, in_standby
D/ld_audio_hw( 1367): lineFun, do_in_standby
D/BlueZ   ( 1367): external/bluetooth/bluez/android/hal-audio.c:audio_open() 
D/BlueZ   ( 1367): external/bluetooth/bluez/android/hal-audio.c:audio_ipc_init() 
D/BlueZ   ( 1367): external/bluetooth/bluez/android/hal-audio.c:ipc_handler() 
D/BlueZ   ( 1367): external/bluetooth/bluez/android/hal-audio.c:ipc_handler() Waiting for connection ...
E/BlueZ   ( 1367): APTX: failed to open library libbt-aptx.so (dlopen failed: library "libbt-aptx.so" not found)
D/BlueZ   ( 1367): external/bluetooth/bluez/android/hal-audio.c:audio_init_check() 
D/BlueZ   ( 1367): external/bluetooth/bluez/android/hal-audio.c:audio_set_master_volume() 
D/BlueZ   ( 1367): external/bluetooth/bluez/android/hal-audio.c:set_master_mute() 
I/AudioFlinger( 1367): loadHwModule() Loaded a2dp audio interface from A2DP Bluez HW HAL (audio) handle 4
I/AudioFlinger( 1367): loadHwModule() Loaded usb audio interface from USB audio HW HAL (audio) handle 5
E/SoundTriggerHwService( 1367): couldn't load sound trigger module sound_trigger.primary (No such file or directory)
I/UsageStatsService( 1534): User[0] Rollover scheduled @ 2018-07-28 08:00:00(1532736000000)
I/UsageStatsService( 1534): User[0] Rolling over usage stats
I/SystemServiceManager( 1534): Starting com.android.server.devicepolicy.DevicePolicyManagerService$Lifecycle
I/UsageStatsService( 1534): User[0] Rollover scheduled @ 2018-08-01 08:00:00(1533081600000)
I/UsageStatsService( 1534): User[0] Rolling over usage stats complete. Took 59 milliseconds
I/SystemServer( 1534): Status Bar
I/SystemServer( 1534): Clipboard Service
I/SystemServer( 1534): NetworkManagement Service
I/SystemServer( 1534): Text Service Manager Service
W/TextServicesManagerService( 1534): no available spell checker services found
I/SystemServer( 1534): Network Score Service
I/SystemServer( 1534): NetworkStats Service
I/SystemServer( 1534): NetworkPolicy Service
I/SystemServiceManager( 1534): Starting com.android.server.wifi.p2p.WifiP2pService
I/WifiP2pService( 1534): Registering wifip2p
I/SystemServiceManager( 1534): Starting com.android.server.wifi.WifiService
E/WifiConfigStore( 1534): associatedPartialScanPeriodMilli set to 20000
I/LdWifi  ( 1534): call wifi_unload_driver!
D/WifiController( 1534): isAirplaneModeOn = true, isWifiEnabled = false, isScanningAvailable = false
I/WifiService( 1534): Registering wifi
I/SystemServiceManager( 1534): Starting com.android.server.wifi.WifiScanningService
I/WifiScanningService( 1534): Creating wifiscanner
I/WifiScanningService( 1534): Starting wifiscanner
I/SystemServiceManager( 1534): Starting com.android.server.wifi.RttService
I/RttService( 1534): Creating rttmanager
I/RttService( 1534): Starting rttmanager
I/SystemServiceManager( 1534): Starting com.android.server.ethernet.EthernetService
I/EthernetServiceImpl( 1534): Creating EthernetConfigStore
E/IpConfigStore( 1534): Error parsing configuration: java.io.FileNotFoundException: /data/misc/ethernet/ipconfig.txt: open failed: ENOENT (No such file or directory)
W/EthernetConfigStore( 1534): No Ethernet configuration found. Using default.
I/EthernetServiceImpl( 1534): Read stored IP configuration: IP assignment: DHCP
I/EthernetServiceImpl( 1534): Proxy settings: NONE
I/EthernetService( 1534): Registering service ethernet
I/SystemServer( 1534): Connectivity Service
D/ConnectivityService( 1534): ConnectivityService starting up
D/ConnectivityService( 1534): wifiOnly=false
E/ConnectivityService( 1534): Ignoring protectedNetwork 14
E/ConnectivityService( 1534): Ignoring protectedNetwork 15
I/SystemServer( 1534): Network Service Discovery Service
D/NsdService( 1534): Network service discovery enabled true
I/SystemServer( 1534): UpdateLock Service
I/SystemServiceManager( 1534): Starting com.android.server.notification.NotificationManagerService
D/ZenLog  ( 1534): set_zen_mode: no_interruptions,setting
D/ZenLog  ( 1534): update_zen_mode: off -> no_interruptions
I/SystemServiceManager( 1534): Starting com.android.server.storage.DeviceStorageMonitorService
I/SystemServer( 1534): Location Manager
I/SystemServer( 1534): Country Detector
I/SystemServer( 1534): Search Service
I/SystemServer( 1534): DropBox Service
I/SystemServer( 1534): Wallpaper Service
I/SystemServer( 1534): Audio Service
W/TelecomManager( 1534): Telecom Service not found.
D/BlueZ   ( 1367): external/bluetooth/bluez/android/hal-audio.c:audio_set_mic_mute() 
I/art     ( 1534): Background sticky concurrent mark sweep GC freed 37492(2MB) AllocSpace objects, 20(320KB) LOS objects, 19% free, 11MB/14MB, paused 21.944ms total 117.332ms
I/SystemServiceManager( 1534): Starting com.android.server.DockObserver
W/DockObserver( 1534): This kernel does not have dock station support
I/SystemServer( 1534): Wired Accessory Manager
W/WiredAccessoryManager( 1534): This kernel does not have usb audio support
W/WiredAccessoryManager( 1534): This kernel does not have HDMI audio support
I/SystemServiceManager( 1534): Starting com.android.server.usb.UsbService$Lifecycle
I/SystemServer( 1534): Serial Service
I/SystemServiceManager( 1534): Starting com.android.server.twilight.TwilightService
I/SystemServiceManager( 1534): Starting com.android.server.UiModeManagerService
I/SystemServiceManager( 1534): Starting com.android.server.job.JobSchedulerService
I/SystemServiceManager( 1534): Starting com.android.server.backup.BackupManagerService$Lifecycle
I/SystemServiceManager( 1534): Starting com.android.server.appwidget.AppWidgetService
I/SystemServiceManager( 1534): Starting com.android.server.voiceinteraction.VoiceInteractionManagerService
W/SoundTriggerHelper( 1534): listModules status=0, # of modules=0
I/SystemServer( 1534): DiskStats Service
I/SystemServer( 1534): SamplingProfiler Service
I/SystemServer( 1534): NetworkTimeUpdateService
I/SystemServer( 1534): CommonTimeManagementService
I/SystemServer( 1534): CertBlacklister
I/SystemServiceManager( 1534): Starting com.android.server.dreams.DreamManagerService
I/SystemServer( 1534): Assets Atlas Service
I/SystemServiceManager( 1534): Starting com.android.server.print.PrintManagerService
I/SystemServiceManager( 1534): Starting com.android.server.restrictions.RestrictionsManagerService
I/SystemServiceManager( 1534): Starting com.android.server.media.MediaSessionService
I/SystemServer( 1534): Media Router Service
I/SystemServiceManager( 1534): Starting com.android.server.trust.TrustManagerService
I/SystemServiceManager( 1534): Starting com.android.server.fingerprint.FingerprintService
V/Fingerprint-JNI( 1534): nativeInit()
V/Fingerprint-JNI( 1534): nativeOpenHal()
E/Fingerprint-JNI( 1534): Can't open fingerprint HW Module, error: -2
I/SystemServer( 1534): BackgroundDexOptService
I/SystemServiceManager( 1534): Starting com.android.server.pm.LauncherAppsService
I/SystemServiceManager( 1534): Starting com.android.server.media.projection.MediaProjectionManagerService
I/WindowManager( 1534): SAFE MODE not enabled
I/SystemServiceManager( 1534): Starting com.android.server.MmsServiceBroker
E/SQLiteLog( 1534): (283) recovered 16 frames from WAL file /data/system/locksettings.db-wal
E/LockSettingsStorage( 1534): Cannot read file java.io.FileNotFoundException: /data/system/password.key: open failed: ENOENT (No such file or directory)
E/LockSettingsStorage( 1534): Cannot read file java.io.FileNotFoundException: /data/system/gesture.key: open failed: ENOENT (No such file or directory)
I/SystemServiceManager( 1534): Starting phase 480
I/SystemServiceManager( 1534): Starting phase 500
I/WifiService( 1534): WifiService starting up with Wi-Fi disabled
D/WifiService( 1534): New client listening to asynchronous messages
I/WifiScanningService( 1534): Registering wifiscanner
D/WifiScanningService( 1534): New client, channel: null messenger: null
I/RttService( 1534): Registering rttmanager
I/EthernetServiceImpl( 1534): Starting Ethernet service
D/WifiChangeStateMachine( 1534): Entering IdleState
D/WifiScanningService( 1534): DefaultState
D/Ethernet( 1534): Registering NetworkFactory
D/ConnectivityService( 1534): Got NetworkFactory Messenger for Ethernet
D/Ethernet( 1534): got request NetworkRequest [ id=1, legacyType=-1, [ Capabilities: INTERNET&NOT_RESTRICTED&TRUSTED&NOT_VPN] ] with score 0
D/EthernetNetworkFactory( 1534): Started tracking interface eth0
D/NetworkManagementService( 1534): denglibo setInterfaceUp: eth0
D/AssetAtlas( 1534): Loaded configuration: SliceMinArea (960x1216) flags=0x2 count=446
I/HostConnection( 1361): HostConnection::HostConnection: pid=1361, tid=1511, this=0xb69ddc90
I/        ( 1361): fastpipe: Connect success
D/HostConnection( 1361): HostRPC::connect sucess: app=/system/bin/surfaceflinger, pid=1361, tid=1511, this=0xb69f2000
D/HostConnection( 1361): queryAndSetGLESMaxVersion select gles-version: 2.0 hostGLVersion:31 process:/system/bin/surfaceflinger
I/gralloc_x86( 1534): --denglibo-- fallback_init, force return by denglibo
I/HostConnection( 1534): HostConnection::HostConnection: pid=1534, tid=1601, this=0xa0caa060
I/        ( 1534): fastpipe: Connect success
D/HostConnection( 1534): HostRPC::connect sucess: app=system_server, pid=1534, tid=1601, this=0xa0d72000
D/CommandListener( 1363): Setting iface cfg
D/HostConnection( 1534): queryAndSetGLESMaxVersion select gles-version: 2.0 hostGLVersion:31 process:system_server
D/CommandListener( 1363): Trying to bring up eth0
I/        ( 1534): fastpipe: Connect success
D/HostConnection( 1534): recv ProcessPuidReply name=system_server puid=2
D/EthernetNetworkFactory( 1534): updateInterface: eth0 link up
I/ActivityManager( 1534): Config changes=200 {1.0 ?mcc?mnc zh_CN ?layoutDir sw360dp w360dp h615dp 320dpi nrml long port finger -keyb/v/h -nav/h s.4}
I/EthernetNetworkFactory( 1534): dhcpThread(+eth0): mNetworkInfo=[type: Ethernet[], state: UNKNOWN/IDLE, reason: (unspecified), extra: 00:db:8c:06:c6:ba, roaming: false, failover: false, isAvailable: true, isConnectedToProvisioningNetwork: false]
I/EGL_adreno( 1534): eglCreateContext request GLES major-version=2
D/EGL_adreno( 1534): eglCreateContext: 0xa0c5ba60: maj 2 min 0 rcv 2
D/EGL_adreno( 1534): eglMakeCurrent: 0xa0c5ba60: ver 2 0 (tinfo 0xa0cbb920)
V/BackupManagerService( 1534): No ancestral data
E/dhcpcd  ( 1608): fopen `/system/etc/dhcpcd/dhcpcd.conf': No such file or directory
I/dhcpcd  ( 1608): version 5.5.6 starting
E/dhcpcd  ( 1608): fopen `/system/etc/dhcpcd/dhcpcd.conf': No such file or directory
E/dhcpcd  ( 1608): get_duid: Read-only file system
D/BackupManagerService( 1534): Now staging backup of com.android.browser
D/BackupManagerService( 1534): Now staging backup of android
D/BackupManagerService( 1534): Now staging backup of com.android.providers.settings
D/BackupManagerService( 1534): Now staging backup of com.android.sharedstoragebackup
D/BackupManagerService( 1534): Now staging backup of com.android.providers.userdictionary
V/BackupManagerService( 1534): Starting with transport android/com.android.internal.backup.LocalTransport
V/BackupManagerService( 1534): Found transports: 1
I/BackupManagerService( 1534): Binding to transport host ComponentInfo{android/com.android.internal.backup.LocalTransportService}
I/BackupManagerService( 1534): Found stale backup journal, scheduling
D/AssetAtlas( 1534): Rendered atlas in 37.11ms (4.99+32.12ms)
I/HostConnection( 1534): HostConnection::~HostConnection, pid=1534, tid=1601, this=0xa0caa060, m_stream=0xa0d72000
I/        ( 1534): fastpipe: close connect
I/HostConnection( 1361): HostConnection::HostConnection: pid=1361, tid=1509, this=0xb6037060
I/        ( 1361): fastpipe: Connect success
D/HostConnection( 1361): HostRPC::connect sucess: app=/system/bin/surfaceflinger, pid=1361, tid=1509, this=0xb603e000
D/HostConnection( 1361): queryAndSetGLESMaxVersion select gles-version: 2.0 hostGLVersion:31 process:/system/bin/surfaceflinger
I/dhcpcd  ( 1608): eth0: rebinding lease of 172.16.2.15
I/dhcpcd  ( 1608): eth0: acknowledged 172.16.2.15 from 172.16.2.2
I/dhcpcd  ( 1608): eth0: leased 172.16.2.15 for 86400 seconds
I/AppOps  ( 1534): Pruning old package media/1013: new uid=-1
I/ActivityManager( 1534): System now ready
I/SystemServer( 1534): Making services ready
I/SystemServiceManager( 1534): Starting phase 550
I/SystemServer( 1534): WebViewFactory preparation
I/Zygote  ( 1534): Process: zygote socket opened, supported ABIS: x86,armeabi-v7a,armeabi
D/libnativebridge( 1641): call UnloadNativeBridge! state=1
V/WebViewFactory( 1641): RelroFileCreator (64bit = false),  32-bit lib: /system/app/webview/lib/x86/libwebviewchromium.so, 64-bit lib: 
I/ActivityManager( 1534): Start proc 1641:WebViewLoader-x86/1037 [android.webkit.WebViewFactory$RelroFileCreator] for 
I/ActivityManager( 1534): Start proc 1657:com.android.systemui/u0a7 for service com.android.systemui/.SystemUIService
D/NetworkManagementService( 1534): not enabling bandwidth control
E/MountService( 1534): Boot-time mount failed (-1)
W/MountService( 1534): Duplicate state transition (mounted -> mounted) for /storage/emulated/0
D/libnativebridge( 1657): call UnloadNativeBridge! state=1
V/SystemUIService( 1657): Starting SystemUI services.
V/FingerprintService( 1534): startListening(android.service.fingerprint.IFingerprintServiceReceiver$Stub$Proxy@2a49219)
I/art     ( 1641): System.exit called, status: 0
I/AndroidRuntime( 1641): VM exiting with result code 0, cleanup skipped.
W/NetworkStats( 1534): bandwidth controls disabled, unable to track stats
W/NetworkPolicy( 1534): bandwidth controls disabled, unable to enforce policy
D/ConnectivityService( 1534): registerNetworkAgent NetworkAgentInfo{ ni{[type: Ethernet[], state: CONNECTED/CONNECTED, reason: (unspecified), extra: 00:db:8c:06:c6:ba, roaming: false, failover: false, isAvailable: true, isConnectedToProvisioningNetwork: false]}  network{null}  lp{{InterfaceName: eth0 LinkAddresses: [172.16.2.15/24,]  Routes: [172.16.2.0/24 -> 0.0.0.0 eth0,0.0.0.0/0 -> 172.16.2.2 eth0,] DnsAddresses: [202.96.134.133,202.96.128.166,] Domains:  MTU: 0 TcpBufferSizes: 524288,1048576,3145728,524288,1048576,2097152}}  nc{[ Transports: ETHERNET Capabilities: INTERNET&NOT_RESTRICTED&TRUSTED&NOT_VPN LinkUpBandwidth>=100000Kbps LinkDnBandwidth>=100000Kbps]}  Score{10}  everValidated{false}  lastValidated{false}  created{false}  explicitlySelected{false} }
D/PermissionMonitor( 1534): Monitoring
D/PermissionMonitor( 1534): Users: 1, Apps: 32
I/SystemServiceManager( 1534): Starting phase 600
D/BluetoothManagerService( 1534): Message: 20
D/BluetoothManagerService( 1534): Added callback: android.bluetooth.BluetoothAdapter$1@50cdf8e:true
D/ConnectivityService( 1534): NetworkAgentInfo [Ethernet () - 100] EVENT_NETWORK_INFO_CHANGED, going from null to CONNECTED
D/ConnectivityService( 1534): Adding iface eth0 to network 100
D/BluetoothManagerService( 1534): Trying to bind to profile: 1, while Bluetooth was disabled
D/BluetoothManagerService( 1534): Message: 30
D/BluetoothManagerService( 1534): Message: 30
E/BluetoothA2dp( 1534): Could not bind to Bluetooth A2DP Service with Intent { act=android.bluetooth.IBluetoothA2dp }
E/ConnectivityService( 1534): Unexpected mtu value: 0, eth0
D/ConnectivityService( 1534): Adding Route [172.16.2.0/24 -> 0.0.0.0 eth0] to network 100
D/ConnectivityService( 1534): Adding Route [0.0.0.0/0 -> 172.16.2.2 eth0] to network 100
D/ConnectivityService( 1534): Setting Dns servers for network 100 to [/202.96.134.133, /202.96.128.166, /119.29.29.29]
D/ConnectivityService( 1534): notifyType IP_CHANGED for NetworkAgentInfo [Ethernet () - 100]
D/ConnectivityService( 1534): notifyType PRECHECK for NetworkAgentInfo [Ethernet () - 100]
D/ConnectivityService( 1534): rematching NetworkAgentInfo [Ethernet () - 100]
D/ConnectivityService( 1534):    accepting network in place of null
D/ConnectivityService( 1534): Switching to new default network: NetworkAgentInfo{ ni{[type: Ethernet[], state: CONNECTED/CONNECTED, reason: (unspecified), extra: 00:db:8c:06:c6:ba, roaming: false, failover: false, isAvailable: true, isConnectedToProvisioningNetwork: false]}  network{100}  lp{{InterfaceName: eth0 LinkAddresses: [172.16.2.15/24,]  Routes: [172.16.2.0/24 -> 0.0.0.0 eth0,0.0.0.0/0 -> 172.16.2.2 eth0,] DnsAddresses: [202.96.134.133,202.96.128.166,] Domains:  MTU: 0 TcpBufferSizes: 524288,1048576,3145728,524288,1048576,2097152}}  nc{[ Transports: ETHERNET Capabilities: INTERNET&NOT_RESTRICTED&TRUSTED&NOT_VPN LinkUpBandwidth>=100000Kbps LinkDnBandwidth>=100000Kbps]}  Score{10}  everValidated{false}  lastValidated{false}  created{true}  explicitlySelected{false} }
D/NetworkManagementService( 1534): denglibo call setDefaultNetId! netId=100
D/NetworkMonitor/NetworkAgentInfo [Ethernet () - 100]( 1534): DefaultState{ when=0 what=532481 target=com.android.internal.util.StateMachine$SmHandler }
D/NetworkMonitor/NetworkAgentInfo [Ethernet () - 100]( 1534): Connected
D/ConnectivityService( 1534): Setting tx/rx TCP buffers to 524288,1048576,3145728,524288,1048576,2097152
D/ConnectivityService( 1534): notifyType AVAILABLE for NetworkAgentInfo [Ethernet () - 100]
D/CSLegacyTypeTracker( 1534): Sending connected broadcast for type 9 NetworkAgentInfo [Ethernet () - 100] isDefaultNetwork=true
D/ConnectivityService( 1534): sendStickyBroadcast: action=android.net.conn.CONNECTIVITY_CHANGE_IMMEDIATE
D/ConnectivityService( 1534): sendStickyBroadcast: action=android.net.conn.CONNECTIVITY_CHANGE
D/NetworkMonitor/NetworkAgentInfo [Ethernet () - 100]( 1534): EvaluatingState{ when=0 what=532486 arg1=1 target=com.android.internal.util.StateMachine$SmHandler }
D/NetworkMonitor/NetworkAgentInfo [Ethernet () - 100]( 1534): Validated
D/ConnectivityService( 1534): setProvNotificationVisibleIntent: E visible=false networkType=0 extraInfo=null
D/ConnectivityService( 1534): Validated NetworkAgentInfo [Ethernet () - 100]
D/ConnectivityService( 1534): rematching NetworkAgentInfo [Ethernet () - 100]
D/ConnectivityService( 1534): Network NetworkAgentInfo [Ethernet () - 100] was already satisfying request 1. No change.
D/ConnectivityService( 1534): notifyType AVAILABLE for NetworkAgentInfo [Ethernet () - 100]
D/ConnectivityService( 1534): sendStickyBroadcast: action=android.net.conn.INET_CONDITION_ACTION
I/ActivityManager( 1534): Start proc 1696:android.process.media/u0a3 for broadcast com.android.providers.downloads/.DownloadReceiver
D/libnativebridge( 1696): call UnloadNativeBridge! state=1
I/BackupManagerService( 1534): Backup enabled => false
I/BackupManagerService( 1534): Opting out of backup
E/InputMethodManagerService( 1534): Ignoring setImeWindowStatus due to an invalid token. uid:1000 token:null
I/ActivityManager( 1534): Start proc 1718:io.appium.android.ime/u0a29 for service io.appium.android.ime/.UnicodeIME
V/InputMethodManagerService( 1534): Adding window token: android.os.Binder@27224208
I/art     ( 1718): Late-enabling -Xcheck:jni
D/libnativebridge( 1718): call UnloadNativeBridge! state=1
W/linker  ( 1367): libavcodec.so has text relocations. This is wasting memory and prevents security hardening. Please fix.
W/linker  ( 1367): libswresample.so has text relocations. This is wasting memory and prevents security hardening. Please fix.
D/DataSource( 1367): loadExtractorPlugin return 0xb6071a00
D/DataSource( 1367): begin getExtractorPlugin
D/DataSource( 1367): end getExtractorPlugin
D/DataSource( 1367): begin RegisterSniffer
D/DataSource( 1367): end RegisterSniffer
E/WVMExtractor( 1367): Failed to open libwvm.so: dlopen failed: library "libwvm.so" not found
I/FFmpegExtractor( 1367): android-source:0xb584f840
I/FFmpegExtractor( 1367): android-source:0xb4024540
D/FFMPEG  ( 1367): android source begin open
D/FFMPEG  ( 1367): android open, url: android-source:0xb584f840
D/FFMPEG  ( 1367): ffmpeg open android data source success, source ptr: 0xb584f840
D/FFMPEG  ( 1367): android source open success
D/FFMPEG  ( 1367): android source begin open
D/FFMPEG  ( 1367): android open, url: android-source:0xb4024540
D/FFMPEG  ( 1367): ffmpeg open android data source success, source ptr: 0xb4024540
D/FFMPEG  ( 1367): android source open success
I/FFMPEG  ( 1367): Input #0, ogg, from 'android-source:0xb584f840':
I/FFMPEG  ( 1367):   Duration: 00:00:00.09, start: 0.000000, bitrate: 527 kb/s
I/FFMPEG  ( 1367):     Stream #0:0: Audio: vorbis, 44100 Hz, stereo, fltp, 160 kb/s
I/FFmpegExtractor( 1367): FFmpegExtrator, url: android-source:0xb584f840, format_name: ogg, format_long_name: Ogg
I/FFmpegExtractor( 1367): list the formats suppoted by ffmpeg: 
I/FFmpegExtractor( 1367): ========================================
I/FFmpegExtractor( 1367): ========================================
I/FFmpegExtractor( 1367): adjust mime(application/ogg -> audio/vorbis)
D/FFmpegExtractor( 1367): suppoted codec(vorbis) by official Stagefright
D/FFMPEG  ( 1367): android source close
I/FFmpegExtractor( 1367): sniff through BetterSniffFFMPEG success
D/FFmpegExtractor( 1367): ffmpeg detected media content as 'audio/vorbis' with confidence 0.08
I/FFMPEG  ( 1367): Input #0, ogg, from 'android-source:0xb4024540':
I/FFMPEG  ( 1367):   Duration: 00:00:00.23, start: 0.000000, bitrate: 293 kb/s
I/FFMPEG  ( 1367):     Stream #0:0: Audio: vorbis, 44100 Hz, stereo, fltp, 160 kb/s
I/FFmpegExtractor( 1367): FFmpegExtrator, url: android-source:0xb4024540, format_name: ogg, format_long_name: Ogg
I/FFmpegExtractor( 1367): list the formats suppoted by ffmpeg: 
I/FFmpegExtractor( 1367): ========================================
I/FFmpegExtractor( 1367): ========================================
I/FFmpegExtractor( 1367): adjust mime(application/ogg -> audio/vorbis)
D/FFmpegExtractor( 1367): suppoted codec(vorbis) by official Stagefright
D/FFMPEG  ( 1367): android source close
I/FFmpegExtractor( 1367): sniff through BetterSniffFFMPEG success
D/FFmpegExtractor( 1367): ffmpeg detected media content as 'audio/vorbis' with confidence 0.08
D/NuPlayerDriver( 1367): start(0xb584eca0)
I/GenericSource( 1367): start
D/NuPlayerDriver( 1367): start(0xb402f1c0)
I/GenericSource( 1367): start
D/SoftFFmpegAudio( 1367): SoftFFmpegAudio component: OMX.ffmpeg.aac.decoder mCodingType: 21 mHighResAudioEnabled: 1
V/SoftFFmpegAudio( 1367): ~SoftFFmpegAudio
D/SoftFFmpegAudio( 1367): SoftFFmpegAudio component: OMX.ffmpeg.ra.decoder mCodingType: 26 mHighResAudioEnabled: 1
V/SoftFFmpegAudio( 1367): ~SoftFFmpegAudio
D/SoftFFmpegAudio( 1367): SoftFFmpegAudio component: OMX.ffmpeg.ac3.decoder mCodingType: 2130706434 mHighResAudioEnabled: 1
V/SoftFFmpegAudio( 1367): ~SoftFFmpegAudio
D/SoftFFmpegAudio( 1367): SoftFFmpegAudio component: OMX.ffmpeg.ape.decoder mCodingType: 2130706435 mHighResAudioEnabled: 1
V/SoftFFmpegAudio( 1367): ~SoftFFmpegAudio
D/SoftFFmpegAudio( 1367): SoftFFmpegAudio component: OMX.ffmpeg.dts.decoder mCodingType: 2130706436 mHighResAudioEnabled: 1
V/SoftFFmpegAudio( 1367): ~SoftFFmpegAudio
W/linker  ( 1367): libswscale.so has text relocations. This is wasting memory and prevents security hardening. Please fix.
D/SoftFFmpegVideo( 1367): SoftFFmpegVideo component: OMX.ffmpeg.rv.decoder mMode: 0 appData: 0xb4026fc0
E/OMXNodeInstance( 1367): getParameter(13:ffmpeg.rv.decoder, ParamVideoProfileLevelQuerySupported(0x600000f)) ERROR: UnsupportedIndex(0x8000101a)
W/OMXNodeInstance( 1367): [13:ffmpeg.rv.decoder] component does not support metadata mode; using fallback
E/OMXNodeInstance( 1367): getExtensionIndex(13:ffmpeg.rv.decoder, OMX.google.android.index.prepareForAdaptivePlayback) ERROR: UnsupportedIndex(0x8000101a)
V/SoftFFmpegVideo( 1367): ~SoftFFmpegVideo
W/linker  ( 1367): libswscale.so has text relocations. This is wasting memory and prevents security hardening. Please fix.
D/SoftFFmpegVideo( 1367): SoftFFmpegVideo component: OMX.ffmpeg.hevc.decoder mMode: 0 appData: 0xb4026fc0
E/OMXNodeInstance( 1367): getParameter(14:ffmpeg.hevc.decoder, ParamVideoProfileLevelQuerySupported(0x600000f)) ERROR: UnsupportedIndex(0x8000101a)
W/OMXNodeInstance( 1367): [14:ffmpeg.hevc.decoder] component does not support metadata mode; using fallback
E/OMXNodeInstance( 1367): getExtensionIndex(14:ffmpeg.hevc.decoder, OMX.google.android.index.prepareForAdaptivePlayback) ERROR: UnsupportedIndex(0x8000101a)
V/SoftFFmpegVideo( 1367): ~SoftFFmpegVideo
W/linker  ( 1367): libswscale.so has text relocations. This is wasting memory and prevents security hardening. Please fix.
D/SoftFFmpegVideo( 1367): SoftFFmpegVideo component: OMX.ffmpeg.divx.decoder mMode: 0 appData: 0xb4026fc0
E/OMXNodeInstance( 1367): getParameter(15:ffmpeg.divx.decoder, ParamVideoProfileLevelQuerySupported(0x600000f)) ERROR: UnsupportedIndex(0x8000101a)
W/OMXNodeInstance( 1367): [15:ffmpeg.divx.decoder] component does not support metadata mode; using fallback
E/OMXNodeInstance( 1367): getExtensionIndex(15:ffmpeg.divx.decoder, OMX.google.android.index.prepareForAdaptivePlayback) ERROR: UnsupportedIndex(0x8000101a)
V/SoftFFmpegVideo( 1367): ~SoftFFmpegVideo
W/linker  ( 1367): libswscale.so has text relocations. This is wasting memory and prevents security hardening. Please fix.
D/SoftFFmpegVideo( 1367): SoftFFmpegVideo component: OMX.ffmpeg.flv1.decoder mMode: 0 appData: 0xb4026fc0
E/OMXNodeInstance( 1367): getParameter(16:ffmpeg.flv1.decoder, ParamVideoProfileLevelQuerySupported(0x600000f)) ERROR: UnsupportedIndex(0x8000101a)
W/OMXNodeInstance( 1367): [16:ffmpeg.flv1.decoder] component does not support metadata mode; using fallback
E/OMXNodeInstance( 1367): getExtensionIndex(16:ffmpeg.flv1.decoder, OMX.google.android.index.prepareForAdaptivePlayback) ERROR: UnsupportedIndex(0x8000101a)
V/SoftFFmpegVideo( 1367): ~SoftFFmpegVideo
W/linker  ( 1367): libswscale.so has text relocations. This is wasting memory and prevents security hardening. Please fix.
D/SoftFFmpegVideo( 1367): SoftFFmpegVideo component: OMX.ffmpeg.h264.decoder mMode: 0 appData: 0xb4026fc0
E/OMXNodeInstance( 1367): getParameter(17:ffmpeg.h264.decoder, ParamVideoProfileLevelQuerySupported(0x600000f)) ERROR: UnsupportedIndex(0x8000101a)
W/OMXNodeInstance( 1367): [17:ffmpeg.h264.decoder] component does not support metadata mode; using fallback
E/OMXNodeInstance( 1367): getExtensionIndex(17:ffmpeg.h264.decoder, OMX.google.android.index.prepareForAdaptivePlayback) ERROR: UnsupportedIndex(0x8000101a)
V/SoftFFmpegVideo( 1367): ~SoftFFmpegVideo
W/OMXNodeInstance( 1367): [18:google.mpeg4.decoder] component does not support metadata mode; using fallback
W/OMXNodeInstance( 1367): [19:google.h263.decoder] component does not support metadata mode; using fallback
W/OMXNodeInstance( 1367): [1a:google.h264.decoder] component does not support metadata mode; using fallback
D/SoftHEVC( 1367): Number of CPU cores: 2
D/SoftHEVC( 1367): Initializing decoder
D/SoftHEVC( 1367): Set number of cores to 2
D/SoftHEVC( 1367): Ittiam decoder version number: @(#)Id:HEVCDEC_production Ver:04.01 Released by ITTIAM Build: Apr 21 2016 @ 18:31:18
W/OMXNodeInstance( 1367): [1b:google.hevc.decoder] component does not support metadata mode; using fallback
D/SoftHEVC( 1367): Freeing codec memory
D/SoftHEVC( 1367): Number of CPU cores: 2
D/SoftHEVC( 1367): Initializing decoder
D/SoftHEVC( 1367): Set number of cores to 2
D/SoftHEVC( 1367): Ittiam decoder version number: @(#)Id:HEVCDEC_production Ver:04.01 Released by ITTIAM Build: Apr 21 2016 @ 18:31:18
D/SoftHEVC( 1367): In SoftHEVC::~SoftHEVC
D/SoftHEVC( 1367): Freeing codec memory
W/OMXNodeInstance( 1367): [1c:google.vp8.decoder] component does not support metadata mode; using fallback
W/OMXNodeInstance( 1367): [1d:google.vp9.decoder] component does not support metadata mode; using fallback
I/SoftMPEG4Encoder( 1367): Construct SoftMPEG4Encoder
W/ACodec  ( 1367): do not know color format 0x7f000789 = 2130708361
I/SoftAVCEncoder( 1367): Construct SoftAVCEncoder
W/ACodec  ( 1367): do not know color format 0x7f000789 = 2130708361
I/SoftMPEG4Encoder( 1367): Construct SoftMPEG4Encoder
W/ACodec  ( 1367): do not know color format 0x7f000789 = 2130708361
W/ACodec  ( 1367): do not know color format 0x7f000789 = 2130708361
D/NuPlayerDriver( 1367): reset(0xb584eca0)
D/NuPlayerDriver( 1367): notifyResetComplete(0xb584eca0)
D/NuPlayerDriver( 1367): reset(0xb402f1c0)
D/NuPlayerDriver( 1367): notifyResetComplete(0xb402f1c0)
I/FFmpegExtractor( 1367): android-source:0xb584f7c0
D/FFMPEG  ( 1367): android source begin open
D/FFMPEG  ( 1367): android open, url: android-source:0xb584f7c0
D/FFMPEG  ( 1367): ffmpeg open android data source success, source ptr: 0xb584f7c0
D/FFMPEG  ( 1367): android source open success
I/FFmpegExtractor( 1367): android-source:0xb584f9c0
D/FFMPEG  ( 1367): android source begin open
D/FFMPEG  ( 1367): android open, url: android-source:0xb584f9c0
D/FFMPEG  ( 1367): ffmpeg open android data source success, source ptr: 0xb584f9c0
D/FFMPEG  ( 1367): android source open success
I/FFMPEG  ( 1367): Input #0, ogg, from 'android-source:0xb584f7c0':
I/FFMPEG  ( 1367):   Duration: 00:00:00.19, start: 0.000000, bitrate: 332 kb/s
I/FFMPEG  ( 1367):     Stream #0:0: Audio: vorbis, 44100 Hz, stereo, fltp, 160 kb/s
I/FFmpegExtractor( 1367): FFmpegExtrator, url: android-source:0xb584f7c0, format_name: ogg, format_long_name: Ogg
I/FFmpegExtractor( 1367): list the formats suppoted by ffmpeg: 
I/FFmpegExtractor( 1367): ========================================
I/FFmpegExtractor( 1367): ========================================
I/FFmpegExtractor( 1367): adjust mime(application/ogg -> audio/vorbis)
D/FFmpegExtractor( 1367): suppoted codec(vorbis) by official Stagefright
D/FFMPEG  ( 1367): android source close
I/FFmpegExtractor( 1367): sniff through BetterSniffFFMPEG success
D/FFmpegExtractor( 1367): ffmpeg detected media content as 'audio/vorbis' with confidence 0.08
I/FFMPEG  ( 1367): Input #0, ogg, from 'android-source:0xb584f9c0':
I/FFMPEG  ( 1367):   Duration: 00:00:00.11, start: 0.000000, bitrate: 487 kb/s
I/FFMPEG  ( 1367):     Stream #0:0: Audio: vorbis, 44100 Hz, stereo, fltp, 160 kb/s
I/FFmpegExtractor( 1367): FFmpegExtrator, url: android-source:0xb584f9c0, format_name: ogg, format_long_name: Ogg
I/FFmpegExtractor( 1367): list the formats suppoted by ffmpeg: 
I/FFmpegExtractor( 1367): ========================================
I/FFmpegExtractor( 1367): ========================================
I/FFmpegExtractor( 1367): adjust mime(application/ogg -> audio/vorbis)
D/FFmpegExtractor( 1367): suppoted codec(vorbis) by official Stagefright
D/FFMPEG  ( 1367): android source close
I/FFmpegExtractor( 1367): sniff through BetterSniffFFMPEG success
D/FFmpegExtractor( 1367): ffmpeg detected media content as 'audio/vorbis' with confidence 0.08
D/NuPlayerDriver( 1367): start(0xb584edc0)
I/GenericSource( 1367): start
D/NuPlayerDriver( 1367): start(0xb584eca0)
I/GenericSource( 1367): start
D/gps_ld  ( 1534): GPS dev open_gps
D/gps_ld  ( 1534): GPS dev get_hardware_interface
D/gps_ld  ( 1534): serial_gps_get_extension: called name=gps-xtra
D/gps_ld  ( 1534): serial_gps_get_extension: called name=agps
D/gps_ld  ( 1534): serial_gps_get_extension: called name=gps-ni
D/gps_ld  ( 1534): serial_gps_get_extension: called name=gps-debug
D/gps_ld  ( 1534): serial_gps_get_extension: called name=agps_ril
D/gps_ld  ( 1534): serial_gps_get_extension: called name=gps_geofencing
D/gps_ld  ( 1534): serial_gps_get_extension: called name=gps_measurement
D/gps_ld  ( 1534): serial_gps_get_extension: called name=gps_navigation_message
D/gps_ld  ( 1534): serial_gps_get_extension: called name=gnss_configuration
D/GpsLocationProvider( 1534): Reset GPS properties, previous size = 0
D/GpsLocationProvider( 1534): GpsParamsResource: SUPL_HOST=supl.google.com
D/GpsLocationProvider( 1534): GpsParamsResource: SUPL_PORT=7275
D/GpsLocationProvider( 1534): GpsParamsResource: NTP_SERVER=north-america.pool.ntp.org
D/GpsLocationProvider( 1534): GpsParamsResource: SUPL_VER=0x20000
D/GpsLocationProvider( 1534): GpsParamsResource: SUPL_MODE=1
W/GpsLocationProvider( 1534): Could not open GPS configuration file /etc/gps.ld.conf
D/NuPlayerDriver( 1367): reset(0xb584eca0)
D/NuPlayerDriver( 1367): notifyResetComplete(0xb584eca0)
D/NuPlayerDriver( 1367): reset(0xb584edc0)
D/NuPlayerDriver( 1367): notifyResetComplete(0xb584edc0)
I/FFmpegExtractor( 1367): android-source:0xb584f800
D/FFMPEG  ( 1367): android source begin open
D/FFMPEG  ( 1367): android open, url: android-source:0xb584f800
D/FFMPEG  ( 1367): ffmpeg open android data source success, source ptr: 0xb584f800
D/FFMPEG  ( 1367): android source open success
I/FFmpegExtractor( 1367): android-source:0xb584f580
D/FFMPEG  ( 1367): android source begin open
D/FFMPEG  ( 1367): android open, url: android-source:0xb584f580
D/FFMPEG  ( 1367): ffmpeg open android data source success, source ptr: 0xb584f580
D/FFMPEG  ( 1367): android source open success
I/FFMPEG  ( 1367): Input #0, ogg, from 'android-source:0xb584f800':
I/FFMPEG  ( 1367):   Duration: 00:00:00.08, start: 0.000000, bitrate: 612 kb/s
I/FFMPEG  ( 1367):     Stream #0:0: Audio: vorbis, 44100 Hz, stereo, fltp, 160 kb/s
I/FFmpegExtractor( 1367): FFmpegExtrator, url: android-source:0xb584f800, format_name: ogg, format_long_name: Ogg
I/FFmpegExtractor( 1367): list the formats suppoted by ffmpeg: 
I/FFmpegExtractor( 1367): ========================================
I/FFmpegExtractor( 1367): ========================================
I/FFmpegExtractor( 1367): adjust mime(application/ogg -> audio/vorbis)
D/FFmpegExtractor( 1367): suppoted codec(vorbis) by official Stagefright
D/FFMPEG  ( 1367): android source close
I/FFmpegExtractor( 1367): sniff through BetterSniffFFMPEG success
D/FFmpegExtractor( 1367): ffmpeg detected media content as 'audio/vorbis' with confidence 0.08
I/FFMPEG  ( 1367): Input #0, ogg, from 'android-source:0xb584f580':
I/FFMPEG  ( 1367):   Duration: 00:00:00.29, start: 0.000000, bitrate: 271 kb/s
I/FFMPEG  ( 1367):     Stream #0:0: Audio: vorbis, 44100 Hz, stereo, fltp, 160 kb/s
I/FFmpegExtractor( 1367): FFmpegExtrator, url: android-source:0xb584f580, format_name: ogg, format_long_name: Ogg
I/FFmpegExtractor( 1367): list the formats suppoted by ffmpeg: 
I/FFmpegExtractor( 1367): ========================================
I/FFmpegExtractor( 1367): ========================================
I/FFmpegExtractor( 1367): adjust mime(application/ogg -> audio/vorbis)
D/FFmpegExtractor( 1367): suppoted codec(vorbis) by official Stagefright
D/FFMPEG  ( 1367): android source close
I/FFmpegExtractor( 1367): sniff through BetterSniffFFMPEG success
D/FFmpegExtractor( 1367): ffmpeg detected media content as 'audio/vorbis' with confidence 0.08
D/NuPlayerDriver( 1367): start(0xb584eca0)
I/GenericSource( 1367): start
D/NuPlayerDriver( 1367): start(0xb402f1c0)
I/GenericSource( 1367): start
D/NuPlayerDriver( 1367): reset(0xb584eca0)
D/NuPlayerDriver( 1367): notifyResetComplete(0xb584eca0)
D/NuPlayerDriver( 1367): reset(0xb402f1c0)
D/NuPlayerDriver( 1367): notifyResetComplete(0xb402f1c0)
I/FFmpegExtractor( 1367): android-source:0xb584f540
D/FFMPEG  ( 1367): android source begin open
D/FFMPEG  ( 1367): android open, url: android-source:0xb584f540
D/FFMPEG  ( 1367): ffmpeg open android data source success, source ptr: 0xb584f540
D/FFMPEG  ( 1367): android source open success
I/FFMPEG  ( 1367): Input #0, ogg, from 'android-source:0xb584f540':
I/FFMPEG  ( 1367):   Duration: 00:00:00.11, start: 0.000000, bitrate: 477 kb/s
I/FFMPEG  ( 1367):     Stream #0:0: Audio: vorbis, 44100 Hz, stereo, fltp, 160 kb/s
I/FFmpegExtractor( 1367): FFmpegExtrator, url: android-source:0xb584f540, format_name: ogg, format_long_name: Ogg
I/FFmpegExtractor( 1367): list the formats suppoted by ffmpeg: 
I/FFmpegExtractor( 1367): ========================================
I/FFmpegExtractor( 1367): ========================================
I/FFmpegExtractor( 1367): adjust mime(application/ogg -> audio/vorbis)
D/FFmpegExtractor( 1367): suppoted codec(vorbis) by official Stagefright
D/FFMPEG  ( 1367): android source close
I/FFmpegExtractor( 1367): sniff through BetterSniffFFMPEG success
D/FFmpegExtractor( 1367): ffmpeg detected media content as 'audio/vorbis' with confidence 0.08
D/NuPlayerDriver( 1367): start(0xb584edc0)
I/GenericSource( 1367): start
D/GpsLocationProvider( 1534): GPS properties reloaded, size = 8
E/GpsLocationProvider( 1534): no AGPS interface in set_agps_server
E/GpsLocationProvider( 1534): no GPS configuration interface in configuraiton_update
D/GpsLocationProvider( 1534): final config = #Tue Jul 31 08:58:32 GMT+08:00 2018
D/GpsLocationProvider( 1534): SUPL_VER=0x20000
D/GpsLocationProvider( 1534): SUPL_HOST=supl.google.com
D/GpsLocationProvider( 1534): XTRA_SERVER_3=http\://xtra3.gpsonextra.net/xtra.bin
D/GpsLocationProvider( 1534): XTRA_SERVER_1=http\://xtra1.gpsonextra.net/xtra.bin
D/GpsLocationProvider( 1534): SUPL_PORT=7275
D/GpsLocationProvider( 1534): XTRA_SERVER_2=http\://xtra2.gpsonextra.net/xtra.bin
D/GpsLocationProvider( 1534): NTP_SERVER=north-america.pool.ntp.org
D/GpsLocationProvider( 1534): SUPL_MODE=1
D/NuPlayerDriver( 1367): reset(0xb584edc0)
D/NuPlayerDriver( 1367): notifyResetComplete(0xb584edc0)
E/SQLiteLog( 1696): (283) recovered 64 frames from WAL file /data/data/com.android.providers.media/databases/external.db-wal
I/FFmpegExtractor( 1367): android-source:0xb584f540
D/FFMPEG  ( 1367): android source begin open
D/FFMPEG  ( 1367): android open, url: android-source:0xb584f540
D/FFMPEG  ( 1367): ffmpeg open android data source success, source ptr: 0xb584f540
D/FFMPEG  ( 1367): android source open success
I/FFMPEG  ( 1367): Input #0, ogg, from 'android-source:0xb584f540':
I/FFMPEG  ( 1367):   Duration: 00:00:00.07, start: 0.000000, bitrate: 683 kb/s
I/FFMPEG  ( 1367):     Stream #0:0: Audio: vorbis, 44100 Hz, stereo, fltp, 160 kb/s
I/FFmpegExtractor( 1367): FFmpegExtrator, url: android-source:0xb584f540, format_name: ogg, format_long_name: Ogg
I/FFmpegExtractor( 1367): list the formats suppoted by ffmpeg: 
I/FFmpegExtractor( 1367): ========================================
I/FFmpegExtractor( 1367): ========================================
I/FFmpegExtractor( 1367): adjust mime(application/ogg -> audio/vorbis)
D/FFmpegExtractor( 1367): suppoted codec(vorbis) by official Stagefright
D/FFMPEG  ( 1367): android source close
I/FFmpegExtractor( 1367): sniff through BetterSniffFFMPEG success
D/FFmpegExtractor( 1367): ffmpeg detected media content as 'audio/vorbis' with confidence 0.08
W/LocationManagerService( 1534): no network location provider found
E/LocationManagerService( 1534): no geocoder provider found
E/FlpHardwareProvider( 1534): Error hw_get_module 'flp': -2
E/LocationManagerService( 1534): FLP HAL not supported
E/LocationManagerService( 1534): Unable to bind FLP Geofence proxy.
E/ActivityRecognitionHardware( 1534): Error hw_get_module: -2
E/LocationManagerService( 1534): Hardware Activity-Recognition not supported.
D/NuPlayerDriver( 1367): start(0xb584eca0)
I/GenericSource( 1367): start
D/NuPlayerDriver( 1367): reset(0xb584eca0)
D/NuPlayerDriver( 1367): notifyResetComplete(0xb584eca0)
D/TelephonyManager( 1534): getDataEnabled: retVal=false
I/CommonTimeManagementService( 1534): No common time service detected on this platform.  Common time services will be unavailable.
I/ActivityManager( 1534): Start proc 1856:com.android.phone/1001 for content provider com.android.providers.telephony/.TelephonyProvider
I/MmsServiceBroker( 1534): Delay connecting to MmsService until an API is called
W/VoiceInteractionManagerService( 1534): no available voice interaction services found for user 0
W/VoiceInteractionManagerService( 1534): no available voice recognition services found for user 0
I/InputReader( 1534): Reconfiguring input devices.  changes=0x00000020
D/libnativebridge( 1856): call UnloadNativeBridge! state=1
I/ActivityManager( 1534): Start proc 1871:com.android.emu.coreservice/u0a16 for added application com.android.emu.coreservice
I/FFmpegExtractor( 1367): android-source:0xb584f540
D/FFMPEG  ( 1367): android source begin open
D/FFMPEG  ( 1367): android open, url: android-source:0xb584f540
D/FFMPEG  ( 1367): ffmpeg open android data source success, source ptr: 0xb584f540
D/FFMPEG  ( 1367): android source open success
I/FFMPEG  ( 1367): Input #0, ogg, from 'android-source:0xb584f540':
I/FFMPEG  ( 1367):   Duration: 00:00:00.18, start: 0.000000, bitrate: 431 kb/s
I/FFMPEG  ( 1367):     Stream #0:0: Audio: vorbis, 44100 Hz, mono, fltp, 239 kb/s
I/FFMPEG  ( 1367):     Metadata:
I/FFMPEG  ( 1367):       ARTIST          : Copyright 2013 Android Open Source Project
I/FFmpegExtractor( 1367): FFmpegExtrator, url: android-source:0xb584f540, format_name: ogg, format_long_name: Ogg
I/FFmpegExtractor( 1367): list the formats suppoted by ffmpeg: 
I/FFmpegExtractor( 1367): ========================================
I/FFmpegExtractor( 1367): ========================================
I/FFmpegExtractor( 1367): adjust mime(application/ogg -> audio/vorbis)
D/FFmpegExtractor( 1367): suppoted codec(vorbis) by official Stagefright
D/FFMPEG  ( 1367): android source close
I/FFmpegExtractor( 1367): sniff through BetterSniffFFMPEG success
D/FFmpegExtractor( 1367): ffmpeg detected media content as 'audio/vorbis' with confidence 0.08
D/NuPlayerDriver( 1367): start(0xb402f1c0)
I/GenericSource( 1367): start
D/libnativebridge( 1871): call UnloadNativeBridge! state=1
D/NuPlayerDriver( 1367): reset(0xb402f1c0)
D/NuPlayerDriver( 1367): notifyResetComplete(0xb402f1c0)
I/ActivityManager( 1534): Start proc 1887:com.android.phone/1001 for added application com.android.phone
D/libnativebridge( 1887): call UnloadNativeBridge! state=1
I/ActivityManager( 1534): START u0 {act=android.intent.action.MAIN cat=[android.intent.category.HOME] flg=0x10000000 cmp=com.android.launcher3/.Launcher} from uid 0 on display 0
I/InputReader( 1534): Reconfiguring input devices.  changes=0x00000010
V/WindowManager( 1534): addAppToken: AppWindowToken{35dcf6d1 token=Token{3e3fe1f8 ActivityRecord{c52755b u0 com.android.launcher3/.Launcher t1}}} to stack=0 task=1 at 0
I/ActivityManager( 1534): Start proc 1916:com.android.launcher3/u0a20 for activity com.android.launcher3/.Launcher
I/art     ( 1371): Explicit concurrent mark sweep GC freed 706(30KB) AllocSpace objects, 0(0B) LOS objects, 40% free, 7MB/12MB, paused 88us total 6.246ms
I/art     ( 1371): Explicit concurrent mark sweep GC freed 5(160B) AllocSpace objects, 0(0B) LOS objects, 40% free, 7MB/12MB, paused 86us total 3.116ms
V/ActivityManager( 1534): Display changed displayId=0
D/WifiScanningService( 1534): SCAN_AVAILABLE : 1
