D/MountService( 1537):     mStorageId=0 mPath=/storage/usb0 mDescriptionId=17040807 mPrimary=false 
D/MountService( 1537):     mRemovable=true mEmulated=false mMtpReserveSpace=0 mAllowMassStorage=false 
D/MountService( 1537):     mMaxFileSize=4294967296 mOwner=null mUuid=null mUserLabel=null mState=null 
D/MountService( 1537): got storage path: /storage/usb1 description: USB存储器 primary: false removable: true emulated: false mtpReserve: 0 allowMassStorage: false maxFileSize: 4294967296
D/MountService( 1537): addVolumeLocked() StorageVolume:
D/MountService( 1537):     mStorageId=0 mPath=/storage/usb1 mDescriptionId=17040807 mPrimary=false 
D/MountService( 1537):     mRemovable=true mEmulated=false mMtpReserveSpace=0 mAllowMassStorage=false 
D/MountService( 1537):     mMaxFileSize=4294967296 mOwner=null mUuid=null mUserLabel=null mState=null 
D/MountService( 1537): got storage path: /storage/usb2 description: USB存储器 primary: false removable: true emulated: false mtpReserve: 0 allowMassStorage: false maxFileSize: 4294967296
D/MountService( 1537): addVolumeLocked() StorageVolume:
D/MountService( 1537):     mStorageId=0 mPath=/storage/usb2 mDescriptionId=17040807 mPrimary=false 
D/MountService( 1537):     mRemovable=true mEmulated=false mMtpReserveSpace=0 mAllowMassStorage=false 
D/MountService( 1537):     mMaxFileSize=4294967296 mOwner=null mUuid=null mUserLabel=null mState=null 
D/MountService( 1537): got storage path: /storage/usb3 description: USB存储器 primary: false removable: true emulated: false mtpReserve: 0 allowMassStorage: false maxFileSize: 4294967296
D/MountService( 1537): addVolumeLocked() StorageVolume:
D/MountService( 1537):     mStorageId=0 mPath=/storage/usb3 mDescriptionId=17040807 mPrimary=false 
D/MountService( 1537):     mRemovable=true mEmulated=false mMtpReserveSpace=0 mAllowMassStorage=false 
D/MountService( 1537):     mMaxFileSize=4294967296 mOwner=null mUuid=null mUserLabel=null mState=null 
W/PackageManager( 1537): No disk maintenance in 813385070; running immediately
I/SystemServer( 1537): LockSettingsService
I/UsageStatsService( 1537): User[0] Rollover scheduled @ 2018-08-01 08:00:00(1533081600000)
I/UsageStatsService( 1537): User[0] Rolling over usage stats
I/UsageStatsService( 1537): User[0] Flushing usage stats to disk
D/MountService( 1537): volume state changed for /storage/usb0 (unmounted -> removed)
D/MountService( 1537): volume state changed for /storage/usb1 (unmounted -> removed)
D/MountService( 1537): volume state changed for /storage/usb2 (unmounted -> removed)
D/MountService( 1537): volume state changed for /storage/usb3 (unmounted -> removed)
I/MountService( 1537): Running fstrim idle maintenance
I/fstrim  ( 1360): Starting fstrim work...
I/fstrim  ( 1360): Finished fstrim work.
I/SystemServiceManager( 1537): Starting com.android.server.devicepolicy.DevicePolicyManagerService$Lifecycle
I/PackageManager( 1537): No secure containers found
W/PackageManager( 1537): Not granting permission android.permission.SET_ANIMATION_SCALE to package io.appium.settings (protectionLevel=50 flags=0x8be46)
W/PackageManager( 1537): Not granting permission android.permission.CHANGE_CONFIGURATION to package io.appium.settings (protectionLevel=50 flags=0x8be46)
W/PackageManager( 1537): Unknown permission com.google.android.googleapps.permission.GOOGLE_AUTH in package com.android.providers.calendar
W/PackageManager( 1537): Unknown permission com.google.android.googleapps.permission.GOOGLE_AUTH.cl in package com.android.providers.calendar
W/PackageManager( 1537): Not granting permission android.permission.ACCESS_DOWNLOAD_MANAGER to package com.android.browser (protectionLevel=18 flags=0x9be45)
W/PackageManager( 1537): Not granting permission android.permission.SEND_DOWNLOAD_COMPLETED_INTENTS to package com.android.browser (protectionLevel=2 flags=0x9be45)
W/PackageManager( 1537): Not granting permission android.permission.BIND_APPWIDGET to package com.android.launcher3 (protectionLevel=18 flags=0x483e45)
W/PackageManager( 1537): Unknown permission com.android.launcher.permission.READ_SETTINGS in package com.android.launcher3
W/PackageManager( 1537): Unknown permission com.android.launcher.permission.WRITE_SETTINGS in package com.android.launcher3
W/PackageManager( 1537): Not granting permission android.permission.MOUNT_UNMOUNT_FILESYSTEMS to package com.android.launcher3 (protectionLevel=18 flags=0x483e45)
W/PackageManager( 1537): Not granting permission android.permission.READ_LOGS to package com.android.flysilkworm (protectionLevel=50 flags=0x58be45)
W/PackageManager( 1537): Not granting permission android.permission.INSTALL_PACKAGES to package com.android.flysilkworm (protectionLevel=18 flags=0x58be45)
W/PackageManager( 1537): Not granting permission android.permission.MOUNT_UNMOUNT_FILESYSTEMS to package com.android.flysilkworm (protectionLevel=18 flags=0x58be45)
W/PackageManager( 1537): Not granting permission android.permission.WRITE_MEDIA_STORAGE to package com.android.flysilkworm (protectionLevel=18 flags=0x58be45)
W/PackageManager( 1537): Not granting permission android.permission.CHANGE_CONFIGURATION to package com.android.flysilkworm (protectionLevel=50 flags=0x58be45)
W/PackageManager( 1537): Unknown permission android.permission.PREVENT_POWER_KEY in package com.android.flysilkworm
W/PackageManager( 1537): Not granting permission android.permission.ACCESS_CHECKIN_PROPERTIES to package com.android.flysilkworm (protectionLevel=18 flags=0x58be45)
W/PackageManager( 1537): Unknown permission android.permission.READ_SETTINGS in package com.android.flysilkworm
W/PackageManager( 1537): Not granting permission android.permission.DELETE_PACKAGES to package com.svox.pico (protectionLevel=18 flags=0x8be45)
W/PackageManager( 1537): Unknown permission com.cyanogenmod.filemanager.permissions.READ_THEME in package com.cyanogenmod.filemanager
W/PackageManager( 1537): Unknown permission com.google.android.googleapps.permission.GOOGLE_AUTH in package com.android.settings
W/PackageManager( 1537): Unknown permission com.android.launcher.permission.READ_SETTINGS in package com.android.settings
W/PackageManager( 1537): Unknown permission com.android.launcher.permission.WRITE_SETTINGS in package com.android.settings
W/PackageManager( 1537): Unknown permission android.permission.USE_FINGERPRINT in package com.jieshun.jslife
W/PackageManager( 1537): Unknown permission android.permission.ACCES_MOCK_LOCATION in package com.jieshun.jslife
W/PackageManager( 1537): Unknown permission com.android.launcher.permission.READ_SETTINGS in package com.jieshun.jslife
W/PackageManager( 1537): Unknown permission android.permission.ACCESS_GPS in package com.jieshun.jslife
W/PackageManager( 1537): Not granting permission android.permission.READ_LOGS to package com.jieshun.jslife (protectionLevel=50 flags=0x48be44)
W/PackageManager( 1537): Not granting permission android.permission.MOUNT_UNMOUNT_FILESYSTEMS to package com.jieshun.jslife (protectionLevel=18 flags=0x48be44)
W/PackageManager( 1537): Not granting permission android.permission.CHANGE_CONFIGURATION to package com.jieshun.jslife (protectionLevel=50 flags=0x48be44)
W/PackageManager( 1537): Unknown permission com.android.smspush.WAPPUSH_MANAGER_BIND in package com.android.phone
W/System.err( 1537): java.lang.Exception: denglibo show AlertDialog! title=Android 正在启动…
I/AudioFlinger( 1367): Using module 1 has the primary audio interface
I/AudioFlinger( 1367): AudioFlinger's thread 0xb58a4000 ready to run
D/ld_audio_hw( 1367): lineFun, out_standby
I/AudioFlinger( 1367): AudioFlinger's thread 0xb593a000 ready to run
D/ld_audio_hw( 1367): adev_close_input_stream, dev=0xb5875240, stream=0xb585c080
D/ld_audio_hw( 1367): lineFun, in_standby
D/ld_audio_hw( 1367): lineFun, do_in_standby
D/BlueZ   ( 1367): external/bluetooth/bluez/android/hal-audio.c:audio_open() 
D/BlueZ   ( 1367): external/bluetooth/bluez/android/hal-audio.c:audio_ipc_init() 
E/BlueZ   ( 1367): APTX: failed to open library libbt-aptx.so (dlopen failed: library "libbt-aptx.so" not found)
D/BlueZ   ( 1367): external/bluetooth/bluez/android/hal-audio.c:audio_init_check() 
D/BlueZ   ( 1367): external/bluetooth/bluez/android/hal-audio.c:audio_set_master_volume() 
D/BlueZ   ( 1367): external/bluetooth/bluez/android/hal-audio.c:set_master_mute() 
D/BlueZ   ( 1367): external/bluetooth/bluez/android/hal-audio.c:ipc_handler() 
I/AudioFlinger( 1367): loadHwModule() Loaded a2dp audio interface from A2DP Bluez HW HAL (audio) handle 4
D/BlueZ   ( 1367): external/bluetooth/bluez/android/hal-audio.c:ipc_handler() Waiting for connection ...
W/System.err( 1537): 	at android.app.AlertDialog.show(AlertDialog.java:112)
W/System.err( 1537): 	at com.android.internal.policy.impl.PhoneWindowManager$22.run(PhoneWindowManager.java:5645)
W/System.err( 1537): 	at android.os.Handler.handleCallback(Handler.java:739)
W/System.err( 1537): 	at android.os.Handler.dispatchMessage(Handler.java:95)
W/System.err( 1537): 	at android.os.Looper.loop(Looper.java:135)
W/System.err( 1537): 	at android.os.HandlerThread.run(HandlerThread.java:61)
W/System.err( 1537): 	at com.android.server.ServiceThread.run(ServiceThread.java:46)
I/UsageStatsService( 1537): User[0] Rollover scheduled @ 2018-08-09 08:00:00(1533772800000)
I/UsageStatsService( 1537): User[0] Rolling over usage stats complete. Took 448 milliseconds
W/art     ( 1537): Long monitor contention event with owner method=void libcore.io.Posix.fsync(java.io.FileDescriptor) from Posix.java:4294967294 waiters=0 for 362ms
I/AudioFlinger( 1367): loadHwModule() Loaded usb audio interface from USB audio HW HAL (audio) handle 5
E/SoundTriggerHwService( 1367): couldn't load sound trigger module sound_trigger.primary (No such file or directory)
W/art     ( 1537): Long monitor contention event with owner method=void libcore.io.Posix.fsync(java.io.FileDescriptor) from Posix.java:4294967294 waiters=1 for 265ms
I/SystemServer( 1537): Status Bar
I/SystemServer( 1537): Clipboard Service
I/SystemServer( 1537): NetworkManagement Service
I/SystemServer( 1537): Text Service Manager Service
W/TextServicesManagerService( 1537): no available spell checker services found
I/SystemServer( 1537): Network Score Service
I/SystemServer( 1537): NetworkStats Service
I/SystemServer( 1537): NetworkPolicy Service
I/SystemServiceManager( 1537): Starting com.android.server.wifi.p2p.WifiP2pService
D/OpenGLRenderer( 1537): Use EGL_SWAP_BEHAVIOR_PRESERVED: true
I/HostConnection( 1537): HostConnection::HostConnection: pid=1537, tid=1592, this=0xadc2f7e0
I/        ( 1537): fastpipe: Connect success
D/HostConnection( 1537): HostRPC::connect sucess: app=system_server, pid=1537, tid=1592, this=0xade34000
D/HostConnection( 1537): queryAndSetGLESMaxVersion select gles-version: 2.0 hostGLVersion:31 process:system_server
I/        ( 1537): fastpipe: Connect success
D/HostConnection( 1537): recv ProcessPuidReply name=system_server puid=2
I/OpenGLRenderer( 1537): Initialized EGL, version 1.4
I/EGL_adreno( 1537): eglCreateContext request GLES major-version=2
D/EGL_adreno( 1537): eglCreateContext: 0xadc8db80: maj 2 min 0 rcv 2
D/EGL_adreno( 1537): eglMakeCurrent: 0xadc8db80: ver 2 0 (tinfo 0xadd93770)
I/WifiP2pService( 1537): Registering wifip2p
D/HostConnection( 1537): ExtendedRCEncoderContext GL_VERSION return OpenGL ES 2.0 (3.1.0 - Build 9.17.10.4229)
I/SystemServiceManager( 1537): Starting com.android.server.wifi.WifiService
D/OpenGLRenderer( 1537): Enabling debug mode 0
I/HostConnection( 1361): HostConnection::HostConnection: pid=1361, tid=1394, this=0xb60370b0
I/        ( 1361): fastpipe: Connect success
D/HostConnection( 1361): HostRPC::connect sucess: app=/system/bin/surfaceflinger, pid=1361, tid=1394, this=0xb6046000
D/HostConnection( 1361): queryAndSetGLESMaxVersion select gles-version: 2.0 hostGLVersion:31 process:/system/bin/surfaceflinger
I/gralloc_x86( 1537): --denglibo-- fallback_init, force return by denglibo
E/EGL_adreno( 1537): tid 1592: eglSurfaceAttrib(1266): error 0x3009 (EGL_BAD_MATCH)
W/OpenGLRenderer( 1537): Failed to set EGL_SWAP_BEHAVIOR on surface 0xadc5c080, error=EGL_BAD_MATCH
D/EGL_adreno( 1537): eglMakeCurrent: 0xadc8db80: ver 2 0 (tinfo 0xadd93770)
I/HostConnection( 1361): HostConnection::HostConnection: pid=1361, tid=1578, this=0xb60371a0
I/        ( 1361): fastpipe: Connect success
D/HostConnection( 1361): HostRPC::connect sucess: app=/system/bin/surfaceflinger, pid=1361, tid=1578, this=0xb615e000
D/HostConnection( 1361): queryAndSetGLESMaxVersion select gles-version: 2.0 hostGLVersion:31 process:/system/bin/surfaceflinger
E/WifiConfigStore( 1537): associatedPartialScanPeriodMilli set to 20000
I/LdWifi  ( 1537): call wifi_unload_driver!
D/WifiController( 1537): isAirplaneModeOn = true, isWifiEnabled = false, isScanningAvailable = false
I/WifiService( 1537): Registering wifi
I/SystemServiceManager( 1537): Starting com.android.server.wifi.WifiScanningService
I/WifiScanningService( 1537): Creating wifiscanner
I/WifiScanningService( 1537): Starting wifiscanner
I/SystemServiceManager( 1537): Starting com.android.server.wifi.RttService
I/RttService( 1537): Creating rttmanager
I/RttService( 1537): Starting rttmanager
I/SystemServiceManager( 1537): Starting com.android.server.ethernet.EthernetService
I/EthernetServiceImpl( 1537): Creating EthernetConfigStore
E/IpConfigStore( 1537): Error parsing configuration: java.io.FileNotFoundException: /data/misc/ethernet/ipconfig.txt: open failed: ENOENT (No such file or directory)
W/EthernetConfigStore( 1537): No Ethernet configuration found. Using default.
I/EthernetServiceImpl( 1537): Read stored IP configuration: IP assignment: DHCP
I/EthernetServiceImpl( 1537): Proxy settings: NONE
I/EthernetService( 1537): Registering service ethernet
I/SystemServer( 1537): Connectivity Service
D/ConnectivityService( 1537): ConnectivityService starting up
D/ConnectivityService( 1537): wifiOnly=false
E/ConnectivityService( 1537): Ignoring protectedNetwork 14
E/ConnectivityService( 1537): Ignoring protectedNetwork 15
I/SurfaceFlinger( 1361): Boot is finished (12870 ms)
I/SurfaceFlinger( 1361): denglibo-bootNotifynotify host the android boot success!
I/        ( 1361): fastpipe: close connect
I/SystemServer( 1537): Network Service Discovery Service
D/NsdService( 1537): Network service discovery enabled true
I/SystemServer( 1537): UpdateLock Service
I/SystemServiceManager( 1537): Starting com.android.server.notification.NotificationManagerService
D/ZenLog  ( 1537): set_zen_mode: off,setting
I/SystemServiceManager( 1537): Starting com.android.server.storage.DeviceStorageMonitorService
I/SystemServer( 1537): Location Manager
I/SystemServer( 1537): Country Detector
I/SystemServer( 1537): Search Service
I/SystemServer( 1537): DropBox Service
I/art     ( 1537): Background sticky concurrent mark sweep GC freed 38825(2MB) AllocSpace objects, 21(336KB) LOS objects, 18% free, 11MB/14MB, paused 4.902ms total 165.882ms
I/SystemServer( 1537): Wallpaper Service
I/SystemServer( 1537): Audio Service
W/TelecomManager( 1537): Telecom Service not found.
D/BlueZ   ( 1367): external/bluetooth/bluez/android/hal-audio.c:audio_set_mic_mute() 
I/SystemServiceManager( 1537): Starting com.android.server.DockObserver
W/DockObserver( 1537): This kernel does not have dock station support
I/SystemServer( 1537): Wired Accessory Manager
W/WiredAccessoryManager( 1537): This kernel does not have usb audio support
W/WiredAccessoryManager( 1537): This kernel does not have HDMI audio support
I/SystemServiceManager( 1537): Starting com.android.server.usb.UsbService$Lifecycle
I/SystemServer( 1537): Serial Service
I/SystemServiceManager( 1537): Starting com.android.server.twilight.TwilightService
I/SystemServiceManager( 1537): Starting com.android.server.UiModeManagerService
I/SystemServiceManager( 1537): Starting com.android.server.job.JobSchedulerService
I/SystemServiceManager( 1537): Starting com.android.server.backup.BackupManagerService$Lifecycle
I/SystemServiceManager( 1537): Starting com.android.server.appwidget.AppWidgetService
I/SystemServiceManager( 1537): Starting com.android.server.voiceinteraction.VoiceInteractionManagerService
W/SoundTriggerHelper( 1537): listModules status=0, # of modules=0
I/SystemServer( 1537): DiskStats Service
I/SystemServer( 1537): SamplingProfiler Service
I/SystemServer( 1537): NetworkTimeUpdateService
I/SystemServer( 1537): CommonTimeManagementService
I/SystemServer( 1537): CertBlacklister
I/SystemServiceManager( 1537): Starting com.android.server.dreams.DreamManagerService
I/SystemServer( 1537): Assets Atlas Service
I/SystemServiceManager( 1537): Starting com.android.server.print.PrintManagerService
I/SystemServiceManager( 1537): Starting com.android.server.restrictions.RestrictionsManagerService
I/SystemServiceManager( 1537): Starting com.android.server.media.MediaSessionService
I/SystemServer( 1537): Media Router Service
I/SystemServiceManager( 1537): Starting com.android.server.trust.TrustManagerService
I/SystemServiceManager( 1537): Starting com.android.server.fingerprint.FingerprintService
V/Fingerprint-JNI( 1537): nativeInit()
V/Fingerprint-JNI( 1537): nativeOpenHal()
E/Fingerprint-JNI( 1537): Can't open fingerprint HW Module, error: -2
I/SystemServer( 1537): BackgroundDexOptService
I/SystemServiceManager( 1537): Starting com.android.server.pm.LauncherAppsService
I/SystemServiceManager( 1537): Starting com.android.server.media.projection.MediaProjectionManagerService
I/WindowManager( 1537): SAFE MODE not enabled
I/SystemServiceManager( 1537): Starting com.android.server.MmsServiceBroker
E/SQLiteLog( 1537): (283) recovered 16 frames from WAL file /data/system/locksettings.db-wal
E/LockSettingsStorage( 1537): Cannot read file java.io.FileNotFoundException: /data/system/password.key: open failed: ENOENT (No such file or directory)
E/LockSettingsStorage( 1537): Cannot read file java.io.FileNotFoundException: /data/system/gesture.key: open failed: ENOENT (No such file or directory)
I/SystemServiceManager( 1537): Starting phase 480
I/SystemServiceManager( 1537): Starting phase 500
I/WifiService( 1537): WifiService starting up with Wi-Fi disabled
D/WifiService( 1537): New client listening to asynchronous messages
I/WifiScanningService( 1537): Registering wifiscanner
D/WifiScanningService( 1537): New client, channel: null messenger: null
D/AssetAtlas( 1537): Loaded configuration: SliceMinArea (960x1216) flags=0x2 count=446
I/HostConnection( 1537): HostConnection::HostConnection: pid=1537, tid=1605, this=0xa0c66c90
I/        ( 1537): fastpipe: Connect success
D/HostConnection( 1537): HostRPC::connect sucess: app=system_server, pid=1537, tid=1605, this=0xa0daa000
I/RttService( 1537): Registering rttmanager
D/WifiChangeStateMachine( 1537): Entering IdleState
D/WifiScanningService( 1537): DefaultState
D/HostConnection( 1537): queryAndSetGLESMaxVersion select gles-version: 2.0 hostGLVersion:31 process:system_server
I/EthernetServiceImpl( 1537): Starting Ethernet service
D/Ethernet( 1537): Registering NetworkFactory
D/ConnectivityService( 1537): Got NetworkFactory Messenger for Ethernet
D/EthernetNetworkFactory( 1537): Started tracking interface eth0
D/NetworkManagementService( 1537): denglibo setInterfaceUp: eth0
D/Ethernet( 1537): got request NetworkRequest [ id=1, legacyType=-1, [ Capabilities: INTERNET&NOT_RESTRICTED&TRUSTED&NOT_VPN] ] with score 0
D/CommandListener( 1363): Setting iface cfg
D/CommandListener( 1363): Trying to bring up eth0
I/EGL_adreno( 1537): eglCreateContext request GLES major-version=2
D/EGL_adreno( 1537): eglCreateContext: 0xa0c55d00: maj 2 min 0 rcv 2
D/EthernetNetworkFactory( 1537): updateInterface: eth0 link up
I/ActivityManager( 1537): Config changes=200 {1.0 ?mcc?mnc zh_CN ?layoutDir sw360dp w360dp h615dp 320dpi nrml long port finger -keyb/v/h -nav/h s.4}
D/EGL_adreno( 1537): eglMakeCurrent: 0xa0c55d00: ver 2 0 (tinfo 0xa0c383b0)
I/EthernetNetworkFactory( 1537): dhcpThread(+eth0): mNetworkInfo=[type: Ethernet[], state: UNKNOWN/IDLE, reason: (unspecified), extra: 00:db:8c:06:c6:ba, roaming: false, failover: false, isAvailable: true, isConnectedToProvisioningNetwork: false]
V/BackupManagerService( 1537): No ancestral data
E/dhcpcd  ( 1612): fopen `/system/etc/dhcpcd/dhcpcd.conf': No such file or directory
I/dhcpcd  ( 1612): version 5.5.6 starting
E/dhcpcd  ( 1612): fopen `/system/etc/dhcpcd/dhcpcd.conf': No such file or directory
E/dhcpcd  ( 1612): get_duid: Read-only file system
D/BackupManagerService( 1537): Now staging backup of com.android.browser
D/BackupManagerService( 1537): Now staging backup of android
D/BackupManagerService( 1537): Now staging backup of com.android.providers.settings
D/BackupManagerService( 1537): Now staging backup of com.android.sharedstoragebackup
D/BackupManagerService( 1537): Now staging backup of com.android.providers.userdictionary
V/BackupManagerService( 1537): Starting with transport android/com.android.internal.backup.LocalTransport
V/BackupManagerService( 1537): Found transports: 1
I/BackupManagerService( 1537): Binding to transport host ComponentInfo{android/com.android.internal.backup.LocalTransportService}
I/BackupManagerService( 1537): Found stale backup journal, scheduling
D/AssetAtlas( 1537): Rendered atlas in 99.57ms (5.14+94.42ms)
I/HostConnection( 1537): HostConnection::~HostConnection, pid=1537, tid=1605, this=0xa0c66c90, m_stream=0xa0daa000
I/HostConnection( 1361): HostConnection::HostConnection: pid=1361, tid=1396, this=0xb69ddc90
I/        ( 1361): fastpipe: Connect success
D/HostConnection( 1361): HostRPC::connect sucess: app=/system/bin/surfaceflinger, pid=1361, tid=1396, this=0xb69f4000
D/HostConnection( 1361): queryAndSetGLESMaxVersion select gles-version: 2.0 hostGLVersion:31 process:/system/bin/surfaceflinger
I/        ( 1537): fastpipe: close connect
I/AppOps  ( 1537): Pruning old package media/1013: new uid=-1
I/ActivityManager( 1537): System now ready
I/SystemServer( 1537): Making services ready
I/SystemServiceManager( 1537): Starting phase 550
I/SystemServer( 1537): WebViewFactory preparation
I/Zygote  ( 1537): Process: zygote socket opened, supported ABIS: x86,armeabi-v7a,armeabi
I/dhcpcd  ( 1612): eth0: broadcasting for a lease
D/libnativebridge( 1625): call UnloadNativeBridge! state=1
V/WebViewFactory( 1625): RelroFileCreator (64bit = false),  32-bit lib: /system/app/webview/lib/x86/libwebviewchromium.so, 64-bit lib: 
I/dhcpcd  ( 1612): eth0: offered 172.16.2.15 from 172.16.2.2
I/dhcpcd  ( 1612): eth0: acknowledged 172.16.2.15 from 172.16.2.2
I/dhcpcd  ( 1612): eth0: leased 172.16.2.15 for 86400 seconds
I/ActivityManager( 1537): Start proc 1625:WebViewLoader-x86/1037 [android.webkit.WebViewFactory$RelroFileCreator] for 
I/ActivityManager( 1537): Start proc 1662:com.android.systemui/u0a7 for service com.android.systemui/.SystemUIService
D/NetworkManagementService( 1537): not enabling bandwidth control
E/MountService( 1537): Boot-time mount failed (-1)
W/MountService( 1537): Duplicate state transition (mounted -> mounted) for /storage/emulated/0
D/libnativebridge( 1662): call UnloadNativeBridge! state=1
D/ConnectivityService( 1537): registerNetworkAgent NetworkAgentInfo{ ni{[type: Ethernet[], state: CONNECTED/CONNECTED, reason: (unspecified), extra: 00:db:8c:06:c6:ba, roaming: false, failover: false, isAvailable: true, isConnectedToProvisioningNetwork: false]}  network{null}  lp{{InterfaceName: eth0 LinkAddresses: [172.16.2.15/24,]  Routes: [172.16.2.0/24 -> 0.0.0.0 eth0,0.0.0.0/0 -> 172.16.2.2 eth0,] DnsAddresses: [202.96.134.133,202.96.128.166,] Domains:  MTU: 0 TcpBufferSizes: 524288,1048576,3145728,524288,1048576,2097152}}  nc{[ Transports: ETHERNET Capabilities: INTERNET&NOT_RESTRICTED&TRUSTED&NOT_VPN LinkUpBandwidth>=100000Kbps LinkDnBandwidth>=100000Kbps]}  Score{10}  everValidated{false}  lastValidated{false}  created{false}  explicitlySelected{false} }
D/ConnectivityService( 1537): NetworkAgentInfo [Ethernet () - 100] EVENT_NETWORK_INFO_CHANGED, going from null to CONNECTED
E/NetdConnector( 1537): NDC Command {6 firewall disable} took too long (506ms)
W/NetworkStats( 1537): bandwidth controls disabled, unable to track stats
W/NetworkPolicy( 1537): bandwidth controls disabled, unable to enforce policy
D/ConnectivityService( 1537): Adding iface eth0 to network 100
D/PermissionMonitor( 1537): Monitoring
D/PermissionMonitor( 1537): Users: 1, Apps: 32
E/ConnectivityService( 1537): Unexpected mtu value: 0, eth0
D/ConnectivityService( 1537): Adding Route [172.16.2.0/24 -> 0.0.0.0 eth0] to network 100
D/ConnectivityService( 1537): Adding Route [0.0.0.0/0 -> 172.16.2.2 eth0] to network 100
D/ConnectivityService( 1537): Setting Dns servers for network 100 to [/202.96.134.133, /202.96.128.166, /119.29.29.29]
D/ConnectivityService( 1537): notifyType IP_CHANGED for NetworkAgentInfo [Ethernet () - 100]
D/ConnectivityService( 1537): notifyType PRECHECK for NetworkAgentInfo [Ethernet () - 100]
D/ConnectivityService( 1537): rematching NetworkAgentInfo [Ethernet () - 100]
D/ConnectivityService( 1537):    accepting network in place of null
D/ConnectivityService( 1537): Switching to new default network: NetworkAgentInfo{ ni{[type: Ethernet[], state: CONNECTED/CONNECTED, reason: (unspecified), extra: 00:db:8c:06:c6:ba, roaming: false, failover: false, isAvailable: true, isConnectedToProvisioningNetwork: false]}  network{100}  lp{{InterfaceName: eth0 LinkAddresses: [172.16.2.15/24,]  Routes: [172.16.2.0/24 -> 0.0.0.0 eth0,0.0.0.0/0 -> 172.16.2.2 eth0,] DnsAddresses: [202.96.134.133,202.96.128.166,] Domains:  MTU: 0 TcpBufferSizes: 524288,1048576,3145728,524288,1048576,2097152}}  nc{[ Transports: ETHERNET Capabilities: INTERNET&NOT_RESTRICTED&TRUSTED&NOT_VPN LinkUpBandwidth>=100000Kbps LinkDnBandwidth>=100000Kbps]}  Score{10}  everValidated{false}  lastValidated{false}  created{true}  explicitlySelected{false} }
D/NetworkManagementService( 1537): denglibo call setDefaultNetId! netId=100
D/NetworkMonitor/NetworkAgentInfo [Ethernet () - 100]( 1537): DefaultState{ when=-1ms what=532481 target=com.android.internal.util.StateMachine$SmHandler }
D/NetworkMonitor/NetworkAgentInfo [Ethernet () - 100]( 1537): Connected
D/NetworkMonitor/NetworkAgentInfo [Ethernet () - 100]( 1537): EvaluatingState{ when=0 what=532486 arg1=1 target=com.android.internal.util.StateMachine$SmHandler }
D/NetworkMonitor/NetworkAgentInfo [Ethernet () - 100]( 1537): Validated
I/SystemServiceManager( 1537): Starting phase 600
D/ConnectivityService( 1537): Setting tx/rx TCP buffers to 524288,1048576,3145728,524288,1048576,2097152
D/ConnectivityService( 1537): notifyType AVAILABLE for NetworkAgentInfo [Ethernet () - 100]
D/CSLegacyTypeTracker( 1537): Sending connected broadcast for type 9 NetworkAgentInfo [Ethernet () - 100] isDefaultNetwork=true
D/BluetoothManagerService( 1537): Trying to bind to profile: 1, while Bluetooth was disabled
D/ConnectivityService( 1537): sendStickyBroadcast: action=android.net.conn.CONNECTIVITY_CHANGE_IMMEDIATE
D/ConnectivityService( 1537): sendStickyBroadcast: action=android.net.conn.CONNECTIVITY_CHANGE
D/ConnectivityService( 1537): setProvNotificationVisibleIntent: E visible=false networkType=0 extraInfo=null
D/ConnectivityService( 1537): Validated NetworkAgentInfo [Ethernet () - 100]
D/ConnectivityService( 1537): rematching NetworkAgentInfo [Ethernet () - 100]
D/ConnectivityService( 1537): Network NetworkAgentInfo [Ethernet () - 100] was already satisfying request 1. No change.
D/ConnectivityService( 1537): notifyType AVAILABLE for NetworkAgentInfo [Ethernet () - 100]
D/ConnectivityService( 1537): sendStickyBroadcast: action=android.net.conn.INET_CONDITION_ACTION
I/ActivityManager( 1537): Start proc 1697:android.process.media/u0a3 for broadcast com.android.providers.downloads/.DownloadReceiver
D/libnativebridge( 1697): call UnloadNativeBridge! state=1
E/BluetoothA2dp( 1537): Could not bind to Bluetooth A2DP Service with Intent { act=android.bluetooth.IBluetoothA2dp }
I/BackupManagerService( 1537): Backup enabled => false
I/BackupManagerService( 1537): Opting out of backup
E/InputMethodManagerService( 1537): Ignoring setImeWindowStatus due to an invalid token. uid:1000 token:null
I/ActivityManager( 1537): Start proc 1716:io.appium.android.ime/u0a29 for service io.appium.android.ime/.UnicodeIME
V/InputMethodManagerService( 1537): Adding window token: android.os.Binder@16f295d8
I/art     ( 1716): Late-enabling -Xcheck:jni
D/libnativebridge( 1716): call UnloadNativeBridge! state=1
D/BluetoothManagerService( 1537): Message: 20
D/BluetoothManagerService( 1537): Added callback: android.bluetooth.BluetoothAdapter$1@310ab997:true
D/BluetoothManagerService( 1537): Message: 30
D/BluetoothManagerService( 1537): Message: 30
I/Choreographer( 1537): Skipped 86 frames!  The application may be doing too much work on its main thread.
V/SystemUIService( 1662): Starting SystemUI services.
I/art     ( 1537): Background partial concurrent mark sweep GC freed 37183(2MB) AllocSpace objects, 8(158KB) LOS objects, 33% free, 11MB/17MB, paused 15.256ms total 1.493s
I/art     ( 1537): WaitForGcToComplete blocked for 386.043ms for cause HeapTrim
V/FingerprintService( 1537): startListening(android.service.fingerprint.IFingerprintServiceReceiver$Stub$Proxy@16705b4c)
W/linker  ( 1367): libavcodec.so has text relocations. This is wasting memory and prevents security hardening. Please fix.
W/linker  ( 1367): libswresample.so has text relocations. This is wasting memory and prevents security hardening. Please fix.
D/DataSource( 1367): loadExtractorPlugin return 0xb606ca00
D/DataSource( 1367): begin getExtractorPlugin
D/DataSource( 1367): end getExtractorPlugin
D/DataSource( 1367): begin RegisterSniffer
D/DataSource( 1367): end RegisterSniffer
E/WVMExtractor( 1367): Failed to open libwvm.so: dlopen failed: library "libwvm.so" not found
I/FFmpegExtractor( 1367): android-source:0xb584f640
I/FFmpegExtractor( 1367): android-source:0xb4024640
D/FFMPEG  ( 1367): android source begin open
D/FFMPEG  ( 1367): android open, url: android-source:0xb4024640
D/FFMPEG  ( 1367): ffmpeg open android data source success, source ptr: 0xb4024640
D/FFMPEG  ( 1367): android source open success
D/FFMPEG  ( 1367): android source begin open
D/FFMPEG  ( 1367): android open, url: android-source:0xb584f640
D/FFMPEG  ( 1367): ffmpeg open android data source success, source ptr: 0xb584f640
D/FFMPEG  ( 1367): android source open success
I/FFMPEG  ( 1367): Input #0, ogg, from 'android-source:0xb4024640':
I/FFMPEG  ( 1367):   Duration: 00:00:00.09, start: 0.000000, bitrate: 527 kb/s
I/FFMPEG  ( 1367):     Stream #0:0: Audio: vorbis, 44100 Hz, stereo, fltp, 160 kb/s
I/FFmpegExtractor( 1367): FFmpegExtrator, url: android-source:0xb4024640, format_name: ogg, format_long_name: Ogg
I/FFmpegExtractor( 1367): list the formats suppoted by ffmpeg: 
I/FFmpegExtractor( 1367): ========================================
I/FFmpegExtractor( 1367): ========================================
I/FFmpegExtractor( 1367): adjust mime(application/ogg -> audio/vorbis)
D/FFmpegExtractor( 1367): suppoted codec(vorbis) by official Stagefright
D/FFMPEG  ( 1367): android source close
I/FFMPEG  ( 1367): Input #0, ogg, from 'android-source:0xb584f640':
I/FFmpegExtractor( 1367): sniff through BetterSniffFFMPEG success
D/FFmpegExtractor( 1367): ffmpeg detected media content as 'audio/vorbis' with confidence 0.08
I/FFMPEG  ( 1367):   Duration: 00:00:00.23, start: 0.000000, bitrate: 293 kb/s
I/FFMPEG  ( 1367):     Stream #0:0: Audio: vorbis, 44100 Hz, stereo, fltp, 160 kb/s
I/FFmpegExtractor( 1367): FFmpegExtrator, url: android-source:0xb584f640, format_name: ogg, format_long_name: Ogg
I/FFmpegExtractor( 1367): list the formats suppoted by ffmpeg: 
I/FFmpegExtractor( 1367): ========================================
I/FFmpegExtractor( 1367): ========================================
I/FFmpegExtractor( 1367): adjust mime(application/ogg -> audio/vorbis)
D/FFmpegExtractor( 1367): suppoted codec(vorbis) by official Stagefright
D/FFMPEG  ( 1367): android source close
I/FFmpegExtractor( 1367): sniff through BetterSniffFFMPEG success
D/FFmpegExtractor( 1367): ffmpeg detected media content as 'audio/vorbis' with confidence 0.08
D/NuPlayerDriver( 1367): start(0xb402f340)
I/GenericSource( 1367): start
D/NuPlayerDriver( 1367): start(0xb402f1c0)
I/GenericSource( 1367): start
D/SoftFFmpegAudio( 1367): SoftFFmpegAudio component: OMX.ffmpeg.aac.decoder mCodingType: 21 mHighResAudioEnabled: 1
V/SoftFFmpegAudio( 1367): ~SoftFFmpegAudio
D/SoftFFmpegAudio( 1367): SoftFFmpegAudio component: OMX.ffmpeg.ra.decoder mCodingType: 26 mHighResAudioEnabled: 1
V/SoftFFmpegAudio( 1367): ~SoftFFmpegAudio
D/SoftFFmpegAudio( 1367): SoftFFmpegAudio component: OMX.ffmpeg.ac3.decoder mCodingType: 2130706434 mHighResAudioEnabled: 1
V/SoftFFmpegAudio( 1367): ~SoftFFmpegAudio
D/SoftFFmpegAudio( 1367): SoftFFmpegAudio component: OMX.ffmpeg.ape.decoder mCodingType: 2130706435 mHighResAudioEnabled: 1
V/SoftFFmpegAudio( 1367): ~SoftFFmpegAudio
D/SoftFFmpegAudio( 1367): SoftFFmpegAudio component: OMX.ffmpeg.dts.decoder mCodingType: 2130706436 mHighResAudioEnabled: 1
V/SoftFFmpegAudio( 1367): ~SoftFFmpegAudio
W/linker  ( 1367): libswscale.so has text relocations. This is wasting memory and prevents security hardening. Please fix.
D/SoftFFmpegVideo( 1367): SoftFFmpegVideo component: OMX.ffmpeg.rv.decoder mMode: 0 appData: 0xb5876bc0
E/OMXNodeInstance( 1367): getParameter(13:ffmpeg.rv.decoder, ParamVideoProfileLevelQuerySupported(0x600000f)) ERROR: UnsupportedIndex(0x8000101a)
W/OMXNodeInstance( 1367): [13:ffmpeg.rv.decoder] component does not support metadata mode; using fallback
E/OMXNodeInstance( 1367): getExtensionIndex(13:ffmpeg.rv.decoder, OMX.google.android.index.prepareForAdaptivePlayback) ERROR: UnsupportedIndex(0x8000101a)
V/SoftFFmpegVideo( 1367): ~SoftFFmpegVideo
W/linker  ( 1367): libswscale.so has text relocations. This is wasting memory and prevents security hardening. Please fix.
D/SoftFFmpegVideo( 1367): SoftFFmpegVideo component: OMX.ffmpeg.hevc.decoder mMode: 0 appData: 0xb5876bc0
E/OMXNodeInstance( 1367): getParameter(14:ffmpeg.hevc.decoder, ParamVideoProfileLevelQuerySupported(0x600000f)) ERROR: UnsupportedIndex(0x8000101a)
W/OMXNodeInstance( 1367): [14:ffmpeg.hevc.decoder] component does not support metadata mode; using fallback
E/OMXNodeInstance( 1367): getExtensionIndex(14:ffmpeg.hevc.decoder, OMX.google.android.index.prepareForAdaptivePlayback) ERROR: UnsupportedIndex(0x8000101a)
V/SoftFFmpegVideo( 1367): ~SoftFFmpegVideo
W/linker  ( 1367): libswscale.so has text relocations. This is wasting memory and prevents security hardening. Please fix.
D/SoftFFmpegVideo( 1367): SoftFFmpegVideo component: OMX.ffmpeg.divx.decoder mMode: 0 appData: 0xb5876bc0
E/OMXNodeInstance( 1367): getParameter(15:ffmpeg.divx.decoder, ParamVideoProfileLevelQuerySupported(0x600000f)) ERROR: UnsupportedIndex(0x8000101a)
W/OMXNodeInstance( 1367): [15:ffmpeg.divx.decoder] component does not support metadata mode; using fallback
E/OMXNodeInstance( 1367): getExtensionIndex(15:ffmpeg.divx.decoder, OMX.google.android.index.prepareForAdaptivePlayback) ERROR: UnsupportedIndex(0x8000101a)
V/SoftFFmpegVideo( 1367): ~SoftFFmpegVideo
W/linker  ( 1367): libswscale.so has text relocations. This is wasting memory and prevents security hardening. Please fix.
D/SoftFFmpegVideo( 1367): SoftFFmpegVideo component: OMX.ffmpeg.flv1.decoder mMode: 0 appData: 0xb5876bc0
E/OMXNodeInstance( 1367): getParameter(16:ffmpeg.flv1.decoder, ParamVideoProfileLevelQuerySupported(0x600000f)) ERROR: UnsupportedIndex(0x8000101a)
W/OMXNodeInstance( 1367): [16:ffmpeg.flv1.decoder] component does not support metadata mode; using fallback
E/OMXNodeInstance( 1367): getExtensionIndex(16:ffmpeg.flv1.decoder, OMX.google.android.index.prepareForAdaptivePlayback) ERROR: UnsupportedIndex(0x8000101a)
V/SoftFFmpegVideo( 1367): ~SoftFFmpegVideo
W/linker  ( 1367): libswscale.so has text relocations. This is wasting memory and prevents security hardening. Please fix.
D/SoftFFmpegVideo( 1367): SoftFFmpegVideo component: OMX.ffmpeg.h264.decoder mMode: 0 appData: 0xb5876bc0
E/OMXNodeInstance( 1367): getParameter(17:ffmpeg.h264.decoder, ParamVideoProfileLevelQuerySupported(0x600000f)) ERROR: UnsupportedIndex(0x8000101a)
W/OMXNodeInstance( 1367): [17:ffmpeg.h264.decoder] component does not support metadata mode; using fallback
E/OMXNodeInstance( 1367): getExtensionIndex(17:ffmpeg.h264.decoder, OMX.google.android.index.prepareForAdaptivePlayback) ERROR: UnsupportedIndex(0x8000101a)
V/SoftFFmpegVideo( 1367): ~SoftFFmpegVideo
D/gps_ld  ( 1537): GPS dev open_gps
D/gps_ld  ( 1537): GPS dev get_hardware_interface
D/gps_ld  ( 1537): serial_gps_get_extension: called name=gps-xtra
D/gps_ld  ( 1537): serial_gps_get_extension: called name=agps
D/gps_ld  ( 1537): serial_gps_get_extension: called name=gps-ni
D/gps_ld  ( 1537): serial_gps_get_extension: called name=gps-debug
D/gps_ld  ( 1537): serial_gps_get_extension: called name=agps_ril
D/gps_ld  ( 1537): serial_gps_get_extension: called name=gps_geofencing
D/gps_ld  ( 1537): serial_gps_get_extension: called name=gps_measurement
D/gps_ld  ( 1537): serial_gps_get_extension: called name=gps_navigation_message
D/gps_ld  ( 1537): serial_gps_get_extension: called name=gnss_configuration
D/GpsLocationProvider( 1537): Reset GPS properties, previous size = 0
D/GpsLocationProvider( 1537): GpsParamsResource: SUPL_HOST=supl.google.com
D/GpsLocationProvider( 1537): GpsParamsResource: SUPL_PORT=7275
D/GpsLocationProvider( 1537): GpsParamsResource: NTP_SERVER=north-america.pool.ntp.org
D/GpsLocationProvider( 1537): GpsParamsResource: SUPL_VER=0x20000
D/GpsLocationProvider( 1537): GpsParamsResource: SUPL_MODE=1
W/GpsLocationProvider( 1537): Could not open GPS configuration file /etc/gps.ld.conf
W/OMXNodeInstance( 1367): [18:google.mpeg4.decoder] component does not support metadata mode; using fallback
W/OMXNodeInstance( 1367): [19:google.h263.decoder] component does not support metadata mode; using fallback
W/OMXNodeInstance( 1367): [1a:google.h264.decoder] component does not support metadata mode; using fallback
D/SoftHEVC( 1367): Number of CPU cores: 2
D/SoftHEVC( 1367): Initializing decoder
D/SoftHEVC( 1367): Set number of cores to 2
D/SoftHEVC( 1367): Ittiam decoder version number: @(#)Id:HEVCDEC_production Ver:04.01 Released by ITTIAM Build: Apr 21 2016 @ 18:31:18
W/OMXNodeInstance( 1367): [1b:google.hevc.decoder] component does not support metadata mode; using fallback
D/SoftHEVC( 1367): Freeing codec memory
D/SoftHEVC( 1367): Number of CPU cores: 2
D/SoftHEVC( 1367): Initializing decoder
D/SoftHEVC( 1367): Set number of cores to 2
D/SoftHEVC( 1367): Ittiam decoder version number: @(#)Id:HEVCDEC_production Ver:04.01 Released by ITTIAM Build: Apr 21 2016 @ 18:31:18
D/SoftHEVC( 1367): In SoftHEVC::~SoftHEVC
D/SoftHEVC( 1367): Freeing codec memory
W/OMXNodeInstance( 1367): [1c:google.vp8.decoder] component does not support metadata mode; using fallback
W/OMXNodeInstance( 1367): [1d:google.vp9.decoder] component does not support metadata mode; using fallback
I/SoftMPEG4Encoder( 1367): Construct SoftMPEG4Encoder
W/ACodec  ( 1367): do not know color format 0x7f000789 = 2130708361
I/SoftAVCEncoder( 1367): Construct SoftAVCEncoder
W/ACodec  ( 1367): do not know color format 0x7f000789 = 2130708361
I/SoftMPEG4Encoder( 1367): Construct SoftMPEG4Encoder
W/ACodec  ( 1367): do not know color format 0x7f000789 = 2130708361
W/ACodec  ( 1367): do not know color format 0x7f000789 = 2130708361
D/NuPlayerDriver( 1367): reset(0xb402f1c0)
D/NuPlayerDriver( 1367): notifyResetComplete(0xb402f1c0)
D/NuPlayerDriver( 1367): reset(0xb402f340)
D/NuPlayerDriver( 1367): notifyResetComplete(0xb402f340)
I/FFmpegExtractor( 1367): android-source:0xb4024180
D/FFMPEG  ( 1367): android source begin open
D/FFMPEG  ( 1367): android open, url: android-source:0xb4024180
D/FFMPEG  ( 1367): ffmpeg open android data source success, source ptr: 0xb4024180
D/FFMPEG  ( 1367): android source open success
I/FFmpegExtractor( 1367): android-source:0xb4024300
D/FFMPEG  ( 1367): android source begin open
D/FFMPEG  ( 1367): android open, url: android-source:0xb4024300
D/FFMPEG  ( 1367): ffmpeg open android data source success, source ptr: 0xb4024300
D/FFMPEG  ( 1367): android source open success
I/FFMPEG  ( 1367): Input #0, ogg, from 'android-source:0xb4024180':
I/FFMPEG  ( 1367):   Duration: 00:00:00.11, start: 0.000000, bitrate: 487 kb/s
I/FFMPEG  ( 1367):     Stream #0:0: Audio: vorbis, 44100 Hz, stereo, fltp, 160 kb/s
I/FFmpegExtractor( 1367): FFmpegExtrator, url: android-source:0xb4024180, format_name: ogg, format_long_name: Ogg
I/FFmpegExtractor( 1367): list the formats suppoted by ffmpeg: 
I/FFmpegExtractor( 1367): ========================================
I/FFmpegExtractor( 1367): ========================================
I/FFmpegExtractor( 1367): adjust mime(application/ogg -> audio/vorbis)
D/FFmpegExtractor( 1367): suppoted codec(vorbis) by official Stagefright
D/FFMPEG  ( 1367): android source close
I/FFmpegExtractor( 1367): sniff through BetterSniffFFMPEG success
D/FFmpegExtractor( 1367): ffmpeg detected media content as 'audio/vorbis' with confidence 0.08
I/FFMPEG  ( 1367): Input #0, ogg, from 'android-source:0xb4024300':
I/FFMPEG  ( 1367):   Duration: 00:00:00.19, start: 0.000000, bitrate: 332 kb/s
I/FFMPEG  ( 1367):     Stream #0:0: Audio: vorbis, 44100 Hz, stereo, fltp, 160 kb/s
I/FFmpegExtractor( 1367): FFmpegExtrator, url: android-source:0xb4024300, format_name: ogg, format_long_name: Ogg
I/FFmpegExtractor( 1367): list the formats suppoted by ffmpeg: 
I/FFmpegExtractor( 1367): ========================================
I/FFmpegExtractor( 1367): ========================================
I/FFmpegExtractor( 1367): adjust mime(application/ogg -> audio/vorbis)
D/FFmpegExtractor( 1367): suppoted codec(vorbis) by official Stagefright
D/FFMPEG  ( 1367): android source close
I/FFmpegExtractor( 1367): sniff through BetterSniffFFMPEG success
D/FFmpegExtractor( 1367): ffmpeg detected media content as 'audio/vorbis' with confidence 0.08
D/NuPlayerDriver( 1367): start(0xb584eca0)
I/GenericSource( 1367): start
D/NuPlayerDriver( 1367): start(0xb584edc0)
I/GenericSource( 1367): start
D/GpsLocationProvider( 1537): GPS properties reloaded, size = 8
E/GpsLocationProvider( 1537): no AGPS interface in set_agps_server
E/GpsLocationProvider( 1537): no GPS configuration interface in configuraiton_update
D/GpsLocationProvider( 1537): final config = #Wed Aug 08 19:51:08 GMT+08:00 2018
D/GpsLocationProvider( 1537): SUPL_VER=0x20000
D/GpsLocationProvider( 1537): SUPL_HOST=supl.google.com
D/GpsLocationProvider( 1537): XTRA_SERVER_3=http\://xtra3.gpsonextra.net/xtra.bin
D/GpsLocationProvider( 1537): XTRA_SERVER_1=http\://xtra1.gpsonextra.net/xtra.bin
D/GpsLocationProvider( 1537): SUPL_PORT=7275
D/GpsLocationProvider( 1537): XTRA_SERVER_2=http\://xtra2.gpsonextra.net/xtra.bin
D/GpsLocationProvider( 1537): NTP_SERVER=north-america.pool.ntp.org
D/GpsLocationProvider( 1537): SUPL_MODE=1
W/LocationManagerService( 1537): no network location provider found
E/LocationManagerService( 1537): no geocoder provider found
E/FlpHardwareProvider( 1537): Error hw_get_module 'flp': -2
E/LocationManagerService( 1537): FLP HAL not supported
E/LocationManagerService( 1537): Unable to bind FLP Geofence proxy.
E/ActivityRecognitionHardware( 1537): Error hw_get_module: -2
E/LocationManagerService( 1537): Hardware Activity-Recognition not supported.
I/gps_ld  ( 1537): serial_gps_init: called
I/gps_ld  ( 1537): gps_callback_command_init: called
I/gps_ld  ( 1537): GpsHost::init
E/GpsLocationProvider( 1537): no AGPS interface in set_agps_server
D/NuPlayerDriver( 1367): reset(0xb584edc0)
D/NuPlayerDriver( 1367): notifyResetComplete(0xb584edc0)
D/NuPlayerDriver( 1367): reset(0xb584eca0)
I/CommonTimeManagementService( 1537): No common time service detected on this platform.  Common time services will be unavailable.
I/InputReader( 1537): Reconfiguring input devices.  changes=0x00000020
I/MmsServiceBroker( 1537): Delay connecting to MmsService until an API is called
D/gps_ld  ( 1537): GPS call-back thread startup
D/TelephonyManager( 1537): getDataEnabled: retVal=false
W/VoiceInteractionManagerService( 1537): no available voice interaction services found for user 0
W/VoiceInteractionManagerService( 1537): no available voice recognition services found for user 0
I/        ( 1537): fastpipe: Connect success
I/gps_ld  ( 1537): GpsHost::recv NewLocation 39.915000, 116.404000
D/gps_ld  ( 1537):  gps_on_location latitude = 39.915000, longitude = 116.404000 
D/NuPlayerDriver( 1367): notifyResetComplete(0xb584eca0)
I/FFmpegExtractor( 1367): android-source:0xb4024580
I/FFmpegExtractor( 1367): android-source:0xb4024680
D/FFMPEG  ( 1367): android source begin open
D/FFMPEG  ( 1367): android source begin open
D/FFMPEG  ( 1367): android open, url: android-source:0xb4024580
D/FFMPEG  ( 1367): android open, url: android-source:0xb4024680
D/FFMPEG  ( 1367): ffmpeg open android data source success, source ptr: 0xb4024580
D/FFMPEG  ( 1367): ffmpeg open android data source success, source ptr: 0xb4024680
D/FFMPEG  ( 1367): android source open success
D/FFMPEG  ( 1367): android source open success
I/FFMPEG  ( 1367): Input #0, ogg, from 'android-source:0xb4024680':
I/FFMPEG  ( 1367):   Duration: 00:00:00.08, start: 0.000000, bitrate: 612 kb/s
I/FFMPEG  ( 1367):     Stream #0:0: Audio: vorbis, 44100 Hz, stereo, fltp, 160 kb/s
I/FFmpegExtractor( 1367): FFmpegExtrator, url: android-source:0xb4024680, format_name: ogg, format_long_name: Ogg
I/FFmpegExtractor( 1367): list the formats suppoted by ffmpeg: 
I/FFmpegExtractor( 1367): ========================================
I/FFmpegExtractor( 1367): ========================================
I/FFmpegExtractor( 1367): adjust mime(application/ogg -> audio/vorbis)
D/FFmpegExtractor( 1367): suppoted codec(vorbis) by official Stagefright
D/FFMPEG  ( 1367): android source close
I/FFmpegExtractor( 1367): sniff through BetterSniffFFMPEG success
D/FFmpegExtractor( 1367): ffmpeg detected media content as 'audio/vorbis' with confidence 0.08
I/FFMPEG  ( 1367): Input #0, ogg, from 'android-source:0xb4024580':
I/FFMPEG  ( 1367):   Duration: 00:00:00.29, start: 0.000000, bitrate: 271 kb/s
I/FFMPEG  ( 1367):     Stream #0:0: Audio: vorbis, 44100 Hz, stereo, fltp, 160 kb/s
I/FFmpegExtractor( 1367): FFmpegExtrator, url: android-source:0xb4024580, format_name: ogg, format_long_name: Ogg
I/FFmpegExtractor( 1367): list the formats suppoted by ffmpeg: 
I/FFmpegExtractor( 1367): ========================================
I/FFmpegExtractor( 1367): ========================================
I/FFmpegExtractor( 1367): adjust mime(application/ogg -> audio/vorbis)
D/FFmpegExtractor( 1367): suppoted codec(vorbis) by official Stagefright
D/FFMPEG  ( 1367): android source close
I/FFmpegExtractor( 1367): sniff through BetterSniffFFMPEG success
D/FFmpegExtractor( 1367): ffmpeg detected media content as 'audio/vorbis' with confidence 0.08
D/NuPlayerDriver( 1367): start(0xb402f1c0)
I/GenericSource( 1367): start
D/NuPlayerDriver( 1367): start(0xb402f340)
I/GenericSource( 1367): start
I/ActivityManager( 1537): Start proc 1847:com.android.phone/1001 for content provider com.android.providers.telephony/.TelephonyProvider
D/NuPlayerDriver( 1367): reset(0xb402f340)
D/NuPlayerDriver( 1367): reset(0xb402f1c0)
D/NuPlayerDriver( 1367): notifyResetComplete(0xb402f340)
D/NuPlayerDriver( 1367): notifyResetComplete(0xb402f1c0)
D/libnativebridge( 1847): call UnloadNativeBridge! state=1
I/FFmpegExtractor( 1367): android-source:0xb4024200
D/FFMPEG  ( 1367): android source begin open
D/FFMPEG  ( 1367): android open, url: android-source:0xb4024200
D/FFMPEG  ( 1367): ffmpeg open android data source success, source ptr: 0xb4024200
D/FFMPEG  ( 1367): android source open success
I/ActivityManager( 1537): Start proc 1866:com.android.emu.coreservice/u0a16 for added application com.android.emu.coreservice
I/FFMPEG  ( 1367): Input #0, ogg, from 'android-source:0xb4024200':
I/FFMPEG  ( 1367):   Duration: 00:00:00.11, start: 0.000000, bitrate: 477 kb/s
I/FFMPEG  ( 1367):     Stream #0:0: Audio: vorbis, 44100 Hz, stereo, fltp, 160 kb/s
I/FFmpegExtractor( 1367): FFmpegExtrator, url: android-source:0xb4024200, format_name: ogg, format_long_name: Ogg
I/FFmpegExtractor( 1367): list the formats suppoted by ffmpeg: 
I/FFmpegExtractor( 1367): ========================================
I/FFmpegExtractor( 1367): ========================================
I/FFmpegExtractor( 1367): adjust mime(application/ogg -> audio/vorbis)
D/FFmpegExtractor( 1367): suppoted codec(vorbis) by official Stagefright
D/FFMPEG  ( 1367): android source close
I/FFmpegExtractor( 1367): sniff through BetterSniffFFMPEG success
D/FFmpegExtractor( 1367): ffmpeg detected media content as 'audio/vorbis' with confidence 0.08
D/NuPlayerDriver( 1367): start(0xb584edc0)
I/GenericSource( 1367): start
D/NuPlayerDriver( 1367): reset(0xb584edc0)
D/NuPlayerDriver( 1367): notifyResetComplete(0xb584edc0)
I/ActivityManager( 1537): Start proc 1878:com.android.phone/1001 for added application com.android.phone
I/ActivityManager( 1537): START u0 {act=android.intent.action.MAIN cat=[android.intent.category.HOME] flg=0x10000000 cmp=com.android.launcher3/.Launcher} from uid 0 on display 0
I/FFmpegExtractor( 1367): android-source:0xb4024200
D/libnativebridge( 1866): call UnloadNativeBridge! state=1
D/FFMPEG  ( 1367): android source begin open
