D/FFMPEG  ( 1367): android open, url: android-source:0xb4024200
D/FFMPEG  ( 1367): ffmpeg open android data source success, source ptr: 0xb4024200
D/FFMPEG  ( 1367): android source open success
I/FFMPEG  ( 1367): Input #0, ogg, from 'android-source:0xb4024200':
I/FFMPEG  ( 1367):   Duration: 00:00:00.07, start: 0.000000, bitrate: 683 kb/s
I/FFMPEG  ( 1367):     Stream #0:0: Audio: vorbis, 44100 Hz, stereo, fltp, 160 kb/s
I/FFmpegExtractor( 1367): FFmpegExtrator, url: android-source:0xb4024200, format_name: ogg, format_long_name: Ogg
I/FFmpegExtractor( 1367): list the formats suppoted by ffmpeg: 
I/FFmpegExtractor( 1367): ========================================
I/FFmpegExtractor( 1367): ========================================
I/FFmpegExtractor( 1367): adjust mime(application/ogg -> audio/vorbis)
D/FFmpegExtractor( 1367): suppoted codec(vorbis) by official Stagefright
D/FFMPEG  ( 1367): android source close
I/FFmpegExtractor( 1367): sniff through BetterSniffFFMPEG success
D/FFmpegExtractor( 1367): ffmpeg detected media content as 'audio/vorbis' with confidence 0.08
D/NuPlayerDriver( 1367): start(0xb584eca0)
I/GenericSource( 1367): start
D/libnativebridge( 1878): call UnloadNativeBridge! state=1
I/InputReader( 1537): Reconfiguring input devices.  changes=0x00000010
V/WindowManager( 1537): addAppToken: AppWindowToken{c36e9c5 token=Token{c16b83c ActivityRecord{7e96a2f u0 com.android.launcher3/.Launcher t1}}} to stack=0 task=1 at 0
I/ActivityManager( 1537): Start proc 1912:com.android.launcher3/u0a20 for activity com.android.launcher3/.Launcher
D/NuPlayerDriver( 1367): reset(0xb584eca0)
D/NuPlayerDriver( 1367): notifyResetComplete(0xb584eca0)
W/ActivityManager( 1537): No pending application record for pid 1847 (IApplicationThread android.app.ApplicationThreadProxy@17ac7a4b); dropping process
I/art     ( 1371): Explicit concurrent mark sweep GC freed 703(30KB) AllocSpace objects, 0(0B) LOS objects, 40% free, 7MB/12MB, paused 175us total 12.882ms
V/ActivityManager( 1537): Display changed displayId=0
V/ActivityManager( 1537): Display changed displayId=0
D/WifiScanningService( 1537): SCAN_AVAILABLE : 1
D/RttService( 1537): SCAN_AVAILABLE : 1
D/RttService( 1537): DefaultState got{ when=0 what=160513 target=com.android.internal.util.StateMachine$SmHandler }
D/WifiScanningService( 1537): DefaultState got{ when=-1ms what=160007 target=com.android.internal.util.StateMachine$SmHandler }
I/art     ( 1371): Explicit concurrent mark sweep GC freed 5(160B) AllocSpace objects, 0(0B) LOS objects, 40% free, 7MB/12MB, paused 111us total 8.058ms
D/libnativebridge( 1912): call UnloadNativeBridge! state=1
I/art     ( 1371): Explicit concurrent mark sweep GC freed 5(160B) AllocSpace objects, 0(0B) LOS objects, 40% free, 7MB/12MB, paused 113us total 5.351ms
I/FFmpegExtractor( 1367): android-source:0xb4024500
D/FFMPEG  ( 1367): android source begin open
D/FFMPEG  ( 1367): android open, url: android-source:0xb4024500
D/FFMPEG  ( 1367): ffmpeg open android data source success, source ptr: 0xb4024500
D/FFMPEG  ( 1367): android source open success
I/FFMPEG  ( 1367): Input #0, ogg, from 'android-source:0xb4024500':
I/FFMPEG  ( 1367):   Duration: 00:00:00.18, start: 0.000000, bitrate: 431 kb/s
I/FFMPEG  ( 1367):     Stream #0:0: Audio: vorbis, 44100 Hz, mono, fltp, 239 kb/s
I/FFMPEG  ( 1367):     Metadata:
I/FFMPEG  ( 1367):       ARTIST          : Copyright 2013 Android Open Source Project
I/FFmpegExtractor( 1367): FFmpegExtrator, url: android-source:0xb4024500, format_name: ogg, format_long_name: Ogg
I/FFmpegExtractor( 1367): list the formats suppoted by ffmpeg: 
I/FFmpegExtractor( 1367): ========================================
I/FFmpegExtractor( 1367): ========================================
I/FFmpegExtractor( 1367): adjust mime(application/ogg -> audio/vorbis)
D/FFmpegExtractor( 1367): suppoted codec(vorbis) by official Stagefright
D/FFMPEG  ( 1367): android source close
I/FFmpegExtractor( 1367): sniff through BetterSniffFFMPEG success
D/FFmpegExtractor( 1367): ffmpeg detected media content as 'audio/vorbis' with confidence 0.08
D/NuPlayerDriver( 1367): start(0xb402f340)
I/GenericSource( 1367): start
I/Choreographer( 1537): Skipped 211 frames!  The application may be doing too much work on its main thread.
D/NuPlayerDriver( 1367): reset(0xb402f340)
D/NuPlayerDriver( 1367): notifyResetComplete(0xb402f340)
I/art     ( 1625): System.exit called, status: 0
I/AndroidRuntime( 1625): VM exiting with result code 0, cleanup skipped.
D/AlarmManagerService( 1537): Setting time of day to sec=1533729072
I/Telecom ( 1537): TelecomGlobals: TelecomGlobals initializing
I/ActivityManager( 1537): Start proc 1938:android.process.acore/u0a1 for content provider com.android.providers.contacts/.CallLogProvider
D/libnativebridge( 1938): call UnloadNativeBridge! state=1
W/WindowManager( 1537): Window freeze timeout expired.
W/WindowManager( 1537): Force clearing orientation change: Window{15613e2c u0 KeyguardScrim}
D/BluetoothManagerService( 1537): Trying to bind to profile: 1, while Bluetooth was disabled
D/BluetoothManagerService( 1537): Message: 30
I/Telecom ( 1537): TelecomGlobals: CallsManager initialized
E/SQLiteLog( 1697): (283) recovered 93 frames from WAL file /data/data/com.android.providers.media/databases/external.db-wal
W/ContextImpl( 1537): Calling a method in the system process without a qualified user: android.app.ContextImpl.startService:1692 android.content.ContextWrapper.startService:516 com.android.server.telecom.BluetoothPhoneService.start:440 com.android.server.telecom.TelecomGlobals.initialize:93 com.android.server.telecom.TelecomService.onCreate:164 
D/Tethering( 1537): MasterInitialState.processMessage what=3
D/ZenLog  ( 1537): downtime: Autotrigger skipped: not in downtime
D/Launcher.LauncherProvider( 1912): 11683562 - initializeMaxScreenId(): 3
V/Launcher( 1912): LauncherAppState inited
W/ResourcesManager( 1537): Asset path '/system/framework/com.android.location.provider.jar' does not exist or contains no resources.
D/VolumeUI( 1662): Registering volume controller
D/GpsNetInitiatedHandler( 1537): location enabled :true
V/WiredAccessoryManager( 1537): notifyWiredAccessoryChanged: when=0 bits= mask=54
V/WiredAccessoryManager( 1537): newName=h2w newState=0 headsetState=0 prev headsetState=0
E/WiredAccessoryManager( 1537): No state change.
V/WiredAccessoryManager( 1537): init()
D/TelephonyProvider( 1878): dbh.onOpen: ok, queried table=siminfo
D/TelephonyProvider( 1878): dbh.onOpen: ok, queried table=carriers
E/GpsLocationProvider( 1537): No APN found to select.
I/EmuCoreService( 1866): Broadcast action = android.intent.action.TOP_ACTIVITY_CHANGED
W/ActivityManager( 1537): Unable to start service Intent { cmp=com.android.printspooler/.model.PrintSpoolerService } U=0: not found
W/art     ( 1938): Verification of com.android.i18n.phonenumbers.geocoding.PhoneNumberOfflineGeocoder com.android.providers.contacts.DefaultCallLogInsertionHelper.getPhoneNumberOfflineGeocoder() took 109.183ms
I/EmuCoreService( 1866): CoreService create!
I/EmuCoreService( 1866): HostService Init inited = false
I/EmuCoreService( 1866):  Listener running !
I/        ( 1866): fastpipe: Connect success
I/EmuCoreService( 1866): HostService Init inited = true
W/AppWidgetServiceImpl( 1537): Failed to read state: java.io.FileNotFoundException: /data/system/users/0/appwidgets.xml: open failed: ENOENT (No such file or directory)
V/AppWidgetServiceImpl( 1537): Upgrading widget database from 0 to 1
D/BluetoothManagerService( 1537): Message: 300
D/BluetoothManagerService( 1537): MESSAGE_USER_SWITCHED
D/PermissionCache( 1361): checking android.permission.HARDWARE_TEST for uid=1000 => granted (183 us)
D/Launcher.Model( 1912): Old launcher provider: content://com.android.launcher2.settings/favorites?notify=true
D/Launcher.Model( 1912): Old launcher provider does not exist.
W/Launcher( 1912): setApplicationContext called twice! old=com.android.launcher3.LauncherApplication@1301c677 new=com.android.launcher3.LauncherApplication@1301c677
I/StatusBarManagerService( 1537): registerStatusBar bar=com.android.internal.statusbar.IStatusBar$Stub$Proxy@29a7de30
I/PackageManager( 1537): Package doesn't exist in get block uninstall com.android.good.miner
I/ContactLocale( 1938): AddressBook Labels [zh-CN]: [, A, B, C, D, E, F, G, H, I, J, K, L, M, N, O, P, Q, R, S, T, U, V, W, X, Y, Z, Α, Β, Γ, Δ, Ε, Ζ, Η, Θ, Ι, Κ, Λ, Μ, Ν, Ξ, Ο, Π, Ρ, Σ, Τ, Υ, Φ, Χ, Ψ, Ω, , А, Б, В, Г, Д, Ђ, Е, Є, Ж, З, И, І, Ї, Й, Ј, К, Л, Љ, М, Н, Њ, О, П, Р, С, Т, Ћ, У, Ф, Х, Ц, Ч, Џ, Ш, Щ, Ю, Я, , א, ב, ג, ד, ה, ו, ז, ח, ט, י, כ, ל, מ, נ, ס, ע, פ, צ, ק, ר, ש, ת, , ا, ب, ت, ث, ج, ح, خ, د, ذ, ر, ز, س, ش, ص, ض, ط, ظ, ع, غ, ف, ق, ك, ل, م, ن, ه, و, ي, , ก, ข, ฃ, ค, ฅ, ฆ, ง, จ, ฉ, ช, ซ, ฌ, ญ, ฎ, ฏ, ฐ, ฑ, ฒ, ณ, ด, ต, ถ, ท, ธ, น, บ, ป, ผ, ฝ, พ, ฟ, ภ, ม, ย, ร, ฤ, ล, ฦ, ว, ศ, ษ, ส, ห, ฬ, อ, ฮ, , ㄱ, ㄴ, ㄷ, ㄹ, ㅁ, ㅂ, ㅅ, ㅇ, ㅈ, ㅊ, ㅋ, ㅌ, ㅍ, ㅎ, , あ, か, さ, た, な, は, ま, や, ら, わ, #, ]
W/PackageManager( 1537): Package named 'com.android.good.miner' doesn't exist.
W/art     ( 1537): Long monitor contention event with owner method=boolean android.os.BinderProxy.transactNative(int, android.os.Parcel, android.os.Parcel, int) from Binder.java:4294967294 waiters=0 for 300ms
D/BlueZ   ( 1367): external/bluetooth/bluez/android/hal-audio.c:audio_set_mic_mute() 
I/art     ( 1537): Explicit concurrent mark sweep GC freed 12683(887KB) AllocSpace objects, 5(80KB) LOS objects, 33% free, 12MB/18MB, paused 1.386ms total 308.272ms
I/EmuCoreService( 1866): uninstall failed
V/BackupManagerService( 1537): Connected to transport ComponentInfo{android/com.android.internal.backup.LocalTransportService}
V/BackupManagerService( 1537): Registering transport android/com.android.internal.backup.LocalTransportService::android/com.android.internal.backup.LocalTransport = android.app.backup.BackupTransport$TransportImpl@1428893a
I/Choreographer( 1537): Skipped 108 frames!  The application may be doing too much work on its main thread.
I/HostConnection( 1361): HostConnection::HostConnection: pid=1361, tid=1966, this=0xb6037560
I/        ( 1361): fastpipe: Connect success
D/HostConnection( 1361): HostRPC::connect sucess: app=/system/bin/surfaceflinger, pid=1361, tid=1966, this=0xb6260000
D/HostConnection( 1361): queryAndSetGLESMaxVersion select gles-version: 2.0 hostGLVersion:31 process:/system/bin/surfaceflinger
D/AdHotSeatView( 1912): resetLayout
I/HostConnection( 1537): HostConnection::HostConnection: pid=1537, tid=1537, this=0xa0eb8e70
I/        ( 1537): fastpipe: Connect success
D/HostConnection( 1537): HostRPC::connect sucess: app=system_server, pid=1537, tid=1537, this=0xb3ff8000
D/HostConnection( 1537): queryAndSetGLESMaxVersion select gles-version: 2.0 hostGLVersion:31 process:system_server
D/BluetoothManagerService( 1537): Message: 30
D/BluetoothManagerService( 1537): Trying to bind to profile: 1, while Bluetooth was disabled
W/ResourceType( 1912): Attempt to retrieve bag 0x7f0d0008 which is invalid or in a cycle.
W/Searchables( 1537): No global search activity found
D/Launcher.Model( 1912): 11683562 - loadWorkspace()
D/Launcher.Model( 1912): 11683562 -   loadedOldDb: false
W/Launcher( 1912): setApplicationContext called twice! old=com.android.launcher3.LauncherApplication@1301c677 new=com.android.launcher3.LauncherApplication@1301c677
E/Launcher( 1912): wallpaper:desiredMinimumWidth=720
E/Launcher( 1912): wallpaper:desiredMinimumHeight=1280
E/Launcher( 1912): wallpaper:bmp.W=720
E/Launcher( 1912): wallpaper:bmp.H=1280
I/ActivityManager( 1537): Start proc 1974:com.android.flysilkworm/u0a25 for broadcast com.android.flysilkworm/.app.service.PowerBootReceiver
D/libnativebridge( 1974): call UnloadNativeBridge! state=1
D/WifiService( 1537): New client listening to asynchronous messages
D/Launcher.Model( 1912): 11683562 - loadWorkspaceScreensDb()
D/Launcher.Model( 1912): 11683562 -   screens: { 0: 3 }
D/Launcher.Model( 1912): 11683562 -   sBgWorkspaceScreens: 3
D/BluetoothManagerService( 1537): Message: 20
D/BluetoothManagerService( 1537): Added callback: android.bluetooth.IBluetoothManagerCallback$Stub$Proxy@c07c49f:true
D/BluetoothAdapter( 1662): 1067442196: getState() :  mService = null. Returning STATE_OFF
D/BluetoothAdapter( 1662): 1067442196: getState() :  mService = null. Returning STATE_OFF
D/BluetoothManagerService( 1537): Message: 30
E/BluetoothA2dp( 1662): Could not bind to Bluetooth A2DP Service with Intent { act=android.bluetooth.IBluetoothA2dp }
D/BluetoothManagerService( 1537): Message: 30
E/BluetoothA2dpSink( 1662): Could not bind to Bluetooth A2DP Service with Intent { act=android.bluetooth.IBluetoothA2dpSink }
D/BluetoothManagerService( 1537): Message: 30
E/BluetoothAvrcpController( 1662): Could not bind to Bluetooth AVRCP Controller Service with Intent { act=android.bluetooth.IBluetoothAvrcpController }
D/BluetoothManagerService( 1537): Message: 30
D/BluetoothManagerService( 1537): Trying to bind to profile: 1, while Bluetooth was disabled
D/BluetoothManagerService( 1537): Message: 30
E/BluetoothHeadsetClient( 1662): Could not bind to Bluetooth Headset Client Service with Intent { act=android.bluetooth.IBluetoothHeadsetClient }
D/BluetoothManagerService( 1537): Message: 30
E/BluetoothInputDevice( 1662): Could not bind to Bluetooth HID Service with Intent { act=android.bluetooth.IBluetoothInputDevice }
D/BluetoothMap( 1662): Create BluetoothMap proxy object
D/BluetoothManagerService( 1537): Message: 30
E/BluetoothMap( 1662): Could not bind to Bluetooth MAP Service with Intent { act=android.bluetooth.IBluetoothMap }
D/BluetoothManagerService( 1537): Message: 30
E/BluetoothPan( 1662): Could not bind to Bluetooth Pan Service with Intent { act=android.bluetooth.IBluetoothPan }
D/ConnectivityService( 1537): listenForNetwork for NetworkRequest [ id=2, legacyType=-1, [] ]
D/ConnectivityService( 1537): handleRegisterNetworkRequest checking NetworkAgentInfo [Ethernet () - 100]
D/ConnectivityService( 1537): apparently satisfied.  currentScore=50
D/ConnectivityManager.CallbackHandler( 1662): CM callback handler got msg 524290
I/CameraManagerGlobal( 1662): getCameraService: Reconnecting to camera service
I/CameraService( 1367): getCameraCharacteristics: Switching to HAL1 shim implementation...
D/Camera_Factory( 1367): CameraFactory::get_camera_info
D/Camera_Factory( 1367): CameraFactory::getCameraInfo: id = 0, info = 0xb3c05978
D/Camera_Factory( 1367): CameraFactory::getCameraNum: 2
D/CameraHardware( 1367): CameraHardware::getCameraInfo
D/Camera_Factory( 1367): CameraFactory::get_camera_info
D/Camera_Factory( 1367): CameraFactory::getCameraInfo: id = 0, info = 0xb3c05710
D/Camera_Factory( 1367): CameraFactory::getCameraNum: 2
D/CameraHardware( 1367): CameraHardware::getCameraInfo
I/FFmpegExtractor( 1367): android-source:0xb584f5c0
D/FFMPEG  ( 1367): android source begin open
D/FFMPEG  ( 1367): android open, url: android-source:0xb584f5c0
D/FFMPEG  ( 1367): ffmpeg open android data source success, source ptr: 0xb584f5c0
D/FFMPEG  ( 1367): android source open success
I/FFMPEG  ( 1367): Input #0, ogg, from 'android-source:0xb584f5c0':
I/FFMPEG  ( 1367):   Duration: 00:00:00.41, start: 0.000000, bitrate: 135 kb/s
I/FFMPEG  ( 1367):     Stream #0:0: Audio: vorbis, 44100 Hz, stereo, fltp, 80 kb/s
I/FFmpegExtractor( 1367): FFmpegExtrator, url: android-source:0xb584f5c0, format_name: ogg, format_long_name: Ogg
I/FFmpegExtractor( 1367): list the formats suppoted by ffmpeg: 
I/FFmpegExtractor( 1367): ========================================
I/FFmpegExtractor( 1367): ========================================
I/FFmpegExtractor( 1367): adjust mime(application/ogg -> audio/vorbis)
D/FFmpegExtractor( 1367): suppoted codec(vorbis) by official Stagefright
D/FFMPEG  ( 1367): android source close
I/FFmpegExtractor( 1367): sniff through BetterSniffFFMPEG success
D/FFmpegExtractor( 1367): ffmpeg detected media content as 'audio/vorbis' with confidence 0.08
I/FFmpegExtractor( 1367): android-source:0xb584fa00
D/FFMPEG  ( 1367): android source begin open
D/FFMPEG  ( 1367): android open, url: android-source:0xb584fa00
D/FFMPEG  ( 1367): ffmpeg open android data source success, source ptr: 0xb584fa00
D/FFMPEG  ( 1367): android source open success
I/FFMPEG  ( 1367): Input #0, ogg, from 'android-source:0xb584fa00':
I/FFMPEG  ( 1367):   Duration: 00:00:00.38, start: 0.000000, bitrate: 286 kb/s
I/FFMPEG  ( 1367):     Stream #0:0: Audio: vorbis, 44100 Hz, stereo, fltp, 224 kb/s
I/FFmpegExtractor( 1367): FFmpegExtrator, url: android-source:0xb584fa00, format_name: ogg, format_long_name: Ogg
I/FFmpegExtractor( 1367): list the formats suppoted by ffmpeg: 
I/FFmpegExtractor( 1367): ========================================
I/FFmpegExtractor( 1367): ========================================
I/FFmpegExtractor( 1367): adjust mime(application/ogg -> audio/vorbis)
D/FFmpegExtractor( 1367): suppoted codec(vorbis) by official Stagefright
D/FFMPEG  ( 1367): android source close
I/FFmpegExtractor( 1367): sniff through BetterSniffFFMPEG success
D/FFmpegExtractor( 1367): ffmpeg detected media content as 'audio/vorbis' with confidence 0.08
I/CameraClient( 1367): Opening camera 0
D/Camera_Factory( 1367): CameraFactory::get_camera_info
D/Camera_Factory( 1367): CameraFactory::getCameraInfo: id = 0, info = 0xb3c056a0
D/Camera_Factory( 1367): CameraFactory::getCameraNum: 2
D/CameraHardware( 1367): CameraHardware::getCameraInfo
D/Camera_Factory( 1367): CameraFactory::device_open: name = 0
D/Camera_Factory( 1367): CameraFactory::cameraDeviceOpen: id = 0
D/Camera_Factory( 1367): CameraFactory::getCameraNum: 2
D/CameraHardware( 1367): CameraHardware::PowerOn: Power ON camera.
D/CameraHardware( 1367): CameraHardware::PowerOn: no power_file set
D/CameraHardware( 1367): CameraHardware::initDefaultParameters
D/V4L2Camera( 1367): V4L2CameraHost::V4L2CameraHost
I/        ( 1367): fastpipe: Connect success
D/V4L2Camera( 1367): V4L2CameraHost::getAvailableFormats from host
D/V4L2Camera( 1367): V4L2CameraHost::threadLoop entered.
D/V4L2Camera( 1367): V4L2Camera::getAvailableSizes
D/V4L2Camera( 1367): V4L2Camera::getAvailableFps
I/CameraHardware( 1367): Default preview size: (1280 x 720), fps:25
I/CameraHardware( 1367): All available formats: 176x144,240x160,320x200,320x240,352x288,432x320,480x320,640x480,1280x720
I/CameraHardware( 1367): All available fps: (25,25)
I/CameraHardware( 1367): Default picture size: (1280 x 720)
D/CameraHardware( 1367): CameraHardware::setParameters
D/CameraHardware( 1367): CameraHardware::setParameters: PREVIEW: Size 1280x720, 25 fps, format: yuv422sp
D/CameraHardware( 1367): CameraHardware::setParameters: PICTURE: Size 1280x720, format: jpeg
D/CameraHardware( 1367): CameraHardware::setParameters: VIDEO: Size 1280x720, format: yuv420p
D/CameraHardware( 1367): CameraHardware::initHeapLocked
E/CameraHardware( 1367): No memory allocator available
D/CameraHardware( 1367): CameraHardware::setParameters: OK parms=antibanding=auto;antibanding-values=auto;effect=none;effect-values=none;flash-mode=off;flash-mode-values=off;focal-length=4;focus-mode=fixed;focus-mode-values=fixed;horizontal-view-angle=90;jpeg-quality=85;jpeg-thumbnail-size-values=640x480,0x0;max-video-continuous-zoom=0;max-zoom=100;picture-format=jpeg;picture-format-values=jpeg;picture-size=1280x720;picture-size-values=176x144,240x160,320x200,320x240,352x288,432x320,480x320,640x480,1280x720;preferred-preview-size-for-video=640x480;preview-format=yuv422sp;preview-format-values=yuv422i-yuyv,yuv422sp,yuv420sp,yuv420p;preview-fps-range-values=(25,25);preview-frame-rate=25;preview-frame-rate-values=25;preview-size=1280x720;preview-size-values=176x144,240x160,320x200,320x240,352x288,432x320,480x320,640x480,1280x720;rotation=0;rotation-values=0;scene-mode=auto;scene-mode-values=auto;smooth-zoom-supported=false;vertical-view-angle=90;video-frame-format=yuv420p;video-size=1280x720;video-size-values=176x144,240x160,320x200,32
D/CameraHardware( 1367): CameraHardware::connectCamera
D/CameraHardware( 1367): CameraHardware::setCallbacks
D/CameraHardware( 1367): CameraHardware::enableMsgType: 3085
D/CameraHardware( 1367): CameraHardware::getParameters
D/CameraHardware( 1367): CameraHardware::putParameters
D/CameraHardware( 1367): CameraHardware::disableMsgType: 65535
D/CameraHardware( 1367): CameraHardware::stopPreview
D/CameraHardware( 1367): CameraHardware::stopPreviewLocked
D/CameraHardware( 1367): CameraHardware::stopPreviewLocked: OK
D/CameraHardware( 1367): CameraHardware::cancelPicture
D/CameraHardware( 1367): CameraHardware::releaseCamera
I/CameraClient( 1367): Destroying camera 0
D/CameraHardware( 1367): CameraHardware::closeCamera
D/CameraHardware( 1367): CameraHardware::releaseCamera
D/NuPlayerDriver( 1367): reset(0xb402f340)
D/NuPlayerDriver( 1367): notifyResetComplete(0xb402f340)
D/NuPlayerDriver( 1367): reset(0xb402f220)
D/NuPlayerDriver( 1367): notifyResetComplete(0xb402f220)
I/CameraService( 1367): getCameraCharacteristics: Switching to HAL1 shim implementation...
D/Camera_Factory( 1367): CameraFactory::get_camera_info
D/Camera_Factory( 1367): CameraFactory::getCameraInfo: id = 1, info = 0xb3d03978
D/Camera_Factory( 1367): CameraFactory::getCameraNum: 2
D/CameraHardware( 1367): CameraHardware::getCameraInfo
D/Camera_Factory( 1367): CameraFactory::get_camera_info
D/Camera_Factory( 1367): CameraFactory::getCameraInfo: id = 1, info = 0xb3d03710
D/Camera_Factory( 1367): CameraFactory::getCameraNum: 2
D/CameraHardware( 1367): CameraHardware::getCameraInfo
I/FFmpegExtractor( 1367): android-source:0xb4024200
D/FFMPEG  ( 1367): android source begin open
D/FFMPEG  ( 1367): android open, url: android-source:0xb4024200
D/FFMPEG  ( 1367): ffmpeg open android data source success, source ptr: 0xb4024200
D/FFMPEG  ( 1367): android source open success
I/FFMPEG  ( 1367): Input #0, ogg, from 'android-source:0xb4024200':
I/FFMPEG  ( 1367):   Duration: 00:00:00.41, start: 0.000000, bitrate: 135 kb/s
I/FFMPEG  ( 1367):     Stream #0:0: Audio: vorbis, 44100 Hz, stereo, fltp, 80 kb/s
I/FFmpegExtractor( 1367): FFmpegExtrator, url: android-source:0xb4024200, format_name: ogg, format_long_name: Ogg
I/FFmpegExtractor( 1367): list the formats suppoted by ffmpeg: 
I/FFmpegExtractor( 1367): ========================================
I/FFmpegExtractor( 1367): ========================================
I/FFmpegExtractor( 1367): adjust mime(application/ogg -> audio/vorbis)
D/FFmpegExtractor( 1367): suppoted codec(vorbis) by official Stagefright
D/FFMPEG  ( 1367): android source close
I/FFmpegExtractor( 1367): sniff through BetterSniffFFMPEG success
D/FFmpegExtractor( 1367): ffmpeg detected media content as 'audio/vorbis' with confidence 0.08
I/FFmpegExtractor( 1367): android-source:0xb4024600
D/FFMPEG  ( 1367): android source begin open
D/FFMPEG  ( 1367): android open, url: android-source:0xb4024600
D/FFMPEG  ( 1367): ffmpeg open android data source success, source ptr: 0xb4024600
D/FFMPEG  ( 1367): android source open success
I/FFMPEG  ( 1367): Input #0, ogg, from 'android-source:0xb4024600':
I/FFMPEG  ( 1367):   Duration: 00:00:00.38, start: 0.000000, bitrate: 286 kb/s
I/FFMPEG  ( 1367):     Stream #0:0: Audio: vorbis, 44100 Hz, stereo, fltp, 224 kb/s
I/FFmpegExtractor( 1367): FFmpegExtrator, url: android-source:0xb4024600, format_name: ogg, format_long_name: Ogg
I/FFmpegExtractor( 1367): list the formats suppoted by ffmpeg: 
I/FFmpegExtractor( 1367): ========================================
I/FFmpegExtractor( 1367): ========================================
I/FFmpegExtractor( 1367): adjust mime(application/ogg -> audio/vorbis)
D/FFmpegExtractor( 1367): suppoted codec(vorbis) by official Stagefright
D/FFMPEG  ( 1367): android source close
I/FFmpegExtractor( 1367): sniff through BetterSniffFFMPEG success
D/FFmpegExtractor( 1367): ffmpeg detected media content as 'audio/vorbis' with confidence 0.08
I/CameraClient( 1367): Opening camera 1
D/Camera_Factory( 1367): CameraFactory::get_camera_info
D/Camera_Factory( 1367): CameraFactory::getCameraInfo: id = 1, info = 0xb3d036a0
D/Camera_Factory( 1367): CameraFactory::getCameraNum: 2
D/CameraHardware( 1367): CameraHardware::getCameraInfo
D/Camera_Factory( 1367): CameraFactory::device_open: name = 1
D/Camera_Factory( 1367): CameraFactory::cameraDeviceOpen: id = 1
D/Camera_Factory( 1367): CameraFactory::getCameraNum: 2
D/CameraHardware( 1367): CameraHardware::PowerOn: Power ON camera.
D/CameraHardware( 1367): CameraHardware::PowerOn: no power_file set
D/CameraHardware( 1367): CameraHardware::initDefaultParameters
D/V4L2Camera( 1367): V4L2Camera::getAvailableSizes
D/V4L2Camera( 1367): V4L2Camera::getAvailableFps
I/CameraHardware( 1367): Default preview size: (1280 x 720), fps:25
I/CameraHardware( 1367): All available formats: 176x144,240x160,320x200,320x240,352x288,432x320,480x320,640x480,1280x720
I/CameraHardware( 1367): All available fps: (25,25)
I/CameraHardware( 1367): Default picture size: (1280 x 720)
D/CameraHardware( 1367): CameraHardware::setParameters
D/CameraHardware( 1367): CameraHardware::setParameters: PREVIEW: Size 1280x720, 25 fps, format: yuv422sp
D/CameraHardware( 1367): CameraHardware::setParameters: PICTURE: Size 1280x720, format: jpeg
D/CameraHardware( 1367): CameraHardware::setParameters: VIDEO: Size 1280x720, format: yuv420p
D/CameraHardware( 1367): CameraHardware::initHeapLocked
E/CameraHardware( 1367): No memory allocator available
D/CameraHardware( 1367): CameraHardware::setParameters: OK parms=antibanding=auto;antibanding-values=auto;effect=none;effect-values=none;flash-mode=off;flash-mode-values=off;focal-length=4;focus-mode=fixed;focus-mode-values=fixed;horizontal-view-angle=90;jpeg-quality=85;jpeg-thumbnail-size-values=640x480,0x0;max-video-continuous-zoom=0;max-zoom=100;picture-format=jpeg;picture-format-values=jpeg;picture-size=1280x720;picture-size-values=176x144,240x160,320x200,320x240,352x288,432x320,480x320,640x480,1280x720;preferred-preview-size-for-video=640x480;preview-format=yuv422sp;preview-format-values=yuv422i-yuyv,yuv422sp,yuv420sp,yuv420p;preview-fps-range-values=(25,25);preview-frame-rate=25;preview-frame-rate-values=25;preview-size=1280x720;preview-size-values=176x144,240x160,320x200,320x240,352x288,432x320,480x320,640x480,1280x720;rotation=0;rotation-values=0;scene-mode=auto;scene-mode-values=auto;smooth-zoom-supported=false;vertical-view-angle=90;video-frame-format=yuv420p;video-size=1280x720;video-size-values=176x144,240x160,320x200,32
D/CameraHardware( 1367): CameraHardware::connectCamera
D/CameraHardware( 1367): CameraHardware::setCallbacks
D/CameraHardware( 1367): CameraHardware::enableMsgType: 3085
D/CameraHardware( 1367): CameraHardware::getParameters
D/CameraHardware( 1367): CameraHardware::putParameters
D/CameraHardware( 1367): CameraHardware::disableMsgType: 65535
D/CameraHardware( 1367): CameraHardware::stopPreview
D/CameraHardware( 1367): CameraHardware::stopPreviewLocked
D/CameraHardware( 1367): CameraHardware::stopPreviewLocked: OK
D/CameraHardware( 1367): CameraHardware::cancelPicture
D/CameraHardware( 1367): CameraHardware::releaseCamera
I/CameraClient( 1367): Destroying camera 1
D/CameraHardware( 1367): CameraHardware::closeCamera
D/CameraHardware( 1367): CameraHardware::releaseCamera
D/NuPlayerDriver( 1367): reset(0xb584edc0)
D/NuPlayerDriver( 1367): notifyResetComplete(0xb584edc0)
D/NuPlayerDriver( 1367): reset(0xb584efa0)
D/NuPlayerDriver( 1367): notifyResetComplete(0xb584efa0)
D/Camera_Factory( 1367): CameraFactory::get_camera_info
D/Camera_Factory( 1367): CameraFactory::getCameraInfo: id = 0, info = 0xb3b079b0
D/Camera_Factory( 1367): CameraFactory::getCameraNum: 2
D/CameraHardware( 1367): CameraHardware::getCameraInfo
D/Camera_Factory( 1367): CameraFactory::get_camera_info
D/Camera_Factory( 1367): CameraFactory::getCameraInfo: id = 0, info = 0xb3e019f0
D/Camera_Factory( 1367): CameraFactory::getCameraNum: 2
D/CameraHardware( 1367): CameraHardware::getCameraInfo
D/Camera_Factory( 1367): CameraFactory::get_camera_info
D/Camera_Factory( 1367): CameraFactory::getCameraInfo: id = 1, info = 0xb3c059b0
D/Camera_Factory( 1367): CameraFactory::getCameraNum: 2
D/CameraHardware( 1367): CameraHardware::getCameraInfo
D/Camera_Factory( 1367): CameraFactory::get_camera_info
D/Camera_Factory( 1367): CameraFactory::getCameraInfo: id = 1, info = 0xb3b079f0
D/Camera_Factory( 1367): CameraFactory::getCameraNum: 2
D/CameraHardware( 1367): CameraHardware::getCameraInfo
D/BluetoothAdapter( 1662): 1067442196: getState() :  mService = null. Returning STATE_OFF
D/BluetoothAdapter( 1662): 1067442196: getState() :  mService = null. Returning STATE_OFF
D/BluetoothAdapter( 1662): 1067442196: getState() :  mService = null. Returning STATE_OFF
D/BluetoothAdapter( 1662): 1067442196: getState() :  mService = null. Returning STATE_OFF
D/OpenGLRenderer( 1662): Use EGL_SWAP_BEHAVIOR_PRESERVED: true
I/gralloc_x86( 1662): --denglibo-- fallback_init, force return by denglibo
I/HostConnection( 1662): HostConnection::HostConnection: pid=1662, tid=1662, this=0xb3f18740
I/        ( 1662): fastpipe: Connect success
D/HostConnection( 1662): HostRPC::connect sucess: app=com.android.systemui, pid=1662, tid=1662, this=0xb3fb0000
D/HostConnection( 1662): queryAndSetGLESMaxVersion select gles-version: 2.0 hostGLVersion:31 process:com.android.systemui
I/        ( 1662): fastpipe: Connect success
D/HostConnection( 1662): recv ProcessPuidReply name=com.android.systemui puid=3
D/Atlas   ( 1662): Validating map...
W/Atlas   ( 1662): Pointer 0x0, not in getPreloadedDrawables?
W/Atlas   ( 1662): Pointer 0x0, not in getPreloadedDrawables?
W/Atlas   ( 1662): Pointer 0x0, not in getPreloadedDrawables?
W/Atlas   ( 1662): Pointer 0x0, not in getPreloadedDrawables?
W/Atlas   ( 1662): Pointer 0x0, not in getPreloadedDrawables?
W/Atlas   ( 1662): Pointer 0x0, not in getPreloadedDrawables?
W/Atlas   ( 1662): Pointer 0x0, not in getPreloadedDrawables?
W/Atlas   ( 1662): Pointer 0x0, not in getPreloadedDrawables?
W/Atlas   ( 1662): Pointer 0x0, not in getPreloadedDrawables?
W/Atlas   ( 1662): Pointer 0x0, not in getPreloadedDrawables?
W/Atlas   ( 1662): Pointer 0x0, not in getPreloadedDrawables?
W/Atlas   ( 1662): Pointer 0x0, not in getPreloadedDrawables?
W/Atlas   ( 1662): Pointer 0x0, not in getPreloadedDrawables?
W/Atlas   ( 1662): Pointer 0x0, not in getPreloadedDrawables?
W/Atlas   ( 1662): Pointer 0x0, not in getPreloadedDrawables?
W/Atlas   ( 1662): Pointer 0x0, not in getPreloadedDrawables?
W/Atlas   ( 1662): Pointer 0x0, not in getPreloadedDrawables?
W/Atlas   ( 1662): Pointer 0x0, not in getPreloadedDrawables?
W/Atlas   ( 1662): Pointer 0x0, not in getPreloadedDrawables?
W/Atlas   ( 1662): Pointer 0x0, not in getPreloadedDrawables?
W/Atlas   ( 1662): Pointer 0x0, not in getPreloadedDrawables?
W/Atlas   ( 1662): Pointer 0x0, not in getPreloadedDrawables?
W/Atlas   ( 1662): Pointer 0x0, not in getPreloadedDrawables?
W/Atlas   ( 1662): Pointer 0x0, not in getPreloadedDrawables?
W/Atlas   ( 1662): Pointer 0x0, not in getPreloadedDrawables?
W/Atlas   ( 1662): Pointer 0x0, not in getPreloadedDrawables?
W/Atlas   ( 1662): Pointer 0x0, not in getPreloadedDrawables?
W/Atlas   ( 1662): Pointer 0x0, not in getPreloadedDrawables?
W/Atlas   ( 1662): Pointer 0x0, not in getPreloadedDrawables?
W/Atlas   ( 1662): Pointer 0x0, not in getPreloadedDrawables?
W/Atlas   ( 1662): Pointer 0x0, not in getPreloadedDrawables?
W/Atlas   ( 1662): Pointer 0x0, not in getPreloadedDrawables?
W/Atlas   ( 1662): Pointer 0x0, not in getPreloadedDrawables?
W/Atlas   ( 1662): Pointer 0x0, not in getPreloadedDrawables?
W/Atlas   ( 1662): Pointer 0x0, not in getPreloadedDrawables?
W/Atlas   ( 1662): Pointer 0x0, not in getPreloadedDrawables?
W/Atlas   ( 1662): Pointer 0x0, not in getPreloadedDrawables?
W/Atlas   ( 1662): Pointer 0x0, not in getPreloadedDrawables?
W/Atlas   ( 1662): Pointer 0x0, not in getPreloadedDrawables?
W/Atlas   ( 1662): Pointer 0x0, not in getPreloadedDrawables?
W/Atlas   ( 1662): Pointer 0x0, not in getPreloadedDrawables?
W/Atlas   ( 1662): Pointer 0x0, not in getPreloadedDrawables?
W/Atlas   ( 1662): Pointer 0x0, not in getPreloadedDrawables?
W/Atlas   ( 1662): Pointer 0x0, not in getPreloadedDrawables?
W/Atlas   ( 1662): Pointer 0x0, not in getPreloadedDrawables?
W/Atlas   ( 1662): Pointer 0x0, not in getPreloadedDrawables?
W/Atlas   ( 1662): Pointer 0x0, not in getPreloadedDrawables?
W/Atlas   ( 1662): Pointer 0x0, not in getPreloadedDrawables?
W/Atlas   ( 1662): Pointer 0x0, not in getPreloadedDrawables?
W/Atlas   ( 1662): Pointer 0x0, not in getPreloadedDrawables?
W/Atlas   ( 1662): Pointer 0x0, not in getPreloadedDrawables?
W/Atlas   ( 1662): Pointer 0x0, not in getPreloadedDrawables?
W/Atlas   ( 1662): Pointer 0x0, not in getPreloadedDrawables?
W/Atlas   ( 1662): Pointer 0x0, not in getPreloadedDrawables?
W/Atlas   ( 1662): Pointer 0x0, not in getPreloadedDrawables?
W/Atlas   ( 1662): Pointer 0x0, not in getPreloadedDrawables?
W/Atlas   ( 1662): Pointer 0x0, not in getPreloadedDrawables?
W/Atlas   ( 1662): Pointer 0x0, not in getPreloadedDrawables?
W/Atlas   ( 1662): Pointer 0x0, not in getPreloadedDrawables?
W/Atlas   ( 1662): Pointer 0x0, not in getPreloadedDrawables?
W/Atlas   ( 1662): Pointer 0x0, not in getPreloadedDrawables?
W/Atlas   ( 1662): Pointer 0x0, not in getPreloadedDrawables?
W/Atlas   ( 1662): Pointer 0x0, not in getPreloadedDrawables?
W/Atlas   ( 1662): Pointer 0x0, not in getPreloadedDrawables?
W/Atlas   ( 1662): Pointer 0x0, not in getPreloadedDrawables?
W/Atlas   ( 1662): Pointer 0x0, not in getPreloadedDrawables?
W/Atlas   ( 1662): Pointer 0x0, not in getPreloadedDrawables?
W/Atlas   ( 1662): Pointer 0x0, not in getPreloadedDrawables?
W/Atlas   ( 1662): Pointer 0x0, not in getPreloadedDrawables?
W/Atlas   ( 1662): Pointer 0x0, not in getPreloadedDrawables?
W/Atlas   ( 1662): Pointer 0x0, not in getPreloadedDrawables?
W/Atlas   ( 1662): Pointer 0x0, not in getPreloadedDrawables?
W/Atlas   ( 1662): Pointer 0x0, not in getPreloadedDrawables?
W/Atlas   ( 1662): Pointer 0x0, not in getPreloadedDrawables?
W/Atlas   ( 1662): Pointer 0x0, not in getPreloadedDrawables?
W/Atlas   ( 1662): Pointer 0x0, not in getPreloadedDrawables?
W/Atlas   ( 1662): Pointer 0x0, not in getPreloadedDrawables?
W/Atlas   ( 1662): Pointer 0x0, not in getPreloadedDrawables?
W/Atlas   ( 1662): Pointer 0x0, not in getPreloadedDrawables?
W/Atlas   ( 1662): Pointer 0x0, not in getPreloadedDrawables?
W/Atlas   ( 1662): Pointer 0x0, not in getPreloadedDrawables?
W/Atlas   ( 1662): Pointer 0x0, not in getPreloadedDrawables?
W/Atlas   ( 1662): Pointer 0x0, not in getPreloadedDrawables?
W/Atlas   ( 1662): Pointer 0x0, not in getPreloadedDrawables?
W/Atlas   ( 1662): Pointer 0x0, not in getPreloadedDrawables?
W/Atlas   ( 1662): Pointer 0x0, not in getPreloadedDrawables?
W/Atlas   ( 1662): Pointer 0x0, not in getPreloadedDrawables?
W/Atlas   ( 1662): Pointer 0x0, not in getPreloadedDrawables?
W/Atlas   ( 1662): Pointer 0x0, not in getPreloadedDrawables?
W/Atlas   ( 1662): Pointer 0x0, not in getPreloadedDrawables?
W/Atlas   ( 1662): Pointer 0x0, not in getPreloadedDrawables?
W/Atlas   ( 1662): Pointer 0x0, not in getPreloadedDrawables?
W/Atlas   ( 1662): Pointer 0x0, not in getPreloadedDrawables?
W/Atlas   ( 1662): Pointer 0x0, not in getPreloadedDrawables?
W/Atlas   ( 1662): Pointer 0x0, not in getPreloadedDrawables?
W/Atlas   ( 1662): Pointer 0x0, not in getPreloadedDrawables?
W/Atlas   ( 1662): Pointer 0x0, not in getPreloadedDrawables?
W/Atlas   ( 1662): Pointer 0x0, not in getPreloadedDrawables?
W/Atlas   ( 1662): Pointer 0x0, not in getPreloadedDrawables?
W/Atlas   ( 1662): Pointer 0x0, not in getPreloadedDrawables?
W/Atlas   ( 1662): Pointer 0x0, not in getPreloadedDrawables?
W/Atlas   ( 1662): Pointer 0x0, not in getPreloadedDrawables?
W/Atlas   ( 1662): Pointer 0x0, not in getPreloadedDrawables?
W/Atlas   ( 1662): Pointer 0x0, not in getPreloadedDrawables?
W/Atlas   ( 1662): Pointer 0x0, not in getPreloadedDrawables?
W/Atlas   ( 1662): Pointer 0x0, not in getPreloadedDrawables?
W/Atlas   ( 1662): Pointer 0x0, not in getPreloadedDrawables?
W/Atlas   ( 1662): Pointer 0x0, not in getPreloadedDrawables?
W/Atlas   ( 1662): Pointer 0x0, not in getPreloadedDrawables?
W/Atlas   ( 1662): Pointer 0x0, not in getPreloadedDrawables?
W/Atlas   ( 1662): Pointer 0x0, not in getPreloadedDrawables?
W/Atlas   ( 1662): Pointer 0x0, not in getPreloadedDrawables?
W/Atlas   ( 1662): Pointer 0x0, not in getPreloadedDrawables?
W/Atlas   ( 1662): Pointer 0x0, not in getPreloadedDrawables?
W/Atlas   ( 1662): Pointer 0x0, not in getPreloadedDrawables?
W/Atlas   ( 1662): Pointer 0x0, not in getPreloadedDrawables?
W/Atlas   ( 1662): Pointer 0x0, not in getPreloadedDrawables?
W/Atlas   ( 1662): Pointer 0x0, not in getPreloadedDrawables?
W/Atlas   ( 1662): Pointer 0x0, not in getPreloadedDrawables?
W/Atlas   ( 1662): Pointer 0x0, not in getPreloadedDrawables?
W/Atlas   ( 1662): Pointer 0x0, not in getPreloadedDrawables?
W/Atlas   ( 1662): Pointer 0x0, not in getPreloadedDrawables?
W/Atlas   ( 1662): Pointer 0x0, not in getPreloadedDrawables?
W/Atlas   ( 1662): Pointer 0x0, not in getPreloadedDrawables?
W/Atlas   ( 1662): Pointer 0x0, not in getPreloadedDrawables?
W/Atlas   ( 1662): Pointer 0x0, not in getPreloadedDrawables?
W/Atlas   ( 1662): Pointer 0x0, not in getPreloadedDrawables?
W/Atlas   ( 1662): Pointer 0x0, not in getPreloadedDrawables?
W/Atlas   ( 1662): Pointer 0x0, not in getPreloadedDrawables?
W/Atlas   ( 1662): Pointer 0x0, not in getPreloadedDrawables?
W/Atlas   ( 1662): Pointer 0x0, not in getPreloadedDrawables?
W/Atlas   ( 1662): Pointer 0x0, not in getPreloadedDrawables?
W/Atlas   ( 1662): Pointer 0x0, not in getPreloadedDrawables?
W/Atlas   ( 1662): Pointer 0x0, not in getPreloadedDrawables?
W/Atlas   ( 1662): Pointer 0x0, not in getPreloadedDrawables?
W/Atlas   ( 1662): Pointer 0x0, not in getPreloadedDrawables?
W/Atlas   ( 1662): Pointer 0x0, not in getPreloadedDrawables?
W/Atlas   ( 1662): Pointer 0x0, not in getPreloadedDrawables?
W/Atlas   ( 1662): Pointer 0x0, not in getPreloadedDrawables?
W/Atlas   ( 1662): Pointer 0x0, not in getPreloadedDrawables?
W/Atlas   ( 1662): Pointer 0x0, not in getPreloadedDrawables?
W/Atlas   ( 1662): Pointer 0x0, not in getPreloadedDrawables?
W/Atlas   ( 1662): Pointer 0x0, not in getPreloadedDrawables?
W/Atlas   ( 1662): Pointer 0x0, not in getPreloadedDrawables?
W/Atlas   ( 1662): Pointer 0x0, not in getPreloadedDrawables?
W/Atlas   ( 1662): Pointer 0x0, not in getPreloadedDrawables?
W/Atlas   ( 1662): Pointer 0x0, not in getPreloadedDrawables?
W/Atlas   ( 1662): Pointer 0x0, not in getPreloadedDrawables?
W/Atlas   ( 1662): Pointer 0x0, not in getPreloadedDrawables?
W/Atlas   ( 1662): Pointer 0x0, not in getPreloadedDrawables?
W/Atlas   ( 1662): Pointer 0x0, not in getPreloadedDrawables?
W/Atlas   ( 1662): Pointer 0x0, not in getPreloadedDrawables?
W/Atlas   ( 1662): Pointer 0x0, not in getPreloadedDrawables?
W/Atlas   ( 1662): Pointer 0x0, not in getPreloadedDrawables?
W/Atlas   ( 1662): Pointer 0x0, not in getPreloadedDrawables?
W/Atlas   ( 1662): Pointer 0x0, not in getPreloadedDrawables?
W/Atlas   ( 1662): Pointer 0x0, not in getPreloadedDrawables?
W/Atlas   ( 1662): Pointer 0x0, not in getPreloadedDrawables?
W/Atlas   ( 1662): Pointer 0x0, not in getPreloadedDrawables?
W/Atlas   ( 1662): Pointer 0x0, not in getPreloadedDrawables?
W/Atlas   ( 1662): Pointer 0x0, not in getPreloadedDrawables?
W/Atlas   ( 1662): Pointer 0x0, not in getPreloadedDrawables?
W/Atlas   ( 1662): Pointer 0x0, not in getPreloadedDrawables?
W/Atlas   ( 1662): Pointer 0x0, not in getPreloadedDrawables?
W/Atlas   ( 1662): Pointer 0x0, not in getPreloadedDrawables?
D/PhoneStatusBar( 1662): disable: < expand icons alerts system_info back home recent clock search >
D/BluetoothAdapter( 1662): 1067442196: getState() :  mService = null. Returning STATE_OFF
D/BluetoothAdapter( 1662): 1067442196: getState() :  mService = null. Returning STATE_OFF
D/PhoneStatusBar( 1662): heads up is enabled
I/Choreographer( 1662): Skipped 67 frames!  The application may be doing too much work on its main thread.
D/ViewRootImpl( 1662): changeCanvasOpacity: opaque=true
D/AppAutoUpdateService( 1974): Create state flag file true
D/AppAutoUpdateService( 1974): AppAutoUpdateService onCreate
I/appstore( 1974): start load update info
I/HostConnection( 1662): HostConnection::HostConnection: pid=1662, tid=2009, this=0xb3f60e20
I/        ( 1662): fastpipe: Connect success
D/HostConnection( 1662): HostRPC::connect sucess: app=com.android.systemui, pid=1662, tid=2009, this=0xa3160000
D/HostConnection( 1662): queryAndSetGLESMaxVersion select gles-version: 2.0 hostGLVersion:31 process:com.android.systemui
I/OpenGLRenderer( 1662): Initialized EGL, version 1.4
I/EGL_adreno( 1662): eglCreateContext request GLES major-version=2
D/EGL_adreno( 1662): eglCreateContext: 0xb3ffea60: maj 2 min 0 rcv 2
D/EGL_adreno( 1662): eglMakeCurrent: 0xb3ffea60: ver 2 0 (tinfo 0xb3fffa40)
D/HostConnection( 1662): ExtendedRCEncoderContext GL_VERSION return OpenGL ES 2.0 (3.1.0 - Build 9.17.10.4229)
D/OpenGLRenderer( 1662): Enabling debug mode 0
E/EGL_adreno( 1662): tid 2009: eglSurfaceAttrib(1266): error 0x3009 (EGL_BAD_MATCH)
W/OpenGLRenderer( 1662): Failed to set EGL_SWAP_BEHAVIOR on surface 0xa314d620, error=EGL_BAD_MATCH
D/EGL_adreno( 1662): eglMakeCurrent: 0xb3ffea60: ver 2 0 (tinfo 0xb3fffa40)
I/HostConnection( 1361): HostConnection::HostConnection: pid=1361, tid=1619, this=0xb69ddb50
I/        ( 1361): fastpipe: Connect success
D/HostConnection( 1361): HostRPC::connect sucess: app=/system/bin/surfaceflinger, pid=1361, tid=1619, this=0xb6b00000
D/HostConnection( 1361): queryAndSetGLESMaxVersion select gles-version: 2.0 hostGLVersion:31 process:/system/bin/surfaceflinger
D/AppAutoUpdateService( 1974): AppAutoUpdateService onDestroy
D/skia    ( 1662): --- decoder->decode returned false
D/OpenGLRenderer( 1912): Use EGL_SWAP_BEHAVIOR_PRESERVED: true
I/gralloc_x86( 1912): --denglibo-- fallback_init, force return by denglibo
I/HostConnection( 1912): HostConnection::HostConnection: pid=1912, tid=1912, this=0xb3faa650
I/        ( 1912): fastpipe: Connect success
D/HostConnection( 1912): HostRPC::connect sucess: app=com.android.launcher3, pid=1912, tid=1912, this=0xb3fea000
D/HostConnection( 1912): queryAndSetGLESMaxVersion select gles-version: 2.0 hostGLVersion:31 process:com.android.launcher3
I/        ( 1912): fastpipe: Connect success
D/HostConnection( 1912): recv ProcessPuidReply name=com.android.launcher3 puid=4
D/Atlas   ( 1912): Validating map...
W/Atlas   ( 1912): Pointer 0x0, not in getPreloadedDrawables?
W/Atlas   ( 1912): Pointer 0x0, not in getPreloadedDrawables?
W/Atlas   ( 1912): Pointer 0x0, not in getPreloadedDrawables?
W/Atlas   ( 1912): Pointer 0x0, not in getPreloadedDrawables?
W/Atlas   ( 1912): Pointer 0x0, not in getPreloadedDrawables?
W/Atlas   ( 1912): Pointer 0x0, not in getPreloadedDrawables?
W/Atlas   ( 1912): Pointer 0x0, not in getPreloadedDrawables?
W/Atlas   ( 1912): Pointer 0x0, not in getPreloadedDrawables?
W/Atlas   ( 1912): Pointer 0x0, not in getPreloadedDrawables?
W/Atlas   ( 1912): Pointer 0x0, not in getPreloadedDrawables?
W/Atlas   ( 1912): Pointer 0x0, not in getPreloadedDrawables?
W/Atlas   ( 1912): Pointer 0x0, not in getPreloadedDrawables?
W/Atlas   ( 1912): Pointer 0x0, not in getPreloadedDrawables?
W/Atlas   ( 1912): Pointer 0x0, not in getPreloadedDrawables?
W/Atlas   ( 1912): Pointer 0x0, not in getPreloadedDrawables?
W/Atlas   ( 1912): Pointer 0x0, not in getPreloadedDrawables?
W/Atlas   ( 1912): Pointer 0x0, not in getPreloadedDrawables?
W/Atlas   ( 1912): Pointer 0x0, not in getPreloadedDrawables?
W/Atlas   ( 1912): Pointer 0x0, not in getPreloadedDrawables?
W/Atlas   ( 1912): Pointer 0x0, not in getPreloadedDrawables?
W/Atlas   ( 1912): Pointer 0x0, not in getPreloadedDrawables?
W/Atlas   ( 1912): Pointer 0x0, not in getPreloadedDrawables?
W/Atlas   ( 1912): Pointer 0x0, not in getPreloadedDrawables?
W/Atlas   ( 1912): Pointer 0x0, not in getPreloadedDrawables?
W/Atlas   ( 1912): Pointer 0x0, not in getPreloadedDrawables?
W/Atlas   ( 1912): Pointer 0x0, not in getPreloadedDrawables?
W/Atlas   ( 1912): Pointer 0x0, not in getPreloadedDrawables?
W/Atlas   ( 1912): Pointer 0x0, not in getPreloadedDrawables?
W/Atlas   ( 1912): Pointer 0x0, not in getPreloadedDrawables?
W/Atlas   ( 1912): Pointer 0x0, not in getPreloadedDrawables?
W/Atlas   ( 1912): Pointer 0x0, not in getPreloadedDrawables?
W/Atlas   ( 1912): Pointer 0x0, not in getPreloadedDrawables?
W/Atlas   ( 1912): Pointer 0x0, not in getPreloadedDrawables?
W/Atlas   ( 1912): Pointer 0x0, not in getPreloadedDrawables?
W/Atlas   ( 1912): Pointer 0x0, not in getPreloadedDrawables?
W/Atlas   ( 1912): Pointer 0x0, not in getPreloadedDrawables?
W/Atlas   ( 1912): Pointer 0x0, not in getPreloadedDrawables?
W/Atlas   ( 1912): Pointer 0x0, not in getPreloadedDrawables?
W/Atlas   ( 1912): Pointer 0x0, not in getPreloadedDrawables?
W/Atlas   ( 1912): Pointer 0x0, not in getPreloadedDrawables?
W/Atlas   ( 1912): Pointer 0x0, not in getPreloadedDrawables?
W/Atlas   ( 1912): Pointer 0x0, not in getPreloadedDrawables?
W/Atlas   ( 1912): Pointer 0x0, not in getPreloadedDrawables?
W/Atlas   ( 1912): Pointer 0x0, not in getPreloadedDrawables?
W/Atlas   ( 1912): Pointer 0x0, not in getPreloadedDrawables?
W/Atlas   ( 1912): Pointer 0x0, not in getPreloadedDrawables?
W/Atlas   ( 1912): Pointer 0x0, not in getPreloadedDrawables?
W/Atlas   ( 1912): Pointer 0x0, not in getPreloadedDrawables?
W/Atlas   ( 1912): Pointer 0x0, not in getPreloadedDrawables?
W/Atlas   ( 1912): Pointer 0x0, not in getPreloadedDrawables?
W/Atlas   ( 1912): Pointer 0x0, not in getPreloadedDrawables?
W/Atlas   ( 1912): Pointer 0x0, not in getPreloadedDrawables?
W/Atlas   ( 1912): Pointer 0x0, not in getPreloadedDrawables?
W/Atlas   ( 1912): Pointer 0x0, not in getPreloadedDrawables?
W/Atlas   ( 1912): Pointer 0x0, not in getPreloadedDrawables?
W/Atlas   ( 1912): Pointer 0x0, not in getPreloadedDrawables?
W/Atlas   ( 1912): Pointer 0x0, not in getPreloadedDrawables?
W/Atlas   ( 1912): Pointer 0x0, not in getPreloadedDrawables?
W/Atlas   ( 1912): Pointer 0x0, not in getPreloadedDrawables?
W/Atlas   ( 1912): Pointer 0x0, not in getPreloadedDrawables?
W/Atlas   ( 1912): Pointer 0x0, not in getPreloadedDrawables?
W/Atlas   ( 1912): Pointer 0x0, not in getPreloadedDrawables?
W/Atlas   ( 1912): Pointer 0x0, not in getPreloadedDrawables?
W/Atlas   ( 1912): Pointer 0x0, not in getPreloadedDrawables?
W/Atlas   ( 1912): Pointer 0x0, not in getPreloadedDrawables?
W/Atlas   ( 1912): Pointer 0x0, not in getPreloadedDrawables?
W/Atlas   ( 1912): Pointer 0x0, not in getPreloadedDrawables?
W/Atlas   ( 1912): Pointer 0x0, not in getPreloadedDrawables?
W/Atlas   ( 1912): Pointer 0x0, not in getPreloadedDrawables?
W/Atlas   ( 1912): Pointer 0x0, not in getPreloadedDrawables?
W/Atlas   ( 1912): Pointer 0x0, not in getPreloadedDrawables?
W/Atlas   ( 1912): Pointer 0x0, not in getPreloadedDrawables?
W/Atlas   ( 1912): Pointer 0x0, not in getPreloadedDrawables?
W/Atlas   ( 1912): Pointer 0x0, not in getPreloadedDrawables?
W/Atlas   ( 1912): Pointer 0x0, not in getPreloadedDrawables?
W/Atlas   ( 1912): Pointer 0x0, not in getPreloadedDrawables?
W/Atlas   ( 1912): Pointer 0x0, not in getPreloadedDrawables?
W/Atlas   ( 1912): Pointer 0x0, not in getPreloadedDrawables?
W/Atlas   ( 1912): Pointer 0x0, not in getPreloadedDrawables?
W/Atlas   ( 1912): Pointer 0x0, not in getPreloadedDrawables?
W/Atlas   ( 1912): Pointer 0x0, not in getPreloadedDrawables?
W/Atlas   ( 1912): Pointer 0x0, not in getPreloadedDrawables?
W/Atlas   ( 1912): Pointer 0x0, not in getPreloadedDrawables?
W/Atlas   ( 1912): Pointer 0x0, not in getPreloadedDrawables?
W/Atlas   ( 1912): Pointer 0x0, not in getPreloadedDrawables?
W/Atlas   ( 1912): Pointer 0x0, not in getPreloadedDrawables?
W/Atlas   ( 1912): Pointer 0x0, not in getPreloadedDrawables?
W/Atlas   ( 1912): Pointer 0x0, not in getPreloadedDrawables?
W/Atlas   ( 1912): Pointer 0x0, not in getPreloadedDrawables?
W/Atlas   ( 1912): Pointer 0x0, not in getPreloadedDrawables?
W/Atlas   ( 1912): Pointer 0x0, not in getPreloadedDrawables?
W/Atlas   ( 1912): Pointer 0x0, not in getPreloadedDrawables?
W/Atlas   ( 1912): Pointer 0x0, not in getPreloadedDrawables?
W/Atlas   ( 1912): Pointer 0x0, not in getPreloadedDrawables?
W/Atlas   ( 1912): Pointer 0x0, not in getPreloadedDrawables?
W/Atlas   ( 1912): Pointer 0x0, not in getPreloadedDrawables?
W/Atlas   ( 1912): Pointer 0x0, not in getPreloadedDrawables?
W/Atlas   ( 1912): Pointer 0x0, not in getPreloadedDrawables?
W/Atlas   ( 1912): Pointer 0x0, not in getPreloadedDrawables?
W/Atlas   ( 1912): Pointer 0x0, not in getPreloadedDrawables?
W/Atlas   ( 1912): Pointer 0x0, not in getPreloadedDrawables?
W/Atlas   ( 1912): Pointer 0x0, not in getPreloadedDrawables?
W/Atlas   ( 1912): Pointer 0x0, not in getPreloadedDrawables?
W/Atlas   ( 1912): Pointer 0x0, not in getPreloadedDrawables?
W/Atlas   ( 1912): Pointer 0x0, not in getPreloadedDrawables?
W/Atlas   ( 1912): Pointer 0x0, not in getPreloadedDrawables?
W/Atlas   ( 1912): Pointer 0x0, not in getPreloadedDrawables?
W/Atlas   ( 1912): Pointer 0x0, not in getPreloadedDrawables?
W/Atlas   ( 1912): Pointer 0x0, not in getPreloadedDrawables?
W/Atlas   ( 1912): Pointer 0x0, not in getPreloadedDrawables?
