D/HostConnection( 1361): HostRPC::connect sucess: app=/system/bin/surfaceflinger, pid=1361, tid=2007, this=0xb6b00000
D/HostConnection( 1361): queryAndSetGLESMaxVersion select gles-version: 2.0 hostGLVersion:31 process:/system/bin/surfaceflinger
D/HostConnection( 1657): ExtendedRCEncoderContext GL_VERSION return OpenGL ES 2.0 (3.1.0 - Build 9.17.10.4229)
D/OpenGLRenderer( 1657): Enabling debug mode 0
D/AppAutoUpdateService( 1968): AppAutoUpdateService onDestroy
D/AdHotSeatView( 1916): resetLayout
E/EGL_adreno( 1657): tid 2004: eglSurfaceAttrib(1266): error 0x3009 (EGL_BAD_MATCH)
W/OpenGLRenderer( 1657): Failed to set EGL_SWAP_BEHAVIOR on surface 0xa314e760, error=EGL_BAD_MATCH
D/EGL_adreno( 1657): eglMakeCurrent: 0xb3fff8e0: ver 2 0 (tinfo 0xa300dac0)
I/HostConnection( 1361): HostConnection::HostConnection: pid=1361, tid=1923, this=0xb6037290
I/        ( 1361): fastpipe: Connect success
D/HostConnection( 1361): HostRPC::connect sucess: app=/system/bin/surfaceflinger, pid=1361, tid=1923, this=0xb615e000
D/HostConnection( 1361): queryAndSetGLESMaxVersion select gles-version: 2.0 hostGLVersion:31 process:/system/bin/surfaceflinger
W/Launcher( 1916): setApplicationContext called twice! old=com.android.launcher3.LauncherApplication@127e4a14 new=com.android.launcher3.LauncherApplication@127e4a14
D/Launcher( 1916): 11683562 - bindAddScreens()
D/Launcher( 1916): 11683562 -   orderedScreenIds: 3
D/Launcher.Workspace( 1916): 11683562 - insertNewWorkspaceScreen(): 3 at index: 0
I/ActivityManager( 1534): Displayed com.android.launcher3/.Launcher: +1s911ms
V/KeyguardServiceDelegate( 1534): *** Keyguard started
W/KeyguardServiceDelegate( 1534): onScreenTurnedOn(): no keyguard service!
D/sensor_ld( 1534): cb_activate handle=0 enabled=1
D/sensor_ld( 1534): cb_setDelay handle=0 delay-ns=66667000
W/WindowManager( 1534): Attempted to add wallpaper window with unknown token android.os.Binder@31912116.  Aborting.
W/WallpaperService( 1657): Failed to add window while updating wallpaper surface.
D/WifiService( 1534): New client listening to asynchronous messages
I/EGL_adreno( 1657): eglCreateContext request GLES major-version=2
D/EGL_adreno( 1657): eglCreateContext: 0xb3e40700: maj 2 min 0 rcv 2
D/EGL_adreno( 1657): eglMakeCurrent: 0xb3e40700: ver 2 0 (tinfo 0xa300db00)
V/RenderScript( 1916): 0xb3db2000 Launching thread(s), CPUs 2
D/EGL_adreno( 1657): eglMakeCurrent: 0xb3e40700: ver 2 0 (tinfo 0xa300db00)
W/BackupManagerService( 1534): dataChanged but no participant pkg='com.android.launcher3' uid=10020
W/BackupManagerService( 1534): dataChanged but no participant pkg='com.android.launcher3' uid=10020
W/BackupManagerService( 1534): dataChanged but no participant pkg='com.android.launcher3' uid=10020
W/BackupManagerService( 1534): dataChanged but no participant pkg='com.android.launcher3' uid=10020
W/BackupManagerService( 1534): dataChanged but no participant pkg='com.android.launcher3' uid=10020
W/BackupManagerService( 1534): dataChanged but no participant pkg='com.android.launcher3' uid=10020
W/BackupManagerService( 1534): dataChanged but no participant pkg='com.android.launcher3' uid=10020
W/BackupManagerService( 1534): dataChanged but no participant pkg='com.android.launcher3' uid=10020
W/PropertyValuesHolder( 1657): Method setAlpha() with type float not found on target class class android.graphics.drawable.VectorDrawable$VGroup
I/Choreographer( 1657): Skipped 35 frames!  The application may be doing too much work on its main thread.
D/OpenGLRenderer( 1657): setting property extraRasterBucket to 0.95
D/OpenGLRenderer( 1657):     failed
D/OpenGLRenderer( 1657): setting property extraRasterBucket to 0.0
D/OpenGLRenderer( 1657):     failed
W/WindowManager( 1534): Window freeze timeout expired.
W/WindowManager( 1534): Force clearing orientation change: Window{da55038 u0 StatusBar}
D/AdHotSeat( 1916): getAdData.
V/KeyguardServiceDelegate( 1534): *** Keyguard connected (yay!)
W/WindowManager( 1534): Attempted to add wallpaper window with unknown token android.os.Binder@31912116.  Aborting.
W/WallpaperService( 1657): Failed to add window while updating wallpaper surface.
V/KeyguardServiceDelegate( 1534): **** SHOWN CALLED ****
I/SurfaceFlinger( 1361): Boot is finished (13297 ms)
I/SurfaceFlinger( 1361): denglibo-bootNotifynotify host the android boot success!
I/        ( 1361): fastpipe: close connect
D/PhoneStatusBar( 1657): disable: < expand* icons alerts system_info back* home* recent* clock search* >
D/AdHotSeat( 1916): getModelsFromData.
D/AdHotSeat( 1916): getModelsFromData.
E/installd( 1368): Unable to unlink boot marker at /data/dalvik-cache/arm/.booting, error=No such file or directory
E/ActivityManager( 1534): Unable to mark boot complete for abi: armeabi-v7a
I/SystemServiceManager( 1534): Starting phase 1000
D/AdHotSeatView( 1916): updateIconButton.
I/PackageManager( 1534): Package doesn't exist in get block uninstall com.android.good.miner
D/BluetoothManagerService( 1534): Auto-enabling Bluetooth.
D/BluetoothManagerService( 1534): Retrieving Bluetooth Adapter name and address...
D/BluetoothManagerService( 1534): getNameAndAddress(): mBluetooth = null mBinding = false
D/BluetoothManagerService( 1534): Message: 1
D/BluetoothManagerService( 1534): MESSAGE_ENABLE: mBluetooth = null
E/BluetoothManagerService( 1534): Fail to bind to: Intent { act=android.bluetooth.IBluetooth }
D/BluetoothManagerService( 1534): Message: 200
D/BluetoothManagerService( 1534): MESSAGE_GET_NAME_AND_ADDRESS
D/BluetoothManagerService( 1534): Binding to service to get name and address
E/BluetoothManagerService( 1534): Fail to bind to: Intent { act=android.bluetooth.IBluetooth }
I/ActivityManager( 1534): Start proc 2018:com.android.keychain/1000 for service com.android.keychain/.KeyChainService
I/HostConnection( 1534): HostConnection::HostConnection: pid=1534, tid=1563, this=0xb3dda060
I/        ( 1534): fastpipe: Connect success
D/HostConnection( 1534): HostRPC::connect sucess: app=system_server, pid=1534, tid=1563, this=0xa0c26000
D/HostConnection( 1534): queryAndSetGLESMaxVersion select gles-version: 2.0 hostGLVersion:31 process:system_server
I/RecoverySystem( 1534): No recovery log file
W/PackageManager( 1534): Package named 'com.android.good.miner' doesn't exist.
D/libnativebridge( 2018): call UnloadNativeBridge! state=1
I/AppiumUnicodeIME( 1718): onFinishInput
I/AppiumUnicodeIME( 1718): onStartInput
I/BootReceiver( 1534): Copying audit failures to DropBox
I/BootReceiver( 1534): Checking for fsck errors
I/art     ( 1534): Explicit concurrent mark sweep GC freed 3359(199KB) AllocSpace objects, 0(0B) LOS objects, 33% free, 12MB/18MB, paused 2.188ms total 202.849ms
I/EmuCoreService( 1871): uninstall failed
I/ldinit  ( 1428): denglibo: detect sys.boot_completed!
D/NetlinkEvent( 1363): denglibo NetlinkEvent::parseIfInfoMessage IFLA_IFNAME: INTERFACE=eth0 action=up
D/NetlinkEvent( 1363): denglibo NetlinkEvent::parseIfInfoMessage IFLA_IFNAME: INTERFACE=eth0 action=up
D/NetlinkEvent( 1363): denglibo NetlinkEvent::parseIfInfoMessage IFLA_IFNAME: INTERFACE=eth0 action=up
D/EthernetNetworkFactory( 1534): updateInterface: eth0 link up
I/ldinit  ( 1428): denglibo: wait for idle(500ms)...
I/EthernetNetworkFactory( 1534): Updating mNetworkAgent with: [ Transports: ETHERNET Capabilities: INTERNET&NOT_RESTRICTED&TRUSTED&NOT_VPN LinkUpBandwidth>=100000Kbps LinkDnBandwidth>=100000Kbps], [type: Ethernet[], state: CONNECTED/CONNECTED, reason: (unspecified), extra: 00:db:8c:06:c6:ba, roaming: false, failover: false, isAvailable: true, isConnectedToProvisioningNetwork: false], {InterfaceName: eth0 LinkAddresses: [172.16.2.15/24,]  Routes: [172.16.2.0/24 -> 0.0.0.0 eth0,0.0.0.0/0 -> 172.16.2.2 eth0,] DnsAddresses: [202.96.134.133,202.96.128.166,] Domains:  MTU: 0 TcpBufferSizes: 524288,1048576,3145728,524288,1048576,2097152}
D/EthernetNetworkFactory( 1534): updateInterface: eth0 link up
I/EthernetNetworkFactory( 1534): Updating mNetworkAgent with: [ Transports: ETHERNET Capabilities: INTERNET&NOT_RESTRICTED&TRUSTED&NOT_VPN LinkUpBandwidth>=100000Kbps LinkDnBandwidth>=100000Kbps], [type: Ethernet[], state: CONNECTED/CONNECTED, reason: (unspecified), extra: 00:db:8c:06:c6:ba, roaming: false, failover: false, isAvailable: true, isConnectedToProvisioningNetwork: false], {InterfaceName: eth0 LinkAddresses: [172.16.2.15/24,]  Routes: [172.16.2.0/24 -> 0.0.0.0 eth0,0.0.0.0/0 -> 172.16.2.2 eth0,] DnsAddresses: [202.96.134.133,202.96.128.166,] Domains:  MTU: 0 TcpBufferSizes: 524288,1048576,3145728,524288,1048576,2097152}
D/EthernetNetworkFactory( 1534): updateInterface: eth0 link up
D/ConnectivityService( 1534): updateNetworkScore for NetworkAgentInfo [Ethernet () - 100] to 50
D/ConnectivityService( 1534): rematching NetworkAgentInfo [Ethernet () - 100]
D/ConnectivityService( 1534): Network NetworkAgentInfo [Ethernet () - 100] was already satisfying request 1. No change.
D/ConnectivityService( 1534): notifyType AVAILABLE for NetworkAgentInfo [Ethernet () - 100]
I/EthernetNetworkFactory( 1534): Updating mNetworkAgent with: [ Transports: ETHERNET Capabilities: INTERNET&NOT_RESTRICTED&TRUSTED&NOT_VPN LinkUpBandwidth>=100000Kbps LinkDnBandwidth>=100000Kbps], [type: Ethernet[], state: CONNECTED/CONNECTED, reason: (unspecified), extra: 00:db:8c:06:c6:ba, roaming: false, failover: false, isAvailable: true, isConnectedToProvisioningNetwork: false], {InterfaceName: eth0 LinkAddresses: [172.16.2.15/24,]  Routes: [172.16.2.0/24 -> 0.0.0.0 eth0,0.0.0.0/0 -> 172.16.2.2 eth0,] DnsAddresses: [202.96.134.133,202.96.128.166,] Domains:  MTU: 0 TcpBufferSizes: 524288,1048576,3145728,524288,1048576,2097152}
D/ConnectivityService( 1534): updateNetworkScore for NetworkAgentInfo [Ethernet () - 100] to 50
D/ConnectivityService( 1534): rematching NetworkAgentInfo [Ethernet () - 100]
D/ConnectivityService( 1534): Network NetworkAgentInfo [Ethernet () - 100] was already satisfying request 1. No change.
D/ConnectivityService( 1534): notifyType AVAILABLE for NetworkAgentInfo [Ethernet () - 100]
D/ConnectivityService( 1534): updateNetworkScore for NetworkAgentInfo [Ethernet () - 100] to 50
D/ConnectivityService( 1534): rematching NetworkAgentInfo [Ethernet () - 100]
D/ConnectivityService( 1534): Network NetworkAgentInfo [Ethernet () - 100] was already satisfying request 1. No change.
D/ConnectivityService( 1534): notifyType AVAILABLE for NetworkAgentInfo [Ethernet () - 100]
D/ConnectivityManager.CallbackHandler( 1657): CM callback handler got msg 524290
D/ConnectivityManager.CallbackHandler( 1657): CM callback handler got msg 524290
D/ConnectivityManager.CallbackHandler( 1657): CM callback handler got msg 524290
V/KeyguardUpdateMonitor( 1657): action android.intent.action.SIM_STATE_CHANGED state: NOT_READY slotId: 0 subid: -2
D/KeyguardUpdateMonitor( 1657): handleSimStateChange(subId=-2, slotId=0, state=UNKNOWN)
W/KeyguardUpdateMonitor( 1657): invalid subId in handleSimStateChange()
E/DcSwitchStateMachine-0( 1887): DctController is not ready
E/ConnectivityService( 1534): Failed to find Messenger in unregisterNetworkFactory
D/ConnectivityService( 1534): Got NetworkFactory Messenger for Telephony
D/BluetoothManagerService( 1534): Message: 20
D/BluetoothManagerService( 1534): Added callback: android.bluetooth.IBluetoothManagerCallback$Stub$Proxy@7845ea5:true
D/BluetoothManagerService( 1534): Message: 30
D/BluetoothManagerService( 1534): Creating new ProfileServiceConnections object for profile: 1
E/BluetoothManagerService( 1534): Fail to bind to: Intent { act=android.bluetooth.IBluetoothHeadset }
W/BluetoothManagerService( 1534): Unable to bind with intent: Intent { act=android.bluetooth.IBluetoothHeadset }
I/Telephony( 1887): TtyManager: updateUiTtyMode -1 -> 0
V/KeyguardUpdateMonitor( 1657): onSubscriptionInfoChanged()
D/WIFI    ( 1534): Registering NetworkFactory
D/WIFI_UT ( 1534): Registering NetworkFactory
D/ConnectivityService( 1534): Got NetworkFactory Messenger for WIFI
D/ConnectivityService( 1534): Got NetworkFactory Messenger for WIFI_UT
D/WIFI    ( 1534): got request NetworkRequest [ id=1, legacyType=-1, [ Capabilities: INTERNET&NOT_RESTRICTED&TRUSTED&NOT_VPN] ] with score 50
D/WIFI_UT ( 1534): got request NetworkRequest [ id=1, legacyType=-1, [ Capabilities: INTERNET&NOT_RESTRICTED&TRUSTED&NOT_VPN] ] with score 50
V/KeyguardUpdateMonitor( 1657): onSubscriptionInfoChanged: list is null
I/ActivityManager( 1534): Start proc 2054:com.android.providers.calendar/u0a0 for broadcast com.android.providers.calendar/.CalendarReceiver
D/GpsLocationProvider( 1534): received SIM realted action: 
D/GpsLocationProvider( 1534): SIM MCC/MNC is available: 46000
D/GpsLocationProvider( 1534): Reset GPS properties, previous size = 8
D/GpsLocationProvider( 1534): GpsParamsResource: SUPL_HOST=supl.google.com
D/GpsLocationProvider( 1534): GpsParamsResource: SUPL_PORT=7275
D/GpsLocationProvider( 1534): GpsParamsResource: NTP_SERVER=north-america.pool.ntp.org
D/GpsLocationProvider( 1534): GpsParamsResource: SUPL_VER=0x20000
D/GpsLocationProvider( 1534): GpsParamsResource: SUPL_MODE=1
W/GpsLocationProvider( 1534): Could not open GPS configuration file /etc/gps.ld.conf
D/GpsLocationProvider( 1534): GPS properties reloaded, size = 8
E/GpsLocationProvider( 1534): no AGPS interface in set_agps_server
E/GpsLocationProvider( 1534): no GPS configuration interface in configuraiton_update
D/GpsLocationProvider( 1534): final config = #Tue Jul 31 08:58:38 GMT+08:00 2018
D/GpsLocationProvider( 1534): SUPL_VER=0x20000
D/GpsLocationProvider( 1534): SUPL_HOST=supl.google.com
D/GpsLocationProvider( 1534): XTRA_SERVER_3=http\://xtra3.gpsonextra.net/xtra.bin
D/GpsLocationProvider( 1534): XTRA_SERVER_1=http\://xtra1.gpsonextra.net/xtra.bin
D/GpsLocationProvider( 1534): SUPL_PORT=7275
D/GpsLocationProvider( 1534): XTRA_SERVER_2=http\://xtra2.gpsonextra.net/xtra.bin
D/GpsLocationProvider( 1534): NTP_SERVER=north-america.pool.ntp.org
D/GpsLocationProvider( 1534): SUPL_MODE=1
D/libnativebridge( 2054): call UnloadNativeBridge! state=1
W/ResourcesManager( 2054): Asset path '/system/framework/android.test.runner.jar' does not exist or contains no resources.
D/TelephonyDebugService( 1887): TelephonyDebugService()
I/CalendarProvider2( 2054): Created com.android.providers.calendar.CalendarAlarmManager@16bf3c67(com.android.providers.calendar.CalendarProvider2@127e4a14)
D/WifiService( 1534): New client listening to asynchronous messages
I/Telephony( 1887): PstnIncomingCallNotifier: Registering: Handler (com.android.internal.telephony.gsm.GSMPhone) {3ea95541}
I/ldinit  ( 1428): denglibo: exce tast...
I/ldinit  ( 1428): denglibo: on_boot_finish exce finish!
I/EmuCoreService( 1871): Broadcast action = android.intent.action.BOOT_COMPLETED
I/EmuCoreService( 1871): HostService Init inited = true
I/EmuCoreService( 1871): CoreService On Boot Complete !
D/SIP     ( 1887): [SipSharedPreferences] isReceivingCallsEnabled, option not set; use default value, exception: android.provider.Settings$SettingNotFoundException: sip_receive_calls
E/SQLiteLog( 1696): (283) recovered 82 frames from WAL file /data/data/com.android.providers.media/databases/internal.db-wal
W/MediaScanner( 1696): Error opening directory '/oem/media/', skipping: No such file or directory.
W/MediaScanner( 1696): Error opening directory '/storage/sdcard1/', skipping: Permission denied.
W/MediaScanner( 1696): Error opening directory '/storage/usb0/', skipping: Permission denied.
W/MediaScanner( 1696): Error opening directory '/storage/usb1/', skipping: Permission denied.
W/MediaScanner( 1696): Error opening directory '/storage/usb2/', skipping: Permission denied.
W/MediaScanner( 1696): Error opening directory '/storage/usb3/', skipping: Permission denied.
I/CalendarProvider2( 2054): Sending notification intent: Intent { act=android.intent.action.PROVIDER_CHANGED dat=content://com.android.calendar }
W/ContentResolver( 2054): Failed to get type for: content://com.android.calendar (Unknown URL content://com.android.calendar)
E/SQLiteLog( 2054): (284) automatic index on view_events(_id)
D/AudioTrack( 1534): use orig AudioTrack! mIsTimed=0 transferType=0 flags=4
D/ld_audio_hw( 1367): ld_start_output_stream, stream=0xb584a660, sampleRate =44100, channel=2, bps=16, bufSize=2048
D/AudioTrack( 1534): use orig AudioTrack! mIsTimed=0 transferType=0 flags=4
I/ActivityManager( 1534): START u0 {act=android.intent.action.MAIN cat=[android.intent.category.LAUNCHER] flg=0x10200000 cmp=com.android.settings/.Settings bnds=[35,95][143,214] (has extras)} from uid 10020 on display 0
V/WindowManager( 1534): addAppToken: AppWindowToken{27950ace token=Token{3e0e03c9 ActivityRecord{2fb9a7d0 u0 com.android.settings/.Settings t2}}} to stack=1 task=2 at 0
I/EmuCoreService( 1871): Broadcast action = android.intent.action.TOP_ACTIVITY_CHANGED
I/EmuCoreService( 1871): HostService Init inited = true
V/WindowManager( 1534): Adding window Window{cba4be7 u0 Starting com.android.settings} at 2 of 5 (after Window{346659dd u0 com.android.launcher3/com.android.launcher3.Launcher})
I/ActivityManager( 1534): Start proc 2084:com.android.settings/1000 for activity com.android.settings/.Settings
D/libnativebridge( 2084): call UnloadNativeBridge! state=1
D/EGL_adreno( 1916): eglMakeCurrent: 0xb3edd220: ver 2 0 (tinfo 0xb3f2c7b0)
I/IndexDatabaseHelper( 2084): Using schema version: 115
I/IndexDatabaseHelper( 2084): Index is fine
D/OpenGLRenderer( 2084): Use EGL_SWAP_BEHAVIOR_PRESERVED: true
I/gralloc_x86( 2084): --denglibo-- fallback_init, force return by denglibo
I/HostConnection( 2084): HostConnection::HostConnection: pid=2084, tid=2084, this=0xb3f05e70
I/        ( 2084): fastpipe: Connect success
D/HostConnection( 2084): HostRPC::connect sucess: app=com.android.settings, pid=2084, tid=2084, this=0xb3f88000
D/HostConnection( 2084): queryAndSetGLESMaxVersion select gles-version: 2.0 hostGLVersion:31 process:com.android.settings
I/        ( 2084): fastpipe: Connect success
D/HostConnection( 2084): recv ProcessPuidReply name=com.android.settings puid=5
D/Atlas   ( 2084): Validating map...
W/Atlas   ( 2084): Pointer 0x0, not in getPreloadedDrawables?
W/Atlas   ( 2084): Pointer 0x0, not in getPreloadedDrawables?
W/Atlas   ( 2084): Pointer 0x0, not in getPreloadedDrawables?
W/Atlas   ( 2084): Pointer 0x0, not in getPreloadedDrawables?
W/Atlas   ( 2084): Pointer 0x0, not in getPreloadedDrawables?
W/Atlas   ( 2084): Pointer 0x0, not in getPreloadedDrawables?
W/Atlas   ( 2084): Pointer 0x0, not in getPreloadedDrawables?
W/Atlas   ( 2084): Pointer 0x0, not in getPreloadedDrawables?
W/Atlas   ( 2084): Pointer 0x0, not in getPreloadedDrawables?
W/Atlas   ( 2084): Pointer 0x0, not in getPreloadedDrawables?
W/Atlas   ( 2084): Pointer 0x0, not in getPreloadedDrawables?
W/Atlas   ( 2084): Pointer 0x0, not in getPreloadedDrawables?
W/Atlas   ( 2084): Pointer 0x0, not in getPreloadedDrawables?
W/Atlas   ( 2084): Pointer 0x0, not in getPreloadedDrawables?
W/Atlas   ( 2084): Pointer 0x0, not in getPreloadedDrawables?
W/Atlas   ( 2084): Pointer 0x0, not in getPreloadedDrawables?
W/Atlas   ( 2084): Pointer 0x0, not in getPreloadedDrawables?
W/Atlas   ( 2084): Pointer 0x0, not in getPreloadedDrawables?
W/Atlas   ( 2084): Pointer 0x0, not in getPreloadedDrawables?
W/Atlas   ( 2084): Pointer 0x0, not in getPreloadedDrawables?
W/Atlas   ( 2084): Pointer 0x0, not in getPreloadedDrawables?
W/Atlas   ( 2084): Pointer 0x0, not in getPreloadedDrawables?
W/Atlas   ( 2084): Pointer 0x0, not in getPreloadedDrawables?
W/Atlas   ( 2084): Pointer 0x0, not in getPreloadedDrawables?
W/Atlas   ( 2084): Pointer 0x0, not in getPreloadedDrawables?
W/Atlas   ( 2084): Pointer 0x0, not in getPreloadedDrawables?
W/Atlas   ( 2084): Pointer 0x0, not in getPreloadedDrawables?
W/Atlas   ( 2084): Pointer 0x0, not in getPreloadedDrawables?
W/Atlas   ( 2084): Pointer 0x0, not in getPreloadedDrawables?
W/Atlas   ( 2084): Pointer 0x0, not in getPreloadedDrawables?
W/Atlas   ( 2084): Pointer 0x0, not in getPreloadedDrawables?
W/Atlas   ( 2084): Pointer 0x0, not in getPreloadedDrawables?
W/Atlas   ( 2084): Pointer 0x0, not in getPreloadedDrawables?
W/Atlas   ( 2084): Pointer 0x0, not in getPreloadedDrawables?
W/Atlas   ( 2084): Pointer 0x0, not in getPreloadedDrawables?
W/Atlas   ( 2084): Pointer 0x0, not in getPreloadedDrawables?
W/Atlas   ( 2084): Pointer 0x0, not in getPreloadedDrawables?
W/Atlas   ( 2084): Pointer 0x0, not in getPreloadedDrawables?
W/Atlas   ( 2084): Pointer 0x0, not in getPreloadedDrawables?
W/Atlas   ( 2084): Pointer 0x0, not in getPreloadedDrawables?
W/Atlas   ( 2084): Pointer 0x0, not in getPreloadedDrawables?
W/Atlas   ( 2084): Pointer 0x0, not in getPreloadedDrawables?
W/Atlas   ( 2084): Pointer 0x0, not in getPreloadedDrawables?
W/Atlas   ( 2084): Pointer 0x0, not in getPreloadedDrawables?
W/Atlas   ( 2084): Pointer 0x0, not in getPreloadedDrawables?
W/Atlas   ( 2084): Pointer 0x0, not in getPreloadedDrawables?
W/Atlas   ( 2084): Pointer 0x0, not in getPreloadedDrawables?
W/Atlas   ( 2084): Pointer 0x0, not in getPreloadedDrawables?
W/Atlas   ( 2084): Pointer 0x0, not in getPreloadedDrawables?
W/Atlas   ( 2084): Pointer 0x0, not in getPreloadedDrawables?
W/Atlas   ( 2084): Pointer 0x0, not in getPreloadedDrawables?
W/Atlas   ( 2084): Pointer 0x0, not in getPreloadedDrawables?
W/Atlas   ( 2084): Pointer 0x0, not in getPreloadedDrawables?
W/Atlas   ( 2084): Pointer 0x0, not in getPreloadedDrawables?
W/Atlas   ( 2084): Pointer 0x0, not in getPreloadedDrawables?
W/Atlas   ( 2084): Pointer 0x0, not in getPreloadedDrawables?
W/Atlas   ( 2084): Pointer 0x0, not in getPreloadedDrawables?
W/Atlas   ( 2084): Pointer 0x0, not in getPreloadedDrawables?
W/Atlas   ( 2084): Pointer 0x0, not in getPreloadedDrawables?
W/Atlas   ( 2084): Pointer 0x0, not in getPreloadedDrawables?
W/Atlas   ( 2084): Pointer 0x0, not in getPreloadedDrawables?
W/Atlas   ( 2084): Pointer 0x0, not in getPreloadedDrawables?
W/Atlas   ( 2084): Pointer 0x0, not in getPreloadedDrawables?
W/Atlas   ( 2084): Pointer 0x0, not in getPreloadedDrawables?
W/Atlas   ( 2084): Pointer 0x0, not in getPreloadedDrawables?
W/Atlas   ( 2084): Pointer 0x0, not in getPreloadedDrawables?
W/Atlas   ( 2084): Pointer 0x0, not in getPreloadedDrawables?
W/Atlas   ( 2084): Pointer 0x0, not in getPreloadedDrawables?
W/Atlas   ( 2084): Pointer 0x0, not in getPreloadedDrawables?
W/Atlas   ( 2084): Pointer 0x0, not in getPreloadedDrawables?
W/Atlas   ( 2084): Pointer 0x0, not in getPreloadedDrawables?
W/Atlas   ( 2084): Pointer 0x0, not in getPreloadedDrawables?
W/Atlas   ( 2084): Pointer 0x0, not in getPreloadedDrawables?
W/Atlas   ( 2084): Pointer 0x0, not in getPreloadedDrawables?
W/Atlas   ( 2084): Pointer 0x0, not in getPreloadedDrawables?
W/Atlas   ( 2084): Pointer 0x0, not in getPreloadedDrawables?
W/Atlas   ( 2084): Pointer 0x0, not in getPreloadedDrawables?
W/Atlas   ( 2084): Pointer 0x0, not in getPreloadedDrawables?
W/Atlas   ( 2084): Pointer 0x0, not in getPreloadedDrawables?
W/Atlas   ( 2084): Pointer 0x0, not in getPreloadedDrawables?
W/Atlas   ( 2084): Pointer 0x0, not in getPreloadedDrawables?
W/Atlas   ( 2084): Pointer 0x0, not in getPreloadedDrawables?
W/Atlas   ( 2084): Pointer 0x0, not in getPreloadedDrawables?
W/Atlas   ( 2084): Pointer 0x0, not in getPreloadedDrawables?
W/Atlas   ( 2084): Pointer 0x0, not in getPreloadedDrawables?
W/Atlas   ( 2084): Pointer 0x0, not in getPreloadedDrawables?
W/Atlas   ( 2084): Pointer 0x0, not in getPreloadedDrawables?
W/Atlas   ( 2084): Pointer 0x0, not in getPreloadedDrawables?
W/Atlas   ( 2084): Pointer 0x0, not in getPreloadedDrawables?
W/Atlas   ( 2084): Pointer 0x0, not in getPreloadedDrawables?
W/Atlas   ( 2084): Pointer 0x0, not in getPreloadedDrawables?
W/Atlas   ( 2084): Pointer 0x0, not in getPreloadedDrawables?
W/Atlas   ( 2084): Pointer 0x0, not in getPreloadedDrawables?
W/Atlas   ( 2084): Pointer 0x0, not in getPreloadedDrawables?
W/Atlas   ( 2084): Pointer 0x0, not in getPreloadedDrawables?
W/Atlas   ( 2084): Pointer 0x0, not in getPreloadedDrawables?
W/Atlas   ( 2084): Pointer 0x0, not in getPreloadedDrawables?
W/Atlas   ( 2084): Pointer 0x0, not in getPreloadedDrawables?
W/Atlas   ( 2084): Pointer 0x0, not in getPreloadedDrawables?
W/Atlas   ( 2084): Pointer 0x0, not in getPreloadedDrawables?
W/Atlas   ( 2084): Pointer 0x0, not in getPreloadedDrawables?
W/Atlas   ( 2084): Pointer 0x0, not in getPreloadedDrawables?
W/Atlas   ( 2084): Pointer 0x0, not in getPreloadedDrawables?
W/Atlas   ( 2084): Pointer 0x0, not in getPreloadedDrawables?
W/Atlas   ( 2084): Pointer 0x0, not in getPreloadedDrawables?
W/Atlas   ( 2084): Pointer 0x0, not in getPreloadedDrawables?
W/Atlas   ( 2084): Pointer 0x0, not in getPreloadedDrawables?
W/Atlas   ( 2084): Pointer 0x0, not in getPreloadedDrawables?
W/Atlas   ( 2084): Pointer 0x0, not in getPreloadedDrawables?
W/Atlas   ( 2084): Pointer 0x0, not in getPreloadedDrawables?
W/Atlas   ( 2084): Pointer 0x0, not in getPreloadedDrawables?
W/Atlas   ( 2084): Pointer 0x0, not in getPreloadedDrawables?
W/Atlas   ( 2084): Pointer 0x0, not in getPreloadedDrawables?
W/Atlas   ( 2084): Pointer 0x0, not in getPreloadedDrawables?
W/Atlas   ( 2084): Pointer 0x0, not in getPreloadedDrawables?
W/Atlas   ( 2084): Pointer 0x0, not in getPreloadedDrawables?
W/Atlas   ( 2084): Pointer 0x0, not in getPreloadedDrawables?
W/Atlas   ( 2084): Pointer 0x0, not in getPreloadedDrawables?
W/Atlas   ( 2084): Pointer 0x0, not in getPreloadedDrawables?
W/Atlas   ( 2084): Pointer 0x0, not in getPreloadedDrawables?
W/Atlas   ( 2084): Pointer 0x0, not in getPreloadedDrawables?
W/Atlas   ( 2084): Pointer 0x0, not in getPreloadedDrawables?
W/Atlas   ( 2084): Pointer 0x0, not in getPreloadedDrawables?
W/Atlas   ( 2084): Pointer 0x0, not in getPreloadedDrawables?
W/Atlas   ( 2084): Pointer 0x0, not in getPreloadedDrawables?
W/Atlas   ( 2084): Pointer 0x0, not in getPreloadedDrawables?
W/Atlas   ( 2084): Pointer 0x0, not in getPreloadedDrawables?
W/Atlas   ( 2084): Pointer 0x0, not in getPreloadedDrawables?
W/Atlas   ( 2084): Pointer 0x0, not in getPreloadedDrawables?
W/Atlas   ( 2084): Pointer 0x0, not in getPreloadedDrawables?
W/Atlas   ( 2084): Pointer 0x0, not in getPreloadedDrawables?
W/Atlas   ( 2084): Pointer 0x0, not in getPreloadedDrawables?
W/Atlas   ( 2084): Pointer 0x0, not in getPreloadedDrawables?
W/Atlas   ( 2084): Pointer 0x0, not in getPreloadedDrawables?
W/Atlas   ( 2084): Pointer 0x0, not in getPreloadedDrawables?
W/Atlas   ( 2084): Pointer 0x0, not in getPreloadedDrawables?
W/Atlas   ( 2084): Pointer 0x0, not in getPreloadedDrawables?
W/Atlas   ( 2084): Pointer 0x0, not in getPreloadedDrawables?
W/Atlas   ( 2084): Pointer 0x0, not in getPreloadedDrawables?
W/Atlas   ( 2084): Pointer 0x0, not in getPreloadedDrawables?
W/Atlas   ( 2084): Pointer 0x0, not in getPreloadedDrawables?
W/Atlas   ( 2084): Pointer 0x0, not in getPreloadedDrawables?
W/Atlas   ( 2084): Pointer 0x0, not in getPreloadedDrawables?
W/Atlas   ( 2084): Pointer 0x0, not in getPreloadedDrawables?
W/Atlas   ( 2084): Pointer 0x0, not in getPreloadedDrawables?
W/Atlas   ( 2084): Pointer 0x0, not in getPreloadedDrawables?
W/Atlas   ( 2084): Pointer 0x0, not in getPreloadedDrawables?
W/Atlas   ( 2084): Pointer 0x0, not in getPreloadedDrawables?
W/Atlas   ( 2084): Pointer 0x0, not in getPreloadedDrawables?
W/Atlas   ( 2084): Pointer 0x0, not in getPreloadedDrawables?
W/Atlas   ( 2084): Pointer 0x0, not in getPreloadedDrawables?
W/Atlas   ( 2084): Pointer 0x0, not in getPreloadedDrawables?
W/Atlas   ( 2084): Pointer 0x0, not in getPreloadedDrawables?
W/Atlas   ( 2084): Pointer 0x0, not in getPreloadedDrawables?
W/Atlas   ( 2084): Pointer 0x0, not in getPreloadedDrawables?
W/Atlas   ( 2084): Pointer 0x0, not in getPreloadedDrawables?
W/Atlas   ( 2084): Pointer 0x0, not in getPreloadedDrawables?
W/Atlas   ( 2084): Pointer 0x0, not in getPreloadedDrawables?
W/Atlas   ( 2084): Pointer 0x0, not in getPreloadedDrawables?
W/Atlas   ( 2084): Pointer 0x0, not in getPreloadedDrawables?
W/Atlas   ( 2084): Pointer 0x0, not in getPreloadedDrawables?
W/Atlas   ( 2084): Pointer 0x0, not in getPreloadedDrawables?
W/Atlas   ( 2084): Pointer 0x0, not in getPreloadedDrawables?
W/Atlas   ( 2084): Pointer 0x0, not in getPreloadedDrawables?
W/Atlas   ( 2084): Pointer 0x0, not in getPreloadedDrawables?
V/WindowManager( 1534): Adding window Window{2df58f73 u0 com.android.settings/com.android.settings.Settings} at 2 of 6 (before Window{cba4be7 u0 Starting com.android.settings})
D/Index   ( 2084): Locale 'zh_CN' is already indexed
D/DashboardSummary( 2084): rebuildUI took: 35 ms
I/HostConnection( 2084): HostConnection::HostConnection: pid=2084, tid=2102, this=0xb3ff06a0
I/        ( 2084): fastpipe: Connect success
D/HostConnection( 2084): HostRPC::connect sucess: app=com.android.settings, pid=2084, tid=2102, this=0xb3ff1000
D/HostConnection( 2084): queryAndSetGLESMaxVersion select gles-version: 2.0 hostGLVersion:31 process:com.android.settings
I/OpenGLRenderer( 2084): Initialized EGL, version 1.4
I/EGL_adreno( 2084): eglCreateContext request GLES major-version=2
D/EGL_adreno( 2084): eglCreateContext: 0xb3ec80a0: maj 2 min 0 rcv 2
D/EGL_adreno( 2084): eglMakeCurrent: 0xb3ec80a0: ver 2 0 (tinfo 0xb3f8c300)
D/HostConnection( 2084): ExtendedRCEncoderContext GL_VERSION return OpenGL ES 2.0 (3.1.0 - Build 9.17.10.4229)
D/OpenGLRenderer( 2084): Enabling debug mode 0
E/EGL_adreno( 2084): tid 2102: eglSurfaceAttrib(1266): error 0x3009 (EGL_BAD_MATCH)
W/OpenGLRenderer( 2084): Failed to set EGL_SWAP_BEHAVIOR on surface 0xb3fe9580, error=EGL_BAD_MATCH
D/EGL_adreno( 2084): eglMakeCurrent: 0xb3ec80a0: ver 2 0 (tinfo 0xb3f8c300)
I/ActivityManager( 1534): Displayed com.android.settings/.Settings: +588ms
I/AppiumUnicodeIME( 1718): onFinishInput
I/AppiumUnicodeIME( 1718): onStartInput
E/RemotePrintSpooler( 1534): Error removing obsolete print jobs .
E/RemotePrintSpooler( 1534): java.util.concurrent.TimeoutException: Cannot get spooler!
E/RemotePrintSpooler( 1534): 	at com.android.server.print.RemotePrintSpooler.bindLocked(RemotePrintSpooler.java:378)
E/RemotePrintSpooler( 1534): 	at com.android.server.print.RemotePrintSpooler.getRemoteInstanceLazy(RemotePrintSpooler.java:354)
E/RemotePrintSpooler( 1534): 	at com.android.server.print.RemotePrintSpooler.removeObsoletePrintJobs(RemotePrintSpooler.java:289)
E/RemotePrintSpooler( 1534): 	at com.android.server.print.UserState.removeObsoletePrintJobs(UserState.java:165)
E/RemotePrintSpooler( 1534): 	at com.android.server.print.PrintManagerService$PrintManagerImpl$3.run(PrintManagerService.java:644)
E/RemotePrintSpooler( 1534): 	at android.os.Handler.handleCallback(Handler.java:739)
E/RemotePrintSpooler( 1534): 	at android.os.Handler.dispatchMessage(Handler.java:95)
E/RemotePrintSpooler( 1534): 	at android.os.Looper.loop(Looper.java:135)
E/RemotePrintSpooler( 1534): 	at android.os.HandlerThread.run(HandlerThread.java:61)
I/ActivityManager( 1534): START u0 {act=android.intent.action.MAIN cmp=com.android.settings/.SubSettings (has extras)} from uid 1000 on display 0
D/AudioTrack( 1534): use orig AudioTrack! mIsTimed=0 transferType=0 flags=4
V/WindowManager( 1534): addAppToken: AppWindowToken{15ca793a token=Token{398bb865 ActivityRecord{19d91d5c u0 com.android.settings/.SubSettings t2}}} to stack=1 task=2 at 1
I/EmuCoreService( 1871): Broadcast action = android.intent.action.TOP_ACTIVITY_CHANGED
I/UsageStatsService( 1534): User[0] Flushing usage stats to disk
I/EmuCoreService( 1871): HostService Init inited = true
I/UsageStatsDatabase( 1534): Moving file /data/system/usagestats/0/daily/1532390433814 to /data/system/usagestats/0/daily/1532390436563
I/UsageStatsDatabase( 1534): Moving file /data/system/usagestats/0/daily/1532563220602 to /data/system/usagestats/0/daily/1532563223351
I/UsageStatsDatabase( 1534): Moving file /data/system/usagestats/0/daily/1532649605831 to /data/system/usagestats/0/daily/1532649608580
I/UsageStatsDatabase( 1534): Moving file /data/system/usagestats/0/daily/1532995200000 to /data/system/usagestats/0/daily/1532995202749
I/UsageStatsDatabase( 1534): Moving file /data/system/usagestats/0/weekly/1531958446805 to /data/system/usagestats/0/weekly/1531958449554
I/UsageStatsDatabase( 1534): Moving file /data/system/usagestats/0/weekly/1532563220602 to /data/system/usagestats/0/weekly/1532563223351
I/UsageStatsDatabase( 1534): Moving file /data/system/usagestats/0/monthly/1531872046805 to /data/system/usagestats/0/monthly/1531872049554
I/UsageStatsDatabase( 1534): Moving file /data/system/usagestats/0/yearly/1513728046805 to /data/system/usagestats/0/yearly/1513728049554
I/UsageStatsService( 1534): User[0] Rollover scheduled @ 2018-08-01 08:00:00(1533081600000)
D/GpsLocationProvider( 1534): NTP server returned: 1532998715427 (Tue Jul 31 08:58:35 GMT+08:00 2018) reference: 14896 certainty: 136 system time offset: -10385
D/gps_ld  ( 1534): serial_gps_inject_time: called
I/FusedLocation( 1534): engine started (com.android.location.fused)
D/GpsLocationProvider( 1534): received SIM realted action: 
D/GpsLocationProvider( 1534): SIM MCC/MNC is available: 46000
D/GpsLocationProvider( 1534): Reset GPS properties, previous size = 8
D/GpsLocationProvider( 1534): GpsParamsResource: SUPL_HOST=supl.google.com
D/GpsLocationProvider( 1534): GpsParamsResource: SUPL_PORT=7275
D/GpsLocationProvider( 1534): GpsParamsResource: NTP_SERVER=north-america.pool.ntp.org
D/GpsLocationProvider( 1534): GpsParamsResource: SUPL_VER=0x20000
D/GpsLocationProvider( 1534): GpsParamsResource: SUPL_MODE=1
W/GpsLocationProvider( 1534): Could not open GPS configuration file /etc/gps.ld.conf
D/GpsLocationProvider( 1534): GPS properties reloaded, size = 8
E/GpsLocationProvider( 1534): no AGPS interface in set_agps_server
E/GpsLocationProvider( 1534): no GPS configuration interface in configuraiton_update
D/GpsLocationProvider( 1534): final config = #Tue Jul 31 08:58:45 GMT+08:00 2018
D/GpsLocationProvider( 1534): SUPL_VER=0x20000
D/GpsLocationProvider( 1534): SUPL_HOST=supl.google.com
D/GpsLocationProvider( 1534): XTRA_SERVER_3=http\://xtra3.gpsonextra.net/xtra.bin
D/GpsLocationProvider( 1534): XTRA_SERVER_1=http\://xtra1.gpsonextra.net/xtra.bin
D/GpsLocationProvider( 1534): SUPL_PORT=7275
D/GpsLocationProvider( 1534): XTRA_SERVER_2=http\://xtra2.gpsonextra.net/xtra.bin
D/GpsLocationProvider( 1534): NTP_SERVER=north-america.pool.ntp.org
D/GpsLocationProvider( 1534): SUPL_MODE=1
D/SubSettings( 2084): Launching fragment com.android.settings.wifi.WifiSettings
D/WifiService( 1534): New client listening to asynchronous messages
V/WindowManager( 1534): Adding window Window{24859951 u0 com.android.settings/com.android.settings.SubSettings} at 3 of 6 (after Window{2df58f73 u0 com.android.settings/com.android.settings.Settings})
E/EGL_adreno( 2084): tid 2102: eglSurfaceAttrib(1266): error 0x3009 (EGL_BAD_MATCH)
W/OpenGLRenderer( 2084): Failed to set EGL_SWAP_BEHAVIOR on surface 0xa1e9d220, error=EGL_BAD_MATCH
D/EGL_adreno( 2084): eglMakeCurrent: 0xb3ec80a0: ver 2 0 (tinfo 0xb3f8c300)
D/EGL_adreno( 2084): eglMakeCurrent: 0xb3ec80a0: ver 2 0 (tinfo 0xb3f8c300)
D/Index   ( 2084): Deleting data for locale 'zh_CN' took 25 millis
D/EGL_adreno( 2084): eglMakeCurrent: 0xb3ec80a0: ver 2 0 (tinfo 0xb3f8c300)
D/Index   ( 2084): Indexing locale 'zh_CN' took 24 millis
D/EGL_adreno( 2084): eglMakeCurrent: 0xb3ec80a0: ver 2 0 (tinfo 0xb3f8c300)
I/AppiumUnicodeIME( 1718): onFinishInput
I/AppiumUnicodeIME( 1718): onStartInput
D/EGL_adreno( 2084): eglMakeCurrent: 0xb3ec80a0: ver 2 0 (tinfo 0xb3f8c300)
I/ActivityManager( 1534): Displayed com.android.settings/.SubSettings: +311ms
D/EGL_adreno( 2084): eglMakeCurrent: 0xb3ec80a0: ver 2 0 (tinfo 0xb3f8c300)
D/EGL_adreno( 2084): eglMakeCurrent: 0xb3ec80a0: ver 2 0 (tinfo 0xb3f8c300)
D/EGL_adreno( 2084): eglMakeCurrent: 0xb3ec80a0: ver 2 0 (tinfo 0xb3f8c300)
D/WifiService( 1534): setWifiEnabled: true pid=2084, uid=1000
E/WifiService( 1534): Invoking mWifiStateMachine.setWifiEnabled
D/AudioTrack( 1534): use orig AudioTrack! mIsTimed=0 transferType=0 flags=4
I/LdWifi  ( 1534): call wifi_load_driver!
D/NetworkManagementService( 1534): denglibo setInterfaceDown: wlan0
E/ProbeModule( 2113): insmod: Failed to load module file [/system/lib/modules/4.0.9-android-x86/kernel/net/wireless/cfg80211.ko]
E/ProbeModule( 2113): insmod_by_dep: cannot load module: [netdev-wlan0]
E/ProbeModule( 2115): insmod_by_dep: cannot load module: [wlan0]
E/ProbeModule( 2117): insmod: Failed to load module file [/system/lib/modules/4.0.9-android-x86/kernel/net/wireless/cfg80211.ko]
E/ProbeModule( 2117): insmod_by_dep: cannot load module: [netdev-wlan0]
E/ProbeModule( 2119): insmod_by_dep: cannot load module: [wlan0]
E/ProbeModule( 2121): insmod: Failed to load module file [/system/lib/modules/4.0.9-android-x86/kernel/net/wireless/cfg80211.ko]
E/ProbeModule( 2121): insmod_by_dep: cannot load module: [netdev-wlan0]
E/ProbeModule( 2123): insmod_by_dep: cannot load module: [wlan0]
E/ProbeModule( 2125): insmod: Failed to load module file [/system/lib/modules/4.0.9-android-x86/kernel/net/wireless/cfg80211.ko]
E/ProbeModule( 2125): insmod_by_dep: cannot load module: [netdev-wlan0]
E/ProbeModule( 2127): insmod_by_dep: cannot load module: [wlan0]
W/CommandListener( 1363): Failed to retrieve HW addr for wlan0 (No such device)
D/CommandListener( 1363): Setting iface cfg
E/ProbeModule( 2129): insmod: Failed to load module file [/system/lib/modules/4.0.9-android-x86/kernel/net/wireless/cfg80211.ko]
E/ProbeModule( 2129): insmod_by_dep: cannot load module: [netdev-wlan0]
E/ProbeModule( 2131): insmod_by_dep: cannot load module: [wlan0]
E/WifiStateMachine( 1534): Unable to change interface settings: java.lang.IllegalStateException: command '19 interface setcfg wlan0 0.0.0.0 0 down' failed with '400 19 Failed to set address (No such device)'
D/WifiMonitor( 1534): denglibo killSupplicant! p2pSupported=false
E/WifiMonitor( 1534): killSupplicant p2pfalse init.svc.wpa_supplicant=unknown init.svc.p2p_supplicant=unknown
D/WifiMonitor( 1534): startMonitoring(wlan0) with mConnected = false
D/WifiConfigStore( 1534): Loading config and enabling all networks 
W/LdWifi  ( 1534): denglibo wifi command unkown!!! cmd=IFNAME=wlan0 GET_NETWORK 0 wep_key0
W/LdWifi  ( 1534): denglibo wifi command unkown!!! cmd=IFNAME=wlan0 GET_NETWORK 0 wep_key1
W/LdWifi  ( 1534): denglibo wifi command unkown!!! cmd=IFNAME=wlan0 GET_NETWORK 0 wep_key2
W/LdWifi  ( 1534): denglibo wifi command unkown!!! cmd=IFNAME=wlan0 GET_NETWORK 0 wep_key3
W/LdWifi  ( 1534): denglibo wifi command unkown!!! cmd=IFNAME=wlan0 GET_NETWORK 0 psk
W/LdWifi  ( 1534): denglibo wifi command unkown!!! cmd=IFNAME=wlan0 GET_NETWORK 0 auth_alg
W/LdWifi  ( 1534): denglibo wifi command unkown!!! cmd=IFNAME=wlan0 GET_NETWORK 0 eap
W/LdWifi  ( 1534): denglibo wifi command unkown!!! cmd=IFNAME=wlan0 GET_NETWORK 0 phase2
W/LdWifi  ( 1534): denglibo wifi command unkown!!! cmd=IFNAME=wlan0 GET_NETWORK 0 identity
W/LdWifi  ( 1534): denglibo wifi command unkown!!! cmd=IFNAME=wlan0 GET_NETWORK 0 anonymous_identity
W/LdWifi  ( 1534): denglibo wifi command unkown!!! cmd=IFNAME=wlan0 GET_NETWORK 0 password
W/LdWifi  ( 1534): denglibo wifi command unkown!!! cmd=IFNAME=wlan0 GET_NETWORK 0 client_cert
W/LdWifi  ( 1534): denglibo wifi command unkown!!! cmd=IFNAME=wlan0 GET_NETWORK 0 ca_cert
W/LdWifi  ( 1534): denglibo wifi command unkown!!! cmd=IFNAME=wlan0 GET_NETWORK 0 subject_match
W/LdWifi  ( 1534): denglibo wifi command unkown!!! cmd=IFNAME=wlan0 GET_NETWORK 0 key_id
W/LdWifi  ( 1534): denglibo wifi command unkown!!! cmd=IFNAME=wlan0 GET_NETWORK 0 private_key
E/WifiConfigStore( 1534): Error parsing configuration: java.io.FileNotFoundException: /data/misc/wifi/ipconfig.txt: open failed: ENOENT (No such file or directory)
D/WifiNative-HAL( 1534): Setting external_sim to 1
D/WifiStateMachine( 1534): Setting OUI to DA-A1-19
I/WifiNative-HAL( 1534): startHal
E/wifi    ( 1534): getStaticLongField sWifiHalHandle 0xa01eb89c
D/wifi    ( 1534): halHandle = 0x0, mVM = 0xb3c4d280, mCls = 0x12b6
I/WifiNative-HAL( 1534): Could not start hal
I/WifiNative-HAL( 1534): startHal
E/WifiStateMachine( 1534): cancelDelayedScan -> 1
D/WifiScanningService( 1534): SCAN_AVAILABLE : 3
D/RttService( 1534): SCAN_AVAILABLE : 3
D/WifiScanningService( 1534): DefaultState got{ when=0 what=160006 target=com.android.internal.util.StateMachine$SmHandler }
I/WifiNative-HAL( 1534): startHal
E/WifiScanningService( 1534): could not start HAL
D/RttService( 1534): DefaultState got{ when=-1ms what=160512 target=com.android.internal.util.StateMachine$SmHandler }
E/native  ( 1534): do suspend false
I/WifiNative-HAL( 1534): startHal
D/Index   ( 2084): Deleting data for locale 'zh_CN' took 1 millis
D/Index   ( 2084): Indexing locale 'zh_CN' took 1 millis
I/WifiNative-HAL( 1534): startHal
E/WifiStateMachine( 1534): denglibo mScanResults.size=1
E/WifiStateMachine( 1534): WifiStateMachine shouldSwitchNetwork  txSuccessRate=-0.12 rxSuccessRate=-0.12 delta 1000 -> 1000
E/WifiConfigStore( 1534):  rewrite network history for "wireless"NONE
E/WifiStateMachine( 1534): CMD_AUTO_CONNECT sup state UninitializedState my state DisconnectedState nid=0 roam=3
E/WifiStateMachine( 1534): CMD_AUTO_CONNECT will save config -> "wireless" nid=0
E/WifiConfigStore( 1534): Setting BSSID for "wireless"NONE to 00:81:ba:06:db:c6
E/WifiConfigStore( 1534): will read network variables netId=0
W/LdWifi  ( 1534): denglibo wifi command unkown!!! cmd=IFNAME=wlan0 GET_NETWORK 0 wep_key0
W/LdWifi  ( 1534): denglibo wifi command unkown!!! cmd=IFNAME=wlan0 GET_NETWORK 0 wep_key1
W/LdWifi  ( 1534): denglibo wifi command unkown!!! cmd=IFNAME=wlan0 GET_NETWORK 0 wep_key2
W/LdWifi  ( 1534): denglibo wifi command unkown!!! cmd=IFNAME=wlan0 GET_NETWORK 0 wep_key3
W/LdWifi  ( 1534): denglibo wifi command unkown!!! cmd=IFNAME=wlan0 GET_NETWORK 0 psk
W/LdWifi  ( 1534): denglibo wifi command unkown!!! cmd=IFNAME=wlan0 GET_NETWORK 0 auth_alg
W/LdWifi  ( 1534): denglibo wifi command unkown!!! cmd=IFNAME=wlan0 GET_NETWORK 0 eap
W/LdWifi  ( 1534): denglibo wifi command unkown!!! cmd=IFNAME=wlan0 GET_NETWORK 0 phase2
W/LdWifi  ( 1534): denglibo wifi command unkown!!! cmd=IFNAME=wlan0 GET_NETWORK 0 identity
W/LdWifi  ( 1534): denglibo wifi command unkown!!! cmd=IFNAME=wlan0 GET_NETWORK 0 anonymous_identity
W/LdWifi  ( 1534): denglibo wifi command unkown!!! cmd=IFNAME=wlan0 GET_NETWORK 0 password
W/LdWifi  ( 1534): denglibo wifi command unkown!!! cmd=IFNAME=wlan0 GET_NETWORK 0 client_cert
W/LdWifi  ( 1534): denglibo wifi command unkown!!! cmd=IFNAME=wlan0 GET_NETWORK 0 ca_cert
W/LdWifi  ( 1534): denglibo wifi command unkown!!! cmd=IFNAME=wlan0 GET_NETWORK 0 subject_match
W/LdWifi  ( 1534): denglibo wifi command unkown!!! cmd=IFNAME=wlan0 GET_NETWORK 0 key_id
W/LdWifi  ( 1534): denglibo wifi command unkown!!! cmd=IFNAME=wlan0 GET_NETWORK 0 private_key
E/WifiStateMachine( 1534): CMD_AUTO_CONNECT did save config ->  nid=0
E/WifiConfigStore( 1534): will read network variables netId=0
W/LdWifi  ( 1534): denglibo wifi command unkown!!! cmd=IFNAME=wlan0 GET_NETWORK 0 wep_key0
W/LdWifi  ( 1534): denglibo wifi command unkown!!! cmd=IFNAME=wlan0 GET_NETWORK 0 wep_key1
W/LdWifi  ( 1534): denglibo wifi command unkown!!! cmd=IFNAME=wlan0 GET_NETWORK 0 wep_key2
W/LdWifi  ( 1534): denglibo wifi command unkown!!! cmd=IFNAME=wlan0 GET_NETWORK 0 wep_key3
W/LdWifi  ( 1534): denglibo wifi command unkown!!! cmd=IFNAME=wlan0 GET_NETWORK 0 psk
W/LdWifi  ( 1534): denglibo wifi command unkown!!! cmd=IFNAME=wlan0 GET_NETWORK 0 auth_alg
W/LdWifi  ( 1534): denglibo wifi command unkown!!! cmd=IFNAME=wlan0 GET_NETWORK 0 eap
W/LdWifi  ( 1534): denglibo wifi command unkown!!! cmd=IFNAME=wlan0 GET_NETWORK 0 phase2
W/LdWifi  ( 1534): denglibo wifi command unkown!!! cmd=IFNAME=wlan0 GET_NETWORK 0 identity
W/LdWifi  ( 1534): denglibo wifi command unkown!!! cmd=IFNAME=wlan0 GET_NETWORK 0 anonymous_identity
W/LdWifi  ( 1534): denglibo wifi command unkown!!! cmd=IFNAME=wlan0 GET_NETWORK 0 password
W/LdWifi  ( 1534): denglibo wifi command unkown!!! cmd=IFNAME=wlan0 GET_NETWORK 0 client_cert
W/LdWifi  ( 1534): denglibo wifi command unkown!!! cmd=IFNAME=wlan0 GET_NETWORK 0 ca_cert
W/LdWifi  ( 1534): denglibo wifi command unkown!!! cmd=IFNAME=wlan0 GET_NETWORK 0 subject_match
W/LdWifi  ( 1534): denglibo wifi command unkown!!! cmd=IFNAME=wlan0 GET_NETWORK 0 key_id
W/LdWifi  ( 1534): denglibo wifi command unkown!!! cmd=IFNAME=wlan0 GET_NETWORK 0 private_key
I/WifiNative-HAL( 1534): startHal
E/WifiStateMachine( 1534): denglibo mScanResults.size=1
I/LdWifi  ( 1534): ld_get_eth0_ip return 172.16.2.15
D/ConnectivityService( 1534): registerNetworkAgent NetworkAgentInfo{ ni{[type: WIFI[], state: CONNECTING/CONNECTING, reason: (unspecified), extra: "wireless", roaming: false, failover: false, isAvailable: true, isConnectedToProvisioningNetwork: false]}  network{null}  lp{{LinkAddresses: []  Routes: [] DnsAddresses: [] Domains: null MTU: 0 TcpBufferSizes: 524288,1048576,2097152,262144,524288,1048576}}  nc{[ Transports: WIFI Capabilities: INTERNET&NOT_RESTRICTED&TRUSTED&NOT_VPN LinkUpBandwidth>=1048576Kbps LinkDnBandwidth>=1048576Kbps]}  Score{20}  everValidated{false}  lastValidated{false}  created{false}  explicitlySelected{false} }
E/WifiConfigStore( 1534): saveWifiConfigBSSID Setting BSSID for "wireless"NONE to any
D/ConnectivityService( 1534): NetworkAgentInfo [WIFI () - 101] EVENT_NETWORK_INFO_CHANGED, going from null to CONNECTING
E/WifiConfigStore( 1534): saveWifiConfigBSSID Setting BSSID for "wireless"NONE to any
E/Netd    ( 1363): Failed to open /proc/sys/net/ipv6/conf/wlan0/disable_ipv6: No such file or directory
E/WifiStateMachine( 1534): Failed to enable IPv6: java.lang.IllegalStateException: command '20 interface ipv6 wlan0 enable' failed with '400 20 Failed to change IPv6 state (No such file or directory)'
E/WifiStateMachine( 1534): denglibo post WIFI static ip address message!
D/ConnectivityService( 1534): updateNetworkScore for NetworkAgentInfo [WIFI () - 101] to 60
D/ConnectivityService( 1534): rematching NetworkAgentInfo [Ethernet () - 100]
D/ConnectivityService( 1534): Network NetworkAgentInfo [Ethernet () - 100] was already satisfying request 1. No change.
D/ConnectivityService( 1534): notifyType AVAILABLE for NetworkAgentInfo [Ethernet () - 100]
D/ConnectivityManager.CallbackHandler( 1657): CM callback handler got msg 524290
D/ConnectivityService( 1534): NetworkAgentInfo [WIFI () - 101] EVENT_NETWORK_INFO_CHANGED, going from CONNECTING to CONNECTED
D/ConnectivityService( 1534): Adding iface wlan0 to network 101
E/ConnectivityService( 1534): Unexpected mtu value: 0, wlan0
D/ConnectivityService( 1534): Adding Route [172.16.2.0/24 -> 0.0.0.0 wlan0] to network 101
D/ConnectivityService( 1534): Adding Route [10.0.2.2/32 -> 0.0.0.0 wlan0] to network 101
D/ConnectivityService( 1534): Adding Route [0.0.0.0/0 -> 10.0.2.2 wlan0] to network 101
D/ConnectivityService( 1534): Setting Dns servers for network 101 to [/114.114.114.114, /114.114.115.115, /119.29.29.29]
D/ConnectivityService( 1534): notifyType IP_CHANGED for NetworkAgentInfo [WIFI () - 101]
D/ConnectivityService( 1534): notifyType PRECHECK for NetworkAgentInfo [WIFI () - 101]
D/ConnectivityService( 1534): rematching NetworkAgentInfo [WIFI () - 101]
E/WifiStateMachine( 1534): Did not find remoteAddress {10.0.2.2} in /proc/net/arp
D/NetworkMonitor/NetworkAgentInfo [WIFI () - 101]( 1534): DefaultState{ when=-2ms what=532481 target=com.android.internal.util.StateMachine$SmHandler }
D/NetworkMonitor/NetworkAgentInfo [WIFI () - 101]( 1534): Connected
D/NetworkMonitor/NetworkAgentInfo [WIFI () - 101]( 1534): EvaluatingState{ when=0 what=532486 arg1=1 target=com.android.internal.util.StateMachine$SmHandler }
D/NetworkMonitor/NetworkAgentInfo [WIFI () - 101]( 1534): Validated
D/ConnectivityService( 1534): setProvNotificationVisibleIntent: E visible=false networkType=0 extraInfo=null
D/ConnectivityService( 1534): Validated NetworkAgentInfo [WIFI () - 101]
D/ConnectivityService( 1534): rematching NetworkAgentInfo [WIFI () - 101]
D/ConnectivityService( 1534):    accepting network in place of NetworkAgentInfo [Ethernet () - 100]
D/NetworkMonitor/NetworkAgentInfo [WIFI () - 101]( 1534): ValidatedState{ when=0 what=532481 target=com.android.internal.util.StateMachine$SmHandler }
D/NetworkMonitor/NetworkAgentInfo [WIFI () - 101]( 1534): Validated
D/ConnectivityService( 1534): notifyType LOSING for NetworkAgentInfo [Ethernet () - 100]
D/NetworkMonitor/NetworkAgentInfo [Ethernet () - 100]( 1534): ValidatedState{ when=0 what=532483 target=com.android.internal.util.StateMachine$SmHandler }
D/NetworkMonitor/NetworkAgentInfo [Ethernet () - 100]( 1534): DefaultState{ when=0 what=532483 target=com.android.internal.util.StateMachine$SmHandler }
D/NetworkMonitor/NetworkAgentInfo [Ethernet () - 100]( 1534): Lingering
