W/Atlas   ( 1912): Pointer 0x0, not in getPreloadedDrawables?
W/Atlas   ( 1912): Pointer 0x0, not in getPreloadedDrawables?
W/Atlas   ( 1912): Pointer 0x0, not in getPreloadedDrawables?
W/Atlas   ( 1912): Pointer 0x0, not in getPreloadedDrawables?
W/Atlas   ( 1912): Pointer 0x0, not in getPreloadedDrawables?
W/Atlas   ( 1912): Pointer 0x0, not in getPreloadedDrawables?
W/Atlas   ( 1912): Pointer 0x0, not in getPreloadedDrawables?
W/Atlas   ( 1912): Pointer 0x0, not in getPreloadedDrawables?
W/Atlas   ( 1912): Pointer 0x0, not in getPreloadedDrawables?
W/Atlas   ( 1912): Pointer 0x0, not in getPreloadedDrawables?
W/Atlas   ( 1912): Pointer 0x0, not in getPreloadedDrawables?
W/Atlas   ( 1912): Pointer 0x0, not in getPreloadedDrawables?
W/Atlas   ( 1912): Pointer 0x0, not in getPreloadedDrawables?
W/Atlas   ( 1912): Pointer 0x0, not in getPreloadedDrawables?
W/Atlas   ( 1912): Pointer 0x0, not in getPreloadedDrawables?
W/Atlas   ( 1912): Pointer 0x0, not in getPreloadedDrawables?
W/Atlas   ( 1912): Pointer 0x0, not in getPreloadedDrawables?
W/Atlas   ( 1912): Pointer 0x0, not in getPreloadedDrawables?
W/Atlas   ( 1912): Pointer 0x0, not in getPreloadedDrawables?
W/Atlas   ( 1912): Pointer 0x0, not in getPreloadedDrawables?
W/Atlas   ( 1912): Pointer 0x0, not in getPreloadedDrawables?
W/Atlas   ( 1912): Pointer 0x0, not in getPreloadedDrawables?
W/Atlas   ( 1912): Pointer 0x0, not in getPreloadedDrawables?
W/Atlas   ( 1912): Pointer 0x0, not in getPreloadedDrawables?
W/Atlas   ( 1912): Pointer 0x0, not in getPreloadedDrawables?
W/Atlas   ( 1912): Pointer 0x0, not in getPreloadedDrawables?
W/Atlas   ( 1912): Pointer 0x0, not in getPreloadedDrawables?
W/Atlas   ( 1912): Pointer 0x0, not in getPreloadedDrawables?
W/Atlas   ( 1912): Pointer 0x0, not in getPreloadedDrawables?
W/Atlas   ( 1912): Pointer 0x0, not in getPreloadedDrawables?
W/Atlas   ( 1912): Pointer 0x0, not in getPreloadedDrawables?
W/Atlas   ( 1912): Pointer 0x0, not in getPreloadedDrawables?
W/Atlas   ( 1912): Pointer 0x0, not in getPreloadedDrawables?
W/Atlas   ( 1912): Pointer 0x0, not in getPreloadedDrawables?
W/Atlas   ( 1912): Pointer 0x0, not in getPreloadedDrawables?
W/Atlas   ( 1912): Pointer 0x0, not in getPreloadedDrawables?
W/Atlas   ( 1912): Pointer 0x0, not in getPreloadedDrawables?
W/Atlas   ( 1912): Pointer 0x0, not in getPreloadedDrawables?
W/Atlas   ( 1912): Pointer 0x0, not in getPreloadedDrawables?
W/Atlas   ( 1912): Pointer 0x0, not in getPreloadedDrawables?
W/Atlas   ( 1912): Pointer 0x0, not in getPreloadedDrawables?
W/Atlas   ( 1912): Pointer 0x0, not in getPreloadedDrawables?
W/Atlas   ( 1912): Pointer 0x0, not in getPreloadedDrawables?
W/Atlas   ( 1912): Pointer 0x0, not in getPreloadedDrawables?
W/Atlas   ( 1912): Pointer 0x0, not in getPreloadedDrawables?
W/Atlas   ( 1912): Pointer 0x0, not in getPreloadedDrawables?
W/Atlas   ( 1912): Pointer 0x0, not in getPreloadedDrawables?
W/Atlas   ( 1912): Pointer 0x0, not in getPreloadedDrawables?
W/Atlas   ( 1912): Pointer 0x0, not in getPreloadedDrawables?
W/Atlas   ( 1912): Pointer 0x0, not in getPreloadedDrawables?
W/Atlas   ( 1912): Pointer 0x0, not in getPreloadedDrawables?
W/Atlas   ( 1912): Pointer 0x0, not in getPreloadedDrawables?
W/Atlas   ( 1912): Pointer 0x0, not in getPreloadedDrawables?
W/Atlas   ( 1912): Pointer 0x0, not in getPreloadedDrawables?
W/Atlas   ( 1912): Pointer 0x0, not in getPreloadedDrawables?
V/WindowManager( 1537): Based on layer: Adding window Window{63b170c u0 com.android.launcher3/com.android.launcher3.Launcher} at 0 of 4
W/Launcher( 1912): setApplicationContext called twice! old=com.android.launcher3.LauncherApplication@1301c677 new=com.android.launcher3.LauncherApplication@1301c677
W/WindowManager( 1537): Attempted to add wallpaper window with unknown token android.os.Binder@22b2e8fd.  Aborting.
W/WallpaperService( 1662): Failed to add window while updating wallpaper surface.
D/WifiService( 1537): New client listening to asynchronous messages
W/PropertyValuesHolder( 1662): Method setAlpha() with type float not found on target class class android.graphics.drawable.VectorDrawable$VGroup
I/HostConnection( 1912): HostConnection::HostConnection: pid=1912, tid=2014, this=0xadc8ea60
I/        ( 1912): fastpipe: Connect success
D/HostConnection( 1912): HostRPC::connect sucess: app=com.android.launcher3, pid=1912, tid=2014, this=0xaddb9000
D/HostConnection( 1912): queryAndSetGLESMaxVersion select gles-version: 2.0 hostGLVersion:31 process:com.android.launcher3
I/OpenGLRenderer( 1912): Initialized EGL, version 1.4
I/EGL_adreno( 1912): eglCreateContext request GLES major-version=2
D/OpenGLRenderer( 1662): setting property extraRasterBucket to 0.95
D/OpenGLRenderer( 1662):     failed
D/OpenGLRenderer( 1662): setting property extraRasterBucket to 0.0
D/OpenGLRenderer( 1662):     failed
D/EGL_adreno( 1912): eglCreateContext: 0xadd4a3a0: maj 2 min 0 rcv 2
D/EGL_adreno( 1912): eglMakeCurrent: 0xadd4a3a0: ver 2 0 (tinfo 0xadc394f0)
D/HostConnection( 1912): ExtendedRCEncoderContext GL_VERSION return OpenGL ES 2.0 (3.1.0 - Build 9.17.10.4229)
D/OpenGLRenderer( 1912): Enabling debug mode 0
E/EGL_adreno( 1912): tid 2014: eglSurfaceAttrib(1266): error 0x3009 (EGL_BAD_MATCH)
W/OpenGLRenderer( 1912): Failed to set EGL_SWAP_BEHAVIOR on surface 0xadc35500, error=EGL_BAD_MATCH
D/EGL_adreno( 1912): eglMakeCurrent: 0xadd4a3a0: ver 2 0 (tinfo 0xadc394f0)
W/WindowManager( 1537): Window freeze timeout expired.
W/WindowManager( 1537): Force clearing orientation change: Window{5f53e77 u0 StatusBar}
D/AdHotSeatView( 1912): resetLayout
I/Choreographer( 1912): Skipped 38 frames!  The application may be doing too much work on its main thread.
D/Launcher( 1912): 11683562 - bindAddScreens()
D/Launcher( 1912): 11683562 -   orderedScreenIds: 3
D/Launcher.Workspace( 1912): 11683562 - insertNewWorkspaceScreen(): 3 at index: 0
I/ActivityManager( 1537): Displayed com.android.launcher3/.Launcher: +3s478ms
E/installd( 1368): Unable to unlink boot marker at /data/dalvik-cache/arm/.booting, error=No such file or directory
E/ActivityManager( 1537): Unable to mark boot complete for abi: armeabi-v7a
I/SystemServiceManager( 1537): Starting phase 1000
V/KeyguardServiceDelegate( 1537): *** Keyguard started
W/KeyguardServiceDelegate( 1537): onScreenTurnedOn(): no keyguard service!
I/EGL_adreno( 1662): eglCreateContext request GLES major-version=2
D/EGL_adreno( 1662): eglCreateContext: 0xa32d4a00: maj 2 min 0 rcv 2
D/EGL_adreno( 1662): eglMakeCurrent: 0xa32d4a00: ver 2 0 (tinfo 0xb3fffa90)
D/EGL_adreno( 1662): eglMakeCurrent: 0xa32d4a00: ver 2 0 (tinfo 0xb3fffa90)
W/BackupManagerService( 1537): dataChanged but no participant pkg='com.android.launcher3' uid=10020
W/BackupManagerService( 1537): dataChanged but no participant pkg='com.android.launcher3' uid=10020
D/sensor_ld( 1537): cb_activate handle=0 enabled=1
D/sensor_ld( 1537): cb_setDelay handle=0 delay-ns=66667000
W/BackupManagerService( 1537): dataChanged but no participant pkg='com.android.launcher3' uid=10020
W/BackupManagerService( 1537): dataChanged but no participant pkg='com.android.launcher3' uid=10020
D/BluetoothManagerService( 1537): Auto-enabling Bluetooth.
D/BluetoothManagerService( 1537): Message: 1
D/BluetoothManagerService( 1537): MESSAGE_ENABLE: mBluetooth = null
E/BluetoothManagerService( 1537): Fail to bind to: Intent { act=android.bluetooth.IBluetooth }
W/BackupManagerService( 1537): dataChanged but no participant pkg='com.android.launcher3' uid=10020
W/BackupManagerService( 1537): dataChanged but no participant pkg='com.android.launcher3' uid=10020
W/BackupManagerService( 1537): dataChanged but no participant pkg='com.android.launcher3' uid=10020
W/BackupManagerService( 1537): dataChanged but no participant pkg='com.android.launcher3' uid=10020
D/BluetoothManagerService( 1537): Retrieving Bluetooth Adapter name and address...
D/BluetoothManagerService( 1537): getNameAndAddress(): mBluetooth = null mBinding = false
D/BluetoothManagerService( 1537): Message: 200
D/BluetoothManagerService( 1537): MESSAGE_GET_NAME_AND_ADDRESS
D/BluetoothManagerService( 1537): Binding to service to get name and address
E/BluetoothManagerService( 1537): Fail to bind to: Intent { act=android.bluetooth.IBluetooth }
V/RenderScript( 1912): 0xadec0800 Launching thread(s), CPUs 2
I/ldinit  ( 1385): denglibo: detect sys.boot_completed!
W/WallpaperService( 1662): Ignoring updateSurface: destroyed
W/WindowManager( 1537): Attempted to add wallpaper window with unknown token android.os.Binder@22b2e8fd.  Aborting.
W/WallpaperService( 1662): Failed to add window while updating wallpaper surface.
I/Choreographer( 1662): Skipped 51 frames!  The application may be doing too much work on its main thread.
I/ActivityManager( 1537): Start proc 2021:com.android.keychain/1000 for service com.android.keychain/.KeyChainService
D/NetlinkEvent( 1363): denglibo NetlinkEvent::parseIfInfoMessage IFLA_IFNAME: INTERFACE=eth0 action=up
D/NetlinkEvent( 1363): denglibo NetlinkEvent::parseIfInfoMessage IFLA_IFNAME: INTERFACE=eth0 action=up
D/NetlinkEvent( 1363): denglibo NetlinkEvent::parseIfInfoMessage IFLA_IFNAME: INTERFACE=eth0 action=up
I/ldinit  ( 1385): denglibo: wait for idle(500ms)...
D/EthernetNetworkFactory( 1537): updateInterface: eth0 link up
I/EthernetNetworkFactory( 1537): Updating mNetworkAgent with: [ Transports: ETHERNET Capabilities: INTERNET&NOT_RESTRICTED&TRUSTED&NOT_VPN LinkUpBandwidth>=100000Kbps LinkDnBandwidth>=100000Kbps], [type: Ethernet[], state: CONNECTED/CONNECTED, reason: (unspecified), extra: 00:db:8c:06:c6:ba, roaming: false, failover: false, isAvailable: true, isConnectedToProvisioningNetwork: false], {InterfaceName: eth0 LinkAddresses: [172.16.2.15/24,]  Routes: [172.16.2.0/24 -> 0.0.0.0 eth0,0.0.0.0/0 -> 172.16.2.2 eth0,] DnsAddresses: [202.96.134.133,202.96.128.166,] Domains:  MTU: 0 TcpBufferSizes: 524288,1048576,3145728,524288,1048576,2097152}
D/EthernetNetworkFactory( 1537): updateInterface: eth0 link up
I/EthernetNetworkFactory( 1537): Updating mNetworkAgent with: [ Transports: ETHERNET Capabilities: INTERNET&NOT_RESTRICTED&TRUSTED&NOT_VPN LinkUpBandwidth>=100000Kbps LinkDnBandwidth>=100000Kbps], [type: Ethernet[], state: CONNECTED/CONNECTED, reason: (unspecified), extra: 00:db:8c:06:c6:ba, roaming: false, failover: false, isAvailable: true, isConnectedToProvisioningNetwork: false], {InterfaceName: eth0 LinkAddresses: [172.16.2.15/24,]  Routes: [172.16.2.0/24 -> 0.0.0.0 eth0,0.0.0.0/0 -> 172.16.2.2 eth0,] DnsAddresses: [202.96.134.133,202.96.128.166,] Domains:  MTU: 0 TcpBufferSizes: 524288,1048576,3145728,524288,1048576,2097152}
D/EthernetNetworkFactory( 1537): updateInterface: eth0 link up
I/EthernetNetworkFactory( 1537): Updating mNetworkAgent with: [ Transports: ETHERNET Capabilities: INTERNET&NOT_RESTRICTED&TRUSTED&NOT_VPN LinkUpBandwidth>=100000Kbps LinkDnBandwidth>=100000Kbps], [type: Ethernet[], state: CONNECTED/CONNECTED, reason: (unspecified), extra: 00:db:8c:06:c6:ba, roaming: false, failover: false, isAvailable: true, isConnectedToProvisioningNetwork: false], {InterfaceName: eth0 LinkAddresses: [172.16.2.15/24,]  Routes: [172.16.2.0/24 -> 0.0.0.0 eth0,0.0.0.0/0 -> 172.16.2.2 eth0,] DnsAddresses: [202.96.134.133,202.96.128.166,] Domains:  MTU: 0 TcpBufferSizes: 524288,1048576,3145728,524288,1048576,2097152}
D/ConnectivityService( 1537): updateNetworkScore for NetworkAgentInfo [Ethernet () - 100] to 50
D/ConnectivityService( 1537): rematching NetworkAgentInfo [Ethernet () - 100]
D/ConnectivityService( 1537): Network NetworkAgentInfo [Ethernet () - 100] was already satisfying request 1. No change.
D/ConnectivityService( 1537): notifyType AVAILABLE for NetworkAgentInfo [Ethernet () - 100]
D/ConnectivityService( 1537): updateNetworkScore for NetworkAgentInfo [Ethernet () - 100] to 50
D/ConnectivityService( 1537): rematching NetworkAgentInfo [Ethernet () - 100]
D/ConnectivityManager.CallbackHandler( 1662): CM callback handler got msg 524290
D/ConnectivityService( 1537): Network NetworkAgentInfo [Ethernet () - 100] was already satisfying request 1. No change.
D/ConnectivityService( 1537): notifyType AVAILABLE for NetworkAgentInfo [Ethernet () - 100]
D/ConnectivityService( 1537): updateNetworkScore for NetworkAgentInfo [Ethernet () - 100] to 50
D/ConnectivityService( 1537): rematching NetworkAgentInfo [Ethernet () - 100]
D/ConnectivityService( 1537): Network NetworkAgentInfo [Ethernet () - 100] was already satisfying request 1. No change.
D/ConnectivityService( 1537): notifyType AVAILABLE for NetworkAgentInfo [Ethernet () - 100]
D/ConnectivityManager.CallbackHandler( 1662): CM callback handler got msg 524290
D/ConnectivityManager.CallbackHandler( 1662): CM callback handler got msg 524290
V/KeyguardServiceDelegate( 1537): *** Keyguard connected (yay!)
D/libnativebridge( 2021): call UnloadNativeBridge! state=1
I/RecoverySystem( 1537): No recovery log file
V/KeyguardServiceDelegate( 1537): **** SHOWN CALLED ****
I/HostConnection( 1537): HostConnection::HostConnection: pid=1537, tid=1562, this=0xa0cc0c90
I/        ( 1537): fastpipe: Connect success
D/HostConnection( 1537): HostRPC::connect sucess: app=system_server, pid=1537, tid=1562, this=0xa0c2d000
D/HostConnection( 1537): queryAndSetGLESMaxVersion select gles-version: 2.0 hostGLVersion:31 process:system_server
I/BootReceiver( 1537): Copying audit failures to DropBox
I/BootReceiver( 1537): Checking for fsck errors
D/EGL_adreno( 1537): eglMakeCurrent: 0xadc8db80: ver 2 0 (tinfo 0xadd93770)
D/AdHotSeat( 1912): getAdData.
V/KeyguardUpdateMonitor( 1662): action android.intent.action.SIM_STATE_CHANGED state: NOT_READY slotId: 0 subid: -2
D/KeyguardUpdateMonitor( 1662): handleSimStateChange(subId=-2, slotId=0, state=UNKNOWN)
W/KeyguardUpdateMonitor( 1662): invalid subId in handleSimStateChange()
E/DcSwitchStateMachine-0( 1878): DctController is not ready
I/AppiumUnicodeIME( 1716): onStartInput
E/ConnectivityService( 1537): Failed to find Messenger in unregisterNetworkFactory
D/ConnectivityService( 1537): Got NetworkFactory Messenger for Telephony
D/BluetoothManagerService( 1537): Message: 20
D/BluetoothManagerService( 1537): Added callback: android.bluetooth.IBluetoothManagerCallback$Stub$Proxy@f6a431b:true
D/BluetoothManagerService( 1537): Message: 30
D/BluetoothManagerService( 1537): Creating new ProfileServiceConnections object for profile: 1
E/BluetoothManagerService( 1537): Fail to bind to: Intent { act=android.bluetooth.IBluetoothHeadset }
W/BluetoothManagerService( 1537): Unable to bind with intent: Intent { act=android.bluetooth.IBluetoothHeadset }
I/ldinit  ( 1385): denglibo: exce tast...
I/ldinit  ( 1385): denglibo: on_boot_finish exce finish!
D/AdHotSeat( 1912): getModelsFromData.
D/AdHotSeat( 1912): getModelsFromData.
I/Telephony( 1878): TtyManager: updateUiTtyMode -1 -> 0
D/WIFI    ( 1537): Registering NetworkFactory
D/WIFI_UT ( 1537): Registering NetworkFactory
I/art     ( 1537): Explicit concurrent mark sweep GC freed 9634(606KB) AllocSpace objects, 7(112KB) LOS objects, 33% free, 12MB/19MB, paused 512us total 149.958ms
D/ConnectivityService( 1537): Got NetworkFactory Messenger for WIFI
D/ConnectivityService( 1537): Got NetworkFactory Messenger for WIFI_UT
D/WIFI    ( 1537): got request NetworkRequest [ id=1, legacyType=-1, [ Capabilities: INTERNET&NOT_RESTRICTED&TRUSTED&NOT_VPN] ] with score 50
D/WIFI_UT ( 1537): got request NetworkRequest [ id=1, legacyType=-1, [ Capabilities: INTERNET&NOT_RESTRICTED&TRUSTED&NOT_VPN] ] with score 50
I/ActivityManager( 1537): Start proc 2057:com.android.providers.calendar/u0a0 for broadcast com.android.providers.calendar/.CalendarReceiver
D/GpsLocationProvider( 1537): received SIM realted action: 
D/GpsLocationProvider( 1537): SIM MCC/MNC is available: 46000
D/GpsLocationProvider( 1537): Reset GPS properties, previous size = 8
D/GpsLocationProvider( 1537): GpsParamsResource: SUPL_HOST=supl.google.com
D/GpsLocationProvider( 1537): GpsParamsResource: SUPL_PORT=7275
D/GpsLocationProvider( 1537): GpsParamsResource: NTP_SERVER=north-america.pool.ntp.org
D/GpsLocationProvider( 1537): GpsParamsResource: SUPL_VER=0x20000
D/GpsLocationProvider( 1537): GpsParamsResource: SUPL_MODE=1
W/GpsLocationProvider( 1537): Could not open GPS configuration file /etc/gps.ld.conf
V/KeyguardUpdateMonitor( 1662): onSubscriptionInfoChanged()
V/KeyguardUpdateMonitor( 1662): onSubscriptionInfoChanged: list is null
D/libnativebridge( 2057): call UnloadNativeBridge! state=1
D/GpsLocationProvider( 1537): GPS properties reloaded, size = 8
E/GpsLocationProvider( 1537): no AGPS interface in set_agps_server
E/GpsLocationProvider( 1537): no GPS configuration interface in configuraiton_update
D/GpsLocationProvider( 1537): final config = #Wed Aug 08 19:51:16 GMT+08:00 2018
D/GpsLocationProvider( 1537): SUPL_VER=0x20000
D/GpsLocationProvider( 1537): SUPL_HOST=supl.google.com
D/GpsLocationProvider( 1537): XTRA_SERVER_3=http\://xtra3.gpsonextra.net/xtra.bin
D/GpsLocationProvider( 1537): XTRA_SERVER_1=http\://xtra1.gpsonextra.net/xtra.bin
D/GpsLocationProvider( 1537): SUPL_PORT=7275
D/GpsLocationProvider( 1537): XTRA_SERVER_2=http\://xtra2.gpsonextra.net/xtra.bin
D/GpsLocationProvider( 1537): NTP_SERVER=north-america.pool.ntp.org
D/GpsLocationProvider( 1537): SUPL_MODE=1
W/ResourcesManager( 2057): Asset path '/system/framework/android.test.runner.jar' does not exist or contains no resources.
D/TelephonyDebugService( 1878): TelephonyDebugService()
D/WifiService( 1537): New client listening to asynchronous messages
I/CalendarProvider2( 2057): Created com.android.providers.calendar.CalendarAlarmManager@2b593076(com.android.providers.calendar.CalendarProvider2@1301c677)
I/Telephony( 1878): PstnIncomingCallNotifier: Registering: Handler (com.android.internal.telephony.gsm.GSMPhone) {1bb04b5b}
D/AdHotSeatView( 1912): updateIconButton.
I/EmuCoreService( 1866): Broadcast action = android.intent.action.BOOT_COMPLETED
I/EmuCoreService( 1866): HostService Init inited = true
I/EmuCoreService( 1866): CoreService On Boot Complete !
D/SIP     ( 1878): [SipSharedPreferences] isReceivingCallsEnabled, option not set; use default value, exception: android.provider.Settings$SettingNotFoundException: sip_receive_calls
E/SQLiteLog( 1697): (283) recovered 84 frames from WAL file /data/data/com.android.providers.media/databases/internal.db-wal
W/MediaScanner( 1697): Error opening directory '/oem/media/', skipping: No such file or directory.
W/MediaScanner( 1697): Error opening directory '/storage/sdcard1/', skipping: Permission denied.
W/MediaScanner( 1697): Error opening directory '/storage/usb0/', skipping: Permission denied.
W/MediaScanner( 1697): Error opening directory '/storage/usb1/', skipping: Permission denied.
W/MediaScanner( 1697): Error opening directory '/storage/usb2/', skipping: Permission denied.
W/MediaScanner( 1697): Error opening directory '/storage/usb3/', skipping: Permission denied.
I/CalendarProvider2( 2057): Sending notification intent: Intent { act=android.intent.action.PROVIDER_CHANGED dat=content://com.android.calendar }
W/ContentResolver( 2057): Failed to get type for: content://com.android.calendar (Unknown URL content://com.android.calendar)
D/AudioTrack( 1537): use orig AudioTrack! mIsTimed=0 transferType=0 flags=4
D/ld_audio_hw( 1367): ld_start_output_stream, stream=0xb584a660, sampleRate =44100, channel=2, bps=16, bufSize=2048
D/AudioTrack( 1537): use orig AudioTrack! mIsTimed=0 transferType=0 flags=4
I/ActivityManager( 1537): START u0 {act=android.intent.action.MAIN cat=[android.intent.category.LAUNCHER] flg=0x10200000 cmp=com.android.settings/.Settings bnds=[35,95][143,214] (has extras)} from uid 10020 on display 0
V/WindowManager( 1537): addAppToken: AppWindowToken{3a95afdf token=Token{2c1ebe7e ActivityRecord{2a847839 u0 com.android.settings/.Settings t2}}} to stack=1 task=2 at 0
I/EmuCoreService( 1866): Broadcast action = android.intent.action.TOP_ACTIVITY_CHANGED
I/EmuCoreService( 1866): HostService Init inited = true
I/ActivityManager( 1537): Start proc 2086:com.android.settings/1000 for activity com.android.settings/.Settings
V/WindowManager( 1537): Adding window Window{3f08acc4 u0 Starting com.android.settings} at 2 of 5 (after Window{63b170c u0 com.android.launcher3/com.android.launcher3.Launcher})
D/libnativebridge( 2086): call UnloadNativeBridge! state=1
D/EGL_adreno( 1912): eglMakeCurrent: 0xadd4a3a0: ver 2 0 (tinfo 0xadc394f0)
I/IndexDatabaseHelper( 2086): Using schema version: 115
I/IndexDatabaseHelper( 2086): Index is fine
D/Index   ( 2086): Locale 'zh_CN' is already indexed
D/OpenGLRenderer( 2086): Use EGL_SWAP_BEHAVIOR_PRESERVED: true
I/gralloc_x86( 2086): --denglibo-- fallback_init, force return by denglibo
I/HostConnection( 2086): HostConnection::HostConnection: pid=2086, tid=2086, this=0xb3f05e20
I/        ( 2086): fastpipe: Connect success
D/HostConnection( 2086): HostRPC::connect sucess: app=com.android.settings, pid=2086, tid=2086, this=0xb3f9a000
D/HostConnection( 2086): queryAndSetGLESMaxVersion select gles-version: 2.0 hostGLVersion:31 process:com.android.settings
I/        ( 2086): fastpipe: Connect success
D/HostConnection( 2086): recv ProcessPuidReply name=com.android.settings puid=5
D/Atlas   ( 2086): Validating map...
W/Atlas   ( 2086): Pointer 0x0, not in getPreloadedDrawables?
W/Atlas   ( 2086): Pointer 0x0, not in getPreloadedDrawables?
W/Atlas   ( 2086): Pointer 0x0, not in getPreloadedDrawables?
W/Atlas   ( 2086): Pointer 0x0, not in getPreloadedDrawables?
W/Atlas   ( 2086): Pointer 0x0, not in getPreloadedDrawables?
W/Atlas   ( 2086): Pointer 0x0, not in getPreloadedDrawables?
W/Atlas   ( 2086): Pointer 0x0, not in getPreloadedDrawables?
W/Atlas   ( 2086): Pointer 0x0, not in getPreloadedDrawables?
W/Atlas   ( 2086): Pointer 0x0, not in getPreloadedDrawables?
W/Atlas   ( 2086): Pointer 0x0, not in getPreloadedDrawables?
W/Atlas   ( 2086): Pointer 0x0, not in getPreloadedDrawables?
W/Atlas   ( 2086): Pointer 0x0, not in getPreloadedDrawables?
W/Atlas   ( 2086): Pointer 0x0, not in getPreloadedDrawables?
W/Atlas   ( 2086): Pointer 0x0, not in getPreloadedDrawables?
W/Atlas   ( 2086): Pointer 0x0, not in getPreloadedDrawables?
W/Atlas   ( 2086): Pointer 0x0, not in getPreloadedDrawables?
W/Atlas   ( 2086): Pointer 0x0, not in getPreloadedDrawables?
W/Atlas   ( 2086): Pointer 0x0, not in getPreloadedDrawables?
W/Atlas   ( 2086): Pointer 0x0, not in getPreloadedDrawables?
W/Atlas   ( 2086): Pointer 0x0, not in getPreloadedDrawables?
W/Atlas   ( 2086): Pointer 0x0, not in getPreloadedDrawables?
W/Atlas   ( 2086): Pointer 0x0, not in getPreloadedDrawables?
W/Atlas   ( 2086): Pointer 0x0, not in getPreloadedDrawables?
W/Atlas   ( 2086): Pointer 0x0, not in getPreloadedDrawables?
W/Atlas   ( 2086): Pointer 0x0, not in getPreloadedDrawables?
W/Atlas   ( 2086): Pointer 0x0, not in getPreloadedDrawables?
W/Atlas   ( 2086): Pointer 0x0, not in getPreloadedDrawables?
W/Atlas   ( 2086): Pointer 0x0, not in getPreloadedDrawables?
W/Atlas   ( 2086): Pointer 0x0, not in getPreloadedDrawables?
W/Atlas   ( 2086): Pointer 0x0, not in getPreloadedDrawables?
W/Atlas   ( 2086): Pointer 0x0, not in getPreloadedDrawables?
W/Atlas   ( 2086): Pointer 0x0, not in getPreloadedDrawables?
W/Atlas   ( 2086): Pointer 0x0, not in getPreloadedDrawables?
W/Atlas   ( 2086): Pointer 0x0, not in getPreloadedDrawables?
W/Atlas   ( 2086): Pointer 0x0, not in getPreloadedDrawables?
W/Atlas   ( 2086): Pointer 0x0, not in getPreloadedDrawables?
W/Atlas   ( 2086): Pointer 0x0, not in getPreloadedDrawables?
W/Atlas   ( 2086): Pointer 0x0, not in getPreloadedDrawables?
W/Atlas   ( 2086): Pointer 0x0, not in getPreloadedDrawables?
W/Atlas   ( 2086): Pointer 0x0, not in getPreloadedDrawables?
W/Atlas   ( 2086): Pointer 0x0, not in getPreloadedDrawables?
W/Atlas   ( 2086): Pointer 0x0, not in getPreloadedDrawables?
W/Atlas   ( 2086): Pointer 0x0, not in getPreloadedDrawables?
W/Atlas   ( 2086): Pointer 0x0, not in getPreloadedDrawables?
W/Atlas   ( 2086): Pointer 0x0, not in getPreloadedDrawables?
W/Atlas   ( 2086): Pointer 0x0, not in getPreloadedDrawables?
W/Atlas   ( 2086): Pointer 0x0, not in getPreloadedDrawables?
W/Atlas   ( 2086): Pointer 0x0, not in getPreloadedDrawables?
W/Atlas   ( 2086): Pointer 0x0, not in getPreloadedDrawables?
W/Atlas   ( 2086): Pointer 0x0, not in getPreloadedDrawables?
W/Atlas   ( 2086): Pointer 0x0, not in getPreloadedDrawables?
W/Atlas   ( 2086): Pointer 0x0, not in getPreloadedDrawables?
W/Atlas   ( 2086): Pointer 0x0, not in getPreloadedDrawables?
W/Atlas   ( 2086): Pointer 0x0, not in getPreloadedDrawables?
W/Atlas   ( 2086): Pointer 0x0, not in getPreloadedDrawables?
W/Atlas   ( 2086): Pointer 0x0, not in getPreloadedDrawables?
W/Atlas   ( 2086): Pointer 0x0, not in getPreloadedDrawables?
W/Atlas   ( 2086): Pointer 0x0, not in getPreloadedDrawables?
W/Atlas   ( 2086): Pointer 0x0, not in getPreloadedDrawables?
W/Atlas   ( 2086): Pointer 0x0, not in getPreloadedDrawables?
W/Atlas   ( 2086): Pointer 0x0, not in getPreloadedDrawables?
W/Atlas   ( 2086): Pointer 0x0, not in getPreloadedDrawables?
W/Atlas   ( 2086): Pointer 0x0, not in getPreloadedDrawables?
W/Atlas   ( 2086): Pointer 0x0, not in getPreloadedDrawables?
W/Atlas   ( 2086): Pointer 0x0, not in getPreloadedDrawables?
W/Atlas   ( 2086): Pointer 0x0, not in getPreloadedDrawables?
W/Atlas   ( 2086): Pointer 0x0, not in getPreloadedDrawables?
W/Atlas   ( 2086): Pointer 0x0, not in getPreloadedDrawables?
W/Atlas   ( 2086): Pointer 0x0, not in getPreloadedDrawables?
W/Atlas   ( 2086): Pointer 0x0, not in getPreloadedDrawables?
W/Atlas   ( 2086): Pointer 0x0, not in getPreloadedDrawables?
W/Atlas   ( 2086): Pointer 0x0, not in getPreloadedDrawables?
W/Atlas   ( 2086): Pointer 0x0, not in getPreloadedDrawables?
W/Atlas   ( 2086): Pointer 0x0, not in getPreloadedDrawables?
W/Atlas   ( 2086): Pointer 0x0, not in getPreloadedDrawables?
W/Atlas   ( 2086): Pointer 0x0, not in getPreloadedDrawables?
W/Atlas   ( 2086): Pointer 0x0, not in getPreloadedDrawables?
W/Atlas   ( 2086): Pointer 0x0, not in getPreloadedDrawables?
W/Atlas   ( 2086): Pointer 0x0, not in getPreloadedDrawables?
W/Atlas   ( 2086): Pointer 0x0, not in getPreloadedDrawables?
W/Atlas   ( 2086): Pointer 0x0, not in getPreloadedDrawables?
W/Atlas   ( 2086): Pointer 0x0, not in getPreloadedDrawables?
W/Atlas   ( 2086): Pointer 0x0, not in getPreloadedDrawables?
W/Atlas   ( 2086): Pointer 0x0, not in getPreloadedDrawables?
W/Atlas   ( 2086): Pointer 0x0, not in getPreloadedDrawables?
W/Atlas   ( 2086): Pointer 0x0, not in getPreloadedDrawables?
W/Atlas   ( 2086): Pointer 0x0, not in getPreloadedDrawables?
W/Atlas   ( 2086): Pointer 0x0, not in getPreloadedDrawables?
W/Atlas   ( 2086): Pointer 0x0, not in getPreloadedDrawables?
W/Atlas   ( 2086): Pointer 0x0, not in getPreloadedDrawables?
W/Atlas   ( 2086): Pointer 0x0, not in getPreloadedDrawables?
W/Atlas   ( 2086): Pointer 0x0, not in getPreloadedDrawables?
W/Atlas   ( 2086): Pointer 0x0, not in getPreloadedDrawables?
W/Atlas   ( 2086): Pointer 0x0, not in getPreloadedDrawables?
W/Atlas   ( 2086): Pointer 0x0, not in getPreloadedDrawables?
W/Atlas   ( 2086): Pointer 0x0, not in getPreloadedDrawables?
W/Atlas   ( 2086): Pointer 0x0, not in getPreloadedDrawables?
W/Atlas   ( 2086): Pointer 0x0, not in getPreloadedDrawables?
W/Atlas   ( 2086): Pointer 0x0, not in getPreloadedDrawables?
W/Atlas   ( 2086): Pointer 0x0, not in getPreloadedDrawables?
W/Atlas   ( 2086): Pointer 0x0, not in getPreloadedDrawables?
W/Atlas   ( 2086): Pointer 0x0, not in getPreloadedDrawables?
W/Atlas   ( 2086): Pointer 0x0, not in getPreloadedDrawables?
W/Atlas   ( 2086): Pointer 0x0, not in getPreloadedDrawables?
W/Atlas   ( 2086): Pointer 0x0, not in getPreloadedDrawables?
W/Atlas   ( 2086): Pointer 0x0, not in getPreloadedDrawables?
W/Atlas   ( 2086): Pointer 0x0, not in getPreloadedDrawables?
W/Atlas   ( 2086): Pointer 0x0, not in getPreloadedDrawables?
W/Atlas   ( 2086): Pointer 0x0, not in getPreloadedDrawables?
W/Atlas   ( 2086): Pointer 0x0, not in getPreloadedDrawables?
W/Atlas   ( 2086): Pointer 0x0, not in getPreloadedDrawables?
W/Atlas   ( 2086): Pointer 0x0, not in getPreloadedDrawables?
W/Atlas   ( 2086): Pointer 0x0, not in getPreloadedDrawables?
W/Atlas   ( 2086): Pointer 0x0, not in getPreloadedDrawables?
W/Atlas   ( 2086): Pointer 0x0, not in getPreloadedDrawables?
W/Atlas   ( 2086): Pointer 0x0, not in getPreloadedDrawables?
W/Atlas   ( 2086): Pointer 0x0, not in getPreloadedDrawables?
W/Atlas   ( 2086): Pointer 0x0, not in getPreloadedDrawables?
W/Atlas   ( 2086): Pointer 0x0, not in getPreloadedDrawables?
W/Atlas   ( 2086): Pointer 0x0, not in getPreloadedDrawables?
W/Atlas   ( 2086): Pointer 0x0, not in getPreloadedDrawables?
W/Atlas   ( 2086): Pointer 0x0, not in getPreloadedDrawables?
W/Atlas   ( 2086): Pointer 0x0, not in getPreloadedDrawables?
W/Atlas   ( 2086): Pointer 0x0, not in getPreloadedDrawables?
W/Atlas   ( 2086): Pointer 0x0, not in getPreloadedDrawables?
W/Atlas   ( 2086): Pointer 0x0, not in getPreloadedDrawables?
W/Atlas   ( 2086): Pointer 0x0, not in getPreloadedDrawables?
W/Atlas   ( 2086): Pointer 0x0, not in getPreloadedDrawables?
W/Atlas   ( 2086): Pointer 0x0, not in getPreloadedDrawables?
W/Atlas   ( 2086): Pointer 0x0, not in getPreloadedDrawables?
W/Atlas   ( 2086): Pointer 0x0, not in getPreloadedDrawables?
W/Atlas   ( 2086): Pointer 0x0, not in getPreloadedDrawables?
W/Atlas   ( 2086): Pointer 0x0, not in getPreloadedDrawables?
W/Atlas   ( 2086): Pointer 0x0, not in getPreloadedDrawables?
W/Atlas   ( 2086): Pointer 0x0, not in getPreloadedDrawables?
W/Atlas   ( 2086): Pointer 0x0, not in getPreloadedDrawables?
W/Atlas   ( 2086): Pointer 0x0, not in getPreloadedDrawables?
W/Atlas   ( 2086): Pointer 0x0, not in getPreloadedDrawables?
W/Atlas   ( 2086): Pointer 0x0, not in getPreloadedDrawables?
W/Atlas   ( 2086): Pointer 0x0, not in getPreloadedDrawables?
W/Atlas   ( 2086): Pointer 0x0, not in getPreloadedDrawables?
W/Atlas   ( 2086): Pointer 0x0, not in getPreloadedDrawables?
W/Atlas   ( 2086): Pointer 0x0, not in getPreloadedDrawables?
W/Atlas   ( 2086): Pointer 0x0, not in getPreloadedDrawables?
W/Atlas   ( 2086): Pointer 0x0, not in getPreloadedDrawables?
W/Atlas   ( 2086): Pointer 0x0, not in getPreloadedDrawables?
W/Atlas   ( 2086): Pointer 0x0, not in getPreloadedDrawables?
W/Atlas   ( 2086): Pointer 0x0, not in getPreloadedDrawables?
W/Atlas   ( 2086): Pointer 0x0, not in getPreloadedDrawables?
W/Atlas   ( 2086): Pointer 0x0, not in getPreloadedDrawables?
W/Atlas   ( 2086): Pointer 0x0, not in getPreloadedDrawables?
W/Atlas   ( 2086): Pointer 0x0, not in getPreloadedDrawables?
W/Atlas   ( 2086): Pointer 0x0, not in getPreloadedDrawables?
W/Atlas   ( 2086): Pointer 0x0, not in getPreloadedDrawables?
W/Atlas   ( 2086): Pointer 0x0, not in getPreloadedDrawables?
W/Atlas   ( 2086): Pointer 0x0, not in getPreloadedDrawables?
W/Atlas   ( 2086): Pointer 0x0, not in getPreloadedDrawables?
W/Atlas   ( 2086): Pointer 0x0, not in getPreloadedDrawables?
W/Atlas   ( 2086): Pointer 0x0, not in getPreloadedDrawables?
W/Atlas   ( 2086): Pointer 0x0, not in getPreloadedDrawables?
W/Atlas   ( 2086): Pointer 0x0, not in getPreloadedDrawables?
W/Atlas   ( 2086): Pointer 0x0, not in getPreloadedDrawables?
W/Atlas   ( 2086): Pointer 0x0, not in getPreloadedDrawables?
W/Atlas   ( 2086): Pointer 0x0, not in getPreloadedDrawables?
W/Atlas   ( 2086): Pointer 0x0, not in getPreloadedDrawables?
V/WindowManager( 1537): Adding window Window{132faa63 u0 com.android.settings/com.android.settings.Settings} at 2 of 6 (before Window{3f08acc4 u0 Starting com.android.settings})
D/DashboardSummary( 2086): rebuildUI took: 62 ms
I/HostConnection( 2086): HostConnection::HostConnection: pid=2086, tid=2104, this=0xb3ff0740
I/        ( 2086): fastpipe: Connect success
D/HostConnection( 2086): HostRPC::connect sucess: app=com.android.settings, pid=2086, tid=2104, this=0xb3ff1000
D/HostConnection( 2086): queryAndSetGLESMaxVersion select gles-version: 2.0 hostGLVersion:31 process:com.android.settings
I/OpenGLRenderer( 2086): Initialized EGL, version 1.4
I/EGL_adreno( 2086): eglCreateContext request GLES major-version=2
D/EGL_adreno( 2086): eglCreateContext: 0xb3ec63a0: maj 2 min 0 rcv 2
D/EGL_adreno( 2086): eglMakeCurrent: 0xb3ec63a0: ver 2 0 (tinfo 0xb3f9c2f0)
D/HostConnection( 2086): ExtendedRCEncoderContext GL_VERSION return OpenGL ES 2.0 (3.1.0 - Build 9.17.10.4229)
D/OpenGLRenderer( 2086): Enabling debug mode 0
E/EGL_adreno( 2086): tid 2104: eglSurfaceAttrib(1266): error 0x3009 (EGL_BAD_MATCH)
W/OpenGLRenderer( 2086): Failed to set EGL_SWAP_BEHAVIOR on surface 0xb3fe8500, error=EGL_BAD_MATCH
D/EGL_adreno( 2086): eglMakeCurrent: 0xb3ec63a0: ver 2 0 (tinfo 0xb3f9c2f0)
I/ActivityManager( 1537): Displayed com.android.settings/.Settings: +599ms
I/AppiumUnicodeIME( 1716): onFinishInput
I/AppiumUnicodeIME( 1716): onStartInput
E/SQLiteLog( 2057): (284) automatic index on view_events(_id)
I/ActivityManager( 1537): START u0 {act=android.intent.action.MAIN cmp=com.android.settings/.SubSettings (has extras)} from uid 1000 on display 0
D/AudioTrack( 1537): use orig AudioTrack! mIsTimed=0 transferType=0 flags=4
V/WindowManager( 1537): addAppToken: AppWindowToken{302602db token=Token{a58cfea ActivityRecord{24777bd5 u0 com.android.settings/.SubSettings t2}}} to stack=1 task=2 at 1
I/EmuCoreService( 1866): Broadcast action = android.intent.action.TOP_ACTIVITY_CHANGED
I/EmuCoreService( 1866): HostService Init inited = true
D/SubSettings( 2086): Launching fragment com.android.settings.wifi.WifiSettings
D/WifiService( 1537): New client listening to asynchronous messages
V/WindowManager( 1537): Adding window Window{f19fc1 u0 com.android.settings/com.android.settings.SubSettings} at 3 of 6 (after Window{132faa63 u0 com.android.settings/com.android.settings.Settings})
E/EGL_adreno( 2086): tid 2104: eglSurfaceAttrib(1266): error 0x3009 (EGL_BAD_MATCH)
W/OpenGLRenderer( 2086): Failed to set EGL_SWAP_BEHAVIOR on surface 0xa1e9d220, error=EGL_BAD_MATCH
D/EGL_adreno( 2086): eglMakeCurrent: 0xb3ec63a0: ver 2 0 (tinfo 0xb3f9c2f0)
D/EGL_adreno( 2086): eglMakeCurrent: 0xb3ec63a0: ver 2 0 (tinfo 0xb3f9c2f0)
D/Index   ( 2086): Deleting data for locale 'zh_CN' took 24 millis
D/Index   ( 2086): Indexing locale 'zh_CN' took 13 millis
D/EGL_adreno( 2086): eglMakeCurrent: 0xb3ec63a0: ver 2 0 (tinfo 0xb3f9c2f0)
D/EGL_adreno( 2086): eglMakeCurrent: 0xb3ec63a0: ver 2 0 (tinfo 0xb3f9c2f0)
I/ActivityManager( 1537): Displayed com.android.settings/.SubSettings: +261ms
I/AppiumUnicodeIME( 1716): onFinishInput
I/AppiumUnicodeIME( 1716): onStartInput
D/EGL_adreno( 2086): eglMakeCurrent: 0xb3ec63a0: ver 2 0 (tinfo 0xb3f9c2f0)
D/EGL_adreno( 2086): eglMakeCurrent: 0xb3ec63a0: ver 2 0 (tinfo 0xb3f9c2f0)
D/EGL_adreno( 2086): eglMakeCurrent: 0xb3ec63a0: ver 2 0 (tinfo 0xb3f9c2f0)
E/RemotePrintSpooler( 1537): Error removing obsolete print jobs .
E/RemotePrintSpooler( 1537): java.util.concurrent.TimeoutException: Cannot get spooler!
E/RemotePrintSpooler( 1537): 	at com.android.server.print.RemotePrintSpooler.bindLocked(RemotePrintSpooler.java:378)
E/RemotePrintSpooler( 1537): 	at com.android.server.print.RemotePrintSpooler.getRemoteInstanceLazy(RemotePrintSpooler.java:354)
E/RemotePrintSpooler( 1537): 	at com.android.server.print.RemotePrintSpooler.removeObsoletePrintJobs(RemotePrintSpooler.java:289)
E/RemotePrintSpooler( 1537): 	at com.android.server.print.UserState.removeObsoletePrintJobs(UserState.java:165)
E/RemotePrintSpooler( 1537): 	at com.android.server.print.PrintManagerService$PrintManagerImpl$3.run(PrintManagerService.java:644)
E/RemotePrintSpooler( 1537): 	at android.os.Handler.handleCallback(Handler.java:739)
E/RemotePrintSpooler( 1537): 	at android.os.Handler.dispatchMessage(Handler.java:95)
E/RemotePrintSpooler( 1537): 	at android.os.Looper.loop(Looper.java:135)
E/RemotePrintSpooler( 1537): 	at android.os.HandlerThread.run(HandlerThread.java:61)
I/UsageStatsService( 1537): User[0] Flushing usage stats to disk
I/UsageStatsDatabase( 1537): Moving file /data/system/usagestats/0/daily/1532563226661 to /data/system/usagestats/0/daily/1532563230546
I/UsageStatsDatabase( 1537): Moving file /data/system/usagestats/0/daily/1532649611890 to /data/system/usagestats/0/daily/1532649615775
I/UsageStatsDatabase( 1537): Moving file /data/system/usagestats/0/daily/1532995206059 to /data/system/usagestats/0/daily/1532995209944
I/UsageStatsDatabase( 1537): Moving file /data/system/usagestats/0/daily/1533686400000 to /data/system/usagestats/0/daily/1533686403885
I/UsageStatsDatabase( 1537): Moving file /data/system/usagestats/0/weekly/1531958452864 to /data/system/usagestats/0/weekly/1531958456749
I/UsageStatsDatabase( 1537): Moving file /data/system/usagestats/0/weekly/1532563226661 to /data/system/usagestats/0/weekly/1532563230546
I/UsageStatsDatabase( 1537): Moving file /data/system/usagestats/0/weekly/1533168000000 to /data/system/usagestats/0/weekly/1533168003885
I/UsageStatsDatabase( 1537): Moving file /data/system/usagestats/0/monthly/1531872052864 to /data/system/usagestats/0/monthly/1531872056749
I/UsageStatsDatabase( 1537): Moving file /data/system/usagestats/0/yearly/1513728052864 to /data/system/usagestats/0/yearly/1513728056749
I/UsageStatsService( 1537): User[0] Rollover scheduled @ 2018-08-09 08:00:00(1533772800000)
I/FusedLocation( 1537): engine started (com.android.location.fused)
D/GpsLocationProvider( 1537): NTP server returned: 1533729072641 (Wed Aug 08 19:51:12 GMT+08:00 2018) reference: 20994 certainty: 96 system time offset: -11174
D/gps_ld  ( 1537): serial_gps_inject_time: called
D/GpsLocationProvider( 1537): received SIM realted action: 
D/GpsLocationProvider( 1537): SIM MCC/MNC is available: 46000
D/GpsLocationProvider( 1537): Reset GPS properties, previous size = 8
D/GpsLocationProvider( 1537): GpsParamsResource: SUPL_HOST=supl.google.com
D/GpsLocationProvider( 1537): GpsParamsResource: SUPL_PORT=7275
D/GpsLocationProvider( 1537): GpsParamsResource: NTP_SERVER=north-america.pool.ntp.org
D/GpsLocationProvider( 1537): GpsParamsResource: SUPL_VER=0x20000
D/GpsLocationProvider( 1537): GpsParamsResource: SUPL_MODE=1
W/GpsLocationProvider( 1537): Could not open GPS configuration file /etc/gps.ld.conf
D/GpsLocationProvider( 1537): GPS properties reloaded, size = 8
E/GpsLocationProvider( 1537): no AGPS interface in set_agps_server
E/GpsLocationProvider( 1537): no GPS configuration interface in configuraiton_update
D/GpsLocationProvider( 1537): final config = #Wed Aug 08 19:51:23 GMT+08:00 2018
D/GpsLocationProvider( 1537): SUPL_VER=0x20000
D/GpsLocationProvider( 1537): SUPL_HOST=supl.google.com
D/GpsLocationProvider( 1537): XTRA_SERVER_3=http\://xtra3.gpsonextra.net/xtra.bin
D/GpsLocationProvider( 1537): XTRA_SERVER_1=http\://xtra1.gpsonextra.net/xtra.bin
D/GpsLocationProvider( 1537): SUPL_PORT=7275
D/GpsLocationProvider( 1537): XTRA_SERVER_2=http\://xtra2.gpsonextra.net/xtra.bin
D/GpsLocationProvider( 1537): NTP_SERVER=north-america.pool.ntp.org
D/GpsLocationProvider( 1537): SUPL_MODE=1
D/EGL_adreno( 2086): eglMakeCurrent: 0xb3ec63a0: ver 2 0 (tinfo 0xb3f9c2f0)
D/WifiService( 1537): setWifiEnabled: true pid=2086, uid=1000
E/WifiService( 1537): Invoking mWifiStateMachine.setWifiEnabled
D/AudioTrack( 1537): use orig AudioTrack! mIsTimed=0 transferType=0 flags=4
I/LdWifi  ( 1537): call wifi_load_driver!
D/NetworkManagementService( 1537): denglibo setInterfaceDown: wlan0
E/ProbeModule( 2115): insmod: Failed to load module file [/system/lib/modules/4.0.9-android-x86/kernel/net/wireless/cfg80211.ko]
E/ProbeModule( 2115): insmod_by_dep: cannot load module: [netdev-wlan0]
E/ProbeModule( 2117): insmod_by_dep: cannot load module: [wlan0]
E/ProbeModule( 2119): insmod: Failed to load module file [/system/lib/modules/4.0.9-android-x86/kernel/net/wireless/cfg80211.ko]
E/ProbeModule( 2119): insmod_by_dep: cannot load module: [netdev-wlan0]
E/ProbeModule( 2121): insmod_by_dep: cannot load module: [wlan0]
E/ProbeModule( 2123): insmod: Failed to load module file [/system/lib/modules/4.0.9-android-x86/kernel/net/wireless/cfg80211.ko]
E/ProbeModule( 2123): insmod_by_dep: cannot load module: [netdev-wlan0]
E/ProbeModule( 2125): insmod_by_dep: cannot load module: [wlan0]
E/ProbeModule( 2127): insmod: Failed to load module file [/system/lib/modules/4.0.9-android-x86/kernel/net/wireless/cfg80211.ko]
E/ProbeModule( 2127): insmod_by_dep: cannot load module: [netdev-wlan0]
E/ProbeModule( 2129): insmod_by_dep: cannot load module: [wlan0]
W/CommandListener( 1363): Failed to retrieve HW addr for wlan0 (No such device)
D/CommandListener( 1363): Setting iface cfg
E/ProbeModule( 2131): insmod: Failed to load module file [/system/lib/modules/4.0.9-android-x86/kernel/net/wireless/cfg80211.ko]
E/ProbeModule( 2131): insmod_by_dep: cannot load module: [netdev-wlan0]
E/ProbeModule( 2133): insmod_by_dep: cannot load module: [wlan0]
E/WifiStateMachine( 1537): Unable to change interface settings: java.lang.IllegalStateException: command '19 interface setcfg wlan0 0.0.0.0 0 down' failed with '400 19 Failed to set address (No such device)'
D/WifiMonitor( 1537): denglibo killSupplicant! p2pSupported=false
E/WifiMonitor( 1537): killSupplicant p2pfalse init.svc.wpa_supplicant=unknown init.svc.p2p_supplicant=unknown
D/WifiMonitor( 1537): startMonitoring(wlan0) with mConnected = false
D/WifiConfigStore( 1537): Loading config and enabling all networks 
W/LdWifi  ( 1537): denglibo wifi command unkown!!! cmd=IFNAME=wlan0 GET_NETWORK 0 wep_key0
W/LdWifi  ( 1537): denglibo wifi command unkown!!! cmd=IFNAME=wlan0 GET_NETWORK 0 wep_key1
W/LdWifi  ( 1537): denglibo wifi command unkown!!! cmd=IFNAME=wlan0 GET_NETWORK 0 wep_key2
W/LdWifi  ( 1537): denglibo wifi command unkown!!! cmd=IFNAME=wlan0 GET_NETWORK 0 wep_key3
W/LdWifi  ( 1537): denglibo wifi command unkown!!! cmd=IFNAME=wlan0 GET_NETWORK 0 psk
W/LdWifi  ( 1537): denglibo wifi command unkown!!! cmd=IFNAME=wlan0 GET_NETWORK 0 auth_alg
W/LdWifi  ( 1537): denglibo wifi command unkown!!! cmd=IFNAME=wlan0 GET_NETWORK 0 eap
W/LdWifi  ( 1537): denglibo wifi command unkown!!! cmd=IFNAME=wlan0 GET_NETWORK 0 phase2
W/LdWifi  ( 1537): denglibo wifi command unkown!!! cmd=IFNAME=wlan0 GET_NETWORK 0 identity
W/LdWifi  ( 1537): denglibo wifi command unkown!!! cmd=IFNAME=wlan0 GET_NETWORK 0 anonymous_identity
W/LdWifi  ( 1537): denglibo wifi command unkown!!! cmd=IFNAME=wlan0 GET_NETWORK 0 password
W/LdWifi  ( 1537): denglibo wifi command unkown!!! cmd=IFNAME=wlan0 GET_NETWORK 0 client_cert
W/LdWifi  ( 1537): denglibo wifi command unkown!!! cmd=IFNAME=wlan0 GET_NETWORK 0 ca_cert
W/LdWifi  ( 1537): denglibo wifi command unkown!!! cmd=IFNAME=wlan0 GET_NETWORK 0 subject_match
W/LdWifi  ( 1537): denglibo wifi command unkown!!! cmd=IFNAME=wlan0 GET_NETWORK 0 key_id
W/LdWifi  ( 1537): denglibo wifi command unkown!!! cmd=IFNAME=wlan0 GET_NETWORK 0 private_key
E/WifiConfigStore( 1537): Error parsing configuration: java.io.FileNotFoundException: /data/misc/wifi/ipconfig.txt: open failed: ENOENT (No such file or directory)
D/WifiNative-HAL( 1537): Setting external_sim to 1
D/WifiStateMachine( 1537): Setting OUI to DA-A1-19
I/WifiNative-HAL( 1537): startHal
E/wifi    ( 1537): getStaticLongField sWifiHalHandle 0x9ffef89c
D/wifi    ( 1537): halHandle = 0x0, mVM = 0xb3c4d280, mCls = 0x10128a
I/WifiNative-HAL( 1537): Could not start hal
I/WifiNative-HAL( 1537): startHal
E/WifiStateMachine( 1537): cancelDelayedScan -> 1
D/WifiScanningService( 1537): SCAN_AVAILABLE : 3
D/RttService( 1537): SCAN_AVAILABLE : 3
D/WifiScanningService( 1537): DefaultState got{ when=0 what=160006 target=com.android.internal.util.StateMachine$SmHandler }
I/WifiNative-HAL( 1537): startHal
E/WifiScanningService( 1537): could not start HAL
D/RttService( 1537): DefaultState got{ when=0 what=160512 target=com.android.internal.util.StateMachine$SmHandler }
E/native  ( 1537): do suspend false
I/WifiNative-HAL( 1537): startHal
D/Index   ( 2086): Deleting data for locale 'zh_CN' took 1 millis
D/Index   ( 2086): Indexing locale 'zh_CN' took 9 millis
I/WifiNative-HAL( 1537): startHal
E/WifiStateMachine( 1537): denglibo mScanResults.size=1
E/WifiStateMachine( 1537): WifiStateMachine shouldSwitchNetwork  txSuccessRate=-0.12 rxSuccessRate=-0.12 delta 1000 -> 1000
E/WifiConfigStore( 1537):  rewrite network history for "wireless"NONE
E/WifiStateMachine( 1537): CMD_AUTO_CONNECT sup state UninitializedState my state DisconnectedState nid=0 roam=3
E/WifiStateMachine( 1537): CMD_AUTO_CONNECT will save config -> "wireless" nid=0
E/WifiConfigStore( 1537): Setting BSSID for "wireless"NONE to 00:81:ba:06:db:c6
E/WifiConfigStore( 1537): will read network variables netId=0
W/LdWifi  ( 1537): denglibo wifi command unkown!!! cmd=IFNAME=wlan0 GET_NETWORK 0 wep_key0
W/LdWifi  ( 1537): denglibo wifi command unkown!!! cmd=IFNAME=wlan0 GET_NETWORK 0 wep_key1
W/LdWifi  ( 1537): denglibo wifi command unkown!!! cmd=IFNAME=wlan0 GET_NETWORK 0 wep_key2
W/LdWifi  ( 1537): denglibo wifi command unkown!!! cmd=IFNAME=wlan0 GET_NETWORK 0 wep_key3
W/LdWifi  ( 1537): denglibo wifi command unkown!!! cmd=IFNAME=wlan0 GET_NETWORK 0 psk
W/LdWifi  ( 1537): denglibo wifi command unkown!!! cmd=IFNAME=wlan0 GET_NETWORK 0 auth_alg
W/LdWifi  ( 1537): denglibo wifi command unkown!!! cmd=IFNAME=wlan0 GET_NETWORK 0 eap
W/LdWifi  ( 1537): denglibo wifi command unkown!!! cmd=IFNAME=wlan0 GET_NETWORK 0 phase2
W/LdWifi  ( 1537): denglibo wifi command unkown!!! cmd=IFNAME=wlan0 GET_NETWORK 0 identity
W/LdWifi  ( 1537): denglibo wifi command unkown!!! cmd=IFNAME=wlan0 GET_NETWORK 0 anonymous_identity
W/LdWifi  ( 1537): denglibo wifi command unkown!!! cmd=IFNAME=wlan0 GET_NETWORK 0 password
W/LdWifi  ( 1537): denglibo wifi command unkown!!! cmd=IFNAME=wlan0 GET_NETWORK 0 client_cert
W/LdWifi  ( 1537): denglibo wifi command unkown!!! cmd=IFNAME=wlan0 GET_NETWORK 0 ca_cert
W/LdWifi  ( 1537): denglibo wifi command unkown!!! cmd=IFNAME=wlan0 GET_NETWORK 0 subject_match
W/LdWifi  ( 1537): denglibo wifi command unkown!!! cmd=IFNAME=wlan0 GET_NETWORK 0 key_id
W/LdWifi  ( 1537): denglibo wifi command unkown!!! cmd=IFNAME=wlan0 GET_NETWORK 0 private_key
E/WifiStateMachine( 1537): CMD_AUTO_CONNECT did save config ->  nid=0
E/WifiConfigStore( 1537): will read network variables netId=0
W/LdWifi  ( 1537): denglibo wifi command unkown!!! cmd=IFNAME=wlan0 GET_NETWORK 0 wep_key0
W/LdWifi  ( 1537): denglibo wifi command unkown!!! cmd=IFNAME=wlan0 GET_NETWORK 0 wep_key1
W/LdWifi  ( 1537): denglibo wifi command unkown!!! cmd=IFNAME=wlan0 GET_NETWORK 0 wep_key2
W/LdWifi  ( 1537): denglibo wifi command unkown!!! cmd=IFNAME=wlan0 GET_NETWORK 0 wep_key3
W/LdWifi  ( 1537): denglibo wifi command unkown!!! cmd=IFNAME=wlan0 GET_NETWORK 0 psk
W/LdWifi  ( 1537): denglibo wifi command unkown!!! cmd=IFNAME=wlan0 GET_NETWORK 0 auth_alg
W/LdWifi  ( 1537): denglibo wifi command unkown!!! cmd=IFNAME=wlan0 GET_NETWORK 0 eap
W/LdWifi  ( 1537): denglibo wifi command unkown!!! cmd=IFNAME=wlan0 GET_NETWORK 0 phase2
W/LdWifi  ( 1537): denglibo wifi command unkown!!! cmd=IFNAME=wlan0 GET_NETWORK 0 identity
W/LdWifi  ( 1537): denglibo wifi command unkown!!! cmd=IFNAME=wlan0 GET_NETWORK 0 anonymous_identity
W/LdWifi  ( 1537): denglibo wifi command unkown!!! cmd=IFNAME=wlan0 GET_NETWORK 0 password
W/LdWifi  ( 1537): denglibo wifi command unkown!!! cmd=IFNAME=wlan0 GET_NETWORK 0 client_cert
W/LdWifi  ( 1537): denglibo wifi command unkown!!! cmd=IFNAME=wlan0 GET_NETWORK 0 ca_cert
W/LdWifi  ( 1537): denglibo wifi command unkown!!! cmd=IFNAME=wlan0 GET_NETWORK 0 subject_match
W/LdWifi  ( 1537): denglibo wifi command unkown!!! cmd=IFNAME=wlan0 GET_NETWORK 0 key_id
W/LdWifi  ( 1537): denglibo wifi command unkown!!! cmd=IFNAME=wlan0 GET_NETWORK 0 private_key
I/WifiNative-HAL( 1537): startHal
E/WifiStateMachine( 1537): denglibo mScanResults.size=1
I/LdWifi  ( 1537): ld_get_eth0_ip return 172.16.2.15
D/ConnectivityService( 1537): registerNetworkAgent NetworkAgentInfo{ ni{[type: WIFI[], state: CONNECTING/CONNECTING, reason: (unspecified), extra: "wireless", roaming: false, failover: false, isAvailable: true, isConnectedToProvisioningNetwork: false]}  network{null}  lp{{LinkAddresses: []  Routes: [] DnsAddresses: [] Domains: null MTU: 0 TcpBufferSizes: 524288,1048576,2097152,262144,524288,1048576}}  nc{[ Transports: WIFI Capabilities: INTERNET&NOT_RESTRICTED&TRUSTED&NOT_VPN LinkUpBandwidth>=1048576Kbps LinkDnBandwidth>=1048576Kbps]}  Score{20}  everValidated{false}  lastValidated{false}  created{false}  explicitlySelected{false} }
D/ConnectivityService( 1537): NetworkAgentInfo [WIFI () - 101] EVENT_NETWORK_INFO_CHANGED, going from null to CONNECTING
E/WifiConfigStore( 1537): saveWifiConfigBSSID Setting BSSID for "wireless"NONE to any
E/WifiConfigStore( 1537): saveWifiConfigBSSID Setting BSSID for "wireless"NONE to any
E/Netd    ( 1363): Failed to open /proc/sys/net/ipv6/conf/wlan0/disable_ipv6: No such file or directory
E/WifiStateMachine( 1537): Failed to enable IPv6: java.lang.IllegalStateException: command '20 interface ipv6 wlan0 enable' failed with '400 20 Failed to change IPv6 state (No such file or directory)'
E/WifiStateMachine( 1537): denglibo post WIFI static ip address message!
D/ConnectivityService( 1537): updateNetworkScore for NetworkAgentInfo [WIFI () - 101] to 60
D/ConnectivityService( 1537): rematching NetworkAgentInfo [Ethernet () - 100]
