D/EGL_adreno(11190): eglMakeCurrent: 0xb3edf6a0: ver 2 0 (tinfo 0xa2c349e0)
I/appium  ( 4648): AppiumResponse: {"sessionId":"218c696f-001b-462e-aef6-dde4a6021e49","status":0,"value":{"ELEMENT":"60b1053e-5689-42fb-8c6c-0ed118cf0d06"}}
I/appium  ( 4648): channel read invoked!
I/appium  ( 4648): channel read: POST /wd/hub/session/218c696f-001b-462e-aef6-dde4a6021e49/element
I/appium  ( 4648): Find element command
D/appium  ( 4648): payload: {"strategy":"id","selector":"com.jieshun.jslife:id/rl_door_safe_setting","context":"","multiple":false}
I/appium  ( 4648): find element command using 'id' with selector 'com.jieshun.jslife:id/rl_door_safe_setting'.
I/appium  ( 4648): AppiumResponse: {"sessionId":"218c696f-001b-462e-aef6-dde4a6021e49","status":0,"value":{"ELEMENT":"74dc87cf-d25e-4649-bc0c-9e1dd0b0645a"}}
I/appium  ( 4648): channel read invoked!
I/appium  ( 4648): channel read: POST /wd/hub/session/218c696f-001b-462e-aef6-dde4a6021e49/element/74dc87cf-d25e-4649-bc0c-9e1dd0b0645a/click
D/appium  ( 4648): payload: {"element":"74dc87cf-d25e-4649-bc0c-9e1dd0b0645a"}
I/appium  ( 4648): Click element command
I/appium  ( 4648): AppiumResponse: {"sessionId":"218c696f-001b-462e-aef6-dde4a6021e49","status":0,"value":true}
I/appium  ( 4648): channel read invoked!
I/appium  ( 4648): channel read: POST /wd/hub/session/218c696f-001b-462e-aef6-dde4a6021e49/element
I/appium  ( 4648): Find element command
D/appium  ( 4648): payload: {"strategy":"id","selector":"com.jieshun.jslife:id/cb_open_door_by_shake","context":"","multiple":false}
I/appium  ( 4648): find element command using 'id' with selector 'com.jieshun.jslife:id/cb_open_door_by_shake'.
D/EGL_adreno(11190): eglMakeCurrent: 0xb3edf6a0: ver 2 0 (tinfo 0xa2c349e0)
D/AudioTrack( 1538): use orig AudioTrack! mIsTimed=0 transferType=0 flags=4
I/ActivityManager( 1538): START u0 {cmp=com.jieshun.jslife/.activity.userinfo.EnterExitGateSettingActivity} from uid 10028 on display 0
V/WindowManager( 1538): addAppToken: AppWindowToken{2cefcab1 token=Token{1e0c1958 ActivityRecord{13196e3b u0 com.jieshun.jslife/.activity.userinfo.EnterExitGateSettingActivity t115}}} to stack=1 task=115 at 2
I/EmuCoreService( 1825): Broadcast action = android.intent.action.TOP_ACTIVITY_CHANGED
I/EmuCoreService( 1825): HostService Init inited = true
I/appium  ( 4648): AppiumResponse: {"sessionId":"218c696f-001b-462e-aef6-dde4a6021e49","status":7,"value":"An element could not be located on the page using the given search parameters."}
D/com.jieshun.jslife.activity.userinfo.EnterExitGateSettingActivity(11190): context = com.jieshun.jslife.application.GlobalApplication@19c48c65, isLogin=false, savedInstanceState = null
V/WindowManager( 1538): Adding window Window{2826b317 u0 com.jieshun.jslife/com.jieshun.jslife.activity.userinfo.EnterExitGateSettingActivity} at 5 of 8 (after Window{19c1c2be u0 com.jieshun.jslife/com.jieshun.jslife.activity.userinfo.SettingActivity})
D/JTC     (11190): NEAR onStop
I/MobclickAgent(11190): Extend current session: BACA5C218B22A153E427E61816D7131A
E/EGL_adreno(11190): tid 11236: eglSurfaceAttrib(1266): error 0x3009 (EGL_BAD_MATCH)
W/OpenGLRenderer(11190): Failed to set EGL_SWAP_BEHAVIOR on surface 0xa2e1c540, error=EGL_BAD_MATCH
D/EGL_adreno(11190): eglMakeCurrent: 0xb3edf6a0: ver 2 0 (tinfo 0xa2c349e0)
I/AppiumUnicodeIME( 1695): onFinishInput
I/AppiumUnicodeIME( 1695): onStartInput
I/appium  ( 4648): channel read invoked!
I/appium  ( 4648): channel read: POST /wd/hub/session/218c696f-001b-462e-aef6-dde4a6021e49/element
I/appium  ( 4648): Find element command
D/appium  ( 4648): payload: {"strategy":"id","selector":"com.jieshun.jslife:id/cb_open_door_by_shake","context":"","multiple":false}
I/appium  ( 4648): find element command using 'id' with selector 'com.jieshun.jslife:id/cb_open_door_by_shake'.
I/ActivityManager( 1538): Displayed com.jieshun.jslife/.activity.userinfo.EnterExitGateSettingActivity: +153ms
D/EGL_adreno(11190): eglMakeCurrent: 0xb3edf6a0: ver 2 0 (tinfo 0xa2c349e0)
I/appium  ( 4648): AppiumResponse: {"sessionId":"218c696f-001b-462e-aef6-dde4a6021e49","status":0,"value":{"ELEMENT":"c411157a-a7ee-4432-87de-74b062e0b5fc"}}
I/appium  ( 4648): channel read invoked!
I/appium  ( 4648): channel read: POST /wd/hub/session/218c696f-001b-462e-aef6-dde4a6021e49/element
I/appium  ( 4648): Find element command
D/appium  ( 4648): payload: {"strategy":"id","selector":"com.jieshun.jslife:id/cb_open_door_by_shake","context":"","multiple":false}
I/appium  ( 4648): find element command using 'id' with selector 'com.jieshun.jslife:id/cb_open_door_by_shake'.
I/appium  ( 4648): AppiumResponse: {"sessionId":"218c696f-001b-462e-aef6-dde4a6021e49","status":0,"value":{"ELEMENT":"c6d6798a-5b4b-4a55-a3f3-9b5ae6dbbed5"}}
I/appium  ( 4648): channel read invoked!
I/appium  ( 4648): channel read: POST /wd/hub/session/218c696f-001b-462e-aef6-dde4a6021e49/element/c6d6798a-5b4b-4a55-a3f3-9b5ae6dbbed5/click
D/appium  ( 4648): payload: {"element":"c6d6798a-5b4b-4a55-a3f3-9b5ae6dbbed5"}
I/appium  ( 4648): Click element command
I/appium  ( 4648): AppiumResponse: {"sessionId":"218c696f-001b-462e-aef6-dde4a6021e49","status":0,"value":true}
I/dex2oat (11462): /system/bin/dex2oat --instruction-set=x86 --dex-file=/data/data/com.jieshun.jslife/.jiagu/classes.dex --dex-file=/data/data/com.jieshun.jslife/.jiagu/classes2.dex --dex-file=/data/data/com.jieshun.jslife/.jiagu/classes3.dex --oat-file=/data/data/com.jieshun.jslife/.jiagu/classes.oat
D/AudioTrack( 1538): use orig AudioTrack! mIsTimed=0 transferType=0 flags=4
D/EGL_adreno(11190): eglMakeCurrent: 0xb3edf6a0: ver 2 0 (tinfo 0xa2c349e0)
I/appium  ( 4648): channel read invoked!
I/appium  ( 4648): channel read: POST /wd/hub/session/218c696f-001b-462e-aef6-dde4a6021e49/element
I/appium  ( 4648): Find element command
D/appium  ( 4648): payload: {"strategy":"id","selector":"com.jieshun.jslife:id/cb_open_door_by_shake","context":"","multiple":false}
I/appium  ( 4648): find element command using 'id' with selector 'com.jieshun.jslife:id/cb_open_door_by_shake'.
E/libnativebridge(11462): denglibol LoadNativeBridge error! nb_library_filename invalid!
W/dex2oat (11462): Before Android 4.1, method int android.support.v7.widget.ListViewCompat.lookForSelectablePosition(int, boolean) would have incorrectly overridden the package-private method in android.widget.ListView
I/appium  ( 4648): AppiumResponse: {"sessionId":"218c696f-001b-462e-aef6-dde4a6021e49","status":0,"value":{"ELEMENT":"fa31ad57-dd78-4152-b665-1dc8e19a9cd0"}}
I/appium  ( 4648): channel read invoked!
I/appium  ( 4648): channel read: POST /wd/hub/session/218c696f-001b-462e-aef6-dde4a6021e49/element
I/appium  ( 4648): Find element command
D/appium  ( 4648): payload: {"strategy":"id","selector":"com.jieshun.jslife:id/cb_open_door_by_shake","context":"","multiple":false}
I/appium  ( 4648): find element command using 'id' with selector 'com.jieshun.jslife:id/cb_open_door_by_shake'.
I/appium  ( 4648): AppiumResponse: {"sessionId":"218c696f-001b-462e-aef6-dde4a6021e49","status":0,"value":{"ELEMENT":"4bb55fab-e468-4c0c-865c-94e7ca2fb79b"}}
I/appium  ( 4648): channel read invoked!
I/appium  ( 4648): channel read: POST /wd/hub/session/218c696f-001b-462e-aef6-dde4a6021e49/element/4bb55fab-e468-4c0c-865c-94e7ca2fb79b/click
D/appium  ( 4648): payload: {"element":"4bb55fab-e468-4c0c-865c-94e7ca2fb79b"}
I/appium  ( 4648): Click element command
W/dex2oat (11462): Before Android 4.1, method void com.jieshun.jslife.widgets.SwitchButton.setOnCheckedChangeWidgetListener(android.widget.CompoundButton$OnCheckedChangeListener) would have incorrectly overridden the package-private method in android.widget.CompoundButton
I/appium  ( 4648): AppiumResponse: {"sessionId":"218c696f-001b-462e-aef6-dde4a6021e49","status":0,"value":true}
D/AudioTrack( 1538): use orig AudioTrack! mIsTimed=0 transferType=0 flags=4
I/appium  ( 4648): channel read invoked!
I/appium  ( 4648): channel read: POST /wd/hub/session/218c696f-001b-462e-aef6-dde4a6021e49/element
I/appium  ( 4648): Find element command
D/appium  ( 4648): payload: {"strategy":"id","selector":"com.jieshun.jslife:id/cb_open_door_by_shake","context":"","multiple":false}
I/appium  ( 4648): find element command using 'id' with selector 'com.jieshun.jslife:id/cb_open_door_by_shake'.
W/dex2oat (11462): Before Android 4.1, method android.graphics.PorterDuffColorFilter android.support.graphics.drawable.VectorDrawableCompat.updateTintFilter(android.graphics.PorterDuffColorFilter, android.content.res.ColorStateList, android.graphics.PorterDuff$Mode) would have incorrectly overridden the package-private method in android.graphics.drawable.Drawable
I/appium  ( 4648): AppiumResponse: {"sessionId":"218c696f-001b-462e-aef6-dde4a6021e49","status":0,"value":{"ELEMENT":"b60a6dc4-f505-4423-b80f-b4c1c32f8ffc"}}
E/AudioTrack( 1538): did not receive expected priority boost on time
D/AdHotSeatView( 1893): updateIconButton.
I/appproc (11477): denglibo exec app_process! cmdline: /system/bin com.android.commands.pm.Pm list packages com.jieshun.jslife 
D/AndroidRuntime(11477): >>>>>> START com.android.internal.os.RuntimeInit uid 0 <<<<<<
D/AndroidRuntime(11477): CheckJNI is OFF
D/libnativebridge(11477): PreInitializeNativeBridge name=unknown
E/memtrack(11477): Couldn't load memtrack module (No such file or directory)
E/android.os.Debug(11477): failed to load memtrack module: -2
D/AndroidRuntime(11477): Calling main entry com.android.commands.pm.Pm
I/art     (11477): System.exit called, status: 0
I/AndroidRuntime(11477): VM exiting with result code 0.
I/appproc (11489): denglibo exec app_process! cmdline: /system/bin com.android.commands.pm.Pm list packages com.jieshun.jslife 
D/AndroidRuntime(11489): >>>>>> START com.android.internal.os.RuntimeInit uid 0 <<<<<<
D/AndroidRuntime(11489): CheckJNI is OFF
D/JTC     (11190): near tabl onReceiveLocation
I/System.out(11190): isFirstLoctrue
I/System.out(11190): ******jscarlife*********************onMapStatusChangeStart*********************1******
D/JSParkingFragment(11190): mSearch.reverseGeoCode  4444 
I/System.out(11190): ******jscarlife*********************onReceiveLocation*********************
D/libnativebridge(11489): PreInitializeNativeBridge name=unknown
D/JSParkingFragment(11190): *************** onGetReverseGeoCodeResult ********************* 
D/JSParkingFragment(11190):    lattitue = 39.92270378285916 ; longitue = 116.41663820901988
D/JSParkingFragment(11190): ***onGetReverseGeoCodeResult*****:
D/JSParkingFragment(11190): ***onGetReverseGeoCodeResult*****:
D/JSParkingFragment(11190): ***onGetReverseGeoCodeResult***** canton:
D/JSParkingFragment(11190): ***onGetReverseGeoCodeResult*****:6
D/JSParkingFragment(11190):     lattitue = 39.916407589357014 ; longitue = 116.41025599543832
D/com.jieshun.jslife.parklife.JSParkingFragment(11190): bottomNewState = 0 ; BottomSheetBehavior.STATE_HIDDEN = 5
D/JSParkingFragment(11190): searchKey =  ; regionAddress = 6
D/JSParkingFragment(11190):   mCurrentSearchLat = 39.916407589357014 ; mCurrentSearchLon = 116.41025599543832
D/JSParkingFragment(11190): isFirstLoc --- true ; initData isNetConnect = true ; isVisibleToUser = false
E/memtrack(11489): Couldn't load memtrack module (No such file or directory)
E/android.os.Debug(11489): failed to load memtrack module: -2
D/AndroidRuntime(11489): Calling main entry com.android.commands.pm.Pm
I/art     (11489): System.exit called, status: 0
I/AndroidRuntime(11489): VM exiting with result code 0.
I/appproc (11503): denglibo exec app_process! cmdline: /system/bin com.android.commands.pm.Pm list packages com.jieshun.jslife 
D/AndroidRuntime(11503): >>>>>> START com.android.internal.os.RuntimeInit uid 0 <<<<<<
D/AndroidRuntime(11503): CheckJNI is OFF
D/libnativebridge(11503): PreInitializeNativeBridge name=unknown
E/memtrack(11503): Couldn't load memtrack module (No such file or directory)
E/android.os.Debug(11503): failed to load memtrack module: -2
D/AndroidRuntime(11503): Calling main entry com.android.commands.pm.Pm
I/art     (11503): System.exit called, status: 0
I/AndroidRuntime(11503): VM exiting with result code 0.
I/appproc (11515): denglibo exec app_process! cmdline: /system/bin com.android.commands.am.Am force-stop com.jieshun.jslife 
D/AndroidRuntime(11515): >>>>>> START com.android.internal.os.RuntimeInit uid 0 <<<<<<
D/AndroidRuntime(11515): CheckJNI is OFF
D/libnativebridge(11515): PreInitializeNativeBridge name=unknown
E/memtrack(11515): Couldn't load memtrack module (No such file or directory)
E/android.os.Debug(11515): failed to load memtrack module: -2
D/AndroidRuntime(11515): Calling main entry com.android.commands.am.Am
I/ActivityManager( 1538): Force stopping com.jieshun.jslife appid=10028 user=0: from pid 11515
I/ActivityManager( 1538): Killing 11354:com.jieshun.jslife:remote/u0a28 (adj 1): stop com.jieshun.jslife
I/libprocessgroup( 1538): Killing pid 11406 in uid 10028 as part of process group 11354
I/libprocessgroup( 1538): Killing pid 11406 in uid 10028 as part of process group 11354
D/GpsStatusListenerHelper( 1538): Remote Listener died: android.location.IGpsStatusListener$Stub$Proxy@160560ed
D/WifiService( 1538): Client connection lost with reason: 4
W/ActivityManager( 1538): Scheduling restart of crashed service com.jieshun.jslife/com.baidu.location.f in 1000ms
I/ActivityManager( 1538): Killing 11190:com.jieshun.jslife/u0a28 (adj 0): stop com.jieshun.jslife
I/libprocessgroup( 1538): Killing pid 11227 in uid 10028 as part of process group 11190
I/libprocessgroup( 1538): Killing pid 11462 in uid 10028 as part of process group 11190
I/libprocessgroup( 1538): Killing pid 11462 in uid 10028 as part of process group 11190
I/libprocessgroup( 1538): Killing pid 11462 in uid 10028 as part of process group 11190
I/libprocessgroup( 1538): Killing pid 11462 in uid 10028 as part of process group 11190
I/libprocessgroup( 1538): Killing pid 11462 in uid 10028 as part of process group 11190
I/libprocessgroup( 1538): Killing pid 11462 in uid 10028 as part of process group 11190
W/InputDispatcher( 1538): channel '19c1c2be com.jieshun.jslife/com.jieshun.jslife.activity.userinfo.SettingActivity (server)' ~ Consumer closed input channel or an error occurred.  events=0x9
E/InputDispatcher( 1538): channel '19c1c2be com.jieshun.jslife/com.jieshun.jslife.activity.userinfo.SettingActivity (server)' ~ Channel is unrecoverably broken and will be disposed!
I/WindowState( 1538): WIN DEATH: Window{1130cc6b u0 SurfaceView}
D/WifiService( 1538): Client connection lost with reason: 4
D/sensor_ld( 1538): cb_setDelay handle=0 delay-ns=20000000
D/sensor_ld( 1538): cb_setDelay handle=0 delay-ns=20000000
D/sensor_ld( 1538): cb_activate handle=6 enabled=0
D/sensor_ld( 1538): cb_setDelay handle=0 delay-ns=20000000
D/sensor_ld( 1538): cb_setDelay handle=0 delay-ns=20000000
D/sensor_ld( 1538): cb_setDelay handle=0 delay-ns=66667000
W/InputDispatcher( 1538): channel '2826b317 com.jieshun.jslife/com.jieshun.jslife.activity.userinfo.EnterExitGateSettingActivity (server)' ~ Consumer closed input channel or an error occurred.  events=0x9
E/InputDispatcher( 1538): channel '2826b317 com.jieshun.jslife/com.jieshun.jslife.activity.userinfo.EnterExitGateSettingActivity (server)' ~ Channel is unrecoverably broken and will be disposed!
I/WindowState( 1538): WIN DEATH: Window{2826b317 u0 com.jieshun.jslife/com.jieshun.jslife.activity.userinfo.EnterExitGateSettingActivity}
W/InputDispatcher( 1538): Attempted to unregister already unregistered input channel '2826b317 com.jieshun.jslife/com.jieshun.jslife.activity.userinfo.EnterExitGateSettingActivity (server)'
W/InputDispatcher( 1538): channel '6c711f3 com.jieshun.jslife/com.jieshun.jslife.activity.common.MainFragmentActivity (server)' ~ Consumer closed input channel or an error occurred.  events=0x9
E/InputDispatcher( 1538): channel '6c711f3 com.jieshun.jslife/com.jieshun.jslife.activity.common.MainFragmentActivity (server)' ~ Channel is unrecoverably broken and will be disposed!
I/WindowState( 1538): WIN DEATH: Window{19c1c2be u0 com.jieshun.jslife/com.jieshun.jslife.activity.userinfo.SettingActivity}
W/InputDispatcher( 1538): Attempted to unregister already unregistered input channel '19c1c2be com.jieshun.jslife/com.jieshun.jslife.activity.userinfo.SettingActivity (server)'
I/WindowState( 1538): WIN DEATH: Window{6c711f3 u0 com.jieshun.jslife/com.jieshun.jslife.activity.common.MainFragmentActivity}
W/InputDispatcher( 1538): Attempted to unregister already unregistered input channel '6c711f3 com.jieshun.jslife/com.jieshun.jslife.activity.common.MainFragmentActivity (server)'
W/ActivityManager( 1538): Scheduling restart of crashed service com.jieshun.jslife/.service.BluetoothLeService in 34944ms
W/ActivityManager( 1538): Scheduling restart of crashed service com.jieshun.jslife/.service.XMPPService in 1000ms
W/ActivityManager( 1538): Scheduling restart of crashed service com.jieshun.jslife/.service.NetworkStateService in 1000ms
W/ActivityManager( 1538): Force removing ActivityRecord{13196e3b u0 com.jieshun.jslife/.activity.userinfo.EnterExitGateSettingActivity t115}: app died, no saved state
I/ActivityManager( 1538):   Force finishing activity 3 ActivityRecord{2cc0b675 u0 com.jieshun.jslife/.activity.common.MainFragmentActivity t115}
V/WindowManager( 1538): Based on layer: Adding window Window{85969b3 u0 Starting com.jieshun.jslife} at 2 of 5
D/libnativebridge(11526): PreInitializeNativeBridge name=zygote
I/ActivityManager( 1538): Start proc 11526:com.jieshun.jslife/u0a28 for activity com.jieshun.jslife/.activity.userinfo.SettingActivity
I/ActivityManager( 1538):   Force finishing activity 3 ActivityRecord{4b2f227 u0 com.jieshun.jslife/.activity.userinfo.SettingActivity t115}
I/ActivityManager( 1538):   Force stopping service ServiceRecord{336bc1f0 u0 com.jieshun.jslife/.service.BluetoothLeService}
I/ActivityManager( 1538):   Force stopping service ServiceRecord{179901ee u0 com.jieshun.jslife/.service.NetworkStateService}
V/libnb   (11526): enter native_bridge2_initialize /data/data/com.jieshun.jslife/code_cache arm
D/AndroidRuntime(11515): Shutting down VM
D/libnativebridge(11515): call UnloadNativeBridge! state=1
W/ActivityManager( 1538): Spurious death for ProcessRecord{20690172 11354:com.jieshun.jslife:remote/u0a28}, curProc for 11354: null
W/ActivityManager( 1538): Spurious death for ProcessRecord{28524205 11190:com.jieshun.jslife/u0a28}, curProc for 11190: null
I/gps_ld  ( 1538): serial_gps_stop: called
D/houdini (11526): [11526] Initialize library(version: 5.0.7b_x.48396 RELEASE)... successfully.
D/libnativebridge(11526): denglibo call InitializeNativeBridge! ret=true
I/gps_ld  ( 1538): GPS status: session stop
I/EmuCoreService( 1825): Broadcast action = android.intent.action.TOP_ACTIVITY_CHANGED
E/WindowState( 1538): getStack: Window{85969b3 u0 Starting com.jieshun.jslife} couldn't find taskId=115 Callers=com.android.server.wm.WindowManagerService.performLayoutAndPlaceSurfacesLockedInner:9772 com.android.server.wm.WindowManagerService.performLayoutAndPlaceSurfacesLockedLoop:8811 com.android.server.wm.WindowManagerService.performLayoutAndPlaceSurfacesLocked:8753 com.android.server.wm.WindowManagerService.executeAppTransition:4162 
E/WindowState( 1538): getStack: Window{85969b3 u0 Starting com.jieshun.jslife} couldn't find taskId=115 Callers=com.android.server.wm.WindowState.getDisplayContent:782 com.android.server.wm.WindowState.getDisplayId:787 com.android.server.wm.InputMonitor.updateInputWindowsLw:294 com.android.server.wm.WindowManagerService.performLayoutAndPlaceSurfacesLockedInner:10111 
E/WindowState( 1538): getStack: Window{85969b3 u0 Starting com.jieshun.jslife} couldn't find taskId=115 Callers=com.android.server.wm.DisplayContent.setTouchExcludeRegion:237 com.android.server.wm.WindowManagerService.setFocusedStackFrame:4005 com.android.server.wm.WindowManagerService.performLayoutAndPlaceSurfacesLockedInner:10187 com.android.server.wm.WindowManagerService.performLayoutAndPlaceSurfacesLockedLoop:8811 
I/EmuCoreService( 1825): HostService Init inited = true
E/WindowState( 1538): getStack: Window{85969b3 u0 Starting com.jieshun.jslife} couldn't find taskId=115 Callers=com.android.server.wm.WindowManagerService.performLayoutAndPlaceSurfacesLockedInner:9772 com.android.server.wm.WindowManagerService.performLayoutAndPlaceSurfacesLockedLoop:8811 com.android.server.wm.WindowManagerService.performLayoutAndPlaceSurfacesLocked:8753 com.android.server.wm.WindowManagerService.relayoutWindow:3277 
E/WindowState( 1538): getStack: Window{85969b3 u0 Starting com.jieshun.jslife} couldn't find taskId=115 Callers=com.android.server.wm.WindowState.getDisplayContent:782 com.android.server.wm.WindowState.getDisplayId:787 com.android.server.wm.InputMonitor.updateInputWindowsLw:294 com.android.server.wm.WindowManagerService.performLayoutAndPlaceSurfacesLockedInner:10111 
I/EmuCoreService( 1825): Broadcast action = android.intent.action.TOP_ACTIVITY_CHANGED
E/WindowState( 1538): getStack: Window{85969b3 u0 Starting com.jieshun.jslife} couldn't find taskId=115 Callers=com.android.server.wm.DisplayContent.setTouchExcludeRegion:237 com.android.server.wm.WindowManagerService.setFocusedStackFrame:4005 com.android.server.wm.WindowManagerService.performLayoutAndPlaceSurfacesLockedInner:10187 com.android.server.wm.WindowManagerService.performLayoutAndPlaceSurfacesLockedLoop:8811 
E/WindowState( 1538): getStack: Window{85969b3 u0 Starting com.jieshun.jslife} couldn't find taskId=115 Callers=com.android.server.wm.WindowState.getDisplayContent:782 com.android.server.wm.WindowState.getDisplayId:787 com.android.server.wm.InputMonitor.updateInputWindowsLw:294 com.android.server.wm.WindowManagerService.relayoutWindow:3308 
I/EmuCoreService( 1825): HostService Init inited = true
E/WindowState( 1538): getStack: Window{85969b3 u0 Starting com.jieshun.jslife} couldn't find taskId=115 Callers=com.android.server.wm.WindowState.getDisplayContent:782 com.android.server.wm.WindowState.getWindowList:1354 com.android.server.wm.WindowManagerService.removeWindowInnerLocked:2785 com.android.server.wm.WindowManagerService.removeWindowLocked:2686 
E/WindowState( 1538): getStack: Window{85969b3 u0 Starting com.jieshun.jslife} couldn't find taskId=115 Callers=com.android.server.wm.WindowState.getDisplayContent:782 com.android.server.wm.WindowManagerService.removeWindowInnerLocked:2790 com.android.server.wm.WindowManagerService.removeWindowLocked:2686 com.android.server.wm.WindowManagerService.removeWindow:2608 
E/EGL_adreno( 1893): tid 2015: eglSurfaceAttrib(1266): error 0x3009 (EGL_BAD_MATCH)
W/OpenGLRenderer( 1893): Failed to set EGL_SWAP_BEHAVIOR on surface 0xad85c460, error=EGL_BAD_MATCH
D/EGL_adreno( 1893): eglMakeCurrent: 0xad834fa0: ver 2 0 (tinfo 0xad839640)
W/InputMethodManagerService( 1538): Got RemoteException sending setActive(false) notification to pid 11190 uid 10028
I/AppiumUnicodeIME( 1695): onFinishInput
I/AppiumUnicodeIME( 1695): onStartInput
I/appproc (11547): denglibo exec app_process! cmdline: /system/bin com.android.commands.pm.Pm clear com.jieshun.jslife 
D/AndroidRuntime(11547): >>>>>> START com.android.internal.os.RuntimeInit uid 0 <<<<<<
D/AndroidRuntime(11547): CheckJNI is OFF
I/MultiDex(11526): VM with version 2.1.0 has multidex support
I/MultiDex(11526): install
I/MultiDex(11526): VM has multidex support, MultiDex support library is disabled.
D/libnativebridge(11547): PreInitializeNativeBridge name=unknown
E/memtrack(11547): Couldn't load memtrack module (No such file or directory)
E/android.os.Debug(11547): failed to load memtrack module: -2
D/AndroidRuntime(11547): Calling main entry com.android.commands.pm.Pm
I/ActivityManager( 1538): Force stopping com.jieshun.jslife appid=10028 user=0: clear data
I/ActivityManager( 1538): Killing 11526:com.jieshun.jslife/u0a28 (adj 9): stop com.jieshun.jslife
W/ActivityManager( 1538): Spurious death for ProcessRecord{3e5c2b 11526:com.jieshun.jslife/u0a28}, curProc for 11526: null
D/Documents( 2388): Update found 6 roots in 5ms
I/art     (11547): System.exit called, status: 0
I/AndroidRuntime(11547): VM exiting with result code 0.
I/appproc (11564): denglibo exec app_process! cmdline: /system/bin com.android.commands.am.Am start -W -n com.jieshun.jslife/com.jieshun.jslife.activity.common.WelcomeActivity -S -a android.intent.action.MAIN -c android.intent.category.LAUNCHER -f 0x10200000 
D/AndroidRuntime(11564): >>>>>> START com.android.internal.os.RuntimeInit uid 0 <<<<<<
D/AndroidRuntime(11564): CheckJNI is OFF
D/libnativebridge(11564): PreInitializeNativeBridge name=unknown
E/memtrack(11564): Couldn't load memtrack module (No such file or directory)
E/android.os.Debug(11564): failed to load memtrack module: -2
D/AndroidRuntime(11564): Calling main entry com.android.commands.am.Am
I/ActivityManager( 1538): Force stopping com.jieshun.jslife appid=10028 user=0: from pid 11564
D/EGL_adreno( 1893): eglMakeCurrent: 0xad834fa0: ver 2 0 (tinfo 0xad839640)
D/EGL_adreno( 1893): eglMakeCurrent: 0xad834fa0: ver 2 0 (tinfo 0xad839640)
D/EGL_adreno( 1893): eglMakeCurrent: 0xad834fa0: ver 2 0 (tinfo 0xad839640)
W/OpenGLRenderer( 1893): Incorrectly called buildLayer on View: ShortcutAndWidgetContainer, destroying layer...
D/EGL_adreno( 1893): eglMakeCurrent: 0xad834fa0: ver 2 0 (tinfo 0xad839640)
I/ActivityManager( 1538): START u0 {act=android.intent.action.MAIN cat=[android.intent.category.LAUNCHER] flg=0x10200000 cmp=com.jieshun.jslife/.activity.common.WelcomeActivity} from uid 0 on display 0
V/WindowManager( 1538): addAppToken: AppWindowToken{15ae20d2 token=Token{160d5f5d ActivityRecord{167da534 u0 com.jieshun.jslife/.activity.common.WelcomeActivity t116}}} to stack=1 task=116 at 0
D/libnativebridge(11574): PreInitializeNativeBridge name=zygote
V/libnb   (11574): enter native_bridge2_initialize /data/data/com.jieshun.jslife/code_cache arm
D/houdini (11574): [11574] Initialize library(version: 5.0.7b_x.48396 RELEASE)... successfully.
D/libnativebridge(11574): denglibo call InitializeNativeBridge! ret=true
I/ActivityManager( 1538): Start proc 11574:com.jieshun.jslife/u0a28 for activity com.jieshun.jslife/.activity.common.WelcomeActivity
I/EmuCoreService( 1825): Broadcast action = android.intent.action.TOP_ACTIVITY_CHANGED
I/EmuCoreService( 1825): HostService Init inited = true
I/MultiDex(11574): VM with version 2.1.0 has multidex support
I/MultiDex(11574): install
I/MultiDex(11574): VM has multidex support, MultiDex support library is disabled.
D/WifiService( 1538): New client listening to asynchronous messages
D/BluetoothManagerService( 1538): Message: 20
D/BluetoothManagerService( 1538): Added callback: android.bluetooth.IBluetoothManagerCallback$Stub$Proxy@1b7578ff:true
D/Ble     (11574): BluetoothLeService is not run and start BluetoothLeService
V/libnb   (11574): enter native_bridge2_isSupported /data/app/com.jieshun.jslife-2/lib/arm/libBaiduMapSDK_base_v4_5_2.so
V/libnb   (11574): enter native_bridge2_loadLibrary /data/app/com.jieshun.jslife-2/lib/arm/libBaiduMapSDK_base_v4_5_2.so
D/houdini (11574): [11574] Added shared library /data/app/com.jieshun.jslife-2/lib/arm/libBaiduMapSDK_base_v4_5_2.so for ClassLoader by Native Bridge.
V/libnb   (11574): enter native_bridge2_getTrampoline JNI_OnLoad, trampoline_addr 0x0
V/libnb   (11574): enter native_bridge2_getTrampoline Java_com_baidu_platform_comjni_tools_JNITools_initClass, trampoline_addr 0xb4404fc4
V/libnb   (11574): enter native_bridge2_getTrampoline Java_com_baidu_platform_comjni_util_JNIMD5_encodeUrlParamsValue, trampoline_addr 0xb4404f8c
W/DeviceId(11574): galaxy lib host missing meta-data,make sure you know the right way to integrate galaxy
W/DeviceId(11574): galaxy lib host missing meta-data,make sure you know the right way to integrate galaxy
W/DeviceId(11574): galaxy lib host missing meta-data,make sure you know the right way to integrate galaxy
V/libnb   (11574): enter native_bridge2_getTrampoline Java_com_baidu_platform_comjni_util_JNISysOSAPI_create, trampoline_addr 0xb4404f54
V/libnb   (11574): enter native_bridge2_getTrampoline Java_com_baidu_platform_comjni_util_JNISysOSAPI_init, trampoline_addr 0xb4404f1c
I/BaiduApiAuth(11574): BaiduApiAuth SDK Version:1.0.20
D/phoneInfo(11574): mAppSysOSAPI not null
D/phoneInfo(11574): Bundle[{screen_x=720, screen_y=1280, mb=oppo r11 plus, os=Android22, sv=4.5.2, cpu=, glr=, glv=, net=0, pcn=com.jieshun.jslife, cuid=B1F8C6E95753F718BAFE862BFFE33696|819808620661568, dpi_x=320, dpi_y=320, resid=02, channel=baidu, signature=[B@27be9aff}]
E/PermissionCheck(11574): permission check result is: 601
I/System.out(11574): initEngineManager 
I/System.out(11574): initEngineManager null: true
V/libnb   (11574): enter native_bridge2_isSupported /data/app/com.jieshun.jslife-2/lib/arm/libapp_BaiduPanoramaAppLib.so
V/libnb   (11574): enter native_bridge2_loadLibrary /data/app/com.jieshun.jslife-2/lib/arm/libapp_BaiduPanoramaAppLib.so
D/houdini (11574): [11574] Added shared library /data/app/com.jieshun.jslife-2/lib/arm/libapp_BaiduPanoramaAppLib.so for ClassLoader by Native Bridge.
V/libnb   (11574): enter native_bridge2_getTrampoline JNI_OnLoad, trampoline_addr 0xb4404ee4
I/System.out(11574): initEngineManager error 
I/System.out(11574): initEngineManager init 
I/System.out(11574): initEngineManager init after 
I/System.out(11574): global application 
D/ld_audio_hw( 1368): lineFun, out_standby
D/ld_audio_hw( 1368): ld_close_output_stream, dev=0xb5875240, stream =0xb584a660
D/ld_audio_hw( 1368): ld_close_output_stream, stream=0xb584a660,  success!
D/config.AppConfig(11574): APP====
D/config.AppConfig(11574): versionNo=302030
D/config.AppConfig(11574): versionName=V3.2.3
D/config.AppConfig(11574): appPackageName=com.jieshun.jslife
D/config.AppConfig(11574): openfireAddress=jsimp.jslife.com.cn
D/config.AppConfig(11574): openfirePort=7608
D/config.AppConfig(11574): yunServerJID=formal_cloud_jsh@openfire-cloud/master
D/config.AppConfig(11574): yunServerAdddress=http://www.jslife.com.cn
D/config.AppConfig(11574): voipServerAddress=39.108.231.151:7781
D/config.AppConfig(11574): baseHttpUrl=http://jsh.jslife.com.cn/jslife-service
D/config.AppConfig(11574): webBaseUrl=http://jsh.jslife.com.cn/jshapp
D/config.AppConfig(11574): signatoryCloudJid=formal_cloud_jcxt@openfire-cloud/jscsp_master
D/OpenGLRenderer(11574): Use EGL_SWAP_BEHAVIOR_PRESERVED: true
I/gralloc_x86(11574): --denglibo-- fallback_init, force return by denglibo
I/HostConnection(11574): HostConnection::HostConnection: pid=11574, tid=11574, this=0xa2c098d0
I/        (11574): fastpipe: Connect success
D/HostConnection(11574): HostRPC::connect sucess: app=com.jieshun.jslife, pid=11574, tid=11574, this=0xa2ced000
D/HostConnection(11574): queryAndSetGLESMaxVersion select gles-version: 2.0 hostGLVersion:31 process:com.jieshun.jslife
I/        (11574): fastpipe: Connect success
D/HostConnection(11574): recv ProcessPuidReply name=com.jieshun.jslife puid=120
D/Atlas   (11574): Validating map...
I/MobclickAgent(11574): Start new session: 081668436642506545BC85CE56B53B11
W/Atlas   (11574): Pointer 0x0, not in getPreloadedDrawables?
W/Atlas   (11574): Pointer 0x0, not in getPreloadedDrawables?
W/Atlas   (11574): Pointer 0x0, not in getPreloadedDrawables?
W/Atlas   (11574): Pointer 0x0, not in getPreloadedDrawables?
W/Atlas   (11574): Pointer 0x0, not in getPreloadedDrawables?
W/Atlas   (11574): Pointer 0x0, not in getPreloadedDrawables?
W/Atlas   (11574): Pointer 0x0, not in getPreloadedDrawables?
W/Atlas   (11574): Pointer 0x0, not in getPreloadedDrawables?
W/Atlas   (11574): Pointer 0x0, not in getPreloadedDrawables?
W/Atlas   (11574): Pointer 0x0, not in getPreloadedDrawables?
W/Atlas   (11574): Pointer 0x0, not in getPreloadedDrawables?
W/Atlas   (11574): Pointer 0x0, not in getPreloadedDrawables?
W/Atlas   (11574): Pointer 0x0, not in getPreloadedDrawables?
W/Atlas   (11574): Pointer 0x0, not in getPreloadedDrawables?
W/Atlas   (11574): Pointer 0x0, not in getPreloadedDrawables?
W/Atlas   (11574): Pointer 0x0, not in getPreloadedDrawables?
W/Atlas   (11574): Pointer 0x0, not in getPreloadedDrawables?
W/Atlas   (11574): Pointer 0x0, not in getPreloadedDrawables?
W/Atlas   (11574): Pointer 0x0, not in getPreloadedDrawables?
W/Atlas   (11574): Pointer 0x0, not in getPreloadedDrawables?
W/Atlas   (11574): Pointer 0x0, not in getPreloadedDrawables?
W/Atlas   (11574): Pointer 0x0, not in getPreloadedDrawables?
W/Atlas   (11574): Pointer 0x0, not in getPreloadedDrawables?
W/Atlas   (11574): Pointer 0x0, not in getPreloadedDrawables?
W/Atlas   (11574): Pointer 0x0, not in getPreloadedDrawables?
W/Atlas   (11574): Pointer 0x0, not in getPreloadedDrawables?
W/Atlas   (11574): Pointer 0x0, not in getPreloadedDrawables?
W/Atlas   (11574): Pointer 0x0, not in getPreloadedDrawables?
W/Atlas   (11574): Pointer 0x0, not in getPreloadedDrawables?
W/Atlas   (11574): Pointer 0x0, not in getPreloadedDrawables?
W/Atlas   (11574): Pointer 0x0, not in getPreloadedDrawables?
W/Atlas   (11574): Pointer 0x0, not in getPreloadedDrawables?
W/Atlas   (11574): Pointer 0x0, not in getPreloadedDrawables?
W/Atlas   (11574): Pointer 0x0, not in getPreloadedDrawables?
W/Atlas   (11574): Pointer 0x0, not in getPreloadedDrawables?
W/Atlas   (11574): Pointer 0x0, not in getPreloadedDrawables?
W/Atlas   (11574): Pointer 0x0, not in getPreloadedDrawables?
W/Atlas   (11574): Pointer 0x0, not in getPreloadedDrawables?
W/Atlas   (11574): Pointer 0x0, not in getPreloadedDrawables?
W/Atlas   (11574): Pointer 0x0, not in getPreloadedDrawables?
W/Atlas   (11574): Pointer 0x0, not in getPreloadedDrawables?
W/Atlas   (11574): Pointer 0x0, not in getPreloadedDrawables?
W/Atlas   (11574): Pointer 0x0, not in getPreloadedDrawables?
W/Atlas   (11574): Pointer 0x0, not in getPreloadedDrawables?
W/Atlas   (11574): Pointer 0x0, not in getPreloadedDrawables?
W/Atlas   (11574): Pointer 0x0, not in getPreloadedDrawables?
W/Atlas   (11574): Pointer 0x0, not in getPreloadedDrawables?
W/Atlas   (11574): Pointer 0x0, not in getPreloadedDrawables?
W/Atlas   (11574): Pointer 0x0, not in getPreloadedDrawables?
W/Atlas   (11574): Pointer 0x0, not in getPreloadedDrawables?
W/Atlas   (11574): Pointer 0x0, not in getPreloadedDrawables?
W/Atlas   (11574): Pointer 0x0, not in getPreloadedDrawables?
W/Atlas   (11574): Pointer 0x0, not in getPreloadedDrawables?
W/Atlas   (11574): Pointer 0x0, not in getPreloadedDrawables?
W/Atlas   (11574): Pointer 0x0, not in getPreloadedDrawables?
W/Atlas   (11574): Pointer 0x0, not in getPreloadedDrawables?
W/Atlas   (11574): Pointer 0x0, not in getPreloadedDrawables?
W/Atlas   (11574): Pointer 0x0, not in getPreloadedDrawables?
W/Atlas   (11574): Pointer 0x0, not in getPreloadedDrawables?
W/Atlas   (11574): Pointer 0x0, not in getPreloadedDrawables?
W/Atlas   (11574): Pointer 0x0, not in getPreloadedDrawables?
W/Atlas   (11574): Pointer 0x0, not in getPreloadedDrawables?
W/Atlas   (11574): Pointer 0x0, not in getPreloadedDrawables?
W/Atlas   (11574): Pointer 0x0, not in getPreloadedDrawables?
W/Atlas   (11574): Pointer 0x0, not in getPreloadedDrawables?
W/Atlas   (11574): Pointer 0x0, not in getPreloadedDrawables?
W/Atlas   (11574): Pointer 0x0, not in getPreloadedDrawables?
W/Atlas   (11574): Pointer 0x0, not in getPreloadedDrawables?
W/Atlas   (11574): Pointer 0x0, not in getPreloadedDrawables?
W/Atlas   (11574): Pointer 0x0, not in getPreloadedDrawables?
W/Atlas   (11574): Pointer 0x0, not in getPreloadedDrawables?
W/Atlas   (11574): Pointer 0x0, not in getPreloadedDrawables?
W/Atlas   (11574): Pointer 0x0, not in getPreloadedDrawables?
W/Atlas   (11574): Pointer 0x0, not in getPreloadedDrawables?
W/Atlas   (11574): Pointer 0x0, not in getPreloadedDrawables?
W/Atlas   (11574): Pointer 0x0, not in getPreloadedDrawables?
W/Atlas   (11574): Pointer 0x0, not in getPreloadedDrawables?
W/Atlas   (11574): Pointer 0x0, not in getPreloadedDrawables?
W/Atlas   (11574): Pointer 0x0, not in getPreloadedDrawables?
W/Atlas   (11574): Pointer 0x0, not in getPreloadedDrawables?
W/Atlas   (11574): Pointer 0x0, not in getPreloadedDrawables?
W/Atlas   (11574): Pointer 0x0, not in getPreloadedDrawables?
W/Atlas   (11574): Pointer 0x0, not in getPreloadedDrawables?
W/Atlas   (11574): Pointer 0x0, not in getPreloadedDrawables?
W/Atlas   (11574): Pointer 0x0, not in getPreloadedDrawables?
W/Atlas   (11574): Pointer 0x0, not in getPreloadedDrawables?
W/Atlas   (11574): Pointer 0x0, not in getPreloadedDrawables?
W/Atlas   (11574): Pointer 0x0, not in getPreloadedDrawables?
W/Atlas   (11574): Pointer 0x0, not in getPreloadedDrawables?
W/Atlas   (11574): Pointer 0x0, not in getPreloadedDrawables?
W/Atlas   (11574): Pointer 0x0, not in getPreloadedDrawables?
W/Atlas   (11574): Pointer 0x0, not in getPreloadedDrawables?
W/Atlas   (11574): Pointer 0x0, not in getPreloadedDrawables?
W/Atlas   (11574): Pointer 0x0, not in getPreloadedDrawables?
W/Atlas   (11574): Pointer 0x0, not in getPreloadedDrawables?
W/Atlas   (11574): Pointer 0x0, not in getPreloadedDrawables?
W/Atlas   (11574): Pointer 0x0, not in getPreloadedDrawables?
W/Atlas   (11574): Pointer 0x0, not in getPreloadedDrawables?
W/Atlas   (11574): Pointer 0x0, not in getPreloadedDrawables?
W/Atlas   (11574): Pointer 0x0, not in getPreloadedDrawables?
W/Atlas   (11574): Pointer 0x0, not in getPreloadedDrawables?
W/Atlas   (11574): Pointer 0x0, not in getPreloadedDrawables?
W/Atlas   (11574): Pointer 0x0, not in getPreloadedDrawables?
W/Atlas   (11574): Pointer 0x0, not in getPreloadedDrawables?
W/Atlas   (11574): Pointer 0x0, not in getPreloadedDrawables?
W/Atlas   (11574): Pointer 0x0, not in getPreloadedDrawables?
W/Atlas   (11574): Pointer 0x0, not in getPreloadedDrawables?
W/Atlas   (11574): Pointer 0x0, not in getPreloadedDrawables?
W/Atlas   (11574): Pointer 0x0, not in getPreloadedDrawables?
W/Atlas   (11574): Pointer 0x0, not in getPreloadedDrawables?
W/Atlas   (11574): Pointer 0x0, not in getPreloadedDrawables?
W/Atlas   (11574): Pointer 0x0, not in getPreloadedDrawables?
W/Atlas   (11574): Pointer 0x0, not in getPreloadedDrawables?
W/Atlas   (11574): Pointer 0x0, not in getPreloadedDrawables?
W/Atlas   (11574): Pointer 0x0, not in getPreloadedDrawables?
W/Atlas   (11574): Pointer 0x0, not in getPreloadedDrawables?
W/Atlas   (11574): Pointer 0x0, not in getPreloadedDrawables?
W/Atlas   (11574): Pointer 0x0, not in getPreloadedDrawables?
W/Atlas   (11574): Pointer 0x0, not in getPreloadedDrawables?
W/Atlas   (11574): Pointer 0x0, not in getPreloadedDrawables?
W/Atlas   (11574): Pointer 0x0, not in getPreloadedDrawables?
W/Atlas   (11574): Pointer 0x0, not in getPreloadedDrawables?
W/Atlas   (11574): Pointer 0x0, not in getPreloadedDrawables?
W/Atlas   (11574): Pointer 0x0, not in getPreloadedDrawables?
W/Atlas   (11574): Pointer 0x0, not in getPreloadedDrawables?
W/Atlas   (11574): Pointer 0x0, not in getPreloadedDrawables?
W/Atlas   (11574): Pointer 0x0, not in getPreloadedDrawables?
W/Atlas   (11574): Pointer 0x0, not in getPreloadedDrawables?
W/Atlas   (11574): Pointer 0x0, not in getPreloadedDrawables?
W/Atlas   (11574): Pointer 0x0, not in getPreloadedDrawables?
W/Atlas   (11574): Pointer 0x0, not in getPreloadedDrawables?
W/Atlas   (11574): Pointer 0x0, not in getPreloadedDrawables?
W/Atlas   (11574): Pointer 0x0, not in getPreloadedDrawables?
W/Atlas   (11574): Pointer 0x0, not in getPreloadedDrawables?
W/Atlas   (11574): Pointer 0x0, not in getPreloadedDrawables?
W/Atlas   (11574): Pointer 0x0, not in getPreloadedDrawables?
W/Atlas   (11574): Pointer 0x0, not in getPreloadedDrawables?
W/Atlas   (11574): Pointer 0x0, not in getPreloadedDrawables?
W/Atlas   (11574): Pointer 0x0, not in getPreloadedDrawables?
W/Atlas   (11574): Pointer 0x0, not in getPreloadedDrawables?
W/Atlas   (11574): Pointer 0x0, not in getPreloadedDrawables?
W/Atlas   (11574): Pointer 0x0, not in getPreloadedDrawables?
W/Atlas   (11574): Pointer 0x0, not in getPreloadedDrawables?
W/Atlas   (11574): Pointer 0x0, not in getPreloadedDrawables?
W/Atlas   (11574): Pointer 0x0, not in getPreloadedDrawables?
W/Atlas   (11574): Pointer 0x0, not in getPreloadedDrawables?
W/Atlas   (11574): Pointer 0x0, not in getPreloadedDrawables?
W/Atlas   (11574): Pointer 0x0, not in getPreloadedDrawables?
W/Atlas   (11574): Pointer 0x0, not in getPreloadedDrawables?
W/Atlas   (11574): Pointer 0x0, not in getPreloadedDrawables?
W/Atlas   (11574): Pointer 0x0, not in getPreloadedDrawables?
W/Atlas   (11574): Pointer 0x0, not in getPreloadedDrawables?
W/Atlas   (11574): Pointer 0x0, not in getPreloadedDrawables?
W/Atlas   (11574): Pointer 0x0, not in getPreloadedDrawables?
W/Atlas   (11574): Pointer 0x0, not in getPreloadedDrawables?
W/Atlas   (11574): Pointer 0x0, not in getPreloadedDrawables?
W/Atlas   (11574): Pointer 0x0, not in getPreloadedDrawables?
W/Atlas   (11574): Pointer 0x0, not in getPreloadedDrawables?
W/Atlas   (11574): Pointer 0x0, not in getPreloadedDrawables?
W/Atlas   (11574): Pointer 0x0, not in getPreloadedDrawables?
W/Atlas   (11574): Pointer 0x0, not in getPreloadedDrawables?
W/Atlas   (11574): Pointer 0x0, not in getPreloadedDrawables?
W/Atlas   (11574): Pointer 0x0, not in getPreloadedDrawables?
W/Atlas   (11574): Pointer 0x0, not in getPreloadedDrawables?
W/Atlas   (11574): Pointer 0x0, not in getPreloadedDrawables?
V/WindowManager( 1538): Adding window Window{10cb88f7 u0 com.jieshun.jslife/com.jieshun.jslife.activity.common.WelcomeActivity} at 2 of 5 (after Window{12a94624 u0 com.android.launcher3/com.android.launcher3.Launcher})
E/Ble     (11574): BluetoothLeService  onStartCommand()
D/Ble     (11574):  initialize ======================== mBluetoothManager = android.bluetooth.BluetoothManager@3b817306
D/Ble     (11574):  initialize ======================== mBluetoothManager = android.bluetooth.BluetoothManager@3b817306
D/sensor_ld( 1538): cb_setDelay handle=0 delay-ns=20000000
D/com.jieshun.jslife.service.InitService(11574): InitService onHandleIntent, ....
W/ImageLoader(11574): memoryCache() and memoryCacheSize() calls overlap each other
I/System.out(11574): onGetPermissionState iError 0
I/System.out(11574): *****key*****
I/FFmpegExtractor( 1368): android-source:0xb4029180
D/FFMPEG  ( 1368): android source begin open
D/FFMPEG  ( 1368): android open, url: android-source:0xb4029180
D/FFMPEG  ( 1368): ffmpeg open android data source success, source ptr: 0xb4029180
D/FFMPEG  ( 1368): android source open success
I/FFMPEG  ( 1368): Input #0, wav, from 'android-source:0xb4029180':
I/FFMPEG  ( 1368):   Duration: 00:00:00.91, bitrate: 353 kb/s
I/FFMPEG  ( 1368):     Stream #0:0: Audio: pcm_s16le ([1][0][0][0] / 0x0001), 11025 Hz, 2 channels, s16, 352 kb/s
I/FFmpegExtractor( 1368): FFmpegExtrator, url: android-source:0xb4029180, format_name: wav, format_long_name: WAV / WAVE (Waveform Audio)
I/FFmpegExtractor( 1368): list the formats suppoted by ffmpeg: 
I/FFmpegExtractor( 1368): ========================================
I/FFmpegExtractor( 1368): ========================================
D/FFmpegExtractor( 1368): unsuppoted codec(pcm_s16le) by official Stagefright
D/FFMPEG  ( 1368): android source close
I/FFmpegExtractor( 1368): sniff through BetterSniffFFMPEG success
D/FFmpegExtractor( 1368): ffmpeg detected media content as 'audio/x-wav' with confidence 0.88
D/NuPlayerDriver( 1368): start(0xb40283a0)
I/GenericSource( 1368): start
I/HostConnection(11574): HostConnection::HostConnection: pid=11574, tid=11620, this=0xad862a10
I/        (11574): fastpipe: Connect success
D/HostConnection(11574): HostRPC::connect sucess: app=com.jieshun.jslife, pid=11574, tid=11620, this=0xad975000
D/HostConnection(11574): queryAndSetGLESMaxVersion select gles-version: 2.0 hostGLVersion:31 process:com.jieshun.jslife
D/NuPlayerDriver( 1368): reset(0xb40283a0)
I/OpenGLRenderer(11574): Initialized EGL, version 1.4
D/ImageLoader(11574): Initialize ImageLoader with configuration
I/EGL_adreno(11574): eglCreateContext request GLES major-version=2
D/NuPlayerDriver( 1368): notifyResetComplete(0xb40283a0)
D/EGL_adreno(11574): eglCreateContext: 0xad8801c0: maj 2 min 0 rcv 2
D/TAG     (11574):  InitService  key = null JSUtils.isSupportBle(this) = true
D/XMPP    (11574): init success !!!!
D/EGL_adreno(11574): eglMakeCurrent: 0xad8801c0: ver 2 0 (tinfo 0xad839520)
D/HostConnection(11574): ExtendedRCEncoderContext GL_VERSION return OpenGL ES 2.0 (3.1.0 - Build 9.17.10.4229)
D/OpenGLRenderer(11574): Enabling debug mode 0
E/EGL_adreno(11574): tid 11620: eglSurfaceAttrib(1266): error 0x3009 (EGL_BAD_MATCH)
W/OpenGLRenderer(11574): Failed to set EGL_SWAP_BEHAVIOR on surface 0xad835c20, error=EGL_BAD_MATCH
D/EGL_adreno(11574): eglMakeCurrent: 0xad8801c0: ver 2 0 (tinfo 0xad839520)
I/FFmpegExtractor( 1368): android-source:0xb4029180
D/FFMPEG  ( 1368): android source begin open
D/FFMPEG  ( 1368): android open, url: android-source:0xb4029180
D/FFMPEG  ( 1368): ffmpeg open android data source success, source ptr: 0xb4029180
D/FFMPEG  ( 1368): android source open success
I/FFMPEG  ( 1368): Input #0, wav, from 'android-source:0xb4029180':
I/FFMPEG  ( 1368):   Duration: 00:00:01.13, bitrate: 353 kb/s
I/FFMPEG  ( 1368):     Stream #0:0: Audio: pcm_s16le ([1][0][0][0] / 0x0001), 11025 Hz, 2 channels, s16, 352 kb/s
I/FFmpegExtractor( 1368): FFmpegExtrator, url: android-source:0xb4029180, format_name: wav, format_long_name: WAV / WAVE (Waveform Audio)
I/FFmpegExtractor( 1368): list the formats suppoted by ffmpeg: 
I/FFmpegExtractor( 1368): ========================================
I/FFmpegExtractor( 1368): ========================================
D/FFmpegExtractor( 1368): unsuppoted codec(pcm_s16le) by official Stagefright
D/FFMPEG  ( 1368): android source close
I/FFmpegExtractor( 1368): sniff through BetterSniffFFMPEG success
D/FFmpegExtractor( 1368): ffmpeg detected media content as 'audio/x-wav' with confidence 0.88
D/NuPlayerDriver( 1368): start(0xb584eee0)
I/GenericSource( 1368): start
D/NuPlayerDriver( 1368): reset(0xb584eee0)
D/NuPlayerDriver( 1368): notifyResetComplete(0xb584eee0)
D/MobclickAgent(11574): serialize entry:{"sdk_version":"6.0.6","device_id":"865166026808918","device_model":"oppo r11 plus","version":"5.1.1","appkey":"583e226b7f2c74061f002285","channel":"WanDouJia","active_msg":1535703602905}
I/AppiumUnicodeIME( 1695): onFinishInput
I/AppiumUnicodeIME( 1695): onStartInput
I/com.jieshun.jslife.service.XMPPService(11574): start XMPPService ===============
I/com.jieshun.jslife.service.XMPPService(11574): startRequestQueQue ===============
D/XMPP    (11574): startConnectToOpenfire =============== mResource=A1b852863a
D/XMPP    (11574):  initBase openfire resource=A1b852863a
I/CallbackListener(11574): xmppQueQue==========
I/XMPP    (11574): openfire----  disconnect()
E/Ble     (11574): BluetoothLeService  onStartCommand()
D/Ble     (11574):  initialize ======================== mBluetoothManager = android.bluetooth.BluetoothManager@3b817306
I/XMPP    (11574): ========
D/XMPP    (11574):  start Login Openfire userName = ;  pwd =;  resource =A1b852863a
I/XMPP    (11574): openfire============== OPENFIRE=jsimp.jslife.com.cn SERVICE_NAME=openfire-cloud PORT=7608  userName=  pwd= ; resource=A1b852863a
I/XMPP    (11574): ----userName======== ; pwd======== ; resource======A1b852863a
D/sensor_ld( 1538): cb_setDelay handle=0 delay-ns=20000000
I/FFmpegExtractor( 1368): android-source:0xb40292c0
D/FFMPEG  ( 1368): android source begin open
D/FFMPEG  ( 1368): android open, url: android-source:0xb40292c0
D/FFMPEG  ( 1368): ffmpeg open android data source success, source ptr: 0xb40292c0
D/FFMPEG  ( 1368): android source open success
I/FFMPEG  ( 1368): Input #0, wav, from 'android-source:0xb40292c0':
I/FFMPEG  ( 1368):   Duration: 00:00:00.91, bitrate: 353 kb/s
I/FFMPEG  ( 1368):     Stream #0:0: Audio: pcm_s16le ([1][0][0][0] / 0x0001), 11025 Hz, 2 channels, s16, 352 kb/s
I/FFmpegExtractor( 1368): FFmpegExtrator, url: android-source:0xb40292c0, format_name: wav, format_long_name: WAV / WAVE (Waveform Audio)
I/FFmpegExtractor( 1368): list the formats suppoted by ffmpeg: 
I/FFmpegExtractor( 1368): ========================================
I/FFmpegExtractor( 1368): ========================================
D/FFmpegExtractor( 1368): unsuppoted codec(pcm_s16le) by official Stagefright
D/FFMPEG  ( 1368): android source close
I/FFmpegExtractor( 1368): sniff through BetterSniffFFMPEG success
D/FFmpegExtractor( 1368): ffmpeg detected media content as 'audio/x-wav' with confidence 0.88
D/NuPlayerDriver( 1368): start(0xb593a220)
I/GenericSource( 1368): start
D/NuPlayerDriver( 1368): reset(0xb593a220)
W/System.err(11574): SLF4J: Failed to load class "org.slf4j.impl.StaticLoggerBinder".
W/System.err(11574): SLF4J: Defaulting to no-operation (NOP) logger implementation
W/System.err(11574): SLF4J: See http://www.slf4j.org/codes.html#StaticLoggerBinder for further details.
D/NuPlayerDriver( 1368): notifyResetComplete(0xb593a220)
I/FFmpegExtractor( 1368): android-source:0xb40291c0
D/FFMPEG  ( 1368): android source begin open
D/FFMPEG  ( 1368): android open, url: android-source:0xb40291c0
D/FFMPEG  ( 1368): ffmpeg open android data source success, source ptr: 0xb40291c0
D/FFMPEG  ( 1368): android source open success
I/FFMPEG  ( 1368): Input #0, wav, from 'android-source:0xb40291c0':
I/FFMPEG  ( 1368):   Duration: 00:00:01.13, bitrate: 353 kb/s
I/FFMPEG  ( 1368):     Stream #0:0: Audio: pcm_s16le ([1][0][0][0] / 0x0001), 11025 Hz, 2 channels, s16, 352 kb/s
