I/AppiumUnicodeIME( 1693): onKeyUp (keyCode='22', event.keyCode='22', metaState='0')
I/art     ( 2127): Background sticky concurrent mark sweep GC freed 145797(5MB) AllocSpace objects, 23(384KB) LOS objects, 13% free, 40MB/46MB, paused 8.716ms total 177.961ms
D/EGL_adreno( 2127): eglMakeCurrent: 0xadc34fa0: ver 2 0 (tinfo 0xadc395c0)
D/EGL_adreno( 2127): eglMakeCurrent: 0xadc34fa0: ver 2 0 (tinfo 0xadc395c0)
D/JSParkingFragment( 2127): setUserVisibleHint isVisibleToUser = false ; isResumed() = true ; isNetConnect = true
D/EGL_adreno( 2127): eglMakeCurrent: 0xadc34fa0: ver 2 0 (tinfo 0xadc395c0)
D/BottomSheet( 2127): BottomSheet newState : 4
D/JSParkingFragment( 2127): llBottomSheetMore.setVisibility(View.VISIBLE) 222 
D/BottomSheet( 2127): BottomSheet newState : 4 ; strState = 关闭Bottom Sheets,显示peekHeight的高度
D/AudioTrack( 1537): use orig AudioTrack! mIsTimed=0 transferType=0 flags=4
I/System.out( 2127): ******jscarlife*********************onMapStatusChangeStart*********************1******
D/JSParkingFragment( 2127): searchKey =  ; regionAddress = 北京市东城区锡拉胡同6号
D/BottomSheet( 2127): BottomSheet state : 关闭Bottom Sheets,显示peekHeight的高度
D/EGL_adreno( 2127): eglMakeCurrent: 0xadc34fa0: ver 2 0 (tinfo 0xadc395c0)
D/AudioTrack( 1537): use orig AudioTrack! mIsTimed=0 transferType=0 flags=4
D/AudioTrack( 1537): use orig AudioTrack! mIsTimed=0 transferType=0 flags=4
I/AppiumUnicodeIME( 1693): onFinishInput
I/AppiumUnicodeIME( 1693): onStartInput
D/JSParkingFragment( 2127): *************** onGetReverseGeoCodeResult ********************* 
D/JSParkingFragment( 2127):  搜索 百度定位返回的百度转换前： lattitue = 39.922703859283175 ; longitue = 116.41663820901981
D/JSParkingFragment( 2127): ***onGetReverseGeoCodeResult*****省份:北京市
D/JSParkingFragment( 2127): ***onGetReverseGeoCodeResult*****城市:北京市
D/JSParkingFragment( 2127): ***onGetReverseGeoCodeResult*****区域 canton:东城区
D/JSParkingFragment( 2127): ***onGetReverseGeoCodeResult*****简要信息:北京市东城区锡拉胡同6号
D/JSParkingFragment( 2127):  搜索 百度定位返回的 转换为高德后： lattitue = 39.916407665797685 ; longitue = 116.41025599548698
D/com.jieshun.jslife.parklife.JSParkingFragment( 2127): bottomNewState = 4 ; BottomSheetBehavior.STATE_HIDDEN = 5
D/JSParkingFragment( 2127): searchKey =  ; regionAddress = 北京市东城区锡拉胡同6号
D/JSParkingFragment( 2127):  搜索 mCurrentSearchLat = 39.916407665797685 ; mCurrentSearchLon = 116.41025599548698
D/JSParkingFragment( 2127): isFirstLoc --- false ; initData isNetConnect = true ; isVisibleToUser = false
I/System.out( 2127): ******jscarlife*********************onMapStatusChange*********************2******
V/libnb   ( 2127): enter native_bridge2_getTrampoline Java_com_baidu_platform_comjni_map_basemap_JNIBaseMap_GetNearlyObjID, trampoline_addr 0x0
V/libnb   ( 2127): enter native_bridge2_getTrampoline Java_com_baidu_platform_comjni_map_basemap_JNIBaseMap_GetNearlyObjID__JJIII, trampoline_addr 0x0
V/libnb   ( 2127): enter native_bridge2_getTrampoline Java_com_baidu_platform_comjni_map_basemap_JNIBaseMap_GetNearlyObjID, trampoline_addr 0xb32b3694
D/BottomSheet( 2127): onMapClick ----------
D/com.jieshun.jslife.parklife.JSParkingFragment( 2127): rlParkInfo.getTranslationY() = 316.0
D/com.jieshun.jslife.parklife.JSParkingFragment( 2127): mActivity.getBottomBtnHeight() = 160.0
D/com.jieshun.jslife.parklife.JSParkingFragment( 2127):  translationY = 476.0 ; -ScreenUtils.dip2px(mActivity,140f) = -280
D/JSParkingFragment( 2127): llBottomSheetMore.setVisibility(View.VISIBLE) 333 
D/BottomSheet( 2127): BottomSheet newState : 2
D/JSParkingFragment( 2127): llBottomSheetMore.setVisibility(View.VISIBLE) 222 
D/BottomSheet( 2127): BottomSheet newState : 2 ; strState = 当Bottom Sheets view释放时记录的状态。
D/JSParkingFragment( 2127): searchKey =  ; regionAddress = 北京市东城区锡拉胡同6号
D/BottomSheet( 2127): BottomSheet state : 当Bottom Sheets view释放时记录的状态。
I/System.out( 2127): ******jscarlife*********************onMapStatusChange*********************2******
I/System.out( 2127): ******jscarlife*********************onMapStatusChange*********************2******
I/System.out( 2127): ******jscarlife*********************onMapStatusChange*********************2******
I/System.out( 2127): ******jscarlife*********************onMapStatusChange*********************2******
I/System.out( 2127): ******jscarlife*********************onMapStatusChange*********************2******
I/System.out( 2127): ******jscarlife*********************onMapStatusChange*********************2******
D/widget.PullToRefreshLayout( 2127): disallowInterceptTouchEvent=false
D/widget.PullToRefreshLayout( 2127): ACTION_DOWN  startX=257, startY=516.0
D/widget.PullToRefreshLayout( 2127): super.onTouchEvent(ev) = true
D/widget.PullToRefreshLayout( 2127): disallowInterceptTouchEvent=false
D/widget.PullToRefreshLayout( 2127): ACTION_UP  currentX=258, currentY=523
D/widget.PullToRefreshLayout( 2127): super.onTouchEvent(ev) = true
D/JSParkingFragment( 2127): ***************onMapStatusChangeFinish********************* isHasFirstQry = true
D/BottomSheet( 2127): BottomSheet newState : 5
D/JSParkingFragment( 2127): llBottomSheetMore.setVisibility(View.VISIBLE) 222 
D/BottomSheet( 2127): BottomSheet newState : 5 ; strState = 当Bottom Sheets 隐藏的状态
I/System.out( 2127): ******jscarlife*********************onMapStatusChangeStart*********************1******
D/BottomSheet( 2127): BottomSheet state : 当Bottom Sheets 隐藏的状态
I/System.out( 2127): ******jscarlife*********************onMapStatusChange*********************2******
D/widget.PullToRefreshLayout( 2127): disallowInterceptTouchEvent=false
D/widget.PullToRefreshLayout( 2127): ACTION_DOWN  startX=27, startY=874.0
D/widget.PullToRefreshLayout( 2127): super.onTouchEvent(ev) = true
D/widget.PullToRefreshLayout( 2127): disallowInterceptTouchEvent=false
D/widget.PullToRefreshLayout( 2127): ACTION_UP  currentX=30, currentY=882
D/widget.PullToRefreshLayout( 2127): super.onTouchEvent(ev) = true
I/System.out( 2127): ******jscarlife*********************onMapStatusChange*********************2******
D/AudioTrack( 1537): use orig AudioTrack! mIsTimed=0 transferType=0 flags=4
I/ActivityManager( 1537): START u0 {cmp=com.jieshun.jslife/.activity.userinfo.OpinionFeedbackActivity} from uid 10028 on display 0
V/WindowManager( 1537): addAppToken: AppWindowToken{24a809e4 token=Token{119bd977 ActivityRecord{893af76 u0 com.jieshun.jslife/.activity.userinfo.OpinionFeedbackActivity t2}}} to stack=1 task=2 at 2
I/EmuCoreService( 1764): Broadcast action = android.intent.action.TOP_ACTIVITY_CHANGED
I/EmuCoreService( 1764): HostService Init inited = true
I/com.jieshun.jslife.activity.common.MainFragmentActivity( 2127): onPause()======
W/MobclickAgent( 2127): please call 'onPageStart(首页)' before onPageEnd
D/JTC     ( 2127): NEAR onPause
W/MobclickAgent( 2127): please call 'onPageStart(开门(新))' before onPageEnd
D/com.jieshun.jslife.activity.userinfo.OpinionFeedbackActivity( 2127): context = com.jieshun.jslife.application.GlobalApplication@9bcff63, isLogin=false, savedInstanceState = null
I/MobclickAgent( 2127): Extend current session: E327E9A79659B748A3F5F5A476C15B53
V/WindowManager( 1537): Adding window Window{3d034d02 u0 com.jieshun.jslife/com.jieshun.jslife.activity.userinfo.OpinionFeedbackActivity} at 5 of 8 (after Window{3c897984 u0 com.jieshun.jslife/com.jieshun.jslife.activity.minicommunity.report.RepairReportListActivity})
I/com.jieshun.jslife.activity.minicommunity.report.RepairReportListActivity( 2127): onDestroy()======
D/EGL_adreno( 2127): eglMakeCurrent: 0xadc34fa0: ver 2 0 (tinfo 0xadc395c0)
D/EGL_adreno( 2127): eglMakeCurrent: 0xadc34fa0: ver 2 0 (tinfo 0xadc395c0)
E/EGL_adreno( 2127): tid 2197: eglSurfaceAttrib(1266): error 0x3009 (EGL_BAD_MATCH)
W/OpenGLRenderer( 2127): Failed to set EGL_SWAP_BEHAVIOR on surface 0x9a1da400, error=EGL_BAD_MATCH
D/EGL_adreno( 2127): eglMakeCurrent: 0xadc34fa0: ver 2 0 (tinfo 0xadc395c0)
I/AppiumUnicodeIME( 1693): onFinishInput
I/AppiumUnicodeIME( 1693): onStartInput
I/ActivityManager( 1537): Displayed com.jieshun.jslife/.activity.userinfo.OpinionFeedbackActivity: +278ms
I/ValidateNoPeople( 1537): skipping global notification
I/art     ( 1537): Background sticky concurrent mark sweep GC freed 110691(5MB) AllocSpace objects, 23(368KB) LOS objects, 29% free, 13MB/19MB, paused 1.973ms total 195.996ms
D/EGL_adreno( 2127): eglMakeCurrent: 0xadc34fa0: ver 2 0 (tinfo 0xadc395c0)
I/ValidateNoPeople( 1537): skipping global notification
D/EGL_adreno( 2127): eglMakeCurrent: 0xadc34fa0: ver 2 0 (tinfo 0xadc395c0)
I/AppiumUnicodeIME( 1693): onKeyDown (keyCode='5', event.keyCode='5', metaState='0')
I/AppiumUnicodeIME( 1693): onKeyUp (keyCode='5', event.keyCode='5', metaState='0')
I/ValidateNoPeople( 1537): skipping global notification
E/ActivityManager( 1537): denglibo handle startActivityAsUser Intent { act=android.intent.action.CALL_BUTTON flg=0x10000000 } error!!!
E/ActivityManager( 1537): java.lang.NullPointerException: Attempt to invoke virtual method 'java.lang.String android.content.ComponentName.getPackageName()' on a null object reference
E/ActivityManager( 1537): 	at com.android.server.am.ActivityManagerService.startActivityAsUser(ActivityManagerService.java:3386)
E/ActivityManager( 1537): 	at com.android.server.am.ActivityManagerService.startActivity(ActivityManagerService.java:3361)
E/ActivityManager( 1537): 	at android.app.ActivityManagerNative.onTransact(ActivityManagerNative.java:139)
E/ActivityManager( 1537): 	at com.android.server.am.ActivityManagerService.onTransact(ActivityManagerService.java:2213)
E/ActivityManager( 1537): 	at android.os.Binder.execTransact(Binder.java:446)
I/ActivityManager( 1537): START u0 {act=android.intent.action.CALL_BUTTON flg=0x10000000} from uid 10028 on display 0
W/PhoneFallbackEventHandler( 2127): No activity found for android.intent.action.CALL_BUTTON.
I/art     ( 2127): Explicit concurrent mark sweep GC freed 121037(6MB) AllocSpace objects, 14(512KB) LOS objects, 31% free, 35MB/51MB, paused 343us total 24.394ms
D/EGL_adreno( 2127): eglMakeCurrent: 0xadc34fa0: ver 2 0 (tinfo 0xadc395c0)
I/art     ( 2127): Explicit concurrent mark sweep GC freed 4836(428KB) AllocSpace objects, 18(4MB) LOS objects, 34% free, 30MB/46MB, paused 538us total 15.871ms
I/art     ( 2127): Explicit concurrent mark sweep GC freed 64(2832B) AllocSpace objects, 0(0B) LOS objects, 34% free, 30MB/46MB, paused 326us total 16.246ms
I/art     ( 2127): Explicit concurrent mark sweep GC freed 15(864B) AllocSpace objects, 0(0B) LOS objects, 34% free, 30MB/46MB, paused 434us total 17.479ms
I/art     ( 2127): Explicit concurrent mark sweep GC freed 3(96B) AllocSpace objects, 0(0B) LOS objects, 34% free, 30MB/46MB, paused 450us total 16.185ms
D/EGL_adreno( 2127): eglMakeCurrent: 0xadc34fa0: ver 2 0 (tinfo 0xadc395c0)
I/ValidateNoPeople( 1537): skipping global notification
I/ValidateNoPeople( 1537): skipping global notification
D/JTC     ( 2127): near tabl onReceiveLocation
I/System.out( 2127): isFirstLoc：false
I/AppiumUnicodeIME( 1693): onKeyDown (keyCode='20', event.keyCode='20', metaState='0')
I/AppiumUnicodeIME( 1693): onKeyUp (keyCode='20', event.keyCode='20', metaState='0')
I/AppiumUnicodeIME( 1693): onKeyDown (keyCode='24', event.keyCode='24', metaState='0')
D/AudioTrack( 1537): use orig AudioTrack! mIsTimed=0 transferType=0 flags=4
I/AppiumUnicodeIME( 1693): onKeyUp (keyCode='24', event.keyCode='24', metaState='0')
I/AppiumUnicodeIME( 1693): onFinishInput
I/AppiumUnicodeIME( 1693): onStartInput
I/ValidateNoPeople( 1537): skipping global notification
E/EGL_adreno( 1656): tid 2032: eglSurfaceAttrib(1266): error 0x3009 (EGL_BAD_MATCH)
W/OpenGLRenderer( 1656): Failed to set EGL_SWAP_BEHAVIOR on surface 0xa315f620, error=EGL_BAD_MATCH
D/EGL_adreno( 1656): eglMakeCurrent: 0xadd0b220: ver 2 0 (tinfo 0xadc39730)
I/ActivityManager( 1537): START u0 {act=android.intent.action.MAIN cat=[android.intent.category.LAUNCHER] flg=0x10200000 cmp=com.jieshun.jslife/.activity.common.WelcomeActivity} from uid 0 on display 0
D/EGL_adreno( 1656): eglMakeCurrent: 0xadd0b220: ver 2 0 (tinfo 0xadc39730)
D/sensor_ld( 1537): cb_setDelay handle=0 delay-ns=20000000
D/sensor_ld( 1537): cb_setDelay handle=0 delay-ns=20000000
I/art     ( 2514): System.exit called, status: 0
I/AndroidRuntime( 2514): VM exiting with result code 0.
W/ActivityManager( 1537): Launch timeout has expired, giving up wake lock!
I/art     ( 2127): Explicit concurrent mark sweep GC freed 4096(186KB) AllocSpace objects, 2(32KB) LOS objects, 34% free, 30MB/46MB, paused 489us total 17.295ms
I/art     ( 2127): Explicit concurrent mark sweep GC freed 90(4KB) AllocSpace objects, 0(0B) LOS objects, 34% free, 30MB/46MB, paused 415us total 17.117ms
I/art     ( 2127): Explicit concurrent mark sweep GC freed 15(480B) AllocSpace objects, 0(0B) LOS objects, 34% free, 30MB/46MB, paused 409us total 16.149ms
I/art     ( 2127): Explicit concurrent mark sweep GC freed 15(480B) AllocSpace objects, 0(0B) LOS objects, 34% free, 30MB/46MB, paused 419us total 14.654ms
I/art     ( 2127): Explicit concurrent mark sweep GC freed 9(288B) AllocSpace objects, 0(0B) LOS objects, 34% free, 30MB/46MB, paused 407us total 15.459ms
D/ld_audio_hw( 1367): lineFun, out_standby
D/ld_audio_hw( 1367): ld_close_output_stream, dev=0xb5875240, stream =0xb584a660
D/ld_audio_hw( 1367): ld_close_output_stream, stream=0xb584a660,  success!
D/JTC     ( 2127): NEAR onStop
D/JTC     ( 2127): near tabl onReceiveLocation
I/System.out( 2127): isFirstLoc：false
D/SMACK   ( 2127): 08:42:12 上午 SENT (642662026): <iq id="8sz74-36" to="openfire-cloud" from="13632836691@openfire-cloud/A1b852863a" type="get"><ping xmlns='urn:xmpp:ping' /></iq>
D/SMACK   ( 2127): 08:42:13 上午 RCV  (642662026): <iq type="result" id="8sz74-36" from="openfire-cloud" to="13632836691@openfire-cloud/A1b852863a"/>
D/AdHotSeatView( 1867): updateIconButton.
D/JTC     ( 2127): near tabl onReceiveLocation
I/System.out( 2127): isFirstLoc：false
E/WifiStateMachine( 1537): WifiStateMachine CMD_START_SCAN source -2 txSuccessRate=-0.00 rxSuccessRate=-0.00 targetRoamBSSID=00:81:ba:06:db:c6 RSSI=-45
D/JTC     ( 2127): near tabl onReceiveLocation
I/System.out( 2127): isFirstLoc：false
D/JTC     ( 2127): near tabl onReceiveLocation
I/System.out( 2127): isFirstLoc：false
D/SMACK   ( 2127): 08:42:28 上午 SENT (642662026): <iq id="8sz74-37" to="openfire-cloud" from="13632836691@openfire-cloud/A1b852863a" type="get"><ping xmlns='urn:xmpp:ping' /></iq>
D/SMACK   ( 2127): 08:42:28 上午 RCV  (642662026): <iq type="result" id="8sz74-37" from="openfire-cloud" to="13632836691@openfire-cloud/A1b852863a"/>
D/JTC     ( 2127): near tabl onReceiveLocation
I/System.out( 2127): isFirstLoc：false
D/AdHotSeatView( 1867): updateIconButton.
D/JTC     ( 2127): near tabl onReceiveLocation
I/System.out( 2127): isFirstLoc：false
E/WifiStateMachine( 1537): WifiStateMachine CMD_START_SCAN source -2 txSuccessRate=-0.00 rxSuccessRate=-0.00 targetRoamBSSID=00:81:ba:06:db:c6 RSSI=-45
E/WifiStateMachine( 1537): denglibo mScanResults.size=1
I/LdWifi  ( 1537): ld_get_eth0_ip return 172.16.2.15
D/JTC     ( 2127): near tabl onReceiveLocation
I/System.out( 2127): isFirstLoc：false
D/SMACK   ( 2127): 08:42:43 上午 SENT (642662026): <iq id="8sz74-38" to="openfire-cloud" from="13632836691@openfire-cloud/A1b852863a" type="get"><ping xmlns='urn:xmpp:ping' /></iq>
D/SMACK   ( 2127): 08:42:43 上午 RCV  (642662026): <iq type="result" id="8sz74-38" from="openfire-cloud" to="13632836691@openfire-cloud/A1b852863a"/>
D/JTC     ( 2127): near tabl onReceiveLocation
I/System.out( 2127): isFirstLoc：false
D/JTC     ( 2127): near tabl onReceiveLocation
I/System.out( 2127): isFirstLoc：false
D/AdHotSeatView( 1867): updateIconButton.
D/JTC     ( 2127): near tabl onReceiveLocation
I/System.out( 2127): isFirstLoc：false
D/SMACK   ( 2127): 08:42:57 上午 RCV  (642662026): <presence from="formal_cloud_jsh@openfire-cloud/master" to="13632836691@openfire-cloud"/>
I/UserState( 2127): myJid = 13632836691@openfire-cloud/A1b852863a receive jid=formal_cloud_jsh@openfire-cloud/master  state=ONLINE
E/WifiStateMachine( 1537): WifiStateMachine CMD_START_SCAN source -2 txSuccessRate=-0.00 rxSuccessRate=-0.00 targetRoamBSSID=00:81:ba:06:db:c6 RSSI=-45
D/EGL_adreno( 1656): eglMakeCurrent: 0xadd0b220: ver 2 0 (tinfo 0xadc39730)
D/JTC     ( 2127): near tabl onReceiveLocation
I/System.out( 2127): isFirstLoc：false
D/AudioTrack( 1537): use orig AudioTrack! mIsTimed=0 transferType=0 flags=4
I/EmuCoreService( 1764): Broadcast action = android.intent.action.TOP_ACTIVITY_CHANGED
I/EmuCoreService( 1764): HostService Init inited = true
I/com.jieshun.jslife.activity.common.MainFragmentActivity( 2127): onResume()======
D/XMPP    ( 2127):  JSJK requestjsjk_biz_member_balance_qry json : {"appId":"1645285811190497301","sign":"b1e7b2764b49df5ca9e2cd2b23514bce","systemType":"02","userId":"eaa2fc61c4784b6ba67ac352b4afc808"}
D/XMPP    ( 2127):  JSJK URLjsjk_biz_member_balance_qry URL : http://hdwg.jieshunpay.cn:8120/jst-gateway/member/balanceMoney
D/ld_audio_hw( 1367): ld_start_output_stream, stream=0xb584a660, sampleRate =44100, channel=2, bps=16, bufSize=2048
I/MobclickAgent( 2127): Extend current session: E327E9A79659B748A3F5F5A476C15B53
I/EGL_adreno( 2127): eglCreateContext request GLES major-version=2
D/EGL_adreno( 2127): eglCreateContext: 0x99d6f3a0: maj 2 min 0 rcv 2
D/EGL_adreno( 2127): eglMakeCurrent: 0x99d6f3a0: ver 2 0 (tinfo 0x9a18d1f0)
D/HostConnection( 2127): ExtendedRCEncoderContext GL_VERSION return OpenGL ES 2.0 (3.1.0 - Build 9.17.10.4229)
D/EGL_adreno( 2127): eglMakeCurrent: 0x99d6f3a0: ver 2 0 (tinfo 0x9a18d1f0)
E/EGL_adreno( 2127): tid 2197: eglSurfaceAttrib(1266): error 0x3009 (EGL_BAD_MATCH)
W/OpenGLRenderer( 2127): Failed to set EGL_SWAP_BEHAVIOR on surface 0x94db9780, error=EGL_BAD_MATCH
D/EGL_adreno( 2127): eglMakeCurrent: 0xadc34fa0: ver 2 0 (tinfo 0xadc395c0)
D/XMPP    ( 2127): 会员余额查询response: {"code":"200","msg":"成功","data":{"balanceMoney":"0"}}
D/XMPP    ( 2127): 余额查询response: {"code":"200","msg":"成功","data":{"balanceMoney":"0"}}
D/XMPP    ( 2127): 金额值 str = 0
D/XMPP    ( 2127): 金额值 转换 string = 0
D/XMPP    ( 2127):  JSJK requestjsjk_biz_member_login json : {"LATITUDE":"1045:116.41025599543832","LONGITUDE":"1044:39.916407589357014","UDID":"1006:865166026808918","appId":"1645285811190497301","mobile":"13632836691","sign":"06fc37de2258093585ba197b4be70c27","systemType":"02","userId":"eaa2fc61c4784b6ba67ac352b4afc808"}
D/XMPP    ( 2127):  JSJK URLjsjk_biz_member_login URL : http://hdwg.jieshunpay.cn:8120/jst-gateway/member/loginV1.0
D/JSParkingFragment( 2127): ***************onMapStatusChangeFinish********************* isHasFirstQry = true
I/AppiumUnicodeIME( 1693): onFinishInput
I/AppiumUnicodeIME( 1693): onStartInput
D/XMPP    ( 2127): 会员登录response: {"code":"200","msg":"成功","data":{"jkUrl":"http://hdjsjk.jieshunpay.cn:8113/jtc/public/account/account.html?access=f2925eb32026c1edc9dfd05b42e3060dc74d92df1db066e6"}}
D/XMPP    ( 2127): 会员会员登录jkurl: http://hdjsjk.jieshunpay.cn:8113/jtc/public/account/account.html?access=f2925eb32026c1edc9dfd05b42e3060dc74d92df1db066e6
D/EGL_adreno( 2127): eglMakeCurrent: 0xadc34fa0: ver 2 0 (tinfo 0xadc395c0)
D/ld_audio_hw( 1367): lineFun, out_standby
D/ld_audio_hw( 1367): ld_close_output_stream, dev=0xb5875240, stream =0xb584a660
D/ld_audio_hw( 1367): ld_close_output_stream, stream=0xb584a660,  success!
D/JTC     ( 2127): near tabl onReceiveLocation
I/System.out( 2127): isFirstLoc：false
I/appproc ( 2605): denglibo exec app_process! cmdline: /system/bin com.android.commands.wm.Wm size 
D/AndroidRuntime( 2605): >>>>>> START com.android.internal.os.RuntimeInit uid 0 <<<<<<
D/AndroidRuntime( 2605): CheckJNI is OFF
D/libnativebridge( 2605): PreInitializeNativeBridge name=unknown
E/memtrack( 2605): Couldn't load memtrack module (No such file or directory)
E/android.os.Debug( 2605): failed to load memtrack module: -2
D/AndroidRuntime( 2605): Calling main entry com.android.commands.wm.Wm
D/AndroidRuntime( 2605): Shutting down VM
D/libnativebridge( 2605): call UnloadNativeBridge! state=1
I/appproc ( 2626): denglibo exec app_process! cmdline: /system/bin com.android.commands.monkey.Monkey -p com.jieshun.jslife -s 260 --throttle 300 --ignore-crashes --ignore-timeouts --pct-touch 60 --pct-trackball 12 --pct-appswitch 5 --pct-syskeys 10 --pct-motion 13 -v -v 100 
D/AndroidRuntime( 2626): >>>>>> START com.android.internal.os.RuntimeInit uid 0 <<<<<<
D/AndroidRuntime( 2626): CheckJNI is OFF
D/libnativebridge( 2626): PreInitializeNativeBridge name=unknown
E/memtrack( 2626): Couldn't load memtrack module (No such file or directory)
E/android.os.Debug( 2626): failed to load memtrack module: -2
D/AndroidRuntime( 2626): Calling main entry com.android.commands.monkey.Monkey
W/BroadcastQueue( 1537): Skipping deliver [background] BroadcastRecord{3f6ffe75 u-1 android.net.conn.CONNECTIVITY_CHANGE} to ReceiverList{25b52e0a 2626 (unknown name)/0/u-1 remote:2696635f}: process crashing
I/ActivityManager( 1537): START u0 {act=android.intent.action.MAIN cat=[android.intent.category.LAUNCHER] flg=0x10200000 cmp=com.jieshun.jslife/.activity.common.WelcomeActivity} from uid 0 on display 0
D/widget.PullToRefreshLayout( 2127): disallowInterceptTouchEvent=false
D/widget.PullToRefreshLayout( 2127): ACTION_DOWN  startX=682, startY=822.0
D/widget.PullToRefreshLayout( 2127): super.onTouchEvent(ev) = true
D/widget.PullToRefreshLayout( 2127): disallowInterceptTouchEvent=false
D/widget.PullToRefreshLayout( 2127): ACTION_UP  currentX=690, currentY=809
D/widget.PullToRefreshLayout( 2127): super.onTouchEvent(ev) = true
D/widget.PullToRefreshLayout( 2127): disallowInterceptTouchEvent=false
D/widget.PullToRefreshLayout( 2127): ACTION_DOWN  startX=19, startY=135.0
D/widget.PullToRefreshLayout( 2127): super.onTouchEvent(ev) = true
D/widget.PullToRefreshLayout( 2127): disallowInterceptTouchEvent=false
D/widget.PullToRefreshLayout( 2127): ACTION_UP  currentX=17, currentY=136
D/widget.PullToRefreshLayout( 2127): super.onTouchEvent(ev) = true
D/AudioTrack( 1537): use orig AudioTrack! mIsTimed=0 transferType=0 flags=4
I/ActivityManager( 1537): START u0 {cmp=com.jieshun.jslife/.activity.userinfo.UserInfoNewActivity} from uid 10028 on display 0
V/WindowManager( 1537): addAppToken: AppWindowToken{18cf0cf1 token=Token{3f31fc98 ActivityRecord{27e7d67b u0 com.jieshun.jslife/.activity.userinfo.UserInfoNewActivity t2}}} to stack=1 task=2 at 2
I/EmuCoreService( 1764): Broadcast action = android.intent.action.TOP_ACTIVITY_CHANGED
D/ld_audio_hw( 1367): ld_start_output_stream, stream=0xb584a660, sampleRate =44100, channel=2, bps=16, bufSize=2048
I/com.jieshun.jslife.activity.common.MainFragmentActivity( 2127): onPause()======
D/JTC     ( 2127): NEAR onPause
I/EmuCoreService( 1764): HostService Init inited = true
D/com.jieshun.jslife.activity.userinfo.UserInfoNewActivity( 2127): context = com.jieshun.jslife.application.GlobalApplication@9bcff63, isLogin=false, savedInstanceState = null
V/WindowManager( 1537): Adding window Window{21135f57 u0 com.jieshun.jslife/com.jieshun.jslife.activity.userinfo.UserInfoNewActivity} at 5 of 8 (after Window{3d034d02 u0 com.jieshun.jslife/com.jieshun.jslife.activity.userinfo.OpinionFeedbackActivity})
D/http    ( 2127): 获取用户个人配置信息 HTTP请求 Url: http://jsh.jslife.com.cn/jslife-service/user/get_user_info 
D/http    ( 2127): 参数：{"userId":"eaa2fc61c4784b6ba67ac352b4afc808","bizSource":"APP_ANDROID","bizType":"JSLIFE","token":"e5306930d83c4cfab785a60991a09360"}
V/WindowManager( 1537): Adding window Window{f36872d u0 com.jieshun.jslife/com.jieshun.jslife.activity.userinfo.UserInfoNewActivity} at 5 of 9 (before Window{21135f57 u0 com.jieshun.jslife/com.jieshun.jslife.activity.userinfo.UserInfoNewActivity})
I/com.jieshun.jslife.activity.userinfo.OpinionFeedbackActivity( 2127): onDestroy()======
I/InputDispatcher( 1537): Dropping event because there is no touchable window at (83, 808).
W/InputManager( 1537): Input event injection from pid 2626 failed.
I/MobclickAgent( 2127): Extend current session: E327E9A79659B748A3F5F5A476C15B53
W/InputManager( 1537): Input event injection from pid 2626 failed.
E/EGL_adreno( 2127): tid 2197: eglSurfaceAttrib(1266): error 0x3009 (EGL_BAD_MATCH)
W/OpenGLRenderer( 2127): Failed to set EGL_SWAP_BEHAVIOR on surface 0x9a1da400, error=EGL_BAD_MATCH
D/EGL_adreno( 2127): eglMakeCurrent: 0xadc34fa0: ver 2 0 (tinfo 0xadc395c0)
E/EGL_adreno( 2127): tid 2197: eglSurfaceAttrib(1266): error 0x3009 (EGL_BAD_MATCH)
W/OpenGLRenderer( 2127): Failed to set EGL_SWAP_BEHAVIOR on surface 0x9b13c940, error=EGL_BAD_MATCH
D/EGL_adreno( 2127): eglMakeCurrent: 0xadc34fa0: ver 2 0 (tinfo 0xadc395c0)
I/AppiumUnicodeIME( 1693): onFinishInput
I/AppiumUnicodeIME( 1693): onStartInput
I/http    ( 2127): 
I/http    ( 2127): 获取用户个人配置信息 HTTP 返回：{"resultCode":"0","message":"","obj":null,"seqId":"3e3c24783c8148449ccff01399f8d762","userId":"eaa2fc61c4784b6ba67ac352b4afc808","userType":"APP","name":"13632836691","sex":"FEMALE","nation":"","telephone":"13632836691","nickName":"sky","status":"NORMAL","nationality":null,"provice":null,"city":null,"birthdate":"2012-01-18","photoUrl":"\/HEAD\/2018-08-17\/a73a64a8028a4a4d822a340cba9ace34.png","createTime":"2016-01-13 14:40:08","personSign":"胡国彪测试账号","realName":"胡国彪","shortCut":null,"pshMsgConfig":{"id":"cd5614fa42da42dbbd03fad5cff9bed4","userId":"eaa2fc61c4784b6ba67ac352b4afc808","isPush":"1","isPushLife":"1","isPushDiscount":"1","isUndisturbed":""},"right":true}
D/EGL_adreno( 2127): eglMakeCurrent: 0xadc34fa0: ver 2 0 (tinfo 0xadc395c0)
D/Ble     ( 2127): 蓝牙开门结果----onEventMainThread--> event_change_nick_name
D/BluetoothAdapter( 2127): stopLeScan()
D/BluetoothAdapter( 2127): 658360238: getState() :  mService = null. Returning STATE_OFF
D/testt   ( 2127): onEventMainThread收到了消息：event_change_nick_name
D/EGL_adreno( 2127): eglMakeCurrent: 0xadc34fa0: ver 2 0 (tinfo 0xadc395c0)
I/AppiumUnicodeIME( 1693): onFinishInput
I/AppiumUnicodeIME( 1693): onStartInput
D/EGL_adreno( 2127): eglMakeCurrent: 0xadc34fa0: ver 2 0 (tinfo 0xadc395c0)
D/AudioTrack( 1537): use orig AudioTrack! mIsTimed=0 transferType=0 flags=4
E/AudioTrack( 1537): did not receive expected priority boost on time
V/WindowManager( 1537): not Base app: Adding window Window{bfd2dba u0 com.jieshun.jslife/com.jieshun.jslife.activity.userinfo.UserInfoNewActivity} at 6 of 9
E/EGL_adreno( 2127): tid 2197: eglSurfaceAttrib(1266): error 0x3009 (EGL_BAD_MATCH)
W/OpenGLRenderer( 2127): Failed to set EGL_SWAP_BEHAVIOR on surface 0x94db9780, error=EGL_BAD_MATCH
D/EGL_adreno( 2127): eglMakeCurrent: 0xadc34fa0: ver 2 0 (tinfo 0xadc395c0)
I/AppiumUnicodeIME( 1693): onFinishInput
I/AppiumUnicodeIME( 1693): onStartInput
I/ActivityManager( 1537): Displayed com.jieshun.jslife/.activity.userinfo.UserInfoNewActivity: +669ms
D/EGL_adreno( 2127): eglMakeCurrent: 0xadc34fa0: ver 2 0 (tinfo 0xadc395c0)
W/InputEventReceiver( 2127): Attempted to finish an input event but the input event receiver has already been disposed.
W/ViewRootImpl( 2127): Dropping event due to root view being removed: MotionEvent { action=ACTION_UP, id[0]=0, x[0]=311.19254, y[0]=792.4779, toolType[0]=TOOL_TYPE_UNKNOWN, buttonState=0, metaState=0, flags=0x0, edgeFlags=0x0, pointerCount=1, historySize=0, eventTime=373956, downTime=373955, deviceId=0, source=0x1002 }
W/InputEventReceiver( 2127): Attempted to finish an input event but the input event receiver has already been disposed.
I/AppiumUnicodeIME( 1693): onFinishInput
I/AppiumUnicodeIME( 1693): onStartInput
D/AudioTrack( 1537): use orig AudioTrack! mIsTimed=0 transferType=0 flags=4
I/ActivityManager( 1537): START u0 {cmp=com.jieshun.jslife/.activity.userinfo.UserAlignActivity} from uid 10028 on display 0
V/WindowManager( 1537): addAppToken: AppWindowToken{25f4959d token=Token{fc2cc74 ActivityRecord{1dd4cc47 u0 com.jieshun.jslife/.activity.userinfo.UserAlignActivity t2}}} to stack=1 task=2 at 2
I/EmuCoreService( 1764): Broadcast action = android.intent.action.TOP_ACTIVITY_CHANGED
I/EmuCoreService( 1764): HostService Init inited = true
D/com.jieshun.jslife.activity.userinfo.UserAlignActivity( 2127): context = com.jieshun.jslife.application.GlobalApplication@9bcff63, isLogin=false, savedInstanceState = null
V/WindowManager( 1537): Adding window Window{2e87e5e3 u0 com.jieshun.jslife/com.jieshun.jslife.activity.userinfo.UserAlignActivity} at 5 of 8 (after Window{f36872d u0 com.jieshun.jslife/com.jieshun.jslife.activity.userinfo.UserInfoNewActivity})
D/JTC     ( 2127): NEAR onStop
I/MobclickAgent( 2127): Extend current session: E327E9A79659B748A3F5F5A476C15B53
E/EGL_adreno( 2127): tid 2197: eglSurfaceAttrib(1266): error 0x3009 (EGL_BAD_MATCH)
W/OpenGLRenderer( 2127): Failed to set EGL_SWAP_BEHAVIOR on surface 0x94db9780, error=EGL_BAD_MATCH
D/EGL_adreno( 2127): eglMakeCurrent: 0xadc34fa0: ver 2 0 (tinfo 0xadc395c0)
I/AppiumUnicodeIME( 1693): onFinishInput
I/AppiumUnicodeIME( 1693): onStartInput
I/ActivityManager( 1537): Displayed com.jieshun.jslife/.activity.userinfo.UserAlignActivity: +158ms
D/EGL_adreno( 2127): eglMakeCurrent: 0xadc34fa0: ver 2 0 (tinfo 0xadc395c0)
D/AudioTrack( 1537): use orig AudioTrack! mIsTimed=0 transferType=0 flags=4
I/EmuCoreService( 1764): Broadcast action = android.intent.action.TOP_ACTIVITY_CHANGED
I/EmuCoreService( 1764): HostService Init inited = true
I/MobclickAgent( 2127): Extend current session: E327E9A79659B748A3F5F5A476C15B53
E/EGL_adreno( 2127): tid 2197: eglSurfaceAttrib(1266): error 0x3009 (EGL_BAD_MATCH)
W/OpenGLRenderer( 2127): Failed to set EGL_SWAP_BEHAVIOR on surface 0x9b13c940, error=EGL_BAD_MATCH
D/EGL_adreno( 2127): eglMakeCurrent: 0xadc34fa0: ver 2 0 (tinfo 0xadc395c0)
I/AppiumUnicodeIME( 1693): onFinishInput
I/AppiumUnicodeIME( 1693): onStartInput
I/com.jieshun.jslife.activity.userinfo.UserAlignActivity( 2127): onDestroy()======
D/EGL_adreno( 2127): eglMakeCurrent: 0xadc34fa0: ver 2 0 (tinfo 0xadc395c0)
I/ActivityManager( 1537): START u0 {cmp=com.jieshun.jslife/.activity.userinfo.SetRealNameActivity} from uid 10028 on display 0
D/AudioTrack( 1537): use orig AudioTrack! mIsTimed=0 transferType=0 flags=4
V/WindowManager( 1537): addAppToken: AppWindowToken{1ec3aa4 token=Token{31035537 ActivityRecord{18c0c236 u0 com.jieshun.jslife/.activity.userinfo.SetRealNameActivity t2}}} to stack=1 task=2 at 2
I/EmuCoreService( 1764): Broadcast action = android.intent.action.TOP_ACTIVITY_CHANGED
I/EmuCoreService( 1764): HostService Init inited = true
D/com.jieshun.jslife.activity.userinfo.SetRealNameActivity( 2127): context = com.jieshun.jslife.application.GlobalApplication@9bcff63, isLogin=false, savedInstanceState = null
V/WindowManager( 1537): Adding window Window{1ccecbc2 u0 com.jieshun.jslife/com.jieshun.jslife.activity.userinfo.SetRealNameActivity} at 5 of 8 (after Window{f36872d u0 com.jieshun.jslife/com.jieshun.jslife.activity.userinfo.UserInfoNewActivity})
I/MobclickAgent( 2127): Extend current session: E327E9A79659B748A3F5F5A476C15B53
E/EGL_adreno( 2127): tid 2197: eglSurfaceAttrib(1266): error 0x3009 (EGL_BAD_MATCH)
W/OpenGLRenderer( 2127): Failed to set EGL_SWAP_BEHAVIOR on surface 0x94db9780, error=EGL_BAD_MATCH
D/EGL_adreno( 2127): eglMakeCurrent: 0xadc34fa0: ver 2 0 (tinfo 0xadc395c0)
I/AppiumUnicodeIME( 1693): onFinishInput
I/AppiumUnicodeIME( 1693): onStartInput
I/ActivityManager( 1537): Displayed com.jieshun.jslife/.activity.userinfo.SetRealNameActivity: +267ms
D/EGL_adreno( 2127): eglMakeCurrent: 0xadc34fa0: ver 2 0 (tinfo 0xadc395c0)
E/AudioTrack( 1537): did not receive expected priority boost on time
I/AppiumUnicodeIME( 1693): onKeyDown (keyCode='19', event.keyCode='19', metaState='0')
I/AppiumUnicodeIME( 1693): onKeyDown (keyCode='19', event.keyCode='19', metaState='0')
I/AppiumUnicodeIME( 1693): onKeyUp (keyCode='19', event.keyCode='19', metaState='0')
I/AppiumUnicodeIME( 1693): onKeyDown (keyCode='19', event.keyCode='19', metaState='0')
I/AppiumUnicodeIME( 1693): onKeyUp (keyCode='19', event.keyCode='19', metaState='0')
I/AppiumUnicodeIME( 1693): onKeyDown (keyCode='19', event.keyCode='19', metaState='0')
I/AppiumUnicodeIME( 1693): onKeyUp (keyCode='19', event.keyCode='19', metaState='0')
I/AppiumUnicodeIME( 1693): onKeyDown (keyCode='19', event.keyCode='19', metaState='0')
I/AppiumUnicodeIME( 1693): onKeyUp (keyCode='19', event.keyCode='19', metaState='0')
D/EGL_adreno( 2127): eglMakeCurrent: 0xadc34fa0: ver 2 0 (tinfo 0xadc395c0)
I/AppiumUnicodeIME( 1693): onKeyDown (keyCode='19', event.keyCode='19', metaState='0')
I/AppiumUnicodeIME( 1693): onKeyDown (keyCode='19', event.keyCode='19', metaState='0')
I/AppiumUnicodeIME( 1693): onKeyUp (keyCode='19', event.keyCode='19', metaState='0')
I/AppiumUnicodeIME( 1693): onKeyDown (keyCode='19', event.keyCode='19', metaState='0')
I/AppiumUnicodeIME( 1693): onKeyUp (keyCode='19', event.keyCode='19', metaState='0')
I/AppiumUnicodeIME( 1693): onKeyDown (keyCode='19', event.keyCode='19', metaState='0')
I/AppiumUnicodeIME( 1693): onKeyUp (keyCode='19', event.keyCode='19', metaState='0')
I/AppiumUnicodeIME( 1693): onKeyDown (keyCode='19', event.keyCode='19', metaState='0')
I/AppiumUnicodeIME( 1693): onKeyUp (keyCode='19', event.keyCode='19', metaState='0')
D/JTC     ( 2127): near tabl onReceiveLocation
I/System.out( 2127): isFirstLoc：false
I/ActivityManager( 1537): START u0 {act=android.intent.action.MAIN cat=[android.intent.category.LAUNCHER] flg=0x10200000 cmp=com.jieshun.jslife/.activity.common.WelcomeActivity} from uid 0 on display 0
I/AppiumUnicodeIME( 1693): onKeyDown (keyCode='22', event.keyCode='22', metaState='0')
I/AppiumUnicodeIME( 1693): onKeyUp (keyCode='22', event.keyCode='22', metaState='0')
I/AppiumUnicodeIME( 1693): onKeyDown (keyCode='22', event.keyCode='22', metaState='0')
I/AppiumUnicodeIME( 1693): onKeyUp (keyCode='22', event.keyCode='22', metaState='0')
I/AppiumUnicodeIME( 1693): onKeyDown (keyCode='22', event.keyCode='22', metaState='0')
I/AppiumUnicodeIME( 1693): onKeyUp (keyCode='22', event.keyCode='22', metaState='0')
D/AudioTrack( 1537): use orig AudioTrack! mIsTimed=0 transferType=0 flags=4
I/AppiumUnicodeIME( 1693): onKeyDown (keyCode='20', event.keyCode='20', metaState='0')
I/AppiumUnicodeIME( 1693): onKeyDown (keyCode='20', event.keyCode='20', metaState='0')
I/AppiumUnicodeIME( 1693): onKeyUp (keyCode='20', event.keyCode='20', metaState='0')
I/AppiumUnicodeIME( 1693): onKeyDown (keyCode='20', event.keyCode='20', metaState='0')
I/AppiumUnicodeIME( 1693): onKeyUp (keyCode='20', event.keyCode='20', metaState='0')
I/AppiumUnicodeIME( 1693): onKeyDown (keyCode='20', event.keyCode='20', metaState='0')
I/AppiumUnicodeIME( 1693): onKeyUp (keyCode='20', event.keyCode='20', metaState='0')
I/EmuCoreService( 1764): Broadcast action = android.intent.action.TOP_ACTIVITY_CHANGED
I/EmuCoreService( 1764): HostService Init inited = true
I/AppiumUnicodeIME( 1693): onFinishInput
I/AppiumUnicodeIME( 1693): onStartInput
I/MobclickAgent( 2127): Extend current session: E327E9A79659B748A3F5F5A476C15B53
D/AudioTrack( 1537): use orig AudioTrack! mIsTimed=0 transferType=0 flags=4
E/EGL_adreno( 2127): tid 2197: eglSurfaceAttrib(1266): error 0x3009 (EGL_BAD_MATCH)
W/OpenGLRenderer( 2127): Failed to set EGL_SWAP_BEHAVIOR on surface 0x9b20a960, error=EGL_BAD_MATCH
D/EGL_adreno( 2127): eglMakeCurrent: 0xadc34fa0: ver 2 0 (tinfo 0xadc395c0)
I/AppiumUnicodeIME( 1693): onFinishInput
I/AppiumUnicodeIME( 1693): onStartInput
D/EGL_adreno( 2127): eglMakeCurrent: 0xadc34fa0: ver 2 0 (tinfo 0xadc395c0)
I/com.jieshun.jslife.activity.userinfo.SetRealNameActivity( 2127): onDestroy()======
D/EGL_adreno( 2127): eglMakeCurrent: 0xadc34fa0: ver 2 0 (tinfo 0xadc395c0)
I/AppiumUnicodeIME( 1693): onKeyDown (keyCode='21', event.keyCode='21', metaState='0')
I/AppiumUnicodeIME( 1693): onKeyDown (keyCode='21', event.keyCode='21', metaState='0')
I/AppiumUnicodeIME( 1693): onKeyUp (keyCode='21', event.keyCode='21', metaState='0')
I/AppiumUnicodeIME( 1693): onKeyDown (keyCode='21', event.keyCode='21', metaState='0')
I/AppiumUnicodeIME( 1693): onKeyUp (keyCode='21', event.keyCode='21', metaState='0')
I/AppiumUnicodeIME( 1693): onKeyDown (keyCode='21', event.keyCode='21', metaState='0')
I/AppiumUnicodeIME( 1693): onKeyUp (keyCode='21', event.keyCode='21', metaState='0')
I/AppiumUnicodeIME( 1693): onKeyDown (keyCode='21', event.keyCode='21', metaState='0')
I/AppiumUnicodeIME( 1693): onKeyUp (keyCode='21', event.keyCode='21', metaState='0')
D/SMACK   ( 2127): 08:43:13 上午 SENT (642662026): <iq id="8sz74-39" to="openfire-cloud" from="13632836691@openfire-cloud/A1b852863a" type="get"><ping xmlns='urn:xmpp:ping' /></iq>
D/SMACK   ( 2127): 08:43:13 上午 RCV  (642662026): <iq type="result" id="8sz74-39" from="openfire-cloud" to="13632836691@openfire-cloud/A1b852863a"/>
I/AppiumUnicodeIME( 1693): onKeyDown (keyCode='4', event.keyCode='4', metaState='0')
I/AppiumUnicodeIME( 1693): onKeyUp (keyCode='4', event.keyCode='4', metaState='0')
I/EmuCoreService( 1764): Broadcast action = android.intent.action.TOP_ACTIVITY_CHANGED
I/com.jieshun.jslife.activity.common.MainFragmentActivity( 2127): onResume()======
D/XMPP    ( 2127):  JSJK requestjsjk_biz_member_balance_qry json : {"appId":"1645285811190497301","sign":"b1e7b2764b49df5ca9e2cd2b23514bce","systemType":"02","userId":"eaa2fc61c4784b6ba67ac352b4afc808"}
D/XMPP    ( 2127):  JSJK URLjsjk_biz_member_balance_qry URL : http://hdwg.jieshunpay.cn:8120/jst-gateway/member/balanceMoney
I/EmuCoreService( 1764): HostService Init inited = true
I/MobclickAgent( 2127): Extend current session: E327E9A79659B748A3F5F5A476C15B53
I/EGL_adreno( 2127): eglCreateContext request GLES major-version=2
D/EGL_adreno( 2127): eglCreateContext: 0x99d6f3a0: maj 2 min 0 rcv 2
D/EGL_adreno( 2127): eglMakeCurrent: 0x99d6f3a0: ver 2 0 (tinfo 0x9a18d1f0)
D/HostConnection( 2127): ExtendedRCEncoderContext GL_VERSION return OpenGL ES 2.0 (3.1.0 - Build 9.17.10.4229)
I/InputDispatcher( 1537): Dropping event because there is no touchable window at (55, 99).
D/EGL_adreno( 2127): eglMakeCurrent: 0x99d6f3a0: ver 2 0 (tinfo 0x9a18d1f0)
I/ActivityManager( 1537): START u0 {act=android.intent.action.MAIN cat=[android.intent.category.LAUNCHER] flg=0x10200000 cmp=com.jieshun.jslife/.activity.common.WelcomeActivity} from uid 0 on display 0
E/EGL_adreno( 2127): tid 2197: eglSurfaceAttrib(1266): error 0x3009 (EGL_BAD_MATCH)
W/OpenGLRenderer( 2127): Failed to set EGL_SWAP_BEHAVIOR on surface 0x9b20b800, error=EGL_BAD_MATCH
D/EGL_adreno( 2127): eglMakeCurrent: 0xadc34fa0: ver 2 0 (tinfo 0xadc395c0)
D/XMPP    ( 2127): 会员余额查询response: {"code":"200","msg":"成功","data":{"balanceMoney":"0"}}
D/XMPP    ( 2127): 余额查询response: {"code":"200","msg":"成功","data":{"balanceMoney":"0"}}
D/XMPP    ( 2127): 金额值 str = 0
D/XMPP    ( 2127): 金额值 转换 string = 0
D/XMPP    ( 2127):  JSJK requestjsjk_biz_member_login json : {"LATITUDE":"1045:116.41025599543832","LONGITUDE":"1044:39.916407589357014","UDID":"1006:865166026808918","appId":"1645285811190497301","mobile":"13632836691","sign":"06fc37de2258093585ba197b4be70c27","systemType":"02","userId":"eaa2fc61c4784b6ba67ac352b4afc808"}
D/XMPP    ( 2127):  JSJK URLjsjk_biz_member_login URL : http://hdwg.jieshunpay.cn:8120/jst-gateway/member/loginV1.0
I/AppiumUnicodeIME( 1693): onFinishInput
I/AppiumUnicodeIME( 1693): onStartInput
D/widget.PullToRefreshLayout( 2127): disallowInterceptTouchEvent=false
D/widget.PullToRefreshLayout( 2127): ACTION_DOWN  startX=298, startY=1100.0
D/widget.PullToRefreshLayout( 2127): super.onTouchEvent(ev) = true
D/widget.PullToRefreshLayout( 2127): disallowInterceptTouchEvent=false
D/widget.PullToRefreshLayout( 2127): ACTION_UP  currentX=285, currentY=1117
D/widget.PullToRefreshLayout( 2127): super.onTouchEvent(ev) = true
D/XMPP    ( 2127): 会员登录response: {"code":"200","msg":"成功","data":{"jkUrl":"http://hdjsjk.jieshunpay.cn:8113/jtc/public/account/account.html?access=26fb949d9f02fc786b2e0fd5d4c231976fefeab6aff4da6c"}}
D/XMPP    ( 2127): 会员会员登录jkurl: http://hdjsjk.jieshunpay.cn:8113/jtc/public/account/account.html?access=26fb949d9f02fc786b2e0fd5d4c231976fefeab6aff4da6c
D/EGL_adreno( 2127): eglMakeCurrent: 0xadc34fa0: ver 2 0 (tinfo 0xadc395c0)
I/ActivityManager( 1537): START u0 {cmp=com.jieshun.jslife/.activity.userinfo.SettingActivity} from uid 10028 on display 0
V/WindowManager( 1537): addAppToken: AppWindowToken{38b12a40 token=Token{46611c3 ActivityRecord{af5a972 u0 com.jieshun.jslife/.activity.userinfo.SettingActivity t2}}} to stack=1 task=2 at 2
D/AudioTrack( 1537): use orig AudioTrack! mIsTimed=0 transferType=0 flags=4
I/EmuCoreService( 1764): Broadcast action = android.intent.action.TOP_ACTIVITY_CHANGED
I/EmuCoreService( 1764): HostService Init inited = true
D/EGL_adreno( 2127): eglMakeCurrent: 0xadc34fa0: ver 2 0 (tinfo 0xadc395c0)
I/com.jieshun.jslife.activity.common.MainFragmentActivity( 2127): onPause()======
D/JTC     ( 2127): NEAR onPause
I/InputDispatcher( 1537): Dropping event because there is no touchable window at (297, 411).
W/InputManager( 1537): Input event injection from pid 2626 failed.
W/InputManager( 1537): Input event injection from pid 2626 failed.
D/com.jieshun.jslife.activity.userinfo.SettingActivity( 2127): context = com.jieshun.jslife.application.GlobalApplication@9bcff63, isLogin=false, savedInstanceState = null
V/WindowManager( 1537): Adding window Window{3b9eaa6c u0 com.jieshun.jslife/com.jieshun.jslife.activity.userinfo.SettingActivity} at 5 of 8 (after Window{f36872d u0 com.jieshun.jslife/com.jieshun.jslife.activity.userinfo.UserInfoNewActivity})
I/com.jieshun.jslife.activity.userinfo.UserInfoNewActivity( 2127): onDestroy()======
D/EGL_adreno( 2127): eglMakeCurrent: 0xadc34fa0: ver 2 0 (tinfo 0xadc395c0)
I/MobclickAgent( 2127): Extend current session: E327E9A79659B748A3F5F5A476C15B53
E/EGL_adreno( 2127): tid 2197: eglSurfaceAttrib(1266): error 0x3009 (EGL_BAD_MATCH)
W/OpenGLRenderer( 2127): Failed to set EGL_SWAP_BEHAVIOR on surface 0x9b20c420, error=EGL_BAD_MATCH
D/EGL_adreno( 2127): eglMakeCurrent: 0xadc34fa0: ver 2 0 (tinfo 0xadc395c0)
D/com.jieshun.jslife.activity.userinfo.SettingActivity$4( 2127): onServiceConnected  service = com.jieshun.jslife.service.XMPPService$MyBinder@399e129a
I/AppiumUnicodeIME( 1693): onFinishInput
I/AppiumUnicodeIME( 1693): onStartInput
I/ActivityManager( 1537): Displayed com.jieshun.jslife/.activity.userinfo.SettingActivity: +116ms
D/EGL_adreno( 2127): eglMakeCurrent: 0xadc34fa0: ver 2 0 (tinfo 0xadc395c0)
D/sensor_ld( 1537): cb_setDelay handle=0 delay-ns=20000000
D/sensor_ld( 1537): cb_setDelay handle=0 delay-ns=20000000
I/art     ( 2626): System.exit called, status: 0
I/AndroidRuntime( 2626): VM exiting with result code 0.
I/AppiumUnicodeIME( 1693): onKeyDown (keyCode='21', event.keyCode='21', metaState='0')
I/AppiumUnicodeIME( 1693): onKeyUp (keyCode='21', event.keyCode='21', metaState='0')
I/AppiumUnicodeIME( 1693): onKeyDown (keyCode='21', event.keyCode='21', metaState='0')
I/AppiumUnicodeIME( 1693): onKeyUp (keyCode='21', event.keyCode='21', metaState='0')
I/AppiumUnicodeIME( 1693): onKeyDown (keyCode='21', event.keyCode='21', metaState='0')
I/AppiumUnicodeIME( 1693): onKeyUp (keyCode='21', event.keyCode='21', metaState='0')
I/AppiumUnicodeIME( 1693): onKeyDown (keyCode='21', event.keyCode='21', metaState='0')
I/AppiumUnicodeIME( 1693): onKeyUp (keyCode='21', event.keyCode='21', metaState='0')
D/EGL_adreno( 2127): eglMakeCurrent: 0xadc34fa0: ver 2 0 (tinfo 0xadc395c0)
I/AppiumUnicodeIME( 1693): onFinishInput
I/AppiumUnicodeIME( 1693): onStartInput
I/art     ( 2127): Explicit concurrent mark sweep GC freed 47808(2MB) AllocSpace objects, 38(608KB) LOS objects, 32% free, 32MB/48MB, paused 363us total 24.105ms
D/EGL_adreno( 2127): eglMakeCurrent: 0xadc34fa0: ver 2 0 (tinfo 0xadc395c0)
I/art     ( 2127): Explicit concurrent mark sweep GC freed 8838(703KB) AllocSpace objects, 22(1647KB) LOS objects, 34% free, 30MB/46MB, paused 930us total 17.054ms
I/art     ( 2127): Explicit concurrent mark sweep GC freed 17(544B) AllocSpace objects, 0(0B) LOS objects, 34% free, 30MB/46MB, paused 451us total 14.568ms
I/art     ( 2127): Explicit concurrent mark sweep GC freed 15(480B) AllocSpace objects, 0(0B) LOS objects, 34% free, 30MB/46MB, paused 502us total 15.980ms
I/art     ( 2127): Explicit concurrent mark sweep GC freed 15(480B) AllocSpace objects, 0(0B) LOS objects, 34% free, 30MB/46MB, paused 1.119ms total 15.722ms
D/EGL_adreno( 2127): eglMakeCurrent: 0xadc34fa0: ver 2 0 (tinfo 0xadc395c0)
D/AudioTrack( 1537): use orig AudioTrack! mIsTimed=0 transferType=0 flags=4
I/com.jieshun.jslife.activity.common.MainFragmentActivity( 2127): onResume()======
D/XMPP    ( 2127):  JSJK requestjsjk_biz_member_balance_qry json : {"appId":"1645285811190497301","sign":"b1e7b2764b49df5ca9e2cd2b23514bce","systemType":"02","userId":"eaa2fc61c4784b6ba67ac352b4afc808"}
D/XMPP    ( 2127):  JSJK URLjsjk_biz_member_balance_qry URL : http://hdwg.jieshunpay.cn:8120/jst-gateway/member/balanceMoney
I/EmuCoreService( 1764): Broadcast action = android.intent.action.TOP_ACTIVITY_CHANGED
I/EmuCoreService( 1764): HostService Init inited = true
I/MobclickAgent( 2127): Extend current session: E327E9A79659B748A3F5F5A476C15B53
I/EGL_adreno( 2127): eglCreateContext request GLES major-version=2
D/EGL_adreno( 2127): eglCreateContext: 0