I/AppiumUnicodeIME( 1693): onFinishInput
I/AppiumUnicodeIME( 1693): onStartInput
D/ld_audio_hw( 1367): ld_start_output_stream, stream=0xb584a660, sampleRate =44100, channel=2, bps=16, bufSize=2048
V/WindowManager( 1537): not Base app: Adding window Window{33ca6f71 u0 com.jieshun.jslife/com.jieshun.jslife.activity.userinfo.MessageSettingActivity} at 6 of 9
I/CallbackListener( 2127): requestMap add  serviceId = JSCSP_MSGPUSH_SETCONFIG
I/AppiumUnicodeIME( 1693): onKeyDown (keyCode='21', event.keyCode='21', metaState='0')
D/AudioTrack( 1537): use orig AudioTrack! mIsTimed=0 transferType=0 flags=4
I/AppiumUnicodeIME( 1693): onKeyUp (keyCode='21', event.keyCode='21', metaState='0')
I/AppiumUnicodeIME( 1693): onKeyDown (keyCode='21', event.keyCode='21', metaState='0')
I/AppiumUnicodeIME( 1693): onKeyUp (keyCode='21', event.keyCode='21', metaState='0')
I/AppiumUnicodeIME( 1693): onKeyDown (keyCode='21', event.keyCode='21', metaState='0')
I/AppiumUnicodeIME( 1693): onKeyUp (keyCode='21', event.keyCode='21', metaState='0')
I/AppiumUnicodeIME( 1693): onKeyDown (keyCode='21', event.keyCode='21', metaState='0')
I/AppiumUnicodeIME( 1693): onKeyUp (keyCode='21', event.keyCode='21', metaState='0')
D/SMACK   ( 2127): 12:02:25 下午 SENT (642662026): <iq id="f7p18p_7" to="formal_cloud_jsh@openfire-cloud/master" type="get"><dreq xmlns="xmpp:iq:shunt"><cnt>{&quot;attributes&quot;:{},&quot;dataItems&quot;:[{&quot;attributes&quot;:{&quot;isPush&quot;:&quot;FALSE&quot;,&quot;isPushDiscount&quot;:&quot;TRUE&quot;,&quot;isPushLife&quot;:&quot;TRUE&quot;,&quot;isUndisturbed&quot;:&quot;FALSE&quot;,&quot;userId&quot;:&quot;eaa2fc61c4784b6ba67ac352b4afc808&quot;},&quot;failItems&quot;:[],&quot;objectId&quot;:&quot;objID&quot;,&quot;operateType&quot;:&quot;READ&quot;,&quot;subItems&quot;:[]}],&quot;requestType&quot;:&quot;DIRECTIVE&quot;,&quot;seqId&quot;:&quot;f7p18p_7&quot;,&quot;serviceId&quot;:&quot;JSCSP_MSGPUSH_SETCONFIG&quot;}</cnt><crc>514669285</crc><mode>ASYNC</mode><type>DIRECTIVE</type></dreq></iq>
D/XMPP    ( 2127): XMPP请求------> JSCSP_MSGPUSH_SETCONFIG ---> 消息内容: {"attributes":{},"dataItems":[{"attributes":{"isPush":"FALSE","isPushDiscount":"TRUE","isPushLife":"TRUE","isUndisturbed":"FALSE","userId":"eaa2fc61c4784b6ba67ac352b4afc808"},"failItems":[],"objectId":"objID","operateType":"READ","subItems":[]}],"requestType":"DIRECTIVE","seqId":"f7p18p_7","serviceId":"JSCSP_MSGPUSH_SETCONFIG"}
E/EGL_adreno( 2127): tid 2197: eglSurfaceAttrib(1266): error 0x3009 (EGL_BAD_MATCH)
W/OpenGLRenderer( 2127): Failed to set EGL_SWAP_BEHAVIOR on surface 0x9b01d120, error=EGL_BAD_MATCH
D/EGL_adreno( 2127): eglMakeCurrent: 0xadc34fa0: ver 2 0 (tinfo 0xadc395c0)
I/AppiumUnicodeIME( 1693): onFinishInput
I/AppiumUnicodeIME( 1693): onStartInput
D/JTC     ( 2127): near tabl onReceiveLocation
I/System.out( 2127): isFirstLoc：false
I/CallbackListener( 2127): 请求队列xmppQueQue=========1
I/CallbackListener( 2127): 请求队列xmppQueQue=========1
I/AppiumUnicodeIME( 1693): onKeyDown (keyCode='22', event.keyCode='22', metaState='0')
I/AppiumUnicodeIME( 1693): onKeyUp (keyCode='22', event.keyCode='22', metaState='0')
I/AppiumUnicodeIME( 1693): onKeyDown (keyCode='22', event.keyCode='22', metaState='0')
I/AppiumUnicodeIME( 1693): onKeyUp (keyCode='22', event.keyCode='22', metaState='0')
I/AppiumUnicodeIME( 1693): onKeyDown (keyCode='22', event.keyCode='22', metaState='0')
I/AppiumUnicodeIME( 1693): onKeyUp (keyCode='22', event.keyCode='22', metaState='0')
I/AppiumUnicodeIME( 1693): onKeyDown (keyCode='22', event.keyCode='22', metaState='0')
I/AppiumUnicodeIME( 1693): onKeyUp (keyCode='22', event.keyCode='22', metaState='0')
I/AppiumUnicodeIME( 1693): onKeyDown (keyCode='22', event.keyCode='22', metaState='0')
I/AppiumUnicodeIME( 1693): onKeyDown (keyCode='22', event.keyCode='22', metaState='0')
I/AppiumUnicodeIME( 1693): onKeyUp (keyCode='22', event.keyCode='22', metaState='0')
I/AppiumUnicodeIME( 1693): onKeyDown (keyCode='22', event.keyCode='22', metaState='0')
I/AppiumUnicodeIME( 1693): onKeyUp (keyCode='22', event.keyCode='22', metaState='0')
I/AppiumUnicodeIME( 1693): onKeyDown (keyCode='22', event.keyCode='22', metaState='0')
I/AppiumUnicodeIME( 1693): onKeyUp (keyCode='22', event.keyCode='22', metaState='0')
I/art     ( 2127): Explicit concurrent mark sweep GC freed 2890(205KB) AllocSpace objects, 3(48KB) LOS objects, 34% free, 30MB/46MB, paused 341us total 17.182ms
D/EGL_adreno( 2127): eglMakeCurrent: 0xadc34fa0: ver 2 0 (tinfo 0xadc395c0)
D/ld_audio_hw( 1367): lineFun, out_standby
D/ld_audio_hw( 1367): ld_close_output_stream, dev=0xb5875240, stream =0xb584a660
D/ld_audio_hw( 1367): ld_close_output_stream, stream=0xb584a660,  success!
I/art     ( 2127): Explicit concurrent mark sweep GC freed 195(9KB) AllocSpace objects, 0(0B) LOS objects, 34% free, 30MB/46MB, paused 358us total 16.854ms
I/art     ( 2127): Explicit concurrent mark sweep GC freed 3(96B) AllocSpace objects, 0(0B) LOS objects, 34% free, 30MB/46MB, paused 595us total 16.152ms
D/EGL_adreno( 2127): eglMakeCurrent: 0xadc34fa0: ver 2 0 (tinfo 0xadc395c0)
I/art     ( 2127): Explicit concurrent mark sweep GC freed 14(448B) AllocSpace objects, 0(0B) LOS objects, 34% free, 30MB/46MB, paused 467us total 16.458ms
I/art     ( 2127): Explicit concurrent mark sweep GC freed 3(96B) AllocSpace objects, 0(0B) LOS objects, 34% free, 30MB/46MB, paused 451us total 15.638ms
I/CallbackListener( 2127): 请求队列xmppQueQue=========1
I/AppiumUnicodeIME( 1693): onKeyDown (keyCode='21', event.keyCode='21', metaState='0')
I/AppiumUnicodeIME( 1693): onKeyDown (keyCode='21', event.keyCode='21', metaState='0')
I/AppiumUnicodeIME( 1693): onKeyUp (keyCode='21', event.keyCode='21', metaState='0')
I/AppiumUnicodeIME( 1693): onKeyDown (keyCode='21', event.keyCode='21', metaState='0')
I/AppiumUnicodeIME( 1693): onKeyUp (keyCode='21', event.keyCode='21', metaState='0')
I/AppiumUnicodeIME( 1693): onKeyDown (keyCode='21', event.keyCode='21', metaState='0')
I/AppiumUnicodeIME( 1693): onKeyUp (keyCode='21', event.keyCode='21', metaState='0')
I/AppiumUnicodeIME( 1693): onKeyDown (keyCode='21', event.keyCode='21', metaState='0')
I/AppiumUnicodeIME( 1693): onKeyUp (keyCode='21', event.keyCode='21', metaState='0')
I/AppiumUnicodeIME( 1693): onKeyDown (keyCode='22', event.keyCode='22', metaState='0')
I/AppiumUnicodeIME( 1693): onKeyUp (keyCode='22', event.keyCode='22', metaState='0')
I/AppiumUnicodeIME( 1693): onKeyDown (keyCode='22', event.keyCode='22', metaState='0')
I/AppiumUnicodeIME( 1693): onKeyUp (keyCode='22', event.keyCode='22', metaState='0')
I/AppiumUnicodeIME( 1693): onKeyDown (keyCode='22', event.keyCode='22', metaState='0')
I/AppiumUnicodeIME( 1693): onKeyUp (keyCode='22', event.keyCode='22', metaState='0')
I/AppiumUnicodeIME( 1693): onKeyDown (keyCode='22', event.keyCode='22', metaState='0')
I/AppiumUnicodeIME( 1693): onKeyUp (keyCode='22', event.keyCode='22', metaState='0')
I/AppiumUnicodeIME( 1693): onKeyDown (keyCode='5', event.keyCode='5', metaState='0')
I/AppiumUnicodeIME( 1693): onKeyUp (keyCode='5', event.keyCode='5', metaState='0')
E/ActivityManager( 1537): denglibo handle startActivityAsUser Intent { act=android.intent.action.CALL_BUTTON flg=0x10000000 } error!!!
E/ActivityManager( 1537): java.lang.NullPointerException: Attempt to invoke virtual method 'java.lang.String android.content.ComponentName.getPackageName()' on a null object reference
E/ActivityManager( 1537): 	at com.android.server.am.ActivityManagerService.startActivityAsUser(ActivityManagerService.java:3386)
E/ActivityManager( 1537): 	at com.android.server.am.ActivityManagerService.startActivity(ActivityManagerService.java:3361)
E/ActivityManager( 1537): 	at android.app.ActivityManagerNative.onTransact(ActivityManagerNative.java:139)
E/ActivityManager( 1537): 	at com.android.server.am.ActivityManagerService.onTransact(ActivityManagerService.java:2213)
E/ActivityManager( 1537): 	at android.os.Binder.execTransact(Binder.java:446)
I/ActivityManager( 1537): START u0 {act=android.intent.action.CALL_BUTTON flg=0x10000000} from uid 10028 on display 0
W/PhoneFallbackEventHandler( 2127): No activity found for android.intent.action.CALL_BUTTON.
D/PhoneStatusBar( 1656): disable: < expand ICONS* alerts SYSTEM_INFO* back home recent clock search >
D/PhoneStatusBar( 1656): disable: < expand icons* alerts system_info* back home recent clock search >
D/EGL_adreno( 1656): eglMakeCurrent: 0xadd0b220: ver 2 0 (tinfo 0xadc39730)
D/JTC     ( 2127): near tabl onReceiveLocation
I/System.out( 2127): isFirstLoc：false
D/EGL_adreno( 1656): eglMakeCurrent: 0xadd0b220: ver 2 0 (tinfo 0xadc39730)
I/AppiumUnicodeIME( 1693): onKeyDown (keyCode='21', event.keyCode='21', metaState='0')
I/AppiumUnicodeIME( 1693): onKeyDown (keyCode='21', event.keyCode='21', metaState='0')
I/AppiumUnicodeIME( 1693): onKeyUp (keyCode='21', event.keyCode='21', metaState='0')
I/AppiumUnicodeIME( 1693): onKeyDown (keyCode='21', event.keyCode='21', metaState='0')
I/AppiumUnicodeIME( 1693): onKeyUp (keyCode='21', event.keyCode='21', metaState='0')
I/AppiumUnicodeIME( 1693): onKeyDown (keyCode='21', event.keyCode='21', metaState='0')
I/AppiumUnicodeIME( 1693): onKeyUp (keyCode='21', event.keyCode='21', metaState='0')
I/AppiumUnicodeIME( 1693): onKeyDown (keyCode='21', event.keyCode='21', metaState='0')
I/AppiumUnicodeIME( 1693): onKeyUp (keyCode='21', event.keyCode='21', metaState='0')
D/SMACK   ( 2127): 12:02:32 下午 SENT (642662026): <iq id="8sz74-1136" to="openfire-cloud" from="13632836691@openfire-cloud/A1b852863a" type="get"><ping xmlns='urn:xmpp:ping' /></iq>
I/AppiumUnicodeIME( 1693): onKeyDown (keyCode='24', event.keyCode='24', metaState='0')
I/AppiumUnicodeIME( 1693): onKeyUp (keyCode='24', event.keyCode='24', metaState='0')
E/EGL_adreno( 1656): tid 2032: eglSurfaceAttrib(1266): error 0x3009 (EGL_BAD_MATCH)
W/OpenGLRenderer( 1656): Failed to set EGL_SWAP_BEHAVIOR on surface 0xa315eb40, error=EGL_BAD_MATCH
D/EGL_adreno( 1656): eglMakeCurrent: 0xadd0b220: ver 2 0 (tinfo 0xadc39730)
I/CallbackListener( 2127): 请求队列xmppQueQue=========1
I/AppiumUnicodeIME( 1693): onKeyDown (keyCode='24', event.keyCode='24', metaState='0')
I/AppiumUnicodeIME( 1693): onKeyUp (keyCode='24', event.keyCode='24', metaState='0')
D/EGL_adreno( 1656): eglMakeCurrent: 0xadd0b220: ver 2 0 (tinfo 0xadc39730)
I/art     ( 2127): Explicit concurrent mark sweep GC freed 2410(139KB) AllocSpace objects, 2(32KB) LOS objects, 34% free, 30MB/46MB, paused 423us total 16.746ms
I/art     ( 2127): Explicit concurrent mark sweep GC freed 37(1328B) AllocSpace objects, 0(0B) LOS objects, 34% free, 30MB/46MB, paused 447us total 15.140ms
I/art     ( 2127): Explicit concurrent mark sweep GC freed 3(96B) AllocSpace objects, 0(0B) LOS objects, 34% free, 30MB/46MB, paused 428us total 15.665ms
I/art     ( 2127): Explicit concurrent mark sweep GC freed 3(96B) AllocSpace objects, 0(0B) LOS objects, 34% free, 30MB/46MB, paused 456us total 15.441ms
I/art     ( 2127): Explicit concurrent mark sweep GC freed 3(96B) AllocSpace objects, 0(0B) LOS objects, 34% free, 30MB/46MB, paused 587us total 16.221ms
I/AppiumUnicodeIME( 1693): onKeyDown (keyCode='24', event.keyCode='24', metaState='0')
I/AppiumUnicodeIME( 1693): onKeyUp (keyCode='24', event.keyCode='24', metaState='0')
E/EGL_adreno( 1656): tid 2032: eglSurfaceAttrib(1266): error 0x3009 (EGL_BAD_MATCH)
W/OpenGLRenderer( 1656): Failed to set EGL_SWAP_BEHAVIOR on surface 0xa315eb40, error=EGL_BAD_MATCH
D/EGL_adreno( 1656): eglMakeCurrent: 0xadd0b220: ver 2 0 (tinfo 0xadc39730)
D/EGL_adreno( 1656): eglMakeCurrent: 0xadd0b220: ver 2 0 (tinfo 0xadc39730)
I/AppiumUnicodeIME( 1693): onKeyDown (keyCode='22', event.keyCode='22', metaState='0')
I/AppiumUnicodeIME( 1693): onKeyUp (keyCode='22', event.keyCode='22', metaState='0')
I/AppiumUnicodeIME( 1693): onKeyDown (keyCode='22', event.keyCode='22', metaState='0')
I/AppiumUnicodeIME( 1693): onKeyUp (keyCode='22', event.keyCode='22', metaState='0')
I/AppiumUnicodeIME( 1693): onKeyDown (keyCode='22', event.keyCode='22', metaState='0')
I/AppiumUnicodeIME( 1693): onKeyUp (keyCode='22', event.keyCode='22', metaState='0')
I/AppiumUnicodeIME( 1693): onKeyDown (keyCode='22', event.keyCode='22', metaState='0')
I/AppiumUnicodeIME( 1693): onKeyUp (keyCode='22', event.keyCode='22', metaState='0')
I/ActivityManager( 1537): START u0 {act=android.intent.action.MAIN cat=[android.intent.category.LAUNCHER] flg=0x10200000 cmp=com.jieshun.jslife/.activity.common.WelcomeActivity} from uid 0 on display 0
I/AppiumUnicodeIME( 1693): onKeyDown (keyCode='21', event.keyCode='21', metaState='0')
I/AppiumUnicodeIME( 1693): onKeyDown (keyCode='21', event.keyCode='21', metaState='0')
I/AppiumUnicodeIME( 1693): onKeyUp (keyCode='21', event.keyCode='21', metaState='0')
I/AppiumUnicodeIME( 1693): onKeyDown (keyCode='21', event.keyCode='21', metaState='0')
I/AppiumUnicodeIME( 1693): onKeyUp (keyCode='21', event.keyCode='21', metaState='0')
I/AppiumUnicodeIME( 1693): onKeyDown (keyCode='21', event.keyCode='21', metaState='0')
I/AppiumUnicodeIME( 1693): onKeyUp (keyCode='21', event.keyCode='21', metaState='0')
I/AppiumUnicodeIME( 1693): onKeyDown (keyCode='21', event.keyCode='21', metaState='0')
I/AppiumUnicodeIME( 1693): onKeyUp (keyCode='21', event.keyCode='21', metaState='0')
I/CallbackListener( 2127): 请求队列xmppQueQue=========1
I/AppiumUnicodeIME( 1693): onKeyDown (keyCode='22', event.keyCode='22', metaState='0')
I/AppiumUnicodeIME( 1693): onKeyUp (keyCode='22', event.keyCode='22', metaState='0')
I/AppiumUnicodeIME( 1693): onKeyDown (keyCode='22', event.keyCode='22', metaState='0')
I/AppiumUnicodeIME( 1693): onKeyUp (keyCode='22', event.keyCode='22', metaState='0')
I/AppiumUnicodeIME( 1693): onKeyDown (keyCode='22', event.keyCode='22', metaState='0')
I/AppiumUnicodeIME( 1693): onKeyUp (keyCode='22', event.keyCode='22', metaState='0')
I/AppiumUnicodeIME( 1693): onKeyDown (keyCode='22', event.keyCode='22', metaState='0')
I/AppiumUnicodeIME( 1693): onKeyUp (keyCode='22', event.keyCode='22', metaState='0')
I/AppiumUnicodeIME( 1693): onKeyDown (keyCode='19', event.keyCode='19', metaState='0')
I/AppiumUnicodeIME( 1693): onKeyUp (keyCode='19', event.keyCode='19', metaState='0')
I/AppiumUnicodeIME( 1693): onKeyDown (keyCode='19', event.keyCode='19', metaState='0')
I/AppiumUnicodeIME( 1693): onKeyUp (keyCode='19', event.keyCode='19', metaState='0')
I/AppiumUnicodeIME( 1693): onKeyDown (keyCode='19', event.keyCode='19', metaState='0')
I/AppiumUnicodeIME( 1693): onKeyUp (keyCode='19', event.keyCode='19', metaState='0')
I/AppiumUnicodeIME( 1693): onKeyDown (keyCode='4', event.keyCode='4', metaState='0')
I/AppiumUnicodeIME( 1693): onKeyUp (keyCode='4', event.keyCode='4', metaState='0')
D/EGL_adreno( 2127): eglMakeCurrent: 0xadc34fa0: ver 2 0 (tinfo 0xadc395c0)
W/InputEventReceiver( 2127): Attempted to finish an input event but the input event receiver has already been disposed.
I/AppiumUnicodeIME( 1693): onFinishInput
I/AppiumUnicodeIME( 1693): onStartInput
D/EGL_adreno( 2127): eglMakeCurrent: 0xadc34fa0: ver 2 0 (tinfo 0xadc395c0)
E/ActivityManager( 1537): denglibo handle startActivityAsUser Intent { act=android.intent.action.MAIN cat=[android.intent.category.HOME] flg=0x10200000 } error!!!
E/ActivityManager( 1537): java.lang.NullPointerException: Attempt to invoke virtual method 'java.lang.String android.content.ComponentName.getPackageName()' on a null object reference
E/ActivityManager( 1537): 	at com.android.server.am.ActivityManagerService.startActivityAsUser(ActivityManagerService.java:3386)
E/ActivityManager( 1537): 	at android.app.ContextImpl.startActivityAsUser(ContextImpl.java:1252)
E/ActivityManager( 1537): 	at android.app.ContextImpl.startActivityAsUser(ContextImpl.java:1231)
E/ActivityManager( 1537): 	at com.android.internal.policy.impl.PhoneWindowManager.startActivityAsUser(PhoneWindowManager.java:2893)
E/ActivityManager( 1537): 	at com.android.internal.policy.impl.PhoneWindowManager.startDockOrHome(PhoneWindowManager.java:5851)
E/ActivityManager( 1537): 	at com.android.internal.policy.impl.PhoneWindowManager.launchHomeFromHotKey(PhoneWindowManager.java:3021)
E/ActivityManager( 1537): 	at com.android.internal.policy.impl.PhoneWindowManager.handleShortPressOnHome(PhoneWindowManager.java:1140)
E/ActivityManager( 1537): 	at com.android.internal.policy.impl.PhoneWindowManager.interceptKeyBeforeDispatching(PhoneWindowManager.java:2480)
E/ActivityManager( 1537): 	at com.android.server.wm.InputMonitor.interceptKeyBeforeDispatching(InputMonitor.java:388)
E/ActivityManager( 1537): 	at com.android.server.input.InputManagerService.interceptKeyBeforeDispatching(InputManagerService.java:1481)
I/ActivityManager( 1537): START u0 {act=android.intent.action.MAIN cat=[android.intent.category.HOME] flg=0x10200000 cmp=com.android.launcher3/.Launcher} from uid 1000 on display 0
D/EGL_adreno( 1656): eglMakeCurrent: 0xadd0b220: ver 2 0 (tinfo 0xadc39730)
D/JTC     ( 2127): near tabl onReceiveLocation
I/System.out( 2127): isFirstLoc：false
I/CallbackListener( 2127): 请求队列xmppQueQue=========1
D/AudioTrack( 1537): use orig AudioTrack! mIsTimed=0 transferType=0 flags=4
I/EmuCoreService( 1764): Broadcast action = android.intent.action.TOP_ACTIVITY_CHANGED
I/EmuCoreService( 1764): HostService Init inited = true
I/MobclickAgent( 2127): Extend current session: E327E9A79659B748A3F5F5A476C15B53
D/ld_audio_hw( 1367): ld_start_output_stream, stream=0xb584a660, sampleRate =44100, channel=2, bps=16, bufSize=2048
E/EGL_adreno( 2127): tid 2197: eglSurfaceAttrib(1266): error 0x3009 (EGL_BAD_MATCH)
W/OpenGLRenderer( 2127): Failed to set EGL_SWAP_BEHAVIOR on surface 0x94d1f5c0, error=EGL_BAD_MATCH
D/EGL_adreno( 2127): eglMakeCurrent: 0xadc34fa0: ver 2 0 (tinfo 0xadc395c0)
I/AppiumUnicodeIME( 1693): onFinishInput
I/AppiumUnicodeIME( 1693): onStartInput
D/EGL_adreno( 2127): eglMakeCurrent: 0xadc34fa0: ver 2 0 (tinfo 0xadc395c0)
I/com.jieshun.jslife.activity.userinfo.MessageSettingActivity( 2127): onDestroy()======
I/CallbackListener( 2127): requestMap remove  activity = com.jieshun.jslife.activity.userinfo.MessageSettingActivity@23ad2c36
I/art     ( 2127): Explicit concurrent mark sweep GC freed 2793(236KB) AllocSpace objects, 6(96KB) LOS objects, 34% free, 30MB/46MB, paused 361us total 17.505ms
I/art     ( 2127): Explicit concurrent mark sweep GC freed 350(16KB) AllocSpace objects, 0(0B) LOS objects, 34% free, 30MB/46MB, paused 608us total 16.136ms
D/EGL_adreno( 2127): eglMakeCurrent: 0xadc34fa0: ver 2 0 (tinfo 0xadc395c0)
I/ActivityManager( 1537): START u0 {cmp=com.jieshun.jslife/.activity.WebViewBaseActivity (has extras)} from uid 10028 on display 0
D/AudioTrack( 1537): use orig AudioTrack! mIsTimed=0 transferType=0 flags=4
V/WindowManager( 1537): addAppToken: AppWindowToken{3d44965 token=Token{e95525c ActivityRecord{1c7798cf u0 com.jieshun.jslife/.activity.WebViewBaseActivity t2}}} to stack=1 task=2 at 2
I/EmuCoreService( 1764): Broadcast action = android.intent.action.TOP_ACTIVITY_CHANGED
I/EmuCoreService( 1764): HostService Init inited = true
I/art     ( 2127): Explicit concurrent mark sweep GC freed 121(37KB) AllocSpace objects, 2(32KB) LOS objects, 34% free, 30MB/46MB, paused 100.726ms total 139.134ms
I/art     ( 2127): Explicit concurrent mark sweep GC freed 338(56KB) AllocSpace objects, 1(16KB) LOS objects, 34% free, 30MB/46MB, paused 462us total 85.829ms
I/art     ( 2127): Explicit concurrent mark sweep GC freed 209(9KB) AllocSpace objects, 0(0B) LOS objects, 34% free, 30MB/46MB, paused 582us total 16.069ms
W/System.err( 2127): java.lang.NullPointerException: Attempt to invoke virtual method 'java.io.File android.content.Context.getDir(java.lang.String, int)' on a null object reference
I/InputDispatcher( 1537): Dropping event because there is no touchable window at (667, 926).
W/InputManager( 1537): Input event injection from pid 3254 failed.
W/InputManager( 1537): Input event injection from pid 3254 failed.
W/InputManager( 1537): Input event injection from pid 3254 failed.
W/InputManager( 1537): Input event injection from pid 3254 failed.
W/InputManager( 1537): Input event injection from pid 3254 failed.
W/System.err( 2127): 	at com.tencent.smtt.sdk.ac.f(Unknown Source)
W/System.err( 2127): 	at com.tencent.smtt.sdk.TbsShareManager.h(Unknown Source)
W/System.err( 2127): 	at com.tencent.smtt.sdk.TbsShareManager.i(Unknown Source)
W/System.err( 2127): 	at com.tencent.smtt.sdk.TbsShareManager.e(Unknown Source)
W/System.err( 2127): 	at com.tencent.smtt.sdk.QbSdk.a(Unknown Source)
W/System.err( 2127): 	at com.tencent.smtt.sdk.i.a(Unknown Source)
W/System.err( 2127): 	at com.tencent.smtt.sdk.i.b(Unknown Source)
W/System.err( 2127): 	at com.tencent.smtt.sdk.WebView.c(Unknown Source)
W/System.err( 2127): 	at com.tencent.smtt.sdk.WebView.<init>(Unknown Source)
W/System.err( 2127): 	at com.tencent.smtt.sdk.WebView.<init>(Unknown Source)
W/System.err( 2127): 	at com.tencent.smtt.sdk.WebView.<init>(Unknown Source)
W/System.err( 2127): 	at com.tencent.smtt.sdk.WebView.<init>(Unknown Source)
W/System.err( 2127): 	at java.lang.reflect.Constructor.newInstance(Native Method)
W/System.err( 2127): 	at java.lang.reflect.Constructor.newInstance(Constructor.java:288)
W/System.err( 2127): 	at android.view.LayoutInflater.createView(LayoutInflater.java:607)
W/System.err( 2127): 	at android.view.LayoutInflater.createViewFromTag(LayoutInflater.java:743)
W/System.err( 2127): 	at android.view.LayoutInflater.rInflate(LayoutInflater.java:806)
W/System.err( 2127): 	at android.view.LayoutInflater.inflate(LayoutInflater.java:504)
W/System.err( 2127): 	at android.view.LayoutInflater.inflate(LayoutInflater.java:414)
W/System.err( 2127): 	at android.view.LayoutInflater.inflate(LayoutInflater.java:365)
W/System.err( 2127): 	at ui.BaseActivity.setCustomView(BaseActivity.java:141)
W/System.err( 2127): 	at com.jieshun.jslife.activity.WebViewBaseActivity.initView(WebViewBaseActivity.java:44)
W/System.err( 2127): 	at ui.BaseActivity.onCreate(BaseActivity.java:112)
W/System.err( 2127): 	at android.app.Activity.performCreate(Activity.java:5990)
W/System.err( 2127): 	at android.app.Instrumentation.callActivityOnCreate(Instrumentation.java:1106)
W/System.err( 2127): 	at android.app.ActivityThread.performLaunchActivity(ActivityThread.java:2278)
W/System.err( 2127): 	at android.app.ActivityThread.handleLaunchActivity(ActivityThread.java:2387)
W/System.err( 2127): 	at android.app.ActivityThread.access$800(ActivityThread.java:151)
W/System.err( 2127): 	at android.app.ActivityThread$H.handleMessage(ActivityThread.java:1303)
W/System.err( 2127): 	at android.os.Handler.dispatchMessage(Handler.java:102)
W/System.err( 2127): 	at android.os.Looper.loop(Looper.java:135)
W/System.err( 2127): 	at android.app.ActivityThread.main(ActivityThread.java:5254)
W/System.err( 2127): 	at java.lang.reflect.Method.invoke(Native Method)
W/System.err( 2127): 	at java.lang.reflect.Method.invoke(Method.java:372)
W/System.err( 2127): 	at com.android.internal.os.ZygoteInit$MethodAndArgsCaller.run(ZygoteInit.java:905)
W/System.err( 2127): 	at com.android.internal.os.ZygoteInit.main(ZygoteInit.java:700)
E/loaderror( 2127): TBS:302
E/SDKEngine( 2127): TBS:SDKEngine--init canLoadTbs=false
E/SDKEngine( 2127): TBS:SDKEngine--init can_load_x5=false
E/SDKEngine( 2127): TBS:SDKEngine--init is_compatible=true
E/SDKEngine( 2127): TBS:SDKEngine--init isTbsCoreLegaL=true
E/SDKEngine( 2127): TBS:useSystemWebView by !canLoadTbs
E/loaderror( 2127): TBS:324
E/QbSdk   ( 2127): TBS:sys WebView: SysWebViewForcedInner
I/InputDispatcher( 1537): Dropping event because there is no touchable window at (657, 764).
W/InputManager( 1537): Input event injection from pid 3254 failed.
W/InputManager( 1537): Input event injection from pid 3254 failed.
I/CallbackListener( 2127): 请求队列xmppQueQue=========1
I/ActivityManager( 1537): START u0 {act=android.intent.action.MAIN cat=[android.intent.category.LAUNCHER] flg=0x10200000 cmp=com.jieshun.jslife/.activity.common.WelcomeActivity} from uid 0 on display 0
I/InputDispatcher( 1537): Dropping event because there is no touchable window at (210, 135).
W/InputManager( 1537): Input event injection from pid 3254 failed.
W/InputManager( 1537): Input event injection from pid 3254 failed.
W/InputManager( 1537): Input event injection from pid 3254 failed.
W/InputManager( 1537): Input event injection from pid 3254 failed.
W/InputManager( 1537): Input event injection from pid 3254 failed.
W/InputManager( 1537): Input event injection from pid 3254 failed.
W/InputManager( 1537): Input event injection from pid 3254 failed.
W/InputManager( 1537): Input event injection from pid 3254 failed.
W/art     ( 2127): Attempt to remove local handle scope entry from IRT, ignoring
W/AwContents( 2127): onDetachedFromWindow called when already detached. Ignoring
D/com.jieshun.jslife.activity.WebViewBaseActivity( 2127): context = com.jieshun.jslife.application.GlobalApplication@9bcff63, isLogin=false, savedInstanceState = null
E/tag     ( 2127): 加载网页url-->http://jsh.jslife.com.cn/jshapp/userGuide.html
I/InputDispatcher( 1537): Dropping event because there is no touchable window at (664, 1216).
W/InputManager( 1537): Input event injection from pid 3254 failed.
W/InputManager( 1537): Input event injection from pid 3254 failed.
V/WindowManager( 1537): Adding window Window{15fef2eb u0 com.jieshun.jslife/com.jieshun.jslife.activity.WebViewBaseActivity} at 5 of 8 (after Window{d558c3f u0 com.jieshun.jslife/com.jieshun.jslife.activity.userinfo.SettingActivity})
I/MobclickAgent( 2127): Extend current session: E327E9A79659B748A3F5F5A476C15B53
E/EGL_adreno( 2127): tid 2197: eglSurfaceAttrib(1266): error 0x3009 (EGL_BAD_MATCH)
W/OpenGLRenderer( 2127): Failed to set EGL_SWAP_BEHAVIOR on surface 0x9b0d8d20, error=EGL_BAD_MATCH
D/EGL_adreno( 2127): eglMakeCurrent: 0xadc34fa0: ver 2 0 (tinfo 0xadc395c0)
E/WifiStateMachine( 1537): WifiStateMachine CMD_START_SCAN source -2 txSuccessRate=0.00 rxSuccessRate=0.00 targetRoamBSSID=00:81:ba:06:db:c6 RSSI=-45
D/EGL_adreno( 2127): eglMakeCurrent: 0xadc34fa0: ver 2 0 (tinfo 0xadc395c0)
D/EGL_adreno( 2127): eglMakeCurrent: 0xadc34fa0: ver 2 0 (tinfo 0xadc395c0)
I/ActivityManager( 1537): Displayed com.jieshun.jslife/.activity.WebViewBaseActivity: +1s815ms
I/AppiumUnicodeIME( 1693): onFinishInput
I/AppiumUnicodeIME( 1693): onStartInput
D/EGL_adreno( 2127): eglMakeCurrent: 0xadc34fa0: ver 2 0 (tinfo 0xadc395c0)
D/HTP     ( 2127):  设定加载开始的操作 ********************* 
V/WindowManager( 1537): not Base app: Adding window Window{29115292 u0 com.jieshun.jslife/com.jieshun.jslife.activity.WebViewBaseActivity} at 6 of 9
E/EGL_adreno( 2127): tid 2197: eglSurfaceAttrib(1266): error 0x3009 (EGL_BAD_MATCH)
W/OpenGLRenderer( 2127): Failed to set EGL_SWAP_BEHAVIOR on surface 0x94d1f5c0, error=EGL_BAD_MATCH
D/EGL_adreno( 2127): eglMakeCurrent: 0xadc34fa0: ver 2 0 (tinfo 0xadc395c0)
I/AppiumUnicodeIME( 1693): onFinishInput
I/AppiumUnicodeIME( 1693): onStartInput
D/EGL_adreno( 2127): eglMakeCurrent: 0xadc34fa0: ver 2 0 (tinfo 0xadc395c0)
I/CallbackListener( 2127): 请求队列xmppQueQue=========1
D/HostConnection( 2127): ExtendedRCEncoderContext GL_VERSION return OpenGL ES 2.0 (3.1.0 - Build 9.17.10.4229)
D/ld_audio_hw( 1367): lineFun, out_standby
D/ld_audio_hw( 1367): ld_close_output_stream, dev=0xb5875240, stream =0xb584a660
D/ld_audio_hw( 1367): ld_close_output_stream, stream=0xb584a660,  success!
D/EGL_adreno( 2127): eglMakeCurrent: 0xadc34fa0: ver 2 0 (tinfo 0xadc395c0)
D/HostConnection( 2127): ExtendedRCEncoderContext GL_VERSION return OpenGL ES 2.0 (3.1.0 - Build 9.17.10.4229)
I/Choreographer( 2127): Skipped 57 frames!  The application may be doing too much work on its main thread.
D/AdHotSeatView( 1867): updateIconButton.
D/EGL_adreno( 2127): eglMakeCurrent: 0xadc34fa0: ver 2 0 (tinfo 0xadc395c0)
D/EGL_adreno( 2127): eglMakeCurrent: 0xadc34fa0: ver 2 0 (tinfo 0xadc395c0)
D/JTC     ( 2127): near tabl onReceiveLocation
I/System.out( 2127): isFirstLoc：false
D/EGL_adreno( 2127): eglMakeCurrent: 0xadc34fa0: ver 2 0 (tinfo 0xadc395c0)
I/AppiumUnicodeIME( 1693): onKeyDown (keyCode='22', event.keyCode='22', metaState='0')
I/AppiumUnicodeIME( 1693): onKeyUp (keyCode='22', event.keyCode='22', metaState='0')
I/AppiumUnicodeIME( 1693): onKeyDown (keyCode='22', event.keyCode='22', metaState='0')
I/AppiumUnicodeIME( 1693): onKeyUp (keyCode='22', event.keyCode='22', metaState='0')
I/AppiumUnicodeIME( 1693): onKeyDown (keyCode='22', event.keyCode='22', metaState='0')
I/AppiumUnicodeIME( 1693): onKeyUp (keyCode='22', event.keyCode='22', metaState='0')
I/AppiumUnicodeIME( 1693): onKeyDown (keyCode='22', event.keyCode='22', metaState='0')
I/AppiumUnicodeIME( 1693): onKeyUp (keyCode='22', event.keyCode='22', metaState='0')
I/AppiumUnicodeIME( 1693): onKeyDown (keyCode='23', event.keyCode='23', metaState='0')
I/AppiumUnicodeIME( 1693): onKeyUp (keyCode='23', event.keyCode='23', metaState='0')
D/EGL_adreno( 2127): eglMakeCurrent: 0xadc34fa0: ver 2 0 (tinfo 0xadc395c0)
D/HostConnection( 2127): ExtendedRCEncoderContext GL_VERSION return OpenGL ES 2.0 (3.1.0 - Build 9.17.10.4229)
D/HostConnection( 2127): ExtendedRCEncoderContext GL_VERSION return OpenGL ES 2.0 (3.1.0 - Build 9.17.10.4229)
D/HostConnection( 2127): ExtendedRCEncoderContext GL_VERSION return OpenGL ES 2.0 (3.1.0 - Build 9.17.10.4229)
D/HTP     ( 2127):  设定加载结束的操作 ********************* 
I/CallbackListener( 2127): 请求队列xmppQueQue=========1
I/AppiumUnicodeIME( 1693): onFinishInput
I/AppiumUnicodeIME( 1693): onStartInput
D/EGL_adreno( 2127): eglMakeCurrent: 0xadc34fa0: ver 2 0 (tinfo 0xadc395c0)
D/EGL_adreno( 2127): eglMakeCurrent: 0xadc34fa0: ver 2 0 (tinfo 0xadc395c0)
D/EGL_adreno( 2127): eglMakeCurrent: 0xadc34fa0: ver 2 0 (tinfo 0xadc395c0)
D/EGL_adreno( 2127): eglMakeCurrent: 0xadc34fa0: ver 2 0 (tinfo 0xadc395c0)
D/EGL_adreno( 2127): eglMakeCurrent: 0xadc34fa0: ver 2 0 (tinfo 0xadc395c0)
D/EGL_adreno( 2127): eglMakeCurrent: 0xadc34fa0: ver 2 0 (tinfo 0xadc395c0)
D/EGL_adreno( 2127): eglMakeCurrent: 0xadc34fa0: ver 2 0 (tinfo 0xadc395c0)
I/art     ( 2127): Explicit concurrent mark sweep GC freed 8763(499KB) AllocSpace objects, 5(80KB) LOS objects, 33% free, 31MB/47MB, paused 487us total 147.210ms
D/EGL_adreno( 2127): eglMakeCurrent: 0xadc34fa0: ver 2 0 (tinfo 0xadc395c0)
I/art     ( 2127): Explicit concurrent mark sweep GC freed 293(13KB) AllocSpace objects, 0(0B) LOS objects, 33% free, 31MB/47MB, paused 428us total 17.687ms
I/art     ( 2127): Explicit concurrent mark sweep GC freed 3(96B) AllocSpace objects, 0(0B) LOS objects, 33% free, 31MB/47MB, paused 498us total 15.796ms
I/art     ( 2127): Explicit concurrent mark sweep GC freed 8(256B) AllocSpace objects, 0(0B) LOS objects, 33% free, 31MB/47MB, paused 629us total 15.980ms
D/EGL_adreno( 2127): eglMakeCurrent: 0xadc34fa0: ver 2 0 (tinfo 0xadc395c0)
I/art     ( 2127): Explicit concurrent mark sweep GC freed 42(864B) AllocSpace objects, 0(0B) LOS objects, 33% free, 31MB/47MB, paused 372us total 26.213ms
I/AppiumUnicodeIME( 1693): onKeyDown (keyCode='19', event.keyCode='19', metaState='0')
I/AppiumUnicodeIME( 1693): onKeyDown (keyCode='19', event.keyCode='19', metaState='0')
I/AppiumUnicodeIME( 1693): onKeyUp (keyCode='19', event.keyCode='19', metaState='0')
I/AppiumUnicodeIME( 1693): onKeyDown (keyCode='19', event.keyCode='19', metaState='0')
I/AppiumUnicodeIME( 1693): onKeyUp (keyCode='19', event.keyCode='19', metaState='0')
I/AppiumUnicodeIME( 1693): onKeyDown (keyCode='19', event.keyCode='19', metaState='0')
I/AppiumUnicodeIME( 1693): onKeyUp (keyCode='19', event.keyCode='19', metaState='0')
I/AppiumUnicodeIME( 1693): onKeyDown (keyCode='19', event.keyCode='19', metaState='0')
I/AppiumUnicodeIME( 1693): onKeyUp (keyCode='19', event.keyCode='19', metaState='0')
I/CallbackListener( 2127): 请求队列xmppQueQue=========1
W/art     ( 2127): Verification of void com.android.webview.chromium.UnimplementedWebViewApi.<clinit>() took 131.616ms
W/art     ( 2127): Verification of void com.android.webview.chromium.UnimplementedWebViewApi.invoke() took 145.294ms
W/UnimplementedWebViewApi( 2127): Unimplemented WebView method onKeyMultiple called from: android.webkit.WebView.onKeyMultiple(WebView.java:2322)
W/UnimplementedWebViewApi( 2127): Unimplemented WebView method onKeyDown called from: android.webkit.WebView.onKeyDown(WebView.java:2312)
I/AppiumUnicodeIME( 1693): onKeyDown (keyCode='20', event.keyCode='20', metaState='0')
I/AppiumUnicodeIME( 1693): onKeyUp (keyCode='20', event.keyCode='20', metaState='0')
I/AppiumUnicodeIME( 1693): onKeyDown (keyCode='20', event.keyCode='20', metaState='0')
I/AppiumUnicodeIME( 1693): onKeyUp (keyCode='20', event.keyCode='20', metaState='0')
I/AppiumUnicodeIME( 1693): onKeyDown (keyCode='20', event.keyCode='20', metaState='0')
I/AppiumUnicodeIME( 1693): onKeyUp (keyCode='20', event.keyCode='20', metaState='0')
D/EGL_adreno( 2127): eglMakeCurrent: 0xadc34fa0: ver 2 0 (tinfo 0xadc395c0)
D/EGL_adreno( 2127): eglMakeCurrent: 0xadc34fa0: ver 2 0 (tinfo 0xadc395c0)
D/sensor_ld( 1537): cb_setDelay handle=0 delay-ns=20000000
D/sensor_ld( 1537): cb_setDelay handle=0 delay-ns=20000000
I/art     ( 3254): System.exit called, status: 0
I/AndroidRuntime( 3254): VM exiting with result code 0.
D/EGL_adreno( 2127): eglMakeCurrent: 0xadc34fa0: ver 2 0 (tinfo 0xadc395c0)
D/EGL_adreno( 2127): eglMakeCurrent: 0xadc34fa0: ver 2 0 (tinfo 0xadc395c0)
D/EGL_adreno( 2127): eglMakeCurrent: 0xadc34fa0: ver 2 0 (tinfo 0xadc395c0)
D/EGL_adreno( 2127): eglMakeCurrent: 0xadc34fa0: ver 2 0 (tinfo 0xadc395c0)
D/EGL_adreno( 2127): eglMakeCurrent: 0xadc34fa0: ver 2 0 (tinfo 0xadc395c0)
D/EGL_adreno( 2127): eglMakeCurrent: 0xadc34fa0: ver 2 0 (tinfo 0xadc395c0)
D/EGL_adreno( 2127): eglMakeCurrent: 0xadc34fa0: ver 2 0 (tinfo 0xadc395c0)
D/EGL_adreno( 2127): eglMakeCurrent: 0xadc34fa0: ver 2 0 (tinfo 0xadc395c0)
D/EGL_adreno( 2127): eglMakeCurrent: 0xadc34fa0: ver 2 0 (tinfo 0xadc395c0)
D/EGL_adreno( 2127): eglMakeCurrent: 0xadc34fa0: ver 2 0 (tinfo 0xadc395c0)
D/EGL_adreno( 2127): eglMakeCurrent: 0xadc34fa0: ver 2 0 (tinfo 0xadc395c0)
D/EGL_adreno( 2127): eglMakeCurrent: 0xadc34fa0: ver 2 0 (tinfo 0xadc395c0)
D/EGL_adreno( 2127): eglMakeCurrent: 0xadc34fa0: ver 2 0 (tinfo 0xadc395c0)
D/EGL_adreno( 2127): eglMakeCurrent: 0xadc34fa0: ver 2 0 (tinfo 0xadc395c0)
D/SMACK   ( 2127): 12:02:46 下午 SENT (642662026): <iq id="8sz74-1137" to="openfire-cloud" from="13632836691@openfire-cloud/A1b852863a" type="get"><ping xmlns='urn:xmpp:ping' /></iq>
I/CallbackListener( 2127): 请求队列xmppQueQue=========1
I/CallbackListener( 2127):  请求未接收到云平台响应,超时回调 request message is no response and timeout===============
I/CallbackListener( 2127): 请求队列xmppQueQuey移除=========== serviceId = JSCSP_MSGPUSH_SETCONFIG
I/CallbackListener( 2127): requestMap add  activity = com.jieshun.jslife.activity.userinfo.MessageSettingActivity@23ad2c36  serviceId = JSCSP_MSGPUSH_SETCONFIG
D/XMPP    ( 2127): XMPP请求------> JSCSP_MSGPUSH_SETCONFIG ---> 消息内容: {"attributes":{},"dataItems":[{"attributes":{"isPush":"TRUE","isPushDiscount":"TRUE","isPushLife":"TRUE","isUndisturbed":"FALSE","userId":"eaa2fc61c4784b6ba67ac352b4afc808"},"failItems":[],"objectId":"objID","operateType":"READ","subItems":[]}],"requestType":"DIRECTIVE","seqId":"f7p18p_9","serviceId":"JSCSP_MSGPUSH_SETCONFIG"}
W/System.err( 2127): java.lang.Exception: denglibo Toast callstack! strTip=网络异常，请稍后重试
W/System.err( 2127): 	at android.widget.Toast.show(Toast.java:127)
W/System.err( 2127): 	at util.T.showShort(T.java:52)
W/System.err( 2127): 	at ui.BaseActivity.handleErrorMsg(BaseActivity.java:938)
W/System.err( 2127): 	at com.jieshun.jslife.activity.userinfo.MessageSettingActivity.handleErrorMsg(MessageSettingActivity.java:353)
W/System.err( 2127): 	at util.GeneralUtil$MainHandler1.handleMessage(GeneralUtil.java:458)
W/System.err( 2127): 	at android.os.Handler.dispatchMessage(Handler.java:102)
W/System.err( 2127): 	at android.os.Looper.loop(Looper.java:135)
W/System.err( 2127): 	at android.app.ActivityThread.main(ActivityThread.java:5254)
W/System.err( 2127): 	at java.lang.reflect.Method.invoke(Native Method)
W/System.err( 2127): 	at java.lang.reflect.Method.invoke(Method.java:372)
W/System.err( 2127): 	at com.android.internal.os.ZygoteInit$MethodAndArgsCaller.run(ZygoteInit.java:905)
W/System.err( 2127): 	at com.android.internal.os.ZygoteInit.main(ZygoteInit.java:700)
D/SMACK   ( 2127): 12:02:46 下午 SENT (642662026): <iq id="f7p18p_9" to="formal_cloud_jsh@openfire-cloud/master" type="get"><dreq xmlns="xmpp:iq:shunt"><cnt>{&quot;attributes&quot;:{},&quot;dataItems&quot;:[{&quot;attributes&quot;:{&quot;isPush&quot;:&quot;TRUE&quot;,&quot;isPushDiscount&quot;:&quot;TRUE&quot;,&quot;isPushLife&quot;:&quot;TRUE&quot;,&quot;isUndisturbed&quot;:&quot;FALSE&quot;,&quot;userId&quot;:&quot;eaa2fc61c4784b6ba67ac352b4afc808&quot;},&quot;failItems&quot;:[],&quot;objectId&quot;:&quot;objID&quot;,&quot;operateType&quot;:&quot;READ&quot;,&quot;subItems&quot;:[]}],&quot;requestType&quot;:&quot;DIRECTIVE&quot;,&quot;seqId&quot;:&quot;f7p18p_9&quot;,&quot;serviceId&quot;:&quot;JSCSP_MSGPUSH_SETCONFIG&quot;}</cnt><crc>-1117810848</crc><mode>ASYNC</mode><type>DIRECTIVE</type></dreq></iq>
E/EGL_adreno( 2127): tid 2197: eglSurfaceAttrib(1266): error 0x3009 (EGL_BAD_MATCH)
W/OpenGLRenderer( 2127): Failed to set EGL_SWAP_BEHAVIOR on surface 0x9a239ec0, error=EGL_BAD_MATCH
D/EGL_adreno( 2127): eglMakeCurrent: 0xadc34fa0: ver 2 0 (tinfo 0xadc395c0)
D/JTC     ( 2127): near tabl onReceiveLocation
I/System.out( 2127): isFirstLoc：false
I/art     ( 2127): Explicit concurrent mark sweep GC freed 4694(299KB) AllocSpace objects, 3(48KB) LOS objects, 33% free, 31MB/47MB, paused 372us total 35.959ms
I/art     ( 2127): Explicit concurrent mark sweep GC freed 44(1688B) AllocSpace objects, 0(0B) LOS objects, 33% free, 31MB/47MB, paused 446us total 15.187ms
I/art     ( 2127): Explicit concurrent mark sweep GC freed 3(96B) AllocSpace objects, 0(0B) LOS objects, 33% free, 31MB/47MB, paused 487us total 14.826ms
I/art     ( 2127): Explicit concurrent mark sweep GC freed 3(96B) AllocSpace objects, 0(0B) LOS objects, 33% free, 31MB/47MB, paused 470us total 14.965ms
I/art     ( 2127): Explicit concurrent mark sweep GC freed 3(96B) AllocSpace objects, 0(0B) LOS objects, 33% free, 31MB/47MB, paused 484us total 14.942ms
I/CallbackListener( 2127): 请求队列xmppQueQue=========1
D/EGL_adreno( 2127): eglMakeCurrent: 0xadc34fa0: ver 2 0 (tinfo 0xadc395c0)
I/CallbackListener( 2127): 请求队列xmppQueQue=========1
D/EGL_adreno( 2127): eglMakeCurrent: 0xadc34fa0: ver 2 0 (tinfo 0xadc395c0)
I/EmuCoreService( 1764): Broadcast action = android.intent.action.TOP_ACTIVITY_CHANGED
D/AudioTrack( 1537): use orig AudioTrack! mIsTimed=0 transferType=0 flags=4
D/ld_audio_hw( 1367): ld_start_output_stream, stream=0xb584a660, sampleRate =44100, channel=2, bps=16, bufSize=2048
E/EGL_adreno( 2127): tid 2197: eglSurfaceAttrib(1266): error 0x3009 (EGL_BAD_MATCH)
W/OpenGLRenderer( 2127): Failed to set EGL_SWAP_BEHAVIOR on surface 0x9b20ee60, error=EGL_BAD_MATCH
D/EGL_adreno( 2127): eglMakeCurrent: 0xadc34fa0: ver 2 0 (tinfo 0xadc395c0)
I/EmuCoreService( 1764): HostService Init inited = true
I/AppiumUnicodeIME( 1693): onFinishInput
I/AppiumUnicodeIME( 1693): onStartInput
I/MobclickAgent( 2127): Extend current session: E327E9A79659B748A3F5F5A476C15B53
D/EGL_adreno( 2127): eglMakeCurrent: 0xadc34fa0: ver 2 0 (tinfo 0xadc395c0)
I/com.jieshun.jslife.activity.WebViewBaseActivity( 2127): onDestroy()======
D/JTC     ( 2127): near tabl onReceiveLocation
I/System.out( 2127): isFirstLoc：false
D/EGL_adreno( 2127): eglMakeCurrent: 0xadc34fa0: ver 2 0 (tinfo 0xadc395c0)
D/SMACK   ( 2127): 12:02:52 下午 SENT (642662026): <iq id="8sz74-1138" to="openfire-cloud" from="13632836691@openfire-cloud/A1b852863a" type="get"><ping xmlns='urn:xmpp:ping' /></iq>
D/AudioTrack( 1537): use orig AudioTrack! mIsTimed=0 transferType=0 flags=4
I/EmuCoreService( 1764): Broadcast action = android.intent.action.TOP_ACTIVITY_CHANGED
I/EmuCoreService( 1764): HostService Init inited = true
I/com.jieshun.jslife.activity.common.MainFragmentActivity( 2127): onResume()======
D/XMPP    ( 2127):  JSJK requestjsjk_biz_member_balance_qry json : {"appId":"1645285811190497301","sign":"b1e7b2764b49df5ca9e2cd2b23514bce","systemType":"02","userId":"eaa2fc61c4784b6ba67ac352b4afc808"}
D/XMPP    ( 2127):  JSJK URLjsjk_biz_member_balance_qry URL : http://hdwg.jieshunpay.cn:8120/jst-gateway/member/balanceMoney
I/MobclickAgent( 2127): Extend current session: E327E9A79659B748A3F5F5A476C15B53
I/CallbackListener( 2127): 请求队列xmppQueQue=========1
I/InputDispatcher( 1537): Dropping event because there is no touchable window at (52, 100).
I/EGL_adreno( 2127): eglCreateContext request GLES major-version=2
D/EGL_adreno( 2127): eglCreateContext: 0x99d6f3a0: maj 2 min 0 rcv 2
W/art     ( 2127): Long monitor contention event with owner method=void android.opengl.GLSurfaceView$GLThread.guardedRun() from GLSurfaceView.java:1303 waiters=1 for 1.441s
D/EGL_adreno( 2127): eglMakeCurrent: 0x99d6f3a0: ver 2 0 (tinfo 0x9a18d1f0)
D/HostConnection( 2127): ExtendedRCEncoderContext GL_VERSION return OpenGL ES 2.0 (3.1.0 - Build 9.17.10.4229)
I/CallbackListener( 2127): 请求队列xmppQueQue=========1
D/EGL_adreno( 2127): eglMakeCurrent: 0x99d6f3a0: ver 2 0 (tinfo 0x9a18d1f0)
E/EGL_adreno( 2127): tid 2197: eglSurfaceAttrib(1266): error 0x3009 (EGL_BAD_MATCH)
W/OpenGLRenderer( 2127): Failed to set EGL_SWAP_BEHAVIOR on surface 0x9b2119c0, error=EGL_BAD_MATCH
D/EGL_adreno( 2127): eglMakeCurrent: 0xadc34fa0: ver 2 0 (tinfo 0xadc395c0)
D/XMPP    ( 2127): 会员余额查询response: {"code":"200","msg":"成功","data":{"balanceMoney":"0"}}
D/XMPP    ( 2127): 余额查询response: {"code":"200","msg":"成功","data":{"balanceMoney":"0"}}
D/XMPP    ( 2127): 金额值 str = 0
D/XMPP    ( 2127): 金额值 转换 string = 0
D/XMPP    ( 2127):  JSJK requestjsjk_biz_member_login json : {"LATITUDE":"1045:116.41025599543832","LONGITUDE":"1044:39.916407589357014","UDID":"1006:865166026808918","appId":"1645285811190497301","mobile":"13632836691","sign":"06fc37de2258093585ba197b4be70c27","systemType":"02","userId":"eaa2fc61c4784b6ba67ac352b4afc808"}
D/XMPP    ( 2127):  JSJK URLjsjk_biz_member_login URL : http://hdwg.jieshunpay.cn:8120/jst-gateway/member/loginV1.0
