I/AccessibilityNodeInfoDumper( 7496): Skipping invisible child: android.view.accessibility.AccessibilityNodeInfo@8001923d; boundsInParent: Rect(0, 0 - 720, 0); boundsInScreen: Rect(0, 1280 - 720, 1280); packageName: com.jieshun.jslife; className: android.widget.LinearLayout; text: null; error: null; maxTextLength: -1; contentDescription: null; viewIdResName: com.jieshun.jslife:id/ll_bottom; checkable: false; checked: false; focusable: false; focused: false; selected: false; clickable: false; longClickable: false; enabled: true; password: false; scrollable: false; actions: [AccessibilityAction: ACTION_SELECT - null, AccessibilityAction: ACTION_CLEAR_SELECTION - null, AccessibilityAction: ACTION_ACCESSIBILITY_FOCUS - null]
W/AccessibilityNodeInfoDumper( 7496): Fetch time: 7ms
I/AccessibilityNodeInfoDumper( 7496): Skipping invisible child: android.view.accessibility.AccessibilityNodeInfo@8001e894; boundsInParent: Rect(0, 0 - 0, 100); boundsInScreen: Rect(720, 50 - 720, 150); packageName: com.jieshun.jslife; className: android.widget.FrameLayout; text: null; error: null; maxTextLength: -1; contentDescription: null; viewIdResName: com.jieshun.jslife:id/fl_title_more; checkable: false; checked: false; focusable: false; focused: false; selected: false; clickable: false; longClickable: false; enabled: true; password: false; scrollable: false; actions: [AccessibilityAction: ACTION_SELECT - null, AccessibilityAction: ACTION_CLEAR_SELECTION - null, AccessibilityAction: ACTION_ACCESSIBILITY_FOCUS - null]
I/AccessibilityNodeInfoDumper( 7496): Skipping invisible child: android.view.accessibility.AccessibilityNodeInfo@8001923d; boundsInParent: Rect(0, 0 - 720, 0); boundsInScreen: Rect(0, 1280 - 720, 1280); packageName: com.jieshun.jslife; className: android.widget.LinearLayout; text: null; error: null; maxTextLength: -1; contentDescription: null; viewIdResName: com.jieshun.jslife:id/ll_bottom; checkable: false; checked: false; focusable: false; focused: false; selected: false; clickable: false; longClickable: false; enabled: true; password: false; scrollable: false; actions: [AccessibilityAction: ACTION_SELECT - null, AccessibilityAction: ACTION_CLEAR_SELECTION - null, AccessibilityAction: ACTION_ACCESSIBILITY_FOCUS - null]
W/AccessibilityNodeInfoDumper( 7496): Fetch time: 7ms
I/AccessibilityNodeInfoDumper( 7496): Skipping invisible child: android.view.accessibility.AccessibilityNodeInfo@8001e894; boundsInParent: Rect(0, 0 - 0, 100); boundsInScreen: Rect(720, 50 - 720, 150); packageName: com.jieshun.jslife; className: android.widget.FrameLayout; text: null; error: null; maxTextLength: -1; contentDescription: null; viewIdResName: com.jieshun.jslife:id/fl_title_more; checkable: false; checked: false; focusable: false; focused: false; selected: false; clickable: false; longClickable: false; enabled: true; password: false; scrollable: false; actions: [AccessibilityAction: ACTION_SELECT - null, AccessibilityAction: ACTION_CLEAR_SELECTION - null, AccessibilityAction: ACTION_ACCESSIBILITY_FOCUS - null]
I/AccessibilityNodeInfoDumper( 7496): Skipping invisible child: android.view.accessibility.AccessibilityNodeInfo@8001923d; boundsInParent: Rect(0, 0 - 720, 0); boundsInScreen: Rect(0, 1280 - 720, 1280); packageName: com.jieshun.jslife; className: android.widget.LinearLayout; text: null; error: null; maxTextLength: -1; contentDescription: null; viewIdResName: com.jieshun.jslife:id/ll_bottom; checkable: false; checked: false; focusable: false; focused: false; selected: false; clickable: false; longClickable: false; enabled: true; password: false; scrollable: false; actions: [AccessibilityAction: ACTION_SELECT - null, AccessibilityAction: ACTION_CLEAR_SELECTION - null, AccessibilityAction: ACTION_ACCESSIBILITY_FOCUS - null]
W/AccessibilityNodeInfoDumper( 7496): Fetch time: 3ms
I/AccessibilityNodeInfoDumper( 7496): Skipping invisible child: android.view.accessibility.AccessibilityNodeInfo@8001e894; boundsInParent: Rect(0, 0 - 0, 100); boundsInScreen: Rect(720, 50 - 720, 150); packageName: com.jieshun.jslife; className: android.widget.FrameLayout; text: null; error: null; maxTextLength: -1; contentDescription: null; viewIdResName: com.jieshun.jslife:id/fl_title_more; checkable: false; checked: false; focusable: false; focused: false; selected: false; clickable: false; longClickable: false; enabled: true; password: false; scrollable: false; actions: [AccessibilityAction: ACTION_SELECT - null, AccessibilityAction: ACTION_CLEAR_SELECTION - null, AccessibilityAction: ACTION_ACCESSIBILITY_FOCUS - null]
I/AccessibilityNodeInfoDumper( 7496): Skipping invisible child: android.view.accessibility.AccessibilityNodeInfo@8001923d; boundsInParent: Rect(0, 0 - 720, 0); boundsInScreen: Rect(0, 1280 - 720, 1280); packageName: com.jieshun.jslife; className: android.widget.LinearLayout; text: null; error: null; maxTextLength: -1; contentDescription: null; viewIdResName: com.jieshun.jslife:id/ll_bottom; checkable: false; checked: false; focusable: false; focused: false; selected: false; clickable: false; longClickable: false; enabled: true; password: false; scrollable: false; actions: [AccessibilityAction: ACTION_SELECT - null, AccessibilityAction: ACTION_CLEAR_SELECTION - null, AccessibilityAction: ACTION_ACCESSIBILITY_FOCUS - null]
W/AccessibilityNodeInfoDumper( 7496): Fetch time: 7ms
I/AccessibilityNodeInfoDumper( 7496): Skipping invisible child: android.view.accessibility.AccessibilityNodeInfo@8001e894; boundsInParent: Rect(0, 0 - 0, 100); boundsInScreen: Rect(720, 50 - 720, 150); packageName: com.jieshun.jslife; className: android.widget.FrameLayout; text: null; error: null; maxTextLength: -1; contentDescription: null; viewIdResName: com.jieshun.jslife:id/fl_title_more; checkable: false; checked: false; focusable: false; focused: false; selected: false; clickable: false; longClickable: false; enabled: true; password: false; scrollable: false; actions: [AccessibilityAction: ACTION_SELECT - null, AccessibilityAction: ACTION_CLEAR_SELECTION - null, AccessibilityAction: ACTION_ACCESSIBILITY_FOCUS - null]
I/AccessibilityNodeInfoDumper( 7496): Skipping invisible child: android.view.accessibility.AccessibilityNodeInfo@8001923d; boundsInParent: Rect(0, 0 - 720, 0); boundsInScreen: Rect(0, 1280 - 720, 1280); packageName: com.jieshun.jslife; className: android.widget.LinearLayout; text: null; error: null; maxTextLength: -1; contentDescription: null; viewIdResName: com.jieshun.jslife:id/ll_bottom; checkable: false; checked: false; focusable: false; focused: false; selected: false; clickable: false; longClickable: false; enabled: true; password: false; scrollable: false; actions: [AccessibilityAction: ACTION_SELECT - null, AccessibilityAction: ACTION_CLEAR_SELECTION - null, AccessibilityAction: ACTION_ACCESSIBILITY_FOCUS - null]
W/AccessibilityNodeInfoDumper( 7496): Fetch time: 6ms
I/AccessibilityNodeInfoDumper( 7496): Skipping invisible child: android.view.accessibility.AccessibilityNodeInfo@8001e894; boundsInParent: Rect(0, 0 - 0, 100); boundsInScreen: Rect(720, 50 - 720, 150); packageName: com.jieshun.jslife; className: android.widget.FrameLayout; text: null; error: null; maxTextLength: -1; contentDescription: null; viewIdResName: com.jieshun.jslife:id/fl_title_more; checkable: false; checked: false; focusable: false; focused: false; selected: false; clickable: false; longClickable: false; enabled: true; password: false; scrollable: false; actions: [AccessibilityAction: ACTION_SELECT - null, AccessibilityAction: ACTION_CLEAR_SELECTION - null, AccessibilityAction: ACTION_ACCESSIBILITY_FOCUS - null]
I/AccessibilityNodeInfoDumper( 7496): Skipping invisible child: android.view.accessibility.AccessibilityNodeInfo@8001923d; boundsInParent: Rect(0, 0 - 720, 0); boundsInScreen: Rect(0, 1280 - 720, 1280); packageName: com.jieshun.jslife; className: android.widget.LinearLayout; text: null; error: null; maxTextLength: -1; contentDescription: null; viewIdResName: com.jieshun.jslife:id/ll_bottom; checkable: false; checked: false; focusable: false; focused: false; selected: false; clickable: false; longClickable: false; enabled: true; password: false; scrollable: false; actions: [AccessibilityAction: ACTION_SELECT - null, AccessibilityAction: ACTION_CLEAR_SELECTION - null, AccessibilityAction: ACTION_ACCESSIBILITY_FOCUS - null]
W/AccessibilityNodeInfoDumper( 7496): Fetch time: 9ms
D/EGL_adreno( 8272): eglMakeCurrent: 0xadc80340: ver 2 0 (tinfo 0xadc39570)
I/AccessibilityNodeInfoDumper( 7496): Skipping invisible child: android.view.accessibility.AccessibilityNodeInfo@8001e894; boundsInParent: Rect(0, 0 - 0, 100); boundsInScreen: Rect(720, 50 - 720, 150); packageName: com.jieshun.jslife; className: android.widget.FrameLayout; text: null; error: null; maxTextLength: -1; contentDescription: null; viewIdResName: com.jieshun.jslife:id/fl_title_more; checkable: false; checked: false; focusable: false; focused: false; selected: false; clickable: false; longClickable: false; enabled: true; password: false; scrollable: false; actions: [AccessibilityAction: ACTION_SELECT - null, AccessibilityAction: ACTION_CLEAR_SELECTION - null, AccessibilityAction: ACTION_ACCESSIBILITY_FOCUS - null]
I/AccessibilityNodeInfoDumper( 7496): Skipping invisible child: android.view.accessibility.AccessibilityNodeInfo@8001923d; boundsInParent: Rect(0, 0 - 720, 0); boundsInScreen: Rect(0, 1280 - 720, 1280); packageName: com.jieshun.jslife; className: android.widget.LinearLayout; text: null; error: null; maxTextLength: -1; contentDescription: null; viewIdResName: com.jieshun.jslife:id/ll_bottom; checkable: false; checked: false; focusable: false; focused: false; selected: false; clickable: false; longClickable: false; enabled: true; password: false; scrollable: false; actions: [AccessibilityAction: ACTION_SELECT - null, AccessibilityAction: ACTION_CLEAR_SELECTION - null, AccessibilityAction: ACTION_ACCESSIBILITY_FOCUS - null]
W/AccessibilityNodeInfoDumper( 7496): Fetch time: 3ms
I/AccessibilityNodeInfoDumper( 7496): Skipping invisible child: android.view.accessibility.AccessibilityNodeInfo@8001e894; boundsInParent: Rect(0, 0 - 0, 100); boundsInScreen: Rect(720, 50 - 720, 150); packageName: com.jieshun.jslife; className: android.widget.FrameLayout; text: null; error: null; maxTextLength: -1; contentDescription: null; viewIdResName: com.jieshun.jslife:id/fl_title_more; checkable: false; checked: false; focusable: false; focused: false; selected: false; clickable: false; longClickable: false; enabled: true; password: false; scrollable: false; actions: [AccessibilityAction: ACTION_SELECT - null, AccessibilityAction: ACTION_CLEAR_SELECTION - null, AccessibilityAction: ACTION_ACCESSIBILITY_FOCUS - null]
I/AccessibilityNodeInfoDumper( 7496): Skipping invisible child: android.view.accessibility.AccessibilityNodeInfo@8001923d; boundsInParent: Rect(0, 0 - 720, 0); boundsInScreen: Rect(0, 1280 - 720, 1280); packageName: com.jieshun.jslife; className: android.widget.LinearLayout; text: null; error: null; maxTextLength: -1; contentDescription: null; viewIdResName: com.jieshun.jslife:id/ll_bottom; checkable: false; checked: false; focusable: false; focused: false; selected: false; clickable: false; longClickable: false; enabled: true; password: false; scrollable: false; actions: [AccessibilityAction: ACTION_SELECT - null, AccessibilityAction: ACTION_CLEAR_SELECTION - null, AccessibilityAction: ACTION_ACCESSIBILITY_FOCUS - null]
W/AccessibilityNodeInfoDumper( 7496): Fetch time: 30ms
D/EGL_adreno( 8272): eglMakeCurrent: 0xadc80340: ver 2 0 (tinfo 0xadc39570)
I/AccessibilityNodeInfoDumper( 7496): Skipping invisible child: android.view.accessibility.AccessibilityNodeInfo@8001e894; boundsInParent: Rect(0, 0 - 0, 100); boundsInScreen: Rect(720, 50 - 720, 150); packageName: com.jieshun.jslife; className: android.widget.FrameLayout; text: null; error: null; maxTextLength: -1; contentDescription: null; viewIdResName: com.jieshun.jslife:id/fl_title_more; checkable: false; checked: false; focusable: false; focused: false; selected: false; clickable: false; longClickable: false; enabled: true; password: false; scrollable: false; actions: [AccessibilityAction: ACTION_SELECT - null, AccessibilityAction: ACTION_CLEAR_SELECTION - null, AccessibilityAction: ACTION_ACCESSIBILITY_FOCUS - null]
I/AccessibilityNodeInfoDumper( 7496): Skipping invisible child: android.view.accessibility.AccessibilityNodeInfo@8001923d; boundsInParent: Rect(0, 0 - 720, 0); boundsInScreen: Rect(0, 1280 - 720, 1280); packageName: com.jieshun.jslife; className: android.widget.LinearLayout; text: null; error: null; maxTextLength: -1; contentDescription: null; viewIdResName: com.jieshun.jslife:id/ll_bottom; checkable: false; checked: false; focusable: false; focused: false; selected: false; clickable: false; longClickable: false; enabled: true; password: false; scrollable: false; actions: [AccessibilityAction: ACTION_SELECT - null, AccessibilityAction: ACTION_CLEAR_SELECTION - null, AccessibilityAction: ACTION_ACCESSIBILITY_FOCUS - null]
W/AccessibilityNodeInfoDumper( 7496): Fetch time: 5ms
D/EGL_adreno( 8272): eglMakeCurrent: 0xadc80340: ver 2 0 (tinfo 0xadc39570)
I/AccessibilityNodeInfoDumper( 7496): Skipping invisible child: android.view.accessibility.AccessibilityNodeInfo@8001e894; boundsInParent: Rect(0, 0 - 0, 100); boundsInScreen: Rect(720, 50 - 720, 150); packageName: com.jieshun.jslife; className: android.widget.FrameLayout; text: null; error: null; maxTextLength: -1; contentDescription: null; viewIdResName: com.jieshun.jslife:id/fl_title_more; checkable: false; checked: false; focusable: false; focused: false; selected: false; clickable: false; longClickable: false; enabled: true; password: false; scrollable: false; actions: [AccessibilityAction: ACTION_SELECT - null, AccessibilityAction: ACTION_CLEAR_SELECTION - null, AccessibilityAction: ACTION_ACCESSIBILITY_FOCUS - null]
I/AccessibilityNodeInfoDumper( 7496): Skipping invisible child: android.view.accessibility.AccessibilityNodeInfo@8001923d; boundsInParent: Rect(0, 0 - 720, 0); boundsInScreen: Rect(0, 1280 - 720, 1280); packageName: com.jieshun.jslife; className: android.widget.LinearLayout; text: null; error: null; maxTextLength: -1; contentDescription: null; viewIdResName: com.jieshun.jslife:id/ll_bottom; checkable: false; checked: false; focusable: false; focused: false; selected: false; clickable: false; longClickable: false; enabled: true; password: false; scrollable: false; actions: [AccessibilityAction: ACTION_SELECT - null, AccessibilityAction: ACTION_CLEAR_SELECTION - null, AccessibilityAction: ACTION_ACCESSIBILITY_FOCUS - null]
W/AccessibilityNodeInfoDumper( 7496): Fetch time: 5ms
I/AccessibilityNodeInfoDumper( 7496): Skipping invisible child: android.view.accessibility.AccessibilityNodeInfo@8001e894; boundsInParent: Rect(0, 0 - 0, 100); boundsInScreen: Rect(720, 50 - 720, 150); packageName: com.jieshun.jslife; className: android.widget.FrameLayout; text: null; error: null; maxTextLength: -1; contentDescription: null; viewIdResName: com.jieshun.jslife:id/fl_title_more; checkable: false; checked: false; focusable: false; focused: false; selected: false; clickable: false; longClickable: false; enabled: true; password: false; scrollable: false; actions: [AccessibilityAction: ACTION_SELECT - null, AccessibilityAction: ACTION_CLEAR_SELECTION - null, AccessibilityAction: ACTION_ACCESSIBILITY_FOCUS - null]
I/AccessibilityNodeInfoDumper( 7496): Skipping invisible child: android.view.accessibility.AccessibilityNodeInfo@8001923d; boundsInParent: Rect(0, 0 - 720, 0); boundsInScreen: Rect(0, 1280 - 720, 1280); packageName: com.jieshun.jslife; className: android.widget.LinearLayout; text: null; error: null; maxTextLength: -1; contentDescription: null; viewIdResName: com.jieshun.jslife:id/ll_bottom; checkable: false; checked: false; focusable: false; focused: false; selected: false; clickable: false; longClickable: false; enabled: true; password: false; scrollable: false; actions: [AccessibilityAction: ACTION_SELECT - null, AccessibilityAction: ACTION_CLEAR_SELECTION - null, AccessibilityAction: ACTION_ACCESSIBILITY_FOCUS - null]
W/AccessibilityNodeInfoDumper( 7496): Fetch time: 4ms
I/AccessibilityNodeInfoDumper( 7496): Skipping invisible child: android.view.accessibility.AccessibilityNodeInfo@8001e894; boundsInParent: Rect(0, 0 - 0, 100); boundsInScreen: Rect(720, 50 - 720, 150); packageName: com.jieshun.jslife; className: android.widget.FrameLayout; text: null; error: null; maxTextLength: -1; contentDescription: null; viewIdResName: com.jieshun.jslife:id/fl_title_more; checkable: false; checked: false; focusable: false; focused: false; selected: false; clickable: false; longClickable: false; enabled: true; password: false; scrollable: false; actions: [AccessibilityAction: ACTION_SELECT - null, AccessibilityAction: ACTION_CLEAR_SELECTION - null, AccessibilityAction: ACTION_ACCESSIBILITY_FOCUS - null]
I/AccessibilityNodeInfoDumper( 7496): Skipping invisible child: android.view.accessibility.AccessibilityNodeInfo@8001923d; boundsInParent: Rect(0, 0 - 720, 0); boundsInScreen: Rect(0, 1280 - 720, 1280); packageName: com.jieshun.jslife; className: android.widget.LinearLayout; text: null; error: null; maxTextLength: -1; contentDescription: null; viewIdResName: com.jieshun.jslife:id/ll_bottom; checkable: false; checked: false; focusable: false; focused: false; selected: false; clickable: false; longClickable: false; enabled: true; password: false; scrollable: false; actions: [AccessibilityAction: ACTION_SELECT - null, AccessibilityAction: ACTION_CLEAR_SELECTION - null, AccessibilityAction: ACTION_ACCESSIBILITY_FOCUS - null]
W/AccessibilityNodeInfoDumper( 7496): Fetch time: 6ms
I/AccessibilityNodeInfoDumper( 7496): Skipping invisible child: android.view.accessibility.AccessibilityNodeInfo@8001e894; boundsInParent: Rect(0, 0 - 0, 100); boundsInScreen: Rect(720, 50 - 720, 150); packageName: com.jieshun.jslife; className: android.widget.FrameLayout; text: null; error: null; maxTextLength: -1; contentDescription: null; viewIdResName: com.jieshun.jslife:id/fl_title_more; checkable: false; checked: false; focusable: false; focused: false; selected: false; clickable: false; longClickable: false; enabled: true; password: false; scrollable: false; actions: [AccessibilityAction: ACTION_SELECT - null, AccessibilityAction: ACTION_CLEAR_SELECTION - null, AccessibilityAction: ACTION_ACCESSIBILITY_FOCUS - null]
I/AccessibilityNodeInfoDumper( 7496): Skipping invisible child: android.view.accessibility.AccessibilityNodeInfo@8001923d; boundsInParent: Rect(0, 0 - 720, 0); boundsInScreen: Rect(0, 1280 - 720, 1280); packageName: com.jieshun.jslife; className: android.widget.LinearLayout; text: null; error: null; maxTextLength: -1; contentDescription: null; viewIdResName: com.jieshun.jslife:id/ll_bottom; checkable: false; checked: false; focusable: false; focused: false; selected: false; clickable: false; longClickable: false; enabled: true; password: false; scrollable: false; actions: [AccessibilityAction: ACTION_SELECT - null, AccessibilityAction: ACTION_CLEAR_SELECTION - null, AccessibilityAction: ACTION_ACCESSIBILITY_FOCUS - null]
W/AccessibilityNodeInfoDumper( 7496): Fetch time: 4ms
I/AccessibilityNodeInfoDumper( 7496): Skipping invisible child: android.view.accessibility.AccessibilityNodeInfo@8001e894; boundsInParent: Rect(0, 0 - 0, 100); boundsInScreen: Rect(720, 50 - 720, 150); packageName: com.jieshun.jslife; className: android.widget.FrameLayout; text: null; error: null; maxTextLength: -1; contentDescription: null; viewIdResName: com.jieshun.jslife:id/fl_title_more; checkable: false; checked: false; focusable: false; focused: false; selected: false; clickable: false; longClickable: false; enabled: true; password: false; scrollable: false; actions: [AccessibilityAction: ACTION_SELECT - null, AccessibilityAction: ACTION_CLEAR_SELECTION - null, AccessibilityAction: ACTION_ACCESSIBILITY_FOCUS - null]
I/AccessibilityNodeInfoDumper( 7496): Skipping invisible child: android.view.accessibility.AccessibilityNodeInfo@8001923d; boundsInParent: Rect(0, 0 - 720, 0); boundsInScreen: Rect(0, 1280 - 720, 1280); packageName: com.jieshun.jslife; className: android.widget.LinearLayout; text: null; error: null; maxTextLength: -1; contentDescription: null; viewIdResName: com.jieshun.jslife:id/ll_bottom; checkable: false; checked: false; focusable: false; focused: false; selected: false; clickable: false; longClickable: false; enabled: true; password: false; scrollable: false; actions: [AccessibilityAction: ACTION_SELECT - null, AccessibilityAction: ACTION_CLEAR_SELECTION - null, AccessibilityAction: ACTION_ACCESSIBILITY_FOCUS - null]
W/AccessibilityNodeInfoDumper( 7496): Fetch time: 4ms
W/AudioFlinger( 1368): write blocked for 388 msecs, 14 delayed writes, thread 0xb58a4000
I/AccessibilityNodeInfoDumper( 7496): Skipping invisible child: android.view.accessibility.AccessibilityNodeInfo@8001e894; boundsInParent: Rect(0, 0 - 0, 100); boundsInScreen: Rect(720, 50 - 720, 150); packageName: com.jieshun.jslife; className: android.widget.FrameLayout; text: null; error: null; maxTextLength: -1; contentDescription: null; viewIdResName: com.jieshun.jslife:id/fl_title_more; checkable: false; checked: false; focusable: false; focused: false; selected: false; clickable: false; longClickable: false; enabled: true; password: false; scrollable: false; actions: [AccessibilityAction: ACTION_SELECT - null, AccessibilityAction: ACTION_CLEAR_SELECTION - null, AccessibilityAction: ACTION_ACCESSIBILITY_FOCUS - null]
I/AccessibilityNodeInfoDumper( 7496): Skipping invisible child: android.view.accessibility.AccessibilityNodeInfo@8001923d; boundsInParent: Rect(0, 0 - 720, 0); boundsInScreen: Rect(0, 1280 - 720, 1280); packageName: com.jieshun.jslife; className: android.widget.LinearLayout; text: null; error: null; maxTextLength: -1; contentDescription: null; viewIdResName: com.jieshun.jslife:id/ll_bottom; checkable: false; checked: false; focusable: false; focused: false; selected: false; clickable: false; longClickable: false; enabled: true; password: false; scrollable: false; actions: [AccessibilityAction: ACTION_SELECT - null, AccessibilityAction: ACTION_CLEAR_SELECTION - null, AccessibilityAction: ACTION_ACCESSIBILITY_FOCUS - null]
W/AccessibilityNodeInfoDumper( 7496): Fetch time: 5ms
I/AccessibilityNodeInfoDumper( 7496): Skipping invisible child: android.view.accessibility.AccessibilityNodeInfo@8001e894; boundsInParent: Rect(0, 0 - 0, 100); boundsInScreen: Rect(720, 50 - 720, 150); packageName: com.jieshun.jslife; className: android.widget.FrameLayout; text: null; error: null; maxTextLength: -1; contentDescription: null; viewIdResName: com.jieshun.jslife:id/fl_title_more; checkable: false; checked: false; focusable: false; focused: false; selected: false; clickable: false; longClickable: false; enabled: true; password: false; scrollable: false; actions: [AccessibilityAction: ACTION_SELECT - null, AccessibilityAction: ACTION_CLEAR_SELECTION - null, AccessibilityAction: ACTION_ACCESSIBILITY_FOCUS - null]
I/AccessibilityNodeInfoDumper( 7496): Skipping invisible child: android.view.accessibility.AccessibilityNodeInfo@8001923d; boundsInParent: Rect(0, 0 - 720, 0); boundsInScreen: Rect(0, 1280 - 720, 1280); packageName: com.jieshun.jslife; className: android.widget.LinearLayout; text: null; error: null; maxTextLength: -1; contentDescription: null; viewIdResName: com.jieshun.jslife:id/ll_bottom; checkable: false; checked: false; focusable: false; focused: false; selected: false; clickable: false; longClickable: false; enabled: true; password: false; scrollable: false; actions: [AccessibilityAction: ACTION_SELECT - null, AccessibilityAction: ACTION_CLEAR_SELECTION - null, AccessibilityAction: ACTION_ACCESSIBILITY_FOCUS - null]
W/AccessibilityNodeInfoDumper( 7496): Fetch time: 29ms
I/AccessibilityNodeInfoDumper( 7496): Skipping invisible child: android.view.accessibility.AccessibilityNodeInfo@8001e894; boundsInParent: Rect(0, 0 - 0, 100); boundsInScreen: Rect(720, 50 - 720, 150); packageName: com.jieshun.jslife; className: android.widget.FrameLayout; text: null; error: null; maxTextLength: -1; contentDescription: null; viewIdResName: com.jieshun.jslife:id/fl_title_more; checkable: false; checked: false; focusable: false; focused: false; selected: false; clickable: false; longClickable: false; enabled: true; password: false; scrollable: false; actions: [AccessibilityAction: ACTION_SELECT - null, AccessibilityAction: ACTION_CLEAR_SELECTION - null, AccessibilityAction: ACTION_ACCESSIBILITY_FOCUS - null]
I/AccessibilityNodeInfoDumper( 7496): Skipping invisible child: android.view.accessibility.AccessibilityNodeInfo@8001923d; boundsInParent: Rect(0, 0 - 720, 0); boundsInScreen: Rect(0, 1280 - 720, 1280); packageName: com.jieshun.jslife; className: android.widget.LinearLayout; text: null; error: null; maxTextLength: -1; contentDescription: null; viewIdResName: com.jieshun.jslife:id/ll_bottom; checkable: false; checked: false; focusable: false; focused: false; selected: false; clickable: false; longClickable: false; enabled: true; password: false; scrollable: false; actions: [AccessibilityAction: ACTION_SELECT - null, AccessibilityAction: ACTION_CLEAR_SELECTION - null, AccessibilityAction: ACTION_ACCESSIBILITY_FOCUS - null]
W/AccessibilityNodeInfoDumper( 7496): Fetch time: 3ms
I/AccessibilityNodeInfoDumper( 7496): Skipping invisible child: android.view.accessibility.AccessibilityNodeInfo@8001e894; boundsInParent: Rect(0, 0 - 0, 100); boundsInScreen: Rect(720, 50 - 720, 150); packageName: com.jieshun.jslife; className: android.widget.FrameLayout; text: null; error: null; maxTextLength: -1; contentDescription: null; viewIdResName: com.jieshun.jslife:id/fl_title_more; checkable: false; checked: false; focusable: false; focused: false; selected: false; clickable: false; longClickable: false; enabled: true; password: false; scrollable: false; actions: [AccessibilityAction: ACTION_SELECT - null, AccessibilityAction: ACTION_CLEAR_SELECTION - null, AccessibilityAction: ACTION_ACCESSIBILITY_FOCUS - null]
I/AccessibilityNodeInfoDumper( 7496): Skipping invisible child: android.view.accessibility.AccessibilityNodeInfo@8001923d; boundsInParent: Rect(0, 0 - 720, 0); boundsInScreen: Rect(0, 1280 - 720, 1280); packageName: com.jieshun.jslife; className: android.widget.LinearLayout; text: null; error: null; maxTextLength: -1; contentDescription: null; viewIdResName: com.jieshun.jslife:id/ll_bottom; checkable: false; checked: false; focusable: false; focused: false; selected: false; clickable: false; longClickable: false; enabled: true; password: false; scrollable: false; actions: [AccessibilityAction: ACTION_SELECT - null, AccessibilityAction: ACTION_CLEAR_SELECTION - null, AccessibilityAction: ACTION_ACCESSIBILITY_FOCUS - null]
W/AccessibilityNodeInfoDumper( 7496): Fetch time: 3ms
D/AudioTrack( 1539): use orig AudioTrack! mIsTimed=0 transferType=0 flags=4
E/tag     ( 8272): 注册时设置的登陆密码---->test1234
V/WindowManager( 1539): not Base app: Adding window Window{17220520 u0 com.jieshun.jslife/com.jieshun.jslife.activity.userinfo.UserRegisterActivity} at 4 of 7
I/JSLIFE  ( 8272): A1b852863a
D/http    ( 8272): 注册 HTTP请求 Url: http://jsh.jslife.com.cn/jslife-service/user/register 
D/http    ( 8272): 参数：{"appVersion":"V3.2.2","deviceId":"865166026808918","lat":"","lng":"","opfResource":"A1b852863a","osType":"ANDROID","password":"test1234","userCode":"13632836691","userType":"APP","vertificationCode":"1234","bizSource":"APP_ANDROID","bizType":"JSLIFE"}
E/EGL_adreno( 8272): tid 8318: eglSurfaceAttrib(1266): error 0x3009 (EGL_BAD_MATCH)
W/OpenGLRenderer( 8272): Failed to set EGL_SWAP_BEHAVIOR on surface 0xb3fddec0, error=EGL_BAD_MATCH
D/EGL_adreno( 8272): eglMakeCurrent: 0xadc80340: ver 2 0 (tinfo 0xadc39570)
D/EGL_adreno( 8272): eglMakeCurrent: 0xadc80340: ver 2 0 (tinfo 0xadc39570)
I/AppiumUnicodeIME( 1742): onFinishInput
I/AppiumUnicodeIME( 1742): onStartInput
D/EGL_adreno( 8272): eglMakeCurrent: 0xadc80340: ver 2 0 (tinfo 0xadc39570)
I/http    ( 8272): 
I/http    ( 8272): 注册 HTTP 返回：{"resultCode":"2239","message":"已经被注册过","obj":null,"seqId":"a1c05695af364d0fa4bd16ae38b849c0","token":null,"userId":null,"right":false}
D/EGL_adreno( 8272): eglMakeCurrent: 0xadc80340: ver 2 0 (tinfo 0xadc39570)
W/System.err( 8272): java.lang.Exception: denglibo Toast callstack! strTip=已经被注册过
W/System.err( 8272): 	at android.widget.Toast.show(Toast.java:127)
W/System.err( 8272): 	at util.T.showShort(T.java:33)
W/System.err( 8272): 	at com.jieshun.jslife.activity.userinfo.UserRegisterActivity$3.SuccessAction(UserRegisterActivity.java:371)
W/System.err( 8272): 	at httpClient.HttpClient$1.onJsonResponse(HttpClient.java:63)
W/System.err( 8272): 	at httpClient.OkHttpJsonCallback.onResponse(OkHttpJsonCallback.java:31)
W/System.err( 8272): 	at httpClient.OkHttpJsonCallback.onResponse(OkHttpJsonCallback.java:18)
W/System.err( 8272): 	at com.lzy.okhttputils.request.BaseRequest$4.run(BaseRequest.java:514)
W/System.err( 8272): 	at android.os.Handler.handleCallback(Handler.java:739)
W/System.err( 8272): 	at android.os.Handler.dispatchMessage(Handler.java:95)
W/System.err( 8272): 	at android.os.Looper.loop(Looper.java:135)
W/System.err( 8272): 	at android.app.ActivityThread.main(ActivityThread.java:5254)
W/System.err( 8272): 	at java.lang.reflect.Method.invoke(Native Method)
W/System.err( 8272): 	at java.lang.reflect.Method.invoke(Method.java:372)
W/System.err( 8272): 	at com.android.internal.os.ZygoteInit$MethodAndArgsCaller.run(ZygoteInit.java:905)
W/System.err( 8272): 	at com.android.internal.os.ZygoteInit.main(ZygoteInit.java:700)
I/AppiumUnicodeIME( 1742): onFinishInput
I/AppiumUnicodeIME( 1742): onStartInput
D/EGL_adreno( 8272): eglMakeCurrent: 0xadc80340: ver 2 0 (tinfo 0xadc39570)
I/AccessibilityNodeInfoDumper( 7496): Skipping invisible child: android.view.accessibility.AccessibilityNodeInfo@8001e894; boundsInParent: Rect(0, 0 - 0, 100); boundsInScreen: Rect(720, 50 - 720, 150); packageName: com.jieshun.jslife; className: android.widget.FrameLayout; text: null; error: null; maxTextLength: -1; contentDescription: null; viewIdResName: com.jieshun.jslife:id/fl_title_more; checkable: false; checked: false; focusable: false; focused: false; selected: false; clickable: false; longClickable: false; enabled: true; password: false; scrollable: false; actions: [AccessibilityAction: ACTION_SELECT - null, AccessibilityAction: ACTION_CLEAR_SELECTION - null, AccessibilityAction: ACTION_ACCESSIBILITY_FOCUS - null]
I/AccessibilityNodeInfoDumper( 7496): Skipping invisible child: android.view.accessibility.AccessibilityNodeInfo@8001923d; boundsInParent: Rect(0, 0 - 720, 0); boundsInScreen: Rect(0, 1280 - 720, 1280); packageName: com.jieshun.jslife; className: android.widget.LinearLayout; text: null; error: null; maxTextLength: -1; contentDescription: null; viewIdResName: com.jieshun.jslife:id/ll_bottom; checkable: false; checked: false; focusable: false; focused: false; selected: false; clickable: false; longClickable: false; enabled: true; password: false; scrollable: false; actions: [AccessibilityAction: ACTION_SELECT - null, AccessibilityAction: ACTION_CLEAR_SELECTION - null, AccessibilityAction: ACTION_ACCESSIBILITY_FOCUS - null]
W/AccessibilityNodeInfoDumper( 7496): Fetch time: 3ms
E/EGL_adreno( 8272): tid 8318: eglSurfaceAttrib(1266): error 0x3009 (EGL_BAD_MATCH)
W/OpenGLRenderer( 8272): Failed to set EGL_SWAP_BEHAVIOR on surface 0xa2c8bd40, error=EGL_BAD_MATCH
D/EGL_adreno( 8272): eglMakeCurrent: 0xadc80340: ver 2 0 (tinfo 0xadc39570)
I/AccessibilityNodeInfoDumper( 7496): Skipping invisible child: android.view.accessibility.AccessibilityNodeInfo@8001e894; boundsInParent: Rect(0, 0 - 0, 100); boundsInScreen: Rect(720, 50 - 720, 150); packageName: com.jieshun.jslife; className: android.widget.FrameLayout; text: null; error: null; maxTextLength: -1; contentDescription: null; viewIdResName: com.jieshun.jslife:id/fl_title_more; checkable: false; checked: false; focusable: false; focused: false; selected: false; clickable: false; longClickable: false; enabled: true; password: false; scrollable: false; actions: [AccessibilityAction: ACTION_SELECT - null, AccessibilityAction: ACTION_CLEAR_SELECTION - null, AccessibilityAction: ACTION_ACCESSIBILITY_FOCUS - null]
I/AccessibilityNodeInfoDumper( 7496): Skipping invisible child: android.view.accessibility.AccessibilityNodeInfo@8001923d; boundsInParent: Rect(0, 0 - 720, 0); boundsInScreen: Rect(0, 1280 - 720, 1280); packageName: com.jieshun.jslife; className: android.widget.LinearLayout; text: null; error: null; maxTextLength: -1; contentDescription: null; viewIdResName: com.jieshun.jslife:id/ll_bottom; checkable: false; checked: false; focusable: false; focused: false; selected: false; clickable: false; longClickable: false; enabled: true; password: false; scrollable: false; actions: [AccessibilityAction: ACTION_SELECT - null, AccessibilityAction: ACTION_CLEAR_SELECTION - null, AccessibilityAction: ACTION_ACCESSIBILITY_FOCUS - null]
W/AccessibilityNodeInfoDumper( 7496): Fetch time: 11ms
I/AccessibilityNodeInfoDumper( 7496): Skipping invisible child: android.view.accessibility.AccessibilityNodeInfo@8001e894; boundsInParent: Rect(0, 0 - 0, 100); boundsInScreen: Rect(720, 50 - 720, 150); packageName: com.jieshun.jslife; className: android.widget.FrameLayout; text: null; error: null; maxTextLength: -1; contentDescription: null; viewIdResName: com.jieshun.jslife:id/fl_title_more; checkable: false; checked: false; focusable: false; focused: false; selected: false; clickable: false; longClickable: false; enabled: true; password: false; scrollable: false; actions: [AccessibilityAction: ACTION_SELECT - null, AccessibilityAction: ACTION_CLEAR_SELECTION - null, AccessibilityAction: ACTION_ACCESSIBILITY_FOCUS - null]
I/AccessibilityNodeInfoDumper( 7496): Skipping invisible child: android.view.accessibility.AccessibilityNodeInfo@8001923d; boundsInParent: Rect(0, 0 - 720, 0); boundsInScreen: Rect(0, 1280 - 720, 1280); packageName: com.jieshun.jslife; className: android.widget.LinearLayout; text: null; error: null; maxTextLength: -1; contentDescription: null; viewIdResName: com.jieshun.jslife:id/ll_bottom; checkable: false; checked: false; focusable: false; focused: false; selected: false; clickable: false; longClickable: false; enabled: true; password: false; scrollable: false; actions: [AccessibilityAction: ACTION_SELECT - null, AccessibilityAction: ACTION_CLEAR_SELECTION - null, AccessibilityAction: ACTION_ACCESSIBILITY_FOCUS - null]
W/AccessibilityNodeInfoDumper( 7496): Fetch time: 4ms
I/AccessibilityNodeInfoDumper( 7496): Skipping invisible child: android.view.accessibility.AccessibilityNodeInfo@8001e894; boundsInParent: Rect(0, 0 - 0, 100); boundsInScreen: Rect(720, 50 - 720, 150); packageName: com.jieshun.jslife; className: android.widget.FrameLayout; text: null; error: null; maxTextLength: -1; contentDescription: null; viewIdResName: com.jieshun.jslife:id/fl_title_more; checkable: false; checked: false; focusable: false; focused: false; selected: false; clickable: false; longClickable: false; enabled: true; password: false; scrollable: false; actions: [AccessibilityAction: ACTION_SELECT - null, AccessibilityAction: ACTION_CLEAR_SELECTION - null, AccessibilityAction: ACTION_ACCESSIBILITY_FOCUS - null]
I/AccessibilityNodeInfoDumper( 7496): Skipping invisible child: android.view.accessibility.AccessibilityNodeInfo@8001923d; boundsInParent: Rect(0, 0 - 720, 0); boundsInScreen: Rect(0, 1280 - 720, 1280); packageName: com.jieshun.jslife; className: android.widget.LinearLayout; text: null; error: null; maxTextLength: -1; contentDescription: null; viewIdResName: com.jieshun.jslife:id/ll_bottom; checkable: false; checked: false; focusable: false; focused: false; selected: false; clickable: false; longClickable: false; enabled: true; password: false; scrollable: false; actions: [AccessibilityAction: ACTION_SELECT - null, AccessibilityAction: ACTION_CLEAR_SELECTION - null, AccessibilityAction: ACTION_ACCESSIBILITY_FOCUS - null]
W/AccessibilityNodeInfoDumper( 7496): Fetch time: 2ms
I/AccessibilityNodeInfoDumper( 7496): Skipping invisible child: android.view.accessibility.AccessibilityNodeInfo@8001e894; boundsInParent: Rect(0, 0 - 0, 100); boundsInScreen: Rect(720, 50 - 720, 150); packageName: com.jieshun.jslife; className: android.widget.FrameLayout; text: null; error: null; maxTextLength: -1; contentDescription: null; viewIdResName: com.jieshun.jslife:id/fl_title_more; checkable: false; checked: false; focusable: false; focused: false; selected: false; clickable: false; longClickable: false; enabled: true; password: false; scrollable: false; actions: [AccessibilityAction: ACTION_SELECT - null, AccessibilityAction: ACTION_CLEAR_SELECTION - null, AccessibilityAction: ACTION_ACCESSIBILITY_FOCUS - null]
I/AccessibilityNodeInfoDumper( 7496): Skipping invisible child: android.view.accessibility.AccessibilityNodeInfo@8001923d; boundsInParent: Rect(0, 0 - 720, 0); boundsInScreen: Rect(0, 1280 - 720, 1280); packageName: com.jieshun.jslife; className: android.widget.LinearLayout; text: null; error: null; maxTextLength: -1; contentDescription: null; viewIdResName: com.jieshun.jslife:id/ll_bottom; checkable: false; checked: false; focusable: false; focused: false; selected: false; clickable: false; longClickable: false; enabled: true; password: false; scrollable: false; actions: [AccessibilityAction: ACTION_SELECT - null, AccessibilityAction: ACTION_CLEAR_SELECTION - null, AccessibilityAction: ACTION_ACCESSIBILITY_FOCUS - null]
W/AccessibilityNodeInfoDumper( 7496): Fetch time: 3ms
I/AccessibilityNodeInfoDumper( 7496): Skipping invisible child: android.view.accessibility.AccessibilityNodeInfo@8001e894; boundsInParent: Rect(0, 0 - 0, 100); boundsInScreen: Rect(720, 50 - 720, 150); packageName: com.jieshun.jslife; className: android.widget.FrameLayout; text: null; error: null; maxTextLength: -1; contentDescription: null; viewIdResName: com.jieshun.jslife:id/fl_title_more; checkable: false; checked: false; focusable: false; focused: false; selected: false; clickable: false; longClickable: false; enabled: true; password: false; scrollable: false; actions: [AccessibilityAction: ACTION_SELECT - null, AccessibilityAction: ACTION_CLEAR_SELECTION - null, AccessibilityAction: ACTION_ACCESSIBILITY_FOCUS - null]
I/AccessibilityNodeInfoDumper( 7496): Skipping invisible child: android.view.accessibility.AccessibilityNodeInfo@8001923d; boundsInParent: Rect(0, 0 - 720, 0); boundsInScreen: Rect(0, 1280 - 720, 1280); packageName: com.jieshun.jslife; className: android.widget.LinearLayout; text: null; error: null; maxTextLength: -1; contentDescription: null; viewIdResName: com.jieshun.jslife:id/ll_bottom; checkable: false; checked: false; focusable: false; focused: false; selected: false; clickable: false; longClickable: false; enabled: true; password: false; scrollable: false; actions: [AccessibilityAction: ACTION_SELECT - null, AccessibilityAction: ACTION_CLEAR_SELECTION - null, AccessibilityAction: ACTION_ACCESSIBILITY_FOCUS - null]
W/AccessibilityNodeInfoDumper( 7496): Fetch time: 8ms
I/AccessibilityNodeInfoDumper( 7496): Skipping invisible child: android.view.accessibility.AccessibilityNodeInfo@8001e894; boundsInParent: Rect(0, 0 - 0, 100); boundsInScreen: Rect(720, 50 - 720, 150); packageName: com.jieshun.jslife; className: android.widget.FrameLayout; text: null; error: null; maxTextLength: -1; contentDescription: null; viewIdResName: com.jieshun.jslife:id/fl_title_more; checkable: false; checked: false; focusable: false; focused: false; selected: false; clickable: false; longClickable: false; enabled: true; password: false; scrollable: false; actions: [AccessibilityAction: ACTION_SELECT - null, AccessibilityAction: ACTION_CLEAR_SELECTION - null, AccessibilityAction: ACTION_ACCESSIBILITY_FOCUS - null]
I/AccessibilityNodeInfoDumper( 7496): Skipping invisible child: android.view.accessibility.AccessibilityNodeInfo@8001923d; boundsInParent: Rect(0, 0 - 720, 0); boundsInScreen: Rect(0, 1280 - 720, 1280); packageName: com.jieshun.jslife; className: android.widget.LinearLayout; text: null; error: null; maxTextLength: -1; contentDescription: null; viewIdResName: com.jieshun.jslife:id/ll_bottom; checkable: false; checked: false; focusable: false; focused: false; selected: false; clickable: false; longClickable: false; enabled: true; password: false; scrollable: false; actions: [AccessibilityAction: ACTION_SELECT - null, AccessibilityAction: ACTION_CLEAR_SELECTION - null, AccessibilityAction: ACTION_ACCESSIBILITY_FOCUS - null]
W/AccessibilityNodeInfoDumper( 7496): Fetch time: 7ms
I/AccessibilityNodeInfoDumper( 7496): Skipping invisible child: android.view.accessibility.AccessibilityNodeInfo@8001e894; boundsInParent: Rect(0, 0 - 0, 100); boundsInScreen: Rect(720, 50 - 720, 150); packageName: com.jieshun.jslife; className: android.widget.FrameLayout; text: null; error: null; maxTextLength: -1; contentDescription: null; viewIdResName: com.jieshun.jslife:id/fl_title_more; checkable: false; checked: false; focusable: false; focused: false; selected: false; clickable: false; longClickable: false; enabled: true; password: false; scrollable: false; actions: [AccessibilityAction: ACTION_SELECT - null, AccessibilityAction: ACTION_CLEAR_SELECTION - null, AccessibilityAction: ACTION_ACCESSIBILITY_FOCUS - null]
I/AccessibilityNodeInfoDumper( 7496): Skipping invisible child: android.view.accessibility.AccessibilityNodeInfo@8001923d; boundsInParent: Rect(0, 0 - 720, 0); boundsInScreen: Rect(0, 1280 - 720, 1280); packageName: com.jieshun.jslife; className: android.widget.LinearLayout; text: null; error: null; maxTextLength: -1; contentDescription: null; viewIdResName: com.jieshun.jslife:id/ll_bottom; checkable: false; checked: false; focusable: false; focused: false; selected: false; clickable: false; longClickable: false; enabled: true; password: false; scrollable: false; actions: [AccessibilityAction: ACTION_SELECT - null, AccessibilityAction: ACTION_CLEAR_SELECTION - null, AccessibilityAction: ACTION_ACCESSIBILITY_FOCUS - null]
W/AccessibilityNodeInfoDumper( 7496): Fetch time: 26ms
I/art     ( 7496): Background sticky concurrent mark sweep GC freed 4090(463KB) AllocSpace objects, 11(230KB) LOS objects, 27% free, 1575KB/2MB, paused 186us total 105.865ms
D/EGL_adreno( 8272): eglMakeCurrent: 0xadc80340: ver 2 0 (tinfo 0xadc39570)
I/AccessibilityNodeInfoDumper( 7496): Skipping invisible child: android.view.accessibility.AccessibilityNodeInfo@8001e894; boundsInParent: Rect(0, 0 - 0, 100); boundsInScreen: Rect(720, 50 - 720, 150); packageName: com.jieshun.jslife; className: android.widget.FrameLayout; text: null; error: null; maxTextLength: -1; contentDescription: null; viewIdResName: com.jieshun.jslife:id/fl_title_more; checkable: false; checked: false; focusable: false; focused: false; selected: false; clickable: false; longClickable: false; enabled: true; password: false; scrollable: false; actions: [AccessibilityAction: ACTION_SELECT - null, AccessibilityAction: ACTION_CLEAR_SELECTION - null, AccessibilityAction: ACTION_ACCESSIBILITY_FOCUS - null]
I/AccessibilityNodeInfoDumper( 7496): Skipping invisible child: android.view.accessibility.AccessibilityNodeInfo@8001923d; boundsInParent: Rect(0, 0 - 720, 0); boundsInScreen: Rect(0, 1280 - 720, 1280); packageName: com.jieshun.jslife; className: android.widget.LinearLayout; text: null; error: null; maxTextLength: -1; contentDescription: null; viewIdResName: com.jieshun.jslife:id/ll_bottom; checkable: false; checked: false; focusable: false; focused: false; selected: false; clickable: false; longClickable: false; enabled: true; password: false; scrollable: false; actions: [AccessibilityAction: ACTION_SELECT - null, AccessibilityAction: ACTION_CLEAR_SELECTION - null, AccessibilityAction: ACTION_ACCESSIBILITY_FOCUS - null]
W/AccessibilityNodeInfoDumper( 7496): Fetch time: 2ms
I/AccessibilityNodeInfoDumper( 7496): Skipping invisible child: android.view.accessibility.AccessibilityNodeInfo@8001e894; boundsInParent: Rect(0, 0 - 0, 100); boundsInScreen: Rect(720, 50 - 720, 150); packageName: com.jieshun.jslife; className: android.widget.FrameLayout; text: null; error: null; maxTextLength: -1; contentDescription: null; viewIdResName: com.jieshun.jslife:id/fl_title_more; checkable: false; checked: false; focusable: false; focused: false; selected: false; clickable: false; longClickable: false; enabled: true; password: false; scrollable: false; actions: [AccessibilityAction: ACTION_SELECT - null, AccessibilityAction: ACTION_CLEAR_SELECTION - null, AccessibilityAction: ACTION_ACCESSIBILITY_FOCUS - null]
I/AccessibilityNodeInfoDumper( 7496): Skipping invisible child: android.view.accessibility.AccessibilityNodeInfo@8001923d; boundsInParent: Rect(0, 0 - 720, 0); boundsInScreen: Rect(0, 1280 - 720, 1280); packageName: com.jieshun.jslife; className: android.widget.LinearLayout; text: null; error: null; maxTextLength: -1; contentDescription: null; viewIdResName: com.jieshun.jslife:id/ll_bottom; checkable: false; checked: false; focusable: false; focused: false; selected: false; clickable: false; longClickable: false; enabled: true; password: false; scrollable: false; actions: [AccessibilityAction: ACTION_SELECT - null, AccessibilityAction: ACTION_CLEAR_SELECTION - null, AccessibilityAction: ACTION_ACCESSIBILITY_FOCUS - null]
W/AccessibilityNodeInfoDumper( 7496): Fetch time: 2ms
I/AccessibilityNodeInfoDumper( 7496): Skipping invisible child: android.view.accessibility.AccessibilityNodeInfo@8001e894; boundsInParent: Rect(0, 0 - 0, 100); boundsInScreen: Rect(720, 50 - 720, 150); packageName: com.jieshun.jslife; className: android.widget.FrameLayout; text: null; error: null; maxTextLength: -1; contentDescription: null; viewIdResName: com.jieshun.jslife:id/fl_title_more; checkable: false; checked: false; focusable: false; focused: false; selected: false; clickable: false; longClickable: false; enabled: true; password: false; scrollable: false; actions: [AccessibilityAction: ACTION_SELECT - null, AccessibilityAction: ACTION_CLEAR_SELECTION - null, AccessibilityAction: ACTION_ACCESSIBILITY_FOCUS - null]
I/AccessibilityNodeInfoDumper( 7496): Skipping invisible child: android.view.accessibility.AccessibilityNodeInfo@8001923d; boundsInParent: Rect(0, 0 - 720, 0); boundsInScreen: Rect(0, 1280 - 720, 1280); packageName: com.jieshun.jslife; className: android.widget.LinearLayout; text: null; error: null; maxTextLength: -1; contentDescription: null; viewIdResName: com.jieshun.jslife:id/ll_bottom; checkable: false; checked: false; focusable: false; focused: false; selected: false; clickable: false; longClickable: false; enabled: true; password: false; scrollable: false; actions: [AccessibilityAction: ACTION_SELECT - null, AccessibilityAction: ACTION_CLEAR_SELECTION - null, AccessibilityAction: ACTION_ACCESSIBILITY_FOCUS - null]
W/AccessibilityNodeInfoDumper( 7496): Fetch time: 3ms
I/AccessibilityNodeInfoDumper( 7496): Skipping invisible child: android.view.accessibility.AccessibilityNodeInfo@8001e894; boundsInParent: Rect(0, 0 - 0, 100); boundsInScreen: Rect(720, 50 - 720, 150); packageName: com.jieshun.jslife; className: android.widget.FrameLayout; text: null; error: null; maxTextLength: -1; contentDescription: null; viewIdResName: com.jieshun.jslife:id/fl_title_more; checkable: false; checked: false; focusable: false; focused: false; selected: false; clickable: false; longClickable: false; enabled: true; password: false; scrollable: false; actions: [AccessibilityAction: ACTION_SELECT - null, AccessibilityAction: ACTION_CLEAR_SELECTION - null, AccessibilityAction: ACTION_ACCESSIBILITY_FOCUS - null]
I/AccessibilityNodeInfoDumper( 7496): Skipping invisible child: android.view.accessibility.AccessibilityNodeInfo@8001923d; boundsInParent: Rect(0, 0 - 720, 0); boundsInScreen: Rect(0, 1280 - 720, 1280); packageName: com.jieshun.jslife; className: android.widget.LinearLayout; text: null; error: null; maxTextLength: -1; contentDescription: null; viewIdResName: com.jieshun.jslife:id/ll_bottom; checkable: false; checked: false; focusable: false; focused: false; selected: false; clickable: false; longClickable: false; enabled: true; password: false; scrollable: false; actions: [AccessibilityAction: ACTION_SELECT - null, AccessibilityAction: ACTION_CLEAR_SELECTION - null, AccessibilityAction: ACTION_ACCESSIBILITY_FOCUS - null]
W/AccessibilityNodeInfoDumper( 7496): Fetch time: 7ms
I/AccessibilityNodeInfoDumper( 7496): Skipping invisible child: android.view.accessibility.AccessibilityNodeInfo@8001e894; boundsInParent: Rect(0, 0 - 0, 100); boundsInScreen: Rect(720, 50 - 720, 150); packageName: com.jieshun.jslife; className: android.widget.FrameLayout; text: null; error: null; maxTextLength: -1; contentDescription: null; viewIdResName: com.jieshun.jslife:id/fl_title_more; checkable: false; checked: false; focusable: false; focused: false; selected: false; clickable: false; longClickable: false; enabled: true; password: false; scrollable: false; actions: [AccessibilityAction: ACTION_SELECT - null, AccessibilityAction: ACTION_CLEAR_SELECTION - null, AccessibilityAction: ACTION_ACCESSIBILITY_FOCUS - null]
