D/http    ( 2249): 参数：{"areaId":"55981d2f448a42f796c2f20907aa2715","mainType":"BUSINESS_NOTIFY","pageIndex":"1","pageSize":"10","searchTime":"","userId":"eaa2fc61c4784b6ba67ac352b4afc808","bizSource":"APP_ANDROID","bizType":"JSLIFE","token":"e5306930d83c4cfab785a60991a09360"}
D/EGL_adreno( 1657): eglMakeCurrent: 0xb3fff8e0: ver 2 0 (tinfo 0xa300dac0)
E/EGL_adreno( 2249): tid 2312: eglSurfaceAttrib(1266): error 0x3009 (EGL_BAD_MATCH)
W/OpenGLRenderer( 2249): Failed to set EGL_SWAP_BEHAVIOR on surface 0x9b0bce80, error=EGL_BAD_MATCH
D/EGL_adreno( 2249): eglMakeCurrent: 0xadd065e0: ver 2 0 (tinfo 0xadc39600)
I/AppiumUnicodeIME( 1718): onFinishInput
I/AppiumUnicodeIME( 1718): onStartInput
I/http    ( 2249): 
I/http    ( 2249): 查询我的消息列表 HTTP 返回：{"resultCode":"0","message":"","obj":null,"seqId":"64c996266a5347dd868fae7b3a8e99cb","msgList":null,"right":true}
D/EGL_adreno( 2249): eglMakeCurrent: 0xadd065e0: ver 2 0 (tinfo 0xadc39600)
I/AppiumUnicodeIME( 1718): onFinishInput
I/AppiumUnicodeIME( 1718): onStartInput
D/EGL_adreno( 2249): eglMakeCurrent: 0xadd065e0: ver 2 0 (tinfo 0xadc39600)
I/AppiumUnicodeIME( 1718): onKeyDown (keyCode='20', event.keyCode='20', metaState='0')
I/AppiumUnicodeIME( 1718): onKeyUp (keyCode='20', event.keyCode='20', metaState='0')
I/AppiumUnicodeIME( 1718): onKeyDown (keyCode='20', event.keyCode='20', metaState='0')
I/AppiumUnicodeIME( 1718): onKeyUp (keyCode='20', event.keyCode='20', metaState='0')
I/AppiumUnicodeIME( 1718): onKeyDown (keyCode='23', event.keyCode='23', metaState='0')
I/AppiumUnicodeIME( 1718): onKeyUp (keyCode='23', event.keyCode='23', metaState='0')
D/AudioTrack( 1534): use orig AudioTrack! mIsTimed=0 transferType=0 flags=4
V/WindowManager( 1534): not Base app: Adding window Window{3cc0d43a u0 com.jieshun.jslife/com.jieshun.jslife.activity.homepage.ShareArroundActivity} at 6 of 9
D/http    ( 2249): 查询我的消息列表 HTTP请求 Url: http://jsh.jslife.com.cn/jslife-service/notice/msg_list 
D/http    ( 2249): 参数：{"areaId":"55981d2f448a42f796c2f20907aa2715","mainType":"BUSINESS_NOTIFY","pageIndex":"1","pageSize":"10","searchTime":"","userId":"eaa2fc61c4784b6ba67ac352b4afc808","bizSource":"APP_ANDROID","bizType":"JSLIFE","token":"e5306930d83c4cfab785a60991a09360"}
E/EGL_adreno( 2249): tid 2312: eglSurfaceAttrib(1266): error 0x3009 (EGL_BAD_MATCH)
W/OpenGLRenderer( 2249): Failed to set EGL_SWAP_BEHAVIOR on surface 0x9b0bbb20, error=EGL_BAD_MATCH
D/EGL_adreno( 2249): eglMakeCurrent: 0xadd065e0: ver 2 0 (tinfo 0xadc39600)
I/http    ( 2249): 
I/http    ( 2249): 查询我的消息列表 HTTP 返回：{"resultCode":"0","message":"","obj":null,"seqId":"c0e6f7206c9b437498c6d251af320cfe","msgList":null,"right":true}
I/AppiumUnicodeIME( 1718): onFinishInput
I/AppiumUnicodeIME( 1718): onStartInput
D/EGL_adreno( 2249): eglMakeCurrent: 0xadd065e0: ver 2 0 (tinfo 0xadc39600)
D/EGL_adreno( 2249): eglMakeCurrent: 0xadd065e0: ver 2 0 (tinfo 0xadc39600)
I/AppiumUnicodeIME( 1718): onFinishInput
I/AppiumUnicodeIME( 1718): onStartInput
D/AudioTrack( 1534): use orig AudioTrack! mIsTimed=0 transferType=0 flags=4
V/WindowManager( 1534): not Base app: Adding window Window{3f520648 u0 com.jieshun.jslife/com.jieshun.jslife.activity.homepage.ShareArroundActivity} at 6 of 9
D/http    ( 2249): 查询我的消息列表 HTTP请求 Url: http://jsh.jslife.com.cn/jslife-service/notice/msg_list 
D/http    ( 2249): 参数：{"areaId":"55981d2f448a42f796c2f20907aa2715","mainType":"BUSINESS_NOTIFY","pageIndex":"1","pageSize":"10","searchTime":"","userId":"eaa2fc61c4784b6ba67ac352b4afc808","bizSource":"APP_ANDROID","bizType":"JSLIFE","token":"e5306930d83c4cfab785a60991a09360"}
E/EGL_adreno( 2249): tid 2312: eglSurfaceAttrib(1266): error 0x3009 (EGL_BAD_MATCH)
W/OpenGLRenderer( 2249): Failed to set EGL_SWAP_BEHAVIOR on surface 0x9b0bb4e0, error=EGL_BAD_MATCH
D/EGL_adreno( 2249): eglMakeCurrent: 0xadd065e0: ver 2 0 (tinfo 0xadc39600)
I/http    ( 2249): 
I/http    ( 2249): 查询我的消息列表 HTTP 返回：{"resultCode":"0","message":"","obj":null,"seqId":"bcfe412b873e4708a5f41b6491436589","msgList":null,"right":true}
I/AppiumUnicodeIME( 1718): onFinishInput
I/AppiumUnicodeIME( 1718): onStartInput
D/EGL_adreno( 2249): eglMakeCurrent: 0xadd065e0: ver 2 0 (tinfo 0xadc39600)
I/AppiumUnicodeIME( 1718): onFinishInput
I/AppiumUnicodeIME( 1718): onStartInput
D/EGL_adreno( 2249): eglMakeCurrent: 0xadd065e0: ver 2 0 (tinfo 0xadc39600)
D/AudioTrack( 1534): use orig AudioTrack! mIsTimed=0 transferType=0 flags=4
V/WindowManager( 1534): not Base app: Adding window Window{2dd7fa06 u0 com.jieshun.jslife/com.jieshun.jslife.activity.homepage.ShareArroundActivity} at 6 of 9
D/http    ( 2249): 查询我的消息列表 HTTP请求 Url: http://jsh.jslife.com.cn/jslife-service/notice/msg_list 
D/http    ( 2249): 参数：{"areaId":"55981d2f448a42f796c2f20907aa2715","mainType":"BUSINESS_NOTIFY","pageIndex":"1","pageSize":"10","searchTime":"","userId":"eaa2fc61c4784b6ba67ac352b4afc808","bizSource":"APP_ANDROID","bizType":"JSLIFE","token":"e5306930d83c4cfab785a60991a09360"}
I/AppiumUnicodeIME( 1718): onKeyDown (keyCode='19', event.keyCode='19', metaState='0')
I/AppiumUnicodeIME( 1718): onKeyDown (keyCode='19', event.keyCode='19', metaState='0')
I/AppiumUnicodeIME( 1718): onKeyUp (keyCode='19', event.keyCode='19', metaState='0')
I/AppiumUnicodeIME( 1718): onKeyDown (keyCode='19', event.keyCode='19', metaState='0')
I/AppiumUnicodeIME( 1718): onKeyUp (keyCode='19', event.keyCode='19', metaState='0')
I/AppiumUnicodeIME( 1718): onKeyDown (keyCode='19', event.keyCode='19', metaState='0')
I/AppiumUnicodeIME( 1718): onKeyUp (keyCode='19', event.keyCode='19', metaState='0')
I/AppiumUnicodeIME( 1718): onKeyDown (keyCode='19', event.keyCode='19', metaState='0')
I/AppiumUnicodeIME( 1718): onKeyUp (keyCode='19', event.keyCode='19', metaState='0')
E/EGL_adreno( 2249): tid 2312: eglSurfaceAttrib(1266): error 0x3009 (EGL_BAD_MATCH)
W/OpenGLRenderer( 2249): Failed to set EGL_SWAP_BEHAVIOR on surface 0x9b0bd7e0, error=EGL_BAD_MATCH
D/EGL_adreno( 2249): eglMakeCurrent: 0xadd065e0: ver 2 0 (tinfo 0xadc39600)
I/AppiumUnicodeIME( 1718): onFinishInput
I/AppiumUnicodeIME( 1718): onStartInput
I/http    ( 2249): 
I/http    ( 2249): 查询我的消息列表 HTTP 返回：{"resultCode":"0","message":"","obj":null,"seqId":"7cb49d046c024848aba107f7c7644ddb","msgList":null,"right":true}
D/EGL_adreno( 2249): eglMakeCurrent: 0xadd065e0: ver 2 0 (tinfo 0xadc39600)
D/EGL_adreno( 2249): eglMakeCurrent: 0xadd065e0: ver 2 0 (tinfo 0xadc39600)
I/AppiumUnicodeIME( 1718): onFinishInput
I/AppiumUnicodeIME( 1718): onStartInput
D/AudioTrack( 1534): use orig AudioTrack! mIsTimed=0 transferType=0 flags=4
V/WindowManager( 1534): not Base app: Adding window Window{11a53ef4 u0 com.jieshun.jslife/com.jieshun.jslife.activity.homepage.ShareArroundActivity} at 6 of 9
D/http    ( 2249): 查询我的消息列表 HTTP请求 Url: http://jsh.jslife.com.cn/jslife-service/notice/msg_list 
D/http    ( 2249): 参数：{"areaId":"55981d2f448a42f796c2f20907aa2715","mainType":"BUSINESS_NOTIFY","pageIndex":"1","pageSize":"10","searchTime":"","userId":"eaa2fc61c4784b6ba67ac352b4afc808","bizSource":"APP_ANDROID","bizType":"JSLIFE","token":"e5306930d83c4cfab785a60991a09360"}
E/EGL_adreno( 2249): tid 2312: eglSurfaceAttrib(1266): error 0x3009 (EGL_BAD_MATCH)
W/OpenGLRenderer( 2249): Failed to set EGL_SWAP_BEHAVIOR on surface 0x9b0b9c60, error=EGL_BAD_MATCH
D/EGL_adreno( 2249): eglMakeCurrent: 0xadd065e0: ver 2 0 (tinfo 0xadc39600)
I/http    ( 2249): 
I/http    ( 2249): 查询我的消息列表 HTTP 返回：{"resultCode":"0","message":"","obj":null,"seqId":"b3b707a500f24b8ab58f78e13aaf4a55","msgList":null,"right":true}
I/AppiumUnicodeIME( 1718): onFinishInput
I/AppiumUnicodeIME( 1718): onStartInput
D/EGL_adreno( 2249): eglMakeCurrent: 0xadd065e0: ver 2 0 (tinfo 0xadc39600)
D/EGL_adreno( 2249): eglMakeCurrent: 0xadd065e0: ver 2 0 (tinfo 0xadc39600)
I/AppiumUnicodeIME( 1718): onFinishInput
I/AppiumUnicodeIME( 1718): onStartInput
D/AudioTrack( 1534): use orig AudioTrack! mIsTimed=0 transferType=0 flags=4
V/WindowManager( 1534): not Base app: Adding window Window{36e9b092 u0 com.jieshun.jslife/com.jieshun.jslife.activity.homepage.ShareArroundActivity} at 6 of 9
D/http    ( 2249): 查询我的消息列表 HTTP请求 Url: http://jsh.jslife.com.cn/jslife-service/notice/msg_list 
D/http    ( 2249): 参数：{"areaId":"55981d2f448a42f796c2f20907aa2715","mainType":"BUSINESS_NOTIFY","pageIndex":"1","pageSize":"10","searchTime":"","userId":"eaa2fc61c4784b6ba67ac352b4afc808","bizSource":"APP_ANDROID","bizType":"JSLIFE","token":"e5306930d83c4cfab785a60991a09360"}
E/EGL_adreno( 2249): tid 2312: eglSurfaceAttrib(1266): error 0x3009 (EGL_BAD_MATCH)
W/OpenGLRenderer( 2249): Failed to set EGL_SWAP_BEHAVIOR on surface 0x9b0c5b20, error=EGL_BAD_MATCH
D/EGL_adreno( 2249): eglMakeCurrent: 0xadd065e0: ver 2 0 (tinfo 0xadc39600)
I/http    ( 2249): 
I/http    ( 2249): 查询我的消息列表 HTTP 返回：{"resultCode":"0","message":"","obj":null,"seqId":"090cabc5f77b4c0fab6208edc4ce2432","msgList":null,"right":true}
I/AppiumUnicodeIME( 1718): onFinishInput
I/AppiumUnicodeIME( 1718): onStartInput
D/EGL_adreno( 2249): eglMakeCurrent: 0xadd065e0: ver 2 0 (tinfo 0xadc39600)
D/EGL_adreno( 2249): eglMakeCurrent: 0xadd065e0: ver 2 0 (tinfo 0xadc39600)
I/AppiumUnicodeIME( 1718): onFinishInput
I/AppiumUnicodeIME( 1718): onStartInput
D/JTC     ( 2249): near tabl onReceiveLocation
I/System.out( 2249): isFirstLoc：true
D/JSParkingFragment( 2249): mSearch.reverseGeoCode  4444 
I/System.out( 2249): ******jscarlife*********************onReceiveLocation***************逆地理编码******
D/JSParkingFragment( 2249): *************** onGetReverseGeoCodeResult ********************* 
D/JSParkingFragment( 2249):  搜索 百度定位返回的百度转换前： lattitue = 39.92270378285916 ; longitue = 116.41663820901988
D/JSParkingFragment( 2249): ***onGetReverseGeoCodeResult*****省份:北京市
D/JSParkingFragment( 2249): ***onGetReverseGeoCodeResult*****城市:北京市
D/JSParkingFragment( 2249): ***onGetReverseGeoCodeResult*****区域 canton:东城区
D/JSParkingFragment( 2249): ***onGetReverseGeoCodeResult*****简要信息:北京市东城区锡拉胡同6号
D/JSParkingFragment( 2249):  搜索 百度定位返回的 转换为高德后： lattitue = 39.916407589357014 ; longitue = 116.41025599543832
D/com.jieshun.jslife.parklife.JSParkingFragment( 2249): bottomNewState = 0 ; BottomSheetBehavior.STATE_HIDDEN = 5
D/JSParkingFragment( 2249): searchKey = null ; regionAddress = 北京市东城区锡拉胡同6号
D/JSParkingFragment( 2249):  搜索 mCurrentSearchLat = 39.916407589357014 ; mCurrentSearchLon = 116.41025599543832
D/JSParkingFragment( 2249): isFirstLoc --- true ; initData isNetConnect = true ; isVisibleToUser = false
D/AudioTrack( 1534): use orig AudioTrack! mIsTimed=0 transferType=0 flags=4
V/WindowManager( 1534): not Base app: Adding window Window{e515660 u0 com.jieshun.jslife/com.jieshun.jslife.activity.homepage.ShareArroundActivity} at 6 of 9
D/http    ( 2249): 查询我的消息列表 HTTP请求 Url: http://jsh.jslife.com.cn/jslife-service/notice/msg_list 
D/http    ( 2249): 参数：{"areaId":"55981d2f448a42f796c2f20907aa2715","mainType":"BUSINESS_NOTIFY","pageIndex":"1","pageSize":"10","searchTime":"","userId":"eaa2fc61c4784b6ba67ac352b4afc808","bizSource":"APP_ANDROID","bizType":"JSLIFE","token":"e5306930d83c4cfab785a60991a09360"}
E/EGL_adreno( 2249): tid 2312: eglSurfaceAttrib(1266): error 0x3009 (EGL_BAD_MATCH)
W/OpenGLRenderer( 2249): Failed to set EGL_SWAP_BEHAVIOR on surface 0x9b46e060, error=EGL_BAD_MATCH
D/EGL_adreno( 2249): eglMakeCurrent: 0xadd065e0: ver 2 0 (tinfo 0xadc39600)
I/AppiumUnicodeIME( 1718): onFinishInput
I/AppiumUnicodeIME( 1718): onStartInput
I/http    ( 2249): 
I/http    ( 2249): 查询我的消息列表 HTTP 返回：{"resultCode":"0","message":"","obj":null,"seqId":"d379a9e082ef44418d3a658a32f3c4db","msgList":null,"right":true}
D/EGL_adreno( 2249): eglMakeCurrent: 0xadd065e0: ver 2 0 (tinfo 0xadc39600)
D/EGL_adreno( 2249): eglMakeCurrent: 0xadd065e0: ver 2 0 (tinfo 0xadc39600)
I/AppiumUnicodeIME( 1718): onFinishInput
I/AppiumUnicodeIME( 1718): onStartInput
D/AudioTrack( 1534): use orig AudioTrack! mIsTimed=0 transferType=0 flags=4
V/WindowManager( 1534): not Base app: Adding window Window{9ee43de u0 com.jieshun.jslife/com.jieshun.jslife.activity.homepage.ShareArroundActivity} at 6 of 9
D/http    ( 2249): 查询我的消息列表 HTTP请求 Url: http://jsh.jslife.com.cn/jslife-service/notice/msg_list 
D/http    ( 2249): 参数：{"areaId":"55981d2f448a42f796c2f20907aa2715","mainType":"BUSINESS_NOTIFY","pageIndex":"1","pageSize":"10","searchTime":"","userId":"eaa2fc61c4784b6ba67ac352b4afc808","bizSource":"APP_ANDROID","bizType":"JSLIFE","token":"e5306930d83c4cfab785a60991a09360"}
I/AppiumUnicodeIME( 1718): onKeyDown (keyCode='19', event.keyCode='19', metaState='0')
I/AppiumUnicodeIME( 1718): onKeyDown (keyCode='19', event.keyCode='19', metaState='0')
I/AppiumUnicodeIME( 1718): onKeyUp (keyCode='19', event.keyCode='19', metaState='0')
I/AppiumUnicodeIME( 1718): onKeyDown (keyCode='19', event.keyCode='19', metaState='0')
I/AppiumUnicodeIME( 1718): onKeyUp (keyCode='19', event.keyCode='19', metaState='0')
I/AppiumUnicodeIME( 1718): onKeyDown (keyCode='19', event.keyCode='19', metaState='0')
I/AppiumUnicodeIME( 1718): onKeyUp (keyCode='19', event.keyCode='19', metaState='0')
I/AppiumUnicodeIME( 1718): onKeyDown (keyCode='19', event.keyCode='19', metaState='0')
I/AppiumUnicodeIME( 1718): onKeyUp (keyCode='19', event.keyCode='19', metaState='0')
E/EGL_adreno( 2249): tid 2312: eglSurfaceAttrib(1266): error 0x3009 (EGL_BAD_MATCH)
W/OpenGLRenderer( 2249): Failed to set EGL_SWAP_BEHAVIOR on surface 0x9b46e460, error=EGL_BAD_MATCH
D/EGL_adreno( 2249): eglMakeCurrent: 0xadd065e0: ver 2 0 (tinfo 0xadc39600)
I/http    ( 2249): 
I/http    ( 2249): 查询我的消息列表 HTTP 返回：{"resultCode":"0","message":"","obj":null,"seqId":"2385e397166c442dbd64b887dcf5e1d6","msgList":null,"right":true}
I/AppiumUnicodeIME( 1718): onFinishInput
I/AppiumUnicodeIME( 1718): onStartInput
D/EGL_adreno( 2249): eglMakeCurrent: 0xadd065e0: ver 2 0 (tinfo 0xadc39600)
D/EGL_adreno( 2249): eglMakeCurrent: 0xadd065e0: ver 2 0 (tinfo 0xadc39600)
I/AppiumUnicodeIME( 1718): onFinishInput
I/AppiumUnicodeIME( 1718): onStartInput
D/EGL_adreno( 2249): eglMakeCurrent: 0xadd065e0: ver 2 0 (tinfo 0xadc39600)
I/art     ( 2249): Explicit concurrent mark sweep GC freed 232567(9MB) AllocSpace objects, 5(80KB) LOS objects, 36% free, 27MB/43MB, paused 1.399ms total 54.266ms
D/EGL_adreno( 2249): eglMakeCurrent: 0xadd065e0: ver 2 0 (tinfo 0xadc39600)
D/EGL_adreno( 2249): eglMakeCurrent: 0xadd065e0: ver 2 0 (tinfo 0xadc39600)
D/EGL_adreno( 2249): eglMakeCurrent: 0xadd065e0: ver 2 0 (tinfo 0xadc39600)
D/EGL_adreno( 2249): eglMakeCurrent: 0xadd065e0: ver 2 0 (tinfo 0xadc39600)
D/EGL_adreno( 2249): eglMakeCurrent: 0xadd065e0: ver 2 0 (tinfo 0xadc39600)
D/EGL_adreno( 2249): eglMakeCurrent: 0xadd065e0: ver 2 0 (tinfo 0xadc39600)
D/EGL_adreno( 2249): eglMakeCurrent: 0xadd065e0: ver 2 0 (tinfo 0xadc39600)
D/EGL_adreno( 2249): eglMakeCurrent: 0xadd065e0: ver 2 0 (tinfo 0xadc39600)
D/EGL_adreno( 2249): eglMakeCurrent: 0xadd065e0: ver 2 0 (tinfo 0xadc39600)
D/AudioTrack( 1534): use orig AudioTrack! mIsTimed=0 transferType=0 flags=4
I/art     ( 2249): Explicit concurrent mark sweep GC freed 2884(119KB) AllocSpace objects, 0(0B) LOS objects, 36% free, 27MB/43MB, paused 343us total 55.211ms
D/EGL_adreno( 2249): eglMakeCurrent: 0xadd065e0: ver 2 0 (tinfo 0xadc39600)
V/WindowManager( 1534): not Base app: Adding window Window{29e5788c u0 com.jieshun.jslife/com.jieshun.jslife.activity.homepage.ShareArroundActivity} at 6 of 9
D/http    ( 2249): 查询我的消息列表 HTTP请求 Url: http://jsh.jslife.com.cn/jslife-service/notice/msg_list 
D/http    ( 2249): 参数：{"areaId":"55981d2f448a42f796c2f20907aa2715","mainType":"BUSINESS_NOTIFY","pageIndex":"1","pageSize":"10","searchTime":"","userId":"eaa2fc61c4784b6ba67ac352b4afc808","bizSource":"APP_ANDROID","bizType":"JSLIFE","token":"e5306930d83c4cfab785a60991a09360"}
D/EGL_adreno( 2249): eglMakeCurrent: 0xadd065e0: ver 2 0 (tinfo 0xadc39600)
E/EGL_adreno( 2249): tid 2312: eglSurfaceAttrib(1266): error 0x3009 (EGL_BAD_MATCH)
W/OpenGLRenderer( 2249): Failed to set EGL_SWAP_BEHAVIOR on surface 0x9b0fd1e0, error=EGL_BAD_MATCH
D/EGL_adreno( 2249): eglMakeCurrent: 0xadd065e0: ver 2 0 (tinfo 0xadc39600)
I/http    ( 2249): 
I/http    ( 2249): 查询我的消息列表 HTTP 返回：{"resultCode":"0","message":"","obj":null,"seqId":"89ce61c586c24e7ca4205f5184a488a3","msgList":null,"right":true}
I/AppiumUnicodeIME( 1718): onFinishInput
I/AppiumUnicodeIME( 1718): onStartInput
D/EGL_adreno( 2249): eglMakeCurrent: 0xadd065e0: ver 2 0 (tinfo 0xadc39600)
D/EGL_adreno( 2249): eglMakeCurrent: 0xadd065e0: ver 2 0 (tinfo 0xadc39600)
I/AppiumUnicodeIME( 1718): onFinishInput
I/AppiumUnicodeIME( 1718): onStartInput
I/art     ( 2249): Explicit concurrent mark sweep GC freed 14377(629KB) AllocSpace objects, 0(0B) LOS objects, 36% free, 27MB/43MB, paused 303us total 46.360ms
I/art     ( 2249): Explicit concurrent mark sweep GC freed 1480(59KB) AllocSpace objects, 0(0B) LOS objects, 36% free, 27MB/43MB, paused 615us total 28.303ms
D/EGL_adreno( 2249): eglMakeCurrent: 0xadd065e0: ver 2 0 (tinfo 0xadc39600)
D/EGL_adreno( 2249): eglMakeCurrent: 0xadd065e0: ver 2 0 (tinfo 0xadc39600)
I/art     ( 2249): Explicit concurrent mark sweep GC freed 1059(38KB) AllocSpace objects, 0(0B) LOS objects, 36% free, 27MB/43MB, paused 490us total 27.187ms
D/AudioTrack( 1534): use orig AudioTrack! mIsTimed=0 transferType=0 flags=4
V/WindowManager( 1534): not Base app: Adding window Window{2e16bfea u0 com.jieshun.jslife/com.jieshun.jslife.activity.homepage.ShareArroundActivity} at 6 of 9
D/http    ( 2249): 查询我的消息列表 HTTP请求 Url: http://jsh.jslife.com.cn/jslife-service/notice/msg_list 
D/http    ( 2249): 参数：{"areaId":"55981d2f448a42f796c2f20907aa2715","mainType":"BUSINESS_NOTIFY","pageIndex":"1","pageSize":"10","searchTime":"","userId":"eaa2fc61c4784b6ba67ac352b4afc808","bizSource":"APP_ANDROID","bizType":"JSLIFE","token":"e5306930d83c4cfab785a60991a09360"}
E/AudioTrack( 1534): did not receive expected priority boost on time
E/EGL_adreno( 2249): tid 2312: eglSurfaceAttrib(1266): error 0x3009 (EGL_BAD_MATCH)
W/OpenGLRenderer( 2249): Failed to set EGL_SWAP_BEHAVIOR on surface 0x9b0b9c20, error=EGL_BAD_MATCH
D/EGL_adreno( 2249): eglMakeCurrent: 0xadd065e0: ver 2 0 (tinfo 0xadc39600)
I/AppiumUnicodeIME( 1718): onFinishInput
I/AppiumUnicodeIME( 1718): onStartInput
I/http    ( 2249): 
I/http    ( 2249): 查询我的消息列表 HTTP 返回：{"resultCode":"0","message":"","obj":null,"seqId":"f4ffeb6b63f14d09bf9cdc57ca343a11","msgList":null,"right":true}
D/EGL_adreno( 2249): eglMakeCurrent: 0xadd065e0: ver 2 0 (tinfo 0xadc39600)
I/AppiumUnicodeIME( 1718): onFinishInput
I/AppiumUnicodeIME( 1718): onStartInput
D/EGL_adreno( 2249): eglMakeCurrent: 0xadd065e0: ver 2 0 (tinfo 0xadc39600)
D/AudioTrack( 1534): use orig AudioTrack! mIsTimed=0 transferType=0 flags=4
V/WindowManager( 1534): not Base app: Adding window Window{30b79178 u0 com.jieshun.jslife/com.jieshun.jslife.activity.homepage.ShareArroundActivity} at 6 of 9
D/http    ( 2249): 查询我的消息列表 HTTP请求 Url: http://jsh.jslife.com.cn/jslife-service/notice/msg_list 
D/http    ( 2249): 参数：{"areaId":"55981d2f448a42f796c2f20907aa2715","mainType":"BUSINESS_NOTIFY","pageIndex":"1","pageSize":"10","searchTime":"","userId":"eaa2fc61c4784b6ba67ac352b4afc808","bizSource":"APP_ANDROID","bizType":"JSLIFE","token":"e5306930d83c4cfab785a60991a09360"}
E/EGL_adreno( 2249): tid 2312: eglSurfaceAttrib(1266): error 0x3009 (EGL_BAD_MATCH)
W/OpenGLRenderer( 2249): Failed to set EGL_SWAP_BEHAVIOR on surface 0x9b0b82c0, error=EGL_BAD_MATCH
D/EGL_adreno( 2249): eglMakeCurrent: 0xadd065e0: ver 2 0 (tinfo 0xadc39600)
I/http    ( 2249): 
I/http    ( 2249): 查询我的消息列表 HTTP 返回：{"resultCode":"0","message":"","obj":null,"seqId":"e8e59ab6863647bfaee486cc8eedea1e","msgList":null,"right":true}
I/AppiumUnicodeIME( 1718): onFinishInput
I/AppiumUnicodeIME( 1718): onStartInput
D/EGL_adreno( 2249): eglMakeCurrent: 0xadd065e0: ver 2 0 (tinfo 0xadc39600)
D/EGL_adreno( 2249): eglMakeCurrent: 0xadd065e0: ver 2 0 (tinfo 0xadc39600)
I/AppiumUnicodeIME( 1718): onFinishInput
I/AppiumUnicodeIME( 1718): onStartInput
D/AudioTrack( 1534): use orig AudioTrack! mIsTimed=0 transferType=0 flags=4
V/WindowManager( 1534): not Base app: Adding window Window{3a98f0b6 u0 com.jieshun.jslife/com.jieshun.jslife.activity.homepage.ShareArroundActivity} at 6 of 9
D/http    ( 2249): 查询我的消息列表 HTTP请求 Url: http://jsh.jslife.com.cn/jslife-service/notice/msg_list 
D/http    ( 2249): 参数：{"areaId":"55981d2f448a42f796c2f20907aa2715","mainType":"BUSINESS_NOTIFY","pageIndex":"1","pageSize":"10","searchTime":"","userId":"eaa2fc61c4784b6ba67ac352b4afc808","bizSource":"APP_ANDROID","bizType":"JSLIFE","token":"e5306930d83c4cfab785a60991a09360"}
E/EGL_adreno( 2249): tid 2312: eglSurfaceAttrib(1266): error 0x3009 (EGL_BAD_MATCH)
W/OpenGLRenderer( 2249): Failed to set EGL_SWAP_BEHAVIOR on surface 0x9b0b8540, error=EGL_BAD_MATCH
D/EGL_adreno( 2249): eglMakeCurrent: 0xadd065e0: ver 2 0 (tinfo 0xadc39600)
I/http    ( 2249): 
I/http    ( 2249): 查询我的消息列表 HTTP 返回：{"resultCode":"0","message":"","obj":null,"seqId":"44f014bb51a0441f82f8d220e86ab168","msgList":null,"right":true}
I/AppiumUnicodeIME( 1718): onFinishInput
I/AppiumUnicodeIME( 1718): onStartInput
D/EGL_adreno( 2249): eglMakeCurrent: 0xadd065e0: ver 2 0 (tinfo 0xadc39600)
D/EGL_adreno( 2249): eglMakeCurrent: 0xadd065e0: ver 2 0 (tinfo 0xadc39600)
I/AppiumUnicodeIME( 1718): onFinishInput
I/AppiumUnicodeIME( 1718): onStartInput
D/AudioTrack( 1534): use orig AudioTrack! mIsTimed=0 transferType=0 flags=4
V/WindowManager( 1534): not Base app: Adding window Window{1c904d24 u0 com.jieshun.jslife/com.jieshun.jslife.activity.homepage.ShareArroundActivity} at 6 of 9
D/http    ( 2249): 查询我的消息列表 HTTP请求 Url: http://jsh.jslife.com.cn/jslife-service/notice/msg_list 
D/http    ( 2249): 参数：{"areaId":"55981d2f448a42f796c2f20907aa2715","mainType":"BUSINESS_NOTIFY","pageIndex":"1","pageSize":"10","searchTime":"","userId":"eaa2fc61c4784b6ba67ac352b4afc808","bizSource":"APP_ANDROID","bizType":"JSLIFE","token":"e5306930d83c4cfab785a60991a09360"}
E/AudioTrack( 1534): did not receive expected priority boost on time
E/EGL_adreno( 2249): tid 2312: eglSurfaceAttrib(1266): error 0x3009 (EGL_BAD_MATCH)
W/OpenGLRenderer( 2249): Failed to set EGL_SWAP_BEHAVIOR on surface 0x9b0b8580, error=EGL_BAD_MATCH
D/EGL_adreno( 2249): eglMakeCurrent: 0xadd065e0: ver 2 0 (tinfo 0xadc39600)
I/AppiumUnicodeIME( 1718): onFinishInput
I/AppiumUnicodeIME( 1718): onStartInput
I/http    ( 2249): 
I/http    ( 2249): 查询我的消息列表 HTTP 返回：{"resultCode":"0","message":"","obj":null,"seqId":"55eb6cc05b894d16af9f17a8fae105f5","msgList":null,"right":true}
D/EGL_adreno( 2249): eglMakeCurrent: 0xadd065e0: ver 2 0 (tinfo 0xadc39600)
D/EGL_adreno( 2249): eglMakeCurrent: 0xadd065e0: ver 2 0 (tinfo 0xadc39600)
I/AppiumUnicodeIME( 1718): onFinishInput
I/AppiumUnicodeIME( 1718): onStartInput
I/ActivityManager( 1534): START u0 {act=android.intent.action.MAIN cat=[android.intent.category.LAUNCHER] flg=0x10200000 cmp=com.jieshun.jslife/.activity.common.WelcomeActivity} from uid 0 on display 0
D/SMACK   ( 2249): 09:03:05 上午 SENT (609663417): <iq id="o50BI-26" to="openfire-cloud" from="13632836691@openfire-cloud/A1b852863a" type="get"><ping xmlns='urn:xmpp:ping' /></iq>
D/SMACK   ( 2249): 09:03:05 上午 RCV  (609663417): <iq type="result" id="o50BI-26" from="openfire-cloud" to="13632836691@openfire-cloud/A1b852863a"/>
I/ActivityManager( 1534): START u0 {act=android.intent.action.MAIN cat=[android.intent.category.LAUNCHER] flg=0x10200000 cmp=com.jieshun.jslife/.activity.common.WelcomeActivity} from uid 0 on display 0
D/AudioTrack( 1534): use orig AudioTrack! mIsTimed=0 transferType=0 flags=4
V/WindowManager( 1534): not Base app: Adding window Window{323b6242 u0 com.jieshun.jslife/com.jieshun.jslife.activity.homepage.ShareArroundActivity} at 6 of 9
D/http    ( 2249): 查询我的消息列表 HTTP请求 Url: http://jsh.jslife.com.cn/jslife-service/notice/msg_list 
D/http    ( 2249): 参数：{"areaId":"55981d2f448a42f796c2f20907aa2715","mainType":"BUSINESS_NOTIFY","pageIndex":"1","pageSize":"10","searchTime":"","userId":"eaa2fc61c4784b6ba67ac352b4afc808","bizSource":"APP_ANDROID","bizType":"JSLIFE","token":"e5306930d83c4cfab785a60991a09360"}
E/EGL_adreno( 2249): tid 2312: eglSurfaceAttrib(1266): error 0x3009 (EGL_BAD_MATCH)
W/OpenGLRenderer( 2249): Failed to set EGL_SWAP_BEHAVIOR on surface 0x9b0b8200, error=EGL_BAD_MATCH
D/EGL_adreno( 2249): eglMakeCurrent: 0xadd065e0: ver 2 0 (tinfo 0xadc39600)
I/AppiumUnicodeIME( 1718): onFinishInput
I/AppiumUnicodeIME( 1718): onStartInput
I/http    ( 2249): 
I/http    ( 2249): 查询我的消息列表 HTTP 返回：{"resultCode":"0","message":"","obj":null,"seqId":"1b90a4d6e37449c4882cab876f745b01","msgList":null,"right":true}
D/EGL_adreno( 2249): eglMakeCurrent: 0xadd065e0: ver 2 0 (tinfo 0xadc39600)
D/EGL_adreno( 2249): eglMakeCurrent: 0xadd065e0: ver 2 0 (tinfo 0xadc39600)
I/AppiumUnicodeIME( 1718): onFinishInput
I/AppiumUnicodeIME( 1718): onStartInput
W/AudioFlinger( 1367): write blocked for 373 msecs, 1 delayed writes, thread 0xb58a4000
D/AudioTrack( 1534): use orig AudioTrack! mIsTimed=0 transferType=0 flags=4
V/WindowManager( 1534): not Base app: Adding window Window{19171790 u0 com.jieshun.jslife/com.jieshun.jslife.activity.homepage.ShareArroundActivity} at 6 of 9
D/http    ( 2249): 查询我的消息列表 HTTP请求 Url: http://jsh.jslife.com.cn/jslife-service/notice/msg_list 
D/http    ( 2249): 参数：{"areaId":"55981d2f448a42f796c2f20907aa2715","mainType":"BUSINESS_NOTIFY","pageIndex":"1","pageSize":"10","searchTime":"","userId":"eaa2fc61c4784b6ba67ac352b4afc808","bizSource":"APP_ANDROID","bizType":"JSLIFE","token":"e5306930d83c4cfab785a60991a09360"}
E/EGL_adreno( 2249): tid 2312: eglSurfaceAttrib(1266): error 0x3009 (EGL_BAD_MATCH)
W/OpenGLRenderer( 2249): Failed to set EGL_SWAP_BEHAVIOR on surface 0x9b0b8200, error=EGL_BAD_MATCH
D/EGL_adreno( 2249): eglMakeCurrent: 0xadd065e0: ver 2 0 (tinfo 0xadc39600)
I/http    ( 2249): 
I/http    ( 2249): 查询我的消息列表 HTTP 返回：{"resultCode":"0","message":"","obj":null,"seqId":"4a74c01564f24cfd984c2d6b314a9d48","msgList":null,"right":true}
I/AppiumUnicodeIME( 1718): onFinishInput
I/AppiumUnicodeIME( 1718): onStartInput
D/EGL_adreno( 2249): eglMakeCurrent: 0xadd065e0: ver 2 0 (tinfo 0xadc39600)
D/EGL_adreno( 2249): eglMakeCurrent: 0xadd065e0: ver 2 0 (tinfo 0xadc39600)
I/AppiumUnicodeIME( 1718): onFinishInput
I/AppiumUnicodeIME( 1718): onStartInput
D/AudioTrack( 1534): use orig AudioTrack! mIsTimed=0 transferType=0 flags=4
V/WindowManager( 1534): not Base app: Adding window Window{ba1608e u0 com.jieshun.jslife/com.jieshun.jslife.activity.homepage.ShareArroundActivity} at 6 of 9
D/http    ( 2249): 查询我的消息列表 HTTP请求 Url: http://jsh.jslife.com.cn/jslife-service/notice/msg_list 
D/http    ( 2249): 参数：{"areaId":"55981d2f448a42f796c2f20907aa2715","mainType":"BUSINESS_NOTIFY","pageIndex":"1","pageSize":"10","searchTime":"","userId":"eaa2fc61c4784b6ba67ac352b4afc808","bizSource":"APP_ANDROID","bizType":"JSLIFE","token":"e5306930d83c4cfab785a60991a09360"}
E/EGL_adreno( 2249): tid 2312: eglSurfaceAttrib(1266): error 0x3009 (EGL_BAD_MATCH)
W/OpenGLRenderer( 2249): Failed to set EGL_SWAP_BEHAVIOR on surface 0x9b0bad80, error=EGL_BAD_MATCH
D/EGL_adreno( 2249): eglMakeCurrent: 0xadd065e0: ver 2 0 (tinfo 0xadc39600)
I/AppiumUnicodeIME( 1718): onFinishInput
I/http    ( 2249): 
I/http    ( 2249): 查询我的消息列表 HTTP 返回：{"resultCode":"0","message":"","obj":null,"seqId":"236a38ca734445a28c9c98890aae3553","msgList":null,"right":true}
I/AppiumUnicodeIME( 1718): onStartInput
D/EGL_adreno( 2249): eglMakeCurrent: 0xadd065e0: ver 2 0 (tinfo 0xadc39600)
D/EGL_adreno( 2249): eglMakeCurrent: 0xadd065e0: ver 2 0 (tinfo 0xadc39600)
I/AppiumUnicodeIME( 1718): onFinishInput
I/AppiumUnicodeIME( 1718): onStartInput
D/AudioTrack( 1534): use orig AudioTrack! mIsTimed=0 transferType=0 flags=4
V/WindowManager( 1534): not Base app: Adding window Window{22fe1cbc u0 com.jieshun.jslife/com.jieshun.jslife.activity.homepage.ShareArroundActivity} at 6 of 9
D/http    ( 2249): 查询我的消息列表 HTTP请求 Url: http://jsh.jslife.com.cn/jslife-service/notice/msg_list 
D/http    ( 2249): 参数：{"areaId":"55981d2f448a42f796c2f20907aa2715","mainType":"BUSINESS_NOTIFY","pageIndex":"1","pageSize":"10","searchTime":"","userId":"eaa2fc61c4784b6ba67ac352b4afc808","bizSource":"APP_ANDROID","bizType":"JSLIFE","token":"e5306930d83c4cfab785a60991a09360"}
E/EGL_adreno( 2249): tid 2312: eglSurfaceAttrib(1266): error 0x3009 (EGL_BAD_MATCH)
W/OpenGLRenderer( 2249): Failed to set EGL_SWAP_BEHAVIOR on surface 0x9b0ba6c0, error=EGL_BAD_MATCH
D/EGL_adreno( 2249): eglMakeCurrent: 0xadd065e0: ver 2 0 (tinfo 0xadc39600)
I/http    ( 2249): 
I/http    ( 2249): 查询我的消息列表 HTTP 返回：{"resultCode":"0","message":"","obj":null,"seqId":"20d15a6930bb4e3886fad32741489700","msgList":null,"right":true}
I/AppiumUnicodeIME( 1718): onFinishInput
I/AppiumUnicodeIME( 1718): onStartInput
D/EGL_adreno( 2249): eglMakeCurrent: 0xadd065e0: ver 2 0 (tinfo 0xadc39600)
D/EGL_adreno( 2249): eglMakeCurrent: 0xadd065e0: ver 2 0 (tinfo 0xadc39600)
I/AppiumUnicodeIME( 1718): onFinishInput
I/AppiumUnicodeIME( 1718): onStartInput
D/AudioTrack( 1534): use orig AudioTrack! mIsTimed=0 transferType=0 flags=4
V/WindowManager( 1534): not Base app: Adding window Window{3256f79a u0 com.jieshun.jslife/com.jieshun.jslife.activity.homepage.ShareArroundActivity} at 6 of 9
D/http    ( 2249): 查询我的消息列表 HTTP请求 Url: http://jsh.jslife.com.cn/jslife-service/notice/msg_list 
D/http    ( 2249): 参数：{"areaId":"55981d2f448a42f796c2f20907aa2715","mainType":"BUSINESS_NOTIFY","pageIndex":"1","pageSize":"10","searchTime":"","userId":"eaa2fc61c4784b6ba67ac352b4afc808","bizSource":"APP_ANDROID","bizType":"JSLIFE","token":"e5306930d83c4cfab785a60991a09360"}
E/EGL_adreno( 2249): tid 2312: eglSurfaceAttrib(1266): error 0x3009 (EGL_BAD_MATCH)
W/OpenGLRenderer( 2249): Failed to set EGL_SWAP_BEHAVIOR on surface 0x9b0baf40, error=EGL_BAD_MATCH
D/EGL_adreno( 2249): eglMakeCurrent: 0xadd065e0: ver 2 0 (tinfo 0xadc39600)
I/http    ( 2249): 
I/http    ( 2249): 查询我的消息列表 HTTP 返回：{"resultCode":"0","message":"","obj":null,"seqId":"5a561f28b2de49ea9419eb0409196cec","msgList":null,"right":true}
I/AppiumUnicodeIME( 1718): onFinishInput
I/AppiumUnicodeIME( 1718): onStartInput
D/EGL_adreno( 2249): eglMakeCurrent: 0xadd065e0: ver 2 0 (tinfo 0xadc39600)
D/EGL_adreno( 2249): eglMakeCurrent: 0xadd065e0: ver 2 0 (tinfo 0xadc39600)
I/AppiumUnicodeIME( 1718): onFinishInput
I/AppiumUnicodeIME( 1718): onStartInput
I/AppiumUnicodeIME( 1718): onKeyDown (keyCode='24', event.keyCode='24', metaState='0')
W/AudioService( 1534): stream was not muted by this client
E/AudioService( 1534): Could not get client death handler for stream: 1
W/AudioService( 1534): stream was not muted by this client
E/AudioService( 1534): Could not get client death handler for stream: 2
W/AudioService( 1534): stream was not muted by this client
E/AudioService( 1534): Could not get client death handler for stream: 5
W/AudioService( 1534): stream was not muted by this client
E/AudioService( 1534): Could not get client death handler for stream: 7
W/AudioService( 1534): stream was not muted by this client
E/AudioService( 1534): Could not get client death handler for stream: 8
I/AppiumUnicodeIME( 1718): onKeyUp (keyCode='24', event.keyCode='24', metaState='0')
E/EGL_adreno( 1657): tid 2004: eglSurfaceAttrib(1266): error 0x3009 (EGL_BAD_MATCH)
W/OpenGLRenderer( 1657): Failed to set EGL_SWAP_BEHAVIOR on surface 0xa0826fa0, error=EGL_BAD_MATCH
D/EGL_adreno( 1657): eglMakeCurrent: 0xb3fff8e0: ver 2 0 (tinfo 0xa300dac0)
D/JTC     ( 2249): near tabl onReceiveLocation
I/System.out( 2249): isFirstLoc：true
D/JSParkingFragment( 2249): mSearch.reverseGeoCode  4444 
I/System.out( 2249): ******jscarlife*********************onReceiveLocation***************逆地理编码******
D/JSParkingFragment( 2249): *************** onGetReverseGeoCodeResult ********************* 
D/JSParkingFragment( 2249):  搜索 百度定位返回的百度转换前： lattitue = 39.92270378285916 ; longitue = 116.41663820901988
D/JSParkingFragment( 2249): ***onGetReverseGeoCodeResult*****省份:北京市
D/JSParkingFragment( 2249): ***onGetReverseGeoCodeResult*****城市:北京市
D/JSParkingFragment( 2249): ***onGetReverseGeoCodeResult*****区域 canton:东城区
D/JSParkingFragment( 2249): ***onGetReverseGeoCodeResult*****简要信息:北京市东城区锡拉胡同6号
D/JSParkingFragment( 2249):  搜索 百度定位返回的 转换为高德后： lattitue = 39.916407589357014 ; longitue = 116.41025599543832
D/com.jieshun.jslife.parklife.JSParkingFragment( 2249): bottomNewState = 0 ; BottomSheetBehavior.STATE_HIDDEN = 5
D/JSParkingFragment( 2249): searchKey = null ; regionAddress = 北京市东城区锡拉胡同6号
D/JSParkingFragment( 2249):  搜索 mCurrentSearchLat = 39.916407589357014 ; mCurrentSearchLon = 116.41025599543832
D/JSParkingFragment( 2249): isFirstLoc --- true ; initData isNetConnect = true ; isVisibleToUser = false
D/EGL_adreno( 1657): eglMakeCurrent: 0xb3fff8e0: ver 2 0 (tinfo 0xa300dac0)
D/AudioTrack( 1534): use orig AudioTrack! mIsTimed=0 transferType=0 flags=4
V/WindowManager( 1534): not Base app: Adding window Window{c9cf366 u0 com.jieshun.jslife/com.jieshun.jslife.activity.homepage.ShareArroundActivity} at 6 of 10
D/http    ( 2249): 查询我的消息列表 HTTP请求 Url: http://jsh.jslife.com.cn/jslife-service/notice/msg_list 
D/http    ( 2249): 参数：{"areaId":"55981d2f448a42f796c2f20907aa2715","mainType":"BUSINESS_NOTIFY","pageIndex":"1","pageSize":"10","searchTime":"","userId":"eaa2fc61c4784b6ba67ac352b4afc808","bizSource":"APP_ANDROID","bizType":"JSLIFE","token":"e5306930d83c4cfab785a60991a09360"}
E/EGL_adreno( 2249): tid 2312: eglSurfaceAttrib(1266): error 0x3009 (EGL_BAD_MATCH)
W/OpenGLRenderer( 2249): Failed to set EGL_SWAP_BEHAVIOR on surface 0x9b0bad80, error=EGL_BAD_MATCH
D/EGL_adreno( 2249): eglMakeCurrent: 0xadd065e0: ver 2 0 (tinfo 0xadc39600)
I/AppiumUnicodeIME( 1718): onFinishInput
I/AppiumUnicodeIME( 1718): onStartInput
I/http    ( 2249): 
I/http    ( 2249): 查询我的消息列表 HTTP 返回：{"resultCode":"0","message":"","obj":null,"seqId":"b7396f4aca22496b8baf81edbbd8fe05","msgList":null,"right":true}
D/EGL_adreno( 2249): eglMakeCurrent: 0xadd065e0: ver 2 0 (tinfo 0xadc39600)
D/EGL_adreno( 2249): eglMakeCurrent: 0xadd065e0: ver 2 0 (tinfo 0xadc39600)
I/AppiumUnicodeIME( 1718): onFinishInput
I/AppiumUnicodeIME( 1718): onStartInput
I/art     ( 2249): Explicit concurrent mark sweep GC freed 192422(7MB) AllocSpace objects, 7(112KB) LOS objects, 36% free, 27MB/43MB, paused 423us total 56.454ms
D/EGL_adreno( 2249): eglMakeCurrent: 0xadd065e0: ver 2 0 (tinfo 0xadc39600)
D/EGL_adreno( 2249): eglMakeCurrent: 0xadd065e0: ver 2 0 (tinfo 0xadc39600)
D/EGL_adreno( 2249): eglMakeCurrent: 0xadd065e0: ver 2 0 (tinfo 0xadc39600)
D/EGL_adreno( 2249): eglMakeCurrent: 0xadd065e0: ver 2 0 (tinfo 0xadc39600)
D/EGL_adreno( 2249): eglMakeCurrent: 0xadd065e0: ver 2 0 (tinfo 0xadc39600)
D/EGL_adreno( 2249): eglMakeCurrent: 0xadd065e0: ver 2 0 (tinfo 0xadc39600)
I/art     ( 2249): Explicit concurrent mark sweep GC freed 4565(205KB) AllocSpace objects, 0(0B) LOS objects, 36% free, 27MB/43MB, paused 599us total 41.356ms
I/ActivityManager( 1534): START u0 {act=android.intent.action.MAIN cat=[android.intent.category.LAUNCHER] flg=0x10200000 cmp=com.jieshun.jslife/.activity.common.WelcomeActivity} from uid 0 on display 0
I/art     ( 2249): Explicit concurrent mark sweep GC freed 1381(50KB) AllocSpace objects, 0(0B) LOS objects, 36% free, 27MB/43MB, paused 1.297ms total 40.689ms
I/art     ( 2249): Explicit concurrent mark sweep GC freed 1004(36KB) AllocSpace objects, 0(0B) LOS objects, 36% free, 27MB/43MB, paused 341us total 28.383ms
I/art     ( 2249): Explicit concurrent mark sweep GC freed 1043(37KB) AllocSpace objects, 0(0B) LOS objects, 36% free, 27MB/43MB, paused 406us total 29.374ms
D/PhoneStatusBar( 1657): disable: < expand ICONS* alerts SYSTEM_INFO* back home recent clock search >
E/EGL_adreno( 1657): tid 2004: eglSurfaceAttrib(1266): error 0x3009 (EGL_BAD_MATCH)
W/OpenGLRenderer( 1657): Failed to set EGL_SWAP_BEHAVIOR on surface 0xa314e760, error=EGL_BAD_MATCH
D/EGL_adreno( 1657): eglMakeCurrent: 0xb3fff8e0: ver 2 0 (tinfo 0xa300dac0)
E/ActivityManager( 1534): denglibo handle startActivityAsUser Intent { act=android.intent.action.CALL_BUTTON flg=0x10000000 } error!!!
E/ActivityManager( 1534): java.lang.NullPointerException: Attempt to invoke virtual method 'java.lang.String android.content.ComponentName.getPackageName()' on a null object reference
E/ActivityManager( 1534): 	at com.android.server.am.ActivityManagerService.startActivityAsUser(ActivityManagerService.java:3386)
E/ActivityManager( 1534): 	at com.android.server.am.ActivityManagerService.startActivity(ActivityManagerService.java:3361)
E/ActivityManager( 1534): 	at android.app.ActivityManagerNative.onTransact(ActivityManagerNative.java:139)
E/ActivityManager( 1534): 	at com.android.server.am.ActivityManagerService.onTransact(ActivityManagerService.java:2213)
E/ActivityManager( 1534): 	at android.os.Binder.execTransact(Binder.java:446)
I/ActivityManager( 1534): START u0 {act=android.intent.action.CALL_BUTTON flg=0x10000000} from uid 10007 on display 0
W/PhoneFallbackEventHandler( 1657): No activity found for android.intent.action.CALL_BUTTON.
D/PhoneStatusBar( 1657): disable: < expand icons* alerts system_info* back home recent clock search >
D/EGL_adreno( 1657): eglMakeCurrent: 0xb3fff8e0: ver 2 0 (tinfo 0xa300dac0)
E/EGL_adreno( 1657): tid 2004: eglSurfaceAttrib(1266): error 0x3009 (EGL_BAD_MATCH)
W/OpenGLRenderer( 1657): Failed to set EGL_SWAP_BEHAVIOR on surface 0xa314e760, error=EGL_BAD_MATCH
D/EGL_adreno( 1657): eglMakeCurrent: 0xb3fff8e0: ver 2 0 (tinfo 0xa300dac0)
W/InputMethodManagerService( 1534): Window already focused, ignoring focus gain of: com.android.internal.view.IInputMethodClient$Stub$Proxy@17e0e6a7 attribute=null, token = android.os.BinderProxy@66a2de6
E/WifiStateMachine( 1534): WifiStateMachine CMD_START_SCAN source -2 txSuccessRate=-0.00 rxSuccessRate=-0.00 targetRoamBSSID=00:81:ba:06:db:c6 RSSI=-45
D/AudioTrack( 1534): use orig AudioTrack! mIsTimed=0 transferType=0 flags=4
V/WindowManager( 1534): not Base app: Adding window Window{2d8926fd u0 com.jieshun.jslife/com.jieshun.jslife.activity.homepage.ShareArroundActivity} at 6 of 9
D/http    ( 2249): 查询我的消息列表 HTTP请求 Url: http://jsh.jslife.com.cn/jslife-service/notice/msg_list 
D/http    ( 2249): 参数：{"areaId":"55981d2f448a42f796c2f20907aa2715","mainType":"BUSINESS_NOTIFY","pageIndex":"1","pageSize":"10","searchTime":"","userId":"eaa2fc61c4784b6ba67ac352b4afc808","bizSource":"APP_ANDROID","bizType":"JSLIFE","token":"e5306930d83c4cfab785a60991a09360"}
E/EGL_adreno( 2249): tid 2312: eglSurfaceAttrib(1266): error 0x3009 (EGL_BAD_MATCH)
W/OpenGLRenderer( 2249): Failed to set EGL_SWAP_BEHAVIOR on surface 0x9b0b8d80, error=EGL_BAD_MATCH
D/EGL_adreno( 2249): eglMakeCurrent: 0xadd065e0: ver 2 0 (tinfo 0xadc39600)
I/http    ( 2249): 
I/http    ( 2249): 查询我的消息列表 HTTP 返回：{"resultCode":"0","message":"","obj":null,"seqId":"c4bc96293a00436099c81dfad8bc01e8","msgList":null,"right":true}
I/AppiumUnicodeIME( 1718): onFinishInput
I/AppiumUnicodeIME( 1718): onStartInput
D/EGL_adreno( 2249): eglMakeCurrent: 0xadd065e0: ver 2 0 (tinfo 0xadc39600)
D/EGL_adreno( 2249): eglMakeCurrent: 0xadd065e0: ver 2 0 (tinfo 0xadc39600)
I/AppiumUnicodeIME( 1718): onFinishInput
I/AppiumUnicodeIME( 1718): onStartInput
I/ActivityManager( 1534): START u0 {act=android.intent.action.MAIN cat=[android.intent.category.LAUNCHER] flg=0x10200000 cmp=com.jieshun.jslife/.activity.common.WelcomeActivity} from uid 0 on display 0
D/AudioTrack( 1534): use orig AudioTrack! mIsTimed=0 transferType=0 flags=4
V/WindowManager( 1534): not Base app: Adding window Window{28ab4643 u0 com.jieshun.jslife/com.jieshun.jslife.activity.homepage.ShareArroundActivity} at 6 of 9
D/http    ( 2249): 查询我的消息列表 HTTP请求 Url: http://jsh.jslife.com.cn/jslife-service/notice/msg_list 
D/http    ( 2249): 参数：{"areaId":"55981d2f448a42f796c2f20907aa2715","mainType":"BUSINESS_NOTIFY","pageIndex":"1","pageSize":"10","searchTime":"","userId":"eaa2fc61c4784b6ba67ac352b4afc808","bizSource":"APP_ANDROID","bizType":"JSLIFE","token":"e5306930d83c4cfab785a60991a09360"}
E/EGL_adreno( 2249): tid 2312: eglSurfaceAttrib(1266): error 0x3009 (EGL_BAD_MATCH)
W/OpenGLRenderer( 2249): Failed to set EGL_SWAP_BEHAVIOR on surface 0x9b0b7e20, error=EGL_BAD_MATCH
D/EGL_adreno( 2249): eglMakeCurrent: 0xadd065e0: ver 2 0 (tinfo 0xadc39600)
I/http    ( 2249): 
I/http    ( 2249): 查询我的消息列表 HTTP 返回：{"resultCode":"0","message":"","obj":null,"seqId":"21004389cbc041dcb7d55277363e51f7","msgList":null,"right":true}
I/AppiumUnicodeIME( 1718): onFinishInput
I/AppiumUnicodeIME( 1718): onStartInput
D/EGL_adreno( 2249): eglMakeCurrent: 0xadd065e0: ver 2 0 (tinfo 0xadc39600)
D/EGL_adreno( 2249): eglMakeCurrent: 0xadd065e0: ver 2 0 (tinfo 0xadc39600)
I/AppiumUnicodeIME( 1718): onFinishInput
I/AppiumUnicodeIME( 1718): onStartInput
D/AudioTrack( 1534): use orig AudioTrack! mIsTimed=0 transferType=0 flags=4
V/WindowManager( 1534): not Base app: Adding window Window{6c635f9 u0 com.jieshun.jslife/com.jieshun.jslife.activity.homepage.ShareArroundActivity} at 6 of 9
D/http    ( 2249): 查询我的消息列表 HTTP请求 Url: http://jsh.jslife.com.cn/jslife-service/notice/msg_list 
D/http    ( 2249): 参数：{"areaId":"55981d2f448a42f796c2f20907aa2715","mainType":"BUSINESS_NOTIFY","pageIndex":"1","pageSize":"10","searchTime":"","userId":"eaa2fc61c4784b6ba67ac352b4afc808","bizSource":"APP_ANDROID","bizType":"JSLIFE","token":"e5306930d83c4cfab785a60991a09360"}
E/EGL_adreno( 2249): tid 2312: eglSurfaceAttrib(1266): error 0x3009 (EGL_BAD_MATCH)
W/OpenGLRenderer( 2249): Failed to set EGL_SWAP_BEHAVIOR on surface 0x9b0ba6c0, error=EGL_BAD_MATCH
D/EGL_adreno( 2249): eglMakeCurrent: 0xadd065e0: ver 2 0 (tinfo 0xadc39600)
I/AppiumUnicodeIME( 1718): onFinishInput
I/AppiumUnicodeIME( 1718): onStartInput
I/http    ( 2249): 
I/http    ( 2249): 查询我的消息列表 HTTP 返回：{"resultCode":"0","message":"","obj":null,"seqId":"ece5f97958e54f4ab5246393b1c16598","msgList":null,"right":true}
D/EGL_adreno( 2249): eglMakeCurrent: 0xadd065e0: ver 2 0 (tinfo 0xadc39600)
D/EGL_adreno( 2249): eglMakeCurrent: 0xadd065e0: ver 2 0 (tinfo 0xadc39600)
I/AppiumUnicodeIME( 1718): onFinishInput
I/AppiumUnicodeIME( 1718): onStartInput
D/PhoneStatusBar( 1657): disable: < expand ICONS* alerts SYSTEM_INFO* back home recent clock search >
E/EGL_adreno( 1657): tid 2004: eglSurfaceAttrib(1266): error 0x3009 (EGL_BAD_MATCH)
W/OpenGLRenderer( 1657): Failed to set EGL_SWAP_BEHAVIOR on surface 0xa314e760, error=EGL_BAD_MATCH
D/EGL_adreno( 1657): eglMakeCurrent: 0xb3fff8e0: ver 2 0 (tinfo 0xa300dac0)
D/PhoneStatusBar( 1657): disable: < expand icons* alerts system_info* back home recent clock search >
D/EGL_adreno( 1657): eglMakeCurrent: 0xb3fff8e0: ver 2 0 (tinfo 0xa300dac0)
E/EGL_adreno( 1657): tid 2004: eglSurfaceAttrib(1266): error 0x3009 (EGL_BAD_MATCH)
W/OpenGLRenderer( 1657): Failed to set EGL_SWAP_BEHAVIOR on surface 0xa314e760, error=EGL_BAD_MATCH
D/EGL_adreno( 1657): eglMakeCurrent: 0xb3fff8e0: ver 2 0 (tinfo 0xa300dac0)
W/InputMethodManagerService( 1534): Window already focused, ignoring focus gain of: com.android.internal.view.IInputMethodClient$Stub$Proxy@3e6d093e attribute=null, token = android.os.BinderProxy@66a2de6
D/AudioTrack( 1534): use orig AudioTrack! mIsTimed=0 transferType=0 flags=4
V/WindowManager( 1534): not Base app: Adding window Window{1b602cec u0 com.jieshun.jslife/com.jieshun.jslife.activity.homepage.ShareArroundActivity} at 6 of 9
D/http    ( 2249): 查询我的消息列表 HTTP请求 Url: http://jsh.jslife.com.cn/jslife-service/notice/msg_list 
D/http    ( 2249): 参数：{"areaId":"55981d2f448a42f796c2f20907aa2715","mainType":"BUSINESS_NOTIFY","pageIndex":"1","pageSize":"10","searchTime":"","userId":"eaa2fc61c4784b6ba67ac352b4afc808","bizSource":"APP_ANDROID","bizType":"JSLIFE","token":"e5306930d83c4cfab785a60991a09360"}
E/EGL_adreno( 2249): tid 2312: eglSurfaceAttrib(1266): error 0x3009 (EGL_BAD_MATCH)
W/OpenGLRenderer( 2249): Failed to set EGL_SWAP_BEHAVIOR on surface 0x9b0b9e60, error=EGL_BAD_MATCH
D/EGL_adreno( 2249): eglMakeCurrent: 0xadd065e0: ver 2 0 (tinfo 0xadc39600)
I/http    ( 2249): 
I/http    ( 2249): 查询我的消息列表 HTTP 返回：{"resultCode":"0","message":"","obj":null,"seqId":"7b1efe35b0bb49fe8ea3f560fcfe25a7","msgList":null,"right":true}
I/AppiumUnicodeIME( 1718): onFinishInput
I/AppiumUnicodeIME( 1718): onStartInput
D/EGL_adreno( 2249): eglMakeCurrent: 0xadd065e0: ver 2 0 (tinfo 0xadc39600)
I/AppiumUnicodeIME( 1718): onFinishInput
I/AppiumUnicodeIME( 1718): onStartInput
D/EGL_adreno( 2249): eglMakeCurrent: 0xadd065e0: ver 2 0 (tinfo 0xadc39600)
D/AudioTrack( 1534): use orig AudioTrack! mIsTimed=0 transferType=0 flags=4
V/WindowManager( 1534): not Base app: Adding window Window{2eac7b4a u0 com.jieshun.jslife/com.jieshun.jslife.activity.homepage.ShareArroundActivity} at 6 of 9
D/http    ( 2249): 查询我的消息列表 HTTP请求 Url: http://jsh.jslife.com.cn/jslife-service/notice/msg_list 
D/http    ( 2249): 参数：{"areaId":"55981d2f448a42f796c2f20907aa2715","mainType":"BUSINESS_NOTIFY","pageIndex":"1","pageSize":"10","searchTime":"","userId":"eaa2fc61c4784b6ba67ac352b4afc808","bizSource":"APP_ANDROID","bizType":"JSLIFE","token":"e5306930d83c4cfab785a60991a09360"}
E/EGL_adreno( 2249): tid 2312: eglSurfaceAttrib(1266): error 0x3009 (EGL_BAD_MATCH)
W/OpenGLRenderer( 2249): Failed to set EGL_SWAP_BEHAVIOR on surface 0x9b0ba640, error=EGL_BAD_MATCH
D/EGL_adreno( 2249): eglMakeCurrent: 0xadd065e0: ver 2 0 (tinfo 0xadc39600)
I/AppiumUnicodeIME( 1718): onFinishInput
I/AppiumUnicodeIME( 1718): onStartInput
I/http    ( 2249): 
I/http    ( 2249): 查询我的消息列表 HTTP 返回：{"resultCode":"0","message":"","obj":null,"seqId":"13fb8157a0d44e0d9f2a64be4fef0f3a","msgList":null,"right":true}
D/EGL_adreno( 2249): eglMakeCurrent: 0xadd065e0: ver 2 0 (tinfo 0xadc39600)
D/EGL_adreno( 2249): eglMakeCurrent: 0xadd065e0: ver 2 0 (tinfo 0xadc39600)
I/AppiumUnicodeIME( 1718): onFinishInput
I/AppiumUnicodeIME( 1718): onStartInput
E/AudioTrack( 1534): did not receive expected priority boost on time
I/AppiumUnicodeIME( 1718): onKeyDown (keyCode='25', event.keyCode='25', metaState='0')
W/AudioService( 1534): stream was not muted by this client
E/AudioService( 1534): Could not get client death handler for stream: 1
W/AudioService( 1534): stream was not muted by this client
E/AudioService( 1534): Could not get client death handler for stream: 2
W/AudioService( 1534): stream was not muted by this client
E/AudioService( 1534): Could not get client death handler for stream: 5
W/AudioService( 1534): stream was not muted by this client
E/AudioService( 1534): Could not get client death handler for stream: 7
W/AudioService( 1534): stream was not muted by this client
E/AudioService( 1534): Could not get client death handler for stream: 8
I/AppiumUnicodeIME( 1718): onKeyUp (keyCode='25', event.keyCode='25', metaState='0')
E/EGL_adreno( 1657): tid 2004: eglSurfaceAttrib(1266): error 0x3009 (EGL_BAD_MATCH)
W/OpenGLRenderer( 1657): Failed to set EGL_SWAP_BEHAVIOR on surface 0xa081e7e0, error=EGL_BAD_MATCH
D/EGL_adreno( 1657): eglMakeCurrent: 0xb3fff8e0: ver 2 0 (tinfo 0xa300dac0)
E/AudioTrack( 1534): did not receive expected priority boost on time
D/EGL_adreno( 1657): eglMakeCurrent: 0xb3fff8e0: ver 2 0 (tinfo 0xa300dac0)
D/AudioTrack( 1534): use orig AudioTrack! mIsTimed=0 transferType=0 flags=4
V/WindowManager( 1534): not Base app: Adding window Window{30bf0216 u0 com.jieshun.jslife/com.jieshun.jslife.activity.homepage.ShareArroundActivity} at 6 of 10
D/http    ( 2249): 查询我的消息列表 HTTP请求 Url: http://jsh.jslife.com.cn/jslife-service/notice/msg_list 
D/http    ( 2249): 参数：{"areaId":"55981d2f448a42f796c2f20907aa2715","mainType":"BUSINESS_NOTIFY","pageIndex":"1","pageSize":"10","searchTime":"","userId":"eaa2fc61c4784b6ba67ac352b4afc808","bizSource":"APP_ANDROID","bizType":"JSLIFE","token":"e5306930d83c4cfab785a60991a09360"}
E/EGL_adreno( 2249): tid 2312: eglSurfaceAttrib(1266): error 0x3009 (EGL_BAD_MATCH)
W/OpenGLRenderer( 2249): Failed to set EGL_SWAP_BEHAVIOR on surface 0x9b0bebc0, error=EGL_BAD_MATCH
D/EGL_adreno( 2249): eglMakeCurrent: 0xadd065e0: ver 2 0 (tinfo 0xadc39600)
I/AppiumUnicodeIME( 1718): onFinishInput
I/AppiumUnicodeIME( 1718): onStartInput
I/http    ( 2249): 
I/http    ( 2249): 查询我的消息列表 HTTP 返回：{"resultCode":"0","message":"","obj":null,"seqId":"6f3b9bd1aeeb4b9180c3b4e0639b040f","msgList":null,"right":true}
D/EGL_adreno( 2249): eglMakeCurrent: 0xadd065e0: ver 2 0 (tinfo 0xadc39600)
D/EGL_adreno( 2249): eglMakeCurrent: 0xadd065e0: ver 2 0 (tinfo 0xadc39600)
I/AppiumUnicodeIME( 1718): onFinishInput
I/AppiumUnicodeIME( 1718): onStartInput
D/AudioTrack( 1534): use orig AudioTrack! mIsTimed=0 transferType=0 flags=4
V/WindowManager( 1534): not Base app: Adding window Window{37612d84 u0 com.jieshun.jslife/com.jieshun.jslife.activity.homepage.ShareArroundActivity} at 6 of 9
D/http    ( 2249): 查询我的消息列表 HTTP请求 Url: http://jsh.jslife.com.cn/jslife-service/notice/msg_list 
D/http    ( 2249): 参数：{"areaId":"55981d2f448a42f796c2f20907aa2715","mainType":"BUSINESS_NOTIFY","pageIndex":"1","pageSize":"10","searchTime":"","userId":"eaa2fc61c4784b6ba67ac352b4afc808","bizSource":"APP_ANDROID","bizType":"JSLIFE","token":"e5306930d83c4cfab785a60991a09360"}
E/EGL_adreno( 2249): tid 2312: eglSurfaceAttrib(1266): error 0x3009 (EGL_BAD_MATCH)
W/OpenGLRenderer( 2249): Failed to set EGL_SWAP_BEHAVIOR on surface 0x9b46ea20, error=EGL_BAD_MATCH
D/EGL_adreno( 2249): eglMakeCurrent: 0xadd065e0: ver 2 0 (tinfo 0xadc39600)
I/AppiumUnicodeIME( 1718): onFinishInput
I/http    ( 2249): 
I/http    ( 2249): 查询我的消息列表 HTTP 返回：{"resultCode":"0","message":"","obj":null,"seqId":"3c881d1f26a54615a052dc3f8c7bccda","msgList":null,"right":true}
I/AppiumUnicodeIME( 1718): onStartInput
