V/libnb   ( 2152): enter native_bridge2_getTrampoline Java_com_baidu_platform_comjni_map_basemap_JNIBaseMap_SetMapStatus, trampoline_addr 0x0
V/libnb   ( 2152): enter native_bridge2_getTrampoline Java_com_baidu_platform_comjni_map_basemap_JNIBaseMap_SetMapStatus__JLandroid_os_Bundle_2, trampoline_addr 0x0
V/libnb   ( 2152): enter native_bridge2_getTrampoline Java_com_baidu_platform_comjni_map_basemap_JNIBaseMap_SetMapStatus, trampoline_addr 0xb247cb9c
V/libnb   ( 2152): enter native_bridge2_getTrampoline Java_com_baidu_platform_comjni_map_basemap_JNIBaseMap_SetMapControlMode, trampoline_addr 0x0
V/libnb   ( 2152): enter native_bridge2_getTrampoline Java_com_baidu_platform_comjni_map_basemap_JNIBaseMap_SetMapControlMode__JI, trampoline_addr 0x0
V/libnb   ( 2152): enter native_bridge2_getTrampoline Java_com_baidu_platform_comjni_map_basemap_JNIBaseMap_SetMapControlMode, trampoline_addr 0xb247cb64
V/libnb   ( 2152): enter native_bridge2_getTrampoline Java_com_baidu_platform_comjni_map_basemap_JNIBaseMap_ShowLayers, trampoline_addr 0x0
V/libnb   ( 2152): enter native_bridge2_getTrampoline Java_com_baidu_platform_comjni_map_basemap_JNIBaseMap_ShowLayers__JJZ, trampoline_addr 0x0
V/libnb   ( 2152): enter native_bridge2_getTrampoline Java_com_baidu_platform_comjni_map_basemap_JNIBaseMap_ShowLayers, trampoline_addr 0xb247cb2c
V/libnb   ( 2152): enter native_bridge2_getTrampoline Java_com_baidu_platform_comjni_map_basemap_JNIBaseMap_LayersIsShow, trampoline_addr 0x0
V/libnb   ( 2152): enter native_bridge2_getTrampoline Java_com_baidu_platform_comjni_map_basemap_JNIBaseMap_LayersIsShow__JJ, trampoline_addr 0x0
V/libnb   ( 2152): enter native_bridge2_getTrampoline Java_com_baidu_platform_comjni_map_basemap_JNIBaseMap_LayersIsShow, trampoline_addr 0xb247caf4
V/libnb   ( 2152): enter native_bridge2_getTrampoline Java_com_baidu_platform_comjni_map_basemap_JNIBaseMap_ShowSatelliteMap, trampoline_addr 0x0
V/libnb   ( 2152): enter native_bridge2_getTrampoline Java_com_baidu_platform_comjni_map_basemap_JNIBaseMap_ShowSatelliteMap__JZ, trampoline_addr 0x0
V/libnb   ( 2152): enter native_bridge2_getTrampoline Java_com_baidu_platform_comjni_map_basemap_JNIBaseMap_ShowSatelliteMap, trampoline_addr 0xb247cabc
V/libnb   ( 2152): enter native_bridge2_getTrampoline Java_com_baidu_platform_comjni_map_basemap_JNIBaseMap_ClearLayer, trampoline_addr 0x0
V/libnb   ( 2152): enter native_bridge2_getTrampoline Java_com_baidu_platform_comjni_map_basemap_JNIBaseMap_ClearLayer__JJ, trampoline_addr 0x0
V/libnb   ( 2152): enter native_bridge2_getTrampoline Java_com_baidu_platform_comjni_map_basemap_JNIBaseMap_ClearLayer, trampoline_addr 0xb247ca84
V/libnb   ( 2152): enter native_bridge2_getTrampoline Java_com_baidu_platform_comjni_map_basemap_JNIBaseMap_IsBaseIndoorMapMode, trampoline_addr 0x0
V/libnb   ( 2152): enter native_bridge2_getTrampoline Java_com_baidu_platform_comjni_map_basemap_JNIBaseMap_IsBaseIndoorMapMode__J, trampoline_addr 0x0
V/libnb   ( 2152): enter native_bridge2_getTrampoline Java_com_baidu_platform_comjni_map_basemap_JNIBaseMap_IsBaseIndoorMapMode, trampoline_addr 0xb247ca4c
D/JSParkingFragment( 2152):  initData isNetConnect = true
D/sensor_ld( 1538): cb_setDelay handle=0 delay-ns=20000000
D/sensor_ld( 1538): cb_setDelay handle=0 delay-ns=20000000
D/sensor_ld( 1538): cb_activate handle=6 enabled=1
D/sensor_ld( 1538): cb_setDelay handle=6 delay-ns=5000000
W/FragmentManager( 2152): moveToState: Fragment state for JSParkingFragment{3d34080b #2 id=0x7f1002e7 android:switcher:2131755751:1} not updated inline; expected state 3 found 2
D/SMACK   ( 2152): 05:41:18 下午 RCV  (337300176): <presence id="825N9-18" type="unavailable" from="13632836691@openfire-cloud/A1b117b2fb" to="13632836691@openfire-cloud/A1b852863a"><c xmlns="http://jabber.org/protocol/caps" hash="sha-1" node="http://www.igniterealtime.org/projects/smack/" ver="+fIuUdRHwf5kx3DPPD8JEPN1yuE="/></presence>
I/UserState( 2152): myJid = 13632836691@openfire-cloud/A1b852863a receive jid=13632836691@openfire-cloud/A1b117b2fb  state=OFFLINE
W/Resources( 2152): Converting to float: TypedValue{t=0x3/d=0xd "1f" a=-1}
W/Resources( 2152): Converting to float: TypedValue{t=0x3/d=0xe "0.5f" a=-1}
W/Resources( 2152): Converting to float: TypedValue{t=0x3/d=0xd "1f" a=-1}
W/Resources( 2152): Converting to float: TypedValue{t=0x3/d=0xe "0.5f" a=-1}
W/Resources( 2152): Converting to float: TypedValue{t=0x3/d=0xd "0.5f" a=-1}
W/Resources( 2152): Converting to float: TypedValue{t=0x3/d=0xe "1.0f" a=-1}
W/Resources( 2152): Converting to float: TypedValue{t=0x3/d=0xd "0.5f" a=-1}
W/Resources( 2152): Converting to float: TypedValue{t=0x3/d=0xe "1.0f" a=-1}
W/Resources( 2152): Converting to float: TypedValue{t=0x3/d=0xb "1f" a=-1}
W/Resources( 2152): Converting to float: TypedValue{t=0x3/d=0xb "1f" a=-1}
W/Resources( 2152): Converting to float: TypedValue{t=0x3/d=0xb "1f" a=-1}
W/Resources( 2152): Converting to float: TypedValue{t=0x3/d=0xb "1f" a=-1}
W/FragmentManager( 2152): moveToState: Fragment state for OpenDoorMainFragment{22dacf39 #3 id=0x7f1002e7 android:switcher:2131755751:2} not updated inline; expected state 3 found 2
I/CallbackListener( 2152): 请求队列xmppQueQue=========1
I/CallbackListener( 2152): requestMap add  activity = MiniCommunityFragment{3de3f669 #4 id=0x7f1002e7 android:switcher:2131755751:3}  serviceId = ac.msg.queryunreadmsgcount
W/FragmentManager( 2152): moveToState: Fragment state for MiniCommunityFragment{3de3f669 #4 id=0x7f1002e7 android:switcher:2131755751:3} not updated inline; expected state 3 found 2
D/XMPP    ( 2152):  JSJK requestjsjk_biz_member_balance_qry json : {"appId":"1645285811190497301","sign":"b1e7b2764b49df5ca9e2cd2b23514bce","systemType":"02","userId":"eaa2fc61c4784b6ba67ac352b4afc808"}
D/XMPP    ( 2152):  JSJK URLjsjk_biz_member_balance_qry URL : http://hdwg.jieshunpay.cn:8120/jst-gateway/member/balanceMoney
V/libnb   ( 2152): enter native_bridge2_getTrampoline Java_com_baidu_platform_comjni_map_basemap_JNIBaseMap_ResetImageRes, trampoline_addr 0x0
V/libnb   ( 2152): enter native_bridge2_getTrampoline Java_com_baidu_platform_comjni_map_basemap_JNIBaseMap_ResetImageRes__J, trampoline_addr 0x0
V/libnb   ( 2152): enter native_bridge2_getTrampoline Java_com_baidu_platform_comjni_map_basemap_JNIBaseMap_ResetImageRes, trampoline_addr 0xb247ca14
V/libnb   ( 2152): enter native_bridge2_getTrampoline Java_com_baidu_platform_comjni_map_basemap_JNIBaseMap_PostStatInfo, trampoline_addr 0x0
V/libnb   ( 2152): enter native_bridge2_getTrampoline Java_com_baidu_platform_comjni_map_basemap_JNIBaseMap_PostStatInfo__J, trampoline_addr 0x0
V/libnb   ( 2152): enter native_bridge2_getTrampoline Java_com_baidu_platform_comjni_map_basemap_JNIBaseMap_PostStatInfo, trampoline_addr 0xb247c9dc
D/SMACK   ( 2152): 05:41:18 下午 SENT (337300176): <iq id="jdjym5_1" to="formal_cloud_jsh@openfire-cloud/master" type="get"><dreq xmlns="xmpp:iq:shunt"><cnt>{&quot;attributes&quot;:{&quot;AREA_ID&quot;:&quot;55981d2f448a42f796c2f20907aa2715&quot;,&quot;USER_ID&quot;:&quot;eaa2fc61c4784b6ba67ac352b4afc808&quot;},&quot;dataItems&quot;:[],&quot;requestType&quot;:&quot;DIRECTIVE&quot;,&quot;seqId&quot;:&quot;jdjym5_1&quot;,&quot;serviceId&quot;:&quot;ac.msg.queryunreadmsgcount&quot;}</cnt><crc>-1466078174</crc><mode>ASYNC</mode><type>DIRECTIVE</type></dreq></iq>
D/XMPP    ( 2152): XMPP请求------> ac.msg.queryunreadmsgcount ---> 消息内容: {"attributes":{"AREA_ID":"55981d2f448a42f796c2f20907aa2715","USER_ID":"eaa2fc61c4784b6ba67ac352b4afc808"},"dataItems":[],"requestType":"DIRECTIVE","seqId":"jdjym5_1","serviceId":"ac.msg.queryunreadmsgcount"}
D/SMACK   ( 2152): 05:41:18 下午 RCV  (337300176): <iq id="jdjym5_1" to="13632836691@openfire-cloud/A1b852863a" from="formal_cloud_jsh@openfire-cloud/master" type="result"><dres xmlns="xmpp:iq:shunt"><cnt>{"attributes":{"TOTAL_UNREAD_COUNT":5,"NOTIFY_UNREAD_COUNT":5,"BUSINESS_UNREAD_COUNT":0,"MANAGER_UNREAD_COUNT":0},"dataItems":[],"resultCode":0,"seqId":"jdjym5_1","serviceId":"ac.msg.queryunreadmsgcount"}</cnt><crc>821282194</crc><rc>0</rc><sync>false</sync></dres></iq>
I/CallbackListener( 2152): requestMap  remove  serviceId = ac.msg.queryunreadmsgcount in = MiniCommunityFragment{3de3f669 #4 id=0x7f1002e7 android:switcher:2131755751:3}
D/XMPP    ( 2152): 接收到云平台返回数据: {"attributes":{"BUSINESS_UNREAD_COUNT":0,"MANAGER_UNREAD_COUNT":0,"NOTIFY_UNREAD_COUNT":5,"TOTAL_UNREAD_COUNT":5},"dataItems":[],"resultCode":0,"seqId":"jdjym5_1","serviceId":"ac.msg.queryunreadmsgcount"}
E/EGL_adreno( 2152): tid 2223: eglSurfaceAttrib(1266): error 0x3009 (EGL_BAD_MATCH)
W/OpenGLRenderer( 2152): Failed to set EGL_SWAP_BEHAVIOR on surface 0x9e5d8540, error=EGL_BAD_MATCH
D/EGL_adreno( 2152): eglMakeCurrent: 0xb3eded00: ver 2 0 (tinfo 0xa2ce3130)
D/SMACK   ( 2152): 05:41:18 下午 RCV  (337300176): <presence id="825N9-22" from="13632836691@openfire-cloud/A1b117b2fb" to="13632836691@openfire-cloud/A1b852863a"><c xmlns="http://jabber.org/protocol/caps" hash="sha-1" node="http://www.igniterealtime.org/projects/smack/" ver="7lnSSYLFNPR++Qc5cZmId14cl4U="/></presence><presence id="825N9-23" from="13632836691@openfire-cloud/A1b117b2fb" to="13632836691@openfire-cloud/A1b852863a"><c xmlns="http://jabber.org/protocol/caps" hash="sha-1" node="http://www.igniterealtime.org/projects/smack/" ver="30o3W0G3RxzdAvCCb8fB1Jc5dy0="/></presence><presence id="825N9-24" from="13632836691@openfire-cloud/A1b117b2fb" to="13632836691@openfire-cloud/A1b852863a"><c xmlns="http://jabber.org/protocol/caps" hash="sha-1" node="http://www.igniterealtime.org/projects/smack/" ver="LXzMKGdgC6np5NqNvUDZmGNt7R8="/></presence><presence id="825N9-25" from="13632836691@openfire-cloud/A1b117b2fb" to="13632836691@openfire-cloud/A1b852863a"><c xmlns="http://jabber.org/protocol/caps" hash="sha-1" node="http://www.igniterealtime.org/projects/smack/" ver="+fIuUdRHwf5kx3DPPD8JEPN1yuE="/></presence>
I/UserState( 2152): myJid = 13632836691@openfire-cloud/A1b852863a receive jid=13632836691@openfire-cloud/A1b117b2fb  state=ONLINE
I/UserState( 2152): myJid = 13632836691@openfire-cloud/A1b852863a receive jid=13632836691@openfire-cloud/A1b117b2fb  state=ONLINE
I/UserState( 2152): myJid = 13632836691@openfire-cloud/A1b852863a receive jid=13632836691@openfire-cloud/A1b117b2fb  state=ONLINE
I/UserState( 2152): myJid = 13632836691@openfire-cloud/A1b852863a receive jid=13632836691@openfire-cloud/A1b117b2fb  state=ONLINE
E/RecyclerView( 2152): No adapter attached; skipping layout
V/WindowManager( 1538): Adding window Window{8a0913e u0 SurfaceView} at 3 of 8 (before Window{1ecc78af u0 com.jieshun.jslife/com.jieshun.jslife.activity.common.MainFragmentActivity})
I/HostConnection( 2152): HostConnection::HostConnection: pid=2152, tid=2316, this=0x9b5a5650
I/        ( 2152): fastpipe: Connect success
D/HostConnection( 2152): HostRPC::connect sucess: app=com.jieshun.jslife, pid=2152, tid=2316, this=0x9e138000
D/HostConnection( 2152): queryAndSetGLESMaxVersion select gles-version: 2.0 hostGLVersion:31 process:com.jieshun.jslife
I/EGL_adreno( 2152): eglCreateContext request GLES major-version=2
V/libnb   ( 2152): enter native_bridge2_getTrampoline Java_com_baidu_platform_comjni_map_basemap_JNIBaseMap_GetMapStatus, trampoline_addr 0x0
V/libnb   ( 2152): enter native_bridge2_getTrampoline Java_com_baidu_platform_comjni_map_basemap_JNIBaseMap_GetMapStatus__J, trampoline_addr 0x0
V/libnb   ( 2152): enter native_bridge2_getTrampoline Java_com_baidu_platform_comjni_map_basemap_JNIBaseMap_GetMapStatus, trampoline_addr 0xb247c9a4
D/EGL_adreno( 2152): eglCreateContext: 0x9b5fe5e0: maj 2 min 0 rcv 2
W/ViewRootImpl( 2152): Cancelling event due to no window focus: KeyEvent { action=ACTION_UP, keyCode=KEYCODE_CALL, scanCode=0, metaState=0, flags=0x28, repeatCount=0, eventTime=424892, downTime=424892, deviceId=-1, source=0x101 }
W/ViewRootImpl( 2152): Cancelling event due to no window focus: KeyEvent { action=ACTION_UP, keyCode=KEYCODE_CALL, scanCode=0, metaState=0, flags=0x28, repeatCount=0, eventTime=424892, downTime=424892, deviceId=-1, source=0x101 }
W/ViewRootImpl( 2152): Cancelling event due to no window focus: KeyEvent { action=ACTION_UP, keyCode=KEYCODE_CALL, scanCode=0, metaState=0, flags=0x28, repeatCount=0, eventTime=424892, downTime=424892, deviceId=-1, source=0x101 }
W/ViewRootImpl( 2152): Cancelling event due to no window focus: KeyEvent { action=ACTION_UP, keyCode=KEYCODE_CALL, scanCode=0, metaState=0, flags=0x28, repeatCount=0, eventTime=424892, downTime=424892, deviceId=-1, source=0x101 }
W/ViewRootImpl( 2152): Cancelling event due to no window focus: KeyEvent { action=ACTION_UP, keyCode=KEYCODE_CALL, scanCode=0, metaState=0, flags=0x28, repeatCount=0, eventTime=424892, downTime=424892, deviceId=-1, source=0x101 }
W/ViewRootImpl( 2152): Cancelling event due to no window focus: KeyEvent { action=ACTION_UP, keyCode=KEYCODE_CALL, scanCode=0, metaState=0, flags=0x28, repeatCount=0, eventTime=424892, downTime=424892, deviceId=-1, source=0x101 }
W/ViewRootImpl( 2152): Cancelling event due to no window focus: KeyEvent { action=ACTION_UP, keyCode=KEYCODE_CALL, scanCode=0, metaState=0, flags=0x28, repeatCount=0, eventTime=424892, downTime=424892, deviceId=-1, source=0x101 }
I/InputDispatcher( 1538): Window 'Window{8fd8a53 u0 com.jieshun.jslife/com.jieshun.jslife.activity.common.MainFragmentActivity}' spent 3870.4ms processing the last input event: KeyEvent(deviceId=-1, source=0x00000101, action=1, flags=0x00000008, keyCode=5, scanCode=0, metaState=0x00000000, repeatCount=0), policyFlags=0x6b000000
I/InputDispatcher( 1538): Window 'Window{8fd8a53 u0 com.jieshun.jslife/com.jieshun.jslife.activity.common.MainFragmentActivity}' spent 3571.6ms processing the last input event: MotionEvent(deviceId=0, source=0x00001002, action=0, flags=0x00000000, metaState=0x00000000, buttonState=0x00000000, edgeFlags=0x00000000, xPrecision=1.0, yPrecision=1.0, displayId=0, pointers=[0: (534.0, 480.0)]), policyFlags=0x6b000000
I/InputDispatcher( 1538): Window 'Window{8fd8a53 u0 com.jieshun.jslife/com.jieshun.jslife.activity.common.MainFragmentActivity}' spent 3571.3ms processing the last input event: MotionEvent(deviceId=0, source=0x00001002, action=1, flags=0x00000000, metaState=0x00000000, buttonState=0x00000000, edgeFlags=0x00000000, xPrecision=1.0, yPrecision=1.0, displayId=0, pointers=[0: (538.0, 480.2)]), policyFlags=0x6b000000
I/http    ( 2152): 
I/http    ( 2152): 登录 HTTP 返回：{"resultCode":"0","message":"","obj":null,"seqId":"2e469282a52d4a39a47425ba88b42049","token":"e5306930d83c4cfab785a60991a09360","userId":"eaa2fc61c4784b6ba67ac352b4afc808","nickName":"sky","userType":"APP","isNeedValidateRealname":null,"right":true}
D/EGL_adreno( 2152): eglMakeCurrent: 0x9b5fe5e0: ver 2 0 (tinfo 0x9e5db080)
V/libnb   ( 2152): enter native_bridge2_getTrampoline Java_com_baidu_platform_comapi_map_MapRenderer_nativeInit, trampoline_addr 0x0
V/libnb   ( 2152): enter native_bridge2_getTrampoline Java_com_baidu_platform_comapi_map_MapRenderer_nativeInit__J, trampoline_addr 0x0
V/libnb   ( 2152): enter native_bridge2_getTrampoline Java_com_baidu_platform_comapi_map_MapRenderer_nativeInit, trampoline_addr 0xb247c96c
D/HostConnection( 2152): ExtendedRCEncoderContext GL_VERSION return OpenGL ES 2.0 (3.1.0 - Build 9.17.10.4229)
I/jieshun.jslife( 2152): 用户信息保存成功....
I/http    ( 2152): 
I/http    ( 2152): 用户关联小区 HTTP 返回：{"resultCode":"0","message":"","obj":null,"seqId":"1809cc8d3d2b4f0bb376864729ab19f2","userArea":[{"userId":"eaa2fc61c4784b6ba67ac352b4afc808","areaId":"55981d2f448a42f796c2f20907aa2715","areaName":"捷顺展厅门禁","areaAddress":"","parkCode":"","businesserCode":"","telephone":"","isMoveCar":"0","isOpenDoor":"1","isOpenPark":"1","longitude":"","latitude":"","isAuthFlag":"1","isAuth":"0","authUserId":"","delayMode":"1","operateMode":"1","secretKey":"1521181398","personId":"fa9b33b036fe48f9a7f2ed8e32e64f4b","personName":"胡国彪","isNoWiring":"1","needWGApproal":"0","authPersonId":null,"distance":null,"openDoorWay":"3"},{"userId":"eaa2fc61c4784b6ba67ac352b4afc808","areaId":"0af857a862174ceab0094fb52782400f","areaName":"捷顺科技园区","areaAddress":"上梅林龙尾路10号","parkCode":"0000004439","businesserCode":"","telephone":"400-7005305","isMoveCar":"1","isOpenDoor":"1","isOpenPark":"1","longitude":"114.049846","latitude":"22.577052","isAuthFlag":"1","isAuth":"0","authUserId":"","delayMode":"0","operateMode":"0","secretKey":"0","personId":"4a6a45d68fd34dc5bfa1ff51c2979a34","personName":"胡国彪","isNoWiring":"0","needWGApproal":"0","authPersonId":null,"distance":"0","openDoorWay":"1"}],"right":true}
V/libnb   ( 2152): enter native_bridge2_getTrampoline Java_com_baidu_platform_comapi_map_MapRenderer_nativeResize, trampoline_addr 0x0
V/libnb   ( 2152): enter native_bridge2_getTrampoline Java_com_baidu_platform_comapi_map_MapRenderer_nativeResize__JII, trampoline_addr 0x0
V/libnb   ( 2152): enter native_bridge2_getTrampoline Java_com_baidu_platform_comapi_map_MapRenderer_nativeResize, trampoline_addr 0xb247c934
V/libnb   ( 2152): enter native_bridge2_getTrampoline Java_com_baidu_platform_comapi_map_MapRenderer_nativeRender, trampoline_addr 0x0
V/libnb   ( 2152): enter native_bridge2_getTrampoline Java_com_baidu_platform_comapi_map_MapRenderer_nativeRender__J, trampoline_addr 0x0
V/libnb   ( 2152): enter native_bridge2_getTrampoline Java_com_baidu_platform_comapi_map_MapRenderer_nativeRender, trampoline_addr 0xb247c8fc
V/libnb   ( 2152): enter native_bridge2_getTrampoline Java_com_baidu_platform_comjni_map_basemap_JNIBaseMap_getDrawingMapStatus, trampoline_addr 0x0
V/libnb   ( 2152): enter native_bridge2_getTrampoline Java_com_baidu_platform_comjni_map_basemap_JNIBaseMap_getDrawingMapStatus__J, trampoline_addr 0x0
V/libnb   ( 2152): enter native_bridge2_getTrampoline Java_com_baidu_platform_comjni_map_basemap_JNIBaseMap_getDrawingMapStatus, trampoline_addr 0xb247c8c4
I/AppiumUnicodeIME( 1697): onFinishInput
I/AppiumUnicodeIME( 1697): onStartInput
W/ActivityManager( 1538): Launch timeout has expired, giving up wake lock!
D/EGL_adreno( 2152): eglMakeCurrent: 0xb3eded00: ver 2 0 (tinfo 0xa2ce3130)
I/http    ( 2152): 开门类型---> 3 [ 远程 + 蓝牙 ]
I/CallbackListener( 2152): xmppQueQue里没有请求，开始等待==========
W/art     ( 1538): Long monitor contention event with owner method=void com.android.server.am.ActivityStackSupervisor$ActivityStackSupervisorHandler.activityIdleInternal(com.android.server.am.ActivityRecord) from ActivityStackSupervisor.java:3511 waiters=0 for 446ms
I/InputDispatcher( 1538): Dropped event because the current application is not responding and the user has started interacting with a different application.
W/InputManager( 1538): Input event injection from pid 2136 failed.
I/art     ( 2152): Explicit concurrent mark sweep GC freed 26380(1387KB) AllocSpace objects, 3(48KB) LOS objects, 32% free, 33MB/49MB, paused 426us total 1.186s
I/art     ( 2152): Explicit concurrent mark sweep GC freed 1157(84KB) AllocSpace objects, 1(78KB) LOS objects, 32% free, 33MB/49MB, paused 456us total 15.107ms
I/art     ( 2152): Explicit concurrent mark sweep GC freed 3(96B) AllocSpace objects, 0(0B) LOS objects, 32% free, 33MB/49MB, paused 401us total 14.042ms
I/art     ( 2152): Explicit concurrent mark sweep GC freed 3(96B) AllocSpace objects, 0(0B) LOS objects, 32% free, 33MB/49MB, paused 410us total 13.582ms
I/art     ( 2152): Explicit concurrent mark sweep GC freed 3(96B) AllocSpace objects, 0(0B) LOS objects, 32% free, 33MB/49MB, paused 366us total 14.833ms
I/InputDispatcher( 1538): Application is not responding: Window{22f764c u0 StatusBar}.  It has been 5006.7ms since event, 5006.2ms since wait started.  Reason: Waiting to send non-key event because the touched window has not finished processing certain input events that were delivered to it over 500.0ms ago.  Wait queue length: 9.  Wait queue head age: 5506.6ms.
W/ActivityManager( 1538): Activity destroy timeout for ActivityRecord{21c44d71 u0 com.jieshun.jslife/.activity.common.WelcomeActivity t2 f}
I/WindowManager( 1538): Input event dispatching timed out sending to StatusBar.  Reason: Waiting to send non-key event because the touched window has not finished processing certain input events that were delivered to it over 500.0ms ago.  Wait queue length: 9.  Wait queue head age: 5506.6ms.
D/SMACK   ( 2152): 05:41:33 下午 SENT (337300176): <iq id="8tAiM-10" to="openfire-cloud" from="13632836691@openfire-cloud/A1b852863a" type="get"><ping xmlns='urn:xmpp:ping' /></iq>
D/SMACK   ( 2152): 05:41:33 下午 RCV  (337300176): <iq type="result" id="8tAiM-10" from="openfire-cloud" to="13632836691@openfire-cloud/A1b852863a"/>
W/art     ( 1538): Long monitor contention event with owner method=long com.android.server.wm.InputMonitor.notifyANR(com.android.server.input.InputApplicationHandle, com.android.server.input.InputWindowHandle, java.lang.String) from InputMonitor.java:97 waiters=0 for 4.083s
I/dex2oat ( 2340): /system/bin/dex2oat --instruction-set=x86 --dex-file=/data/data/com.jieshun.jslife/.jiagu/classes.dex --dex-file=/data/data/com.jieshun.jslife/.jiagu/classes2.dex --dex-file=/data/data/com.jieshun.jslife/.jiagu/classes3.dex --oat-file=/data/data/com.jieshun.jslife/.jiagu/classes.oat
W/art     ( 1538): Long monitor contention event with owner method=android.util.ArraySet com.android.server.pm.PackageManagerService.access$1300(com.android.server.pm.PackageManagerService) from PackageManagerService.java:242 waiters=0 for 15.197s
W/art     ( 1538): Long monitor contention event with owner method=android.util.ArraySet com.android.server.pm.PackageManagerService.access$1300(com.android.server.pm.PackageManagerService) from PackageManagerService.java:242 waiters=1 for 14.798s
W/art     ( 1538): Long monitor contention event with owner method=android.util.ArraySet com.android.server.pm.PackageManagerService.access$1300(com.android.server.pm.PackageManagerService) from PackageManagerService.java:242 waiters=2 for 6.076s
W/art     ( 1538): Long monitor contention event with owner method=android.util.ArraySet com.android.server.pm.PackageManagerService.access$1300(com.android.server.pm.PackageManagerService) from PackageManagerService.java:242 waiters=3 for 750ms
D/http    ( 2152): 获取用户个人配置信息 HTTP请求 Url: http://jsh.jslife.com.cn/jslife-service/user/get_user_info 
D/http    ( 2152): 参数：{"userId":"eaa2fc61c4784b6ba67ac352b4afc808","bizSource":"APP_ANDROID","bizType":"JSLIFE","token":"e5306930d83c4cfab785a60991a09360"}
D/http    ( 2152): 查询审批记录 HTTP请求 Url: http://jsh.jslife.com.cn/jslife-service/authorize/search 
D/http    ( 2152): 参数：{"pageNum":1,"pageSize":1,"searchType":"2","userId":"eaa2fc61c4784b6ba67ac352b4afc808","bizSource":"APP_ANDROID","bizType":"JSLIFE","token":"e5306930d83c4cfab785a60991a09360"}
D/http    ( 2152): 插画查询 HTTP请求 Url: http://jsh.jslife.com.cn/jslife-service/base/illustrations/query_by_eventtype 
D/http    ( 2152): 参数：{"eventType":"OPENDOOR","userId":"eaa2fc61c4784b6ba67ac352b4afc808","bizSource":"APP_ANDROID","bizType":"JSLIFE","token":"e5306930d83c4cfab785a60991a09360"}
D/widget.PullToRefreshLayout( 2152): disallowInterceptTouchEvent=false
D/widget.PullToRefreshLayout( 2152): ACTION_DOWN  startX=370, startY=148.0
I/jieshun.jslife( 2152): dispatchTouchEvent-------------- 0
D/widget.PullToRefreshLayout( 2152): requestDisallowInterceptTouchEvent(boolean disallowIntercept) true
D/widget.PullToRefreshLayout( 2152): super.onTouchEvent(ev) = true
D/widget.PullToRefreshLayout( 2152): disallowInterceptTouchEvent=true
I/jieshun.jslife( 2152): dispatchTouchEvent-------------- 1
D/widget.PullToRefreshLayout( 2152): requestDisallowInterceptTouchEvent(boolean disallowIntercept) false
D/widget.PullToRefreshLayout( 2152): disallowInterceptTouchEvent=false
D/widget.PullToRefreshLayout( 2152): ACTION_DOWN  startX=397, startY=587.0
D/widget.PullToRefreshLayout( 2152): super.onTouchEvent(ev) = true
D/widget.PullToRefreshLayout( 2152): disallowInterceptTouchEvent=false
D/widget.PullToRefreshLayout( 2152): ACTION_MOVE  currentX=386, currentY=630
D/widget.PullToRefreshLayout( 2152): super.onTouchEvent(ev) = true
D/widget.PullToRefreshLayout( 2152): disallowInterceptTouchEvent=false
D/widget.PullToRefreshLayout( 2152): ACTION_UP  currentX=384, currentY=647
D/widget.PullToRefreshLayout( 2152): super.onTouchEvent(ev) = false
I/com.jieshun.jslife.service.XMPPService( 2152): changeLogin ===============
D/PUSH    ( 2152):  anonymousToRealNameConnectOpenire PUSH 
D/XMPP    ( 2152): anonymousToRealNameConnectOpenire =====  userName = 13632836691 ; pwd = 123456
D/PUSH    ( 2152): anonymousToRealNameConnectOpenire =====  userName = 13632836691 ; pwd = 123456
I/Choreographer( 2152): Skipped 1425 frames!  The application may be doing too much work on its main thread.
D/XMPP    ( 2152): 启动ConnectThread，开始连接Openfire=========
D/XMPP    ( 2152):  开始轮训实名登录start Login Openfire userName = 13632836691;  pwd =123456;  resource =A1b852863a
I/XMPP    ( 2152): 发起登录openfire============== OPENFIRE=jsimp.jslife.com.cn SERVICE_NAME=openfire-cloud PORT=7608  userName=13632836691  pwd=123456 ; resource=A1b852863a
D/SMACK   ( 2152): 05:41:38 下午 SENT (337300176): <presence id="8tAiM-11" type="unavailable"><c xmlns='http://jabber.org/protocol/caps' hash='sha-1' node='http://www.igniterealtime.org/projects/smack/' ver='+fIuUdRHwf5kx3DPPD8JEPN1yuE='/></presence>
D/SMACK   ( 2152): 05:41:38 下午 Connection closed (337300176)
I/UserState( 2152): myJid = 13632836691@openfire-cloud/A1b852863a receive jid=null  state=OFFLINE
D/EGL_adreno( 2152): eglMakeCurrent: 0xb3eded00: ver 2 0 (tinfo 0xa2ce3130)
D/PhoneStatusBar( 1642): disable: < expand ICONS* alerts SYSTEM_INFO* back home recent clock search >
I/Choreographer( 1642): Skipped 254 frames!  The application may be doing too much work on its main thread.
D/XMPP    ( 2152): 会员余额查询response: {"code":"200","msg":"成功","data":{"balanceMoney":"0"}}
D/XMPP    ( 2152): 余额查询response: {"code":"200","msg":"成功","data":{"balanceMoney":"0"}}
D/XMPP    ( 2152): 金额值 str = 0
D/XMPP    ( 2152): 金额值 转换 string = 0
D/XMPP    ( 2152):  JSJK requestjsjk_biz_member_login json : {"LATITUDE":"1045:116.41025599543832","LONGITUDE":"1044:39.916407589357014","UDID":"1006:865166026808918","appId":"1645285811190497301","mobile":"13632836691","sign":"06fc37de2258093585ba197b4be70c27","systemType":"02","userId":"eaa2fc61c4784b6ba67ac352b4afc808"}
D/XMPP    ( 2152):  JSJK URLjsjk_biz_member_login URL : http://hdwg.jieshunpay.cn:8120/jst-gateway/member/loginV1.0
I/http    ( 2152): 
I/http    ( 2152): 未使用的卡券列表查询 HTTP 返回：{"resultCode":"0","message":"","obj":{"pageIndex":"1","pageSize":"100","pageTotal":"1","totalCount":"2","data":[{"businessSn":null,"planNo":"KQ-P180420000001","couponsNo":"CP201804201671795834","couponsName":"三楼测试2018420","couponsAmt":"1.00","effectiveStartTime":"2018-04-20 00:00:00","effectiveEndTime":"2019-04-20 23:59:59","couponsInfo":"","model":"0","couponsStatus":"INIT","isAllCoupons":"N","description":null,"channelId":"1656","fitParks":null,"isShare":"Y","couponsType":"MERCHANT","payChannelData":null,"prdBizData":null},{"businessSn":null,"planNo":"KQ-P180420000001","couponsNo":"CP201804201664824499","couponsName":"三楼测试2018420","couponsAmt":"1.00","effectiveStartTime":"2018-04-20 00:00:00","effectiveEndTime":"2019-04-20 23:59:59","couponsInfo":"","model":"0","couponsStatus":"INIT","isAllCoupons":"N","description":null,"channelId":"1656","fitParks":null,"isShare":"Y","couponsType":"MERCHANT","payChannelData":null,"prdBizData":null}]},"seqId":"a0aca8239aa14772a92a84957073b0dd","right":true}
I/http    ( 2152): 
I/http    ( 2152): 获取用户个人配置信息 HTTP 返回：{"resultCode":"0","message":"","obj":null,"seqId":"f3f1efddd7b4430d96e484f7f355b922","userId":"eaa2fc61c4784b6ba67ac352b4afc808","userType":"APP","name":"13632836691","sex":"FEMALE","nation":"","telephone":"13632836691","nickName":"sky","status":"NORMAL","nationality":null,"provice":null,"city":null,"birthdate":"2012-01-18","photoUrl":"\/HEAD\/2018-08-17\/a73a64a8028a4a4d822a340cba9ace34.png","createTime":"2016-01-13 14:40:08","personSign":"胡国彪测试账号","realName":"胡国彪","shortCut":null,"pshMsgConfig":{"id":"cd5614fa42da42dbbd03fad5cff9bed4","userId":"eaa2fc61c4784b6ba67ac352b4afc808","isPush":"1","isPushLife":"1","isPushDiscount":"1","isUndisturbed":""},"right":true}
D/PhoneStatusBar( 1642): disable: < expand icons* alerts system_info* back home recent clock search >
E/WifiStateMachine( 1538): WifiStateMachine CMD_START_SCAN source -2 txSuccessRate=-0.00 rxSuccessRate=-0.00 targetRoamBSSID=00:81:ba:06:db:c6 RSSI=-45
W/ActivityManager( 1538): Activity destroy timeout for ActivityRecord{2ed0085c u0 com.jieshun.jslife/.activity.common.LoadingActivity t2 f}
W/art     ( 1538): Long monitor contention event with owner method=void com.android.server.am.ActivityStack$ActivityStackHandler.handleMessage(android.os.Message) from ActivityStack.java:293 waiters=0 for 10.506s
W/art     ( 1538): Long monitor contention event with owner method=void com.android.server.am.ActivityStack$ActivityStackHandler.handleMessage(android.os.Message) from ActivityStack.java:293 waiters=1 for 5.016s
W/art     ( 1538): Long monitor contention event with owner method=void com.android.server.am.ActivityStack$ActivityStackHandler.handleMessage(android.os.Message) from ActivityStack.java:293 waiters=3 for 2.879s
I/InputDispatcher( 1538): Window 'Window{1ecc78af u0 com.jieshun.jslife/com.jieshun.jslife.activity.common.MainFragmentActivity}' spent 21732.1ms processing the last input event: MotionEvent(deviceId=0, source=0x00001002, action=0, flags=0x00000000, metaState=0x00000000, buttonState=0x00000000, edgeFlags=0x00000000, xPrecision=1.0, yPrecision=1.0, displayId=0, pointers=[0: (370.0, 148.0)]), policyFlags=0x6b000000
I/InputDispatcher( 1538): Window 'Window{1ecc78af u0 com.jieshun.jslife/com.jieshun.jslife.activity.common.MainFragmentActivity}' spent 21731.7ms processing the last input event: MotionEvent(deviceId=0, source=0x00001002, action=1, flags=0x00000000, metaState=0x00000000, buttonState=0x00000000, edgeFlags=0x00000000, xPrecision=1.0, yPrecision=1.0, displayId=0, pointers=[0: (366.6, 145.9)]), policyFlags=0x6b000000
I/InputDispatcher( 1538): Window 'Window{1ecc78af u0 com.jieshun.jslife/com.jieshun.jslife.activity.common.MainFragmentActivity}' spent 21430.0ms processing the last input event: MotionEvent(deviceId=0, source=0x00001002, action=0, flags=0x00000000, metaState=0x00000000, buttonState=0x00000000, edgeFlags=0x00000000, xPrecision=1.0, yPrecision=1.0, displayId=0, pointers=[0: (397.0, 587.0)]), policyFlags=0x6b000000
I/InputDispatcher( 1538): Window 'Window{1ecc78af u0 com.jieshun.jslife/com.jieshun.jslife.activity.common.MainFragmentActivity}' spent 21429.5ms processing the last input event: MotionEvent(deviceId=0, source=0x00001002, action=2, flags=0x00000000, metaState=0x00000000, buttonState=0x00000000, edgeFlags=0x00000000, xPrecision=1.0, yPrecision=1.0, displayId=0, pointers=[0: (394.7, 603.0)]), policyFlags=0x6b000000
I/InputDispatcher( 1538): Window 'Window{1ecc78af u0 com.jieshun.jslife/com.jieshun.jslife.activity.common.MainFragmentActivity}' spent 21427.8ms processing the last input event: MotionEvent(deviceId=0, source=0x00001002, action=2, flags=0x00000000, metaState=0x00000000, buttonState=0x00000000, edgeFlags=0x00000000, xPrecision=1.0, yPrecision=1.0, displayId=0, pointers=[0: (394.7, 606.7)]), policyFlags=0x6b000000
I/InputDispatcher( 1538): Window 'Window{1ecc78af u0 com.jieshun.jslife/com.jieshun.jslife.activity.common.MainFragmentActivity}' spent 21427.5ms processing the last input event: MotionEvent(deviceId=0, source=0x00001002, action=2, flags=0x00000000, metaState=0x00000000, buttonState=0x00000000, edgeFlags=0x00000000, xPrecision=1.0, yPrecision=1.0, displayId=0, pointers=[0: (392.7, 613.2)]), policyFlags=0x6b000000
I/InputDispatcher( 1538): Window 'Window{1ecc78af u0 com.jieshun.jslife/com.jieshun.jslife.activity.common.MainFragmentActivity}' spent 21427.3ms processing the last input event: MotionEvent(deviceId=0, source=0x00001002, action=2, flags=0x00000000, metaState=0x00000000, buttonState=0x00000000, edgeFlags=0x00000000, xPrecision=1.0, yPrecision=1.0, displayId=0, pointers=[0: (391.4, 622.0)]), policyFlags=0x6b000000
I/InputDispatcher( 1538): Window 'Window{1ecc78af u0 com.jieshun.jslife/com.jieshun.jslife.activity.common.MainFragmentActivity}' spent 21427.1ms processing the last input event: MotionEvent(deviceId=0, source=0x00001002, action=2, flags=0x00000000, metaState=0x00000000, buttonState=0x00000000, edgeFlags=0x00000000, xPrecision=1.0, yPrecision=1.0, displayId=0, pointers=[0: (386.8, 630.9)]), policyFlags=0x6b000000
I/InputDispatcher( 1538): Window 'Window{1ecc78af u0 com.jieshun.jslife/com.jieshun.jslife.activity.common.MainFragmentActivity}' spent 21426.9ms processing the last input event: MotionEvent(deviceId=0, source=0x00001002, action=1, flags=0x00000000, metaState=0x00000000, buttonState=0x00000000, edgeFlags=0x00000000, xPrecision=1.0, yPrecision=1.0, displayId=0, pointers=[0: (384.4, 647.5)]), policyFlags=0x6b000000
I/InputDispatcher( 1538): Window 'Window{22f764c u0 StatusBar}' spent 17962.8ms processing the last input event: MotionEvent(deviceId=2, source=0x00001002, action=0, flags=0x00000000, metaState=0x00000000, buttonState=0x00000000, edgeFlags=0x00000000, xPrecision=26.7, yPrecision=8.4, displayId=0, pointers=[0: (536.4, 25.6)]), policyFlags=0x62000000
I/InputDispatcher( 1538): Window 'Window{22f764c u0 StatusBar}' spent 17942.4ms processing the last input event: MotionEvent(deviceId=2, source=0x00001002, action=1, flags=0x00000000, metaState=0x00000000, buttonState=0x00000000, edgeFlags=0x00000000, xPrecision=26.7, yPrecision=8.4, displayId=0, pointers=[0: (536.4, 25.6)]), policyFlags=0x62000000
I/InputDispatcher( 1538): Window 'Window{22f764c u0 StatusBar}' spent 17542.3ms processing the last input event: MotionEvent(deviceId=2, source=0x00001002, action=0, flags=0x00000000, metaState=0x00000000, buttonState=0x00000000, edgeFlags=0x00000000, xPrecision=26.7, yPrecision=8.4, displayId=0, pointers=[0: (451.8, 16.0)]), policyFlags=0x62000000
I/InputDispatcher( 1538): Window 'Window{22f764c u0 StatusBar}' spent 17509.8ms processing the last input event: MotionEvent(deviceId=2, source=0x00001002, action=2, flags=0x00000000, metaState=0x00000000, buttonState=0x00000000, edgeFlags=0x00000000, xPrecision=26.7, yPrecision=8.4, displayId=0, pointers=[0: (451.8, 19.2)]), policyFlags=0x62000000
I/InputDispatcher( 1538): Window 'Window{22f764c u0 StatusBar}' spent 17502.5ms processing the last input event: MotionEvent(deviceId=2, source=0x00001002, action=2, flags=0x00000000, metaState=0x00000000, buttonState=0x00000000, edgeFlags=0x00000000, xPrecision=26.7, yPrecision=8.4, displayId=0, pointers=[0: (451.8, 24.1)]), policyFlags=0x62000000
I/InputDispatcher( 1538): Window 'Window{22f764c u0 StatusBar}' spent 17494.4ms processing the last input event: MotionEvent(deviceId=2, source=0x00001002, action=2, flags=0x00000000, metaState=0x00000000, buttonState=0x00000000, edgeFlags=0x00000000, xPrecision=26.7, yPrecision=8.4, displayId=0, pointers=[0: (451.8, 30.5)]), policyFlags=0x62000000
I/InputDispatcher( 1538): Window 'Window{22f764c u0 StatusBar}' spent 17487.1ms processing the last input event: MotionEvent(deviceId=2, source=0x00001002, action=2, flags=0x00000000, metaState=0x00000000, buttonState=0x00000000, edgeFlags=0x00000000, xPrecision=26.7, yPrecision=8.4, displayId=0, pointers=[0: (451.8, 40.1)]), policyFlags=0x62000000
I/InputDispatcher( 1538): Window 'Window{22f764c u0 StatusBar}' spent 17478.5ms processing the last input event: MotionEvent(deviceId=2, source=0x00001002, action=2, flags=0x00000000, metaState=0x00000000, buttonState=0x00000000, edgeFlags=0x00000000, xPrecision=26.7, yPrecision=8.4, displayId=0, pointers=[0: (451.8, 51.1)]), policyFlags=0x62000000
I/InputDispatcher( 1538): Window 'Window{22f764c u0 StatusBar}' spent 17471.1ms processing the last input event: MotionEvent(deviceId=2, source=0x00001002, action=2, flags=0x00000000, metaState=0x00000000, buttonState=0x00000000, edgeFlags=0x00000000, xPrecision=26.7, yPrecision=8.4, displayId=0, pointers=[0: (451.8, 65.5)]), policyFlags=0x62000000
I/InputDispatcher( 1538): Dropped event because it is stale.
I/InputDispatcher( 1538): Dropped event because it is stale.
I/InputDispatcher( 1538): Dropped event because it is stale.
I/InputDispatcher( 1538): Dropped event because it is stale.
I/InputDispatcher( 1538): Dropped event because it is stale.
I/InputDispatcher( 1538): Dropped event because it is stale.
I/InputDispatcher( 1538): Dropped event because it is stale.
I/InputDispatcher( 1538): Dropped event because it is stale.
I/InputDispatcher( 1538): Dropped event because it is stale.
I/InputDispatcher( 1538): Dropped event because it is stale.
I/InputDispatcher( 1538): Dropped event because it is stale.
I/InputDispatcher( 1538): Dropped event because it is stale.
I/InputDispatcher( 1538): Dropped event because it is stale.
I/InputDispatcher( 1538): Dropped event because it is stale.
I/InputDispatcher( 1538): Dropped event because it is stale.
I/InputDispatcher( 1538): Dropped event because it is stale.
I/InputDispatcher( 1538): Dropped event because it is stale.
I/InputDispatcher( 1538): Dropped event because it is stale.
I/InputDispatcher( 1538): Dropped event because it is stale.
I/InputDispatcher( 1538): Dropped event because it is stale.
I/InputDispatcher( 1538): Dropped event because it is stale.
I/InputDispatcher( 1538): Dropped event because it is stale.
I/InputDispatcher( 1538): Dropped event because it is stale.
I/InputDispatcher( 1538): Dropped event because it is stale.
W/art     ( 1538): Long monitor contention event with owner method=void com.android.server.am.ActivityStack$ActivityStackHandler.handleMessage(android.os.Message) from ActivityStack.java:293 waiters=2 for 3.059s
I/ActivityManager( 1538): Displayed com.jieshun.jslife/.activity.common.MainFragmentActivity: +27s988ms (total +32s36ms)
D/SMACK   ( 2152): 05:41:41 下午 SENT (337300176): </stream:stream>
D/AdHotSeatView( 1931): updateIconButton.
D/wwww    ( 2152): imgUrl = /HEAD/2018-08-17/a73a64a8028a4a4d822a340cba9ace34.png
D/wwww    ( 2152): fileName = a73a64a8028a4a4d822a340cba9ace34.png
D/wwww    ( 2152): newAvatarFilePath = /storage/emulated/0/.jieshun/.pic/.avatar/a73a64a8028a4a4d822a340cba9ace34.png
D/EGL_adreno( 1642): eglMakeCurrent: 0xb3fffa60: ver 2 0 (tinfo 0xa300daa0)
D/PhoneStatusBar( 1642): disable: < expand ICONS* alerts SYSTEM_INFO* back home recent clock search >
E/EGL_adreno( 1642): tid 2036: eglSurfaceAttrib(1266): error 0x3009 (EGL_BAD_MATCH)
W/OpenGLRenderer( 1642): Failed to set EGL_SWAP_BEHAVIOR on surface 0xa314e600, error=EGL_BAD_MATCH
D/EGL_adreno( 1642): eglMakeCurrent: 0xb3fffa60: ver 2 0 (tinfo 0xa300daa0)
E/libnativebridge( 2340): denglibol LoadNativeBridge error! nb_library_filename invalid!
I/http    ( 2152): 
I/http    ( 2152): 加载首页数据 HTTP 返回：{"resultCode":"0","message":"","obj":{"paymentCarList":[],"monthCarDelayInfo":{"delayStatus":"0"},"voteData":null},"seqId":"7f318a1c31a944d1a4f1842efcc28f62","right":true}
I/art     ( 1538): Background sticky concurrent mark sweep GC freed 111216(5MB) AllocSpace objects, 24(400KB) LOS objects, 29% free, 13MB/19MB, paused 276us total 814.708ms
I/Choreographer( 1642): Skipped 140 frames!  The application may be doing too much work on its main thread.
D/PhoneStatusBar( 1642): disable: < expand icons* alerts system_info* back home recent clock search >
D/EGL_adreno( 1642): eglMakeCurrent: 0xb3fffa60: ver 2 0 (tinfo 0xa300daa0)
E/EGL_adreno( 1642): tid 2036: eglSurfaceAttrib(1266): error 0x3009 (EGL_BAD_MATCH)
W/OpenGLRenderer( 1642): Failed to set EGL_SWAP_BEHAVIOR on surface 0xa314e600, error=EGL_BAD_MATCH
D/EGL_adreno( 1642): eglMakeCurrent: 0xb3fffa60: ver 2 0 (tinfo 0xa300daa0)
I/XMPP    ( 2152): 用户名或密码或资源名为----》userName========13632836691 ; pwd========123456 ; resource======A1b852863a
D/XMPP    ( 2152): 设置请求接收和推送的回调
I/art     ( 2152): Explicit concurrent mark sweep GC freed 29137(1438KB) AllocSpace objects, 10(160KB) LOS objects, 32% free, 33MB/49MB, paused 234.327ms total 1.387s
D/XMPP    ( 2152): 连接成功计数器停止
D/PhoneStatusBar( 1642): disable: < expand ICONS* alerts SYSTEM_INFO* back home recent clock search >
D/widget.PullToRefreshLayout( 2152): disallowInterceptTouchEvent=false
D/widget.PullToRefreshLayout( 2152): ACTION_DOWN  startX=247, startY=276.0
I/jieshun.jslife( 2152): dispatchTouchEvent-------------- 0
D/widget.PullToRefreshLayout( 2152): requestDisallowInterceptTouchEvent(boolean disallowIntercept) true
D/widget.PullToRefreshLayout( 2152): super.onTouchEvent(ev) = true
D/widget.PullToRefreshLayout( 2152): disallowInterceptTouchEvent=true
I/jieshun.jslife( 2152): dispatchTouchEvent-------------- 1
D/widget.PullToRefreshLayout( 2152): requestDisallowInterceptTouchEvent(boolean disallowIntercept) false
D/SMACK   ( 2152): 05:41:43 下午 SENT (891784323): <stream:stream to="openfire-cloud" xmlns="jabber:client" xmlns:stream="http://etherx.jabber.org/streams" version="1.0">
I/Process ( 1538): Sending signal. PID: 1642 SIG: 3
I/art     ( 1642): Thread[3,tid=1666,WaitingInMainSignalCatcherLoop,Thread*=0xb3c25c00,peer=0x12c000a0,"Signal Catcher"]: reacting to signal 3
I/Process ( 1538): Sending signal. PID: 1538 SIG: 3
I/art     ( 1538): Thread[3,tid=1542,WaitingInMainSignalCatcherLoop,Thread*=0xb3c25c00,peer=0x12c020a0,"Signal Catcher"]: reacting to signal 3
D/SMACK   ( 2152): 05:41:43 下午 RCV  (891784323): <?xml version='1.0' encoding='UTF-8'?><stream:stream xmlns:stream="http://etherx.jabber.org/streams" xmlns="jabber:client" from="openfire-cloud" id="6eb7eefe" xml:lang="en" version="1.0"><stream:features><mechanisms xmlns="urn:ietf:params:xml:ns:xmpp-sasl"><mechanism>PLAIN</mechanism><mechanism>ANONYMOUS</mechanism></mechanisms><compression xmlns="http://jabber.org/features/compress"><method>zlib</method></compression><auth xmlns="http://jabber.org/features/iq-auth"/><register xmlns="http://jabber.org/features/iq-register"/></stream:features>
I/art     ( 2152): Explicit concurrent mark sweep GC freed 2133(112KB) AllocSpace objects, 3(451KB) LOS objects, 32% free, 33MB/49MB, paused 364us total 874.046ms
D/SMACK   ( 2152): 05:41:43 下午 SENT (891784323): <auth mechanism="PLAIN" xmlns="urn:ietf:params:xml:ns:xmpp-sasl">MTM2MzI4MzY2OTEAMTM2MzI4MzY2OTEAMTIzNDU2</auth>
I/art     ( 2152): Explicit concurrent mark sweep GC freed 549(31KB) AllocSpace objects, 1(16KB) LOS objects, 32% free, 33MB/49MB, paused 402us total 15.526ms
D/SMACK   ( 2152): 05:41:43 下午 RCV  (891784323): <success xmlns="urn:ietf:params:xml:ns:xmpp-sasl"/>
D/SMACK   ( 2152): 05:41:43 下午 SENT (891784323): <stream:stream to="openfire-cloud" xmlns="jabber:client" xmlns:stream="http://etherx.jabber.org/streams" version="1.0">
I/art     ( 2152): Explicit concurrent mark sweep GC freed 111(4KB) AllocSpace objects, 0(0B) LOS objects, 32% free, 33MB/49MB, paused 612us total 16.595ms
I/art     ( 1372): Background concurrent mark sweep GC freed 789(33KB) AllocSpace objects, 0(0B) LOS objects, 39% free, 7MB/12MB, paused 82us total 306.126ms
D/SMACK   ( 2152): 05:41:43 下午 RCV  (891784323): <?xml version='1.0' encoding='UTF-8'?><stream:stream xmlns:stream="http://etherx.jabber.org/streams" xmlns="jabber:client" from="openfire-cloud" id="6eb7eefe" xml:lang="en" version="1.0"><stream:features><compression xmlns="http://jabber.org/features/compress"><method>zlib</method></compression><bind xmlns="urn:ietf:params:xml:ns:xmpp-bind"/><session xmlns="urn:ietf:params:xml:ns:xmpp-session"><optional/></session></stream:features>
D/SMACK   ( 2152): 05:41:43 下午 SENT (891784323): <iq id="8tAiM-12" type="set"><bind xmlns="urn:ietf:params:xml:ns:xmpp-bind"><resource>A1b852863a</resource></bind></iq>
D/SMACK   ( 2152): 05:41:43 下午 RCV  (891784323): <iq type="result" id="8tAiM-12" to="openfire-cloud/6eb7eefe"><bind xmlns="urn:ietf:params:xml:ns:xmpp-bind"><jid>13632836691@openfire-cloud/A1b852863a</jid></bind></iq>
D/SMACK   ( 2152): 05:41:43 下午 SENT (891784323): <iq id="8tAiM-13" type="set"><session xmlns="urn:ietf:params:xml:ns:xmpp-session"/></iq>
I/art     ( 2152): Explicit concurrent mark sweep GC freed 245(17KB) AllocSpace objects, 1(16KB) LOS objects, 32% free, 33MB/49MB, paused 336us total 21.106ms
D/SMACK   ( 2152): 05:41:43 下午 RCV  (891784323): <iq type="result" id="8tAiM-13" to="13632836691@openfire-cloud/A1b852863a"/>
D/SMACK   ( 2152): User logged (891784323): 13632836691@openfire-cloud@openfire-cloud:7608/A1b852863a
D/SMACK   ( 2152): 05:41:43 下午 SENT (891784323): <iq id="8tAiM-14" type="get"><query xmlns="jabber:iq:roster" ></query></iq>
D/SMACK   ( 2152): 05:41:43 下午 SENT (891784323): <presence id="8tAiM-15"><c xmlns='http://jabber.org/protocol/caps' hash='sha-1' node='http://www.igniterealtime.org/projects/smack/' ver='7lnSSYLFNPR++Qc5cZmId14cl4U='/></presence>
D/SMACK   ( 2152): 05:41:43 下午 SENT (891784323): <presence id="8tAiM-16"><c xmlns='http://jabber.org/protocol/caps' hash='sha-1' node='http://www.igniterealtime.org/projects/smack/' ver='30o3W0G3RxzdAvCCb8fB1Jc5dy0='/></presence>
D/SMACK   ( 2152): 05:41:43 下午 SENT (891784323): <presence id="8tAiM-17"><c xmlns='http://jabber.org/protocol/caps' hash='sha-1' node='http://www.igniterealtime.org/projects/smack/' ver='LXzMKGdgC6np5NqNvUDZmGNt7R8='/></presence>
D/SMACK   ( 2152): 05:41:43 下午 SENT (891784323): <presence id="8tAiM-18"><c xmlns='http://jabber.org/protocol/caps' hash='sha-1' node='http://www.igniterealtime.org/projects/smack/' ver='+fIuUdRHwf5kx3DPPD8JEPN1yuE='/></presence>
I/XMPP    ( 2152):  匿名转实名-----    实名登陆成功===============
D/SMACK   ( 2152): 05:41:43 下午 RCV  (891784323): <iq type="result" id="8tAiM-14" to="13632836691@openfire-cloud/A1b852863a"><query xmlns="jabber:iq:roster"><item jid="formal_cloud_jsh@openfire-cloud" name="formal_cloud_jsh" subscription="both"/></query></iq>
D/libnativebridge( 2375): PreInitializeNativeBridge name=zygote
D/SMACK   ( 2152): 05:41:44 下午 RCV  (891784323): <presence id="825N9-25" from="13632836691@openfire-cloud/A1b117b2fb" to="13632836691@openfire-cloud/A1b852863a"><c xmlns="http://jabber.org/protocol/caps" hash="sha-1" node="http://www.igniterealtime.org/projects/smack/" ver="+fIuUdRHwf5kx3DPPD8JEPN1yuE="/></presence><presence id="8tAiM-15" from="13632836691@openfire-cloud/A1b852863a" to="13632836691@openfire-cloud/A1b852863a"><c xmlns="http://jabber.org/protocol/caps" hash="sha-1" node="http://www.igniterealtime.org/projects/smack/" ver="7lnSSYLFNPR++Qc5cZmId14cl4U="/></presence><presence id="mFh6g-418730" from="formal_cloud_jsh@openfire-cloud/master" to="13632836691@openfire-cloud/A1b852863a"/><presence id="6VDE2-368336" from="formal_cloud_jsh@openfire-cloud/slave" to="13632836691@openfire-cloud/A1b852863a"/>
I/UserState( 2152): myJid = 13632836691@openfire-cloud/A1b852863a receive jid=13632836691@openfire-cloud/A1b117b2fb  state=ONLINE
V/libnb   ( 2375): enter native_bridge2_initialize /data/data/com.jieshun.jslife/code_cache arm
D/houdini ( 2375): [2375] Initialize library(version: 5.0.7b_x.48396 RELEASE)... successfully.
D/libnativebridge( 2375): denglibo call InitializeNativeBridge! ret=true
E/sensor_ld( 1538): select failed! err=Interrupted system call
I/art     ( 1642): Wrote stack traces to '/data/anr/traces.txt'
W/dex2oat ( 2340): Before Android 4.1, method int android.support.v7.widget.ListViewCompat.lookForSelectablePosition(int, boolean) would have incorrectly overridden the package-private method in android.widget.ListView
W/dex2oat ( 2340): Before Android 4.1, method void com.jieshun.jslife.widgets.SwitchButton.setOnCheckedChangeWidgetListener(android.widget.CompoundButton$OnCheckedChangeListener) would have incorrectly overridden the package-private method in android.widget.CompoundButton
I/Process ( 1538): Sending signal. PID: 1902 SIG: 3
I/art     ( 1902): Thread[3,tid=1937,WaitingInMainSignalCatcherLoop,Thread*=0xb3c25c00,peer=0x12c000a0,"Signal Catcher"]: reacting to signal 3
I/Process ( 1538): Sending signal. PID: 1875 SIG: 3
I/art     ( 1875): Thread[3,tid=1901,WaitingInMainSignalCatcherLoop,Thread*=0xb3c25c00,peer=0x12c000a0,"Signal Catcher"]: reacting to signal 3
W/ActivityManager( 1538): Slow operation: 4149ms so far, now at startProcess: returned from zygote!
I/art     ( 1538): Wrote stack traces to '/data/anr/traces.txt'
W/Settings( 2152): Setting android_id has moved from android.provider.Settings.System to android.provider.Settings.Secure, returning read-only value.
W/ActivityManager( 1538): Slow operation: 4346ms so far, now at startProcess: done updating battery stats
W/ActivityManager( 1538): Slow operation: 4347ms so far, now at startProcess: building log message
I/ActivityManager( 1538): Start proc 2375:com.jieshun.jslife:remote/u0a28 for service com.jieshun.jslife/com.baidu.location.f
W/dex2oat ( 2340): Before Android 4.1, method android.graphics.PorterDuffColorFilter android.support.graphics.drawable.VectorDrawableCompat.updateTintFilter(android.graphics.PorterDuffColorFilter, android.content.res.ColorStateList, android.graphics.PorterDuff$Mode) would have incorrectly overridden the package-private method in android.graphics.drawable.Drawable
W/ActivityManager( 1538): Slow operation: 4359ms so far, now at startProcess: starting to update pids map
W/ActivityManager( 1538): Slow operation: 4359ms so far, now at startProcess: done updating pids map
W/ActivityManager( 1538): Slow operation: 4359ms so far, now at startProcess: done starting proc!
W/art     ( 1538): Long monitor contention event with owner method=int com.android.server.am.ActivityManagerService.bindService(android.app.IApplicationThread, android.os.IBinder, android.content.Intent, java.lang.String, android.app.IServiceConnection, int, int) from ActivityManagerService.java:15435 waiters=0 for 4.244s
