E/AudioTrack( 1537): did not receive expected priority boost on time
W/art     ( 1537): Long monitor contention event with owner method=void com.android.server.wm.WindowAnimator$1.run() from WindowAnimator.java:124 waiters=0 for 182ms
D/com.jieshun.jslife.activity.userinfo.MessageSettingActivity( 2127): context = com.jieshun.jslife.application.GlobalApplication@9bcff63, isLogin=false, savedInstanceState = null
I/CallbackListener( 2127): 请求队列xmppQueQue=========1
I/CallbackListener( 2127): requestMap add  activity = com.jieshun.jslife.activity.userinfo.MessageSettingActivity@23ad2c36  serviceId = JSCSP_MSGPUSH_QUERYCONFIG
V/WindowManager( 1537): Adding window Window{2e72a6e u0 com.jieshun.jslife/com.jieshun.jslife.activity.userinfo.MessageSettingActivity} at 6 of 10 (after Window{e40afe6 u0 com.jieshun.jslife/com.jieshun.jslife.activity.userinfo.EnterExitGateSettingActivity EXITING})
I/com.jieshun.jslife.activity.userinfo.EnterExitGateSettingActivity( 2127): onDestroy()======
D/SMACK   ( 2127): 11:33:51 上午 SENT (642662026): <iq id="f7p18p_4" to="formal_cloud_jsh@openfire-cloud/master" type="get"><dreq xmlns="xmpp:iq:shunt"><cnt>{&quot;attributes&quot;:{},&quot;dataItems&quot;:[{&quot;attributes&quot;:{&quot;userId&quot;:&quot;eaa2fc61c4784b6ba67ac352b4afc808&quot;},&quot;failItems&quot;:[],&quot;objectId&quot;:&quot;objID&quot;,&quot;operateType&quot;:&quot;READ&quot;,&quot;subItems&quot;:[]}],&quot;requestType&quot;:&quot;DIRECTIVE&quot;,&quot;seqId&quot;:&quot;f7p18p_4&quot;,&quot;serviceId&quot;:&quot;JSCSP_MSGPUSH_QUERYCONFIG&quot;}</cnt><crc>539686484</crc><mode>ASYNC</mode><type>DIRECTIVE</type></dreq></iq>
D/XMPP    ( 2127): XMPP请求------> JSCSP_MSGPUSH_QUERYCONFIG ---> 消息内容: {"attributes":{},"dataItems":[{"attributes":{"userId":"eaa2fc61c4784b6ba67ac352b4afc808"},"failItems":[],"objectId":"objID","operateType":"READ","subItems":[]}],"requestType":"DIRECTIVE","seqId":"f7p18p_4","serviceId":"JSCSP_MSGPUSH_QUERYCONFIG"}
I/MobclickAgent( 2127): Extend current session: E327E9A79659B748A3F5F5A476C15B53
E/EGL_adreno( 2127): tid 2197: eglSurfaceAttrib(1266): error 0x3009 (EGL_BAD_MATCH)
W/OpenGLRenderer( 2127): Failed to set EGL_SWAP_BEHAVIOR on surface 0x94d772c0, error=EGL_BAD_MATCH
D/SMACK   ( 2127): 11:33:51 上午 SENT (642662026): <iq id="8sz74-955" to="openfire-cloud" from="13632836691@openfire-cloud/A1b852863a" type="get"><ping xmlns='urn:xmpp:ping' /></iq>
D/EGL_adreno( 2127): eglMakeCurrent: 0xadc34fa0: ver 2 0 (tinfo 0xadc395c0)
W/ViewRootImpl( 2127): Cancelling event due to no window focus: KeyEvent { action=ACTION_UP, keyCode=KEYCODE_BACK, scanCode=0, metaState=0, flags=0x28, repeatCount=0, eventTime=10614292, downTime=10614292, deviceId=-1, source=0x101 }
W/ViewRootImpl( 2127): Cancelling event due to no window focus: KeyEvent { action=ACTION_UP, keyCode=KEYCODE_BACK, scanCode=0, metaState=0, flags=0x28, repeatCount=0, eventTime=10614292, downTime=10614292, deviceId=-1, source=0x101 }
W/ViewRootImpl( 2127): Cancelling event due to no window focus: KeyEvent { action=ACTION_UP, keyCode=KEYCODE_BACK, scanCode=0, metaState=0, flags=0x28, repeatCount=0, eventTime=10614292, downTime=10614292, deviceId=-1, source=0x101 }
W/ViewRootImpl( 2127): Cancelling event due to no window focus: KeyEvent { action=ACTION_UP, keyCode=KEYCODE_BACK, scanCode=0, metaState=0, flags=0x28, repeatCount=0, eventTime=10614292, downTime=10614292, deviceId=-1, source=0x101 }
W/ViewRootImpl( 2127): Cancelling event due to no window focus: KeyEvent { action=ACTION_UP, keyCode=KEYCODE_BACK, scanCode=0, metaState=0, flags=0x28, repeatCount=0, eventTime=10614292, downTime=10614292, deviceId=-1, source=0x101 }
W/ViewRootImpl( 2127): Cancelling event due to no window focus: KeyEvent { action=ACTION_UP, keyCode=KEYCODE_BACK, scanCode=0, metaState=0, flags=0x28, repeatCount=0, eventTime=10614292, downTime=10614292, deviceId=-1, source=0x101 }
W/ViewRootImpl( 2127): Cancelling event due to no window focus: KeyEvent { action=ACTION_UP, keyCode=KEYCODE_BACK, scanCode=0, metaState=0, flags=0x28, repeatCount=0, eventTime=10614292, downTime=10614292, deviceId=-1, source=0x101 }
W/ViewRootImpl( 2127): Cancelling event due to no window focus: KeyEvent { action=ACTION_UP, keyCode=KEYCODE_BACK, scanCode=0, metaState=0, flags=0x28, repeatCount=0, eventTime=10614292, downTime=10614292, deviceId=-1, source=0x101 }
W/ViewRootImpl( 2127): Cancelling event due to no window focus: KeyEvent { action=ACTION_UP, keyCode=KEYCODE_BACK, scanCode=0, metaState=0, flags=0x28, repeatCount=0, eventTime=10614292, downTime=10614292, deviceId=-1, source=0x101 }
I/AppiumUnicodeIME( 1693): onFinishInput
I/AppiumUnicodeIME( 1693): onStartInput
D/EGL_adreno( 2127): eglMakeCurrent: 0xadc34fa0: ver 2 0 (tinfo 0xadc395c0)
I/ActivityManager( 1537): Displayed com.jieshun.jslife/.activity.userinfo.MessageSettingActivity: +979ms
D/EGL_adreno( 1656): eglMakeCurrent: 0xadd0b220: ver 2 0 (tinfo 0xadc39730)
I/AppiumUnicodeIME( 1693): onKeyDown (keyCode='19', event.keyCode='19', metaState='0')
I/AppiumUnicodeIME( 1693): onKeyUp (keyCode='19', event.keyCode='19', metaState='0')
I/AppiumUnicodeIME( 1693): onKeyDown (keyCode='19', event.keyCode='19', metaState='0')
I/AppiumUnicodeIME( 1693): onKeyUp (keyCode='19', event.keyCode='19', metaState='0')
D/EGL_adreno( 2127): eglMakeCurrent: 0xadc34fa0: ver 2 0 (tinfo 0xadc395c0)
I/AppiumUnicodeIME( 1693): onFinishInput
I/AppiumUnicodeIME( 1693): onStartInput
I/AppiumUnicodeIME( 1693): onKeyDown (keyCode='24', event.keyCode='24', metaState='0')
I/AppiumUnicodeIME( 1693): onKeyUp (keyCode='24', event.keyCode='24', metaState='0')
E/EGL_adreno( 1656): tid 2032: eglSurfaceAttrib(1266): error 0x3009 (EGL_BAD_MATCH)
W/OpenGLRenderer( 1656): Failed to set EGL_SWAP_BEHAVIOR on surface 0xa31a6560, error=EGL_BAD_MATCH
D/EGL_adreno( 1656): eglMakeCurrent: 0xadd0b220: ver 2 0 (tinfo 0xadc39730)
I/art     ( 2127): Explicit concurrent mark sweep GC freed 135477(6MB) AllocSpace objects, 9(144KB) LOS objects, 34% free, 30MB/46MB, paused 417us total 24.381ms
D/EGL_adreno( 2127): eglMakeCurrent: 0xadc34fa0: ver 2 0 (tinfo 0xadc395c0)
I/art     ( 2127): Explicit concurrent mark sweep GC freed 1854(156KB) AllocSpace objects, 1(78KB) LOS objects, 34% free, 30MB/46MB, paused 542us total 17.394ms
I/art     ( 2127): Explicit concurrent mark sweep GC freed 3(96B) AllocSpace objects, 0(0B) LOS objects, 34% free, 30MB/46MB, paused 641us total 15.766ms
I/art     ( 2127): Explicit concurrent mark sweep GC freed 3(96B) AllocSpace objects, 0(0B) LOS objects, 34% free, 30MB/46MB, paused 522us total 15.115ms
I/art     ( 2127): Explicit concurrent mark sweep GC freed 3(96B) AllocSpace objects, 0(0B) LOS objects, 34% free, 30MB/46MB, paused 764us total 15.839ms
I/AppiumUnicodeIME( 1693): onKeyDown (keyCode='24', event.keyCode='24', metaState='0')
I/AppiumUnicodeIME( 1693): onKeyUp (keyCode='24', event.keyCode='24', metaState='0')
I/AppiumUnicodeIME( 1693): onKeyDown (keyCode='20', event.keyCode='20', metaState='0')
I/AppiumUnicodeIME( 1693): onKeyUp (keyCode='20', event.keyCode='20', metaState='0')
I/AppiumUnicodeIME( 1693): onKeyDown (keyCode='20', event.keyCode='20', metaState='0')
I/AppiumUnicodeIME( 1693): onKeyUp (keyCode='20', event.keyCode='20', metaState='0')
I/AppiumUnicodeIME( 1693): onKeyDown (keyCode='20', event.keyCode='20', metaState='0')
I/AppiumUnicodeIME( 1693): onKeyUp (keyCode='20', event.keyCode='20', metaState='0')
I/AppiumUnicodeIME( 1693): onKeyDown (keyCode='20', event.keyCode='20', metaState='0')
I/AppiumUnicodeIME( 1693): onKeyUp (keyCode='20', event.keyCode='20', metaState='0')
D/AudioTrack( 1537): use orig AudioTrack! mIsTimed=0 transferType=0 flags=4
D/EGL_adreno( 2127): eglMakeCurrent: 0xadc34fa0: ver 2 0 (tinfo 0xadc395c0)
I/AppiumUnicodeIME( 1693): onKeyDown (keyCode='19', event.keyCode='19', metaState='0')
I/AppiumUnicodeIME( 1693): onKeyUp (keyCode='19', event.keyCode='19', metaState='0')
I/AppiumUnicodeIME( 1693): onKeyDown (keyCode='19', event.keyCode='19', metaState='0')
I/AppiumUnicodeIME( 1693): onKeyUp (keyCode='19', event.keyCode='19', metaState='0')
I/AppiumUnicodeIME( 1693): onKeyDown (keyCode='19', event.keyCode='19', metaState='0')
I/AppiumUnicodeIME( 1693): onKeyUp (keyCode='19', event.keyCode='19', metaState='0')
I/AppiumUnicodeIME( 1693): onKeyDown (keyCode='19', event.keyCode='19', metaState='0')
I/AppiumUnicodeIME( 1693): onKeyUp (keyCode='19', event.keyCode='19', metaState='0')
I/AppiumUnicodeIME( 1693): onKeyDown (keyCode='5', event.keyCode='5', metaState='0')
I/AppiumUnicodeIME( 1693): onFinishInput
I/AppiumUnicodeIME( 1693): onStartInput
I/AppiumUnicodeIME( 1693): onKeyUp (keyCode='5', event.keyCode='5', metaState='0')
E/ActivityManager( 1537): denglibo handle startActivityAsUser Intent { act=android.intent.action.CALL_BUTTON flg=0x10000000 } error!!!
E/ActivityManager( 1537): java.lang.NullPointerException: Attempt to invoke virtual method 'java.lang.String android.content.ComponentName.getPackageName()' on a null object reference
E/ActivityManager( 1537): 	at com.android.server.am.ActivityManagerService.startActivityAsUser(ActivityManagerService.java:3386)
E/ActivityManager( 1537): 	at com.android.server.am.ActivityManagerService.startActivity(ActivityManagerService.java:3361)
E/ActivityManager( 1537): 	at android.app.ActivityManagerNative.onTransact(ActivityManagerNative.java:139)
E/ActivityManager( 1537): 	at com.android.server.am.ActivityManagerService.onTransact(ActivityManagerService.java:2213)
E/ActivityManager( 1537): 	at android.os.Binder.execTransact(Binder.java:446)
I/ActivityManager( 1537): START u0 {act=android.intent.action.CALL_BUTTON flg=0x10000000} from uid 10028 on display 0
W/PhoneFallbackEventHandler( 2127): No activity found for android.intent.action.CALL_BUTTON.
D/AudioTrack( 1537): use orig AudioTrack! mIsTimed=0 transferType=0 flags=4
D/EGL_adreno( 1656): eglMakeCurrent: 0xadd0b220: ver 2 0 (tinfo 0xadc39730)
I/AppiumUnicodeIME( 1693): onFinishInput
I/AppiumUnicodeIME( 1693): onStartInput
I/CallbackListener( 2127): 请求队列xmppQueQue=========1
D/EGL_adreno( 1656): eglMakeCurrent: 0xadd0b220: ver 2 0 (tinfo 0xadc39730)
D/PhoneStatusBar( 1656): disable: < expand ICONS* alerts SYSTEM_INFO* back home recent clock search >
E/EGL_adreno( 1656): tid 2032: eglSurfaceAttrib(1266): error 0x3009 (EGL_BAD_MATCH)
W/OpenGLRenderer( 1656): Failed to set EGL_SWAP_BEHAVIOR on surface 0xadc35f80, error=EGL_BAD_MATCH
D/EGL_adreno( 1656): eglMakeCurrent: 0xadd0b220: ver 2 0 (tinfo 0xadc39730)
D/BluetoothAdapter( 1656): 163791717: getState() :  mService = null. Returning STATE_OFF
D/BluetoothAdapter( 1656): 163791717: getState() :  mService = null. Returning STATE_OFF
D/BluetoothAdapter( 1656): 163791717: getState() :  mService = null. Returning STATE_OFF
D/BluetoothAdapter( 1656): 163791717: getState() :  mService = null. Returning STATE_OFF
D/AdHotSeatView( 1867): updateIconButton.
D/PhoneStatusBar( 1656): disable: < expand icons* alerts system_info* back home recent clock search >
D/EGL_adreno( 1656): eglMakeCurrent: 0xadd0b220: ver 2 0 (tinfo 0xadc39730)
W/InputMethodManagerService( 1537): Window already focused, ignoring focus gain of: com.android.internal.view.IInputMethodClient$Stub$Proxy@7110fff attribute=android.view.inputmethod.EditorInfo@135db1cc, token = android.os.BinderProxy@31c5de9
I/AppiumUnicodeIME( 1693): onFinishInput
I/AppiumUnicodeIME( 1693): onStartInput
E/EGL_adreno( 1656): tid 2032: eglSurfaceAttrib(1266): error 0x3009 (EGL_BAD_MATCH)
W/OpenGLRenderer( 1656): Failed to set EGL_SWAP_BEHAVIOR on surface 0xadc35f80, error=EGL_BAD_MATCH
D/EGL_adreno( 1656): eglMakeCurrent: 0xadd0b220: ver 2 0 (tinfo 0xadc39730)
D/PhoneStatusBar( 1656): disable: < expand ICONS* alerts SYSTEM_INFO* back home recent clock search >
D/PhoneStatusBar( 1656): disable: < expand icons* alerts system_info* back home recent clock search >
D/EGL_adreno( 1656): eglMakeCurrent: 0xadd0b220: ver 2 0 (tinfo 0xadc39730)
D/EGL_adreno( 1656): eglMakeCurrent: 0xadd0b220: ver 2 0 (tinfo 0xadc39730)
D/JTC     ( 2127): near tabl onReceiveLocation
I/System.out( 2127): isFirstLoc：false
I/CallbackListener( 2127): 请求队列xmppQueQue=========1
D/sensor_ld( 1537): cb_setDelay handle=0 delay-ns=20000000
I/AppiumUnicodeIME( 1693): onKeyDown (keyCode='21', event.keyCode='21', metaState='0')
I/AppiumUnicodeIME( 1693): onKeyUp (keyCode='21', event.keyCode='21', metaState='0')
I/AppiumUnicodeIME( 1693): onKeyDown (keyCode='21', event.keyCode='21', metaState='0')
I/AppiumUnicodeIME( 1693): onKeyUp (keyCode='21', event.keyCode='21', metaState='0')
I/AppiumUnicodeIME( 1693): onKeyDown (keyCode='21', event.keyCode='21', metaState='0')
I/AppiumUnicodeIME( 1693): onKeyUp (keyCode='21', event.keyCode='21', metaState='0')
I/AppiumUnicodeIME( 1693): onKeyDown (keyCode='21', event.keyCode='21', metaState='0')
I/AppiumUnicodeIME( 1693): onKeyUp (keyCode='21', event.keyCode='21', metaState='0')
D/sensor_ld( 1537): cb_setDelay handle=0 delay-ns=20000000
I/art     ( 3160): System.exit called, status: 0
I/AndroidRuntime( 3160): VM exiting with result code 0.
I/AppiumUnicodeIME( 1693): onFinishInput
I/AppiumUnicodeIME( 1693): onStartInput
D/ld_audio_hw( 1367): lineFun, out_standby
D/ld_audio_hw( 1367): ld_close_output_stream, dev=0xb5875240, stream =0xb584a660
D/ld_audio_hw( 1367): ld_close_output_stream, stream=0xb584a660,  success!
I/art     ( 2127): Explicit concurrent mark sweep GC freed 2190(130KB) AllocSpace objects, 2(32KB) LOS objects, 34% free, 30MB/46MB, paused 522us total 16.767ms
I/CallbackListener( 2127): 请求队列xmppQueQue=========1
I/art     ( 2127): Explicit concurrent mark sweep GC freed 54(2016B) AllocSpace objects, 0(0B) LOS objects, 34% free, 30MB/46MB, paused 593us total 16.414ms
I/art     ( 2127): Explicit concurrent mark sweep GC freed 3(96B) AllocSpace objects, 0(0B) LOS objects, 34% free, 30MB/46MB, paused 541us total 18.106ms
I/art     ( 2127): Explicit concurrent mark sweep GC freed 3(96B) AllocSpace objects, 0(0B) LOS objects, 34% free, 30MB/46MB, paused 461us total 15.649ms
I/art     ( 2127): Explicit concurrent mark sweep GC freed 3(96B) AllocSpace objects, 0(0B) LOS objects, 34% free, 30MB/46MB, paused 457us total 16.428ms
E/WifiStateMachine( 1537): WifiStateMachine CMD_START_SCAN source -2 txSuccessRate=0.00 rxSuccessRate=0.00 targetRoamBSSID=00:81:ba:06:db:c6 RSSI=-45
I/CallbackListener( 2127): 请求队列xmppQueQue=========1
D/JTC     ( 2127): near tabl onReceiveLocation
I/System.out( 2127): isFirstLoc：false
D/SMACK   ( 2127): 11:34:00 上午 SENT (642662026): <iq id="8sz74-956" to="openfire-cloud" from="13632836691@openfire-cloud/A1b852863a" type="get"><ping xmlns='urn:xmpp:ping' /></iq>
