E/ActivityManager( 1534): java.lang.NullPointerException: Attempt to invoke virtual method 'java.lang.String android.content.ComponentName.getPackageName()' on a null object reference
E/ActivityManager( 1534): 	at com.android.server.am.ActivityManagerService.startActivityAsUser(ActivityManagerService.java:3386)
E/ActivityManager( 1534): 	at android.app.ContextImpl.startActivityAsUser(ContextImpl.java:1252)
E/ActivityManager( 1534): 	at android.app.ContextImpl.startActivityAsUser(ContextImpl.java:1231)
E/ActivityManager( 1534): 	at com.android.internal.policy.impl.PhoneWindowManager.startActivityAsUser(PhoneWindowManager.java:2893)
E/ActivityManager( 1534): 	at com.android.internal.policy.impl.PhoneWindowManager.startDockOrHome(PhoneWindowManager.java:5851)
E/ActivityManager( 1534): 	at com.android.internal.policy.impl.PhoneWindowManager.launchHomeFromHotKey(PhoneWindowManager.java:3021)
E/ActivityManager( 1534): 	at com.android.internal.policy.impl.PhoneWindowManager.handleShortPressOnHome(PhoneWindowManager.java:1140)
E/ActivityManager( 1534): 	at com.android.internal.policy.impl.PhoneWindowManager.interceptKeyBeforeDispatching(PhoneWindowManager.java:2480)
E/ActivityManager( 1534): 	at com.android.server.wm.InputMonitor.interceptKeyBeforeDispatching(InputMonitor.java:388)
E/ActivityManager( 1534): 	at com.android.server.input.InputManagerService.interceptKeyBeforeDispatching(InputManagerService.java:1481)
I/ActivityManager( 1534): START u0 {act=android.intent.action.MAIN cat=[android.intent.category.HOME] flg=0x10200000 cmp=com.android.launcher3/.Launcher} from uid 1000 on display 0
D/PermissionCache( 1361): checking android.permission.READ_FRAME_BUFFER for uid=1000 => granted (261 us)
I/HostConnection( 1361): HostConnection::HostConnection: pid=1361, tid=2025, this=0xb6037650
I/        ( 1361): fastpipe: Connect success
D/HostConnection( 1361): HostRPC::connect sucess: app=/system/bin/surfaceflinger, pid=1361, tid=2025, this=0xb6267000
D/HostConnection( 1361): queryAndSetGLESMaxVersion select gles-version: 2.0 hostGLVersion:31 process:/system/bin/surfaceflinger
I/HostConnection( 1534): HostConnection::HostConnection: pid=1534, tid=1579, this=0x9e078330
I/        ( 1534): fastpipe: Connect success
D/HostConnection( 1534): HostRPC::connect sucess: app=system_server, pid=1534, tid=1579, this=0x9e0b2000
D/HostConnection( 1534): queryAndSetGLESMaxVersion select gles-version: 2.0 hostGLVersion:31 process:system_server
E/EGL_adreno( 1361): tid 1361: eglCreateSyncKHR(1987): error 0x3004 (EGL_BAD_ATTRIBUTE)
I/EmuCoreService( 1871): Broadcast action = android.intent.action.TOP_ACTIVITY_CHANGED
I/EmuCoreService( 1871): HostService Init inited = true
E/EGL_adreno( 1916): tid 2002: eglSurfaceAttrib(1266): error 0x3009 (EGL_BAD_MATCH)
W/OpenGLRenderer( 1916): Failed to set EGL_SWAP_BEHAVIOR on surface 0xa31bca20, error=EGL_BAD_MATCH
D/EGL_adreno( 1916): eglMakeCurrent: 0xb3edd220: ver 2 0 (tinfo 0xb3f2c7b0)
W/Launcher( 1916): setApplicationContext called twice! old=com.android.launcher3.LauncherApplication@127e4a14 new=com.android.launcher3.LauncherApplication@127e4a14
W/InputMethodManagerService( 1534): Starting input on non-focused client com.android.internal.view.IInputMethodClient$Stub$Proxy@1119c9ec (uid=1000 pid=2084)
I/AppiumUnicodeIME( 1718): onFinishInput
I/AppiumUnicodeIME( 1718): onStartInput
E/WifiStateMachine( 1534): WifiStateMachine CMD_START_SCAN source -2 txSuccessRate=-0.00 rxSuccessRate=-0.00 targetRoamBSSID=00:81:ba:06:db:c6 RSSI=-45
E/WifiStateMachine( 1534): WifiStateMachine L2Connected CMD_START_SCAN source -2 2, 3 -> obsolete
D/EGL_adreno( 2084): eglMakeCurrent: 0xb3ec80a0: ver 2 0 (tinfo 0xb3f8c300)
D/EGL_adreno( 1916): eglMakeCurrent: 0xb3edd220: ver 2 0 (tinfo 0xb3f2c7b0)
D/EGL_adreno( 1916): eglMakeCurrent: 0xb3edd220: ver 2 0 (tinfo 0xb3f2c7b0)
D/EGL_adreno( 1916): eglMakeCurrent: 0xb3edd220: ver 2 0 (tinfo 0xb3f2c7b0)
W/OpenGLRenderer( 1916): Incorrectly called buildLayer on View: ShortcutAndWidgetContainer, destroying layer...
D/EGL_adreno( 1916): eglMakeCurrent: 0xb3edd220: ver 2 0 (tinfo 0xb3f2c7b0)
W/ResourceType( 1657): No package identifier when getting value for resource number 0x00000000
W/PackageManager( 1657): Failure retrieving resources for com.android.settings: Resource ID #0x0
I/ActivityManager( 1534): START u0 {act=com.android.systemui.recents.SHOW_RECENTS flg=0x10804000 cmp=com.android.systemui/.recents.RecentsActivity} from uid 10007 on display 0
V/WindowManager( 1534): addAppToken: AppWindowToken{1d116a84 token=Token{2281d897 ActivityRecord{32a3b716 u0 com.android.systemui/.recents.RecentsActivity t3}}} to stack=0 task=3 at 0
I/EmuCoreService( 1871): Broadcast action = android.intent.action.TOP_ACTIVITY_CHANGED
I/EmuCoreService( 1871): HostService Init inited = true
D/ld_audio_hw( 1367): lineFun, out_standby
D/ld_audio_hw( 1367): ld_close_output_stream, dev=0xb5875240, stream =0xb584a660
D/ld_audio_hw( 1367): ld_close_output_stream, stream=0xb584a660,  success!
D/EGL_adreno( 1916): eglMakeCurrent: 0xb3edd220: ver 2 0 (tinfo 0xb3f2c7b0)
D/OpenGLRenderer( 1657): setting property ambientRatio to 1.5
D/OpenGLRenderer( 1657): ambientRatio = 1.50
V/WindowManager( 1534): Adding window Window{15136ba1 u0 com.android.systemui/com.android.systemui.recents.RecentsActivity} at 4 of 7 (after Window{346659dd u0 com.android.launcher3/com.android.launcher3.Launcher EXITING})
E/EGL_adreno( 1657): tid 2004: eglSurfaceAttrib(1266): error 0x3009 (EGL_BAD_MATCH)
W/OpenGLRenderer( 1657): Failed to set EGL_SWAP_BEHAVIOR on surface 0xa329d020, error=EGL_BAD_MATCH
D/EGL_adreno( 1657): eglMakeCurrent: 0xb3fff8e0: ver 2 0 (tinfo 0xa300dac0)
I/ActivityManager( 1534): Displayed com.android.systemui/.recents.RecentsActivity: +154ms
I/AppiumUnicodeIME( 1718): onFinishInput
I/AppiumUnicodeIME( 1718): onStartInput
I/ActivityManager( 1534): Killing 2084:com.android.settings/1000 (adj 9): remove task
W/InputDispatcher( 1534): channel '24859951 com.android.settings/com.android.settings.SubSettings (server)' ~ Consumer closed input channel or an error occurred.  events=0x9
E/InputDispatcher( 1534): channel '24859951 com.android.settings/com.android.settings.SubSettings (server)' ~ Channel is unrecoverably broken and will be disposed!
W/InputDispatcher( 1534): channel '2df58f73 com.android.settings/com.android.settings.Settings (server)' ~ Consumer closed input channel or an error occurred.  events=0x9
E/InputDispatcher( 1534): channel '2df58f73 com.android.settings/com.android.settings.Settings (server)' ~ Channel is unrecoverably broken and will be disposed!
I/WindowState( 1534): WIN DEATH: Window{24859951 u0 com.android.settings/com.android.settings.SubSettings}
W/InputDispatcher( 1534): Attempted to unregister already unregistered input channel '24859951 com.android.settings/com.android.settings.SubSettings (server)'
D/WifiService( 1534): Client connection lost with reason: 4
I/WindowState( 1534): WIN DEATH: Window{2df58f73 u0 com.android.settings/com.android.settings.Settings}
W/InputDispatcher( 1534): Attempted to unregister already unregistered input channel '2df58f73 com.android.settings/com.android.settings.Settings (server)'
E/ActivityManager( 1534): denglibo handle startActivityAsUser Intent { act=android.intent.action.MAIN cat=[android.intent.category.HOME] flg=0x10200000 } error!!!
E/ActivityManager( 1534): java.lang.NullPointerException: Attempt to invoke virtual method 'java.lang.String android.content.ComponentName.getPackageName()' on a null object reference
E/ActivityManager( 1534): 	at com.android.server.am.ActivityManagerService.startActivityAsUser(ActivityManagerService.java:3386)
E/ActivityManager( 1534): 	at android.app.ActivityManagerNative.onTransact(ActivityManagerNative.java:163)
E/ActivityManager( 1534): 	at com.android.server.am.ActivityManagerService.onTransact(ActivityManagerService.java:2213)
E/ActivityManager( 1534): 	at android.os.Binder.execTransact(Binder.java:446)
I/ActivityManager( 1534): START u0 {act=android.intent.action.MAIN cat=[android.intent.category.HOME] flg=0x10200000 cmp=com.android.launcher3/.Launcher} from uid 10007 on display 0
I/EmuCoreService( 1871): Broadcast action = android.intent.action.TOP_ACTIVITY_CHANGED
I/EmuCoreService( 1871): HostService Init inited = true
D/EGL_adreno( 1657): eglMakeCurrent: 0xb3fff8e0: ver 2 0 (tinfo 0xa300dac0)
E/EGL_adreno( 1916): tid 2002: eglSurfaceAttrib(1266): error 0x3009 (EGL_BAD_MATCH)
W/OpenGLRenderer( 1916): Failed to set EGL_SWAP_BEHAVIOR on surface 0xa3013be0, error=EGL_BAD_MATCH
D/EGL_adreno( 1916): eglMakeCurrent: 0xb3edd220: ver 2 0 (tinfo 0xb3f2c7b0)
I/AppiumUnicodeIME( 1718): onFinishInput
I/AppiumUnicodeIME( 1718): onStartInput
D/EGL_adreno( 1916): eglMakeCurrent: 0xb3edd220: ver 2 0 (tinfo 0xb3f2c7b0)
D/EGL_adreno( 1916): eglMakeCurrent: 0xb3edd220: ver 2 0 (tinfo 0xb3f2c7b0)
D/EGL_adreno( 1916): eglMakeCurrent: 0xb3edd220: ver 2 0 (tinfo 0xb3f2c7b0)
W/OpenGLRenderer( 1916): Incorrectly called buildLayer on View: ShortcutAndWidgetContainer, destroying layer...
D/EGL_adreno( 1916): eglMakeCurrent: 0xb3edd220: ver 2 0 (tinfo 0xb3f2c7b0)
D/AdHotSeatView( 1916): updateIconButton.
D/EGL_adreno( 1657): eglMakeCurrent: 0xb3fff8e0: ver 2 0 (tinfo 0xa300dac0)
E/WifiStateMachine( 1534): WifiStateMachine CMD_START_SCAN source -2 txSuccessRate=-0.00 rxSuccessRate=-0.00 targetRoamBSSID=00:81:ba:06:db:c6 RSSI=-45
E/WifiStateMachine( 1534): denglibo mScanResults.size=1
I/LdWifi  ( 1534): ld_get_eth0_ip return 172.16.2.15
I/appproc ( 2147): denglibo exec app_process! cmdline: /system/bin com.android.commands.wm.Wm size 
D/AndroidRuntime( 2147): >>>>>> START com.android.internal.os.RuntimeInit uid 0 <<<<<<
D/AndroidRuntime( 2147): CheckJNI is OFF
D/libnativebridge( 2147): PreInitializeNativeBridge name=unknown
E/memtrack( 2147): Couldn't load memtrack module (No such file or directory)
E/android.os.Debug( 2147): failed to load memtrack module: -2
D/AndroidRuntime( 2147): Calling main entry com.android.commands.wm.Wm
D/AndroidRuntime( 2147): Shutting down VM
D/libnativebridge( 2147): call UnloadNativeBridge! state=1
D/NetworkMonitor/NetworkAgentInfo [Ethernet () - 100]( 1534): LingeringState{ when=0 what=532484 arg1=1214087999 target=com.android.internal.util.StateMachine$SmHandler }
D/ConnectivityService( 1534): handleLingerComplete for NetworkAgentInfo [Ethernet () - 100]
D/ConnectivityService( 1534): NetworkAgentInfo [Ethernet () - 100] got DISCONNECTED, was satisfying 1
D/Ethernet( 1534): NetworkAgent: NetworkAgent channel lost
D/ConnectivityService( 1534): notifyType LOST for NetworkAgentInfo [Ethernet () - 100]
D/NetworkMonitor/NetworkAgentInfo [Ethernet () - 100]( 1534): LingeringState{ when=0 what=532487 target=com.android.internal.util.StateMachine$SmHandler }
D/NetworkMonitor/NetworkAgentInfo [Ethernet () - 100]( 1534): DefaultState{ when=0 what=532487 target=com.android.internal.util.StateMachine$SmHandler }
D/NetworkMonitor/NetworkAgentInfo [Ethernet () - 100]( 1534): Disconnected - quitting
D/ConnectivityManager.CallbackHandler( 1657): CM callback handler got msg 524292
I/EthernetNetworkFactory( 1534): Updating mNetworkAgent with: [ Transports: ETHERNET Capabilities: INTERNET&NOT_RESTRICTED&TRUSTED&NOT_VPN LinkUpBandwidth>=100000Kbps LinkDnBandwidth>=100000Kbps], [type: Ethernet[], state: DISCONNECTED/DISCONNECTED, reason: (unspecified), extra: 00:db:8c:06:c6:ba, roaming: false, failover: false, isAvailable: true, isConnectedToProvisioningNetwork: false], {LinkAddresses: []  Routes: [] DnsAddresses: [] Domains: null MTU: 0}
E/ConnectivityService( 1534): EVENT_NETWORK_CAPABILITIES_CHANGED from unknown NetworkAgent
E/ConnectivityService( 1534): EVENT_NETWORK_INFO_CHANGED from unknown NetworkAgent
E/ConnectivityService( 1534): NetworkAgent not found for EVENT_NETWORK_PROPERTIES_CHANGED
E/ConnectivityService( 1534): EVENT_NETWORK_SCORE_CHANGED from unknown NetworkAgent
D/AdHotSeatView( 1916): updateIconButton.
I/appproc ( 2168): denglibo exec app_process! cmdline: /system/bin com.android.commands.wm.Wm size 
D/AndroidRuntime( 2168): >>>>>> START com.android.internal.os.RuntimeInit uid 0 <<<<<<
D/AndroidRuntime( 2168): CheckJNI is OFF
D/libnativebridge( 2168): PreInitializeNativeBridge name=unknown
E/memtrack( 2168): Couldn't load memtrack module (No such file or directory)
E/android.os.Debug( 2168): failed to load memtrack module: -2
D/AndroidRuntime( 2168): Calling main entry com.android.commands.wm.Wm
D/AndroidRuntime( 2168): Shutting down VM
D/libnativebridge( 2168): call UnloadNativeBridge! state=1
E/WifiStateMachine( 1534): WifiStateMachine CMD_START_SCAN source -2 txSuccessRate=-0.00 rxSuccessRate=-0.00 targetRoamBSSID=00:81:ba:06:db:c6 RSSI=-45
D/AdHotSeatView( 1916): updateIconButton.
D/PhoneStatusBar( 1657): disable: < expand ICONS* alerts SYSTEM_INFO* back home recent clock search >
E/EGL_adreno( 1657): tid 2004: eglSurfaceAttrib(1266): error 0x3009 (EGL_BAD_MATCH)
W/OpenGLRenderer( 1657): Failed to set EGL_SWAP_BEHAVIOR on surface 0xa314e760, error=EGL_BAD_MATCH
D/EGL_adreno( 1657): eglMakeCurrent: 0xb3fff8e0: ver 2 0 (tinfo 0xa300dac0)
D/PhoneStatusBar( 1657): disable: < expand icons* alerts system_info* back home recent clock search >
D/EGL_adreno( 1657): eglMakeCurrent: 0xb3fff8e0: ver 2 0 (tinfo 0xa300dac0)
W/InputMethodManagerService( 1534): Window already focused, ignoring focus gain of: com.android.internal.view.IInputMethodClient$Stub$Proxy@2edf939e attribute=null, token = android.os.BinderProxy@40bf9b4
E/EGL_adreno( 1657): tid 2004: eglSurfaceAttrib(1266): error 0x3009 (EGL_BAD_MATCH)
W/OpenGLRenderer( 1657): Failed to set EGL_SWAP_BEHAVIOR on surface 0xa314e760, error=EGL_BAD_MATCH
D/EGL_adreno( 1657): eglMakeCurrent: 0xb3fff8e0: ver 2 0 (tinfo 0xa300dac0)
D/PhoneStatusBar( 1657): disable: < expand ICONS* alerts SYSTEM_INFO* back home recent clock search >
E/EGL_adreno( 1657): tid 2004: eglSurfaceAttrib(1266): error 0x3009 (EGL_BAD_MATCH)
W/OpenGLRenderer( 1657): Failed to set EGL_SWAP_BEHAVIOR on surface 0xa314e760, error=EGL_BAD_MATCH
D/EGL_adreno( 1657): eglMakeCurrent: 0xb3fff8e0: ver 2 0 (tinfo 0xa300dac0)
D/BluetoothAdapter( 1657): 627239981: getState() :  mService = null. Returning STATE_OFF
D/BluetoothAdapter( 1657): 627239981: getState() :  mService = null. Returning STATE_OFF
D/BluetoothAdapter( 1657): 627239981: getState() :  mService = null. Returning STATE_OFF
D/BluetoothAdapter( 1657): 627239981: getState() :  mService = null. Returning STATE_OFF
D/PhoneStatusBar( 1657): disable: < expand icons* alerts system_info* back home recent clock search >
D/EGL_adreno( 1657): eglMakeCurrent: 0xb3fff8e0: ver 2 0 (tinfo 0xa300dac0)
W/InputMethodManagerService( 1534): Window already focused, ignoring focus gain of: com.android.internal.view.IInputMethodClient$Stub$Proxy@35fc7ae4 attribute=null, token = android.os.BinderProxy@40bf9b4
E/EGL_adreno( 1657): tid 2004: eglSurfaceAttrib(1266): error 0x3009 (EGL_BAD_MATCH)
W/OpenGLRenderer( 1657): Failed to set EGL_SWAP_BEHAVIOR on surface 0xa314e760, error=EGL_BAD_MATCH
D/EGL_adreno( 1657): eglMakeCurrent: 0xb3fff8e0: ver 2 0 (tinfo 0xa300dac0)
E/WifiStateMachine( 1534): WifiStateMachine CMD_START_SCAN source -2 txSuccessRate=-0.00 rxSuccessRate=-0.00 targetRoamBSSID=00:81:ba:06:db:c6 RSSI=-45
E/WifiStateMachine( 1534): denglibo mScanResults.size=1
I/LdWifi  ( 1534): ld_get_eth0_ip return 172.16.2.15
D/AdHotSeatView( 1916): updateIconButton.
E/WifiStateMachine( 1534): WifiStateMachine CMD_START_SCAN source -2 txSuccessRate=-0.00 rxSuccessRate=-0.00 targetRoamBSSID=00:81:ba:06:db:c6 RSSI=-45
D/AdHotSeatView( 1916): updateIconButton.
E/WifiStateMachine( 1534): WifiStateMachine CMD_START_SCAN source -2 txSuccessRate=-0.00 rxSuccessRate=-0.00 targetRoamBSSID=00:81:ba:06:db:c6 RSSI=-45
D/AdHotSeatView( 1916): updateIconButton.
E/WifiStateMachine( 1534): WifiStateMachine CMD_START_SCAN source -2 txSuccessRate=-0.00 rxSuccessRate=-0.00 targetRoamBSSID=00:81:ba:06:db:c6 RSSI=-45
E/WifiStateMachine( 1534): denglibo mScanResults.size=1
I/LdWifi  ( 1534): ld_get_eth0_ip return 172.16.2.15
I/appproc ( 2191): denglibo exec app_process! cmdline: /system/bin com.android.commands.wm.Wm size 
D/AndroidRuntime( 2191): >>>>>> START com.android.internal.os.RuntimeInit uid 0 <<<<<<
D/AndroidRuntime( 2191): CheckJNI is OFF
D/libnativebridge( 2191): PreInitializeNativeBridge name=unknown
E/memtrack( 2191): Couldn't load memtrack module (No such file or directory)
E/android.os.Debug( 2191): failed to load memtrack module: -2
D/AndroidRuntime( 2191): Calling main entry com.android.commands.wm.Wm
D/AndroidRuntime( 2191): Shutting down VM
D/libnativebridge( 2191): call UnloadNativeBridge! state=1
D/AdHotSeatView( 1916): updateIconButton.
E/WifiStateMachine( 1534): WifiStateMachine CMD_START_SCAN source -2 txSuccessRate=-0.00 rxSuccessRate=-0.00 targetRoamBSSID=00:81:ba:06:db:c6 RSSI=-45
D/AdHotSeatView( 1916): updateIconButton.
E/WifiStateMachine( 1534): WifiStateMachine CMD_START_SCAN source -2 txSuccessRate=-0.00 rxSuccessRate=-0.00 targetRoamBSSID=00:81:ba:06:db:c6 RSSI=-45
D/AdHotSeatView( 1916): updateIconButton.
E/WifiStateMachine( 1534): WifiStateMachine CMD_START_SCAN source -2 txSuccessRate=-0.00 rxSuccessRate=-0.00 targetRoamBSSID=00:81:ba:06:db:c6 RSSI=-45
D/AdHotSeatView( 1916): updateIconButton.
E/WifiStateMachine( 1534): WifiStateMachine CMD_START_SCAN source -2 txSuccessRate=-0.00 rxSuccessRate=-0.00 targetRoamBSSID=00:81:ba:06:db:c6 RSSI=-45
E/WifiStateMachine( 1534): denglibo mScanResults.size=1
I/LdWifi  ( 1534): ld_get_eth0_ip return 172.16.2.15
D/AdHotSeatView( 1916): updateIconButton.
E/WifiStateMachine( 1534): WifiStateMachine CMD_START_SCAN source -2 txSuccessRate=-0.00 rxSuccessRate=-0.00 targetRoamBSSID=00:81:ba:06:db:c6 RSSI=-45
D/AdHotSeatView( 1916): updateIconButton.
I/appproc ( 2212): denglibo exec app_process! cmdline: /system/bin com.android.commands.wm.Wm size 
D/AndroidRuntime( 2212): >>>>>> START com.android.internal.os.RuntimeInit uid 0 <<<<<<
D/AndroidRuntime( 2212): CheckJNI is OFF
D/libnativebridge( 2212): PreInitializeNativeBridge name=unknown
E/memtrack( 2212): Couldn't load memtrack module (No such file or directory)
E/android.os.Debug( 2212): failed to load memtrack module: -2
D/AndroidRuntime( 2212): Calling main entry com.android.commands.wm.Wm
D/AndroidRuntime( 2212): Shutting down VM
D/libnativebridge( 2212): call UnloadNativeBridge! state=1
I/appproc ( 2233): denglibo exec app_process! cmdline: /system/bin com.android.commands.monkey.Monkey -p com.jieshun.jslife -s 921 --throttle 300 --ignore-crashes --ignore-timeouts --pct-touch 60 --pct-trackball 12 --pct-appswitch 5 --pct-syskeys 10 --pct-motion 13 -v -v 500 
D/AndroidRuntime( 2233): >>>>>> START com.android.internal.os.RuntimeInit uid 0 <<<<<<
D/AndroidRuntime( 2233): CheckJNI is OFF
D/libnativebridge( 2233): PreInitializeNativeBridge name=unknown
E/memtrack( 2233): Couldn't load memtrack module (No such file or directory)
E/android.os.Debug( 2233): failed to load memtrack module: -2
D/AndroidRuntime( 2233): Calling main entry com.android.commands.monkey.Monkey
W/BroadcastQueue( 1534): Skipping deliver [background] BroadcastRecord{3e1a7b13 u-1 android.net.conn.CONNECTIVITY_CHANGE} to ReceiverList{6786150 2233 (unknown name)/0/u-1 remote:1a49fb4d}: process crashing
I/ActivityManager( 1534): START u0 {act=android.intent.action.MAIN cat=[android.intent.category.LAUNCHER] flg=0x10200000 cmp=com.jieshun.jslife/.activity.common.WelcomeActivity} from uid 0 on display 0
V/WindowManager( 1534): addAppToken: AppWindowToken{25a7b56f token=Token{1a66204e ActivityRecord{2c7ff49 u0 com.jieshun.jslife/.activity.common.WelcomeActivity t4}}} to stack=1 task=4 at 0
I/EmuCoreService( 1871): Broadcast action = android.intent.action.TOP_ACTIVITY_CHANGED
D/libnativebridge( 2249): PreInitializeNativeBridge name=zygote
I/ActivityManager( 1534): Start proc 2249:com.jieshun.jslife/u0a28 for activity com.jieshun.jslife/.activity.common.WelcomeActivity
I/EmuCoreService( 1871): HostService Init inited = true
V/libnb   ( 2249): enter native_bridge2_initialize /data/data/com.jieshun.jslife/code_cache arm
D/houdini ( 2249): [2249] Initialize library(version: 5.0.7b_x.48396 RELEASE)... successfully.
D/libnativebridge( 2249): denglibo call InitializeNativeBridge! ret=true
I/art     ( 1534): Explicit concurrent mark sweep GC freed 90997(4MB) AllocSpace objects, 17(272KB) LOS objects, 33% free, 13MB/20MB, paused 296us total 42.194ms
D/AudioTrack( 1534): use orig AudioTrack! mIsTimed=0 transferType=0 flags=4
D/AdHotSeatView( 1916): launcherAd.
I/ActivityManager( 1534): START u0 {flg=0x10200000 cmp=com.android.flysilkworm/.app.activity.FrameworkActivity (has extras)} from uid 10020 on display 0
D/AdHotSeatView( 1916): launcher Ad Store.
D/ld_audio_hw( 1367): ld_start_output_stream, stream=0xb584a660, sampleRate =44100, channel=2, bps=16, bufSize=2048
I/MultiDex( 2249): VM with version 2.1.0 has multidex support
I/MultiDex( 2249): install
I/MultiDex( 2249): VM has multidex support, MultiDex support library is disabled.
D/BluetoothManagerService( 1534): Message: 20
D/BluetoothManagerService( 1534): Added callback: android.bluetooth.IBluetoothManagerCallback$Stub$Proxy@31770a68:true
D/Ble     ( 2249): BluetoothLeService is not run and start BluetoothLeService
V/libnb   ( 2249): enter native_bridge2_isSupported /data/app/com.jieshun.jslife-2/lib/arm/libBaiduMapSDK_base_v4_5_2.so
V/libnb   ( 2249): enter native_bridge2_loadLibrary /data/app/com.jieshun.jslife-2/lib/arm/libBaiduMapSDK_base_v4_5_2.so
D/houdini ( 2249): [2249] Added shared library /data/app/com.jieshun.jslife-2/lib/arm/libBaiduMapSDK_base_v4_5_2.so for ClassLoader by Native Bridge.
V/libnb   ( 2249): enter native_bridge2_getTrampoline JNI_OnLoad, trampoline_addr 0x0
V/libnb   ( 2249): enter native_bridge2_getTrampoline Java_com_baidu_platform_comjni_tools_JNITools_initClass, trampoline_addr 0xb2438fc4
V/libnb   ( 2249): enter native_bridge2_getTrampoline Java_com_baidu_platform_comjni_util_JNIMD5_encodeUrlParamsValue, trampoline_addr 0xb2438f8c
W/DeviceId( 2249): galaxy lib host missing meta-data,make sure you know the right way to integrate galaxy
W/DeviceId( 2249): galaxy lib host missing meta-data,make sure you know the right way to integrate galaxy
W/DeviceId( 2249): galaxy lib host missing meta-data,make sure you know the right way to integrate galaxy
V/libnb   ( 2249): enter native_bridge2_getTrampoline Java_com_baidu_platform_comjni_util_JNISysOSAPI_create, trampoline_addr 0xb2438f54
V/libnb   ( 2249): enter native_bridge2_getTrampoline Java_com_baidu_platform_comjni_util_JNISysOSAPI_init, trampoline_addr 0xb2438f1c
I/BaiduApiAuth( 2249): BaiduApiAuth SDK Version:1.0.20
D/phoneInfo( 2249): mAppSysOSAPI not null
D/phoneInfo( 2249): Bundle[{screen_x=720, screen_y=1280, mb=vivo v3, os=Android22, sv=4.5.2, cpu=, glr=, glv=, net=0, pcn=com.jieshun.jslife, cuid=B1F8C6E95753F718BAFE862BFFE33696|819808620661568, dpi_x=320, dpi_y=320, resid=02, channel=baidu, signature=[B@2ae080b2}]
E/PermissionCheck( 2249): permission check result is: 601
I/System.out( 2249): initEngineManager 
I/System.out( 2249): initEngineManager null: true
V/libnb   ( 2249): enter native_bridge2_isSupported /data/app/com.jieshun.jslife-2/lib/arm/libapp_BaiduPanoramaAppLib.so
V/libnb   ( 2249): enter native_bridge2_loadLibrary /data/app/com.jieshun.jslife-2/lib/arm/libapp_BaiduPanoramaAppLib.so
D/houdini ( 2249): [2249] Added shared library /data/app/com.jieshun.jslife-2/lib/arm/libapp_BaiduPanoramaAppLib.so for ClassLoader by Native Bridge.
V/libnb   ( 2249): enter native_bridge2_getTrampoline JNI_OnLoad, trampoline_addr 0xb2438ee4
I/System.out( 2249): initEngineManager error 
I/System.out( 2249): initEngineManager init 
I/System.out( 2249): initEngineManager init after 
I/System.out( 2249): global application 初始化地图后
D/com.jieshun.jslife.common.AppConfig( 2249): 开始初始化APP配置信息====
D/com.jieshun.jslife.common.AppConfig( 2249): versionNo=302010
D/com.jieshun.jslife.common.AppConfig( 2249): versionName=V3.2.1
D/com.jieshun.jslife.common.AppConfig( 2249): appPackageName=com.jieshun.jslife
D/com.jieshun.jslife.common.AppConfig( 2249): openfireAddress=jsimp.jslife.com.cn
D/com.jieshun.jslife.common.AppConfig( 2249): openfirePort=7608
D/com.jieshun.jslife.common.AppConfig( 2249): yunServerJID=formal_cloud_jsh@openfire-cloud/master
D/com.jieshun.jslife.common.AppConfig( 2249): yunServerAdddress=http://www.jslife.com.cn
D/com.jieshun.jslife.common.AppConfig( 2249): voipServerAddress=39.108.231.151:7781
D/com.jieshun.jslife.common.AppConfig( 2249): baseHttpUrl=http://jsh.jslife.com.cn/jslife-service
D/com.jieshun.jslife.common.AppConfig( 2249): webBaseUrl=http://jsh.jslife.com.cn/jshapp
D/com.jieshun.jslife.common.AppConfig( 2249): signatoryCloudJid=formal_cloud_jcxt@openfire-cloud/jscsp_master
I/ActivityManager( 1534): START u0 {cmp=com.jieshun.jslife/.activity.common.LoadingActivity} from uid 10028 on display 0
V/WindowManager( 1534): addAppToken: AppWindowToken{3cd193b2 token=Token{155d51bd ActivityRecord{1be66514 u0 com.jieshun.jslife/.activity.common.LoadingActivity t4}}} to stack=1 task=4 at 1
I/EmuCoreService( 1871): Broadcast action = android.intent.action.TOP_ACTIVITY_CHANGED
I/EmuCoreService( 1871): HostService Init inited = true
E/Ble     ( 2249): BluetoothLeService  onStartCommand()
D/Ble     ( 2249):  initialize ======================== mBluetoothManager = android.bluetooth.BluetoothManager@3138f3ba
D/Ble     ( 2249):  initialize ======================== mBluetoothManager = android.bluetooth.BluetoothManager@3138f3ba
D/sensor_ld( 1534): cb_setDelay handle=0 delay-ns=20000000
I/FFmpegExtractor( 1367): android-source:0xb4024240
D/com.jieshun.jslife.service.InitService( 2249): InitService onHandleIntent, 开始初始化....
D/FFMPEG  ( 1367): android source begin open
D/FFMPEG  ( 1367): android open, url: android-source:0xb4024240
D/FFMPEG  ( 1367): ffmpeg open android data source success, source ptr: 0xb4024240
D/FFMPEG  ( 1367): android source open success
W/ImageLoader( 2249): memoryCache() and memoryCacheSize() calls overlap each other
I/FFMPEG  ( 1367): Input #0, wav, from 'android-source:0xb4024240':
I/FFMPEG  ( 1367):   Duration: 00:00:00.91, bitrate: 353 kb/s
I/FFMPEG  ( 1367):     Stream #0:0: Audio: pcm_s16le ([1][0][0][0] / 0x0001), 11025 Hz, 2 channels, s16, 352 kb/s
I/FFmpegExtractor( 1367): FFmpegExtrator, url: android-source:0xb4024240, format_name: wav, format_long_name: WAV / WAVE (Waveform Audio)
I/FFmpegExtractor( 1367): list the formats suppoted by ffmpeg: 
I/FFmpegExtractor( 1367): ========================================
I/FFmpegExtractor( 1367): ========================================
D/FFmpegExtractor( 1367): unsuppoted codec(pcm_s16le) by official Stagefright
D/FFMPEG  ( 1367): android source close
I/FFmpegExtractor( 1367): sniff through BetterSniffFFMPEG success
D/FFmpegExtractor( 1367): ffmpeg detected media content as 'audio/x-wav' with confidence 0.88
D/NuPlayerDriver( 1367): start(0xb584efa0)
I/GenericSource( 1367): start
D/NuPlayerDriver( 1367): reset(0xb584efa0)
D/NuPlayerDriver( 1367): notifyResetComplete(0xb584efa0)
D/ImageLoader( 2249): Initialize ImageLoader with configuration
D/TAG     ( 2249):  InitService 蓝牙动态秘钥 key = null JSUtils.isSupportBle(this) = true
D/XMPP    ( 2249): init success !!!!
I/FFmpegExtractor( 1367): android-source:0xb4024240
D/FFMPEG  ( 1367): android source begin open
D/FFMPEG  ( 1367): android open, url: android-source:0xb4024240
D/FFMPEG  ( 1367): ffmpeg open android data source success, source ptr: 0xb4024240
D/FFMPEG  ( 1367): android source open success
I/FFMPEG  ( 1367): Input #0, wav, from 'android-source:0xb4024240':
I/FFMPEG  ( 1367):   Duration: 00:00:01.13, bitrate: 353 kb/s
I/FFMPEG  ( 1367):     Stream #0:0: Audio: pcm_s16le ([1][0][0][0] / 0x0001), 11025 Hz, 2 channels, s16, 352 kb/s
I/FFmpegExtractor( 1367): FFmpegExtrator, url: android-source:0xb4024240, format_name: wav, format_long_name: WAV / WAVE (Waveform Audio)
I/FFmpegExtractor( 1367): list the formats suppoted by ffmpeg: 
I/FFmpegExtractor( 1367): ========================================
I/FFmpegExtractor( 1367): ========================================
D/FFmpegExtractor( 1367): unsuppoted codec(pcm_s16le) by official Stagefright
D/FFMPEG  ( 1367): android source close
I/FFmpegExtractor( 1367): sniff through BetterSniffFFMPEG success
D/FFmpegExtractor( 1367): ffmpeg detected media content as 'audio/x-wav' with confidence 0.88
D/NuPlayerDriver( 1367): start(0xb402f2e0)
I/GenericSource( 1367): start
D/NuPlayerDriver( 1367): reset(0xb402f2e0)
D/NuPlayerDriver( 1367): notifyResetComplete(0xb402f2e0)
D/com.jieshun.jslife.activity.common.LoadingActivity( 2249): context = com.jieshun.jslife.application.GlobalApplication@b5ea26b, isLogin=false, savedInstanceState = null
D/OpenGLRenderer( 2249): Use EGL_SWAP_BEHAVIOR_PRESERVED: true
I/gralloc_x86( 2249): --denglibo-- fallback_init, force return by denglibo
I/HostConnection( 2249): HostConnection::HostConnection: pid=2249, tid=2249, this=0xb3ef9f60
I/        ( 2249): fastpipe: Connect success
D/HostConnection( 2249): HostRPC::connect sucess: app=com.jieshun.jslife, pid=2249, tid=2249, this=0xb3ec1000
D/HostConnection( 2249): queryAndSetGLESMaxVersion select gles-version: 2.0 hostGLVersion:31 process:com.jieshun.jslife
I/InputDispatcher( 1534): Dropping event because there is no touchable window at (159, 242).
I/        ( 2249): fastpipe: Connect success
D/HostConnection( 2249): recv ProcessPuidReply name=com.jieshun.jslife puid=6
D/Atlas   ( 2249): Validating map...
W/InputManager( 1534): Input event injection from pid 2233 failed.
W/InputManager( 1534): Input event injection from pid 2233 failed.
W/Atlas   ( 2249): Pointer 0x0, not in getPreloadedDrawables?
W/Atlas   ( 2249): Pointer 0x0, not in getPreloadedDrawables?
W/Atlas   ( 2249): Pointer 0x0, not in getPreloadedDrawables?
W/Atlas   ( 2249): Pointer 0x0, not in getPreloadedDrawables?
W/Atlas   ( 2249): Pointer 0x0, not in getPreloadedDrawables?
W/Atlas   ( 2249): Pointer 0x0, not in getPreloadedDrawables?
W/Atlas   ( 2249): Pointer 0x0, not in getPreloadedDrawables?
W/Atlas   ( 2249): Pointer 0x0, not in getPreloadedDrawables?
W/Atlas   ( 2249): Pointer 0x0, not in getPreloadedDrawables?
W/Atlas   ( 2249): Pointer 0x0, not in getPreloadedDrawables?
W/Atlas   ( 2249): Pointer 0x0, not in getPreloadedDrawables?
W/Atlas   ( 2249): Pointer 0x0, not in getPreloadedDrawables?
W/Atlas   ( 2249): Pointer 0x0, not in getPreloadedDrawables?
W/Atlas   ( 2249): Pointer 0x0, not in getPreloadedDrawables?
W/Atlas   ( 2249): Pointer 0x0, not in getPreloadedDrawables?
W/Atlas   ( 2249): Pointer 0x0, not in getPreloadedDrawables?
W/Atlas   ( 2249): Pointer 0x0, not in getPreloadedDrawables?
W/Atlas   ( 2249): Pointer 0x0, not in getPreloadedDrawables?
W/Atlas   ( 2249): Pointer 0x0, not in getPreloadedDrawables?
W/Atlas   ( 2249): Pointer 0x0, not in getPreloadedDrawables?
W/Atlas   ( 2249): Pointer 0x0, not in getPreloadedDrawables?
W/Atlas   ( 2249): Pointer 0x0, not in getPreloadedDrawables?
W/Atlas   ( 2249): Pointer 0x0, not in getPreloadedDrawables?
W/Atlas   ( 2249): Pointer 0x0, not in getPreloadedDrawables?
W/Atlas   ( 2249): Pointer 0x0, not in getPreloadedDrawables?
W/Atlas   ( 2249): Pointer 0x0, not in getPreloadedDrawables?
W/Atlas   ( 2249): Pointer 0x0, not in getPreloadedDrawables?
W/Atlas   ( 2249): Pointer 0x0, not in getPreloadedDrawables?
W/Atlas   ( 2249): Pointer 0x0, not in getPreloadedDrawables?
W/Atlas   ( 2249): Pointer 0x0, not in getPreloadedDrawables?
W/Atlas   ( 2249): Pointer 0x0, not in getPreloadedDrawables?
W/Atlas   ( 2249): Pointer 0x0, not in getPreloadedDrawables?
W/Atlas   ( 2249): Pointer 0x0, not in getPreloadedDrawables?
W/Atlas   ( 2249): Pointer 0x0, not in getPreloadedDrawables?
W/Atlas   ( 2249): Pointer 0x0, not in getPreloadedDrawables?
W/Atlas   ( 2249): Pointer 0x0, not in getPreloadedDrawables?
W/Atlas   ( 2249): Pointer 0x0, not in getPreloadedDrawables?
W/Atlas   ( 2249): Pointer 0x0, not in getPreloadedDrawables?
W/Atlas   ( 2249): Pointer 0x0, not in getPreloadedDrawables?
W/Atlas   ( 2249): Pointer 0x0, not in getPreloadedDrawables?
W/Atlas   ( 2249): Pointer 0x0, not in getPreloadedDrawables?
W/Atlas   ( 2249): Pointer 0x0, not in getPreloadedDrawables?
W/Atlas   ( 2249): Pointer 0x0, not in getPreloadedDrawables?
W/Atlas   ( 2249): Pointer 0x0, not in getPreloadedDrawables?
W/Atlas   ( 2249): Pointer 0x0, not in getPreloadedDrawables?
W/Atlas   ( 2249): Pointer 0x0, not in getPreloadedDrawables?
W/Atlas   ( 2249): Pointer 0x0, not in getPreloadedDrawables?
W/Atlas   ( 2249): Pointer 0x0, not in getPreloadedDrawables?
W/Atlas   ( 2249): Pointer 0x0, not in getPreloadedDrawables?
W/Atlas   ( 2249): Pointer 0x0, not in getPreloadedDrawables?
W/Atlas   ( 2249): Pointer 0x0, not in getPreloadedDrawables?
W/Atlas   ( 2249): Pointer 0x0, not in getPreloadedDrawables?
W/Atlas   ( 2249): Pointer 0x0, not in getPreloadedDrawables?
W/Atlas   ( 2249): Pointer 0x0, not in getPreloadedDrawables?
W/Atlas   ( 2249): Pointer 0x0, not in getPreloadedDrawables?
W/Atlas   ( 2249): Pointer 0x0, not in getPreloadedDrawables?
W/Atlas   ( 2249): Pointer 0x0, not in getPreloadedDrawables?
W/Atlas   ( 2249): Pointer 0x0, not in getPreloadedDrawables?
W/Atlas   ( 2249): Pointer 0x0, not in getPreloadedDrawables?
W/Atlas   ( 2249): Pointer 0x0, not in getPreloadedDrawables?
W/Atlas   ( 2249): Pointer 0x0, not in getPreloadedDrawables?
W/Atlas   ( 2249): Pointer 0x0, not in getPreloadedDrawables?
W/Atlas   ( 2249): Pointer 0x0, not in getPreloadedDrawables?
W/Atlas   ( 2249): Pointer 0x0, not in getPreloadedDrawables?
W/Atlas   ( 2249): Pointer 0x0, not in getPreloadedDrawables?
W/Atlas   ( 2249): Pointer 0x0, not in getPreloadedDrawables?
W/Atlas   ( 2249): Pointer 0x0, not in getPreloadedDrawables?
W/Atlas   ( 2249): Pointer 0x0, not in getPreloadedDrawables?
W/Atlas   ( 2249): Pointer 0x0, not in getPreloadedDrawables?
W/Atlas   ( 2249): Pointer 0x0, not in getPreloadedDrawables?
W/Atlas   ( 2249): Pointer 0x0, not in getPreloadedDrawables?
W/Atlas   ( 2249): Pointer 0x0, not in getPreloadedDrawables?
W/Atlas   ( 2249): Pointer 0x0, not in getPreloadedDrawables?
W/Atlas   ( 2249): Pointer 0x0, not in getPreloadedDrawables?
W/Atlas   ( 2249): Pointer 0x0, not in getPreloadedDrawables?
W/Atlas   ( 2249): Pointer 0x0, not in getPreloadedDrawables?
W/Atlas   ( 2249): Pointer 0x0, not in getPreloadedDrawables?
W/Atlas   ( 2249): Pointer 0x0, not in getPreloadedDrawables?
W/Atlas   ( 2249): Pointer 0x0, not in getPreloadedDrawables?
W/Atlas   ( 2249): Pointer 0x0, not in getPreloadedDrawables?
W/Atlas   ( 2249): Pointer 0x0, not in getPreloadedDrawables?
W/Atlas   ( 2249): Pointer 0x0, not in getPreloadedDrawables?
W/Atlas   ( 2249): Pointer 0x0, not in getPreloadedDrawables?
W/Atlas   ( 2249): Pointer 0x0, not in getPreloadedDrawables?
W/Atlas   ( 2249): Pointer 0x0, not in getPreloadedDrawables?
W/Atlas   ( 2249): Pointer 0x0, not in getPreloadedDrawables?
W/Atlas   ( 2249): Pointer 0x0, not in getPreloadedDrawables?
W/Atlas   ( 2249): Pointer 0x0, not in getPreloadedDrawables?
W/Atlas   ( 2249): Pointer 0x0, not in getPreloadedDrawables?
W/Atlas   ( 2249): Pointer 0x0, not in getPreloadedDrawables?
W/Atlas   ( 2249): Pointer 0x0, not in getPreloadedDrawables?
W/Atlas   ( 2249): Pointer 0x0, not in getPreloadedDrawables?
W/Atlas   ( 2249): Pointer 0x0, not in getPreloadedDrawables?
W/Atlas   ( 2249): Pointer 0x0, not in getPreloadedDrawables?
W/Atlas   ( 2249): Pointer 0x0, not in getPreloadedDrawables?
W/Atlas   ( 2249): Pointer 0x0, not in getPreloadedDrawables?
W/Atlas   ( 2249): Pointer 0x0, not in getPreloadedDrawables?
W/Atlas   ( 2249): Pointer 0x0, not in getPreloadedDrawables?
W/Atlas   ( 2249): Pointer 0x0, not in getPreloadedDrawables?
W/Atlas   ( 2249): Pointer 0x0, not in getPreloadedDrawables?
W/Atlas   ( 2249): Pointer 0x0, not in getPreloadedDrawables?
W/Atlas   ( 2249): Pointer 0x0, not in getPreloadedDrawables?
W/Atlas   ( 2249): Pointer 0x0, not in getPreloadedDrawables?
W/Atlas   ( 2249): Pointer 0x0, not in getPreloadedDrawables?
W/Atlas   ( 2249): Pointer 0x0, not in getPreloadedDrawables?
W/Atlas   ( 2249): Pointer 0x0, not in getPreloadedDrawables?
W/Atlas   ( 2249): Pointer 0x0, not in getPreloadedDrawables?
W/Atlas   ( 2249): Pointer 0x0, not in getPreloadedDrawables?
W/Atlas   ( 2249): Pointer 0x0, not in getPreloadedDrawables?
W/Atlas   ( 2249): Pointer 0x0, not in getPreloadedDrawables?
W/Atlas   ( 2249): Pointer 0x0, not in getPreloadedDrawables?
W/Atlas   ( 2249): Pointer 0x0, not in getPreloadedDrawables?
W/Atlas   ( 2249): Pointer 0x0, not in getPreloadedDrawables?
W/Atlas   ( 2249): Pointer 0x0, not in getPreloadedDrawables?
W/Atlas   ( 2249): Pointer 0x0, not in getPreloadedDrawables?
W/Atlas   ( 2249): Pointer 0x0, not in getPreloadedDrawables?
W/Atlas   ( 2249): Pointer 0x0, not in getPreloadedDrawables?
W/Atlas   ( 2249): Pointer 0x0, not in getPreloadedDrawables?
W/Atlas   ( 2249): Pointer 0x0, not in getPreloadedDrawables?
W/Atlas   ( 2249): Pointer 0x0, not in getPreloadedDrawables?
W/Atlas   ( 2249): Pointer 0x0, not in getPreloadedDrawables?
W/Atlas   ( 2249): Pointer 0x0, not in getPreloadedDrawables?
W/Atlas   ( 2249): Pointer 0x0, not in getPreloadedDrawables?
W/Atlas   ( 2249): Pointer 0x0, not in getPreloadedDrawables?
W/Atlas   ( 2249): Pointer 0x0, not in getPreloadedDrawables?
W/Atlas   ( 2249): Pointer 0x0, not in getPreloadedDrawables?
W/Atlas   ( 2249): Pointer 0x0, not in getPreloadedDrawables?
W/Atlas   ( 2249): Pointer 0x0, not in getPreloadedDrawables?
W/Atlas   ( 2249): Pointer 0x0, not in getPreloadedDrawables?
W/Atlas   ( 2249): Pointer 0x0, not in getPreloadedDrawables?
W/Atlas   ( 2249): Pointer 0x0, not in getPreloadedDrawables?
W/Atlas   ( 2249): Pointer 0x0, not in getPreloadedDrawables?
W/Atlas   ( 2249): Pointer 0x0, not in getPreloadedDrawables?
W/Atlas   ( 2249): Pointer 0x0, not in getPreloadedDrawables?
W/Atlas   ( 2249): Pointer 0x0, not in getPreloadedDrawables?
W/Atlas   ( 2249): Pointer 0x0, not in getPreloadedDrawables?
W/Atlas   ( 2249): Pointer 0x0, not in getPreloadedDrawables?
W/Atlas   ( 2249): Pointer 0x0, not in getPreloadedDrawables?
W/Atlas   ( 2249): Pointer 0x0, not in getPreloadedDrawables?
W/Atlas   ( 2249): Pointer 0x0, not in getPreloadedDrawables?
W/Atlas   ( 2249): Pointer 0x0, not in getPreloadedDrawables?
W/Atlas   ( 2249): Pointer 0x0, not in getPreloadedDrawables?
W/Atlas   ( 2249): Pointer 0x0, not in getPreloadedDrawables?
W/Atlas   ( 2249): Pointer 0x0, not in getPreloadedDrawables?
W/Atlas   ( 2249): Pointer 0x0, not in getPreloadedDrawables?
W/Atlas   ( 2249): Pointer 0x0, not in getPreloadedDrawables?
W/Atlas   ( 2249): Pointer 0x0, not in getPreloadedDrawables?
W/Atlas   ( 2249): Pointer 0x0, not in getPreloadedDrawables?
W/Atlas   ( 2249): Pointer 0x0, not in getPreloadedDrawables?
W/Atlas   ( 2249): Pointer 0x0, not in getPreloadedDrawables?
W/Atlas   ( 2249): Pointer 0x0, not in getPreloadedDrawables?
W/Atlas   ( 2249): Pointer 0x0, not in getPreloadedDrawables?
W/Atlas   ( 2249): Pointer 0x0, not in getPreloadedDrawables?
W/Atlas   ( 2249): Pointer 0x0, not in getPreloadedDrawables?
W/Atlas   ( 2249): Pointer 0x0, not in getPreloadedDrawables?
W/Atlas   ( 2249): Pointer 0x0, not in getPreloadedDrawables?
W/Atlas   ( 2249): Pointer 0x0, not in getPreloadedDrawables?
W/Atlas   ( 2249): Pointer 0x0, not in getPreloadedDrawables?
W/Atlas   ( 2249): Pointer 0x0, not in getPreloadedDrawables?
W/Atlas   ( 2249): Pointer 0x0, not in getPreloadedDrawables?
W/Atlas   ( 2249): Pointer 0x0, not in getPreloadedDrawables?
W/Atlas   ( 2249): Pointer 0x0, not in getPreloadedDrawables?
W/Atlas   ( 2249): Pointer 0x0, not in getPreloadedDrawables?
W/Atlas   ( 2249): Pointer 0x0, not in getPreloadedDrawables?
W/Atlas   ( 2249): Pointer 0x0, not in getPreloadedDrawables?
V/WindowManager( 1534): Based on layer: Adding window Window{21eb242d u0 com.jieshun.jslife/com.jieshun.jslife.activity.common.LoadingActivity} at 3 of 6
I/MobclickAgent( 2249): Start new session: 97BA1DA9FE4E6A8C4FDF42FE327A7690
I/com.jieshun.jslife.service.XMPPService( 2249): start XMPPService ===============
D/WifiService( 1534): New client listening to asynchronous messages
I/com.jieshun.jslife.service.XMPPService( 2249): startRequestQueQue ===============
D/XMPP    ( 2249): startConnectToOpenfire =============== mResource=A1b852863a
D/XMPP    ( 2249):  initBase openfire resource=A1b852863a
I/XMPP    ( 2249): 断开openfire的连接----  disconnect()
E/Ble     ( 2249): BluetoothLeService  onStartCommand()
D/Ble     ( 2249):  initialize ======================== mBluetoothManager = android.bluetooth.BluetoothManager@3138f3ba
I/XMPP    ( 2249): 有网络，开始轮询登录========
D/XMPP    ( 2249):  开始轮训实名登录start Login Openfire userName = 13632836691;  pwd =123456;  resource =A1b852863a
I/XMPP    ( 2249): 发起登录openfire============== OPENFIRE=jsimp.jslife.com.cn SERVICE_NAME=openfire-cloud PORT=7608  userName=13632836691  pwd=123456 ; resource=A1b852863a
I/XMPP    ( 2249): 用户名或密码或资源名为----》userName========13632836691 ; pwd========123456 ; resource======A1b852863a
I/CallbackListener( 2249): xmppQueQue里没有请求，开始等待==========
D/sensor_ld( 1534): cb_setDelay handle=0 delay-ns=20000000
I/System.out( 2249): onGetPermissionState iError 0
I/System.out( 2249): *****key认证成功*****
I/HostConnection( 2249): HostConnection::HostConnection: pid=2249, tid=2312, this=0xadc60830
I/        ( 2249): fastpipe: Connect success
D/HostConnection( 2249): HostRPC::connect sucess: app=com.jieshun.jslife, pid=2249, tid=2312, this=0xadd3e000
D/HostConnection( 2249): queryAndSetGLESMaxVersion select gles-version: 2.0 hostGLVersion:31 process:com.jieshun.jslife
I/OpenGLRenderer( 2249): Initialized EGL, version 1.4
I/EGL_adreno( 2249): eglCreateContext request GLES major-version=2
D/EGL_adreno( 2249): eglCreateContext: 0xadd065e0: maj 2 min 0 rcv 2
D/EGL_adreno( 2249): eglMakeCurrent: 0xadd065e0: ver 2 0 (tinfo 0xadc39600)
I/FFmpegExtractor( 1367): android-source:0xb4024240
D/FFMPEG  ( 1367): android source begin open
D/FFMPEG  ( 1367): android open, url: android-source:0xb4024240
D/FFMPEG  ( 1367): ffmpeg open android data source success, source ptr: 0xb4024240
D/FFMPEG  ( 1367): android source open success
D/HostConnection( 2249): ExtendedRCEncoderContext GL_VERSION return OpenGL ES 2.0 (3.1.0 - Build 9.17.10.4229)
D/OpenGLRenderer( 2249): Enabling debug mode 0
I/FFMPEG  ( 1367): Input #0, wav, from 'android-source:0xb4024240':
I/FFMPEG  ( 1367):   Duration: 00:00:00.91, bitrate: 353 kb/s
I/FFMPEG  ( 1367):     Stream #0:0: Audio: pcm_s16le ([1][0][0][0] / 0x0001), 11025 Hz, 2 channels, s16, 352 kb/s
I/FFmpegExtractor( 1367): FFmpegExtrator, url: android-source:0xb4024240, format_name: wav, format_long_name: WAV / WAVE (Waveform Audio)
I/FFmpegExtractor( 1367): list the formats suppoted by ffmpeg: 
I/FFmpegExtractor( 1367): ========================================
I/FFmpegExtractor( 1367): ========================================
D/FFmpegExtractor( 1367): unsuppoted codec(pcm_s16le) by official Stagefright
D/FFMPEG  ( 1367): android source close
I/FFmpegExtractor( 1367): sniff through BetterSniffFFMPEG success
D/FFmpegExtractor( 1367): ffmpeg detected media content as 'audio/x-wav' with confidence 0.88
D/NuPlayerDriver( 1367): start(0xb584efa0)
I/GenericSource( 1367): start
W/System.err( 2249): SLF4J: Failed to load class "org.slf4j.impl.StaticLoggerBinder".
W/System.err( 2249): SLF4J: Defaulting to no-operation (NOP) logger implementation
W/System.err( 2249): SLF4J: See http://www.slf4j.org/codes.html#StaticLoggerBinder for further details.
D/NuPlayerDriver( 1367): reset(0xb584efa0)
E/EGL_adreno( 2249): tid 2312: eglSurfaceAttrib(1266): error 0x3009 (EGL_BAD_MATCH)
W/OpenGLRenderer( 2249): Failed to set EGL_SWAP_BEHAVIOR on surface 0xadc611a0, error=EGL_BAD_MATCH
D/EGL_adreno( 2249): eglMakeCurrent: 0xadd065e0: ver 2 0 (tinfo 0xadc39600)
D/NuPlayerDriver( 1367): notifyResetComplete(0xb584efa0)
I/FFmpegExtractor( 1367): android-source:0xb4024240
D/FFMPEG  ( 1367): android source begin open
D/FFMPEG  ( 1367): android open, url: android-source:0xb4024240
D/FFMPEG  ( 1367): ffmpeg open android data source success, source ptr: 0xb4024240
D/FFMPEG  ( 1367): android source open success
I/ActivityManager( 1534): START u0 {cmp=com.jieshun.jslife/.activity.common.MainFragmentActivity} from uid 10028 on display 0
I/AppiumUnicodeIME( 1718): onFinishInput
I/AppiumUnicodeIME( 1718): onStartInput
V/WindowManager( 1534): addAppToken: AppWindowToken{16cc974f token=Token{142bddae ActivityRecord{2d02d629 u0 com.jieshun.jslife/.activity.common.MainFragmentActivity t4}}} to stack=1 task=4 at 1
I/EmuCoreService( 1871): Broadcast action = android.intent.action.TOP_ACTIVITY_CHANGED
I/EmuCoreService( 1871): HostService Init inited = true
I/FFMPEG  ( 1367): Input #0, wav, from 'android-source:0xb4024240':
I/FFMPEG  ( 1367):   Duration: 00:00:01.13, bitrate: 353 kb/s
I/FFMPEG  ( 1367):     Stream #0:0: Audio: pcm_s16le ([1][0][0][0] / 0x0001), 11025 Hz, 2 channels, s16, 352 kb/s
I/FFmpegExtractor( 1367): FFmpegExtrator, url: android-source:0xb4024240, format_name: wav, format_long_name: WAV / WAVE (Waveform Audio)
I/FFmpegExtractor( 1367): list the formats suppoted by ffmpeg: 
I/FFmpegExtractor( 1367): ========================================
I/FFmpegExtractor( 1367): ========================================
D/FFmpegExtractor( 1367): unsuppoted codec(pcm_s16le) by official Stagefright
D/FFMPEG  ( 1367): android source close
I/FFmpegExtractor( 1367): sniff through BetterSniffFFMPEG success
D/FFmpegExtractor( 1367): ffmpeg detected media content as 'audio/x-wav' with confidence 0.88
D/NuPlayerDriver( 1367): start(0xb402f2e0)
I/GenericSource( 1367): start
D/NuPlayerDriver( 1367): reset(0xb402f2e0)
D/NuPlayerDriver( 1367): notifyResetComplete(0xb402f2e0)
D/XMPP    ( 2249): 设置请求接收和推送的回调
D/MobclickAgent( 2249): serialize entry:{"sdk_version":"6.0.6","device_id":"865166026808918","device_model":"vivo v3","version":"5.1.1","appkey":"583e226b7f2c74061f002285","channel":"WanDouJia","event":[{"4C6D91B4888A0522A5A70D9539621F23":[{"id":"guide_click_05","ts":1532916197312,"du":0,"_umpname":"com.jieshun.jslife.activity.common.WelcomeActivity","guide_click_05":""},{"id":"login_click_01","ts":1532916209253,"du":0,"login_click_01":"","_umpname":"com.jieshun.jslife.activity.userinfo.UserLoginActivity"}]}],"session":[{"id":"4C6D91B4888A0522A5A70D9539621F23","start_time":1532916194112,"end_time":1532916209546,"duration":15434,"pages":[{"page_name":"引导页","duration":3247},{"page_name":"欢迎页","duration":203},{"page_name":"登录","duration":11949}],"autopages":[{"page_name":"com.jieshun.jslife.activity.common.WelcomeActivity","duration":3245},{"page_name":"com.jieshun.jslife.activity.common.LoadingActivity","duration":203},{"page_name":"com.jieshun.jslife.activity.userinfo.UserLoginActivity","duration":11948}]}]}
D/XMPP    ( 2249): 连接成功计数器停止
D/SMACK   ( 2249): 09:02:42 上午 SENT (311610255): <stream:stream to="openfire-cloud" xmlns="jabber:client" xmlns:stream="http://etherx.jabber.org/streams" version="1.0">
D/SMACK   ( 2249): 09:02:42 上午 RCV  (311610255): <?xml version='1.0' encoding='UTF-8'?><stream:stream xmlns:stream="http://etherx.jabber.org/streams" xmlns="jabber:client" from="openfire-cloud" id="583dee02" xml:lang="en" version="1.0">
I/MobclickAgent( 2249): Send message to http://alog.umeng.com/app_logs
I/MobclickAgent( 2249): send log:succeed
D/com.jieshun.jslife.activity.common.MainFragmentActivity( 2249): context = com.jieshun.jslife.application.GlobalApplication@b5ea26b, isLogin=false, savedInstanceState = null
D/http    ( 2249): 登录 HTTP请求 Url: http://jsh.jslife.com.cn/jslife-service/user/login 
D/http    ( 2249): 参数：{"appVersion":"V3.2.1","deviceId":"865166026808918","lat":"","lng":"","opfResource":"A1b852863a","osType":"ANDROID","password":"123456","userCode":"13632836691","userType":"APP","bizSource":"APP_ANDROID","bizType":"JSLIFE"}
D/SMACK   ( 2249): 09:02:42 上午 RCV  (311610255): <stream:features><mechanisms xmlns="urn:ietf:params:xml:ns:xmpp-sasl"><mechanism>PLAIN</mechanism><mechanism>ANONYMOUS</mechanism></mechanisms><compression xmlns="http://jabber.org/features/compress"><method>zlib</method></compression><auth xmlns="http://jabber.org/features/iq-auth"/><register xmlns="http://jabber.org/features/iq-register"/></stream:features>
D/SMACK   ( 2249): 09:02:42 上午 SENT (311610255): <auth mechanism="PLAIN" xmlns="urn:ietf:params:xml:ns:xmpp-sasl">MTM2MzI4MzY2OTEAMTM2MzI4MzY2OTEAMTIzNDU2</auth>
D/SMACK   ( 2249): 09:02:42 上午 RCV  (311610255): <success xmlns="urn:ietf:params:xml:ns:xmpp-sasl"/>
D/SMACK   ( 2249): 09:02:42 上午 SENT (311610255): <stream:stream to="openfire-cloud" xmlns="jabber:client" xmlns:stream="http://etherx.jabber.org/streams" version="1.0">
D/SMACK   ( 2249): 09:02:42 上午 RCV  (311610255): <?xml version='1.0' encoding='UTF-8'?><stream:stream xmlns:stream="http://etherx.jabber.org/streams" xmlns="jabber:client" from="openfire-cloud" id="583dee02" xml:lang="en" version="1.0"><stream:features><compression xmlns="http://jabber.org/features/compress"><method>zlib</method></compression><bind xmlns="urn:ietf:params:xml:ns:xmpp-bind"/><session xmlns="urn:ietf:params:xml:ns:xmpp-session"><optional/></session></stream:features>
