I/LdWifi  ( 1537): ld_get_eth0_ip return 172.16.2.15
D/JTC     ( 2127): near tabl onReceiveLocation
I/System.out( 2127): isFirstLoc：false
D/JTC     ( 2127): near tabl onReceiveLocation
I/System.out( 2127): isFirstLoc：false
D/AdHotSeatView( 1867): updateIconButton.
D/SMACK   ( 2127): 11:25:32 上午 SENT (642662026): <iq id="8sz74-903" to="openfire-cloud" from="13632836691@openfire-cloud/A1b852863a" type="get"><ping xmlns='urn:xmpp:ping' /></iq>
D/JTC     ( 2127): near tabl onReceiveLocation
I/System.out( 2127): isFirstLoc：false
D/JTC     ( 2127): near tabl onReceiveLocation
I/System.out( 2127): isFirstLoc：false
D/SMACK   ( 2127): 11:25:38 上午 SENT (642662026): <iq id="8sz74-904" to="openfire-cloud" from="13632836691@openfire-cloud/A1b852863a" type="get"><ping xmlns='urn:xmpp:ping' /></iq>
E/WifiStateMachine( 1537): WifiStateMachine CMD_START_SCAN source -2 txSuccessRate=0.00 rxSuccessRate=0.00 targetRoamBSSID=00:81:ba:06:db:c6 RSSI=-45
D/JTC     ( 2127): near tabl onReceiveLocation
I/System.out( 2127): isFirstLoc：false
D/SMACK   ( 2127): 11:25:47 上午 SENT (642662026): <iq id="8sz74-905" to="openfire-cloud" from="13632836691@openfire-cloud/A1b852863a" type="get"><ping xmlns='urn:xmpp:ping' /></iq>
D/JTC     ( 2127): near tabl onReceiveLocation
I/System.out( 2127): isFirstLoc：false
D/AdHotSeatView( 1867): updateIconButton.
D/JTC     ( 2127): near tabl onReceiveLocation
I/System.out( 2127): isFirstLoc：false
D/JTC     ( 2127): near tabl onReceiveLocation
I/System.out( 2127): isFirstLoc：false
E/WifiStateMachine( 1537): WifiStateMachine CMD_START_SCAN source -2 txSuccessRate=0.00 rxSuccessRate=0.00 targetRoamBSSID=00:81:ba:06:db:c6 RSSI=-45
D/SMACK   ( 2127): 11:26:01 上午 SENT (642662026): <iq id="8sz74-906" to="openfire-cloud" from="13632836691@openfire-cloud/A1b852863a" type="get"><ping xmlns='urn:xmpp:ping' /></iq>
D/JTC     ( 2127): near tabl onReceiveLocation
I/System.out( 2127): isFirstLoc：false
D/SMACK   ( 2127): 11:26:07 上午 SENT (642662026): <iq id="8sz74-907" to="openfire-cloud" from="13632836691@openfire-cloud/A1b852863a" type="get"><ping xmlns='urn:xmpp:ping' /></iq>
D/JTC     ( 2127): near tabl onReceiveLocation
I/System.out( 2127): isFirstLoc：false
D/AdHotSeatView( 1867): updateIconButton.
D/JTC     ( 2127): near tabl onReceiveLocation
I/System.out( 2127): isFirstLoc：false
D/SMACK   ( 2127): 11:26:16 上午 SENT (642662026): <iq id="8sz74-908" to="openfire-cloud" from="13632836691@openfire-cloud/A1b852863a" type="get"><ping xmlns='urn:xmpp:ping' /></iq>
D/JTC     ( 2127): near tabl onReceiveLocation
I/System.out( 2127): isFirstLoc：false
E/WifiStateMachine( 1537): WifiStateMachine CMD_START_SCAN source -2 txSuccessRate=0.00 rxSuccessRate=0.00 targetRoamBSSID=00:81:ba:06:db:c6 RSSI=-45
D/JTC     ( 2127): near tabl onReceiveLocation
I/System.out( 2127): isFirstLoc：false
D/JTC     ( 2127): near tabl onReceiveLocation
I/System.out( 2127): isFirstLoc：false
D/SMACK   ( 2127): 11:26:30 上午 SENT (642662026): <iq id="8sz74-909" to="openfire-cloud" from="13632836691@openfire-cloud/A1b852863a" type="get"><ping xmlns='urn:xmpp:ping' /></iq>
D/AdHotSeatView( 1867): updateIconButton.
D/JTC     ( 2127): near tabl onReceiveLocation
I/System.out( 2127): isFirstLoc：false
D/SMACK   ( 2127): 11:26:36 上午 SENT (642662026): <iq id="8sz74-910" to="openfire-cloud" from="13632836691@openfire-cloud/A1b852863a" type="get"><ping xmlns='urn:xmpp:ping' /></iq>
D/JTC     ( 2127): near tabl onReceiveLocation
I/System.out( 2127): isFirstLoc：false
E/WifiStateMachine( 1537): WifiStateMachine CMD_START_SCAN source -2 txSuccessRate=0.00 rxSuccessRate=0.00 targetRoamBSSID=00:81:ba:06:db:c6 RSSI=-45
D/JTC     ( 2127): near tabl onReceiveLocation
I/System.out( 2127): isFirstLoc：false
D/SMACK   ( 2127): 11:26:45 上午 SENT (642662026): <iq id="8sz74-911" to="openfire-cloud" from="13632836691@openfire-cloud/A1b852863a" type="get"><ping xmlns='urn:xmpp:ping' /></iq>
D/JTC     ( 2127): near tabl onReceiveLocation
I/System.out( 2127): isFirstLoc：false
D/AdHotSeatView( 1867): updateIconButton.
D/JTC     ( 2127): near tabl onReceiveLocation
I/System.out( 2127): isFirstLoc：false
D/JTC     ( 2127): near tabl onReceiveLocation
I/System.out( 2127): isFirstLoc：false
E/WifiStateMachine( 1537): WifiStateMachine CMD_START_SCAN source -2 txSuccessRate=0.00 rxSuccessRate=0.00 targetRoamBSSID=00:81:ba:06:db:c6 RSSI=-45
D/SMACK   ( 2127): 11:26:59 上午 SENT (642662026): <iq id="8sz74-912" to="openfire-cloud" from="13632836691@openfire-cloud/A1b852863a" type="get"><ping xmlns='urn:xmpp:ping' /></iq>
D/JTC     ( 2127): near tabl onReceiveLocation
I/System.out( 2127): isFirstLoc：false
D/SMACK   ( 2127): 11:27:05 上午 SENT (642662026): <iq id="8sz74-913" to="openfire-cloud" from="13632836691@openfire-cloud/A1b852863a" type="get"><ping xmlns='urn:xmpp:ping' /></iq>
D/JTC     ( 2127): near tabl onReceiveLocation
I/System.out( 2127): isFirstLoc：false
D/AdHotSeatView( 1867): updateIconButton.
D/JTC     ( 2127): near tabl onReceiveLocation
I/System.out( 2127): isFirstLoc：false
D/SMACK   ( 2127): 11:27:14 上午 SENT (642662026): <iq id="8sz74-914" to="openfire-cloud" from="13632836691@openfire-cloud/A1b852863a" type="get"><ping xmlns='urn:xmpp:ping' /></iq>
D/JTC     ( 2127): near tabl onReceiveLocation
I/System.out( 2127): isFirstLoc：false
E/WifiStateMachine( 1537): WifiStateMachine CMD_START_SCAN source -2 txSuccessRate=0.00 rxSuccessRate=0.00 targetRoamBSSID=00:81:ba:06:db:c6 RSSI=-45
D/JTC     ( 2127): near tabl onReceiveLocation
I/System.out( 2127): isFirstLoc：false
D/JTC     ( 2127): near tabl onReceiveLocation
I/System.out( 2127): isFirstLoc：false
D/SMACK   ( 2127): 11:27:28 上午 SENT (642662026): <iq id="8sz74-915" to="openfire-cloud" from="13632836691@openfire-cloud/A1b852863a" type="get"><ping xmlns='urn:xmpp:ping' /></iq>
D/AdHotSeatView( 1867): updateIconButton.
D/JTC     ( 2127): near tabl onReceiveLocation
I/System.out( 2127): isFirstLoc：false
D/SMACK   ( 2127): 11:27:34 上午 SENT (642662026): <iq id="8sz74-916" to="openfire-cloud" from="13632836691@openfire-cloud/A1b852863a" type="get"><ping xmlns='urn:xmpp:ping' /></iq>
D/JTC     ( 2127): near tabl onReceiveLocation
I/System.out( 2127): isFirstLoc：false
E/WifiStateMachine( 1537): WifiStateMachine CMD_START_SCAN source -2 txSuccessRate=0.00 rxSuccessRate=0.00 targetRoamBSSID=00:81:ba:06:db:c6 RSSI=-45
D/JTC     ( 2127): near tabl onReceiveLocation
I/System.out( 2127): isFirstLoc：false
D/SMACK   ( 2127): 11:27:43 上午 SENT (642662026): <iq id="8sz74-917" to="openfire-cloud" from="13632836691@openfire-cloud/A1b852863a" type="get"><ping xmlns='urn:xmpp:ping' /></iq>
D/JTC     ( 2127): near tabl onReceiveLocation
I/System.out( 2127): isFirstLoc：false
D/AdHotSeatView( 1867): updateIconButton.
D/JTC     ( 2127): near tabl onReceiveLocation
I/System.out( 2127): isFirstLoc：false
D/SMACK   ( 2127): 11:27:57 上午 SENT (642662026): <iq id="8sz74-918" to="openfire-cloud" from="13632836691@openfire-cloud/A1b852863a" type="get"><ping xmlns='urn:xmpp:ping' /></iq>
D/JTC     ( 2127): near tabl onReceiveLocation
I/System.out( 2127): isFirstLoc：false
E/WifiStateMachine( 1537): WifiStateMachine CMD_START_SCAN source -2 txSuccessRate=0.00 rxSuccessRate=0.00 targetRoamBSSID=00:81:ba:06:db:c6 RSSI=-45
D/JTC     ( 2127): near tabl onReceiveLocation
I/System.out( 2127): isFirstLoc：false
D/SMACK   ( 2127): 11:28:03 上午 SENT (642662026): <iq id="8sz74-919" to="openfire-cloud" from="13632836691@openfire-cloud/A1b852863a" type="get"><ping xmlns='urn:xmpp:ping' /></iq>
D/JTC     ( 2127): near tabl onReceiveLocation
I/System.out( 2127): isFirstLoc：false
D/SMACK   ( 2127): 11:28:12 上午 SENT (642662026): <iq id="8sz74-920" to="openfire-cloud" from="13632836691@openfire-cloud/A1b852863a" type="get"><ping xmlns='urn:xmpp:ping' /></iq>
D/AdHotSeatView( 1867): updateIconButton.
D/JTC     ( 2127): near tabl onReceiveLocation
I/System.out( 2127): isFirstLoc：false
D/JTC     ( 2127): near tabl onReceiveLocation
I/System.out( 2127): isFirstLoc：false
E/WifiStateMachine( 1537): WifiStateMachine CMD_START_SCAN source -2 txSuccessRate=0.00 rxSuccessRate=0.00 targetRoamBSSID=00:81:ba:06:db:c6 RSSI=-45
D/JTC     ( 2127): near tabl onReceiveLocation
I/System.out( 2127): isFirstLoc：false
D/SMACK   ( 2127): 11:28:26 上午 SENT (642662026): <iq id="8sz74-921" to="openfire-cloud" from="13632836691@openfire-cloud/A1b852863a" type="get"><ping xmlns='urn:xmpp:ping' /></iq>
D/JTC     ( 2127): near tabl onReceiveLocation
I/System.out( 2127): isFirstLoc：false
D/SMACK   ( 2127): 11:28:32 上午 SENT (642662026): <iq id="8sz74-922" to="openfire-cloud" from="13632836691@openfire-cloud/A1b852863a" type="get"><ping xmlns='urn:xmpp:ping' /></iq>
D/AdHotSeatView( 1867): updateIconButton.
D/JTC     ( 2127): near tabl onReceiveLocation
I/System.out( 2127): isFirstLoc：false
D/JTC     ( 2127): near tabl onReceiveLocation
I/System.out( 2127): isFirstLoc：false
E/WifiStateMachine( 1537): WifiStateMachine CMD_START_SCAN source -2 txSuccessRate=0.00 rxSuccessRate=0.00 targetRoamBSSID=00:81:ba:06:db:c6 RSSI=-45
D/SMACK   ( 2127): 11:28:41 上午 SENT (642662026): <iq id="8sz74-923" to="openfire-cloud" from="13632836691@openfire-cloud/A1b852863a" type="get"><ping xmlns='urn:xmpp:ping' /></iq>
D/JTC     ( 2127): near tabl onReceiveLocation
I/System.out( 2127): isFirstLoc：false
D/JTC     ( 2127): near tabl onReceiveLocation
I/System.out( 2127): isFirstLoc：false
D/AdHotSeatView( 1867): updateIconButton.
D/JTC     ( 2127): near tabl onReceiveLocation
I/System.out( 2127): isFirstLoc：false
D/SMACK   ( 2127): 11:28:55 上午 SENT (642662026): <iq id="8sz74-924" to="openfire-cloud" from="13632836691@openfire-cloud/A1b852863a" type="get"><ping xmlns='urn:xmpp:ping' /></iq>
D/JTC     ( 2127): near tabl onReceiveLocation
I/System.out( 2127): isFirstLoc：false
E/WifiStateMachine( 1537): WifiStateMachine CMD_START_SCAN source -2 txSuccessRate=0.00 rxSuccessRate=0.00 targetRoamBSSID=00:81:ba:06:db:c6 RSSI=-45
D/SMACK   ( 2127): 11:29:01 上午 SENT (642662026): <iq id="8sz74-925" to="openfire-cloud" from="13632836691@openfire-cloud/A1b852863a" type="get"><ping xmlns='urn:xmpp:ping' /></iq>
D/JTC     ( 2127): near tabl onReceiveLocation
I/System.out( 2127): isFirstLoc：false
D/JTC     ( 2127): near tabl onReceiveLocation
I/System.out( 2127): isFirstLoc：false
D/SMACK   ( 2127): 11:29:10 上午 SENT (642662026): <iq id="8sz74-926" to="openfire-cloud" from="13632836691@openfire-cloud/A1b852863a" type="get"><ping xmlns='urn:xmpp:ping' /></iq>
D/JTC     ( 2127): near tabl onReceiveLocation
I/System.out( 2127): isFirstLoc：false
D/AdHotSeatView( 1867): updateIconButton.
D/JTC     ( 2127): near tabl onReceiveLocation
I/System.out( 2127): isFirstLoc：false
E/WifiStateMachine( 1537): WifiStateMachine CMD_START_SCAN source -2 txSuccessRate=0.00 rxSuccessRate=0.00 targetRoamBSSID=00:81:ba:06:db:c6 RSSI=-45
D/JTC     ( 2127): near tabl onReceiveLocation
I/System.out( 2127): isFirstLoc：false
D/SMACK   ( 2127): 11:29:24 上午 SENT (642662026): <iq id="8sz74-927" to="openfire-cloud" from="13632836691@openfire-cloud/A1b852863a" type="get"><ping xmlns='urn:xmpp:ping' /></iq>
D/JTC     ( 2127): near tabl onReceiveLocation
I/System.out( 2127): isFirstLoc：false
D/SMACK   ( 2127): 11:29:30 上午 SENT (642662026): <iq id="8sz74-928" to="openfire-cloud" from="13632836691@openfire-cloud/A1b852863a" type="get"><ping xmlns='urn:xmpp:ping' /></iq>
D/JTC     ( 2127): near tabl onReceiveLocation
I/System.out( 2127): isFirstLoc：false
D/AdHotSeatView( 1867): updateIconButton.
D/JTC     ( 2127): near tabl onReceiveLocation
I/System.out( 2127): isFirstLoc：false
E/WifiStateMachine( 1537): WifiStateMachine CMD_START_SCAN source -2 txSuccessRate=0.00 rxSuccessRate=0.00 targetRoamBSSID=00:81:ba:06:db:c6 RSSI=-45
D/SMACK   ( 2127): 11:29:39 上午 SENT (642662026): <iq id="8sz74-929" to="openfire-cloud" from="13632836691@openfire-cloud/A1b852863a" type="get"><ping xmlns='urn:xmpp:ping' /></iq>
D/JTC     ( 2127): near tabl onReceiveLocation
I/System.out( 2127): isFirstLoc：false
D/JTC     ( 2127): near tabl onReceiveLocation
I/System.out( 2127): isFirstLoc：false
D/JTC     ( 2127): near tabl onReceiveLocation
I/System.out( 2127): isFirstLoc：false
D/AdHotSeatView( 1867): updateIconButton.
D/SMACK   ( 2127): 11:29:53 上午 SENT (642662026): <iq id="8sz74-930" to="openfire-cloud" from="13632836691@openfire-cloud/A1b852863a" type="get"><ping xmlns='urn:xmpp:ping' /></iq>
D/JTC     ( 2127): near tabl onReceiveLocation
I/System.out( 2127): isFirstLoc：false
E/WifiStateMachine( 1537): WifiStateMachine CMD_START_SCAN source -2 txSuccessRate=0.00 rxSuccessRate=0.00 targetRoamBSSID=00:81:ba:06:db:c6 RSSI=-45
D/SMACK   ( 2127): 11:29:59 上午 SENT (642662026): <iq id="8sz74-931" to="openfire-cloud" from="13632836691@openfire-cloud/A1b852863a" type="get"><ping xmlns='urn:xmpp:ping' /></iq>
D/JTC     ( 2127): near tabl onReceiveLocation
I/System.out( 2127): isFirstLoc：false
D/JTC     ( 2127): near tabl onReceiveLocation
I/System.out( 2127): isFirstLoc：false
D/SMACK   ( 2127): 11:30:08 上午 SENT (642662026): <iq id="8sz74-932" to="openfire-cloud" from="13632836691@openfire-cloud/A1b852863a" type="get"><ping xmlns='urn:xmpp:ping' /></iq>
D/JTC     ( 2127): near tabl onReceiveLocation
I/System.out( 2127): isFirstLoc：false
D/AdHotSeatView( 1867): updateIconButton.
D/JTC     ( 2127): near tabl onReceiveLocation
I/System.out( 2127): isFirstLoc：false
E/WifiStateMachine( 1537): WifiStateMachine CMD_START_SCAN source -2 txSuccessRate=0.00 rxSuccessRate=0.00 targetRoamBSSID=00:81:ba:06:db:c6 RSSI=-45
D/SMACK   ( 2127): 11:30:22 上午 SENT (642662026): <iq id="8sz74-933" to="openfire-cloud" from="13632836691@openfire-cloud/A1b852863a" type="get"><ping xmlns='urn:xmpp:ping' /></iq>
D/JTC     ( 2127): near tabl onReceiveLocation
I/System.out( 2127): isFirstLoc：false
D/JTC     ( 2127): near tabl onReceiveLocation
I/System.out( 2127): isFirstLoc：false
D/SMACK   ( 2127): 11:30:28 上午 SENT (642662026): <iq id="8sz74-934" to="openfire-cloud" from="13632836691@openfire-cloud/A1b852863a" type="get"><ping xmlns='urn:xmpp:ping' /></iq>
D/JTC     ( 2127): near tabl onReceiveLocation
I/System.out( 2127): isFirstLoc：false
D/AdHotSeatView( 1867): updateIconButton.
D/SMACK   ( 2127): 11:30:37 上午 SENT (642662026): <iq id="8sz74-935" to="openfire-cloud" from="13632836691@openfire-cloud/A1b852863a" type="get"><ping xmlns='urn:xmpp:ping' /></iq>
D/JTC     ( 2127): near tabl onReceiveLocation
I/System.out( 2127): isFirstLoc：false
E/WifiStateMachine( 1537): WifiStateMachine CMD_START_SCAN source -2 txSuccessRate=0.00 rxSuccessRate=0.00 targetRoamBSSID=00:81:ba:06:db:c6 RSSI=-45
D/JTC     ( 2127): near tabl onReceiveLocation
I/System.out( 2127): isFirstLoc：false
D/JTC     ( 2127): near tabl onReceiveLocation
I/System.out( 2127): isFirstLoc：false
D/SMACK   ( 2127): 11:30:51 上午 SENT (642662026): <iq id="8sz74-936" to="openfire-cloud" from="13632836691@openfire-cloud/A1b852863a" type="get"><ping xmlns='urn:xmpp:ping' /></iq>
D/JTC     ( 2127): near tabl onReceiveLocation
I/System.out( 2127): isFirstLoc：false
D/AdHotSeatView( 1867): updateIconButton.
D/SMACK   ( 2127): 11:30:57 上午 SENT (642662026): <iq id="8sz74-937" to="openfire-cloud" from="13632836691@openfire-cloud/A1b852863a" type="get"><ping xmlns='urn:xmpp:ping' /></iq>
D/JTC     ( 2127): near tabl onReceiveLocation
I/System.out( 2127): isFirstLoc：false
E/WifiStateMachine( 1537): WifiStateMachine CMD_START_SCAN source -2 txSuccessRate=0.00 rxSuccessRate=0.00 targetRoamBSSID=00:81:ba:06:db:c6 RSSI=-45
D/JTC     ( 2127): near tabl onReceiveLocation
I/System.out( 2127): isFirstLoc：false
D/SMACK   ( 2127): 11:31:06 上午 SENT (642662026): <iq id="8sz74-938" to="openfire-cloud" from="13632836691@openfire-cloud/A1b852863a" type="get"><ping xmlns='urn:xmpp:ping' /></iq>
D/JTC     ( 2127): near tabl onReceiveLocation
I/System.out( 2127): isFirstLoc：false
D/JTC     ( 2127): near tabl onReceiveLocation
I/System.out( 2127): isFirstLoc：false
D/AdHotSeatView( 1867): updateIconButton.
D/JTC     ( 2127): near tabl onReceiveLocation
I/System.out( 2127): isFirstLoc：false
E/WifiStateMachine( 1537): WifiStateMachine CMD_START_SCAN source -2 txSuccessRate=0.00 rxSuccessRate=0.00 targetRoamBSSID=00:81:ba:06:db:c6 RSSI=-45
E/WifiStateMachine( 1537): denglibo mScanResults.size=1
I/LdWifi  ( 1537): ld_get_eth0_ip return 172.16.2.15
D/SMACK   ( 2127): 11:31:20 上午 SENT (642662026): <iq id="8sz74-939" to="openfire-cloud" from="13632836691@openfire-cloud/A1b852863a" type="get"><ping xmlns='urn:xmpp:ping' /></iq>
D/JTC     ( 2127): near tabl onReceiveLocation
I/System.out( 2127): isFirstLoc：false
D/SMACK   ( 2127): 11:31:26 上午 SENT (642662026): <iq id="8sz74-940" to="openfire-cloud" from="13632836691@openfire-cloud/A1b852863a" type="get"><ping xmlns='urn:xmpp:ping' /></iq>
D/JTC     ( 2127): near tabl onReceiveLocation
I/System.out( 2127): isFirstLoc：false
D/JTC     ( 2127): near tabl onReceiveLocation
I/System.out( 2127): isFirstLoc：false
D/AdHotSeatView( 1867): updateIconButton.
D/SMACK   ( 2127): 11:31:35 上午 SENT (642662026): <iq id="8sz74-941" to="openfire-cloud" from="13632836691@openfire-cloud/A1b852863a" type="get"><ping xmlns='urn:xmpp:ping' /></iq>
D/JTC     ( 2127): near tabl onReceiveLocation
I/System.out( 2127): isFirstLoc：false
E/WifiStateMachine( 1537): WifiStateMachine CMD_START_SCAN source -2 txSuccessRate=0.00 rxSuccessRate=0.00 targetRoamBSSID=00:81:ba:06:db:c6 RSSI=-45
D/JTC     ( 2127): near tabl onReceiveLocation
I/System.out( 2127): isFirstLoc：false
D/JTC     ( 2127): near tabl onReceiveLocation
I/System.out( 2127): isFirstLoc：false
D/SMACK   ( 2127): 11:31:49 上午 SENT (642662026): <iq id="8sz74-942" to="openfire-cloud" from="13632836691@openfire-cloud/A1b852863a" type="get"><ping xmlns='urn:xmpp:ping' /></iq>
D/JTC     ( 2127): near tabl onReceiveLocation
I/System.out( 2127): isFirstLoc：false
D/AdHotSeatView( 1867): updateIconButton.
D/SMACK   ( 2127): 11:31:55 上午 SENT (642662026): <iq id="8sz74-943" to="openfire-cloud" from="13632836691@openfire-cloud/A1b852863a" type="get"><ping xmlns='urn:xmpp:ping' /></iq>
D/JTC     ( 2127): near tabl onReceiveLocation
I/System.out( 2127): isFirstLoc：false
E/WifiStateMachine( 1537): WifiStateMachine CMD_START_SCAN source -2 txSuccessRate=0.00 rxSuccessRate=0.00 targetRoamBSSID=00:81:ba:06:db:c6 RSSI=-45
D/JTC     ( 2127): near tabl onReceiveLocation
I/System.out( 2127): isFirstLoc：false
D/SMACK   ( 2127): 11:32:04 上午 SENT (642662026): <iq id="8sz74-944" to="openfire-cloud" from="13632836691@openfire-cloud/A1b852863a" type="get"><ping xmlns='urn:xmpp:ping' /></iq>
D/JTC     ( 2127): near tabl onReceiveLocation
I/System.out( 2127): isFirstLoc：false
D/JTC     ( 2127): near tabl onReceiveLocation
I/System.out( 2127): isFirstLoc：false
D/AdHotSeatView( 1867): updateIconButton.
D/JTC     ( 2127): near tabl onReceiveLocation
I/System.out( 2127): isFirstLoc：false
D/SMACK   ( 2127): 11:32:18 上午 SENT (642662026): <iq id="8sz74-945" to="openfire-cloud" from="13632836691@openfire-cloud/A1b852863a" type="get"><ping xmlns='urn:xmpp:ping' /></iq>
E/WifiStateMachine( 1537): WifiStateMachine CMD_START_SCAN source -2 txSuccessRate=0.00 rxSuccessRate=0.00 targetRoamBSSID=00:81:ba:06:db:c6 RSSI=-45
D/JTC     ( 2127): near tabl onReceiveLocation
I/System.out( 2127): isFirstLoc：false
D/SMACK   ( 2127): 11:32:24 上午 SENT (642662026): <iq id="8sz74-946" to="openfire-cloud" from="13632836691@openfire-cloud/A1b852863a" type="get"><ping xmlns='urn:xmpp:ping' /></iq>
D/JTC     ( 2127): near tabl onReceiveLocation
I/System.out( 2127): isFirstLoc：false
D/JTC     ( 2127): near tabl onReceiveLocation
I/System.out( 2127): isFirstLoc：false
D/SMACK   ( 2127): 11:32:33 上午 SENT (642662026): <iq id="8sz74-947" to="openfire-cloud" from="13632836691@openfire-cloud/A1b852863a" type="get"><ping xmlns='urn:xmpp:ping' /></iq>
D/AdHotSeatView( 1867): updateIconButton.
D/JTC     ( 2127): near tabl onReceiveLocation
I/System.out( 2127): isFirstLoc：false
E/WifiStateMachine( 1537): WifiStateMachine CMD_START_SCAN source -2 txSuccessRate=0.00 rxSuccessRate=0.00 targetRoamBSSID=00:81:ba:06:db:c6 RSSI=-45
D/JTC     ( 2127): near tabl onReceiveLocation
I/System.out( 2127): isFirstLoc：false
D/SMACK   ( 2127): 11:32:47 上午 SENT (642662026): <iq id="8sz74-948" to="openfire-cloud" from="13632836691@openfire-cloud/A1b852863a" type="get"><ping xmlns='urn:xmpp:ping' /></iq>
D/JTC     ( 2127): near tabl onReceiveLocation
I/System.out( 2127): isFirstLoc：false
D/JTC     ( 2127): near tabl onReceiveLocation
I/System.out( 2127): isFirstLoc：false
D/SMACK   ( 2127): 11:32:53 上午 SENT (642662026): <iq id="8sz74-949" to="openfire-cloud" from="13632836691@openfire-cloud/A1b852863a" type="get"><ping xmlns='urn:xmpp:ping' /></iq>
D/AdHotSeatView( 1867): updateIconButton.
D/JTC     ( 2127): near tabl onReceiveLocation
I/System.out( 2127): isFirstLoc：false
E/WifiStateMachine( 1537): WifiStateMachine CMD_START_SCAN source -2 txSuccessRate=0.00 rxSuccessRate=0.00 targetRoamBSSID=00:81:ba:06:db:c6 RSSI=-45
D/SMACK   ( 2127): 11:33:02 上午 SENT (642662026): <iq id="8sz74-950" to="openfire-cloud" from="13632836691@openfire-cloud/A1b852863a" type="get"><ping xmlns='urn:xmpp:ping' /></iq>
D/JTC     ( 2127): near tabl onReceiveLocation
I/System.out( 2127): isFirstLoc：false
D/JTC     ( 2127): near tabl onReceiveLocation
I/System.out( 2127): isFirstLoc：false
D/JTC     ( 2127): near tabl onReceiveLocation
I/System.out( 2127): isFirstLoc：false
D/AdHotSeatView( 1867): updateIconButton.
D/SMACK   ( 2127): 11:33:16 上午 SENT (642662026): <iq id="8sz74-951" to="openfire-cloud" from="13632836691@openfire-cloud/A1b852863a" type="get"><ping xmlns='urn:xmpp:ping' /></iq>
D/JTC     ( 2127): near tabl onReceiveLocation
I/System.out( 2127): isFirstLoc：false
E/WifiStateMachine( 1537): WifiStateMachine CMD_START_SCAN source -2 txSuccessRate=0.00 rxSuccessRate=0.00 targetRoamBSSID=00:81:ba:06:db:c6 RSSI=-45
D/SMACK   ( 2127): 11:33:22 上午 SENT (642662026): <iq id="8sz74-952" to="openfire-cloud" from="13632836691@openfire-cloud/A1b852863a" type="get"><ping xmlns='urn:xmpp:ping' /></iq>
D/JTC     ( 2127): near tabl onReceiveLocation
I/System.out( 2127): isFirstLoc：false
D/JTC     ( 2127): near tabl onReceiveLocation
I/System.out( 2127): isFirstLoc：false
D/SMACK   ( 2127): 11:33:31 上午 SENT (642662026): <iq id="8sz74-953" to="openfire-cloud" from="13632836691@openfire-cloud/A1b852863a" type="get"><ping xmlns='urn:xmpp:ping' /></iq>
D/JTC     ( 2127): near tabl onReceiveLocation
I/System.out( 2127): isFirstLoc：false
D/AdHotSeatView( 1867): updateIconButton.
D/JTC     ( 2127): near tabl onReceiveLocation
I/System.out( 2127): isFirstLoc：false
E/WifiStateMachine( 1537): WifiStateMachine CMD_START_SCAN source -2 txSuccessRate=0.00 rxSuccessRate=0.00 targetRoamBSSID=00:81:ba:06:db:c6 RSSI=-45
D/JTC     ( 2127): near tabl onReceiveLocation
I/System.out( 2127): isFirstLoc：false
I/appproc ( 3139): denglibo exec app_process! cmdline: /system/bin com.android.commands.wm.Wm size 
D/AndroidRuntime( 3139): >>>>>> START com.android.internal.os.RuntimeInit uid 0 <<<<<<
D/AndroidRuntime( 3139): CheckJNI is OFF
D/libnativebridge( 3139): PreInitializeNativeBridge name=unknown
E/memtrack( 3139): Couldn't load memtrack module (No such file or directory)
E/android.os.Debug( 3139): failed to load memtrack module: -2
D/AndroidRuntime( 3139): Calling main entry com.android.commands.wm.Wm
D/AndroidRuntime( 3139): Shutting down VM
D/libnativebridge( 3139): call UnloadNativeBridge! state=1
D/SMACK   ( 2127): 11:33:45 上午 SENT (642662026): <iq id="8sz74-954" to="openfire-cloud" from="13632836691@openfire-cloud/A1b852863a" type="get"><ping xmlns='urn:xmpp:ping' /></iq>
I/appproc ( 3160): denglibo exec app_process! cmdline: /system/bin com.android.commands.monkey.Monkey -p com.jieshun.jslife -s 833 --throttle 300 --ignore-crashes --ignore-timeouts --pct-touch 60 --pct-trackball 12 --pct-appswitch 5 --pct-syskeys 10 --pct-motion 13 -v -v 100 
D/AndroidRuntime( 3160): >>>>>> START com.android.internal.os.RuntimeInit uid 0 <<<<<<
D/AndroidRuntime( 3160): CheckJNI is OFF
D/libnativebridge( 3160): PreInitializeNativeBridge name=unknown
E/memtrack( 3160): Couldn't load memtrack module (No such file or directory)
E/android.os.Debug( 3160): failed to load memtrack module: -2
D/AndroidRuntime( 3160): Calling main entry com.android.commands.monkey.Monkey
W/BroadcastQueue( 1537): Skipping deliver [background] BroadcastRecord{39370d6c u-1 android.net.conn.CONNECTIVITY_CHANGE} to ReceiverList{300fcf35 3160 (unknown name)/0/u-1 remote:103bd5be}: process crashing
I/ActivityManager( 1537): START u0 {act=android.intent.action.MAIN cat=[android.intent.category.LAUNCHER] flg=0x10200000 cmp=com.jieshun.jslife/.activity.common.WelcomeActivity} from uid 0 on display 0
D/AudioTrack( 1537): use orig AudioTrack! mIsTimed=0 transferType=0 flags=4
D/ld_audio_hw( 1367): ld_start_output_stream, stream=0xb584a660, sampleRate =44100, channel=2, bps=16, bufSize=2048
I/EmuCoreService( 1764): Broadcast action = android.intent.action.TOP_ACTIVITY_CHANGED
I/EmuCoreService( 1764): HostService Init inited = true
I/InputDispatcher( 1537): Dropping event because there is no touchable window at (474, 666).
W/InputManager( 1537): Input event injection from pid 3160 failed.
W/InputManager( 1537): Input event injection from pid 3160 failed.
I/AppiumUnicodeIME( 1693): onKeyDown (keyCode='24', event.keyCode='24', metaState='0')
I/AppiumUnicodeIME( 1693): onKeyUp (keyCode='24', event.keyCode='24', metaState='0')
I/MobclickAgent( 2127): Extend current session: E327E9A79659B748A3F5F5A476C15B53
E/EGL_adreno( 1656): tid 2032: eglSurfaceAttrib(1266): error 0x3009 (EGL_BAD_MATCH)
W/OpenGLRenderer( 1656): Failed to set EGL_SWAP_BEHAVIOR on surface 0xa31a6560, error=EGL_BAD_MATCH
I/Choreographer( 1537): Skipped 36 frames!  The application may be doing too much work on its main thread.
E/EGL_adreno( 2127): tid 2197: eglSurfaceAttrib(1266): error 0x3009 (EGL_BAD_MATCH)
W/OpenGLRenderer( 2127): Failed to set EGL_SWAP_BEHAVIOR on surface 0x9b20d3c0, error=EGL_BAD_MATCH
D/EGL_adreno( 1656): eglMakeCurrent: 0xadd0b220: ver 2 0 (tinfo 0xadc39730)
D/EGL_adreno( 2127): eglMakeCurrent: 0xadc34fa0: ver 2 0 (tinfo 0xadc395c0)
D/JTC     ( 2127): near tabl onReceiveLocation
I/System.out( 2127): isFirstLoc：false
I/AppiumUnicodeIME( 1693): onFinishInput
I/AppiumUnicodeIME( 1693): onStartInput
D/ld_audio_hw( 1367): lineFun, out_standby
D/ld_audio_hw( 1367): ld_close_output_stream, dev=0xb5875240, stream =0xb584a660
D/ld_audio_hw( 1367): ld_close_output_stream, stream=0xb584a660,  success!
I/AppiumUnicodeIME( 1693): onKeyDown (keyCode='4', event.keyCode='4', metaState='0')
D/AudioTrack( 1537): use orig AudioTrack! mIsTimed=0 transferType=0 flags=4
D/ld_audio_hw( 1367): ld_start_output_stream, stream=0xb584a660, sampleRate =44100, channel=2, bps=16, bufSize=2048
I/ActivityManager( 1537): START u0 {cmp=com.jieshun.jslife/.activity.userinfo.MessageSettingActivity} from uid 10028 on display 0
V/WindowManager( 1537): addAppToken: AppWindowToken{3c3e9670 token=Token{c31d0b3 ActivityRecord{20e4e22 u0 com.jieshun.jslife/.activity.userinfo.MessageSettingActivity t2}}} to stack=1 task=2 at 3
I/AppiumUnicodeIME( 1693): onKeyUp (keyCode='4', event.keyCode='4', metaState='0')
I/EmuCoreService( 1764): Broadcast action = android.intent.action.TOP_ACTIVITY_CHANGED
I/EmuCoreService( 1764): HostService Init inited = true
I/Choreographer( 1656): Skipped 50 frames!  The application may be doing too much work on its main thread.
D/AudioTrack( 1537): use orig AudioTrack! mIsTimed=0 transferType=0 flags=4
D/EGL_adreno( 2127): eglMakeCurrent: 0xadc34fa0: ver 2 0 (tinfo 0xadc395c0)
E/AudioTrack( 1537): did not receive expected priority boost on time
W/art     ( 1537): Long monitor contention event with owner method=void com.android.server.wm.WindowAnimator$1.run() from WindowAnimator.java:124 waiters=0 for 182ms
D/com.jieshun.jslife.activity.userinfo.MessageSettingActivity( 2127): context = com.jieshun.jslife.application.GlobalApplication@9bcff63, isLogin=false, savedInstanceState = null
I/CallbackListener( 2127): 请求队列xmppQueQue=========1
I/CallbackListener( 2127): requestMap add  activity = com.jieshun.jslife.activity.userinfo.MessageSettingActivity@23ad2c36  serviceId = JSCSP_MSGPUSH_QUERYCONFIG
V/WindowManager( 1537): Adding window Window{2e72a6e u0 com.jieshun.jslife/com.jieshun.jslife.activity.userinfo.MessageSettingActivity} at 6 of 10 (after Window{e40afe6 u0 com.jieshun.jslife/com.jieshun.jslife.activity.userinfo.EnterExitGateSettingActivity EXITING})
I/com.jieshun.jslife.activity.userinfo.EnterExitGateSettingActivity( 2127): onDestroy()======
D/SMACK   ( 2127): 11:33:51 上午 SENT (642662026): <iq id="f7p18p_4" to="formal_cloud_jsh@openfire-cloud/master" type="get"><dreq xmlns="xmpp:iq:shunt"><cnt>{&quot;attributes&quot;:{},&quot;dataItems&quot;:[{&quot;attributes&quot;:{&quot;userId&quot;:&quot;eaa2fc61c4784b6ba67ac352b4afc808&quot;},&quot;failItems&quot;:[],&quot;objectId&quot;:&quot;objID&quot;,&quot;operateType&quot;:&quot;READ&quot;,&quot;subItems&quot;:[]}],&quot;requestType&quot;:&quot;DIRECTIVE&quot;,&quot;seqId&quot;:&quot;f7p18p_4&quot;,&quot;serviceId&quot;:&quot;JSCSP_MSGPUSH_QUERYCONFIG&quot;}</cnt><crc>539686484</crc><mode>ASYNC</mode><type>DIRECTIVE</type></dreq></iq>
D/XMPP    ( 2127): XMPP请求------> JSCSP_MSGPUSH_QUERYCONFIG ---> 消息内容: {"attributes":{},"dataItems":[{"attributes":{"userId":"eaa2fc61c4784b6ba67ac352b4afc808"},"failItems":[],"objectId":"objID","operateType":"READ","subItems":[]}],"requestType":"DIRECTIVE","seqId":"f7p18p_4","serviceId":"JSCSP_MSGPUSH_QUERYCONFIG"}
I/MobclickAgent( 2127): Extend current session: E327E9A79659B748A3F5F5A476C15B53
E/EGL_adreno( 2127): tid 2197: eglSurfaceAttrib(1266): error 0x3009 (EGL_BAD_MATCH)
W/OpenGLRenderer( 2127): Failed to set EGL_SWAP_BEHAVIOR on surface 0x94d772c0, error=EGL_BAD_MATCH
D/SMACK   ( 2127): 11:33:51 上午 SENT (642662026): <iq id="8sz74-955" to="openfire-cloud" from="13632836691@openfire-cloud/A1b852863a" type="get"><ping xmlns='urn:xmpp:ping' /></iq>
D/EGL_adreno( 2127): eglMakeCurrent: 0xadc34fa0: ver 2 0 (tinfo 0xadc395c0)
W/ViewRootImpl( 2127): Cancelling event due to no window focus: KeyEvent { action=ACTION_UP, keyCode=KEYCODE_BACK, scanCode=0, metaState=0, flags=0x28, repeatCount=0, eventTime=10614292, downTime=10614292, deviceId=-1, source=0x101 }
W/ViewRootImpl( 2127): Cancelling event due to no window focus: KeyEvent { action=ACTION_UP, keyCode=KEYCODE_BACK, scanCode=0, metaState=0, flags=0x28, repeatCount=0, eventTime=10614292, downTime=10614292, deviceId=-1, source=0x101 }
W/ViewRootImpl( 2127): Cancelling event due to no window focus: KeyEvent { action=ACTION_UP, keyCode=KEYCODE_BACK, scanCode=0, metaState=0, flags=0x28, repeatCount=0, eventTime=10614292, downTime=10614292, deviceId=-1, source=0x101 }
W/ViewRootImpl( 2127): Cancelling event due to no window focus: KeyEvent { action=ACTION_UP, keyCode=KEYCODE_BACK, scanCode=0, metaState=0, flags=0x28, repeatCount=0, eventTime=10614292, downTime=10614292, deviceId=-1, source=0x101 }
W/ViewRootImpl( 2127): Cancelling event due to no window focus: KeyEvent { action=ACTION_UP, keyCode=KEYCODE_BACK, scanCode=0, metaState=0, flags=0x28, repeatCount=0, eventTime=10614292, downTime=10614292, deviceId=-1, source=0x101 }
W/ViewRootImpl( 2127): Cancelling event due to no window focus: KeyEvent { action=ACTION_UP, keyCode=KEYCODE_BACK, scanCode=0, metaState=0, flags=0x28, repeatCount=0, eventTime=10614292, downTime=10614292, deviceId=-1, source=0x101 }
W/ViewRootImpl( 2127): Cancelling event due to no window focus: KeyEvent { action=ACTION_UP, keyCode=KEYCODE_BACK, scanCode=0, metaState=0, flags=0x28, repeatCount=0, eventTime=10614292, downTime=10614292, deviceId=-1, source=0x101 }
W/ViewRootImpl( 2127): Cancelling event due to no window focus: KeyEvent { action=ACTION_UP, keyCode=KEYCODE_BACK, scanCode=0, metaState=0, flags=0x28, repeatCount=0, eventTime=10614292, downTime=10614292, deviceId=-1, source=0x101 }
W/ViewRootImpl( 2127): Cancelling event due to no window focus: KeyEvent { action=ACTION_UP, keyCode=KEYCODE_BACK, scanCode=0, metaState=0, flags=0x28, repeatCount=0, eventTime=10614292, downTime=10614292, deviceId=-1, source=0x101 }
I/AppiumUnicodeIME( 1693): onFinishInput
I/AppiumUnicodeIME( 1693): onStartInput
D/EGL_adreno( 2127): eglMakeCurrent: 0xadc34fa0: ver 2 0 (tinfo 0xadc395c0)
I/ActivityManager( 1537): Displayed com.jieshun.jslife/.activity.userinfo.MessageSettingActivity: +979ms
D/EGL_adreno( 1656): eglMakeCurrent: 0xadd0b220: ver 2 0 (tinfo 0xadc39730)
I/AppiumUnicodeIME( 1693): onKeyDown (keyCode='19', event.keyCode='19', metaState='0')
I/AppiumUnicodeIME( 1693): onKeyUp (keyCode='19', event.keyCode='19', metaState='0')
I/AppiumUnicodeIME( 1693): onKeyDown (keyCode='19', event.keyCode='19', metaState='0')
I/AppiumUnicodeIME( 1693): onKeyUp (keyCode='19', event.keyCode='19', metaState='0')
D/EGL_adreno( 2127): eglMakeCurrent: 0xadc34fa0: ver 2 0 (tinfo 0xadc395c0)
I/AppiumUnicodeIME( 1693): onFinishInput
I/AppiumUnicodeIME( 1693): onStartInput
I/AppiumUnicodeIME( 1693): onKeyDown (keyCode='24', event.keyCode='24', metaState='0')
I/AppiumUnicodeIME( 1693): onKeyUp (keyCode='24', event.keyCode='24', metaState='0')
E/EGL_adreno( 1656): tid 2032: eglSurfaceAttrib(1266): error 0x3009 (EGL_BAD_MATCH)
W/OpenGLRenderer( 1656): Failed to set EGL_SWAP_BEHAVIOR on surface 0xa31a6560, error=EGL_BAD_MATCH
D/EGL_adreno( 1656): eglMakeCurrent: 0xadd0b220: ver 2 0 (tinfo 0xadc39730)
I/art     ( 2127): Explicit concurrent mark sweep GC freed 135477(6MB) AllocSpace objects, 9(144KB) LOS objects, 34% free, 30MB/46MB, paused 417us total 24.381ms
D/EGL_adreno( 2127): eglMakeCurrent: 0xadc34fa0: ver 2 0 (tinfo 0xadc395c0)
I/art     ( 2127): Explicit concurrent mark sweep GC freed 1854(156KB) AllocSpace objects, 1(78KB) LOS objects, 34% free, 30MB/46MB, paused 542us total 17.394ms
I/art     ( 2127): Explicit concurrent mark sweep GC freed 3(96B) AllocSpace objects, 0(0B) LOS objects, 34% free, 30MB/46MB, paused 641us total 15.766ms
I/art     ( 2127): Explicit concurrent mark sweep GC freed 3(96B) AllocSpace objects, 0(0B) LOS objects, 34% free, 30MB/46MB, paused 522us total 15.115ms
I/art     ( 2127): Explicit concurrent mark sweep GC freed 3(96B) AllocSpace objects, 0(0B) LOS objects, 34% free, 30MB/46MB, paused 764us total 15.839ms
I/AppiumUnicodeIME( 1693): onKeyDown (keyCode='24', event.keyCode='24', metaState='0')
I/AppiumUnicodeIME( 1693): onKeyUp (keyCode='24', event.keyCode='24', metaState='0')
I/AppiumUnicodeIME( 1693): onKeyDown (keyCode='20', event.keyCode='20', metaState='0')
I/AppiumUnicodeIME( 1693): onKeyUp (keyCode='20', event.keyCode='20', metaState='0')
I/AppiumUnicodeIME( 1693): onKeyDown (keyCode='20', event.keyCode='20', metaState='0')
I/AppiumUnicodeIME( 1693): onKeyUp (keyCode='20', event.keyCode='20', metaState='0')
I/AppiumUnicodeIME( 1693): onKeyDown (keyCode='20', event.keyCode='20', metaState='0')
I/AppiumUnicodeIME( 1693): onKeyUp (keyCode='20', event.keyCode='20', metaState='0')
I/AppiumUnicodeIME( 1693): onKeyDown (keyCode='20', event.keyCode='20', metaState='0')
I/AppiumUnicodeIME( 1693): onKeyUp (keyCode='20', event.keyCode='20', metaState='0')
D/AudioTrack( 1537): use orig AudioTrack! mIsTimed=0 transferType=0 flags=4
D/EGL_adreno( 2127): eglMakeCurrent: 0xadc34fa0: ver 2 0 (tinfo 0xadc395c0)
I/AppiumUnicodeIME( 1693): onKeyDown (keyCode='19', event.keyCode='19', metaState='0')
I/AppiumUnicodeIME( 1693): onKeyUp (keyCode='19', event.keyCode='19', metaState='0')
I/AppiumUnicodeIME( 1693): onKeyDown (keyCode='19', event.keyCode='19', metaState='0')
I/AppiumUnicodeIME( 1693): onKeyUp (keyCode='19', event.keyCode='19', metaState='0')
I/AppiumUnicodeIME( 1693): onKeyDown (keyCode='19', event.keyCode='19', metaState='0')
I/AppiumUnicodeIME( 1693): onKeyUp (keyCode='19', event.keyCode='19', metaState='0')
I/AppiumUnicodeIME( 1693): onKeyDown (keyCode='19', event.keyCode='19', metaState='0')
I/AppiumUnicodeIME( 1693): onKeyUp (keyCode='19', event.keyCode='19', metaState='0')
I/AppiumUnicodeIME( 1693): onKeyDown (keyCode='5', event.keyCode='5', metaState='0')
I/AppiumUnicodeIME( 1693): onFinishInput
I/AppiumUnicodeIME( 1693): onStartInput
I/AppiumUnicodeIME( 1693): onKeyUp (keyCode='5', event.keyCode='5', metaState='0')
E/ActivityManager( 1537): denglibo handle startActivityAsUser Intent { act=android.intent.action.CALL_BUTTON flg=0x10000000 } error!!!
E/ActivityManager( 1537): java.lang.NullPointerException: Attempt to invoke virtual method 'java.lang.String android.content.ComponentName.getPackageName()' on a null object reference
E/ActivityManager( 1537): 	at com.android.server.am.ActivityManagerService.startActivityAsUser(ActivityManagerService.java:3386)
E/ActivityManager( 1537): 	at com.android.server.am.ActivityManagerService.startActivity(ActivityManagerService.java:3361)
E/ActivityManager( 1537): 	at android.app.ActivityManagerNative.onTransact(ActivityManagerNative.java:139)
E/ActivityManager( 1537): 	at com.android.server.am.ActivityManagerService.onTransact(ActivityManagerService.java:2213)
E/ActivityManager( 1537): 	at android.os.Binder.execTransact(Binder.java:446)
I/ActivityManager( 1537): START u0 {act=android.intent.action.CALL_BUTTON flg=0x10000000} from uid 10028 on display 0
W/PhoneFallbackEventHandler( 2127): No activity found for android.intent.action.CALL_BUTTON.
D/AudioTrack( 1537): use orig AudioTrack! mIsTimed=0 transferType=0 flags=4
D/EGL_adreno( 1656): eglMakeCurrent: 0xadd0b220: ver 2 0 (tinfo 0xadc39730)
I/AppiumUnicodeIME( 1693): onFinishInput
I/AppiumUnicodeIME( 1693): onStartInput
I/CallbackListener( 2127): 请求队列xmppQueQue=========1
D/EGL_adreno( 1656): eglMakeCurrent: 0xadd0b220: ver 2 0 (tinfo 0xadc39730)
D/PhoneStatusBar( 1656): disable: < expand ICONS* alerts SYSTEM_INFO* back home recent clock search >
E/EGL_adreno( 1656): tid 2032: eglSurfaceAttrib(1266): error 0x3009 (EGL_BAD_MATCH)
W/OpenGLRenderer( 1656): Failed to set EGL_SWAP_BEHAVIOR on surface 0xadc35f80, error=EGL_BAD_MATCH
D/EGL_adreno( 1656): eglMakeCurrent: 0xadd0b220: ver 2 0 (tinfo 0xadc39730)
D/BluetoothAdapter( 1656): 163791717: getState() :  mService = null. Returning STATE_OFF
D/BluetoothAdapter( 1656): 163791717: getState() :  mService = null. Returning STATE_OFF
D/BluetoothAdapter( 1656): 163791717: getState() :  mService = null. Returning STATE_OFF
D/BluetoothAdapter( 1656): 163791717: getState() :  mService = null. Returning STATE_OFF
D/AdHotSeatView( 1867): updateIconButton.
D/PhoneStatusBar( 1656): disable: < expand icons* alerts system_info* back home recent clock search >
D/EGL_adreno( 1656): eglMakeCurrent: 0xadd0b220: ver 2 0 (tinfo 0xadc39730)
W/InputMethodManagerService( 1537): Window already focused, ignoring focus gain of: com.android.internal.view.IInputMethodClient$Stub$Proxy@7110fff attribute=android.view.inputmethod.EditorInfo@135db1cc, token = android.os.BinderProxy@31c5de9
I/AppiumUnicodeIME( 1693): onFinishInput
I/AppiumUnicodeIME( 1693): onStartInput
E/EGL_adreno( 1656): tid 2032: eglSurfaceAttrib(1266): error 0x3009 (EGL_BAD_MATCH)
W/OpenGLRenderer( 1656): Failed to set EGL_SWAP_BEHAVIOR on surface 0xadc35f80, error=EGL_BAD_MATCH
D/EGL_adreno( 1656): eglMakeCurrent: 0xadd0b220: ver 2 0 (tinfo 0xadc39730)
D/PhoneStatusBar( 1656): disable: < expand ICONS* alerts SYSTEM_INFO* back home recent clock search >
D/PhoneStatusBar( 1656): disable: < expand icons* alerts system_info* back home recent clock search >
D/EGL_adreno( 1656): eglMakeCurrent: 0xadd0b220: ver 2 0 (tinfo 0xadc39730)
D/EGL_adreno( 1656): eglMakeCurrent: 0xadd0b220: ver 2 0 (tinfo 0xadc39730)
D/JTC     ( 2127): near tabl onReceiveLocation
I/System.out( 2127): isFirstLoc：false
I/CallbackListener( 2127): 请求队列xmppQueQue=========1
D/sensor_ld( 1537): cb_setDelay handle=0 delay-ns=20000000
I/AppiumUnicodeIME( 1693): onKeyDown (keyCode='21', event.keyCode='21', metaState='0')
I/AppiumUnicodeIME( 1693): onKeyUp (keyCode='21', event.keyCode='21', metaState='0')
I/AppiumUnicodeIME( 1693): onKeyDown (keyCode='21', event.keyCode='21', metaState='0')
I/AppiumUnicodeIME( 1693): onKeyUp (keyCode='21', event.keyCode='21', metaState='0')
I/AppiumUnicodeIME( 1693): onKeyDown (keyCode='21', event.keyCode='21', metaState='0')
I/AppiumUnicodeIME( 1693): onKeyUp (keyCode='21', event.keyCode='21', metaState='0')
I/AppiumUnicodeIME( 1693): onKeyDown (keyCode='21', event.keyCode='21', metaState='0')
I/AppiumUnicodeIME( 1693): onKeyUp (keyCode='21', event.keyCode='21', metaState='0')
D/sensor_ld( 1537): cb_setDelay handle=0 delay-ns=20000000
I/art     ( 3160): System.exit called, status: 0
I/AndroidRuntime( 3160): VM exiting with result code 0.
I/AppiumUnicodeIME( 1693): onFinishInput
I/AppiumUnicodeIME( 1693): onStartInput
D/ld_audio_hw( 1367): lineFun, out_standby
D/ld_audio_hw( 1367): ld_close_output_stream, dev=0xb5875240, stream =0xb584a660
D/ld_audio_hw( 1367): ld_close_output_stream, stream=0xb584a660,  success!
I/art     ( 2127): Explicit concurrent mark sweep GC freed 2190(130KB) AllocSpace objects, 2(32KB) LOS objects, 34% free, 30MB/46MB, paused 522us total 16.767ms
I/CallbackListener( 2127): 请求队列xmppQueQue=========1
I/art     ( 2127): Explicit concurrent mark sweep GC freed 54(2016B) AllocSpace objects, 0(0B) LOS objects, 34% free, 30MB/46MB, paused 593us total 16.414ms
I/art     ( 2127): Explicit concurrent mark sweep GC freed 3(96B) AllocSpace objects, 0(0B) LOS objects, 34% free, 30MB/46MB, paused 541us total 18.106ms
I/art     ( 2127): Explicit concurrent mark sweep GC freed 3(96B) AllocSpace objects, 0(0B) LOS objects, 34% free, 30MB/46MB, paused 461us total 15.649ms
I/art     ( 2127): Explicit concurrent mark sweep GC freed 3(96B) AllocSpace objects, 0(0B) LOS objects, 34% free, 30MB/46MB, paused 457us total 16.428ms
E/WifiStateMachine( 1537): WifiStateMachine CMD_START_SCAN source -2 txSuccessRate=0.00 rxSuccessRate=0.00 targetRoamBSSID=00:81:ba:06:db:c6 RSSI=-45
I/CallbackListener( 2127): 请求队列xmppQueQue=========1
D/JTC     ( 2127): near tabl onReceiveLocation
I/System.out( 2127): isFirstLoc：false
D/SMACK   ( 2127): 11:34:00 上午 SENT (642662026): <iq id="8sz74-956" to="openfire-cloud" from="13632836691@openfire-cloud/A1b852863a" type="get"><ping xmlns='urn:xmpp:ping' /></iq>
I/CallbackListener( 2127): 请求队列xmppQueQue=========1
I/CallbackListener( 2127): 请求队列xmppQueQue=========1
D/JTC     ( 2127): near tabl onReceiveLocation
I/System.out( 2127): isFirstLoc：false
I/CallbackListener( 2127): 请求队列xmppQueQue=========1
I/CallbackListener( 2127): 请求队列xmppQueQue=========1
I/CallbackListener( 2127): 请求队列xmppQueQue=========1
D/JTC     ( 2127): near tabl onReceiveLocation
I/System.out( 2127): isFirstLoc：false
I/CallbackListener( 2127): 请求队列xmppQueQue=========1
I/CallbackListener( 2127):  请求未接收到云平台响应,超时回调 request message is no response and timeout===============
I/CallbackListener( 2127): 请求队列xmppQueQuey移除=========== serviceId = JSCSP_MSGPUSH_QUERYCONFIG
I/CallbackListener( 2127): requestMap  remove  serviceId = JSCSP_MSGPUSH_QUERYCONFIG in = com.jieshun.jslife.activity.userinfo.MessageSettingActivity@23ad2c36
W/System.err( 2127): java.lang.Exception: denglibo Toast callstack! strTip=网络异常，请稍后重试
W/System.err( 2127): 	at android.widget.Toast.show(Toast.java:127)
W/System.err( 2127): 	at util.T.showShort(T.java:52)
W/System.err( 2127): 	at ui.BaseActivity.handleErrorMsg(BaseActivity.java:938)
W/System.err( 2127): 	at com.jieshun.jslife.activity.userinfo.MessageSettingActivity.handleErrorMsg(MessageSettingActivity.java:353)
W/System.err( 2127): 	at util.GeneralUtil$MainHandler1.handleMessage(GeneralUtil.java:458)
W/System.err( 2127): 	at android.os.Handler.dispatchMessage(Handler.java:102)
W/System.err( 2127): 	at android.os.Looper.loop(Looper.java:135)
W/System.err( 2127): 	at android.app.ActivityThread.main(ActivityThread.java:5254)
W/System.err( 2127): 	at java.lang.reflect.Method.invoke(Native Method)
W/System.err( 2127): 	at java.lang.reflect.Method.invoke(Method.java:372)
W/System.err( 2127): 	at com.android.internal.os.ZygoteInit$MethodAndArgsCaller.run(ZygoteInit.java:905)
W/System.err( 2127): 	at com.android.internal.os.ZygoteInit.main(ZygoteInit.java:700)
E/EGL_adreno( 2127): tid 2197: eglSurfaceAttrib(1266): error 0x3009 (EGL_BAD_MATCH)
W/OpenGLRenderer( 2127): Failed to set EGL_SWAP_BEHAVIOR on surface 0x9b139d20, error=EGL_BAD_MATCH
D/EGL_adreno( 2127): eglMakeCurrent: 0xadc34fa0: ver 2 0 (tinfo 0xadc395c0)
V/RenderScript( 2127): 0x94dcce00 Launching thread(s), CPUs 2
I/CallbackListener( 2127): xmppQueQue里没有请求，开始等待==========
D/EGL_adreno( 2127): eglMakeCurrent: 0xadc34fa0: ver 2 0 (tinfo 0xadc395c0)
D/SMACK   ( 2127): 11:34:14 上午 SENT (642662026): <iq id="8sz74-957" to="openfire-cloud" from="13632836691@openfire-cloud/A1b852863a" type="get"><ping xmlns='urn:xmpp:ping' /></iq>
D/AdHotSeatView( 1867): updateIconButton.
D/JTC     ( 2127): near tabl onReceiveLocation
I/System.out( 2127): isFirstLoc：false
E/WifiStateMachine( 1537): WifiStateMachine CMD_START_SCAN source -2 txSuccessRate=0.00 rxSuccessRate=0.00 targetRoamBSSID=00:81:ba:06:db:c6 RSSI=-45
D/JTC     ( 2127): near tabl onReceiveLocation
I/System.out( 2127): isFirstLoc：false
D/SMACK   ( 2127): 11:34:20 上午 SENT (642662026): <iq id="8sz74-958" to="openfire-cloud" from="13632836691@openfire-cloud/A1b852863a" type="get"><ping xmlns='urn:xmpp:ping' /></iq>
D/JTC     ( 2127): near tabl onReceiveLocation
I/System.out( 2127): isFirstLoc：false
D/SMACK   ( 2127): 11:34:29 上午 SENT (642662026): <iq id="8sz74-959" to="openfire-cloud" from="13632836691@openfire-cloud/A1b852863a" type="get"><ping xmlns='urn:xmpp:ping' /></iq>
D/JTC     ( 2127): near tabl onReceiveLocation
I/System.out( 2127): isFirstLoc：false
D/AdHotSeatView( 1867): updateIconButton.
D/JTC     ( 2127): near tabl onReceiveLocation
I/System.out( 2127): isFirstLoc：false
E/WifiStateMachine( 1537): WifiStateMachine CMD_START_SCAN source -2 txSuccessRate=0.00 rxSuccessRate=0.00 targetRoamBSSID=00:81:ba:06:db:c6 RSSI=-45
D/JTC     ( 2127): near tabl onReceiveLocation
I/System.out( 2127): isFirstLoc：false
D/SMACK   ( 2127): 11:34:43 上午 SENT (642662026): <iq id="8sz74-960" to="openfire-cloud" from="13632836691@openfire-cloud/A1b852863a" type="get"><ping xmlns='urn:xmpp:ping' /></iq>
D/JTC     ( 2127): near tabl onReceiveLocation
I/System.out( 2127): isFirstLoc：false
D/SMACK   ( 2127): 11:34:49 上午 SENT (642662026): <iq id="8sz74-961" to="openfire-cloud" from="13632836691@openfire-cloud/A1b852863a" type="get"><ping xmlns='urn:xmpp:ping' /></iq>
D/JTC     ( 2127): near tabl onReceiveLocation
I/System.out( 2127): isFirstLoc：false
D/AdHotSeatView( 1867): updateIconButton.
D/JTC     ( 2127): near tabl onReceiveLocation
I/System.out( 2127): isFirstLoc：false
D/SMACK   ( 2127): 11:34:58 上午 SENT (642662026): <iq id="8sz74-962" to="openfire-cloud" from="13632836691@openfire-cloud/A1b852863a" type="get"><ping xmlns='urn:xmpp:ping' /></iq>
E/WifiStateMachine( 1537): WifiStateMachine CMD_START_SCAN source -2 txSuccessRate=0.00 rxSuccessRate=0.00 targetRoamBSSID=00:81:ba:06:db:c6 RSSI=-45
D/JTC     ( 2127): near tabl onReceiveLocation
I/System.out( 2127): isFirstLoc：false
D/JTC     ( 2127): near tabl onReceiveLocation
I/System.out( 2127): isFirstLoc：false
D/JTC     ( 2127): near tabl onReceiveLocation
I/System.out( 2127): isFirstLoc：false
D/SMACK   ( 2127): 11:35:12 上午 SENT (642662026): <iq id="8sz74-963" to="openfire-cloud" from="13632836691@openfire-cloud/A1b852863a" type="get"><ping xmlns='urn:xmpp:ping' /></iq>
D/AdHotSeatView( 1867): updateIconButton.
D/JTC     ( 2127): near tabl onReceiveLocation
I/System.out( 2127): isFirstLoc：false
D/SMACK   ( 2127): 11:35:18 上午 SENT (642662026): <iq id="8sz74-964" to="openfire-cloud" from="13632836691@openfire-cloud/A1b852863a" type="get"><ping xmlns='urn:xmpp:ping' /></iq>
E/WifiStateMachine( 1537): WifiStateMachine CMD_START_SCAN source -2 txSuccessRate=0.00 rxSuccessRate=0.00 targetRoamBSSID=00:81:ba:06:db:c6 RSSI=-45
D/JTC     ( 2127): near tabl onReceiveLocation
I/System.out( 2127): isFirstLoc：false
D/JTC     ( 2127): near tabl onReceiveLocation
I/System.out( 2127): isFirstLoc：false
D/SMACK   ( 2127): 11:35:27 上午 SENT (642662026): <iq id="8sz74-965" to="openfire-cloud" from="13632836691@openfire-cloud/A1b852863a" type="get"><ping xmlns='urn:xmpp:ping' /></iq>
D/JTC     ( 2127): near tabl onReceiveLocation
I/System.out( 2127): isFirstLoc：false
D/AdHotSeatView( 1867): updateIconButton.
D/JTC     ( 2127): near tabl onReceiveLocation
I/System.out( 2127): isFirstLoc：false
E/WifiStateMachine( 1537): WifiStateMachine CMD_START_SCAN source -2 txSuccessRate=0.00 rxSuccessRate=0.00 targetRoamBSSID=00:81:ba:06:db:c6 RSSI=-45
D/JTC     ( 2127): near tabl onReceiveLocation
I/System.out( 2127): isFirstLoc：false
D/SMACK   ( 2127): 11:35:41 上午 SENT (642662026): <iq id="8sz74-966" to="openfire-cloud" from="13632836691@openfire-cloud/A1b852863a" type="get"><ping xmlns='urn:xmpp:ping' /></iq>
D/JTC     ( 2127): near tabl onReceiveLocation
I/System.out( 2127): isFirstLoc：false
D/SMACK   ( 2127): 11:35:47 上午 SENT (642662026): <iq id="8sz74-967" to="openfire-cloud" from="13632836691@openfire-cloud/A1b852863a" type="get"><ping xmlns='urn:xmpp:ping' /></iq>
D/JTC     ( 2127): near tabl onReceiveLocation
I/System.out( 2127): isFirstLoc：false
D/AdHotSeatView( 1867): updateIconButton.
D/JTC     ( 2127): near tabl onReceiveLocation
I/System.out( 2127): isFirstLoc：false
