D/JTC     ( 2127): near tabl onReceiveLocation
I/System.out( 2127): isFirstLoc：false
D/SMACK   ( 2127): 11:17:34 上午 SENT (642662026): <iq id="8sz74-854" to="openfire-cloud" from="13632836691@openfire-cloud/A1b852863a" type="get"><ping xmlns='urn:xmpp:ping' /></iq>
D/JTC     ( 2127): near tabl onReceiveLocation
I/System.out( 2127): isFirstLoc：false
E/WifiStateMachine( 1537): WifiStateMachine CMD_START_SCAN source -2 txSuccessRate=0.00 rxSuccessRate=0.00 targetRoamBSSID=00:81:ba:06:db:c6 RSSI=-45
D/JTC     ( 2127): near tabl onReceiveLocation
I/System.out( 2127): isFirstLoc：false
D/JTC     ( 2127): near tabl onReceiveLocation
I/System.out( 2127): isFirstLoc：false
D/SMACK   ( 2127): 11:17:48 上午 SENT (642662026): <iq id="8sz74-855" to="openfire-cloud" from="13632836691@openfire-cloud/A1b852863a" type="get"><ping xmlns='urn:xmpp:ping' /></iq>
D/AdHotSeatView( 1867): updateIconButton.
D/JTC     ( 2127): near tabl onReceiveLocation
I/System.out( 2127): isFirstLoc：false
D/SMACK   ( 2127): 11:17:54 上午 SENT (642662026): <iq id="8sz74-856" to="openfire-cloud" from="13632836691@openfire-cloud/A1b852863a" type="get"><ping xmlns='urn:xmpp:ping' /></iq>
D/JTC     ( 2127): near tabl onReceiveLocation
I/System.out( 2127): isFirstLoc：false
E/WifiStateMachine( 1537): WifiStateMachine CMD_START_SCAN source -2 txSuccessRate=0.00 rxSuccessRate=0.00 targetRoamBSSID=00:81:ba:06:db:c6 RSSI=-45
D/JTC     ( 2127): near tabl onReceiveLocation
I/System.out( 2127): isFirstLoc：false
D/SMACK   ( 2127): 11:18:03 上午 SENT (642662026): <iq id="8sz74-857" to="openfire-cloud" from="13632836691@openfire-cloud/A1b852863a" type="get"><ping xmlns='urn:xmpp:ping' /></iq>
D/JTC     ( 2127): near tabl onReceiveLocation
I/System.out( 2127): isFirstLoc：false
D/AdHotSeatView( 1867): updateIconButton.
D/JTC     ( 2127): near tabl onReceiveLocation
I/System.out( 2127): isFirstLoc：false
D/SMACK   ( 2127): 11:18:17 上午 SENT (642662026): <iq id="8sz74-858" to="openfire-cloud" from="13632836691@openfire-cloud/A1b852863a" type="get"><ping xmlns='urn:xmpp:ping' /></iq>
D/JTC     ( 2127): near tabl onReceiveLocation
I/System.out( 2127): isFirstLoc：false
E/WifiStateMachine( 1537): WifiStateMachine CMD_START_SCAN source -2 txSuccessRate=0.00 rxSuccessRate=0.00 targetRoamBSSID=00:81:ba:06:db:c6 RSSI=-45
D/JTC     ( 2127): near tabl onReceiveLocation
I/System.out( 2127): isFirstLoc：false
D/SMACK   ( 2127): 11:18:23 上午 SENT (642662026): <iq id="8sz74-859" to="openfire-cloud" from="13632836691@openfire-cloud/A1b852863a" type="get"><ping xmlns='urn:xmpp:ping' /></iq>
D/JTC     ( 2127): near tabl onReceiveLocation
I/System.out( 2127): isFirstLoc：false
D/AdHotSeatView( 1867): updateIconButton.
D/SMACK   ( 2127): 11:18:32 上午 SENT (642662026): <iq id="8sz74-860" to="openfire-cloud" from="13632836691@openfire-cloud/A1b852863a" type="get"><ping xmlns='urn:xmpp:ping' /></iq>
D/JTC     ( 2127): near tabl onReceiveLocation
I/System.out( 2127): isFirstLoc：false
D/JTC     ( 2127): near tabl onReceiveLocation
I/System.out( 2127): isFirstLoc：false
E/WifiStateMachine( 1537): WifiStateMachine CMD_START_SCAN source -2 txSuccessRate=0.00 rxSuccessRate=0.00 targetRoamBSSID=00:81:ba:06:db:c6 RSSI=-45
D/JTC     ( 2127): near tabl onReceiveLocation
I/System.out( 2127): isFirstLoc：false
D/SMACK   ( 2127): 11:18:46 上午 SENT (642662026): <iq id="8sz74-861" to="openfire-cloud" from="13632836691@openfire-cloud/A1b852863a" type="get"><ping xmlns='urn:xmpp:ping' /></iq>
D/JTC     ( 2127): near tabl onReceiveLocation
I/System.out( 2127): isFirstLoc：false
D/AdHotSeatView( 1867): updateIconButton.
D/SMACK   ( 2127): 11:18:52 上午 SENT (642662026): <iq id="8sz74-862" to="openfire-cloud" from="13632836691@openfire-cloud/A1b852863a" type="get"><ping xmlns='urn:xmpp:ping' /></iq>
D/JTC     ( 2127): near tabl onReceiveLocation
I/System.out( 2127): isFirstLoc：false
D/JTC     ( 2127): near tabl onReceiveLocation
I/System.out( 2127): isFirstLoc：false
E/WifiStateMachine( 1537): WifiStateMachine CMD_START_SCAN source -2 txSuccessRate=0.00 rxSuccessRate=0.00 targetRoamBSSID=00:81:ba:06:db:c6 RSSI=-45
D/SMACK   ( 2127): 11:19:01 上午 SENT (642662026): <iq id="8sz74-863" to="openfire-cloud" from="13632836691@openfire-cloud/A1b852863a" type="get"><ping xmlns='urn:xmpp:ping' /></iq>
D/JTC     ( 2127): near tabl onReceiveLocation
I/System.out( 2127): isFirstLoc：false
D/JTC     ( 2127): near tabl onReceiveLocation
I/System.out( 2127): isFirstLoc：false
D/AdHotSeatView( 1867): updateIconButton.
D/JTC     ( 2127): near tabl onReceiveLocation
I/System.out( 2127): isFirstLoc：false
D/SMACK   ( 2127): 11:19:15 上午 SENT (642662026): <iq id="8sz74-864" to="openfire-cloud" from="13632836691@openfire-cloud/A1b852863a" type="get"><ping xmlns='urn:xmpp:ping' /></iq>
D/JTC     ( 2127): near tabl onReceiveLocation
I/System.out( 2127): isFirstLoc：false
E/WifiStateMachine( 1537): WifiStateMachine CMD_START_SCAN source -2 txSuccessRate=0.00 rxSuccessRate=0.00 targetRoamBSSID=00:81:ba:06:db:c6 RSSI=-45
E/WifiStateMachine( 1537): denglibo mScanResults.size=1
I/LdWifi  ( 1537): ld_get_eth0_ip return 172.16.2.15
D/SMACK   ( 2127): 11:19:21 上午 SENT (642662026): <iq id="8sz74-865" to="openfire-cloud" from="13632836691@openfire-cloud/A1b852863a" type="get"><ping xmlns='urn:xmpp:ping' /></iq>
D/JTC     ( 2127): near tabl onReceiveLocation
I/System.out( 2127): isFirstLoc：false
D/JTC     ( 2127): near tabl onReceiveLocation
I/System.out( 2127): isFirstLoc：false
D/SMACK   ( 2127): 11:19:30 上午 SENT (642662026): <iq id="8sz74-866" to="openfire-cloud" from="13632836691@openfire-cloud/A1b852863a" type="get"><ping xmlns='urn:xmpp:ping' /></iq>
D/AdHotSeatView( 1867): updateIconButton.
D/JTC     ( 2127): near tabl onReceiveLocation
I/System.out( 2127): isFirstLoc：false
D/JTC     ( 2127): near tabl onReceiveLocation
I/System.out( 2127): isFirstLoc：false
E/WifiStateMachine( 1537): WifiStateMachine CMD_START_SCAN source -2 txSuccessRate=0.00 rxSuccessRate=0.00 targetRoamBSSID=00:81:ba:06:db:c6 RSSI=-45
D/JTC     ( 2127): near tabl onReceiveLocation
I/System.out( 2127): isFirstLoc：false
D/SMACK   ( 2127): 11:19:44 上午 SENT (642662026): <iq id="8sz74-867" to="openfire-cloud" from="13632836691@openfire-cloud/A1b852863a" type="get"><ping xmlns='urn:xmpp:ping' /></iq>
D/JTC     ( 2127): near tabl onReceiveLocation
I/System.out( 2127): isFirstLoc：false
D/SMACK   ( 2127): 11:19:50 上午 SENT (642662026): <iq id="8sz74-868" to="openfire-cloud" from="13632836691@openfire-cloud/A1b852863a" type="get"><ping xmlns='urn:xmpp:ping' /></iq>
D/AdHotSeatView( 1867): updateIconButton.
D/JTC     ( 2127): near tabl onReceiveLocation
I/System.out( 2127): isFirstLoc：false
D/JTC     ( 2127): near tabl onReceiveLocation
I/System.out( 2127): isFirstLoc：false
E/WifiStateMachine( 1537): WifiStateMachine CMD_START_SCAN source -2 txSuccessRate=0.00 rxSuccessRate=0.00 targetRoamBSSID=00:81:ba:06:db:c6 RSSI=-45
D/SMACK   ( 2127): 11:19:59 上午 SENT (642662026): <iq id="8sz74-869" to="openfire-cloud" from="13632836691@openfire-cloud/A1b852863a" type="get"><ping xmlns='urn:xmpp:ping' /></iq>
D/JTC     ( 2127): near tabl onReceiveLocation
I/System.out( 2127): isFirstLoc：false
D/JTC     ( 2127): near tabl onReceiveLocation
I/System.out( 2127): isFirstLoc：false
D/AdHotSeatView( 1867): updateIconButton.
D/JTC     ( 2127): near tabl onReceiveLocation
I/System.out( 2127): isFirstLoc：false
D/SMACK   ( 2127): 11:20:13 上午 SENT (642662026): <iq id="8sz74-870" to="openfire-cloud" from="13632836691@openfire-cloud/A1b852863a" type="get"><ping xmlns='urn:xmpp:ping' /></iq>
D/JTC     ( 2127): near tabl onReceiveLocation
I/System.out( 2127): isFirstLoc：false
E/WifiStateMachine( 1537): WifiStateMachine CMD_START_SCAN source -2 txSuccessRate=0.00 rxSuccessRate=0.00 targetRoamBSSID=00:81:ba:06:db:c6 RSSI=-45
D/SMACK   ( 2127): 11:20:19 上午 SENT (642662026): <iq id="8sz74-871" to="openfire-cloud" from="13632836691@openfire-cloud/A1b852863a" type="get"><ping xmlns='urn:xmpp:ping' /></iq>
D/JTC     ( 2127): near tabl onReceiveLocation
I/System.out( 2127): isFirstLoc：false
D/JTC     ( 2127): near tabl onReceiveLocation
I/System.out( 2127): isFirstLoc：false
D/SMACK   ( 2127): 11:20:28 上午 SENT (642662026): <iq id="8sz74-872" to="openfire-cloud" from="13632836691@openfire-cloud/A1b852863a" type="get"><ping xmlns='urn:xmpp:ping' /></iq>
D/AdHotSeatView( 1867): updateIconButton.
D/JTC     ( 2127): near tabl onReceiveLocation
I/System.out( 2127): isFirstLoc：false
D/JTC     ( 2127): near tabl onReceiveLocation
I/System.out( 2127): isFirstLoc：false
E/WifiStateMachine( 1537): WifiStateMachine CMD_START_SCAN source -2 txSuccessRate=0.00 rxSuccessRate=0.00 targetRoamBSSID=00:81:ba:06:db:c6 RSSI=-45
D/SMACK   ( 2127): 11:20:42 上午 SENT (642662026): <iq id="8sz74-873" to="openfire-cloud" from="13632836691@openfire-cloud/A1b852863a" type="get"><ping xmlns='urn:xmpp:ping' /></iq>
D/JTC     ( 2127): near tabl onReceiveLocation
I/System.out( 2127): isFirstLoc：false
D/JTC     ( 2127): near tabl onReceiveLocation
I/System.out( 2127): isFirstLoc：false
D/SMACK   ( 2127): 11:20:48 上午 SENT (642662026): <iq id="8sz74-874" to="openfire-cloud" from="13632836691@openfire-cloud/A1b852863a" type="get"><ping xmlns='urn:xmpp:ping' /></iq>
D/AdHotSeatView( 1867): updateIconButton.
D/JTC     ( 2127): near tabl onReceiveLocation
I/System.out( 2127): isFirstLoc：false
I/art     ( 2307): Background sticky concurrent mark sweep GC freed 38410(1445KB) AllocSpace objects, 0(0B) LOS objects, 9% free, 14MB/15MB, paused 29.495ms total 34.249ms
D/SMACK   ( 2127): 11:20:57 上午 SENT (642662026): <iq id="8sz74-875" to="openfire-cloud" from="13632836691@openfire-cloud/A1b852863a" type="get"><ping xmlns='urn:xmpp:ping' /></iq>
D/JTC     ( 2127): near tabl onReceiveLocation
I/System.out( 2127): isFirstLoc：false
E/WifiStateMachine( 1537): WifiStateMachine CMD_START_SCAN source -2 txSuccessRate=0.00 rxSuccessRate=0.00 targetRoamBSSID=00:81:ba:06:db:c6 RSSI=-45
D/JTC     ( 2127): near tabl onReceiveLocation
I/System.out( 2127): isFirstLoc：false
D/JTC     ( 2127): near tabl onReceiveLocation
I/System.out( 2127): isFirstLoc：false
D/AdHotSeatView( 1867): updateIconButton.
D/SMACK   ( 2127): 11:21:11 上午 SENT (642662026): <iq id="8sz74-876" to="openfire-cloud" from="13632836691@openfire-cloud/A1b852863a" type="get"><ping xmlns='urn:xmpp:ping' /></iq>
D/JTC     ( 2127): near tabl onReceiveLocation
I/System.out( 2127): isFirstLoc：false
D/SMACK   ( 2127): 11:21:17 上午 SENT (642662026): <iq id="8sz74-877" to="openfire-cloud" from="13632836691@openfire-cloud/A1b852863a" type="get"><ping xmlns='urn:xmpp:ping' /></iq>
D/JTC     ( 2127): near tabl onReceiveLocation
I/System.out( 2127): isFirstLoc：false
E/WifiStateMachine( 1537): WifiStateMachine CMD_START_SCAN source -2 txSuccessRate=0.00 rxSuccessRate=0.00 targetRoamBSSID=00:81:ba:06:db:c6 RSSI=-45
D/JTC     ( 2127): near tabl onReceiveLocation
I/System.out( 2127): isFirstLoc：false
D/SMACK   ( 2127): 11:21:26 上午 SENT (642662026): <iq id="8sz74-878" to="openfire-cloud" from="13632836691@openfire-cloud/A1b852863a" type="get"><ping xmlns='urn:xmpp:ping' /></iq>
D/JTC     ( 2127): near tabl onReceiveLocation
I/System.out( 2127): isFirstLoc：false
D/AdHotSeatView( 1867): updateIconButton.
D/JTC     ( 2127): near tabl onReceiveLocation
I/System.out( 2127): isFirstLoc：false
D/JTC     ( 2127): near tabl onReceiveLocation
I/System.out( 2127): isFirstLoc：false
E/WifiStateMachine( 1537): WifiStateMachine CMD_START_SCAN source -2 txSuccessRate=0.00 rxSuccessRate=0.00 targetRoamBSSID=00:81:ba:06:db:c6 RSSI=-45
D/SMACK   ( 2127): 11:21:40 上午 SENT (642662026): <iq id="8sz74-879" to="openfire-cloud" from="13632836691@openfire-cloud/A1b852863a" type="get"><ping xmlns='urn:xmpp:ping' /></iq>
D/JTC     ( 2127): near tabl onReceiveLocation
I/System.out( 2127): isFirstLoc：false
D/SMACK   ( 2127): 11:21:46 上午 SENT (642662026): <iq id="8sz74-880" to="openfire-cloud" from="13632836691@openfire-cloud/A1b852863a" type="get"><ping xmlns='urn:xmpp:ping' /></iq>
D/JTC     ( 2127): near tabl onReceiveLocation
I/System.out( 2127): isFirstLoc：false
D/AdHotSeatView( 1867): updateIconButton.
D/JTC     ( 2127): near tabl onReceiveLocation
I/System.out( 2127): isFirstLoc：false
D/SMACK   ( 2127): 11:21:55 上午 SENT (642662026): <iq id="8sz74-881" to="openfire-cloud" from="13632836691@openfire-cloud/A1b852863a" type="get"><ping xmlns='urn:xmpp:ping' /></iq>
D/JTC     ( 2127): near tabl onReceiveLocation
I/System.out( 2127): isFirstLoc：false
E/WifiStateMachine( 1537): WifiStateMachine CMD_START_SCAN source -2 txSuccessRate=0.00 rxSuccessRate=0.00 targetRoamBSSID=00:81:ba:06:db:c6 RSSI=-45
D/JTC     ( 2127): near tabl onReceiveLocation
I/System.out( 2127): isFirstLoc：false
D/JTC     ( 2127): near tabl onReceiveLocation
I/System.out( 2127): isFirstLoc：false
D/SMACK   ( 2127): 11:22:09 上午 SENT (642662026): <iq id="8sz74-882" to="openfire-cloud" from="13632836691@openfire-cloud/A1b852863a" type="get"><ping xmlns='urn:xmpp:ping' /></iq>
D/AdHotSeatView( 1867): updateIconButton.
D/JTC     ( 2127): near tabl onReceiveLocation
I/System.out( 2127): isFirstLoc：false
D/SMACK   ( 2127): 11:22:15 上午 SENT (642662026): <iq id="8sz74-883" to="openfire-cloud" from="13632836691@openfire-cloud/A1b852863a" type="get"><ping xmlns='urn:xmpp:ping' /></iq>
D/JTC     ( 2127): near tabl onReceiveLocation
I/System.out( 2127): isFirstLoc：false
E/WifiStateMachine( 1537): WifiStateMachine CMD_START_SCAN source -2 txSuccessRate=0.00 rxSuccessRate=0.00 targetRoamBSSID=00:81:ba:06:db:c6 RSSI=-45
D/JTC     ( 2127): near tabl onReceiveLocation
I/System.out( 2127): isFirstLoc：false
D/SMACK   ( 2127): 11:22:24 上午 SENT (642662026): <iq id="8sz74-884" to="openfire-cloud" from="13632836691@openfire-cloud/A1b852863a" type="get"><ping xmlns='urn:xmpp:ping' /></iq>
D/JTC     ( 2127): near tabl onReceiveLocation
I/System.out( 2127): isFirstLoc：false
D/AdHotSeatView( 1867): updateIconButton.
D/JTC     ( 2127): near tabl onReceiveLocation
I/System.out( 2127): isFirstLoc：false
D/JTC     ( 2127): near tabl onReceiveLocation
I/System.out( 2127): isFirstLoc：false
D/SMACK   ( 2127): 11:22:38 上午 SENT (642662026): <iq id="8sz74-885" to="openfire-cloud" from="13632836691@openfire-cloud/A1b852863a" type="get"><ping xmlns='urn:xmpp:ping' /></iq>
E/WifiStateMachine( 1537): WifiStateMachine CMD_START_SCAN source -2 txSuccessRate=0.00 rxSuccessRate=0.00 targetRoamBSSID=00:81:ba:06:db:c6 RSSI=-45
D/JTC     ( 2127): near tabl onReceiveLocation
I/System.out( 2127): isFirstLoc：false
D/SMACK   ( 2127): 11:22:44 上午 SENT (642662026): <iq id="8sz74-886" to="openfire-cloud" from="13632836691@openfire-cloud/A1b852863a" type="get"><ping xmlns='urn:xmpp:ping' /></iq>
D/JTC     ( 2127): near tabl onReceiveLocation
I/System.out( 2127): isFirstLoc：false
D/AdHotSeatView( 1867): updateIconButton.
D/JTC     ( 2127): near tabl onReceiveLocation
I/System.out( 2127): isFirstLoc：false
D/SMACK   ( 2127): 11:22:53 上午 SENT (642662026): <iq id="8sz74-887" to="openfire-cloud" from="13632836691@openfire-cloud/A1b852863a" type="get"><ping xmlns='urn:xmpp:ping' /></iq>
D/JTC     ( 2127): near tabl onReceiveLocation
I/System.out( 2127): isFirstLoc：false
E/WifiStateMachine( 1537): WifiStateMachine CMD_START_SCAN source -2 txSuccessRate=0.00 rxSuccessRate=0.00 targetRoamBSSID=00:81:ba:06:db:c6 RSSI=-45
D/JTC     ( 2127): near tabl onReceiveLocation
I/System.out( 2127): isFirstLoc：false
D/SMACK   ( 2127): 11:23:07 上午 SENT (642662026): <iq id="8sz74-888" to="openfire-cloud" from="13632836691@openfire-cloud/A1b852863a" type="get"><ping xmlns='urn:xmpp:ping' /></iq>
D/JTC     ( 2127): near tabl onReceiveLocation
I/System.out( 2127): isFirstLoc：false
D/AdHotSeatView( 1867): updateIconButton.
D/JTC     ( 2127): near tabl onReceiveLocation
I/System.out( 2127): isFirstLoc：false
D/SMACK   ( 2127): 11:23:13 上午 SENT (642662026): <iq id="8sz74-889" to="openfire-cloud" from="13632836691@openfire-cloud/A1b852863a" type="get"><ping xmlns='urn:xmpp:ping' /></iq>
D/JTC     ( 2127): near tabl onReceiveLocation
I/System.out( 2127): isFirstLoc：false
E/WifiStateMachine( 1537): WifiStateMachine CMD_START_SCAN source -2 txSuccessRate=0.00 rxSuccessRate=0.00 targetRoamBSSID=00:81:ba:06:db:c6 RSSI=-45
D/SMACK   ( 2127): 11:23:22 上午 SENT (642662026): <iq id="8sz74-890" to="openfire-cloud" from="13632836691@openfire-cloud/A1b852863a" type="get"><ping xmlns='urn:xmpp:ping' /></iq>
D/JTC     ( 2127): near tabl onReceiveLocation
I/System.out( 2127): isFirstLoc：false
D/JTC     ( 2127): near tabl onReceiveLocation
I/System.out( 2127): isFirstLoc：false
D/AdHotSeatView( 1867): updateIconButton.
D/JTC     ( 2127): near tabl onReceiveLocation
I/System.out( 2127): isFirstLoc：false
D/SMACK   ( 2127): 11:23:36 上午 SENT (642662026): <iq id="8sz74-891" to="openfire-cloud" from="13632836691@openfire-cloud/A1b852863a" type="get"><ping xmlns='urn:xmpp:ping' /></iq>
D/JTC     ( 2127): near tabl onReceiveLocation
I/System.out( 2127): isFirstLoc：false
E/WifiStateMachine( 1537): WifiStateMachine CMD_START_SCAN source -2 txSuccessRate=0.00 rxSuccessRate=0.00 targetRoamBSSID=00:81:ba:06:db:c6 RSSI=-45
D/MDnsDS  ( 1363): MDnsSdListener::Monitor poll timed out
D/MDnsDS  ( 1363): Going to poll with pollCount 1
D/SMACK   ( 2127): 11:23:42 上午 SENT (642662026): <iq id="8sz74-892" to="openfire-cloud" from="13632836691@openfire-cloud/A1b852863a" type="get"><ping xmlns='urn:xmpp:ping' /></iq>
D/JTC     ( 2127): near tabl onReceiveLocation
I/System.out( 2127): isFirstLoc：false
D/JTC     ( 2127): near tabl onReceiveLocation
I/System.out( 2127): isFirstLoc：false
D/SMACK   ( 2127): 11:23:51 上午 SENT (642662026): <iq id="8sz74-893" to="openfire-cloud" from="13632836691@openfire-cloud/A1b852863a" type="get"><ping xmlns='urn:xmpp:ping' /></iq>
D/AdHotSeatView( 1867): updateIconButton.
D/JTC     ( 2127): near tabl onReceiveLocation
I/System.out( 2127): isFirstLoc：false
D/JTC     ( 2127): near tabl onReceiveLocation
I/System.out( 2127): isFirstLoc：false
E/WifiStateMachine( 1537): WifiStateMachine CMD_START_SCAN source -2 txSuccessRate=0.00 rxSuccessRate=0.00 targetRoamBSSID=00:81:ba:06:db:c6 RSSI=-45
D/JTC     ( 2127): near tabl onReceiveLocation
I/System.out( 2127): isFirstLoc：false
D/SMACK   ( 2127): 11:24:05 上午 SENT (642662026): <iq id="8sz74-894" to="openfire-cloud" from="13632836691@openfire-cloud/A1b852863a" type="get"><ping xmlns='urn:xmpp:ping' /></iq>
D/JTC     ( 2127): near tabl onReceiveLocation
I/System.out( 2127): isFirstLoc：false
D/SMACK   ( 2127): 11:24:11 上午 SENT (642662026): <iq id="8sz74-895" to="openfire-cloud" from="13632836691@openfire-cloud/A1b852863a" type="get"><ping xmlns='urn:xmpp:ping' /></iq>
D/AdHotSeatView( 1867): updateIconButton.
D/JTC     ( 2127): near tabl onReceiveLocation
I/System.out( 2127): isFirstLoc：false
D/JTC     ( 2127): near tabl onReceiveLocation
I/System.out( 2127): isFirstLoc：false
E/WifiStateMachine( 1537): WifiStateMachine CMD_START_SCAN source -2 txSuccessRate=0.00 rxSuccessRate=0.00 targetRoamBSSID=00:81:ba:06:db:c6 RSSI=-45
D/SMACK   ( 2127): 11:24:20 上午 SENT (642662026): <iq id="8sz74-896" to="openfire-cloud" from="13632836691@openfire-cloud/A1b852863a" type="get"><ping xmlns='urn:xmpp:ping' /></iq>
D/JTC     ( 2127): near tabl onReceiveLocation
I/System.out( 2127): isFirstLoc：false
D/JTC     ( 2127): near tabl onReceiveLocation
I/System.out( 2127): isFirstLoc：false
D/AdHotSeatView( 1867): updateIconButton.
D/JTC     ( 2127): near tabl onReceiveLocation
I/System.out( 2127): isFirstLoc：false
D/SMACK   ( 2127): 11:24:34 上午 SENT (642662026): <iq id="8sz74-897" to="openfire-cloud" from="13632836691@openfire-cloud/A1b852863a" type="get"><ping xmlns='urn:xmpp:ping' /></iq>
D/JTC     ( 2127): near tabl onReceiveLocation
I/System.out( 2127): isFirstLoc：false
E/WifiStateMachine( 1537): WifiStateMachine CMD_START_SCAN source -2 txSuccessRate=0.00 rxSuccessRate=0.00 targetRoamBSSID=00:81:ba:06:db:c6 RSSI=-45
D/SMACK   ( 2127): 11:24:40 上午 SENT (642662026): <iq id="8sz74-898" to="openfire-cloud" from="13632836691@openfire-cloud/A1b852863a" type="get"><ping xmlns='urn:xmpp:ping' /></iq>
D/JTC     ( 2127): near tabl onReceiveLocation
I/System.out( 2127): isFirstLoc：false
D/JTC     ( 2127): near tabl onReceiveLocation
I/System.out( 2127): isFirstLoc：false
D/SMACK   ( 2127): 11:24:49 上午 SENT (642662026): <iq id="8sz74-899" to="openfire-cloud" from="13632836691@openfire-cloud/A1b852863a" type="get"><ping xmlns='urn:xmpp:ping' /></iq>
D/AdHotSeatView( 1867): updateIconButton.
D/JTC     ( 2127): near tabl onReceiveLocation
I/System.out( 2127): isFirstLoc：false
D/JTC     ( 2127): near tabl onReceiveLocation
I/System.out( 2127): isFirstLoc：false
E/WifiStateMachine( 1537): WifiStateMachine CMD_START_SCAN source -2 txSuccessRate=0.00 rxSuccessRate=0.00 targetRoamBSSID=00:81:ba:06:db:c6 RSSI=-45
D/JTC     ( 2127): near tabl onReceiveLocation
I/System.out( 2127): isFirstLoc：false
D/SMACK   ( 2127): 11:25:03 上午 SENT (642662026): <iq id="8sz74-900" to="openfire-cloud" from="13632836691@openfire-cloud/A1b852863a" type="get"><ping xmlns='urn:xmpp:ping' /></iq>
D/JTC     ( 2127): near tabl onReceiveLocation
I/System.out( 2127): isFirstLoc：false
D/SMACK   ( 2127): 11:25:09 上午 SENT (642662026): <iq id="8sz74-901" to="openfire-cloud" from="13632836691@openfire-cloud/A1b852863a" type="get"><ping xmlns='urn:xmpp:ping' /></iq>
D/AdHotSeatView( 1867): updateIconButton.
D/JTC     ( 2127): near tabl onReceiveLocation
I/System.out( 2127): isFirstLoc：false
D/JTC     ( 2127): near tabl onReceiveLocation
I/System.out( 2127): isFirstLoc：false
D/SMACK   ( 2127): 11:25:18 上午 SENT (642662026): <iq id="8sz74-902" to="openfire-cloud" from="13632836691@openfire-cloud/A1b852863a" type="get"><ping xmlns='urn:xmpp:ping' /></iq>
E/WifiStateMachine( 1537): WifiStateMachine CMD_START_SCAN source -2 txSuccessRate=0.00 rxSuccessRate=0.00 targetRoamBSSID=00:81:ba:06:db:c6 RSSI=-45
E/WifiStateMachine( 1537): denglibo mScanResults.size=1
I/LdWifi  ( 1537): ld_get_eth0_ip return 172.16.2.15
D/JTC     ( 2127): near tabl onReceiveLocation
I/System.out( 2127): isFirstLoc：false
D/JTC     ( 2127): near tabl onReceiveLocation
I/System.out( 2127): isFirstLoc：false
D/AdHotSeatView( 1867): updateIconButton.
D/SMACK   ( 2127): 11:25:32 上午 SENT (642662026): <iq id="8sz74-903" to="openfire-cloud" from="13632836691@openfire-cloud/A1b852863a" type="get"><ping xmlns='urn:xmpp:ping' /></iq>
D/JTC     ( 2127): near tabl onReceiveLocation
I/System.out( 2127): isFirstLoc：false
D/JTC     ( 2127): near tabl onReceiveLocation
I/System.out( 2127): isFirstLoc：false
D/SMACK   ( 2127): 11:25:38 上午 SENT (642662026): <iq id="8sz74-904" to="openfire-cloud" from="13632836691@openfire-cloud/A1b852863a" type="get"><ping xmlns='urn:xmpp:ping' /></iq>
E/WifiStateMachine( 1537): WifiStateMachine CMD_START_SCAN source -2 txSuccessRate=0.00 rxSuccessRate=0.00 targetRoamBSSID=00:81:ba:06:db:c6 RSSI=-45
D/JTC     ( 2127): near tabl onReceiveLocation
I/System.out( 2127): isFirstLoc：false
D/SMACK   ( 2127): 11:25:47 上午 SENT (642662026): <iq id="8sz74-905" to="openfire-cloud" from="13632836691@openfire-cloud/A1b852863a" type="get"><ping xmlns='urn:xmpp:ping' /></iq>
D/JTC     ( 2127): near tabl onReceiveLocation
I/System.out( 2127): isFirstLoc：false
D/AdHotSeatView( 1867): updateIconButton.
D/JTC     ( 2127): near tabl onReceiveLocation
I/System.out( 2127): isFirstLoc：false
D/JTC     ( 2127): near tabl onReceiveLocation
I/System.out( 2127): isFirstLoc：false
E/WifiStateMachine( 1537): WifiStateMachine CMD_START_SCAN source -2 txSuccessRate=0.00 rxSuccessRate=0.00 targetRoamBSSID=00:81:ba:06:db:c6 RSSI=-45
D/SMACK   ( 2127): 11:26:01 上午 SENT (642662026): <iq id="8sz74-906" to="openfire-cloud" from="13632836691@openfire-cloud/A1b852863a" type="get"><ping xmlns='urn:xmpp:ping' /></iq>
D/JTC     ( 2127): near tabl onReceiveLocation
I/System.out( 2127): isFirstLoc：false
D/SMACK   ( 2127): 11:26:07 上午 SENT (642662026): <iq id="8sz74-907" to="openfire-cloud" from="13632836691@openfire-cloud/A1b852863a" type="get"><ping xmlns='urn:xmpp:ping' /></iq>
D/JTC     ( 2127): near tabl onReceiveLocation
I/System.out( 2127): isFirstLoc：false
D/AdHotSeatView( 1867): updateIconButton.
D/JTC     ( 2127): near tabl onReceiveLocation
I/System.out( 2127): isFirstLoc：false
D/SMACK   ( 2127): 11:26:16 上午 SENT (642662026): <iq id="8sz74-908" to="openfire-cloud" from="13632836691@openfire-cloud/A1b852863a" type="get"><ping xmlns='urn:xmpp:ping' /></iq>
D/JTC     ( 2127): near tabl onReceiveLocation
I/System.out( 2127): isFirstLoc：false
E/WifiStateMachine( 1537): WifiStateMachine CMD_START_SCAN source -2 txSuccessRate=0.00 rxSuccessRate=0.00 targetRoamBSSID=00:81:ba:06:db:c6 RSSI=-45
D/JTC     ( 2127): near tabl onReceiveLocation
I/System.out( 2127): isFirstLoc：false
D/JTC     ( 2127): near tabl onReceiveLocation
I/System.out( 2127): isFirstLoc：false
D/SMACK   ( 2127): 11:26:30 上午 SENT (642662026): <iq id="8sz74-909" to="openfire-cloud" from="13632836691@openfire-cloud/A1b852863a" type="get"><ping xmlns='urn:xmpp:ping' /></iq>
D/AdHotSeatView( 1867): updateIconButton.
D/JTC     ( 2127): near tabl onReceiveLocation
I/System.out( 2127): isFirstLoc：false
D/SMACK   ( 2127): 11:26:36 上午 SENT (642662026): <iq id="8sz74-910" to="openfire-cloud" from="13632836691@openfire-cloud/A1b852863a" type="get"><ping xmlns='urn:xmpp:ping' /></iq>
D/JTC     ( 2127): near tabl onReceiveLocation
I/System.out( 2127): isFirstLoc：false
E/WifiStateMachine( 1537): WifiStateMachine CMD_START_SCAN source -2 txSuccessRate=0.00 rxSuccessRate=0.00 targetRoamBSSID=00:81:ba:06:db:c6 RSSI=-45
D/JTC     ( 2127): near tabl onReceiveLocation
I/System.out( 2127): isFirstLoc：false
D/SMACK   ( 2127): 11:26:45 上午 SENT (642662026): <iq id="8sz74-911" to="openfire-cloud" from="13632836691@openfire-cloud/A1b852863a" type="get"><ping xmlns='urn:xmpp:ping' /></iq>
D/JTC     ( 2127): near tabl onReceiveLocation
I/System.out( 2127): isFirstLoc：false
D/AdHotSeatView( 1867): updateIconButton.
D/JTC     ( 2127): near tabl onReceiveLocation
I/System.out( 2127): isFirstLoc：false
D/JTC     ( 2127): near tabl onReceiveLocation
I/System.out( 2127): isFirstLoc：false
E/WifiStateMachine( 1537): WifiStateMachine CMD_START_SCAN source -2 txSuccessRate=0.00 rxSuccessRate=0.00 targetRoamBSSID=00:81:ba:06:db:c6 RSSI=-45
D/SMACK   ( 2127): 11:26:59 上午 SENT (642662026): <iq id="8sz74-912" to="openfire-cloud" from="13632836691@openfire-cloud/A1b852863a" type="get"><ping xmlns='urn:xmpp:ping' /></iq>
D/JTC     ( 2127): near tabl onReceiveLocation
I/System.out( 2127): isFirstLoc：false
D/SMACK   ( 2127): 11:27:05 上午 SENT (642662026): <iq id="8sz74-913" to="openfire-cloud" from="13632836691@openfire-cloud/A1b852863a" type="get"><ping xmlns='urn:xmpp:ping' /></iq>
D/JTC     ( 2127): near tabl onReceiveLocation
I/System.out( 2127): isFirstLoc：false
D/AdHotSeatView( 1867): updateIconButton.
D/JTC     ( 2127): near tabl onReceiveLocation
I/System.out( 2127): isFirstLoc：false
D/SMACK   ( 2127): 11:27:14 上午 SENT (642662026): <iq id="8sz74-914" to="openfire-cloud" from="13632836691@openfire-cloud/A1b852863a" type="get"><ping xmlns='urn:xmpp:ping' /></iq>
D/JTC     ( 2127): near tabl onReceiveLocation
I/System.out( 2127): isFirstLoc：false
E/WifiStateMachine( 1537): WifiStateMachine CMD_START_SCAN source -2 txSuccessRate=0.00 rxSuccessRate=0.00 targetRoamBSSID=00:81:ba:06:db:c6 RSSI=-45
D/JTC     ( 2127): near tabl onReceiveLocation
I/System.out( 2127): isFirstLoc：false
D/JTC     ( 2127): near tabl onReceiveLocation
I/System.out( 2127): isFirstLoc：false
D/SMACK   ( 2127): 11:27:28 上午 SENT (642662026): <iq id="8sz74-915" to="openfire-cloud" from="13632836691@openfire-cloud/A1b852863a" type="get"><ping xmlns='urn:xmpp:ping' /></iq>
D/AdHotSeatView( 1867): updateIconButton.
D/JTC     ( 2127): near tabl onReceiveLocation
I/System.out( 2127): isFirstLoc：false
D/SMACK   ( 2127): 11:27:34 上午 SENT (642662026): <iq id="8sz74-916" to="openfire-cloud" from="13632836691@openfire-cloud/A1b852863a" type="get"><ping xmlns='urn:xmpp:ping' /></iq>
D/JTC     ( 2127): near tabl onReceiveLocation
I/System.out( 2127): isFirstLoc：false
E/WifiStateMachine( 1537): WifiStateMachine CMD_START_SCAN source -2 txSuccessRate=0.00 rxSuccessRate=0.00 targetRoamBSSID=00:81:ba:06:db:c6 RSSI=-45
D/JTC     ( 2127): near tabl onReceiveLocation
I/System.out( 2127): isFirstLoc：false
D/SMACK   ( 2127): 11:27:43 上午 SENT (642662026): <iq id="8sz74-917" to="openfire-cloud" from="13632836691@openfire-cloud/A1b852863a" type="get"><ping xmlns='urn:xmpp:ping' /></iq>
D/JTC     ( 2127): near tabl onReceiveLocation
I/System.out( 2127): isFirstLoc：false
D/AdHotSeatView( 1867): updateIconButton.
D/JTC     ( 2127): near tabl onReceiveLocation
I/System.out( 2127): isFirstLoc：false
D/SMACK   ( 2127): 11:27:57 上午 SENT (642662026): <iq id="8sz74-918" to="openfire-cloud" from="13632836691@openfire-cloud/A1b852863a" type="get"><ping xmlns='urn:xmpp:ping' /></iq>
D/JTC     ( 2127): near tabl onReceiveLocation
I/System.out( 2127): isFirstLoc：false
E/WifiStateMachine( 1537): WifiStateMachine CMD_START_SCAN source -2 txSuccessRate=0.00 rxSuccessRate=0.00 targetRoamBSSID=00:81:ba:06:db:c6 RSSI=-45
D/JTC     ( 2127): near tabl onReceiveLocation
I/System.out( 2127): isFirstLoc：false
D/SMACK   ( 2127): 11:28:03 上午 SENT (642662026): <iq id="8sz74-919" to="openfire-cloud" from="13632836691@openfire-cloud/A1b852863a" type="get"><ping xmlns='urn:xmpp:ping' /></iq>
D/JTC     ( 2127): near tabl onReceiveLocation
I/System.out( 2127): isFirstLoc：false
D/SMACK   ( 2127): 11:28:12 上午 SENT (642662026): <iq id="8sz74-920" to="openfire-cloud" from="13632836691@openfire-cloud/A1b852863a" type="get"><ping xmlns='urn:xmpp:ping' /></iq>
D/AdHotSeatView( 1867): updateIconButton.
D/JTC     ( 2127): near tabl onReceiveLocation
I/System.out( 2127): isFirstLoc：false
D/JTC     ( 2127): near tabl onReceiveLocation
I/System.out( 2127): isFirstLoc：false
E/WifiStateMachine( 1537): WifiStateMachine CMD_START_SCAN source -2 txSuccessRate=0.00 rxSuccessRate=0.00 targetRoamBSSID=00:81:ba:06:db:c6 RSSI=-45
D/JTC     ( 2127): near tabl onReceiveLocation
I/System.out( 2127): isFirstLoc：false
D/SMACK   ( 2127): 11:28:26 上午 SENT (642662026): <iq id="8sz74-921" to="openfire-cloud" from="13632836691@openfire-cloud/A1b852863a" type="get"><ping xmlns='urn:xmpp:ping' /></iq>
D/JTC     ( 2127): near tabl onReceiveLocation
I/System.out( 2127): isFirstLoc：false
D/SMACK   ( 2127): 11:28:32 上午 SENT (642662026): <iq id="8sz74-922" to="openfire-cloud" from="13632836691@openfire-cloud/A1b852863a" type="get"><ping xmlns='urn:xmpp:ping' /></iq>
D/AdHotSeatView( 1867): updateIconButton.
D/JTC     ( 2127): near tabl onReceiveLocation
I/System.out( 2127): isFirstLoc：false
D/JTC     ( 2127): near tabl onReceiveLocation
I/System.out( 2127): isFirstLoc：false
E/WifiStateMachine( 1537): WifiStateMachine CMD_START_SCAN source -2 txSuccessRate=0.00 rxSuccessRate=0.00 targetRoamBSSID=00:81:ba:06:db:c6 RSSI=-45
D/SMACK   ( 2127): 11:28:41 上午 SENT (642662026): <iq id="8sz74-923" to="openfire-cloud" from="13632836691@openfire-cloud/A1b852863a" type="get"><ping xmlns='urn:xmpp:ping' /></iq>
D/JTC     ( 2127): near tabl onReceiveLocation
I/System.out( 2127): isFirstLoc：false
D/JTC     ( 2127): near tabl onReceiveLocation
I/System.out( 2127): isFirstLoc：false
D/AdHotSeatView( 1867): updateIconButton.
D/JTC     ( 2127): near tabl onReceiveLocation
I/System.out( 2127): isFirstLoc：false
D/SMACK   ( 2127): 11:28:55 上午 SENT (642662026): <iq id="8sz74-924" to="openfire-cloud" from="13632836691@openfire-cloud/A1b852863a" type="get"><ping xmlns='urn:xmpp:ping' /></iq>
D/JTC     ( 2127): near tabl onReceiveLocation
I/System.out( 2127): isFirstLoc：false
E/WifiStateMachine( 1537): WifiStateMachine CMD_START_SCAN source -2 txSuccessRate=0.00 rxSuccessRate=0.00 targetRoamBSSID=00:81:ba:06:db:c6 RSSI=-45
D/SMACK   ( 2127): 11:29:01 上午 SENT (642662026): <iq id="8sz74-925" to="openfire-cloud" from="13632836691@openfire-cloud/A1b852863a" type="get"><ping xmlns='urn:xmpp:ping' /></iq>
D/JTC     ( 2127): near tabl onReceiveLocation
I/System.out( 2127): isFirstLoc：false
D/JTC     ( 2127): near tabl onReceiveLocation
I/System.out( 2127): isFirstLoc：false
D/SMACK   ( 2127): 11:29:10 上午 SENT (642662026): <iq id="8sz74-926" to="openfire-cloud" from="13632836691@openfire-cloud/A1b852863a" type="get"><ping xmlns='urn:xmpp:ping' /></iq>
D/JTC     ( 2127): near tabl onReceiveLocation
I/System.out( 2127): isFirstLoc：false
D/AdHotSeatView( 1867): updateIconButton.
D/JTC     ( 2127): near tabl onReceiveLocation
I/System.out( 2127): isFirstLoc：false
E/WifiStateMachine( 1537): WifiStateMachine CMD_START_SCAN source -2 txSuccessRate=0.00 rxSuccessRate=0.00 targetRoamBSSID=00:81:ba:06:db:c6 RSSI=-45
D/JTC     ( 2127): near tabl onReceiveLocation
I/System.out( 2127): isFirstLoc：false
D/SMACK   ( 2127): 11:29:24 上午 SENT (642662026): <iq id="8sz74-927" to="openfire-cloud" from="13632836691@openfire-cloud/A1b852863a" type="get"><ping xmlns='urn:xmpp:ping' /></iq>
D/JTC     ( 2127): near tabl onReceiveLocation
I/System.out( 2127): isFirstLoc：false
D/SMACK   ( 2127): 11:29:30 上午 SENT (642662026): <iq id="8sz74-928" to="openfire-cloud" from="13632836691@openfire-cloud/A1b852863a" type="get"><ping xmlns='urn:xmpp:ping' /></iq>
D/JTC     ( 2127): near tabl onReceiveLocation
I/System.out( 2127): isFirstLoc：false
D/AdHotSeatView( 1867): updateIconButton.
D/JTC     ( 2127): near tabl onReceiveLocation
I/System.out( 2127): isFirstLoc：false
E/WifiStateMachine( 1537): WifiStateMachine CMD_START_SCAN source -2 txSuccessRate=0.00 rxSuccessRate=0.00 targetRoamBSSID=00:81:ba:06:db:c6 RSSI=-45
D/SMACK   ( 2127): 11:29:39 上午 SENT (642662026): <iq id="8sz74-929" to="openfire-cloud" from="13632836691@openfire-cloud/A1b852863a" type="get"><ping xmlns='urn:xmpp:ping' /></iq>
D/JTC     ( 2127): near tabl onReceiveLocation
I/System.out( 2127): isFirstLoc：false
D/JTC     ( 2127): near tabl onReceiveLocation
I/System.out( 2127): isFirstLoc：false
D/JTC     ( 2127): near tabl onReceiveLocation
I/System.out( 2127): isFirstLoc：false
D/AdHotSeatView( 1867): updateIconButton.
D/SMACK   ( 2127): 11:29:53 上午 SENT (642662026): <iq id="8sz74-930" to="openfire-cloud" from="13632836691@openfire-cloud/A1b852863a" type="get"><ping xmlns='urn:xmpp:ping' /></iq>
D/JTC     ( 2127): near tabl onReceiveLocation
I/System.out( 2127): isFirstLoc：false
E/WifiStateMachine( 1537): WifiStateMachine CMD_START_SCAN source -2 txSuccessRate=0.00 rxSuccessRate=0.00 targetRoamBSSID=00:81:ba:06:db:c6 RSSI=-45
D/SMACK   ( 2127): 11:29:59 上午 SENT (642662026): <iq id="8sz74-931" to="openfire-cloud" from="13632836691@openfire-cloud/A1b852863a" type="get"><ping xmlns='urn:xmpp:ping' /></iq>
D/JTC     ( 2127): near tabl onReceiveLocation
I/System.out( 2127): isFirstLoc：false
D/JTC     ( 2127): near tabl onReceiveLocation
I/System.out( 2127): isFirstLoc：false
D/SMACK   ( 2127): 11:30:08 上午 SENT (642662026): <iq id="8sz74-932" to="openfire-cloud" from="13632836691@openfire-cloud/A1b852863a" type="get"><ping xmlns='urn:xmpp:ping' /></iq>
D/JTC     ( 2127): near tabl onReceiveLocation
I/System.out( 2127): isFirstLoc：false
D/AdHotSeatView( 1867): updateIconButton.
D/JTC     ( 2127): near tabl onReceiveLocation
I/System.out( 2127): isFirstLoc：false
E/WifiStateMachine( 1537): WifiStateMachine CMD_START_SCAN source -2 txSuccessRate=0.00 rxSuccessRate=0.00 targetRoamBSSID=00:81:ba:06:db:c6 RSSI=-45
D/SMACK   ( 2127): 11:30:22 上午 SENT (642662026): <iq id="8sz74-933" to="openfire-cloud" from="13632836691@openfire-cloud/A1b852863a" type="get"><ping xmlns='urn:xmpp:ping' /></iq>
D/JTC     ( 2127): near tabl onReceiveLocation
I/System.out( 2127): isFirstLoc：false
D/JTC     ( 2127): near tabl onReceiveLocation
I/System.out( 2127): isFirstLoc：false
D/SMACK   ( 2127): 11:30:28 上午 SENT (642662026): <iq id="8sz74-934" to="openfire-cloud" from="13632836691@openfire-cloud/A1b852863a" type="get"><ping xmlns='urn:xmpp:ping' /></iq>
D/JTC     ( 2127): near tabl onReceiveLocation
I/System.out( 2127): isFirstLoc：false
D/AdHotSeatView( 1867): updateIconButton.
D/SMACK   ( 2127): 11:30:37 上午 SENT (642662026): <iq id="8sz74-935" to="openfire-cloud" from="13632836691@openfire-cloud/A1b852863a" type="get"><ping xmlns='urn:xmpp:ping' /></iq>
D/JTC     ( 2127): near tabl onReceiveLocation
I/System.out( 2127): isFirstLoc：false
E/WifiStateMachine( 1537): WifiStateMachine CMD_START_SCAN source -2 txSuccessRate=0.00 rxSuccessRate=0.00 targetRoamBSSID=00:81:ba:06:db:c6 RSSI=-45
D/JTC     ( 2127): near tabl onReceiveLocation
I/System.out( 2127): isFirstLoc：false
D/JTC     ( 2127): near tabl onReceiveLocation
I/System.out( 2127): isFirstLoc：false
D/SMACK   ( 2127): 11:30:51 上午 SENT (642662026): <iq id="8sz74-936" to="openfire-cloud" from="13632836691@openfire-cloud/A1b852863a" type="get"><ping xmlns='urn:xmpp:ping' /></iq>
D/JTC     ( 2127): near tabl onReceiveLocation
I/System.out( 2127): isFirstLoc：false
D/AdHotSeatView( 1867): updateIconButton.
D/SMACK   ( 2127): 11:30:57 上午 SENT (642662026): <iq id="8sz74-937" to="openfire-cloud" from="13632836691@openfire-cloud/A1b852863a" type="get"><ping xmlns='urn:xmpp:ping' /></iq>
D/JTC     ( 2127): near tabl onReceiveLocation
I/System.out( 2127): isFirstLoc：false
E/WifiStateMachine( 1537): WifiStateMachine CMD_START_SCAN source -2 txSuccessRate=0.00 rxSuccessRate=0.00 targetRoamBSSID=00:81:ba:06:db:c6 RSSI=-45
D/JTC     ( 2127): near tabl onReceiveLocation
I/System.out( 2127): isFirstLoc：false
D/SMACK   ( 2127): 11:31:06 上午 SENT (642662026): <iq id="8sz74-938" to="openfire-cloud" from="13632836691@openfire-cloud/A1b852863a" type="get"><ping xmlns='urn:xmpp:ping' /></iq>
D/JTC     ( 2127): near tabl onReceiveLocation
I/System.out( 2127): isFirstLoc：false
D/JTC     ( 2127): near tabl onReceiveLocation
I/System.out( 2127): isFirstLoc：false
D/AdHotSeatView( 1867): updateIconButton.
D/JTC     ( 2127): near tabl onReceiveLocation
I/System.out( 2127): isFirstLoc：false
E/WifiStateMachine( 1537): WifiStateMachine CMD_START_SCAN source -2 txSuccessRate=0.00 rxSuccessRate=0.00 targetRoamBSSID=00:81:ba:06:db:c6 RSSI=-45
E/WifiStateMachine( 1537): denglibo mScanResults.size=1
I/LdWifi  ( 1537): ld_get_eth0_ip return 172.16.2.15
D/SMACK   ( 2127): 11:31:20 上午 SENT (642662026): <iq id="8sz74-939" to="openfire-cloud" from="13632836691@openfire-cloud/A1b852863a" type="get"><ping xmlns='urn:xmpp:ping' /></iq>
D/JTC     ( 2127): near tabl onReceiveLocation
I/System.out( 2127): isFirstLoc：false
D/SMACK   ( 2127): 11:31:26 上午 SENT (642662026): <iq id="8sz74-940" to="openfire-cloud" from="13632836691@openfire-cloud/A1b852863a" type="get"><ping xmlns='urn:xmpp:ping' /></iq>
D/JTC     ( 2127): near tabl onReceiveLocation
I/System.out( 2127): isFirstLoc：false
D/JTC     ( 2127): near tabl onReceiveLocation
I/System.out( 2127): isFirstLoc：false
D/AdHotSeatView( 1867): updateIconButton.
D/SMACK   ( 2127): 11:31:35 上午 SENT (642662026): <iq id="8sz74-941" to="openfire-cloud" from="13632836691@openfire-cloud/A1b852863a" type="get"><ping xmlns='urn:xmpp:ping' /></iq>
D/JTC     ( 2127): near tabl onReceiveLocation
I/System.out( 2127): isFirstLoc：false
E/WifiStateMachine( 1537): WifiStateMachine CMD_START_SCAN source -2 txSuccessRate=0.00 rxSuccessRate=0.00 targetRoamBSSID=00:81:ba:06:db:c6 RSSI=-45
D/JTC     ( 2127): near tabl onReceiveLocation
I/System.out( 2127): isFirstLoc：false
D/JTC     ( 2127): near tabl onReceiveLocation
I/System.out( 2127): isFirstLoc：false
D/SMACK   ( 2127): 11:31:49 上午 SENT (642662026): <iq id="8sz74-942" to="openfire-cloud" from="13632836691@openfire-cloud/A1b852863a" type="get"><ping xmlns='urn:xmpp:ping' /></iq>
D/JTC     ( 2127): near tabl onReceiveLocation
I/System.out( 2127): isFirstLoc：false
D/AdHotSeatView( 1867): updateIconButton.
D/SMACK   ( 2127): 11:31:55 上午 SENT (642662026): <iq id="8sz74-943" to="openfire-cloud" from="13632836691@openfire-cloud/A1b852863a" type="get"><ping xmlns='urn:xmpp:ping' /></iq>
D/JTC     ( 2127): near tabl onReceiveLocation
I/System.out( 2127): isFirstLoc：false
E/WifiStateMachine( 1537): WifiStateMachine CMD_START_SCAN source -2 txSuccessRate=0.00 rxSuccessRate=0.00 targetRoamBSSID=00:81:ba:06:db:c6 RSSI=-45
D/JTC     ( 2127): near tabl onReceiveLocation
I/System.out( 2127): isFirstLoc：false
D/SMACK   ( 2127): 11:32:04 上午 SENT (642662026): <iq id="8sz74-944" to="openfire-cloud" from="13632836691@openfire-cloud/A1b852863a" type="get"><ping xmlns='urn:xmpp:ping' /></iq>
D/JTC     ( 2127): near tabl onReceiveLocation
I/System.out( 2127): isFirstLoc：false
D/JTC     ( 2127): near tabl onReceiveLocation
I/System.out( 2127): isFirstLoc：false
D/AdHotSeatView( 1867): updateIconButton.
D/JTC     ( 2127): near tabl onReceiveLocation
I/System.out( 2127): isFirstLoc：false
D/SMACK   ( 2127): 11:32:18 上午 SENT (642662026): <iq id="8sz74-945" to="openfire-cloud" from="13632836691@openfire-cloud/A1b852863a" type="get"><ping xmlns='urn:xmpp:ping' /></iq>
E/WifiStateMachine( 1537): WifiStateMachine CMD_START_SCAN source -2 txSuccessRate=0.00 rxSuccessRate=0.00 targetRoamBSSID=00:81:ba:06:db:c6 RSSI=-45
D/JTC     ( 2127): near tabl onReceiveLocation
I/System.out( 2127): isFirstLoc：false
D/SMACK   ( 2127): 11:32:24 上午 SENT (642662026): <iq id="8sz74-946" to="openfire-cloud" from="13632836691@openfire-cloud/A1b852863a" type="get"><ping xmlns='urn:xmpp:ping' /></iq>
D/JTC     ( 2127): near tabl onReceiveLocation
I/System.out( 2127): isFirstLoc：false
D/JTC     ( 2127): near tabl onReceiveLocation
I/System.out( 2127): isFirstLoc：false
D/SMACK   ( 2127): 11:32:33 上午 SENT (642662026): <iq id="8sz74-947" to="openfire-cloud" from="13632836691@openfire-cloud/A1b852863a" type="get"><ping xmlns='urn:xmpp:ping' /></iq>
D/AdHotSeatView( 1867): updateIconButton.
D/JTC     ( 2127): near tabl onReceiveLocation
I/System.out( 2127): isFirstLoc：false
E/WifiStateMachine( 1537): WifiStateMachine CMD_START_SCAN source -2 txSuccessRate=0.00 rxSuccessRate=0.00 targetRoamBSSID=00:81:ba:06:db:c6 RSSI=-45
D/JTC     ( 2127): near tabl onReceiveLocation
I/System.out( 2127): isFirstLoc：false
D/SMACK   ( 2127): 11:32:47 上午 SENT (642662026): <iq id="8sz74-948" to="openfire-cloud" from="13632836691@openfire-cloud/A1b852863a" type="get"><ping xmlns='urn:xmpp:ping' /></iq>
D/JTC     ( 2127): near tabl onReceiveLocation
I/System.out( 2127): isFirstLoc：false
D/JTC     ( 2127): near tabl onReceiveLocation
I/System.out( 2127): isFirstLoc：false
D/SMACK   ( 2127): 11:32:53 上午 SENT (642662026): <iq id="8sz74-949" to="openfire-cloud" from="13632836691@openfire-cloud/A1b852863a" type="get"><ping xmlns='urn:xmpp:ping' /></iq>
D/AdHotSeatView( 1867): updateIconButton.
D/JTC     ( 2127): near tabl onReceiveLocation
I/System.out( 2127): isFirstLoc：false
E/WifiStateMachine( 1537): WifiStateMachine CMD_START_SCAN source -2 txSuccessRate=0.00 rxSuccessRate=0.00 targetRoamBSSID=00:81:ba:06:db:c6 RSSI=-45
D/SMACK   ( 2127): 11:33:02 上午 SENT (642662026): <iq id="8sz74-950" to="openfire-cloud" from="13632836691@openfire-cloud/A1b852863a" type="get"><ping xmlns='urn:xmpp:ping' /></iq>
D/JTC     ( 2127): near tabl onReceiveLocation
I/System.out( 2127): isFirstLoc：false
D/JTC     ( 2127): near tabl onReceiveLocation
I/System.out( 2127): isFirstLoc：false
D/JTC     ( 2127): near tabl onReceiveLocation
I/System.out( 2127): isFirstLoc：false
D/AdHotSeatView( 1867): updateIconButton.
D/SMACK   ( 2127): 11:33:16 上午 SENT (642662026): <iq id="8sz74-951" to="openfire-cloud" from="13632836691@openfire-cloud/A1b852863a" type="get"><ping xmlns='urn:xmpp:ping' /></iq>
D/JTC     ( 2127): near tabl onReceiveLocation
I/System.out( 2127): isFirstLoc：false
E/WifiStateMachine( 1537): WifiStateMachine CMD_START_SCAN source -2 txSuccessRate=0.00 rxSuccessRate=0.00 targetRoamBSSID=00:81:ba:06:db:c6 RSSI=-45
D/SMACK   ( 2127): 11:33:22 上午 SENT (642662026): <iq id="8sz74-952" to="openfire-cloud" from="13632836691@openfire-cloud/A1b852863a" type="get"><ping xmlns='urn:xmpp:ping' /></iq>
D/JTC     ( 2127): near tabl onReceiveLocation
I/System.out( 2127): isFirstLoc：false
D/JTC     ( 2127): near tabl onReceiveLocation
I/System.out( 2127): isFirstLoc：false
D/SMACK   ( 2127): 11:33:31 上午 SENT (642662026): <iq id="8sz74-953" to="openfire-cloud" from="13632836691@openfire-cloud/A1b852863a" type="get"><ping xmlns='urn:xmpp:ping' /></iq>
D/JTC     ( 2127): near tabl onReceiveLocation
I/System.out( 2127): isFirstLoc：false
D/AdHotSeatView( 1867): updateIconButton.
D/JTC     ( 2127): near tabl onReceiveLocation
I/System.out( 2127): isFirstLoc：false
E/WifiStateMachine( 1537): WifiStateMachine CMD_START_SCAN source -2 txSuccessRate=0.00 rxSuccessRate=0.00 targetRoamBSSID=00:81:ba:06:db:c6 RSSI=-45
D/JTC     ( 2127): near tabl onReceiveLocation
I/System.out( 2127): isFirstLoc：false
I/appproc ( 3139): denglibo exec app_process! cmdline: /system/bin com.android.commands.wm.Wm size 
D/AndroidRuntime( 3139): >>>>>> START com.android.internal.os.RuntimeInit uid 0 <<<<<<
D/AndroidRuntime( 3139): CheckJNI is OFF
D/libnativebridge( 3139): PreInitializeNativeBridge name=unknown
E/memtrack( 3139): Couldn't load memtrack module (No such file or directory)
E/android.os.Debug( 3139): failed to load memtrack module: -2
D/AndroidRuntime( 3139): Calling main entry com.android.commands.wm.Wm
D/AndroidRuntime( 3139): Shutting down VM
D/libnativebridge( 3139): call UnloadNativeBridge! state=1
D/SMACK   ( 2127): 11:33:45 上午 SENT (642662026): <iq id="8sz74-954" to="openfire-cloud" from="13632836691@openfire-cloud/A1b852863a" type="get"><ping xmlns='urn:xmpp:ping' /></iq>
I/appproc ( 3160): denglibo exec app_process! cmdline: /system/bin com.android.commands.monkey.Monkey -p com.jieshun.jslife -s 833 --throttle 300 --ignore-crashes --ignore-timeouts --pct-touch 60 --pct-trackball 12 --pct-appswitch 5 --pct-syskeys 10 --pct-motion 13 -v -v 100 
D/AndroidRuntime( 3160): >>>>>> START com.android.internal.os.RuntimeInit uid 0 <<<<<<
D/AndroidRuntime( 3160): CheckJNI is OFF
D/libnativebridge( 3160): PreInitializeNativeBridge name=unknown
E/memtrack( 3160): Couldn't load memtrack module (No such file or directory)
E/android.os.Debug( 3160): failed to load memtrack module: -2
D/AndroidRuntime( 3160): Calling main entry com.android.commands.monkey.Monkey
W/BroadcastQueue( 1537): Skipping deliver [background] BroadcastRecord{39370d6c u-1 android.net.conn.CONNECTIVITY_CHANGE} to ReceiverList{300fcf35 3160 (unknown name)/0/u-1 remote:103bd5be}: process crashing
I/ActivityManager( 1537): START u0 {act=android.intent.action.MAIN cat=[android.intent.category.LAUNCHER] flg=0x10200000 cmp=com.jieshun.jslife/.activity.common.WelcomeActivity} from uid 0 on display 0
D/AudioTrack( 1537): use orig AudioTrack! mIsTimed=0 transferType=0 flags=4
D/ld_audio_hw( 1367): ld_start_output_stream, stream=0xb584a660, sampleRate =44100, channel=2, bps=16, bufSize=2048
I/EmuCoreService( 1764): Broadcast action = android.intent.action.TOP_ACTIVITY_CHANGED
I/EmuCoreService( 1764): HostService Init inited = true
I/InputDispatcher( 1537): Dropping event because there is no touchable window at (474, 666).
W/InputManager( 1537): Input event injection from pid 3160 failed.
W/InputManager( 1537): Input event injection from pid 3160 failed.
I/AppiumUnicodeIME( 1693): onKeyDown (keyCode='24', event.keyCode='24', metaState='0')
I/AppiumUnicodeIME( 1693): onKeyUp (keyCode='24', event.keyCode='24', metaState='0')
I/MobclickAgent( 2127): Extend current session: E327E9A79659B748A3F5F5A476C15B53
E/EGL_adreno( 1656): tid 2032: eglSurfaceAttrib(1266): error 0x3009 (EGL_BAD_MATCH)
W/OpenGLRenderer( 1656): Failed to set EGL_SWAP_BEHAVIOR on surface 0xa31a6560, error=EGL_BAD_MATCH
I/Choreographer( 1537): Skipped 36 frames!  The application may be doing too much work on its main thread.
E/EGL_adreno( 2127): tid 2197: eglSurfaceAttrib(1266): error 0x3009 (EGL_BAD_MATCH)
W/OpenGLRenderer( 2127): Failed to set EGL_SWAP_BEHAVIOR on surface 0x9b20d3c0, error=EGL_BAD_MATCH
D/EGL_adreno( 1656): eglMakeCurrent: 0xadd0b220: ver 2 0 (tinfo 0xadc39730)
D/EGL_adreno( 2127): eglMakeCurrent: 0xadc34fa0: ver 2 0 (tinfo 0xadc395c0)
D/JTC     ( 2127): near tabl onReceiveLocation
I/System.out( 2127): isFirstLoc：false
I/AppiumUnicodeIME( 1693): onFinishInput
I/AppiumUnicodeIME( 1693): onStartInput
D/ld_audio_hw( 1367): lineFun, out_standby
D/ld_audio_hw( 1367): ld_close_output_stream, dev=0xb5875240, stream =0xb584a660
D/ld_audio_hw( 1367): ld_close_output_stream, stream=0xb584a660,  success!
I/AppiumUnicodeIME( 1693): onKeyDown (keyCode='4', event.keyCode='4', metaState='0')
D/AudioTrack( 1537): use orig AudioTrack! mIsTimed=0 transferType=0 flags=4
D/ld_audio_hw( 1367): ld_start_output_stream, stream=0xb584a660, sampleRate =44100, channel=2, bps=16, bufSize=2048
I/ActivityManager( 1537): START u0 {cmp=com.jieshun.jslife/.activity.userinfo.MessageSettingActivity} from uid 10028 on display 0
V/WindowManager( 1537): addAppToken: AppWindowToken{3c3e9670 token=Token{c31d0b3 ActivityRecord{20e4e22 u0 com.jieshun.jslife/.activity.userinfo.MessageSettingActivity t2}}} to stack=1 task=2 at 3
I/AppiumUnicodeIME( 1693): onKeyUp (keyCode='4', event.keyCode='4', metaState='0')
I/EmuCoreService( 1764): Broadcast action = android.intent.action.TOP_ACTIVITY_CHANGED
I/EmuCoreService( 1764): HostService Init inited = true
I/Choreographer( 1656): Skipped 50 frames!  The application may be doing too much work on its main thread.
D/AudioTrack( 1537): use orig AudioTrack! mIsTimed=0 transferType=0 flags=4
D/EGL_adreno( 2127): eglMakeCurrent: 0xadc34fa0: ver 2 0 (tinfo 0xadc395c0)
