D/SMACK   ( 2127): 11:35:56 上午 SENT (642662026): <iq id="8sz74-968" to="openfire-cloud" from="13632836691@openfire-cloud/A1b852863a" type="get"><ping xmlns='urn:xmpp:ping' /></iq>
E/WifiStateMachine( 1537): WifiStateMachine CMD_START_SCAN source -2 txSuccessRate=0.00 rxSuccessRate=0.00 targetRoamBSSID=00:81:ba:06:db:c6 RSSI=-45
D/JTC     ( 2127): near tabl onReceiveLocation
I/System.out( 2127): isFirstLoc：false
D/JTC     ( 2127): near tabl onReceiveLocation
I/System.out( 2127): isFirstLoc：false
D/JTC     ( 2127): near tabl onReceiveLocation
I/System.out( 2127): isFirstLoc：false
D/SMACK   ( 2127): 11:36:10 上午 SENT (642662026): <iq id="8sz74-969" to="openfire-cloud" from="13632836691@openfire-cloud/A1b852863a" type="get"><ping xmlns='urn:xmpp:ping' /></iq>
D/AdHotSeatView( 1867): updateIconButton.
D/JTC     ( 2127): near tabl onReceiveLocation
I/System.out( 2127): isFirstLoc：false
D/SMACK   ( 2127): 11:36:16 上午 SENT (642662026): <iq id="8sz74-970" to="openfire-cloud" from="13632836691@openfire-cloud/A1b852863a" type="get"><ping xmlns='urn:xmpp:ping' /></iq>
E/WifiStateMachine( 1537): WifiStateMachine CMD_START_SCAN source -2 txSuccessRate=0.00 rxSuccessRate=0.00 targetRoamBSSID=00:81:ba:06:db:c6 RSSI=-45
D/JTC     ( 2127): near tabl onReceiveLocation
I/System.out( 2127): isFirstLoc：false
D/JTC     ( 2127): near tabl onReceiveLocation
I/System.out( 2127): isFirstLoc：false
D/SMACK   ( 2127): 11:36:25 上午 SENT (642662026): <iq id="8sz74-971" to="openfire-cloud" from="13632836691@openfire-cloud/A1b852863a" type="get"><ping xmlns='urn:xmpp:ping' /></iq>
D/JTC     ( 2127): near tabl onReceiveLocation
I/System.out( 2127): isFirstLoc：false
D/AdHotSeatView( 1867): updateIconButton.
D/JTC     ( 2127): near tabl onReceiveLocation
I/System.out( 2127): isFirstLoc：false
E/WifiStateMachine( 1537): WifiStateMachine CMD_START_SCAN source -2 txSuccessRate=0.00 rxSuccessRate=0.00 targetRoamBSSID=00:81:ba:06:db:c6 RSSI=-45
D/SMACK   ( 2127): 11:36:39 上午 SENT (642662026): <iq id="8sz74-972" to="openfire-cloud" from="13632836691@openfire-cloud/A1b852863a" type="get"><ping xmlns='urn:xmpp:ping' /></iq>
D/JTC     ( 2127): near tabl onReceiveLocation
I/System.out( 2127): isFirstLoc：false
D/JTC     ( 2127): near tabl onReceiveLocation
I/System.out( 2127): isFirstLoc：false
D/SMACK   ( 2127): 11:36:45 上午 SENT (642662026): <iq id="8sz74-973" to="openfire-cloud" from="13632836691@openfire-cloud/A1b852863a" type="get"><ping xmlns='urn:xmpp:ping' /></iq>
D/JTC     ( 2127): near tabl onReceiveLocation
I/System.out( 2127): isFirstLoc：false
D/SMACK   ( 2127): 11:36:54 上午 SENT (642662026): <iq id="8sz74-974" to="openfire-cloud" from="13632836691@openfire-cloud/A1b852863a" type="get"><ping xmlns='urn:xmpp:ping' /></iq>
D/JTC     ( 2127): near tabl onReceiveLocation
I/System.out( 2127): isFirstLoc：false
D/AdHotSeatView( 1867): updateIconButton.
E/WifiStateMachine( 1537): WifiStateMachine CMD_START_SCAN source -2 txSuccessRate=0.00 rxSuccessRate=0.00 targetRoamBSSID=00:81:ba:06:db:c6 RSSI=-45
D/JTC     ( 2127): near tabl onReceiveLocation
I/System.out( 2127): isFirstLoc：false
D/JTC     ( 2127): near tabl onReceiveLocation
I/System.out( 2127): isFirstLoc：false
D/SMACK   ( 2127): 11:37:08 上午 SENT (642662026): <iq id="8sz74-975" to="openfire-cloud" from="13632836691@openfire-cloud/A1b852863a" type="get"><ping xmlns='urn:xmpp:ping' /></iq>
W/EntropyMixer( 1537): Failed to add HW RNG output to entropy pool
W/EntropyMixer( 1537): java.io.IOException: read failed: ENODEV (No such device)
W/EntropyMixer( 1537): 	at libcore.io.IoBridge.read(IoBridge.java:482)
W/EntropyMixer( 1537): 	at java.io.FileInputStream.read(FileInputStream.java:177)
W/EntropyMixer( 1537): 	at com.android.server.RandomBlock.fromStream(RandomBlock.java:56)
W/EntropyMixer( 1537): 	at com.android.server.RandomBlock.fromFile(RandomBlock.java:46)
W/EntropyMixer( 1537): 	at com.android.server.EntropyMixer.addHwRandomEntropy(EntropyMixer.java:192)
W/EntropyMixer( 1537): 	at com.android.server.EntropyMixer.access$000(EntropyMixer.java:59)
W/EntropyMixer( 1537): 	at com.android.server.EntropyMixer$1.handleMessage(EntropyMixer.java:80)
W/EntropyMixer( 1537): 	at android.os.Handler.dispatchMessage(Handler.java:102)
W/EntropyMixer( 1537): 	at android.os.Looper.loop(Looper.java:135)
W/EntropyMixer( 1537): 	at com.android.server.SystemServer.run(SystemServer.java:269)
W/EntropyMixer( 1537): 	at com.android.server.SystemServer.main(SystemServer.java:170)
W/EntropyMixer( 1537): 	at java.lang.reflect.Method.invoke(Native Method)
W/EntropyMixer( 1537): 	at java.lang.reflect.Method.invoke(Method.java:372)
W/EntropyMixer( 1537): 	at com.android.internal.os.ZygoteInit$MethodAndArgsCaller.run(ZygoteInit.java:905)
W/EntropyMixer( 1537): 	at com.android.internal.os.ZygoteInit.main(ZygoteInit.java:700)
W/EntropyMixer( 1537): Caused by: android.system.ErrnoException: read failed: ENODEV (No such device)
W/EntropyMixer( 1537): 	at libcore.io.Posix.readBytes(Native Method)
W/EntropyMixer( 1537): 	at libcore.io.Posix.read(Posix.java:165)
W/EntropyMixer( 1537): 	at libcore.io.BlockGuardOs.read(BlockGuardOs.java:230)
W/EntropyMixer( 1537): 	at libcore.io.IoBridge.read(IoBridge.java:472)
W/EntropyMixer( 1537): 	... 14 more
I/EntropyMixer( 1537): Writing entropy...
D/JTC     ( 2127): near tabl onReceiveLocation
I/System.out( 2127): isFirstLoc：false
D/SMACK   ( 2127): 11:37:14 上午 SENT (642662026): <iq id="8sz74-976" to="openfire-cloud" from="13632836691@openfire-cloud/A1b852863a" type="get"><ping xmlns='urn:xmpp:ping' /></iq>
D/JTC     ( 2127): near tabl onReceiveLocation
I/System.out( 2127): isFirstLoc：false
D/AdHotSeatView( 1867): updateIconButton.
E/WifiStateMachine( 1537): WifiStateMachine CMD_START_SCAN source -2 txSuccessRate=0.00 rxSuccessRate=0.00 targetRoamBSSID=00:81:ba:06:db:c6 RSSI=-45
E/WifiStateMachine( 1537): denglibo mScanResults.size=1
I/LdWifi  ( 1537): ld_get_eth0_ip return 172.16.2.15
D/JTC     ( 2127): near tabl onReceiveLocation
I/System.out( 2127): isFirstLoc：false
D/SMACK   ( 2127): 11:37:23 上午 SENT (642662026): <iq id="8sz74-977" to="openfire-cloud" from="13632836691@openfire-cloud/A1b852863a" type="get"><ping xmlns='urn:xmpp:ping' /></iq>
D/JTC     ( 2127): near tabl onReceiveLocation
I/System.out( 2127): isFirstLoc：false
D/JTC     ( 2127): near tabl onReceiveLocation
I/System.out( 2127): isFirstLoc：false
D/JTC     ( 2127): near tabl onReceiveLocation
I/System.out( 2127): isFirstLoc：false
D/AdHotSeatView( 1867): updateIconButton.
D/SMACK   ( 2127): 11:37:37 上午 SENT (642662026): <iq id="8sz74-978" to="openfire-cloud" from="13632836691@openfire-cloud/A1b852863a" type="get"><ping xmlns='urn:xmpp:ping' /></iq>
E/WifiStateMachine( 1537): WifiStateMachine CMD_START_SCAN source -2 txSuccessRate=0.00 rxSuccessRate=0.00 targetRoamBSSID=00:81:ba:06:db:c6 RSSI=-45
D/JTC     ( 2127): near tabl onReceiveLocation
I/System.out( 2127): isFirstLoc：false
D/SMACK   ( 2127): 11:37:43 上午 SENT (642662026): <iq id="8sz74-979" to="openfire-cloud" from="13632836691@openfire-cloud/A1b852863a" type="get"><ping xmlns='urn:xmpp:ping' /></iq>
D/JTC     ( 2127): near tabl onReceiveLocation
I/System.out( 2127): isFirstLoc：false
D/JTC     ( 2127): near tabl onReceiveLocation
I/System.out( 2127): isFirstLoc：false
D/SMACK   ( 2127): 11:37:52 上午 SENT (642662026): <iq id="8sz74-980" to="openfire-cloud" from="13632836691@openfire-cloud/A1b852863a" type="get"><ping xmlns='urn:xmpp:ping' /></iq>
D/JTC     ( 2127): near tabl onReceiveLocation
I/System.out( 2127): isFirstLoc：false
D/AdHotSeatView( 1867): updateIconButton.
E/WifiStateMachine( 1537): WifiStateMachine CMD_START_SCAN source -2 txSuccessRate=0.00 rxSuccessRate=0.00 targetRoamBSSID=00:81:ba:06:db:c6 RSSI=-45
D/JTC     ( 2127): near tabl onReceiveLocation
I/System.out( 2127): isFirstLoc：false
D/JTC     ( 2127): near tabl onReceiveLocation
I/System.out( 2127): isFirstLoc：false
D/SMACK   ( 2127): 11:38:06 上午 SENT (642662026): <iq id="8sz74-981" to="openfire-cloud" from="13632836691@openfire-cloud/A1b852863a" type="get"><ping xmlns='urn:xmpp:ping' /></iq>
D/JTC     ( 2127): near tabl onReceiveLocation
I/System.out( 2127): isFirstLoc：false
D/SMACK   ( 2127): 11:38:12 上午 SENT (642662026): <iq id="8sz74-982" to="openfire-cloud" from="13632836691@openfire-cloud/A1b852863a" type="get"><ping xmlns='urn:xmpp:ping' /></iq>
D/JTC     ( 2127): near tabl onReceiveLocation
I/System.out( 2127): isFirstLoc：false
D/AdHotSeatView( 1867): updateIconButton.
E/WifiStateMachine( 1537): WifiStateMachine CMD_START_SCAN source -2 txSuccessRate=0.00 rxSuccessRate=0.00 targetRoamBSSID=00:81:ba:06:db:c6 RSSI=-45
D/JTC     ( 2127): near tabl onReceiveLocation
I/System.out( 2127): isFirstLoc：false
D/SMACK   ( 2127): 11:38:21 上午 SENT (642662026): <iq id="8sz74-983" to="openfire-cloud" from="13632836691@openfire-cloud/A1b852863a" type="get"><ping xmlns='urn:xmpp:ping' /></iq>
D/JTC     ( 2127): near tabl onReceiveLocation
I/System.out( 2127): isFirstLoc：false
D/JTC     ( 2127): near tabl onReceiveLocation
I/System.out( 2127): isFirstLoc：false
D/JTC     ( 2127): near tabl onReceiveLocation
I/System.out( 2127): isFirstLoc：false
D/SMACK   ( 2127): 11:38:35 上午 SENT (642662026): <iq id="8sz74-984" to="openfire-cloud" from="13632836691@openfire-cloud/A1b852863a" type="get"><ping xmlns='urn:xmpp:ping' /></iq>
D/AdHotSeatView( 1867): updateIconButton.
E/WifiStateMachine( 1537): WifiStateMachine CMD_START_SCAN source -2 txSuccessRate=0.00 rxSuccessRate=0.00 targetRoamBSSID=00:81:ba:06:db:c6 RSSI=-45
D/JTC     ( 2127): near tabl onReceiveLocation
I/System.out( 2127): isFirstLoc：false
D/SMACK   ( 2127): 11:38:41 上午 SENT (642662026): <iq id="8sz74-985" to="openfire-cloud" from="13632836691@openfire-cloud/A1b852863a" type="get"><ping xmlns='urn:xmpp:ping' /></iq>
D/JTC     ( 2127): near tabl onReceiveLocation
I/System.out( 2127): isFirstLoc：false
D/JTC     ( 2127): near tabl onReceiveLocation
I/System.out( 2127): isFirstLoc：false
D/SMACK   ( 2127): 11:38:50 上午 SENT (642662026): <iq id="8sz74-986" to="openfire-cloud" from="13632836691@openfire-cloud/A1b852863a" type="get"><ping xmlns='urn:xmpp:ping' /></iq>
D/JTC     ( 2127): near tabl onReceiveLocation
I/System.out( 2127): isFirstLoc：false
D/AdHotSeatView( 1867): updateIconButton.
E/WifiStateMachine( 1537): WifiStateMachine CMD_START_SCAN source -2 txSuccessRate=0.00 rxSuccessRate=0.00 targetRoamBSSID=00:81:ba:06:db:c6 RSSI=-45
I/ProcessStatsService( 1537): Prepared write state in 1ms
I/ProcessStatsService( 1537): Pruning old procstats: /data/system/procstats/state-2018-08-30-09-19-00.bin
D/JTC     ( 2127): near tabl onReceiveLocation
I/System.out( 2127): isFirstLoc：false
D/SMACK   ( 2127): 11:39:04 上午 SENT (642662026): <iq id="8sz74-987" to="openfire-cloud" from="13632836691@openfire-cloud/A1b852863a" type="get"><ping xmlns='urn:xmpp:ping' /></iq>
D/JTC     ( 2127): near tabl onReceiveLocation
I/System.out( 2127): isFirstLoc：false
D/JTC     ( 2127): near tabl onReceiveLocation
I/System.out( 2127): isFirstLoc：false
D/SMACK   ( 2127): 11:39:10 上午 SENT (642662026): <iq id="8sz74-988" to="openfire-cloud" from="13632836691@openfire-cloud/A1b852863a" type="get"><ping xmlns='urn:xmpp:ping' /></iq>
D/JTC     ( 2127): near tabl onReceiveLocation
I/System.out( 2127): isFirstLoc：false
D/AdHotSeatView( 1867): updateIconButton.
E/WifiStateMachine( 1537): WifiStateMachine CMD_START_SCAN source -2 txSuccessRate=0.00 rxSuccessRate=0.00 targetRoamBSSID=00:81:ba:06:db:c6 RSSI=-45
D/SMACK   ( 2127): 11:39:19 上午 SENT (642662026): <iq id="8sz74-989" to="openfire-cloud" from="13632836691@openfire-cloud/A1b852863a" type="get"><ping xmlns='urn:xmpp:ping' /></iq>
D/JTC     ( 2127): near tabl onReceiveLocation
I/System.out( 2127): isFirstLoc：false
D/JTC     ( 2127): near tabl onReceiveLocation
I/System.out( 2127): isFirstLoc：false
D/JTC     ( 2127): near tabl onReceiveLocation
I/System.out( 2127): isFirstLoc：false
D/SMACK   ( 2127): 11:39:33 上午 SENT (642662026): <iq id="8sz74-990" to="openfire-cloud" from="13632836691@openfire-cloud/A1b852863a" type="get"><ping xmlns='urn:xmpp:ping' /></iq>
D/JTC     ( 2127): near tabl onReceiveLocation
I/System.out( 2127): isFirstLoc：false
D/AdHotSeatView( 1867): updateIconButton.
E/WifiStateMachine( 1537): WifiStateMachine CMD_START_SCAN source -2 txSuccessRate=0.00 rxSuccessRate=0.00 targetRoamBSSID=00:81:ba:06:db:c6 RSSI=-45
D/SMACK   ( 2127): 11:39:39 上午 SENT (642662026): <iq id="8sz74-991" to="openfire-cloud" from="13632836691@openfire-cloud/A1b852863a" type="get"><ping xmlns='urn:xmpp:ping' /></iq>
D/JTC     ( 2127): near tabl onReceiveLocation
I/System.out( 2127): isFirstLoc：false
D/JTC     ( 2127): near tabl onReceiveLocation
I/System.out( 2127): isFirstLoc：false
D/SMACK   ( 2127): 11:39:48 上午 SENT (642662026): <iq id="8sz74-992" to="openfire-cloud" from="13632836691@openfire-cloud/A1b852863a" type="get"><ping xmlns='urn:xmpp:ping' /></iq>
D/JTC     ( 2127): near tabl onReceiveLocation
I/System.out( 2127): isFirstLoc：false
D/JTC     ( 2127): near tabl onReceiveLocation
I/System.out( 2127): isFirstLoc：false
D/AdHotSeatView( 1867): updateIconButton.
E/WifiStateMachine( 1537): WifiStateMachine CMD_START_SCAN source -2 txSuccessRate=0.00 rxSuccessRate=0.00 targetRoamBSSID=00:81:ba:06:db:c6 RSSI=-45
D/JTC     ( 2127): near tabl onReceiveLocation
I/System.out( 2127): isFirstLoc：false
D/SMACK   ( 2127): 11:40:02 上午 SENT (642662026): <iq id="8sz74-993" to="openfire-cloud" from="13632836691@openfire-cloud/A1b852863a" type="get"><ping xmlns='urn:xmpp:ping' /></iq>
D/JTC     ( 2127): near tabl onReceiveLocation
I/System.out( 2127): isFirstLoc：false
D/SMACK   ( 2127): 11:40:08 上午 SENT (642662026): <iq id="8sz74-994" to="openfire-cloud" from="13632836691@openfire-cloud/A1b852863a" type="get"><ping xmlns='urn:xmpp:ping' /></iq>
D/JTC     ( 2127): near tabl onReceiveLocation
I/System.out( 2127): isFirstLoc：false
D/JTC     ( 2127): near tabl onReceiveLocation
I/System.out( 2127): isFirstLoc：false
D/AdHotSeatView( 1867): updateIconButton.
D/SMACK   ( 2127): 11:40:17 上午 SENT (642662026): <iq id="8sz74-995" to="openfire-cloud" from="13632836691@openfire-cloud/A1b852863a" type="get"><ping xmlns='urn:xmpp:ping' /></iq>
E/WifiStateMachine( 1537): WifiStateMachine CMD_START_SCAN source -2 txSuccessRate=0.00 rxSuccessRate=0.00 targetRoamBSSID=00:81:ba:06:db:c6 RSSI=-45
D/JTC     ( 2127): near tabl onReceiveLocation
I/System.out( 2127): isFirstLoc：false
D/JTC     ( 2127): near tabl onReceiveLocation
I/System.out( 2127): isFirstLoc：false
D/JTC     ( 2127): near tabl onReceiveLocation
I/System.out( 2127): isFirstLoc：false
D/SMACK   ( 2127): 11:40:31 上午 SENT (642662026): <iq id="8sz74-996" to="openfire-cloud" from="13632836691@openfire-cloud/A1b852863a" type="get"><ping xmlns='urn:xmpp:ping' /></iq>
D/JTC     ( 2127): near tabl onReceiveLocation
I/System.out( 2127): isFirstLoc：false
D/AdHotSeatView( 1867): updateIconButton.
D/SMACK   ( 2127): 11:40:37 上午 SENT (642662026): <iq id="8sz74-997" to="openfire-cloud" from="13632836691@openfire-cloud/A1b852863a" type="get"><ping xmlns='urn:xmpp:ping' /></iq>
E/WifiStateMachine( 1537): WifiStateMachine CMD_START_SCAN source -2 txSuccessRate=0.00 rxSuccessRate=0.00 targetRoamBSSID=00:81:ba:06:db:c6 RSSI=-45
D/JTC     ( 2127): near tabl onReceiveLocation
I/System.out( 2127): isFirstLoc：false
D/JTC     ( 2127): near tabl onReceiveLocation
I/System.out( 2127): isFirstLoc：false
D/SMACK   ( 2127): 11:40:46 上午 SENT (642662026): <iq id="8sz74-998" to="openfire-cloud" from="13632836691@openfire-cloud/A1b852863a" type="get"><ping xmlns='urn:xmpp:ping' /></iq>
D/JTC     ( 2127): near tabl onReceiveLocation
I/System.out( 2127): isFirstLoc：false
D/SMACK   ( 2127): 11:40:55 上午 SENT (642662026): <iq id="8sz74-999" to="openfire-cloud" from="13632836691@openfire-cloud/A1b852863a" type="get"><ping xmlns='urn:xmpp:ping' /></iq>
D/JTC     ( 2127): near tabl onReceiveLocation
I/System.out( 2127): isFirstLoc：false
D/AdHotSeatView( 1867): updateIconButton.
E/WifiStateMachine( 1537): WifiStateMachine CMD_START_SCAN source -2 txSuccessRate=0.00 rxSuccessRate=0.00 targetRoamBSSID=00:81:ba:06:db:c6 RSSI=-45
D/JTC     ( 2127): near tabl onReceiveLocation
I/System.out( 2127): isFirstLoc：false
D/SMACK   ( 2127): 11:41:00 上午 SENT (642662026): <iq id="8sz74-1000" to="openfire-cloud" from="13632836691@openfire-cloud/A1b852863a" type="get"><ping xmlns='urn:xmpp:ping' /></iq>
D/SMACK   ( 2127): 11:41:01 上午 SENT (642662026): <iq id="8sz74-1001" to="openfire-cloud" from="13632836691@openfire-cloud/A1b852863a" type="get"><ping xmlns='urn:xmpp:ping' /></iq>
D/JTC     ( 2127): near tabl onReceiveLocation
I/System.out( 2127): isFirstLoc：false
D/SMACK   ( 2127): 11:41:06 上午 SENT (642662026): <iq id="8sz74-1002" to="openfire-cloud" from="13632836691@openfire-cloud/A1b852863a" type="get"><ping xmlns='urn:xmpp:ping' /></iq>
D/SMACK   ( 2127): 11:41:07 上午 SENT (642662026): <iq id="8sz74-1003" to="openfire-cloud" from="13632836691@openfire-cloud/A1b852863a" type="get"><ping xmlns='urn:xmpp:ping' /></iq>
D/JTC     ( 2127): near tabl onReceiveLocation
I/System.out( 2127): isFirstLoc：false
D/JTC     ( 2127): near tabl onReceiveLocation
I/System.out( 2127): isFirstLoc：false
D/SMACK   ( 2127): 11:41:15 上午 SENT (642662026): <iq id="8sz74-1004" to="openfire-cloud" from="13632836691@openfire-cloud/A1b852863a" type="get"><ping xmlns='urn:xmpp:ping' /></iq>
D/AdHotSeatView( 1867): updateIconButton.
E/WifiStateMachine( 1537): WifiStateMachine CMD_START_SCAN source -2 txSuccessRate=0.00 rxSuccessRate=0.00 targetRoamBSSID=00:81:ba:06:db:c6 RSSI=-45
D/JTC     ( 2127): near tabl onReceiveLocation
I/System.out( 2127): isFirstLoc：false
D/JTC     ( 2127): near tabl onReceiveLocation
I/System.out( 2127): isFirstLoc：false
D/SMACK   ( 2127): 11:41:29 上午 SENT (642662026): <iq id="8sz74-1005" to="openfire-cloud" from="13632836691@openfire-cloud/A1b852863a" type="get"><ping xmlns='urn:xmpp:ping' /></iq>
D/JTC     ( 2127): near tabl onReceiveLocation
I/System.out( 2127): isFirstLoc：false
D/JTC     ( 2127): near tabl onReceiveLocation
I/System.out( 2127): isFirstLoc：false
D/SMACK   ( 2127): 11:41:35 上午 SENT (642662026): <iq id="8sz74-1006" to="openfire-cloud" from="13632836691@openfire-cloud/A1b852863a" type="get"><ping xmlns='urn:xmpp:ping' /></iq>
D/AdHotSeatView( 1867): updateIconButton.
E/WifiStateMachine( 1537): WifiStateMachine CMD_START_SCAN source -2 txSuccessRate=0.00 rxSuccessRate=0.00 targetRoamBSSID=00:81:ba:06:db:c6 RSSI=-45
D/JTC     ( 2127): near tabl onReceiveLocation
I/System.out( 2127): isFirstLoc：false
D/SMACK   ( 2127): 11:41:44 上午 SENT (642662026): <iq id="8sz74-1007" to="openfire-cloud" from="13632836691@openfire-cloud/A1b852863a" type="get"><ping xmlns='urn:xmpp:ping' /></iq>
D/JTC     ( 2127): near tabl onReceiveLocation
I/System.out( 2127): isFirstLoc：false
D/JTC     ( 2127): near tabl onReceiveLocation
I/System.out( 2127): isFirstLoc：false
D/JTC     ( 2127): near tabl onReceiveLocation
I/System.out( 2127): isFirstLoc：false
D/AdHotSeatView( 1867): updateIconButton.
D/SMACK   ( 2127): 11:41:58 上午 SENT (642662026): <iq id="8sz74-1008" to="openfire-cloud" from="13632836691@openfire-cloud/A1b852863a" type="get"><ping xmlns='urn:xmpp:ping' /></iq>
E/WifiStateMachine( 1537): WifiStateMachine CMD_START_SCAN source -2 txSuccessRate=0.00 rxSuccessRate=0.00 targetRoamBSSID=00:81:ba:06:db:c6 RSSI=-45
D/JTC     ( 2127): near tabl onReceiveLocation
I/System.out( 2127): isFirstLoc：false
D/SMACK   ( 2127): 11:42:04 上午 SENT (642662026): <iq id="8sz74-1009" to="openfire-cloud" from="13632836691@openfire-cloud/A1b852863a" type="get"><ping xmlns='urn:xmpp:ping' /></iq>
D/JTC     ( 2127): near tabl onReceiveLocation
I/System.out( 2127): isFirstLoc：false
D/JTC     ( 2127): near tabl onReceiveLocation
I/System.out( 2127): isFirstLoc：false
D/SMACK   ( 2127): 11:42:13 上午 SENT (642662026): <iq id="8sz74-1010" to="openfire-cloud" from="13632836691@openfire-cloud/A1b852863a" type="get"><ping xmlns='urn:xmpp:ping' /></iq>
D/JTC     ( 2127): near tabl onReceiveLocation
I/System.out( 2127): isFirstLoc：false
D/AdHotSeatView( 1867): updateIconButton.
E/WifiStateMachine( 1537): WifiStateMachine CMD_START_SCAN source -2 txSuccessRate=0.00 rxSuccessRate=0.00 targetRoamBSSID=00:81:ba:06:db:c6 RSSI=-45
D/JTC     ( 2127): near tabl onReceiveLocation
I/System.out( 2127): isFirstLoc：false
D/JTC     ( 2127): near tabl onReceiveLocation
I/System.out( 2127): isFirstLoc：false
D/SMACK   ( 2127): 11:42:27 上午 SENT (642662026): <iq id="8sz74-1011" to="openfire-cloud" from="13632836691@openfire-cloud/A1b852863a" type="get"><ping xmlns='urn:xmpp:ping' /></iq>
D/JTC     ( 2127): near tabl onReceiveLocation
I/System.out( 2127): isFirstLoc：false
D/SMACK   ( 2127): 11:42:33 上午 SENT (642662026): <iq id="8sz74-1012" to="openfire-cloud" from="13632836691@openfire-cloud/A1b852863a" type="get"><ping xmlns='urn:xmpp:ping' /></iq>
D/JTC     ( 2127): near tabl onReceiveLocation
I/System.out( 2127): isFirstLoc：false
D/AdHotSeatView( 1867): updateIconButton.
E/WifiStateMachine( 1537): WifiStateMachine CMD_START_SCAN source -2 txSuccessRate=0.00 rxSuccessRate=0.00 targetRoamBSSID=00:81:ba:06:db:c6 RSSI=-45
D/JTC     ( 2127): near tabl onReceiveLocation
I/System.out( 2127): isFirstLoc：false
D/SMACK   ( 2127): 11:42:42 上午 SENT (642662026): <iq id="8sz74-1013" to="openfire-cloud" from="13632836691@openfire-cloud/A1b852863a" type="get"><ping xmlns='urn:xmpp:ping' /></iq>
D/JTC     ( 2127): near tabl onReceiveLocation
I/System.out( 2127): isFirstLoc：false
D/JTC     ( 2127): near tabl onReceiveLocation
I/System.out( 2127): isFirstLoc：false
D/JTC     ( 2127): near tabl onReceiveLocation
I/System.out( 2127): isFirstLoc：false
D/SMACK   ( 2127): 11:42:56 上午 SENT (642662026): <iq id="8sz74-1014" to="openfire-cloud" from="13632836691@openfire-cloud/A1b852863a" type="get"><ping xmlns='urn:xmpp:ping' /></iq>
D/AdHotSeatView( 1867): updateIconButton.
E/WifiStateMachine( 1537): WifiStateMachine CMD_START_SCAN source -2 txSuccessRate=0.00 rxSuccessRate=0.00 targetRoamBSSID=00:81:ba:06:db:c6 RSSI=-45
D/JTC     ( 2127): near tabl onReceiveLocation
I/System.out( 2127): isFirstLoc：false
D/SMACK   ( 2127): 11:43:02 上午 SENT (642662026): <iq id="8sz74-1015" to="openfire-cloud" from="13632836691@openfire-cloud/A1b852863a" type="get"><ping xmlns='urn:xmpp:ping' /></iq>
D/JTC     ( 2127): near tabl onReceiveLocation
I/System.out( 2127): isFirstLoc：false
D/JTC     ( 2127): near tabl onReceiveLocation
I/System.out( 2127): isFirstLoc：false
D/SMACK   ( 2127): 11:43:11 上午 SENT (642662026): <iq id="8sz74-1016" to="openfire-cloud" from="13632836691@openfire-cloud/A1b852863a" type="get"><ping xmlns='urn:xmpp:ping' /></iq>
D/JTC     ( 2127): near tabl onReceiveLocation
I/System.out( 2127): isFirstLoc：false
D/AdHotSeatView( 1867): updateIconButton.
E/WifiStateMachine( 1537): WifiStateMachine CMD_START_SCAN source -2 txSuccessRate=0.00 rxSuccessRate=0.00 targetRoamBSSID=00:81:ba:06:db:c6 RSSI=-45
E/WifiStateMachine( 1537): denglibo mScanResults.size=1
I/LdWifi  ( 1537): ld_get_eth0_ip return 172.16.2.15
D/JTC     ( 2127): near tabl onReceiveLocation
I/System.out( 2127): isFirstLoc：false
D/JTC     ( 2127): near tabl onReceiveLocation
I/System.out( 2127): isFirstLoc：false
D/SMACK   ( 2127): 11:43:25 上午 SENT (642662026): <iq id="8sz74-1017" to="openfire-cloud" from="13632836691@openfire-cloud/A1b852863a" type="get"><ping xmlns='urn:xmpp:ping' /></iq>
D/JTC     ( 2127): near tabl onReceiveLocation
I/System.out( 2127): isFirstLoc：false
D/SMACK   ( 2127): 11:43:31 上午 SENT (642662026): <iq id="8sz74-1018" to="openfire-cloud" from="13632836691@openfire-cloud/A1b852863a" type="get"><ping xmlns='urn:xmpp:ping' /></iq>
D/JTC     ( 2127): near tabl onReceiveLocation
I/System.out( 2127): isFirstLoc：false
D/AdHotSeatView( 1867): updateIconButton.
E/WifiStateMachine( 1537): WifiStateMachine CMD_START_SCAN source -2 txSuccessRate=0.00 rxSuccessRate=0.00 targetRoamBSSID=00:81:ba:06:db:c6 RSSI=-45
D/JTC     ( 2127): near tabl onReceiveLocation
I/System.out( 2127): isFirstLoc：false
D/SMACK   ( 2127): 11:43:40 上午 SENT (642662026): <iq id="8sz74-1019" to="openfire-cloud" from="13632836691@openfire-cloud/A1b852863a" type="get"><ping xmlns='urn:xmpp:ping' /></iq>
D/JTC     ( 2127): near tabl onReceiveLocation
I/System.out( 2127): isFirstLoc：false
D/JTC     ( 2127): near tabl onReceiveLocation
I/System.out( 2127): isFirstLoc：false
D/SMACK   ( 2127): 11:43:54 上午 SENT (642662026): <iq id="8sz74-1020" to="openfire-cloud" from="13632836691@openfire-cloud/A1b852863a" type="get"><ping xmlns='urn:xmpp:ping' /></iq>
D/JTC     ( 2127): near tabl onReceiveLocation
I/System.out( 2127): isFirstLoc：false
D/AdHotSeatView( 1867): updateIconButton.
E/WifiStateMachine( 1537): WifiStateMachine CMD_START_SCAN source -2 txSuccessRate=0.00 rxSuccessRate=0.00 targetRoamBSSID=00:81:ba:06:db:c6 RSSI=-45
D/JTC     ( 2127): near tabl onReceiveLocation
I/System.out( 2127): isFirstLoc：false
D/SMACK   ( 2127): 11:44:00 上午 SENT (642662026): <iq id="8sz74-1021" to="openfire-cloud" from="13632836691@openfire-cloud/A1b852863a" type="get"><ping xmlns='urn:xmpp:ping' /></iq>
D/JTC     ( 2127): near tabl onReceiveLocation
I/System.out( 2127): isFirstLoc：false
D/SMACK   ( 2127): 11:44:09 上午 SENT (642662026): <iq id="8sz74-1022" to="openfire-cloud" from="13632836691@openfire-cloud/A1b852863a" type="get"><ping xmlns='urn:xmpp:ping' /></iq>
D/JTC     ( 2127): near tabl onReceiveLocation
I/System.out( 2127): isFirstLoc：false
D/JTC     ( 2127): near tabl onReceiveLocation
I/System.out( 2127): isFirstLoc：false
D/AdHotSeatView( 1867): updateIconButton.
E/WifiStateMachine( 1537): WifiStateMachine CMD_START_SCAN source -2 txSuccessRate=0.00 rxSuccessRate=0.00 targetRoamBSSID=00:81:ba:06:db:c6 RSSI=-45
D/JTC     ( 2127): near tabl onReceiveLocation
I/System.out( 2127): isFirstLoc：false
D/SMACK   ( 2127): 11:44:23 上午 SENT (642662026): <iq id="8sz74-1023" to="openfire-cloud" from="13632836691@openfire-cloud/A1b852863a" type="get"><ping xmlns='urn:xmpp:ping' /></iq>
D/JTC     ( 2127): near tabl onReceiveLocation
I/System.out( 2127): isFirstLoc：false
D/SMACK   ( 2127): 11:44:29 上午 SENT (642662026): <iq id="8sz74-1024" to="openfire-cloud" from="13632836691@openfire-cloud/A1b852863a" type="get"><ping xmlns='urn:xmpp:ping' /></iq>
D/JTC     ( 2127): near tabl onReceiveLocation
I/System.out( 2127): isFirstLoc：false
D/JTC     ( 2127): near tabl onReceiveLocation
I/System.out( 2127): isFirstLoc：false
D/AdHotSeatView( 1867): updateIconButton.
D/SMACK   ( 2127): 11:44:38 上午 SENT (642662026): <iq id="8sz74-1025" to="openfire-cloud" from="13632836691@openfire-cloud/A1b852863a" type="get"><ping xmlns='urn:xmpp:ping' /></iq>
E/WifiStateMachine( 1537): WifiStateMachine CMD_START_SCAN source -2 txSuccessRate=0.00 rxSuccessRate=0.00 targetRoamBSSID=00:81:ba:06:db:c6 RSSI=-45
D/JTC     ( 2127): near tabl onReceiveLocation
I/System.out( 2127): isFirstLoc：false
D/JTC     ( 2127): near tabl onReceiveLocation
I/System.out( 2127): isFirstLoc：false
D/JTC     ( 2127): near tabl onReceiveLocation
I/System.out( 2127): isFirstLoc：false
D/SMACK   ( 2127): 11:44:52 上午 SENT (642662026): <iq id="8sz74-1026" to="openfire-cloud" from="13632836691@openfire-cloud/A1b852863a" type="get"><ping xmlns='urn:xmpp:ping' /></iq>
D/JTC     ( 2127): near tabl onReceiveLocation
I/System.out( 2127): isFirstLoc：false
D/AdHotSeatView( 1867): updateIconButton.
D/SMACK   ( 2127): 11:44:58 上午 SENT (642662026): <iq id="8sz74-1027" to="openfire-cloud" from="13632836691@openfire-cloud/A1b852863a" type="get"><ping xmlns='urn:xmpp:ping' /></iq>
E/WifiStateMachine( 1537): WifiStateMachine CMD_START_SCAN source -2 txSuccessRate=0.00 rxSuccessRate=0.00 targetRoamBSSID=00:81:ba:06:db:c6 RSSI=-45
D/JTC     ( 2127): near tabl onReceiveLocation
I/System.out( 2127): isFirstLoc：false
D/JTC     ( 2127): near tabl onReceiveLocation
I/System.out( 2127): isFirstLoc：false
D/SMACK   ( 2127): 11:45:07 上午 SENT (642662026): <iq id="8sz74-1028" to="openfire-cloud" from="13632836691@openfire-cloud/A1b852863a" type="get"><ping xmlns='urn:xmpp:ping' /></iq>
D/JTC     ( 2127): near tabl onReceiveLocation
I/System.out( 2127): isFirstLoc：false
D/JTC     ( 2127): near tabl onReceiveLocation
I/System.out( 2127): isFirstLoc：false
D/AdHotSeatView( 1867): updateIconButton.
E/WifiStateMachine( 1537): WifiStateMachine CMD_START_SCAN source -2 txSuccessRate=0.00 rxSuccessRate=0.00 targetRoamBSSID=00:81:ba:06:db:c6 RSSI=-45
D/JTC     ( 2127): near tabl onReceiveLocation
I/System.out( 2127): isFirstLoc：false
D/SMACK   ( 2127): 11:45:21 上午 SENT (642662026): <iq id="8sz74-1029" to="openfire-cloud" from="13632836691@openfire-cloud/A1b852863a" type="get"><ping xmlns='urn:xmpp:ping' /></iq>
D/JTC     ( 2127): near tabl onReceiveLocation
I/System.out( 2127): isFirstLoc：false
D/SMACK   ( 2127): 11:45:27 上午 SENT (642662026): <iq id="8sz74-1030" to="openfire-cloud" from="13632836691@openfire-cloud/A1b852863a" type="get"><ping xmlns='urn:xmpp:ping' /></iq>
D/JTC     ( 2127): near tabl onReceiveLocation
I/System.out( 2127): isFirstLoc：false
D/JTC     ( 2127): near tabl onReceiveLocation
I/System.out( 2127): isFirstLoc：false
D/SMACK   ( 2127): 11:45:36 上午 SENT (642662026): <iq id="8sz74-1031" to="openfire-cloud" from="13632836691@openfire-cloud/A1b852863a" type="get"><ping xmlns='urn:xmpp:ping' /></iq>
D/AdHotSeatView( 1867): updateIconButton.
E/WifiStateMachine( 1537): WifiStateMachine CMD_START_SCAN source -2 txSuccessRate=0.00 rxSuccessRate=0.00 targetRoamBSSID=00:81:ba:06:db:c6 RSSI=-45
D/JTC     ( 2127): near tabl onReceiveLocation
I/System.out( 2127): isFirstLoc：false
D/JTC     ( 2127): near tabl onReceiveLocation
I/System.out( 2127): isFirstLoc：false
D/JTC     ( 2127): near tabl onReceiveLocation
I/System.out( 2127): isFirstLoc：false
D/SMACK   ( 2127): 11:45:50 上午 SENT (642662026): <iq id="8sz74-1032" to="openfire-cloud" from="13632836691@openfire-cloud/A1b852863a" type="get"><ping xmlns='urn:xmpp:ping' /></iq>
D/JTC     ( 2127): near tabl onReceiveLocation
I/System.out( 2127): isFirstLoc：false
D/SMACK   ( 2127): 11:45:56 上午 SENT (642662026): <iq id="8sz74-1033" to="openfire-cloud" from="13632836691@openfire-cloud/A1b852863a" type="get"><ping xmlns='urn:xmpp:ping' /></iq>
D/AdHotSeatView( 1867): updateIconButton.
E/WifiStateMachine( 1537): WifiStateMachine CMD_START_SCAN source -2 txSuccessRate=0.00 rxSuccessRate=0.00 targetRoamBSSID=00:81:ba:06:db:c6 RSSI=-45
D/JTC     ( 2127): near tabl onReceiveLocation
I/System.out( 2127): isFirstLoc：false
D/JTC     ( 2127): near tabl onReceiveLocation
I/System.out( 2127): isFirstLoc：false
D/SMACK   ( 2127): 11:46:05 上午 SENT (642662026): <iq id="8sz74-1034" to="openfire-cloud" from="13632836691@openfire-cloud/A1b852863a" type="get"><ping xmlns='urn:xmpp:ping' /></iq>
D/JTC     ( 2127): near tabl onReceiveLocation
I/System.out( 2127): isFirstLoc：false
D/JTC     ( 2127): near tabl onReceiveLocation
I/System.out( 2127): isFirstLoc：false
D/AdHotSeatView( 1867): updateIconButton.
E/WifiStateMachine( 1537): WifiStateMachine CMD_START_SCAN source -2 txSuccessRate=0.00 rxSuccessRate=0.00 targetRoamBSSID=00:81:ba:06:db:c6 RSSI=-45
D/SMACK   ( 2127): 11:46:19 上午 SENT (642662026): <iq id="8sz74-1035" to="openfire-cloud" from="13632836691@openfire-cloud/A1b852863a" type="get"><ping xmlns='urn:xmpp:ping' /></iq>
D/JTC     ( 2127): near tabl onReceiveLocation
I/System.out( 2127): isFirstLoc：false
D/JTC     ( 2127): near tabl onReceiveLocation
I/System.out( 2127): isFirstLoc：false
D/SMACK   ( 2127): 11:46:25 上午 SENT (642662026): <iq id="8sz74-1036" to="openfire-cloud" from="13632836691@openfire-cloud/A1b852863a" type="get"><ping xmlns='urn:xmpp:ping' /></iq>
D/JTC     ( 2127): near tabl onReceiveLocation
I/System.out( 2127): isFirstLoc：false
D/SMACK   ( 2127): 11:46:34 上午 SENT (642662026): <iq id="8sz74-1037" to="openfire-cloud" from="13632836691@openfire-cloud/A1b852863a" type="get"><ping xmlns='urn:xmpp:ping' /></iq>
D/JTC     ( 2127): near tabl onReceiveLocation
I/System.out( 2127): isFirstLoc：false
D/AdHotSeatView( 1867): updateIconButton.
E/WifiStateMachine( 1537): WifiStateMachine CMD_START_SCAN source -2 txSuccessRate=0.00 rxSuccessRate=0.00 targetRoamBSSID=00:81:ba:06:db:c6 RSSI=-45
D/JTC     ( 2127): near tabl onReceiveLocation
I/System.out( 2127): isFirstLoc：false
D/JTC     ( 2127): near tabl onReceiveLocation
I/System.out( 2127): isFirstLoc：false
D/SMACK   ( 2127): 11:46:48 上午 SENT (642662026): <iq id="8sz74-1038" to="openfire-cloud" from="13632836691@openfire-cloud/A1b852863a" type="get"><ping xmlns='urn:xmpp:ping' /></iq>
D/JTC     ( 2127): near tabl onReceiveLocation
I/System.out( 2127): isFirstLoc：false
D/SMACK   ( 2127): 11:46:54 上午 SENT (642662026): <iq id="8sz74-1039" to="openfire-cloud" from="13632836691@openfire-cloud/A1b852863a" type="get"><ping xmlns='urn:xmpp:ping' /></iq>
D/JTC     ( 2127): near tabl onReceiveLocation
I/System.out( 2127): isFirstLoc：false
D/AdHotSeatView( 1867): updateIconButton.
E/WifiStateMachine( 1537): WifiStateMachine CMD_START_SCAN source -2 txSuccessRate=0.00 rxSuccessRate=0.00 targetRoamBSSID=00:81:ba:06:db:c6 RSSI=-45
D/JTC     ( 2127): near tabl onReceiveLocation
I/System.out( 2127): isFirstLoc：false
D/SMACK   ( 2127): 11:47:03 上午 SENT (642662026): <iq id="8sz74-1040" to="openfire-cloud" from="13632836691@openfire-cloud/A1b852863a" type="get"><ping xmlns='urn:xmpp:ping' /></iq>
D/JTC     ( 2127): near tabl onReceiveLocation
I/System.out( 2127): isFirstLoc：false
D/JTC     ( 2127): near tabl onReceiveLocation
I/System.out( 2127): isFirstLoc：false
D/JTC     ( 2127): near tabl onReceiveLocation
I/System.out( 2127): isFirstLoc：false
D/SMACK   ( 2127): 11:47:17 上午 SENT (642662026): <iq id="8sz74-1041" to="openfire-cloud" from="13632836691@openfire-cloud/A1b852863a" type="get"><ping xmlns='urn:xmpp:ping' /></iq>
D/AdHotSeatView( 1867): updateIconButton.
E/WifiStateMachine( 1537): WifiStateMachine CMD_START_SCAN source -2 txSuccessRate=0.00 rxSuccessRate=0.00 targetRoamBSSID=00:81:ba:06:db:c6 RSSI=-45
D/JTC     ( 2127): near tabl onReceiveLocation
I/System.out( 2127): isFirstLoc：false
D/SMACK   ( 2127): 11:47:23 上午 SENT (642662026): <iq id="8sz74-1042" to="openfire-cloud" from="13632836691@openfire-cloud/A1b852863a" type="get"><ping xmlns='urn:xmpp:ping' /></iq>
D/JTC     ( 2127): near tabl onReceiveLocation
I/System.out( 2127): isFirstLoc：false
D/JTC     ( 2127): near tabl onReceiveLocation
I/System.out( 2127): isFirstLoc：false
D/SMACK   ( 2127): 11:47:32 上午 SENT (642662026): <iq id="8sz74-1043" to="openfire-cloud" from="13632836691@openfire-cloud/A1b852863a" type="get"><ping xmlns='urn:xmpp:ping' /></iq>
D/JTC     ( 2127): near tabl onReceiveLocation
I/System.out( 2127): isFirstLoc：false
D/AdHotSeatView( 1867): updateIconButton.
E/WifiStateMachine( 1537): WifiStateMachine CMD_START_SCAN source -2 txSuccessRate=0.00 rxSuccessRate=0.00 targetRoamBSSID=00:81:ba:06:db:c6 RSSI=-45
D/JTC     ( 2127): near tabl onReceiveLocation
I/System.out( 2127): isFirstLoc：false
D/JTC     ( 2127): near tabl onReceiveLocation
I/System.out( 2127): isFirstLoc：false
D/SMACK   ( 2127): 11:47:46 上午 SENT (642662026): <iq id="8sz74-1044" to="openfire-cloud" from="13632836691@openfire-cloud/A1b852863a" type="get"><ping xmlns='urn:xmpp:ping' /></iq>
D/JTC     ( 2127): near tabl onReceiveLocation
I/System.out( 2127): isFirstLoc：false
D/SMACK   ( 2127): 11:47:52 上午 SENT (642662026): <iq id="8sz74-1045" to="openfire-cloud" from="13632836691@openfire-cloud/A1b852863a" type="get"><ping xmlns='urn:xmpp:ping' /></iq>
D/JTC     ( 2127): near tabl onReceiveLocation
I/System.out( 2127): isFirstLoc：false
D/AdHotSeatView( 1867): updateIconButton.
E/WifiStateMachine( 1537): WifiStateMachine CMD_START_SCAN source -2 txSuccessRate=0.00 rxSuccessRate=0.00 targetRoamBSSID=00:81:ba:06:db:c6 RSSI=-45
D/JTC     ( 2127): near tabl onReceiveLocation
I/System.out( 2127): isFirstLoc：false
D/SMACK   ( 2127): 11:48:01 上午 SENT (642662026): <iq id="8sz74-1046" to="openfire-cloud" from="13632836691@openfire-cloud/A1b852863a" type="get"><ping xmlns='urn:xmpp:ping' /></iq>
D/JTC     ( 2127): near tabl onReceiveLocation
I/System.out( 2127): isFirstLoc：false
D/JTC     ( 2127): near tabl onReceiveLocation
I/System.out( 2127): isFirstLoc：false
D/JTC     ( 2127): near tabl onReceiveLocation
I/System.out( 2127): isFirstLoc：false
D/SMACK   ( 2127): 11:48:15 上午 SENT (642662026): <iq id="8sz74-1047" to="openfire-cloud" from="13632836691@openfire-cloud/A1b852863a" type="get"><ping xmlns='urn:xmpp:ping' /></iq>
D/AdHotSeatView( 1867): updateIconButton.
E/WifiStateMachine( 1537): WifiStateMachine CMD_START_SCAN source -2 txSuccessRate=0.00 rxSuccessRate=0.00 targetRoamBSSID=00:81:ba:06:db:c6 RSSI=-45
D/JTC     ( 2127): near tabl onReceiveLocation
I/System.out( 2127): isFirstLoc：false
D/SMACK   ( 2127): 11:48:21 上午 SENT (642662026): <iq id="8sz74-1048" to="openfire-cloud" from="13632836691@openfire-cloud/A1b852863a" type="get"><ping xmlns='urn:xmpp:ping' /></iq>
D/JTC     ( 2127): near tabl onReceiveLocation
I/System.out( 2127): isFirstLoc：false
D/JTC     ( 2127): near tabl onReceiveLocation
I/System.out( 2127): isFirstLoc：false
D/SMACK   ( 2127): 11:48:30 上午 SENT (642662026): <iq id="8sz74-1049" to="openfire-cloud" from="13632836691@openfire-cloud/A1b852863a" type="get"><ping xmlns='urn:xmpp:ping' /></iq>
D/JTC     ( 2127): near tabl onReceiveLocation
I/System.out( 2127): isFirstLoc：false
D/AdHotSeatView( 1867): updateIconButton.
E/WifiStateMachine( 1537): WifiStateMachine CMD_START_SCAN source -2 txSuccessRate=0.00 rxSuccessRate=0.00 targetRoamBSSID=00:81:ba:06:db:c6 RSSI=-45
D/JTC     ( 2127): near tabl onReceiveLocation
I/System.out( 2127): isFirstLoc：false
D/SMACK   ( 2127): 11:48:44 上午 SENT (642662026): <iq id="8sz74-1050" to="openfire-cloud" from="13632836691@openfire-cloud/A1b852863a" type="get"><ping xmlns='urn:xmpp:ping' /></iq>
D/JTC     ( 2127): near tabl onReceiveLocation
I/System.out( 2127): isFirstLoc：false
D/JTC     ( 2127): near tabl onReceiveLocation
I/System.out( 2127): isFirstLoc：false
D/SMACK   ( 2127): 11:48:50 上午 SENT (642662026): <iq id="8sz74-1051" to="openfire-cloud" from="13632836691@openfire-cloud/A1b852863a" type="get"><ping xmlns='urn:xmpp:ping' /></iq>
D/JTC     ( 2127): near tabl onReceiveLocation
I/System.out( 2127): isFirstLoc：false
D/AdHotSeatView( 1867): updateIconButton.
E/WifiStateMachine( 1537): WifiStateMachine CMD_START_SCAN source -2 txSuccessRate=0.00 rxSuccessRate=0.00 targetRoamBSSID=00:81:ba:06:db:c6 RSSI=-45
D/SMACK   ( 2127): 11:48:59 上午 SENT (642662026): <iq id="8sz74-1052" to="openfire-cloud" from="13632836691@openfire-cloud/A1b852863a" type="get"><ping xmlns='urn:xmpp:ping' /></iq>
D/JTC     ( 2127): near tabl onReceiveLocation
I/System.out( 2127): isFirstLoc：false
D/JTC     ( 2127): near tabl onReceiveLocation
I/System.out( 2127): isFirstLoc：false
D/JTC     ( 2127): near tabl onReceiveLocation
I/System.out( 2127): isFirstLoc：false
D/SMACK   ( 2127): 11:49:13 上午 SENT (642662026): <iq id="8sz74-1053" to="openfire-cloud" from="13632836691@openfire-cloud/A1b852863a" type="get"><ping xmlns='urn:xmpp:ping' /></iq>
D/JTC     ( 2127): near tabl onReceiveLocation
I/System.out( 2127): isFirstLoc：false
D/AdHotSeatView( 1867): updateIconButton.
E/WifiStateMachine( 1537): WifiStateMachine CMD_START_SCAN source -2 txSuccessRate=0.00 rxSuccessRate=0.00 targetRoamBSSID=00:81:ba:06:db:c6 RSSI=-45
E/WifiStateMachine( 1537): denglibo mScanResults.size=1
I/LdWifi  ( 1537): ld_get_eth0_ip return 172.16.2.15
D/SMACK   ( 2127): 11:49:19 上午 SENT (642662026): <iq id="8sz74-1054" to="openfire-cloud" from="13632836691@openfire-cloud/A1b852863a" type="get"><ping xmlns='urn:xmpp:ping' /></iq>
D/JTC     ( 2127): near tabl onReceiveLocation
I/System.out( 2127): isFirstLoc：false
D/JTC     ( 2127): near tabl onReceiveLocation
I/System.out( 2127): isFirstLoc：false
D/SMACK   ( 2127): 11:49:28 上午 SENT (642662026): <iq id="8sz74-1055" to="openfire-cloud" from="13632836691@openfire-cloud/A1b852863a" type="get"><ping xmlns='urn:xmpp:ping' /></iq>
D/JTC     ( 2127): near tabl onReceiveLocation
I/System.out( 2127): isFirstLoc：false
D/JTC     ( 2127): near tabl onReceiveLocation
I/System.out( 2127): isFirstLoc：false
D/AdHotSeatView( 1867): updateIconButton.
E/WifiStateMachine( 1537): WifiStateMachine CMD_START_SCAN source -2 txSuccessRate=0.00 rxSuccessRate=0.00 targetRoamBSSID=00:81:ba:06:db:c6 RSSI=-45
D/JTC     ( 2127): near tabl onReceiveLocation
I/System.out( 2127): isFirstLoc：false
D/SMACK   ( 2127): 11:49:42 上午 SENT (642662026): <iq id="8sz74-1056" to="openfire-cloud" from="13632836691@openfire-cloud/A1b852863a" type="get"><ping xmlns='urn:xmpp:ping' /></iq>
D/JTC     ( 2127): near tabl onReceiveLocation
I/System.out( 2127): isFirstLoc：false
D/SMACK   ( 2127): 11:49:48 上午 SENT (642662026): <iq id="8sz74-1057" to="openfire-cloud" from="13632836691@openfire-cloud/A1b852863a" type="get"><ping xmlns='urn:xmpp:ping' /></iq>
D/JTC     ( 2127): near tabl onReceiveLocation
I/System.out( 2127): isFirstLoc：false
D/JTC     ( 2127): near tabl onReceiveLocation
I/System.out( 2127): isFirstLoc：false
D/SMACK   ( 2127): 11:49:57 上午 SENT (642662026): <iq id="8sz74-1058" to="openfire-cloud" from="13632836691@openfire-cloud/A1b852863a" type="get"><ping xmlns='urn:xmpp:ping' /></iq>
D/AdHotSeatView( 1867): updateIconButton.
E/WifiStateMachine( 1537): WifiStateMachine CMD_START_SCAN source -2 txSuccessRate=0.00 rxSuccessRate=0.00 targetRoamBSSID=00:81:ba:06:db:c6 RSSI=-45
D/JTC     ( 2127): near tabl onReceiveLocation
I/System.out( 2127): isFirstLoc：false
D/JTC     ( 2127): near tabl onReceiveLocation
I/System.out( 2127): isFirstLoc：false
D/JTC     ( 2127): near tabl onReceiveLocation
I/System.out( 2127): isFirstLoc：false
D/SMACK   ( 2127): 11:50:11 上午 SENT (642662026): <iq id="8sz74-1059" to="openfire-cloud" from="13632836691@openfire-cloud/A1b852863a" type="get"><ping xmlns='urn:xmpp:ping' /></iq>
D/JTC     ( 2127): near tabl onReceiveLocation
I/System.out( 2127): isFirstLoc：false
D/SMACK   ( 2127): 11:50:17 上午 SENT (642662026): <iq id="8sz74-1060" to="openfire-cloud" from="13632836691@openfire-cloud/A1b852863a" type="get"><ping xmlns='urn:xmpp:ping' /></iq>
D/AdHotSeatView( 1867): updateIconButton.
E/WifiStateMachine( 1537): WifiStateMachine CMD_START_SCAN source -2 txSuccessRate=0.00 rxSuccessRate=0.00 targetRoamBSSID=00:81:ba:06:db:c6 RSSI=-45
D/JTC     ( 2127): near tabl onReceiveLocation
I/System.out( 2127): isFirstLoc：false
D/JTC     ( 2127): near tabl onReceiveLocation
I/System.out( 2127): isFirstLoc：false
D/SMACK   ( 2127): 11:50:26 上午 SENT (642662026): <iq id="8sz74-1061" to="openfire-cloud" from="13632836691@openfire-cloud/A1b852863a" type="get"><ping xmlns='urn:xmpp:ping' /></iq>
D/JTC     ( 2127): near tabl onReceiveLocation
I/System.out( 2127): isFirstLoc：false
D/JTC     ( 2127): near tabl onReceiveLocation
I/System.out( 2127): isFirstLoc：false
D/AdHotSeatView( 1867): updateIconButton.
E/WifiStateMachine( 1537): WifiStateMachine CMD_START_SCAN source -2 txSuccessRate=0.00 rxSuccessRate=0.00 targetRoamBSSID=00:81:ba:06:db:c6 RSSI=-45
D/JTC     ( 2127): near tabl onReceiveLocation
I/System.out( 2127): isFirstLoc：false
D/SMACK   ( 2127): 11:50:40 上午 SENT (642662026): <iq id="8sz74-1062" to="openfire-cloud" from="13632836691@openfire-cloud/A1b852863a" type="get"><ping xmlns='urn:xmpp:ping' /></iq>
D/JTC     ( 2127): near tabl onReceiveLocation
I/System.out( 2127): isFirstLoc：false
D/SMACK   ( 2127): 11:50:46 上午 SENT (642662026): <iq id="8sz74-1063" to="openfire-cloud" from="13632836691@openfire-cloud/A1b852863a" type="get"><ping xmlns='urn:xmpp:ping' /></iq>
D/JTC     ( 2127): near tabl onReceiveLocation
I/System.out( 2127): isFirstLoc：false
D/JTC     ( 2127): near tabl onReceiveLocation
I/System.out( 2127): isFirstLoc：false
D/SMACK   ( 2127): 11:50:55 上午 SENT (642662026): <iq id="8sz74-1064" to="openfire-cloud" from="13632836691@openfire-cloud/A1b852863a" type="get"><ping xmlns='urn:xmpp:ping' /></iq>
D/AdHotSeatView( 1867): updateIconButton.
E/WifiStateMachine( 1537): WifiStateMachine CMD_START_SCAN source -2 txSuccessRate=0.00 rxSuccessRate=0.00 targetRoamBSSID=00:81:ba:06:db:c6 RSSI=-45
D/JTC     ( 2127): near tabl onReceiveLocation
I/System.out( 2127): isFirstLoc：false
D/JTC     ( 2127): near tabl onReceiveLocation
I/System.out( 2127): isFirstLoc：false
D/SMACK   ( 2127): 11:51:09 上午 SENT (642662026): <iq id="8sz74-1065" to="openfire-cloud" from="13632836691@openfire-cloud/A1b852863a" type="get"><ping xmlns='urn:xmpp:ping' /></iq>
D/JTC     ( 2127): near tabl onReceiveLocation
I/System.out( 2127): isFirstLoc：false
D/JTC     ( 2127): near tabl onReceiveLocation
I/System.out( 2127): isFirstLoc：false
D/SMACK   ( 2127): 11:51:15 上午 SENT (642662026): <iq id="8sz74-1066" to="openfire-cloud" from="13632836691@openfire-cloud/A1b852863a" type="get"><ping xmlns='urn:xmpp:ping' /></iq>
D/AdHotSeatView( 1867): updateIconButton.
E/WifiStateMachine( 1537): WifiStateMachine CMD_START_SCAN source -2 txSuccessRate=0.00 rxSuccessRate=0.00 targetRoamBSSID=00:81:ba:06:db:c6 RSSI=-45
D/JTC     ( 2127): near tabl onReceiveLocation
I/System.out( 2127): isFirstLoc：false
D/SMACK   ( 2127): 11:51:24 上午 SENT (642662026): <iq id="8sz74-1067" to="openfire-cloud" from="13632836691@openfire-cloud/A1b852863a" type="get"><ping xmlns='urn:xmpp:ping' /></iq>
D/JTC     ( 2127): near tabl onReceiveLocation
I/System.out( 2127): isFirstLoc：false
D/JTC     ( 2127): near tabl onReceiveLocation
I/System.out( 2127): isFirstLoc：false
D/JTC     ( 2127): near tabl onReceiveLocation
I/System.out( 2127): isFirstLoc：false
D/SMACK   ( 2127): 11:51:38 上午 SENT (642662026): <iq id="8sz74-1068" to="openfire-cloud" from="13632836691@openfire-cloud/A1b852863a" type="get"><ping xmlns='urn:xmpp:ping' /></iq>
D/AdHotSeatView( 1867): updateIconButton.
E/WifiStateMachine( 1537): WifiStateMachine CMD_START_SCAN source -2 txSuccessRate=0.00 rxSuccessRate=0.00 targetRoamBSSID=00:81:ba:06:db:c6 RSSI=-45
D/JTC     ( 2127): near tabl onReceiveLocation
I/System.out( 2127): isFirstLoc：false
D/SMACK   ( 2127): 11:51:44 上午 SENT (642662026): <iq id="8sz74-1069" to="openfire-cloud" from="13632836691@openfire-cloud/A1b852863a" type="get"><ping xmlns='urn:xmpp:ping' /></iq>
D/JTC     ( 2127): near tabl onReceiveLocation
I/System.out( 2127): isFirstLoc：false
D/JTC     ( 2127): near tabl onReceiveLocation
I/System.out( 2127): isFirstLoc：false
D/SMACK   ( 2127): 11:51:53 上午 SENT (642662026): <iq id="8sz74-1070" to="openfire-cloud" from="13632836691@openfire-cloud/A1b852863a" type="get"><ping xmlns='urn:xmpp:ping' /></iq>
D/JTC     ( 2127): near tabl onReceiveLocation
I/System.out( 2127): isFirstLoc：false
D/AdHotSeatView( 1867): updateIconButton.
E/WifiStateMachine( 1537): WifiStateMachine CMD_START_SCAN source -2 txSuccessRate=0.00 rxSuccessRate=0.00 targetRoamBSSID=00:81:ba:06:db:c6 RSSI=-45
D/JTC     ( 2127): near tabl onReceiveLocation
I/System.out( 2127): isFirstLoc：false
D/JTC     ( 2127): near tabl onReceiveLocation
I/System.out( 2127): isFirstLoc：false
D/SMACK   ( 2127): 11:52:07 上午 SENT (642662026): <iq id="8sz74-1071" to="openfire-cloud" from="13632836691@openfire-cloud/A1b852863a" type="get"><ping xmlns='urn:xmpp:ping' /></iq>
D/JTC     ( 2127): near tabl onReceiveLocation
I/System.out( 2127): isFirstLoc：false
D/SMACK   ( 2127): 11:52:13 上午 SENT (642662026): <iq id="8sz74-1072" to="openfire-cloud" from="13632836691@openfire-cloud/A1b852863a" type="get"><ping xmlns='urn:xmpp:ping' /></iq>
D/JTC     ( 2127): near tabl onReceiveLocation
I/System.out( 2127): isFirstLoc：false
D/AdHotSeatView( 1867): updateIconButton.
E/WifiStateMachine( 1537): WifiStateMachine CMD_START_SCAN source -2 txSuccessRate=0.00 rxSuccessRate=0.00 targetRoamBSSID=00:81:ba:06:db:c6 RSSI=-45
D/JTC     ( 2127): near tabl onReceiveLocation
I/System.out( 2127): isFirstLoc：false
D/SMACK   ( 2127): 11:52:22 上午 SENT (642662026): <iq id="8sz74-1073" to="openfire-cloud" from="13632836691@openfire-cloud/A1b852863a" type="get"><ping xmlns='urn:xmpp:ping' /></iq>
D/JTC     ( 2127): near tabl onReceiveLocation
I/System.out( 2127): isFirstLoc：false
D/JTC     ( 2127): near tabl onReceiveLocation
I/System.out( 2127): isFirstLoc：false
D/JTC     ( 2127): near tabl onReceiveLocation
I/System.out( 2127): isFirstLoc：false
D/SMACK   ( 2127): 11:52:36 上午 SENT (642662026): <iq id="8sz74-1074" to="openfire-cloud" from="13632836691@openfire-cloud/A1b852863a" type="get"><ping xmlns='urn:xmpp:ping' /></iq>
D/AdHotSeatView( 1867): updateIconButton.
E/WifiStateMachine( 1537): WifiStateMachine CMD_START_SCAN source -2 txSuccessRate=0.00 rxSuccessRate=0.00 targetRoamBSSID=00:81:ba:06:db:c6 RSSI=-45
D/JTC     ( 2127): near tabl onReceiveLocation
I/System.out( 2127): isFirstLoc：false
D/SMACK   ( 2127): 11:52:42 上午 SENT (642662026): <iq id="8sz74-1075" to="openfire-cloud" from="13632836691@openfire-cloud/A1b852863a" type="get"><ping xmlns='urn:xmpp:ping' /></iq>
D/JTC     ( 2127): near tabl onReceiveLocation
I/System.out( 2127): isFirstLoc：false
D/JTC     ( 2127): near tabl onReceiveLocation
I/System.out( 2127): isFirstLoc：false
D/SMACK   ( 2127): 11:52:51 上午 SENT (642662026): <iq id="8sz74-1076" to="openfire-cloud" from="13632836691@openfire-cloud/A1b852863a" type="get"><ping xmlns='urn:xmpp:ping' /></iq>
D/JTC     ( 2127): near tabl onReceiveLocation
I/System.out( 2127): isFirstLoc：false
D/AdHotSeatView( 1867): updateIconButton.
