I/AppiumUnicodeIME( 1718): onFinishInput
I/AppiumUnicodeIME( 1718): onStartInput
D/SMACK   ( 2249): 09:02:49 上午 RCV  (609663417): <presence id="o50BI-22" from="13632836691@openfire-cloud/A1b852863a" to="13632836691@openfire-cloud/A1b852863a"><c xmlns="http://jabber.org/protocol/caps" hash="sha-1" node="http://www.igniterealtime.org/projects/smack/" ver="7lnSSYLFNPR++Qc5cZmId14cl4U="/></presence><iq type="get" id="8-1280639" to="13632836691@openfire-cloud/A1b852863a" from="openfire-cloud"><query xmlns="http://jabber.org/protocol/disco#info"/></iq>
I/UserState( 2249): myJid = 13632836691@openfire-cloud/A1b852863a receive jid=13632836691@openfire-cloud/A1b852863a  state=ONLINE
D/UserState( 2249): 上线, i'm  online ，jid = 13632836691@openfire-cloud/A1b852863a
D/SMACK   ( 2249): 09:02:49 上午 SENT (609663417): <iq id="8-1280639" to="openfire-cloud" type="result"><query xmlns="http://jabber.org/protocol/disco#info"><identity category="client" name="Smack" type="pc"/><feature var="http://jabber.org/protocol/caps"/><feature var="urn:xmpp:ping"/><feature var="http://jabber.org/protocol/bytestreams"/><feature var="http://jabber.org/protocol/ibb"/><feature var="http://jabber.org/protocol/si"/><feature var="http://jabber.org/protocol/si/profile/file-transfer"/></query></iq>
D/AudioTrack( 1534): use orig AudioTrack! mIsTimed=0 transferType=0 flags=4
V/WindowManager( 1534): not Base app: Adding window Window{3d8045a5 u0 com.jieshun.jslife/com.jieshun.jslife.activity.homepage.ShareArroundActivity} at 6 of 9
D/http    ( 2249): 查询我的消息列表 HTTP请求 Url: http://jsh.jslife.com.cn/jslife-service/notice/msg_list 
D/http    ( 2249): 参数：{"areaId":"55981d2f448a42f796c2f20907aa2715","mainType":"BUSINESS_NOTIFY","pageIndex":"1","pageSize":"10","searchTime":"","userId":"eaa2fc61c4784b6ba67ac352b4afc808","bizSource":"APP_ANDROID","bizType":"JSLIFE","token":"e5306930d83c4cfab785a60991a09360"}
E/EGL_adreno( 2249): tid 2312: eglSurfaceAttrib(1266): error 0x3009 (EGL_BAD_MATCH)
W/OpenGLRenderer( 2249): Failed to set EGL_SWAP_BEHAVIOR on surface 0x9b0bc700, error=EGL_BAD_MATCH
D/EGL_adreno( 2249): eglMakeCurrent: 0xadd065e0: ver 2 0 (tinfo 0xadc39600)
I/AppiumUnicodeIME( 1718): onFinishInput
I/AppiumUnicodeIME( 1718): onStartInput
I/http    ( 2249): 
I/http    ( 2249): 查询我的消息列表 HTTP 返回：{"resultCode":"0","message":"","obj":null,"seqId":"0e22f3c9744c4ac8b16c7b8fbd768d21","msgList":null,"right":true}
D/EGL_adreno( 2249): eglMakeCurrent: 0xadd065e0: ver 2 0 (tinfo 0xadc39600)
D/EGL_adreno( 2249): eglMakeCurrent: 0xadd065e0: ver 2 0 (tinfo 0xadc39600)
I/AppiumUnicodeIME( 1718): onFinishInput
I/AppiumUnicodeIME( 1718): onStartInput
D/AudioTrack( 1534): use orig AudioTrack! mIsTimed=0 transferType=0 flags=4
V/WindowManager( 1534): not Base app: Adding window Window{176b9188 u0 com.jieshun.jslife/com.jieshun.jslife.activity.homepage.ShareArroundActivity} at 6 of 9
D/http    ( 2249): 查询我的消息列表 HTTP请求 Url: http://jsh.jslife.com.cn/jslife-service/notice/msg_list 
D/http    ( 2249): 参数：{"areaId":"55981d2f448a42f796c2f20907aa2715","mainType":"BUSINESS_NOTIFY","pageIndex":"1","pageSize":"10","searchTime":"","userId":"eaa2fc61c4784b6ba67ac352b4afc808","bizSource":"APP_ANDROID","bizType":"JSLIFE","token":"e5306930d83c4cfab785a60991a09360"}
E/EGL_adreno( 2249): tid 2312: eglSurfaceAttrib(1266): error 0x3009 (EGL_BAD_MATCH)
W/OpenGLRenderer( 2249): Failed to set EGL_SWAP_BEHAVIOR on surface 0x9b0bc800, error=EGL_BAD_MATCH
D/EGL_adreno( 2249): eglMakeCurrent: 0xadd065e0: ver 2 0 (tinfo 0xadc39600)
I/AppiumUnicodeIME( 1718): onFinishInput
I/AppiumUnicodeIME( 1718): onStartInput
I/http    ( 2249): ----> 开始检测版本
I/CallbackListener( 2249): 请求队列xmppQueQue=========1
I/CallbackListener( 2249): requestMap add  activity = com.jieshun.jslife.activity.common.UpdateApkLogic$2@3f32f85b  serviceId = JSCSP_VERSION_GETNEWVERSION
I/http    ( 2249): 
I/http    ( 2249): 查询我的消息列表 HTTP 返回：{"resultCode":"0","message":"","obj":null,"seqId":"760a454611ce4804828ff51051b3a0c2","msgList":null,"right":true}
D/SMACK   ( 2249): 09:02:49 上午 SENT (609663417): <iq id="-3lpzcq_5" to="formal_cloud_jsh@openfire-cloud/master" type="get"><dreq xmlns="xmpp:iq:shunt"><cnt>{&quot;attributes&quot;:{},&quot;dataItems&quot;:[{&quot;attributes&quot;:{&quot;mobileModels&quot;:&quot;ANDROID&quot;,&quot;versionType&quot;:&quot;JSLIFE&quot;},&quot;failItems&quot;:[],&quot;objectId&quot;:&quot;objID&quot;,&quot;operateType&quot;:&quot;READ&quot;,&quot;subItems&quot;:[]}],&quot;requestType&quot;:&quot;DIRECTIVE&quot;,&quot;seqId&quot;:&quot;-3lpzcq_5&quot;,&quot;serviceId&quot;:&quot;JSCSP_VERSION_GETNEWVERSION&quot;}</cnt><crc>-1449031075</crc><mode>ASYNC</mode><type>DIRECTIVE</type></dreq></iq>
D/XMPP    ( 2249): XMPP请求------> JSCSP_VERSION_GETNEWVERSION ---> 消息内容: {"attributes":{},"dataItems":[{"attributes":{"mobileModels":"ANDROID","versionType":"JSLIFE"},"failItems":[],"objectId":"objID","operateType":"READ","subItems":[]}],"requestType":"DIRECTIVE","seqId":"-3lpzcq_5","serviceId":"JSCSP_VERSION_GETNEWVERSION"}
D/EGL_adreno( 2249): eglMakeCurrent: 0xadd065e0: ver 2 0 (tinfo 0xadc39600)
D/EGL_adreno( 2249): eglMakeCurrent: 0xadd065e0: ver 2 0 (tinfo 0xadc39600)
I/AppiumUnicodeIME( 1718): onFinishInput
D/SMACK   ( 2249): 09:02:49 上午 RCV  (609663417): <iq id="-3lpzcq_5" to="13632836691@openfire-cloud/A1b852863a" from="formal_cloud_jsh@openfire-cloud/master" type="result"><dres xmlns="xmpp:iq:shunt"><cnt>{"attributes":{},"dataItems":[{"attributes":{"id":"ac93fc5b8bea4d118b204a6f4df962ba","fileSize":"33276470","updateTime":"2018-07-27 19:27:42","verionInfo":"V3.2.2更新内容：\r\n1. 优化停车缴费，提升用户体验。\r\n2. 修复bug。","name":"V3.2.2","versionNo":"302020","downloadUrl":"http://www.jslife.com.cn:80/jsstApp/app/appVersionAction!downloadAppVersion.action?savePath=jsLife_V3.2.2_9e86e005_enc_signed_Aligned_302020.apk","mobileModels":"ANDROID","minVersionNo":302020,"versionType":"JSLIFE","isForced":"FALSE"},"failItems":[],"objectId":"","operateType":"READ","subItems":[]}],"resultCode":0,"seqId":"-3lpzcq_5","serviceId":"JSCSP_VERSION_GETNEWVERSION"}</cnt><crc>-922639838</crc><rc>0</rc><sync>false</sync></dres></iq>
I/AppiumUnicodeIME( 1718): onStartInput
I/CallbackListener( 2249): requestMap  remove  serviceId = JSCSP_VERSION_GETNEWVERSION in = com.jieshun.jslife.activity.common.UpdateApkLogic$2@3f32f85b
D/XMPP    ( 2249): 接收到云平台返回数据: {"attributes":{},"dataItems":[{"attributes":{"downloadUrl":"http://www.jslife.com.cn:80/jsstApp/app/appVersionAction!downloadAppVersion.action?savePath=jsLife_V3.2.2_9e86e005_enc_signed_Aligned_302020.apk","fileSize":"33276470","id":"ac93fc5b8bea4d118b204a6f4df962ba","isForced":"FALSE","minVersionNo":302020,"mobileModels":"ANDROID","name":"V3.2.2","updateTime":"2018-07-27 19:27:42","verionInfo":"V3.2.2更新内容：\r\n1. 优化停车缴费，提升用户体验。\r\n2. 修复bug。","versionNo":"302020","versionType":"JSLIFE"},"failItems":[],"objectId":"","operateType":"READ","subItems":[]}],"resultCode":0,"seqId":"-3lpzcq_5","serviceId":"JSCSP_VERSION_GETNEWVERSION"}
D/com.jieshun.jslife.utils.DownloadFileUtils( 2249): 加入回调 : com.jieshun.jslife.activity.common.UpdateApkLogic$1@23205e2f
D/com.jieshun.jslife.utils.DownloadFileUtils( 2249): 初始化  downloadUrl=http://www.jslife.com.cn:80/jsstApp/app/appVersionAction!downloadAppVersion.action?savePath=jsLife_V3.2.2_9e86e005_enc_signed_Aligned_302020.apk  filePath=/storage/emulated/0/.jieshun/.cache/.file/ fileName=jslife_V3.2.2.apk threadCount=1
D/AudioTrack( 1534): use orig AudioTrack! mIsTimed=0 transferType=0 flags=4
V/WindowManager( 1534): not Base app: Adding window Window{c969746 u0 com.jieshun.jslife/com.jieshun.jslife.activity.homepage.ShareArroundActivity} at 6 of 9
D/http    ( 2249): 查询我的消息列表 HTTP请求 Url: http://jsh.jslife.com.cn/jslife-service/notice/msg_list 
D/http    ( 2249): 参数：{"areaId":"55981d2f448a42f796c2f20907aa2715","mainType":"BUSINESS_NOTIFY","pageIndex":"1","pageSize":"10","searchTime":"","userId":"eaa2fc61c4784b6ba67ac352b4afc808","bizSource":"APP_ANDROID","bizType":"JSLIFE","token":"e5306930d83c4cfab785a60991a09360"}
E/EGL_adreno( 2249): tid 2312: eglSurfaceAttrib(1266): error 0x3009 (EGL_BAD_MATCH)
W/OpenGLRenderer( 2249): Failed to set EGL_SWAP_BEHAVIOR on surface 0x9b0bcf80, error=EGL_BAD_MATCH
D/EGL_adreno( 2249): eglMakeCurrent: 0xadd065e0: ver 2 0 (tinfo 0xadc39600)
I/AppiumUnicodeIME( 1718): onFinishInput
I/AppiumUnicodeIME( 1718): onStartInput
I/http    ( 2249): 
I/http    ( 2249): 查询我的消息列表 HTTP 返回：{"resultCode":"0","message":"","obj":null,"seqId":"f4b5d3ed52c0472fae6a4f5bcf310e41","msgList":null,"right":true}
D/EGL_adreno( 2249): eglMakeCurrent: 0xadd065e0: ver 2 0 (tinfo 0xadc39600)
D/EGL_adreno( 2249): eglMakeCurrent: 0xadd065e0: ver 2 0 (tinfo 0xadc39600)
I/AppiumUnicodeIME( 1718): onFinishInput
I/AppiumUnicodeIME( 1718): onStartInput
I/AppiumUnicodeIME( 1718): onKeyDown (keyCode='19', event.keyCode='19', metaState='0')
I/AppiumUnicodeIME( 1718): onKeyUp (keyCode='19', event.keyCode='19', metaState='0')
I/AppiumUnicodeIME( 1718): onKeyDown (keyCode='19', event.keyCode='19', metaState='0')
I/AppiumUnicodeIME( 1718): onKeyUp (keyCode='19', event.keyCode='19', metaState='0')
I/AppiumUnicodeIME( 1718): onKeyDown (keyCode='19', event.keyCode='19', metaState='0')
I/AppiumUnicodeIME( 1718): onKeyUp (keyCode='19', event.keyCode='19', metaState='0')
I/AppiumUnicodeIME( 1718): onKeyDown (keyCode='19', event.keyCode='19', metaState='0')
I/AppiumUnicodeIME( 1718): onKeyUp (keyCode='19', event.keyCode='19', metaState='0')
I/AppiumUnicodeIME( 1718): onKeyDown (keyCode='23', event.keyCode='23', metaState='0')
I/AppiumUnicodeIME( 1718): onKeyUp (keyCode='23', event.keyCode='23', metaState='0')
W/ActivityManager( 1534): Launch timeout has expired, giving up wake lock!
D/AudioTrack( 1534): use orig AudioTrack! mIsTimed=0 transferType=0 flags=4
V/WindowManager( 1534): not Base app: Adding window Window{1aec3e34 u0 com.jieshun.jslife/com.jieshun.jslife.activity.homepage.ShareArroundActivity} at 6 of 9
D/http    ( 2249): 查询我的消息列表 HTTP请求 Url: http://jsh.jslife.com.cn/jslife-service/notice/msg_list 
D/http    ( 2249): 参数：{"areaId":"55981d2f448a42f796c2f20907aa2715","mainType":"BUSINESS_NOTIFY","pageIndex":"1","pageSize":"10","searchTime":"","userId":"eaa2fc61c4784b6ba67ac352b4afc808","bizSource":"APP_ANDROID","bizType":"JSLIFE","token":"e5306930d83c4cfab785a60991a09360"}
E/EGL_adreno( 2249): tid 2312: eglSurfaceAttrib(1266): error 0x3009 (EGL_BAD_MATCH)
W/OpenGLRenderer( 2249): Failed to set EGL_SWAP_BEHAVIOR on surface 0x9b0bdce0, error=EGL_BAD_MATCH
D/EGL_adreno( 2249): eglMakeCurrent: 0xadd065e0: ver 2 0 (tinfo 0xadc39600)
I/AppiumUnicodeIME( 1718): onFinishInput
I/AppiumUnicodeIME( 1718): onStartInput
I/http    ( 2249): 
I/http    ( 2249): 查询我的消息列表 HTTP 返回：{"resultCode":"0","message":"","obj":null,"seqId":"87efa68efc7946eea13d929e218f9dde","msgList":null,"right":true}
D/EGL_adreno( 2249): eglMakeCurrent: 0xadd065e0: ver 2 0 (tinfo 0xadc39600)
D/EGL_adreno( 2249): eglMakeCurrent: 0xadd065e0: ver 2 0 (tinfo 0xadc39600)
I/AppiumUnicodeIME( 1718): onFinishInput
I/AppiumUnicodeIME( 1718): onStartInput
V/libnb   ( 2419): enter native_bridge2_getTrampoline Java_com_baidu_location_Jni_b, trampoline_addr 0x0
V/libnb   ( 2419): enter native_bridge2_getTrampoline Java_com_baidu_location_Jni_b__DDII, trampoline_addr 0x0
V/libnb   ( 2419): enter native_bridge2_getTrampoline Java_com_baidu_location_Jni_b, trampoline_addr 0x0
V/libnb   ( 2419): enter native_bridge2_getTrampoline Java_com_baidu_location_Jni_b__DDII, trampoline_addr 0x0
V/libnb   ( 2419): enter native_bridge2_getTrampoline Java_com_baidu_location_Jni_b, trampoline_addr 0xb243cd94
D/JTC     ( 2249): near tabl onReceiveLocation
E/WifiStateMachine( 1534): WifiStateMachine CMD_START_SCAN source 10028 txSuccessRate=-0.00 rxSuccessRate=-0.00 targetRoamBSSID=00:81:ba:06:db:c6 RSSI=-45
I/System.out( 2249): isFirstLoc：true
D/JSParkingFragment( 2249): mSearch.reverseGeoCode  4444 
I/System.out( 2249): ******jscarlife*********************onReceiveLocation***************逆地理编码******
D/JSParkingFragment( 2249): *************** onGetReverseGeoCodeResult ********************* 
D/JSParkingFragment( 2249):  搜索 百度定位返回的百度转换前： lattitue = 39.92270378285916 ; longitue = 116.41663820901988
D/JSParkingFragment( 2249): ***onGetReverseGeoCodeResult*****省份:北京市
D/JSParkingFragment( 2249): ***onGetReverseGeoCodeResult*****城市:北京市
D/JSParkingFragment( 2249): ***onGetReverseGeoCodeResult*****区域 canton:东城区
D/JSParkingFragment( 2249): ***onGetReverseGeoCodeResult*****简要信息:北京市东城区锡拉胡同6号
D/JSParkingFragment( 2249):  搜索 百度定位返回的 转换为高德后： lattitue = 39.916407589357014 ; longitue = 116.41025599543832
D/com.jieshun.jslife.parklife.JSParkingFragment( 2249): bottomNewState = 0 ; BottomSheetBehavior.STATE_HIDDEN = 5
D/JSParkingFragment( 2249): searchKey = null ; regionAddress = 北京市东城区锡拉胡同6号
D/JSParkingFragment( 2249):  搜索 mCurrentSearchLat = 39.916407589357014 ; mCurrentSearchLon = 116.41025599543832
D/JSParkingFragment( 2249): isFirstLoc --- true ; initData isNetConnect = true ; isVisibleToUser = false
E/WifiStateMachine( 1534): denglibo mScanResults.size=1
I/LdWifi  ( 1534): ld_get_eth0_ip return 172.16.2.15
D/AudioTrack( 1534): use orig AudioTrack! mIsTimed=0 transferType=0 flags=4
V/WindowManager( 1534): not Base app: Adding window Window{114e1d2 u0 com.jieshun.jslife/com.jieshun.jslife.activity.homepage.ShareArroundActivity} at 6 of 9
D/http    ( 2249): 查询我的消息列表 HTTP请求 Url: http://jsh.jslife.com.cn/jslife-service/notice/msg_list 
D/http    ( 2249): 参数：{"areaId":"55981d2f448a42f796c2f20907aa2715","mainType":"BUSINESS_NOTIFY","pageIndex":"1","pageSize":"10","searchTime":"","userId":"eaa2fc61c4784b6ba67ac352b4afc808","bizSource":"APP_ANDROID","bizType":"JSLIFE","token":"e5306930d83c4cfab785a60991a09360"}
E/EGL_adreno( 2249): tid 2312: eglSurfaceAttrib(1266): error 0x3009 (EGL_BAD_MATCH)
W/OpenGLRenderer( 2249): Failed to set EGL_SWAP_BEHAVIOR on surface 0x9b0bdd60, error=EGL_BAD_MATCH
D/EGL_adreno( 2249): eglMakeCurrent: 0xadd065e0: ver 2 0 (tinfo 0xadc39600)
I/AppiumUnicodeIME( 1718): onFinishInput
I/AppiumUnicodeIME( 1718): onStartInput
I/http    ( 2249): 
I/http    ( 2249): 查询我的消息列表 HTTP 返回：{"resultCode":"0","message":"","obj":null,"seqId":"a9cac9b724774c1385e138c34f794d5d","msgList":null,"right":true}
D/EGL_adreno( 2249): eglMakeCurrent: 0xadd065e0: ver 2 0 (tinfo 0xadc39600)
D/EGL_adreno( 2249): eglMakeCurrent: 0xadd065e0: ver 2 0 (tinfo 0xadc39600)
I/AppiumUnicodeIME( 1718): onFinishInput
I/AppiumUnicodeIME( 1718): onStartInput
D/AudioTrack( 1534): use orig AudioTrack! mIsTimed=0 transferType=0 flags=4
V/WindowManager( 1534): not Base app: Adding window Window{202909a0 u0 com.jieshun.jslife/com.jieshun.jslife.activity.homepage.ShareArroundActivity} at 6 of 9
D/http    ( 2249): 查询我的消息列表 HTTP请求 Url: http://jsh.jslife.com.cn/jslife-service/notice/msg_list 
D/http    ( 2249): 参数：{"areaId":"55981d2f448a42f796c2f20907aa2715","mainType":"BUSINESS_NOTIFY","pageIndex":"1","pageSize":"10","searchTime":"","userId":"eaa2fc61c4784b6ba67ac352b4afc808","bizSource":"APP_ANDROID","bizType":"JSLIFE","token":"e5306930d83c4cfab785a60991a09360"}
E/EGL_adreno( 2249): tid 2312: eglSurfaceAttrib(1266): error 0x3009 (EGL_BAD_MATCH)
W/OpenGLRenderer( 2249): Failed to set EGL_SWAP_BEHAVIOR on surface 0x9b4636c0, error=EGL_BAD_MATCH
D/EGL_adreno( 2249): eglMakeCurrent: 0xadd065e0: ver 2 0 (tinfo 0xadc39600)
I/AppiumUnicodeIME( 1718): onFinishInput
I/AppiumUnicodeIME( 1718): onStartInput
I/http    ( 2249): 
I/http    ( 2249): 查询我的消息列表 HTTP 返回：{"resultCode":"0","message":"","obj":null,"seqId":"5c02030e484a4844bdde3ab3c8d054c9","msgList":null,"right":true}
D/EGL_adreno( 2249): eglMakeCurrent: 0xadd065e0: ver 2 0 (tinfo 0xadc39600)
D/EGL_adreno( 2249): eglMakeCurrent: 0xadd065e0: ver 2 0 (tinfo 0xadc39600)
I/AppiumUnicodeIME( 1718): onFinishInput
I/AppiumUnicodeIME( 1718): onStartInput
D/AudioTrack( 1534): use orig AudioTrack! mIsTimed=0 transferType=0 flags=4
V/WindowManager( 1534): not Base app: Adding window Window{bbb491e u0 com.jieshun.jslife/com.jieshun.jslife.activity.homepage.ShareArroundActivity} at 6 of 9
D/http    ( 2249): 查询我的消息列表 HTTP请求 Url: http://jsh.jslife.com.cn/jslife-service/notice/msg_list 
D/http    ( 2249): 参数：{"areaId":"55981d2f448a42f796c2f20907aa2715","mainType":"BUSINESS_NOTIFY","pageIndex":"1","pageSize":"10","searchTime":"","userId":"eaa2fc61c4784b6ba67ac352b4afc808","bizSource":"APP_ANDROID","bizType":"JSLIFE","token":"e5306930d83c4cfab785a60991a09360"}
E/EGL_adreno( 2249): tid 2312: eglSurfaceAttrib(1266): error 0x3009 (EGL_BAD_MATCH)
W/OpenGLRenderer( 2249): Failed to set EGL_SWAP_BEHAVIOR on surface 0x9b0fd8a0, error=EGL_BAD_MATCH
D/EGL_adreno( 2249): eglMakeCurrent: 0xadd065e0: ver 2 0 (tinfo 0xadc39600)
I/AppiumUnicodeIME( 1718): onFinishInput
I/AppiumUnicodeIME( 1718): onStartInput
I/http    ( 2249): 
I/http    ( 2249): 查询我的消息列表 HTTP 返回：{"resultCode":"0","message":"","obj":null,"seqId":"ff95df3a19a94ca3ad9120c3e572d9f5","msgList":null,"right":true}
D/EGL_adreno( 2249): eglMakeCurrent: 0xadd065e0: ver 2 0 (tinfo 0xadc39600)
D/EGL_adreno( 2249): eglMakeCurrent: 0xadd065e0: ver 2 0 (tinfo 0xadc39600)
I/AppiumUnicodeIME( 1718): onFinishInput
I/AppiumUnicodeIME( 1718): onStartInput
I/CallbackListener( 2249): xmppQueQue里没有请求，开始等待==========
D/AudioTrack( 1534): use orig AudioTrack! mIsTimed=0 transferType=0 flags=4
V/WindowManager( 1534): not Base app: Adding window Window{ea51fcc u0 com.jieshun.jslife/com.jieshun.jslife.activity.homepage.ShareArroundActivity} at 6 of 9
D/http    ( 2249): 查询我的消息列表 HTTP请求 Url: http://jsh.jslife.com.cn/jslife-service/notice/msg_list 
D/http    ( 2249): 参数：{"areaId":"55981d2f448a42f796c2f20907aa2715","mainType":"BUSINESS_NOTIFY","pageIndex":"1","pageSize":"10","searchTime":"","userId":"eaa2fc61c4784b6ba67ac352b4afc808","bizSource":"APP_ANDROID","bizType":"JSLIFE","token":"e5306930d83c4cfab785a60991a09360"}
E/EGL_adreno( 2249): tid 2312: eglSurfaceAttrib(1266): error 0x3009 (EGL_BAD_MATCH)
W/OpenGLRenderer( 2249): Failed to set EGL_SWAP_BEHAVIOR on surface 0x9b0fd8e0, error=EGL_BAD_MATCH
D/EGL_adreno( 2249): eglMakeCurrent: 0xadd065e0: ver 2 0 (tinfo 0xadc39600)
I/AppiumUnicodeIME( 1718): onFinishInput
I/AppiumUnicodeIME( 1718): onStartInput
I/http    ( 2249): 
I/http    ( 2249): 查询我的消息列表 HTTP 返回：{"resultCode":"0","message":"","obj":null,"seqId":"c7b283a6297a4828bb846fbf0be6bb9e","msgList":null,"right":true}
D/EGL_adreno( 2249): eglMakeCurrent: 0xadd065e0: ver 2 0 (tinfo 0xadc39600)
D/EGL_adreno( 2249): eglMakeCurrent: 0xadd065e0: ver 2 0 (tinfo 0xadc39600)
I/AppiumUnicodeIME( 1718): onFinishInput
I/AppiumUnicodeIME( 1718): onStartInput
D/JTC     ( 2249): near tabl onReceiveLocation
I/System.out( 2249): isFirstLoc：true
D/JSParkingFragment( 2249): mSearch.reverseGeoCode  4444 
I/System.out( 2249): ******jscarlife*********************onReceiveLocation***************逆地理编码******
D/JTC     ( 2249): NEAR onStop
D/JSParkingFragment( 2249): *************** onGetReverseGeoCodeResult ********************* 
D/JSParkingFragment( 2249):  搜索 百度定位返回的百度转换前： lattitue = 39.92270378285916 ; longitue = 116.41663820901988
D/JSParkingFragment( 2249): ***onGetReverseGeoCodeResult*****省份:北京市
D/JSParkingFragment( 2249): ***onGetReverseGeoCodeResult*****城市:北京市
D/JSParkingFragment( 2249): ***onGetReverseGeoCodeResult*****区域 canton:东城区
D/JSParkingFragment( 2249): ***onGetReverseGeoCodeResult*****简要信息:北京市东城区锡拉胡同6号
D/JSParkingFragment( 2249):  搜索 百度定位返回的 转换为高德后： lattitue = 39.916407589357014 ; longitue = 116.41025599543832
D/com.jieshun.jslife.parklife.JSParkingFragment( 2249): bottomNewState = 0 ; BottomSheetBehavior.STATE_HIDDEN = 5
D/JSParkingFragment( 2249): searchKey = null ; regionAddress = 北京市东城区锡拉胡同6号
D/JSParkingFragment( 2249):  搜索 mCurrentSearchLat = 39.916407589357014 ; mCurrentSearchLon = 116.41025599543832
D/JSParkingFragment( 2249): isFirstLoc --- true ; initData isNetConnect = true ; isVisibleToUser = false
D/AudioTrack( 1534): use orig AudioTrack! mIsTimed=0 transferType=0 flags=4
V/WindowManager( 1534): not Base app: Adding window Window{21ced92a u0 com.jieshun.jslife/com.jieshun.jslife.activity.homepage.ShareArroundActivity} at 6 of 9
D/http    ( 2249): 查询我的消息列表 HTTP请求 Url: http://jsh.jslife.com.cn/jslife-service/notice/msg_list 
D/http    ( 2249): 参数：{"areaId":"55981d2f448a42f796c2f20907aa2715","mainType":"BUSINESS_NOTIFY","pageIndex":"1","pageSize":"10","searchTime":"","userId":"eaa2fc61c4784b6ba67ac352b4afc808","bizSource":"APP_ANDROID","bizType":"JSLIFE","token":"e5306930d83c4cfab785a60991a09360"}
E/EGL_adreno( 2249): tid 2312: eglSurfaceAttrib(1266): error 0x3009 (EGL_BAD_MATCH)
W/OpenGLRenderer( 2249): Failed to set EGL_SWAP_BEHAVIOR on surface 0x9b463680, error=EGL_BAD_MATCH
D/EGL_adreno( 2249): eglMakeCurrent: 0xadd065e0: ver 2 0 (tinfo 0xadc39600)
I/AppiumUnicodeIME( 1718): onFinishInput
I/AppiumUnicodeIME( 1718): onStartInput
I/http    ( 2249): 
I/http    ( 2249): 查询我的消息列表 HTTP 返回：{"resultCode":"0","message":"","obj":null,"seqId":"c19f3686428e4cf4878b684f645776a0","msgList":null,"right":true}
D/EGL_adreno( 2249): eglMakeCurrent: 0xadd065e0: ver 2 0 (tinfo 0xadc39600)
I/AppiumUnicodeIME( 1718): onFinishInput
I/AppiumUnicodeIME( 1718): onStartInput
D/EGL_adreno( 2249): eglMakeCurrent: 0xadd065e0: ver 2 0 (tinfo 0xadc39600)
I/ActivityManager( 1534): START u0 {act=android.intent.action.MAIN cat=[android.intent.category.LAUNCHER] flg=0x10200000 cmp=com.jieshun.jslife/.activity.common.WelcomeActivity} from uid 0 on display 0
D/AudioTrack( 1534): use orig AudioTrack! mIsTimed=0 transferType=0 flags=4
V/WindowManager( 1534): not Base app: Adding window Window{20ea6cb8 u0 com.jieshun.jslife/com.jieshun.jslife.activity.homepage.ShareArroundActivity} at 6 of 9
D/http    ( 2249): 查询我的消息列表 HTTP请求 Url: http://jsh.jslife.com.cn/jslife-service/notice/msg_list 
D/http    ( 2249): 参数：{"areaId":"55981d2f448a42f796c2f20907aa2715","mainType":"BUSINESS_NOTIFY","pageIndex":"1","pageSize":"10","searchTime":"","userId":"eaa2fc61c4784b6ba67ac352b4afc808","bizSource":"APP_ANDROID","bizType":"JSLIFE","token":"e5306930d83c4cfab785a60991a09360"}
E/EGL_adreno( 2249): tid 2312: eglSurfaceAttrib(1266): error 0x3009 (EGL_BAD_MATCH)
W/OpenGLRenderer( 2249): Failed to set EGL_SWAP_BEHAVIOR on surface 0x9b463680, error=EGL_BAD_MATCH
D/EGL_adreno( 2249): eglMakeCurrent: 0xadd065e0: ver 2 0 (tinfo 0xadc39600)
I/AppiumUnicodeIME( 1718): onFinishInput
I/AppiumUnicodeIME( 1718): onStartInput
I/http    ( 2249): 
I/http    ( 2249): 查询我的消息列表 HTTP 返回：{"resultCode":"0","message":"","obj":null,"seqId":"30e8821295d84ecd9fe4c0b0abb0b959","msgList":null,"right":true}
D/EGL_adreno( 2249): eglMakeCurrent: 0xadd065e0: ver 2 0 (tinfo 0xadc39600)
I/AppiumUnicodeIME( 1718): onFinishInput
I/AppiumUnicodeIME( 1718): onStartInput
D/EGL_adreno( 2249): eglMakeCurrent: 0xadd065e0: ver 2 0 (tinfo 0xadc39600)
I/art     ( 2249): Explicit concurrent mark sweep GC freed 182587(7MB) AllocSpace objects, 16(256KB) LOS objects, 33% free, 31MB/47MB, paused 678us total 37.308ms
D/EGL_adreno( 2249): eglMakeCurrent: 0xadd065e0: ver 2 0 (tinfo 0xadc39600)
D/EGL_adreno( 2249): eglMakeCurrent: 0xadd065e0: ver 2 0 (tinfo 0xadc39600)
D/EGL_adreno( 2249): eglMakeCurrent: 0xadd065e0: ver 2 0 (tinfo 0xadc39600)
D/EGL_adreno( 2249): eglMakeCurrent: 0xadd065e0: ver 2 0 (tinfo 0xadc39600)
D/EGL_adreno( 2249): eglMakeCurrent: 0xadd065e0: ver 2 0 (tinfo 0xadc39600)
D/EGL_adreno( 2249): eglMakeCurrent: 0xadd065e0: ver 2 0 (tinfo 0xadc39600)
I/art     ( 2249): Explicit concurrent mark sweep GC freed 680(28KB) AllocSpace objects, 0(0B) LOS objects, 33% free, 31MB/47MB, paused 446us total 39.519ms
D/EGL_adreno( 2249): eglMakeCurrent: 0xadd065e0: ver 2 0 (tinfo 0xadc39600)
D/EGL_adreno( 2249): eglMakeCurrent: 0xadd065e0: ver 2 0 (tinfo 0xadc39600)
I/art     ( 2249): Explicit concurrent mark sweep GC freed 4563(259KB) AllocSpace objects, 2(3MB) LOS objects, 36% free, 27MB/43MB, paused 555us total 25.331ms
I/art     ( 2249): Explicit concurrent mark sweep GC freed 425(15KB) AllocSpace objects, 0(0B) LOS objects, 36% free, 27MB/43MB, paused 478us total 17.570ms
I/art     ( 2249): Explicit concurrent mark sweep GC freed 487(17KB) AllocSpace objects, 0(0B) LOS objects, 36% free, 27MB/43MB, paused 301us total 19.562ms
I/AppiumUnicodeIME( 1718): onKeyDown (keyCode='25', event.keyCode='25', metaState='0')
W/AudioService( 1534): stream was not muted by this client
E/AudioService( 1534): Could not get client death handler for stream: 1
W/AudioService( 1534): stream was not muted by this client
E/AudioService( 1534): Could not get client death handler for stream: 2
W/AudioService( 1534): stream was not muted by this client
E/AudioService( 1534): Could not get client death handler for stream: 5
W/AudioService( 1534): stream was not muted by this client
E/AudioService( 1534): Could not get client death handler for stream: 7
W/AudioService( 1534): stream was not muted by this client
E/AudioService( 1534): Could not get client death handler for stream: 8
I/AppiumUnicodeIME( 1718): onKeyUp (keyCode='25', event.keyCode='25', metaState='0')
W/art     ( 1657): Suspending all threads took: 7.125ms
I/art     ( 1657): Background partial concurrent mark sweep GC freed 3989(233KB) AllocSpace objects, 2(7MB) LOS objects, 40% free, 14MB/24MB, paused 19.718ms total 40.003ms
E/EGL_adreno( 1657): tid 2004: eglSurfaceAttrib(1266): error 0x3009 (EGL_BAD_MATCH)
W/OpenGLRenderer( 1657): Failed to set EGL_SWAP_BEHAVIOR on surface 0xa0826d00, error=EGL_BAD_MATCH
D/EGL_adreno( 1657): eglMakeCurrent: 0xb3fff8e0: ver 2 0 (tinfo 0xa300dac0)
D/EGL_adreno( 1657): eglMakeCurrent: 0xb3fff8e0: ver 2 0 (tinfo 0xa300dac0)
D/AudioTrack( 1534): use orig AudioTrack! mIsTimed=0 transferType=0 flags=4
V/WindowManager( 1534): not Base app: Adding window Window{b50fac9 u0 com.jieshun.jslife/com.jieshun.jslife.activity.homepage.ShareArroundActivity} at 6 of 10
D/http    ( 2249): 查询我的消息列表 HTTP请求 Url: http://jsh.jslife.com.cn/jslife-service/notice/msg_list 
D/http    ( 2249): 参数：{"areaId":"55981d2f448a42f796c2f20907aa2715","mainType":"BUSINESS_NOTIFY","pageIndex":"1","pageSize":"10","searchTime":"","userId":"eaa2fc61c4784b6ba67ac352b4afc808","bizSource":"APP_ANDROID","bizType":"JSLIFE","token":"e5306930d83c4cfab785a60991a09360"}
E/EGL_adreno( 2249): tid 2312: eglSurfaceAttrib(1266): error 0x3009 (EGL_BAD_MATCH)
W/OpenGLRenderer( 2249): Failed to set EGL_SWAP_BEHAVIOR on surface 0x9b0b78e0, error=EGL_BAD_MATCH
D/EGL_adreno( 2249): eglMakeCurrent: 0xadd065e0: ver 2 0 (tinfo 0xadc39600)
I/AppiumUnicodeIME( 1718): onFinishInput
I/AppiumUnicodeIME( 1718): onStartInput
I/http    ( 2249): 
I/http    ( 2249): 查询我的消息列表 HTTP 返回：{"resultCode":"0","message":"","obj":null,"seqId":"2de94c008201450bba51be85b55b9107","msgList":null,"right":true}
D/EGL_adreno( 2249): eglMakeCurrent: 0xadd065e0: ver 2 0 (tinfo 0xadc39600)
D/EGL_adreno( 2249): eglMakeCurrent: 0xadd065e0: ver 2 0 (tinfo 0xadc39600)
I/AppiumUnicodeIME( 1718): onFinishInput
I/AppiumUnicodeIME( 1718): onStartInput
D/AudioTrack( 1534): use orig AudioTrack! mIsTimed=0 transferType=0 flags=4
V/WindowManager( 1534): not Base app: Adding window Window{3421dcef u0 com.jieshun.jslife/com.jieshun.jslife.activity.homepage.ShareArroundActivity} at 6 of 9
D/http    ( 2249): 查询我的消息列表 HTTP请求 Url: http://jsh.jslife.com.cn/jslife-service/notice/msg_list 
D/http    ( 2249): 参数：{"areaId":"55981d2f448a42f796c2f20907aa2715","mainType":"BUSINESS_NOTIFY","pageIndex":"1","pageSize":"10","searchTime":"","userId":"eaa2fc61c4784b6ba67ac352b4afc808","bizSource":"APP_ANDROID","bizType":"JSLIFE","token":"e5306930d83c4cfab785a60991a09360"}
E/EGL_adreno( 2249): tid 2312: eglSurfaceAttrib(1266): error 0x3009 (EGL_BAD_MATCH)
W/OpenGLRenderer( 2249): Failed to set EGL_SWAP_BEHAVIOR on surface 0x9b0b7d20, error=EGL_BAD_MATCH
D/EGL_adreno( 2249): eglMakeCurrent: 0xadd065e0: ver 2 0 (tinfo 0xadc39600)
I/AppiumUnicodeIME( 1718): onFinishInput
I/AppiumUnicodeIME( 1718): onStartInput
I/http    ( 2249): 
I/http    ( 2249): 查询我的消息列表 HTTP 返回：{"resultCode":"0","message":"","obj":null,"seqId":"f6c29c5dec9b4a87833a293f23cca2df","msgList":null,"right":true}
D/EGL_adreno( 2249): eglMakeCurrent: 0xadd065e0: ver 2 0 (tinfo 0xadc39600)
D/EGL_adreno( 2249): eglMakeCurrent: 0xadd065e0: ver 2 0 (tinfo 0xadc39600)
I/AppiumUnicodeIME( 1718): onFinishInput
I/AppiumUnicodeIME( 1718): onStartInput
D/AudioTrack( 1534): use orig AudioTrack! mIsTimed=0 transferType=0 flags=4
V/WindowManager( 1534): not Base app: Adding window Window{1e57a85 u0 com.jieshun.jslife/com.jieshun.jslife.activity.homepage.ShareArroundActivity} at 6 of 9
D/http    ( 2249): 查询我的消息列表 HTTP请求 Url: http://jsh.jslife.com.cn/jslife-service/notice/msg_list 
D/http    ( 2249): 参数：{"areaId":"55981d2f448a42f796c2f20907aa2715","mainType":"BUSINESS_NOTIFY","pageIndex":"1","pageSize":"10","searchTime":"","userId":"eaa2fc61c4784b6ba67ac352b4afc808","bizSource":"APP_ANDROID","bizType":"JSLIFE","token":"e5306930d83c4cfab785a60991a09360"}
E/EGL_adreno( 2249): tid 2312: eglSurfaceAttrib(1266): error 0x3009 (EGL_BAD_MATCH)
W/OpenGLRenderer( 2249): Failed to set EGL_SWAP_BEHAVIOR on surface 0x9b0b7f60, error=EGL_BAD_MATCH
D/EGL_adreno( 2249): eglMakeCurrent: 0xadd065e0: ver 2 0 (tinfo 0xadc39600)
I/AppiumUnicodeIME( 1718): onFinishInput
I/AppiumUnicodeIME( 1718): onStartInput
I/http    ( 2249): 
I/http    ( 2249): 查询我的消息列表 HTTP 返回：{"resultCode":"0","message":"","obj":null,"seqId":"f7a771c07afa456faef601c6b4ca46d4","msgList":null,"right":true}
D/EGL_adreno( 2249): eglMakeCurrent: 0xadd065e0: ver 2 0 (tinfo 0xadc39600)
D/EGL_adreno( 2249): eglMakeCurrent: 0xadd065e0: ver 2 0 (tinfo 0xadc39600)
I/AppiumUnicodeIME( 1718): onFinishInput
I/AppiumUnicodeIME( 1718): onStartInput
W/Settings( 2249): Setting android_id has moved from android.provider.Settings.System to android.provider.Settings.Secure, returning read-only value.
D/AudioTrack( 1534): use orig AudioTrack! mIsTimed=0 transferType=0 flags=4
V/WindowManager( 1534): not Base app: Adding window Window{38d9590b u0 com.jieshun.jslife/com.jieshun.jslife.activity.homepage.ShareArroundActivity} at 6 of 9
D/http    ( 2249): 查询我的消息列表 HTTP请求 Url: http://jsh.jslife.com.cn/jslife-service/notice/msg_list 
D/http    ( 2249): 参数：{"areaId":"55981d2f448a42f796c2f20907aa2715","mainType":"BUSINESS_NOTIFY","pageIndex":"1","pageSize":"10","searchTime":"","userId":"eaa2fc61c4784b6ba67ac352b4afc808","bizSource":"APP_ANDROID","bizType":"JSLIFE","token":"e5306930d83c4cfab785a60991a09360"}
E/EGL_adreno( 2249): tid 2312: eglSurfaceAttrib(1266): error 0x3009 (EGL_BAD_MATCH)
W/OpenGLRenderer( 2249): Failed to set EGL_SWAP_BEHAVIOR on surface 0x9b0b7d20, error=EGL_BAD_MATCH
D/EGL_adreno( 2249): eglMakeCurrent: 0xadd065e0: ver 2 0 (tinfo 0xadc39600)
I/AppiumUnicodeIME( 1718): onFinishInput
I/AppiumUnicodeIME( 1718): onStartInput
I/http    ( 2249): 
I/http    ( 2249): 查询我的消息列表 HTTP 返回：{"resultCode":"0","message":"","obj":null,"seqId":"5b1784a8058a4c94b9f379ed0704a073","msgList":null,"right":true}
D/EGL_adreno( 2249): eglMakeCurrent: 0xadd065e0: ver 2 0 (tinfo 0xadc39600)
D/EGL_adreno( 2249): eglMakeCurrent: 0xadd065e0: ver 2 0 (tinfo 0xadc39600)
I/AppiumUnicodeIME( 1718): onFinishInput
I/AppiumUnicodeIME( 1718): onStartInput
D/AudioTrack( 1534): use orig AudioTrack! mIsTimed=0 transferType=0 flags=4
V/WindowManager( 1534): not Base app: Adding window Window{13883a01 u0 com.jieshun.jslife/com.jieshun.jslife.activity.homepage.ShareArroundActivity} at 6 of 9
D/http    ( 2249): 查询我的消息列表 HTTP请求 Url: http://jsh.jslife.com.cn/jslife-service/notice/msg_list 
D/http    ( 2249): 参数：{"areaId":"55981d2f448a42f796c2f20907aa2715","mainType":"BUSINESS_NOTIFY","pageIndex":"1","pageSize":"10","searchTime":"","userId":"eaa2fc61c4784b6ba67ac352b4afc808","bizSource":"APP_ANDROID","bizType":"JSLIFE","token":"e5306930d83c4cfab785a60991a09360"}
E/EGL_adreno( 2249): tid 2312: eglSurfaceAttrib(1266): error 0x3009 (EGL_BAD_MATCH)
W/OpenGLRenderer( 2249): Failed to set EGL_SWAP_BEHAVIOR on surface 0x9b0b8580, error=EGL_BAD_MATCH
D/EGL_adreno( 2249): eglMakeCurrent: 0xadd065e0: ver 2 0 (tinfo 0xadc39600)
I/AppiumUnicodeIME( 1718): onFinishInput
I/http    ( 2249): 
I/http    ( 2249): 查询我的消息列表 HTTP 返回：{"resultCode":"0","message":"","obj":null,"seqId":"e8ef5376ffc8479d967f79ff2f162e01","msgList":null,"right":true}
I/AppiumUnicodeIME( 1718): onStartInput
D/EGL_adreno( 2249): eglMakeCurrent: 0xadd065e0: ver 2 0 (tinfo 0xadc39600)
D/EGL_adreno( 2249): eglMakeCurrent: 0xadd065e0: ver 2 0 (tinfo 0xadc39600)
I/AppiumUnicodeIME( 1718): onFinishInput
I/AppiumUnicodeIME( 1718): onStartInput
D/AudioTrack( 1534): use orig AudioTrack! mIsTimed=0 transferType=0 flags=4
V/WindowManager( 1534): not Base app: Adding window Window{427ae7 u0 com.jieshun.jslife/com.jieshun.jslife.activity.homepage.ShareArroundActivity} at 6 of 9
D/http    ( 2249): 查询我的消息列表 HTTP请求 Url: http://jsh.jslife.com.cn/jslife-service/notice/msg_list 
D/http    ( 2249): 参数：{"areaId":"55981d2f448a42f796c2f20907aa2715","mainType":"BUSINESS_NOTIFY","pageIndex":"1","pageSize":"10","searchTime":"","userId":"eaa2fc61c4784b6ba67ac352b4afc808","bizSource":"APP_ANDROID","bizType":"JSLIFE","token":"e5306930d83c4cfab785a60991a09360"}
E/EGL_adreno( 2249): tid 2312: eglSurfaceAttrib(1266): error 0x3009 (EGL_BAD_MATCH)
W/OpenGLRenderer( 2249): Failed to set EGL_SWAP_BEHAVIOR on surface 0x9b0ba440, error=EGL_BAD_MATCH
D/EGL_adreno( 2249): eglMakeCurrent: 0xadd065e0: ver 2 0 (tinfo 0xadc39600)
I/AppiumUnicodeIME( 1718): onFinishInput
I/AppiumUnicodeIME( 1718): onStartInput
I/http    ( 2249): 
I/http    ( 2249): 查询我的消息列表 HTTP 返回：{"resultCode":"0","message":"","obj":null,"seqId":"ff2042966e764c38b5afdb23ec577315","msgList":null,"right":true}
D/EGL_adreno( 2249): eglMakeCurrent: 0xadd065e0: ver 2 0 (tinfo 0xadc39600)
D/EGL_adreno( 2249): eglMakeCurrent: 0xadd065e0: ver 2 0 (tinfo 0xadc39600)
I/AppiumUnicodeIME( 1718): onFinishInput
I/AppiumUnicodeIME( 1718): onStartInput
D/AudioTrack( 1534): use orig AudioTrack! mIsTimed=0 transferType=0 flags=4
V/WindowManager( 1534): not Base app: Adding window Window{13d753d u0 com.jieshun.jslife/com.jieshun.jslife.activity.homepage.ShareArroundActivity} at 6 of 9
D/http    ( 2249): 查询我的消息列表 HTTP请求 Url: http://jsh.jslife.com.cn/jslife-service/notice/msg_list 
D/http    ( 2249): 参数：{"areaId":"55981d2f448a42f796c2f20907aa2715","mainType":"BUSINESS_NOTIFY","pageIndex":"1","pageSize":"10","searchTime":"","userId":"eaa2fc61c4784b6ba67ac352b4afc808","bizSource":"APP_ANDROID","bizType":"JSLIFE","token":"e5306930d83c4cfab785a60991a09360"}
E/EGL_adreno( 2249): tid 2312: eglSurfaceAttrib(1266): error 0x3009 (EGL_BAD_MATCH)
W/OpenGLRenderer( 2249): Failed to set EGL_SWAP_BEHAVIOR on surface 0x9b0bacc0, error=EGL_BAD_MATCH
D/EGL_adreno( 2249): eglMakeCurrent: 0xadd065e0: ver 2 0 (tinfo 0xadc39600)
I/AppiumUnicodeIME( 1718): onFinishInput
I/AppiumUnicodeIME( 1718): onStartInput
I/http    ( 2249): 
I/http    ( 2249): 查询我的消息列表 HTTP 返回：{"resultCode":"0","message":"","obj":null,"seqId":"2e2937f865a643a99eed07460f9aed70","msgList":null,"right":true}
D/EGL_adreno( 2249): eglMakeCurrent: 0xadd065e0: ver 2 0 (tinfo 0xadc39600)
D/EGL_adreno( 2249): eglMakeCurrent: 0xadd065e0: ver 2 0 (tinfo 0xadc39600)
I/AppiumUnicodeIME( 1718): onFinishInput
I/AppiumUnicodeIME( 1718): onStartInput
I/AppiumUnicodeIME( 1718): onKeyDown (keyCode='24', event.keyCode='24', metaState='0')
W/AudioService( 1534): stream was not muted by this client
E/AudioService( 1534): Could not get client death handler for stream: 1
W/AudioService( 1534): stream was not muted by this client
E/AudioService( 1534): Could not get client death handler for stream: 2
W/AudioService( 1534): stream was not muted by this client
E/AudioService( 1534): Could not get client death handler for stream: 5
W/AudioService( 1534): stream was not muted by this client
E/AudioService( 1534): Could not get client death handler for stream: 7
W/AudioService( 1534): stream was not muted by this client
E/AudioService( 1534): Could not get client death handler for stream: 8
I/AppiumUnicodeIME( 1718): onKeyUp (keyCode='24', event.keyCode='24', metaState='0')
E/EGL_adreno( 1657): tid 2004: eglSurfaceAttrib(1266): error 0x3009 (EGL_BAD_MATCH)
W/OpenGLRenderer( 1657): Failed to set EGL_SWAP_BEHAVIOR on surface 0xa081e4c0, error=EGL_BAD_MATCH
D/EGL_adreno( 1657): eglMakeCurrent: 0xb3fff8e0: ver 2 0 (tinfo 0xa300dac0)
D/EGL_adreno( 1657): eglMakeCurrent: 0xb3fff8e0: ver 2 0 (tinfo 0xa300dac0)
D/AudioTrack( 1534): use orig AudioTrack! mIsTimed=0 transferType=0 flags=4
V/WindowManager( 1534): not Base app: Adding window Window{1e112839 u0 com.jieshun.jslife/com.jieshun.jslife.activity.homepage.ShareArroundActivity} at 6 of 10
D/http    ( 2249): 查询我的消息列表 HTTP请求 Url: http://jsh.jslife.com.cn/jslife-service/notice/msg_list 
D/http    ( 2249): 参数：{"areaId":"55981d2f448a42f796c2f20907aa2715","mainType":"BUSINESS_NOTIFY","pageIndex":"1","pageSize":"10","searchTime":"","userId":"eaa2fc61c4784b6ba67ac352b4afc808","bizSource":"APP_ANDROID","bizType":"JSLIFE","token":"e5306930d83c4cfab785a60991a09360"}
E/EGL_adreno( 2249): tid 2312: eglSurfaceAttrib(1266): error 0x3009 (EGL_BAD_MATCH)
W/OpenGLRenderer( 2249): Failed to set EGL_SWAP_BEHAVIOR on surface 0x9b0bc500, error=EGL_BAD_MATCH
D/EGL_adreno( 2249): eglMakeCurrent: 0xadd065e0: ver 2 0 (tinfo 0xadc39600)
I/http    ( 2249): 
I/http    ( 2249): 查询我的消息列表 HTTP 返回：{"resultCode":"0","message":"","obj":null,"seqId":"60f8947cfa0b4fc2a2b139305a88e413","msgList":null,"right":true}
I/AppiumUnicodeIME( 1718): onFinishInput
I/AppiumUnicodeIME( 1718): onStartInput
D/EGL_adreno( 2249): eglMakeCurrent: 0xadd065e0: ver 2 0 (tinfo 0xadc39600)
D/EGL_adreno( 2249): eglMakeCurrent: 0xadd065e0: ver 2 0 (tinfo 0xadc39600)
I/AppiumUnicodeIME( 1718): onFinishInput
I/AppiumUnicodeIME( 1718): onStartInput
D/PhoneStatusBar( 1657): disable: < expand ICONS* alerts SYSTEM_INFO* back home recent clock search >
E/EGL_adreno( 1657): tid 2004: eglSurfaceAttrib(1266): error 0x3009 (EGL_BAD_MATCH)
W/OpenGLRenderer( 1657): Failed to set EGL_SWAP_BEHAVIOR on surface 0xa314e760, error=EGL_BAD_MATCH
D/EGL_adreno( 1657): eglMakeCurrent: 0xb3fff8e0: ver 2 0 (tinfo 0xa300dac0)
D/PhoneStatusBar( 1657): disable: < expand icons* alerts system_info* back home recent clock search >
D/EGL_adreno( 1657): eglMakeCurrent: 0xb3fff8e0: ver 2 0 (tinfo 0xa300dac0)
W/InputMethodManagerService( 1534): Window already focused, ignoring focus gain of: com.android.internal.view.IInputMethodClient$Stub$Proxy@1ca5ae7e attribute=null, token = android.os.BinderProxy@66a2de6
E/EGL_adreno( 1657): tid 2004: eglSurfaceAttrib(1266): error 0x3009 (EGL_BAD_MATCH)
W/OpenGLRenderer( 1657): Failed to set EGL_SWAP_BEHAVIOR on surface 0xa314e760, error=EGL_BAD_MATCH
D/EGL_adreno( 1657): eglMakeCurrent: 0xb3fff8e0: ver 2 0 (tinfo 0xa300dac0)
D/JTC     ( 2249): near tabl onReceiveLocation
I/System.out( 2249): isFirstLoc：true
D/JSParkingFragment( 2249): mSearch.reverseGeoCode  4444 
I/System.out( 2249): ******jscarlife*********************onReceiveLocation***************逆地理编码******
D/JSParkingFragment( 2249): *************** onGetReverseGeoCodeResult ********************* 
D/JSParkingFragment( 2249):  搜索 百度定位返回的百度转换前： lattitue = 39.92270378285916 ; longitue = 116.41663820901988
D/JSParkingFragment( 2249): ***onGetReverseGeoCodeResult*****省份:北京市
D/JSParkingFragment( 2249): ***onGetReverseGeoCodeResult*****城市:北京市
D/JSParkingFragment( 2249): ***onGetReverseGeoCodeResult*****区域 canton:东城区
D/JSParkingFragment( 2249): ***onGetReverseGeoCodeResult*****简要信息:北京市东城区锡拉胡同6号
D/JSParkingFragment( 2249):  搜索 百度定位返回的 转换为高德后： lattitue = 39.916407589357014 ; longitue = 116.41025599543832
D/com.jieshun.jslife.parklife.JSParkingFragment( 2249): bottomNewState = 0 ; BottomSheetBehavior.STATE_HIDDEN = 5
D/JSParkingFragment( 2249): searchKey = null ; regionAddress = 北京市东城区锡拉胡同6号
D/JSParkingFragment( 2249):  搜索 mCurrentSearchLat = 39.916407589357014 ; mCurrentSearchLon = 116.41025599543832
D/JSParkingFragment( 2249): isFirstLoc --- true ; initData isNetConnect = true ; isVisibleToUser = false
I/AppiumUnicodeIME( 1718): onKeyDown (keyCode='24', event.keyCode='24', metaState='0')
W/AudioService( 1534): stream was not muted by this client
E/AudioService( 1534): Could not get client death handler for stream: 1
W/AudioService( 1534): stream was not muted by this client
E/AudioService( 1534): Could not get client death handler for stream: 2
W/AudioService( 1534): stream was not muted by this client
E/AudioService( 1534): Could not get client death handler for stream: 5
W/AudioService( 1534): stream was not muted by this client
E/AudioService( 1534): Could not get client death handler for stream: 7
W/AudioService( 1534): stream was not muted by this client
E/AudioService( 1534): Could not get client death handler for stream: 8
I/AppiumUnicodeIME( 1718): onKeyUp (keyCode='24', event.keyCode='24', metaState='0')
E/EGL_adreno( 1657): tid 2004: eglSurfaceAttrib(1266): error 0x3009 (EGL_BAD_MATCH)
W/OpenGLRenderer( 1657): Failed to set EGL_SWAP_BEHAVIOR on surface 0xa081e140, error=EGL_BAD_MATCH
D/EGL_adreno( 1657): eglMakeCurrent: 0xb3fff8e0: ver 2 0 (tinfo 0xa300dac0)
D/EGL_adreno( 1657): eglMakeCurrent: 0xb3fff8e0: ver 2 0 (tinfo 0xa300dac0)
D/EGL_adreno( 1657): eglMakeCurrent: 0xb3fff8e0: ver 2 0 (tinfo 0xa300dac0)
D/EGL_adreno( 1657): eglMakeCurrent: 0xb3fff8e0: ver 2 0 (tinfo 0xa300dac0)
D/EGL_adreno( 1657): eglMakeCurrent: 0xb3fff8e0: ver 2 0 (tinfo 0xa300dac0)
D/AudioTrack( 1534): use orig AudioTrack! mIsTimed=0 transferType=0 flags=4
V/WindowManager( 1534): not Base app: Adding window Window{29ea348a u0 com.jieshun.jslife/com.jieshun.jslife.activity.homepage.ShareArroundActivity} at 6 of 10
D/http    ( 2249): 查询我的消息列表 HTTP请求 Url: http://jsh.jslife.com.cn/jslife-service/notice/msg_list 
D/http    ( 2249): 参数：{"areaId":"55981d2f448a42f796c2f20907aa2715","mainType":"BUSINESS_NOTIFY","pageIndex":"1","pageSize":"10","searchTime":"","userId":"eaa2fc61c4784b6ba67ac352b4afc808","bizSource":"APP_ANDROID","bizType":"JSLIFE","token":"e5306930d83c4cfab785a60991a09360"}
E/EGL_adreno( 2249): tid 2312: eglSurfaceAttrib(1266): error 0x3009 (EGL_BAD_MATCH)
W/OpenGLRenderer( 2249): Failed to set EGL_SWAP_BEHAVIOR on surface 0x9b0bcbc0, error=EGL_BAD_MATCH
D/EGL_adreno( 2249): eglMakeCurrent: 0xadd065e0: ver 2 0 (tinfo 0xadc39600)
I/AppiumUnicodeIME( 1718): onFinishInput
I/AppiumUnicodeIME( 1718): onStartInput
I/http    ( 2249): 
I/http    ( 2249): 查询我的消息列表 HTTP 返回：{"resultCode":"0","message":"","obj":null,"seqId":"2a7ff0439d5e488e8ca1845e021c6851","msgList":null,"right":true}
D/EGL_adreno( 2249): eglMakeCurrent: 0xadd065e0: ver 2 0 (tinfo 0xadc39600)
D/EGL_adreno( 2249): eglMakeCurrent: 0xadd065e0: ver 2 0 (tinfo 0xadc39600)
I/AppiumUnicodeIME( 1718): onFinishInput
I/AppiumUnicodeIME( 1718): onStartInput
I/art     ( 2249): Explicit concurrent mark sweep GC freed 202849(10MB) AllocSpace objects, 8(128KB) LOS objects, 35% free, 29MB/45MB, paused 661us total 83.621ms
D/EGL_adreno( 2249): eglMakeCurrent: 0xadd065e0: ver 2 0 (tinfo 0xadc39600)
D/EGL_adreno( 2249): eglMakeCurrent: 0xadd065e0: ver 2 0 (tinfo 0xadc39600)
D/EGL_adreno( 2249): eglMakeCurrent: 0xadd065e0: ver 2 0 (tinfo 0xadc39600)
D/EGL_adreno( 2249): eglMakeCurrent: 0xadd065e0: ver 2 0 (tinfo 0xadc39600)
D/EGL_adreno( 2249): eglMakeCurrent: 0xadd065e0: ver 2 0 (tinfo 0xadc39600)
D/EGL_adreno( 2249): eglMakeCurrent: 0xadd065e0: ver 2 0 (tinfo 0xadc39600)
D/EGL_adreno( 2249): eglMakeCurrent: 0xadd065e0: ver 2 0 (tinfo 0xadc39600)
D/EGL_adreno( 2249): eglMakeCurrent: 0xadd065e0: ver 2 0 (tinfo 0xadc39600)
D/EGL_adreno( 2249): eglMakeCurrent: 0xadd065e0: ver 2 0 (tinfo 0xadc39600)
D/EGL_adreno( 2249): eglMakeCurrent: 0xadd065e0: ver 2 0 (tinfo 0xadc39600)
I/art     ( 2249): Explicit concurrent mark sweep GC freed 3462(144KB) AllocSpace objects, 0(0B) LOS objects, 35% free, 28MB/44MB, paused 1.216ms total 50.638ms
D/EGL_adreno( 2249): eglMakeCurrent: 0xadd065e0: ver 2 0 (tinfo 0xadc39600)
D/EGL_adreno( 2249): eglMakeCurrent: 0xadd065e0: ver 2 0 (tinfo 0xadc39600)
D/EGL_adreno( 2249): eglMakeCurrent: 0xadd065e0: ver 2 0 (tinfo 0xadc39600)
D/EGL_adreno( 2249): eglMakeCurrent: 0xadd065e0: ver 2 0 (tinfo 0xadc39600)
D/EGL_adreno( 2249): eglMakeCurrent: 0xadd065e0: ver 2 0 (tinfo 0xadc39600)
D/EGL_adreno( 2249): eglMakeCurrent: 0xadd065e0: ver 2 0 (tinfo 0xadc39600)
D/EGL_adreno( 2249): eglMakeCurrent: 0xadd065e0: ver 2 0 (tinfo 0xadc39600)
D/EGL_adreno( 2249): eglMakeCurrent: 0xadd065e0: ver 2 0 (tinfo 0xadc39600)
D/AudioTrack( 1534): use orig AudioTrack! mIsTimed=0 transferType=0 flags=4
I/art     ( 2249): Explicit concurrent mark sweep GC freed 24660(1473KB) AllocSpace objects, 0(0B) LOS objects, 36% free, 27MB/43MB, paused 574us total 49.897ms
V/WindowManager( 1534): not Base app: Adding window Window{3bdaa718 u0 com.jieshun.jslife/com.jieshun.jslife.activity.homepage.ShareArroundActivity} at 6 of 9
D/http    ( 2249): 查询我的消息列表 HTTP请求 Url: http://jsh.jslife.com.cn/jslife-service/notice/msg_list 
D/http    ( 2249): 参数：{"areaId":"55981d2f448a42f796c2f20907aa2715","mainType":"BUSINESS_NOTIFY","pageIndex":"1","pageSize":"10","searchTime":"","userId":"eaa2fc61c4784b6ba67ac352b4afc808","bizSource":"APP_ANDROID","bizType":"JSLIFE","token":"e5306930d83c4cfab785a60991a09360"}
E/EGL_adreno( 2249): tid 2312: eglSurfaceAttrib(1266): error 0x3009 (EGL_BAD_MATCH)
W/OpenGLRenderer( 2249): Failed to set EGL_SWAP_BEHAVIOR on surface 0x9b0b7a60, error=EGL_BAD_MATCH
D/EGL_adreno( 2249): eglMakeCurrent: 0xadd065e0: ver 2 0 (tinfo 0xadc39600)
I/AppiumUnicodeIME( 1718): onFinishInput
I/AppiumUnicodeIME( 1718): onStartInput
I/http    ( 2249): 
I/http    ( 2249): 查询我的消息列表 HTTP 返回：{"resultCode":"0","message":"","obj":null,"seqId":"14ec5986c7244b539001d57095e4ca55","msgList":null,"right":true}
D/EGL_adreno( 2249): eglMakeCurrent: 0xadd065e0: ver 2 0 (tinfo 0xadc39600)
D/EGL_adreno( 2249): eglMakeCurrent: 0xadd065e0: ver 2 0 (tinfo 0xadc39600)
I/AppiumUnicodeIME( 1718): onFinishInput
I/AppiumUnicodeIME( 1718): onStartInput
I/art     ( 2249): Explicit concurrent mark sweep GC freed 11233(473KB) AllocSpace objects, 0(0B) LOS objects, 36% free, 27MB/43MB, paused 1.086ms total 59.977ms
I/art     ( 2249): Explicit concurrent mark sweep GC freed 1525(65KB) AllocSpace objects, 0(0B) LOS objects, 36% free, 27MB/43MB, paused 601us total 32.438ms
I/art     ( 2249): WaitForGcToComplete blocked for 24.596ms for cause HeapTrim
D/EGL_adreno( 2249): eglMakeCurrent: 0xadd065e0: ver 2 0 (tinfo 0xadc39600)
D/EGL_adreno( 2249): eglMakeCurrent: 0xadd065e0: ver 2 0 (tinfo 0xadc39600)
D/AudioTrack( 1534): use orig AudioTrack! mIsTimed=0 transferType=0 flags=4
V/WindowManager( 1534): not Base app: Adding window Window{163f0f56 u0 com.jieshun.jslife/com.jieshun.jslife.activity.homepage.ShareArroundActivity} at 6 of 9
D/http    ( 2249): 查询我的消息列表 HTTP请求 Url: http://jsh.jslife.com.cn/jslife-service/notice/msg_list 
D/http    ( 2249): 参数：{"areaId":"55981d2f448a42f796c2f20907aa2715","mainType":"BUSINESS_NOTIFY","pageIndex":"1","pageSize":"10","searchTime":"","userId":"eaa2fc61c4784b6ba67ac352b4afc808","bizSource":"APP_ANDROID","bizType":"JSLIFE","token":"e5306930d83c4cfab785a60991a09360"}
E/AudioTrack( 1534): did not receive expected priority boost on time
W/Binder  ( 2249): Caught a RuntimeException from the binder stub implementation.
W/Binder  ( 2249): java.lang.NullPointerException: Attempt to read from field 'android.view.HardwareRenderer android.view.View$AttachInfo.mHardwareRenderer' on a null object reference
W/Binder  ( 2249): 	at android.view.WindowManagerGlobal.dumpGfxInfo(WindowManagerGlobal.java:476)
W/Binder  ( 2249): 	at android.app.ActivityThread$ApplicationThread.dumpGfxInfo(ActivityThread.java:1086)
W/Binder  ( 2249): 	at android.app.ApplicationThreadNative.onTransact(ApplicationThreadNative.java:546)
W/Binder  ( 2249): 	at android.os.Binder.execTransact(Binder.java:446)
E/EGL_adreno( 2249): tid 2312: eglSurfaceAttrib(1266): error 0x3009 (EGL_BAD_MATCH)
W/OpenGLRenderer( 2249): Failed to set EGL_SWAP_BEHAVIOR on surface 0x9b0b7ce0, error=EGL_BAD_MATCH
D/EGL_adreno( 2249): eglMakeCurrent: 0xadd065e0: ver 2 0 (tinfo 0xadc39600)
I/http    ( 2249): 
I/http    ( 2249): 查询我的消息列表 HTTP 返回：{"resultCode":"0","message":"","obj":null,"seqId":"0e3e2b2ac71f45208e578efa879c40bb","msgList":null,"right":true}
I/AppiumUnicodeIME( 1718): onFinishInput
I/AppiumUnicodeIME( 1718): onStartInput
D/EGL_adreno( 2249): eglMakeCurrent: 0xadd065e0: ver 2 0 (tinfo 0xadc39600)
D/EGL_adreno( 2249): eglMakeCurrent: 0xadd065e0: ver 2 0 (tinfo 0xadc39600)
I/AppiumUnicodeIME( 1718): onFinishInput
I/AppiumUnicodeIME( 1718): onStartInput
D/AdHotSeatView( 1916): updateIconButton.
D/AudioTrack( 1534): use orig AudioTrack! mIsTimed=0 transferType=0 flags=4
V/WindowManager( 1534): not Base app: Adding window Window{35f1cc4 u0 com.jieshun.jslife/com.jieshun.jslife.activity.homepage.ShareArroundActivity} at 6 of 9
D/http    ( 2249): 查询我的消息列表 HTTP请求 Url: http://jsh.jslife.com.cn/jslife-service/notice/msg_list 
D/http    ( 2249): 参数：{"areaId":"55981d2f448a42f796c2f20907aa2715","mainType":"BUSINESS_NOTIFY","pageIndex":"1","pageSize":"10","searchTime":"","userId":"eaa2fc61c4784b6ba67ac352b4afc808","bizSource":"APP_ANDROID","bizType":"JSLIFE","token":"e5306930d83c4cfab785a60991a09360"}
E/AudioTrack( 1534): did not receive expected priority boost on time
E/EGL_adreno( 2249): tid 2312: eglSurfaceAttrib(1266): error 0x3009 (EGL_BAD_MATCH)
W/OpenGLRenderer( 2249): Failed to set EGL_SWAP_BEHAVIOR on surface 0x9b0b7aa0, error=EGL_BAD_MATCH
D/EGL_adreno( 2249): eglMakeCurrent: 0xadd065e0: ver 2 0 (tinfo 0xadc39600)
