I/FFmpegExtractor( 1368): FFmpegExtrator, url: android-source:0xb40291c0, format_name: wav, format_long_name: WAV / WAVE (Waveform Audio)
I/FFmpegExtractor( 1368): list the formats suppoted by ffmpeg: 
I/FFmpegExtractor( 1368): ========================================
I/FFmpegExtractor( 1368): ========================================
D/FFmpegExtractor( 1368): unsuppoted codec(pcm_s16le) by official Stagefright
D/FFMPEG  ( 1368): android source close
I/FFmpegExtractor( 1368): sniff through BetterSniffFFMPEG success
D/FFmpegExtractor( 1368): ffmpeg detected media content as 'audio/x-wav' with confidence 0.88
D/NuPlayerDriver( 1368): start(0xb4028280)
I/GenericSource( 1368): start
D/NuPlayerDriver( 1368): reset(0xb4028280)
D/NuPlayerDriver( 1368): notifyResetComplete(0xb4028280)
I/ActivityManager( 1538): Displayed com.jieshun.jslife/.activity.common.WelcomeActivity: +1s283ms (total +2s75ms)
D/AndroidRuntime(11564): Shutting down VM
D/libnativebridge(11564): call UnloadNativeBridge! state=1
I/MobclickAgent(11574): Send message to http://alog.umeng.com/app_logs
I/MobclickAgent(11574): send log:succeed
D/XMPP    (11574): 
D/XMPP    (11574): 
D/SMACK   (11574): 04:20:03  SENT (820286918): <stream:stream to="openfire-cloud" xmlns="jabber:client" xmlns:stream="http://etherx.jabber.org/streams" version="1.0">
D/SMACK   (11574): 04:20:03  RCV  (820286918): <?xml version='1.0' encoding='UTF-8'?><stream:stream xmlns:stream="http://etherx.jabber.org/streams" xmlns="jabber:client" from="openfire-cloud" id="90984377" xml:lang="en" version="1.0">
W/System.err(11574): java.lang.UnsatisfiedLinkError: dalvik.system.PathClassLoader[DexPathList[[zip file "/data/app/com.jieshun.jslife-2/base.apk", dex file "/data/app/com.jieshun.jslife-2/base.apk"],nativeLibraryDirectories=[/data/app/com.jieshun.jslife-2/lib/arm, /vendor/lib, /system/lib]]] couldn't find "libjgemucheck.so"
W/System.err(11574): 	at java.lang.Runtime.loadLibrary(Runtime.java:366)
W/System.err(11574): 	at java.lang.System.loadLibrary(System.java:993)
W/System.err(11574): 	at com.qihoo.jg.envcheck.EmuCheck.<clinit>(EmuCheck.java:10)
W/System.err(11574): 	at com.qihoo.jg.envcheck.EmuCheck.check(Native Method)
W/System.err(11574): 	at com.qihoo.jg.envcheck.EnvCheck.isEmulator(EnvCheck.java:19)
I/appium  ( 4648): channel read invoked!
I/appium  ( 4648): channel read: POST /wd/hub/session/218c696f-001b-462e-aef6-dde4a6021e49/element
I/appium  ( 4648): Find element command
D/appium  ( 4648): payload: {"strategy":"id","selector":"com.jieshun.jslife:id/ic_guide_past","context":"","multiple":false}
I/appium  ( 4648): find element command using 'id' with selector 'com.jieshun.jslife:id/ic_guide_past'.
D/SMACK   (11574): 04:20:03  RCV  (820286918): <stream:features><mechanisms xmlns="urn:ietf:params:xml:ns:xmpp-sasl"><mechanism>PLAIN</mechanism><mechanism>ANONYMOUS</mechanism></mechanisms><compression xmlns="http://jabber.org/features/compress"><method>zlib</method></compression><auth xmlns="http://jabber.org/features/iq-auth"/><register xmlns="http://jabber.org/features/iq-register"/></stream:features>
D/SMACK   (11574): 04:20:03  SENT (820286918): <auth mechanism="ANONYMOUS" xmlns="urn:ietf:params:xml:ns:xmpp-sasl"></auth>
D/SMACK   (11574): 04:20:03  RCV  (820286918): <success xmlns="urn:ietf:params:xml:ns:xmpp-sasl"/>
D/SMACK   (11574): 04:20:03  SENT (820286918): <stream:stream to="openfire-cloud" xmlns="jabber:client" xmlns:stream="http://etherx.jabber.org/streams" version="1.0">
D/SMACK   (11574): 04:20:03  RCV  (820286918): <?xml version='1.0' encoding='UTF-8'?><stream:stream xmlns:stream="http://etherx.jabber.org/streams" xmlns="jabber:client" from="openfire-cloud" id="90984377" xml:lang="en" version="1.0"><stream:features><compression xmlns="http://jabber.org/features/compress"><method>zlib</method></compression><bind xmlns="urn:ietf:params:xml:ns:xmpp-bind"/><session xmlns="urn:ietf:params:xml:ns:xmpp-session"><optional/></session></stream:features>
D/SMACK   (11574): 04:20:03  SENT (820286918): <iq id="aQ0ir-0" type="set"><bind xmlns="urn:ietf:params:xml:ns:xmpp-bind"></bind></iq>
D/SMACK   (11574): 04:20:03  RCV  (820286918): <iq type="result" id="aQ0ir-0" to="openfire-cloud/90984377"><bind xmlns="urn:ietf:params:xml:ns:xmpp-bind"><jid>90984377@openfire-cloud/90984377</jid></bind></iq>
D/SMACK   (11574): 04:20:03  SENT (820286918): <iq id="aQ0ir-1" type="set"><session xmlns="urn:ietf:params:xml:ns:xmpp-session"/></iq>
D/SMACK   (11574): 04:20:03  RCV  (820286918): <iq type="result" id="aQ0ir-1" to="90984377@openfire-cloud/90984377"/>
D/SMACK   (11574): User logged (820286918): 90984377@openfire-cloud@openfire-cloud:7608/90984377
D/SMACK   (11574): 04:20:03  SENT (820286918): <presence id="aQ0ir-2"></presence>
D/SMACK   (11574): 04:20:03  SENT (820286918): <presence id="aQ0ir-3"></presence>
D/SMACK   (11574): 04:20:03  SENT (820286918): <presence id="aQ0ir-4"><c xmlns='http://jabber.org/protocol/caps' hash='sha-1' node='http://www.igniterealtime.org/projects/smack/' ver='+aa2eNB4jNVto+S/3hIOYRDDxPo='/></presence>
D/SMACK   (11574): 04:20:03  SENT (820286918): <presence id="aQ0ir-5"><c xmlns='http://jabber.org/protocol/caps' hash='sha-1' node='http://www.igniterealtime.org/projects/smack/' ver='MfNSpaZZVeqNka5cHSYg/cXUGgo='/></presence>
D/SMACK   (11574): 04:20:03  SENT (820286918): <presence id="aQ0ir-6"><c xmlns='http://jabber.org/protocol/caps' hash='sha-1' node='http://www.igniterealtime.org/projects/smack/' ver='xd+EVu5VBcJlJ7JsjuvhhZUzJHg='/></presence>
D/SMACK   (11574): 04:20:03  SENT (820286918): <presence id="aQ0ir-7"><c xmlns='http://jabber.org/protocol/caps' hash='sha-1' node='http://www.igniterealtime.org/projects/smack/' ver='omzIu0LP3bXpLtegop5F6ca+T9k='/></presence>
D/SMACK   (11574): 04:20:03  SENT (820286918): <presence id="aQ0ir-8"><c xmlns='http://jabber.org/protocol/caps' hash='sha-1' node='http://www.igniterealtime.org/projects/smack/' ver='+fIuUdRHwf5kx3DPPD8JEPN1yuE='/></presence>
I/XMPP    (11574): loginToOpenfire==============  openfire isSuccess:  true
I/XMPP    (11574): ============== userName=null pwd=null
D/SMACK   (11574): 04:20:03  RCV  (820286918): <iq type="get" id="448-1398494" to="90984377@openfire-cloud/90984377" from="openfire-cloud"><query xmlns="http://jabber.org/protocol/disco#info"/></iq>
D/SMACK   (11574): 04:20:03  SENT (820286918): <iq id="448-1398494" to="openfire-cloud" type="result"><query xmlns="http://jabber.org/protocol/disco#info"><identity category="client" name="Smack" type="pc"/><feature var="http://jabber.org/protocol/caps"/><feature var="http://jabber.org/protocol/ibb"/><feature var="http://jabber.org/protocol/si"/><feature var="http://jabber.org/protocol/si/profile/file-transfer"/><feature var="urn:xmpp:ping"/><feature var="http://jabber.org/protocol/bytestreams"/></query></iq>
I/appium  ( 4648): AppiumResponse: {"sessionId":"218c696f-001b-462e-aef6-dde4a6021e49","status":0,"value":{"ELEMENT":"b7367fd9-2a82-4bf2-89a8-ab7f145d5fef"}}
I/appium  ( 4648): channel read invoked!
I/appium  ( 4648): channel read: POST /wd/hub/session/218c696f-001b-462e-aef6-dde4a6021e49/element
I/appium  ( 4648): Find element command
D/appium  ( 4648): payload: {"strategy":"id","selector":"com.jieshun.jslife:id/ic_guide_past","context":"","multiple":false}
I/appium  ( 4648): find element command using 'id' with selector 'com.jieshun.jslife:id/ic_guide_past'.
I/appium  ( 4648): AppiumResponse: {"sessionId":"218c696f-001b-462e-aef6-dde4a6021e49","status":0,"value":{"ELEMENT":"f8b86752-dde9-475d-8938-4875efca8c49"}}
I/appium  ( 4648): channel read invoked!
I/appium  ( 4648): channel read: POST /wd/hub/session/218c696f-001b-462e-aef6-dde4a6021e49/element/f8b86752-dde9-475d-8938-4875efca8c49/click
D/appium  ( 4648): payload: {"element":"f8b86752-dde9-475d-8938-4875efca8c49"}
I/appium  ( 4648): Click element command
I/appium  ( 4648): AppiumResponse: {"sessionId":"218c696f-001b-462e-aef6-dde4a6021e49","status":0,"value":true}
D/AudioTrack( 1538): use orig AudioTrack! mIsTimed=0 transferType=0 flags=4
I/ActivityManager( 1538): START u0 {cmp=com.jieshun.jslife/.activity.common.LoadingActivity} from uid 10028 on display 0
V/WindowManager( 1538): addAppToken: AppWindowToken{2e11d03d token=Token{35bbcd94 ActivityRecord{3d3a9de7 u0 com.jieshun.jslife/.activity.common.LoadingActivity t116}}} to stack=1 task=116 at 1
I/EmuCoreService( 1825): Broadcast action = android.intent.action.TOP_ACTIVITY_CHANGED
I/EmuCoreService( 1825): HostService Init inited = true
D/EGL_adreno( 1893): eglMakeCurrent: 0xad834fa0: ver 2 0 (tinfo 0xad839640)
I/appium  ( 4648): channel read invoked!
I/appium  ( 4648): channel read: POST /wd/hub/session/218c696f-001b-462e-aef6-dde4a6021e49/element
I/appium  ( 4648): Find element command
D/appium  ( 4648): payload: {"strategy":"id","selector":"com.jieshun.jslife:id/editxt_user_name","context":"","multiple":false}
I/appium  ( 4648): find element command using 'id' with selector 'com.jieshun.jslife:id/editxt_user_name'.
D/ld_audio_hw( 1368): ld_start_output_stream, stream=0xb584a660, sampleRate =44100, channel=2, bps=16, bufSize=2048
D/com.jieshun.jslife.activity.common.LoadingActivity(11574): context = com.jieshun.jslife.application.GlobalApplication@30f1dff4, isLogin=false, savedInstanceState = null
I/MobclickAgent(11574): Extend current session: 081668436642506545BC85CE56B53B11
V/WindowManager( 1538): Adding window Window{31093183 u0 com.jieshun.jslife/com.jieshun.jslife.activity.common.LoadingActivity} at 3 of 6 (after Window{10cb88f7 u0 com.jieshun.jslife/com.jieshun.jslife.activity.common.WelcomeActivity})
E/EGL_adreno(11574): tid 11620: eglSurfaceAttrib(1266): error 0x3009 (EGL_BAD_MATCH)
W/OpenGLRenderer(11574): Failed to set EGL_SWAP_BEHAVIOR on surface 0xad835620, error=EGL_BAD_MATCH
D/EGL_adreno(11574): eglMakeCurrent: 0xad8801c0: ver 2 0 (tinfo 0xad839520)
I/AppiumUnicodeIME( 1695): onFinishInput
I/AppiumUnicodeIME( 1695): onStartInput
D/EGL_adreno(11574): eglMakeCurrent: 0xad8801c0: ver 2 0 (tinfo 0xad839520)
I/ActivityManager( 1538): Displayed com.jieshun.jslife/.activity.common.LoadingActivity: +238ms
I/ActivityManager( 1538): START u0 {cmp=com.jieshun.jslife/.activity.userinfo.UserLoginActivity} from uid 10028 on display 0
V/WindowManager( 1538): addAppToken: AppWindowToken{3da6de18 token=Token{c854dfb ActivityRecord{7d38a u0 com.jieshun.jslife/.activity.userinfo.UserLoginActivity t116}}} to stack=1 task=116 at 2
I/EmuCoreService( 1825): Broadcast action = android.intent.action.TOP_ACTIVITY_CHANGED
I/EmuCoreService( 1825): HostService Init inited = true
D/com.jieshun.jslife.activity.userinfo.UserLoginActivity(11574): context = com.jieshun.jslife.application.GlobalApplication@30f1dff4, isLogin=false, savedInstanceState = null
V/WindowManager( 1538): Adding window Window{21fc42ad u0 com.jieshun.jslife/com.jieshun.jslife.activity.userinfo.UserLoginActivity} at 4 of 7 (after Window{31093183 u0 com.jieshun.jslife/com.jieshun.jslife.activity.common.LoadingActivity})
I/MobclickAgent(11574): Extend current session: 081668436642506545BC85CE56B53B11
E/EGL_adreno(11574): tid 11620: eglSurfaceAttrib(1266): error 0x3009 (EGL_BAD_MATCH)
W/OpenGLRenderer(11574): Failed to set EGL_SWAP_BEHAVIOR on surface 0xad835c20, error=EGL_BAD_MATCH
D/EGL_adreno(11574): eglMakeCurrent: 0xad8801c0: ver 2 0 (tinfo 0xad839520)
D/com.jieshun.jslife.activity.userinfo.UserLoginActivity$13(11574): onServiceConnected  service = com.jieshun.jslife.service.XMPPService$MyBinder@10f6f675
I/AppiumUnicodeIME( 1695): onFinishInput
I/AppiumUnicodeIME( 1695): onStartInput
I/com.jieshun.jslife.activity.common.LoadingActivity(11574): onDestroy()======
D/EGL_adreno(11574): eglMakeCurrent: 0xad8801c0: ver 2 0 (tinfo 0xad839520)
I/ActivityManager( 1538): Displayed com.jieshun.jslife/.activity.userinfo.UserLoginActivity: +530ms
D/EGL_adreno(11574): eglMakeCurrent: 0xad8801c0: ver 2 0 (tinfo 0xad839520)
D/EGL_adreno(11574): eglMakeCurrent: 0xad8801c0: ver 2 0 (tinfo 0xad839520)
D/EGL_adreno(11574): eglMakeCurrent: 0xad8801c0: ver 2 0 (tinfo 0xad839520)
I/appium  ( 4648): AppiumResponse: {"sessionId":"218c696f-001b-462e-aef6-dde4a6021e49","status":0,"value":{"ELEMENT":"bc6077e8-968b-4e7d-a454-45388b5993c6"}}
I/appium  ( 4648): channel read invoked!
I/appium  ( 4648): channel read: POST /wd/hub/session/218c696f-001b-462e-aef6-dde4a6021e49/element
I/appium  ( 4648): Find element command
D/appium  ( 4648): payload: {"strategy":"id","selector":"com.jieshun.jslife:id/editxt_user_name","context":"","multiple":false}
I/appium  ( 4648): find element command using 'id' with selector 'com.jieshun.jslife:id/editxt_user_name'.
I/appium  ( 4648): AppiumResponse: {"sessionId":"218c696f-001b-462e-aef6-dde4a6021e49","status":0,"value":{"ELEMENT":"bb310ee2-a697-4da8-af21-17daebf49d76"}}
I/appium  ( 4648): channel read invoked!
I/appium  ( 4648): channel read: POST /wd/hub/session/218c696f-001b-462e-aef6-dde4a6021e49/element/bb310ee2-a697-4da8-af21-17daebf49d76/value
I/appium  ( 4648): send keys to element command
D/appium  ( 4648): payload: {"elementId":"bb310ee2-a697-4da8-af21-17daebf49d76","text":"13632836691","replace":false,"unicodeKeyboard":true}
I/appium  ( 4648): Clear element command
D/appium  ( 4648): payload: {"elementId":"bb310ee2-a697-4da8-af21-17daebf49d76","text":"13632836691","replace":false,"unicodeKeyboard":true}
I/com.jieshun.jslife.activity.userinfo.UserLoginActivity$7(11574): beforeTextChanged -----------------------
I/com.jieshun.jslife.activity.userinfo.UserLoginActivity$7(11574): beforeTextChanged s: start:0 count:0 after:0
I/AppiumUnicodeIME( 1695): onStartInput
I/com.jieshun.jslife.activity.userinfo.UserLoginActivity$7(11574): onTextChanged -----------------------
I/com.jieshun.jslife.activity.userinfo.UserLoginActivity$7(11574): onTextChanged s: start:0 before:0 count:0
I/com.jieshun.jslife.activity.userinfo.UserLoginActivity$7(11574): afterTextChanged -----------------------
I/com.jieshun.jslife.activity.userinfo.UserLoginActivity$7(11574): afterTextChanged s:
D/appium  ( 4648): Text not cleared. Assuming remainder is hint text.
D/appium  ( 4648): Sending text to element: 13632836691
I/com.jieshun.jslife.activity.userinfo.UserLoginActivity$7(11574): beforeTextChanged -----------------------
I/com.jieshun.jslife.activity.userinfo.UserLoginActivity$7(11574): beforeTextChanged s: start:0 count:0 after:11
I/AppiumUnicodeIME( 1695): onStartInput
I/com.jieshun.jslife.activity.userinfo.UserLoginActivity$7(11574): onTextChanged -----------------------
I/com.jieshun.jslife.activity.userinfo.UserLoginActivity$7(11574): onTextChanged s:13632836691 start:0 before:0 count:11
I/com.jieshun.jslife.activity.userinfo.UserLoginActivity$7(11574): afterTextChanged -----------------------
I/com.jieshun.jslife.activity.userinfo.UserLoginActivity$7(11574): afterTextChanged s:13632836691
I/appium  ( 4648): AppiumResponse: {"sessionId":"218c696f-001b-462e-aef6-dde4a6021e49","status":0,"value":""}
I/appium  ( 4648): channel read invoked!
I/appium  ( 4648): channel read: POST /wd/hub/session/218c696f-001b-462e-aef6-dde4a6021e49/element
I/appium  ( 4648): Find element command
D/appium  ( 4648): payload: {"strategy":"id","selector":"com.jieshun.jslife:id/edttxt_login_pwd","context":"","multiple":false}
I/appium  ( 4648): find element command using 'id' with selector 'com.jieshun.jslife:id/edttxt_login_pwd'.
I/appium  ( 4648): AppiumResponse: {"sessionId":"218c696f-001b-462e-aef6-dde4a6021e49","status":0,"value":{"ELEMENT":"aa165427-6335-4416-af2f-5609745b371b"}}
I/appium  ( 4648): channel read invoked!
I/appium  ( 4648): channel read: POST /wd/hub/session/218c696f-001b-462e-aef6-dde4a6021e49/element
I/appium  ( 4648): Find element command
D/appium  ( 4648): payload: {"strategy":"id","selector":"com.jieshun.jslife:id/edttxt_login_pwd","context":"","multiple":false}
I/appium  ( 4648): find element command using 'id' with selector 'com.jieshun.jslife:id/edttxt_login_pwd'.
I/appium  ( 4648): AppiumResponse: {"sessionId":"218c696f-001b-462e-aef6-dde4a6021e49","status":0,"value":{"ELEMENT":"1c67d7e0-d218-45ca-9f99-f724b16107e5"}}
I/appium  ( 4648): channel read invoked!
I/appium  ( 4648): channel read: POST /wd/hub/session/218c696f-001b-462e-aef6-dde4a6021e49/element/1c67d7e0-d218-45ca-9f99-f724b16107e5/value
I/appium  ( 4648): send keys to element command
D/appium  ( 4648): payload: {"elementId":"1c67d7e0-d218-45ca-9f99-f724b16107e5","text":"123456","replace":false,"unicodeKeyboard":true}
D/appium  ( 4648): Sending text to element: 123456
I/appium  ( 4648): AppiumResponse: {"sessionId":"218c696f-001b-462e-aef6-dde4a6021e49","status":0,"value":""}
I/appium  ( 4648): channel read invoked!
I/appium  ( 4648): channel read: POST /wd/hub/session/218c696f-001b-462e-aef6-dde4a6021e49/element
I/appium  ( 4648): Find element command
D/appium  ( 4648): payload: {"strategy":"id","selector":"com.jieshun.jslife:id/btn_login","context":"","multiple":false}
I/appium  ( 4648): find element command using 'id' with selector 'com.jieshun.jslife:id/btn_login'.
D/ld_audio_hw( 1368): lineFun, out_standby
D/ld_audio_hw( 1368): ld_close_output_stream, dev=0xb5875240, stream =0xb584a660
D/ld_audio_hw( 1368): ld_close_output_stream, stream=0xb584a660,  success!
I/appium  ( 4648): AppiumResponse: {"sessionId":"218c696f-001b-462e-aef6-dde4a6021e49","status":0,"value":{"ELEMENT":"cfabac23-9453-4d8b-b232-8bd7f8789b1e"}}
I/appium  ( 4648): channel read invoked!
I/appium  ( 4648): channel read: POST /wd/hub/session/218c696f-001b-462e-aef6-dde4a6021e49/element
I/appium  ( 4648): Find element command
D/appium  ( 4648): payload: {"strategy":"id","selector":"com.jieshun.jslife:id/btn_login","context":"","multiple":false}
I/appium  ( 4648): find element command using 'id' with selector 'com.jieshun.jslife:id/btn_login'.
I/appium  ( 4648): AppiumResponse: {"sessionId":"218c696f-001b-462e-aef6-dde4a6021e49","status":0,"value":{"ELEMENT":"b432ed8c-f627-4e04-871d-9c8b072c4179"}}
I/appium  ( 4648): channel read invoked!
I/appium  ( 4648): channel read: POST /wd/hub/session/218c696f-001b-462e-aef6-dde4a6021e49/element/b432ed8c-f627-4e04-871d-9c8b072c4179/click
D/appium  ( 4648): payload: {"element":"b432ed8c-f627-4e04-871d-9c8b072c4179"}
I/appium  ( 4648): Click element command
I/appium  ( 4648): AppiumResponse: {"sessionId":"218c696f-001b-462e-aef6-dde4a6021e49","status":0,"value":true}
D/AudioTrack( 1538): use orig AudioTrack! mIsTimed=0 transferType=0 flags=4
D/XMPP    (11574):  ? = true ? = true
V/WindowManager( 1538): not Base app: Adding window Window{3f09c75c u0 com.jieshun.jslife/com.jieshun.jslife.activity.userinfo.UserLoginActivity} at 3 of 6
I/appium  ( 4648): channel read invoked!
I/appium  ( 4648): channel read: POST /wd/hub/session/218c696f-001b-462e-aef6-dde4a6021e49/element
I/appium  ( 4648): Find element command
D/appium  ( 4648): payload: {"strategy":"id","selector":"com.jieshun.jslife:id/tv_user_page","context":"","multiple":false}
I/appium  ( 4648): find element command using 'id' with selector 'com.jieshun.jslife:id/tv_user_page'.
D/http    (11574):  HTTP Url: http://jsh.jslife.com.cn/jslife-service/user/login 
D/http    (11574): {"appVersion":"V3.2.3","deviceId":"865166026808918","lat":"","lng":"","opfResource":"A1b852863a","osType":"ANDROID","password":"123456","userCode":"13632836691","userType":"APP","bizSource":"APP_ANDROID","bizType":"JSLIFE"}
D/ld_audio_hw( 1368): ld_start_output_stream, stream=0xb584a660, sampleRate =44100, channel=2, bps=16, bufSize=2048
E/EGL_adreno(11574): tid 11620: eglSurfaceAttrib(1266): error 0x3009 (EGL_BAD_MATCH)
W/OpenGLRenderer(11574): Failed to set EGL_SWAP_BEHAVIOR on surface 0xa2c5f600, error=EGL_BAD_MATCH
D/EGL_adreno(11574): eglMakeCurrent: 0xad8801c0: ver 2 0 (tinfo 0xad839520)
I/AppiumUnicodeIME( 1695): onFinishInput
I/AppiumUnicodeIME( 1695): onStartInput
I/http    (11574): 
I/http    (11574):  HTTP {"resultCode":"0","message":"","obj":null,"seqId":"716a9e09760643e096fd1807c31637f4","token":"e5306930d83c4cfab785a60991a09360","userId":"eaa2fc61c4784b6ba67ac352b4afc808","nickName":"sky","userType":"APP","isNeedValidateRealname":null,"right":true}
I/jieshun.jslife(11574): ....
D/EGL_adreno(11574): eglMakeCurrent: 0xad8801c0: ver 2 0 (tinfo 0xad839520)
I/System.out(11574):   fmat json : {"LATITUDE":"1045:114.04282","LONGITUDE":"1044:22.57107","UDID":"1006:865166026808918","appId":"1645285811190497301","mobile":"13632836691","sign":"06fc37de2258093585ba197b4be70c27","systemType":"02","userId":"eaa2fc61c4784b6ba67ac352b4afc808"}
I/AppiumUnicodeIME( 1695): onFinishInput
I/AppiumUnicodeIME( 1695): onStartInput
I/System.out(11574): StringCallback response: {"code":"200","msg":"","data":{"jkUrl":"http://scjsjk.jieshunpay.cn:8113/jtc/public/account/account.html?access=3e31f23e4cf3485ed44478527ee6cd7cc2f0f460b1ed01fd"}}
I/ActivityManager( 1538): START u0 {cmp=com.jieshun.jslife/.activity.common.MainFragmentActivity (has extras)} from uid 10028 on display 0
V/WindowManager( 1538): addAppToken: AppWindowToken{1f8d1bc7 token=Token{c724906 ActivityRecord{27ecf7e1 u0 com.jieshun.jslife/.activity.common.MainFragmentActivity t116}}} to stack=1 task=116 at 1
I/EmuCoreService( 1825): Broadcast action = android.intent.action.TOP_ACTIVITY_CHANGED
I/EmuCoreService( 1825): HostService Init inited = true
D/com.jieshun.jslife.activity.common.MainFragmentActivity(11574): context = com.jieshun.jslife.application.GlobalApplication@30f1dff4, isLogin=false, savedInstanceState = null
V/WindowManager( 1538): Adding window Window{1835ad63 u0 com.jieshun.jslife/com.jieshun.jslife.activity.common.MainFragmentActivity} at 4 of 7 (after Window{3f09c75c u0 com.jieshun.jslife/com.jieshun.jslife.activity.userinfo.UserLoginActivity EXITING})
D/http    (11574):  HTTP Url: http://jsh.jslife.com.cn/jslife-service/user/area 
D/http    (11574): {"currentLocationLatitude":"","currentLocationLongitude":"","userId":"eaa2fc61c4784b6ba67ac352b4afc808","bizSource":"APP_ANDROID","bizType":"JSLIFE","token":"e5306930d83c4cfab785a60991a09360"}
I/com.jieshun.jslife.activity.common.MainFragmentActivity(11574): onResume()======
I/MobclickAgent(11574): Extend current session: 081668436642506545BC85CE56B53B11
V/WindowManager( 1538): Adding window Window{2d4bbcbf u0 com.jieshun.jslife/com.jieshun.jslife.activity.common.MainFragmentActivity} at 3 of 7 (before Window{1835ad63 u0 com.jieshun.jslife/com.jieshun.jslife.activity.common.MainFragmentActivity})
I/com.jieshun.jslife.service.XMPPService(11574): changeLogin ===============
D/PUSH    (11574):  anonymousToRealNameConnectOpenire PUSH 
D/XMPP    (11574): anonymousToRealNameConnectOpenire =====  userName = 13632836691 ; pwd = 123456
D/PUSH    (11574): anonymousToRealNameConnectOpenire =====  userName = 13632836691 ; pwd = 123456
D/XMPP    (11574): ConnectThreadOpenfire=========
D/XMPP    (11574):  start Login Openfire userName = 13632836691;  pwd =123456;  resource =A1b852863a
I/XMPP    (11574): openfire============== OPENFIRE=jsimp.jslife.com.cn SERVICE_NAME=openfire-cloud PORT=7608  userName=13632836691  pwd=123456 ; resource=A1b852863a
D/SMACK   (11574): 04:20:07  Connection closed (820286918)
D/SMACK   (11574): 04:20:07  SENT (820286918): <presence id="aQ0ir-9" type="unavailable"><c xmlns='http://jabber.org/protocol/caps' hash='sha-1' node='http://www.igniterealtime.org/projects/smack/' ver='+fIuUdRHwf5kx3DPPD8JEPN1yuE='/></presence>
I/UserState(11574): myJid = null receive jid=null  state=OFFLINE
D/SMACK   (11574): 04:20:07  SENT (820286918): </stream:stream>
E/EGL_adreno(11574): tid 11620: eglSurfaceAttrib(1266): error 0x3009 (EGL_BAD_MATCH)
W/OpenGLRenderer(11574): Failed to set EGL_SWAP_BEHAVIOR on surface 0xa2c5f600, error=EGL_BAD_MATCH
D/EGL_adreno(11574): eglMakeCurrent: 0xad8801c0: ver 2 0 (tinfo 0xad839520)
D/JSParkingFragment(11574): setUserVisibleHint isVisibleToUser = false ; isResumed() = false ; isNetConnect = true
D/EGL_adreno(11574): eglMakeCurrent: 0xad8801c0: ver 2 0 (tinfo 0xad839520)
D/XMPP    (11574):  JSJK requestjsjk_biz_member_balance_qry json : {"appId":"1645285811190497301","sign":"b1e7b2764b49df5ca9e2cd2b23514bce","systemType":"02","userId":"eaa2fc61c4784b6ba67ac352b4afc808"}
D/XMPP    (11574):  JSJK URLjsjk_biz_member_balance_qry URL : http://hdwg.jieshunpay.cn:8120/jst-gateway/member/balanceMoney
D/http    (11574):  HTTP Url: http://jsh.jslife.com.cn/jslife-service/charge/coupon/list 
D/http    (11574): {"couponsStatus":"INIT","pageIndex":"1","pageSize":"100","userId":"eaa2fc61c4784b6ba67ac352b4afc808","bizSource":"APP_ANDROID","bizType":"JSLIFE","token":"e5306930d83c4cfab785a60991a09360"}
D/http    (11574):  HTTP Url: http://jsh.jslife.com.cn/jslife-service/user/get_user_info 
D/http    (11574): {"userId":"eaa2fc61c4784b6ba67ac352b4afc808","bizSource":"APP_ANDROID","bizType":"JSLIFE","token":"e5306930d83c4cfab785a60991a09360"}
W/FragmentManager(11574): moveToState: Fragment state for UserHomeFragment{1f717a55 #0 id=0x7f1002e7 android:switcher:2131755751:4} not updated inline; expected state 3 found 2
I/com.jieshun.jslife.activity.homepage.HomePageFragment(11574): ===========
I/XMPP    (11574): ----userName========13632836691 ; pwd========123456 ; resource======A1b852863a
D/XMPP    (11574): 
D/http    (11574):  HTTP Url: http://jsh.jslife.com.cn/jslife-service/homepage/loading_data 
D/http    (11574): {"areaId":"","invokeServiceType":"VOTE,MONTH_CARD_DELAY,PAYMENT_CAR,","personId":"","userId":"eaa2fc61c4784b6ba67ac352b4afc808","bizSource":"APP_ANDROID","bizType":"JSLIFE","token":"e5306930d83c4cfab785a60991a09360"}
D/XMPP    (11574): 
D/SMACK   (11574): 04:20:07  SENT (653944016): <stream:stream to="openfire-cloud" xmlns="jabber:client" xmlns:stream="http://etherx.jabber.org/streams" version="1.0">
D/SMACK   (11574): 04:20:07  RCV  (653944016): <?xml version='1.0' encoding='UTF-8'?><stream:stream xmlns:stream="http://etherx.jabber.org/streams" xmlns="jabber:client" from="openfire-cloud" id="9459c475" xml:lang="en" version="1.0">
V/libnb   (11574): enter native_bridge2_isSupported /data/app/com.jieshun.jslife-2/lib/arm/libBaiduMapSDK_map_v4_5_2.so
V/libnb   (11574): enter native_bridge2_loadLibrary /data/app/com.jieshun.jslife-2/lib/arm/libBaiduMapSDK_map_v4_5_2.so
D/houdini (11574): [11574] Added shared library /data/app/com.jieshun.jslife-2/lib/arm/libBaiduMapSDK_map_v4_5_2.so for ClassLoader by Native Bridge.
V/libnb   (11574): enter native_bridge2_getTrampoline JNI_OnLoad, trampoline_addr 0xb4404eac
V/libnb   (11574): enter native_bridge2_getTrampoline Java_com_baidu_platform_comjni_engine_JNIEngine_initClass, trampoline_addr 0x0
V/libnb   (11574): enter native_bridge2_getTrampoline Java_com_baidu_platform_comjni_engine_JNIEngine_initClass__Ljava_lang_Object_2I, trampoline_addr 0x0
V/libnb   (11574): enter native_bridge2_getTrampoline Java_com_baidu_platform_comjni_engine_JNIEngine_initClass, trampoline_addr 0xb4404e3c
V/libnb   (11574): enter native_bridge2_getTrampoline Java_com_baidu_platform_comjni_map_commonmemcache_JNICommonMemCache_Create, trampoline_addr 0x0
V/libnb   (11574): enter native_bridge2_getTrampoline Java_com_baidu_platform_comjni_map_commonmemcache_JNICommonMemCache_Create__, trampoline_addr 0x0
V/libnb   (11574): enter native_bridge2_getTrampoline Java_com_baidu_platform_comjni_map_commonmemcache_JNICommonMemCache_Create, trampoline_addr 0xb4404e04
V/libnb   (11574): enter native_bridge2_getTrampoline Java_com_baidu_platform_comjni_map_commonmemcache_JNICommonMemCache_Init, trampoline_addr 0x0
V/libnb   (11574): enter native_bridge2_getTrampoline Java_com_baidu_platform_comjni_map_commonmemcache_JNICommonMemCache_Init__J, trampoline_addr 0x0
V/libnb   (11574): enter native_bridge2_getTrampoline Java_com_baidu_platform_comjni_map_commonmemcache_JNICommonMemCache_Init, trampoline_addr 0xb4404dcc
V/libnb   (11574): enter native_bridge2_getTrampoline Java_com_baidu_platform_comjni_engine_JNIEngine_InitEngine, trampoline_addr 0x0
V/libnb   (11574): enter native_bridge2_getTrampoline Java_com_baidu_platform_comjni_engine_JNIEngine_InitEngine__Landroid_content_Context_2, trampoline_addr 0x0
V/libnb   (11574): enter native_bridge2_getTrampoline Java_com_baidu_platform_comjni_engine_JNIEngine_InitEngine, trampoline_addr 0xb4404d94
V/libnb   (11574): enter native_bridge2_getTrampoline Java_com_baidu_platform_comjni_engine_JNIEngine_StartSocketProc, trampoline_addr 0x0
V/libnb   (11574): enter native_bridge2_getTrampoline Java_com_baidu_platform_comjni_engine_JNIEngine_StartSocketProc__, trampoline_addr 0x0
V/libnb   (11574): enter native_bridge2_getTrampoline Java_com_baidu_platform_comjni_engine_JNIEngine_StartSocketProc, trampoline_addr 0xb4404d5c
V/libnb   (11574): enter native_bridge2_getTrampoline Java_com_baidu_platform_comjni_engine_JNIEngine_SetProxyInfo, trampoline_addr 0x0
V/libnb   (11574): enter native_bridge2_getTrampoline Java_com_baidu_platform_comjni_engine_JNIEngine_SetProxyInfo__Ljava_lang_String_2I, trampoline_addr 0x0
V/libnb   (11574): enter native_bridge2_getTrampoline Java_com_baidu_platform_comjni_engine_JNIEngine_SetProxyInfo, trampoline_addr 0xb4404d24
V/libnb   (11574): enter native_bridge2_getTrampoline Java_com_baidu_platform_comjni_map_basemap_JNIBaseMap_Create, trampoline_addr 0x0
V/libnb   (11574): enter native_bridge2_getTrampoline Java_com_baidu_platform_comjni_map_basemap_JNIBaseMap_Create__, trampoline_addr 0x0
V/libnb   (11574): enter native_bridge2_getTrampoline Java_com_baidu_platform_comjni_map_basemap_JNIBaseMap_Create, trampoline_addr 0xb4404cec
V/libnb   (11574): enter native_bridge2_getTrampoline Java_com_baidu_platform_comjni_map_basemap_JNIBaseMap_SetCallback, trampoline_addr 0x0
V/libnb   (11574): enter native_bridge2_getTrampoline Java_com_baidu_platform_comjni_map_basemap_JNIBaseMap_SetCallback__JLcom_baidu_platform_comjni_map_basemap_BaseMapCallback_2, trampoline_addr 0x0
V/libnb   (11574): enter native_bridge2_getTrampoline Java_com_baidu_platform_comjni_map_basemap_JNIBaseMap_SetCallback, trampoline_addr 0xb4404cb4
V/libnb   (11574): enter native_bridge2_getTrampoline Java_com_baidu_platform_comjni_map_basemap_JNIBaseMap_Init, trampoline_addr 0x0
V/libnb   (11574): enter native_bridge2_getTrampoline Java_com_baidu_platform_comjni_map_basemap_JNIBaseMap_Init__JLjava_lang_String_2Ljava_lang_String_2Ljava_lang_String_2Ljava_lang_String_2Ljava_lang_String_2Ljava_lang_String_2Ljava_lang_String_2Ljava_lang_String_2IIIIIII, trampoline_addr 0x0
V/libnb   (11574): enter native_bridge2_getTrampoline Java_com_baidu_platform_comjni_map_basemap_JNIBaseMap_Init, trampoline_addr 0xb4404c7c
E/AudioTrack( 1538): did not receive expected priority boost on time
D/SMACK   (11574): 04:20:08  RCV  (653944016): <stream:features><mechanisms xmlns="urn:ietf:params:xml:ns:xmpp-sasl"><mechanism>PLAIN</mechanism><mechanism>ANONYMOUS</mechanism></mechanisms><compression xmlns="http://jabber.org/features/compress"><method>zlib</method></compression><auth xmlns="http://jabber.org/features/iq-auth"/><register xmlns="http://jabber.org/features/iq-register"/></stream:features>
D/SMACK   (11574): 04:20:08  SENT (653944016): <auth mechanism="PLAIN" xmlns="urn:ietf:params:xml:ns:xmpp-sasl">MTM2MzI4MzY2OTEAMTM2MzI4MzY2OTEAMTIzNDU2</auth>
D/SMACK   (11574): 04:20:08  RCV  (653944016): <success xmlns="urn:ietf:params:xml:ns:xmpp-sasl"/>
D/SMACK   (11574): 04:20:08  SENT (653944016): <stream:stream to="openfire-cloud" xmlns="jabber:client" xmlns:stream="http://etherx.jabber.org/streams" version="1.0">
D/SMACK   (11574): 04:20:08  RCV  (653944016): <?xml version='1.0' encoding='UTF-8'?><stream:stream xmlns:stream="http://etherx.jabber.org/streams" xmlns="jabber:client" from="openfire-cloud" id="9459c475" xml:lang="en" version="1.0"><stream:features><compression xmlns="http://jabber.org/features/compress"><method>zlib</method></compression><bind xmlns="urn:ietf:params:xml:ns:xmpp-bind"/><session xmlns="urn:ietf:params:xml:ns:xmpp-session"><optional/></session></stream:features>
D/SMACK   (11574): 04:20:08  SENT (653944016): <iq id="aQ0ir-10" type="set"><bind xmlns="urn:ietf:params:xml:ns:xmpp-bind"><resource>A1b852863a</resource></bind></iq>
D/SMACK   (11574): 04:20:08  RCV  (653944016): <iq type="result" id="aQ0ir-10" to="openfire-cloud/9459c475"><bind xmlns="urn:ietf:params:xml:ns:xmpp-bind"><jid>13632836691@openfire-cloud/A1b852863a</jid></bind></iq>
D/SMACK   (11574): 04:20:08  SENT (653944016): <iq id="aQ0ir-11" type="set"><session xmlns="urn:ietf:params:xml:ns:xmpp-session"/></iq>
D/SMACK   (11574): 04:20:08  RCV  (653944016): <iq type="result" id="aQ0ir-11" to="13632836691@openfire-cloud/A1b852863a"/>
D/SMACK   (11574): User logged (653944016): 13632836691@openfire-cloud@openfire-cloud:7608/A1b852863a
D/SMACK   (11574): 04:20:08  SENT (653944016): <iq id="aQ0ir-12" type="get"><query xmlns="jabber:iq:roster" ></query></iq>
D/SMACK   (11574): 04:20:08  SENT (653944016): <presence id="aQ0ir-13"><c xmlns='http://jabber.org/protocol/caps' hash='sha-1' node='http://www.igniterealtime.org/projects/smack/' ver='7lnSSYLFNPR++Qc5cZmId14cl4U='/></presence>
D/SMACK   (11574): 04:20:08  SENT (653944016): <presence id="aQ0ir-14"><c xmlns='http://jabber.org/protocol/caps' hash='sha-1' node='http://www.igniterealtime.org/projects/smack/' ver='30o3W0G3RxzdAvCCb8fB1Jc5dy0='/></presence>
D/SMACK   (11574): 04:20:08  SENT (653944016): <presence id="aQ0ir-15"><c xmlns='http://jabber.org/protocol/caps' hash='sha-1' node='http://www.igniterealtime.org/projects/smack/' ver='LXzMKGdgC6np5NqNvUDZmGNt7R8='/></presence>
D/SMACK   (11574): 04:20:08  SENT (653944016): <presence id="aQ0ir-16"><c xmlns='http://jabber.org/protocol/caps' hash='sha-1' node='http://www.igniterealtime.org/projects/smack/' ver='+fIuUdRHwf5kx3DPPD8JEPN1yuE='/></presence>
I/XMPP    (11574):  -----    ===============
D/SMACK   (11574): 04:20:08  RCV  (653944016): <iq type="result" id="aQ0ir-12" to="13632836691@openfire-cloud/A1b852863a"><query xmlns="jabber:iq:roster"><item jid="formal_cloud_jsh@openfire-cloud" name="formal_cloud_jsh" subscription="both"/></query></iq>
D/SMACK   (11574): 04:20:08  RCV  (653944016): <presence id="pDM9M-25" from="13632836691@openfire-cloud/A1b117b2fb" to="13632836691@openfire-cloud/A1b852863a"><c xmlns="http://jabber.org/protocol/caps" hash="sha-1" node="http://www.igniterealtime.org/projects/smack/" ver="+fIuUdRHwf5kx3DPPD8JEPN1yuE="/></presence><presence id="aQ0ir-13" from="13632836691@openfire-cloud/A1b852863a" to="13632836691@openfire-cloud/A1b852863a"><c xmlns="http://jabber.org/protocol/caps" hash="sha-1" node="http://www.igniterealtime.org/projects/smack/" ver="7lnSSYLFNPR++Qc5cZmId14cl4U="/></presence><presence id="mFh6g-325702" from="formal_cloud_jsh@openfire-cloud/master" to="13632836691@openfire-cloud/A1b852863a"/><presence id="6VDE2-287624" from="formal_cloud_jsh@openfire-cloud/slave" to="13632836691@openfire-cloud/A1b852863a"/><iq type="get" id="624-1398538" to="13632836691@openfire-cloud/A1b852863a" from="openfire-cloud"><query xmlns="http://jabber.org/protocol/disco#info"/></iq><iq type="get" id="388-1398539" to="13632836691@openfire-cloud/A1b852863a" from="openfire-cloud"><query xmlns="http://jabber.org/protocol/disco#info"/></iq>
I/UserState(11574): myJid = null receive jid=13632836691@openfire-cloud/A1b117b2fb  state=ONLINE
I/UserState(11574): myJid = null receive jid=13632836691@openfire-cloud/A1b852863a  state=ONLINE
I/UserState(11574): myJid = null receive jid=formal_cloud_jsh@openfire-cloud/master  state=ONLINE
I/UserState(11574): myJid = null receive jid=formal_cloud_jsh@openfire-cloud/slave  state=ONLINE
D/SMACK   (11574): 04:20:08  SENT (653944016): <iq id="624-1398538" to="openfire-cloud" type="result"><query xmlns="http://jabber.org/protocol/disco#info"><identity category="client" name="Smack" type="pc"/><feature var="http://jabber.org/protocol/caps"/><feature var="urn:xmpp:ping"/><feature var="http://jabber.org/protocol/bytestreams"/><feature var="http://jabber.org/protocol/ibb"/><feature var="http://jabber.org/protocol/si"/><feature var="http://jabber.org/protocol/si/profile/file-transfer"/></query></iq>
D/SMACK   (11574): 04:20:08  SENT (653944016): <iq id="388-1398539" to="openfire-cloud" type="result"><query xmlns="http://jabber.org/protocol/disco#info"><identity category="client" name="Smack" type="pc"/><feature var="http://jabber.org/protocol/caps"/><feature var="urn:xmpp:ping"/><feature var="http://jabber.org/protocol/bytestreams"/><feature var="http://jabber.org/protocol/ibb"/><feature var="http://jabber.org/protocol/si"/><feature var="http://jabber.org/protocol/si/profile/file-transfer"/></query></iq>
V/libnb   (11574): enter native_bridge2_getTrampoline Java_com_baidu_platform_comjni_map_basemap_JNIBaseMap_OnResume, trampoline_addr 0x0
V/libnb   (11574): enter native_bridge2_getTrampoline Java_com_baidu_platform_comjni_map_basemap_JNIBaseMap_OnResume__J, trampoline_addr 0x0
V/libnb   (11574): enter native_bridge2_getTrampoline Java_com_baidu_platform_comjni_map_basemap_JNIBaseMap_OnResume, trampoline_addr 0xb4404c44
V/libnb   (11574): enter native_bridge2_getTrampoline Java_com_baidu_platform_comjni_map_basemap_JNIBaseMap_AddLayer, trampoline_addr 0x0
V/libnb   (11574): enter native_bridge2_getTrampoline Java_com_baidu_platform_comjni_map_basemap_JNIBaseMap_AddLayer__JIILjava_lang_String_2, trampoline_addr 0x0
V/libnb   (11574): enter native_bridge2_getTrampoline Java_com_baidu_platform_comjni_map_basemap_JNIBaseMap_AddLayer, trampoline_addr 0xb4404c0c
V/libnb   (11574): enter native_bridge2_getTrampoline Java_com_baidu_platform_comjni_map_basemap_JNIBaseMap_ShowBaseIndoorMap, trampoline_addr 0x0
V/libnb   (11574): enter native_bridge2_getTrampoline Java_com_baidu_platform_comjni_map_basemap_JNIBaseMap_ShowBaseIndoorMap__JZ, trampoline_addr 0x0
V/libnb   (11574): enter native_bridge2_getTrampoline Java_com_baidu_platform_comjni_map_basemap_JNIBaseMap_ShowBaseIndoorMap, trampoline_addr 0xb4404bd4
V/libnb   (11574): enter native_bridge2_getTrampoline Java_com_baidu_platform_comjni_map_basemap_JNIBaseMap_SetMapStatus, trampoline_addr 0x0
V/libnb   (11574): enter native_bridge2_getTrampoline Java_com_baidu_platform_comjni_map_basemap_JNIBaseMap_SetMapStatus__JLandroid_os_Bundle_2, trampoline_addr 0x0
V/libnb   (11574): enter native_bridge2_getTrampoline Java_com_baidu_platform_comjni_map_basemap_JNIBaseMap_SetMapStatus, trampoline_addr 0xb4404b9c
V/libnb   (11574): enter native_bridge2_getTrampoline Java_com_baidu_platform_comjni_map_basemap_JNIBaseMap_SetMapControlMode, trampoline_addr 0x0
V/libnb   (11574): enter native_bridge2_getTrampoline Java_com_baidu_platform_comjni_map_basemap_JNIBaseMap_SetMapControlMode__JI, trampoline_addr 0x0
V/libnb   (11574): enter native_bridge2_getTrampoline Java_com_baidu_platform_comjni_map_basemap_JNIBaseMap_SetMapControlMode, trampoline_addr 0xb4404b64
V/libnb   (11574): enter native_bridge2_getTrampoline Java_com_baidu_platform_comjni_map_basemap_JNIBaseMap_ShowLayers, trampoline_addr 0x0
V/libnb   (11574): enter native_bridge2_getTrampoline Java_com_baidu_platform_comjni_map_basemap_JNIBaseMap_ShowLayers__JJZ, trampoline_addr 0x0
V/libnb   (11574): enter native_bridge2_getTrampoline Java_com_baidu_platform_comjni_map_basemap_JNIBaseMap_ShowLayers, trampoline_addr 0xb4404b2c
V/libnb   (11574): enter native_bridge2_getTrampoline Java_com_baidu_platform_comjni_map_basemap_JNIBaseMap_LayersIsShow, trampoline_addr 0x0
V/libnb   (11574): enter native_bridge2_getTrampoline Java_com_baidu_platform_comjni_map_basemap_JNIBaseMap_LayersIsShow__JJ, trampoline_addr 0x0
V/libnb   (11574): enter native_bridge2_getTrampoline Java_com_baidu_platform_comjni_map_basemap_JNIBaseMap_LayersIsShow, trampoline_addr 0xb4404af4
V/libnb   (11574): enter native_bridge2_getTrampoline Java_com_baidu_platform_comjni_map_basemap_JNIBaseMap_ShowSatelliteMap, trampoline_addr 0x0
V/libnb   (11574): enter native_bridge2_getTrampoline Java_com_baidu_platform_comjni_map_basemap_JNIBaseMap_ShowSatelliteMap__JZ, trampoline_addr 0x0
V/libnb   (11574): enter native_bridge2_getTrampoline Java_com_baidu_platform_comjni_map_basemap_JNIBaseMap_ShowSatelliteMap, trampoline_addr 0xb4404abc
V/libnb   (11574): enter native_bridge2_getTrampoline Java_com_baidu_platform_comjni_map_basemap_JNIBaseMap_ClearLayer, trampoline_addr 0x0
V/libnb   (11574): enter native_bridge2_getTrampoline Java_com_baidu_platform_comjni_map_basemap_JNIBaseMap_ClearLayer__JJ, trampoline_addr 0x0
V/libnb   (11574): enter native_bridge2_getTrampoline Java_com_baidu_platform_comjni_map_basemap_JNIBaseMap_ClearLayer, trampoline_addr 0xb4404a84
V/libnb   (11574): enter native_bridge2_getTrampoline Java_com_baidu_platform_comjni_map_basemap_JNIBaseMap_IsBaseIndoorMapMode, trampoline_addr 0x0
V/libnb   (11574): enter native_bridge2_getTrampoline Java_com_baidu_platform_comjni_map_basemap_JNIBaseMap_IsBaseIndoorMapMode__J, trampoline_addr 0x0
V/libnb   (11574): enter native_bridge2_getTrampoline Java_com_baidu_platform_comjni_map_basemap_JNIBaseMap_IsBaseIndoorMapMode, trampoline_addr 0xb4404a4c
D/JSParkingFragment(11574):  initData isNetConnect = true
D/sensor_ld( 1538): cb_setDelay handle=0 delay-ns=20000000
D/sensor_ld( 1538): cb_setDelay handle=0 delay-ns=20000000
D/sensor_ld( 1538): cb_activate handle=6 enabled=1
D/sensor_ld( 1538): cb_setDelay handle=6 delay-ns=5000000
W/FragmentManager(11574): moveToState: Fragment state for JSParkingFragment{334b06bc #2 id=0x7f1002e7 android:switcher:2131755751:1} not updated inline; expected state 3 found 2
W/Resources(11574): Converting to float: TypedValue{t=0x3/d=0xd "1f" a=-1}
W/Resources(11574): Converting to float: TypedValue{t=0x3/d=0xe "0.5f" a=-1}
W/Resources(11574): Converting to float: TypedValue{t=0x3/d=0xd "1f" a=-1}
W/Resources(11574): Converting to float: TypedValue{t=0x3/d=0xe "0.5f" a=-1}
W/Resources(11574): Converting to float: TypedValue{t=0x3/d=0xd "0.5f" a=-1}
W/Resources(11574): Converting to float: TypedValue{t=0x3/d=0xe "1.0f" a=-1}
W/Resources(11574): Converting to float: TypedValue{t=0x3/d=0xd "0.5f" a=-1}
W/Resources(11574): Converting to float: TypedValue{t=0x3/d=0xe "1.0f" a=-1}
W/Resources(11574): Converting to float: TypedValue{t=0x3/d=0xb "1f" a=-1}
W/Resources(11574): Converting to float: TypedValue{t=0x3/d=0xb "1f" a=-1}
W/Resources(11574): Converting to float: TypedValue{t=0x3/d=0xb "1f" a=-1}
W/Resources(11574): Converting to float: TypedValue{t=0x3/d=0xb "1f" a=-1}
W/FragmentManager(11574): moveToState: Fragment state for OpenDoorMainFragment{210a19f2 #3 id=0x7f1002e7 android:switcher:2131755751:2} not updated inline; expected state 3 found 2
I/CallbackListener(11574): xmppQueQue=========1
I/CallbackListener(11574): requestMap add  activity = MiniCommunityFragment{35967557 #4 id=0x7f1002e7 android:switcher:2131755751:3}  serviceId = ac.msg.queryunreadmsgcount
W/FragmentManager(11574): moveToState: Fragment state for MiniCommunityFragment{35967557 #4 id=0x7f1002e7 android:switcher:2131755751:3} not updated inline; expected state 3 found 2
D/XMPP    (11574):  JSJK requestjsjk_biz_member_balance_qry json : {"appId":"1645285811190497301","sign":"b1e7b2764b49df5ca9e2cd2b23514bce","systemType":"02","userId":"eaa2fc61c4784b6ba67ac352b4afc808"}
D/XMPP    (11574):  JSJK URLjsjk_biz_member_balance_qry URL : http://hdwg.jieshunpay.cn:8120/jst-gateway/member/balanceMoney
V/libnb   (11574): enter native_bridge2_getTrampoline Java_com_baidu_platform_comjni_map_basemap_JNIBaseMap_ResetImageRes, trampoline_addr 0x0
V/libnb   (11574): enter native_bridge2_getTrampoline Java_com_baidu_platform_comjni_map_basemap_JNIBaseMap_ResetImageRes__J, trampoline_addr 0x0
V/libnb   (11574): enter native_bridge2_getTrampoline Java_com_baidu_platform_comjni_map_basemap_JNIBaseMap_ResetImageRes, trampoline_addr 0xb4404a14
V/libnb   (11574): enter native_bridge2_getTrampoline Java_com_baidu_platform_comjni_map_basemap_JNIBaseMap_PostStatInfo, trampoline_addr 0x0
V/libnb   (11574): enter native_bridge2_getTrampoline Java_com_baidu_platform_comjni_map_basemap_JNIBaseMap_PostStatInfo__J, trampoline_addr 0x0
V/libnb   (11574): enter native_bridge2_getTrampoline Java_com_baidu_platform_comjni_map_basemap_JNIBaseMap_PostStatInfo, trampoline_addr 0xb44049dc
D/SMACK   (11574): 04:20:08  SENT (653944016): <iq id="-i1kjh3_2" to="formal_cloud_jsh@openfire-cloud/master" type="get"><dreq xmlns="xmpp:iq:shunt"><cnt>{&quot;attributes&quot;:{&quot;USER_ID&quot;:&quot;eaa2fc61c4784b6ba67ac352b4afc808&quot;},&quot;dataItems&quot;:[],&quot;requestType&quot;:&quot;DIRECTIVE&quot;,&quot;seqId&quot;:&quot;-i1kjh3_2&quot;,&quot;serviceId&quot;:&quot;ac.msg.queryunreadmsgcount&quot;}</cnt><crc>51965965</crc><mode>ASYNC</mode><type>DIRECTIVE</type></dreq></iq>
D/XMPP    (11574): XMPP------> ac.msg.queryunreadmsgcount ---> : {"attributes":{"USER_ID":"eaa2fc61c4784b6ba67ac352b4afc808"},"dataItems":[],"requestType":"DIRECTIVE","seqId":"-i1kjh3_2","serviceId":"ac.msg.queryunreadmsgcount"}
D/SMACK   (11574): 04:20:08  RCV  (653944016): <iq id="-i1kjh3_2" to="13632836691@openfire-cloud/A1b852863a" from="formal_cloud_jsh@openfire-cloud/master" type="result"><dres xmlns="xmpp:iq:shunt"><cnt>{"attributes":{},"dataItems":[],"message":":id","resultCode":1001,"seqId":"-i1kjh3_2","serviceId":"ac.msg.queryunreadmsgcount"}</cnt><crc>-646239117</crc><rc>0</rc><sync>false</sync></dres></iq>
I/CallbackListener(11574): requestMap  remove  serviceId = ac.msg.queryunreadmsgcount in = MiniCommunityFragment{35967557 #4 id=0x7f1002e7 android:switcher:2131755751:3}
D/XMPP    (11574): : {"attributes":{},"dataItems":[],"message":":id","resultCode":1001,"seqId":"-i1kjh3_2","serviceId":"ac.msg.queryunreadmsgcount"}
E/EGL_adreno(11574): tid 11620: eglSurfaceAttrib(1266): error 0x3009 (EGL_BAD_MATCH)
W/OpenGLRenderer(11574): Failed to set EGL_SWAP_BEHAVIOR on surface 0xb3ff57e0, error=EGL_BAD_MATCH
D/EGL_adreno(11574): eglMakeCurrent: 0xad8801c0: ver 2 0 (tinfo 0xad839520)
E/RecyclerView(11574): No adapter attached; skipping layout
I/art     ( 1538): Explicit concurrent mark sweep GC freed 37621(1751KB) AllocSpace objects, 2(32KB) LOS objects, 33% free, 17MB/25MB, paused 283us total 49.256ms
V/WindowManager( 1538): Adding window Window{3f2e84b7 u0 SurfaceView} at 3 of 8 (before Window{2d4bbcbf u0 com.jieshun.jslife/com.jieshun.jslife.activity.common.MainFragmentActivity})
V/libnb   (11574): enter native_bridge2_getTrampoline Java_com_baidu_platform_comjni_map_basemap_JNIBaseMap_GetMapStatus, trampoline_addr 0x0
V/libnb   (11574): enter native_bridge2_getTrampoline Java_com_baidu_platform_comjni_map_basemap_JNIBaseMap_GetMapStatus__J, trampoline_addr 0x0
V/libnb   (11574): enter native_bridge2_getTrampoline Java_com_baidu_platform_comjni_map_basemap_JNIBaseMap_GetMapStatus, trampoline_addr 0xb44049a4
I/HostConnection(11574): HostConnection::HostConnection: pid=11574, tid=11733, this=0xa2faa8d0
I/        (11574): fastpipe: Connect success
D/HostConnection(11574): HostRPC::connect sucess: app=com.jieshun.jslife, pid=11574, tid=11733, this=0x9cf50000
D/HostConnection(11574): queryAndSetGLESMaxVersion select gles-version: 2.0 hostGLVersion:31 process:com.jieshun.jslife
I/EGL_adreno(11574): eglCreateContext request GLES major-version=2
I/AppiumUnicodeIME( 1695): onFinishInput
I/AppiumUnicodeIME( 1695): onStartInput
D/EGL_adreno(11574): eglCreateContext: 0x9cef0700: maj 2 min 0 rcv 2
I/http    (11574): 
I/http    (11574):  HTTP {"resultCode":"0","message":"","obj":null,"seqId":"48c8910d15e449599b12146a446cd93a","userArea":[{"userId":"eaa2fc61c4784b6ba67ac352b4afc808","areaId":"55981d2f448a42f796c2f20907aa2715","areaName":"","areaAddress":"","parkCode":"","businesserCode":"","telephone":"","isMoveCar":"0","isOpenDoor":"1","isOpenPark":"1","longitude":"","latitude":"","isAuthFlag":"1","isAuth":"0","authUserId":"","delayMode":"1","operateMode":"1","secretKey":"1521181398","personId":"fa9b33b036fe48f9a7f2ed8e32e64f4b","personName":"","isNoWiring":"1","needWGApproal":"0","authPersonId":null,"distance":null,"openDoorWay":"3"},{"userId":"eaa2fc61c4784b6ba67ac352b4afc808","areaId":"0af857a862174ceab0094fb52782400f","areaName":"","areaAddress":"10","parkCode":"0000004439","businesserCode":"","telephone":"400-7005305","isMoveCar":"1","isOpenDoor":"1","isOpenPark":"1","longitude":"114.049846","latitude":"22.577052","isAuthFlag":"1","isAuth":"0","authUserId":"","delayMode":"0","operateMode":"0","secretKey":"0","personId":"4a6a45d68fd34dc5bfa1ff51c2979a34","personName":"","isNoWiring":"0","needWGApproal":"0","authPersonId":null,"distance":null,"openDoorWay":"1"}],"right":true}
D/SMACK   (11574): 04:20:08  RCV  (653944016): <presence from="formal_cloud_jsh@openfire-cloud/master" to="13632836691@openfire-cloud"/>
I/UserState(11574): myJid = null receive jid=formal_cloud_jsh@openfire-cloud/master  state=ONLINE
D/EGL_adreno(11574): eglMakeCurrent: 0xad8801c0: ver 2 0 (tinfo 0xad839520)
D/EGL_adreno(11574): eglMakeCurrent: 0x9cef0700: ver 2 0 (tinfo 0x9a6d00b0)
V/libnb   (11574): enter native_bridge2_getTrampoline Java_com_baidu_platform_comapi_map_MapRenderer_nativeInit, trampoline_addr 0x0
V/libnb   (11574): enter native_bridge2_getTrampoline Java_com_baidu_platform_comapi_map_MapRenderer_nativeInit__J, trampoline_addr 0x0
V/libnb   (11574): enter native_bridge2_getTrampoline Java_com_baidu_platform_comapi_map_MapRenderer_nativeInit, trampoline_addr 0xb440496c
D/HostConnection(11574): ExtendedRCEncoderContext GL_VERSION return OpenGL ES 2.0 (3.1.0 - Build 9.17.10.4229)
I/http    (11574): ---> 3 [  +  ]
D/http    (11574):  HTTP Url: http://jsh.jslife.com.cn/jslife-service/user/get_user_info 
