I/EventHub( 1538): New device: id=5, fd=85, path='/dev/input/event1', name='Sleep Button', classes=0x1, configuration='', keyLayout='/system/usr/keylayout/Generic.kl', keyCharacterMap='/system/usr/keychars/Generic.kcm', builtinKeyboard=false, wakeMechanism=EPOLLWAKEUP, usingClockIoctl=true
I/EventHub( 1538): ignoring event id /dev/input/event0 driver Power Button
I/SystemServer( 1538): Input Method Service
D/EventHub( 1538): No input device configuration file found for device 'Video Bus'.
W/EventHub( 1538): Unable to disable kernel key repeat for /dev/input/event2: Function not implemented
I/EventHub( 1538): New device: id=6, fd=86, path='/dev/input/event2', name='Video Bus', classes=0x1, configuration='', keyLayout='/system/usr/keylayout/Generic.kl', keyCharacterMap='/system/usr/keychars/Generic.kcm', builtinKeyboard=false, wakeMechanism=EPOLLWAKEUP, usingClockIoctl=true
E/EventHub( 1538): could not get driver version for /dev/input/mice, Not a typewriter
W/InputMethodManagerService( 1538): Couldn't create dir.: /data/system/inputmethod
I/InputReader( 1538): Device added: id=-1, name='Virtual', sources=0x00000301
I/InputReader( 1538): Device added: id=6, name='Video Bus', sources=0x00000101
I/InputReader( 1538): Device added: id=5, name='Sleep Button', sources=0x00000101
I/InputReader( 1538):   Touch device 'VirtualBox mouse integration' could not query the properties of its associated display.  The device will be inoperable until the display size becomes available.
I/InputReader( 1538): Device added: id=4, name='VirtualBox mouse integration', sources=0x00002002
I/InputReader( 1538): Device added: id=3, name='Android Power Button', sources=0x00000101
I/InputReader( 1538):   Touch device 'input' could not query the properties of its associated display.  The device will be inoperable until the display size becomes available.
I/InputReader( 1538): Device added: id=2, name='input', sources=0x00001103
I/InputReader( 1538): Device added: id=1, name='gpio', sources=0x80000101
E/EventHub( 1538): could not get driver version for /dev/input/mouse0, Not a typewriter
I/SystemServer( 1538): Accessibility Manager
I/ActivityManager( 1538): Config changes=1df8 {1.0 ?mcc?mnc zh_CN ?layoutDir sw360dp w360dp h640dp 320dpi nrml long port ?uimode ?night -touch -keyb/v/h -nav/h s.2}
D/SurfaceFlinger( 1362): --denglibo-- setOrientation, mFbdev=0xb685e600, mFbDev->setOrientation=0xb70070f0, orientation=0
I/gralloc_x86( 1362): --denglibo-- fb_setOrientation: orientation=0
I/InputReader( 1538): Reconfiguring input devices.  changes=0x00000004
I/InputReader( 1538): Device reconfigured: id=2, name='input', size 720x1280, orientation 0, mode 1, display id 0
I/InputReader( 1538): Device reconfigured: id=4, name='VirtualBox mouse integration', size 720x1280, orientation 0, mode 4, display id 0
I/ActivityManager( 1538): Config changes=408 {1.0 ?mcc?mnc zh_CN ?layoutDir sw360dp w360dp h615dp 320dpi nrml long port ?uimode ?night finger -keyb/v/h -nav/h s.3}
I/SystemServer( 1538): Mount Service
D/MountService( 1538): got storage path: null description: 内部存储设备 primary: true removable: false emulated: true mtpReserve: 100 allowMassStorage: false maxFileSize: 0
D/MountService( 1538): addVolumeLocked() StorageVolume:
D/MountService( 1538):     mStorageId=65537 mPath=/storage/emulated/0 mDescriptionId=17040805 
D/MountService( 1538):     mPrimary=true mRemovable=false mEmulated=true mMtpReserveSpace=100 
D/MountService( 1538):     mAllowMassStorage=false mMaxFileSize=0 mOwner=UserHandle{0} mUuid=null 
D/MountService( 1538):     mUserLabel=null mState=null 
D/MountService( 1538): got storage path: /storage/sdcard1 description: SD卡 primary: false removable: true emulated: false mtpReserve: 0 allowMassStorage: false maxFileSize: 4294967296
D/MountService( 1538): addVolumeLocked() StorageVolume:
D/MountService( 1538):     mStorageId=0 mPath=/storage/sdcard1 mDescriptionId=17040806 mPrimary=false 
D/MountService( 1538):     mRemovable=true mEmulated=false mMtpReserveSpace=0 mAllowMassStorage=false 
D/MountService( 1538):     mMaxFileSize=4294967296 mOwner=null mUuid=null mUserLabel=null mState=null 
D/MountService( 1538): got storage path: /storage/usb0 description: USB存储器 primary: false removable: true emulated: false mtpReserve: 0 allowMassStorage: false maxFileSize: 4294967296
D/MountService( 1538): addVolumeLocked() StorageVolume:
D/MountService( 1538):     mStorageId=0 mPath=/storage/usb0 mDescriptionId=17040807 mPrimary=false 
D/MountService( 1538):     mRemovable=true mEmulated=false mMtpReserveSpace=0 mAllowMassStorage=false 
D/MountService( 1538):     mMaxFileSize=4294967296 mOwner=null mUuid=null mUserLabel=null mState=null 
D/MountService( 1538): got storage path: /storage/usb1 description: USB存储器 primary: false removable: true emulated: false mtpReserve: 0 allowMassStorage: false maxFileSize: 4294967296
D/MountService( 1538): addVolumeLocked() StorageVolume:
D/MountService( 1538):     mStorageId=0 mPath=/storage/usb1 mDescriptionId=17040807 mPrimary=false 
D/MountService( 1538):     mRemovable=true mEmulated=false mMtpReserveSpace=0 mAllowMassStorage=false 
D/MountService( 1538):     mMaxFileSize=4294967296 mOwner=null mUuid=null mUserLabel=null mState=null 
D/MountService( 1538): got storage path: /storage/usb2 description: USB存储器 primary: false removable: true emulated: false mtpReserve: 0 allowMassStorage: false maxFileSize: 4294967296
D/MountService( 1538): addVolumeLocked() StorageVolume:
D/MountService( 1538):     mStorageId=0 mPath=/storage/usb2 mDescriptionId=17040807 mPrimary=false 
D/MountService( 1538):     mRemovable=true mEmulated=false mMtpReserveSpace=0 mAllowMassStorage=false 
D/MountService( 1538):     mMaxFileSize=4294967296 mOwner=null mUuid=null mUserLabel=null mState=null 
D/MountService( 1538): got storage path: /storage/usb3 description: USB存储器 primary: false removable: true emulated: false mtpReserve: 0 allowMassStorage: false maxFileSize: 4294967296
D/MountService( 1538): addVolumeLocked() StorageVolume:
D/MountService( 1538):     mStorageId=0 mPath=/storage/usb3 mDescriptionId=17040807 mPrimary=false 
D/MountService( 1538):     mRemovable=true mEmulated=false mMtpReserveSpace=0 mAllowMassStorage=false 
D/MountService( 1538):     mMaxFileSize=4294967296 mOwner=null mUuid=null mUserLabel=null mState=null 
W/PackageManager( 1538): No disk maintenance in 290186352; running immediately
I/SystemServer( 1538): LockSettingsService
I/SystemServiceManager( 1538): Starting com.android.server.devicepolicy.DevicePolicyManagerService$Lifecycle
W/System.err( 1538): java.lang.Exception: denglibo show AlertDialog! title=Android 正在启动…
I/SystemServer( 1538): Status Bar
I/UsageStatsService( 1538): User[0] Rollover scheduled @ 2018-09-04 08:00:00(1536019200000)
I/SystemServer( 1538): Clipboard Service
I/SystemServer( 1538): NetworkManagement Service
W/System.err( 1538): 	at android.app.AlertDialog.show(AlertDialog.java:112)
W/System.err( 1538): 	at com.android.internal.policy.impl.PhoneWindowManager$22.run(PhoneWindowManager.java:5645)
W/System.err( 1538): 	at android.os.Handler.handleCallback(Handler.java:739)
W/System.err( 1538): 	at android.os.Handler.dispatchMessage(Handler.java:95)
W/System.err( 1538): 	at android.os.Looper.loop(Looper.java:135)
W/System.err( 1538): 	at android.os.HandlerThread.run(HandlerThread.java:61)
W/System.err( 1538): 	at com.android.server.ServiceThread.run(ServiceThread.java:46)
I/SystemServer( 1538): Text Service Manager Service
W/TextServicesManagerService( 1538): no available spell checker services found
I/SystemServer( 1538): Network Score Service
I/SystemServer( 1538): NetworkStats Service
I/SystemServer( 1538): NetworkPolicy Service
I/SystemServiceManager( 1538): Starting com.android.server.wifi.p2p.WifiP2pService
D/OpenGLRenderer( 1538): Use EGL_SWAP_BEHAVIOR_PRESERVED: true
D/MountService( 1538): volume state changed for /storage/usb0 (unmounted -> removed)
D/MountService( 1538): volume state changed for /storage/usb1 (unmounted -> removed)
D/MountService( 1538): volume state changed for /storage/usb2 (unmounted -> removed)
D/MountService( 1538): volume state changed for /storage/usb3 (unmounted -> removed)
I/MountService( 1538): Running fstrim idle maintenance
I/fstrim  ( 1361): Starting fstrim work...
I/fstrim  ( 1361): Finished fstrim work.
I/WifiP2pService( 1538): Registering wifip2p
I/SystemServiceManager( 1538): Starting com.android.server.wifi.WifiService
I/PackageManager( 1538): No secure containers found
W/PackageManager( 1538): Not granting permission android.permission.SET_ANIMATION_SCALE to package io.appium.settings (protectionLevel=50 flags=0x8be46)
W/PackageManager( 1538): Not granting permission android.permission.CHANGE_CONFIGURATION to package io.appium.settings (protectionLevel=50 flags=0x8be46)
W/PackageManager( 1538): Unknown permission com.google.android.googleapps.permission.GOOGLE_AUTH in package com.android.providers.calendar
W/PackageManager( 1538): Unknown permission com.google.android.googleapps.permission.GOOGLE_AUTH.cl in package com.android.providers.calendar
W/PackageManager( 1538): Unknown permission android.permission.RECEIVE_USER_PRESENT in package com.sqw.ylcs.aligames
W/PackageManager( 1538): Not granting permission android.permission.READ_LOGS to package com.sqw.ylcs.aligames (protectionLevel=50 flags=0x208be44)
W/PackageManager( 1538): Not granting permission android.permission.BATTERY_STATS to package com.sqw.ylcs.aligames (protectionLevel=50 flags=0x208be44)
W/PackageManager( 1538): Unknown permission org.simalliance.openmobileapi.SMARTCARD in package com.sqw.ylcs.aligames
W/PackageManager( 1538): Not granting permission android.permission.MOUNT_UNMOUNT_FILESYSTEMS to package com.sqw.ylcs.aligames (protectionLevel=18 flags=0x208be44)
W/PackageManager( 1538): Not granting permission android.permission.CHANGE_CONFIGURATION to package com.sqw.ylcs.aligames (protectionLevel=50 flags=0x208be44)
W/PackageManager( 1538): Not granting permission android.permission.GET_DETAILED_TASKS to package com.sqw.ylcs.aligames (protectionLevel=2 flags=0x208be44)
W/PackageManager( 1538): Unknown permission android.permission.REQUEST_INSTALL_PACKAGES in package com.sqw.ylcs.aligames
W/PackageManager( 1538): Not granting permission android.permission.GET_TOP_ACTIVITY_INFO to package com.sqw.ylcs.aligames (protectionLevel=2 flags=0x208be44)
W/PackageManager( 1538): Unknown permission android.webkit.permission.PLUGIN in package com.sqw.ylcs.aligames
W/PackageManager( 1538): Not granting permission android.permission.ACCESS_DOWNLOAD_MANAGER to package com.android.browser (protectionLevel=18 flags=0x9be45)
W/PackageManager( 1538): Not granting permission android.permission.SEND_DOWNLOAD_COMPLETED_INTENTS to package com.android.browser (protectionLevel=2 flags=0x9be45)
W/PackageManager( 1538): Not granting permission android.permission.BIND_APPWIDGET to package com.android.launcher3 (protectionLevel=18 flags=0x483e45)
W/PackageManager( 1538): Unknown permission com.android.launcher.permission.READ_SETTINGS in package com.android.launcher3
W/PackageManager( 1538): Unknown permission com.android.launcher.permission.WRITE_SETTINGS in package com.android.launcher3
W/PackageManager( 1538): Not granting permission android.permission.MOUNT_UNMOUNT_FILESYSTEMS to package com.android.launcher3 (protectionLevel=18 flags=0x483e45)
W/PackageManager( 1538): Not granting permission android.permission.READ_LOGS to package com.miquwan.sgzz.aligames (protectionLevel=50 flags=0x8be44)
W/PackageManager( 1538): Not granting permission android.permission.MOUNT_UNMOUNT_FILESYSTEMS to package com.miquwan.sgzz.aligames (protectionLevel=18 flags=0x8be44)
W/PackageManager( 1538): Not granting permission android.permission.GET_DETAILED_TASKS to package com.miquwan.sgzz.aligames (protectionLevel=2 flags=0x8be44)
W/PackageManager( 1538): Unknown permission android.permission.REQUEST_INSTALL_PACKAGES in package com.miquwan.sgzz.aligames
W/PackageManager( 1538): Not granting permission android.permission.READ_LOGS to package com.android.flysilkworm (protectionLevel=50 flags=0x58bec5)
W/PackageManager( 1538): Not granting permission android.permission.INSTALL_PACKAGES to package com.android.flysilkworm (protectionLevel=18 flags=0x58bec5)
W/PackageManager( 1538): Not granting permission android.permission.MOUNT_UNMOUNT_FILESYSTEMS to package com.android.flysilkworm (protectionLevel=18 flags=0x58bec5)
W/PackageManager( 1538): Not granting permission android.permission.WRITE_MEDIA_STORAGE to package com.android.flysilkworm (protectionLevel=18 flags=0x58bec5)
W/PackageManager( 1538): Not granting permission android.permission.CHANGE_CONFIGURATION to package com.android.flysilkworm (protectionLevel=50 flags=0x58bec5)
W/PackageManager( 1538): Unknown permission android.permission.PREVENT_POWER_KEY in package com.android.flysilkworm
W/PackageManager( 1538): Not granting permission android.permission.ACCESS_CHECKIN_PROPERTIES to package com.android.flysilkworm (protectionLevel=18 flags=0x58bec5)
W/PackageManager( 1538): Unknown permission android.permission.READ_SETTINGS in package com.android.flysilkworm
W/PackageManager( 1538): Not granting permission android.permission.DELETE_PACKAGES to package com.svox.pico (protectionLevel=18 flags=0x8be45)
W/PackageManager( 1538): Unknown permission com.cyanogenmod.filemanager.permissions.READ_THEME in package com.cyanogenmod.filemanager
W/PackageManager( 1538): Unknown permission com.google.android.googleapps.permission.GOOGLE_AUTH in package com.android.settings
W/PackageManager( 1538): Unknown permission com.android.launcher.permission.READ_SETTINGS in package com.android.settings
W/PackageManager( 1538): Unknown permission com.android.launcher.permission.WRITE_SETTINGS in package com.android.settings
W/PackageManager( 1538): Unknown permission android.permission.USE_FINGERPRINT in package com.jieshun.jslife
W/PackageManager( 1538): Unknown permission android.permission.ACCES_MOCK_LOCATION in package com.jieshun.jslife
W/PackageManager( 1538): Unknown permission com.android.launcher.permission.READ_SETTINGS in package com.jieshun.jslife
W/PackageManager( 1538): Unknown permission android.permission.ACCESS_GPS in package com.jieshun.jslife
W/PackageManager( 1538): Not granting permission android.permission.READ_LOGS to package com.jieshun.jslife (protectionLevel=50 flags=0x48be44)
W/PackageManager( 1538): Not granting permission android.permission.MOUNT_UNMOUNT_FILESYSTEMS to package com.jieshun.jslife (protectionLevel=18 flags=0x48be44)
W/PackageManager( 1538): Not granting permission android.permission.CHANGE_CONFIGURATION to package com.jieshun.jslife (protectionLevel=50 flags=0x48be44)
W/PackageManager( 1538): Unknown permission com.android.smspush.WAPPUSH_MANAGER_BIND in package com.android.phone
I/HostConnection( 1538): HostConnection::HostConnection: pid=1538, tid=1591, this=0xa10816a0
I/        ( 1538): fastpipe: Connect success
D/HostConnection( 1538): HostRPC::connect sucess: app=system_server, pid=1538, tid=1591, this=0xa10fc000
D/HostConnection( 1538): queryAndSetGLESMaxVersion select gles-version: 2.0 hostGLVersion:31 process:system_server
I/        ( 1538): fastpipe: Connect success
E/WifiConfigStore( 1538): associatedPartialScanPeriodMilli set to 20000
D/HostConnection( 1538): recv ProcessPuidReply name=system_server puid=2
I/OpenGLRenderer( 1538): Initialized EGL, version 1.4
I/EGL_adreno( 1538): eglCreateContext request GLES major-version=2
I/LdWifi  ( 1538): call wifi_unload_driver!
D/EGL_adreno( 1538): eglCreateContext: 0xa1075c40: maj 2 min 0 rcv 2
D/EGL_adreno( 1538): eglMakeCurrent: 0xa1075c40: ver 2 0 (tinfo 0xa10bf7a0)
D/WifiController( 1538): isAirplaneModeOn = false, isWifiEnabled = true, isScanningAvailable = false
D/HostConnection( 1538): ExtendedRCEncoderContext GL_VERSION return OpenGL ES 2.0 (3.1.0 - Build 9.17.10.4229)
I/WifiService( 1538): Registering wifi
I/SystemServiceManager( 1538): Starting com.android.server.wifi.WifiScanningService
I/WifiScanningService( 1538): Creating wifiscanner
I/WifiScanningService( 1538): Starting wifiscanner
I/SystemServiceManager( 1538): Starting com.android.server.wifi.RttService
I/RttService( 1538): Creating rttmanager
I/RttService( 1538): Starting rttmanager
I/SystemServiceManager( 1538): Starting com.android.server.ethernet.EthernetService
I/EthernetServiceImpl( 1538): Creating EthernetConfigStore
E/IpConfigStore( 1538): Error parsing configuration: java.io.FileNotFoundException: /data/misc/ethernet/ipconfig.txt: open failed: ENOENT (No such file or directory)
W/EthernetConfigStore( 1538): No Ethernet configuration found. Using default.
I/EthernetServiceImpl( 1538): Read stored IP configuration: IP assignment: DHCP
I/EthernetServiceImpl( 1538): Proxy settings: NONE
I/EthernetService( 1538): Registering service ethernet
I/SystemServer( 1538): Connectivity Service
D/OpenGLRenderer( 1538): Enabling debug mode 0
I/HostConnection( 1362): HostConnection::HostConnection: pid=1362, tid=1595, this=0xb60371a0
D/ConnectivityService( 1538): ConnectivityService starting up
I/        ( 1362): fastpipe: Connect success
D/HostConnection( 1362): HostRPC::connect sucess: app=/system/bin/surfaceflinger, pid=1362, tid=1595, this=0xb603e000
D/HostConnection( 1362): queryAndSetGLESMaxVersion select gles-version: 2.0 hostGLVersion:31 process:/system/bin/surfaceflinger
D/ConnectivityService( 1538): wifiOnly=false
E/ConnectivityService( 1538): Ignoring protectedNetwork 14
E/ConnectivityService( 1538): Ignoring protectedNetwork 15
I/gralloc_x86( 1538): --denglibo-- fallback_init, force return by denglibo
E/EGL_adreno( 1538): tid 1591: eglSurfaceAttrib(1266): error 0x3009 (EGL_BAD_MATCH)
W/OpenGLRenderer( 1538): Failed to set EGL_SWAP_BEHAVIOR on surface 0xa1050800, error=EGL_BAD_MATCH
D/EGL_adreno( 1538): eglMakeCurrent: 0xa1075c40: ver 2 0 (tinfo 0xa10bf7a0)
I/HostConnection( 1362): HostConnection::HostConnection: pid=1362, tid=1516, this=0xb69ddc90
I/        ( 1362): fastpipe: Connect success
D/HostConnection( 1362): HostRPC::connect sucess: app=/system/bin/surfaceflinger, pid=1362, tid=1516, this=0xb69fa000
D/HostConnection( 1362): queryAndSetGLESMaxVersion select gles-version: 2.0 hostGLVersion:31 process:/system/bin/surfaceflinger
I/SystemServer( 1538): Network Service Discovery Service
D/NsdService( 1538): Network service discovery enabled true
I/SystemServer( 1538): UpdateLock Service
I/SurfaceFlinger( 1362): Boot is finished (10806 ms)
I/SurfaceFlinger( 1362): denglibo-bootNotifynotify host the android boot success!
I/        ( 1362): fastpipe: close connect
I/SystemServiceManager( 1538): Starting com.android.server.notification.NotificationManagerService
D/ZenLog  ( 1538): set_zen_mode: off,setting
I/SystemServiceManager( 1538): Starting com.android.server.storage.DeviceStorageMonitorService
I/SystemServer( 1538): Location Manager
I/SystemServer( 1538): Country Detector
W/art     ( 1538): Suspending all threads took: 81.316ms
I/SystemServer( 1538): Search Service
I/SystemServer( 1538): DropBox Service
I/SystemServer( 1538): Wallpaper Service
I/art     ( 1538): Background sticky concurrent mark sweep GC freed 36623(2MB) AllocSpace objects, 16(256KB) LOS objects, 18% free, 12MB/14MB, paused 107.931ms total 224.134ms
I/SystemServer( 1538): Audio Service
W/TelecomManager( 1538): Telecom Service not found.
D/BlueZ   ( 1368): external/bluetooth/bluez/android/hal-audio.c:audio_set_mic_mute() 
I/SystemServiceManager( 1538): Starting com.android.server.DockObserver
W/DockObserver( 1538): This kernel does not have dock station support
I/SystemServer( 1538): Wired Accessory Manager
W/WiredAccessoryManager( 1538): This kernel does not have usb audio support
W/WiredAccessoryManager( 1538): This kernel does not have HDMI audio support
I/SystemServiceManager( 1538): Starting com.android.server.usb.UsbService$Lifecycle
I/SystemServer( 1538): Serial Service
I/SystemServiceManager( 1538): Starting com.android.server.twilight.TwilightService
I/SystemServiceManager( 1538): Starting com.android.server.UiModeManagerService
I/SystemServiceManager( 1538): Starting com.android.server.job.JobSchedulerService
I/SystemServiceManager( 1538): Starting com.android.server.backup.BackupManagerService$Lifecycle
I/SystemServiceManager( 1538): Starting com.android.server.appwidget.AppWidgetService
I/SystemServiceManager( 1538): Starting com.android.server.voiceinteraction.VoiceInteractionManagerService
W/SoundTriggerHelper( 1538): listModules status=0, # of modules=0
I/SystemServer( 1538): DiskStats Service
I/SystemServer( 1538): SamplingProfiler Service
I/SystemServer( 1538): NetworkTimeUpdateService
I/SystemServer( 1538): CommonTimeManagementService
I/SystemServer( 1538): CertBlacklister
I/SystemServiceManager( 1538): Starting com.android.server.dreams.DreamManagerService
I/SystemServer( 1538): Assets Atlas Service
I/SystemServiceManager( 1538): Starting com.android.server.print.PrintManagerService
I/SystemServiceManager( 1538): Starting com.android.server.restrictions.RestrictionsManagerService
I/SystemServiceManager( 1538): Starting com.android.server.media.MediaSessionService
D/AssetAtlas( 1538): Loaded configuration: SliceMinArea (960x1216) flags=0x2 count=446
I/HostConnection( 1362): HostConnection::HostConnection: pid=1362, tid=1514, this=0xb6037100
I/        ( 1362): fastpipe: Connect success
D/HostConnection( 1362): HostRPC::connect sucess: app=/system/bin/surfaceflinger, pid=1362, tid=1514, this=0xb6158000
D/HostConnection( 1362): queryAndSetGLESMaxVersion select gles-version: 2.0 hostGLVersion:31 process:/system/bin/surfaceflinger
I/HostConnection( 1538): HostConnection::HostConnection: pid=1538, tid=1607, this=0xa10d06f0
I/        ( 1538): fastpipe: Connect success
D/HostConnection( 1538): HostRPC::connect sucess: app=system_server, pid=1538, tid=1607, this=0xa12a7000
D/HostConnection( 1538): queryAndSetGLESMaxVersion select gles-version: 2.0 hostGLVersion:31 process:system_server
I/EGL_adreno( 1538): eglCreateContext request GLES major-version=2
D/EGL_adreno( 1538): eglCreateContext: 0xa10b1040: maj 2 min 0 rcv 2
I/SystemServer( 1538): Media Router Service
I/SystemServiceManager( 1538): Starting com.android.server.trust.TrustManagerService
I/SystemServiceManager( 1538): Starting com.android.server.fingerprint.FingerprintService
V/Fingerprint-JNI( 1538): nativeInit()
V/Fingerprint-JNI( 1538): nativeOpenHal()
E/Fingerprint-JNI( 1538): Can't open fingerprint HW Module, error: -2
I/SystemServer( 1538): BackgroundDexOptService
I/SystemServiceManager( 1538): Starting com.android.server.pm.LauncherAppsService
I/SystemServiceManager( 1538): Starting com.android.server.media.projection.MediaProjectionManagerService
D/EGL_adreno( 1538): eglMakeCurrent: 0xa10b1040: ver 2 0 (tinfo 0xa1032df0)
I/WindowManager( 1538): SAFE MODE not enabled
I/SystemServiceManager( 1538): Starting com.android.server.MmsServiceBroker
D/AssetAtlas( 1538): Rendered atlas in 107.83ms (3.99+103.84ms)
I/HostConnection( 1538): HostConnection::~HostConnection, pid=1538, tid=1607, this=0xa10d06f0, m_stream=0xa12a7000
I/        ( 1538): fastpipe: close connect
E/SQLiteLog( 1538): (283) recovered 16 frames from WAL file /data/system/locksettings.db-wal
E/LockSettingsStorage( 1538): Cannot read file java.io.FileNotFoundException: /data/system/password.key: open failed: ENOENT (No such file or directory)
E/LockSettingsStorage( 1538): Cannot read file java.io.FileNotFoundException: /data/system/gesture.key: open failed: ENOENT (No such file or directory)
I/SystemServiceManager( 1538): Starting phase 480
I/SystemServiceManager( 1538): Starting phase 500
I/WifiService( 1538): WifiService starting up with Wi-Fi enabled
D/WifiService( 1538): setWifiEnabled: true pid=1538, uid=1000
E/WifiService( 1538): Invoking mWifiStateMachine.setWifiEnabled
D/WifiController( 1538): WifiController msg { when=0 what=155656 target=com.android.internal.util.StateMachine$SmHandler } deferred for 500ms
D/WifiService( 1538): New client listening to asynchronous messages
I/WifiScanningService( 1538): Registering wifiscanner
D/WifiScanningService( 1538): New client, channel: null messenger: null
I/RttService( 1538): Registering rttmanager
D/WifiChangeStateMachine( 1538): Entering IdleState
D/WifiScanningService( 1538): DefaultState
I/EthernetServiceImpl( 1538): Starting Ethernet service
D/Ethernet( 1538): Registering NetworkFactory
D/ConnectivityService( 1538): Got NetworkFactory Messenger for Ethernet
D/Ethernet( 1538): got request NetworkRequest [ id=1, legacyType=-1, [ Capabilities: INTERNET&NOT_RESTRICTED&TRUSTED&NOT_VPN] ] with score 0
D/EthernetNetworkFactory( 1538): Started tracking interface eth0
D/NetworkManagementService( 1538): denglibo setInterfaceUp: eth0
D/CommandListener( 1364): Setting iface cfg
D/CommandListener( 1364): Trying to bring up eth0
D/EthernetNetworkFactory( 1538): updateInterface: eth0 link up
I/ActivityManager( 1538): Config changes=200 {1.0 ?mcc?mnc zh_CN ?layoutDir sw360dp w360dp h615dp 320dpi nrml long port finger -keyb/v/h -nav/h s.4}
I/EthernetNetworkFactory( 1538): dhcpThread(+eth0): mNetworkInfo=[type: Ethernet[], state: UNKNOWN/IDLE, reason: (unspecified), extra: 00:db:8c:06:c6:ba, roaming: false, failover: false, isAvailable: true, isConnectedToProvisioningNetwork: false]
V/BackupManagerService( 1538): No ancestral data
E/dhcpcd  ( 1614): fopen `/system/etc/dhcpcd/dhcpcd.conf': No such file or directory
I/dhcpcd  ( 1614): version 5.5.6 starting
E/dhcpcd  ( 1614): fopen `/system/etc/dhcpcd/dhcpcd.conf': No such file or directory
E/dhcpcd  ( 1614): get_duid: Read-only file system
D/BackupManagerService( 1538): Now staging backup of com.android.browser
D/BackupManagerService( 1538): Now staging backup of android
D/BackupManagerService( 1538): Now staging backup of com.android.providers.settings
D/BackupManagerService( 1538): Now staging backup of com.android.sharedstoragebackup
D/BackupManagerService( 1538): Now staging backup of com.android.providers.userdictionary
V/BackupManagerService( 1538): Starting with transport android/com.android.internal.backup.LocalTransport
V/BackupManagerService( 1538): Found transports: 1
I/BackupManagerService( 1538): Binding to transport host ComponentInfo{android/com.android.internal.backup.LocalTransportService}
I/BackupManagerService( 1538): Found stale backup journal, scheduling
I/AppOps  ( 1538): Pruning old package root/0: new uid=-1
I/AppOps  ( 1538): Pruning old package media/1013: new uid=-1
I/ActivityManager( 1538): System now ready
I/SystemServer( 1538): Making services ready
I/SystemServiceManager( 1538): Starting phase 550
I/SystemServer( 1538): WebViewFactory preparation
I/Zygote  ( 1538): Process: zygote socket opened, supported ABIS: x86,armeabi-v7a,armeabi
I/dhcpcd  ( 1614): eth0: rebinding lease of 172.16.2.15
D/libnativebridge( 1627): call UnloadNativeBridge! state=1
I/dhcpcd  ( 1614): eth0: acknowledged 172.16.2.15 from 172.16.2.2
I/ActivityManager( 1538): Start proc 1627:WebViewLoader-x86/1037 [android.webkit.WebViewFactory$RelroFileCreator] for 
I/dhcpcd  ( 1614): eth0: leased 172.16.2.15 for 86400 seconds
I/ActivityManager( 1538): Start proc 1642:com.android.systemui/u0a7 for service com.android.systemui/.SystemUIService
D/NetworkManagementService( 1538): not enabling bandwidth control
E/MountService( 1538): Boot-time mount failed (-1)
W/MountService( 1538): Duplicate state transition (mounted -> mounted) for /storage/emulated/0
V/WebViewFactory( 1627): RelroFileCreator (64bit = false),  32-bit lib: /system/app/webview/lib/x86/libwebviewchromium.so, 64-bit lib: 
D/libnativebridge( 1642): call UnloadNativeBridge! state=1
W/NetworkStats( 1538): bandwidth controls disabled, unable to track stats
W/NetworkPolicy( 1538): bandwidth controls disabled, unable to enforce policy
D/PermissionMonitor( 1538): Monitoring
D/PermissionMonitor( 1538): Users: 1, Apps: 34
I/SystemServiceManager( 1538): Starting phase 600
D/BluetoothManagerService( 1538): Message: 20
D/BluetoothManagerService( 1538): Added callback: android.bluetooth.BluetoothAdapter$1@358e263a:true
I/BackupManagerService( 1538): Backup enabled => false
I/BackupManagerService( 1538): Opting out of backup
D/BluetoothManagerService( 1538): Trying to bind to profile: 1, while Bluetooth was disabled
D/BluetoothManagerService( 1538): Message: 30
D/BluetoothManagerService( 1538): Message: 30
E/BluetoothA2dp( 1538): Could not bind to Bluetooth A2DP Service with Intent { act=android.bluetooth.IBluetoothA2dp }
E/InputMethodManagerService( 1538): Ignoring setImeWindowStatus due to an invalid token. uid:1000 token:null
I/ActivityManager( 1538): Start proc 1697:io.appium.android.ime/u0a29 for service io.appium.android.ime/.UnicodeIME
V/InputMethodManagerService( 1538): Adding window token: android.os.Binder@3a2b9ebc
I/art     ( 1697): Late-enabling -Xcheck:jni
D/libnativebridge( 1697): call UnloadNativeBridge! state=1
D/gps_ld  ( 1538): GPS dev open_gps
D/gps_ld  ( 1538): GPS dev get_hardware_interface
D/gps_ld  ( 1538): serial_gps_get_extension: called name=gps-xtra
D/gps_ld  ( 1538): serial_gps_get_extension: called name=agps
D/gps_ld  ( 1538): serial_gps_get_extension: called name=gps-ni
D/gps_ld  ( 1538): serial_gps_get_extension: called name=gps-debug
D/gps_ld  ( 1538): serial_gps_get_extension: called name=agps_ril
D/gps_ld  ( 1538): serial_gps_get_extension: called name=gps_geofencing
D/gps_ld  ( 1538): serial_gps_get_extension: called name=gps_measurement
D/gps_ld  ( 1538): serial_gps_get_extension: called name=gps_navigation_message
D/gps_ld  ( 1538): serial_gps_get_extension: called name=gnss_configuration
D/GpsLocationProvider( 1538): Reset GPS properties, previous size = 0
D/GpsLocationProvider( 1538): GpsParamsResource: SUPL_HOST=supl.google.com
D/GpsLocationProvider( 1538): GpsParamsResource: SUPL_PORT=7275
D/GpsLocationProvider( 1538): GpsParamsResource: NTP_SERVER=north-america.pool.ntp.org
D/GpsLocationProvider( 1538): GpsParamsResource: SUPL_VER=0x20000
D/GpsLocationProvider( 1538): GpsParamsResource: SUPL_MODE=1
W/GpsLocationProvider( 1538): Could not open GPS configuration file /etc/gps.ld.conf
D/ConnectivityService( 1538): registerNetworkAgent NetworkAgentInfo{ ni{[type: Ethernet[], state: CONNECTED/CONNECTED, reason: (unspecified), extra: 00:db:8c:06:c6:ba, roaming: false, failover: false, isAvailable: true, isConnectedToProvisioningNetwork: false]}  network{null}  lp{{InterfaceName: eth0 LinkAddresses: [172.16.2.15/24,]  Routes: [172.16.2.0/24 -> 0.0.0.0 eth0,0.0.0.0/0 -> 172.16.2.2 eth0,] DnsAddresses: [202.96.134.133,202.96.128.166,] Domains:  MTU: 0 TcpBufferSizes: 524288,1048576,3145728,524288,1048576,2097152}}  nc{[ Transports: ETHERNET Capabilities: INTERNET&NOT_RESTRICTED&TRUSTED&NOT_VPN LinkUpBandwidth>=100000Kbps LinkDnBandwidth>=100000Kbps]}  Score{10}  everValidated{false}  lastValidated{false}  created{false}  explicitlySelected{false} }
D/ConnectivityService( 1538): NetworkAgentInfo [Ethernet () - 100] EVENT_NETWORK_INFO_CHANGED, going from null to CONNECTED
D/ConnectivityService( 1538): Adding iface eth0 to network 100
W/linker  ( 1368): libavcodec.so has text relocations. This is wasting memory and prevents security hardening. Please fix.
E/ConnectivityService( 1538): Unexpected mtu value: 0, eth0
D/ConnectivityService( 1538): Adding Route [172.16.2.0/24 -> 0.0.0.0 eth0] to network 100
D/ConnectivityService( 1538): Adding Route [0.0.0.0/0 -> 172.16.2.2 eth0] to network 100
D/ConnectivityService( 1538): Setting Dns servers for network 100 to [/202.96.134.133, /202.96.128.166, /119.29.29.29]
D/ConnectivityService( 1538): notifyType IP_CHANGED for NetworkAgentInfo [Ethernet () - 100]
D/ConnectivityService( 1538): notifyType PRECHECK for NetworkAgentInfo [Ethernet () - 100]
D/ConnectivityService( 1538): rematching NetworkAgentInfo [Ethernet () - 100]
D/ConnectivityService( 1538):    accepting network in place of null
D/ConnectivityService( 1538): Switching to new default network: NetworkAgentInfo{ ni{[type: Ethernet[], state: CONNECTED/CONNECTED, reason: (unspecified), extra: 00:db:8c:06:c6:ba, roaming: false, failover: false, isAvailable: true, isConnectedToProvisioningNetwork: false]}  network{100}  lp{{InterfaceName: eth0 LinkAddresses: [172.16.2.15/24,]  Routes: [172.16.2.0/24 -> 0.0.0.0 eth0,0.0.0.0/0 -> 172.16.2.2 eth0,] DnsAddresses: [202.96.134.133,202.96.128.166,] Domains:  MTU: 0 TcpBufferSizes: 524288,1048576,3145728,524288,1048576,2097152}}  nc{[ Transports: ETHERNET Capabilities: INTERNET&NOT_RESTRICTED&TRUSTED&NOT_VPN LinkUpBandwidth>=100000Kbps LinkDnBandwidth>=100000Kbps]}  Score{10}  everValidated{false}  lastValidated{false}  created{true}  explicitlySelected{false} }
D/NetworkManagementService( 1538): denglibo call setDefaultNetId! netId=100
D/NetworkMonitor/NetworkAgentInfo [Ethernet () - 100]( 1538): DefaultState{ when=0 what=532481 target=com.android.internal.util.StateMachine$SmHandler }
D/NetworkMonitor/NetworkAgentInfo [Ethernet () - 100]( 1538): Connected
D/ConnectivityService( 1538): Setting tx/rx TCP buffers to 524288,1048576,3145728,524288,1048576,2097152
D/NetworkMonitor/NetworkAgentInfo [Ethernet () - 100]( 1538): EvaluatingState{ when=0 what=532486 arg1=1 target=com.android.internal.util.StateMachine$SmHandler }
D/NetworkMonitor/NetworkAgentInfo [Ethernet () - 100]( 1538): Validated
D/ConnectivityService( 1538): notifyType AVAILABLE for NetworkAgentInfo [Ethernet () - 100]
D/CSLegacyTypeTracker( 1538): Sending connected broadcast for type 9 NetworkAgentInfo [Ethernet () - 100] isDefaultNetwork=true
D/ConnectivityService( 1538): sendStickyBroadcast: action=android.net.conn.CONNECTIVITY_CHANGE_IMMEDIATE
D/ConnectivityService( 1538): sendStickyBroadcast: action=android.net.conn.CONNECTIVITY_CHANGE
D/ConnectivityService( 1538): setProvNotificationVisibleIntent: E visible=false networkType=0 extraInfo=null
D/ConnectivityService( 1538): Validated NetworkAgentInfo [Ethernet () - 100]
D/ConnectivityService( 1538): rematching NetworkAgentInfo [Ethernet () - 100]
D/ConnectivityService( 1538): Network NetworkAgentInfo [Ethernet () - 100] was already satisfying request 1. No change.
D/ConnectivityService( 1538): notifyType AVAILABLE for NetworkAgentInfo [Ethernet () - 100]
D/ConnectivityService( 1538): sendStickyBroadcast: action=android.net.conn.INET_CONDITION_ACTION
D/WifiController( 1538): DEFERRED_TOGGLE handled
I/LdWifi  ( 1538): call wifi_load_driver!
D/NetworkManagementService( 1538): denglibo setInterfaceDown: wlan0
W/linker  ( 1368): libswresample.so has text relocations. This is wasting memory and prevents security hardening. Please fix.
D/DataSource( 1368): loadExtractorPlugin return 0xb6050a00
D/DataSource( 1368): begin getExtractorPlugin
D/DataSource( 1368): end getExtractorPlugin
D/DataSource( 1368): begin RegisterSniffer
D/DataSource( 1368): end RegisterSniffer
I/ActivityManager( 1538): Start proc 1720:android.process.media/u0a3 for broadcast com.android.providers.downloads/.DownloadReceiver
D/libnativebridge( 1720): call UnloadNativeBridge! state=1
E/WVMExtractor( 1368): Failed to open libwvm.so: dlopen failed: library "libwvm.so" not found
I/FFmpegExtractor( 1368): android-source:0xb584f740
D/FFMPEG  ( 1368): android source begin open
D/FFMPEG  ( 1368): android open, url: android-source:0xb584f740
D/FFMPEG  ( 1368): ffmpeg open android data source success, source ptr: 0xb584f740
D/FFMPEG  ( 1368): android source open success
I/FFMPEG  ( 1368): Input #0, ogg, from 'android-source:0xb584f740':
I/FFMPEG  ( 1368):   Duration: 00:00:00.09, start: 0.000000, bitrate: 527 kb/s
I/FFMPEG  ( 1368):     Stream #0:0: Audio: vorbis, 44100 Hz, stereo, fltp, 160 kb/s
I/FFmpegExtractor( 1368): FFmpegExtrator, url: android-source:0xb584f740, format_name: ogg, format_long_name: Ogg
I/FFmpegExtractor( 1368): list the formats suppoted by ffmpeg: 
I/FFmpegExtractor( 1368): ========================================
I/FFmpegExtractor( 1368): ========================================
I/FFmpegExtractor( 1368): adjust mime(application/ogg -> audio/vorbis)
D/FFmpegExtractor( 1368): suppoted codec(vorbis) by official Stagefright
D/FFMPEG  ( 1368): android source close
I/FFmpegExtractor( 1368): sniff through BetterSniffFFMPEG success
D/FFmpegExtractor( 1368): ffmpeg detected media content as 'audio/vorbis' with confidence 0.08
D/NuPlayerDriver( 1368): start(0xb584ef40)
I/GenericSource( 1368): start
D/SoftFFmpegAudio( 1368): SoftFFmpegAudio component: OMX.ffmpeg.aac.decoder mCodingType: 21 mHighResAudioEnabled: 1
V/SoftFFmpegAudio( 1368): ~SoftFFmpegAudio
D/SoftFFmpegAudio( 1368): SoftFFmpegAudio component: OMX.ffmpeg.ra.decoder mCodingType: 26 mHighResAudioEnabled: 1
V/SoftFFmpegAudio( 1368): ~SoftFFmpegAudio
D/SoftFFmpegAudio( 1368): SoftFFmpegAudio component: OMX.ffmpeg.ac3.decoder mCodingType: 2130706434 mHighResAudioEnabled: 1
V/SoftFFmpegAudio( 1368): ~SoftFFmpegAudio
D/SoftFFmpegAudio( 1368): SoftFFmpegAudio component: OMX.ffmpeg.ape.decoder mCodingType: 2130706435 mHighResAudioEnabled: 1
V/SoftFFmpegAudio( 1368): ~SoftFFmpegAudio
D/SoftFFmpegAudio( 1368): SoftFFmpegAudio component: OMX.ffmpeg.dts.decoder mCodingType: 2130706436 mHighResAudioEnabled: 1
V/SoftFFmpegAudio( 1368): ~SoftFFmpegAudio
V/SystemUIService( 1642): Starting SystemUI services.
V/FingerprintService( 1538): startListening(android.service.fingerprint.IFingerprintServiceReceiver$Stub$Proxy@3d17dd08)
I/FFmpegExtractor( 1368): android-source:0xb4024900
D/FFMPEG  ( 1368): android source begin open
D/FFMPEG  ( 1368): android open, url: android-source:0xb4024900
D/FFMPEG  ( 1368): ffmpeg open android data source success, source ptr: 0xb4024900
D/FFMPEG  ( 1368): android source open success
I/FFMPEG  ( 1368): Input #0, ogg, from 'android-source:0xb4024900':
I/FFMPEG  ( 1368):   Duration: 00:00:00.23, start: 0.000000, bitrate: 293 kb/s
I/FFMPEG  ( 1368):     Stream #0:0: Audio: vorbis, 44100 Hz, stereo, fltp, 160 kb/s
I/FFmpegExtractor( 1368): FFmpegExtrator, url: android-source:0xb4024900, format_name: ogg, format_long_name: Ogg
I/FFmpegExtractor( 1368): list the formats suppoted by ffmpeg: 
I/FFmpegExtractor( 1368): ========================================
I/FFmpegExtractor( 1368): ========================================
I/FFmpegExtractor( 1368): adjust mime(application/ogg -> audio/vorbis)
D/FFmpegExtractor( 1368): suppoted codec(vorbis) by official Stagefright
D/FFMPEG  ( 1368): android source close
I/FFmpegExtractor( 1368): sniff through BetterSniffFFMPEG success
D/FFmpegExtractor( 1368): ffmpeg detected media content as 'audio/vorbis' with confidence 0.08
D/NuPlayerDriver( 1368): start(0xb584eca0)
I/GenericSource( 1368): start
W/linker  ( 1368): libswscale.so has text relocations. This is wasting memory and prevents security hardening. Please fix.
D/SoftFFmpegVideo( 1368): SoftFFmpegVideo component: OMX.ffmpeg.rv.decoder mMode: 0 appData: 0xb4026fc0
E/OMXNodeInstance( 1368): getParameter(13:ffmpeg.rv.decoder, ParamVideoProfileLevelQuerySupported(0x600000f)) ERROR: UnsupportedIndex(0x8000101a)
W/OMXNodeInstance( 1368): [13:ffmpeg.rv.decoder] component does not support metadata mode; using fallback
E/OMXNodeInstance( 1368): getExtensionIndex(13:ffmpeg.rv.decoder, OMX.google.android.index.prepareForAdaptivePlayback) ERROR: UnsupportedIndex(0x8000101a)
V/SoftFFmpegVideo( 1368): ~SoftFFmpegVideo
W/linker  ( 1368): libswscale.so has text relocations. This is wasting memory and prevents security hardening. Please fix.
D/SoftFFmpegVideo( 1368): SoftFFmpegVideo component: OMX.ffmpeg.hevc.decoder mMode: 0 appData: 0xb4026fc0
E/OMXNodeInstance( 1368): getParameter(14:ffmpeg.hevc.decoder, ParamVideoProfileLevelQuerySupported(0x600000f)) ERROR: UnsupportedIndex(0x8000101a)
W/OMXNodeInstance( 1368): [14:ffmpeg.hevc.decoder] component does not support metadata mode; using fallback
E/OMXNodeInstance( 1368): getExtensionIndex(14:ffmpeg.hevc.decoder, OMX.google.android.index.prepareForAdaptivePlayback) ERROR: UnsupportedIndex(0x8000101a)
V/SoftFFmpegVideo( 1368): ~SoftFFmpegVideo
W/linker  ( 1368): libswscale.so has text relocations. This is wasting memory and prevents security hardening. Please fix.
D/SoftFFmpegVideo( 1368): SoftFFmpegVideo component: OMX.ffmpeg.divx.decoder mMode: 0 appData: 0xb4026fc0
E/OMXNodeInstance( 1368): getParameter(15:ffmpeg.divx.decoder, ParamVideoProfileLevelQuerySupported(0x600000f)) ERROR: UnsupportedIndex(0x8000101a)
W/OMXNodeInstance( 1368): [15:ffmpeg.divx.decoder] component does not support metadata mode; using fallback
E/OMXNodeInstance( 1368): getExtensionIndex(15:ffmpeg.divx.decoder, OMX.google.android.index.prepareForAdaptivePlayback) ERROR: UnsupportedIndex(0x8000101a)
V/SoftFFmpegVideo( 1368): ~SoftFFmpegVideo
W/linker  ( 1368): libswscale.so has text relocations. This is wasting memory and prevents security hardening. Please fix.
D/SoftFFmpegVideo( 1368): SoftFFmpegVideo component: OMX.ffmpeg.flv1.decoder mMode: 0 appData: 0xb4026fc0
E/OMXNodeInstance( 1368): getParameter(16:ffmpeg.flv1.decoder, ParamVideoProfileLevelQuerySupported(0x600000f)) ERROR: UnsupportedIndex(0x8000101a)
W/OMXNodeInstance( 1368): [16:ffmpeg.flv1.decoder] component does not support metadata mode; using fallback
E/OMXNodeInstance( 1368): getExtensionIndex(16:ffmpeg.flv1.decoder, OMX.google.android.index.prepareForAdaptivePlayback) ERROR: UnsupportedIndex(0x8000101a)
V/SoftFFmpegVideo( 1368): ~SoftFFmpegVideo
W/linker  ( 1368): libswscale.so has text relocations. This is wasting memory and prevents security hardening. Please fix.
D/SoftFFmpegVideo( 1368): SoftFFmpegVideo component: OMX.ffmpeg.h264.decoder mMode: 0 appData: 0xb4026fc0
E/OMXNodeInstance( 1368): getParameter(17:ffmpeg.h264.decoder, ParamVideoProfileLevelQuerySupported(0x600000f)) ERROR: UnsupportedIndex(0x8000101a)
W/OMXNodeInstance( 1368): [17:ffmpeg.h264.decoder] component does not support metadata mode; using fallback
E/OMXNodeInstance( 1368): getExtensionIndex(17:ffmpeg.h264.decoder, OMX.google.android.index.prepareForAdaptivePlayback) ERROR: UnsupportedIndex(0x8000101a)
V/SoftFFmpegVideo( 1368): ~SoftFFmpegVideo
W/OMXNodeInstance( 1368): [18:google.mpeg4.decoder] component does not support metadata mode; using fallback
W/OMXNodeInstance( 1368): [19:google.h263.decoder] component does not support metadata mode; using fallback
W/OMXNodeInstance( 1368): [1a:google.h264.decoder] component does not support metadata mode; using fallback
D/SoftHEVC( 1368): Number of CPU cores: 2
D/SoftHEVC( 1368): Initializing decoder
D/SoftHEVC( 1368): Set number of cores to 2
D/SoftHEVC( 1368): Ittiam decoder version number: @(#)Id:HEVCDEC_production Ver:04.01 Released by ITTIAM Build: Apr 21 2016 @ 18:31:18
W/OMXNodeInstance( 1368): [1b:google.hevc.decoder] component does not support metadata mode; using fallback
D/SoftHEVC( 1368): Freeing codec memory
D/SoftHEVC( 1368): Number of CPU cores: 2
D/SoftHEVC( 1368): Initializing decoder
D/SoftHEVC( 1368): Set number of cores to 2
D/SoftHEVC( 1368): Ittiam decoder version number: @(#)Id:HEVCDEC_production Ver:04.01 Released by ITTIAM Build: Apr 21 2016 @ 18:31:18
D/SoftHEVC( 1368): In SoftHEVC::~SoftHEVC
D/SoftHEVC( 1368): Freeing codec memory
W/OMXNodeInstance( 1368): [1c:google.vp8.decoder] component does not support metadata mode; using fallback
W/OMXNodeInstance( 1368): [1d:google.vp9.decoder] component does not support metadata mode; using fallback
I/SoftMPEG4Encoder( 1368): Construct SoftMPEG4Encoder
W/ACodec  ( 1368): do not know color format 0x7f000789 = 2130708361
I/SoftAVCEncoder( 1368): Construct SoftAVCEncoder
W/ACodec  ( 1368): do not know color format 0x7f000789 = 2130708361
I/SoftMPEG4Encoder( 1368): Construct SoftMPEG4Encoder
W/ACodec  ( 1368): do not know color format 0x7f000789 = 2130708361
W/ACodec  ( 1368): do not know color format 0x7f000789 = 2130708361
D/NuPlayerDriver( 1368): reset(0xb584ef40)
D/NuPlayerDriver( 1368): notifyResetComplete(0xb584ef40)
D/NuPlayerDriver( 1368): reset(0xb584eca0)
D/NuPlayerDriver( 1368): notifyResetComplete(0xb584eca0)
I/FFmpegExtractor( 1368): android-source:0xb584f640
D/FFMPEG  ( 1368): android source begin open
D/FFMPEG  ( 1368): android open, url: android-source:0xb584f640
D/FFMPEG  ( 1368): ffmpeg open android data source success, source ptr: 0xb584f640
D/FFMPEG  ( 1368): android source open success
I/FFmpegExtractor( 1368): android-source:0xb584f7c0
D/FFMPEG  ( 1368): android source begin open
D/FFMPEG  ( 1368): android open, url: android-source:0xb584f7c0
D/FFMPEG  ( 1368): ffmpeg open android data source success, source ptr: 0xb584f7c0
D/FFMPEG  ( 1368): android source open success
I/FFMPEG  ( 1368): Input #0, ogg, from 'android-source:0xb584f640':
I/FFMPEG  ( 1368):   Duration: 00:00:00.11, start: 0.000000, bitrate: 487 kb/s
I/FFMPEG  ( 1368):     Stream #0:0: Audio: vorbis, 44100 Hz, stereo, fltp, 160 kb/s
I/FFmpegExtractor( 1368): FFmpegExtrator, url: android-source:0xb584f640, format_name: ogg, format_long_name: Ogg
I/FFmpegExtractor( 1368): list the formats suppoted by ffmpeg: 
I/FFmpegExtractor( 1368): ========================================
I/FFmpegExtractor( 1368): ========================================
I/FFmpegExtractor( 1368): adjust mime(application/ogg -> audio/vorbis)
D/FFmpegExtractor( 1368): suppoted codec(vorbis) by official Stagefright
D/FFMPEG  ( 1368): android source close
I/FFmpegExtractor( 1368): sniff through BetterSniffFFMPEG success
D/FFmpegExtractor( 1368): ffmpeg detected media content as 'audio/vorbis' with confidence 0.08
I/FFMPEG  ( 1368): Input #0, ogg, from 'android-source:0xb584f7c0':
I/FFMPEG  ( 1368):   Duration: 00:00:00.19, start: 0.000000, bitrate: 332 kb/s
I/FFMPEG  ( 1368):     Stream #0:0: Audio: vorbis, 44100 Hz, stereo, fltp, 160 kb/s
I/FFmpegExtractor( 1368): FFmpegExtrator, url: android-source:0xb584f7c0, format_name: ogg, format_long_name: Ogg
I/FFmpegExtractor( 1368): list the formats suppoted by ffmpeg: 
I/FFmpegExtractor( 1368): ========================================
I/FFmpegExtractor( 1368): ========================================
I/FFmpegExtractor( 1368): adjust mime(application/ogg -> audio/vorbis)
D/FFmpegExtractor( 1368): suppoted codec(vorbis) by official Stagefright
D/FFMPEG  ( 1368): android source close
I/FFmpegExtractor( 1368): sniff through BetterSniffFFMPEG success
D/FFmpegExtractor( 1368): ffmpeg detected media content as 'audio/vorbis' with confidence 0.08
D/NuPlayerDriver( 1368): start(0xb402f340)
I/GenericSource( 1368): start
D/NuPlayerDriver( 1368): start(0xb584ef40)
I/GenericSource( 1368): start
D/NuPlayerDriver( 1368): reset(0xb584ef40)
D/NuPlayerDriver( 1368): reset(0xb402f340)
D/NuPlayerDriver( 1368): notifyResetComplete(0xb584ef40)
D/NuPlayerDriver( 1368): notifyResetComplete(0xb402f340)
I/FFmpegExtractor( 1368): android-source:0xb4024d80
D/FFMPEG  ( 1368): android source begin open
D/FFMPEG  ( 1368): android open, url: android-source:0xb4024d80
D/FFMPEG  ( 1368): ffmpeg open android data source success, source ptr: 0xb4024d80
D/FFMPEG  ( 1368): android source open success
I/FFMPEG  ( 1368): Input #0, ogg, from 'android-source:0xb4024d80':
I/FFMPEG  ( 1368):   Duration: 00:00:00.08, start: 0.000000, bitrate: 612 kb/s
I/FFMPEG  ( 1368):     Stream #0:0: Audio: vorbis, 44100 Hz, stereo, fltp, 160 kb/s
I/FFmpegExtractor( 1368): FFmpegExtrator, url: android-source:0xb4024d80, format_name: ogg, format_long_name: Ogg
I/FFmpegExtractor( 1368): list the formats suppoted by ffmpeg: 
I/FFmpegExtractor( 1368): ========================================
I/FFmpegExtractor( 1368): ========================================
I/FFmpegExtractor( 1368): adjust mime(application/ogg -> audio/vorbis)
D/FFmpegExtractor( 1368): suppoted codec(vorbis) by official Stagefright
D/FFMPEG  ( 1368): android source close
I/FFmpegExtractor( 1368): sniff through BetterSniffFFMPEG success
D/FFmpegExtractor( 1368): ffmpeg detected media content as 'audio/vorbis' with confidence 0.08
I/FFmpegExtractor( 1368): android-source:0xb584f940
D/FFMPEG  ( 1368): android source begin open
D/FFMPEG  ( 1368): android open, url: android-source:0xb584f940
D/FFMPEG  ( 1368): ffmpeg open android data source success, source ptr: 0xb584f940
D/FFMPEG  ( 1368): android source open success
I/FFMPEG  ( 1368): Input #0, ogg, from 'android-source:0xb584f940':
I/FFMPEG  ( 1368):   Duration: 00:00:00.29, start: 0.000000, bitrate: 271 kb/s
I/FFMPEG  ( 1368):     Stream #0:0: Audio: vorbis, 44100 Hz, stereo, fltp, 160 kb/s
I/FFmpegExtractor( 1368): FFmpegExtrator, url: android-source:0xb584f940, format_name: ogg, format_long_name: Ogg
I/FFmpegExtractor( 1368): list the formats suppoted by ffmpeg: 
I/FFmpegExtractor( 1368): ========================================
I/FFmpegExtractor( 1368): ========================================
I/FFmpegExtractor( 1368): adjust mime(application/ogg -> audio/vorbis)
D/FFmpegExtractor( 1368): suppoted codec(vorbis) by official Stagefright
D/FFMPEG  ( 1368): android source close
I/FFmpegExtractor( 1368): sniff through BetterSniffFFMPEG success
D/FFmpegExtractor( 1368): ffmpeg detected media content as 'audio/vorbis' with confidence 0.08
D/NuPlayerDriver( 1368): start(0xb584edc0)
I/GenericSource( 1368): start
D/NuPlayerDriver( 1368): start(0xb402f1c0)
I/GenericSource( 1368): start
D/NuPlayerDriver( 1368): reset(0xb584edc0)
D/NuPlayerDriver( 1368): notifyResetComplete(0xb584edc0)
D/GpsLocationProvider( 1538): GPS properties reloaded, size = 8
E/GpsLocationProvider( 1538): no AGPS interface in set_agps_server
