I/ActivityManager( 1539): START u0 {cmp=com.jieshun.jslife/.activity.common.LoadingActivity} from uid 10028 on display 0
V/WindowManager( 1539): addAppToken: AppWindowToken{3cdc4601 token=Token{385b2fe8 ActivityRecord{3c13850b u0 com.jieshun.jslife/.activity.common.LoadingActivity t17}}} to stack=1 task=17 at 1
V/WindowManager( 1539): Adding window Window{1af366e7 u0 com.jieshun.jslife/com.jieshun.jslife.activity.common.LoadingActivity} at 3 of 6 (after Window{14d09f1b u0 com.jieshun.jslife/com.jieshun.jslife.activity.common.WelcomeActivity})
I/ActivityManager( 1539): START u0 {cmp=com.jieshun.jslife/.activity.userinfo.UserLoginActivity} from uid 10028 on display 0
V/WindowManager( 1539): addAppToken: AppWindowToken{33788d32 token=Token{39c6413d ActivityRecord{20a76294 u0 com.jieshun.jslife/.activity.userinfo.UserLoginActivity t17}}} to stack=1 task=17 at 2
V/WindowManager( 1539): Adding window Window{2b8c4bdf u0 com.jieshun.jslife/com.jieshun.jslife.activity.userinfo.UserLoginActivity} at 4 of 7 (after Window{1af366e7 u0 com.jieshun.jslife/com.jieshun.jslife.activity.common.LoadingActivity})
I/ValidateNoPeople( 1539): skipping global notification
I/ValidateNoPeople( 1539): skipping global notification
I/ValidateNoPeople( 1539): skipping global notification
I/ValidateNoPeople( 1539): skipping global notification
V/WindowManager( 1539): not Base app: Adding window Window{2ea27d30 u0 com.jieshun.jslife/com.jieshun.jslife.activity.userinfo.UserLoginActivity} at 3 of 6
I/ActivityManager( 1539): START u0 {cmp=com.jieshun.jslife/.activity.common.MainFragmentActivity (has extras)} from uid 10028 on display 0
V/WindowManager( 1539): addAppToken: AppWindowToken{3bf6303a token=Token{28c7eb65 ActivityRecord{1a6a3c5c u0 com.jieshun.jslife/.activity.common.MainFragmentActivity t17}}} to stack=1 task=17 at 1
V/WindowManager( 1539): Adding window Window{3ecfbaf4 u0 com.jieshun.jslife/com.jieshun.jslife.activity.common.MainFragmentActivity} at 3 of 6 (after Window{2b8c4bdf u0 com.jieshun.jslife/com.jieshun.jslife.activity.userinfo.UserLoginActivity})
V/WindowManager( 1539): Adding window Window{a63748c u0 SurfaceView} at 3 of 7 (before Window{3ecfbaf4 u0 com.jieshun.jslife/com.jieshun.jslife.activity.common.MainFragmentActivity})
I/ActivityManager( 1539): Start proc 7028:com.jieshun.jslife:remote/u0a28 for service com.jieshun.jslife/com.baidu.location.f
W/Zygote  ( 7028): Slow operation: 1125ms so far, now at Zygote.nativeForkAndSpecialize
W/Zygote  ( 7028): Slow operation: 1129ms so far, now at Zygote.postForkCommon
W/Zygote  ( 7028): Slow operation: 1155ms so far, now at zygoteConnection.runOnce: postForkAndSpecialize
V/WindowManager( 1539): not Base app: Adding window Window{24745390 u0 com.jieshun.jslife/com.jieshun.jslife.activity.common.MainFragmentActivity} at 5 of 8
D/WifiService( 1539): New client listening to asynchronous messages
W/ActivityManager( 1539): Launch timeout has expired, giving up wake lock!
I/ActivityManager( 1539): Force stopping com.jieshun.jslife appid=10028 user=0: from pid 7136
I/ActivityManager( 1539): Killing 7028:com.jieshun.jslife:remote/u0a28 (adj 1): stop com.jieshun.jslife
I/libprocessgroup( 1539): Killing pid 7078 in uid 10028 as part of process group 7028
D/WifiService( 1539): Client connection lost with reason: 4
W/ActivityManager( 1539): Scheduling restart of crashed service com.jieshun.jslife/com.baidu.location.f in 1000ms
I/ActivityManager( 1539): Killing 6840:com.jieshun.jslife/u0a28 (adj 0): stop com.jieshun.jslife
I/libprocessgroup( 1539): Killing pid 6877 in uid 10028 as part of process group 6840
W/ActivityManager( 1539): Scheduling restart of crashed service com.jieshun.jslife/.service.BluetoothLeService in 272330ms
W/ActivityManager( 1539): Scheduling restart of crashed service com.jieshun.jslife/.service.NetworkStateService in 1000ms
W/ActivityManager( 1539): Scheduling restart of crashed service com.jieshun.jslife/.service.XMPPService in 11000ms
W/ActivityManager( 1539): Force removing ActivityRecord{1a6a3c5c u0 com.jieshun.jslife/.activity.common.MainFragmentActivity t17}: app died, no saved state
D/WifiService( 1539): Client connection lost with reason: 4
W/WindowManager( 1539): Failed looking up window
W/WindowManager( 1539): java.lang.IllegalArgumentException: Requested window android.os.BinderProxy@2dd25bf does not exist
W/WindowManager( 1539): 	at com.android.server.wm.WindowManagerService.windowForClientLocked(WindowManagerService.java:8561)
W/WindowManager( 1539): 	at com.android.server.wm.WindowManagerService.windowForClientLocked(WindowManagerService.java:8552)
W/WindowManager( 1539): 	at com.android.server.wm.WindowState$DeathRecipient.binderDied(WindowState.java:1142)
W/WindowManager( 1539): 	at android.os.BinderProxy.sendDeathNotice(Binder.java:551)
I/WindowState( 1539): WIN DEATH: null
W/WindowManager( 1539): Failed looking up window
W/WindowManager( 1539): java.lang.IllegalArgumentException: Requested window android.os.BinderProxy@275e64c7 does not exist
W/WindowManager( 1539): 	at com.android.server.wm.WindowManagerService.windowForClientLocked(WindowManagerService.java:8561)
W/WindowManager( 1539): 	at com.android.server.wm.WindowManagerService.windowForClientLocked(WindowManagerService.java:8552)
W/WindowManager( 1539): 	at com.android.server.wm.WindowState$DeathRecipient.binderDied(WindowState.java:1142)
W/WindowManager( 1539): 	at android.os.BinderProxy.sendDeathNotice(Binder.java:551)
I/WindowState( 1539): WIN DEATH: null
I/ActivityManager( 1539):   Force stopping service ServiceRecord{38e345a0 u0 com.jieshun.jslife/.service.BluetoothLeService}
I/ActivityManager( 1539):   Force stopping service ServiceRecord{3035e51e u0 com.jieshun.jslife/.service.NetworkStateService}
W/ActivityManager( 1539): Spurious death for ProcessRecord{2cfeb731 7028:com.jieshun.jslife:remote/u0a28}, curProc for 7028: null
W/InputMethodManagerService( 1539): Got RemoteException sending setActive(false) notification to pid 6840 uid 10028
I/ActivityManager( 1539): START u0 {act=android.intent.action.MAIN cat=[android.intent.category.HOME] flg=0x10200000 cmp=com.android.launcher3/.Launcher} from uid 1000 on display 0
W/WindowManager( 1539): Attempted to remove non-existing token: android.os.Binder@3fed797a
I/ActivityManager( 1539): Force stopping io.appium.uiautomator2.server.test appid=10085 user=-1: uninstall pkg
I/ActivityManager( 1539): Force stopping io.appium.uiautomator2.server.test appid=10085 user=0: pkg removed
D/JobSchedulerService( 1539): Receieved: android.intent.action.PACKAGE_REMOVED
D/BackupManagerService( 1539): Received broadcast Intent { act=android.intent.action.PACKAGE_REMOVED dat=package:io.appium.uiautomator2.server.test flg=0x4000010 (has extras) }
W/ContextImpl( 2044): Calling a method in the system process without a qualified user: android.app.ContextImpl.startService:1692 android.content.ContextWrapper.startService:516 android.content.ContextWrapper.startService:516 com.android.keychain.KeyChainBroadcastReceiver.onReceive:12 android.app.ActivityThread.handleReceiver:2609 
I/ActivityManager( 1539): Force stopping io.appium.uiautomator2.server appid=10084 user=-1: uninstall pkg
I/ActivityManager( 1539): Force stopping io.appium.uiautomator2.server appid=10084 user=0: pkg removed
D/JobSchedulerService( 1539): Receieved: android.intent.action.PACKAGE_REMOVED
D/BackupManagerService( 1539): Received broadcast Intent { act=android.intent.action.PACKAGE_REMOVED dat=package:io.appium.uiautomator2.server flg=0x4000010 (has extras) }
W/ContextImpl( 2044): Calling a method in the system process without a qualified user: android.app.ContextImpl.startService:1692 android.content.ContextWrapper.startService:516 android.content.ContextWrapper.startService:516 com.android.keychain.KeyChainBroadcastReceiver.onReceive:12 android.app.ActivityThread.handleReceiver:2609 
I/NativeHelper( 2162): denglibo call findSupportedAbi! abiList=x86 armeabi-v7a armeabi  packageName=io.appium.uiautomator2.server.test
D/DefContainer( 2162): Copying /data/local/tmp/appium-uiautomator2-server-debug-androidTest.apk to base.apk
I/NativeHelper( 1539): denglibo call findSupportedAbi! abiList=x86 armeabi-v7a armeabi  packageName=io.appium.uiautomator2.server.test
D/PackageManager( 1539): Renaming /data/app/vmdl951960854.tmp to /data/app/io.appium.uiautomator2.server.test-1
I/NativeHelper( 1539): denglibo call findSupportedAbi! abiList=x86 armeabi-v7a armeabi  packageName=io.appium.uiautomator2.server.test
I/PackageManager( 1539): denglibo-copyNativeBinariesForSupportedAbi finish: copyRet = -114
V/BackupManagerService( 1539): restoreAtInstall pkg=io.appium.uiautomator2.server.test token=d restoreSet=0
V/BackupManagerService( 1539): Finishing install immediately
I/NativeHelper( 2162): denglibo call findSupportedAbi! abiList=x86 armeabi-v7a armeabi  packageName=io.appium.uiautomator2.server
D/DefContainer( 2162): Copying /data/local/tmp/appium-uiautomator2-server-v0.1.9.apk to base.apk
I/NativeHelper( 1539): denglibo call findSupportedAbi! abiList=x86 armeabi-v7a armeabi  packageName=io.appium.uiautomator2.server
D/BackupManagerService( 1539): Received broadcast Intent { act=android.intent.action.PACKAGE_ADDED dat=package:io.appium.uiautomator2.server.test flg=0x4000010 (has extras) }
W/BackupManagerService( 1539): Removing schedule queue dupe of io.appium.uiautomator2.server.test
W/VoiceInteractionManagerService( 1539): no available voice recognition services found for user 0
D/PackageManager( 1539): Renaming /data/app/vmdl1509644465.tmp to /data/app/io.appium.uiautomator2.server-1
I/NativeHelper( 1539): denglibo call findSupportedAbi! abiList=x86 armeabi-v7a armeabi  packageName=io.appium.uiautomator2.server
I/PackageManager( 1539): denglibo-copyNativeBinariesForSupportedAbi finish: copyRet = -114
V/BackupManagerService( 1539): restoreAtInstall pkg=io.appium.uiautomator2.server token=e restoreSet=0
V/BackupManagerService( 1539): Finishing install immediately
D/BackupManagerService( 1539): Received broadcast Intent { act=android.intent.action.PACKAGE_ADDED dat=package:io.appium.uiautomator2.server flg=0x4000010 (has extras) }
W/BackupManagerService( 1539): Removing schedule queue dupe of io.appium.uiautomator2.server
W/VoiceInteractionManagerService( 1539): no available voice recognition services found for user 0
I/ActivityManager( 1539): Force stopping io.appium.uiautomator2.server appid=10087 user=-1: uninstall pkg
I/ActivityManager( 1539): Force stopping io.appium.uiautomator2.server appid=10087 user=0: pkg removed
D/JobSchedulerService( 1539): Receieved: android.intent.action.PACKAGE_REMOVED
D/BackupManagerService( 1539): Received broadcast Intent { act=android.intent.action.PACKAGE_REMOVED dat=package:io.appium.uiautomator2.server flg=0x4000010 (has extras) }
W/ContextImpl( 2044): Calling a method in the system process without a qualified user: android.app.ContextImpl.startService:1692 android.content.ContextWrapper.startService:516 android.content.ContextWrapper.startService:516 com.android.keychain.KeyChainBroadcastReceiver.onReceive:12 android.app.ActivityThread.handleReceiver:2609 
I/ActivityManager( 1539): Force stopping io.appium.uiautomator2.server.test appid=10086 user=-1: uninstall pkg
I/ActivityManager( 1539): Force stopping io.appium.uiautomator2.server.test appid=10086 user=0: pkg removed
D/JobSchedulerService( 1539): Receieved: android.intent.action.PACKAGE_REMOVED
D/BackupManagerService( 1539): Received broadcast Intent { act=android.intent.action.PACKAGE_REMOVED dat=package:io.appium.uiautomator2.server.test flg=0x4000010 (has extras) }
W/ContextImpl( 2044): Calling a method in the system process without a qualified user: android.app.ContextImpl.startService:1692 android.content.ContextWrapper.startService:516 android.content.ContextWrapper.startService:516 com.android.keychain.KeyChainBroadcastReceiver.onReceive:12 android.app.ActivityThread.handleReceiver:2609 
I/NativeHelper( 2162): denglibo call findSupportedAbi! abiList=x86 armeabi-v7a armeabi  packageName=io.appium.uiautomator2.server
D/DefContainer( 2162): Copying /data/local/tmp/appium-uiautomator2-server-v0.1.9.apk to base.apk
I/NativeHelper( 1539): denglibo call findSupportedAbi! abiList=x86 armeabi-v7a armeabi  packageName=io.appium.uiautomator2.server
D/PackageManager( 1539): Renaming /data/app/vmdl728353162.tmp to /data/app/io.appium.uiautomator2.server-1
I/NativeHelper( 1539): denglibo call findSupportedAbi! abiList=x86 armeabi-v7a armeabi  packageName=io.appium.uiautomator2.server
I/PackageManager( 1539): denglibo-copyNativeBinariesForSupportedAbi finish: copyRet = -114
V/BackupManagerService( 1539): restoreAtInstall pkg=io.appium.uiautomator2.server token=f restoreSet=0
V/BackupManagerService( 1539): Finishing install immediately
D/BackupManagerService( 1539): Received broadcast Intent { act=android.intent.action.PACKAGE_ADDED dat=package:io.appium.uiautomator2.server flg=0x4000010 (has extras) }
W/BackupManagerService( 1539): Removing schedule queue dupe of io.appium.uiautomator2.server
W/VoiceInteractionManagerService( 1539): no available voice recognition services found for user 0
I/NativeHelper( 2162): denglibo call findSupportedAbi! abiList=x86 armeabi-v7a armeabi  packageName=io.appium.uiautomator2.server.test
D/DefContainer( 2162): Copying /data/local/tmp/appium-uiautomator2-server-debug-androidTest.apk to base.apk
I/NativeHelper( 1539): denglibo call findSupportedAbi! abiList=x86 armeabi-v7a armeabi  packageName=io.appium.uiautomator2.server.test
D/PackageManager( 1539): Renaming /data/app/vmdl448727609.tmp to /data/app/io.appium.uiautomator2.server.test-1
I/NativeHelper( 1539): denglibo call findSupportedAbi! abiList=x86 armeabi-v7a armeabi  packageName=io.appium.uiautomator2.server.test
I/PackageManager( 1539): denglibo-copyNativeBinariesForSupportedAbi finish: copyRet = -114
V/BackupManagerService( 1539): restoreAtInstall pkg=io.appium.uiautomator2.server.test token=10 restoreSet=0
V/BackupManagerService( 1539): Finishing install immediately
D/BackupManagerService( 1539): Received broadcast Intent { act=android.intent.action.PACKAGE_ADDED dat=package:io.appium.uiautomator2.server.test flg=0x4000010 (has extras) }
W/BackupManagerService( 1539): Removing schedule queue dupe of io.appium.uiautomator2.server.test
W/VoiceInteractionManagerService( 1539): no available voice recognition services found for user 0
I/NativeHelper( 2162): denglibo call findSupportedAbi! abiList=x86 armeabi-v7a armeabi  packageName=io.appium.android.ime
D/DefContainer( 2162): Copying /data/local/tmp/UnicodeIME-debug.apk to base.apk
I/NativeHelper( 1539): denglibo call findSupportedAbi! abiList=x86 armeabi-v7a armeabi  packageName=io.appium.android.ime
D/PackageManager( 1539): Renaming /data/app/vmdl638772964.tmp to /data/app/io.appium.android.ime-2
W/PackageManager( 1539): Attempt to re-install io.appium.android.ime without first uninstalling.
I/ActivityManager( 1539): Force stopping com.jieshun.jslife appid=10028 user=0: from pid 7467
I/ActivityManager( 1539): Force stopping com.jieshun.jslife appid=10028 user=0: clear data
I/ActivityManager( 1539): Force stopping com.jieshun.jslife appid=10028 user=0: from pid 7514
I/ActivityManager( 1539): START u0 {act=android.intent.action.MAIN cat=[android.intent.category.LAUNCHER] flg=0x10200000 cmp=com.jieshun.jslife/.activity.common.WelcomeActivity} from uid 0 on display 0
V/WindowManager( 1539): addAppToken: AppWindowToken{360fda6c token=Token{1e45f71f ActivityRecord{f529abe u0 com.jieshun.jslife/.activity.common.WelcomeActivity t18}}} to stack=1 task=18 at 0
I/ActivityManager( 1539): Start proc 7524:com.jieshun.jslife/u0a28 for activity com.jieshun.jslife/.activity.common.WelcomeActivity
D/WifiService( 1539): New client listening to asynchronous messages
V/WindowManager( 1539): Adding window Window{358f56e9 u0 com.jieshun.jslife/com.jieshun.jslife.activity.common.WelcomeActivity} at 2 of 5 (after Window{1c633ef8 u0 com.android.launcher3/com.android.launcher3.Launcher})
I/ActivityManager( 1539): Force stopping com.jieshun.jslife appid=10028 user=0: from pid 7669
I/ActivityManager( 1539): Killing 7524:com.jieshun.jslife/u0a28 (adj 0): stop com.jieshun.jslife
I/libprocessgroup( 1539): Killing pid 7561 in uid 10028 as part of process group 7524
D/WifiService( 1539): Client connection lost with reason: 4
I/WindowState( 1539): WIN DEATH: Window{358f56e9 u0 com.jieshun.jslife/com.jieshun.jslife.activity.common.WelcomeActivity}
W/ActivityManager( 1539): Scheduling restart of crashed service com.jieshun.jslife/.service.NetworkStateService in 1000ms
W/ActivityManager( 1539): Scheduling restart of crashed service com.jieshun.jslife/.service.XMPPService in 11000ms
W/ActivityManager( 1539): Scheduling restart of crashed service com.jieshun.jslife/.service.BluetoothLeService in 11000ms
W/ActivityManager( 1539): Force removing ActivityRecord{f529abe u0 com.jieshun.jslife/.activity.common.WelcomeActivity t18}: app died, no saved state
I/ActivityManager( 1539):   Force stopping service ServiceRecord{33954396 u0 com.jieshun.jslife/.service.BluetoothLeService}
I/ActivityManager( 1539):   Force stopping service ServiceRecord{37a90b04 u0 com.jieshun.jslife/.service.NetworkStateService}
W/ActivityManager( 1539): Spurious death for ProcessRecord{194d70ff 7524:com.jieshun.jslife/u0a28}, curProc for 7524: null
W/InputMethodManagerService( 1539): Got RemoteException sending setActive(false) notification to pid 7524 uid 10028
I/ActivityManager( 1539): Force stopping com.jieshun.jslife appid=10028 user=0: clear data
I/ActivityManager( 1539): Force stopping com.jieshun.jslife appid=10028 user=0: from pid 7697
I/ActivityManager( 1539): START u0 {act=android.intent.action.MAIN cat=[android.intent.category.LAUNCHER] flg=0x10200000 cmp=com.jieshun.jslife/.activity.common.WelcomeActivity} from uid 0 on display 0
V/WindowManager( 1539): addAppToken: AppWindowToken{37fcad91 token=Token{2453bb8 ActivityRecord{27921e1b u0 com.jieshun.jslife/.activity.common.WelcomeActivity t19}}} to stack=1 task=19 at 0
I/ActivityManager( 1539): Start proc 7707:com.jieshun.jslife/u0a28 for activity com.jieshun.jslife/.activity.common.WelcomeActivity
D/WifiService( 1539): New client listening to asynchronous messages
V/WindowManager( 1539): Adding window Window{23e817da u0 com.jieshun.jslife/com.jieshun.jslife.activity.common.WelcomeActivity} at 2 of 5 (after Window{1c633ef8 u0 com.android.launcher3/com.android.launcher3.Launcher})
I/ActivityManager( 1539): START u0 {cmp=com.jieshun.jslife/.activity.common.LoadingActivity} from uid 10028 on display 0
V/WindowManager( 1539): addAppToken: AppWindowToken{13e62b8a token=Token{22f881f5 ActivityRecord{17dbd32c u0 com.jieshun.jslife/.activity.common.LoadingActivity t19}}} to stack=1 task=19 at 1
V/WindowManager( 1539): Adding window Window{14c8f618 u0 com.jieshun.jslife/com.jieshun.jslife.activity.common.LoadingActivity} at 3 of 6 (after Window{23e817da u0 com.jieshun.jslife/com.jieshun.jslife.activity.common.WelcomeActivity})
I/ActivityManager( 1539): START u0 {cmp=com.jieshun.jslife/.activity.userinfo.UserLoginActivity} from uid 10028 on display 0
V/WindowManager( 1539): addAppToken: AppWindowToken{3f6a94a9 token=Token{241c7030 ActivityRecord{95bf973 u0 com.jieshun.jslife/.activity.userinfo.UserLoginActivity t19}}} to stack=1 task=19 at 2
V/WindowManager( 1539): Adding window Window{5288b3a u0 com.jieshun.jslife/com.jieshun.jslife.activity.userinfo.UserLoginActivity} at 4 of 7 (after Window{14c8f618 u0 com.jieshun.jslife/com.jieshun.jslife.activity.common.LoadingActivity})
V/WindowManager( 1539): Adding window Window{1fb14792 u0 PopupWindow:12f7ff84} at 3 of 6 (after Window{5288b3a u0 com.jieshun.jslife/com.jieshun.jslife.activity.userinfo.UserLoginActivity})
V/WindowManager( 1539): Adding window Window{d184ade u0 PopupWindow:78a336d} at 4 of 7 (after Window{1fb14792 u0 PopupWindow:12f7ff84})
V/WindowManager( 1539): Adding window Window{10f96078 u0 PopupWindow:179dbb1c} at 3 of 6 (after Window{5288b3a u0 com.jieshun.jslife/com.jieshun.jslife.activity.userinfo.UserLoginActivity})
V/WindowManager( 1539): Adding window Window{a1cd7b6 u0 PopupWindow:b9e02ab} at 4 of 7 (after Window{10f96078 u0 PopupWindow:179dbb1c})
V/WindowManager( 1539): not Base app: Adding window Window{fb0538d u0 com.jieshun.jslife/com.jieshun.jslife.activity.userinfo.UserLoginActivity} at 3 of 6
I/ActivityManager( 1539): START u0 {cmp=com.jieshun.jslife/.activity.common.MainFragmentActivity (has extras)} from uid 10028 on display 0
V/WindowManager( 1539): addAppToken: AppWindowToken{2366bbbc token=Token{35314baf ActivityRecord{1cdb278e u0 com.jieshun.jslife/.activity.common.MainFragmentActivity t19}}} to stack=1 task=19 at 1
V/WindowManager( 1539): Adding window Window{24689a66 u0 com.jieshun.jslife/com.jieshun.jslife.activity.common.MainFragmentActivity} at 3 of 6 (after Window{5288b3a u0 com.jieshun.jslife/com.jieshun.jslife.activity.userinfo.UserLoginActivity})
V/WindowManager( 1539): Adding window Window{2126903e u0 SurfaceView} at 3 of 7 (before Window{24689a66 u0 com.jieshun.jslife/com.jieshun.jslife.activity.common.MainFragmentActivity})
V/WindowManager( 1539): not Base app: Adding window Window{303c6c84 u0 com.jieshun.jslife/com.jieshun.jslife.activity.common.MainFragmentActivity} at 5 of 8
I/ActivityManager( 1539): Start proc 7888:com.jieshun.jslife:remote/u0a28 for service com.jieshun.jslife/com.baidu.location.f
D/WifiService( 1539): New client listening to asynchronous messages
W/ActivityManager( 1539): Launch timeout has expired, giving up wake lock!
I/ActivityManager( 1539): Force stopping com.jieshun.jslife appid=10028 user=0: from pid 8025
I/ActivityManager( 1539): Killing 7888:com.jieshun.jslife:remote/u0a28 (adj 1): stop com.jieshun.jslife
I/libprocessgroup( 1539): Killing pid 7939 in uid 10028 as part of process group 7888
D/WifiService( 1539): Client connection lost with reason: 4
W/ActivityManager( 1539): Scheduling restart of crashed service com.jieshun.jslife/com.baidu.location.f in 1000ms
I/ActivityManager( 1539): Killing 7707:com.jieshun.jslife/u0a28 (adj 0): stop com.jieshun.jslife
I/libprocessgroup( 1539): Killing pid 7744 in uid 10028 as part of process group 7707
D/WifiService( 1539): Client connection lost with reason: 4
W/ActivityManager( 1539): Scheduling restart of crashed service com.jieshun.jslife/.service.NetworkStateService in 1000ms
W/ActivityManager( 1539): Scheduling restart of crashed service com.jieshun.jslife/.service.XMPPService in 11000ms
W/ActivityManager( 1539): Scheduling restart of crashed service com.jieshun.jslife/.service.BluetoothLeService in 60202ms
W/ActivityManager( 1539): Force removing ActivityRecord{1cdb278e u0 com.jieshun.jslife/.activity.common.MainFragmentActivity t19}: app died, no saved state
I/WindowState( 1539): WIN DEATH: Window{2126903e u0 SurfaceView}
I/WindowState( 1539): WIN DEATH: Window{24689a66 u0 com.jieshun.jslife/com.jieshun.jslife.activity.common.MainFragmentActivity}
I/ActivityManager( 1539):   Force stopping service ServiceRecord{17c3593 u0 com.jieshun.jslife/.service.BluetoothLeService}
I/ActivityManager( 1539):   Force stopping service ServiceRecord{350e7dc9 u0 com.jieshun.jslife/.service.NetworkStateService}
W/ActivityManager( 1539): Spurious death for ProcessRecord{27555d9b 7888:com.jieshun.jslife:remote/u0a28}, curProc for 7888: null
W/ActivityManager( 1539): Spurious death for ProcessRecord{1d62fa2e 7707:com.jieshun.jslife/u0a28}, curProc for 7707: null
I/ActivityManager( 1539): Force stopping com.jieshun.jslife appid=10028 user=0: clear data
W/InputMethodManagerService( 1539): Got RemoteException sending setActive(false) notification to pid 7707 uid 10028
I/ActivityManager( 1539): Force stopping com.jieshun.jslife appid=10028 user=0: from pid 8055
I/ActivityManager( 1539): START u0 {act=android.intent.action.MAIN cat=[android.intent.category.LAUNCHER] flg=0x10200000 cmp=com.jieshun.jslife/.activity.common.WelcomeActivity} from uid 0 on display 0
V/WindowManager( 1539): addAppToken: AppWindowToken{1f77e513 token=Token{2ac87802 ActivityRecord{392ad54d u0 com.jieshun.jslife/.activity.common.WelcomeActivity t20}}} to stack=1 task=20 at 0
I/ActivityManager( 1539): Start proc 8065:com.jieshun.jslife/u0a28 for activity com.jieshun.jslife/.activity.common.WelcomeActivity
D/WifiService( 1539): New client listening to asynchronous messages
V/WindowManager( 1539): Adding window Window{2bee714 u0 com.jieshun.jslife/com.jieshun.jslife.activity.common.WelcomeActivity} at 2 of 5 (after Window{1c633ef8 u0 com.android.launcher3/com.android.launcher3.Launcher})
I/ActivityManager( 1539): START u0 {cmp=com.jieshun.jslife/.activity.common.LoadingActivity} from uid 10028 on display 0
V/WindowManager( 1539): addAppToken: AppWindowToken{2ec1f62 token=Token{2e40fe2d ActivityRecord{29f43d44 u0 com.jieshun.jslife/.activity.common.LoadingActivity t20}}} to stack=1 task=20 at 1
V/WindowManager( 1539): Adding window Window{3199e9b0 u0 com.jieshun.jslife/com.jieshun.jslife.activity.common.LoadingActivity} at 3 of 6 (after Window{2bee714 u0 com.jieshun.jslife/com.jieshun.jslife.activity.common.WelcomeActivity})
I/ActivityManager( 1539): START u0 {cmp=com.jieshun.jslife/.activity.userinfo.UserLoginActivity} from uid 10028 on display 0
V/WindowManager( 1539): addAppToken: AppWindowToken{3ebcdb61 token=Token{11753ec8 ActivityRecord{ee3036b u0 com.jieshun.jslife/.activity.userinfo.UserLoginActivity t20}}} to stack=1 task=20 at 2
V/WindowManager( 1539): Adding window Window{215f2512 u0 com.jieshun.jslife/com.jieshun.jslife.activity.userinfo.UserLoginActivity} at 4 of 7 (after Window{3199e9b0 u0 com.jieshun.jslife/com.jieshun.jslife.activity.common.LoadingActivity})
I/ActivityManager( 1539): START u0 {cmp=com.jieshun.jslife/.activity.userinfo.UserRegisterActivity} from uid 10028 on display 0
V/WindowManager( 1539): addAppToken: AppWindowToken{a36446a token=Token{1147f255 ActivityRecord{3ebb490c u0 com.jieshun.jslife/.activity.userinfo.UserRegisterActivity t20}}} to stack=1 task=20 at 1
V/WindowManager( 1539): Adding window Window{166c3d36 u0 com.jieshun.jslife/com.jieshun.jslife.activity.userinfo.UserRegisterActivity} at 3 of 6 (after Window{215f2512 u0 com.jieshun.jslife/com.jieshun.jslife.activity.userinfo.UserLoginActivity})
V/WindowManager( 1539): Adding window Window{3c01bd0e u0 PopupWindow:28223065} at 4 of 7 (after Window{166c3d36 u0 com.jieshun.jslife/com.jieshun.jslife.activity.userinfo.UserRegisterActivity})
V/WindowManager( 1539): Adding window Window{21a09c1a u0 PopupWindow:146b913a} at 5 of 8 (after Window{3c01bd0e u0 PopupWindow:28223065})
V/WindowManager( 1539): Adding window Window{20bbc7d4 u0 PopupWindow:278f0d92} at 4 of 7 (after Window{166c3d36 u0 com.jieshun.jslife/com.jieshun.jslife.activity.userinfo.UserRegisterActivity})
V/WindowManager( 1539): Adding window Window{133e9472 u0 PopupWindow:3ef77363} at 5 of 8 (after Window{20bbc7d4 u0 PopupWindow:278f0d92})
V/WindowManager( 1539): Adding window Window{1fdd85be u0 PopupWindow:563e2bf} at 4 of 7 (after Window{166c3d36 u0 com.jieshun.jslife/com.jieshun.jslife.activity.userinfo.UserRegisterActivity})
V/WindowManager( 1539): Adding window Window{6683d6c u0 PopupWindow:1957ed8c} at 5 of 8 (after Window{1fdd85be u0 PopupWindow:563e2bf})
V/WindowManager( 1539): not Base app: Adding window Window{398ee53b u0 com.jieshun.jslife/com.jieshun.jslife.activity.userinfo.UserRegisterActivity} at 4 of 7
V/WindowManager( 1539): not Base app: Adding window Window{3bc2b50f u0 com.jieshun.jslife/com.jieshun.jslife.activity.userinfo.UserRegisterActivity} at 4 of 7
V/WindowManager( 1539): not Base app: Adding window Window{cc933d2 u0 com.jieshun.jslife/com.jieshun.jslife.activity.userinfo.UserRegisterActivity} at 4 of 7
I/ActivityManager( 1539): Force stopping com.jieshun.jslife appid=10028 user=0: from pid 8233
I/ActivityManager( 1539): Killing 8065:com.jieshun.jslife/u0a28 (adj 0): stop com.jieshun.jslife
I/libprocessgroup( 1539): Killing pid 8102 in uid 10028 as part of process group 8065
I/WindowState( 1539): WIN DEATH: Window{166c3d36 u0 com.jieshun.jslife/com.jieshun.jslife.activity.userinfo.UserRegisterActivity}
I/WindowState( 1539): WIN DEATH: Window{d40ffff u0 Toast}
I/WindowState( 1539): WIN DEATH: Window{215f2512 u0 com.jieshun.jslife/com.jieshun.jslife.activity.userinfo.UserLoginActivity}
D/WifiService( 1539): Client connection lost with reason: 4
W/ActivityManager( 1539): Scheduling restart of crashed service com.jieshun.jslife/.service.NetworkStateService in 1000ms
W/ActivityManager( 1539): Scheduling restart of crashed service com.jieshun.jslife/.service.XMPPService in 11000ms
W/ActivityManager( 1539): Scheduling restart of crashed service com.jieshun.jslife/.service.BluetoothLeService in 67150ms
W/ActivityManager( 1539): Force removing ActivityRecord{3ebb490c u0 com.jieshun.jslife/.activity.userinfo.UserRegisterActivity t20}: app died, no saved state
I/ActivityManager( 1539):   Force finishing activity 3 ActivityRecord{ee3036b u0 com.jieshun.jslife/.activity.userinfo.UserLoginActivity t20}
I/ActivityManager( 1539):   Force stopping service ServiceRecord{21ea6105 u0 com.jieshun.jslife/.service.BluetoothLeService}
I/ActivityManager( 1539):   Force stopping service ServiceRecord{2a84e38b u0 com.jieshun.jslife/.service.NetworkStateService}
W/ActivityManager( 1539): Spurious death for ProcessRecord{f472686 8065:com.jieshun.jslife/u0a28}, curProc for 8065: null
W/InputMethodManagerService( 1539): Got RemoteException sending setActive(false) notification to pid 8065 uid 10028
I/ActivityManager( 1539): Force stopping com.jieshun.jslife appid=10028 user=0: clear data
W/NotificationService( 1539): Object died trying to hide notification android.app.ITransientNotification$Stub$Proxy@278718cd in package com.jieshun.jslife
I/ActivityManager( 1539): Force stopping com.jieshun.jslife appid=10028 user=0: from pid 8262
I/ActivityManager( 1539): START u0 {act=android.intent.action.MAIN cat=[android.intent.category.LAUNCHER] flg=0x10200000 cmp=com.jieshun.jslife/.activity.common.WelcomeActivity} from uid 0 on display 0
V/WindowManager( 1539): addAppToken: AppWindowToken{2bd83cd0 token=Token{1aea9493 ActivityRecord{39a23582 u0 com.jieshun.jslife/.activity.common.WelcomeActivity t21}}} to stack=1 task=21 at 0
I/ActivityManager( 1539): Start proc 8272:com.jieshun.jslife/u0a28 for activity com.jieshun.jslife/.activity.common.WelcomeActivity
D/WifiService( 1539): New client listening to asynchronous messages
V/WindowManager( 1539): Adding window Window{18dccf3d u0 com.jieshun.jslife/com.jieshun.jslife.activity.common.WelcomeActivity} at 2 of 5 (after Window{1c633ef8 u0 com.android.launcher3/com.android.launcher3.Launcher})
I/ActivityManager( 1539): START u0 {cmp=com.jieshun.jslife/.activity.common.LoadingActivity} from uid 10028 on display 0
V/WindowManager( 1539): addAppToken: AppWindowToken{b65d873 token=Token{e729ce2 ActivityRecord{210501ad u0 com.jieshun.jslife/.activity.common.LoadingActivity t21}}} to stack=1 task=21 at 1
V/WindowManager( 1539): Adding window Window{239d0ba9 u0 com.jieshun.jslife/com.jieshun.jslife.activity.common.LoadingActivity} at 3 of 6 (after Window{18dccf3d u0 com.jieshun.jslife/com.jieshun.jslife.activity.common.WelcomeActivity})
I/ActivityManager( 1539): START u0 {cmp=com.jieshun.jslife/.activity.userinfo.UserLoginActivity} from uid 10028 on display 0
V/WindowManager( 1539): addAppToken: AppWindowToken{3c0d2c06 token=Token{296986e1 ActivityRecord{18836848 u0 com.jieshun.jslife/.activity.userinfo.UserLoginActivity t21}}} to stack=1 task=21 at 2
V/WindowManager( 1539): Adding window Window{2f5c463 u0 com.jieshun.jslife/com.jieshun.jslife.activity.userinfo.UserLoginActivity} at 4 of 7 (after Window{239d0ba9 u0 com.jieshun.jslife/com.jieshun.jslife.activity.common.LoadingActivity})
I/ActivityManager( 1539): START u0 {cmp=com.jieshun.jslife/.activity.userinfo.UserRegisterActivity} from uid 10028 on display 0
V/WindowManager( 1539): addAppToken: AppWindowToken{1b555cdb token=Token{15a551ea ActivityRecord{6fcc5d5 u0 com.jieshun.jslife/.activity.userinfo.UserRegisterActivity t21}}} to stack=1 task=21 at 1
V/WindowManager( 1539): Adding window Window{742ebb7 u0 com.jieshun.jslife/com.jieshun.jslife.activity.userinfo.UserRegisterActivity} at 3 of 6 (after Window{2f5c463 u0 com.jieshun.jslife/com.jieshun.jslife.activity.userinfo.UserLoginActivity})
V/WindowManager( 1539): Adding window Window{3e0d9aaf u0 PopupWindow:1cbd734d} at 4 of 7 (after Window{742ebb7 u0 com.jieshun.jslife/com.jieshun.jslife.activity.userinfo.UserRegisterActivity})
V/WindowManager( 1539): Adding window Window{72332cb u0 PopupWindow:3059be02} at 5 of 8 (after Window{3e0d9aaf u0 PopupWindow:1cbd734d})
V/WindowManager( 1539): Adding window Window{211280fd u0 PopupWindow:1572bf05} at 4 of 7 (after Window{742ebb7 u0 com.jieshun.jslife/com.jieshun.jslife.activity.userinfo.UserRegisterActivity})
V/WindowManager( 1539): Adding window Window{20253043 u0 PopupWindow:1aed0b5a} at 5 of 8 (after Window{211280fd u0 PopupWindow:1572bf05})
--------- beginning of main
I/QueryController( 7496): Matched selector: UiSelector[INSTANCE=0, RESOURCE_ID=com.jieshun.jslife:id/edttxt_login_pwd] <<==>> [android.view.accessibility.AccessibilityNodeInfo@80017074; boundsInParent: Rect(0, 0 - 595, 86); boundsInScreen: Rect(20, 427 - 615, 513); packageName: com.jieshun.jslife; className: android.widget.EditText; text: null; error: null; maxTextLength: 20; contentDescription: null; viewIdResName: com.jieshun.jslife:id/edttxt_login_pwd; checkable: false; checked: false; focusable: true; focused: false; selected: false; clickable: true; longClickable: true; enabled: true; password: true; scrollable: false; actions: [AccessibilityAction: ACTION_FOCUS - null, AccessibilityAction: ACTION_SELECT - null, AccessibilityAction: ACTION_CLEAR_SELECTION - null, AccessibilityAction: ACTION_CLICK - null, AccessibilityAction: ACTION_LONG_CLICK - null, AccessibilityAction: ACTION_ACCESSIBILITY_FOCUS - null]]
D/UiObject( 7496): getText() = 
I/QueryController( 7496): Matched selector: UiSelector[INSTANCE=0, RESOURCE_ID=com.jieshun.jslife:id/edttxt_login_pwd] <<==>> [android.view.accessibility.AccessibilityNodeInfo@80017074; boundsInParent: Rect(0, 0 - 595, 86); boundsInScreen: Rect(20, 427 - 615, 513); packageName: com.jieshun.jslife; className: android.widget.EditText; text: null; error: null; maxTextLength: 20; contentDescription: null; viewIdResName: com.jieshun.jslife:id/edttxt_login_pwd; checkable: false; checked: false; focusable: true; focused: false; selected: false; clickable: true; longClickable: true; enabled: true; password: true; scrollable: false; actions: [AccessibilityAction: ACTION_FOCUS - null, AccessibilityAction: ACTION_SELECT - null, AccessibilityAction: ACTION_CLEAR_SELECTION - null, AccessibilityAction: ACTION_CLICK - null, AccessibilityAction: ACTION_LONG_CLICK - null, AccessibilityAction: ACTION_ACCESSIBILITY_FOCUS - null]]
V/WindowManager( 1539): Adding window Window{17608d9f u0 PopupWindow:24f19b67} at 4 of 7 (after Window{742ebb7 u0 com.jieshun.jslife/com.jieshun.jslife.activity.userinfo.UserRegisterActivity})
E/EGL_adreno( 8272): tid 8318: eglSurfaceAttrib(1266): error 0x3009 (EGL_BAD_MATCH)
W/OpenGLRenderer( 8272): Failed to set EGL_SWAP_BEHAVIOR on surface 0xa2c8b840, error=EGL_BAD_MATCH
D/EGL_adreno( 8272): eglMakeCurrent: 0xadc80340: ver 2 0 (tinfo 0xadc39570)
I/AppiumUnicodeIME( 1742): onFinishInput
I/AppiumUnicodeIME( 1742): onStartInput
V/WindowManager( 1539): Adding window Window{1c45d2b5 u0 PopupWindow:30e2bd14} at 5 of 8 (after Window{17608d9f u0 PopupWindow:24f19b67})
D/EGL_adreno( 8272): eglMakeCurrent: 0xadc80340: ver 2 0 (tinfo 0xadc39570)
D/EGL_adreno( 8272): eglMakeCurrent: 0xadc80340: ver 2 0 (tinfo 0xadc39570)
E/EGL_adreno( 8272): tid 8318: eglSurfaceAttrib(1266): error 0x3009 (EGL_BAD_MATCH)
W/OpenGLRenderer( 8272): Failed to set EGL_SWAP_BEHAVIOR on surface 0xa2eab0a0, error=EGL_BAD_MATCH
D/EGL_adreno( 8272): eglMakeCurrent: 0xadc80340: ver 2 0 (tinfo 0xadc39570)
I/dex2oat ( 8384): /system/bin/dex2oat --instruction-set=x86 --dex-file=/data/data/com.jieshun.jslife/.jiagu/classes.dex --dex-file=/data/data/com.jieshun.jslife/.jiagu/classes2.dex --dex-file=/data/data/com.jieshun.jslife/.jiagu/classes3.dex --oat-file=/data/data/com.jieshun.jslife/.jiagu/classes.oat
E/libnativebridge( 8384): denglibol LoadNativeBridge error! nb_library_filename invalid!
D/EGL_adreno( 8272): eglMakeCurrent: 0xadc80340: ver 2 0 (tinfo 0xadc39570)
W/dex2oat ( 8384): Before Android 4.1, method android.graphics.PorterDuffColorFilter android.support.graphics.drawable.VectorDrawableCompat.updateTintFilter(android.graphics.PorterDuffColorFilter, android.content.res.ColorStateList, android.graphics.PorterDuff$Mode) would have incorrectly overridden the package-private method in android.graphics.drawable.Drawable
W/dex2oat ( 8384): Before Android 4.1, method int android.support.v7.widget.ListViewCompat.lookForSelectablePosition(int, boolean) would have incorrectly overridden the package-private method in android.widget.ListView
W/dex2oat ( 8384): Before Android 4.1, method void com.jieshun.jslife.widgets.SwitchButton.setOnCheckedChangeWidgetListener(android.widget.CompoundButton$OnCheckedChangeListener) would have incorrectly overridden the package-private method in android.widget.CompoundButton
I/AppiumUnicodeIME( 1742): onKeyDown (keyCode='67', event.keyCode='67', metaState='0')
I/AppiumUnicodeIME( 1742): onKeyUp (keyCode='67', event.keyCode='67', metaState='0')
I/QueryController( 7496): Matched selector: UiSelector[INSTANCE=0, RESOURCE_ID=com.jieshun.jslife:id/edttxt_login_pwd] <<==>> [android.view.accessibility.AccessibilityNodeInfo@80017074; boundsInParent: Rect(0, 0 - 595, 86); boundsInScreen: Rect(20, 427 - 615, 513); packageName: com.jieshun.jslife; className: android.widget.EditText; text: null; error: null; maxTextLength: 20; contentDescription: null; viewIdResName: com.jieshun.jslife:id/edttxt_login_pwd; checkable: false; checked: false; focusable: true; focused: true; selected: false; clickable: true; longClickable: true; enabled: true; password: true; scrollable: false; actions: [AccessibilityAction: ACTION_CLEAR_FOCUS - null, AccessibilityAction: ACTION_SELECT - null, AccessibilityAction: ACTION_CLEAR_SELECTION - null, AccessibilityAction: ACTION_CLICK - null, AccessibilityAction: ACTION_LONG_CLICK - null, AccessibilityAction: ACTION_ACCESSIBILITY_FOCUS - null, AccessibilityAction: ACTION_PASTE - null]]
D/UiObject( 7496): getText() = 
I/QueryController( 7496): Matched selector: UiSelector[INSTANCE=0, RESOURCE_ID=com.jieshun.jslife:id/edttxt_login_pwd] <<==>> [android.view.accessibility.AccessibilityNodeInfo@80017074; boundsInParent: Rect(0, 0 - 595, 86); boundsInScreen: Rect(20, 427 - 615, 513); packageName: com.jieshun.jslife; className: android.widget.EditText; text: null; error: null; maxTextLength: 20; contentDescription: null; viewIdResName: com.jieshun.jslife:id/edttxt_login_pwd; checkable: false; checked: false; focusable: true; focused: true; selected: false; clickable: true; longClickable: true; enabled: true; password: true; scrollable: false; actions: [AccessibilityAction: ACTION_CLEAR_FOCUS - null, AccessibilityAction: ACTION_SELECT - null, AccessibilityAction: ACTION_CLEAR_SELECTION - null, AccessibilityAction: ACTION_CLICK - null, AccessibilityAction: ACTION_LONG_CLICK - null, AccessibilityAction: ACTION_ACCESSIBILITY_FOCUS - null, AccessibilityAction: ACTION_PASTE - null]]
D/UiObject( 7496): getText() = 
I/QueryController( 7496): Matched selector: UiSelector[INSTANCE=0, RESOURCE_ID=com.jieshun.jslife:id/edttxt_login_pwd] <<==>> [android.view.accessibility.AccessibilityNodeInfo@80017074; boundsInParent: Rect(0, 0 - 595, 86); boundsInScreen: Rect(20, 427 - 615, 513); packageName: com.jieshun.jslife; className: android.widget.EditText; text: null; error: null; maxTextLength: 20; contentDescription: null; viewIdResName: com.jieshun.jslife:id/edttxt_login_pwd; checkable: false; checked: false; focusable: true; focused: true; selected: false; clickable: true; longClickable: true; enabled: true; password: true; scrollable: false; actions: [AccessibilityAction: ACTION_CLEAR_FOCUS - null, AccessibilityAction: ACTION_SELECT - null, AccessibilityAction: ACTION_CLEAR_SELECTION - null, AccessibilityAction: ACTION_CLICK - null, AccessibilityAction: ACTION_LONG_CLICK - null, AccessibilityAction: ACTION_ACCESSIBILITY_FOCUS - null, AccessibilityAction: ACTION_PASTE - null]]
D/SMACK   ( 8272): 06:29:39 下午 SENT (676557062): <iq id="1OvPH-9" to="openfire-cloud" from="59176cec@openfire-cloud/59176cec" type="get"><ping xmlns='urn:xmpp:ping' /></iq>
D/SMACK   ( 8272): 06:29:39 下午 RCV  (676557062): <iq type="result" id="1OvPH-9" from="openfire-cloud" to="59176cec@openfire-cloud/59176cec"/>
I/AppiumUnicodeIME( 1742): onKeyDown (keyCode='67', event.keyCode='67', metaState='0')
I/AppiumUnicodeIME( 1742): onKeyUp (keyCode='67', event.keyCode='67', metaState='0')
I/AppiumUnicodeIME( 1742): onKeyDown (keyCode='48', event.keyCode='48', metaState='0')
D/EGL_adreno( 8272): eglMakeCurrent: 0xadc80340: ver 2 0 (tinfo 0xadc39570)
I/AppiumUnicodeIME( 1742): onKeyUp (keyCode='48', event.keyCode='48', metaState='0')
I/AppiumUnicodeIME( 1742): onKeyDown (keyCode='33', event.keyCode='33', metaState='0')
D/EGL_adreno( 8272): eglMakeCurrent: 0xadc80340: ver 2 0 (tinfo 0xadc39570)
I/AppiumUnicodeIME( 1742): onKeyUp (keyCode='33', event.keyCode='33', metaState='0')
I/AppiumUnicodeIME( 1742): onKeyDown (keyCode='47', event.keyCode='47', metaState='0')
I/AppiumUnicodeIME( 1742): onKeyUp (keyCode='47', event.keyCode='47', metaState='0')
I/AppiumUnicodeIME( 1742): onKeyDown (keyCode='48', event.keyCode='48', metaState='0')
I/AppiumUnicodeIME( 1742): onKeyUp (keyCode='48', event.keyCode='48', metaState='0')
I/AppiumUnicodeIME( 1742): onKeyDown (keyCode='8', event.keyCode='8', metaState='0')
I/AppiumUnicodeIME( 1742): onKeyUp (keyCode='8', event.keyCode='8', metaState='0')
I/AppiumUnicodeIME( 1742): onKeyDown (keyCode='9', event.keyCode='9', metaState='0')
I/AppiumUnicodeIME( 1742): onKeyUp (keyCode='9', event.keyCode='9', metaState='0')
I/AppiumUnicodeIME( 1742): onKeyDown (keyCode='10', event.keyCode='10', metaState='0')
I/AppiumUnicodeIME( 1742): onKeyUp (keyCode='10', event.keyCode='10', metaState='0')
I/AppiumUnicodeIME( 1742): onKeyDown (keyCode='11', event.keyCode='11', metaState='0')
I/AppiumUnicodeIME( 1742): onKeyUp (keyCode='11', event.keyCode='11', metaState='0')
I/QueryController( 7496): Matched selector: UiSelector[INSTANCE=0, RESOURCE_ID=com.jieshun.jslife:id/btn_user_register] <<==>> [android.view.accessibility.AccessibilityNodeInfo@80015daf; boundsInParent: Rect(0, 0 - 680, 86); boundsInScreen: Rect(20, 670 - 700, 756); packageName: com.jieshun.jslife; className: android.widget.Button; text: 完成注册; error: null; maxTextLength: -1; contentDescription: null; viewIdResName: com.jieshun.jslife:id/btn_user_register; checkable: false; checked: false; focusable: true; focused: false; selected: false; clickable: true; longClickable: false; enabled: true; password: false; scrollable: false; actions: [AccessibilityAction: ACTION_FOCUS - null, AccessibilityAction: ACTION_SELECT - null, AccessibilityAction: ACTION_CLEAR_SELECTION - null, AccessibilityAction: ACTION_CLICK - null, AccessibilityAction: ACTION_ACCESSIBILITY_FOCUS - null, AccessibilityAction: ACTION_NEXT_AT_MOVEMENT_GRANULARITY - null, AccessibilityAction: ACTION_PREVIOUS_AT_MOVEMENT_GRANULARITY - null, AccessibilityAction: ACTION_SET_SELECTION - null]]
I/QueryController( 7496): Matched selector: UiSelector[INSTANCE=0, RESOURCE_ID=com.jieshun.jslife:id/btn_user_register] <<==>> [android.view.accessibility.AccessibilityNodeInfo@80015daf; boundsInParent: Rect(0, 0 - 680, 86); boundsInScreen: Rect(20, 670 - 700, 756); packageName: com.jieshun.jslife; className: android.widget.Button; text: 完成注册; error: null; maxTextLength: -1; contentDescription: null; viewIdResName: com.jieshun.jslife:id/btn_user_register; checkable: false; checked: false; focusable: true; focused: false; selected: false; clickable: true; longClickable: false; enabled: true; password: false; scrollable: false; actions: [AccessibilityAction: ACTION_FOCUS - null, AccessibilityAction: ACTION_SELECT - null, AccessibilityAction: ACTION_CLEAR_SELECTION - null, AccessibilityAction: ACTION_CLICK - null, AccessibilityAction: ACTION_ACCESSIBILITY_FOCUS - null, AccessibilityAction: ACTION_NEXT_AT_MOVEMENT_GRANULARITY - null, AccessibilityAction: ACTION_PREVIOUS_AT_MOVEMENT_GRANULARITY - null, AccessibilityAction: ACTION_SET_SELECTION - null]]
D/EGL_adreno( 8272): eglMakeCurrent: 0xadc80340: ver 2 0 (tinfo 0xadc39570)
I/QueryController( 7496): Matched selector: UiSelector[INSTANCE=0, RESOURCE_ID=com.jieshun.jslife:id/btn_user_register] <<==>> [android.view.accessibility.AccessibilityNodeInfo@80015daf; boundsInParent: Rect(0, 0 - 680, 86); boundsInScreen: Rect(20, 670 - 700, 756); packageName: com.jieshun.jslife; className: android.widget.Button; text: 完成注册; error: null; maxTextLength: -1; contentDescription: null; viewIdResName: com.jieshun.jslife:id/btn_user_register; checkable: false; checked: false; focusable: true; focused: false; selected: false; clickable: true; longClickable: false; enabled: true; password: false; scrollable: false; actions: [AccessibilityAction: ACTION_FOCUS - null, AccessibilityAction: ACTION_SELECT - null, AccessibilityAction: ACTION_CLEAR_SELECTION - null, AccessibilityAction: ACTION_CLICK - null, AccessibilityAction: ACTION_ACCESSIBILITY_FOCUS - null, AccessibilityAction: ACTION_NEXT_AT_MOVEMENT_GRANULARITY - null, AccessibilityAction: ACTION_PREVIOUS_AT_MOVEMENT_GRANULARITY - null, AccessibilityAction: ACTION_SET_SELECTION - null]]
D/InteractionController( 7496): clickAndSync(360, 713)
E/tag     ( 8272): 注册时设置的登陆密码---->test1234
D/AudioTrack( 1539): use orig AudioTrack! mIsTimed=0 transferType=0 flags=4
D/ld_audio_hw( 1368): ld_start_output_stream, stream=0xb584a660, sampleRate =44100, channel=2, bps=16, bufSize=2048
V/WindowManager( 1539): not Base app: Adding window Window{d800dd8 u0 com.jieshun.jslife/com.jieshun.jslife.activity.userinfo.UserRegisterActivity} at 4 of 7
I/JSLIFE  ( 8272): A1b852863a
D/http    ( 8272): 注册 HTTP请求 Url: http://jsh.jslife.com.cn/jslife-service/user/register 
D/http    ( 8272): 参数：{"appVersion":"V3.2.2","deviceId":"865166026808918","lat":"","lng":"","opfResource":"A1b852863a","osType":"ANDROID","password":"test1234","userCode":"13632836691","userType":"APP","vertificationCode":"1234","bizSource":"APP_ANDROID","bizType":"JSLIFE"}
E/EGL_adreno( 8272): tid 8318: eglSurfaceAttrib(1266): error 0x3009 (EGL_BAD_MATCH)
W/OpenGLRenderer( 8272): Failed to set EGL_SWAP_BEHAVIOR on surface 0xa2c8a0a0, error=EGL_BAD_MATCH
D/EGL_adreno( 8272): eglMakeCurrent: 0xadc80340: ver 2 0 (tinfo 0xadc39570)
D/EGL_adreno( 8272): eglMakeCurrent: 0xadc80340: ver 2 0 (tinfo 0xadc39570)
I/AppiumUnicodeIME( 1742): onFinishInput
I/AppiumUnicodeIME( 1742): onStartInput
D/EGL_adreno( 8272): eglMakeCurrent: 0xadc80340: ver 2 0 (tinfo 0xadc39570)
D/EGL_adreno( 8272): eglMakeCurrent: 0xadc80340: ver 2 0 (tinfo 0xadc39570)
I/http    ( 8272): 
I/http    ( 8272): 注册 HTTP 返回：{"resultCode":"2239","message":"已经被注册过","obj":null,"seqId":"73820d519a064fc0bc7f8c0bc0aefc5a","token":null,"userId":null,"right":false}
D/EGL_adreno( 8272): eglMakeCurrent: 0xadc80340: ver 2 0 (tinfo 0xadc39570)
W/System.err( 8272): java.lang.Exception: denglibo Toast callstack! strTip=已经被注册过
W/System.err( 8272): 	at android.widget.Toast.show(Toast.java:127)
W/System.err( 8272): 	at util.T.showShort(T.java:33)
W/System.err( 8272): 	at com.jieshun.jslife.activity.userinfo.UserRegisterActivity$3.SuccessAction(UserRegisterActivity.java:371)
W/System.err( 8272): 	at httpClient.HttpClient$1.onJsonResponse(HttpClient.java:63)
W/System.err( 8272): 	at httpClient.OkHttpJsonCallback.onResponse(OkHttpJsonCallback.java:31)
W/System.err( 8272): 	at httpClient.OkHttpJsonCallback.onResponse(OkHttpJsonCallback.java:18)
W/System.err( 8272): 	at com.lzy.okhttputils.request.BaseRequest$4.run(BaseRequest.java:514)
W/System.err( 8272): 	at android.os.Handler.handleCallback(Handler.java:739)
W/System.err( 8272): 	at android.os.Handler.dispatchMessage(Handler.java:95)
W/System.err( 8272): 	at android.os.Looper.loop(Looper.java:135)
W/System.err( 8272): 	at android.app.ActivityThread.main(ActivityThread.java:5254)
W/System.err( 8272): 	at java.lang.reflect.Method.invoke(Native Method)
W/System.err( 8272): 	at java.lang.reflect.Method.invoke(Method.java:372)
W/System.err( 8272): 	at com.android.internal.os.ZygoteInit$MethodAndArgsCaller.run(ZygoteInit.java:905)
W/System.err( 8272): 	at com.android.internal.os.ZygoteInit.main(ZygoteInit.java:700)
I/AppiumUnicodeIME( 1742): onFinishInput
I/AppiumUnicodeIME( 1742): onStartInput
D/EGL_adreno( 8272): eglMakeCurrent: 0xadc80340: ver 2 0 (tinfo 0xadc39570)
