E/GpsLocationProvider( 1538): no GPS configuration interface in configuraiton_update
D/GpsLocationProvider( 1538): final config = #Mon Sep 03 17:34:21 GMT+08:00 2018
D/GpsLocationProvider( 1538): SUPL_VER=0x20000
D/GpsLocationProvider( 1538): SUPL_HOST=supl.google.com
D/GpsLocationProvider( 1538): XTRA_SERVER_3=http\://xtra3.gpsonextra.net/xtra.bin
D/GpsLocationProvider( 1538): XTRA_SERVER_1=http\://xtra1.gpsonextra.net/xtra.bin
D/GpsLocationProvider( 1538): SUPL_PORT=7275
D/GpsLocationProvider( 1538): XTRA_SERVER_2=http\://xtra2.gpsonextra.net/xtra.bin
D/GpsLocationProvider( 1538): NTP_SERVER=north-america.pool.ntp.org
D/GpsLocationProvider( 1538): SUPL_MODE=1
W/LocationManagerService( 1538): no network location provider found
D/NuPlayerDriver( 1368): reset(0xb402f1c0)
D/NuPlayerDriver( 1368): notifyResetComplete(0xb402f1c0)
I/art     ( 1627): System.exit called, status: 0
I/AndroidRuntime( 1627): VM exiting with result code 0, cleanup skipped.
E/LocationManagerService( 1538): no geocoder provider found
E/FlpHardwareProvider( 1538): Error hw_get_module 'flp': -2
E/LocationManagerService( 1538): FLP HAL not supported
E/LocationManagerService( 1538): Unable to bind FLP Geofence proxy.
E/ActivityRecognitionHardware( 1538): Error hw_get_module: -2
E/LocationManagerService( 1538): Hardware Activity-Recognition not supported.
I/FFmpegExtractor( 1368): android-source:0xb584f8c0
D/FFMPEG  ( 1368): android source begin open
D/FFMPEG  ( 1368): android open, url: android-source:0xb584f8c0
D/FFMPEG  ( 1368): ffmpeg open android data source success, source ptr: 0xb584f8c0
D/FFMPEG  ( 1368): android source open success
I/FFMPEG  ( 1368): Input #0, ogg, from 'android-source:0xb584f8c0':
I/gps_ld  ( 1538): serial_gps_init: called
I/gps_ld  ( 1538): gps_callback_command_init: called
I/gps_ld  ( 1538): GpsHost::init
E/GpsLocationProvider( 1538): no AGPS interface in set_agps_server
I/FFMPEG  ( 1368):   Duration: 00:00:00.11, start: 0.000000, bitrate: 477 kb/s
I/FFMPEG  ( 1368):     Stream #0:0: Audio: vorbis, 44100 Hz, stereo, fltp, 160 kb/s
I/FFmpegExtractor( 1368): FFmpegExtrator, url: android-source:0xb584f8c0, format_name: ogg, format_long_name: Ogg
I/FFmpegExtractor( 1368): list the formats suppoted by ffmpeg: 
I/FFmpegExtractor( 1368): ========================================
I/FFmpegExtractor( 1368): ========================================
I/FFmpegExtractor( 1368): adjust mime(application/ogg -> audio/vorbis)
D/FFmpegExtractor( 1368): suppoted codec(vorbis) by official Stagefright
D/FFMPEG  ( 1368): android source close
I/FFmpegExtractor( 1368): sniff through BetterSniffFFMPEG success
D/FFmpegExtractor( 1368): ffmpeg detected media content as 'audio/vorbis' with confidence 0.08
I/        ( 1538): fastpipe: Connect success
D/gps_ld  ( 1538): GPS call-back thread startup
D/NuPlayerDriver( 1368): start(0xb584eca0)
I/GenericSource( 1368): start
D/TelephonyManager( 1538): getDataEnabled: retVal=false
I/gps_ld  ( 1538): GpsHost::recv NewLocation 39.915000, 116.404000
D/gps_ld  ( 1538):  gps_on_location latitude = 39.915000, longitude = 116.404000 
E/ProbeModule( 1710): insmod: Failed to load module file [/system/lib/modules/4.0.9-android-x86/kernel/net/wireless/cfg80211.ko]
E/ProbeModule( 1710): insmod_by_dep: cannot load module: [netdev-wlan0]
I/CommonTimeManagementService( 1538): No common time service detected on this platform.  Common time services will be unavailable.
D/NuPlayerDriver( 1368): reset(0xb584eca0)
D/NuPlayerDriver( 1368): notifyResetComplete(0xb584eca0)
E/ProbeModule( 1861): insmod_by_dep: cannot load module: [wlan0]
I/ActivityManager( 1538): Start proc 1863:com.android.phone/1001 for content provider com.android.providers.telephony/.TelephonyProvider
I/MmsServiceBroker( 1538): Delay connecting to MmsService until an API is called
W/VoiceInteractionManagerService( 1538): no available voice interaction services found for user 0
W/VoiceInteractionManagerService( 1538): no available voice recognition services found for user 0
I/InputReader( 1538): Reconfiguring input devices.  changes=0x00000020
E/ProbeModule( 1865): insmod: Failed to load module file [/system/lib/modules/4.0.9-android-x86/kernel/net/wireless/cfg80211.ko]
E/ProbeModule( 1865): insmod_by_dep: cannot load module: [netdev-wlan0]
I/FFmpegExtractor( 1368): android-source:0xb584f980
D/FFMPEG  ( 1368): android source begin open
D/FFMPEG  ( 1368): android open, url: android-source:0xb584f980
D/FFMPEG  ( 1368): ffmpeg open android data source success, source ptr: 0xb584f980
D/FFMPEG  ( 1368): android source open success
I/FFMPEG  ( 1368): Input #0, ogg, from 'android-source:0xb584f980':
I/FFMPEG  ( 1368):   Duration: 00:00:00.07, start: 0.000000, bitrate: 683 kb/s
I/FFMPEG  ( 1368):     Stream #0:0: Audio: vorbis, 44100 Hz, stereo, fltp, 160 kb/s
I/FFmpegExtractor( 1368): FFmpegExtrator, url: android-source:0xb584f980, format_name: ogg, format_long_name: Ogg
I/FFmpegExtractor( 1368): list the formats suppoted by ffmpeg: 
I/FFmpegExtractor( 1368): ========================================
I/FFmpegExtractor( 1368): ========================================
I/FFmpegExtractor( 1368): adjust mime(application/ogg -> audio/vorbis)
D/FFmpegExtractor( 1368): suppoted codec(vorbis) by official Stagefright
D/FFMPEG  ( 1368): android source close
I/FFmpegExtractor( 1368): sniff through BetterSniffFFMPEG success
D/FFmpegExtractor( 1368): ffmpeg detected media content as 'audio/vorbis' with confidence 0.08
D/NuPlayerDriver( 1368): start(0xb584ef40)
I/GenericSource( 1368): start
E/ProbeModule( 1872): insmod_by_dep: cannot load module: [wlan0]
D/libnativebridge( 1863): call UnloadNativeBridge! state=1
D/NuPlayerDriver( 1368): reset(0xb584ef40)
I/ActivityManager( 1538): Start proc 1875:com.android.emu.coreservice/u0a16 for added application com.android.emu.coreservice
D/NuPlayerDriver( 1368): notifyResetComplete(0xb584ef40)
D/libnativebridge( 1875): call UnloadNativeBridge! state=1
I/InputReader( 1538): Reconfiguring input devices.  changes=0x00000010
I/FFmpegExtractor( 1368): android-source:0xb584f5c0
D/FFMPEG  ( 1368): android source begin open
D/FFMPEG  ( 1368): android open, url: android-source:0xb584f5c0
D/FFMPEG  ( 1368): ffmpeg open android data source success, source ptr: 0xb584f5c0
D/FFMPEG  ( 1368): android source open success
E/ProbeModule( 1884): insmod: Failed to load module file [/system/lib/modules/4.0.9-android-x86/kernel/net/wireless/cfg80211.ko]
I/FFMPEG  ( 1368): Input #0, ogg, from 'android-source:0xb584f5c0':
I/FFMPEG  ( 1368):   Duration: 00:00:00.18, start: 0.000000, bitrate: 431 kb/s
I/FFMPEG  ( 1368):     Stream #0:0: Audio: vorbis, 44100 Hz, mono, fltp, 239 kb/s
I/FFMPEG  ( 1368):     Metadata:
I/FFMPEG  ( 1368):       ARTIST          : Copyright 2013 Android Open Source Project
I/FFmpegExtractor( 1368): FFmpegExtrator, url: android-source:0xb584f5c0, format_name: ogg, format_long_name: Ogg
I/FFmpegExtractor( 1368): list the formats suppoted by ffmpeg: 
I/FFmpegExtractor( 1368): ========================================
I/FFmpegExtractor( 1368): ========================================
I/FFmpegExtractor( 1368): adjust mime(application/ogg -> audio/vorbis)
D/FFmpegExtractor( 1368): suppoted codec(vorbis) by official Stagefright
D/FFMPEG  ( 1368): android source close
I/FFmpegExtractor( 1368): sniff through BetterSniffFFMPEG success
D/FFmpegExtractor( 1368): ffmpeg detected media content as 'audio/vorbis' with confidence 0.08
E/ProbeModule( 1884): insmod_by_dep: cannot load module: [netdev-wlan0]
I/ActivityManager( 1538): Start proc 1902:com.android.phone/1001 for added application com.android.phone
I/ActivityManager( 1538): START u0 {act=android.intent.action.MAIN cat=[android.intent.category.HOME] flg=0x10000000 cmp=com.android.launcher3/.Launcher} from uid 0 on display 0
D/NuPlayerDriver( 1368): start(0xb402f340)
I/GenericSource( 1368): start
D/NuPlayerDriver( 1368): reset(0xb402f340)
E/ProbeModule( 1914): insmod_by_dep: cannot load module: [wlan0]
D/NuPlayerDriver( 1368): notifyResetComplete(0xb402f340)
E/ProbeModule( 1926): insmod: Failed to load module file [/system/lib/modules/4.0.9-android-x86/kernel/net/wireless/cfg80211.ko]
V/WindowManager( 1538): addAppToken: AppWindowToken{7beb5d1 token=Token{da53cf8 ActivityRecord{2cd85c5b u0 com.android.launcher3/.Launcher t1}}} to stack=0 task=1 at 0
E/ProbeModule( 1926): insmod_by_dep: cannot load module: [netdev-wlan0]
D/libnativebridge( 1902): call UnloadNativeBridge! state=1
I/ActivityManager( 1538): Start proc 1931:com.android.launcher3/u0a20 for activity com.android.launcher3/.Launcher
W/ActivityManager( 1538): No pending application record for pid 1863 (IApplicationThread android.app.ApplicationThreadProxy@183f4836); dropping process
V/ActivityManager( 1538): Display changed displayId=0
V/ActivityManager( 1538): Display changed displayId=0
W/art     ( 1538): Long monitor contention event with owner method=void com.android.server.am.ActivityManagerService.systemReady(java.lang.Runnable) from ActivityManagerService.java:11425 waiters=0 for 117ms
D/WifiScanningService( 1538): SCAN_AVAILABLE : 1
D/RttService( 1538): SCAN_AVAILABLE : 1
D/WifiScanningService( 1538): DefaultState got{ when=0 what=160007 target=com.android.internal.util.StateMachine$SmHandler }
D/RttService( 1538): DefaultState got{ when=0 what=160513 target=com.android.internal.util.StateMachine$SmHandler }
E/ProbeModule( 1929): insmod_by_dep: cannot load module: [wlan0]
W/CommandListener( 1364): Failed to retrieve HW addr for wlan0 (No such device)
E/NetdConnector( 1538): NDC Command {18 interface getcfg wlan0} took too long (1216ms)
D/CommandListener( 1364): Setting iface cfg
D/libnativebridge( 1931): call UnloadNativeBridge! state=1
I/art     ( 1372): Explicit concurrent mark sweep GC freed 703(30KB) AllocSpace objects, 0(0B) LOS objects, 40% free, 7MB/12MB, paused 98us total 24.402ms
I/Choreographer( 1538): Skipped 98 frames!  The application may be doing too much work on its main thread.
I/art     ( 1372): Explicit concurrent mark sweep GC freed 5(160B) AllocSpace objects, 0(0B) LOS objects, 40% free, 7MB/12MB, paused 137us total 6.072ms
E/ProbeModule( 1939): insmod: Failed to load module file [/system/lib/modules/4.0.9-android-x86/kernel/net/wireless/cfg80211.ko]
E/ProbeModule( 1939): insmod_by_dep: cannot load module: [netdev-wlan0]
I/art     ( 1372): Explicit concurrent mark sweep GC freed 5(160B) AllocSpace objects, 0(0B) LOS objects, 40% free, 7MB/12MB, paused 110us total 10.061ms
E/ProbeModule( 1958): insmod_by_dep: cannot load module: [wlan0]
E/WifiStateMachine( 1538): Unable to change interface settings: java.lang.IllegalStateException: command '19 interface setcfg wlan0 0.0.0.0 0 down' failed with '400 19 Failed to set address (No such device)'
D/WifiMonitor( 1538): denglibo killSupplicant! p2pSupported=false
E/WifiMonitor( 1538): killSupplicant p2pfalse init.svc.wpa_supplicant=unknown init.svc.p2p_supplicant=unknown
D/WifiMonitor( 1538): startMonitoring(wlan0) with mConnected = false
D/AlarmManagerService( 1538): Setting time of day to sec=1535967267
I/Telecom ( 1538): TelecomGlobals: TelecomGlobals initializing
I/ActivityManager( 1538): Start proc 1963:android.process.acore/u0a1 for content provider com.android.providers.contacts/.CallLogProvider
D/WifiConfigStore( 1538): Loading config and enabling all networks 
W/LdWifi  ( 1538): denglibo wifi command unkown!!! cmd=IFNAME=wlan0 GET_NETWORK 0 wep_key0
W/LdWifi  ( 1538): denglibo wifi command unkown!!! cmd=IFNAME=wlan0 GET_NETWORK 0 wep_key1
W/LdWifi  ( 1538): denglibo wifi command unkown!!! cmd=IFNAME=wlan0 GET_NETWORK 0 wep_key2
W/LdWifi  ( 1538): denglibo wifi command unkown!!! cmd=IFNAME=wlan0 GET_NETWORK 0 wep_key3
W/LdWifi  ( 1538): denglibo wifi command unkown!!! cmd=IFNAME=wlan0 GET_NETWORK 0 psk
W/LdWifi  ( 1538): denglibo wifi command unkown!!! cmd=IFNAME=wlan0 GET_NETWORK 0 auth_alg
W/LdWifi  ( 1538): denglibo wifi command unkown!!! cmd=IFNAME=wlan0 GET_NETWORK 0 eap
W/LdWifi  ( 1538): denglibo wifi command unkown!!! cmd=IFNAME=wlan0 GET_NETWORK 0 phase2
W/LdWifi  ( 1538): denglibo wifi command unkown!!! cmd=IFNAME=wlan0 GET_NETWORK 0 identity
W/LdWifi  ( 1538): denglibo wifi command unkown!!! cmd=IFNAME=wlan0 GET_NETWORK 0 anonymous_identity
W/LdWifi  ( 1538): denglibo wifi command unkown!!! cmd=IFNAME=wlan0 GET_NETWORK 0 password
W/LdWifi  ( 1538): denglibo wifi command unkown!!! cmd=IFNAME=wlan0 GET_NETWORK 0 client_cert
W/LdWifi  ( 1538): denglibo wifi command unkown!!! cmd=IFNAME=wlan0 GET_NETWORK 0 ca_cert
W/LdWifi  ( 1538): denglibo wifi command unkown!!! cmd=IFNAME=wlan0 GET_NETWORK 0 subject_match
W/LdWifi  ( 1538): denglibo wifi command unkown!!! cmd=IFNAME=wlan0 GET_NETWORK 0 key_id
W/LdWifi  ( 1538): denglibo wifi command unkown!!! cmd=IFNAME=wlan0 GET_NETWORK 0 private_key
D/libnativebridge( 1963): call UnloadNativeBridge! state=1
D/BluetoothManagerService( 1538): Trying to bind to profile: 1, while Bluetooth was disabled
D/BluetoothManagerService( 1538): Message: 30
E/SQLiteLog( 1720): (283) recovered 1 frames from WAL file /data/data/com.android.providers.media/databases/external.db-wal
I/Telecom ( 1538): TelecomGlobals: CallsManager initialized
W/ContextImpl( 1538): Calling a method in the system process without a qualified user: android.app.ContextImpl.startService:1692 android.content.ContextWrapper.startService:516 com.android.server.telecom.BluetoothPhoneService.start:440 com.android.server.telecom.TelecomGlobals.initialize:93 com.android.server.telecom.TelecomService.onCreate:164 
D/ZenLog  ( 1538): downtime: Autotrigger skipped: not in downtime
D/Tethering( 1538): MasterInitialState.processMessage what=3
W/ResourcesManager( 1538): Asset path '/system/framework/com.android.location.provider.jar' does not exist or contains no resources.
D/Launcher.LauncherProvider( 1931): 11683562 - initializeMaxScreenId(): 3
V/Launcher( 1931): LauncherAppState inited
E/WifiConfigStore( 1538): Error parsing configuration: java.io.FileNotFoundException: /data/misc/wifi/ipconfig.txt: open failed: ENOENT (No such file or directory)
D/WifiNative-HAL( 1538): Setting external_sim to 1
D/WifiStateMachine( 1538): Setting OUI to DA-A1-19
I/WifiNative-HAL( 1538): startHal
E/wifi    ( 1538): getStaticLongField sWifiHalHandle 0xa00e389c
D/wifi    ( 1538): halHandle = 0x0, mVM = 0xb3c4d280, mCls = 0x100d92
I/WifiNative-HAL( 1538): Could not start hal
W/WindowManager( 1538): Window freeze timeout expired.
W/WindowManager( 1538): Force clearing orientation change: Window{2784430b u0 KeyguardScrim}
I/WifiNative-HAL( 1538): startHal
E/WifiStateMachine( 1538): cancelDelayedScan -> 1
E/native  ( 1538): do suspend false
D/GpsNetInitiatedHandler( 1538): location enabled :true
D/WIFI    ( 1538): Registering NetworkFactory
D/WIFI_UT ( 1538): Registering NetworkFactory
D/ConnectivityService( 1538): Got NetworkFactory Messenger for WIFI
I/WifiNative-HAL( 1538): startHal
D/ConnectivityService( 1538): Got NetworkFactory Messenger for WIFI_UT
V/WiredAccessoryManager( 1538): notifyWiredAccessoryChanged: when=0 bits= mask=54
V/WiredAccessoryManager( 1538): newName=h2w newState=0 headsetState=0 prev headsetState=0
E/WiredAccessoryManager( 1538): No state change.
V/WiredAccessoryManager( 1538): init()
E/WifiStateMachine( 1538): denglibo mScanResults.size=1
E/WifiConfigStore( 1538):  rewrite network history for "wireless"NONE
D/WIFI    ( 1538): got request NetworkRequest [ id=1, legacyType=-1, [ Capabilities: INTERNET&NOT_RESTRICTED&TRUSTED&NOT_VPN] ] with score 50
D/WIFI_UT ( 1538): got request NetworkRequest [ id=1, legacyType=-1, [ Capabilities: INTERNET&NOT_RESTRICTED&TRUSTED&NOT_VPN] ] with score 50
I/EmuCoreService( 1875): Broadcast action = android.intent.action.TOP_ACTIVITY_CHANGED
I/EmuCoreService( 1875): CoreService create!
I/EmuCoreService( 1875): HostService Init inited = false
I/EmuCoreService( 1875): HostService Init inited = true
I/EmuCoreService( 1875):  Listener running !
I/        ( 1875): fastpipe: Connect success
W/AppWidgetServiceImpl( 1538): Failed to read state: java.io.FileNotFoundException: /data/system/users/0/appwidgets.xml: open failed: ENOENT (No such file or directory)
V/AppWidgetServiceImpl( 1538): Upgrading widget database from 0 to 1
D/BluetoothManagerService( 1538): Message: 300
D/TelephonyProvider( 1902): dbh.onOpen: ok, queried table=siminfo
D/TelephonyProvider( 1902): dbh.onOpen: ok, queried table=carriers
D/BluetoothManagerService( 1538): MESSAGE_USER_SWITCHED
E/GpsLocationProvider( 1538): No APN found to select.
D/PermissionCache( 1362): checking android.permission.HARDWARE_TEST for uid=1000 => granted (168 us)
D/BlueZ   ( 1368): external/bluetooth/bluez/android/hal-audio.c:audio_set_mic_mute() 
D/VolumeUI( 1642): Registering volume controller
I/PackageManager( 1538): Package doesn't exist in get block uninstall com.android.good.miner
W/ActivityManager( 1538): Unable to start service Intent { cmp=com.android.printspooler/.model.PrintSpoolerService } U=0: not found
V/BackupManagerService( 1538): Connected to transport ComponentInfo{android/com.android.internal.backup.LocalTransportService}
V/BackupManagerService( 1538): Registering transport android/com.android.internal.backup.LocalTransportService::android/com.android.internal.backup.LocalTransport = android.app.backup.BackupTransport$TransportImpl@f2375ef
I/Choreographer( 1538): Skipped 49 frames!  The application may be doing too much work on its main thread.
I/HostConnection( 1362): HostConnection::HostConnection: pid=1362, tid=1624, this=0xb69ec0b0
I/        ( 1362): fastpipe: Connect success
D/HostConnection( 1362): HostRPC::connect sucess: app=/system/bin/surfaceflinger, pid=1362, tid=1624, this=0xb6afe000
D/HostConnection( 1362): queryAndSetGLESMaxVersion select gles-version: 2.0 hostGLVersion:31 process:/system/bin/surfaceflinger
I/HostConnection( 1538): HostConnection::HostConnection: pid=1538, tid=1538, this=0xa10fb380
I/        ( 1538): fastpipe: Connect success
D/HostConnection( 1538): HostRPC::connect sucess: app=system_server, pid=1538, tid=1538, this=0xa10ce000
D/HostConnection( 1538): queryAndSetGLESMaxVersion select gles-version: 2.0 hostGLVersion:31 process:system_server
D/BluetoothManagerService( 1538): Message: 30
D/BluetoothManagerService( 1538): Trying to bind to profile: 1, while Bluetooth was disabled
D/WifiScanningService( 1538): SCAN_AVAILABLE : 3
D/WifiScanningService( 1538): DefaultState got{ when=0 what=160006 target=com.android.internal.util.StateMachine$SmHandler }
I/WifiNative-HAL( 1538): startHal
E/WifiScanningService( 1538): could not start HAL
D/RttService( 1538): SCAN_AVAILABLE : 3
D/RttService( 1538): DefaultState got{ when=0 what=160512 target=com.android.internal.util.StateMachine$SmHandler }
D/Launcher.Model( 1931): Old launcher provider: content://com.android.launcher2.settings/favorites?notify=true
D/Launcher.Model( 1931): Old launcher provider does not exist.
W/PackageManager( 1538): Package named 'com.android.good.miner' doesn't exist.
W/art     ( 1963): Verification of void com.android.providers.contacts.ContactsDatabaseHelper.rebuildLocaleData(android.database.sqlite.SQLiteDatabase, com.android.providers.contacts.LocaleSet, boolean) took 218.008ms
I/ActivityManager( 1538): Start proc 1990:com.android.flysilkworm/u0a25 for broadcast com.android.flysilkworm/.app.service.PowerBootReceiver
D/libnativebridge( 1990): call UnloadNativeBridge! state=1
W/art     ( 1963): Verification of com.android.i18n.phonenumbers.geocoding.PhoneNumberOfflineGeocoder com.android.providers.contacts.DefaultCallLogInsertionHelper.getPhoneNumberOfflineGeocoder() took 114.933ms
W/Launcher( 1931): setApplicationContext called twice! old=com.android.launcher3.LauncherApplication@237823db new=com.android.launcher3.LauncherApplication@237823db
I/StatusBarManagerService( 1538): registerStatusBar bar=com.android.internal.statusbar.IStatusBar$Stub$Proxy@1299fb48
I/art     ( 1538): Explicit concurrent mark sweep GC freed 23589(1530KB) AllocSpace objects, 6(96KB) LOS objects, 33% free, 12MB/19MB, paused 9.682ms total 278.383ms
I/EmuCoreService( 1875): uninstall failed
D/AdHotSeatView( 1931): resetLayout
I/ContactLocale( 1963): AddressBook Labels [zh-CN]: [, A, B, C, D, E, F, G, H, I, J, K, L, M, N, O, P, Q, R, S, T, U, V, W, X, Y, Z, Α, Β, Γ, Δ, Ε, Ζ, Η, Θ, Ι, Κ, Λ, Μ, Ν, Ξ, Ο, Π, Ρ, Σ, Τ, Υ, Φ, Χ, Ψ, Ω, , А, Б, В, Г, Д, Ђ, Е, Є, Ж, З, И, І, Ї, Й, Ј, К, Л, Љ, М, Н, Њ, О, П, Р, С, Т, Ћ, У, Ф, Х, Ц, Ч, Џ, Ш, Щ, Ю, Я, , א, ב, ג, ד, ה, ו, ז, ח, ט, י, כ, ל, מ, נ, ס, ע, פ, צ, ק, ר, ש, ת, , ا, ب, ت, ث, ج, ح, خ, د, ذ, ر, ز, س, ش, ص, ض, ط, ظ, ع, غ, ف, ق, ك, ل, م, ن, ه, و, ي, , ก, ข, ฃ, ค, ฅ, ฆ, ง, จ, ฉ, ช, ซ, ฌ, ญ, ฎ, ฏ, ฐ, ฑ, ฒ, ณ, ด, ต, ถ, ท, ธ, น, บ, ป, ผ, ฝ, พ, ฟ, ภ, ม, ย, ร, ฤ, ล, ฦ, ว, ศ, ษ, ส, ห, ฬ, อ, ฮ, , ㄱ, ㄴ, ㄷ, ㄹ, ㅁ, ㅂ, ㅅ, ㅇ, ㅈ, ㅊ, ㅋ, ㅌ, ㅍ, ㅎ, , あ, か, さ, た, な, は, ま, や, ら, わ, #, ]
W/ResourceType( 1931): Attempt to retrieve bag 0x7f0d0008 which is invalid or in a cycle.
W/Searchables( 1538): No global search activity found
D/Launcher.Model( 1931): 11683562 - loadWorkspace()
D/Launcher.Model( 1931): 11683562 -   loadedOldDb: false
W/Launcher( 1931): setApplicationContext called twice! old=com.android.launcher3.LauncherApplication@237823db new=com.android.launcher3.LauncherApplication@237823db
E/Launcher( 1931): wallpaper:desiredMinimumWidth=720
E/Launcher( 1931): wallpaper:desiredMinimumHeight=1280
E/Launcher( 1931): wallpaper:bmp.W=720
E/Launcher( 1931): wallpaper:bmp.H=1280
I/art     ( 1931): Background sticky concurrent mark sweep GC freed 3264(373KB) AllocSpace objects, 2(32KB) LOS objects, 1% free, 11MB/12MB, paused 164us total 100.016ms
D/WifiService( 1538): New client listening to asynchronous messages
D/BluetoothManagerService( 1538): Message: 20
D/BluetoothManagerService( 1538): Added callback: android.bluetooth.IBluetoothManagerCallback$Stub$Proxy@a54bda8:true
D/BluetoothAdapter( 1642): 767359144: getState() :  mService = null. Returning STATE_OFF
D/BluetoothManagerService( 1538): Message: 30
E/BluetoothA2dp( 1642): Could not bind to Bluetooth A2DP Service with Intent { act=android.bluetooth.IBluetoothA2dp }
D/BluetoothManagerService( 1538): Message: 30
E/BluetoothA2dpSink( 1642): Could not bind to Bluetooth A2DP Service with Intent { act=android.bluetooth.IBluetoothA2dpSink }
D/BluetoothManagerService( 1538): Message: 30
D/BluetoothAdapter( 1642): 767359144: getState() :  mService = null. Returning STATE_OFF
E/BluetoothAvrcpController( 1642): Could not bind to Bluetooth AVRCP Controller Service with Intent { act=android.bluetooth.IBluetoothAvrcpController }
D/BluetoothManagerService( 1538): Message: 30
D/BluetoothManagerService( 1538): Trying to bind to profile: 1, while Bluetooth was disabled
D/BluetoothManagerService( 1538): Message: 30
E/BluetoothHeadsetClient( 1642): Could not bind to Bluetooth Headset Client Service with Intent { act=android.bluetooth.IBluetoothHeadsetClient }
D/BluetoothManagerService( 1538): Message: 30
E/BluetoothInputDevice( 1642): Could not bind to Bluetooth HID Service with Intent { act=android.bluetooth.IBluetoothInputDevice }
D/BluetoothMap( 1642): Create BluetoothMap proxy object
D/BluetoothManagerService( 1538): Message: 30
E/BluetoothMap( 1642): Could not bind to Bluetooth MAP Service with Intent { act=android.bluetooth.IBluetoothMap }
D/BluetoothManagerService( 1538): Message: 30
E/BluetoothPan( 1642): Could not bind to Bluetooth Pan Service with Intent { act=android.bluetooth.IBluetoothPan }
D/ConnectivityService( 1538): listenForNetwork for NetworkRequest [ id=2, legacyType=-1, [] ]
D/ConnectivityService( 1538): handleRegisterNetworkRequest checking NetworkAgentInfo [Ethernet () - 100]
D/ConnectivityService( 1538): apparently satisfied.  currentScore=50
D/ConnectivityManager.CallbackHandler( 1642): CM callback handler got msg 524290
I/CameraManagerGlobal( 1642): getCameraService: Reconnecting to camera service
I/CameraService( 1368): getCameraCharacteristics: Switching to HAL1 shim implementation...
D/Camera_Factory( 1368): CameraFactory::get_camera_info
D/Camera_Factory( 1368): CameraFactory::getCameraInfo: id = 0, info = 0xb3d03978
D/Camera_Factory( 1368): CameraFactory::getCameraNum: 2
D/CameraHardware( 1368): CameraHardware::getCameraInfo
D/Camera_Factory( 1368): CameraFactory::get_camera_info
D/Camera_Factory( 1368): CameraFactory::getCameraInfo: id = 0, info = 0xb3d03710
D/Camera_Factory( 1368): CameraFactory::getCameraNum: 2
D/CameraHardware( 1368): CameraHardware::getCameraInfo
I/FFmpegExtractor( 1368): android-source:0xb584f5c0
D/FFMPEG  ( 1368): android source begin open
D/FFMPEG  ( 1368): android open, url: android-source:0xb584f5c0
D/FFMPEG  ( 1368): ffmpeg open android data source success, source ptr: 0xb584f5c0
D/FFMPEG  ( 1368): android source open success
I/FFMPEG  ( 1368): Input #0, ogg, from 'android-source:0xb584f5c0':
I/FFMPEG  ( 1368):   Duration: 00:00:00.41, start: 0.000000, bitrate: 135 kb/s
I/FFMPEG  ( 1368):     Stream #0:0: Audio: vorbis, 44100 Hz, stereo, fltp, 80 kb/s
I/FFmpegExtractor( 1368): FFmpegExtrator, url: android-source:0xb584f5c0, format_name: ogg, format_long_name: Ogg
I/FFmpegExtractor( 1368): list the formats suppoted by ffmpeg: 
I/FFmpegExtractor( 1368): ========================================
I/FFmpegExtractor( 1368): ========================================
I/FFmpegExtractor( 1368): adjust mime(application/ogg -> audio/vorbis)
D/FFmpegExtractor( 1368): suppoted codec(vorbis) by official Stagefright
D/FFMPEG  ( 1368): android source close
I/FFmpegExtractor( 1368): sniff through BetterSniffFFMPEG success
D/FFmpegExtractor( 1368): ffmpeg detected media content as 'audio/vorbis' with confidence 0.08
I/FFmpegExtractor( 1368): android-source:0xb584fb00
D/FFMPEG  ( 1368): android source begin open
D/FFMPEG  ( 1368): android open, url: android-source:0xb584fb00
D/FFMPEG  ( 1368): ffmpeg open android data source success, source ptr: 0xb584fb00
D/FFMPEG  ( 1368): android source open success
I/FFMPEG  ( 1368): Input #0, ogg, from 'android-source:0xb584fb00':
I/FFMPEG  ( 1368):   Duration: 00:00:00.38, start: 0.000000, bitrate: 286 kb/s
I/FFMPEG  ( 1368):     Stream #0:0: Audio: vorbis, 44100 Hz, stereo, fltp, 224 kb/s
I/FFmpegExtractor( 1368): FFmpegExtrator, url: android-source:0xb584fb00, format_name: ogg, format_long_name: Ogg
I/FFmpegExtractor( 1368): list the formats suppoted by ffmpeg: 
I/FFmpegExtractor( 1368): ========================================
I/FFmpegExtractor( 1368): ========================================
I/FFmpegExtractor( 1368): adjust mime(application/ogg -> audio/vorbis)
D/FFmpegExtractor( 1368): suppoted codec(vorbis) by official Stagefright
D/FFMPEG  ( 1368): android source close
I/FFmpegExtractor( 1368): sniff through BetterSniffFFMPEG success
D/FFmpegExtractor( 1368): ffmpeg detected media content as 'audio/vorbis' with confidence 0.08
I/CameraClient( 1368): Opening camera 0
D/Camera_Factory( 1368): CameraFactory::get_camera_info
D/Camera_Factory( 1368): CameraFactory::getCameraInfo: id = 0, info = 0xb3d036a0
D/Camera_Factory( 1368): CameraFactory::getCameraNum: 2
D/CameraHardware( 1368): CameraHardware::getCameraInfo
D/Camera_Factory( 1368): CameraFactory::device_open: name = 0
D/Camera_Factory( 1368): CameraFactory::cameraDeviceOpen: id = 0
D/Camera_Factory( 1368): CameraFactory::getCameraNum: 2
D/CameraHardware( 1368): CameraHardware::PowerOn: Power ON camera.
D/CameraHardware( 1368): CameraHardware::PowerOn: no power_file set
D/CameraHardware( 1368): CameraHardware::initDefaultParameters
D/V4L2Camera( 1368): V4L2CameraHost::V4L2CameraHost
I/        ( 1368): fastpipe: Connect success
D/V4L2Camera( 1368): V4L2CameraHost::getAvailableFormats from host
D/V4L2Camera( 1368): V4L2CameraHost::threadLoop entered.
D/V4L2Camera( 1368): V4L2Camera::getAvailableSizes
D/V4L2Camera( 1368): V4L2Camera::getAvailableFps
I/CameraHardware( 1368): Default preview size: (1280 x 720), fps:25
I/CameraHardware( 1368): All available formats: 176x144,240x160,320x200,320x240,352x288,432x320,480x320,640x480,1280x720
I/CameraHardware( 1368): All available fps: (25,25)
I/CameraHardware( 1368): Default picture size: (1280 x 720)
D/CameraHardware( 1368): CameraHardware::setParameters
D/CameraHardware( 1368): CameraHardware::setParameters: PREVIEW: Size 1280x720, 25 fps, format: yuv422sp
D/CameraHardware( 1368): CameraHardware::setParameters: PICTURE: Size 1280x720, format: jpeg
D/CameraHardware( 1368): CameraHardware::setParameters: VIDEO: Size 1280x720, format: yuv420p
D/CameraHardware( 1368): CameraHardware::initHeapLocked
E/CameraHardware( 1368): No memory allocator available
D/CameraHardware( 1368): CameraHardware::setParameters: OK parms=antibanding=auto;antibanding-values=auto;effect=none;effect-values=none;flash-mode=off;flash-mode-values=off;focal-length=4;focus-mode=fixed;focus-mode-values=fixed;horizontal-view-angle=90;jpeg-quality=85;jpeg-thumbnail-size-values=640x480,0x0;max-video-continuous-zoom=0;max-zoom=100;picture-format=jpeg;picture-format-values=jpeg;picture-size=1280x720;picture-size-values=176x144,240x160,320x200,320x240,352x288,432x320,480x320,640x480,1280x720;preferred-preview-size-for-video=640x480;preview-format=yuv422sp;preview-format-values=yuv422i-yuyv,yuv422sp,yuv420sp,yuv420p;preview-fps-range-values=(25,25);preview-frame-rate=25;preview-frame-rate-values=25;preview-size=1280x720;preview-size-values=176x144,240x160,320x200,320x240,352x288,432x320,480x320,640x480,1280x720;rotation=0;rotation-values=0;scene-mode=auto;scene-mode-values=auto;smooth-zoom-supported=false;vertical-view-angle=90;video-frame-format=yuv420p;video-size=1280x720;video-size-values=176x144,240x160,320x200,32
D/CameraHardware( 1368): CameraHardware::connectCamera
D/CameraHardware( 1368): CameraHardware::setCallbacks
D/CameraHardware( 1368): CameraHardware::enableMsgType: 3085
D/CameraHardware( 1368): CameraHardware::getParameters
D/CameraHardware( 1368): CameraHardware::putParameters
D/CameraHardware( 1368): CameraHardware::disableMsgType: 65535
D/CameraHardware( 1368): CameraHardware::stopPreview
D/CameraHardware( 1368): CameraHardware::stopPreviewLocked
D/CameraHardware( 1368): CameraHardware::stopPreviewLocked: OK
D/CameraHardware( 1368): CameraHardware::cancelPicture
D/CameraHardware( 1368): CameraHardware::releaseCamera
I/CameraClient( 1368): Destroying camera 0
D/CameraHardware( 1368): CameraHardware::closeCamera
D/CameraHardware( 1368): CameraHardware::releaseCamera
D/NuPlayerDriver( 1368): reset(0xb402f340)
D/NuPlayerDriver( 1368): notifyResetComplete(0xb402f340)
D/NuPlayerDriver( 1368): reset(0xb402f220)
D/NuPlayerDriver( 1368): notifyResetComplete(0xb402f220)
I/CameraService( 1368): getCameraCharacteristics: Switching to HAL1 shim implementation...
D/Camera_Factory( 1368): CameraFactory::get_camera_info
D/Camera_Factory( 1368): CameraFactory::getCameraInfo: id = 1, info = 0xb3c05978
D/Camera_Factory( 1368): CameraFactory::getCameraNum: 2
D/CameraHardware( 1368): CameraHardware::getCameraInfo
D/Camera_Factory( 1368): CameraFactory::get_camera_info
D/Camera_Factory( 1368): CameraFactory::getCameraInfo: id = 1, info = 0xb3c05710
D/Camera_Factory( 1368): CameraFactory::getCameraNum: 2
D/CameraHardware( 1368): CameraHardware::getCameraInfo
I/FFmpegExtractor( 1368): android-source:0xb4024280
D/FFMPEG  ( 1368): android source begin open
D/FFMPEG  ( 1368): android open, url: android-source:0xb4024280
D/FFMPEG  ( 1368): ffmpeg open android data source success, source ptr: 0xb4024280
D/FFMPEG  ( 1368): android source open success
I/FFMPEG  ( 1368): Input #0, ogg, from 'android-source:0xb4024280':
I/FFMPEG  ( 1368):   Duration: 00:00:00.41, start: 0.000000, bitrate: 135 kb/s
I/FFMPEG  ( 1368):     Stream #0:0: Audio: vorbis, 44100 Hz, stereo, fltp, 80 kb/s
I/FFmpegExtractor( 1368): FFmpegExtrator, url: android-source:0xb4024280, format_name: ogg, format_long_name: Ogg
I/FFmpegExtractor( 1368): list the formats suppoted by ffmpeg: 
I/FFmpegExtractor( 1368): ========================================
I/FFmpegExtractor( 1368): ========================================
I/FFmpegExtractor( 1368): adjust mime(application/ogg -> audio/vorbis)
D/FFmpegExtractor( 1368): suppoted codec(vorbis) by official Stagefright
D/FFMPEG  ( 1368): android source close
I/FFmpegExtractor( 1368): sniff through BetterSniffFFMPEG success
D/FFmpegExtractor( 1368): ffmpeg detected media content as 'audio/vorbis' with confidence 0.08
I/FFmpegExtractor( 1368): android-source:0xb4024dc0
D/FFMPEG  ( 1368): android source begin open
D/FFMPEG  ( 1368): android open, url: android-source:0xb4024dc0
D/FFMPEG  ( 1368): ffmpeg open android data source success, source ptr: 0xb4024dc0
D/FFMPEG  ( 1368): android source open success
I/FFMPEG  ( 1368): Input #0, ogg, from 'android-source:0xb4024dc0':
I/FFMPEG  ( 1368):   Duration: 00:00:00.38, start: 0.000000, bitrate: 286 kb/s
I/FFMPEG  ( 1368):     Stream #0:0: Audio: vorbis, 44100 Hz, stereo, fltp, 224 kb/s
I/FFmpegExtractor( 1368): FFmpegExtrator, url: android-source:0xb4024dc0, format_name: ogg, format_long_name: Ogg
I/FFmpegExtractor( 1368): list the formats suppoted by ffmpeg: 
I/FFmpegExtractor( 1368): ========================================
I/FFmpegExtractor( 1368): ========================================
I/FFmpegExtractor( 1368): adjust mime(application/ogg -> audio/vorbis)
D/FFmpegExtractor( 1368): suppoted codec(vorbis) by official Stagefright
D/FFMPEG  ( 1368): android source close
I/FFmpegExtractor( 1368): sniff through BetterSniffFFMPEG success
D/FFmpegExtractor( 1368): ffmpeg detected media content as 'audio/vorbis' with confidence 0.08
I/CameraClient( 1368): Opening camera 1
D/Camera_Factory( 1368): CameraFactory::get_camera_info
D/Camera_Factory( 1368): CameraFactory::getCameraInfo: id = 1, info = 0xb3c056a0
D/Camera_Factory( 1368): CameraFactory::getCameraNum: 2
D/CameraHardware( 1368): CameraHardware::getCameraInfo
D/Camera_Factory( 1368): CameraFactory::device_open: name = 1
D/Camera_Factory( 1368): CameraFactory::cameraDeviceOpen: id = 1
D/Camera_Factory( 1368): CameraFactory::getCameraNum: 2
D/CameraHardware( 1368): CameraHardware::PowerOn: Power ON camera.
D/CameraHardware( 1368): CameraHardware::PowerOn: no power_file set
D/CameraHardware( 1368): CameraHardware::initDefaultParameters
D/V4L2Camera( 1368): V4L2Camera::getAvailableSizes
D/V4L2Camera( 1368): V4L2Camera::getAvailableFps
I/CameraHardware( 1368): Default preview size: (1280 x 720), fps:25
I/CameraHardware( 1368): All available formats: 176x144,240x160,320x200,320x240,352x288,432x320,480x320,640x480,1280x720
I/CameraHardware( 1368): All available fps: (25,25)
I/CameraHardware( 1368): Default picture size: (1280 x 720)
D/CameraHardware( 1368): CameraHardware::setParameters
D/CameraHardware( 1368): CameraHardware::setParameters: PREVIEW: Size 1280x720, 25 fps, format: yuv422sp
D/CameraHardware( 1368): CameraHardware::setParameters: PICTURE: Size 1280x720, format: jpeg
D/CameraHardware( 1368): CameraHardware::setParameters: VIDEO: Size 1280x720, format: yuv420p
D/CameraHardware( 1368): CameraHardware::initHeapLocked
E/CameraHardware( 1368): No memory allocator available
D/CameraHardware( 1368): CameraHardware::setParameters: OK parms=antibanding=auto;antibanding-values=auto;effect=none;effect-values=none;flash-mode=off;flash-mode-values=off;focal-length=4;focus-mode=fixed;focus-mode-values=fixed;horizontal-view-angle=90;jpeg-quality=85;jpeg-thumbnail-size-values=640x480,0x0;max-video-continuous-zoom=0;max-zoom=100;picture-format=jpeg;picture-format-values=jpeg;picture-size=1280x720;picture-size-values=176x144,240x160,320x200,320x240,352x288,432x320,480x320,640x480,1280x720;preferred-preview-size-for-video=640x480;preview-format=yuv422sp;preview-format-values=yuv422i-yuyv,yuv422sp,yuv420sp,yuv420p;preview-fps-range-values=(25,25);preview-frame-rate=25;preview-frame-rate-values=25;preview-size=1280x720;preview-size-values=176x144,240x160,320x200,320x240,352x288,432x320,480x320,640x480,1280x720;rotation=0;rotation-values=0;scene-mode=auto;scene-mode-values=auto;smooth-zoom-supported=false;vertical-view-angle=90;video-frame-format=yuv420p;video-size=1280x720;video-size-values=176x144,240x160,320x200,32
D/CameraHardware( 1368): CameraHardware::connectCamera
D/CameraHardware( 1368): CameraHardware::setCallbacks
D/CameraHardware( 1368): CameraHardware::enableMsgType: 3085
D/CameraHardware( 1368): CameraHardware::getParameters
D/CameraHardware( 1368): CameraHardware::putParameters
D/CameraHardware( 1368): CameraHardware::disableMsgType: 65535
D/CameraHardware( 1368): CameraHardware::stopPreview
D/CameraHardware( 1368): CameraHardware::stopPreviewLocked
D/CameraHardware( 1368): CameraHardware::stopPreviewLocked: OK
D/CameraHardware( 1368): CameraHardware::cancelPicture
D/CameraHardware( 1368): CameraHardware::releaseCamera
I/CameraClient( 1368): Destroying camera 1
D/CameraHardware( 1368): CameraHardware::closeCamera
D/CameraHardware( 1368): CameraHardware::releaseCamera
D/NuPlayerDriver( 1368): reset(0xb584ef40)
D/NuPlayerDriver( 1368): notifyResetComplete(0xb584ef40)
D/NuPlayerDriver( 1368): reset(0xb584efa0)
D/NuPlayerDriver( 1368): notifyResetComplete(0xb584efa0)
D/Camera_Factory( 1368): CameraFactory::get_camera_info
D/Camera_Factory( 1368): CameraFactory::getCameraInfo: id = 0, info = 0xb3eff9b0
D/Camera_Factory( 1368): CameraFactory::getCameraNum: 2
D/CameraHardware( 1368): CameraHardware::getCameraInfo
D/Camera_Factory( 1368): CameraFactory::get_camera_info
D/Camera_Factory( 1368): CameraFactory::getCameraInfo: id = 0, info = 0xb3e019f0
D/Camera_Factory( 1368): CameraFactory::getCameraNum: 2
D/CameraHardware( 1368): CameraHardware::getCameraInfo
D/AppAutoUpdateService( 1990): Create state flag file true
D/AppAutoUpdateService( 1990): AppAutoUpdateService onCreate
D/Camera_Factory( 1368): CameraFactory::get_camera_info
D/Camera_Factory( 1368): CameraFactory::getCameraInfo: id = 1, info = 0xb3d039b0
D/Camera_Factory( 1368): CameraFactory::getCameraNum: 2
D/CameraHardware( 1368): CameraHardware::getCameraInfo
I/appstore( 1990): start load update info
D/Camera_Factory( 1368): CameraFactory::get_camera_info
D/Camera_Factory( 1368): CameraFactory::getCameraInfo: id = 1, info = 0xb3eff9f0
D/Camera_Factory( 1368): CameraFactory::getCameraNum: 2
D/CameraHardware( 1368): CameraHardware::getCameraInfo
D/BluetoothAdapter( 1642): 767359144: getState() :  mService = null. Returning STATE_OFF
D/BluetoothAdapter( 1642): 767359144: getState() :  mService = null. Returning STATE_OFF
D/BluetoothAdapter( 1642): 767359144: getState() :  mService = null. Returning STATE_OFF
D/BluetoothAdapter( 1642): 767359144: getState() :  mService = null. Returning STATE_OFF
D/OpenGLRenderer( 1642): Use EGL_SWAP_BEHAVIOR_PRESERVED: true
I/gralloc_x86( 1642): --denglibo-- fallback_init, force return by denglibo
I/HostConnection( 1642): HostConnection::HostConnection: pid=1642, tid=1642, this=0xb3f18b00
I/        ( 1642): fastpipe: Connect success
D/HostConnection( 1642): HostRPC::connect sucess: app=com.android.systemui, pid=1642, tid=1642, this=0xb3fb0000
D/HostConnection( 1642): queryAndSetGLESMaxVersion select gles-version: 2.0 hostGLVersion:31 process:com.android.systemui
I/        ( 1642): fastpipe: Connect success
D/HostConnection( 1642): recv ProcessPuidReply name=com.android.systemui puid=3
D/Atlas   ( 1642): Validating map...
W/Atlas   ( 1642): Pointer 0x0, not in getPreloadedDrawables?
W/Atlas   ( 1642): Pointer 0x0, not in getPreloadedDrawables?
W/Atlas   ( 1642): Pointer 0x0, not in getPreloadedDrawables?
W/Atlas   ( 1642): Pointer 0x0, not in getPreloadedDrawables?
W/Atlas   ( 1642): Pointer 0x0, not in getPreloadedDrawables?
W/Atlas   ( 1642): Pointer 0x0, not in getPreloadedDrawables?
W/Atlas   ( 1642): Pointer 0x0, not in getPreloadedDrawables?
W/Atlas   ( 1642): Pointer 0x0, not in getPreloadedDrawables?
W/Atlas   ( 1642): Pointer 0x0, not in getPreloadedDrawables?
W/Atlas   ( 1642): Pointer 0x0, not in getPreloadedDrawables?
W/Atlas   ( 1642): Pointer 0x0, not in getPreloadedDrawables?
W/Atlas   ( 1642): Pointer 0x0, not in getPreloadedDrawables?
W/Atlas   ( 1642): Pointer 0x0, not in getPreloadedDrawables?
W/Atlas   ( 1642): Pointer 0x0, not in getPreloadedDrawables?
W/Atlas   ( 1642): Pointer 0x0, not in getPreloadedDrawables?
W/Atlas   ( 1642): Pointer 0x0, not in getPreloadedDrawables?
W/Atlas   ( 1642): Pointer 0x0, not in getPreloadedDrawables?
W/Atlas   ( 1642): Pointer 0x0, not in getPreloadedDrawables?
W/Atlas   ( 1642): Pointer 0x0, not in getPreloadedDrawables?
W/Atlas   ( 1642): Pointer 0x0, not in getPreloadedDrawables?
W/Atlas   ( 1642): Pointer 0x0, not in getPreloadedDrawables?
W/Atlas   ( 1642): Pointer 0x0, not in getPreloadedDrawables?
W/Atlas   ( 1642): Pointer 0x0, not in getPreloadedDrawables?
W/Atlas   ( 1642): Pointer 0x0, not in getPreloadedDrawables?
W/Atlas   ( 1642): Pointer 0x0, not in getPreloadedDrawables?
W/Atlas   ( 1642): Pointer 0x0, not in getPreloadedDrawables?
W/Atlas   ( 1642): Pointer 0x0, not in getPreloadedDrawables?
W/Atlas   ( 1642): Pointer 0x0, not in getPreloadedDrawables?
W/Atlas   ( 1642): Pointer 0x0, not in getPreloadedDrawables?
W/Atlas   ( 1642): Pointer 0x0, not in getPreloadedDrawables?
W/Atlas   ( 1642): Pointer 0x0, not in getPreloadedDrawables?
W/Atlas   ( 1642): Pointer 0x0, not in getPreloadedDrawables?
W/Atlas   ( 1642): Pointer 0x0, not in getPreloadedDrawables?
W/Atlas   ( 1642): Pointer 0x0, not in getPreloadedDrawables?
W/Atlas   ( 1642): Pointer 0x0, not in getPreloadedDrawables?
W/Atlas   ( 1642): Pointer 0x0, not in getPreloadedDrawables?
W/Atlas   ( 1642): Pointer 0x0, not in getPreloadedDrawables?
W/Atlas   ( 1642): Pointer 0x0, not in getPreloadedDrawables?
W/Atlas   ( 1642): Pointer 0x0, not in getPreloadedDrawables?
W/Atlas   ( 1642): Pointer 0x0, not in getPreloadedDrawables?
W/Atlas   ( 1642): Pointer 0x0, not in getPreloadedDrawables?
W/Atlas   ( 1642): Pointer 0x0, not in getPreloadedDrawables?
W/Atlas   ( 1642): Pointer 0x0, not in getPreloadedDrawables?
W/Atlas   ( 1642): Pointer 0x0, not in getPreloadedDrawables?
W/Atlas   ( 1642): Pointer 0x0, not in getPreloadedDrawables?
W/Atlas   ( 1642): Pointer 0x0, not in getPreloadedDrawables?
W/Atlas   ( 1642): Pointer 0x0, not in getPreloadedDrawables?
W/Atlas   ( 1642): Pointer 0x0, not in getPreloadedDrawables?
W/Atlas   ( 1642): Pointer 0x0, not in getPreloadedDrawables?
W/Atlas   ( 1642): Pointer 0x0, not in getPreloadedDrawables?
W/Atlas   ( 1642): Pointer 0x0, not in getPreloadedDrawables?
W/Atlas   ( 1642): Pointer 0x0, not in getPreloadedDrawables?
W/Atlas   ( 1642): Pointer 0x0, not in getPreloadedDrawables?
W/Atlas   ( 1642): Pointer 0x0, not in getPreloadedDrawables?
W/Atlas   ( 1642): Pointer 0x0, not in getPreloadedDrawables?
W/Atlas   ( 1642): Pointer 0x0, not in getPreloadedDrawables?
W/Atlas   ( 1642): Pointer 0x0, not in getPreloadedDrawables?
W/Atlas   ( 1642): Pointer 0x0, not in getPreloadedDrawables?
W/Atlas   ( 1642): Pointer 0x0, not in getPreloadedDrawables?
W/Atlas   ( 1642): Pointer 0x0, not in getPreloadedDrawables?
W/Atlas   ( 1642): Pointer 0x0, not in getPreloadedDrawables?
W/Atlas   ( 1642): Pointer 0x0, not in getPreloadedDrawables?
W/Atlas   ( 1642): Pointer 0x0, not in getPreloadedDrawables?
W/Atlas   ( 1642): Pointer 0x0, not in getPreloadedDrawables?
W/Atlas   ( 1642): Pointer 0x0, not in getPreloadedDrawables?
W/Atlas   ( 1642): Pointer 0x0, not in getPreloadedDrawables?
W/Atlas   ( 1642): Pointer 0x0, not in getPreloadedDrawables?
W/Atlas   ( 1642): Pointer 0x0, not in getPreloadedDrawables?
W/Atlas   ( 1642): Pointer 0x0, not in getPreloadedDrawables?
W/Atlas   ( 1642): Pointer 0x0, not in getPreloadedDrawables?
W/Atlas   ( 1642): Pointer 0x0, not in getPreloadedDrawables?
W/Atlas   ( 1642): Pointer 0x0, not in getPreloadedDrawables?
W/Atlas   ( 1642): Pointer 0x0, not in getPreloadedDrawables?
W/Atlas   ( 1642): Pointer 0x0, not in getPreloadedDrawables?
W/Atlas   ( 1642): Pointer 0x0, not in getPreloadedDrawables?
W/Atlas   ( 1642): Pointer 0x0, not in getPreloadedDrawables?
W/Atlas   ( 1642): Pointer 0x0, not in getPreloadedDrawables?
W/Atlas   ( 1642): Pointer 0x0, not in getPreloadedDrawables?
W/Atlas   ( 1642): Pointer 0x0, not in getPreloadedDrawables?
W/Atlas   ( 1642): Pointer 0x0, not in getPreloadedDrawables?
W/Atlas   ( 1642): Pointer 0x0, not in getPreloadedDrawables?
W/Atlas   ( 1642): Pointer 0x0, not in getPreloadedDrawables?
W/Atlas   ( 1642): Pointer 0x0, not in getPreloadedDrawables?
W/Atlas   ( 1642): Pointer 0x0, not in getPreloadedDrawables?
W/Atlas   ( 1642): Pointer 0x0, not in getPreloadedDrawables?
W/Atlas   ( 1642): Pointer 0x0, not in getPreloadedDrawables?
W/Atlas   ( 1642): Pointer 0x0, not in getPreloadedDrawables?
W/Atlas   ( 1642): Pointer 0x0, not in getPreloadedDrawables?
W/Atlas   ( 1642): Pointer 0x0, not in getPreloadedDrawables?
W/Atlas   ( 1642): Pointer 0x0, not in getPreloadedDrawables?
W/Atlas   ( 1642): Pointer 0x0, not in getPreloadedDrawables?
W/Atlas   ( 1642): Pointer 0x0, not in getPreloadedDrawables?
W/Atlas   ( 1642): Pointer 0x0, not in getPreloadedDrawables?
W/Atlas   ( 1642): Pointer 0x0, not in getPreloadedDrawables?
W/Atlas   ( 1642): Pointer 0x0, not in getPreloadedDrawables?
W/Atlas   ( 1642): Pointer 0x0, not in getPreloadedDrawables?
W/Atlas   ( 1642): Pointer 0x0, not in getPreloadedDrawables?
W/Atlas   ( 1642): Pointer 0x0, not in getPreloadedDrawables?
W/Atlas   ( 1642): Pointer 0x0, not in getPreloadedDrawables?
W/Atlas   ( 1642): Pointer 0x0, not in getPreloadedDrawables?
W/Atlas   ( 1642): Pointer 0x0, not in getPreloadedDrawables?
W/Atlas   ( 1642): Pointer 0x0, not in getPreloadedDrawables?
W/Atlas   ( 1642): Pointer 0x0, not in getPreloadedDrawables?
W/Atlas   ( 1642): Pointer 0x0, not in getPreloadedDrawables?
W/Atlas   ( 1642): Pointer 0x0, not in getPreloadedDrawables?
W/Atlas   ( 1642): Pointer 0x0, not in getPreloadedDrawables?
W/Atlas   ( 1642): Pointer 0x0, not in getPreloadedDrawables?
W/Atlas   ( 1642): Pointer 0x0, not in getPreloadedDrawables?
W/Atlas   ( 1642): Pointer 0x0, not in getPreloadedDrawables?
W/Atlas   ( 1642): Pointer 0x0, not in getPreloadedDrawables?
W/Atlas   ( 1642): Pointer 0x0, not in getPreloadedDrawables?
W/Atlas   ( 1642): Pointer 0x0, not in getPreloadedDrawables?
W/Atlas   ( 1642): Pointer 0x0, not in getPreloadedDrawables?
W/Atlas   ( 1642): Pointer 0x0, not in getPreloadedDrawables?
W/Atlas   ( 1642): Pointer 0x0, not in getPreloadedDrawables?
W/Atlas   ( 1642): Pointer 0x0, not in getPreloadedDrawables?
W/Atlas   ( 1642): Pointer 0x0, not in getPreloadedDrawables?
W/Atlas   ( 1642): Pointer 0x0, not in getPreloadedDrawables?
W/Atlas   ( 1642): Pointer 0x0, not in getPreloadedDrawables?
W/Atlas   ( 1642): Pointer 0x0, not in getPreloadedDrawables?
W/Atlas   ( 1642): Pointer 0x0, not in getPreloadedDrawables?
W/Atlas   ( 1642): Pointer 0x0, not in getPreloadedDrawables?
W/Atlas   ( 1642): Pointer 0x0, not in getPreloadedDrawables?
W/Atlas   ( 1642): Pointer 0x0, not in getPreloadedDrawables?
W/Atlas   ( 1642): Pointer 0x0, not in getPreloadedDrawables?
W/Atlas   ( 1642): Pointer 0x0, not in getPreloadedDrawables?
W/Atlas   ( 1642): Pointer 0x0, not in getPreloadedDrawables?
W/Atlas   ( 1642): Pointer 0x0, not in getPreloadedDrawables?
W/Atlas   ( 1642): Pointer 0x0, not in getPreloadedDrawables?
W/Atlas   ( 1642): Pointer 0x0, not in getPreloadedDrawables?
W/Atlas   ( 1642): Pointer 0x0, not in getPreloadedDrawables?
W/Atlas   ( 1642): Pointer 0x0, not in getPreloadedDrawables?
W/Atlas   ( 1642): Pointer 0x0, not in getPreloadedDrawables?
W/Atlas   ( 1642): Pointer 0x0, not in getPreloadedDrawables?
W/Atlas   ( 1642): Pointer 0x0, not in getPreloadedDrawables?
W/Atlas   ( 1642): Pointer 0x0, not in getPreloadedDrawables?
W/Atlas   ( 1642): Pointer 0x0, not in getPreloadedDrawables?
W/Atlas   ( 1642): Pointer 0x0, not in getPreloadedDrawables?
W/Atlas   ( 1642): Pointer 0x0, not in getPreloadedDrawables?
W/Atlas   ( 1642): Pointer 0x0, not in getPreloadedDrawables?
W/Atlas   ( 1642): Pointer 0x0, not in getPreloadedDrawables?
W/Atlas   ( 1642): Pointer 0x0, not in getPreloadedDrawables?
W/Atlas   ( 1642): Pointer 0x0, not in getPreloadedDrawables?
W/Atlas   ( 1642): Pointer 0x0, not in getPreloadedDrawables?
W/Atlas   ( 1642): Pointer 0x0, not in getPreloadedDrawables?
W/Atlas   ( 1642): Pointer 0x0, not in getPreloadedDrawables?
W/Atlas   ( 1642): Pointer 0x0, not in getPreloadedDrawables?
W/Atlas   ( 1642): Pointer 0x0, not in getPreloadedDrawables?
W/Atlas   ( 1642): Pointer 0x0, not in getPreloadedDrawables?
W/Atlas   ( 1642): Pointer 0x0, not in getPreloadedDrawables?
W/Atlas   ( 1642): Pointer 0x0, not in getPreloadedDrawables?
W/Atlas   ( 1642): Pointer 0x0, not in getPreloadedDrawables?
W/Atlas   ( 1642): Pointer 0x0, not in getPreloadedDrawables?
W/Atlas   ( 1642): Pointer 0x0, not in getPreloadedDrawables?
W/Atlas   ( 1642): Pointer 0x0, not in getPreloadedDrawables?
W/Atlas   ( 1642): Pointer 0x0, not in getPreloadedDrawables?
W/Atlas   ( 1642): Pointer 0x0, not in getPreloadedDrawables?
W/Atlas   ( 1642): Pointer 0x0, not in getPreloadedDrawables?
W/Atlas   ( 1642): Pointer 0x0, not in getPreloadedDrawables?
W/Atlas   ( 1642): Pointer 0x0, not in getPreloadedDrawables?
W/Atlas   ( 1642): Pointer 0x0, not in getPreloadedDrawables?
W/Atlas   ( 1642): Pointer 0x0, not in getPreloadedDrawables?
