D/SMACK   ( 2249): 09:02:42 上午 SENT (311610255): <iq id="o50BI-0" type="set"><bind xmlns="urn:ietf:params:xml:ns:xmpp-bind"><resource>A1b852863a</resource></bind></iq>
I/InputDispatcher( 1534): Dropping event because there is no touchable window at (550, 1224).
W/InputManager( 1534): Input event injection from pid 2233 failed.
W/InputManager( 1534): Input event injection from pid 2233 failed.
D/SMACK   ( 2249): 09:02:42 上午 RCV  (311610255): <iq type="result" id="o50BI-0" to="openfire-cloud/583dee02"><bind xmlns="urn:ietf:params:xml:ns:xmpp-bind"><jid>13632836691@openfire-cloud/A1b852863a</jid></bind></iq>
D/SMACK   ( 2249): 09:02:42 上午 SENT (311610255): <iq id="o50BI-1" type="set"><session xmlns="urn:ietf:params:xml:ns:xmpp-session"/></iq>
D/SMACK   ( 2249): 09:02:42 上午 RCV  (311610255): <iq type="result" id="o50BI-1" to="13632836691@openfire-cloud/A1b852863a"/>
D/SMACK   ( 2249): 09:02:42 上午 SENT (311610255): <iq id="o50BI-2" type="get"><query xmlns="jabber:iq:roster" ></query></iq>
D/SMACK   ( 2249): 09:02:42 上午 SENT (311610255): <presence id="o50BI-3"></presence>
D/SMACK   ( 2249): User logged (311610255): 13632836691@openfire-cloud@openfire-cloud:7608/A1b852863a
D/SMACK   ( 2249): 09:02:42 上午 SENT (311610255): <presence id="o50BI-4"></presence>
D/SMACK   ( 2249): 09:02:42 上午 SENT (311610255): <presence id="o50BI-5"><c xmlns='http://jabber.org/protocol/caps' hash='sha-1' node='http://www.igniterealtime.org/projects/smack/' ver='+aa2eNB4jNVto+S/3hIOYRDDxPo='/></presence>
D/SMACK   ( 2249): 09:02:42 上午 SENT (311610255): <presence id="o50BI-6"><c xmlns='http://jabber.org/protocol/caps' hash='sha-1' node='http://www.igniterealtime.org/projects/smack/' ver='MfNSpaZZVeqNka5cHSYg/cXUGgo='/></presence>
D/SMACK   ( 2249): 09:02:42 上午 SENT (311610255): <presence id="o50BI-7"><c xmlns='http://jabber.org/protocol/caps' hash='sha-1' node='http://www.igniterealtime.org/projects/smack/' ver='xd+EVu5VBcJlJ7JsjuvhhZUzJHg='/></presence>
D/SMACK   ( 2249): 09:02:42 上午 SENT (311610255): <presence id="o50BI-8"><c xmlns='http://jabber.org/protocol/caps' hash='sha-1' node='http://www.igniterealtime.org/projects/smack/' ver='omzIu0LP3bXpLtegop5F6ca+T9k='/></presence>
D/SMACK   ( 2249): 09:02:42 上午 SENT (311610255): <presence id="o50BI-9"><c xmlns='http://jabber.org/protocol/caps' hash='sha-1' node='http://www.igniterealtime.org/projects/smack/' ver='+fIuUdRHwf5kx3DPPD8JEPN1yuE='/></presence>
D/SMACK   ( 2249): 09:02:42 上午 RCV  (311610255): <iq type="result" id="o50BI-2" to="13632836691@openfire-cloud/A1b852863a"><query xmlns="jabber:iq:roster"/></iq>
D/http    ( 2249): 用户关联小区 HTTP请求 Url: http://jsh.jslife.com.cn/jslife-service/user/area 
D/http    ( 2249): 参数：{"currentLocationLatitude":"39.91641","currentLocationLongitude":"116.410254","userId":"eaa2fc61c4784b6ba67ac352b4afc808","bizSource":"APP_ANDROID","bizType":"JSLIFE","token":"e5306930d83c4cfab785a60991a09360"}
I/XMPP    ( 2249): loginToOpenfire==============  登陆openfire的结果 isSuccess:  true
I/XMPP    ( 2249): my jid = 13632836691@openfire-cloud/A1b852863a
I/XMPP    ( 2249):  实名登录成功 login  success!=============== userName=13632836691  pwd=123456
D/SMACK   ( 2249): 09:02:42 上午 RCV  (311610255): <presence id="o50BI-3" from="13632836691@openfire-cloud/A1b852863a" to="13632836691@openfire-cloud/A1b852863a"/>
I/UserState( 2249): myJid = 13632836691@openfire-cloud/A1b852863a receive jid=13632836691@openfire-cloud/A1b852863a  state=ONLINE
D/UserState( 2249): 上线, i'm  online ，jid = 13632836691@openfire-cloud/A1b852863a
I/InputDispatcher( 1534): Dropping event because there is no touchable window at (688, 914).
W/InputManager( 1534): Input event injection from pid 2233 failed.
W/InputManager( 1534): Input event injection from pid 2233 failed.
I/com.jieshun.jslife.activity.common.MainFragmentActivity( 2249): onResume()======
I/MobclickAgent( 2249): Extend current session: 97BA1DA9FE4E6A8C4FDF42FE327A7690
V/WindowManager( 1534): Adding window Window{2e15f486 u0 com.jieshun.jslife/com.jieshun.jslife.activity.common.MainFragmentActivity} at 4 of 7 (after Window{21eb242d u0 com.jieshun.jslife/com.jieshun.jslife.activity.common.LoadingActivity})
I/http    ( 2249): 
I/http    ( 2249): 登录 HTTP 返回：{"resultCode":"0","message":"","obj":null,"seqId":"eb24674aaf8847f69eba18a897498dae","token":"e5306930d83c4cfab785a60991a09360","userId":"eaa2fc61c4784b6ba67ac352b4afc808","nickName":"sky","userType":"APP","isNeedValidateRealname":null,"right":true}
I/jieshun.jslife( 2249): 用户信息保存成功....
I/http    ( 2249): 
I/http    ( 2249): 用户关联小区 HTTP 返回：{"resultCode":"0","message":"","obj":null,"seqId":"08e3b56111f24fd39de4ea42ce84147a","userArea":[{"userId":"eaa2fc61c4784b6ba67ac352b4afc808","areaId":"55981d2f448a42f796c2f20907aa2715","areaName":"捷顺展厅门禁","areaAddress":"","parkCode":"","businesserCode":"","telephone":"","isMoveCar":"0","isOpenDoor":"1","isOpenPark":"1","longitude":"","latitude":"","isAuthFlag":"1","isAuth":"0","authUserId":"","delayMode":"1","operateMode":"1","secretKey":"1521181398","personId":"fa9b33b036fe48f9a7f2ed8e32e64f4b","personName":"胡国彪","isNoWiring":"0","needWGApproal":"0","authPersonId":null,"distance":null,"openDoorWay":"3"},{"userId":"eaa2fc61c4784b6ba67ac352b4afc808","areaId":"0af857a862174ceab0094fb52782400f","areaName":"捷顺科技园区","areaAddress":"上梅林龙尾路10号","parkCode":"0000004439","businesserCode":"","telephone":"400-7005305","isMoveCar":"1","isOpenDoor":"1","isOpenPark":"1","longitude":"114.049846","latitude":"22.577052","isAuthFlag":"1","isAuth":"0","authUserId":"","delayMode":"0","operateMode":"0","secretKey":"0","personId":"4a6a45d68fd34dc5bfa1ff51c2979a34","personName":"胡国彪","isNoWiring":"0","needWGApproal":"0","authPersonId":null,"distance":"860446","openDoorWay":"1"}],"right":true}
D/PhoneStatusBar( 1657): disable: < expand ICONS* alerts SYSTEM_INFO* back home recent clock search >
D/PhoneStatusBar( 1657): disable: < expand icons* alerts system_info* back home recent clock search >
D/EGL_adreno( 1657): eglMakeCurrent: 0xb3fff8e0: ver 2 0 (tinfo 0xa300dac0)
D/EGL_adreno( 1657): eglMakeCurrent: 0xb3fff8e0: ver 2 0 (tinfo 0xa300dac0)
I/InputDispatcher( 1534): Dropping event because there is no touchable window at (565, 266).
W/InputManager( 1534): Input event injection from pid 2233 failed.
W/InputManager( 1534): Input event injection from pid 2233 failed.
I/InputDispatcher( 1534): Dropping event because there is no touchable window at (337, 1231).
W/InputManager( 1534): Input event injection from pid 2233 failed.
W/InputManager( 1534): Input event injection from pid 2233 failed.
I/http    ( 2249): 开门类型---> 3 [ 远程 + 蓝牙 ]
I/InputDispatcher( 1534): Dropping event because there is no touchable window at (99, 249).
W/InputManager( 1534): Input event injection from pid 2233 failed.
W/InputManager( 1534): Input event injection from pid 2233 failed.
D/http    ( 2249): 获取用户个人配置信息 HTTP请求 Url: http://jsh.jslife.com.cn/jslife-service/user/get_user_info 
D/http    ( 2249): 参数：{"userId":"eaa2fc61c4784b6ba67ac352b4afc808","bizSource":"APP_ANDROID","bizType":"JSLIFE","token":"e5306930d83c4cfab785a60991a09360"}
D/http    ( 2249): 查询审批记录 HTTP请求 Url: http://jsh.jslife.com.cn/jslife-service/authorize/search 
D/http    ( 2249): 参数：{"pageNum":1,"pageSize":1,"searchType":"2","userId":"eaa2fc61c4784b6ba67ac352b4afc808","bizSource":"APP_ANDROID","bizType":"JSLIFE","token":"e5306930d83c4cfab785a60991a09360"}
D/http    ( 2249): 插画查询 HTTP请求 Url: http://jsh.jslife.com.cn/jslife-service/base/illustrations/query_by_eventtype 
D/http    ( 2249): 参数：{"eventType":"OPENDOOR","userId":"eaa2fc61c4784b6ba67ac352b4afc808","bizSource":"APP_ANDROID","bizType":"JSLIFE","token":"e5306930d83c4cfab785a60991a09360"}
I/Choreographer( 2249): Skipped 72 frames!  The application may be doing too much work on its main thread.
D/JSParkingFragment( 2249): setUserVisibleHint isVisibleToUser = false ; isResumed() = false ; isNetConnect = true
D/XMPP    ( 2249):  JSJK requestjsjk_biz_member_balance_qry json : {"appId":"1645285811190497301","sign":"09b9a61e227f719c0eabe1fcbaa36f61","systemType":"02"}
D/XMPP    ( 2249):  JSJK URLjsjk_biz_member_balance_qry URL : http://hdwg.jieshunpay.cn:8120/jst-gateway/member/balanceMoney
I/CallbackListener( 2249): 请求队列xmppQueQue=========1
I/CallbackListener( 2249): requestMap add  activity = UserHomeFragment{4b8464 #0 id=0x7f1002d6 android:switcher:2131755734:4}  serviceId = ac.coupon.sy_getdrawgivequeryinfo
D/http    ( 2249): 获取用户个人配置信息 HTTP请求 Url: http://jsh.jslife.com.cn/jslife-service/user/get_user_info 
D/http    ( 2249): 参数：{"userId":"eaa2fc61c4784b6ba67ac352b4afc808","bizSource":"APP_ANDROID","bizType":"JSLIFE","token":"e5306930d83c4cfab785a60991a09360"}
W/FragmentManager( 2249): moveToState: Fragment state for UserHomeFragment{4b8464 #0 id=0x7f1002d6 android:switcher:2131755734:4} not updated inline; expected state 3 found 2
D/SMACK   ( 2249): 09:02:44 上午 SENT (311610255): <iq id="-3lpzcq_1" to="formal_cloud_jsh@openfire-cloud/master" type="get"><dreq xmlns="xmpp:iq:shunt"><cnt>{&quot;attributes&quot;:{},&quot;dataItems&quot;:[{&quot;attributes&quot;:{&quot;userid&quot;:&quot;eaa2fc61c4784b6ba67ac352b4afc808&quot;},&quot;failItems&quot;:[],&quot;objectId&quot;:&quot;objID&quot;,&quot;operateType&quot;:&quot;READ&quot;,&quot;subItems&quot;:[]}],&quot;requestType&quot;:&quot;DIRECTIVE&quot;,&quot;seqId&quot;:&quot;-3lpzcq_1&quot;,&quot;serviceId&quot;:&quot;ac.coupon.sy_getdrawgivequeryinfo&quot;}</cnt><crc>-538297453</crc><mode>ASYNC</mode><type>DIRECTIVE</type></dreq></iq>
D/XMPP    ( 2249): XMPP请求------> ac.coupon.sy_getdrawgivequeryinfo ---> 消息内容: {"attributes":{},"dataItems":[{"attributes":{"userid":"eaa2fc61c4784b6ba67ac352b4afc808"},"failItems":[],"objectId":"objID","operateType":"READ","subItems":[]}],"requestType":"DIRECTIVE","seqId":"-3lpzcq_1","serviceId":"ac.coupon.sy_getdrawgivequeryinfo"}
D/ld_audio_hw( 1367): lineFun, out_standby
D/ld_audio_hw( 1367): ld_close_output_stream, dev=0xb5875240, stream =0xb584a660
D/ld_audio_hw( 1367): ld_close_output_stream, stream=0xb584a660,  success!
I/com.jieshun.jslife.activity.homepage.HomePageFragment( 2249): 更新图片信息！===========
D/http    ( 2249): 加载首页数据 HTTP请求 Url: http://jsh.jslife.com.cn/jslife-service/homepage/loading_data 
D/http    ( 2249): 参数：{"areaId":"55981d2f448a42f796c2f20907aa2715","invokeServiceType":"VOTE,MONTH_CARD_DELAY,PAYMENT_CAR,","personId":"fa9b33b036fe48f9a7f2ed8e32e64f4b","userId":"eaa2fc61c4784b6ba67ac352b4afc808","bizSource":"APP_ANDROID","bizType":"JSLIFE","token":"e5306930d83c4cfab785a60991a09360"}
D/SMACK   ( 2249): 09:02:44 上午 RCV  (311610255): <iq id="-3lpzcq_1" to="13632836691@openfire-cloud/A1b852863a" from="formal_cloud_jsh@openfire-cloud/master" type="result"><dres xmlns="xmpp:iq:shunt"><cnt>{"attributes":{},"dataItems":[{"attributes":{"strategyid":"","draw_end_time":"2019-04-20 23:59:59","couponname":"三楼测试2018420","userid":"eaa2fc61c4784b6ba67ac352b4afc808","coupon_num":"CP201804201664824499","mode":"AMT","draw_start_time":"2018-04-20 00:00:00","id":"74ef7abc92184a22831d30f1ffd79131","is_overtime":"0","coupon_money":"1.00","sharetime":"","description":"","strategytype":"","is_share":"0","shareuserid":"","shareuser":"","stop_time":"2019-05-20 23:59:59","status":"0","draw_time":"2018-04-20 22:14:42","couponType":"0","ditch_name":"ADVERT","strategyname":"","start_time":"2018-04-20 00:00:00","coupon_status":"1"},"failItems":[],"objectId":"","operateType":"READ","subItems":[{"attributes":{"park_name":"三楼测试--20171207","businesser_code":"880075501009196","park_code":"20171207"},"failItems":[],"objectId":"PARKLIST","operateType":"READ","subItems":[]}]},{"attributes":{"strategyid":"","draw_end_time":"2019-04-20 23:59:59","couponname":"三楼测试2018420","userid":"eaa2fc61c4784b6ba67ac352b4afc808","coupon_num":"CP201804201671795834","mode":"AMT","draw_start_time":"2018-04-20 00:00:00","id":"dbe549b3057443f3914039de724b97d9","is_overtime":"0","coupon_money":"1.00","sharetime":"","description":"","strategytype":"","is_share":"0","shareuserid":"","shareuser":"","stop_time":"2019-05-20 23:59:59","status":"0","draw_time":"2018-04-20 22:26:19","couponType":"0","ditch_name":"ADVERT","strategyname":"","start_time":"2018-04-20 00:00:00","coupon_status":"1"},"failItems":[],"objectId":"","operateType":"READ","subItems":[{"attributes":{"park_name":"三楼测试--20171207","businesser_code":"880075501009196","park_code":"20171207"},"failItems":[],"objectId":"PARKLIST","operateType":"READ","subItems":[]}]}],"resultCode":0,"seqId":"-3lpzcq_1","serviceId":"ac.coupon.sy_getdrawgivequeryinfo"}</cnt><crc>-2026637468</crc><rc>0</rc><sync>false</sync></dres></iq>
I/InputDispatcher( 1534): Dropping event because there is no touchable window at (421, 209).
W/InputManager( 1534): Input event injection from pid 2233 failed.
W/InputManager( 1534): Input event injection from pid 2233 failed.
I/CallbackListener( 2249): requestMap  remove  serviceId = ac.coupon.sy_getdrawgivequeryinfo in = UserHomeFragment{4b8464 #0 id=0x7f1002d6 android:switcher:2131755734:4}
D/XMPP    ( 2249): 接收到云平台返回数据: {"attributes":{},"dataItems":[{"attributes":{"couponType":"0","coupon_money":"1.00","coupon_num":"CP201804201664824499","coupon_status":"1","couponname":"三楼测试2018420","description":"","ditch_name":"ADVERT","draw_end_time":"2019-04-20 23:59:59","draw_start_time":"2018-04-20 00:00:00","draw_time":"2018-04-20 22:14:42","id":"74ef7abc92184a22831d30f1ffd79131","is_overtime":"0","is_share":"0","mode":"AMT","sharetime":"","shareuser":"","shareuserid":"","start_time":"2018-04-20 00:00:00","status":"0","stop_time":"2019-05-20 23:59:59","strategyid":"","strategyname":"","strategytype":"","userid":"eaa2fc61c4784b6ba67ac352b4afc808"},"failItems":[],"objectId":"","operateType":"READ","subItems":[{"attributes":{"businesser_code":"880075501009196","park_code":"20171207","park_name":"三楼测试--20171207"},"failItems":[],"objectId":"PARKLIST","operateType":"READ","subItems":[]}]},{"attributes":{"couponType":"0","coupon_money":"1.00","coupon_num":"CP201804201671795834","coupon_status":"1","couponname":"三楼测试2018420","description":"","ditch_name":"ADVERT","draw_end_time":"2019-04-20 23:59:59","draw_start_time":"2018-04-20 00:00:00","draw_time":"2018-04-20 22:26:19","id":"dbe549b3057443f3914039de724b97d9","is_overtime":"0","is_share":"0","mode":"AMT","sharetime":"","shareuser":"","shareuserid":"","start_time":"2018-04-20 00:00:00","status":"0","stop_time":"2019-05-20 23:59:59","strategyid":"","strategyname":"","strategytype":"","userid":"eaa2fc61c4784b6ba67ac352b4afc808"},"failItems":[],"objectId":"","operateType":"READ","subItems":[{"attributes":{"businesser_code":"880075501009196","park_code":"20171207","park_name":"三楼测试--20171207"},"failItems":[],"objectId":"PARKLIST","operateType":"READ","subItems":[]}]}],"resultCode":0,"seqId":"-3lpzcq_1","serviceId":"ac.coupon.sy_getdrawgivequeryinfo"}
V/libnb   ( 2249): enter native_bridge2_isSupported /data/app/com.jieshun.jslife-2/lib/arm/libBaiduMapSDK_map_v4_5_2.so
V/libnb   ( 2249): enter native_bridge2_loadLibrary /data/app/com.jieshun.jslife-2/lib/arm/libBaiduMapSDK_map_v4_5_2.so
D/houdini ( 2249): [2249] Added shared library /data/app/com.jieshun.jslife-2/lib/arm/libBaiduMapSDK_map_v4_5_2.so for ClassLoader by Native Bridge.
V/libnb   ( 2249): enter native_bridge2_getTrampoline JNI_OnLoad, trampoline_addr 0xb2438eac
V/libnb   ( 2249): enter native_bridge2_getTrampoline Java_com_baidu_platform_comjni_engine_JNIEngine_initClass, trampoline_addr 0x0
V/libnb   ( 2249): enter native_bridge2_getTrampoline Java_com_baidu_platform_comjni_engine_JNIEngine_initClass__Ljava_lang_Object_2I, trampoline_addr 0x0
V/libnb   ( 2249): enter native_bridge2_getTrampoline Java_com_baidu_platform_comjni_engine_JNIEngine_initClass, trampoline_addr 0xb2438e3c
V/libnb   ( 2249): enter native_bridge2_getTrampoline Java_com_baidu_platform_comjni_map_commonmemcache_JNICommonMemCache_Create, trampoline_addr 0x0
V/libnb   ( 2249): enter native_bridge2_getTrampoline Java_com_baidu_platform_comjni_map_commonmemcache_JNICommonMemCache_Create__, trampoline_addr 0x0
V/libnb   ( 2249): enter native_bridge2_getTrampoline Java_com_baidu_platform_comjni_map_commonmemcache_JNICommonMemCache_Create, trampoline_addr 0xb2438e04
V/libnb   ( 2249): enter native_bridge2_getTrampoline Java_com_baidu_platform_comjni_map_commonmemcache_JNICommonMemCache_Init, trampoline_addr 0x0
V/libnb   ( 2249): enter native_bridge2_getTrampoline Java_com_baidu_platform_comjni_map_commonmemcache_JNICommonMemCache_Init__J, trampoline_addr 0x0
V/libnb   ( 2249): enter native_bridge2_getTrampoline Java_com_baidu_platform_comjni_map_commonmemcache_JNICommonMemCache_Init, trampoline_addr 0xb2438dcc
V/libnb   ( 2249): enter native_bridge2_getTrampoline Java_com_baidu_platform_comjni_engine_JNIEngine_InitEngine, trampoline_addr 0x0
V/libnb   ( 2249): enter native_bridge2_getTrampoline Java_com_baidu_platform_comjni_engine_JNIEngine_InitEngine__Landroid_content_Context_2, trampoline_addr 0x0
V/libnb   ( 2249): enter native_bridge2_getTrampoline Java_com_baidu_platform_comjni_engine_JNIEngine_InitEngine, trampoline_addr 0xb2438d94
V/libnb   ( 2249): enter native_bridge2_getTrampoline Java_com_baidu_platform_comjni_engine_JNIEngine_StartSocketProc, trampoline_addr 0x0
V/libnb   ( 2249): enter native_bridge2_getTrampoline Java_com_baidu_platform_comjni_engine_JNIEngine_StartSocketProc__, trampoline_addr 0x0
V/libnb   ( 2249): enter native_bridge2_getTrampoline Java_com_baidu_platform_comjni_engine_JNIEngine_StartSocketProc, trampoline_addr 0xb2438d5c
V/libnb   ( 2249): enter native_bridge2_getTrampoline Java_com_baidu_platform_comjni_engine_JNIEngine_SetProxyInfo, trampoline_addr 0x0
V/libnb   ( 2249): enter native_bridge2_getTrampoline Java_com_baidu_platform_comjni_engine_JNIEngine_SetProxyInfo__Ljava_lang_String_2I, trampoline_addr 0x0
V/libnb   ( 2249): enter native_bridge2_getTrampoline Java_com_baidu_platform_comjni_engine_JNIEngine_SetProxyInfo, trampoline_addr 0xb2438d24
V/libnb   ( 2249): enter native_bridge2_getTrampoline Java_com_baidu_platform_comjni_map_basemap_JNIBaseMap_Create, trampoline_addr 0x0
V/libnb   ( 2249): enter native_bridge2_getTrampoline Java_com_baidu_platform_comjni_map_basemap_JNIBaseMap_Create__, trampoline_addr 0x0
V/libnb   ( 2249): enter native_bridge2_getTrampoline Java_com_baidu_platform_comjni_map_basemap_JNIBaseMap_Create, trampoline_addr 0xb2438cec
V/libnb   ( 2249): enter native_bridge2_getTrampoline Java_com_baidu_platform_comjni_map_basemap_JNIBaseMap_SetCallback, trampoline_addr 0x0
V/libnb   ( 2249): enter native_bridge2_getTrampoline Java_com_baidu_platform_comjni_map_basemap_JNIBaseMap_SetCallback__JLcom_baidu_platform_comjni_map_basemap_BaseMapCallback_2, trampoline_addr 0x0
V/libnb   ( 2249): enter native_bridge2_getTrampoline Java_com_baidu_platform_comjni_map_basemap_JNIBaseMap_SetCallback, trampoline_addr 0xb2438cb4
V/libnb   ( 2249): enter native_bridge2_getTrampoline Java_com_baidu_platform_comjni_map_basemap_JNIBaseMap_Init, trampoline_addr 0x0
V/libnb   ( 2249): enter native_bridge2_getTrampoline Java_com_baidu_platform_comjni_map_basemap_JNIBaseMap_Init__JLjava_lang_String_2Ljava_lang_String_2Ljava_lang_String_2Ljava_lang_String_2Ljava_lang_String_2Ljava_lang_String_2Ljava_lang_String_2Ljava_lang_String_2IIIIIII, trampoline_addr 0x0
V/libnb   ( 2249): enter native_bridge2_getTrampoline Java_com_baidu_platform_comjni_map_basemap_JNIBaseMap_Init, trampoline_addr 0xb2438c7c
I/InputDispatcher( 1534): Dropping event because there is no touchable window at (115, 1269).
W/InputManager( 1534): Input event injection from pid 2233 failed.
W/InputManager( 1534): Input event injection from pid 2233 failed.
I/InputDispatcher( 1534): Dropping event because there is no touchable window at (648, 417).
W/InputManager( 1534): Input event injection from pid 2233 failed.
W/InputManager( 1534): Input event injection from pid 2233 failed.
I/InputDispatcher( 1534): Dropping event because there is no touchable window at (612, 585).
W/InputManager( 1534): Input event injection from pid 2233 failed.
W/InputManager( 1534): Input event injection from pid 2233 failed.
V/libnb   ( 2249): enter native_bridge2_getTrampoline Java_com_baidu_platform_comjni_map_basemap_JNIBaseMap_OnResume, trampoline_addr 0x0
V/libnb   ( 2249): enter native_bridge2_getTrampoline Java_com_baidu_platform_comjni_map_basemap_JNIBaseMap_OnResume__J, trampoline_addr 0x0
V/libnb   ( 2249): enter native_bridge2_getTrampoline Java_com_baidu_platform_comjni_map_basemap_JNIBaseMap_OnResume, trampoline_addr 0xb2438c44
V/libnb   ( 2249): enter native_bridge2_getTrampoline Java_com_baidu_platform_comjni_map_basemap_JNIBaseMap_AddLayer, trampoline_addr 0x0
V/libnb   ( 2249): enter native_bridge2_getTrampoline Java_com_baidu_platform_comjni_map_basemap_JNIBaseMap_AddLayer__JIILjava_lang_String_2, trampoline_addr 0x0
V/libnb   ( 2249): enter native_bridge2_getTrampoline Java_com_baidu_platform_comjni_map_basemap_JNIBaseMap_AddLayer, trampoline_addr 0xb2438c0c
V/libnb   ( 2249): enter native_bridge2_getTrampoline Java_com_baidu_platform_comjni_map_basemap_JNIBaseMap_ShowBaseIndoorMap, trampoline_addr 0x0
V/libnb   ( 2249): enter native_bridge2_getTrampoline Java_com_baidu_platform_comjni_map_basemap_JNIBaseMap_ShowBaseIndoorMap__JZ, trampoline_addr 0x0
V/libnb   ( 2249): enter native_bridge2_getTrampoline Java_com_baidu_platform_comjni_map_basemap_JNIBaseMap_ShowBaseIndoorMap, trampoline_addr 0xb2438bd4
V/libnb   ( 2249): enter native_bridge2_getTrampoline Java_com_baidu_platform_comjni_map_basemap_JNIBaseMap_SetMapStatus, trampoline_addr 0x0
V/libnb   ( 2249): enter native_bridge2_getTrampoline Java_com_baidu_platform_comjni_map_basemap_JNIBaseMap_SetMapStatus__JLandroid_os_Bundle_2, trampoline_addr 0x0
V/libnb   ( 2249): enter native_bridge2_getTrampoline Java_com_baidu_platform_comjni_map_basemap_JNIBaseMap_SetMapStatus, trampoline_addr 0xb2438b9c
V/libnb   ( 2249): enter native_bridge2_getTrampoline Java_com_baidu_platform_comjni_map_basemap_JNIBaseMap_SetMapControlMode, trampoline_addr 0x0
V/libnb   ( 2249): enter native_bridge2_getTrampoline Java_com_baidu_platform_comjni_map_basemap_JNIBaseMap_SetMapControlMode__JI, trampoline_addr 0x0
V/libnb   ( 2249): enter native_bridge2_getTrampoline Java_com_baidu_platform_comjni_map_basemap_JNIBaseMap_SetMapControlMode, trampoline_addr 0xb2438b64
V/libnb   ( 2249): enter native_bridge2_getTrampoline Java_com_baidu_platform_comjni_map_basemap_JNIBaseMap_ShowLayers, trampoline_addr 0x0
V/libnb   ( 2249): enter native_bridge2_getTrampoline Java_com_baidu_platform_comjni_map_basemap_JNIBaseMap_ShowLayers__JJZ, trampoline_addr 0x0
V/libnb   ( 2249): enter native_bridge2_getTrampoline Java_com_baidu_platform_comjni_map_basemap_JNIBaseMap_ShowLayers, trampoline_addr 0xb2438b2c
V/libnb   ( 2249): enter native_bridge2_getTrampoline Java_com_baidu_platform_comjni_map_basemap_JNIBaseMap_LayersIsShow, trampoline_addr 0x0
V/libnb   ( 2249): enter native_bridge2_getTrampoline Java_com_baidu_platform_comjni_map_basemap_JNIBaseMap_LayersIsShow__JJ, trampoline_addr 0x0
V/libnb   ( 2249): enter native_bridge2_getTrampoline Java_com_baidu_platform_comjni_map_basemap_JNIBaseMap_LayersIsShow, trampoline_addr 0xb2438af4
W/art     ( 1534): Long monitor contention event with owner method=void com.android.server.wm.WindowAnimator$1.run() from WindowAnimator.java:124 waiters=0 for 123ms
V/libnb   ( 2249): enter native_bridge2_getTrampoline Java_com_baidu_platform_comjni_map_basemap_JNIBaseMap_ShowSatelliteMap, trampoline_addr 0x0
V/libnb   ( 2249): enter native_bridge2_getTrampoline Java_com_baidu_platform_comjni_map_basemap_JNIBaseMap_ShowSatelliteMap__JZ, trampoline_addr 0x0
V/libnb   ( 2249): enter native_bridge2_getTrampoline Java_com_baidu_platform_comjni_map_basemap_JNIBaseMap_ShowSatelliteMap, trampoline_addr 0xb2438abc
V/libnb   ( 2249): enter native_bridge2_getTrampoline Java_com_baidu_platform_comjni_map_basemap_JNIBaseMap_ClearLayer, trampoline_addr 0x0
V/libnb   ( 2249): enter native_bridge2_getTrampoline Java_com_baidu_platform_comjni_map_basemap_JNIBaseMap_ClearLayer__JJ, trampoline_addr 0x0
V/libnb   ( 2249): enter native_bridge2_getTrampoline Java_com_baidu_platform_comjni_map_basemap_JNIBaseMap_ClearLayer, trampoline_addr 0xb2438a84
V/libnb   ( 2249): enter native_bridge2_getTrampoline Java_com_baidu_platform_comjni_map_basemap_JNIBaseMap_IsBaseIndoorMapMode, trampoline_addr 0x0
V/libnb   ( 2249): enter native_bridge2_getTrampoline Java_com_baidu_platform_comjni_map_basemap_JNIBaseMap_IsBaseIndoorMapMode__J, trampoline_addr 0x0
V/libnb   ( 2249): enter native_bridge2_getTrampoline Java_com_baidu_platform_comjni_map_basemap_JNIBaseMap_IsBaseIndoorMapMode, trampoline_addr 0xb2438a4c
D/JSParkingFragment( 2249):  initData isNetConnect = true
D/sensor_ld( 1534): cb_setDelay handle=0 delay-ns=20000000
D/sensor_ld( 1534): cb_setDelay handle=0 delay-ns=20000000
D/sensor_ld( 1534): cb_activate handle=6 enabled=1
D/sensor_ld( 1534): cb_setDelay handle=6 delay-ns=5000000
W/FragmentManager( 2249): moveToState: Fragment state for JSParkingFragment{332be5f3 #2 id=0x7f1002d6 android:switcher:2131755734:1} not updated inline; expected state 3 found 2
W/Resources( 2249): Converting to float: TypedValue{t=0x3/d=0xd "1f" a=-1}
W/Resources( 2249): Converting to float: TypedValue{t=0x3/d=0xe "0.5f" a=-1}
W/Resources( 2249): Converting to float: TypedValue{t=0x3/d=0xd "1f" a=-1}
W/Resources( 2249): Converting to float: TypedValue{t=0x3/d=0xe "0.5f" a=-1}
W/Resources( 2249): Converting to float: TypedValue{t=0x3/d=0xd "0.5f" a=-1}
W/Resources( 2249): Converting to float: TypedValue{t=0x3/d=0xe "1.0f" a=-1}
W/Resources( 2249): Converting to float: TypedValue{t=0x3/d=0xd "0.5f" a=-1}
W/Resources( 2249): Converting to float: TypedValue{t=0x3/d=0xe "1.0f" a=-1}
W/Resources( 2249): Converting to float: TypedValue{t=0x3/d=0xb "1f" a=-1}
W/Resources( 2249): Converting to float: TypedValue{t=0x3/d=0xb "1f" a=-1}
W/Resources( 2249): Converting to float: TypedValue{t=0x3/d=0xb "1f" a=-1}
W/Resources( 2249): Converting to float: TypedValue{t=0x3/d=0xb "1f" a=-1}
W/FragmentManager( 2249): moveToState: Fragment state for OpenDoorMainFragment{275c97c8 #3 id=0x7f1002d6 android:switcher:2131755734:2} not updated inline; expected state 3 found 2
E/ActivityManager( 1534): denglibo handle startActivityAsUser Intent { act=android.intent.action.MAIN cat=[android.intent.category.HOME] flg=0x10200000 } error!!!
E/ActivityManager( 1534): java.lang.NullPointerException: Attempt to invoke virtual method 'java.lang.String android.content.ComponentName.getPackageName()' on a null object reference
E/ActivityManager( 1534): 	at com.android.server.am.ActivityManagerService.startActivityAsUser(ActivityManagerService.java:3386)
E/ActivityManager( 1534): 	at android.app.ContextImpl.startActivityAsUser(ContextImpl.java:1252)
E/ActivityManager( 1534): 	at android.app.ContextImpl.startActivityAsUser(ContextImpl.java:1231)
E/ActivityManager( 1534): 	at com.android.internal.policy.impl.PhoneWindowManager.startActivityAsUser(PhoneWindowManager.java:2893)
E/ActivityManager( 1534): 	at com.android.internal.policy.impl.PhoneWindowManager.startDockOrHome(PhoneWindowManager.java:5851)
E/ActivityManager( 1534): 	at com.android.internal.policy.impl.PhoneWindowManager.launchHomeFromHotKey(PhoneWindowManager.java:3021)
E/ActivityManager( 1534): 	at com.android.internal.policy.impl.PhoneWindowManager.handleShortPressOnHome(PhoneWindowManager.java:1140)
E/ActivityManager( 1534): 	at com.android.internal.policy.impl.PhoneWindowManager.interceptKeyBeforeDispatching(PhoneWindowManager.java:2480)
E/ActivityManager( 1534): 	at com.android.server.wm.InputMonitor.interceptKeyBeforeDispatching(InputMonitor.java:388)
E/ActivityManager( 1534): 	at com.android.server.input.InputManagerService.interceptKeyBeforeDispatching(InputManagerService.java:1481)
I/ActivityManager( 1534): START u0 {act=android.intent.action.MAIN cat=[android.intent.category.HOME] flg=0x10200000 cmp=com.android.launcher3/.Launcher} from uid 1000 on display 0
I/CallbackListener( 2249): requestMap add  activity = MiniCommunityFragment{1995115 #4 id=0x7f1002d6 android:switcher:2131755734:3}  serviceId = ac.msg.queryunreadmsgcount
W/FragmentManager( 2249): moveToState: Fragment state for MiniCommunityFragment{1995115 #4 id=0x7f1002d6 android:switcher:2131755734:3} not updated inline; expected state 3 found 2
D/XMPP    ( 2249):  JSJK requestjsjk_biz_member_balance_qry json : {"appId":"1645285811190497301","mobile":"13632836691","sign":"abccca338fec99cf9a7b902942d6930b","systemType":"02"}
D/XMPP    ( 2249):  JSJK URLjsjk_biz_member_balance_qry URL : http://hdwg.jieshunpay.cn:8120/jst-gateway/member/balanceMoney
D/SMACK   ( 2249): 09:02:46 上午 SENT (311610255): <iq id="-3lpzcq_2" to="formal_cloud_jsh@openfire-cloud/master" type="get"><dreq xmlns="xmpp:iq:shunt"><cnt>{&quot;attributes&quot;:{&quot;AREA_ID&quot;:&quot;55981d2f448a42f796c2f20907aa2715&quot;,&quot;USER_ID&quot;:&quot;eaa2fc61c4784b6ba67ac352b4afc808&quot;},&quot;dataItems&quot;:[],&quot;requestType&quot;:&quot;DIRECTIVE&quot;,&quot;seqId&quot;:&quot;-3lpzcq_2&quot;,&quot;serviceId&quot;:&quot;ac.msg.queryunreadmsgcount&quot;}</cnt><crc>88941820</crc><mode>ASYNC</mode><type>DIRECTIVE</type></dreq></iq>
D/XMPP    ( 2249): XMPP请求------> ac.msg.queryunreadmsgcount ---> 消息内容: {"attributes":{"AREA_ID":"55981d2f448a42f796c2f20907aa2715","USER_ID":"eaa2fc61c4784b6ba67ac352b4afc808"},"dataItems":[],"requestType":"DIRECTIVE","seqId":"-3lpzcq_2","serviceId":"ac.msg.queryunreadmsgcount"}
V/libnb   ( 2249): enter native_bridge2_getTrampoline Java_com_baidu_platform_comjni_map_basemap_JNIBaseMap_ResetImageRes, trampoline_addr 0x0
V/libnb   ( 2249): enter native_bridge2_getTrampoline Java_com_baidu_platform_comjni_map_basemap_JNIBaseMap_ResetImageRes__J, trampoline_addr 0x0
V/libnb   ( 2249): enter native_bridge2_getTrampoline Java_com_baidu_platform_comjni_map_basemap_JNIBaseMap_ResetImageRes, trampoline_addr 0xb2438a14
V/libnb   ( 2249): enter native_bridge2_getTrampoline Java_com_baidu_platform_comjni_map_basemap_JNIBaseMap_PostStatInfo, trampoline_addr 0x0
V/libnb   ( 2249): enter native_bridge2_getTrampoline Java_com_baidu_platform_comjni_map_basemap_JNIBaseMap_PostStatInfo__J, trampoline_addr 0x0
V/libnb   ( 2249): enter native_bridge2_getTrampoline Java_com_baidu_platform_comjni_map_basemap_JNIBaseMap_PostStatInfo, trampoline_addr 0xb24389dc
I/CallbackListener( 2249): 请求队列xmppQueQue=========1
D/SMACK   ( 2249): 09:02:46 上午 RCV  (311610255): <iq id="-3lpzcq_2" to="13632836691@openfire-cloud/A1b852863a" from="formal_cloud_jsh@openfire-cloud/master" type="result"><dres xmlns="xmpp:iq:shunt"><cnt>{"attributes":{"TOTAL_UNREAD_COUNT":2,"NOTIFY_UNREAD_COUNT":2,"BUSINESS_UNREAD_COUNT":0,"MANAGER_UNREAD_COUNT":0},"dataItems":[],"resultCode":0,"seqId":"-3lpzcq_2","serviceId":"ac.msg.queryunreadmsgcount"}</cnt><crc>1444560518</crc><rc>0</rc><sync>false</sync></dres></iq>
I/CallbackListener( 2249): requestMap  remove  serviceId = ac.msg.queryunreadmsgcount in = MiniCommunityFragment{1995115 #4 id=0x7f1002d6 android:switcher:2131755734:3}
D/XMPP    ( 2249): 接收到云平台返回数据: {"attributes":{"BUSINESS_UNREAD_COUNT":0,"MANAGER_UNREAD_COUNT":0,"NOTIFY_UNREAD_COUNT":2,"TOTAL_UNREAD_COUNT":2},"dataItems":[],"resultCode":0,"seqId":"-3lpzcq_2","serviceId":"ac.msg.queryunreadmsgcount"}
I/art     ( 2249): Background sticky concurrent mark sweep GC freed 34448(1831KB) AllocSpace objects, 3(86KB) LOS objects, 0% free, 37MB/37MB, paused 4.695ms total 111.455ms
I/InputDispatcher( 1534): Dropping event because there is no touchable window at (119, 1096).
W/InputManager( 1534): Input event injection from pid 2233 failed.
W/InputManager( 1534): Input event injection from pid 2233 failed.
W/InputManager( 1534): Input event injection from pid 2233 failed.
W/InputManager( 1534): Input event injection from pid 2233 failed.
W/InputManager( 1534): Input event injection from pid 2233 failed.
W/InputManager( 1534): Input event injection from pid 2233 failed.
W/InputManager( 1534): Input event injection from pid 2233 failed.
W/InputManager( 1534): Input event injection from pid 2233 failed.
W/InputManager( 1534): Input event injection from pid 2233 failed.
W/InputManager( 1534): Input event injection from pid 2233 failed.
E/EGL_adreno( 2249): tid 2312: eglSurfaceAttrib(1266): error 0x3009 (EGL_BAD_MATCH)
W/OpenGLRenderer( 2249): Failed to set EGL_SWAP_BEHAVIOR on surface 0xadc8f240, error=EGL_BAD_MATCH
D/EGL_adreno( 2249): eglMakeCurrent: 0xadd065e0: ver 2 0 (tinfo 0xadc39600)
E/RecyclerView( 2249): No adapter attached; skipping layout
V/WindowManager( 1534): Adding window Window{3e565855 u0 SurfaceView} at 4 of 8 (before Window{2e15f486 u0 com.jieshun.jslife/com.jieshun.jslife.activity.common.MainFragmentActivity})
V/libnb   ( 2249): enter native_bridge2_getTrampoline Java_com_baidu_platform_comjni_map_basemap_JNIBaseMap_GetMapStatus, trampoline_addr 0x0
V/libnb   ( 2249): enter native_bridge2_getTrampoline Java_com_baidu_platform_comjni_map_basemap_JNIBaseMap_GetMapStatus__J, trampoline_addr 0x0
I/HostConnection( 2249): HostConnection::HostConnection: pid=2249, tid=2399, this=0xadccbd30
I/        ( 2249): fastpipe: Connect success
D/HostConnection( 2249): HostRPC::connect sucess: app=com.jieshun.jslife, pid=2249, tid=2399, this=0xadc26000
V/libnb   ( 2249): enter native_bridge2_getTrampoline Java_com_baidu_platform_comjni_map_basemap_JNIBaseMap_GetMapStatus, trampoline_addr 0xb24389a4
D/HostConnection( 2249): queryAndSetGLESMaxVersion select gles-version: 2.0 hostGLVersion:31 process:com.jieshun.jslife
I/EGL_adreno( 2249): eglCreateContext request GLES major-version=2
D/EGL_adreno( 2249): eglCreateContext: 0x9ec4f400: maj 2 min 0 rcv 2
D/EGL_adreno( 2249): eglMakeCurrent: 0x9ec4f400: ver 2 0 (tinfo 0xaddb83e0)
V/libnb   ( 2249): enter native_bridge2_getTrampoline Java_com_baidu_platform_comapi_map_MapRenderer_nativeInit, trampoline_addr 0x0
V/libnb   ( 2249): enter native_bridge2_getTrampoline Java_com_baidu_platform_comapi_map_MapRenderer_nativeInit__J, trampoline_addr 0x0
V/libnb   ( 2249): enter native_bridge2_getTrampoline Java_com_baidu_platform_comapi_map_MapRenderer_nativeInit, trampoline_addr 0xb243896c
D/HostConnection( 2249): ExtendedRCEncoderContext GL_VERSION return OpenGL ES 2.0 (3.1.0 - Build 9.17.10.4229)
D/widget.PullToRefreshLayout( 2249): disallowInterceptTouchEvent=false
D/widget.PullToRefreshLayout( 2249): ACTION_DOWN  startX=130, startY=1037.0
D/widget.PullToRefreshLayout( 2249): super.onTouchEvent(ev) = true
D/widget.PullToRefreshLayout( 2249): disallowInterceptTouchEvent=false
D/widget.PullToRefreshLayout( 2249): ACTION_UP  currentX=137, currentY=1083
D/widget.PullToRefreshLayout( 2249): super.onTouchEvent(ev) = true
I/com.jieshun.jslife.service.XMPPService( 2249): changeLogin ===============
D/PUSH    ( 2249):  anonymousToRealNameConnectOpenire PUSH 
D/XMPP    ( 2249): anonymousToRealNameConnectOpenire =====  userName = 13632836691 ; pwd = 123456
D/PUSH    ( 2249): anonymousToRealNameConnectOpenire =====  userName = 13632836691 ; pwd = 123456
D/Ble     ( 2249): onServiceConnected  BluetoothLeService = com.jieshun.jslife.service.BluetoothLeService$MyBinder@301f6ec1
V/Ble     ( 2249): ------------onServiceConnected  BluetoothLeService = com.jieshun.jslife.service.BluetoothLeService$MyBinder@301f6ec1--------------
D/XMPP    ( 2249): 启动ConnectThread，开始连接Openfire=========
D/XMPP    ( 2249):  开始轮训实名登录start Login Openfire userName = 13632836691;  pwd =123456;  resource =A1b852863a
I/XMPP    ( 2249): 发起登录openfire============== OPENFIRE=jsimp.jslife.com.cn SERVICE_NAME=openfire-cloud PORT=7608  userName=13632836691  pwd=123456 ; resource=A1b852863a
I/http    ( 2249): 
I/http    ( 2249): 获取用户个人配置信息 HTTP 返回：{"resultCode":"0","message":"","obj":null,"seqId":"b5216723925642459b93e30740d74bc7","userId":"eaa2fc61c4784b6ba67ac352b4afc808","userType":"APP","name":"13632836691","sex":"MALE","nation":"","telephone":"13632836691","nickName":"sky","status":"NORMAL","nationality":null,"provice":null,"city":null,"birthdate":"2018-01-18","photoUrl":"\/HEAD\/2017-11-22\/ca82457976a04c278a447a4ee34d8c1a.png","createTime":"2016-01-13 14:40:08","personSign":"胡国彪测试账号","realName":"胡国彪","shortCut":null,"pshMsgConfig":{"id":"cd5614fa42da42dbbd03fad5cff9bed4","userId":"eaa2fc61c4784b6ba67ac352b4afc808","isPush":"1","isPushLife":"1","isPushDiscount":"1","isUndisturbed":""},"right":true}
D/SMACK   ( 2249): 09:02:46 上午 SENT (311610255): <presence id="o50BI-10" type="unavailable"><c xmlns='http://jabber.org/protocol/caps' hash='sha-1' node='http://www.igniterealtime.org/projects/smack/' ver='+fIuUdRHwf5kx3DPPD8JEPN1yuE='/></presence>
D/SMACK   ( 2249): 09:02:46 上午 Connection closed (311610255)
I/UserState( 2249): myJid = 13632836691@openfire-cloud/A1b852863a receive jid=null  state=OFFLINE
D/SMACK   ( 2249): 09:02:46 上午 SENT (311610255): </stream:stream>
I/http    ( 2249): ---> 主页 -- 收到通知 ----> UPDATEDENICKNAME
I/XMPP    ( 2249): 更新开关配置信息！===========
I/http    ( 2249): 
I/http    ( 2249): 查询审批记录 HTTP 返回：{"resultCode":"0","message":"","obj":null,"seqId":"f13a9b252de24023a1d62475ec6ced90","infoList":[],"right":true}
D/Ble     ( 2249): 蓝牙开门结果----onEventMainThread--> not_support_open_door_approve
D/BluetoothAdapter( 2249): stopLeScan()
D/BluetoothAdapter( 2249): 803904574: getState() :  mService = null. Returning STATE_OFF
D/testt   ( 2249): onEventMainThread收到了消息：not_support_open_door_approve
I/http    ( 2249): 
I/http    ( 2249): 插画查询 HTTP 返回：{"resultCode":"0","message":"","obj":[{"type":"1","startTime":"06:01","endTime":"12:00","picPath":"https:\/\/jht-nissp.oss-cn-shenzhen.aliyuncs.com\/ICOP\/JSLIFEMAINPAGECARD\/5ecb7547d5a6447bbb72e7f0beabe994..jpg?Expires=1687260196&OSSAccessKeyId=LTAIH9BWpXZVLFE3&Signature=xLeMAF6686nDSZDinvy0Ia4xdUc%3D","urlPath":null,"eventType":"OPENDOOR","wordInfo":"走的慢不重要，重要的是你不停止！"},{"type":"1","startTime":"06:01","endTime":"12:00","picPath":"https:\/\/jht-nissp.oss-cn-shenzhen.aliyuncs.com\/ICOP\/JSLIFEMAINPAGECARD\/c24c99484fad47e0a555c2f895be1a3f..jpg?Expires=1687665653&OSSAccessKeyId=LTAIH9BWpXZVLFE3&Signature=6IK%2FVCBjk3eptfRIPegyy1IP4aA%3D","urlPath":null,"eventType":"OPENDOOR","wordInfo":"世界总为梦想者让路。"},{"type":"1","startTime":"06:01","endTime":"12:00","picPath":"https:\/\/jht-nissp.oss-cn-shenzhen.aliyuncs.com\/ICOP\/JSLIFEMAINPAGECARD\/28572efbebba49f18e97b1929d88165e..jpg?Expires=1687665652&OSSAccessKeyId=LTAIH9BWpXZVLFE3&Signature=nQrUi%2BYhEqmK%2BvZPvFB403jokqM%3D","urlPath":null,"eventType":"OPENDOOR","wordInfo":"别让你的梦想只成为梦想。"},{"type":"2","startTime":"12:01","endTime":"18:00","picPath":"https:\/\/jht-nissp.oss-cn-shenzhen.aliyuncs.com\/ICOP\/JSLIFEMAINPAGECARD\/a241968d435b493b9e53d42dd1a6ef3e..jpg?Expires=1687665960&OSSAccessKeyId=LTAIH9BWpXZVLFE3&Signature=dgWSy85Yk3WayrhAV81HF16Oer8%3D","urlPath":null,"eventType":"OPENDOOR","wordInfo":"最重要的是享受生活 - 要快乐。"},{"type":"2","startTime":"12:01","endTime":"18:00","picPath":"https:\/\/jht-nissp.oss-cn-shenzhen.aliyuncs.com\/ICOP\/JSLIFEMAINPAGECARD\/4c118992bb894fa7b135862cc91f6204..jpg?Expires=1687666032&OSSAccessKeyId=LTAIH9BWpXZVLFE3&Signature=B1KpIDilnEXMulT5GWWp4WSPL8w%3D","urlPath":null,"eventType":"OPENDOOR","wordInfo":"走的慢不重要，重要的是你不停止。"},{"type":"3","startTime":"18:01","endTime":"00:00","picPath":"https:\/\/jht-nissp.oss-cn-shenzhen.aliyuncs.com\/ICOP\/JSLIFEMAINPAGECARD\/99af3979243247f3891a4fa333459271..jpg?Expires=1687260307&OSSAccessKeyId=LTAIH9BWpXZVLFE3&Signature=tFdleenG3YsyLddWQYOGyVjsPsw%3D","urlPath":null,"eventType":"OPENDOOR","wordInfo":"生命中，再无聊的时光，也都是限量版！"},{"type":"3","startTime":"18:01","endTime":"00:00","picPath":"https:\/\/jht-nissp.oss-cn-shenzhen.aliyuncs.com\/ICOP\/JSLIFEMAINPAGECARD\/af5be01508a04b9d9fc2a240efaa5875..jpg?Expires=1687666109&OSSAccessKeyId=LTAIH9BWpXZVLFE3&Signature=tRAKgS6LIyI55%2Ff%2FQ1Fly4rGGRY%3D","urlPath":null,"eventType":"OPENDOOR","wordInfo":"我不懒，我只是喜欢什么也不做而已。"},{"type":"3","startTime":"18:01","endTime":"00:00","picPath":"https:\/\/jht-nissp.oss-cn-shenzhen.aliyuncs.com\/ICOP\/JSLIFEMAINPAGECARD\/1264b7c697654784a06a0e3226339dd0..jpg?Expires=1687666096&OSSAccessKeyId=LTAIH9BWpXZVLFE3&Signature=hFGU9X59IAz7%2FHZtDEDsT3FqadE%3D","urlPath":null,"eventType":"OPENDOOR","wordInfo":"但愿你的一切烦恼都是小事。"}],"seqId":"153abbf455234589a3b2527edc3d9385","right":true}
I/http    ( 2249): 
I/http    ( 2249): 获取用户个人配置信息 HTTP 返回：{"resultCode":"0","message":"","obj":null,"seqId":"9744eea0d5c94dfd9f6804755eee937c","userId":"eaa2fc61c4784b6ba67ac352b4afc808","userType":"APP","name":"13632836691","sex":"MALE","nation":"","telephone":"13632836691","nickName":"sky","status":"NORMAL","nationality":null,"provice":null,"city":null,"birthdate":"2018-01-18","photoUrl":"\/HEAD\/2017-11-22\/ca82457976a04c278a447a4ee34d8c1a.png","createTime":"2016-01-13 14:40:08","personSign":"胡国彪测试账号","realName":"胡国彪","shortCut":null,"pshMsgConfig":{"id":"cd5614fa42da42dbbd03fad5cff9bed4","userId":"eaa2fc61c4784b6ba67ac352b4afc808","isPush":"1","isPushLife":"1","isPushDiscount":"1","isUndisturbed":""},"right":true}
D/wwww    ( 2249): imgUrl = /HEAD/2017-11-22/ca82457976a04c278a447a4ee34d8c1a.png
D/wwww    ( 2249): fileName = ca82457976a04c278a447a4ee34d8c1a.png
D/wwww    ( 2249): newAvatarFilePath = /storage/emulated/0/.jieshun/.pic/.avatar/ca82457976a04c278a447a4ee34d8c1a.png
D/XMPP    ( 2249): 会员余额查询response: {"code":"302","msg":"Sign未通过合法验证，请求被拒绝！"}
D/XMPP    ( 2249): 余额查询response: {"code":"302","msg":"Sign未通过合法验证，请求被拒绝！"}
W/System.err( 2249): java.lang.NumberFormatException: Invalid int: "AMT"
W/System.err( 2249): 	at java.lang.Integer.invalidInt(Integer.java:138)
W/System.err( 2249): 	at java.lang.Integer.parse(Integer.java:410)
W/System.err( 2249): 	at java.lang.Integer.parseInt(Integer.java:367)
W/System.err( 2249): 	at java.lang.Integer.parseInt(Integer.java:334)
W/System.err( 2249): 	at util.ObjectUtils.nullIntegerToDefault(ObjectUtils.java:143)
W/System.err( 2249): 	at com.jieshun.jslifemodule.module.CarLifeManage.receiveQryUserCoupons(CarLifeManage.java:1260)
W/System.err( 2249): 	at com.jieshun.jslife.activity.userinfo.UserHomeFragment.handleMsg(UserHomeFragment.java:607)
W/System.err( 2249): 	at util.GeneralUtil$MainHandler1.handleMessage(GeneralUtil.java:455)
W/System.err( 2249): 	at android.os.Handler.dispatchMessage(Handler.java:102)
W/System.err( 2249): 	at android.os.Looper.loop(Looper.java:135)
W/System.err( 2249): 	at android.app.ActivityThread.main(ActivityThread.java:5254)
W/System.err( 2249): 	at java.lang.reflect.Method.invoke(Native Method)
W/System.err( 2249): 	at java.lang.reflect.Method.invoke(Method.java:372)
W/System.err( 2249): 	at com.android.internal.os.ZygoteInit$MethodAndArgsCaller.run(ZygoteInit.java:905)
W/System.err( 2249): 	at com.android.internal.os.ZygoteInit.main(ZygoteInit.java:700)
W/System.err( 2249): java.text.ParseException: Unparseable date: "" (at offset 0)
I/XMPP    ( 2249): 用户名或密码或资源名为----》userName========13632836691 ; pwd========123456 ; resource======A1b852863a
D/XMPP    ( 2249): 设置请求接收和推送的回调
D/XMPP    ( 2249): 连接成功计数器停止
D/SMACK   ( 2249): 09:02:46 上午 SENT (178081385): <stream:stream to="openfire-cloud" xmlns="jabber:client" xmlns:stream="http://etherx.jabber.org/streams" version="1.0">
D/SMACK   ( 2249): 09:02:46 上午 RCV  (178081385): <?xml version='1.0' encoding='UTF-8'?><stream:stream xmlns:stream="http://etherx.jabber.org/streams" xmlns="jabber:client" from="openfire-cloud" id="30f0cd66" xml:lang="en" version="1.0">
W/System.err( 2249): 	at java.text.DateFormat.parse(DateFormat.java:579)
W/System.err( 2249): 	at util.TimeUtils.stringFormatToDate(TimeUtils.java:124)
W/System.err( 2249): 	at util.ObjectUtils.nullDateToDefault(ObjectUtils.java:156)
W/System.err( 2249): 	at com.jieshun.jslifemodule.module.CarLifeManage.receiveQryUserCoupons(CarLifeManage.java:1271)
W/System.err( 2249): 	at com.jieshun.jslife.activity.userinfo.UserHomeFragment.handleMsg(UserHomeFragment.java:607)
W/System.err( 2249): 	at util.GeneralUtil$MainHandler1.handleMessage(GeneralUtil.java:455)
W/System.err( 2249): 	at android.os.Handler.dispatchMessage(Handler.java:102)
W/System.err( 2249): 	at android.os.Looper.loop(Looper.java:135)
W/System.err( 2249): 	at android.app.ActivityThread.main(ActivityThread.java:5254)
W/System.err( 2249): 	at java.lang.reflect.Method.invoke(Native Method)
W/System.err( 2249): 	at java.lang.reflect.Method.invoke(Method.java:372)
W/System.err( 2249): 	at com.android.internal.os.ZygoteInit$MethodAndArgsCaller.run(ZygoteInit.java:905)
W/System.err( 2249): 	at com.android.internal.os.ZygoteInit.main(ZygoteInit.java:700)
W/System.err( 2249): java.lang.NumberFormatException: Invalid int: "AMT"
W/System.err( 2249): 	at java.lang.Integer.invalidInt(Integer.java:138)
W/System.err( 2249): 	at java.lang.Integer.parse(Integer.java:410)
W/System.err( 2249): 	at java.lang.Integer.parseInt(Integer.java:367)
W/System.err( 2249): 	at java.lang.Integer.parseInt(Integer.java:334)
W/System.err( 2249): 	at util.ObjectUtils.nullIntegerToDefault(ObjectUtils.java:143)
W/System.err( 2249): 	at com.jieshun.jslifemodule.module.CarLifeManage.receiveQryUserCoupons(CarLifeManage.java:1260)
W/System.err( 2249): 	at com.jieshun.jslife.activity.userinfo.UserHomeFragment.handleMsg(UserHomeFragment.java:607)
W/System.err( 2249): 	at util.GeneralUtil$MainHandler1.handleMessage(GeneralUtil.java:455)
W/System.err( 2249): 	at android.os.Handler.dispatchMessage(Handler.java:102)
W/System.err( 2249): 	at android.os.Looper.loop(Looper.java:135)
W/System.err( 2249): 	at android.app.ActivityThread.main(ActivityThread.java:5254)
W/System.err( 2249): 	at java.lang.reflect.Method.invoke(Native Method)
W/System.err( 2249): 	at java.lang.reflect.Method.invoke(Method.java:372)
W/System.err( 2249): 	at com.android.internal.os.ZygoteInit$MethodAndArgsCaller.run(ZygoteInit.java:905)
W/System.err( 2249): 	at com.android.internal.os.ZygoteInit.main(ZygoteInit.java:700)
W/System.err( 2249): java.text.ParseException: Unparseable date: "" (at offset 0)
W/System.err( 2249): 	at java.text.DateFormat.parse(DateFormat.java:579)
W/System.err( 2249): 	at util.TimeUtils.stringFormatToDate(TimeUtils.java:124)
W/System.err( 2249): 	at util.ObjectUtils.nullDateToDefault(ObjectUtils.java:156)
W/System.err( 2249): 	at com.jieshun.jslifemodule.module.CarLifeManage.receiveQryUserCoupons(CarLifeManage.java:1271)
W/System.err( 2249): 	at com.jieshun.jslife.activity.userinfo.UserHomeFragment.handleMsg(UserHomeFragment.java:607)
W/System.err( 2249): 	at util.GeneralUtil$MainHandler1.handleMessage(GeneralUtil.java:455)
W/System.err( 2249): 	at android.os.Handler.dispatchMessage(Handler.java:102)
W/System.err( 2249): 	at android.os.Looper.loop(Looper.java:135)
W/System.err( 2249): 	at android.app.ActivityThread.main(ActivityThread.java:5254)
W/System.err( 2249): 	at java.lang.reflect.Method.invoke(Native Method)
W/System.err( 2249): 	at java.lang.reflect.Method.invoke(Method.java:372)
W/System.err( 2249): 	at com.android.internal.os.ZygoteInit$MethodAndArgsCaller.run(ZygoteInit.java:905)
W/System.err( 2249): 	at com.android.internal.os.ZygoteInit.main(ZygoteInit.java:700)
W/ViewRootImpl( 2249): Dropping event due to no window focus: KeyEvent { action=ACTION_DOWN, keyCode=KEYCODE_BACK, scanCode=0, metaState=0, flags=0x8, repeatCount=0, eventTime=266415, downTime=266415, deviceId=-1, source=0x101 }
I/http    ( 2249): ---> 主页 -- 收到通知 ----> EVENT_HAVE_COMMUNITY_ID
I/http    ( 2249): ---> 主页 -- 切换小区通知 ----0
I/http    ( 2249): ---> 刷新主页数据啦
D/http    ( 2249): 捷头条 HTTP请求 Url: http://jsh.jslife.com.cn/jslife-service/notice/info 
D/http    ( 2249): 参数：{"bizSource":"APP_ANDROID","bizType":"JSLIFE","token":"e5306930d83c4cfab785a60991a09360"}
I/jieshun.jslife( 2249): HomePageFragment ----- 查询社区公告 --------------
D/XMPP    ( 2249):  点击的 查询社区公告 mDefaultCommunityId =55981d2f448a42f796c2f20907aa2715
D/http    ( 2249): 查询我的消息列表 HTTP请求 Url: http://jsh.jslife.com.cn/jslife-service/notice/msg_list 
D/http    ( 2249): 参数：{"areaId":"55981d2f448a42f796c2f20907aa2715","mainType":"MANAGER_NOTIFY","pageIndex":"1","pageSize":"10","userId":"eaa2fc61c4784b6ba67ac352b4afc808","bizSource":"APP_ANDROID","bizType":"JSLIFE","token":"e5306930d83c4cfab785a60991a09360"}
I/jieshun.jslife( 2249): HomePageFragment ---查询享周边 --------------
D/http    ( 2249): 查询我的消息列表 HTTP请求 Url: http://jsh.jslife.com.cn/jslife-service/notice/msg_list 
D/http    ( 2249): 参数：{"areaId":"55981d2f448a42f796c2f20907aa2715","mainType":"BUSINESS_NOTIFY","pageIndex":"1","pageSize":"10","userId":"eaa2fc61c4784b6ba67ac352b4afc808","bizSource":"APP_ANDROID","bizType":"JSLIFE","token":"e5306930d83c4cfab785a60991a09360"}
D/http    ( 2249): 加载首页数据 HTTP请求 Url: http://jsh.jslife.com.cn/jslife-service/homepage/loading_data 
D/http    ( 2249): 参数：{"areaId":"55981d2f448a42f796c2f20907aa2715","invokeServiceType":"VOTE,MONTH_CARD_DELAY,PAYMENT_CAR,","personId":"fa9b33b036fe48f9a7f2ed8e32e64f4b","userId":"eaa2fc61c4784b6ba67ac352b4afc808","bizSource":"APP_ANDROID","bizType":"JSLIFE","token":"e5306930d83c4cfab785a60991a09360"}
I/http    ( 2249): ---> 开门页  -- 收到通知 ----> EVENT_HAVE_COMMUNITY_ID
I/openDoor( 2249): 刷新下标-----> 0
I/Ble     ( 2249):  是按设备开门（isByDevice）？ ====>  true
D/http    ( 2249): 查询门禁设备mac地址 HTTP请求 Url: http://jsh.jslife.com.cn/jslife-service/door/equip/query_mac 
D/http    ( 2249): 参数：{"personId":"fa9b33b036fe48f9a7f2ed8e32e64f4b","userId":"eaa2fc61c4784b6ba67ac352b4afc808","bizSource":"APP_ANDROID","bizType":"JSLIFE","token":"e5306930d83c4cfab785a60991a09360"}
V/WindowManager( 1534): not Base app: Adding window Window{2633735b u0 com.jieshun.jslife/com.jieshun.jslife.activity.common.MainFragmentActivity} at 6 of 9
