D/http    (11574): {"userId":"eaa2fc61c4784b6ba67ac352b4afc808","bizSource":"APP_ANDROID","bizType":"JSLIFE","token":"e5306930d83c4cfab785a60991a09360"}
D/http    (11574):  HTTP Url: http://jsh.jslife.com.cn/jslife-service/authorize/search 
D/http    (11574): {"pageNum":1,"pageSize":1,"searchType":"2","userId":"eaa2fc61c4784b6ba67ac352b4afc808","bizSource":"APP_ANDROID","bizType":"JSLIFE","token":"e5306930d83c4cfab785a60991a09360"}
D/http    (11574):  HTTP Url: http://jsh.jslife.com.cn/jslife-service/base/illustrations/query_by_eventtype 
D/http    (11574): {"eventType":"OPENDOOR","userId":"eaa2fc61c4784b6ba67ac352b4afc808","bizSource":"APP_ANDROID","bizType":"JSLIFE","token":"e5306930d83c4cfab785a60991a09360"}
I/Choreographer(11574): Skipped 75 frames!  The application may be doing too much work on its main thread.
D/EGL_adreno(11574): eglMakeCurrent: 0xad8801c0: ver 2 0 (tinfo 0xad839520)
V/libnb   (11574): enter native_bridge2_getTrampoline Java_com_baidu_platform_comapi_map_MapRenderer_nativeResize, trampoline_addr 0x0
V/libnb   (11574): enter native_bridge2_getTrampoline Java_com_baidu_platform_comapi_map_MapRenderer_nativeResize__JII, trampoline_addr 0x0
V/libnb   (11574): enter native_bridge2_getTrampoline Java_com_baidu_platform_comapi_map_MapRenderer_nativeResize, trampoline_addr 0xb4404934
V/libnb   (11574): enter native_bridge2_getTrampoline Java_com_baidu_platform_comapi_map_MapRenderer_nativeRender, trampoline_addr 0x0
V/libnb   (11574): enter native_bridge2_getTrampoline Java_com_baidu_platform_comapi_map_MapRenderer_nativeRender__J, trampoline_addr 0x0
V/libnb   (11574): enter native_bridge2_getTrampoline Java_com_baidu_platform_comapi_map_MapRenderer_nativeRender, trampoline_addr 0xb44048fc
V/libnb   (11574): enter native_bridge2_getTrampoline Java_com_baidu_platform_comjni_map_basemap_JNIBaseMap_getDrawingMapStatus, trampoline_addr 0x0
V/libnb   (11574): enter native_bridge2_getTrampoline Java_com_baidu_platform_comjni_map_basemap_JNIBaseMap_getDrawingMapStatus__J, trampoline_addr 0x0
V/libnb   (11574): enter native_bridge2_getTrampoline Java_com_baidu_platform_comjni_map_basemap_JNIBaseMap_getDrawingMapStatus, trampoline_addr 0xb44048c4
I/http    (11574): 
I/http    (11574):  HTTP {"resultCode":"0","message":"","obj":null,"seqId":"0d684d409ee94fc8839cd7af26ded151","userId":"eaa2fc61c4784b6ba67ac352b4afc808","userType":"APP","name":"13632836691","sex":"MALE","nation":"","telephone":"13632836691","nickName":"sky","status":"NORMAL","nationality":null,"provice":null,"city":null,"birthdate":"2012-01-18","photoUrl":"\/HEAD\/2018-08-17\/a73a64a8028a4a4d822a340cba9ace34.png","createTime":"2016-01-13 14:40:08","personSign":"","realName":"","shortCut":null,"pshMsgConfig":{"id":"cd5614fa42da42dbbd03fad5cff9bed4","userId":"eaa2fc61c4784b6ba67ac352b4afc808","isPush":"1","isPushLife":"1","isPushDiscount":"1","isUndisturbed":""},"right":true}
D/wwww    (11574): imgUrl = /HEAD/2018-08-17/a73a64a8028a4a4d822a340cba9ace34.png
D/wwww    (11574): fileName = a73a64a8028a4a4d822a340cba9ace34.png
D/wwww    (11574): newAvatarFilePath = /storage/emulated/0/.jieshun/.pic/.avatar/a73a64a8028a4a4d822a340cba9ace34.png
D/XMPP    (11574): response: {"code":"200","msg":"","data":{"balanceMoney":"0"}}
D/XMPP    (11574): response: {"code":"200","msg":"","data":{"balanceMoney":"0"}}
D/XMPP    (11574):  str = 0
D/XMPP    (11574):   string = 0
D/XMPP    (11574):  JSJK requestjsjk_biz_member_login json : {"LATITUDE":"1045:114.04282","LONGITUDE":"1044:22.57107","UDID":"1006:865166026808918","appId":"1645285811190497301","mobile":"13632836691","sign":"06fc37de2258093585ba197b4be70c27","systemType":"02","userId":"eaa2fc61c4784b6ba67ac352b4afc808"}
D/XMPP    (11574):  JSJK URLjsjk_biz_member_login URL : http://hdwg.jieshunpay.cn:8120/jst-gateway/member/loginV1.0
I/http    (11574): 
I/http    (11574):  HTTP {"resultCode":"0","message":"","obj":{"pageIndex":"1","pageSize":"100","pageTotal":"1","totalCount":"2","data":[{"businessSn":null,"planNo":"KQ-P180420000001","couponsNo":"CP201804201671795834","couponsName":"2018420","couponsAmt":"1.00","effectiveStartTime":"2018-04-20 00:00:00","effectiveEndTime":"2019-04-20 23:59:59","couponsInfo":"","model":"0","couponsStatus":"INIT","isAllCoupons":"N","description":null,"channelId":"1656","fitParks":null,"isShare":"Y","couponsType":"MERCHANT","payChannelData":null,"prdBizData":null},{"businessSn":null,"planNo":"KQ-P180420000001","couponsNo":"CP201804201664824499","couponsName":"2018420","couponsAmt":"1.00","effectiveStartTime":"2018-04-20 00:00:00","effectiveEndTime":"2019-04-20 23:59:59","couponsInfo":"","model":"0","couponsStatus":"INIT","isAllCoupons":"N","description":null,"channelId":"1656","fitParks":null,"isShare":"Y","couponsType":"MERCHANT","payChannelData":null,"prdBizData":null}]},"seqId":"21c5fa6270cb46039ed3ff6f3e975f9a","right":true}
I/http    (11574): 
I/http    (11574):  HTTP {"resultCode":"0","message":"","obj":{"paymentCarList":[],"monthCarDelayInfo":null,"voteData":null},"seqId":"19c9000ab74d4c6791c6fdb52d5936db","right":true}
D/libnativebridge(11739): PreInitializeNativeBridge name=zygote
I/ActivityManager( 1538): Start proc 11739:com.jieshun.jslife:remote/u0a28 for service com.jieshun.jslife/com.baidu.location.f
D/XMPP    (11574): response: {"code":"200","msg":"","data":{"balanceMoney":"0"}}
D/XMPP    (11574): response: {"code":"200","msg":"","data":{"balanceMoney":"0"}}
D/XMPP    (11574):  str = 0
D/XMPP    (11574):   string = 0
D/XMPP    (11574):  JSJK requestjsjk_biz_member_login json : {"LATITUDE":"1045:114.04282","LONGITUDE":"1044:22.57107","UDID":"1006:865166026808918","appId":"1645285811190497301","mobile":"13632836691","sign":"06fc37de2258093585ba197b4be70c27","systemType":"02","userId":"eaa2fc61c4784b6ba67ac352b4afc808"}
D/XMPP    (11574):  JSJK URLjsjk_biz_member_login URL : http://hdwg.jieshunpay.cn:8120/jst-gateway/member/loginV1.0
D/Ble     (11574): onServiceConnected  BluetoothLeService = com.jieshun.jslife.service.BluetoothLeService$MyBinder@3bf63633
V/Ble     (11574): ------------onServiceConnected  BluetoothLeService = com.jieshun.jslife.service.BluetoothLeService$MyBinder@3bf63633--------------
V/libnb   (11739): enter native_bridge2_initialize /data/data/com.jieshun.jslife/code_cache arm
V/libnb   (11574): enter native_bridge2_isSupported /data/app/com.jieshun.jslife-2/lib/arm/liblocSDK7b.so
V/libnb   (11574): enter native_bridge2_loadLibrary /data/app/com.jieshun.jslife-2/lib/arm/liblocSDK7b.so
D/houdini (11739): [11739] Initialize library(version: 5.0.7b_x.48396 RELEASE)... successfully.
D/libnativebridge(11739): denglibo call InitializeNativeBridge! ret=true
D/houdini (11574): [11747] Added shared library /data/app/com.jieshun.jslife-2/lib/arm/liblocSDK7b.so for ClassLoader by Native Bridge.
V/libnb   (11574): enter native_bridge2_getTrampoline JNI_OnLoad, trampoline_addr 0x0
V/libnb   (11574): enter native_bridge2_getTrampoline Java_com_baidu_location_Jni_ee, trampoline_addr 0x0
V/libnb   (11574): enter native_bridge2_getTrampoline Java_com_baidu_location_Jni_ee__Ljava_lang_String_2I, trampoline_addr 0x0
V/libnb   (11574): enter native_bridge2_getTrampoline Java_com_baidu_location_Jni_ee, trampoline_addr 0x0
V/libnb   (11574): enter native_bridge2_getTrampoline Java_com_baidu_location_Jni_ee__Ljava_lang_String_2I, trampoline_addr 0x0
V/libnb   (11574): enter native_bridge2_getTrampoline Java_com_baidu_location_Jni_ee, trampoline_addr 0x0
V/libnb   (11574): enter native_bridge2_getTrampoline Java_com_baidu_location_Jni_ee__Ljava_lang_String_2I, trampoline_addr 0x0
V/libnb   (11574): enter native_bridge2_getTrampoline Java_com_baidu_location_Jni_ee, trampoline_addr 0xb440488c
V/libnb   (11574): enter native_bridge2_getTrampoline Java_com_baidu_location_Jni_a, trampoline_addr 0x0
V/libnb   (11574): enter native_bridge2_getTrampoline Java_com_baidu_location_Jni_a___3BI, trampoline_addr 0x0
V/libnb   (11574): enter native_bridge2_getTrampoline Java_com_baidu_location_Jni_a, trampoline_addr 0x0
V/libnb   (11574): enter native_bridge2_getTrampoline Java_com_baidu_location_Jni_a___3BI, trampoline_addr 0x0
V/libnb   (11574): enter native_bridge2_getTrampoline Java_com_baidu_location_Jni_a, trampoline_addr 0x0
V/libnb   (11574): enter native_bridge2_getTrampoline Java_com_baidu_location_Jni_a___3BI, trampoline_addr 0x0
V/libnb   (11574): enter native_bridge2_getTrampoline Java_com_baidu_location_Jni_a, trampoline_addr 0xb4404854
I/AppiumUnicodeIME( 1695): onFinishInput
I/AppiumUnicodeIME( 1695): onStartInput
I/http    (11574): 
I/http    (11574):  HTTP {"resultCode":"0","message":"","obj":null,"seqId":"c3399125b6e042eb8814da267bc33d4a","infoList":[],"right":true}
D/Ble     (11574): ----onEventMainThread--> not_support_open_door_approve
D/BluetoothAdapter(11574): stopLeScan()
D/BluetoothAdapter(11574): 315420142: getState() :  mService = null. Returning STATE_OFF
D/testt   (11574): onEventMainThreadnot_support_open_door_approve
I/http    (11574): 
I/http    (11574):  HTTP {"resultCode":"0","message":"","obj":null,"seqId":"1c7b015be763437f87081cf4f2c492be","userId":"eaa2fc61c4784b6ba67ac352b4afc808","userType":"APP","name":"13632836691","sex":"MALE","nation":"","telephone":"13632836691","nickName":"sky","status":"NORMAL","nationality":null,"provice":null,"city":null,"birthdate":"2012-01-18","photoUrl":"\/HEAD\/2018-08-17\/a73a64a8028a4a4d822a340cba9ace34.png","createTime":"2016-01-13 14:40:08","personSign":"","realName":"","shortCut":null,"pshMsgConfig":{"id":"cd5614fa42da42dbbd03fad5cff9bed4","userId":"eaa2fc61c4784b6ba67ac352b4afc808","isPush":"1","isPushLife":"1","isPushDiscount":"1","isUndisturbed":""},"right":true}
I/http    (11574): --->  --  ----> UPDATEDENICKNAME
I/XMPP    (11574): ===========
I/http    (11574): 
I/http    (11574):  HTTP {"resultCode":"0","message":"","obj":[{"type":"1","startTime":"06:01","endTime":"12:00","picPath":"https:\/\/jht-nissp.oss-cn-shenzhen.aliyuncs.com\/ICOP\/JSLIFEMAINPAGECARD\/5ecb7547d5a6447bbb72e7f0beabe994..jpg?Expires=1687260196&OSSAccessKeyId=LTAIH9BWpXZVLFE3&Signature=xLeMAF6686nDSZDinvy0Ia4xdUc%3D","urlPath":null,"eventType":"OPENDOOR","wordInfo":""},{"type":"1","startTime":"06:01","endTime":"12:00","picPath":"https:\/\/jht-nissp.oss-cn-shenzhen.aliyuncs.com\/ICOP\/JSLIFEMAINPAGECARD\/c24c99484fad47e0a555c2f895be1a3f..jpg?Expires=1687665653&OSSAccessKeyId=LTAIH9BWpXZVLFE3&Signature=6IK%2FVCBjk3eptfRIPegyy1IP4aA%3D","urlPath":null,"eventType":"OPENDOOR","wordInfo":""},{"type":"1","startTime":"06:01","endTime":"12:00","picPath":"https:\/\/jht-nissp.oss-cn-shenzhen.aliyuncs.com\/ICOP\/JSLIFEMAINPAGECARD\/28572efbebba49f18e97b1929d88165e..jpg?Expires=1687665652&OSSAccessKeyId=LTAIH9BWpXZVLFE3&Signature=nQrUi%2BYhEqmK%2BvZPvFB403jokqM%3D","urlPath":null,"eventType":"OPENDOOR","wordInfo":""},{"type":"2","startTime":"12:01","endTime":"18:00","picPath":"https:\/\/jht-nissp.oss-cn-shenzhen.aliyuncs.com\/ICOP\/JSLIFEMAINPAGECARD\/a241968d435b493b9e53d42dd1a6ef3e..jpg?Expires=1687665960&OSSAccessKeyId=LTAIH9BWpXZVLFE3&Signature=dgWSy85Yk3WayrhAV81HF16Oer8%3D","urlPath":null,"eventType":"OPENDOOR","wordInfo":" - "},{"type":"2","startTime":"12:01","endTime":"18:00","picPath":"https:\/\/jht-nissp.oss-cn-shenzhen.aliyuncs.com\/ICOP\/JSLIFEMAINPAGECARD\/4c118992bb894fa7b135862cc91f6204..jpg?Expires=1687666032&OSSAccessKeyId=LTAIH9BWpXZVLFE3&Signature=B1KpIDilnEXMulT5GWWp4WSPL8w%3D","urlPath":null,"eventType":"OPENDOOR","wordInfo":""},{"type":"3","startTime":"18:01","endTime":"00:00","picPath":"https:\/\/jht-nissp.oss-cn-shenzhen.aliyuncs.com\/ICOP\/JSLIFEMAINPAGECARD\/99af3979243247f3891a4fa333459271..jpg?Expires=1687260307&OSSAccessKeyId=LTAIH9BWpXZVLFE3&Signature=tFdleenG3YsyLddWQYOGyVjsPsw%3D","urlPath":null,"eventType":"OPENDOOR","wordInfo":""},{"type":"3","startTime":"18:01","endTime":"00:00","picPath":"https:\/\/jht-nissp.oss-cn-shenzhen.aliyuncs.com\/ICOP\/JSLIFEMAINPAGECARD\/af5be01508a04b9d9fc2a240efaa5875..jpg?Expires=1687666109&OSSAccessKeyId=LTAIH9BWpXZVLFE3&Signature=tRAKgS6LIyI55%2Ff%2FQ1Fly4rGGRY%3D","urlPath":null,"eventType":"OPENDOOR","wordInfo":""},{"type":"3","startTime":"18:01","endTime":"00:00","picPath":"https:\/\/jht-nissp.oss-cn-shenzhen.aliyuncs.com\/ICOP\/JSLIFEMAINPAGECARD\/1264b7c697654784a06a0e3226339dd0..jpg?Expires=1687666096&OSSAccessKeyId=LTAIH9BWpXZVLFE3&Signature=hFGU9X59IAz7%2FHZtDEDsT3FqadE%3D","urlPath":null,"eventType":"OPENDOOR","wordInfo":""}],"seqId":"988119cf499c44ed9c7d033f8c847633","right":true}
V/libnb   (11574): enter native_bridge2_getTrampoline Java_com_baidu_platform_comjni_map_basemap_JNIBaseMap_ScrPtToGeoPoint, trampoline_addr 0x0
V/libnb   (11574): enter native_bridge2_getTrampoline Java_com_baidu_platform_comjni_map_basemap_JNIBaseMap_ScrPtToGeoPoint__JII, trampoline_addr 0x0
V/libnb   (11574): enter native_bridge2_getTrampoline Java_com_baidu_platform_comjni_map_basemap_JNIBaseMap_ScrPtToGeoPoint, trampoline_addr 0xb440481c
I/aaaaaaaaa----> (11574): ===> OnMapLoadedCallback -----
I/ActivityManager( 1538): Displayed com.jieshun.jslife/.activity.common.MainFragmentActivity: +1s739ms
E/RecyclerView(11574): No adapter attached; skipping layout
D/XMPP    (11574): response: {"code":"200","msg":"","data":{"jkUrl":"http://scjsjk.jieshunpay.cn:8113/jtc/public/account/account.html?access=8f232e7642cc7930d46ff0ae766d4036b1bec0ef88577d0f"}}
D/XMPP    (11574): jkurl: http://scjsjk.jieshunpay.cn:8113/jtc/public/account/account.html?access=8f232e7642cc7930d46ff0ae766d4036b1bec0ef88577d0f
D/XMPP    (11574): response: {"code":"200","msg":"","data":{"jkUrl":"http://scjsjk.jieshunpay.cn:8113/jtc/public/account/account.html?access=98bfef7f3c6244ef6b96a5a6837d7fa64606c242d4f05d3a"}}
D/XMPP    (11574): jkurl: http://scjsjk.jieshunpay.cn:8113/jtc/public/account/account.html?access=98bfef7f3c6244ef6b96a5a6837d7fa64606c242d4f05d3a
D/JTC     (11574): near tabl onReceiveLocation
V/libnb   (11574): enter native_bridge2_getTrampoline Java_com_baidu_platform_comjni_tools_JNITools_CoordinateEncryptEx, trampoline_addr 0xb44047e4
V/libnb   (11574): enter native_bridge2_getTrampoline Java_com_baidu_platform_comjni_map_basemap_JNIBaseMap_UpdateLayers, trampoline_addr 0x0
V/libnb   (11574): enter native_bridge2_getTrampoline Java_com_baidu_platform_comjni_map_basemap_JNIBaseMap_UpdateLayers__JJ, trampoline_addr 0x0
V/libnb   (11574): enter native_bridge2_getTrampoline Java_com_baidu_platform_comjni_map_basemap_JNIBaseMap_UpdateLayers, trampoline_addr 0xb44047ac
I/System.out(11574): isFirstLoctrue
I/System.out(11574): ******jscarlife*********************onMapStatusChangeStart*********************1******
D/JSParkingFragment(11574): mSearch.reverseGeoCode  4444 
I/System.out(11574): ******jscarlife*********************onReceiveLocation*********************
V/libnb   (11574): enter native_bridge2_getTrampoline Java_com_baidu_platform_comjni_util_JNIMD5_getSignMD5String, trampoline_addr 0xb4404774
I/http    (11574): --->  --  ----> EVENT_HAVE_COMMUNITY_ID
I/http    (11574): --->  --  ----0
I/http    (11574): ---> 
D/http    (11574):  HTTP Url: http://jsh.jslife.com.cn/jslife-service/app/query_media 
D/http    (11574): {"userId":"eaa2fc61c4784b6ba67ac352b4afc808","bizSource":"APP_ANDROID","bizType":"JSLIFE","token":"e5306930d83c4cfab785a60991a09360"}
I/MultiDex(11739): VM with version 2.1.0 has multidex support
I/MultiDex(11739): install
I/MultiDex(11739): VM has multidex support, MultiDex support library is disabled.
D/http    (11574):  HTTP Url: http://jsh.jslife.com.cn/jslife-service/notice/info 
D/http    (11574): {"bizSource":"APP_ANDROID","bizType":"JSLIFE","token":"e5306930d83c4cfab785a60991a09360"}
I/jieshun.jslife(11574): HomePageFragment -----  --------------
D/XMPP    (11574):    mDefaultCommunityId =55981d2f448a42f796c2f20907aa2715
D/http    (11574):  HTTP Url: http://jsh.jslife.com.cn/jslife-service/notice/msg_list 
D/http    (11574): {"areaId":"55981d2f448a42f796c2f20907aa2715","mainType":"MANAGER_NOTIFY","pageIndex":"1","pageSize":"10","userId":"eaa2fc61c4784b6ba67ac352b4afc808","bizSource":"APP_ANDROID","bizType":"JSLIFE","token":"e5306930d83c4cfab785a60991a09360"}
I/jieshun.jslife(11574): HomePageFragment --- --------------
D/http    (11574):  HTTP Url: http://jsh.jslife.com.cn/jslife-service/notice/msg_list 
D/http    (11574): {"areaId":"55981d2f448a42f796c2f20907aa2715","mainType":"BUSINESS_NOTIFY","pageIndex":"1","pageSize":"10","userId":"eaa2fc61c4784b6ba67ac352b4afc808","bizSource":"APP_ANDROID","bizType":"JSLIFE","token":"e5306930d83c4cfab785a60991a09360"}
D/http    (11574):  HTTP Url: http://jsh.jslife.com.cn/jslife-service/homepage/loading_data 
D/http    (11574): {"areaId":"55981d2f448a42f796c2f20907aa2715","invokeServiceType":"VOTE,MONTH_CARD_DELAY,PAYMENT_CAR,","personId":"fa9b33b036fe48f9a7f2ed8e32e64f4b","userId":"eaa2fc61c4784b6ba67ac352b4afc808","bizSource":"APP_ANDROID","bizType":"JSLIFE","token":"e5306930d83c4cfab785a60991a09360"}
I/http    (11574): --->   --  ----> EVENT_HAVE_COMMUNITY_ID
I/openDoor(11574): -----> 0
I/Ble     (11574):  isByDevice ====>  true
D/http    (11574): mac HTTP Url: http://jsh.jslife.com.cn/jslife-service/door/equip/query_mac 
D/http    (11574): {"personId":"fa9b33b036fe48f9a7f2ed8e32e64f4b","userId":"eaa2fc61c4784b6ba67ac352b4afc808","bizSource":"APP_ANDROID","bizType":"JSLIFE","token":"e5306930d83c4cfab785a60991a09360"}
D/BluetoothManagerService( 1538): Message: 20
D/BluetoothManagerService( 1538): Added callback: android.bluetooth.IBluetoothManagerCallback$Stub$Proxy@388ac266:true
V/WindowManager( 1538): not Base app: Adding window Window{e432e54 u0 com.jieshun.jslife/com.jieshun.jslife.activity.common.MainFragmentActivity} at 5 of 8
D/http    (11574):  HTTP Url: http://jsh.jslife.com.cn/jslife-service/door/equip/query 
D/http    (11574): {"areaId":"55981d2f448a42f796c2f20907aa2715","operateMode":"1","pageIndex":"1","pageSize":"60","personId":"fa9b33b036fe48f9a7f2ed8e32e64f4b","userId":"eaa2fc61c4784b6ba67ac352b4afc808","bizSource":"APP_ANDROID","bizType":"JSLIFE","token":"e5306930d83c4cfab785a60991a09360"}
D/EGL_adreno(11574): eglMakeCurrent: 0xad8801c0: ver 2 0 (tinfo 0xad839520)
V/libnb   (11739): enter native_bridge2_isSupported /data/app/com.jieshun.jslife-2/lib/arm/libBaiduMapSDK_base_v4_5_2.so
V/libnb   (11739): enter native_bridge2_loadLibrary /data/app/com.jieshun.jslife-2/lib/arm/libBaiduMapSDK_base_v4_5_2.so
D/EGL_adreno(11574): eglMakeCurrent: 0xad8801c0: ver 2 0 (tinfo 0xad839520)
D/houdini (11739): [11739] Added shared library /data/app/com.jieshun.jslife-2/lib/arm/libBaiduMapSDK_base_v4_5_2.so for ClassLoader by Native Bridge.
V/libnb   (11739): enter native_bridge2_getTrampoline JNI_OnLoad, trampoline_addr 0x0
V/libnb   (11739): enter native_bridge2_getTrampoline Java_com_baidu_platform_comjni_tools_JNITools_initClass, trampoline_addr 0xb4408fc4
V/libnb   (11739): enter native_bridge2_getTrampoline Java_com_baidu_platform_comjni_util_JNIMD5_encodeUrlParamsValue, trampoline_addr 0xb4408f8c
W/DeviceId(11739): galaxy lib host missing meta-data,make sure you know the right way to integrate galaxy
W/DeviceId(11739): galaxy lib host missing meta-data,make sure you know the right way to integrate galaxy
W/DeviceId(11739): galaxy lib host missing meta-data,make sure you know the right way to integrate galaxy
V/libnb   (11739): enter native_bridge2_getTrampoline Java_com_baidu_platform_comjni_util_JNISysOSAPI_create, trampoline_addr 0xb4408f54
V/libnb   (11739): enter native_bridge2_getTrampoline Java_com_baidu_platform_comjni_util_JNISysOSAPI_init, trampoline_addr 0xb4408f1c
E/EGL_adreno(11574): tid 11620: eglSurfaceAttrib(1266): error 0x3009 (EGL_BAD_MATCH)
W/OpenGLRenderer(11574): Failed to set EGL_SWAP_BEHAVIOR on surface 0x9a391a40, error=EGL_BAD_MATCH
D/EGL_adreno(11574): eglMakeCurrent: 0xad8801c0: ver 2 0 (tinfo 0xad839520)
I/http    (11574): 
I/http    (11574):  HTTP {"resultCode":"0","message":"","obj":{"mediaInfoList":[{"category":"HOMEPAGE","type":"PICTURE","title":"","userType":"APP","fileSize":"179091","mediaMsg":"","param":"","storeUrl":"\/HOMEPAGE\/2018-08-20\/382104fc3bf9421e801aeefc2eab805c.jpg","activeUrl":"https:\/\/plugin.i-lzhd.com\/aABXKQJCVGzdIjPa","buildDate":"2018-08-20 15:40:58","modifiedDate":"2018-08-20 15:40:58"},{"category":"HOMEPAGE","type":"PICTURE","title":"","userType":"APP","fileSize":"105260","mediaMsg":"","param":"","storeUrl":"\/HOMEPAGE\/2018-08-16\/049c3f613161493280fb1a71e82b1d93.jpg","activeUrl":"","buildDate":"2018-08-20 15:39:36","modifiedDate":"2018-08-20 15:39:36"},{"category":"HOMEPAGE","type":"PICTURE","title":"ofo-","userType":"SYS","fileSize":"137733","mediaMsg":"","param":"","storeUrl":"\/HOMEPAGE\/2018-08-09\/e45820916c9e46e295ae960ee63ed868.png","activeUrl":"http:\/\/t.cn\/RDinkZo","buildDate":"2018-08-09 17:44:13","modifiedDate":"2018-08-09 17:44:13"}]},"seqId":"ba5de683f9c74e1f871e12ed17cee39a","right":true}
I/BaiduApiAuth(11739): BaiduApiAuth SDK Version:1.0.20
D/phoneInfo(11739): mAppSysOSAPI not null
D/phoneInfo(11739): Bundle[{screen_x=720, screen_y=1280, mb=oppo r11 plus, os=Android22, sv=4.5.2, cpu=, glr=, glv=, net=0, pcn=com.jieshun.jslife, cuid=B1F8C6E95753F718BAFE862BFFE33696|819808620661568, dpi_x=320, dpi_y=320, resid=02, channel=baidu, signature=[B@27be9aff}]
I/com.jieshun.jslife.activity.homepage.HomePageFragment(11574): ===========
E/PermissionCheck(11739): permission check result is: 601
I/System.out(11739): initEngineManager 
I/System.out(11739): initEngineManager null: true
V/libnb   (11739): enter native_bridge2_isSupported /data/app/com.jieshun.jslife-2/lib/arm/libapp_BaiduPanoramaAppLib.so
V/libnb   (11739): enter native_bridge2_loadLibrary /data/app/com.jieshun.jslife-2/lib/arm/libapp_BaiduPanoramaAppLib.so
D/houdini (11739): [11739] Added shared library /data/app/com.jieshun.jslife-2/lib/arm/libapp_BaiduPanoramaAppLib.so for ClassLoader by Native Bridge.
V/libnb   (11739): enter native_bridge2_getTrampoline JNI_OnLoad, trampoline_addr 0xb4408ee4
I/System.out(11739): initEngineManager error 
I/System.out(11739): initEngineManager init 
I/System.out(11739): initEngineManager init after 
I/System.out(11739): global application 
I/http    (11574): 
I/http    (11574):  HTTP {"resultCode":"0","message":"","obj":null,"seqId":"37997ac30bb64fa999b1e751a3e77504","noticeInfo":[{"id":"7beb29fa8e1411e89eb17cd30ab49e14","title":"","link":"https:\/\/mp.weixin.qq.com\/s\/_zt0RohOAsiCK3ayo50uzg","remark":"","type":"0","value":"","level":"0","beginTime":"2018-07-23 09:05:26","endTime":"2099-12-31 23:59:59"},{"id":"9685be115a7e11e8b0aeecf4bbbfe1f4","title":"","link":"https:\/\/mp.weixin.qq.com\/s\/f7SKsC1ioYdbRdTFmMISgg","remark":"","type":"0","value":"","level":"0","beginTime":"2018-05-18 17:33:57","endTime":"2099-12-31 23:59:59"},{"id":"9892ec1d443d11e8b0aeecf4bbbfe1f4","title":"5GAI","link":"http:\/\/mp.weixin.qq.com\/s\/JcPDHWA7xUvyKtvs_M6sWA","remark":"","type":"0","value":"","level":"0","beginTime":"2018-04-20 09:53:17","endTime":"2099-12-31 23:59:59"}],"right":true}
D/config.AppConfig(11739): APP====
D/config.AppConfig(11739): versionNo=302030
D/config.AppConfig(11739): versionName=V3.2.3
D/config.AppConfig(11739): appPackageName=com.jieshun.jslife
I/http    (11574): 
I/http    (11574):  HTTP {"resultCode":"0","message":"","obj":null,"seqId":"0534cadc368f43c8b044c798822e8e63","msgList":null,"right":true}
D/config.AppConfig(11739): openfireAddress=jsimp.jslife.com.cn
D/config.AppConfig(11739): openfirePort=7608
D/config.AppConfig(11739): yunServerJID=formal_cloud_jsh@openfire-cloud/master
D/config.AppConfig(11739): yunServerAdddress=http://www.jslife.com.cn
D/config.AppConfig(11739): voipServerAddress=39.108.231.151:7781
D/config.AppConfig(11739): baseHttpUrl=http://jsh.jslife.com.cn/jslife-service
D/config.AppConfig(11739): webBaseUrl=http://jsh.jslife.com.cn/jshapp
D/config.AppConfig(11739): signatoryCloudJid=formal_cloud_jcxt@openfire-cloud/jscsp_master
I/jieshun.jslife(11574): HomePageFragment ---------------------> JS_HEAD_NOTICE
I/http    (11574): 
I/http    (11574):  HTTP {"resultCode":"0","message":"","obj":null,"seqId":"16fa4ac59f6a4135a94fac447c231bf5","msgList":null,"right":true}
I/jieshun.jslife(11574): startMsgInfoAnim============================== 1
D/JSParkingFragment(11574): *************** onGetReverseGeoCodeResult ********************* 
D/JSParkingFragment(11574):    lattitue = 39.92270378285916 ; longitue = 116.41663820901988
I/jieshun.jslife(11574): startMsgInfoAnim============================== 1
D/JSParkingFragment(11574): ***onGetReverseGeoCodeResult*****:
D/JSParkingFragment(11574): ***onGetReverseGeoCodeResult*****:
D/JSParkingFragment(11574): ***onGetReverseGeoCodeResult***** canton:
D/JSParkingFragment(11574): ***onGetReverseGeoCodeResult*****:6
D/JSParkingFragment(11574):     lattitue = 39.916407589357014 ; longitue = 116.41025599543832
D/com.jieshun.jslife.parklife.JSParkingFragment(11574): bottomNewState = 0 ; BottomSheetBehavior.STATE_HIDDEN = 5
D/JSParkingFragment(11574): searchKey = null ; regionAddress = 6
I/jieshun.jslife(11574): HomePageFragment -----   ---------------------> 0
D/JSParkingFragment(11574):   mCurrentSearchLat = 39.916407589357014 ; mCurrentSearchLon = 116.41025599543832
D/JSParkingFragment(11574): isFirstLoc --- true ; initData isNetConnect = true ; isVisibleToUser = false
I/AppiumUnicodeIME( 1695): onFinishInput
I/AppiumUnicodeIME( 1695): onStartInput
I/http    (11574): 
I/http    (11574): mac HTTP {"resultCode":"0","message":"","obj":"","seqId":"73e5f1adc31e4736909f41f8b483c5c5","right":true}
D/Ble     (11574):  macAddress === 
I/http    (11574): 
I/http    (11574):  HTTP {"resultCode":"0","message":"","obj":{"paymentCarList":[],"monthCarDelayInfo":{"delayStatus":"0"},"voteData":null},"seqId":"739aaba08bb841238c488d50f7535c3f","right":true}
I/http    (11574): 
I/http    (11574):  HTTP {"resultCode":"0","message":"","obj":{"pageSize":60,"pageIndex":1,"pageTotal":0,"totalCount":0,"data":[]},"seqId":"21e8f334b427468aa20209bc72e4c46e","right":true}
D/EGL_adreno(11574): eglMakeCurrent: 0xad8801c0: ver 2 0 (tinfo 0xad839520)
W/Resources(11574): Converting to float: TypedValue{t=0x3/d=0xb "1f" a=-1}
W/Resources(11574): Converting to float: TypedValue{t=0x3/d=0xb "1f" a=-1}
W/Resources(11574): Converting to float: TypedValue{t=0x3/d=0xb "1f" a=-1}
W/Resources(11574): Converting to float: TypedValue{t=0x3/d=0xb "1f" a=-1}
D/baidu_location_service(11739): baidu location service start1 ...20171027...11739
I/System.out(11739): onGetPermissionState iError 0
I/System.out(11739): *****key*****
I/baidu_location_service(11739): LocationAuthManager Authentication AUTHENTICATE_SUCC
D/EGL_adreno(11574): eglMakeCurrent: 0xad8801c0: ver 2 0 (tinfo 0xad839520)
I/System.out(11574): ******jscarlife*********************onMapStatusChange*********************2******
I/System.out(11574): ******jscarlife*********************onMapStatusChange*********************2******
I/System.out(11574): ******jscarlife*********************onMapStatusChange*********************2******
I/System.out(11574): ******jscarlife*********************onMapStatusChange*********************2******
I/System.out(11574): ******jscarlife*********************onMapStatusChange*********************2******
I/System.out(11574): ******jscarlife*********************onMapStatusChange*********************2******
I/System.out(11574): ******jscarlife*********************onMapStatusChange*********************2******
I/System.out(11574): ******jscarlife*********************onMapStatusChange*********************2******
I/System.out(11574): ******jscarlife*********************onMapStatusChange*********************2******
D/com.jieshun.jslife.service.InitService(11574): InitService onHandleIntent, ....
W/ImageLoader(11574): memoryCache() and memoryCacheSize() calls overlap each other
W/ImageLoader(11574): Try to initialize ImageLoader which had already been initialized before. To re-init ImageLoader with new configuration call ImageLoader.destroy() at first.
D/TAG     (11574):  InitService  key = null JSUtils.isSupportBle(this) = true
D/XMPP    (11574): init success !!!!
D/JSParkingFragment(11574): ***************onMapStatusChangeFinish********************* isHasFirstQry = true
D/JSParkingFragment(11574): mSearch.reverseGeoCode  11111 
I/AppiumUnicodeIME( 1695): onFinishInput
I/AppiumUnicodeIME( 1695): onStartInput
D/baidu_location_client(11574): baidu location connected ...
I/art     (11739): Rejecting re-init on previously-failed class java.lang.Class<com.baidu.location.e.d$a>
I/art     (11739): Rejecting re-init on previously-failed class java.lang.Class<com.baidu.location.e.d$a>
I/art     (11739): Rejecting re-init on previously-failed class java.lang.Class<com.baidu.location.e.d$a>
I/art     (11739): Rejecting re-init on previously-failed class java.lang.Class<com.baidu.location.e.d$a>
I/art     (11739): Rejecting re-init on previously-failed class java.lang.Class<com.baidu.location.e.d$a>
I/com.jieshun.jslife.service.XMPPService(11574): start XMPPService ===============
I/com.jieshun.jslife.service.XMPPService(11574): startRequestQueQue ===============
D/XMPP    (11574): startConnectToOpenfire =============== mResource=A1b852863a
D/XMPP    (11574):  initBase openfire resource=A1b852863a
I/XMPP    (11574): openfire----  disconnect()
D/SMACK   (11574): 04:20:10  Connection closed (653944016)
I/UserState(11574): myJid = null receive jid=null  state=OFFLINE
D/SMACK   (11574): 04:20:10  SENT (653944016): <presence id="aQ0ir-17" type="unavailable"><c xmlns='http://jabber.org/protocol/caps' hash='sha-1' node='http://www.igniterealtime.org/projects/smack/' ver='+fIuUdRHwf5kx3DPPD8JEPN1yuE='/></presence>
D/SMACK   (11574): 04:20:10  SENT (653944016): </stream:stream>
D/EGL_adreno(11574): eglMakeCurrent: 0xad8801c0: ver 2 0 (tinfo 0xad839520)
D/WifiService( 1538): New client listening to asynchronous messages
D/baidu_location_service(11739): baidu location service register ...
D/baidu_location_service(11739): start gps...
D/gps_ld  ( 1538): set_position_mode: mode=0 recurrence=0 min_interval=1000 preferred_accuracy=0 preferred_time=0
I/gps_ld  ( 1538): serial_gps_start: called
I/gps_ld  ( 1538): GPS status: session begin! location_cb=0xb25cf3e0
I/gps_ld  ( 1538): GPS location_cb! latitude = 39.915000 longitude=116.404000
E/Ble     (11574): BluetoothLeService  onStartCommand()
D/Ble     (11574):  initialize ======================== mBluetoothManager = android.bluetooth.BluetoothManager@3b817306
D/sensor_ld( 1538): cb_setDelay handle=0 delay-ns=20000000
I/XMPP    (11574): ========
D/XMPP    (11574):  start Login Openfire userName = 13632836691;  pwd =123456;  resource =A1b852863a
I/XMPP    (11574): openfire============== OPENFIRE=jsimp.jslife.com.cn SERVICE_NAME=openfire-cloud PORT=7608  userName=13632836691  pwd=123456 ; resource=A1b852863a
I/XMPP    (11574): ----userName========13632836691 ; pwd========123456 ; resource======A1b852863a
D/XMPP    (11574): 
D/EGL_adreno(11574): eglMakeCurrent: 0xad8801c0: ver 2 0 (tinfo 0xad839520)
D/JSParkingFragment(11574): *************** onGetReverseGeoCodeResult ********************* 
D/JSParkingFragment(11574):    lattitue = 39.922703859283175 ; longitue = 116.41663820901981
D/JSParkingFragment(11574): ***onGetReverseGeoCodeResult*****:
D/JSParkingFragment(11574): ***onGetReverseGeoCodeResult*****:
D/JSParkingFragment(11574): ***onGetReverseGeoCodeResult***** canton:
D/JSParkingFragment(11574): ***onGetReverseGeoCodeResult*****:6
D/JSParkingFragment(11574):     lattitue = 39.916407665797685 ; longitue = 116.41025599548698
D/com.jieshun.jslife.parklife.JSParkingFragment(11574): bottomNewState = 0 ; BottomSheetBehavior.STATE_HIDDEN = 5
D/JSParkingFragment(11574): searchKey =  ; regionAddress = 6
D/JSParkingFragment(11574):   mCurrentSearchLat = 39.916407665797685 ; mCurrentSearchLon = 116.41025599548698
D/JSParkingFragment(11574): isFirstLoc --- true ; initData isNetConnect = true ; isVisibleToUser = false
D/XMPP    (11574): 
I/FFmpegExtractor( 1368): android-source:0xb40291c0
D/FFMPEG  ( 1368): android source begin open
D/FFMPEG  ( 1368): android open, url: android-source:0xb40291c0
D/FFMPEG  ( 1368): ffmpeg open android data source success, source ptr: 0xb40291c0
D/FFMPEG  ( 1368): android source open success
I/FFMPEG  ( 1368): Input #0, wav, from 'android-source:0xb40291c0':
I/FFMPEG  ( 1368):   Duration: 00:00:00.91, bitrate: 353 kb/s
I/FFMPEG  ( 1368):     Stream #0:0: Audio: pcm_s16le ([1][0][0][0] / 0x0001), 11025 Hz, 2 channels, s16, 352 kb/s
I/FFmpegExtractor( 1368): FFmpegExtrator, url: android-source:0xb40291c0, format_name: wav, format_long_name: WAV / WAVE (Waveform Audio)
I/FFmpegExtractor( 1368): list the formats suppoted by ffmpeg: 
I/FFmpegExtractor( 1368): ========================================
I/FFmpegExtractor( 1368): ========================================
D/FFmpegExtractor( 1368): unsuppoted codec(pcm_s16le) by official Stagefright
D/FFMPEG  ( 1368): android source close
I/FFmpegExtractor( 1368): sniff through BetterSniffFFMPEG success
D/FFmpegExtractor( 1368): ffmpeg detected media content as 'audio/x-wav' with confidence 0.88
D/NuPlayerDriver( 1368): start(0xb593a220)
I/GenericSource( 1368): start
D/NuPlayerDriver( 1368): reset(0xb593a220)
D/NuPlayerDriver( 1368): notifyResetComplete(0xb593a220)
D/SMACK   (11574): 04:20:10  SENT (951303632): <stream:stream to="openfire-cloud" xmlns="jabber:client" xmlns:stream="http://etherx.jabber.org/streams" version="1.0">
D/SMACK   (11574): 04:20:10  RCV  (951303632): <?xml version='1.0' encoding='UTF-8'?><stream:stream xmlns:stream="http://etherx.jabber.org/streams" xmlns="jabber:client" from="openfire-cloud" id="db01b7a2" xml:lang="en" version="1.0">
I/FFmpegExtractor( 1368): android-source:0xb40291c0
D/FFMPEG  ( 1368): android source begin open
D/FFMPEG  ( 1368): android open, url: android-source:0xb40291c0
D/FFMPEG  ( 1368): ffmpeg open android data source success, source ptr: 0xb40291c0
D/FFMPEG  ( 1368): android source open success
I/FFMPEG  ( 1368): Input #0, wav, from 'android-source:0xb40291c0':
I/FFMPEG  ( 1368):   Duration: 00:00:01.13, bitrate: 353 kb/s
I/FFMPEG  ( 1368):     Stream #0:0: Audio: pcm_s16le ([1][0][0][0] / 0x0001), 11025 Hz, 2 channels, s16, 352 kb/s
I/FFmpegExtractor( 1368): FFmpegExtrator, url: android-source:0xb40291c0, format_name: wav, format_long_name: WAV / WAVE (Waveform Audio)
I/FFmpegExtractor( 1368): list the formats suppoted by ffmpeg: 
I/FFmpegExtractor( 1368): ========================================
I/FFmpegExtractor( 1368): ========================================
D/FFmpegExtractor( 1368): unsuppoted codec(pcm_s16le) by official Stagefright
D/FFMPEG  ( 1368): android source close
I/FFmpegExtractor( 1368): sniff through BetterSniffFFMPEG success
D/FFmpegExtractor( 1368): ffmpeg detected media content as 'audio/x-wav' with confidence 0.88
D/NuPlayerDriver( 1368): start(0xb4028280)
I/GenericSource( 1368): start
D/NuPlayerDriver( 1368): reset(0xb4028280)
D/NuPlayerDriver( 1368): notifyResetComplete(0xb4028280)
V/libnb   (11739): enter native_bridge2_isSupported /data/app/com.jieshun.jslife-2/lib/arm/liblocSDK7b.so
V/libnb   (11739): enter native_bridge2_loadLibrary /data/app/com.jieshun.jslife-2/lib/arm/liblocSDK7b.so
D/houdini (11739): [11794] Added shared library /data/app/com.jieshun.jslife-2/lib/arm/liblocSDK7b.so for ClassLoader by Native Bridge.
V/libnb   (11739): enter native_bridge2_getTrampoline JNI_OnLoad, trampoline_addr 0x0
V/libnb   (11739): enter native_bridge2_getTrampoline Java_com_baidu_location_Jni_encodeNotLimit, trampoline_addr 0x0
V/libnb   (11739): enter native_bridge2_getTrampoline Java_com_baidu_location_Jni_encodeNotLimit__Ljava_lang_String_2I, trampoline_addr 0x0
V/libnb   (11739): enter native_bridge2_getTrampoline Java_com_baidu_location_Jni_encodeNotLimit, trampoline_addr 0x0
V/libnb   (11739): enter native_bridge2_getTrampoline Java_com_baidu_location_Jni_encodeNotLimit__Ljava_lang_String_2I, trampoline_addr 0x0
V/libnb   (11739): enter native_bridge2_getTrampoline Java_com_baidu_location_Jni_encodeNotLimit, trampoline_addr 0xb4408eac
V/libnb   (11739): enter native_bridge2_getTrampoline Java_com_baidu_location_Jni_a, trampoline_addr 0x0
V/libnb   (11739): enter native_bridge2_getTrampoline Java_com_baidu_location_Jni_a___3BI, trampoline_addr 0x0
V/libnb   (11739): enter native_bridge2_getTrampoline Java_com_baidu_location_Jni_a, trampoline_addr 0x0
V/libnb   (11739): enter native_bridge2_getTrampoline Java_com_baidu_location_Jni_a___3BI, trampoline_addr 0x0
V/libnb   (11739): enter native_bridge2_getTrampoline Java_com_baidu_location_Jni_a, trampoline_addr 0xb4408e74
V/libnb   (11739): enter native_bridge2_getTrampoline Java_com_baidu_location_Jni_murmur, trampoline_addr 0x0
V/libnb   (11739): enter native_bridge2_getTrampoline Java_com_baidu_location_Jni_murmur__Ljava_lang_String_2, trampoline_addr 0x0
V/libnb   (11739): enter native_bridge2_getTrampoline Java_com_baidu_location_Jni_murmur, trampoline_addr 0x0
V/libnb   (11739): enter native_bridge2_getTrampoline Java_com_baidu_location_Jni_murmur__Ljava_lang_String_2, trampoline_addr 0x0
V/libnb   (11739): enter native_bridge2_getTrampoline Java_com_baidu_location_Jni_murmur, trampoline_addr 0xb4408e3c
V/libnb   (11739): enter native_bridge2_getTrampoline Java_com_baidu_location_Jni_ee, trampoline_addr 0x0
V/libnb   (11739): enter native_bridge2_getTrampoline Java_com_baidu_location_Jni_ee__Ljava_lang_String_2I, trampoline_addr 0x0
V/libnb   (11739): enter native_bridge2_getTrampoline Java_com_baidu_location_Jni_ee, trampoline_addr 0x0
V/libnb   (11739): enter native_bridge2_getTrampoline Java_com_baidu_location_Jni_ee__Ljava_lang_String_2I, trampoline_addr 0x0
V/libnb   (11739): enter native_bridge2_getTrampoline Java_com_baidu_location_Jni_ee, trampoline_addr 0xb4408e04
D/SMACK   (11574): 04:20:10  RCV  (951303632): <stream:features><mechanisms xmlns="urn:ietf:params:xml:ns:xmpp-sasl"><mechanism>PLAIN</mechanism><mechanism>ANONYMOUS</mechanism></mechanisms><compression xmlns="http://jabber.org/features/compress"><method>zlib</method></compression><auth xmlns="http://jabber.org/features/iq-auth"/><register xmlns="http://jabber.org/features/iq-register"/></stream:features>
D/SMACK   (11574): 04:20:10  SENT (951303632): <auth mechanism="PLAIN" xmlns="urn:ietf:params:xml:ns:xmpp-sasl">MTM2MzI4MzY2OTEAMTM2MzI4MzY2OTEAMTIzNDU2</auth>
V/libnb   (11739): enter native_bridge2_getTrampoline Java_com_baidu_location_Jni_c, trampoline_addr 0x0
V/libnb   (11739): enter native_bridge2_getTrampoline Java_com_baidu_location_Jni_c___3BI, trampoline_addr 0x0
V/libnb   (11739): enter native_bridge2_getTrampoline Java_com_baidu_location_Jni_c, trampoline_addr 0x0
V/libnb   (11739): enter native_bridge2_getTrampoline Java_com_baidu_location_Jni_c___3BI, trampoline_addr 0x0
V/libnb   (11739): enter native_bridge2_getTrampoline Java_com_baidu_location_Jni_c, trampoline_addr 0xb4408dcc
D/SMACK   (11574): 04:20:10  RCV  (951303632): <success xmlns="urn:ietf:params:xml:ns:xmpp-sasl"/>
D/SMACK   (11574): 04:20:10  SENT (951303632): <stream:stream to="openfire-cloud" xmlns="jabber:client" xmlns:stream="http://etherx.jabber.org/streams" version="1.0">
D/SMACK   (11574): 04:20:10  RCV  (951303632): <?xml version='1.0' encoding='UTF-8'?><stream:stream xmlns:stream="http://etherx.jabber.org/streams" xmlns="jabber:client" from="openfire-cloud" id="db01b7a2" xml:lang="en" version="1.0"><stream:features><compression xmlns="http://jabber.org/features/compress"><method>zlib</method></compression><bind xmlns="urn:ietf:params:xml:ns:xmpp-bind"/><session xmlns="urn:ietf:params:xml:ns:xmpp-session"><optional/></session></stream:features>
D/SMACK   (11574): 04:20:10  SENT (951303632): <iq id="aQ0ir-18" type="set"><bind xmlns="urn:ietf:params:xml:ns:xmpp-bind"><resource>A1b852863a</resource></bind></iq>
I/CallbackListener(11574): xmppQueQue==========
D/SMACK   (11574): 04:20:10  RCV  (951303632): <iq type="result" id="aQ0ir-18" to="openfire-cloud/db01b7a2"><bind xmlns="urn:ietf:params:xml:ns:xmpp-bind"><jid>13632836691@openfire-cloud/A1b852863a</jid></bind></iq>
D/SMACK   (11574): 04:20:10  SENT (951303632): <iq id="aQ0ir-19" type="set"><session xmlns="urn:ietf:params:xml:ns:xmpp-session"/></iq>
D/ld_audio_hw( 1368): lineFun, out_standby
D/ld_audio_hw( 1368): ld_close_output_stream, dev=0xb5875240, stream =0xb584a660
D/ld_audio_hw( 1368): ld_close_output_stream, stream=0xb584a660,  success!
D/SMACK   (11574): 04:20:10  RCV  (951303632): <iq type="result" id="aQ0ir-19" to="13632836691@openfire-cloud/A1b852863a"/>
D/SMACK   (11574): User logged (951303632): 13632836691@openfire-cloud@openfire-cloud:7608/A1b852863a
D/SMACK   (11574): 04:20:10  SENT (951303632): <iq id="aQ0ir-20" type="get"><query xmlns="jabber:iq:roster" ></query></iq>
D/SMACK   (11574): 04:20:10  SENT (951303632): <presence id="aQ0ir-21"><c xmlns='http://jabber.org/protocol/caps' hash='sha-1' node='http://www.igniterealtime.org/projects/smack/' ver='7lnSSYLFNPR++Qc5cZmId14cl4U='/></presence>
D/SMACK   (11574): 04:20:10  SENT (951303632): <presence id="aQ0ir-22"><c xmlns='http://jabber.org/protocol/caps' hash='sha-1' node='http://www.igniterealtime.org/projects/smack/' ver='30o3W0G3RxzdAvCCb8fB1Jc5dy0='/></presence>
D/SMACK   (11574): 04:20:10  SENT (951303632): <presence id="aQ0ir-23"><c xmlns='http://jabber.org/protocol/caps' hash='sha-1' node='http://www.igniterealtime.org/projects/smack/' ver='LXzMKGdgC6np5NqNvUDZmGNt7R8='/></presence>
I/XMPP    (11574): loginToOpenfire==============  openfire isSuccess:  true
I/XMPP    (11574): my jid = 13632836691@openfire-cloud/A1b852863a
I/XMPP    (11574):   login  success!=============== userName=13632836691  pwd=123456
D/SMACK   (11574): 04:20:10  SENT (951303632): <presence id="aQ0ir-24"><c xmlns='http://jabber.org/protocol/caps' hash='sha-1' node='http://www.igniterealtime.org/projects/smack/' ver='+fIuUdRHwf5kx3DPPD8JEPN1yuE='/></presence>
D/SMACK   (11574): 04:20:10  RCV  (951303632): <iq type="result" id="aQ0ir-20" to="13632836691@openfire-cloud/A1b852863a"><query xmlns="jabber:iq:roster"><item jid="formal_cloud_jsh@openfire-cloud" name="formal_cloud_jsh" subscription="both"/></query></iq>
I/http    (11574): ----> 
I/CallbackListener(11574): requestMap add  activity = com.jieshun.jslife.activity.common.UpdateApkLogic$2@15c2a5f5  serviceId = JSCSP_VERSION_GETNEWVERSION
I/CallbackListener(11574): xmppQueQue=========1
D/SMACK   (11574): 04:20:10  SENT (951303632): <iq id="-i1kjh3_3" to="formal_cloud_jsh@openfire-cloud/master" type="get"><dreq xmlns="xmpp:iq:shunt"><cnt>{&quot;attributes&quot;:{},&quot;dataItems&quot;:[{&quot;attributes&quot;:{&quot;mobileModels&quot;:&quot;ANDROID&quot;,&quot;versionType&quot;:&quot;JSLIFE&quot;},&quot;failItems&quot;:[],&quot;objectId&quot;:&quot;objID&quot;,&quot;operateType&quot;:&quot;READ&quot;,&quot;subItems&quot;:[]}],&quot;requestType&quot;:&quot;DIRECTIVE&quot;,&quot;seqId&quot;:&quot;-i1kjh3_3&quot;,&quot;serviceId&quot;:&quot;JSCSP_VERSION_GETNEWVERSION&quot;}</cnt><crc>-1955151652</crc><mode>ASYNC</mode><type>DIRECTIVE</type></dreq></iq>
D/XMPP    (11574): XMPP------> JSCSP_VERSION_GETNEWVERSION ---> : {"attributes":{},"dataItems":[{"attributes":{"mobileModels":"ANDROID","versionType":"JSLIFE"},"failItems":[],"objectId":"objID","operateType":"READ","subItems":[]}],"requestType":"DIRECTIVE","seqId":"-i1kjh3_3","serviceId":"JSCSP_VERSION_GETNEWVERSION"}
D/SMACK   (11574): 04:20:10  RCV  (951303632): <presence id="pDM9M-25" from="13632836691@openfire-cloud/A1b117b2fb" to="13632836691@openfire-cloud/A1b852863a"><c xmlns="http://jabber.org/protocol/caps" hash="sha-1" node="http://www.igniterealtime.org/projects/smack/" ver="+fIuUdRHwf5kx3DPPD8JEPN1yuE="/></presence><presence id="aQ0ir-21" from="13632836691@openfire-cloud/A1b852863a" to="13632836691@openfire-cloud/A1b852863a"><c xmlns="http://jabber.org/protocol/caps" hash="sha-1" node="http://www.igniterealtime.org/projects/smack/" ver="7lnSSYLFNPR++Qc5cZmId14cl4U="/></presence><presence id="mFh6g-325702" from="formal_cloud_jsh@openfire-cloud/master" to="13632836691@openfire-cloud/A1b852863a"/><presence id="6VDE2-287624" from="formal_cloud_jsh@openfire-cloud/slave" to="13632836691@openfire-cloud/A1b852863a"/><iq type="get" id="376-1398556" to="13632836691@openfire-cloud/A1b852863a" from="openfire-cloud"><query xmlns="http://jabber.org/protocol/disco#info"/></iq><iq type="get" id="864-1398557" to="13632836691@openfire-cloud/A1b852863a" from="openfire-cloud"><query xmlns="http://jabber.org/protocol/disco#info"/></iq>
I/UserState(11574): myJid = 13632836691@openfire-cloud/A1b852863a receive jid=13632836691@openfire-cloud/A1b117b2fb  state=ONLINE
I/UserState(11574): myJid = 13632836691@openfire-cloud/A1b852863a receive jid=13632836691@openfire-cloud/A1b852863a  state=ONLINE
D/UserState(11574): , i'm  online jid = 13632836691@openfire-cloud/A1b852863a
I/UserState(11574): myJid = 13632836691@openfire-cloud/A1b852863a receive jid=formal_cloud_jsh@openfire-cloud/master  state=ONLINE
I/UserState(11574): myJid = 13632836691@openfire-cloud/A1b852863a receive jid=formal_cloud_jsh@openfire-cloud/slave  state=ONLINE
D/SMACK   (11574): 04:20:10  SENT (951303632): <iq id="376-1398556" to="openfire-cloud" type="result"><query xmlns="http://jabber.org/protocol/disco#info"><identity category="client" name="Smack" type="pc"/><feature var="http://jabber.org/protocol/caps"/><feature var="urn:xmpp:ping"/><feature var="http://jabber.org/protocol/bytestreams"/><feature var="http://jabber.org/protocol/ibb"/><feature var="http://jabber.org/protocol/si"/><feature var="http://jabber.org/protocol/si/profile/file-transfer"/></query></iq>
D/SMACK   (11574): 04:20:10  SENT (951303632): <iq id="864-1398557" to="openfire-cloud" type="result"><query xmlns="http://jabber.org/protocol/disco#info"><identity category="client" name="Smack" type="pc"/><feature var="http://jabber.org/protocol/caps"/><feature var="urn:xmpp:ping"/><feature var="http://jabber.org/protocol/bytestreams"/><feature var="http://jabber.org/protocol/ibb"/><feature var="http://jabber.org/protocol/si"/><feature var="http://jabber.org/protocol/si/profile/file-transfer"/></query></iq>
D/SMACK   (11574): 04:20:10  RCV  (951303632): <iq id="-i1kjh3_3" to="13632836691@openfire-cloud/A1b852863a" from="formal_cloud_jsh@openfire-cloud/master" type="result"><dres xmlns="xmpp:iq:shunt"><cnt>{"attributes":{},"dataItems":[{"attributes":{"id":"7f1a50e9c76b41919f4c06d46abe15db","fileSize":"33288516","updateTime":"2018-08-21 17:24:47","verionInfo":"2018.08.21\r\nV3.2.3\r\n1. \r\n2. bug","name":"V3.2.3","versionNo":"302030","downloadUrl":"http://www.jslife.com.cn:80/jsstApp/app/appVersionAction!downloadAppVersion.action?savePath=jsLife_build_V3.2.3_20180821_01_5ad1b1b1_enc_signed_Aligned_302030.apk","mobileModels":"ANDROID","minVersionNo":302030,"versionType":"JSLIFE","isForced":"FALSE"},"failItems":[],"objectId":"","operateType":"READ","subItems":[]}],"resultCode":0,"seqId":"-i1kjh3_3","serviceId":"JSCSP_VERSION_GETNEWVERSION"}</cnt><crc>1879336838</crc><rc>0</rc><sync>false</sync></dres></iq>
I/CallbackListener(11574): requestMap  remove  serviceId = JSCSP_VERSION_GETNEWVERSION in = com.jieshun.jslife.activity.common.UpdateApkLogic$2@15c2a5f5
D/XMPP    (11574): : {"attributes":{},"dataItems":[{"attributes":{"downloadUrl":"http://www.jslife.com.cn:80/jsstApp/app/appVersionAction!downloadAppVersion.action?savePath=jsLife_build_V3.2.3_20180821_01_5ad1b1b1_enc_signed_Aligned_302030.apk","fileSize":"33288516","id":"7f1a50e9c76b41919f4c06d46abe15db","isForced":"FALSE","minVersionNo":302030,"mobileModels":"ANDROID","name":"V3.2.3","updateTime":"2018-08-21 17:24:47","verionInfo":"2018.08.21\r\nV3.2.3\r\n1. \r\n2. bug","versionNo":"302030","versionType":"JSLIFE"},"failItems":[],"objectId":"","operateType":"READ","subItems":[]}],"resultCode":0,"seqId":"-i1kjh3_3","serviceId":"JSCSP_VERSION_GETNEWVERSION"}
D/XMPP    (11574): checkVersion===========  = false ;  versionNo= 302030 ;  localVersionNo= 302030;  == true; updateVersionNo =302030
D/com.jieshun.jslife.utils.DownloadFileUtils(11574):  : com.jieshun.jslife.activity.common.UpdateApkLogic$1@232edf3a
D/com.jieshun.jslife.utils.DownloadFileUtils(11574):   downloadUrl=http://www.jslife.com.cn:80/jsstApp/app/appVersionAction!downloadAppVersion.action?savePath=jsLife_build_V3.2.3_20180821_01_5ad1b1b1_enc_signed_Aligned_302030.apk  filePath=/storage/emulated/0/.jieshun/.cache/.file/ fileName=jslife_V3.2.3.apk threadCount=1
D/appium  ( 4648):  ERROR: null root node returned by UiTestAutomationBridge, retrying: 0
I/appium  ( 4648): AppiumResponse: {"sessionId":"218c696f-001b-462e-aef6-dde4a6021e49","status":0,"value":{"ELEMENT":"142c8289-6585-4683-bc64-ad13ed968faa"}}
I/appium  ( 4648): channel read invoked!
I/appium  ( 4648): channel read: POST /wd/hub/session/218c696f-001b-462e-aef6-dde4a6021e49/element
I/appium  ( 4648): Find element command
D/appium  ( 4648): payload: {"strategy":"id","selector":"com.jieshun.jslife:id/tv_user_page","context":"","multiple":false}
I/appium  ( 4648): find element command using 'id' with selector 'com.jieshun.jslife:id/tv_user_page'.
I/appium  ( 4648): AppiumResponse: {"sessionId":"218c696f-001b-462e-aef6-dde4a6021e49","status":0,"value":{"ELEMENT":"f59a139f-4d1f-47a0-8054-21862aea8f79"}}
I/appium  ( 4648): channel read invoked!
I/appium  ( 4648): channel read: POST /wd/hub/session/218c696f-001b-462e-aef6-dde4a6021e49/element/f59a139f-4d1f-47a0-8054-21862aea8f79/click
D/appium  ( 4648): payload: {"element":"f59a139f-4d1f-47a0-8054-21862aea8f79"}
I/appium  ( 4648): Click element command
